Archive member included because of file (symbol)

C:/ISIS/workspace/GlobusSatProject2/satellite-subsystems/demo/..//satellite-subsystems/lib\libSatelliteSubsystems.a(IsisTRXUV.o)
                              ./src/Demos/IsisTRXUVdemo.o (IsisTrxuv_initialize)
C:/ISIS/workspace/GlobusSatProject2/satellite-subsystems/demo/..//satellite-subsystems/lib\libSatelliteSubsystems.a(IsisMTQv2.o)
                              ./src/Demos/IsisMTQv2demo.o (IsisMTQv2_initialize)
C:/ISIS/workspace/GlobusSatProject2/satellite-subsystems/demo/..//satellite-subsystems/lib\libSatelliteSubsystems.a(imepsv2_piu.o)
                              ./src/Demos/isis_eps_demo.o (IMEPSV2_PIU_Init)
C:/ISIS/workspace/GlobusSatProject2/satellite-subsystems/demo/..//satellite-subsystems/lib\libSatelliteSubsystems.a(isis_ants2.o)
                              ./src/Demos/isis_ants2_demo.o (ISIS_ANTS2_Init)
C:/ISIS/workspace/GlobusSatProject2/satellite-subsystems/demo/..//satellite-subsystems/lib\libSatelliteSubsystems.a(IsisAntS.o)
                              ./src/Demos/IsisAntSdemo.o (IsisAntS_initialize)
C:/ISIS/workspace/GlobusSatProject2/satellite-subsystems/demo/..//satellite-subsystems/lib\libSatelliteSubsystems.a(IsisTRXCommon.o)
                              C:/ISIS/workspace/GlobusSatProject2/satellite-subsystems/demo/..//satellite-subsystems/lib\libSatelliteSubsystems.a(IsisTRXUV.o) (IsisTrxCommon_componentReset)
C:/ISIS/workspace/GlobusSatProject2/satellite-subsystems/demo/..//satellite-subsystems/lib\libSatelliteSubsystems.a(GomEPS.o)
                              ./src/Demos/GomEPSdemo.o (GomEpsInitialize)
C:/ISIS/workspace/GlobusSatProject2/satellite-subsystems/demo/..//satellite-subsystems/lib\libSatelliteSubsystems.a(cspaceADCS.o)
                              ./src/Demos/cspaceADCSdemo.o (cspaceADCS_initialize)
C:/ISIS/workspace/GlobusSatProject2/satellite-subsystems/demo/..//satellite-subsystems/lib\libSatelliteSubsystems.a(IsisSolarPanel.o)
                              ./src/Demos/IsisSPdemo.o (IsisSolarPanel_getTemperature)
C:/ISIS/workspace/GlobusSatProject2/satellite-subsystems/demo/..//satellite-subsystems/lib\libSatelliteSubsystems.a(IsisTRXVU.o)
                              ./src/Demos/IsisTRXVUdemo.o (IsisTrxvu_initialize)
C:/ISIS/workspace/GlobusSatProject2/satellite-subsystems/demo/..//satellite-subsystems/lib\libSatelliteSubsystems.a(isis_hstxs.o)
                              ./src/Demos/IsisHSTxSdemo.o (ISIS_HSTXS_Init)
C:/ISIS/workspace/GlobusSatProject2/satellite-subsystems/demo/..//satellite-subsystems/lib\libSatelliteSubsystems.a(IsisMTQv1.o)
                              ./src/Demos/IsisMTQv1demo.o (isisMTQv1_initialize)
C:/ISIS/workspace/GlobusSatProject2/satellite-subsystems/demo/..//satellite-subsystems/lib\libSatelliteSubsystems.a(IsisSolarPanelv2.o)
                              ./src/Demos/IsisSPv2demo.o (IsisSolarPanelv2_initialize)
C:/ISIS/workspace/GlobusSatProject2/satellite-subsystems/demo/..//satellite-subsystems/lib\libSatelliteSubsystems.a(version.o)
                              ./src/main.o (SatelliteSubsystemsVersionRevision)
C:/ISIS/workspace/GlobusSatProject2/satellite-subsystems/demo/..//satellite-subsystems/lib\libSatelliteSubsystems.a(gecko_driver.o)
                              ./src/Demos/ScsGeckoDemo.o (GECKO_SetReg)
C:/ISIS/workspace/GlobusSatProject2/satellite-subsystems/demo/..//satellite-subsystems/lib\libSatelliteSubsystems.a(gecko_use_cases.o)
                              ./src/Demos/ScsGeckoDemo.o (GECKO_UC_Init)
c:/isis/application/toolchain/bin/../lib/gcc/arm-none-eabi/4.7.4/../../../../arm-none-eabi/lib\libm.a(lib_a-w_exp.o)
                              ./src/Demos/common.o (exp)
c:/isis/application/toolchain/bin/../lib/gcc/arm-none-eabi/4.7.4/../../../../arm-none-eabi/lib\libm.a(lib_a-w_log.o)
                              C:/ISIS/workspace/GlobusSatProject2/satellite-subsystems/demo/..//satellite-subsystems/lib\libSatelliteSubsystems.a(gecko_driver.o) (log)
c:/isis/application/toolchain/bin/../lib/gcc/arm-none-eabi/4.7.4/../../../../arm-none-eabi/lib\libm.a(lib_a-e_exp.o)
                              c:/isis/application/toolchain/bin/../lib/gcc/arm-none-eabi/4.7.4/../../../../arm-none-eabi/lib\libm.a(lib_a-w_exp.o) (__ieee754_exp)
c:/isis/application/toolchain/bin/../lib/gcc/arm-none-eabi/4.7.4/../../../../arm-none-eabi/lib\libm.a(lib_a-e_log.o)
                              c:/isis/application/toolchain/bin/../lib/gcc/arm-none-eabi/4.7.4/../../../../arm-none-eabi/lib\libm.a(lib_a-w_log.o) (__ieee754_log)
c:/isis/application/toolchain/bin/../lib/gcc/arm-none-eabi/4.7.4/../../../../arm-none-eabi/lib\libm.a(lib_a-s_finite.o)
                              c:/isis/application/toolchain/bin/../lib/gcc/arm-none-eabi/4.7.4/../../../../arm-none-eabi/lib\libm.a(lib_a-w_exp.o) (finite)
c:/isis/application/toolchain/bin/../lib/gcc/arm-none-eabi/4.7.4/../../../../arm-none-eabi/lib\libm.a(lib_a-s_fpclassify.o)
[...]
Memory Configuration

Name             Origin             Length             Attributes
sram0            0x00200000         0x00004000         w !xr
sram1            0x00300000         0x00004000         w !xr
sdram            0x20000000         0x02000000         w !xr
*default*        0x00000000         0xffffffff

Linker script and memory map

LOAD c:/isis/application/toolchain/bin/../lib/gcc/arm-none-eabi/4.7.4/../../../../arm-none-eabi/lib\libc.a
LOAD ./src/Demos/GomEPSdemo.o
LOAD ./src/Demos/IsisAntSdemo.o
LOAD ./src/Demos/IsisHSTxSdemo.o
LOAD ./src/Demos/IsisMTQv1demo.o
LOAD ./src/Demos/IsisMTQv2demo.o
LOAD ./src/Demos/IsisSPdemo.o
LOAD ./src/Demos/IsisSPv2demo.o
LOAD ./src/Demos/IsisTRXUVdemo.o
LOAD ./src/Demos/IsisTRXVUdemo.o
LOAD ./src/Demos/ScsGeckoDemo.o
LOAD ./src/Demos/common.o
LOAD ./src/Demos/cspaceADCSdemo.o
LOAD ./src/Demos/input.o
LOAD ./src/Demos/isis_ants2_demo.o
LOAD ./src/Demos/isis_eps_demo.o
LOAD ./src/Demos/tausat2_pdhudemo.o
LOAD ./src/Demos/trxvu_frame_ready.o
LOAD ./src/main.o
LOAD C:/ISIS/workspace/GlobusSatProject2/satellite-subsystems/demo/..//satellite-subsystems/lib\libSatelliteSubsystems.a
LOAD c:/isis/application/toolchain/bin/../lib/gcc/arm-none-eabi/4.7.4/../../../../arm-none-eabi/lib\libm.a
LOAD C:/ISIS/workspace/GlobusSatProject2/satellite-subsystems/demo/../..//hal/hcc/lib\libHCC.a
LOAD C:/ISIS/workspace/GlobusSatProject2/satellite-subsystems/demo/../..//hal/hal/lib\libHAL.a
LOAD C:/ISIS/workspace/GlobusSatProject2/satellite-subsystems/demo/../..//hal/freertos/lib\libFreeRTOS.a
LOAD C:/ISIS/workspace/GlobusSatProject2/satellite-subsystems/demo/../..//hal/at91/lib\libAt91.a
START GROUP
LOAD c:/isis/application/toolchain/bin/../lib/gcc/arm-none-eabi/4.7.4\libgcc.a
LOAD c:/isis/application/toolchain/bin/../lib/gcc/arm-none-eabi/4.7.4/../../../../arm-none-eabi/lib\libc.a
END GROUP

.fixed          0x20000000    0x23298
                0x20000000                . = ALIGN (0x4)
                0x20000000                _sfixed = .
 *(.startup)
 .startup       0x20000000      0x184 C:/ISIS/workspace/GlobusSatProject2/satellite-subsystems/demo/../..//hal/at91/lib\libAt91.a(board_cstartup.o)
                0x20000000                entry
 *(.text)
 .text          0x20000184       0x64 C:/ISIS/workspace/GlobusSatProject2/satellite-subsystems/demo/../..//hal/at91/lib\libAt91.a(cp15_asm.o)
                0x20000184                _readControlRegister
                0x20000190                _writeControlRegister
                0x20000198                _waitForInterrupt
                0x200001a4                _writeTTB
                0x200001ac                _writeDomain
                0x200001b4                _writeITLBLockdown
                0x200001bc                _prefetchICacheLine
                0x200001c4                _flushDCache
                0x200001d0                _flushWriteBuffer
                0x200001dc                _invalidateIDTLBs
 .text          0x200001e8      0x114 c:/isis/application/toolchain/bin/../lib/gcc/arm-none-eabi/4.7.4\libgcc.a(_udivsi3.o)
                0x200001e8                __aeabi_uidiv
                0x200001e8                __udivsi3
                0x200002dc                __aeabi_uidivmod
 .text          0x200002fc      0x148 c:/isis/application/toolchain/bin/../lib/gcc/arm-none-eabi/4.7.4\libgcc.a(_divsi3.o)
                0x200002fc                __divsi3
                0x200002fc                __aeabi_idiv
                0x20000424                __aeabi_idivmod
 .text          0x20000444        0x4 c:/isis/application/toolchain/bin/../lib/gcc/arm-none-eabi/4.7.4\libgcc.a(_dvmd_tls.o)
                0x20000444                __aeabi_idiv0
                0x20000444                __aeabi_ldiv0
 .text          0x20000448      0x41c c:/isis/application/toolchain/bin/../lib/gcc/arm-none-eabi/4.7.4\libgcc.a(_arm_addsubdf3.o)
                0x20000448                __aeabi_drsub
                0x20000450                __aeabi_dsub
                0x20000450                __subdf3
                0x20000454                __aeabi_dadd
                0x20000454                __adddf3
                0x20000764                __floatunsidf
                0x20000764                __aeabi_ui2d
                0x20000788                __floatsidf
                0x20000788                __aeabi_i2d
                0x200007b0                __aeabi_f2d
                0x200007b0                __extendsfdf2
                0x200007f0                __floatundidf
                0x200007f0                __aeabi_ul2d
                0x20000804                __floatdidf
                0x20000804                __aeabi_l2d
 .text          0x20000864      0x49c c:/isis/application/toolchain/bin/../lib/gcc/arm-none-eabi/4.7.4\libgcc.a(_arm_muldivdf3.o)
                0x20000864                __aeabi_dmul
                0x20000864                __muldf3
                0x20000af4                __divdf3
                0x20000af4                __aeabi_ddiv
 .text          0x20000d00      0x144 c:/isis/application/toolchain/bin/../lib/gcc/arm-none-eabi/4.7.4\libgcc.a(_arm_cmpdf2.o)
                0x20000d00                __gtdf2
                0x20000d00                __gedf2
                0x20000d08                __ltdf2
                0x20000d08                __ledf2
                0x20000d10                __nedf2
                0x20000d10                __eqdf2
                0x20000d10                __cmpdf2
                0x20000d98                __aeabi_cdrcmple
                0x20000db4                __aeabi_cdcmpeq
                0x20000db4                __aeabi_cdcmple
                0x20000dcc                __aeabi_dcmpeq
                0x20000de4                __aeabi_dcmplt
                0x20000dfc                __aeabi_dcmple
                0x20000e14                __aeabi_dcmpge
                0x20000e2c                __aeabi_dcmpgt
 .text          0x20000e44       0x5c c:/isis/application/toolchain/bin/../lib/gcc/arm-none-eabi/4.7.4\libgcc.a(_arm_fixdfsi.o)
                0x20000e44                __aeabi_d2iz
                0x20000e44                __fixdfsi
 .text          0x20000ea0       0x54 c:/isis/application/toolchain/bin/../lib/gcc/arm-none-eabi/4.7.4\libgcc.a(_arm_fixunsdfsi.o)
                0x20000ea0                __aeabi_d2uiz
                0x20000ea0                __fixunsdfsi
 .text          0x20000ef4       0xa0 c:/isis/application/toolchain/bin/../lib/gcc/arm-none-eabi/4.7.4\libgcc.a(_arm_truncdfsf2.o)
                0x20000ef4                __truncdfsf2
                0x20000ef4                __aeabi_d2f
 .text          0x20000f94      0x2ac c:/isis/application/toolchain/bin/../lib/gcc/arm-none-eabi/4.7.4\libgcc.a(_arm_addsubsf3.o)
                0x20000f94                __aeabi_frsub
                0x20000f9c                __subsf3
                0x20000f9c                __aeabi_fsub
                0x20000fa0                __aeabi_fadd
                0x20000fa0                __addsf3
                0x2000115c                __aeabi_ui2f
                0x2000115c                __floatunsisf
                0x20001164                __aeabi_i2f
                0x20001164                __floatsisf
                0x20001184                __aeabi_ul2f
                0x20001184                __floatundisf
                0x20001194                __aeabi_l2f
                0x20001194                __floatdisf
 .text          0x20001240      0x2f8 c:/isis/application/toolchain/bin/../lib/gcc/arm-none-eabi/4.7.4\libgcc.a(_arm_muldivsf3.o)
                0x20001240                __mulsf3
                0x20001240                __aeabi_fmul
                0x200013d8                __aeabi_fdiv
                0x200013d8                __divsf3
 .text          0x20001538       0x3c c:/isis/application/toolchain/bin/../lib/gcc/arm-none-eabi/4.7.4\libgcc.a(_aeabi_uldivmod.o)
                0x20001538                __aeabi_uldivmod
 .text          0x20001574       0x84 c:/isis/application/toolchain/bin/../lib/gcc/arm-none-eabi/4.7.4\libgcc.a(bpabi.o)
                0x20001574                __gnu_ldivmod_helper
                0x200015b8                __gnu_uldivmod_helper
 .text          0x200015f8      0x4f0 c:/isis/application/toolchain/bin/../lib/gcc/arm-none-eabi/4.7.4\libgcc.a(_divdi3.o)
                0x200015f8                __divdi3
 .text          0x20001ae8      0x488 c:/isis/application/toolchain/bin/../lib/gcc/arm-none-eabi/4.7.4\libgcc.a(_udivdi3.o)
                0x20001ae8                __udivdi3
 .text          0x20001f70       0x48 c:/isis/application/toolchain/bin/../lib/gcc/arm-none-eabi/4.7.4\libgcc.a(_clzsi2.o)
                0x20001f70                __clzsi2
 *(.text*)
 .text.printDeploymentStatus
                0x20001fb8       0x38 ./src/Demos/IsisAntSdemo.o
 .text.getStatusAntSTest
                0x20001ff0       0xe8 ./src/Demos/IsisAntSdemo.o
 .text.telemAntSTest
                0x200020d8      0x108 ./src/Demos/IsisAntSdemo.o
 .text.setARMStatus
                0x200021e0       0xdc ./src/Demos/IsisAntSdemo.o
 .text.autoDeploymentAntSTest
                0x200022bc       0xb0 ./src/Demos/IsisAntSdemo.o
 .text.manualDeploymentAntSTest
                0x2000236c       0xf8 ./src/Demos/IsisAntSdemo.o
 .text.selectAndExecuteAntSDemoTest
                0x20002464      0x350 ./src/Demos/IsisAntSdemo.o
                0x20002464                selectAndExecuteAntSDemoTest
 .text.AntStest
                0x200027b4       0x80 ./src/Demos/IsisAntSdemo.o
                0x200027b4                AntStest
 .text.IsisHSTxSdemoInit
                0x20002834       0x64 ./src/Demos/IsisHSTxSdemo.o
                0x20002834                IsisHSTxSdemoInit
 .text.IsisHSTxSdemoLoop
                0x20002898      0xb94 ./src/Demos/IsisHSTxSdemo.o
                0x20002898                IsisHSTxSdemoLoop
 .text.IsisHSTxSdemoMain
                0x2000342c       0x1c ./src/Demos/IsisHSTxSdemo.o
                0x2000342c                IsisHSTxSdemoMain
 .text.HSTxStest
                0x20003448       0x10 ./src/Demos/IsisHSTxSdemo.o
                0x20003448                HSTxStest
 .text._parse_resp
                0x20003458      0x13c ./src/Demos/IsisMTQv2demo.o
 .text._parse_selftest_step
                0x20003594      0x388 ./src/Demos/IsisMTQv2demo.o
 .text._get_axis_inputs
                0x2000391c      0x194 ./src/Demos/IsisMTQv2demo.o
 .text._startSelfTest
                0x20003ab0      0x1a8 ./src/Demos/IsisMTQv2demo.o
 .text._getSelftestDataAllAxis
                0x20003c58      0x190 ./src/Demos/IsisMTQv2demo.o
 .text.IsisMTQv2demoInit
                0x20003de8       0x5c ./src/Demos/IsisMTQv2demo.o
                0x20003de8                IsisMTQv2demoInit
 .text.IsisMTQv2demoLoop
                0x20003e44     0x1604 ./src/Demos/IsisMTQv2demo.o
                0x20003e44                IsisMTQv2demoLoop
 .text.IsisMTQv2demoMain
                0x20005448       0x1c ./src/Demos/IsisMTQv2demo.o
                0x20005448                IsisMTQv2demoMain
 .text.IsisMTQv2test
                0x20005464       0x10 ./src/Demos/IsisMTQv2demo.o
                0x20005464                IsisMTQv2test
 .text.SolarPanelv2_Temperature
                0x20005474       0x9c ./src/Demos/IsisSPv2demo.o
                0x20005474                SolarPanelv2_Temperature
 .text.selectAndExecuteSolarPanelsv2DemoTest
                0x20005510       0x6c ./src/Demos/IsisSPv2demo.o
                0x20005510                selectAndExecuteSolarPanelsv2DemoTest
 .text.SolarPanelsv2_mainDemo
                0x2000557c       0x14 ./src/Demos/IsisSPv2demo.o
                0x2000557c                SolarPanelsv2_mainDemo
 .text.SolarPanelv2test
                0x20005590       0x74 ./src/Demos/IsisSPv2demo.o
                0x20005590                SolarPanelv2test
 .text.vurc_revDInterruptCallback
                0x20005604       0x38 ./src/Demos/IsisTRXVUdemo.o
 .text._WatchDogKickTask
                0x2000563c       0x2c ./src/Demos/IsisTRXVUdemo.o
 .text.IsisTRXVUdemoInit
                0x20005668       0xc0 ./src/Demos/IsisTRXVUdemo.o
                0x20005668                IsisTRXVUdemoInit
 .text.IsisTRXVUdemoLoop
                0x20005728      0xcdc ./src/Demos/IsisTRXVUdemo.o
                0x20005728                IsisTRXVUdemoLoop
 .text.IsisTRXVUdemoMain
                0x20006404       0x1c ./src/Demos/IsisTRXVUdemo.o
                0x20006404                IsisTRXVUdemoMain
 .text.TRXVUtest
                0x20006420       0x10 ./src/Demos/IsisTRXVUdemo.o
                0x20006420                TRXVUtest
 .text.ing_interact
                0x20006430      0x24c ./src/Demos/common.o
                0x20006430                ing_interact
 .text.ing_parse
                0x2000667c      0x448 ./src/Demos/common.o
                0x2000667c                ing_parse
 .text.ing      0x20006ac4       0x5c ./src/Demos/common.o
                0x20006ac4                ing
 .text.config_param_info
                0x20006b20      0x754 ./src/Demos/common.o
                0x20006b20                config_param_info
 .text.print_error
                0x20007274       0x38 ./src/Demos/common.o
                0x20007274                print_error
 .text._GetInput
                0x200072ac       0x84 ./src/Demos/input.o
 .text.INPUT_GetINT8
                0x20007330       0x98 ./src/Demos/input.o
                0x20007330                INPUT_GetINT8
 .text._print_eps_response
                0x200073c8       0x6c ./src/Demos/isis_eps_demo.o
 .text.isis_eps__demo__init
                0x20007434       0xac ./src/Demos/isis_eps_demo.o
                0x20007434                isis_eps__demo__init
 .text.isis_eps__demo__loop
                0x200074e0      0xbfc ./src/Demos/isis_eps_demo.o
                0x200074e0                isis_eps__demo__loop
 .text.isis_eps__demo__main
                0x200080dc       0x1c ./src/Demos/isis_eps_demo.o
                0x200080dc                isis_eps__demo__main
 .text.isis_eps__test
                0x200080f8        0x4 ./src/Demos/isis_eps_demo.o
                0x200080f8                isis_eps__test
 .text.TAUSAT2PdhuDemoInit
                0x200080fc       0x20 ./src/Demos/tausat2_pdhudemo.o
                0x200080fc                TAUSAT2PdhuDemoInit
 .text.TAUSAT2PdhuDemoLoop
                0x2000811c      0x4ec ./src/Demos/tausat2_pdhudemo.o
                0x2000811c                TAUSAT2PdhuDemoLoop
 .text.TAUSAT2PdhuDemoMain
                0x20008608       0x1c ./src/Demos/tausat2_pdhudemo.o
                0x20008608                TAUSAT2PdhuDemoMain
 .text._Handler
                0x20008624       0x24 ./src/Demos/trxvu_frame_ready.o
 .text.TRXVU_FR_Enable
                0x20008648       0x44 ./src/Demos/trxvu_frame_ready.o
                0x20008648                TRXVU_FR_Enable
 .text.TRXVU_FR_Disable
                0x2000868c        0xc ./src/Demos/trxvu_frame_ready.o
                0x2000868c                TRXVU_FR_Disable
 .text.TRXVU_FR_IsReady
                0x20008698       0x14 ./src/Demos/trxvu_frame_ready.o
                0x20008698                TRXVU_FR_IsReady
 .text.selectAndExecuteTest
                0x200086ac      0x138 ./src/main.o
                0x200086ac                selectAndExecuteTest
 .text.taskMain
                0x200087e4       0x38 ./src/main.o
                0x200087e4                taskMain
 .text.startup.main
                0x2000881c      0x1f4 ./src/main.o
                0x2000881c                main
 .text._make_isisMTQtransfer.isra.0
                0x20008a10       0x1c C:/ISIS/workspace/GlobusSatProject2/satellite-subsystems/demo/..//satellite-subsystems/lib\libSatelliteSubsystems.a(IsisMTQv2.o)
 .text.IsisMTQv2_initialize
                0x20008a2c       0xc0 C:/ISIS/workspace/GlobusSatProject2/satellite-subsystems/demo/..//satellite-subsystems/lib\libSatelliteSubsystems.a(IsisMTQv2.o)
                0x20008a2c                IsisMTQv2_initialize
 .text.IsisMTQv2_softReset
                0x20008aec       0x7c C:/ISIS/workspace/GlobusSatProject2/satellite-subsystems/demo/..//satellite-subsystems/lib\libSatelliteSubsystems.a(IsisMTQv2.o)
                0x20008aec                IsisMTQv2_softReset
 .text.IsisMTQv2_noOperation
                0x20008b68       0x68 C:/ISIS/workspace/GlobusSatProject2/satellite-subsystems/demo/..//satellite-subsystems/lib\libSatelliteSubsystems.a(IsisMTQv2.o)
                0x20008b68                IsisMTQv2_noOperation
 .text.IsisMTQv2_cancelOperation
                0x20008bd0       0x6c C:/ISIS/workspace/GlobusSatProject2/satellite-subsystems/demo/..//satellite-subsystems/lib\libSatelliteSubsystems.a(IsisMTQv2.o)
                0x20008bd0                IsisMTQv2_cancelOperation
 .text.IsisMTQv2_startMTMMeasurement
                0x20008c3c       0x6c C:/ISIS/workspace/GlobusSatProject2/satellite-subsystems/demo/..//satellite-subsystems/lib\libSatelliteSubsystems.a(IsisMTQv2.o)
                0x20008c3c                IsisMTQv2_startMTMMeasurement
 .text.IsisMTQv2_startMTQActuationCurrent
                0x20008ca8       0x80 C:/ISIS/workspace/GlobusSatProject2/satellite-subsystems/demo/..//satellite-subsystems/lib\libSatelliteSubsystems.a(IsisMTQv2.o)
                0x20008ca8                IsisMTQv2_startMTQActuationCurrent
 .text.IsisMTQv2_startMTQActuationDipole
                0x20008d28       0x80 C:/ISIS/workspace/GlobusSatProject2/satellite-subsystems/demo/..//satellite-subsystems/lib\libSatelliteSubsystems.a(IsisMTQv2.o)
                0x20008d28                IsisMTQv2_startMTQActuationDipole
 .text.IsisMTQv2_startMTQActuationPWM
                0x20008da8       0x80 C:/ISIS/workspace/GlobusSatProject2/satellite-subsystems/demo/..//satellite-subsystems/lib\libSatelliteSubsystems.a(IsisMTQv2.o)
                0x20008da8                IsisMTQv2_startMTQActuationPWM
 .text.IsisMTQv2_startSelfTest
                0x20008e28       0x6c C:/ISIS/workspace/GlobusSatProject2/satellite-subsystems/demo/..//satellite-subsystems/lib\libSatelliteSubsystems.a(IsisMTQv2.o)
                0x20008e28                IsisMTQv2_startSelfTest
 .text.IsisMTQv2_startDetumble
                0x20008e94       0x80 C:/ISIS/workspace/GlobusSatProject2/satellite-subsystems/demo/..//satellite-subsystems/lib\libSatelliteSubsystems.a(IsisMTQv2.o)
                0x20008e94                IsisMTQv2_startDetumble
 .text.IsisMTQv2_getSystemState
                0x20008f14       0xb8 C:/ISIS/workspace/GlobusSatProject2/satellite-subsystems/demo/..//satellite-subsystems/lib\libSatelliteSubsystems.a(IsisMTQv2.o)
                0x20008f14                IsisMTQv2_getSystemState
 .text.IsisMTQv2_getRawMTMData
                0x20008fcc       0xb8 C:/ISIS/workspace/GlobusSatProject2/satellite-subsystems/demo/..//satellite-subsystems/lib\libSatelliteSubsystems.a(IsisMTQv2.o)
                0x20008fcc                IsisMTQv2_getRawMTMData
 .text.IsisMTQv2_getCalMTMData
                0x20009084       0xb8 C:/ISIS/workspace/GlobusSatProject2/satellite-subsystems/demo/..//satellite-subsystems/lib\libSatelliteSubsystems.a(IsisMTQv2.o)
                0x20009084                IsisMTQv2_getCalMTMData
 .text.IsisMTQv2_getCoilCurrent
                0x2000913c       0xb0 C:/ISIS/workspace/GlobusSatProject2/satellite-subsystems/demo/..//satellite-subsystems/lib\libSatelliteSubsystems.a(IsisMTQv2.o)
                0x2000913c                IsisMTQv2_getCoilCurrent
 .text.IsisMTQv2_getCoilTemperature
                0x200091ec       0xb0 C:/ISIS/workspace/GlobusSatProject2/satellite-subsystems/demo/..//satellite-subsystems/lib\libSatelliteSubsystems.a(IsisMTQv2.o)
                0x200091ec                IsisMTQv2_getCoilTemperature
 .text.IsisMTQv2_getCmdActuationDipole
                0x2000929c       0xb0 C:/ISIS/workspace/GlobusSatProject2/satellite-subsystems/demo/..//satellite-subsystems/lib\libSatelliteSubsystems.a(IsisMTQv2.o)
                0x2000929c                IsisMTQv2_getCmdActuationDipole
 .text.IsisMTQv2_getSelftestDataSingleAxis
                0x2000934c      0x104 C:/ISIS/workspace/GlobusSatProject2/satellite-subsystems/demo/..//satellite-subsystems/lib\libSatelliteSubsystems.a(IsisMTQv2.o)
                0x2000934c                IsisMTQv2_getSelftestDataSingleAxis
 .text.IsisMTQv2_getSelftestDataAllAxis
                0x20009450      0x1dc C:/ISIS/workspace/GlobusSatProject2/satellite-subsystems/demo/..//satellite-subsystems/lib\libSatelliteSubsystems.a(IsisMTQv2.o)
                0x20009450                IsisMTQv2_getSelftestDataAllAxis
 .text.IsisMTQv2_getDetumbleData
                0x2000962c       0xb8 C:/ISIS/workspace/GlobusSatProject2/satellite-subsystems/demo/..//satellite-subsystems/lib\libSatelliteSubsystems.a(IsisMTQv2.o)
                0x2000962c                IsisMTQv2_getDetumbleData
 .text.IsisMTQv2_getRawHKData
                0x200096e4       0xb8 C:/ISIS/workspace/GlobusSatProject2/satellite-subsystems/demo/..//satellite-subsystems/lib\libSatelliteSubsystems.a(IsisMTQv2.o)
                0x200096e4                IsisMTQv2_getRawHKData
 .text.IsisMTQv2_getEngHKData
                0x2000979c       0xb8 C:/ISIS/workspace/GlobusSatProject2/satellite-subsystems/demo/..//satellite-subsystems/lib\libSatelliteSubsystems.a(IsisMTQv2.o)
                0x2000979c                IsisMTQv2_getEngHKData
 .text.IsisMTQv2_getParSize
                0x20009854       0x74 C:/ISIS/workspace/GlobusSatProject2/satellite-subsystems/demo/..//satellite-subsystems/lib\libSatelliteSubsystems.a(IsisMTQv2.o)
                0x20009854                IsisMTQv2_getParSize
 .text.IsisMTQv2_getParameter
                0x200098c8      0x13c C:/ISIS/workspace/GlobusSatProject2/satellite-subsystems/demo/..//satellite-subsystems/lib\libSatelliteSubsystems.a(IsisMTQv2.o)
                0x200098c8                IsisMTQv2_getParameter
 .text.IsisMTQv2_setParameter
                0x20009a04      0x158 C:/ISIS/workspace/GlobusSatProject2/satellite-subsystems/demo/..//satellite-subsystems/lib\libSatelliteSubsystems.a(IsisMTQv2.o)
                0x20009a04                IsisMTQv2_setParameter
 .text.IsisMTQv2_resetParameter
                0x20009b5c      0x13c C:/ISIS/workspace/GlobusSatProject2/satellite-subsystems/demo/..//satellite-subsystems/lib\libSatelliteSubsystems.a(IsisMTQv2.o)
                0x20009b5c                IsisMTQv2_resetParameter
 .text._I2C_Send
                0x20009c98       0x38 C:/ISIS/workspace/GlobusSatProject2/satellite-subsystems/demo/..//satellite-subsystems/lib\libSatelliteSubsystems.a(imepsv2_piu.o)
 .text.IMEPSV2_PIU_Init
                0x20009cd0       0x70 C:/ISIS/workspace/GlobusSatProject2/satellite-subsystems/demo/..//satellite-subsystems/lib\libSatelliteSubsystems.a(imepsv2_piu.o)
                0x20009cd0                IMEPSV2_PIU_Init
 .text.imepsv2_piu__cancel
                0x20009d40       0x60 C:/ISIS/workspace/GlobusSatProject2/satellite-subsystems/demo/..//satellite-subsystems/lib\libSatelliteSubsystems.a(imepsv2_piu.o)
                0x20009d40                imepsv2_piu__cancel
 .text.imepsv2_piu__gethousekeepingeng
                0x20009da0       0x60 C:/ISIS/workspace/GlobusSatProject2/satellite-subsystems/demo/..//satellite-subsystems/lib\libSatelliteSubsystems.a(imepsv2_piu.o)
                0x20009da0                imepsv2_piu__gethousekeepingeng
 .text.imepsv2_piu__gethousekeepingraw
                0x20009e00       0x60 C:/ISIS/workspace/GlobusSatProject2/satellite-subsystems/demo/..//satellite-subsystems/lib\libSatelliteSubsystems.a(imepsv2_piu.o)
                0x20009e00                imepsv2_piu__gethousekeepingraw
 .text.imepsv2_piu__getsystemstatus
                0x20009e60       0x60 C:/ISIS/workspace/GlobusSatProject2/satellite-subsystems/demo/..//satellite-subsystems/lib\libSatelliteSubsystems.a(imepsv2_piu.o)
                0x20009e60                imepsv2_piu__getsystemstatus
 .text.imepsv2_piu__outputbuschanneloff
                0x20009ec0       0x5c C:/ISIS/workspace/GlobusSatProject2/satellite-subsystems/demo/..//satellite-subsystems/lib\libSatelliteSubsystems.a(imepsv2_piu.o)
                0x20009ec0                imepsv2_piu__outputbuschanneloff
 .text.imepsv2_piu__outputbuschannelon
                0x20009f1c       0x5c C:/ISIS/workspace/GlobusSatProject2/satellite-subsystems/demo/..//satellite-subsystems/lib\libSatelliteSubsystems.a(imepsv2_piu.o)
                0x20009f1c                imepsv2_piu__outputbuschannelon
 .text.imepsv2_piu__reset
                0x20009f78       0x60 C:/ISIS/workspace/GlobusSatProject2/satellite-subsystems/demo/..//satellite-subsystems/lib\libSatelliteSubsystems.a(imepsv2_piu.o)
                0x20009f78                imepsv2_piu__reset
 .text.imepsv2_piu__resetwatchdog
                0x20009fd8       0x60 C:/ISIS/workspace/GlobusSatProject2/satellite-subsystems/demo/..//satellite-subsystems/lib\libSatelliteSubsystems.a(imepsv2_piu.o)
                0x20009fd8                imepsv2_piu__resetwatchdog
 .text.imepsv2_piu__switchtonominal
                0x2000a038       0x60 C:/ISIS/workspace/GlobusSatProject2/satellite-subsystems/demo/..//satellite-subsystems/lib\libSatelliteSubsystems.a(imepsv2_piu.o)
                0x2000a038                imepsv2_piu__switchtonominal
 .text.imepsv2_piu__switchtosafety
                0x2000a098       0x60 C:/ISIS/workspace/GlobusSatProject2/satellite-subsystems/demo/..//satellite-subsystems/lib\libSatelliteSubsystems.a(imepsv2_piu.o)
                0x2000a098                imepsv2_piu__switchtosafety
 .text.checkInputsValid
                0x2000a0f8       0x2c C:/ISIS/workspace/GlobusSatProject2/satellite-subsystems/demo/..//satellite-subsystems/lib\libSatelliteSubsystems.a(IsisAntS.o)
 .text.makeAntStransfer.isra.0
                0x2000a124       0x1c C:/ISIS/workspace/GlobusSatProject2/satellite-subsystems/demo/..//satellite-subsystems/lib\libSatelliteSubsystems.a(IsisAntS.o)
 .text.IsisAntS_initialize
                0x2000a140      0x104 C:/ISIS/workspace/GlobusSatProject2/satellite-subsystems/demo/..//satellite-subsystems/lib\libSatelliteSubsystems.a(IsisAntS.o)
                0x2000a140                IsisAntS_initialize
 .text.IsisAntS_setArmStatus
                0x2000a244       0x74 C:/ISIS/workspace/GlobusSatProject2/satellite-subsystems/demo/..//satellite-subsystems/lib\libSatelliteSubsystems.a(IsisAntS.o)
                0x2000a244                IsisAntS_setArmStatus
 .text.IsisAntS_attemptDeployment
                0x2000a2b8       0xa8 C:/ISIS/workspace/GlobusSatProject2/satellite-subsystems/demo/..//satellite-subsystems/lib\libSatelliteSubsystems.a(IsisAntS.o)
                0x2000a2b8                IsisAntS_attemptDeployment
 .text.IsisAntS_getStatusData
                0x2000a360       0x90 C:/ISIS/workspace/GlobusSatProject2/satellite-subsystems/demo/..//satellite-subsystems/lib\libSatelliteSubsystems.a(IsisAntS.o)
                0x2000a360                IsisAntS_getStatusData
 .text.IsisAntS_getTemperature
                0x2000a3f0       0x90 C:/ISIS/workspace/GlobusSatProject2/satellite-subsystems/demo/..//satellite-subsystems/lib\libSatelliteSubsystems.a(IsisAntS.o)
                0x2000a3f0                IsisAntS_getTemperature
 .text.IsisAntS_getUptime
                0x2000a480       0x90 C:/ISIS/workspace/GlobusSatProject2/satellite-subsystems/demo/..//satellite-subsystems/lib\libSatelliteSubsystems.a(IsisAntS.o)
                0x2000a480                IsisAntS_getUptime
 .text.IsisAntS_getAlltelemetry
                0x2000a510       0x90 C:/ISIS/workspace/GlobusSatProject2/satellite-subsystems/demo/..//satellite-subsystems/lib\libSatelliteSubsystems.a(IsisAntS.o)
                0x2000a510                IsisAntS_getAlltelemetry
 .text.IsisAntS_reset
                0x2000a5a0       0x78 C:/ISIS/workspace/GlobusSatProject2/satellite-subsystems/demo/..//satellite-subsystems/lib\libSatelliteSubsystems.a(IsisAntS.o)
                0x2000a5a0                IsisAntS_reset
 .text.IsisAntS_autoDeployment
                0x2000a618       0x7c C:/ISIS/workspace/GlobusSatProject2/satellite-subsystems/demo/..//satellite-subsystems/lib\libSatelliteSubsystems.a(IsisAntS.o)
                0x2000a618                IsisAntS_autoDeployment
 .text.makeTRXCommonTransfer
                0x2000a694       0x1c C:/ISIS/workspace/GlobusSatProject2/satellite-subsystems/demo/..//satellite-subsystems/lib\libSatelliteSubsystems.a(IsisTRXCommon.o)
 .text.IsisTrxCommon_componentReset
                0x2000a6b0       0x48 C:/ISIS/workspace/GlobusSatProject2/satellite-subsystems/demo/..//satellite-subsystems/lib\libSatelliteSubsystems.a(IsisTRXCommon.o)
                0x2000a6b0                IsisTrxCommon_componentReset
 .text.IsisTrxCommon_TxSendAX25DefClSign
                0x2000a6f8       0x88 C:/ISIS/workspace/GlobusSatProject2/satellite-subsystems/demo/..//satellite-subsystems/lib\libSatelliteSubsystems.a(IsisTRXCommon.o)
                0x2000a6f8                IsisTrxCommon_TxSendAX25DefClSign
 .text.IsisTrxCommon_TxSetIdlestate
                0x2000a780       0x48 C:/ISIS/workspace/GlobusSatProject2/satellite-subsystems/demo/..//satellite-subsystems/lib\libSatelliteSubsystems.a(IsisTRXCommon.o)
                0x2000a780                IsisTrxCommon_TxSetIdlestate
 .text.IsisTrxCommon_TxSetAx25Bitrate
                0x2000a7c8       0x48 C:/ISIS/workspace/GlobusSatProject2/satellite-subsystems/demo/..//satellite-subsystems/lib\libSatelliteSubsystems.a(IsisTRXCommon.o)
                0x2000a7c8                IsisTrxCommon_TxSetAx25Bitrate
 .text.IsisTrxCommon_RxGetFrameCount
                0x2000a810       0x4c C:/ISIS/workspace/GlobusSatProject2/satellite-subsystems/demo/..//satellite-subsystems/lib\libSatelliteSubsystems.a(IsisTRXCommon.o)
                0x2000a810                IsisTrxCommon_RxGetFrameCount
 .text.IsisTrxCommon_GetUptime
                0x2000a85c       0x50 C:/ISIS/workspace/GlobusSatProject2/satellite-subsystems/demo/..//satellite-subsystems/lib\libSatelliteSubsystems.a(IsisTRXCommon.o)
                0x2000a85c                IsisTrxCommon_GetUptime
 .text.makeTRXVUtransfer.isra.0
                0x2000a8ac       0x1c C:/ISIS/workspace/GlobusSatProject2/satellite-subsystems/demo/..//satellite-subsystems/lib\libSatelliteSubsystems.a(IsisTRXVU.o)
 .text.IsisTrxvu_initialize
                0x2000a8c8      0x134 C:/ISIS/workspace/GlobusSatProject2/satellite-subsystems/demo/..//satellite-subsystems/lib\libSatelliteSubsystems.a(IsisTRXVU.o)
                0x2000a8c8                IsisTrxvu_initialize
 .text.IsisTrxvu_componentSoftReset
                0x2000a9fc       0x34 C:/ISIS/workspace/GlobusSatProject2/satellite-subsystems/demo/..//satellite-subsystems/lib\libSatelliteSubsystems.a(IsisTRXVU.o)
                0x2000a9fc                IsisTrxvu_componentSoftReset
 .text.IsisTrxvu_componentHardReset
                0x2000aa30       0x70 C:/ISIS/workspace/GlobusSatProject2/satellite-subsystems/demo/..//satellite-subsystems/lib\libSatelliteSubsystems.a(IsisTRXVU.o)
                0x2000aa30                IsisTrxvu_componentHardReset
 .text.IsisTrxvu_tcSendAX25DefClSign
                0x2000aaa0       0x70 C:/ISIS/workspace/GlobusSatProject2/satellite-subsystems/demo/..//satellite-subsystems/lib\libSatelliteSubsystems.a(IsisTRXVU.o)
                0x2000aaa0                IsisTrxvu_tcSendAX25DefClSign
 .text.IsisTrxvu_tcSetIdlestate
                0x2000ab10       0x54 C:/ISIS/workspace/GlobusSatProject2/satellite-subsystems/demo/..//satellite-subsystems/lib\libSatelliteSubsystems.a(IsisTRXVU.o)
                0x2000ab10                IsisTrxvu_tcSetIdlestate
 .text.IsisTrxvu_tcSetAx25Bitrate
                0x2000ab64       0x7c C:/ISIS/workspace/GlobusSatProject2/satellite-subsystems/demo/..//satellite-subsystems/lib\libSatelliteSubsystems.a(IsisTRXVU.o)
                0x2000ab64                IsisTrxvu_tcSetAx25Bitrate
 .text.IsisTrxvu_tcGetUptime
                0x2000abe0       0x60 C:/ISIS/workspace/GlobusSatProject2/satellite-subsystems/demo/..//satellite-subsystems/lib\libSatelliteSubsystems.a(IsisTRXVU.o)
                0x2000abe0                IsisTrxvu_tcGetUptime
 .text.IsisTrxvu_tcGetTelemetryAll
                0x2000ac40       0x80 C:/ISIS/workspace/GlobusSatProject2/satellite-subsystems/demo/..//satellite-subsystems/lib\libSatelliteSubsystems.a(IsisTRXVU.o)
                0x2000ac40                IsisTrxvu_tcGetTelemetryAll
 .text.IsisTrxvu_rcGetFrameCount
                0x2000acc0       0x5c C:/ISIS/workspace/GlobusSatProject2/satellite-subsystems/demo/..//satellite-subsystems/lib\libSatelliteSubsystems.a(IsisTRXVU.o)
                0x2000acc0                IsisTrxvu_rcGetFrameCount
 .text.IsisTrxvu_rcGetCommandFrame
                0x2000ad1c      0x19c C:/ISIS/workspace/GlobusSatProject2/satellite-subsystems/demo/..//satellite-subsystems/lib\libSatelliteSubsystems.a(IsisTRXVU.o)
                0x2000ad1c                IsisTrxvu_rcGetCommandFrame
 .text.IsisTrxvu_rcGetTelemetryAll
                0x2000aeb8       0x7c C:/ISIS/workspace/GlobusSatProject2/satellite-subsystems/demo/..//satellite-subsystems/lib\libSatelliteSubsystems.a(IsisTRXVU.o)
                0x2000aeb8                IsisTrxvu_rcGetTelemetryAll
 .text._ISIS_HSTXS_I2C_Send.constprop.0
                0x2000af34       0x38 C:/ISIS/workspace/GlobusSatProject2/satellite-subsystems/demo/..//satellite-subsystems/lib\libSatelliteSubsystems.a(isis_hstxs.o)
 .text.ISIS_HSTXS_Init
                0x2000af6c       0x74 C:/ISIS/workspace/GlobusSatProject2/satellite-subsystems/demo/..//satellite-subsystems/lib\libSatelliteSubsystems.a(isis_hstxs.o)
                0x2000af6c                ISIS_HSTXS_Init
 .text.isis_hstxs__get_engine_status
                0x2000afe0       0x5c C:/ISIS/workspace/GlobusSatProject2/satellite-subsystems/demo/..//satellite-subsystems/lib\libSatelliteSubsystems.a(isis_hstxs.o)
                0x2000afe0                isis_hstxs__get_engine_status
 .text.isis_hstxs__get_general_status
                0x2000b03c       0x5c C:/ISIS/workspace/GlobusSatProject2/satellite-subsystems/demo/..//satellite-subsystems/lib\libSatelliteSubsystems.a(isis_hstxs.o)
                0x2000b03c                isis_hstxs__get_general_status
 .text.isis_hstxs__get_telemetry
                0x2000b098       0x60 C:/ISIS/workspace/GlobusSatProject2/satellite-subsystems/demo/..//satellite-subsystems/lib\libSatelliteSubsystems.a(isis_hstxs.o)
                0x2000b098                isis_hstxs__get_telemetry
 .text.isis_hstxs__get_tx_frequency
                0x2000b0f8       0x5c C:/ISIS/workspace/GlobusSatProject2/satellite-subsystems/demo/..//satellite-subsystems/lib\libSatelliteSubsystems.a(isis_hstxs.o)
                0x2000b0f8                isis_hstxs__get_tx_frequency
 .text.isis_hstxs__get_uptime
                0x2000b154       0x5c C:/ISIS/workspace/GlobusSatProject2/satellite-subsystems/demo/..//satellite-subsystems/lib\libSatelliteSubsystems.a(isis_hstxs.o)
                0x2000b154                isis_hstxs__get_uptime
 .text.isis_hstxs__reset
                0x2000b1b0       0x4c C:/ISIS/workspace/GlobusSatProject2/satellite-subsystems/demo/..//satellite-subsystems/lib\libSatelliteSubsystems.a(isis_hstxs.o)
                0x2000b1b0                isis_hstxs__reset
 .text.isis_hstxs__set_fecf
                0x2000b1fc       0x4c C:/ISIS/workspace/GlobusSatProject2/satellite-subsystems/demo/..//satellite-subsystems/lib\libSatelliteSubsystems.a(isis_hstxs.o)
                0x2000b1fc                isis_hstxs__set_fecf
 .text.isis_hstxs__set_modulation_scheme
                0x2000b248       0x4c C:/ISIS/workspace/GlobusSatProject2/satellite-subsystems/demo/..//satellite-subsystems/lib\libSatelliteSubsystems.a(isis_hstxs.o)
                0x2000b248                isis_hstxs__set_modulation_scheme
 .text.isis_hstxs__set_sup_mode
                0x2000b294       0x50 C:/ISIS/workspace/GlobusSatProject2/satellite-subsystems/demo/..//satellite-subsystems/lib\libSatelliteSubsystems.a(isis_hstxs.o)
                0x2000b294                isis_hstxs__set_sup_mode
 .text.isis_hstxs__set_symbolrate
                0x2000b2e4       0x4c C:/ISIS/workspace/GlobusSatProject2/satellite-subsystems/demo/..//satellite-subsystems/lib\libSatelliteSubsystems.a(isis_hstxs.o)
                0x2000b2e4                isis_hstxs__set_symbolrate
 .text.isis_hstxs__set_tx_frequency
                0x2000b330       0x58 C:/ISIS/workspace/GlobusSatProject2/satellite-subsystems/demo/..//satellite-subsystems/lib\libSatelliteSubsystems.a(isis_hstxs.o)
                0x2000b330                isis_hstxs__set_tx_frequency
 .text.isis_hstxs__set_tx_mode
                0x2000b388       0x4c C:/ISIS/workspace/GlobusSatProject2/satellite-subsystems/demo/..//satellite-subsystems/lib\libSatelliteSubsystems.a(isis_hstxs.o)
                0x2000b388                isis_hstxs__set_tx_mode
 .text.isis_hstxs__write_and_send_frame
                0x2000b3d4       0xdc C:/ISIS/workspace/GlobusSatProject2/satellite-subsystems/demo/..//satellite-subsystems/lib\libSatelliteSubsystems.a(isis_hstxs.o)
                0x2000b3d4                isis_hstxs__write_and_send_frame
 .text._WaitForStartup
                0x2000b4b0       0x68 C:/ISIS/workspace/GlobusSatProject2/satellite-subsystems/demo/..//satellite-subsystems/lib\libSatelliteSubsystems.a(IsisSolarPanelv2.o)
 .text._SpiWriteRead.constprop.0
                0x2000b518       0x38 C:/ISIS/workspace/GlobusSatProject2/satellite-subsystems/demo/..//satellite-subsystems/lib\libSatelliteSubsystems.a(IsisSolarPanelv2.o)
 .text._AssignAllChannels
                0x2000b550       0x84 C:/ISIS/workspace/GlobusSatProject2/satellite-subsystems/demo/..//satellite-subsystems/lib\libSatelliteSubsystems.a(IsisSolarPanelv2.o)
 .text.IsisSolarPanelv2_initialize
                0x2000b5d4       0x88 C:/ISIS/workspace/GlobusSatProject2/satellite-subsystems/demo/..//satellite-subsystems/lib\libSatelliteSubsystems.a(IsisSolarPanelv2.o)
                0x2000b5d4                IsisSolarPanelv2_initialize
 .text.IsisSolarPanelv2_getTemperature
                0x2000b65c      0x18c C:/ISIS/workspace/GlobusSatProject2/satellite-subsystems/demo/..//satellite-subsystems/lib\libSatelliteSubsystems.a(IsisSolarPanelv2.o)
                0x2000b65c                IsisSolarPanelv2_getTemperature
 .text.IsisSolarPanelv2_sleep
                0x2000b7e8       0x50 C:/ISIS/workspace/GlobusSatProject2/satellite-subsystems/demo/..//satellite-subsystems/lib\libSatelliteSubsystems.a(IsisSolarPanelv2.o)
                0x2000b7e8                IsisSolarPanelv2_sleep
 .text.IsisSolarPanelv2_wakeup
                0x2000b838       0x54 C:/ISIS/workspace/GlobusSatProject2/satellite-subsystems/demo/..//satellite-subsystems/lib\libSatelliteSubsystems.a(IsisSolarPanelv2.o)
                0x2000b838                IsisSolarPanelv2_wakeup
 *fill*         0x2000b88c        0x4 00
 .text.exp      0x2000b890      0x190 c:/isis/application/toolchain/bin/../lib/gcc/arm-none-eabi/4.7.4/../../../../arm-none-eabi/lib\libm.a(lib_a-w_exp.o)
                0x2000b890                exp
 .text.__ieee754_exp
                0x2000ba20      0x448 c:/isis/application/toolchain/bin/../lib/gcc/arm-none-eabi/4.7.4/../../../../arm-none-eabi/lib\libm.a(lib_a-e_exp.o)
                0x2000ba20                __ieee754_exp
 .text.finite   0x2000be68       0x10 c:/isis/application/toolchain/bin/../lib/gcc/arm-none-eabi/4.7.4/../../../../arm-none-eabi/lib\libm.a(lib_a-s_finite.o)
                0x2000be68                finite
 .text.__fpclassifyd
                0x2000be78       0x6c c:/isis/application/toolchain/bin/../lib/gcc/arm-none-eabi/4.7.4/../../../../arm-none-eabi/lib\libm.a(lib_a-s_fpclassify.o)
                0x2000be78                __fpclassifyd
 .text.matherr  0x2000bee4        0x8 c:/isis/application/toolchain/bin/../lib/gcc/arm-none-eabi/4.7.4/../../../../arm-none-eabi/lib\libm.a(lib_a-s_matherr.o)
                0x2000bee4                matherr
 .text.Supervisor_prepareAndCommunicateSPI
                0x2000beec       0x80 C:/ISIS/workspace/GlobusSatProject2/satellite-subsystems/demo/../..//hal/hal/lib\libHAL.a(supervisor.o)
 .text.Supervisor_performCommunication
                0x2000bf6c      0x260 C:/ISIS/workspace/GlobusSatProject2/satellite-subsystems/demo/../..//hal/hal/lib\libHAL.a(supervisor.o)
 .text.Supervisor_start
                0x2000c1cc      0x16c C:/ISIS/workspace/GlobusSatProject2/satellite-subsystems/demo/../..//hal/hal/lib\libHAL.a(supervisor.o)
                0x2000c1cc                Supervisor_start
 .text.Supervisor_getHousekeeping
                0x2000c338       0x18 C:/ISIS/workspace/GlobusSatProject2/satellite-subsystems/demo/../..//hal/hal/lib\libHAL.a(supervisor.o)
                0x2000c338                Supervisor_getHousekeeping
 .text.Supervisor_calculateAdcValues
                0x2000c350      0x1b4 C:/ISIS/workspace/GlobusSatProject2/satellite-subsystems/demo/../..//hal/hal/lib\libHAL.a(supervisor.o)
                0x2000c350                Supervisor_calculateAdcValues
 .text.checksum_calculateCRC8
                0x2000c504       0x6c C:/ISIS/workspace/GlobusSatProject2/satellite-subsystems/demo/../..//hal/hal/lib\libHAL.a(checksum.o)
                0x2000c504                checksum_calculateCRC8
 .text.checksum_prepareLUTCRC8
                0x2000c570       0x44 C:/ISIS/workspace/GlobusSatProject2/satellite-subsystems/demo/../..//hal/hal/lib\libHAL.a(checksum.o)
                0x2000c570                checksum_prepareLUTCRC8
 .text.clearPDCtransfers
                0x2000c5b4       0x48 C:/ISIS/workspace/GlobusSatProject2/satellite-subsystems/demo/../..//hal/hal/lib\libHAL.a(SPI.o)
 .text.waitForTransfer.part.0
                0x2000c5fc       0x44 C:/ISIS/workspace/GlobusSatProject2/satellite-subsystems/demo/../..//hal/hal/lib\libHAL.a(SPI.o)
 .text.SPI_internalCallback
                0x2000c640       0x3c C:/ISIS/workspace/GlobusSatProject2/satellite-subsystems/demo/../..//hal/hal/lib\libHAL.a(SPI.o)
 .text.SPI_stop
                0x2000c67c      0x16c C:/ISIS/workspace/GlobusSatProject2/satellite-subsystems/demo/../..//hal/hal/lib\libHAL.a(SPI.o)
                0x2000c67c                SPI_stop
 .text.SPI_start
                0x2000c7e8      0x2b4 C:/ISIS/workspace/GlobusSatProject2/satellite-subsystems/demo/../..//hal/hal/lib\libHAL.a(SPI.o)
                0x2000c7e8                SPI_start
 .text.SPI_queueTransfer
                0x2000ca9c       0xec C:/ISIS/workspace/GlobusSatProject2/satellite-subsystems/demo/../..//hal/hal/lib\libHAL.a(SPI.o)
                0x2000ca9c                SPI_queueTransfer
 .text.SPI_writeRead
                0x2000cb88      0x100 C:/ISIS/workspace/GlobusSatProject2/satellite-subsystems/demo/../..//hal/hal/lib\libHAL.a(SPI.o)
                0x2000cb88                SPI_writeRead
 .text.SPI_getDriverState
                0x2000cc88       0x1c C:/ISIS/workspace/GlobusSatProject2/satellite-subsystems/demo/../..//hal/hal/lib\libHAL.a(SPI.o)
                0x2000cc88                SPI_getDriverState
 .text.uSdelay.constprop.0
                0x2000cca4       0x4c C:/ISIS/workspace/GlobusSatProject2/satellite-subsystems/demo/../..//hal/hal/lib\libHAL.a(LED.o)
 .text.LED_start
                0x2000ccf0       0x10 C:/ISIS/workspace/GlobusSatProject2/satellite-subsystems/demo/../..//hal/hal/lib\libHAL.a(LED.o)
                0x2000ccf0                LED_start
 .text.LED_glow
                0x2000cd00       0x30 C:/ISIS/workspace/GlobusSatProject2/satellite-subsystems/demo/../..//hal/hal/lib\libHAL.a(LED.o)
                0x2000cd00                LED_glow
 .text.LED_dark
                0x2000cd30       0x30 C:/ISIS/workspace/GlobusSatProject2/satellite-subsystems/demo/../..//hal/hal/lib\libHAL.a(LED.o)
                0x2000cd30                LED_dark
 .text.LED_toggle
                0x2000cd60       0x1c C:/ISIS/workspace/GlobusSatProject2/satellite-subsystems/demo/../..//hal/hal/lib\libHAL.a(LED.o)
                0x2000cd60                LED_toggle
 .text.LED_wave
                0x2000cd7c       0x80 C:/ISIS/workspace/GlobusSatProject2/satellite-subsystems/demo/../..//hal/hal/lib\libHAL.a(LED.o)
                0x2000cd7c                LED_wave
 .text.LED_waveReverse
                0x2000cdfc       0x80 C:/ISIS/workspace/GlobusSatProject2/satellite-subsystems/demo/../..//hal/hal/lib\libHAL.a(LED.o)
                0x2000cdfc                LED_waveReverse
 .text.I2C_internalCallback
                0x2000ce7c       0x3c C:/ISIS/workspace/GlobusSatProject2/satellite-subsystems/demo/../..//hal/hal/lib\libHAL.a(I2C.o)
 .text.I2C_queueTransfer
                0x2000ceb8      0x110 C:/ISIS/workspace/GlobusSatProject2/satellite-subsystems/demo/../..//hal/hal/lib\libHAL.a(I2C.o)
                0x2000ceb8                I2C_queueTransfer
 .text.I2C_doBlockingTransfer
                0x2000cfc8      0x110 C:/ISIS/workspace/GlobusSatProject2/satellite-subsystems/demo/../..//hal/hal/lib\libHAL.a(I2C.o)
 .text.I2C_writeRead
                0x2000d0d8       0xa0 C:/ISIS/workspace/GlobusSatProject2/satellite-subsystems/demo/../..//hal/hal/lib\libHAL.a(I2C.o)
                0x2000d0d8                I2C_writeRead
 .text.I2C_stop
                0x2000d178       0xf8 C:/ISIS/workspace/GlobusSatProject2/satellite-subsystems/demo/../..//hal/hal/lib\libHAL.a(I2C.o)
                0x2000d178                I2C_stop
 .text.I2C_setTransferTimeout
                0x2000d270       0x1c C:/ISIS/workspace/GlobusSatProject2/satellite-subsystems/demo/../..//hal/hal/lib\libHAL.a(I2C.o)
                0x2000d270                I2C_setTransferTimeout
 .text.I2C_start
                0x2000d28c      0x200 C:/ISIS/workspace/GlobusSatProject2/satellite-subsystems/demo/../..//hal/hal/lib\libHAL.a(I2C.o)
                0x2000d28c                I2C_start
 .text.I2C_getDriverState
                0x2000d48c       0x10 C:/ISIS/workspace/GlobusSatProject2/satellite-subsystems/demo/../..//hal/hal/lib\libHAL.a(I2C.o)
                0x2000d48c                I2C_getDriverState
 .text.WDT_start
                0x2000d49c       0x3c C:/ISIS/workspace/GlobusSatProject2/satellite-subsystems/demo/../..//hal/hal/lib\libHAL.a(WatchDogTimerNoOS.o)
                0x2000d49c                WDT_start
 .text.WDT_startWatchdogKickTask
                0x2000d4d8       0x88 C:/ISIS/workspace/GlobusSatProject2/satellite-subsystems/demo/../..//hal/hal/lib\libHAL.a(WatchDogTimerOS.o)
                0x2000d4d8                WDT_startWatchdogKickTask
 .text.WDT_forceKickEveryNms
                0x2000d560       0x34 C:/ISIS/workspace/GlobusSatProject2/satellite-subsystems/demo/../..//hal/hal/lib\libHAL.a(WatchDogTimerOS.o)
                0x2000d560                WDT_forceKickEveryNms
 .text.UTIL_DbguGetInteger
                0x2000d594       0xd8 C:/ISIS/workspace/GlobusSatProject2/satellite-subsystems/demo/../..//hal/hal/lib\libHAL.a(util.o)
                0x2000d594                UTIL_DbguGetInteger
 .text.UTIL_DbguGetIntegerMinMax
                0x2000d66c       0x74 C:/ISIS/workspace/GlobusSatProject2/satellite-subsystems/demo/../..//hal/hal/lib\libHAL.a(util.o)
                0x2000d66c                UTIL_DbguGetIntegerMinMax
 .text.prvCopyDataToQueue
                0x2000d6e0       0xc4 C:/ISIS/workspace/GlobusSatProject2/satellite-subsystems/demo/../..//hal/freertos/lib\libFreeRTOS.a(queue.o)
 .text.prvCopyDataFromQueue
                0x2000d7a4       0x40 C:/ISIS/workspace/GlobusSatProject2/satellite-subsystems/demo/../..//hal/freertos/lib\libFreeRTOS.a(queue.o)
 .text.prvNotifyQueueSetContainer
                0x2000d7e4       0xb4 C:/ISIS/workspace/GlobusSatProject2/satellite-subsystems/demo/../..//hal/freertos/lib\libFreeRTOS.a(queue.o)
 .text.prvUnlockQueue
                0x2000d898       0xc8 C:/ISIS/workspace/GlobusSatProject2/satellite-subsystems/demo/../..//hal/freertos/lib\libFreeRTOS.a(queue.o)
 .text.xQueueGenericReset
                0x2000d960       0xbc C:/ISIS/workspace/GlobusSatProject2/satellite-subsystems/demo/../..//hal/freertos/lib\libFreeRTOS.a(queue.o)
                0x2000d960                xQueueGenericReset
 .text.xQueueGenericCreate
                0x2000da1c       0x8c C:/ISIS/workspace/GlobusSatProject2/satellite-subsystems/demo/../..//hal/freertos/lib\libFreeRTOS.a(queue.o)
                0x2000da1c                xQueueGenericCreate
 .text.xQueueGenericSend
                0x2000daa8      0x1f8 C:/ISIS/workspace/GlobusSatProject2/satellite-subsystems/demo/../..//hal/freertos/lib\libFreeRTOS.a(queue.o)
                0x2000daa8                xQueueGenericSend
 .text.xQueueCreateMutex
                0x2000dca0       0x9c C:/ISIS/workspace/GlobusSatProject2/satellite-subsystems/demo/../..//hal/freertos/lib\libFreeRTOS.a(queue.o)
                0x2000dca0                xQueueCreateMutex
 .text.xQueueGenericSendFromISR
                0x2000dd3c      0x148 C:/ISIS/workspace/GlobusSatProject2/satellite-subsystems/demo/../..//hal/freertos/lib\libFreeRTOS.a(queue.o)
                0x2000dd3c                xQueueGenericSendFromISR
 .text.xQueueGenericReceive
                0x2000de84      0x204 C:/ISIS/workspace/GlobusSatProject2/satellite-subsystems/demo/../..//hal/freertos/lib\libFreeRTOS.a(queue.o)
                0x2000de84                xQueueGenericReceive
 .text.uxQueueMessagesWaiting
                0x2000e088       0x4c C:/ISIS/workspace/GlobusSatProject2/satellite-subsystems/demo/../..//hal/freertos/lib\libFreeRTOS.a(queue.o)
                0x2000e088                uxQueueMessagesWaiting
 .text.vQueueUnregisterQueue
                0x2000e0d4       0x38 C:/ISIS/workspace/GlobusSatProject2/satellite-subsystems/demo/../..//hal/freertos/lib\libFreeRTOS.a(queue.o)
                0x2000e0d4                vQueueUnregisterQueue
 .text.vQueueDelete
                0x2000e10c       0x50 C:/ISIS/workspace/GlobusSatProject2/satellite-subsystems/demo/../..//hal/freertos/lib\libFreeRTOS.a(queue.o)
                0x2000e10c                vQueueDelete
 .text.vQueueWaitForMessageRestricted
                0x2000e15c       0x58 C:/ISIS/workspace/GlobusSatProject2/satellite-subsystems/demo/../..//hal/freertos/lib\libFreeRTOS.a(queue.o)
                0x2000e15c                vQueueWaitForMessageRestricted
 .text.vListInitialise
                0x2000e1b4       0x24 C:/ISIS/workspace/GlobusSatProject2/satellite-subsystems/demo/../..//hal/freertos/lib\libFreeRTOS.a(list.o)
                0x2000e1b4                vListInitialise
 .text.vListInitialiseItem
                0x2000e1d8        0xc C:/ISIS/workspace/GlobusSatProject2/satellite-subsystems/demo/../..//hal/freertos/lib\libFreeRTOS.a(list.o)
                0x2000e1d8                vListInitialiseItem
 .text.vListInsertEnd
                0x2000e1e4       0x30 C:/ISIS/workspace/GlobusSatProject2/satellite-subsystems/demo/../..//hal/freertos/lib\libFreeRTOS.a(list.o)
                0x2000e1e4                vListInsertEnd
 .text.vListInsert
                0x2000e214       0x58 C:/ISIS/workspace/GlobusSatProject2/satellite-subsystems/demo/../..//hal/freertos/lib\libFreeRTOS.a(list.o)
                0x2000e214                vListInsert
 .text.uxListRemove
                0x2000e26c       0x3c C:/ISIS/workspace/GlobusSatProject2/satellite-subsystems/demo/../..//hal/freertos/lib\libFreeRTOS.a(list.o)
                0x2000e26c                uxListRemove
 .text.prvAddCurrentTaskToDelayedList
                0x2000e2a8       0x60 C:/ISIS/workspace/GlobusSatProject2/satellite-subsystems/demo/../..//hal/freertos/lib\libFreeRTOS.a(tasks.o)
 .text.xTaskGenericCreate
                0x2000e308      0x3e0 C:/ISIS/workspace/GlobusSatProject2/satellite-subsystems/demo/../..//hal/freertos/lib\libFreeRTOS.a(tasks.o)
                0x2000e308                xTaskGenericCreate
 .text.vTaskDelete
                0x2000e6e8       0x88 C:/ISIS/workspace/GlobusSatProject2/satellite-subsystems/demo/../..//hal/freertos/lib\libFreeRTOS.a(tasks.o)
                0x2000e6e8                vTaskDelete
 .text.vTaskStartScheduler
                0x2000e770       0xc8 C:/ISIS/workspace/GlobusSatProject2/satellite-subsystems/demo/../..//hal/freertos/lib\libFreeRTOS.a(tasks.o)
                0x2000e770                vTaskStartScheduler
 .text.vTaskSuspendAll
                0x2000e838       0x18 C:/ISIS/workspace/GlobusSatProject2/satellite-subsystems/demo/../..//hal/freertos/lib\libFreeRTOS.a(tasks.o)
                0x2000e838                vTaskSuspendAll
 .text.xTaskGetTickCount
                0x2000e850       0x20 C:/ISIS/workspace/GlobusSatProject2/satellite-subsystems/demo/../..//hal/freertos/lib\libFreeRTOS.a(tasks.o)
                0x2000e850                xTaskGetTickCount
 .text.xTaskIncrementTick
                0x2000e870      0x16c C:/ISIS/workspace/GlobusSatProject2/satellite-subsystems/demo/../..//hal/freertos/lib\libFreeRTOS.a(tasks.o)
                0x2000e870                xTaskIncrementTick
 .text.xTaskResumeAll
                0x2000e9dc      0x140 C:/ISIS/workspace/GlobusSatProject2/satellite-subsystems/demo/../..//hal/freertos/lib\libFreeRTOS.a(tasks.o)
                0x2000e9dc                xTaskResumeAll
 .text.prvIdleTask
                0x2000eb1c       0x7c C:/ISIS/workspace/GlobusSatProject2/satellite-subsystems/demo/../..//hal/freertos/lib\libFreeRTOS.a(tasks.o)
 .text.vTaskDelay
                0x2000eb98       0x4c C:/ISIS/workspace/GlobusSatProject2/satellite-subsystems/demo/../..//hal/freertos/lib\libFreeRTOS.a(tasks.o)
                0x2000eb98                vTaskDelay
 .text.vTaskDelayUntil
                0x2000ebe4       0xe0 C:/ISIS/workspace/GlobusSatProject2/satellite-subsystems/demo/../..//hal/freertos/lib\libFreeRTOS.a(tasks.o)
                0x2000ebe4                vTaskDelayUntil
 .text.vTaskSwitchContext
                0x2000ecc4       0xfc C:/ISIS/workspace/GlobusSatProject2/satellite-subsystems/demo/../..//hal/freertos/lib\libFreeRTOS.a(tasks.o)
                0x2000ecc4                vTaskSwitchContext
 .text.vTaskPlaceOnEventList
                0x2000edc0       0x84 C:/ISIS/workspace/GlobusSatProject2/satellite-subsystems/demo/../..//hal/freertos/lib\libFreeRTOS.a(tasks.o)
                0x2000edc0                vTaskPlaceOnEventList
 .text.vTaskPlaceOnEventListRestricted
                0x2000ee44       0x6c C:/ISIS/workspace/GlobusSatProject2/satellite-subsystems/demo/../..//hal/freertos/lib\libFreeRTOS.a(tasks.o)
                0x2000ee44                vTaskPlaceOnEventListRestricted
 .text.xTaskRemoveFromEventList
                0x2000eeb0       0xbc C:/ISIS/workspace/GlobusSatProject2/satellite-subsystems/demo/../..//hal/freertos/lib\libFreeRTOS.a(tasks.o)
                0x2000eeb0                xTaskRemoveFromEventList
 .text.vTaskSetTimeOutState
                0x2000ef6c       0x54 C:/ISIS/workspace/GlobusSatProject2/satellite-subsystems/demo/../..//hal/freertos/lib\libFreeRTOS.a(tasks.o)
                0x2000ef6c                vTaskSetTimeOutState
 .text.xTaskCheckForTimeOut
                0x2000efc0       0xd4 C:/ISIS/workspace/GlobusSatProject2/satellite-subsystems/demo/../..//hal/freertos/lib\libFreeRTOS.a(tasks.o)
                0x2000efc0                xTaskCheckForTimeOut
 .text.vTaskMissedYield
                0x2000f094       0x14 C:/ISIS/workspace/GlobusSatProject2/satellite-subsystems/demo/../..//hal/freertos/lib\libFreeRTOS.a(tasks.o)
                0x2000f094                vTaskMissedYield
 .text.xTaskGetCurrentTaskHandle
                0x2000f0a8       0x10 C:/ISIS/workspace/GlobusSatProject2/satellite-subsystems/demo/../..//hal/freertos/lib\libFreeRTOS.a(tasks.o)
                0x2000f0a8                xTaskGetCurrentTaskHandle
 .text.xTaskGetSchedulerState
                0x2000f0b8       0x28 C:/ISIS/workspace/GlobusSatProject2/satellite-subsystems/demo/../..//hal/freertos/lib\libFreeRTOS.a(tasks.o)
                0x2000f0b8                xTaskGetSchedulerState
 .text.vTaskPriorityInherit
                0x2000f0e0       0x98 C:/ISIS/workspace/GlobusSatProject2/satellite-subsystems/demo/../..//hal/freertos/lib\libFreeRTOS.a(tasks.o)
                0x2000f0e0                vTaskPriorityInherit
 .text.vTaskPriorityDisinherit
                0x2000f178       0x68 C:/ISIS/workspace/GlobusSatProject2/satellite-subsystems/demo/../..//hal/freertos/lib\libFreeRTOS.a(tasks.o)
                0x2000f178                vTaskPriorityDisinherit
 .text.prvCheckForValidListAndQueue
                0x2000f1e0       0x58 C:/ISIS/workspace/GlobusSatProject2/satellite-subsystems/demo/../..//hal/freertos/lib\libFreeRTOS.a(timers.o)
 .text.prvInsertTimerInActiveList
                0x2000f238       0x70 C:/ISIS/workspace/GlobusSatProject2/satellite-subsystems/demo/../..//hal/freertos/lib\libFreeRTOS.a(timers.o)
 .text.xTimerCreateTimerTask
                0x2000f2a8       0x88 C:/ISIS/workspace/GlobusSatProject2/satellite-subsystems/demo/../..//hal/freertos/lib\libFreeRTOS.a(timers.o)
                0x2000f2a8                xTimerCreateTimerTask
 .text.xTimerGenericCommand
                0x2000f330       0x70 C:/ISIS/workspace/GlobusSatProject2/satellite-subsystems/demo/../..//hal/freertos/lib\libFreeRTOS.a(timers.o)
                0x2000f330                xTimerGenericCommand
 .text.prvSwitchTimerLists.isra.1
                0x2000f3a0       0xd0 C:/ISIS/workspace/GlobusSatProject2/satellite-subsystems/demo/../..//hal/freertos/lib\libFreeRTOS.a(timers.o)
 .text.prvTimerTask
                0x2000f470      0x288 C:/ISIS/workspace/GlobusSatProject2/satellite-subsystems/demo/../..//hal/freertos/lib\libFreeRTOS.a(timers.o)
 .text.vApplicationStackOverflowHook
                0x2000f6f8       0x50 C:/ISIS/workspace/GlobusSatProject2/satellite-subsystems/demo/../..//hal/freertos/lib\libFreeRTOS.a(hooks.o)
                0x2000f6f8                vApplicationStackOverflowHook
 .text.vApplicationIdleHook
                0x2000f748        0x4 C:/ISIS/workspace/GlobusSatProject2/satellite-subsystems/demo/../..//hal/freertos/lib\libFreeRTOS.a(hooks.o)
                0x2000f748                vApplicationIdleHook
 .text.vApplicationMallocFailedHook
                0x2000f74c       0x28 C:/ISIS/workspace/GlobusSatProject2/satellite-subsystems/demo/../..//hal/freertos/lib\libFreeRTOS.a(hooks.o)
                0x2000f74c                vApplicationMallocFailedHook
 .text.pvPortMalloc
                0x2000f774        0x4 C:/ISIS/workspace/GlobusSatProject2/satellite-subsystems/demo/../..//hal/freertos/lib\libFreeRTOS.a(standardMemMang.o)
                0x2000f774                pvPortMalloc
 .text.vPortFree
                0x2000f778        0x4 C:/ISIS/workspace/GlobusSatProject2/satellite-subsystems/demo/../..//hal/freertos/lib\libFreeRTOS.a(standardMemMang.o)
                0x2000f778                vPortFree
 .text._sbrk    0x2000f77c       0x78 C:/ISIS/workspace/GlobusSatProject2/satellite-subsystems/demo/../..//hal/freertos/lib\libFreeRTOS.a(standardMemMang.o)
                0x2000f77c                _sbrk
 .text.__malloc_lock
                0x2000f7f4        0x4 C:/ISIS/workspace/GlobusSatProject2/satellite-subsystems/demo/../..//hal/freertos/lib\libFreeRTOS.a(standardMemMang.o)
                0x2000f7f4                __malloc_lock
 .text.__malloc_unlock
                0x2000f7f8        0x4 C:/ISIS/workspace/GlobusSatProject2/satellite-subsystems/demo/../..//hal/freertos/lib\libFreeRTOS.a(standardMemMang.o)
                0x2000f7f8                __malloc_unlock
 .text.pxPortInitialiseStack
                0x2000f7fc       0xb8 C:/ISIS/workspace/GlobusSatProject2/satellite-subsystems/demo/../..//hal/freertos/lib\libFreeRTOS.a(port.o)
                0x2000f7fc                pxPortInitialiseStack
 .text.xPortStartScheduler
                0x2000f8b4       0x94 C:/ISIS/workspace/GlobusSatProject2/satellite-subsystems/demo/../..//hal/freertos/lib\libFreeRTOS.a(port.o)
                0x2000f8b4                xPortStartScheduler
 .text.vPortEnterCritical
                0x2000f948       0x2c C:/ISIS/workspace/GlobusSatProject2/satellite-subsystems/demo/../..//hal/freertos/lib\libFreeRTOS.a(port.o)
                0x2000f948                vPortEnterCritical
 .text.vPortExitCritical
                0x2000f974       0x44 C:/ISIS/workspace/GlobusSatProject2/satellite-subsystems/demo/../..//hal/freertos/lib\libFreeRTOS.a(port.o)
                0x2000f974                vPortExitCritical
 .text._read    0x2000f9b8       0x54 C:/ISIS/workspace/GlobusSatProject2/satellite-subsystems/demo/../..//hal/at91/lib\libAt91.a(syscalls.o)
                0x2000f9b8                _read
 .text._write   0x2000fa0c       0x6c C:/ISIS/workspace/GlobusSatProject2/satellite-subsystems/demo/../..//hal/at91/lib\libAt91.a(syscalls.o)
                0x2000fa0c                _write
 .text._lseek   0x2000fa78        0x8 C:/ISIS/workspace/GlobusSatProject2/satellite-subsystems/demo/../..//hal/at91/lib\libAt91.a(syscalls.o)
                0x2000fa78                _lseek
 .text._close   0x2000fa80        0x8 C:/ISIS/workspace/GlobusSatProject2/satellite-subsystems/demo/../..//hal/at91/lib\libAt91.a(syscalls.o)
                0x2000fa80                _close
 .text._fstat   0x2000fa88        0x8 C:/ISIS/workspace/GlobusSatProject2/satellite-subsystems/demo/../..//hal/at91/lib\libAt91.a(syscalls.o)
                0x2000fa88                _fstat
 .text._isatty  0x2000fa90       0x10 C:/ISIS/workspace/GlobusSatProject2/satellite-subsystems/demo/../..//hal/at91/lib\libAt91.a(syscalls.o)
                0x2000fa90                _isatty
 .text._exit    0x2000faa0       0x1c C:/ISIS/workspace/GlobusSatProject2/satellite-subsystems/demo/../..//hal/at91/lib\libAt91.a(syscalls.o)
                0x2000faa0                _exit
 .text.exit     0x2000fabc        0x8 C:/ISIS/workspace/GlobusSatProject2/satellite-subsystems/demo/../..//hal/at91/lib\libAt91.a(syscalls.o)
                0x2000fabc                exit
 .text.AIC_ConfigureIT
                0x2000fac4       0x30 C:/ISIS/workspace/GlobusSatProject2/satellite-subsystems/demo/../..//hal/at91/lib\libAt91.a(aic.o)
                0x2000fac4                AIC_ConfigureIT
 .text.AIC_EnableIT
                0x2000faf4       0x14 C:/ISIS/workspace/GlobusSatProject2/satellite-subsystems/demo/../..//hal/at91/lib\libAt91.a(aic.o)
                0x2000faf4                AIC_EnableIT
 .text.AIC_DisableIT
                0x2000fb08       0x14 C:/ISIS/workspace/GlobusSatProject2/satellite-subsystems/demo/../..//hal/at91/lib\libAt91.a(aic.o)
                0x2000fb08                AIC_DisableIT
 .text.CP15_Enable_I_Cache
                0x2000fb1c       0x1c C:/ISIS/workspace/GlobusSatProject2/satellite-subsystems/demo/../..//hal/at91/lib\libAt91.a(cp15.o)
                0x2000fb1c                CP15_Enable_I_Cache
 .text.CP15_Disable_I_Cache
                0x2000fb38       0x1c C:/ISIS/workspace/GlobusSatProject2/satellite-subsystems/demo/../..//hal/at91/lib\libAt91.a(cp15.o)
                0x2000fb38                CP15_Disable_I_Cache
 .text.CP15_DisableMMU
                0x2000fb54       0x1c C:/ISIS/workspace/GlobusSatProject2/satellite-subsystems/demo/../..//hal/at91/lib\libAt91.a(cp15.o)
                0x2000fb54                CP15_DisableMMU
 .text.CP15_Disable_D_Cache
                0x2000fb70       0x1c C:/ISIS/workspace/GlobusSatProject2/satellite-subsystems/demo/../..//hal/at91/lib\libAt91.a(cp15.o)
                0x2000fb70                CP15_Disable_D_Cache
 .text.CP15_Disable_AlignmentFault
                0x2000fb8c       0x1c C:/ISIS/workspace/GlobusSatProject2/satellite-subsystems/demo/../..//hal/at91/lib\libAt91.a(cp15.o)
                0x2000fb8c                CP15_Disable_AlignmentFault
 .text.DBGU_Configure
                0x2000fba8       0x44 C:/ISIS/workspace/GlobusSatProject2/satellite-subsystems/demo/../..//hal/at91/lib\libAt91.a(dbgu.o)
                0x2000fba8                DBGU_Configure
 .text.DBGU_PutChar
                0x2000fbec       0x28 C:/ISIS/workspace/GlobusSatProject2/satellite-subsystems/demo/../..//hal/at91/lib\libAt91.a(dbgu.o)
                0x2000fbec                DBGU_PutChar
 .text.DBGU_IsRxReady
                0x2000fc14       0x10 C:/ISIS/workspace/GlobusSatProject2/satellite-subsystems/demo/../..//hal/at91/lib\libAt91.a(dbgu.o)
                0x2000fc14                DBGU_IsRxReady
 .text.DBGU_GetChar
                0x2000fc24       0x1c C:/ISIS/workspace/GlobusSatProject2/satellite-subsystems/demo/../..//hal/at91/lib\libAt91.a(dbgu.o)
                0x2000fc24                DBGU_GetChar
 .text.PioInterruptHandler
                0x2000fc40       0x84 C:/ISIS/workspace/GlobusSatProject2/satellite-subsystems/demo/../..//hal/at91/lib\libAt91.a(pio_it.o)
 .text.InterruptHandler
                0x2000fcc4       0x38 C:/ISIS/workspace/GlobusSatProject2/satellite-subsystems/demo/../..//hal/at91/lib\libAt91.a(pio_it.o)
 .text.PIO_InitializeInterrupts
                0x2000fcfc       0xa4 C:/ISIS/workspace/GlobusSatProject2/satellite-subsystems/demo/../..//hal/at91/lib\libAt91.a(pio_it.o)
                0x2000fcfc                PIO_InitializeInterrupts
 .text.PIO_ConfigureIt
                0x2000fda0       0x44 C:/ISIS/workspace/GlobusSatProject2/satellite-subsystems/demo/../..//hal/at91/lib\libAt91.a(pio_it.o)
                0x2000fda0                PIO_ConfigureIt
 .text.PIO_EnableIt
                0x2000fde4       0x6c C:/ISIS/workspace/GlobusSatProject2/satellite-subsystems/demo/../..//hal/at91/lib\libAt91.a(pio_it.o)
                0x2000fde4                PIO_EnableIt
 .text.PIO_DisableIt
                0x2000fe50       0x18 C:/ISIS/workspace/GlobusSatProject2/satellite-subsystems/demo/../..//hal/at91/lib\libAt91.a(pio_it.o)
                0x2000fe50                PIO_DisableIt
 .text.PIO_Configure
                0x2000fe68      0x128 C:/ISIS/workspace/GlobusSatProject2/satellite-subsystems/demo/../..//hal/at91/lib\libAt91.a(pio.o)
                0x2000fe68                PIO_Configure
 .text.PIO_Set  0x2000ff90       0x10 C:/ISIS/workspace/GlobusSatProject2/satellite-subsystems/demo/../..//hal/at91/lib\libAt91.a(pio.o)
                0x2000ff90                PIO_Set
 .text.PIO_Clear
                0x2000ffa0       0x10 C:/ISIS/workspace/GlobusSatProject2/satellite-subsystems/demo/../..//hal/at91/lib\libAt91.a(pio.o)
                0x2000ffa0                PIO_Clear
 .text.PIO_Get  0x2000ffb0       0x34 C:/ISIS/workspace/GlobusSatProject2/satellite-subsystems/demo/../..//hal/at91/lib\libAt91.a(pio.o)
                0x2000ffb0                PIO_Get
 .text.PIT_Init
                0x2000ffe4       0x28 C:/ISIS/workspace/GlobusSatProject2/satellite-subsystems/demo/../..//hal/at91/lib\libAt91.a(pit.o)
                0x2000ffe4                PIT_Init
 .text.PIT_Enable
                0x2001000c       0x14 C:/ISIS/workspace/GlobusSatProject2/satellite-subsystems/demo/../..//hal/at91/lib\libAt91.a(pit.o)
                0x2001000c                PIT_Enable
 .text.PIT_EnableIT
                0x20010020       0x14 C:/ISIS/workspace/GlobusSatProject2/satellite-subsystems/demo/../..//hal/at91/lib\libAt91.a(pit.o)
                0x20010020                PIT_EnableIT
 .text.PMC_EnablePeripheral
                0x20010034       0x54 C:/ISIS/workspace/GlobusSatProject2/satellite-subsystems/demo/../..//hal/at91/lib\libAt91.a(pmc.o)
                0x20010034                PMC_EnablePeripheral
 .text.PMC_DisablePeripheral
                0x20010088       0x54 C:/ISIS/workspace/GlobusSatProject2/satellite-subsystems/demo/../..//hal/at91/lib\libAt91.a(pmc.o)
                0x20010088                PMC_DisablePeripheral
 .text.SPI_Enable
                0x200100dc        0xc C:/ISIS/workspace/GlobusSatProject2/satellite-subsystems/demo/../..//hal/at91/lib\libAt91.a(spi_at91.o)
                0x200100dc                SPI_Enable
 .text.SPI_Disable
                0x200100e8        0xc C:/ISIS/workspace/GlobusSatProject2/satellite-subsystems/demo/../..//hal/at91/lib\libAt91.a(spi_at91.o)
                0x200100e8                SPI_Disable
 .text.SPI_Configure
                0x200100f4       0x2c C:/ISIS/workspace/GlobusSatProject2/satellite-subsystems/demo/../..//hal/at91/lib\libAt91.a(spi_at91.o)
                0x200100f4                SPI_Configure
 .text.SPI_ConfigureNPCS
                0x20010120        0xc C:/ISIS/workspace/GlobusSatProject2/satellite-subsystems/demo/../..//hal/at91/lib\libAt91.a(spi_at91.o)
                0x20010120                SPI_ConfigureNPCS
 .text.TWI_ConfigureMaster
                0x2001012c      0x194 C:/ISIS/workspace/GlobusSatProject2/satellite-subsystems/demo/../..//hal/at91/lib\libAt91.a(twi_at91.o)
                0x2001012c                TWI_ConfigureMaster
 .text.TWI_GetMaskedStatus
                0x200102c0       0x48 C:/ISIS/workspace/GlobusSatProject2/satellite-subsystems/demo/../..//hal/at91/lib\libAt91.a(twi_at91.o)
                0x200102c0                TWI_GetMaskedStatus
 .text.print_hex
                0x20010308       0x44 C:/ISIS/workspace/GlobusSatProject2/satellite-subsystems/demo/../..//hal/at91/lib\libAt91.a(ExitHandler.o)
 .text.handleAbort
                0x2001034c      0x880 C:/ISIS/workspace/GlobusSatProject2/satellite-subsystems/demo/../..//hal/at91/lib\libAt91.a(ExitHandler.o)
                0x2001034c                handleAbort
 .text.restart  0x20010bcc       0x2c C:/ISIS/workspace/GlobusSatProject2/satellite-subsystems/demo/../..//hal/at91/lib\libAt91.a(ExitHandler.o)
                0x20010bcc                restart
 .text.defaultSpuriousHandler
                0x20010bf8        0x4 C:/ISIS/workspace/GlobusSatProject2/satellite-subsystems/demo/../..//hal/at91/lib\libAt91.a(board_lowlevel.o)
                0x20010bf8                defaultSpuriousHandler
 .text.defaultIrqHandler
                0x20010bfc       0x30 C:/ISIS/workspace/GlobusSatProject2/satellite-subsystems/demo/../..//hal/at91/lib\libAt91.a(board_lowlevel.o)
                0x20010bfc                defaultIrqHandler
 .text.defaultFiqHandler
                0x20010c2c       0x30 C:/ISIS/workspace/GlobusSatProject2/satellite-subsystems/demo/../..//hal/at91/lib\libAt91.a(board_lowlevel.o)
                0x20010c2c                defaultFiqHandler
 .text.LowLevelInit
                0x20010c5c       0x94 C:/ISIS/workspace/GlobusSatProject2/satellite-subsystems/demo/../..//hal/at91/lib\libAt91.a(board_lowlevel.o)
                0x20010c5c                LowLevelInit
 .text.BOARD_RemapRam
                0x20010cf0       0x10 C:/ISIS/workspace/GlobusSatProject2/satellite-subsystems/demo/../..//hal/at91/lib\libAt91.a(board_memories.o)
                0x20010cf0                BOARD_RemapRam
 .text.__errno  0x20010d00       0x10 c:/isis/application/toolchain/bin/../lib/gcc/arm-none-eabi/4.7.4/../../../../arm-none-eabi/lib\libc.a(lib_a-errno.o)
                0x20010d00                __errno
 .text._fflush_r
                0x20010d10      0x250 c:/isis/application/toolchain/bin/../lib/gcc/arm-none-eabi/4.7.4/../../../../arm-none-eabi/lib\libc.a(lib_a-fflush.o)
                0x20010d10                _fflush_r
 .text.fflush   0x20010f60       0x40 c:/isis/application/toolchain/bin/../lib/gcc/arm-none-eabi/4.7.4/../../../../arm-none-eabi/lib\libc.a(lib_a-fflush.o)
                0x20010f60                fflush
 .text._cleanup_r
                0x20010fa0       0x18 c:/isis/application/toolchain/bin/../lib/gcc/arm-none-eabi/4.7.4/../../../../arm-none-eabi/lib\libc.a(lib_a-findfp.o)
                0x20010fa0                _cleanup_r
 .text.std.isra.0
                0x20010fb8       0x7c c:/isis/application/toolchain/bin/../lib/gcc/arm-none-eabi/4.7.4/../../../../arm-none-eabi/lib\libc.a(lib_a-findfp.o)
 .text.__sinit  0x20011034       0x78 c:/isis/application/toolchain/bin/../lib/gcc/arm-none-eabi/4.7.4/../../../../arm-none-eabi/lib\libc.a(lib_a-findfp.o)
                0x20011034                __sinit
 .text.__sfp_lock_acquire
                0x200110ac        0x4 c:/isis/application/toolchain/bin/../lib/gcc/arm-none-eabi/4.7.4/../../../../arm-none-eabi/lib\libc.a(lib_a-findfp.o)
                0x200110ac                __sfp_lock_acquire
 .text.__sfp_lock_release
                0x200110b0        0x4 c:/isis/application/toolchain/bin/../lib/gcc/arm-none-eabi/4.7.4/../../../../arm-none-eabi/lib\libc.a(lib_a-findfp.o)
                0x200110b0                __sfp_lock_release
 .text._malloc_trim_r
                0x200110b4       0xfc c:/isis/application/toolchain/bin/../lib/gcc/arm-none-eabi/4.7.4/../../../../arm-none-eabi/lib\libc.a(lib_a-freer.o)
                0x200110b4                _malloc_trim_r
 .text._free_r  0x200111b0      0x26c c:/isis/application/toolchain/bin/../lib/gcc/arm-none-eabi/4.7.4/../../../../arm-none-eabi/lib\libc.a(lib_a-freer.o)
                0x200111b0                _free_r
 .text._fwalk   0x2001141c       0x88 c:/isis/application/toolchain/bin/../lib/gcc/arm-none-eabi/4.7.4/../../../../arm-none-eabi/lib\libc.a(lib_a-fwalk.o)
                0x2001141c                _fwalk
 .text._fwalk_reent
                0x200114a4       0x8c c:/isis/application/toolchain/bin/../lib/gcc/arm-none-eabi/4.7.4/../../../../arm-none-eabi/lib\libc.a(lib_a-fwalk.o)
                0x200114a4                _fwalk_reent
 .text.malloc   0x20011530       0x20 c:/isis/application/toolchain/bin/../lib/gcc/arm-none-eabi/4.7.4/../../../../arm-none-eabi/lib\libc.a(lib_a-malloc.o)
                0x20011530                malloc
 .text.free     0x20011550       0x20 c:/isis/application/toolchain/bin/../lib/gcc/arm-none-eabi/4.7.4/../../../../arm-none-eabi/lib\libc.a(lib_a-malloc.o)
                0x20011550                free
 .text._malloc_r
                0x20011570      0x73c c:/isis/application/toolchain/bin/../lib/gcc/arm-none-eabi/4.7.4/../../../../arm-none-eabi/lib\libc.a(lib_a-mallocr.o)
                0x20011570                _malloc_r
 .text.memcmp   0x20011cac       0xb4 c:/isis/application/toolchain/bin/../lib/gcc/arm-none-eabi/4.7.4/../../../../arm-none-eabi/lib\libc.a(lib_a-memcmp.o)
                0x20011cac                memcmp
 .text.memcpy   0x20011d60       0xf4 c:/isis/application/toolchain/bin/../lib/gcc/arm-none-eabi/4.7.4/../../../../arm-none-eabi/lib\libc.a(lib_a-memcpy.o)
                0x20011d60                memcpy
 .text.memset   0x20011e54       0xf8 c:/isis/application/toolchain/bin/../lib/gcc/arm-none-eabi/4.7.4/../../../../arm-none-eabi/lib\libc.a(lib_a-memset.o)
                0x20011e54                memset
 .text.printf   0x20011f4c       0x40 c:/isis/application/toolchain/bin/../lib/gcc/arm-none-eabi/4.7.4/../../../../arm-none-eabi/lib\libc.a(lib_a-printf.o)
                0x20011f4c                printf
 .text._puts_r  0x20011f8c       0xa4 c:/isis/application/toolchain/bin/../lib/gcc/arm-none-eabi/4.7.4/../../../../arm-none-eabi/lib\libc.a(lib_a-puts.o)
                0x20011f8c                _puts_r
 .text.puts     0x20012030       0x14 c:/isis/application/toolchain/bin/../lib/gcc/arm-none-eabi/4.7.4/../../../../arm-none-eabi/lib\libc.a(lib_a-puts.o)
                0x20012030                puts
 .text._sbrk_r  0x20012044       0x40 c:/isis/application/toolchain/bin/../lib/gcc/arm-none-eabi/4.7.4/../../../../arm-none-eabi/lib\libc.a(lib_a-sbrkr.o)
                0x20012044                _sbrk_r
 .text.snprintf
                0x20012084       0x9c c:/isis/application/toolchain/bin/../lib/gcc/arm-none-eabi/4.7.4/../../../../arm-none-eabi/lib\libc.a(lib_a-snprintf.o)
                0x20012084                snprintf
 .text.__sread  0x20012120       0x34 c:/isis/application/toolchain/bin/../lib/gcc/arm-none-eabi/4.7.4/../../../../arm-none-eabi/lib\libc.a(lib_a-stdio.o)
                0x20012120                __sread
 .text.__swrite
                0x20012154       0x58 c:/isis/application/toolchain/bin/../lib/gcc/arm-none-eabi/4.7.4/../../../../arm-none-eabi/lib\libc.a(lib_a-stdio.o)
                0x20012154                __swrite
 .text.__sseek  0x200121ac       0x34 c:/isis/application/toolchain/bin/../lib/gcc/arm-none-eabi/4.7.4/../../../../arm-none-eabi/lib\libc.a(lib_a-stdio.o)
                0x200121ac                __sseek
 .text.__sclose
                0x200121e0       0x14 c:/isis/application/toolchain/bin/../lib/gcc/arm-none-eabi/4.7.4/../../../../arm-none-eabi/lib\libc.a(lib_a-stdio.o)
                0x200121e0                __sclose
 .text.strlen   0x200121f4       0x60 c:/isis/application/toolchain/bin/../lib/gcc/arm-none-eabi/4.7.4/../../../../arm-none-eabi/lib\libc.a(lib_a-strlen.o)
                0x200121f4                strlen
 .text._strtol_r
                0x20012254      0x1cc c:/isis/application/toolchain/bin/../lib/gcc/arm-none-eabi/4.7.4/../../../../arm-none-eabi/lib\libc.a(lib_a-strtol.o)
                0x20012254                _strtol_r
 .text.strtol   0x20012420       0x2c c:/isis/application/toolchain/bin/../lib/gcc/arm-none-eabi/4.7.4/../../../../arm-none-eabi/lib\libc.a(lib_a-strtol.o)
                0x20012420                strtol
 .text._svfprintf_r
                0x2001244c     0x1f80 c:/isis/application/toolchain/bin/../lib/gcc/arm-none-eabi/4.7.4/../../../../arm-none-eabi/lib\libc.a(lib_a-svfprintf.o)
                0x2001244c                _svfprintf_r
 .text.write    0x200143cc       0x30 c:/isis/application/toolchain/bin/../lib/gcc/arm-none-eabi/4.7.4/../../../../arm-none-eabi/lib\libc.a(lib_a-syswrite.o)
                0x200143cc                write
 .text._vfprintf_r
                0x200143fc     0x1fe8 c:/isis/application/toolchain/bin/../lib/gcc/arm-none-eabi/4.7.4/../../../../arm-none-eabi/lib\libc.a(lib_a-vfprintf.o)
                0x200143fc                _vfprintf_r
 .text.__sbprintf
                0x200163e4       0xd0 c:/isis/application/toolchain/bin/../lib/gcc/arm-none-eabi/4.7.4/../../../../arm-none-eabi/lib\libc.a(lib_a-vfprintf.o)
 .text._write_r
                0x200164b4       0x44 c:/isis/application/toolchain/bin/../lib/gcc/arm-none-eabi/4.7.4/../../../../arm-none-eabi/lib\libc.a(lib_a-writer.o)
                0x200164b4                _write_r
 .text.__swsetup_r
                0x200164f8      0x138 c:/isis/application/toolchain/bin/../lib/gcc/arm-none-eabi/4.7.4/../../../../arm-none-eabi/lib\libc.a(lib_a-wsetup.o)
                0x200164f8                __swsetup_r
 .text._close_r
                0x20016630       0x3c c:/isis/application/toolchain/bin/../lib/gcc/arm-none-eabi/4.7.4/../../../../arm-none-eabi/lib\libc.a(lib_a-closer.o)
                0x20016630                _close_r
 .text.quorem   0x2001666c      0x1e0 c:/isis/application/toolchain/bin/../lib/gcc/arm-none-eabi/4.7.4/../../../../arm-none-eabi/lib\libc.a(lib_a-dtoa.o)
 *fill*         0x2001684c        0x4 00
 .text._dtoa_r  0x20016850     0x1698 c:/isis/application/toolchain/bin/../lib/gcc/arm-none-eabi/4.7.4/../../../../arm-none-eabi/lib\libc.a(lib_a-dtoa.o)
                0x20016850                _dtoa_r
 .text._fclose_r
                0x20017ee8       0xf8 c:/isis/application/toolchain/bin/../lib/gcc/arm-none-eabi/4.7.4/../../../../arm-none-eabi/lib\libc.a(lib_a-fclose.o)
                0x20017ee8                _fclose_r
 .text.fclose   0x20017fe0       0x14 c:/isis/application/toolchain/bin/../lib/gcc/arm-none-eabi/4.7.4/../../../../arm-none-eabi/lib\libc.a(lib_a-fclose.o)
                0x20017fe0                fclose
 .text.__sfvwrite_r
                0x20017ff4      0x4c4 c:/isis/application/toolchain/bin/../lib/gcc/arm-none-eabi/4.7.4/../../../../arm-none-eabi/lib\libc.a(lib_a-fvwrite.o)
                0x20017ff4                __sfvwrite_r
 .text.__locale_charset
                0x200184b8        0xc c:/isis/application/toolchain/bin/../lib/gcc/arm-none-eabi/4.7.4/../../../../arm-none-eabi/lib\libc.a(lib_a-locale.o)
                0x200184b8                __locale_charset
 .text.__locale_mb_cur_max
                0x200184c4       0x10 c:/isis/application/toolchain/bin/../lib/gcc/arm-none-eabi/4.7.4/../../../../arm-none-eabi/lib\libc.a(lib_a-locale.o)
                0x200184c4                __locale_mb_cur_max
 .text._localeconv_r
                0x200184d4        0xc c:/isis/application/toolchain/bin/../lib/gcc/arm-none-eabi/4.7.4/../../../../arm-none-eabi/lib\libc.a(lib_a-locale.o)
                0x200184d4                _localeconv_r
 .text._lseek_r
                0x200184e0       0x44 c:/isis/application/toolchain/bin/../lib/gcc/arm-none-eabi/4.7.4/../../../../arm-none-eabi/lib\libc.a(lib_a-lseekr.o)
                0x200184e0                _lseek_r
 .text.__smakebuf_r
                0x20018524      0x15c c:/isis/application/toolchain/bin/../lib/gcc/arm-none-eabi/4.7.4/../../../../arm-none-eabi/lib\libc.a(lib_a-makebuf.o)
                0x20018524                __smakebuf_r
 .text.memchr   0x20018680      0x11c c:/isis/application/toolchain/bin/../lib/gcc/arm-none-eabi/4.7.4/../../../../arm-none-eabi/lib\libc.a(lib_a-memchr.o)
                0x20018680                memchr
 .text.memmove  0x2001879c      0x134 c:/isis/application/toolchain/bin/../lib/gcc/arm-none-eabi/4.7.4/../../../../arm-none-eabi/lib\libc.a(lib_a-memmove.o)
                0x2001879c                memmove
 .text._Balloc  0x200188d0       0x8c c:/isis/application/toolchain/bin/../lib/gcc/arm-none-eabi/4.7.4/../../../../arm-none-eabi/lib\libc.a(lib_a-mprec.o)
                0x200188d0                _Balloc
 .text._Bfree   0x2001895c       0x1c c:/isis/application/toolchain/bin/../lib/gcc/arm-none-eabi/4.7.4/../../../../arm-none-eabi/lib\libc.a(lib_a-mprec.o)
                0x2001895c                _Bfree
 .text.__multadd
                0x20018978       0xdc c:/isis/application/toolchain/bin/../lib/gcc/arm-none-eabi/4.7.4/../../../../arm-none-eabi/lib\libc.a(lib_a-mprec.o)
                0x20018978                __multadd
 .text.__hi0bits
                0x20018a54       0x50 c:/isis/application/toolchain/bin/../lib/gcc/arm-none-eabi/4.7.4/../../../../arm-none-eabi/lib\libc.a(lib_a-mprec.o)
                0x20018a54                __hi0bits
 .text.__lo0bits
                0x20018aa4       0x94 c:/isis/application/toolchain/bin/../lib/gcc/arm-none-eabi/4.7.4/../../../../arm-none-eabi/lib\libc.a(lib_a-mprec.o)
                0x20018aa4                __lo0bits
 .text.__i2b    0x20018b38       0x24 c:/isis/application/toolchain/bin/../lib/gcc/arm-none-eabi/4.7.4/../../../../arm-none-eabi/lib\libc.a(lib_a-mprec.o)
                0x20018b38                __i2b
 .text.__multiply
                0x20018b5c      0x1e4 c:/isis/application/toolchain/bin/../lib/gcc/arm-none-eabi/4.7.4/../../../../arm-none-eabi/lib\libc.a(lib_a-mprec.o)
                0x20018b5c                __multiply
 .text.__pow5mult
                0x20018d40       0xf4 c:/isis/application/toolchain/bin/../lib/gcc/arm-none-eabi/4.7.4/../../../../arm-none-eabi/lib\libc.a(lib_a-mprec.o)
                0x20018d40                __pow5mult
 .text.__lshift
                0x20018e34      0x104 c:/isis/application/toolchain/bin/../lib/gcc/arm-none-eabi/4.7.4/../../../../arm-none-eabi/lib\libc.a(lib_a-mprec.o)
                0x20018e34                __lshift
 .text.__mcmp   0x20018f38       0x64 c:/isis/application/toolchain/bin/../lib/gcc/arm-none-eabi/4.7.4/../../../../arm-none-eabi/lib\libc.a(lib_a-mprec.o)
                0x20018f38                __mcmp
 .text.__mdiff  0x20018f9c      0x14c c:/isis/application/toolchain/bin/../lib/gcc/arm-none-eabi/4.7.4/../../../../arm-none-eabi/lib\libc.a(lib_a-mprec.o)
                0x20018f9c                __mdiff
 .text.__d2b    0x200190e8      0x108 c:/isis/application/toolchain/bin/../lib/gcc/arm-none-eabi/4.7.4/../../../../arm-none-eabi/lib\libc.a(lib_a-mprec.o)
                0x200190e8                __d2b
 .text._read_r  0x200191f0       0x44 c:/isis/application/toolchain/bin/../lib/gcc/arm-none-eabi/4.7.4/../../../../arm-none-eabi/lib\libc.a(lib_a-readr.o)
                0x200191f0                _read_r
 .text._realloc_r
                0x20019234      0x574 c:/isis/application/toolchain/bin/../lib/gcc/arm-none-eabi/4.7.4/../../../../arm-none-eabi/lib\libc.a(lib_a-reallocr.o)
                0x20019234                _realloc_r
 .text.__ssprint_r
                0x200197a8      0x1a4 c:/isis/application/toolchain/bin/../lib/gcc/arm-none-eabi/4.7.4/../../../../arm-none-eabi/lib\libc.a(lib_a-svfiprintf.o)
                0x200197a8                __ssprint_r
 .text.__sprint_r
                0x2001994c       0xc0 c:/isis/application/toolchain/bin/../lib/gcc/arm-none-eabi/4.7.4/../../../../arm-none-eabi/lib\libc.a(lib_a-vfiprintf.o)
                0x2001994c                __sprint_r
 .text._calloc_r
                0x20019a0c       0x94 c:/isis/application/toolchain/bin/../lib/gcc/arm-none-eabi/4.7.4/../../../../arm-none-eabi/lib\libc.a(lib_a-callocr.o)
                0x20019a0c                _calloc_r
 .text._fputwc_r
                0x20019aa0      0x150 c:/isis/application/toolchain/bin/../lib/gcc/arm-none-eabi/4.7.4/../../../../arm-none-eabi/lib\libc.a(lib_a-fputwc.o)
                0x20019aa0                _fputwc_r
 .text._fstat_r
                0x20019bf0       0x40 c:/isis/application/toolchain/bin/../lib/gcc/arm-none-eabi/4.7.4/../../../../arm-none-eabi/lib\libc.a(lib_a-fstatr.o)
                0x20019bf0                _fstat_r
 .text._isatty_r
                0x20019c30       0x3c c:/isis/application/toolchain/bin/../lib/gcc/arm-none-eabi/4.7.4/../../../../arm-none-eabi/lib\libc.a(lib_a-isattyr.o)
                0x20019c30                _isatty_r
 .text.__swbuf_r
                0x20019c6c      0x130 c:/isis/application/toolchain/bin/../lib/gcc/arm-none-eabi/4.7.4/../../../../arm-none-eabi/lib\libc.a(lib_a-wbuf.o)
                0x20019c6c                __swbuf_r
 .text._wcrtomb_r
                0x20019d9c       0x90 c:/isis/application/toolchain/bin/../lib/gcc/arm-none-eabi/4.7.4/../../../../arm-none-eabi/lib\libc.a(lib_a-wcrtomb.o)
                0x20019d9c                _wcrtomb_r
 .text.__ascii_wctomb
                0x20019e2c       0x2c c:/isis/application/toolchain/bin/../lib/gcc/arm-none-eabi/4.7.4/../../../../arm-none-eabi/lib\libc.a(lib_a-wctomb_r.o)
                0x20019e2c                __ascii_wctomb
 .text.__ascii_wctomb.stub
                0x20019e58       0x10 linker stubs
 *(.rodata)
 .rodata        0x20019e68        0x9 ./src/Demos/IsisAntSdemo.o
 .rodata        0x20019e71       0x12 ./src/Demos/IsisHSTxSdemo.o
 .rodata        0x20019e83      0x1e3 ./src/Demos/IsisMTQv2demo.o
 .rodata        0x2001a066       0x11 ./src/Demos/IsisSPv2demo.o
 .rodata        0x2001a077       0x1c ./src/Demos/IsisTRXVUdemo.o
 .rodata        0x2001a093       0x2b ./src/Demos/common.o
 *fill*         0x2001a0be        0x2 00
 .rodata        0x2001a0c0      0x110 ./src/Demos/isis_eps_demo.o
 .rodata        0x2001a1d0        0xc ./src/Demos/trxvu_frame_ready.o
 .rodata        0x2001a1dc       0x2c ./src/main.o
 .rodata        0x2001a208        0x2 C:/ISIS/workspace/GlobusSatProject2/satellite-subsystems/demo/..//satellite-subsystems/lib\libSatelliteSubsystems.a(IsisMTQv2.o)
 *fill*         0x2001a20a        0x2 00
 .rodata        0x2001a20c       0x50 C:/ISIS/workspace/GlobusSatProject2/satellite-subsystems/demo/..//satellite-subsystems/lib\libSatelliteSubsystems.a(IsisSolarPanelv2.o)
 .rodata        0x2001a25c       0x1c C:/ISIS/workspace/GlobusSatProject2/satellite-subsystems/demo/..//satellite-subsystems/lib\libSatelliteSubsystems.a(version.o)
                0x2001a25c                SatelliteSubsystemsVersionRevision
                0x2001a25f                SatelliteSubsystemsVersionMinor
                0x2001a261                SatelliteSubsystemsVersionMajor
                0x2001a263                SatelliteSubsystemsCompileTime
                0x2001a26c                SatelliteSubsystemsCompileDate
 .rodata        0x2001a278      0x2a4 C:/ISIS/workspace/GlobusSatProject2/satellite-subsystems/demo/../..//hal/hal/lib\libHAL.a(supervisor.o)
 .rodata        0x2001a51c      0x178 C:/ISIS/workspace/GlobusSatProject2/satellite-subsystems/demo/../..//hal/hal/lib\libHAL.a(SPI.o)
 .rodata        0x2001a694       0x30 C:/ISIS/workspace/GlobusSatProject2/satellite-subsystems/demo/../..//hal/hal/lib\libHAL.a(LED.o)
 .rodata        0x2001a6c4       0x24 C:/ISIS/workspace/GlobusSatProject2/satellite-subsystems/demo/../..//hal/hal/lib\libHAL.a(I2C.o)
 .rodata        0x2001a6e8        0xc C:/ISIS/workspace/GlobusSatProject2/satellite-subsystems/demo/../..//hal/hal/lib\libHAL.a(WatchDogTimerNoOS.o)
 .rodata        0x2001a6f4       0x20 C:/ISIS/workspace/GlobusSatProject2/satellite-subsystems/demo/../..//hal/hal/lib\libHAL.a(version.o)
                0x2001a6f4                HalOBCHardwareRevision
                0x2001a6f9                HalVersionRevision
                0x2001a6fb                HalVersionMinor
                0x2001a6fd                HalVersionMajor
                0x2001a6ff                HalCompileTime
                0x2001a708                HalCompileDate
 .rodata        0x2001a714       0x27 C:/ISIS/workspace/GlobusSatProject2/satellite-subsystems/demo/../..//hal/at91/lib\libAt91.a(twi_at91.o)
 .rodata        0x2001a73b       0x24 C:/ISIS/workspace/GlobusSatProject2/satellite-subsystems/demo/../..//hal/at91/lib\libAt91.a(board_lowlevel.o)
 *(.rodata*)
 .rodata.str1.1
                0x2001a75f      0x75a ./src/Demos/IsisAntSdemo.o
                                0x772 (size before relaxing)
 .rodata.str1.1
                0x2001aeb9      0xbb2 ./src/Demos/IsisHSTxSdemo.o
                                0xbcf (size before relaxing)
 .rodata.str1.1
                0x2001ba6b     0x3612 ./src/Demos/IsisMTQv2demo.o
                               0x37c7 (size before relaxing)
 .rodata.str1.1
                0x2001f07d      0x123 ./src/Demos/IsisSPv2demo.o
                                0x143 (size before relaxing)
 .rodata.str1.1
                0x2001f1a0      0x69b ./src/Demos/IsisTRXVUdemo.o
                                0x713 (size before relaxing)
 .rodata.str1.1
                0x2001f83b      0x516 ./src/Demos/common.o
                                0x538 (size before relaxing)
 .rodata.str1.1
                0x2001fd51       0x3b ./src/Demos/input.o
                                 0x3e (size before relaxing)
 .rodata.str1.1
                0x2001fd8c     0x17dc ./src/Demos/isis_eps_demo.o
                               0x17ff (size before relaxing)
 .rodata.str1.1
                0x20021568      0x40c ./src/Demos/tausat2_pdhudemo.o
                                0x42b (size before relaxing)
 .rodata.str1.1
                0x20021974      0x28d ./src/main.o
 .rodata.str1.1
                0x20021c01      0x254 C:/ISIS/workspace/GlobusSatProject2/satellite-subsystems/demo/..//satellite-subsystems/lib\libSatelliteSubsystems.a(IsisMTQv2.o)
 *fill*         0x20021e55        0x3 00
 .rodata.str1.4
                0x20021e58        0x4 c:/isis/application/toolchain/bin/../lib/gcc/arm-none-eabi/4.7.4/../../../../arm-none-eabi/lib\libm.a(lib_a-w_exp.o)
 *fill*         0x20021e5c        0x4 00
 .rodata.halF   0x20021e60       0x10 c:/isis/application/toolchain/bin/../lib/gcc/arm-none-eabi/4.7.4/../../../../arm-none-eabi/lib\libm.a(lib_a-e_exp.o)
 .rodata.ln2LO  0x20021e70       0x10 c:/isis/application/toolchain/bin/../lib/gcc/arm-none-eabi/4.7.4/../../../../arm-none-eabi/lib\libm.a(lib_a-e_exp.o)
 .rodata.ln2HI  0x20021e80       0x10 c:/isis/application/toolchain/bin/../lib/gcc/arm-none-eabi/4.7.4/../../../../arm-none-eabi/lib\libm.a(lib_a-e_exp.o)
 .rodata.str1.1
                0x20021e90       0x9a C:/ISIS/workspace/GlobusSatProject2/satellite-subsystems/demo/../..//hal/hal/lib\libHAL.a(SPI.o)
 .rodata.str1.1
                0x20021f2a       0x59 C:/ISIS/workspace/GlobusSatProject2/satellite-subsystems/demo/../..//hal/hal/lib\libHAL.a(I2C.o)
 .rodata.str1.1
                0x20021f83       0x11 C:/ISIS/workspace/GlobusSatProject2/satellite-subsystems/demo/../..//hal/hal/lib\libHAL.a(WatchDogTimerOS.o)
 .rodata.str1.1
                0x20021f94       0xb7 C:/ISIS/workspace/GlobusSatProject2/satellite-subsystems/demo/../..//hal/hal/lib\libHAL.a(util.o)
                                 0xbd (size before relaxing)
 .rodata.str1.1
                0x2002204b       0x3a C:/ISIS/workspace/GlobusSatProject2/satellite-subsystems/demo/../..//hal/freertos/lib\libFreeRTOS.a(queue.o)
 .rodata.str1.1
                0x20022085       0x13 C:/ISIS/workspace/GlobusSatProject2/satellite-subsystems/demo/../..//hal/freertos/lib\libFreeRTOS.a(tasks.o)
                                 0x41 (size before relaxing)
 .rodata.str1.1
                0x20022098       0x17 C:/ISIS/workspace/GlobusSatProject2/satellite-subsystems/demo/../..//hal/freertos/lib\libFreeRTOS.a(timers.o)
                                 0x43 (size before relaxing)
 .rodata.str1.1
                0x200220af       0x8b C:/ISIS/workspace/GlobusSatProject2/satellite-subsystems/demo/../..//hal/freertos/lib\libFreeRTOS.a(hooks.o)
 .rodata.str1.1
                0x2002213a       0x1c C:/ISIS/workspace/GlobusSatProject2/satellite-subsystems/demo/../..//hal/at91/lib\libAt91.a(syscalls.o)
 .rodata.str1.1
                0x20022156       0x1a C:/ISIS/workspace/GlobusSatProject2/satellite-subsystems/demo/../..//hal/at91/lib\libAt91.a(pmc.o)
                                 0x46 (size before relaxing)
 .rodata.str1.1
                0x20022170       0x74 C:/ISIS/workspace/GlobusSatProject2/satellite-subsystems/demo/../..//hal/at91/lib\libAt91.a(twi_at91.o)
                                 0xa0 (size before relaxing)
 .rodata.str1.1
                0x200221e4      0x476 C:/ISIS/workspace/GlobusSatProject2/satellite-subsystems/demo/../..//hal/at91/lib\libAt91.a(ExitHandler.o)
                                0x487 (size before relaxing)
 .rodata.str1.1
                0x2002265a       0x76 C:/ISIS/workspace/GlobusSatProject2/satellite-subsystems/demo/../..//hal/at91/lib\libAt91.a(board_lowlevel.o)
 .rodata.str1.4
                0x200226d0        0x2 c:/isis/application/toolchain/bin/../lib/gcc/arm-none-eabi/4.7.4/../../../../arm-none-eabi/lib\libc.a(lib_a-impure.o)
                                  0x4 (size before relaxing)