Archive member included because of file (symbol)

C:/ISIS/workspace_ycube/GlobusSatProject/..//hal/hal/lib\libHALD.a(SPI.o)
                              ./src/InitSystem.o (SPI_start)
C:/ISIS/workspace_ycube/GlobusSatProject/..//hal/hal/lib\libHALD.a(I2C.o)
                              ./src/SubSystemModules/Housekepping/Payload.o (I2C_write)
C:/ISIS/workspace_ycube/GlobusSatProject/..//hal/hal/lib\libHALD.a(ADC.o)
                              ./src/SubSystemModules/Housekepping/TelemetryCollector.o (ADC_ConvertRaw10bitToMillivolt)
C:/ISIS/workspace_ycube/GlobusSatProject/..//hal/hal/lib\libHALD.a(FRAM.o)
                              ./src/SubSystemModules/Communication/SubsystemCommands/Maintanence_Commands.o (FRAM_start)
C:/ISIS/workspace_ycube/GlobusSatProject/..//hal/hal/lib\libHALD.a(Time.o)
                              ./src/InitSystem.o (Time_start)
C:/ISIS/workspace_ycube/GlobusSatProject/..//hal/hal/lib\libHALD.a(WatchDogTimerNoOS.o)
                              ./src/main.o (WDT_start)
C:/ISIS/workspace_ycube/GlobusSatProject/..//hal/hal/lib\libHALD.a(RTT.o)
                              C:/ISIS/workspace_ycube/GlobusSatProject/..//hal/hal/lib\libHALD.a(Time.o) (RTT_start)
C:/ISIS/workspace_ycube/GlobusSatProject/..//hal/hal/lib\libHALD.a(RTC.o)
                              C:/ISIS/workspace_ycube/GlobusSatProject/..//hal/hal/lib\libHALD.a(Time.o) (RTC_getTime)
C:/ISIS/workspace_ycube/GlobusSatProject/..//hal/hal/lib\libHALD.a(WatchDogTimerOS.o)
                              ./src/TestingDemos/MainTest.o (WDT_startWatchdogKickTask)
C:/ISIS/workspace_ycube/GlobusSatProject/..//hal/hal/lib\libHALD.a(fprintf.o)
                              ./src/TLM_management.o (f_puts)
C:/ISIS/workspace_ycube/GlobusSatProject/..//hal/hal/lib\libHALD.a(util.o)
                              ./src/TestingDemos/CommandsTestingDemo.o (UTIL_DbguGetIntegerMinMax)
C:/ISIS/workspace_ycube/GlobusSatProject/..//hal/hal/lib\libHALD.a(LED.o)
                              C:/ISIS/workspace_ycube/GlobusSatProject/..//hal/hal/lib\libHALD.a(WatchDogTimerOS.o) (LED_toggle)
C:/ISIS/workspace_ycube/GlobusSatProject/..//hal/hcc/lib\libHCCD.a(fat_m.o)
                              ./src/TLM_management.o (fm_initvolume)
C:/ISIS/workspace_ycube/GlobusSatProject/..//hal/hcc/lib\libHCCD.a(fat.o)
                              C:/ISIS/workspace_ycube/GlobusSatProject/..//hal/hcc/lib\libHCCD.a(fat_m.o) (fn_getdcwd)
C:/ISIS/workspace_ycube/GlobusSatProject/..//hal/hcc/lib\libHCCD.a(fat_common.o)
                              C:/ISIS/workspace_ycube/GlobusSatProject/..//hal/hcc/lib\libHCCD.a(fat.o) (p_filesystem)
C:/ISIS/workspace_ycube/GlobusSatProject/..//hal/hcc/lib\libHCCD.a(safefat.o)
                              C:/ISIS/workspace_ycube/GlobusSatProject/..//hal/hcc/lib\libHCCD.a(fat.o) (s_subdir)
C:/ISIS/workspace_ycube/GlobusSatProject/..//hal/hcc/lib\libHCCD.a(atmel_mcipdc.o)
                              ./src/TLM_management.o (atmel_mcipdc_initfunc)
C:/ISIS/workspace_ycube/GlobusSatProject/..//hal/hcc/lib\libHCCD.a(oalp_task.o)
                              C:/ISIS/workspace_ycube/GlobusSatProject/..//hal/hcc/lib\libHCCD.a(fat_common.o) (oal_task_get_id)
C:/ISIS/workspace_ycube/GlobusSatProject/..//hal/hcc/lib\libHCCD.a(oalp_mutex.o)
                              C:/ISIS/workspace_ycube/GlobusSatProject/..//hal/hcc/lib\libHCCD.a(fat_common.o) (oal_mutex_create)
C:/ISIS/workspace_ycube/GlobusSatProject/..//hal/hcc/lib\libHCCD.a(atmel_mcipdc_hw.o)
                              C:/ISIS/workspace_ycube/GlobusSatProject/..//hal/hcc/lib\libHCCD.a(atmel_mcipdc.o) (mcipdc_hw_init)
C:/ISIS/workspace_ycube/GlobusSatProject/..//hal/hcc/lib\libHCCD.a(psp_rand.o)
                              C:/ISIS/workspace_ycube/GlobusSatProject/..//hal/hcc/lib\libHCCD.a(fat_common.o) (psp_getrand)
C:/ISIS/workspace_ycube/GlobusSatProject/..//hal/hcc/lib\libHCCD.a(psp_rtc.o)
                              C:/ISIS/workspace_ycube/GlobusSatProject/..//hal/hcc/lib\libHCCD.a(fat_common.o) (psp_getcurrenttimedate)
C:/ISIS/workspace_ycube/GlobusSatProject/..//hal/hcc/lib\libHCCD.a(hcc_mem.o)
                              C:/ISIS/workspace_ycube/GlobusSatProject/..//hal/hcc/lib\libHCCD.a(atmel_mcipdc.o) (hcc_mem_alloc)
C:/ISIS/workspace_ycube/GlobusSatProject/..//hal/hcc/lib\libHCCD.a(psp_hcc_mem.o)
                              C:/ISIS/workspace_ycube/GlobusSatProject/..//hal/hcc/lib\libHCCD.a(hcc_mem.o) (hcc_mem_buf_alloc)
C:/ISIS/workspace_ycube/GlobusSatProject/..//satellite-subsystems/satellite-subsystems/lib\libSatelliteSubsystemsD.a(IsisSolarPanelv2.o)
                              ./src/SubSystemModules/PowerManagment/EPS.o (IsisSolarPanelv2_initialize)
C:/ISIS/workspace_ycube/GlobusSatProject/..//satellite-subsystems/satellite-subsystems/lib\libSatelliteSubsystemsD.a(isis_ants_rev2.o)
                              ./src/SubSystemModules/Communication/TRXVU.o (ISIS_ANTS_REV2_Init)
[...]
Memory Configuration

Name             Origin             Length             Attributes
sram0            0x00200000         0x00004000         w !xr
sram1            0x00300000         0x00004000         w !xr
sdram            0x20000000         0x02000000         w !xr
*default*        0x00000000         0xffffffff

Linker script and memory map

LOAD c:/isis/application/toolchain/bin/../lib/gcc/arm-none-eabi/4.7.4/../../../../arm-none-eabi/lib\libc.a
LOAD ./src/TestingDemos/CommandsTestingDemo.o
LOAD ./src/TestingDemos/EpsTestingDemo.o
LOAD ./src/TestingDemos/FileSystemTestingDemo.o
LOAD ./src/TestingDemos/MainTest.o
LOAD ./src/TestingDemos/MaintenanceTestingDemo.o
LOAD ./src/TestingDemos/TelemetryTestingDemo.o
LOAD ./src/TestingDemos/TrxvuTestingDemo.o
LOAD ./src/SubSystemModules/PowerManagment/EPS.o
LOAD ./src/SubSystemModules/PowerManagment/EPSOperationModes.o
LOAD ./src/SubSystemModules/Maintenance/Maintenance.o
LOAD ./src/SubSystemModules/Housekepping/Payload.o
LOAD ./src/SubSystemModules/Housekepping/RAMTelemetry.o
LOAD ./src/SubSystemModules/Housekepping/TelemetryCollector.o
LOAD ./src/SubSystemModules/Communication/SubsystemCommands/EPS_Commands.o
LOAD ./src/SubSystemModules/Communication/SubsystemCommands/FS_Commands.o
LOAD ./src/SubSystemModules/Communication/SubsystemCommands/Maintanence_Commands.o
LOAD ./src/SubSystemModules/Communication/SubsystemCommands/TRXVU_Commands.o
LOAD ./src/SubSystemModules/Communication/AckHandler.o
LOAD ./src/SubSystemModules/Communication/CommandDictionary.o
LOAD ./src/SubSystemModules/Communication/HashSecuredCMD.o
LOAD ./src/SubSystemModules/Communication/SatCommandHandler.o
LOAD ./src/SubSystemModules/Communication/TRXVU.o
LOAD ./src/InitSystem.o
LOAD ./src/TLM_management.o
LOAD ./src/main.o
LOAD ./src/utils.o
LOAD C:/ISIS/workspace_ycube/GlobusSatProject/..//hal/hal/lib\libHALD.a
LOAD C:/ISIS/workspace_ycube/GlobusSatProject/..//hal/hcc/lib\libHCCD.a
LOAD C:/ISIS/workspace_ycube/GlobusSatProject/..//satellite-subsystems/satellite-subsystems/lib\libSatelliteSubsystemsD.a
LOAD C:/ISIS/workspace_ycube/GlobusSatProject/..//hal/freertos/lib\libFreeRTOSD.a
LOAD C:/ISIS/workspace_ycube/GlobusSatProject/..//hal/at91/lib\libAt91D.a
START GROUP
LOAD c:/isis/application/toolchain/bin/../lib/gcc/arm-none-eabi/4.7.4\libgcc.a
LOAD c:/isis/application/toolchain/bin/../lib/gcc/arm-none-eabi/4.7.4/../../../../arm-none-eabi/lib\libg.a
LOAD c:/isis/application/toolchain/bin/../lib/gcc/arm-none-eabi/4.7.4/../../../../arm-none-eabi/lib\libc.a
END GROUP

.fixed          0x20000000    0x40920
                0x20000000                . = ALIGN (0x4)
                0x20000000                _sfixed = .
 *(.startup)
 .startup       0x20000000      0x184 C:/ISIS/workspace_ycube/GlobusSatProject/..//hal/at91/lib\libAt91D.a(board_cstartup.o)
                0x20000000                entry
 *(.text)
 .text          0x20000184       0x64 C:/ISIS/workspace_ycube/GlobusSatProject/..//hal/at91/lib\libAt91D.a(cp15_asm.o)
                0x20000184                _readControlRegister
                0x20000190                _writeControlRegister
                0x20000198                _waitForInterrupt
                0x200001a4                _writeTTB
                0x200001ac                _writeDomain
                0x200001b4                _writeITLBLockdown
                0x200001bc                _prefetchICacheLine
                0x200001c4                _flushDCache
                0x200001d0                _flushWriteBuffer
                0x200001dc                _invalidateIDTLBs
 .text          0x200001e8      0x114 c:/isis/application/toolchain/bin/../lib/gcc/arm-none-eabi/4.7.4\libgcc.a(_udivsi3.o)
                0x200001e8                __aeabi_uidiv
                0x200001e8                __udivsi3
                0x200002dc                __aeabi_uidivmod
 .text          0x200002fc      0x148 c:/isis/application/toolchain/bin/../lib/gcc/arm-none-eabi/4.7.4\libgcc.a(_divsi3.o)
                0x200002fc                __divsi3
                0x200002fc                __aeabi_idiv
                0x20000424                __aeabi_idivmod
 .text          0x20000444        0x4 c:/isis/application/toolchain/bin/../lib/gcc/arm-none-eabi/4.7.4\libgcc.a(_dvmd_tls.o)
                0x20000444                __aeabi_idiv0
                0x20000444                __aeabi_ldiv0
 .text          0x20000448      0x41c c:/isis/application/toolchain/bin/../lib/gcc/arm-none-eabi/4.7.4\libgcc.a(_arm_addsubdf3.o)
                0x20000448                __aeabi_drsub
                0x20000450                __aeabi_dsub
                0x20000450                __subdf3
                0x20000454                __aeabi_dadd
                0x20000454                __adddf3
                0x20000764                __floatunsidf
                0x20000764                __aeabi_ui2d
                0x20000788                __floatsidf
                0x20000788                __aeabi_i2d
                0x200007b0                __aeabi_f2d
                0x200007b0                __extendsfdf2
                0x200007f0                __floatundidf
                0x200007f0                __aeabi_ul2d
                0x20000804                __floatdidf
                0x20000804                __aeabi_l2d
 .text          0x20000864      0x2ac c:/isis/application/toolchain/bin/../lib/gcc/arm-none-eabi/4.7.4\libgcc.a(_arm_addsubsf3.o)
                0x20000864                __aeabi_frsub
                0x2000086c                __subsf3
                0x2000086c                __aeabi_fsub
                0x20000870                __aeabi_fadd
                0x20000870                __addsf3
                0x20000a2c                __aeabi_ui2f
                0x20000a2c                __floatunsisf
                0x20000a34                __aeabi_i2f
                0x20000a34                __floatsisf
                0x20000a54                __aeabi_ul2f
                0x20000a54                __floatundisf
                0x20000a64                __aeabi_l2f
                0x20000a64                __floatdisf
 .text          0x20000b10      0x2f8 c:/isis/application/toolchain/bin/../lib/gcc/arm-none-eabi/4.7.4\libgcc.a(_arm_muldivsf3.o)
                0x20000b10                __mulsf3
                0x20000b10                __aeabi_fmul
                0x20000ca8                __aeabi_fdiv
                0x20000ca8                __divsf3
 .text          0x20000e08      0x114 c:/isis/application/toolchain/bin/../lib/gcc/arm-none-eabi/4.7.4\libgcc.a(_arm_cmpsf2.o)
                0x20000e08                __gesf2
                0x20000e08                __gtsf2
                0x20000e10                __lesf2
                0x20000e10                __ltsf2
                0x20000e18                __nesf2
                0x20000e18                __eqsf2
                0x20000e18                __cmpsf2
                0x20000e7c                __aeabi_cfrcmple
                0x20000e8c                __aeabi_cfcmpeq
                0x20000e8c                __aeabi_cfcmple
                0x20000ea4                __aeabi_fcmpeq
                0x20000ebc                __aeabi_fcmplt
                0x20000ed4                __aeabi_fcmple
                0x20000eec                __aeabi_fcmpge
                0x20000f04                __aeabi_fcmpgt
 .text          0x20000f1c       0x54 c:/isis/application/toolchain/bin/../lib/gcc/arm-none-eabi/4.7.4\libgcc.a(_arm_fixunssfsi.o)
                0x20000f1c                __fixunssfsi
                0x20000f1c                __aeabi_f2uiz
 .text          0x20000f70      0x49c c:/isis/application/toolchain/bin/../lib/gcc/arm-none-eabi/4.7.4\libgcc.a(_arm_muldivdf3.o)
                0x20000f70                __aeabi_dmul
                0x20000f70                __muldf3
                0x20001200                __divdf3
                0x20001200                __aeabi_ddiv
 .text          0x2000140c      0x144 c:/isis/application/toolchain/bin/../lib/gcc/arm-none-eabi/4.7.4\libgcc.a(_arm_cmpdf2.o)
                0x2000140c                __gtdf2
                0x2000140c                __gedf2
                0x20001414                __ltdf2
                0x20001414                __ledf2
                0x2000141c                __nedf2
                0x2000141c                __eqdf2
                0x2000141c                __cmpdf2
                0x200014a4                __aeabi_cdrcmple
                0x200014c0                __aeabi_cdcmpeq
                0x200014c0                __aeabi_cdcmple
                0x200014d8                __aeabi_dcmpeq
                0x200014f0                __aeabi_dcmplt
                0x20001508                __aeabi_dcmple
                0x20001520                __aeabi_dcmpge
                0x20001538                __aeabi_dcmpgt
 .text          0x20001550       0x5c c:/isis/application/toolchain/bin/../lib/gcc/arm-none-eabi/4.7.4\libgcc.a(_arm_fixdfsi.o)
                0x20001550                __aeabi_d2iz
                0x20001550                __fixdfsi
 .text          0x200015ac       0x3c c:/isis/application/toolchain/bin/../lib/gcc/arm-none-eabi/4.7.4\libgcc.a(_aeabi_uldivmod.o)
                0x200015ac                __aeabi_uldivmod
 .text          0x200015e8       0x84 c:/isis/application/toolchain/bin/../lib/gcc/arm-none-eabi/4.7.4\libgcc.a(bpabi.o)
                0x200015e8                __gnu_ldivmod_helper
                0x2000162c                __gnu_uldivmod_helper
 .text          0x2000166c      0x4f0 c:/isis/application/toolchain/bin/../lib/gcc/arm-none-eabi/4.7.4\libgcc.a(_divdi3.o)
                0x2000166c                __divdi3
 .text          0x20001b5c      0x488 c:/isis/application/toolchain/bin/../lib/gcc/arm-none-eabi/4.7.4\libgcc.a(_udivdi3.o)
                0x20001b5c                __udivdi3
 .text          0x20001fe4       0x48 c:/isis/application/toolchain/bin/../lib/gcc/arm-none-eabi/4.7.4\libgcc.a(_clzsi2.o)
                0x20001fe4                __clzsi2
 *(.text*)
 .text.Hash256  0x2000202c       0x84 ./src/TestingDemos/TrxvuTestingDemo.o
                0x2000202c                Hash256
 .text.CMD_Hash256
                0x200020b0      0x2d0 ./src/TestingDemos/TrxvuTestingDemo.o
                0x200020b0                CMD_Hash256
 .text.GetBatteryVoltage
                0x20002380       0x44 ./src/SubSystemModules/PowerManagment/EPS.o
                0x20002380                GetBatteryVoltage
 .text.EPS_Init
                0x200023c4      0x124 ./src/SubSystemModules/PowerManagment/EPS.o
                0x200023c4                EPS_Init
 .text.EPS_Conditioning
                0x200024e8      0x1c4 ./src/SubSystemModules/PowerManagment/EPS.o
                0x200024e8                EPS_Conditioning
 .text.UpdateAlpha
                0x200026ac       0xd8 ./src/SubSystemModules/PowerManagment/EPS.o
                0x200026ac                UpdateAlpha
 .text.GetThresholdVoltages
                0x20002784       0x80 ./src/SubSystemModules/PowerManagment/EPS.o
                0x20002784                GetThresholdVoltages
 .text.GetAlpha
                0x20002804       0x7c ./src/SubSystemModules/PowerManagment/EPS.o
                0x20002804                GetAlpha
 .text.CMDGetHeaterValues
                0x20002880      0x1f8 ./src/SubSystemModules/PowerManagment/EPS.o
                0x20002880                CMDGetHeaterValues
 .text.CMDSetHeaterValues
                0x20002a78      0x204 ./src/SubSystemModules/PowerManagment/EPS.o
                0x20002a78                CMDSetHeaterValues
 .text.EnterFullMode
                0x20002c7c       0x5c ./src/SubSystemModules/PowerManagment/EPSOperationModes.o
                0x20002c7c                EnterFullMode
 .text.EnterCruiseMode
                0x20002cd8       0x58 ./src/SubSystemModules/PowerManagment/EPSOperationModes.o
                0x20002cd8                EnterCruiseMode
 .text.EnterSafeMode
                0x20002d30       0x5c ./src/SubSystemModules/PowerManagment/EPSOperationModes.o
                0x20002d30                EnterSafeMode
 .text.EnterCriticalMode
                0x20002d8c       0x5c ./src/SubSystemModules/PowerManagment/EPSOperationModes.o
                0x20002d8c                EnterCriticalMode
 .text.PayloadOperations
                0x20002de8      0x114 ./src/SubSystemModules/PowerManagment/EPSOperationModes.o
                0x20002de8                PayloadOperations
 .text.EpsGetLowVoltageFlag
                0x20002efc       0x24 ./src/SubSystemModules/PowerManagment/EPSOperationModes.o
                0x20002efc                EpsGetLowVoltageFlag
 .text.EpsSetLowVoltageFlag
                0x20002f20       0x2c ./src/SubSystemModules/PowerManagment/EPSOperationModes.o
                0x20002f20                EpsSetLowVoltageFlag
 .text.CheckExecutionTime
                0x20002f4c       0x80 ./src/SubSystemModules/Maintenance/Maintenance.o
                0x20002f4c                CheckExecutionTime
 .text.SaveSatTimeInFRAM
                0x20002fcc       0x44 ./src/SubSystemModules/Maintenance/Maintenance.o
                0x20002fcc                SaveSatTimeInFRAM
 .text.WakeupFromResetCMD
                0x20003010      0x120 ./src/SubSystemModules/Maintenance/Maintenance.o
                0x20003010                WakeupFromResetCMD
 .text.ResetGroundCommWDT
                0x20003130       0x1c ./src/SubSystemModules/Maintenance/Maintenance.o
                0x20003130                ResetGroundCommWDT
 .text.IsGroundCommunicationWDTKick
                0x2000314c       0x78 ./src/SubSystemModules/Maintenance/Maintenance.o
                0x2000314c                IsGroundCommunicationWDTKick
 .text.GetGsWdtKickTime
                0x200031c4       0x38 ./src/SubSystemModules/Maintenance/Maintenance.o
                0x200031c4                GetGsWdtKickTime
 .text.findMinMaxDate
                0x200031fc       0xdc ./src/SubSystemModules/Maintenance/Maintenance.o
                0x200031fc                findMinMaxDate
 .text.DeleteOldFiels
                0x200032d8       0xf0 ./src/SubSystemModules/Maintenance/Maintenance.o
                0x200032d8                DeleteOldFiels
 .text.CheckDeployAnt
                0x200033c8       0x84 ./src/SubSystemModules/Maintenance/Maintenance.o
                0x200033c8                CheckDeployAnt
 .text.HardResetMCU
                0x2000344c       0x3c ./src/SubSystemModules/Maintenance/Maintenance.o
                0x2000344c                HardResetMCU
 .text.Maintenance
                0x20003488       0xa4 ./src/SubSystemModules/Maintenance/Maintenance.o
                0x20003488                Maintenance
 .text.payloadRead
                0x2000352c       0xd0 ./src/SubSystemModules/Housekepping/Payload.o
                0x2000352c                payloadRead
 .text.payloadSendCommand
                0x200035fc       0xb4 ./src/SubSystemModules/Housekepping/Payload.o
                0x200035fc                payloadSendCommand
 .text.get_radfet_data
                0x200036b0      0x12c ./src/SubSystemModules/Housekepping/Payload.o
                0x200036b0                get_radfet_data
 .text.get_sel_data
                0x200037dc      0x200 ./src/SubSystemModules/Housekepping/Payload.o
                0x200037dc                get_sel_data
 .text.get_seu_data
                0x200039dc      0x140 ./src/SubSystemModules/Housekepping/Payload.o
                0x200039dc                get_seu_data
 .text.changeIntIndian
                0x20003b1c       0x5c ./src/SubSystemModules/Housekepping/Payload.o
                0x20003b1c                changeIntIndian
 .text.ResetRamTlm
                0x20003b78      0x104 ./src/SubSystemModules/Housekepping/RAMTelemetry.o
                0x20003b78                ResetRamTlm
 .text.inc      0x20003c7c       0x4c ./src/SubSystemModules/Housekepping/RAMTelemetry.o
                0x20003c7c                inc
 .text.dec      0x20003cc8       0x48 ./src/SubSystemModules/Housekepping/RAMTelemetry.o
                0x20003cc8                dec
 .text.saveTlmToRam
                0x20003d10      0x304 ./src/SubSystemModules/Housekepping/RAMTelemetry.o
                0x20003d10                saveTlmToRam
 .text.getTlm   0x20004014      0x210 ./src/SubSystemModules/Housekepping/RAMTelemetry.o
                0x20004014                getTlm
 .text.getRange
                0x20004224      0x204 ./src/SubSystemModules/Housekepping/RAMTelemetry.o
                0x20004224                getRange
 .text.InitSavePeriodTimes
                0x20004428       0xb8 ./src/SubSystemModules/Housekepping/TelemetryCollector.o
                0x20004428                InitSavePeriodTimes
 .text.CMD_GetTLMPeriodTimes
                0x200044e0       0x38 ./src/SubSystemModules/Housekepping/TelemetryCollector.o
                0x200044e0                CMD_GetTLMPeriodTimes
 .text.CMD_SetTLMPeriodTimes
                0x20004518      0x204 ./src/SubSystemModules/Housekepping/TelemetryCollector.o
                0x20004518                CMD_SetTLMPeriodTimes
 .text.TelemetryCollectorLogic
                0x2000471c      0x268 ./src/SubSystemModules/Housekepping/TelemetryCollector.o
                0x2000471c                TelemetryCollectorLogic
 .text.TelemetrySaveEPS
                0x20004984       0x54 ./src/SubSystemModules/Housekepping/TelemetryCollector.o
                0x20004984                TelemetrySaveEPS
 .text.TelemetrySaveTRXVU
                0x200049d8       0x94 ./src/SubSystemModules/Housekepping/TelemetryCollector.o
                0x200049d8                TelemetrySaveTRXVU
 .text.TelemetrySaveWOD
                0x20004a6c       0x5c ./src/SubSystemModules/Housekepping/TelemetryCollector.o
                0x20004a6c                TelemetrySaveWOD
 .text.TelemetrySaveRADFET
                0x20004ac8       0x54 ./src/SubSystemModules/Housekepping/TelemetryCollector.o
                0x20004ac8                TelemetrySaveRADFET
 .text.TelemetrySaveSEL
                0x20004b1c       0x84 ./src/SubSystemModules/Housekepping/TelemetryCollector.o
                0x20004b1c                TelemetrySaveSEL
 .text.TelemetrySaveSEU
                0x20004ba0       0x54 ./src/SubSystemModules/Housekepping/TelemetryCollector.o
                0x20004ba0                TelemetrySaveSEU
 .text.GetCurrentWODTelemetry
                0x20004bf4      0x7e0 ./src/SubSystemModules/Housekepping/TelemetryCollector.o
                0x20004bf4                GetCurrentWODTelemetry
 .text.CMD_EPS_ResetWDT
                0x200053d4       0x58 ./src/SubSystemModules/Communication/SubsystemCommands/EPS_Commands.o
                0x200053d4                CMD_EPS_ResetWDT
 .text.CMD_DeleteTLM
                0x2000542c      0x1a0 ./src/SubSystemModules/Communication/SubsystemCommands/FS_Commands.o
                0x2000542c                CMD_DeleteTLM
 .text.CMD_DeleteAllFiles
                0x200055cc       0x38 ./src/SubSystemModules/Communication/SubsystemCommands/FS_Commands.o
                0x200055cc                CMD_DeleteAllFiles
 .text.CMD_GetLastFS_Error
                0x20005604       0x4c ./src/SubSystemModules/Communication/SubsystemCommands/FS_Commands.o
                0x20005604                CMD_GetLastFS_Error
 .text.CMD_Get_TLM_Info
                0x20005650      0x158 ./src/SubSystemModules/Communication/SubsystemCommands/FS_Commands.o
                0x20005650                CMD_Get_TLM_Info
 .text.CMD_Switch_SD_Card
                0x200057a8       0xb8 ./src/SubSystemModules/Communication/SubsystemCommands/FS_Commands.o
                0x200057a8                CMD_Switch_SD_Card
 .text.CMD_Format_SD_Card
                0x20005860       0x80 ./src/SubSystemModules/Communication/SubsystemCommands/FS_Commands.o
                0x20005860                CMD_Format_SD_Card
 .text.CMD_GenericI2C
                0x200058e0      0x144 ./src/SubSystemModules/Communication/SubsystemCommands/Maintanence_Commands.o
                0x200058e0                CMD_GenericI2C
 .text.CMD_FRAM_ReadAndTransmitt
                0x20005a24       0xe8 ./src/SubSystemModules/Communication/SubsystemCommands/Maintanence_Commands.o
                0x20005a24                CMD_FRAM_ReadAndTransmitt
 .text.CMD_FRAM_WriteAndTransmitt
                0x20005b0c      0x11c ./src/SubSystemModules/Communication/SubsystemCommands/Maintanence_Commands.o
                0x20005b0c                CMD_FRAM_WriteAndTransmitt
 .text.CMD_FRAM_ReStart
                0x20005c28       0x4c ./src/SubSystemModules/Communication/SubsystemCommands/Maintanence_Commands.o
                0x20005c28                CMD_FRAM_ReStart
 .text.CMD_UpdateSatTime
                0x20005c74       0xa4 ./src/SubSystemModules/Communication/SubsystemCommands/Maintanence_Commands.o
                0x20005c74                CMD_UpdateSatTime
 .text.CMD_GetSatUptime
                0x20005d18       0x48 ./src/SubSystemModules/Communication/SubsystemCommands/Maintanence_Commands.o
                0x20005d18                CMD_GetSatUptime
 .text.CMD_ResetComponent
                0x20005d60      0x274 ./src/SubSystemModules/Communication/SubsystemCommands/Maintanence_Commands.o
                0x20005d60                CMD_ResetComponent
 .text.DumpTask
                0x20005fd4      0x310 ./src/SubSystemModules/Communication/SubsystemCommands/TRXVU_Commands.o
                0x20005fd4                DumpTask
 .text.DumpRamTask
                0x200062e4      0x320 ./src/SubSystemModules/Communication/SubsystemCommands/TRXVU_Commands.o
                0x200062e4                DumpRamTask
 .text.CMD_AntennaDeploy
                0x20006604       0x8c ./src/SubSystemModules/Communication/SubsystemCommands/TRXVU_Commands.o
                0x20006604                CMD_AntennaDeploy
 .text.CMD_StartDump
                0x20006690      0x200 ./src/SubSystemModules/Communication/SubsystemCommands/TRXVU_Commands.o
                0x20006690                CMD_StartDump
 .text.CMD_SendDumpAbortRequest
                0x20006890       0x38 ./src/SubSystemModules/Communication/SubsystemCommands/TRXVU_Commands.o
                0x20006890                CMD_SendDumpAbortRequest
 .text.CMD_ForceDumpAbort
                0x200068c8       0x3c ./src/SubSystemModules/Communication/SubsystemCommands/TRXVU_Commands.o
                0x200068c8                CMD_ForceDumpAbort
 .text.CMD_SetTransponder
                0x20006904      0x110 ./src/SubSystemModules/Communication/SubsystemCommands/TRXVU_Commands.o
                0x20006904                CMD_SetTransponder
 .text.CMD_SetRSSITransponder
                0x20006a14       0x90 ./src/SubSystemModules/Communication/SubsystemCommands/TRXVU_Commands.o
                0x20006a14                CMD_SetRSSITransponder
 .text.CMD_MuteTRXVU
                0x20006aa4       0xc4 ./src/SubSystemModules/Communication/SubsystemCommands/TRXVU_Commands.o
                0x20006aa4                CMD_MuteTRXVU
 .text.CMD_SetIdleState
                0x20006b68       0x94 ./src/SubSystemModules/Communication/SubsystemCommands/TRXVU_Commands.o
                0x20006b68                CMD_SetIdleState
 .text.CMD_UnMuteTRXVU
                0x20006bfc       0x38 ./src/SubSystemModules/Communication/SubsystemCommands/TRXVU_Commands.o
                0x20006bfc                CMD_UnMuteTRXVU
 .text.CMD_GetBaudRate
                0x20006c34       0x6c ./src/SubSystemModules/Communication/SubsystemCommands/TRXVU_Commands.o
                0x20006c34                CMD_GetBaudRate
 .text.CMD_TrasmitBeacon
                0x20006ca0       0x48 ./src/SubSystemModules/Communication/SubsystemCommands/TRXVU_Commands.o
                0x20006ca0                CMD_TrasmitBeacon
 .text.CMD_GetBeaconInterval
                0x20006ce8       0x6c ./src/SubSystemModules/Communication/SubsystemCommands/TRXVU_Commands.o
                0x20006ce8                CMD_GetBeaconInterval
 .text.CMD_SetBaudRate
                0x20006d54       0x64 ./src/SubSystemModules/Communication/SubsystemCommands/TRXVU_Commands.o
                0x20006d54                CMD_SetBaudRate
 .text.CMD_GetTxUptime
                0x20006db8       0x68 ./src/SubSystemModules/Communication/SubsystemCommands/TRXVU_Commands.o
                0x20006db8                CMD_GetTxUptime
 .text.CMD_GetRxUptime
                0x20006e20       0x68 ./src/SubSystemModules/Communication/SubsystemCommands/TRXVU_Commands.o
                0x20006e20                CMD_GetRxUptime
 .text.CMD_GetNumOfOnlineCommands
                0x20006e88       0x68 ./src/SubSystemModules/Communication/SubsystemCommands/TRXVU_Commands.o
                0x20006e88                CMD_GetNumOfOnlineCommands
 .text.CMD_AntSetArmStatus
                0x20006ef0       0x3c ./src/SubSystemModules/Communication/SubsystemCommands/TRXVU_Commands.o
                0x20006ef0                CMD_AntSetArmStatus
 .text.CMD_AntGetArmStatus
                0x20006f2c       0x60 ./src/SubSystemModules/Communication/SubsystemCommands/TRXVU_Commands.o
                0x20006f2c                CMD_AntGetArmStatus
 .text.CMD_AntGetUptime
                0x20006f8c       0x68 ./src/SubSystemModules/Communication/SubsystemCommands/TRXVU_Commands.o
                0x20006f8c                CMD_AntGetUptime
 .text.CMD_StopReDeployment
                0x20006ff4       0x74 ./src/SubSystemModules/Communication/SubsystemCommands/TRXVU_Commands.o
                0x20006ff4                CMD_StopReDeployment
 .text.CMD_AntCancelDeployment
                0x20007068       0x58 ./src/SubSystemModules/Communication/SubsystemCommands/TRXVU_Commands.o
                0x20007068                CMD_AntCancelDeployment
 .text.CMD_DumpRamTLM
                0x200070c0      0x180 ./src/SubSystemModules/Communication/SubsystemCommands/TRXVU_Commands.o
                0x200070c0                CMD_DumpRamTLM
 .text.SendAckPacket
                0x20007240       0xfc ./src/SubSystemModules/Communication/AckHandler.o
                0x20007240                SendAckPacket
 .text.trxvu_command_router
                0x2000733c      0x578 ./src/SubSystemModules/Communication/CommandDictionary.o
                0x2000733c                trxvu_command_router
 .text.eps_command_router
                0x200078b4       0xdc ./src/SubSystemModules/Communication/CommandDictionary.o
                0x200078b4                eps_command_router
 .text.telemetry_command_router
                0x20007990      0x23c ./src/SubSystemModules/Communication/CommandDictionary.o
                0x20007990                telemetry_command_router
 .text.managment_command_router
                0x20007bcc      0x12c ./src/SubSystemModules/Communication/CommandDictionary.o
                0x20007bcc                managment_command_router
 .text.filesystem_command_router
                0x20007cf8       0x24 ./src/SubSystemModules/Communication/CommandDictionary.o
                0x20007cf8                filesystem_command_router
 .text.sha256_transform
                0x20007d1c      0x4b8 ./src/SubSystemModules/Communication/HashSecuredCMD.o
                0x20007d1c                sha256_transform
 .text.sha256_init
                0x200081d4       0xb8 ./src/SubSystemModules/Communication/HashSecuredCMD.o
                0x200081d4                sha256_init
 .text.sha256_update
                0x2000828c       0xc8 ./src/SubSystemModules/Communication/HashSecuredCMD.o
                0x2000828c                sha256_update
 .text.sha256_final
                0x20008354      0x470 ./src/SubSystemModules/Communication/HashSecuredCMD.o
                0x20008354                sha256_final
 .text.ParseDataToCommand
                0x200087c4      0x1ac ./src/SubSystemModules/Communication/SatCommandHandler.o
                0x200087c4                ParseDataToCommand
 .text.AssembleCommand
                0x20008970      0x148 ./src/SubSystemModules/Communication/SatCommandHandler.o
                0x20008970                AssembleCommand
 .text.ActUponCommand
                0x20008ab8      0x108 ./src/SubSystemModules/Communication/SatCommandHandler.o
                0x20008ab8                ActUponCommand
 .text.setMuteEndTime
                0x20008bc0       0x40 ./src/SubSystemModules/Communication/TRXVU.o
                0x20008bc0                setMuteEndTime
 .text.getMuteEndTime
                0x20008c00       0x44 ./src/SubSystemModules/Communication/TRXVU.o
                0x20008c00                getMuteEndTime
 .text.setTransponderEndTime
                0x20008c44       0x40 ./src/SubSystemModules/Communication/TRXVU.o
                0x20008c44                setTransponderEndTime
 .text.getTransponderEndTime
                0x20008c84       0x44 ./src/SubSystemModules/Communication/TRXVU.o
                0x20008c84                getTransponderEndTime
 .text.setTransponderRSSIinFRAM
                0x20008cc8       0x44 ./src/SubSystemModules/Communication/TRXVU.o
                0x20008cc8                setTransponderRSSIinFRAM
 .text.getTransponderRSSIFromFRAM
                0x20008d0c       0x4c ./src/SubSystemModules/Communication/TRXVU.o
                0x20008d0c                getTransponderRSSIFromFRAM
 .text.InitTxModule
                0x20008d58       0x68 ./src/SubSystemModules/Communication/TRXVU.o
                0x20008d58                InitTxModule
 .text.CMD_SetBeaconInterval
                0x20008dc0       0xdc ./src/SubSystemModules/Communication/TRXVU.o
                0x20008dc0                CMD_SetBeaconInterval
 .text.InitBeaconParams
                0x20008e9c       0x3c ./src/SubSystemModules/Communication/TRXVU.o
                0x20008e9c                InitBeaconParams
 .text.InitSemaphores
                0x20008ed8       0x98 ./src/SubSystemModules/Communication/TRXVU.o
                0x20008ed8                InitSemaphores
 .text.InitTrxvu
                0x20008f70      0x100 ./src/SubSystemModules/Communication/TRXVU.o
                0x20008f70                InitTrxvu
 .text.checkIdleFinish
                0x20009070       0x68 ./src/SubSystemModules/Communication/TRXVU.o
                0x20009070                checkIdleFinish
 .text.checkTransponderFinish
                0x200090d8       0x50 ./src/SubSystemModules/Communication/TRXVU.o
                0x200090d8                checkTransponderFinish
 .text.checkTransponderStart
                0x20009128       0x50 ./src/SubSystemModules/Communication/TRXVU.o
                0x20009128                checkTransponderStart
 .text.turnOnTransponder
                0x20009178       0xa0 ./src/SubSystemModules/Communication/TRXVU.o
                0x20009178                turnOnTransponder
 .text.turnOffTransponder
                0x20009218       0x90 ./src/SubSystemModules/Communication/TRXVU.o
                0x20009218                turnOffTransponder
 .text.SetRSSITransponder
                0x200092a8       0x80 ./src/SubSystemModules/Communication/TRXVU.o
                0x200092a8                SetRSSITransponder
 .text.TRX_Logic
                0x20009328       0xe4 ./src/SubSystemModules/Communication/TRXVU.o
                0x20009328                TRX_Logic
 .text.GetNumberOfFramesInBuffer
                0x2000940c       0x94 ./src/SubSystemModules/Communication/TRXVU.o
                0x2000940c                GetNumberOfFramesInBuffer
 .text.GetOnlineCommand
                0x200094a0      0x1d0 ./src/SubSystemModules/Communication/TRXVU.o
                0x200094a0                GetOnlineCommand
 .text.CheckTransmitionAllowed
                0x20009670       0xc0 ./src/SubSystemModules/Communication/TRXVU.o
                0x20009670                CheckTransmitionAllowed
 .text.FinishDump
                0x20009730       0xf0 ./src/SubSystemModules/Communication/TRXVU.o
                0x20009730                FinishDump
 .text.AbortDump
                0x20009820       0x34 ./src/SubSystemModules/Communication/TRXVU.o
                0x20009820                AbortDump
 .text.SendDumpAbortRequest
                0x20009854       0x6c ./src/SubSystemModules/Communication/TRXVU.o
                0x20009854                SendDumpAbortRequest
 .text.CheckDumpAbort
                0x200098c0       0x6c ./src/SubSystemModules/Communication/TRXVU.o
                0x200098c0                CheckDumpAbort
 .text.BeaconLogic
                0x2000992c      0x184 ./src/SubSystemModules/Communication/TRXVU.o
                0x2000992c                BeaconLogic
 .text.SetIdleState
                0x20009ab0      0x144 ./src/SubSystemModules/Communication/TRXVU.o
                0x20009ab0                SetIdleState
 .text.muteTRXVU
                0x20009bf4       0x74 ./src/SubSystemModules/Communication/TRXVU.o
                0x20009bf4                muteTRXVU
 .text.UnMuteTRXVU
                0x20009c68       0x14 ./src/SubSystemModules/Communication/TRXVU.o
                0x20009c68                UnMuteTRXVU
 .text.TransmitDataAsSPL_Packet
                0x20009c7c      0x12c ./src/SubSystemModules/Communication/TRXVU.o
                0x20009c7c                TransmitDataAsSPL_Packet
 .text.TransmitSplPacket
                0x20009da8      0x124 ./src/SubSystemModules/Communication/TRXVU.o
                0x20009da8                TransmitSplPacket
 .text.isFirstActivation
                0x20009ecc       0x38 ./src/InitSystem.o
                0x20009ecc                isFirstActivation
 .text.WriteDefaultValuesToFRAM
                0x20009f04      0x2ac ./src/InitSystem.o
                0x20009f04                WriteDefaultValuesToFRAM
 .text.StartFRAM
                0x2000a1b0       0x64 ./src/InitSystem.o
                0x2000a1b0                StartFRAM
 .text.StartI2C
                0x2000a214       0x38 ./src/InitSystem.o
                0x2000a214                StartI2C
 .text.StartSPI
                0x2000a24c       0x34 ./src/InitSystem.o
                0x2000a24c                StartSPI
 .text.StartTIME
                0x2000a280       0xbc ./src/InitSystem.o
                0x2000a280                StartTIME
 .text.DeploySystem
                0x2000a33c      0x1b4 ./src/InitSystem.o
                0x2000a33c                DeploySystem
 .text.InitSubsystems
                0x2000a4f0       0x64 ./src/InitSystem.o
                0x2000a4f0                InitSubsystems
 .text.CMD_getInfoImage
                0x2000a554      0x158 ./src/TLM_management.o
                0x2000a554                CMD_getInfoImage
 .text.CMD_getDataImage
                0x2000a6ac      0x218 ./src/TLM_management.o
                0x2000a6ac                CMD_getDataImage
 .text.delete_allTMFilesFromSD
                0x2000a8c4       0x8c ./src/TLM_management.o
                0x2000a8c4                delete_allTMFilesFromSD
 .text.deleteTLMFiles
                0x2000a950       0x94 ./src/TLM_management.o
                0x2000a950                deleteTLMFiles
 .text.deleteTLMFile
                0x2000a9e4       0xcc ./src/TLM_management.o
                0x2000a9e4                deleteTLMFile
 .text.deleteTLMbyMonth
                0x2000aab0       0xac ./src/TLM_management.o
                0x2000aab0                deleteTLMbyMonth
 .text.deleteDirectory
                0x2000ab5c      0x158 ./src/TLM_management.o
                0x2000ab5c                deleteDirectory
 .text.InitializeFS
                0x2000acb4       0xec ./src/TLM_management.o
                0x2000acb4                InitializeFS
 .text.calculateFileName
                0x2000ada0      0x130 ./src/TLM_management.o
                0x2000ada0                calculateFileName
 .text.getTlmTypeInfo
                0x2000aed0      0x294 ./src/TLM_management.o
                0x2000aed0                getTlmTypeInfo
 .text.write2File
                0x2000b164      0x1dc ./src/TLM_management.o
                0x2000b164                write2File
 .text.printTLM
                0x2000b340       0x24 ./src/TLM_management.o
                0x2000b340                printTLM
 .text.readTLMFile
                0x2000b364      0x328 ./src/TLM_management.o
                0x2000b364                readTLMFile
 .text.readTLMFiles
                0x2000b68c       0xdc ./src/TLM_management.o
                0x2000b68c                readTLMFiles
 .text.readTLMFileTimeRange
                0x2000b768      0x2f0 ./src/TLM_management.o
                0x2000b768                readTLMFileTimeRange
 .text.DeInitializeFS
                0x2000ba58       0x38 ./src/TLM_management.o
                0x2000ba58                DeInitializeFS
 .text.taskMain
                0x2000ba90       0x84 ./src/main.o
                0x2000ba90                taskMain
 .text.main     0x2000bb14       0x98 ./src/main.o
                0x2000bb14                main
 .text.timeU2time
                0x2000bbac       0xbc ./src/utils.o
                0x2000bbac                timeU2time
 .text.logError
                0x2000bc68      0x148 ./src/utils.o
                0x2000bc68                logError
 .text.clearPDCtransfers
                0x2000bdb0       0xe8 C:/ISIS/workspace_ycube/GlobusSatProject/..//hal/hal/lib\libHALD.a(SPI.o)
 .text.SPI_start
                0x2000be98      0x4b0 C:/ISIS/workspace_ycube/GlobusSatProject/..//hal/hal/lib\libHALD.a(SPI.o)
                0x2000be98                SPI_start
 .text.SPI_stop
                0x2000c348      0x244 C:/ISIS/workspace_ycube/GlobusSatProject/..//hal/hal/lib\libHALD.a(SPI.o)
                0x2000c348                SPI_stop
 .text.SPI_queueTransfer
                0x2000c58c      0x1cc C:/ISIS/workspace_ycube/GlobusSatProject/..//hal/hal/lib\libHALD.a(SPI.o)
                0x2000c58c                SPI_queueTransfer
 .text.SPI_internalCallback
                0x2000c758       0x64 C:/ISIS/workspace_ycube/GlobusSatProject/..//hal/hal/lib\libHALD.a(SPI.o)
 .text.SPI_writeRead
                0x2000c7bc      0x1c0 C:/ISIS/workspace_ycube/GlobusSatProject/..//hal/hal/lib\libHALD.a(SPI.o)
                0x2000c7bc                SPI_writeRead
 .text.waitForTransfer
                0x2000c97c       0x78 C:/ISIS/workspace_ycube/GlobusSatProject/..//hal/hal/lib\libHALD.a(SPI.o)
 .text.SPI_getDriverState
                0x2000c9f4       0x58 C:/ISIS/workspace_ycube/GlobusSatProject/..//hal/hal/lib\libHALD.a(SPI.o)
                0x2000c9f4                SPI_getDriverState
 .text.validateTransferParameters
                0x2000ca4c      0x10c C:/ISIS/workspace_ycube/GlobusSatProject/..//hal/hal/lib\libHALD.a(I2C.o)
 .text.I2C_queueTransfer
                0x2000cb58       0xfc C:/ISIS/workspace_ycube/GlobusSatProject/..//hal/hal/lib\libHALD.a(I2C.o)
                0x2000cb58                I2C_queueTransfer
 .text.I2C_internalCallback
                0x2000cc54       0x64 C:/ISIS/workspace_ycube/GlobusSatProject/..//hal/hal/lib\libHALD.a(I2C.o)
 .text.I2C_doBlockingTransfer
                0x2000ccb8      0x180 C:/ISIS/workspace_ycube/GlobusSatProject/..//hal/hal/lib\libHALD.a(I2C.o)
 .text.I2C_write
                0x2000ce38      0x110 C:/ISIS/workspace_ycube/GlobusSatProject/..//hal/hal/lib\libHALD.a(I2C.o)
                0x2000ce38                I2C_write
 .text.I2C_read
                0x2000cf48      0x110 C:/ISIS/workspace_ycube/GlobusSatProject/..//hal/hal/lib\libHALD.a(I2C.o)
                0x2000cf48                I2C_read
 .text.I2C_writeRead
                0x2000d058      0x17c C:/ISIS/workspace_ycube/GlobusSatProject/..//hal/hal/lib\libHALD.a(I2C.o)
                0x2000d058                I2C_writeRead
 .text.I2C_start
                0x2000d1d4      0x2e8 C:/ISIS/workspace_ycube/GlobusSatProject/..//hal/hal/lib\libHALD.a(I2C.o)
                0x2000d1d4                I2C_start
 .text.I2C_stop
                0x2000d4bc      0x184 C:/ISIS/workspace_ycube/GlobusSatProject/..//hal/hal/lib\libHALD.a(I2C.o)
                0x2000d4bc                I2C_stop
 .text.I2C_setTransferTimeout
                0x2000d640       0x48 C:/ISIS/workspace_ycube/GlobusSatProject/..//hal/hal/lib\libHALD.a(I2C.o)
                0x2000d640                I2C_setTransferTimeout
 .text.ADC_ConvertRaw10bitToMillivolt
                0x2000d688       0x50 C:/ISIS/workspace_ycube/GlobusSatProject/..//hal/hal/lib\libHALD.a(ADC.o)
                0x2000d688                ADC_ConvertRaw10bitToMillivolt
 .text.ADC_SingleShot
                0x2000d6d8      0x230 C:/ISIS/workspace_ycube/GlobusSatProject/..//hal/hal/lib\libHALD.a(ADC.o)
                0x2000d6d8                ADC_SingleShot
 .text.FRAM_start
                0x2000d908      0x120 C:/ISIS/workspace_ycube/GlobusSatProject/..//hal/hal/lib\libHALD.a(FRAM.o)
                0x2000d908                FRAM_start
 .text.FRAM_stop
                0x2000da28       0x6c C:/ISIS/workspace_ycube/GlobusSatProject/..//hal/hal/lib\libHALD.a(FRAM.o)
                0x2000da28                FRAM_stop
 .text.FRAM_dummyCallback
                0x2000da94       0x24 C:/ISIS/workspace_ycube/GlobusSatProject/..//hal/hal/lib\libHALD.a(FRAM.o)
                0x2000da94                FRAM_dummyCallback
 .text.FRAM_unlockingCallback
                0x2000dab8       0x64 C:/ISIS/workspace_ycube/GlobusSatProject/..//hal/hal/lib\libHALD.a(FRAM.o)
                0x2000dab8                FRAM_unlockingCallback
 .text.doBlockingTransfer
                0x2000db1c       0x78 C:/ISIS/workspace_ycube/GlobusSatProject/..//hal/hal/lib\libHALD.a(FRAM.o)
 .text.FRAM_writePacket
                0x2000db94      0x134 C:/ISIS/workspace_ycube/GlobusSatProject/..//hal/hal/lib\libHALD.a(FRAM.o)
 .text.FRAM_write
                0x2000dcc8      0x1e0 C:/ISIS/workspace_ycube/GlobusSatProject/..//hal/hal/lib\libHALD.a(FRAM.o)
                0x2000dcc8                FRAM_write
 .text.FRAM_readPacket
                0x2000dea8       0xf0 C:/ISIS/workspace_ycube/GlobusSatProject/..//hal/hal/lib\libHALD.a(FRAM.o)
 .text.FRAM_read
                0x2000df98      0x1ec C:/ISIS/workspace_ycube/GlobusSatProject/..//hal/hal/lib\libHALD.a(FRAM.o)
                0x2000df98                FRAM_read
 .text.Time_start
                0x2000e184      0x170 C:/ISIS/workspace_ycube/GlobusSatProject/..//hal/hal/lib\libHALD.a(Time.o)
                0x2000e184                Time_start
 .text.taskTimeSync
                0x2000e2f4       0x64 C:/ISIS/workspace_ycube/GlobusSatProject/..//hal/hal/lib\libHALD.a(Time.o)
 .text.Time_convertEpochToTime
                0x2000e358      0x100 C:/ISIS/workspace_ycube/GlobusSatProject/..//hal/hal/lib\libHALD.a(Time.o)
                0x2000e358                Time_convertEpochToTime
 .text.Time_calculateSecondsOfYear
                0x2000e458       0xd8 C:/ISIS/workspace_ycube/GlobusSatProject/..//hal/hal/lib\libHALD.a(Time.o)
 .text.Time_set
                0x2000e530       0xd8 C:/ISIS/workspace_ycube/GlobusSatProject/..//hal/hal/lib\libHALD.a(Time.o)
                0x2000e530                Time_set
 .text.Time_isLeapYear
                0x2000e608       0x98 C:/ISIS/workspace_ycube/GlobusSatProject/..//hal/hal/lib\libHALD.a(Time.o)
                0x2000e608                Time_isLeapYear
 .text.Time_get
                0x2000e6a0      0x478 C:/ISIS/workspace_ycube/GlobusSatProject/..//hal/hal/lib\libHALD.a(Time.o)
                0x2000e6a0                Time_get
 .text.Time_getUnixEpoch
                0x2000eb18      0x108 C:/ISIS/workspace_ycube/GlobusSatProject/..//hal/hal/lib\libHALD.a(Time.o)
                0x2000eb18                Time_getUnixEpoch
 .text.Time_secondsOfYearToTime
                0x2000ec20      0x33c C:/ISIS/workspace_ycube/GlobusSatProject/..//hal/hal/lib\libHALD.a(Time.o)
 .text.Time_setUnixEpoch
                0x2000ef5c       0x54 C:/ISIS/workspace_ycube/GlobusSatProject/..//hal/hal/lib\libHALD.a(Time.o)
                0x2000ef5c                Time_setUnixEpoch
 .text.Time_getUptimeSeconds
                0x2000efb0       0x28 C:/ISIS/workspace_ycube/GlobusSatProject/..//hal/hal/lib\libHALD.a(Time.o)
                0x2000efb0                Time_getUptimeSeconds
 .text.Time_sync
                0x2000efd8      0x1a8 C:/ISIS/workspace_ycube/GlobusSatProject/..//hal/hal/lib\libHALD.a(Time.o)
                0x2000efd8                Time_sync
 .text.Time_syncIfNeeded
                0x2000f180       0xac C:/ISIS/workspace_ycube/GlobusSatProject/..//hal/hal/lib\libHALD.a(Time.o)
                0x2000f180                Time_syncIfNeeded
 .text.WDT_start
                0x2000f22c       0x48 C:/ISIS/workspace_ycube/GlobusSatProject/..//hal/hal/lib\libHALD.a(WatchDogTimerNoOS.o)
                0x2000f22c                WDT_start
 .text.RTT_start
                0x2000f274       0x24 C:/ISIS/workspace_ycube/GlobusSatProject/..//hal/hal/lib\libHALD.a(RTT.o)
                0x2000f274                RTT_start
 .text.RTT_GetTime
                0x2000f298       0x24 C:/ISIS/workspace_ycube/GlobusSatProject/..//hal/hal/lib\libHALD.a(RTT.o)
                0x2000f298                RTT_GetTime
 .text.RTC_start
                0x2000f2bc       0x3c C:/ISIS/workspace_ycube/GlobusSatProject/..//hal/hal/lib\libHALD.a(RTC.o)
                0x2000f2bc                RTC_start
 .text.RTC_setTime
                0x2000f2f8      0x2a4 C:/ISIS/workspace_ycube/GlobusSatProject/..//hal/hal/lib\libHALD.a(RTC.o)
                0x2000f2f8                RTC_setTime
 .text.RTC_getTime
                0x2000f59c      0x230 C:/ISIS/workspace_ycube/GlobusSatProject/..//hal/hal/lib\libHALD.a(RTC.o)
                0x2000f59c                RTC_getTime
 .text.RTC_checkTimeValid
                0x2000f7cc       0xd8 C:/ISIS/workspace_ycube/GlobusSatProject/..//hal/hal/lib\libHALD.a(RTC.o)
                0x2000f7cc                RTC_checkTimeValid
 .text.WDT_startWatchdogKickTask
                0x2000f8a4       0xb4 C:/ISIS/workspace_ycube/GlobusSatProject/..//hal/hal/lib\libHALD.a(WatchDogTimerOS.o)
                0x2000f8a4                WDT_startWatchdogKickTask
 .text.WDT_forceKickEveryNms
                0x2000f958       0x50 C:/ISIS/workspace_ycube/GlobusSatProject/..//hal/hal/lib\libHALD.a(WatchDogTimerOS.o)
                0x2000f958                WDT_forceKickEveryNms
 .text.f_puts   0x2000f9a8       0x80 C:/ISIS/workspace_ycube/GlobusSatProject/..//hal/hal/lib\libHALD.a(fprintf.o)
                0x2000f9a8                f_puts
 .text.LED_glow
                0x2000fa28       0x58 C:/ISIS/workspace_ycube/GlobusSatProject/..//hal/hal/lib\libHALD.a(LED.o)
                0x2000fa28                LED_glow
 .text.LED_dark
                0x2000fa80       0x58 C:/ISIS/workspace_ycube/GlobusSatProject/..//hal/hal/lib\libHALD.a(LED.o)
                0x2000fa80                LED_dark
 .text.LED_toggle
                0x2000fad8       0x50 C:/ISIS/workspace_ycube/GlobusSatProject/..//hal/hal/lib\libHALD.a(LED.o)
                0x2000fad8                LED_toggle
 .text.fm_initvolume
                0x2000fb28       0x70 C:/ISIS/workspace_ycube/GlobusSatProject/..//hal/hcc/lib\libHCCD.a(fat_m.o)
                0x2000fb28                fm_initvolume
 .text.fm_delvolume
                0x2000fb98       0x60 C:/ISIS/workspace_ycube/GlobusSatProject/..//hal/hcc/lib\libHCCD.a(fat_m.o)
                0x2000fb98                fm_delvolume
 .text.fm_format
                0x2000fbf8       0x68 C:/ISIS/workspace_ycube/GlobusSatProject/..//hal/hcc/lib\libHCCD.a(fat_m.o)
                0x2000fbf8                fm_format
 .text.fm_getdrive
                0x2000fc60       0x70 C:/ISIS/workspace_ycube/GlobusSatProject/..//hal/hcc/lib\libHCCD.a(fat_m.o)
                0x2000fc60                fm_getdrive
 .text.fm_getfreespace
                0x2000fcd0       0x68 C:/ISIS/workspace_ycube/GlobusSatProject/..//hal/hcc/lib\libHCCD.a(fat_m.o)
                0x2000fcd0                fm_getfreespace
 .text.fm_mkdir
                0x2000fd38       0x60 C:/ISIS/workspace_ycube/GlobusSatProject/..//hal/hcc/lib\libHCCD.a(fat_m.o)
                0x2000fd38                fm_mkdir
 .text.fm_rmdir
                0x2000fd98       0x60 C:/ISIS/workspace_ycube/GlobusSatProject/..//hal/hcc/lib\libHCCD.a(fat_m.o)
                0x2000fd98                fm_rmdir
 .text.fm_findfirst
                0x2000fdf8       0x68 C:/ISIS/workspace_ycube/GlobusSatProject/..//hal/hcc/lib\libHCCD.a(fat_m.o)
                0x2000fdf8                fm_findfirst
 .text.fm_findnext
                0x2000fe60       0x60 C:/ISIS/workspace_ycube/GlobusSatProject/..//hal/hcc/lib\libHCCD.a(fat_m.o)
                0x2000fe60                fm_findnext
 .text.fm_close
                0x2000fec0       0x60 C:/ISIS/workspace_ycube/GlobusSatProject/..//hal/hcc/lib\libHCCD.a(fat_m.o)
                0x2000fec0                fm_close
 .text.fm_flush
                0x2000ff20       0x60 C:/ISIS/workspace_ycube/GlobusSatProject/..//hal/hcc/lib\libHCCD.a(fat_m.o)
                0x2000ff20                fm_flush
 .text.fm_open  0x2000ff80       0x68 C:/ISIS/workspace_ycube/GlobusSatProject/..//hal/hcc/lib\libHCCD.a(fat_m.o)
                0x2000ff80                fm_open
 .text.fm_read  0x2000ffe8       0x7c C:/ISIS/workspace_ycube/GlobusSatProject/..//hal/hcc/lib\libHCCD.a(fat_m.o)
                0x2000ffe8                fm_read
 .text.fm_write
                0x20010064       0x7c C:/ISIS/workspace_ycube/GlobusSatProject/..//hal/hcc/lib\libHCCD.a(fat_m.o)
                0x20010064                fm_write
 .text.fm_seek  0x200100e0       0x70 C:/ISIS/workspace_ycube/GlobusSatProject/..//hal/hcc/lib\libHCCD.a(fat_m.o)
                0x200100e0                fm_seek
 .text.fm_tell  0x20010150       0x60 C:/ISIS/workspace_ycube/GlobusSatProject/..//hal/hcc/lib\libHCCD.a(fat_m.o)
                0x20010150                fm_tell
 .text.fm_putc  0x200101b0       0x68 C:/ISIS/workspace_ycube/GlobusSatProject/..//hal/hcc/lib\libHCCD.a(fat_m.o)
                0x200101b0                fm_putc
 .text.fm_rewind
                0x20010218       0x60 C:/ISIS/workspace_ycube/GlobusSatProject/..//hal/hcc/lib\libHCCD.a(fat_m.o)
                0x20010218                fm_rewind
 .text.fm_delete
                0x20010278       0x64 C:/ISIS/workspace_ycube/GlobusSatProject/..//hal/hcc/lib\libHCCD.a(fat_m.o)
                0x20010278                fm_delete
 .text.fm_getlasterror
                0x200102dc       0x40 C:/ISIS/workspace_ycube/GlobusSatProject/..//hal/hcc/lib\libHCCD.a(fat_m.o)
                0x200102dc                fm_getlasterror
 .text._f_invalidatedir
                0x2001031c       0x28 C:/ISIS/workspace_ycube/GlobusSatProject/..//hal/hcc/lib\libHCCD.a(fat.o)
                0x2001031c                _f_invalidatedir
 .text._f_getdirsector
                0x20010344       0x88 C:/ISIS/workspace_ycube/GlobusSatProject/..//hal/hcc/lib\libHCCD.a(fat.o)
                0x20010344                _f_getdirsector
 .text._f_writedirsector
                0x200103cc       0x74 C:/ISIS/workspace_ycube/GlobusSatProject/..//hal/hcc/lib\libHCCD.a(fat.o)
                0x200103cc                _f_writedirsector
 .text._f_checknameinv
                0x20010440      0x180 C:/ISIS/workspace_ycube/GlobusSatProject/..//hal/hcc/lib\libHCCD.a(fat.o)
 .text._f_checkname
                0x200105c0       0x7c C:/ISIS/workspace_ycube/GlobusSatProject/..//hal/hcc/lib\libHCCD.a(fat.o)
 .text._f_checknamewc
                0x2001063c       0xf8 C:/ISIS/workspace_ycube/GlobusSatProject/..//hal/hcc/lib\libHCCD.a(fat.o)
 .text._f_setnameext
                0x20010734      0x300 C:/ISIS/workspace_ycube/GlobusSatProject/..//hal/hcc/lib\libHCCD.a(fat.o)
 .text._f_setfsname
                0x20010a34      0x584 C:/ISIS/workspace_ycube/GlobusSatProject/..//hal/hcc/lib\libHCCD.a(fat.o)
 .text._f_findfile
                0x20010fb8      0x30c C:/ISIS/workspace_ycube/GlobusSatProject/..//hal/hcc/lib\libHCCD.a(fat.o)
 .text._f_cmp_wname
                0x200112c4      0x274 C:/ISIS/workspace_ycube/GlobusSatProject/..//hal/hcc/lib\libHCCD.a(fat.o)
 .text._f_to_string
                0x20011538      0x130 C:/ISIS/workspace_ycube/GlobusSatProject/..//hal/hcc/lib\libHCCD.a(fat.o)
 .text._f_findfilewc
                0x20011668      0x278 C:/ISIS/workspace_ycube/GlobusSatProject/..//hal/hcc/lib\libHCCD.a(fat.o)
 .text._f_getfilename
                0x200118e0      0x20c C:/ISIS/workspace_ycube/GlobusSatProject/..//hal/hcc/lib\libHCCD.a(fat.o)
 .text._f_findpath
                0x20011aec      0x35c C:/ISIS/workspace_ycube/GlobusSatProject/..//hal/hcc/lib\libHCCD.a(fat.o)
 .text.fn_getdcwd
                0x20011e48      0x1e0 C:/ISIS/workspace_ycube/GlobusSatProject/..//hal/hcc/lib\libHCCD.a(fat.o)
                0x20011e48                fn_getdcwd
 .text.fn_findfirst
                0x20012028      0x13c C:/ISIS/workspace_ycube/GlobusSatProject/..//hal/hcc/lib\libHCCD.a(fat.o)
                0x20012028                fn_findfirst
 .text.fn_findnext
                0x20012164      0x360 C:/ISIS/workspace_ycube/GlobusSatProject/..//hal/hcc/lib\libHCCD.a(fat.o)
                0x20012164                fn_findnext
 .text._f_lock_resfile
                0x200124c4       0x6c C:/ISIS/workspace_ycube/GlobusSatProject/..//hal/hcc/lib\libHCCD.a(fat.o)
 .text._f_unlock_resfile
                0x20012530       0x40 C:/ISIS/workspace_ycube/GlobusSatProject/..//hal/hcc/lib\libHCCD.a(fat.o)
 .text._f_getintfile
                0x20012570      0x124 C:/ISIS/workspace_ycube/GlobusSatProject/..//hal/hcc/lib\libHCCD.a(fat.o)
 .text._f_addentry
                0x20012694      0x540 C:/ISIS/workspace_ycube/GlobusSatProject/..//hal/hcc/lib\libHCCD.a(fat.o)
 .text.fn_mkdir
                0x20012bd4      0x75c C:/ISIS/workspace_ycube/GlobusSatProject/..//hal/hcc/lib\libHCCD.a(fat.o)
                0x20012bd4                fn_mkdir
 .text.fn_open_sub
                0x20013330     0x1698 C:/ISIS/workspace_ycube/GlobusSatProject/..//hal/hcc/lib\libHCCD.a(fat.o)
 .text.fn_open  0x200149c8       0x44 C:/ISIS/workspace_ycube/GlobusSatProject/..//hal/hcc/lib\libHCCD.a(fat.o)
                0x200149c8                fn_open
 .text.fn_delete
                0x20014a0c      0x490 C:/ISIS/workspace_ycube/GlobusSatProject/..//hal/hcc/lib\libHCCD.a(fat.o)
                0x20014a0c                fn_delete
 .text.fn_rmdir
                0x20014e9c      0x5ac C:/ISIS/workspace_ycube/GlobusSatProject/..//hal/hcc/lib\libHCCD.a(fat.o)
                0x20014e9c                fn_rmdir
 .text.fn_init  0x20015448      0x2dc C:/ISIS/workspace_ycube/GlobusSatProject/..//hal/hcc/lib\libHCCD.a(fat_common.o)
                0x20015448                fn_init
 .text.fn_start
                0x20015724       0x1c C:/ISIS/workspace_ycube/GlobusSatProject/..//hal/hcc/lib\libHCCD.a(fat_common.o)
                0x20015724                fn_start
 .text.fsn_delete
                0x20015740       0xc8 C:/ISIS/workspace_ycube/GlobusSatProject/..//hal/hcc/lib\libHCCD.a(fat_common.o)
                0x20015740                fsn_delete
 .text._f_get16bitl
                0x20015808       0x4c C:/ISIS/workspace_ycube/GlobusSatProject/..//hal/hcc/lib\libHCCD.a(fat_common.o)
                0x20015808                _f_get16bitl
 .text._f_set16bitl
                0x20015854       0x54 C:/ISIS/workspace_ycube/GlobusSatProject/..//hal/hcc/lib\libHCCD.a(fat_common.o)
                0x20015854                _f_set16bitl
 .text._f_get32bitl
                0x200158a8       0x68 C:/ISIS/workspace_ycube/GlobusSatProject/..//hal/hcc/lib\libHCCD.a(fat_common.o)
                0x200158a8                _f_get32bitl
 .text._f_set32bitl
                0x20015910       0x78 C:/ISIS/workspace_ycube/GlobusSatProject/..//hal/hcc/lib\libHCCD.a(fat_common.o)
                0x20015910                _f_set32bitl
 .text._get8bit
                0x20015988       0xa0 C:/ISIS/workspace_ycube/GlobusSatProject/..//hal/hcc/lib\libHCCD.a(fat_common.o)
 .text._get16bitl
                0x20015a28       0x40 C:/ISIS/workspace_ycube/GlobusSatProject/..//hal/hcc/lib\libHCCD.a(fat_common.o)
 .text._get32bitl
                0x20015a68       0x3c C:/ISIS/workspace_ycube/GlobusSatProject/..//hal/hcc/lib\libHCCD.a(fat_common.o)
 .text._set8bitzero
                0x20015aa4       0x6c C:/ISIS/workspace_ycube/GlobusSatProject/..//hal/hcc/lib\libHCCD.a(fat_common.o)
 .text._set8bit
                0x20015b10       0xa0 C:/ISIS/workspace_ycube/GlobusSatProject/..//hal/hcc/lib\libHCCD.a(fat_common.o)
 .text._set16bitl
                0x20015bb0       0x3c C:/ISIS/workspace_ycube/GlobusSatProject/..//hal/hcc/lib\libHCCD.a(fat_common.o)
 .text._set32bitl
                0x20015bec       0x34 C:/ISIS/workspace_ycube/GlobusSatProject/..//hal/hcc/lib\libHCCD.a(fat_common.o)
 .text._f_setcardremoved
                0x20015c20       0x94 C:/ISIS/workspace_ycube/GlobusSatProject/..//hal/hcc/lib\libHCCD.a(fat_common.o)
 .text._f_checkstatus
                0x20015cb4      0x104 C:/ISIS/workspace_ycube/GlobusSatProject/..//hal/hcc/lib\libHCCD.a(fat_common.o)
                0x20015cb4                _f_checkstatus
 .text._f_drvgetphy
                0x20015db8      0x114 C:/ISIS/workspace_ycube/GlobusSatProject/..//hal/hcc/lib\libHCCD.a(fat_common.o)
 .text._f_drvwritesector
                0x20015ecc       0xdc C:/ISIS/workspace_ycube/GlobusSatProject/..//hal/hcc/lib\libHCCD.a(fat_common.o)
 .text._f_drvreadsector
                0x20015fa8       0xa8 C:/ISIS/workspace_ycube/GlobusSatProject/..//hal/hcc/lib\libHCCD.a(fat_common.o)
 .text._f_writesector
                0x20016050      0x23c C:/ISIS/workspace_ycube/GlobusSatProject/..//hal/hcc/lib\libHCCD.a(fat_common.o)
                0x20016050                _f_writesector
 .text._f_readsector
                0x2001628c      0x1dc C:/ISIS/workspace_ycube/GlobusSatProject/..//hal/hcc/lib\libHCCD.a(fat_common.o)
                0x2001628c                _f_readsector
 .text._f_getmaxcluster
                0x20016468       0x94 C:/ISIS/workspace_ycube/GlobusSatProject/..//hal/hcc/lib\libHCCD.a(fat_common.o)
                0x20016468                _f_getmaxcluster
 .text._getsectorfromcluster
                0x200164fc       0x68 C:/ISIS/workspace_ycube/GlobusSatProject/..//hal/hcc/lib\libHCCD.a(fat_common.o)
 .text._f_buildsectors
                0x20016564      0x268 C:/ISIS/workspace_ycube/GlobusSatProject/..//hal/hcc/lib\libHCCD.a(fat_common.o)
 .text._f_getbootrecord
                0x200167cc      0x5e4 C:/ISIS/workspace_ycube/GlobusSatProject/..//hal/hcc/lib\libHCCD.a(fat_common.o)
 .text._f_readbootrecord
                0x20016db0      0x4f8 C:/ISIS/workspace_ycube/GlobusSatProject/..//hal/hcc/lib\libHCCD.a(fat_common.o)
 .text._f_writebootrecord
                0x200172a8      0x5e4 C:/ISIS/workspace_ycube/GlobusSatProject/..//hal/hcc/lib\libHCCD.a(fat_common.o)
 .text._f_flushcffiles
                0x2001788c      0x17c C:/ISIS/workspace_ycube/GlobusSatProject/..//hal/hcc/lib\libHCCD.a(fat_common.o)
                0x2001788c                _f_flushcffiles
 .text._f_fatcache_flush
                0x20017a08      0x270 C:/ISIS/workspace_ycube/GlobusSatProject/..//hal/hcc/lib\libHCCD.a(fat_common.o)
                0x20017a08                _f_fatcache_flush
 .text._f_writefatsector
                0x20017c78      0x100 C:/ISIS/workspace_ycube/GlobusSatProject/..//hal/hcc/lib\libHCCD.a(fat_common.o)
                0x20017c78                _f_writefatsector
 .text._f_getfatsector
                0x20017d78      0x3bc C:/ISIS/workspace_ycube/GlobusSatProject/..//hal/hcc/lib\libHCCD.a(fat_common.o)
 .text._f_setclustervalue
                0x20018134      0x490 C:/ISIS/workspace_ycube/GlobusSatProject/..//hal/hcc/lib\libHCCD.a(fat_common.o)
                0x20018134                _f_setclustervalue
 .text._f_getclustervalue
                0x200185c4      0x388 C:/ISIS/workspace_ycube/GlobusSatProject/..//hal/hcc/lib\libHCCD.a(fat_common.o)
                0x200185c4                _f_getclustervalue
 .text._f_close_drive_files
                0x2001894c       0xac C:/ISIS/workspace_ycube/GlobusSatProject/..//hal/hcc/lib\libHCCD.a(fat_common.o)
 .text._f_inc_mount_count
                0x200189f8       0xa4 C:/ISIS/workspace_ycube/GlobusSatProject/..//hal/hcc/lib\libHCCD.a(fat_common.o)
 .text._f_getvolume
                0x20018a9c      0x2f8 C:/ISIS/workspace_ycube/GlobusSatProject/..//hal/hcc/lib\libHCCD.a(fat_common.o)
                0x20018a9c                _f_getvolume
 .text.fn_createdriver
                0x20018d94      0x118 C:/ISIS/workspace_ycube/GlobusSatProject/..//hal/hcc/lib\libHCCD.a(fat_common.o)
                0x20018d94                fn_createdriver
 .text.fn_initvolume
                0x20018eac      0x12c C:/ISIS/workspace_ycube/GlobusSatProject/..//hal/hcc/lib\libHCCD.a(fat_common.o)
                0x20018eac                fn_initvolume
 .text.fn_releasedriver
                0x20018fd8       0xf4 C:/ISIS/workspace_ycube/GlobusSatProject/..//hal/hcc/lib\libHCCD.a(fat_common.o)
                0x20018fd8                fn_releasedriver
 .text.fn_initvolumepartition_sub
                0x200190cc       0xe0 C:/ISIS/workspace_ycube/GlobusSatProject/..//hal/hcc/lib\libHCCD.a(fat_common.o)
 .text.fn_initvolumepartition
                0x200191ac       0xac C:/ISIS/workspace_ycube/GlobusSatProject/..//hal/hcc/lib\libHCCD.a(fat_common.o)
                0x200191ac                fn_initvolumepartition
 .text.fn_delvolume
                0x20019258      0x194 C:/ISIS/workspace_ycube/GlobusSatProject/..//hal/hcc/lib\libHCCD.a(fat_common.o)
                0x20019258                fn_delvolume
 .text._f_clustertopos
                0x200193ec       0xf8 C:/ISIS/workspace_ycube/GlobusSatProject/..//hal/hcc/lib\libHCCD.a(fat_common.o)
                0x200193ec                _f_clustertopos
 .text._f_prepareformat
                0x200194e4      0x8b8 C:/ISIS/workspace_ycube/GlobusSatProject/..//hal/hcc/lib\libHCCD.a(fat_common.o)
 .text._f_resetfatentries
                0x20019d9c      0x410 C:/ISIS/workspace_ycube/GlobusSatProject/..//hal/hcc/lib\libHCCD.a(fat_common.o)
 .text._f_resetrootdir
                0x2001a1ac       0xcc C:/ISIS/workspace_ycube/GlobusSatProject/..//hal/hcc/lib\libHCCD.a(fat_common.o)
 .text._f_postformat
                0x2001a278      0x178 C:/ISIS/workspace_ycube/GlobusSatProject/..//hal/hcc/lib\libHCCD.a(fat_common.o)
 .text.fn_format
                0x2001a3f0      0x148 C:/ISIS/workspace_ycube/GlobusSatProject/..//hal/hcc/lib\libHCCD.a(fat_common.o)
                0x2001a3f0                fn_format
 .text._f_getcurrsector
                0x2001a538      0x6c8 C:/ISIS/workspace_ycube/GlobusSatProject/..//hal/hcc/lib\libHCCD.a(fat_common.o)
                0x2001a538                _f_getcurrsector
 .text._f_getdecluster
                0x2001ac00       0x90 C:/ISIS/workspace_ycube/GlobusSatProject/..//hal/hcc/lib\libHCCD.a(fat_common.o)
                0x2001ac00                _f_getdecluster
 .text._f_setdecluster
                0x2001ac90       0x8c C:/ISIS/workspace_ycube/GlobusSatProject/..//hal/hcc/lib\libHCCD.a(fat_common.o)
                0x2001ac90                _f_setdecluster
 .text.fn_getdrive
                0x2001ad1c       0x30 C:/ISIS/workspace_ycube/GlobusSatProject/..//hal/hcc/lib\libHCCD.a(fat_common.o)
                0x2001ad1c                fn_getdrive
 .text._f_getcurrenttimedate
                0x2001ad4c      0x138 C:/ISIS/workspace_ycube/GlobusSatProject/..//hal/hcc/lib\libHCCD.a(fat_common.o)
                0x2001ad4c                _f_getcurrenttimedate
 .text._f_initentry
                0x2001ae84       0xa0 C:/ISIS/workspace_ycube/GlobusSatProject/..//hal/hcc/lib\libHCCD.a(fat_common.o)
                0x2001ae84                _f_initentry
 .text._f_alloccluster
                0x2001af24      0x344 C:/ISIS/workspace_ycube/GlobusSatProject/..//hal/hcc/lib\libHCCD.a(fat_common.o)
                0x2001af24                _f_alloccluster
 .text._f_dobadblock
                0x2001b268      0x2cc C:/ISIS/workspace_ycube/GlobusSatProject/..//hal/hcc/lib\libHCCD.a(fat_common.o)
                0x2001b268                _f_dobadblock
 .text._f_checklocked
                0x2001b534       0xe4 C:/ISIS/workspace_ycube/GlobusSatProject/..//hal/hcc/lib\libHCCD.a(fat_common.o)
                0x2001b534                _f_checklocked
 .text._f_checkappendlocked
                0x2001b618      0x110 C:/ISIS/workspace_ycube/GlobusSatProject/..//hal/hcc/lib\libHCCD.a(fat_common.o)
                0x2001b618                _f_checkappendlocked
 .text._f_setsyncafile
                0x2001b728      0x114 C:/ISIS/workspace_ycube/GlobusSatProject/..//hal/hcc/lib\libHCCD.a(fat_common.o)
                0x2001b728                _f_setsyncafile
 .text._f_syncfiles
                0x2001b83c      0x128 C:/ISIS/workspace_ycube/GlobusSatProject/..//hal/hcc/lib\libHCCD.a(fat_common.o)
                0x2001b83c                _f_syncfiles
 .text._f_syncfilescontent
                0x2001b964      0x15c C:/ISIS/workspace_ycube/GlobusSatProject/..//hal/hcc/lib\libHCCD.a(fat_common.o)
 .text.fn_getfreespace
                0x2001bac0      0x4c0 C:/ISIS/workspace_ycube/GlobusSatProject/..//hal/hcc/lib\libHCCD.a(fat_common.o)
                0x2001bac0                fn_getfreespace
 .text._f_emptywritecache
                0x2001bf80      0x4a4 C:/ISIS/workspace_ycube/GlobusSatProject/..//hal/hcc/lib\libHCCD.a(fat_common.o)
 .text._f_allocnextcluster
                0x2001c424      0x54c C:/ISIS/workspace_ycube/GlobusSatProject/..//hal/hcc/lib\libHCCD.a(fat_common.o)
 .text._f_emptywritebuffer
                0x2001c970      0x20c C:/ISIS/workspace_ycube/GlobusSatProject/..//hal/hcc/lib\libHCCD.a(fat_common.o)
 .text._f_writezeros
                0x2001cb7c       0xf0 C:/ISIS/workspace_ycube/GlobusSatProject/..//hal/hcc/lib\libHCCD.a(fat_common.o)
                0x2001cb7c                _f_writezeros
 .text._f_extend_file
                0x2001cc6c      0x570 C:/ISIS/workspace_ycube/GlobusSatProject/..//hal/hcc/lib\libHCCD.a(fat_common.o)
 .text._f_fseek
                0x2001d1dc      0x9bc C:/ISIS/workspace_ycube/GlobusSatProject/..//hal/hcc/lib\libHCCD.a(fat_common.o)
                0x2001d1dc                _f_fseek
 .text._f_removechain
                0x2001db98      0x104 C:/ISIS/workspace_ycube/GlobusSatProject/..//hal/hcc/lib\libHCCD.a(fat_common.o)
                0x2001db98                _f_removechain
 .text._f_updatefileentry
                0x2001dc9c      0x1cc C:/ISIS/workspace_ycube/GlobusSatProject/..//hal/hcc/lib\libHCCD.a(fat_common.o)
 .text._f_checkreadlocked
                0x2001de68      0x1bc C:/ISIS/workspace_ycube/GlobusSatProject/..//hal/hcc/lib\libHCCD.a(fat_common.o)
                0x2001de68                _f_checkreadlocked
 .text._f_check_handle
                0x2001e024       0x98 C:/ISIS/workspace_ycube/GlobusSatProject/..//hal/hcc/lib\libHCCD.a(fat_common.o)
                0x2001e024                _f_check_handle
 .text._f_removesyncafile
                0x2001e0bc      0x1ec C:/ISIS/workspace_ycube/GlobusSatProject/..//hal/hcc/lib\libHCCD.a(fat_common.o)
 .text.fn_close
                0x2001e2a8      0x3f8 C:/ISIS/workspace_ycube/GlobusSatProject/..//hal/hcc/lib\libHCCD.a(fat_common.o)
                0x2001e2a8                fn_close
 .text.fn_flush
                0x2001e6a0      0x374 C:/ISIS/workspace_ycube/GlobusSatProject/..//hal/hcc/lib\libHCCD.a(fat_common.o)
                0x2001e6a0                fn_flush
 .text.fn_read  0x2001ea14      0x690 C:/ISIS/workspace_ycube/GlobusSatProject/..//hal/hcc/lib\libHCCD.a(fat_common.o)
                0x2001ea14                fn_read
 .text._f_abortwrite
                0x2001f0a4      0x100 C:/ISIS/workspace_ycube/GlobusSatProject/..//hal/hcc/lib\libHCCD.a(fat_common.o)
 .text._f_checkwritecluster
                0x2001f1a4       0xe4 C:/ISIS/workspace_ycube/GlobusSatProject/..//hal/hcc/lib\libHCCD.a(fat_common.o)
 .text.fn_write
                0x2001f288      0x8a8 C:/ISIS/workspace_ycube/GlobusSatProject/..//hal/hcc/lib\libHCCD.a(fat_common.o)
                0x2001f288                fn_write
 .text.fn_seek  0x2001fb30      0x270 C:/ISIS/workspace_ycube/GlobusSatProject/..//hal/hcc/lib\libHCCD.a(fat_common.o)
                0x2001fb30                fn_seek
 .text.fn_tell  0x2001fda0      0x19c C:/ISIS/workspace_ycube/GlobusSatProject/..//hal/hcc/lib\libHCCD.a(fat_common.o)
                0x2001fda0                fn_tell
 .text.fn_rewind
                0x2001ff3c       0x38 C:/ISIS/workspace_ycube/GlobusSatProject/..//hal/hcc/lib\libHCCD.a(fat_common.o)
                0x2001ff3c                fn_rewind
 .text.fn_putc  0x2001ff74       0x68 C:/ISIS/workspace_ycube/GlobusSatProject/..//hal/hcc/lib\libHCCD.a(fat_common.o)
                0x2001ff74                fn_putc
 .text.f_enterFS
                0x2001ffdc      0x1c0 C:/ISIS/workspace_ycube/GlobusSatProject/..//hal/hcc/lib\libHCCD.a(fat_common.o)
                0x2001ffdc                f_enterFS
 .text.f_releaseFS
                0x2002019c       0xb0 C:/ISIS/workspace_ycube/GlobusSatProject/..//hal/hcc/lib\libHCCD.a(fat_common.o)
                0x2002019c                f_releaseFS
 .text.fnGetTask
                0x2002024c       0xfc C:/ISIS/workspace_ycube/GlobusSatProject/..//hal/hcc/lib\libHCCD.a(fat_common.o)
                0x2002024c                fnGetTask
 .text._f_mutex_get
                0x20020348       0x98 C:/ISIS/workspace_ycube/GlobusSatProject/..//hal/hcc/lib\libHCCD.a(fat_common.o)
                0x20020348                _f_mutex_get
 .text._f_mutex_put
                0x200203e0       0x54 C:/ISIS/workspace_ycube/GlobusSatProject/..//hal/hcc/lib\libHCCD.a(fat_common.o)
                0x200203e0                _f_mutex_put
 .text._fn_initseekdivisor
                0x20020434      0x158 C:/ISIS/workspace_ycube/GlobusSatProject/..//hal/hcc/lib\libHCCD.a(fat_common.o)
                0x20020434                _fn_initseekdivisor
 .text._fn_updateseekpos
                0x2002058c       0xc4 C:/ISIS/workspace_ycube/GlobusSatProject/..//hal/hcc/lib\libHCCD.a(fat_common.o)
 .text._f_findopensize
                0x20020650       0x2c C:/ISIS/workspace_ycube/GlobusSatProject/..//hal/hcc/lib\libHCCD.a(fat_common.o)
                0x20020650                _f_findopensize
 .text.fn_setlasterror
                0x2002067c       0x34 C:/ISIS/workspace_ycube/GlobusSatProject/..//hal/hcc/lib\libHCCD.a(fat_common.o)
                0x2002067c                fn_setlasterror
 .text.fn_setlasterror_noret
                0x200206b0       0x2c C:/ISIS/workspace_ycube/GlobusSatProject/..//hal/hcc/lib\libHCCD.a(fat_common.o)
                0x200206b0                fn_setlasterror_noret
 .text._s_checkzeroclusteratend
                0x200206dc       0xf8 C:/ISIS/workspace_ycube/GlobusSatProject/..//hal/hcc/lib\libHCCD.a(safefat.o)
 .text._s_clearclustercontent
                0x200207d4      0x108 C:/ISIS/workspace_ycube/GlobusSatProject/..//hal/hcc/lib\libHCCD.a(safefat.o)
 .text._s_clearclustercontentdir
                0x200208dc      0x19c C:/ISIS/workspace_ycube/GlobusSatProject/..//hal/hcc/lib\libHCCD.a(safefat.o)
 .text._s_writedirsector
                0x20020a78       0xd0 C:/ISIS/workspace_ycube/GlobusSatProject/..//hal/hcc/lib\libHCCD.a(safefat.o)
 .text._s_getdirsector
                0x20020b48      0x100 C:/ISIS/workspace_ycube/GlobusSatProject/..//hal/hcc/lib\libHCCD.a(safefat.o)
 .text._s_addentry
                0x20020c48      0x394 C:/ISIS/workspace_ycube/GlobusSatProject/..//hal/hcc/lib\libHCCD.a(safefat.o)
 .text._s_findfile
                0x20020fdc      0x33c C:/ISIS/workspace_ycube/GlobusSatProject/..//hal/hcc/lib\libHCCD.a(safefat.o)
 .text._s_findsubdir
                0x20021318      0x248 C:/ISIS/workspace_ycube/GlobusSatProject/..//hal/hcc/lib\libHCCD.a(safefat.o)
 .text._s_createfile
                0x20021560      0x190 C:/ISIS/workspace_ycube/GlobusSatProject/..//hal/hcc/lib\libHCCD.a(safefat.o)
 .text._s_findsaffile
                0x200216f0      0x1b8 C:/ISIS/workspace_ycube/GlobusSatProject/..//hal/hcc/lib\libHCCD.a(safefat.o)
 .text._s_open  0x200218a8       0xe4 C:/ISIS/workspace_ycube/GlobusSatProject/..//hal/hcc/lib\libHCCD.a(safefat.o)
 .text._s_open_saf
                0x2002198c       0xe8 C:/ISIS/workspace_ycube/GlobusSatProject/..//hal/hcc/lib\libHCCD.a(safefat.o)
 .text._s_flush
                0x20021a74       0x84 C:/ISIS/workspace_ycube/GlobusSatProject/..//hal/hcc/lib\libHCCD.a(safefat.o)
 .text._s_allocnextcluster
                0x20021af8      0x13c C:/ISIS/workspace_ycube/GlobusSatProject/..//hal/hcc/lib\libHCCD.a(safefat.o)
 .text._s_getnextsector
                0x20021c34       0xdc C:/ISIS/workspace_ycube/GlobusSatProject/..//hal/hcc/lib\libHCCD.a(safefat.o)
 .text._s_seek  0x20021d10      0x1e8 C:/ISIS/workspace_ycube/GlobusSatProject/..//hal/hcc/lib\libHCCD.a(safefat.o)
 .text._s_get_len
                0x20021ef8      0x10c C:/ISIS/workspace_ycube/GlobusSatProject/..//hal/hcc/lib\libHCCD.a(safefat.o)
 .text._s_set_len
                0x20022004       0xb4 C:/ISIS/workspace_ycube/GlobusSatProject/..//hal/hcc/lib\libHCCD.a(safefat.o)
 .text.safe_fix_filelengths
                0x200220b8       0xcc C:/ISIS/workspace_ycube/GlobusSatProject/..//hal/hcc/lib\libHCCD.a(safefat.o)
                0x200220b8                safe_fix_filelengths
 .text._s_read  0x20022184      0x228 C:/ISIS/workspace_ycube/GlobusSatProject/..//hal/hcc/lib\libHCCD.a(safefat.o)
 .text._s_write
                0x200223ac      0x384 C:/ISIS/workspace_ycube/GlobusSatProject/..//hal/hcc/lib\libHCCD.a(safefat.o)
 .text._s_restoreclusters
                0x20022730      0x270 C:/ISIS/workspace_ycube/GlobusSatProject/..//hal/hcc/lib\libHCCD.a(safefat.o)
                0x20022730                _s_restoreclusters
 .text._s_findrestore
                0x200229a0      0x18c C:/ISIS/workspace_ycube/GlobusSatProject/..//hal/hcc/lib\libHCCD.a(safefat.o)
 .text._s_cmd_writede
                0x20022b2c       0xd8 C:/ISIS/workspace_ycube/GlobusSatProject/..//hal/hcc/lib\libHCCD.a(safefat.o)
 .text._s_cmd_setcluster
                0x20022c04       0x88 C:/ISIS/workspace_ycube/GlobusSatProject/..//hal/hcc/lib\libHCCD.a(safefat.o)
 .text._s_cmd_deletechain
                0x20022c8c      0x100 C:/ISIS/workspace_ycube/GlobusSatProject/..//hal/hcc/lib\libHCCD.a(safefat.o)
 .text._s_cmd_validatecfn
                0x20022d8c      0x308 C:/ISIS/workspace_ycube/GlobusSatProject/..//hal/hcc/lib\libHCCD.a(safefat.o)
 .text._s_cmd_seteof
                0x20023094      0x3c4 C:/ISIS/workspace_ycube/GlobusSatProject/..//hal/hcc/lib\libHCCD.a(safefat.o)
 .text.safe_docommands
                0x20023458      0x56c C:/ISIS/workspace_ycube/GlobusSatProject/..//hal/hcc/lib\libHCCD.a(safefat.o)
                0x20023458                safe_docommands
 .text.safe_entercommand
                0x200239c4       0x68 C:/ISIS/workspace_ycube/GlobusSatProject/..//hal/hcc/lib\libHCCD.a(safefat.o)
                0x200239c4                safe_entercommand
 .text.safe_ready
                0x20023a2c       0xf4 C:/ISIS/workspace_ycube/GlobusSatProject/..//hal/hcc/lib\libHCCD.a(safefat.o)
                0x20023a2c                safe_ready
 .text.safe_copycfn
                0x20023b20       0xb8 C:/ISIS/workspace_ycube/GlobusSatProject/..//hal/hcc/lib\libHCCD.a(safefat.o)
                0x20023b20                safe_copycfn
 .text.safe_cfremove
                0x20023bd8       0xb8 C:/ISIS/workspace_ycube/GlobusSatProject/..//hal/hcc/lib\libHCCD.a(safefat.o)
                0x20023bd8                safe_cfremove
 .text.safe_writede
                0x20023c90      0x104 C:/ISIS/workspace_ycube/GlobusSatProject/..//hal/hcc/lib\libHCCD.a(safefat.o)
                0x20023c90                safe_writede
 .text.safe_setcluster
                0x20023d94       0xcc C:/ISIS/workspace_ycube/GlobusSatProject/..//hal/hcc/lib\libHCCD.a(safefat.o)
                0x20023d94                safe_setcluster
 .text.safe_deletechain
                0x20023e60      0x1c8 C:/ISIS/workspace_ycube/GlobusSatProject/..//hal/hcc/lib\libHCCD.a(safefat.o)
                0x20023e60                safe_deletechain
 .text.safe_cfclose
                0x20024028      0x104 C:/ISIS/workspace_ycube/GlobusSatProject/..//hal/hcc/lib\libHCCD.a(safefat.o)
                0x20024028                safe_cfclose
 .text.safe_cfflush
                0x2002412c      0x124 C:/ISIS/workspace_ycube/GlobusSatProject/..//hal/hcc/lib\libHCCD.a(safefat.o)
                0x2002412c                safe_cfflush
 .text.safe_reset
                0x20024250       0x78 C:/ISIS/workspace_ycube/GlobusSatProject/..//hal/hcc/lib\libHCCD.a(safefat.o)
                0x20024250                safe_reset
 .text.safe_loadcommands
                0x200242c8       0x78 C:/ISIS/workspace_ycube/GlobusSatProject/..//hal/hcc/lib\libHCCD.a(safefat.o)
                0x200242c8                safe_loadcommands
 .text.safe_poweron
                0x20024340      0x1fc C:/ISIS/workspace_ycube/GlobusSatProject/..//hal/hcc/lib\libHCCD.a(safefat.o)
                0x20024340                safe_poweron
 .text.cf_getname
                0x2002453c       0xc0 C:/ISIS/workspace_ycube/GlobusSatProject/..//hal/hcc/lib\libHCCD.a(safefat.o)
 .text.cf_copyclusterchain
                0x200245fc      0x138 C:/ISIS/workspace_ycube/GlobusSatProject/..//hal/hcc/lib\libHCCD.a(safefat.o)
 .text.cf_seektozero
                0x20024734       0x94 C:/ISIS/workspace_ycube/GlobusSatProject/..//hal/hcc/lib\libHCCD.a(safefat.o)
                0x20024734                cf_seektozero
 .text.cf_create
                0x200247c8      0x3a8 C:/ISIS/workspace_ycube/GlobusSatProject/..//hal/hcc/lib\libHCCD.a(safefat.o)
                0x200247c8                cf_create
 .text.cf_copyclustercontent
                0x20024b70      0x128 C:/ISIS/workspace_ycube/GlobusSatProject/..//hal/hcc/lib\libHCCD.a(safefat.o)
                0x20024b70                cf_copyclustercontent
 .text.cf_copycfn
                0x20024c98      0x4bc C:/ISIS/workspace_ycube/GlobusSatProject/..//hal/hcc/lib\libHCCD.a(safefat.o)
                0x20024c98                cf_copycfn
 .text.cf_remove
                0x20025154      0x344 C:/ISIS/workspace_ycube/GlobusSatProject/..//hal/hcc/lib\libHCCD.a(safefat.o)
                0x20025154                cf_remove
 .text.cf_setclusternew
                0x20025498       0xf0 C:/ISIS/workspace_ycube/GlobusSatProject/..//hal/hcc/lib\libHCCD.a(safefat.o)
                0x20025498                cf_setclusternew
 .text.cf_flush
                0x20025588       0x58 C:/ISIS/workspace_ycube/GlobusSatProject/..//hal/hcc/lib\libHCCD.a(safefat.o)
                0x20025588                cf_flush
 .text.cf_getcluster
                0x200255e0      0x1b4 C:/ISIS/workspace_ycube/GlobusSatProject/..//hal/hcc/lib\libHCCD.a(safefat.o)
                0x200255e0                cf_getcluster
 .text.cf_setnextcluster
                0x20025794      0x194 C:/ISIS/workspace_ycube/GlobusSatProject/..//hal/hcc/lib\libHCCD.a(safefat.o)
                0x20025794                cf_setnextcluster
 .text.cf_getpositions
                0x20025928       0xbc C:/ISIS/workspace_ycube/GlobusSatProject/..//hal/hcc/lib\libHCCD.a(safefat.o)
                0x20025928                cf_getpositions
 .text.cf_setpositions
                0x200259e4       0xb0 C:/ISIS/workspace_ycube/GlobusSatProject/..//hal/hcc/lib\libHCCD.a(safefat.o)
                0x200259e4                cf_setpositions
 .text.cf_opensyncafile
                0x20025a94      0x150 C:/ISIS/workspace_ycube/GlobusSatProject/..//hal/hcc/lib\libHCCD.a(safefat.o)
                0x20025a94                cf_opensyncafile
 .text.cf_reloadcfo
                0x20025be4       0xd8 C:/ISIS/workspace_ycube/GlobusSatProject/..//hal/hcc/lib\libHCCD.a(safefat.o)
                0x20025be4                cf_reloadcfo
 .text.mcipdc_cmd
                0x20025cbc      0x22c C:/ISIS/workspace_ycube/GlobusSatProject/..//hal/hcc/lib\libHCCD.a(atmel_mcipdc.o)
 .text.mcipdc_stop
                0x20025ee8       0xfc C:/ISIS/workspace_ycube/GlobusSatProject/..//hal/hcc/lib\libHCCD.a(atmel_mcipdc.o)
                0x20025ee8                mcipdc_stop
 .text.mcipdc_read
                0x20025fe4      0x27c C:/ISIS/workspace_ycube/GlobusSatProject/..//hal/hcc/lib\libHCCD.a(atmel_mcipdc.o)
 .text.mcipdc_write
                0x20026260      0x298 C:/ISIS/workspace_ycube/GlobusSatProject/..//hal/hcc/lib\libHCCD.a(atmel_mcipdc.o)
 .text.mcipdc_readsector
                0x200264f8       0x9c C:/ISIS/workspace_ycube/GlobusSatProject/..//hal/hcc/lib\libHCCD.a(atmel_mcipdc.o)
                0x200264f8                mcipdc_readsector
 .text.mcipdc_readmultiplesector
                0x20026594      0x124 C:/ISIS/workspace_ycube/GlobusSatProject/..//hal/hcc/lib\libHCCD.a(atmel_mcipdc.o)
                0x20026594                mcipdc_readmultiplesector
 .text.mcipdc_writesector
                0x200266b8       0x90 C:/ISIS/workspace_ycube/GlobusSatProject/..//hal/hcc/lib\libHCCD.a(atmel_mcipdc.o)
                0x200266b8                mcipdc_writesector
 .text.mcipdc_writemultiplesector
                0x20026748      0x120 C:/ISIS/workspace_ycube/GlobusSatProject/..//hal/hcc/lib\libHCCD.a(atmel_mcipdc.o)
                0x20026748                mcipdc_writemultiplesector
 .text.mcipdc_set_speed
                0x20026868       0xb0 C:/ISIS/workspace_ycube/GlobusSatProject/..//hal/hcc/lib\libHCCD.a(atmel_mcipdc.o)
 .text.mcipdc_get_speed
                0x20026918       0x48 C:/ISIS/workspace_ycube/GlobusSatProject/..//hal/hcc/lib\libHCCD.a(atmel_mcipdc.o)
 .text._get_csd_bits
                0x20026960      0x14c C:/ISIS/workspace_ycube/GlobusSatProject/..//hal/hcc/lib\libHCCD.a(atmel_mcipdc.o)
 .text.mcipdc_initcard
                0x20026aac      0x8f4 C:/ISIS/workspace_ycube/GlobusSatProject/..//hal/hcc/lib\libHCCD.a(atmel_mcipdc.o)
 .text.mcipdc_getstatus
                0x200273a0       0xe8 C:/ISIS/workspace_ycube/GlobusSatProject/..//hal/hcc/lib\libHCCD.a(atmel_mcipdc.o)
 .text.mcipdc_getphy
                0x20027488       0x90 C:/ISIS/workspace_ycube/GlobusSatProject/..//hal/hcc/lib\libHCCD.a(atmel_mcipdc.o)
 .text.mcipdc_release
                0x20027518       0x50 C:/ISIS/workspace_ycube/GlobusSatProject/..//hal/hcc/lib\libHCCD.a(atmel_mcipdc.o)
 .text.atmel_mcipdc_initfunc
                0x20027568      0x160 C:/ISIS/workspace_ycube/GlobusSatProject/..//hal/hcc/lib\libHCCD.a(atmel_mcipdc.o)
                0x20027568                atmel_mcipdc_initfunc
 .text.oal_task_get_id
                0x200276c8       0x18 C:/ISIS/workspace_ycube/GlobusSatProject/..//hal/hcc/lib\libHCCD.a(oalp_task.o)
                0x200276c8                oal_task_get_id
 .text.oal_mutex_create
                0x200276e0       0x54 C:/ISIS/workspace_ycube/GlobusSatProject/..//hal/hcc/lib\libHCCD.a(oalp_mutex.o)
                0x200276e0                oal_mutex_create
 .text.oal_mutex_delete
                0x20027734       0x30 C:/ISIS/workspace_ycube/GlobusSatProject/..//hal/hcc/lib\libHCCD.a(oalp_mutex.o)
                0x20027734                oal_mutex_delete
 .text.oal_mutex_get
                0x20027764       0x58 C:/ISIS/workspace_ycube/GlobusSatProject/..//hal/hcc/lib\libHCCD.a(oalp_mutex.o)
                0x20027764                oal_mutex_get
 .text.oal_mutex_put
                0x200277bc       0x58 C:/ISIS/workspace_ycube/GlobusSatProject/..//hal/hcc/lib\libHCCD.a(oalp_mutex.o)
                0x200277bc                oal_mutex_put
 .text.mcipdc_hw_init
                0x20027814       0xe8 C:/ISIS/workspace_ycube/GlobusSatProject/..//hal/hcc/lib\libHCCD.a(atmel_mcipdc_hw.o)
                0x20027814                mcipdc_hw_init
 .text.mcipdc_hw_delete
                0x200278fc       0x78 C:/ISIS/workspace_ycube/GlobusSatProject/..//hal/hcc/lib\libHCCD.a(atmel_mcipdc_hw.o)
                0x200278fc                mcipdc_hw_delete
 .text.mcipdc_hw_card_plugged
                0x20027974       0x1c C:/ISIS/workspace_ycube/GlobusSatProject/..//hal/hcc/lib\libHCCD.a(atmel_mcipdc_hw.o)
                0x20027974                mcipdc_hw_card_plugged
 .text.mcipdc_hw_card_writeprotect
                0x20027990       0x1c C:/ISIS/workspace_ycube/GlobusSatProject/..//hal/hcc/lib\libHCCD.a(atmel_mcipdc_hw.o)
                0x20027990                mcipdc_hw_card_writeprotect
 .text.psp_getrand
                0x200279ac      0x14c C:/ISIS/workspace_ycube/GlobusSatProject/..//hal/hcc/lib\libHCCD.a(psp_rand.o)
                0x200279ac                psp_getrand
 .text.psp_getcurrenttimedate
                0x20027af8       0x8c C:/ISIS/workspace_ycube/GlobusSatProject/..//hal/hcc/lib\libHCCD.a(psp_rtc.o)
                0x20027af8                psp_getcurrenttimedate
 .text._hcc_get_buf_dsc
                0x20027b84       0x8c C:/ISIS/workspace_ycube/GlobusSatProject/..//hal/hcc/lib\libHCCD.a(hcc_mem.o)
 .text._hcc_check_free_pages
                0x20027c10      0x18c C:/ISIS/workspace_ycube/GlobusSatProject/..//hal/hcc/lib\libHCCD.a(hcc_mem.o)
 .text._hcc_mark_pages
                0x20027d9c      0x158 C:/ISIS/workspace_ycube/GlobusSatProject/..//hal/hcc/lib\libHCCD.a(hcc_mem.o)
 .text._hcc_clear_lock_dsc
                0x20027ef4       0x80 C:/ISIS/workspace_ycube/GlobusSatProject/..//hal/hcc/lib\libHCCD.a(hcc_mem.o)
 .text._hcc_lock_access
                0x20027f74      0x128 C:/ISIS/workspace_ycube/GlobusSatProject/..//hal/hcc/lib\libHCCD.a(hcc_mem.o)
 .text._hcc_unlock_access
                0x2002809c       0x30 C:/ISIS/workspace_ycube/GlobusSatProject/..//hal/hcc/lib\libHCCD.a(hcc_mem.o)
 .text.hcc_mem_alloc
                0x200280cc      0x454 C:/ISIS/workspace_ycube/GlobusSatProject/..//hal/hcc/lib\libHCCD.a(hcc_mem.o)
                0x200280cc                hcc_mem_alloc
 .text.hcc_mem_free
                0x20028520      0x178 C:/ISIS/workspace_ycube/GlobusSatProject/..//hal/hcc/lib\libHCCD.a(hcc_mem.o)
                0x20028520                hcc_mem_free
 .text.hcc_mem_add
                0x20028698      0x3b0 C:/ISIS/workspace_ycube/GlobusSatProject/..//hal/hcc/lib\libHCCD.a(hcc_mem.o)
                0x20028698                hcc_mem_add
 .text.hcc_mem_init
                0x20028a48      0x164 C:/ISIS/workspace_ycube/GlobusSatProject/..//hal/hcc/lib\libHCCD.a(hcc_mem.o)
                0x20028a48                hcc_mem_init
 .text.hcc_mem_delete
                0x20028bac       0x94 C:/ISIS/workspace_ycube/GlobusSatProject/..//hal/hcc/lib\libHCCD.a(hcc_mem.o)
                0x20028bac                hcc_mem_delete
 .text.hcc_mem_buf_alloc
                0x20028c40       0xe4 C:/ISIS/workspace_ycube/GlobusSatProject/..//hal/hcc/lib\libHCCD.a(psp_hcc_mem.o)
                0x20028c40                hcc_mem_buf_alloc
 .text.hcc_mem_buf_free
                0x20028d24       0x6c C:/ISIS/workspace_ycube/GlobusSatProject/..//hal/hcc/lib\libHCCD.a(psp_hcc_mem.o)
                0x20028d24                hcc_mem_buf_free
 .text.IsisSolarPanelv2_initialize
                0x20028d90      0x118 C:/ISIS/workspace_ycube/GlobusSatProject/..//satellite-subsystems/satellite-subsystems/lib\libSatelliteSubsystemsD.a(IsisSolarPanelv2.o)
                0x20028d90                IsisSolarPanelv2_initialize
 .text.IsisSolarPanelv2_getTemperature
                0x20028ea8       0xfc C:/ISIS/workspace_ycube/GlobusSatProject/..//satellite-subsystems/satellite-subsystems/lib\libSatelliteSubsystemsD.a(IsisSolarPanelv2.o)
                0x20028ea8                IsisSolarPanelv2_getTemperature
 .text._Reset   0x20028fa4       0x20 C:/ISIS/workspace_ycube/GlobusSatProject/..//satellite-subsystems/satellite-subsystems/lib\libSatelliteSubsystemsD.a(IsisSolarPanelv2.o)
 .text._WaitForStartup
                0x20028fc4       0xa0 C:/ISIS/workspace_ycube/GlobusSatProject/..//satellite-subsystems/satellite-subsystems/lib\libSatelliteSubsystemsD.a(IsisSolarPanelv2.o)
 .text._AssignAllChannels
                0x20029064       0x90 C:/ISIS/workspace_ycube/GlobusSatProject/..//satellite-subsystems/satellite-subsystems/lib\libSatelliteSubsystemsD.a(IsisSolarPanelv2.o)
 .text._AssignThisChannel
                0x200290f4       0xe8 C:/ISIS/workspace_ycube/GlobusSatProject/..//satellite-subsystems/satellite-subsystems/lib\libSatelliteSubsystemsD.a(IsisSolarPanelv2.o)
 .text._InitiateConversion
                0x200291dc       0xac C:/ISIS/workspace_ycube/GlobusSatProject/..//satellite-subsystems/satellite-subsystems/lib\libSatelliteSubsystemsD.a(IsisSolarPanelv2.o)
 .text._WaitForConversionComplete
                0x20029288      0x110 C:/ISIS/workspace_ycube/GlobusSatProject/..//satellite-subsystems/satellite-subsystems/lib\libSatelliteSubsystemsD.a(IsisSolarPanelv2.o)
 .text._ReadResult
                0x20029398      0x158 C:/ISIS/workspace_ycube/GlobusSatProject/..//satellite-subsystems/satellite-subsystems/lib\libSatelliteSubsystemsD.a(IsisSolarPanelv2.o)
 .text._ExtractByte
                0x200294f0       0x38 C:/ISIS/workspace_ycube/GlobusSatProject/..//satellite-subsystems/satellite-subsystems/lib\libSatelliteSubsystemsD.a(IsisSolarPanelv2.o)
 .text._ExtendSign
                0x20029528       0x6c C:/ISIS/workspace_ycube/GlobusSatProject/..//satellite-subsystems/satellite-subsystems/lib\libSatelliteSubsystemsD.a(IsisSolarPanelv2.o)
 .text._PinsInit
                0x20029594       0x68 C:/ISIS/workspace_ycube/GlobusSatProject/..//satellite-subsystems/satellite-subsystems/lib\libSatelliteSubsystemsD.a(IsisSolarPanelv2.o)
 .text._SpiWriteRead
                0x200295fc       0x70 C:/ISIS/workspace_ycube/GlobusSatProject/..//satellite-subsystems/satellite-subsystems/lib\libSatelliteSubsystemsD.a(IsisSolarPanelv2.o)
 .text.ISIS_ANTS_REV2_Init
                0x2002966c       0xc4 C:/ISIS/workspace_ycube/GlobusSatProject/..//satellite-subsystems/satellite-subsystems/lib\libSatelliteSubsystemsD.a(isis_ants_rev2.o)
                0x2002966c                ISIS_ANTS_REV2_Init
 .text.isis_ants_rev2__arm
                0x20029730       0x98 C:/ISIS/workspace_ycube/GlobusSatProject/..//satellite-subsystems/satellite-subsystems/lib\libSatelliteSubsystemsD.a(isis_ants_rev2.o)
                0x20029730                isis_ants_rev2__arm
 .text.isis_ants_rev2__cancel_deploy
                0x200297c8       0x98 C:/ISIS/workspace_ycube/GlobusSatProject/..//satellite-subsystems/satellite-subsystems/lib\libSatelliteSubsystemsD.a(isis_ants_rev2.o)
                0x200297c8                isis_ants_rev2__cancel_deploy
 .text.isis_ants_rev2__disarm
                0x20029860       0x98 C:/ISIS/workspace_ycube/GlobusSatProject/..//satellite-subsystems/satellite-subsystems/lib\libSatelliteSubsystemsD.a(isis_ants_rev2.o)
                0x20029860                isis_ants_rev2__disarm
 .text.isis_ants_rev2__get_status
                0x200298f8       0xa8 C:/ISIS/workspace_ycube/GlobusSatProject/..//satellite-subsystems/satellite-subsystems/lib\libSatelliteSubsystemsD.a(isis_ants_rev2.o)
                0x200298f8                isis_ants_rev2__get_status
 .text.isis_ants_rev2__get_uptime
                0x200299a0       0xa8 C:/ISIS/workspace_ycube/GlobusSatProject/..//satellite-subsystems/satellite-subsystems/lib\libSatelliteSubsystemsD.a(isis_ants_rev2.o)
                0x200299a0                isis_ants_rev2__get_uptime
 .text.isis_ants_rev2__reset
                0x20029a48       0x98 C:/ISIS/workspace_ycube/GlobusSatProject/..//satellite-subsystems/satellite-subsystems/lib\libSatelliteSubsystemsD.a(isis_ants_rev2.o)
                0x20029a48                isis_ants_rev2__reset
 .text.isis_ants_rev2__start_auto_deploy
                0x20029ae0       0xb0 C:/ISIS/workspace_ycube/GlobusSatProject/..//satellite-subsystems/satellite-subsystems/lib\libSatelliteSubsystemsD.a(isis_ants_rev2.o)
                0x20029ae0                isis_ants_rev2__start_auto_deploy
 .text._ISIS_ANTS_REV2_I2C_Send
                0x20029b90       0x8c C:/ISIS/workspace_ycube/GlobusSatProject/..//satellite-subsystems/satellite-subsystems/lib\libSatelliteSubsystemsD.a(isis_ants_rev2.o)
 .text.ISIS_VU_E_Init
                0x20029c1c       0xe4 C:/ISIS/workspace_ycube/GlobusSatProject/..//satellite-subsystems/satellite-subsystems/lib\libSatelliteSubsystemsD.a(isis_vu_e.o)
                0x20029c1c                ISIS_VU_E_Init
 .text.isis_vu_e__get_frame
                0x20029d00       0x84 C:/ISIS/workspace_ycube/GlobusSatProject/..//satellite-subsystems/satellite-subsystems/lib\libSatelliteSubsystemsD.a(isis_vu_e.o)
                0x20029d00                isis_vu_e__get_frame
 .text.isis_vu_e__get_frame_variable