Archive member included because of file (symbol)

C:/ISIS/workspace/ycube/GlobusSatProject/..//hal/hal/lib\libHALD.a(SPI.o)
                              ./src/InitSystem.o (SPI_start)
C:/ISIS/workspace/ycube/GlobusSatProject/..//hal/hal/lib\libHALD.a(I2C.o)
                              ./src/SubSystemModules/Housekepping/Payload.o (I2C_write)
C:/ISIS/workspace/ycube/GlobusSatProject/..//hal/hal/lib\libHALD.a(ADC.o)
                              ./src/SubSystemModules/Housekepping/TelemetryCollector.o (ADC_ConvertRaw10bitToMillivolt)
C:/ISIS/workspace/ycube/GlobusSatProject/..//hal/hal/lib\libHALD.a(FRAM.o)
                              ./src/SubSystemModules/Communication/SubsystemCommands/Maintanence_Commands.o (FRAM_start)
C:/ISIS/workspace/ycube/GlobusSatProject/..//hal/hal/lib\libHALD.a(Time.o)
                              ./src/InitSystem.o (Time_start)
C:/ISIS/workspace/ycube/GlobusSatProject/..//hal/hal/lib\libHALD.a(WatchDogTimerNoOS.o)
                              ./src/main.o (WDT_start)
C:/ISIS/workspace/ycube/GlobusSatProject/..//hal/hal/lib\libHALD.a(RTT.o)
                              C:/ISIS/workspace/ycube/GlobusSatProject/..//hal/hal/lib\libHALD.a(Time.o) (RTT_start)
C:/ISIS/workspace/ycube/GlobusSatProject/..//hal/hal/lib\libHALD.a(RTC.o)
                              C:/ISIS/workspace/ycube/GlobusSatProject/..//hal/hal/lib\libHALD.a(Time.o) (RTC_getTime)
C:/ISIS/workspace/ycube/GlobusSatProject/..//hal/hal/lib\libHALD.a(WatchDogTimerOS.o)
                              ./src/TestingDemos/MainTest.o (WDT_startWatchdogKickTask)
C:/ISIS/workspace/ycube/GlobusSatProject/..//hal/hal/lib\libHALD.a(fprintf.o)
                              ./src/TLM_management.o (f_puts)
C:/ISIS/workspace/ycube/GlobusSatProject/..//hal/hal/lib\libHALD.a(util.o)
                              ./src/TestingDemos/CommandsTestingDemo.o (UTIL_DbguGetIntegerMinMax)
C:/ISIS/workspace/ycube/GlobusSatProject/..//hal/hal/lib\libHALD.a(LED.o)
                              C:/ISIS/workspace/ycube/GlobusSatProject/..//hal/hal/lib\libHALD.a(WatchDogTimerOS.o) (LED_toggle)
C:/ISIS/workspace/ycube/GlobusSatProject/..//hal/hcc/lib\libHCCD.a(fat_m.o)
                              ./src/TLM_management.o (fm_initvolume)
C:/ISIS/workspace/ycube/GlobusSatProject/..//hal/hcc/lib\libHCCD.a(fat.o)
                              C:/ISIS/workspace/ycube/GlobusSatProject/..//hal/hcc/lib\libHCCD.a(fat_m.o) (fn_getdcwd)
C:/ISIS/workspace/ycube/GlobusSatProject/..//hal/hcc/lib\libHCCD.a(fat_common.o)
                              C:/ISIS/workspace/ycube/GlobusSatProject/..//hal/hcc/lib\libHCCD.a(fat.o) (p_filesystem)
C:/ISIS/workspace/ycube/GlobusSatProject/..//hal/hcc/lib\libHCCD.a(safefat.o)
                              C:/ISIS/workspace/ycube/GlobusSatProject/..//hal/hcc/lib\libHCCD.a(fat.o) (s_subdir)
C:/ISIS/workspace/ycube/GlobusSatProject/..//hal/hcc/lib\libHCCD.a(atmel_mcipdc.o)
                              ./src/TLM_management.o (atmel_mcipdc_initfunc)
C:/ISIS/workspace/ycube/GlobusSatProject/..//hal/hcc/lib\libHCCD.a(oalp_task.o)
                              C:/ISIS/workspace/ycube/GlobusSatProject/..//hal/hcc/lib\libHCCD.a(fat_common.o) (oal_task_get_id)
C:/ISIS/workspace/ycube/GlobusSatProject/..//hal/hcc/lib\libHCCD.a(oalp_mutex.o)
                              C:/ISIS/workspace/ycube/GlobusSatProject/..//hal/hcc/lib\libHCCD.a(fat_common.o) (oal_mutex_create)
C:/ISIS/workspace/ycube/GlobusSatProject/..//hal/hcc/lib\libHCCD.a(atmel_mcipdc_hw.o)
                              C:/ISIS/workspace/ycube/GlobusSatProject/..//hal/hcc/lib\libHCCD.a(atmel_mcipdc.o) (mcipdc_hw_init)
C:/ISIS/workspace/ycube/GlobusSatProject/..//hal/hcc/lib\libHCCD.a(psp_rand.o)
                              C:/ISIS/workspace/ycube/GlobusSatProject/..//hal/hcc/lib\libHCCD.a(fat_common.o) (psp_getrand)
C:/ISIS/workspace/ycube/GlobusSatProject/..//hal/hcc/lib\libHCCD.a(psp_rtc.o)
                              C:/ISIS/workspace/ycube/GlobusSatProject/..//hal/hcc/lib\libHCCD.a(fat_common.o) (psp_getcurrenttimedate)
C:/ISIS/workspace/ycube/GlobusSatProject/..//hal/hcc/lib\libHCCD.a(hcc_mem.o)
                              C:/ISIS/workspace/ycube/GlobusSatProject/..//hal/hcc/lib\libHCCD.a(atmel_mcipdc.o) (hcc_mem_alloc)
C:/ISIS/workspace/ycube/GlobusSatProject/..//hal/hcc/lib\libHCCD.a(psp_hcc_mem.o)
                              C:/ISIS/workspace/ycube/GlobusSatProject/..//hal/hcc/lib\libHCCD.a(hcc_mem.o) (hcc_mem_buf_alloc)
C:/ISIS/workspace/ycube/GlobusSatProject/..//satellite-subsystems/satellite-subsystems/lib\libSatelliteSubsystemsD.a(IsisSolarPanelv2.o)
                              ./src/SubSystemModules/PowerManagment/EPS.o (IsisSolarPanelv2_initialize)
C:/ISIS/workspace/ycube/GlobusSatProject/..//satellite-subsystems/satellite-subsystems/lib\libSatelliteSubsystemsD.a(isis_ants_rev2.o)
                              ./src/SubSystemModules/Communication/TRXVU.o (ISIS_ANTS_REV2_Init)
[...]
Memory Configuration

Name             Origin             Length             Attributes
sram0            0x00200000         0x00004000         w !xr
sram1            0x00300000         0x00004000         w !xr
sdram            0x20000000         0x02000000         w !xr
*default*        0x00000000         0xffffffff

Linker script and memory map

LOAD c:/isis/application/toolchain/bin/../lib/gcc/arm-none-eabi/4.7.4/../../../../arm-none-eabi/lib\libc.a
LOAD ./src/TestingDemos/CommandsTestingDemo.o
LOAD ./src/TestingDemos/EpsTestingDemo.o
LOAD ./src/TestingDemos/FileSystemTestingDemo.o
LOAD ./src/TestingDemos/MainTest.o
LOAD ./src/TestingDemos/MaintenanceTestingDemo.o
LOAD ./src/TestingDemos/TelemetryTestingDemo.o
LOAD ./src/TestingDemos/TrxvuTestingDemo.o
LOAD ./src/SubSystemModules/PowerManagment/EPS.o
LOAD ./src/SubSystemModules/PowerManagment/EPSOperationModes.o
LOAD ./src/SubSystemModules/Maintenance/Maintenance.o
LOAD ./src/SubSystemModules/Housekepping/Payload.o
LOAD ./src/SubSystemModules/Housekepping/RAMTelemetry.o
LOAD ./src/SubSystemModules/Housekepping/TelemetryCollector.o
LOAD ./src/SubSystemModules/Communication/SubsystemCommands/EPS_Commands.o
LOAD ./src/SubSystemModules/Communication/SubsystemCommands/FS_Commands.o
LOAD ./src/SubSystemModules/Communication/SubsystemCommands/Maintanence_Commands.o
LOAD ./src/SubSystemModules/Communication/SubsystemCommands/TRXVU_Commands.o
LOAD ./src/SubSystemModules/Communication/AckHandler.o
LOAD ./src/SubSystemModules/Communication/CommandDictionary.o
LOAD ./src/SubSystemModules/Communication/HashSecuredCMD.o
LOAD ./src/SubSystemModules/Communication/SatCommandHandler.o
LOAD ./src/SubSystemModules/Communication/TRXVU.o
LOAD ./src/InitSystem.o
LOAD ./src/TLM_management.o
LOAD ./src/main.o
LOAD ./src/utils.o
LOAD C:/ISIS/workspace/ycube/GlobusSatProject/..//hal/hal/lib\libHALD.a
LOAD C:/ISIS/workspace/ycube/GlobusSatProject/..//hal/hcc/lib\libHCCD.a
LOAD C:/ISIS/workspace/ycube/GlobusSatProject/..//satellite-subsystems/satellite-subsystems/lib\libSatelliteSubsystemsD.a
LOAD C:/ISIS/workspace/ycube/GlobusSatProject/..//hal/freertos/lib\libFreeRTOSD.a
LOAD C:/ISIS/workspace/ycube/GlobusSatProject/..//hal/at91/lib\libAt91D.a
START GROUP
LOAD c:/isis/application/toolchain/bin/../lib/gcc/arm-none-eabi/4.7.4\libgcc.a
LOAD c:/isis/application/toolchain/bin/../lib/gcc/arm-none-eabi/4.7.4/../../../../arm-none-eabi/lib\libg.a
LOAD c:/isis/application/toolchain/bin/../lib/gcc/arm-none-eabi/4.7.4/../../../../arm-none-eabi/lib\libc.a
END GROUP

.fixed          0x20000000    0x40f30
                0x20000000                . = ALIGN (0x4)
                0x20000000                _sfixed = .
 *(.startup)
 .startup       0x20000000      0x184 C:/ISIS/workspace/ycube/GlobusSatProject/..//hal/at91/lib\libAt91D.a(board_cstartup.o)
                0x20000000                entry
 *(.text)
 .text          0x20000184       0x64 C:/ISIS/workspace/ycube/GlobusSatProject/..//hal/at91/lib\libAt91D.a(cp15_asm.o)
                0x20000184                _readControlRegister
                0x20000190                _writeControlRegister
                0x20000198                _waitForInterrupt
                0x200001a4                _writeTTB
                0x200001ac                _writeDomain
                0x200001b4                _writeITLBLockdown
                0x200001bc                _prefetchICacheLine
                0x200001c4                _flushDCache
                0x200001d0                _flushWriteBuffer
                0x200001dc                _invalidateIDTLBs
 .text          0x200001e8      0x114 c:/isis/application/toolchain/bin/../lib/gcc/arm-none-eabi/4.7.4\libgcc.a(_udivsi3.o)
                0x200001e8                __aeabi_uidiv
                0x200001e8                __udivsi3
                0x200002dc                __aeabi_uidivmod
 .text          0x200002fc      0x148 c:/isis/application/toolchain/bin/../lib/gcc/arm-none-eabi/4.7.4\libgcc.a(_divsi3.o)
                0x200002fc                __divsi3
                0x200002fc                __aeabi_idiv
                0x20000424                __aeabi_idivmod
 .text          0x20000444        0x4 c:/isis/application/toolchain/bin/../lib/gcc/arm-none-eabi/4.7.4\libgcc.a(_dvmd_tls.o)
                0x20000444                __aeabi_idiv0
                0x20000444                __aeabi_ldiv0
 .text          0x20000448      0x41c c:/isis/application/toolchain/bin/../lib/gcc/arm-none-eabi/4.7.4\libgcc.a(_arm_addsubdf3.o)
                0x20000448                __aeabi_drsub
                0x20000450                __aeabi_dsub
                0x20000450                __subdf3
                0x20000454                __aeabi_dadd
                0x20000454                __adddf3
                0x20000764                __floatunsidf
                0x20000764                __aeabi_ui2d
                0x20000788                __floatsidf
                0x20000788                __aeabi_i2d
                0x200007b0                __aeabi_f2d
                0x200007b0                __extendsfdf2
                0x200007f0                __floatundidf
                0x200007f0                __aeabi_ul2d
                0x20000804                __floatdidf
                0x20000804                __aeabi_l2d
 .text          0x20000864      0x49c c:/isis/application/toolchain/bin/../lib/gcc/arm-none-eabi/4.7.4\libgcc.a(_arm_muldivdf3.o)
                0x20000864                __aeabi_dmul
                0x20000864                __muldf3
                0x20000af4                __divdf3
                0x20000af4                __aeabi_ddiv
 .text          0x20000d00      0x2ac c:/isis/application/toolchain/bin/../lib/gcc/arm-none-eabi/4.7.4\libgcc.a(_arm_addsubsf3.o)
                0x20000d00                __aeabi_frsub
                0x20000d08                __subsf3
                0x20000d08                __aeabi_fsub
                0x20000d0c                __aeabi_fadd
                0x20000d0c                __addsf3
                0x20000ec8                __aeabi_ui2f
                0x20000ec8                __floatunsisf
                0x20000ed0                __aeabi_i2f
                0x20000ed0                __floatsisf
                0x20000ef0                __aeabi_ul2f
                0x20000ef0                __floatundisf
                0x20000f00                __aeabi_l2f
                0x20000f00                __floatdisf
 .text          0x20000fac      0x2f8 c:/isis/application/toolchain/bin/../lib/gcc/arm-none-eabi/4.7.4\libgcc.a(_arm_muldivsf3.o)
                0x20000fac                __mulsf3
                0x20000fac                __aeabi_fmul
                0x20001144                __aeabi_fdiv
                0x20001144                __divsf3
 .text          0x200012a4      0x114 c:/isis/application/toolchain/bin/../lib/gcc/arm-none-eabi/4.7.4\libgcc.a(_arm_cmpsf2.o)
                0x200012a4                __gesf2
                0x200012a4                __gtsf2
                0x200012ac                __lesf2
                0x200012ac                __ltsf2
                0x200012b4                __nesf2
                0x200012b4                __eqsf2
                0x200012b4                __cmpsf2
                0x20001318                __aeabi_cfrcmple
                0x20001328                __aeabi_cfcmpeq
                0x20001328                __aeabi_cfcmple
                0x20001340                __aeabi_fcmpeq
                0x20001358                __aeabi_fcmplt
                0x20001370                __aeabi_fcmple
                0x20001388                __aeabi_fcmpge
                0x200013a0                __aeabi_fcmpgt
 .text          0x200013b8       0x54 c:/isis/application/toolchain/bin/../lib/gcc/arm-none-eabi/4.7.4\libgcc.a(_arm_fixunssfsi.o)
                0x200013b8                __fixunssfsi
                0x200013b8                __aeabi_f2uiz
 .text          0x2000140c      0x144 c:/isis/application/toolchain/bin/../lib/gcc/arm-none-eabi/4.7.4\libgcc.a(_arm_cmpdf2.o)
                0x2000140c                __gtdf2
                0x2000140c                __gedf2
                0x20001414                __ltdf2
                0x20001414                __ledf2
                0x2000141c                __nedf2
                0x2000141c                __eqdf2
                0x2000141c                __cmpdf2
                0x200014a4                __aeabi_cdrcmple
                0x200014c0                __aeabi_cdcmpeq
                0x200014c0                __aeabi_cdcmple
                0x200014d8                __aeabi_dcmpeq
                0x200014f0                __aeabi_dcmplt
                0x20001508                __aeabi_dcmple
                0x20001520                __aeabi_dcmpge
                0x20001538                __aeabi_dcmpgt
 .text          0x20001550       0x5c c:/isis/application/toolchain/bin/../lib/gcc/arm-none-eabi/4.7.4\libgcc.a(_arm_fixdfsi.o)
                0x20001550                __aeabi_d2iz
                0x20001550                __fixdfsi
 .text          0x200015ac       0x3c c:/isis/application/toolchain/bin/../lib/gcc/arm-none-eabi/4.7.4\libgcc.a(_aeabi_uldivmod.o)
                0x200015ac                __aeabi_uldivmod
 .text          0x200015e8       0x84 c:/isis/application/toolchain/bin/../lib/gcc/arm-none-eabi/4.7.4\libgcc.a(bpabi.o)
                0x200015e8                __gnu_ldivmod_helper
                0x2000162c                __gnu_uldivmod_helper
 .text          0x2000166c      0x4f0 c:/isis/application/toolchain/bin/../lib/gcc/arm-none-eabi/4.7.4\libgcc.a(_divdi3.o)
                0x2000166c                __divdi3
 .text          0x20001b5c      0x488 c:/isis/application/toolchain/bin/../lib/gcc/arm-none-eabi/4.7.4\libgcc.a(_udivdi3.o)
                0x20001b5c                __udivdi3
 .text          0x20001fe4       0x48 c:/isis/application/toolchain/bin/../lib/gcc/arm-none-eabi/4.7.4\libgcc.a(_clzsi2.o)
                0x20001fe4                __clzsi2
 *(.text*)
 .text.Hash256  0x2000202c       0x84 ./src/TestingDemos/TrxvuTestingDemo.o
                0x2000202c                Hash256
 .text.CMD_Hash256
                0x200020b0      0x2e4 ./src/TestingDemos/TrxvuTestingDemo.o
                0x200020b0                CMD_Hash256
 .text.GetBatteryVoltage
                0x20002394       0x44 ./src/SubSystemModules/PowerManagment/EPS.o
                0x20002394                GetBatteryVoltage
 .text.EPS_Init
                0x200023d8      0x124 ./src/SubSystemModules/PowerManagment/EPS.o
                0x200023d8                EPS_Init
 .text.EPS_Conditioning
                0x200024fc      0x1c4 ./src/SubSystemModules/PowerManagment/EPS.o
                0x200024fc                EPS_Conditioning
 .text.UpdateAlpha
                0x200026c0       0xd8 ./src/SubSystemModules/PowerManagment/EPS.o
                0x200026c0                UpdateAlpha
 .text.GetThresholdVoltages
                0x20002798       0x80 ./src/SubSystemModules/PowerManagment/EPS.o
                0x20002798                GetThresholdVoltages
 .text.GetAlpha
                0x20002818       0x7c ./src/SubSystemModules/PowerManagment/EPS.o
                0x20002818                GetAlpha
 .text.CMDGetHeaterValues
                0x20002894      0x1f8 ./src/SubSystemModules/PowerManagment/EPS.o
                0x20002894                CMDGetHeaterValues
 .text.CMDSetHeaterValues
                0x20002a8c      0x204 ./src/SubSystemModules/PowerManagment/EPS.o
                0x20002a8c                CMDSetHeaterValues
 .text.EnterFullMode
                0x20002c90       0x5c ./src/SubSystemModules/PowerManagment/EPSOperationModes.o
                0x20002c90                EnterFullMode
 .text.EnterCruiseMode
                0x20002cec       0x58 ./src/SubSystemModules/PowerManagment/EPSOperationModes.o
                0x20002cec                EnterCruiseMode
 .text.EnterSafeMode
                0x20002d44       0x5c ./src/SubSystemModules/PowerManagment/EPSOperationModes.o
                0x20002d44                EnterSafeMode
 .text.EnterCriticalMode
                0x20002da0       0x5c ./src/SubSystemModules/PowerManagment/EPSOperationModes.o
                0x20002da0                EnterCriticalMode
 .text.PayloadOperations
                0x20002dfc      0x114 ./src/SubSystemModules/PowerManagment/EPSOperationModes.o
                0x20002dfc                PayloadOperations
 .text.GetSystemState
                0x20002f10       0x24 ./src/SubSystemModules/PowerManagment/EPSOperationModes.o
                0x20002f10                GetSystemState
 .text.EpsGetLowVoltageFlag
                0x20002f34       0x24 ./src/SubSystemModules/PowerManagment/EPSOperationModes.o
                0x20002f34                EpsGetLowVoltageFlag
 .text.EpsSetLowVoltageFlag
                0x20002f58       0x2c ./src/SubSystemModules/PowerManagment/EPSOperationModes.o
                0x20002f58                EpsSetLowVoltageFlag
 .text.CheckExecutionTime
                0x20002f84       0x80 ./src/SubSystemModules/Maintenance/Maintenance.o
                0x20002f84                CheckExecutionTime
 .text.SaveSatTimeInFRAM
                0x20003004       0x44 ./src/SubSystemModules/Maintenance/Maintenance.o
                0x20003004                SaveSatTimeInFRAM
 .text.WakeupFromResetCMD
                0x20003048      0x120 ./src/SubSystemModules/Maintenance/Maintenance.o
                0x20003048                WakeupFromResetCMD
 .text.ResetGroundCommWDT
                0x20003168       0x1c ./src/SubSystemModules/Maintenance/Maintenance.o
                0x20003168                ResetGroundCommWDT
 .text.IsGroundCommunicationWDTKick
                0x20003184       0x78 ./src/SubSystemModules/Maintenance/Maintenance.o
                0x20003184                IsGroundCommunicationWDTKick
 .text.GetGsWdtKickTime
                0x200031fc       0x38 ./src/SubSystemModules/Maintenance/Maintenance.o
                0x200031fc                GetGsWdtKickTime
 .text.findMinMaxDate
                0x20003234       0xdc ./src/SubSystemModules/Maintenance/Maintenance.o
                0x20003234                findMinMaxDate
 .text.DeleteOldFiels
                0x20003310       0xf0 ./src/SubSystemModules/Maintenance/Maintenance.o
                0x20003310                DeleteOldFiels
 .text.CheckDeployAnt
                0x20003400       0x84 ./src/SubSystemModules/Maintenance/Maintenance.o
                0x20003400                CheckDeployAnt
 .text.HardResetMCU
                0x20003484       0x3c ./src/SubSystemModules/Maintenance/Maintenance.o
                0x20003484                HardResetMCU
 .text.Maintenance
                0x200034c0       0xa4 ./src/SubSystemModules/Maintenance/Maintenance.o
                0x200034c0                Maintenance
 .text.payloadRead
                0x20003564       0xd0 ./src/SubSystemModules/Housekepping/Payload.o
                0x20003564                payloadRead
 .text.payloadSendCommand
                0x20003634       0xb4 ./src/SubSystemModules/Housekepping/Payload.o
                0x20003634                payloadSendCommand
 .text.get_radfet_data
                0x200036e8      0x40c ./src/SubSystemModules/Housekepping/Payload.o
                0x200036e8                get_radfet_data
 .text.get_sel_data
                0x20003af4      0x200 ./src/SubSystemModules/Housekepping/Payload.o
                0x20003af4                get_sel_data
 .text.get_seu_data
                0x20003cf4      0x15c ./src/SubSystemModules/Housekepping/Payload.o
                0x20003cf4                get_seu_data
 .text.changeIntIndian
                0x20003e50       0x5c ./src/SubSystemModules/Housekepping/Payload.o
                0x20003e50                changeIntIndian
 .text.ResetRamTlm
                0x20003eac      0x104 ./src/SubSystemModules/Housekepping/RAMTelemetry.o
                0x20003eac                ResetRamTlm
 .text.inc      0x20003fb0       0x4c ./src/SubSystemModules/Housekepping/RAMTelemetry.o
                0x20003fb0                inc
 .text.dec      0x20003ffc       0x48 ./src/SubSystemModules/Housekepping/RAMTelemetry.o
                0x20003ffc                dec
 .text.saveTlmToRam
                0x20004044      0x304 ./src/SubSystemModules/Housekepping/RAMTelemetry.o
                0x20004044                saveTlmToRam
 .text.getTlm   0x20004348      0x210 ./src/SubSystemModules/Housekepping/RAMTelemetry.o
                0x20004348                getTlm
 .text.getRange
                0x20004558      0x204 ./src/SubSystemModules/Housekepping/RAMTelemetry.o
                0x20004558                getRange
 .text.InitSavePeriodTimes
                0x2000475c       0xb8 ./src/SubSystemModules/Housekepping/TelemetryCollector.o
                0x2000475c                InitSavePeriodTimes
 .text.CMD_GetTLMPeriodTimes
                0x20004814       0x38 ./src/SubSystemModules/Housekepping/TelemetryCollector.o
                0x20004814                CMD_GetTLMPeriodTimes
 .text.CMD_SetTLMPeriodTimes
                0x2000484c      0x204 ./src/SubSystemModules/Housekepping/TelemetryCollector.o
                0x2000484c                CMD_SetTLMPeriodTimes
 .text.TelemetryCollectorLogic
                0x20004a50      0x268 ./src/SubSystemModules/Housekepping/TelemetryCollector.o
                0x20004a50                TelemetryCollectorLogic
 .text.TelemetrySaveEPS
                0x20004cb8       0x54 ./src/SubSystemModules/Housekepping/TelemetryCollector.o
                0x20004cb8                TelemetrySaveEPS
 .text.TelemetrySaveTRXVU
                0x20004d0c       0x94 ./src/SubSystemModules/Housekepping/TelemetryCollector.o
                0x20004d0c                TelemetrySaveTRXVU
 .text.TelemetrySaveWOD
                0x20004da0       0x5c ./src/SubSystemModules/Housekepping/TelemetryCollector.o
                0x20004da0                TelemetrySaveWOD
 .text.TelemetrySaveRADFET
                0x20004dfc       0xa0 ./src/SubSystemModules/Housekepping/TelemetryCollector.o
                0x20004dfc                TelemetrySaveRADFET
 .text.TelemetrySaveSEL
                0x20004e9c       0x94 ./src/SubSystemModules/Housekepping/TelemetryCollector.o
                0x20004e9c                TelemetrySaveSEL
 .text.TelemetrySaveSEU
                0x20004f30       0x64 ./src/SubSystemModules/Housekepping/TelemetryCollector.o
                0x20004f30                TelemetrySaveSEU
 .text.GetCurrentWODTelemetry
                0x20004f94      0x7e0 ./src/SubSystemModules/Housekepping/TelemetryCollector.o
                0x20004f94                GetCurrentWODTelemetry
 .text.CMD_EPS_ResetWDT
                0x20005774       0x58 ./src/SubSystemModules/Communication/SubsystemCommands/EPS_Commands.o
                0x20005774                CMD_EPS_ResetWDT
 .text.CMD_DeleteTLM
                0x200057cc      0x1a0 ./src/SubSystemModules/Communication/SubsystemCommands/FS_Commands.o
                0x200057cc                CMD_DeleteTLM
 .text.CMD_DeleteAllFiles
                0x2000596c       0x38 ./src/SubSystemModules/Communication/SubsystemCommands/FS_Commands.o
                0x2000596c                CMD_DeleteAllFiles
 .text.CMD_GetLastFS_Error
                0x200059a4       0x4c ./src/SubSystemModules/Communication/SubsystemCommands/FS_Commands.o
                0x200059a4                CMD_GetLastFS_Error
 .text.CMD_Get_TLM_Info
                0x200059f0      0x16c ./src/SubSystemModules/Communication/SubsystemCommands/FS_Commands.o
                0x200059f0                CMD_Get_TLM_Info
 .text.CMD_Switch_SD_Card
                0x20005b5c       0xcc ./src/SubSystemModules/Communication/SubsystemCommands/FS_Commands.o
                0x20005b5c                CMD_Switch_SD_Card
 .text.CMD_Format_SD_Card
                0x20005c28       0xa4 ./src/SubSystemModules/Communication/SubsystemCommands/FS_Commands.o
                0x20005c28                CMD_Format_SD_Card
 .text.CMD_GenericI2C
                0x20005ccc      0x144 ./src/SubSystemModules/Communication/SubsystemCommands/Maintanence_Commands.o
                0x20005ccc                CMD_GenericI2C
 .text.CMD_FRAM_ReadAndTransmitt
                0x20005e10       0xe8 ./src/SubSystemModules/Communication/SubsystemCommands/Maintanence_Commands.o
                0x20005e10                CMD_FRAM_ReadAndTransmitt
 .text.CMD_FRAM_WriteAndTransmitt
                0x20005ef8      0x11c ./src/SubSystemModules/Communication/SubsystemCommands/Maintanence_Commands.o
                0x20005ef8                CMD_FRAM_WriteAndTransmitt
 .text.CMD_FRAM_ReStart
                0x20006014       0x4c ./src/SubSystemModules/Communication/SubsystemCommands/Maintanence_Commands.o
                0x20006014                CMD_FRAM_ReStart
 .text.CMD_UpdateSatTime
                0x20006060       0xa4 ./src/SubSystemModules/Communication/SubsystemCommands/Maintanence_Commands.o
                0x20006060                CMD_UpdateSatTime
 .text.CMD_GetSatUptime
                0x20006104       0x48 ./src/SubSystemModules/Communication/SubsystemCommands/Maintanence_Commands.o
                0x20006104                CMD_GetSatUptime
 .text.CMD_ResetComponent
                0x2000614c      0x274 ./src/SubSystemModules/Communication/SubsystemCommands/Maintanence_Commands.o
                0x2000614c                CMD_ResetComponent
 .text.DumpTask
                0x200063c0      0x310 ./src/SubSystemModules/Communication/SubsystemCommands/TRXVU_Commands.o
                0x200063c0                DumpTask
 .text.DumpRamTask
                0x200066d0      0x40c ./src/SubSystemModules/Communication/SubsystemCommands/TRXVU_Commands.o
                0x200066d0                DumpRamTask
 .text.CMD_AntennaDeploy
                0x20006adc       0x8c ./src/SubSystemModules/Communication/SubsystemCommands/TRXVU_Commands.o
                0x20006adc                CMD_AntennaDeploy
 .text.CMD_StartDump
                0x20006b68      0x200 ./src/SubSystemModules/Communication/SubsystemCommands/TRXVU_Commands.o
                0x20006b68                CMD_StartDump
 .text.CMD_SendDumpAbortRequest
                0x20006d68       0x38 ./src/SubSystemModules/Communication/SubsystemCommands/TRXVU_Commands.o
                0x20006d68                CMD_SendDumpAbortRequest
 .text.CMD_ForceDumpAbort
                0x20006da0       0x3c ./src/SubSystemModules/Communication/SubsystemCommands/TRXVU_Commands.o
                0x20006da0                CMD_ForceDumpAbort
 .text.CMD_SetTransponder
                0x20006ddc      0x110 ./src/SubSystemModules/Communication/SubsystemCommands/TRXVU_Commands.o
                0x20006ddc                CMD_SetTransponder
 .text.CMD_SetRSSITransponder
                0x20006eec       0x90 ./src/SubSystemModules/Communication/SubsystemCommands/TRXVU_Commands.o
                0x20006eec                CMD_SetRSSITransponder
 .text.CMD_MuteTRXVU
                0x20006f7c       0xc4 ./src/SubSystemModules/Communication/SubsystemCommands/TRXVU_Commands.o
                0x20006f7c                CMD_MuteTRXVU
 .text.CMD_SetIdleState
                0x20007040       0x94 ./src/SubSystemModules/Communication/SubsystemCommands/TRXVU_Commands.o
                0x20007040                CMD_SetIdleState
 .text.CMD_UnMuteTRXVU
                0x200070d4       0x38 ./src/SubSystemModules/Communication/SubsystemCommands/TRXVU_Commands.o
                0x200070d4                CMD_UnMuteTRXVU
 .text.CMD_GetBaudRate
                0x2000710c       0x6c ./src/SubSystemModules/Communication/SubsystemCommands/TRXVU_Commands.o
                0x2000710c                CMD_GetBaudRate
 .text.CMD_TrasmitBeacon
                0x20007178       0x48 ./src/SubSystemModules/Communication/SubsystemCommands/TRXVU_Commands.o
                0x20007178                CMD_TrasmitBeacon
 .text.CMD_GetBeaconInterval
                0x200071c0       0x6c ./src/SubSystemModules/Communication/SubsystemCommands/TRXVU_Commands.o
                0x200071c0                CMD_GetBeaconInterval
 .text.CMD_SetBaudRate
                0x2000722c       0x64 ./src/SubSystemModules/Communication/SubsystemCommands/TRXVU_Commands.o
                0x2000722c                CMD_SetBaudRate
 .text.CMD_GetTxUptime
                0x20007290       0x68 ./src/SubSystemModules/Communication/SubsystemCommands/TRXVU_Commands.o
                0x20007290                CMD_GetTxUptime
 .text.CMD_GetRxUptime
                0x200072f8       0x68 ./src/SubSystemModules/Communication/SubsystemCommands/TRXVU_Commands.o
                0x200072f8                CMD_GetRxUptime
 .text.CMD_GetNumOfOnlineCommands
                0x20007360       0x68 ./src/SubSystemModules/Communication/SubsystemCommands/TRXVU_Commands.o
                0x20007360                CMD_GetNumOfOnlineCommands
 .text.CMD_AntSetArmStatus
                0x200073c8       0x3c ./src/SubSystemModules/Communication/SubsystemCommands/TRXVU_Commands.o
                0x200073c8                CMD_AntSetArmStatus
 .text.CMD_AntGetArmStatus
                0x20007404       0x60 ./src/SubSystemModules/Communication/SubsystemCommands/TRXVU_Commands.o
                0x20007404                CMD_AntGetArmStatus
 .text.CMD_AntGetUptime
                0x20007464       0x68 ./src/SubSystemModules/Communication/SubsystemCommands/TRXVU_Commands.o
                0x20007464                CMD_AntGetUptime
 .text.CMD_StopReDeployment
                0x200074cc       0x74 ./src/SubSystemModules/Communication/SubsystemCommands/TRXVU_Commands.o
                0x200074cc                CMD_StopReDeployment
 .text.CMD_AntCancelDeployment
                0x20007540       0x58 ./src/SubSystemModules/Communication/SubsystemCommands/TRXVU_Commands.o
                0x20007540                CMD_AntCancelDeployment
 .text.CMD_DumpRamTLM
                0x20007598      0x180 ./src/SubSystemModules/Communication/SubsystemCommands/TRXVU_Commands.o
                0x20007598                CMD_DumpRamTLM
 .text.SendAckPacket
                0x20007718       0xfc ./src/SubSystemModules/Communication/AckHandler.o
                0x20007718                SendAckPacket
 .text.trxvu_command_router
                0x20007814      0x578 ./src/SubSystemModules/Communication/CommandDictionary.o
                0x20007814                trxvu_command_router
 .text.eps_command_router
                0x20007d8c       0xdc ./src/SubSystemModules/Communication/CommandDictionary.o
                0x20007d8c                eps_command_router
 .text.telemetry_command_router
                0x20007e68      0x23c ./src/SubSystemModules/Communication/CommandDictionary.o
                0x20007e68                telemetry_command_router
 .text.managment_command_router
                0x200080a4      0x12c ./src/SubSystemModules/Communication/CommandDictionary.o
                0x200080a4                managment_command_router
 .text.filesystem_command_router
                0x200081d0       0x24 ./src/SubSystemModules/Communication/CommandDictionary.o
                0x200081d0                filesystem_command_router
 .text.sha256_transform
                0x200081f4      0x4b8 ./src/SubSystemModules/Communication/HashSecuredCMD.o
                0x200081f4                sha256_transform
 .text.sha256_init
                0x200086ac       0xb8 ./src/SubSystemModules/Communication/HashSecuredCMD.o
                0x200086ac                sha256_init
 .text.sha256_update
                0x20008764       0xc8 ./src/SubSystemModules/Communication/HashSecuredCMD.o
                0x20008764                sha256_update
 .text.sha256_final
                0x2000882c      0x470 ./src/SubSystemModules/Communication/HashSecuredCMD.o
                0x2000882c                sha256_final
 .text.ParseDataToCommand
                0x20008c9c      0x1ac ./src/SubSystemModules/Communication/SatCommandHandler.o
                0x20008c9c                ParseDataToCommand
 .text.AssembleCommand
                0x20008e48      0x148 ./src/SubSystemModules/Communication/SatCommandHandler.o
                0x20008e48                AssembleCommand
 .text.ActUponCommand
                0x20008f90      0x108 ./src/SubSystemModules/Communication/SatCommandHandler.o
                0x20008f90                ActUponCommand
 .text.setMuteEndTime
                0x20009098       0x40 ./src/SubSystemModules/Communication/TRXVU.o
                0x20009098                setMuteEndTime
 .text.getMuteEndTime
                0x200090d8       0x44 ./src/SubSystemModules/Communication/TRXVU.o
                0x200090d8                getMuteEndTime
 .text.setTransponderEndTime
                0x2000911c       0x40 ./src/SubSystemModules/Communication/TRXVU.o
                0x2000911c                setTransponderEndTime
 .text.getTransponderEndTime
                0x2000915c       0x44 ./src/SubSystemModules/Communication/TRXVU.o
                0x2000915c                getTransponderEndTime
 .text.setTransponderRSSIinFRAM
                0x200091a0       0x44 ./src/SubSystemModules/Communication/TRXVU.o
                0x200091a0                setTransponderRSSIinFRAM
 .text.getTransponderRSSIFromFRAM
                0x200091e4       0x4c ./src/SubSystemModules/Communication/TRXVU.o
                0x200091e4                getTransponderRSSIFromFRAM
 .text.InitTxModule
                0x20009230       0x68 ./src/SubSystemModules/Communication/TRXVU.o
                0x20009230                InitTxModule
 .text.CMD_SetBeaconInterval
                0x20009298       0xdc ./src/SubSystemModules/Communication/TRXVU.o
                0x20009298                CMD_SetBeaconInterval
 .text.InitBeaconParams
                0x20009374       0x3c ./src/SubSystemModules/Communication/TRXVU.o
                0x20009374                InitBeaconParams
 .text.InitSemaphores
                0x200093b0       0x98 ./src/SubSystemModules/Communication/TRXVU.o
                0x200093b0                InitSemaphores
 .text.InitTrxvu
                0x20009448      0x138 ./src/SubSystemModules/Communication/TRXVU.o
                0x20009448                InitTrxvu
 .text.checkIdleFinish
                0x20009580       0x68 ./src/SubSystemModules/Communication/TRXVU.o
                0x20009580                checkIdleFinish
 .text.checkTransponderFinish
                0x200095e8       0x50 ./src/SubSystemModules/Communication/TRXVU.o
                0x200095e8                checkTransponderFinish
 .text.checkTransponderStart
                0x20009638       0x50 ./src/SubSystemModules/Communication/TRXVU.o
                0x20009638                checkTransponderStart
 .text.turnOnTransponder
                0x20009688       0xa0 ./src/SubSystemModules/Communication/TRXVU.o
                0x20009688                turnOnTransponder
 .text.turnOffTransponder
                0x20009728       0x90 ./src/SubSystemModules/Communication/TRXVU.o
                0x20009728                turnOffTransponder
 .text.SetRSSITransponder
                0x200097b8       0x80 ./src/SubSystemModules/Communication/TRXVU.o
                0x200097b8                SetRSSITransponder
 .text.TRX_Logic
                0x20009838       0xe4 ./src/SubSystemModules/Communication/TRXVU.o
                0x20009838                TRX_Logic
 .text.GetNumberOfFramesInBuffer
                0x2000991c       0x94 ./src/SubSystemModules/Communication/TRXVU.o
                0x2000991c                GetNumberOfFramesInBuffer
 .text.GetOnlineCommand
                0x200099b0      0x1d0 ./src/SubSystemModules/Communication/TRXVU.o
                0x200099b0                GetOnlineCommand
 .text.CheckTransmitionAllowed
                0x20009b80       0xc0 ./src/SubSystemModules/Communication/TRXVU.o
                0x20009b80                CheckTransmitionAllowed
 .text.FinishDump
                0x20009c40       0xf0 ./src/SubSystemModules/Communication/TRXVU.o
                0x20009c40                FinishDump
 .text.AbortDump
                0x20009d30       0x34 ./src/SubSystemModules/Communication/TRXVU.o
                0x20009d30                AbortDump
 .text.SendDumpAbortRequest
                0x20009d64       0x6c ./src/SubSystemModules/Communication/TRXVU.o
                0x20009d64                SendDumpAbortRequest
 .text.CheckDumpAbort
                0x20009dd0       0x6c ./src/SubSystemModules/Communication/TRXVU.o
                0x20009dd0                CheckDumpAbort
 .text.BeaconLogic
                0x20009e3c      0x184 ./src/SubSystemModules/Communication/TRXVU.o
                0x20009e3c                BeaconLogic
 .text.SetIdleState
                0x20009fc0      0x144 ./src/SubSystemModules/Communication/TRXVU.o
                0x20009fc0                SetIdleState
 .text.muteTRXVU
                0x2000a104       0x74 ./src/SubSystemModules/Communication/TRXVU.o
                0x2000a104                muteTRXVU
 .text.UnMuteTRXVU
                0x2000a178       0x14 ./src/SubSystemModules/Communication/TRXVU.o
                0x2000a178                UnMuteTRXVU
 .text.TransmitDataAsSPL_Packet
                0x2000a18c      0x12c ./src/SubSystemModules/Communication/TRXVU.o
                0x2000a18c                TransmitDataAsSPL_Packet
 .text.TransmitSplPacket
                0x2000a2b8      0x124 ./src/SubSystemModules/Communication/TRXVU.o
                0x2000a2b8                TransmitSplPacket
 .text.isFirstActivation
                0x2000a3dc       0x38 ./src/InitSystem.o
                0x2000a3dc                isFirstActivation
 .text.WriteDefaultValuesToFRAM
                0x2000a414      0x2ac ./src/InitSystem.o
                0x2000a414                WriteDefaultValuesToFRAM
 .text.StartFRAM
                0x2000a6c0       0x64 ./src/InitSystem.o
                0x2000a6c0                StartFRAM
 .text.StartI2C
                0x2000a724       0x38 ./src/InitSystem.o
                0x2000a724                StartI2C
 .text.StartSPI
                0x2000a75c       0x34 ./src/InitSystem.o
                0x2000a75c                StartSPI
 .text.StartTIME
                0x2000a790       0xbc ./src/InitSystem.o
                0x2000a790                StartTIME
 .text.DeploySystem
                0x2000a84c      0x1b4 ./src/InitSystem.o
                0x2000a84c                DeploySystem
 .text.InitSubsystems
                0x2000aa00       0x64 ./src/InitSystem.o
                0x2000aa00                InitSubsystems
 .text.CMD_getInfoImage
                0x2000aa64      0x158 ./src/TLM_management.o
                0x2000aa64                CMD_getInfoImage
 .text.CMD_getDataImage
                0x2000abbc      0x218 ./src/TLM_management.o
                0x2000abbc                CMD_getDataImage
 .text.delete_allTMFilesFromSD
                0x2000add4       0x8c ./src/TLM_management.o
                0x2000add4                delete_allTMFilesFromSD
 .text.deleteTLMFiles
                0x2000ae60       0x94 ./src/TLM_management.o
                0x2000ae60                deleteTLMFiles
 .text.deleteTLMFile
                0x2000aef4       0xcc ./src/TLM_management.o
                0x2000aef4                deleteTLMFile
 .text.deleteTLMbyMonth
                0x2000afc0       0xac ./src/TLM_management.o
                0x2000afc0                deleteTLMbyMonth
 .text.deleteDirectory
                0x2000b06c      0x158 ./src/TLM_management.o
                0x2000b06c                deleteDirectory
 .text.InitializeFS
                0x2000b1c4       0xec ./src/TLM_management.o
                0x2000b1c4                InitializeFS
 .text.calculateFileName
                0x2000b2b0      0x130 ./src/TLM_management.o
                0x2000b2b0                calculateFileName
 .text.getTlmTypeInfo
                0x2000b3e0      0x294 ./src/TLM_management.o
                0x2000b3e0                getTlmTypeInfo
 .text.write2File
                0x2000b674      0x1dc ./src/TLM_management.o
                0x2000b674                write2File
 .text.printTLM
                0x2000b850       0x24 ./src/TLM_management.o
                0x2000b850                printTLM
 .text.readTLMFile
                0x2000b874      0x328 ./src/TLM_management.o
                0x2000b874                readTLMFile
 .text.readTLMFiles
                0x2000bb9c       0xdc ./src/TLM_management.o
                0x2000bb9c                readTLMFiles
 .text.readTLMFileTimeRange
                0x2000bc78      0x2f0 ./src/TLM_management.o
                0x2000bc78                readTLMFileTimeRange
 .text.DeInitializeFS
                0x2000bf68       0x38 ./src/TLM_management.o
                0x2000bf68                DeInitializeFS
 .text.taskMain
                0x2000bfa0       0x84 ./src/main.o
                0x2000bfa0                taskMain
 .text.main     0x2000c024       0x98 ./src/main.o
                0x2000c024                main
 .text.timeU2time
                0x2000c0bc       0xbc ./src/utils.o
                0x2000c0bc                timeU2time
 .text.logError
                0x2000c178      0x148 ./src/utils.o
                0x2000c178                logError
 .text.clearPDCtransfers
                0x2000c2c0       0xe8 C:/ISIS/workspace/ycube/GlobusSatProject/..//hal/hal/lib\libHALD.a(SPI.o)
 .text.SPI_start
                0x2000c3a8      0x4b0 C:/ISIS/workspace/ycube/GlobusSatProject/..//hal/hal/lib\libHALD.a(SPI.o)
                0x2000c3a8                SPI_start
 .text.SPI_stop
                0x2000c858      0x244 C:/ISIS/workspace/ycube/GlobusSatProject/..//hal/hal/lib\libHALD.a(SPI.o)
                0x2000c858                SPI_stop
 .text.SPI_queueTransfer
                0x2000ca9c      0x1cc C:/ISIS/workspace/ycube/GlobusSatProject/..//hal/hal/lib\libHALD.a(SPI.o)
                0x2000ca9c                SPI_queueTransfer
 .text.SPI_internalCallback
                0x2000cc68       0x64 C:/ISIS/workspace/ycube/GlobusSatProject/..//hal/hal/lib\libHALD.a(SPI.o)
 .text.SPI_writeRead
                0x2000cccc      0x1c0 C:/ISIS/workspace/ycube/GlobusSatProject/..//hal/hal/lib\libHALD.a(SPI.o)
                0x2000cccc                SPI_writeRead
 .text.waitForTransfer
                0x2000ce8c       0x78 C:/ISIS/workspace/ycube/GlobusSatProject/..//hal/hal/lib\libHALD.a(SPI.o)
 .text.SPI_getDriverState
                0x2000cf04       0x58 C:/ISIS/workspace/ycube/GlobusSatProject/..//hal/hal/lib\libHALD.a(SPI.o)
                0x2000cf04                SPI_getDriverState
 .text.validateTransferParameters
                0x2000cf5c      0x10c C:/ISIS/workspace/ycube/GlobusSatProject/..//hal/hal/lib\libHALD.a(I2C.o)
 .text.I2C_queueTransfer
                0x2000d068       0xfc C:/ISIS/workspace/ycube/GlobusSatProject/..//hal/hal/lib\libHALD.a(I2C.o)
                0x2000d068                I2C_queueTransfer
 .text.I2C_internalCallback
                0x2000d164       0x64 C:/ISIS/workspace/ycube/GlobusSatProject/..//hal/hal/lib\libHALD.a(I2C.o)
 .text.I2C_doBlockingTransfer
                0x2000d1c8      0x180 C:/ISIS/workspace/ycube/GlobusSatProject/..//hal/hal/lib\libHALD.a(I2C.o)
 .text.I2C_write
                0x2000d348      0x110 C:/ISIS/workspace/ycube/GlobusSatProject/..//hal/hal/lib\libHALD.a(I2C.o)
                0x2000d348                I2C_write
 .text.I2C_read
                0x2000d458      0x110 C:/ISIS/workspace/ycube/GlobusSatProject/..//hal/hal/lib\libHALD.a(I2C.o)
                0x2000d458                I2C_read
 .text.I2C_writeRead
                0x2000d568      0x17c C:/ISIS/workspace/ycube/GlobusSatProject/..//hal/hal/lib\libHALD.a(I2C.o)
                0x2000d568                I2C_writeRead
 .text.I2C_start
                0x2000d6e4      0x2e8 C:/ISIS/workspace/ycube/GlobusSatProject/..//hal/hal/lib\libHALD.a(I2C.o)
                0x2000d6e4                I2C_start
 .text.I2C_stop
                0x2000d9cc      0x184 C:/ISIS/workspace/ycube/GlobusSatProject/..//hal/hal/lib\libHALD.a(I2C.o)
                0x2000d9cc                I2C_stop
 .text.I2C_setTransferTimeout
                0x2000db50       0x48 C:/ISIS/workspace/ycube/GlobusSatProject/..//hal/hal/lib\libHALD.a(I2C.o)
                0x2000db50                I2C_setTransferTimeout
 .text.ADC_ConvertRaw10bitToMillivolt
                0x2000db98       0x50 C:/ISIS/workspace/ycube/GlobusSatProject/..//hal/hal/lib\libHALD.a(ADC.o)
                0x2000db98                ADC_ConvertRaw10bitToMillivolt
 .text.ADC_SingleShot
                0x2000dbe8      0x230 C:/ISIS/workspace/ycube/GlobusSatProject/..//hal/hal/lib\libHALD.a(ADC.o)
                0x2000dbe8                ADC_SingleShot
 .text.FRAM_start
                0x2000de18      0x120 C:/ISIS/workspace/ycube/GlobusSatProject/..//hal/hal/lib\libHALD.a(FRAM.o)
                0x2000de18                FRAM_start
 .text.FRAM_stop
                0x2000df38       0x6c C:/ISIS/workspace/ycube/GlobusSatProject/..//hal/hal/lib\libHALD.a(FRAM.o)
                0x2000df38                FRAM_stop
 .text.FRAM_dummyCallback
                0x2000dfa4       0x24 C:/ISIS/workspace/ycube/GlobusSatProject/..//hal/hal/lib\libHALD.a(FRAM.o)
                0x2000dfa4                FRAM_dummyCallback
 .text.FRAM_unlockingCallback
                0x2000dfc8       0x64 C:/ISIS/workspace/ycube/GlobusSatProject/..//hal/hal/lib\libHALD.a(FRAM.o)
                0x2000dfc8                FRAM_unlockingCallback
 .text.doBlockingTransfer
                0x2000e02c       0x78 C:/ISIS/workspace/ycube/GlobusSatProject/..//hal/hal/lib\libHALD.a(FRAM.o)
 .text.FRAM_writePacket
                0x2000e0a4      0x134 C:/ISIS/workspace/ycube/GlobusSatProject/..//hal/hal/lib\libHALD.a(FRAM.o)
 .text.FRAM_write
                0x2000e1d8      0x1e0 C:/ISIS/workspace/ycube/GlobusSatProject/..//hal/hal/lib\libHALD.a(FRAM.o)
                0x2000e1d8                FRAM_write
 .text.FRAM_readPacket
                0x2000e3b8       0xf0 C:/ISIS/workspace/ycube/GlobusSatProject/..//hal/hal/lib\libHALD.a(FRAM.o)
 .text.FRAM_read
                0x2000e4a8      0x1ec C:/ISIS/workspace/ycube/GlobusSatProject/..//hal/hal/lib\libHALD.a(FRAM.o)
                0x2000e4a8                FRAM_read
 .text.Time_start
                0x2000e694      0x170 C:/ISIS/workspace/ycube/GlobusSatProject/..//hal/hal/lib\libHALD.a(Time.o)
                0x2000e694                Time_start
 .text.taskTimeSync
                0x2000e804       0x64 C:/ISIS/workspace/ycube/GlobusSatProject/..//hal/hal/lib\libHALD.a(Time.o)
 .text.Time_convertEpochToTime
                0x2000e868      0x100 C:/ISIS/workspace/ycube/GlobusSatProject/..//hal/hal/lib\libHALD.a(Time.o)
                0x2000e868                Time_convertEpochToTime
 .text.Time_calculateSecondsOfYear
                0x2000e968       0xd8 C:/ISIS/workspace/ycube/GlobusSatProject/..//hal/hal/lib\libHALD.a(Time.o)
 .text.Time_set
                0x2000ea40       0xd8 C:/ISIS/workspace/ycube/GlobusSatProject/..//hal/hal/lib\libHALD.a(Time.o)
                0x2000ea40                Time_set
 .text.Time_isLeapYear
                0x2000eb18       0x98 C:/ISIS/workspace/ycube/GlobusSatProject/..//hal/hal/lib\libHALD.a(Time.o)
                0x2000eb18                Time_isLeapYear
 .text.Time_get
                0x2000ebb0      0x478 C:/ISIS/workspace/ycube/GlobusSatProject/..//hal/hal/lib\libHALD.a(Time.o)
                0x2000ebb0                Time_get
 .text.Time_getUnixEpoch
                0x2000f028      0x108 C:/ISIS/workspace/ycube/GlobusSatProject/..//hal/hal/lib\libHALD.a(Time.o)
                0x2000f028                Time_getUnixEpoch
 .text.Time_secondsOfYearToTime
                0x2000f130      0x33c C:/ISIS/workspace/ycube/GlobusSatProject/..//hal/hal/lib\libHALD.a(Time.o)
 .text.Time_setUnixEpoch
                0x2000f46c       0x54 C:/ISIS/workspace/ycube/GlobusSatProject/..//hal/hal/lib\libHALD.a(Time.o)
                0x2000f46c                Time_setUnixEpoch
 .text.Time_getUptimeSeconds
                0x2000f4c0       0x28 C:/ISIS/workspace/ycube/GlobusSatProject/..//hal/hal/lib\libHALD.a(Time.o)
                0x2000f4c0                Time_getUptimeSeconds
 .text.Time_sync
                0x2000f4e8      0x1a8 C:/ISIS/workspace/ycube/GlobusSatProject/..//hal/hal/lib\libHALD.a(Time.o)
                0x2000f4e8                Time_sync
 .text.Time_syncIfNeeded
                0x2000f690       0xac C:/ISIS/workspace/ycube/GlobusSatProject/..//hal/hal/lib\libHALD.a(Time.o)
                0x2000f690                Time_syncIfNeeded
 .text.WDT_start
                0x2000f73c       0x48 C:/ISIS/workspace/ycube/GlobusSatProject/..//hal/hal/lib\libHALD.a(WatchDogTimerNoOS.o)
                0x2000f73c                WDT_start
 .text.RTT_start
                0x2000f784       0x24 C:/ISIS/workspace/ycube/GlobusSatProject/..//hal/hal/lib\libHALD.a(RTT.o)
                0x2000f784                RTT_start
 .text.RTT_GetTime
                0x2000f7a8       0x24 C:/ISIS/workspace/ycube/GlobusSatProject/..//hal/hal/lib\libHALD.a(RTT.o)
                0x2000f7a8                RTT_GetTime
 .text.RTC_start
                0x2000f7cc       0x3c C:/ISIS/workspace/ycube/GlobusSatProject/..//hal/hal/lib\libHALD.a(RTC.o)
                0x2000f7cc                RTC_start
 .text.RTC_setTime
                0x2000f808      0x2a4 C:/ISIS/workspace/ycube/GlobusSatProject/..//hal/hal/lib\libHALD.a(RTC.o)
                0x2000f808                RTC_setTime
 .text.RTC_getTime
                0x2000faac      0x230 C:/ISIS/workspace/ycube/GlobusSatProject/..//hal/hal/lib\libHALD.a(RTC.o)
                0x2000faac                RTC_getTime
 .text.RTC_checkTimeValid
                0x2000fcdc       0xd8 C:/ISIS/workspace/ycube/GlobusSatProject/..//hal/hal/lib\libHALD.a(RTC.o)
                0x2000fcdc                RTC_checkTimeValid
 .text.WDT_startWatchdogKickTask
                0x2000fdb4       0xb4 C:/ISIS/workspace/ycube/GlobusSatProject/..//hal/hal/lib\libHALD.a(WatchDogTimerOS.o)
                0x2000fdb4                WDT_startWatchdogKickTask
 .text.WDT_forceKickEveryNms
                0x2000fe68       0x50 C:/ISIS/workspace/ycube/GlobusSatProject/..//hal/hal/lib\libHALD.a(WatchDogTimerOS.o)
                0x2000fe68                WDT_forceKickEveryNms
 .text.f_puts   0x2000feb8       0x80 C:/ISIS/workspace/ycube/GlobusSatProject/..//hal/hal/lib\libHALD.a(fprintf.o)
                0x2000feb8                f_puts
 .text.LED_glow
                0x2000ff38       0x58 C:/ISIS/workspace/ycube/GlobusSatProject/..//hal/hal/lib\libHALD.a(LED.o)
                0x2000ff38                LED_glow
 .text.LED_dark
                0x2000ff90       0x58 C:/ISIS/workspace/ycube/GlobusSatProject/..//hal/hal/lib\libHALD.a(LED.o)
                0x2000ff90                LED_dark
 .text.LED_toggle
                0x2000ffe8       0x50 C:/ISIS/workspace/ycube/GlobusSatProject/..//hal/hal/lib\libHALD.a(LED.o)
                0x2000ffe8                LED_toggle
 .text.fm_initvolume
                0x20010038       0x70 C:/ISIS/workspace/ycube/GlobusSatProject/..//hal/hcc/lib\libHCCD.a(fat_m.o)
                0x20010038                fm_initvolume
 .text.fm_delvolume
                0x200100a8       0x60 C:/ISIS/workspace/ycube/GlobusSatProject/..//hal/hcc/lib\libHCCD.a(fat_m.o)
                0x200100a8                fm_delvolume
 .text.fm_format
                0x20010108       0x68 C:/ISIS/workspace/ycube/GlobusSatProject/..//hal/hcc/lib\libHCCD.a(fat_m.o)
                0x20010108                fm_format
 .text.fm_getdrive
                0x20010170       0x70 C:/ISIS/workspace/ycube/GlobusSatProject/..//hal/hcc/lib\libHCCD.a(fat_m.o)
                0x20010170                fm_getdrive
 .text.fm_getfreespace
                0x200101e0       0x68 C:/ISIS/workspace/ycube/GlobusSatProject/..//hal/hcc/lib\libHCCD.a(fat_m.o)
                0x200101e0                fm_getfreespace
 .text.fm_mkdir
                0x20010248       0x60 C:/ISIS/workspace/ycube/GlobusSatProject/..//hal/hcc/lib\libHCCD.a(fat_m.o)
                0x20010248                fm_mkdir
 .text.fm_rmdir
                0x200102a8       0x60 C:/ISIS/workspace/ycube/GlobusSatProject/..//hal/hcc/lib\libHCCD.a(fat_m.o)
                0x200102a8                fm_rmdir
 .text.fm_findfirst
                0x20010308       0x68 C:/ISIS/workspace/ycube/GlobusSatProject/..//hal/hcc/lib\libHCCD.a(fat_m.o)
                0x20010308                fm_findfirst
 .text.fm_findnext
                0x20010370       0x60 C:/ISIS/workspace/ycube/GlobusSatProject/..//hal/hcc/lib\libHCCD.a(fat_m.o)
                0x20010370                fm_findnext
 .text.fm_close
                0x200103d0       0x60 C:/ISIS/workspace/ycube/GlobusSatProject/..//hal/hcc/lib\libHCCD.a(fat_m.o)
                0x200103d0                fm_close
 .text.fm_flush
                0x20010430       0x60 C:/ISIS/workspace/ycube/GlobusSatProject/..//hal/hcc/lib\libHCCD.a(fat_m.o)
                0x20010430                fm_flush
 .text.fm_open  0x20010490       0x68 C:/ISIS/workspace/ycube/GlobusSatProject/..//hal/hcc/lib\libHCCD.a(fat_m.o)
                0x20010490                fm_open
 .text.fm_read  0x200104f8       0x7c C:/ISIS/workspace/ycube/GlobusSatProject/..//hal/hcc/lib\libHCCD.a(fat_m.o)
                0x200104f8                fm_read
 .text.fm_write
                0x20010574       0x7c C:/ISIS/workspace/ycube/GlobusSatProject/..//hal/hcc/lib\libHCCD.a(fat_m.o)
                0x20010574                fm_write
 .text.fm_seek  0x200105f0       0x70 C:/ISIS/workspace/ycube/GlobusSatProject/..//hal/hcc/lib\libHCCD.a(fat_m.o)
                0x200105f0                fm_seek
 .text.fm_tell  0x20010660       0x60 C:/ISIS/workspace/ycube/GlobusSatProject/..//hal/hcc/lib\libHCCD.a(fat_m.o)
                0x20010660                fm_tell
 .text.fm_putc  0x200106c0       0x68 C:/ISIS/workspace/ycube/GlobusSatProject/..//hal/hcc/lib\libHCCD.a(fat_m.o)
                0x200106c0                fm_putc
 .text.fm_rewind
                0x20010728       0x60 C:/ISIS/workspace/ycube/GlobusSatProject/..//hal/hcc/lib\libHCCD.a(fat_m.o)
                0x20010728                fm_rewind
 .text.fm_delete
                0x20010788       0x64 C:/ISIS/workspace/ycube/GlobusSatProject/..//hal/hcc/lib\libHCCD.a(fat_m.o)
                0x20010788                fm_delete
 .text.fm_getlasterror
                0x200107ec       0x40 C:/ISIS/workspace/ycube/GlobusSatProject/..//hal/hcc/lib\libHCCD.a(fat_m.o)
                0x200107ec                fm_getlasterror
 .text._f_invalidatedir
                0x2001082c       0x28 C:/ISIS/workspace/ycube/GlobusSatProject/..//hal/hcc/lib\libHCCD.a(fat.o)
                0x2001082c                _f_invalidatedir
 .text._f_getdirsector
                0x20010854       0x88 C:/ISIS/workspace/ycube/GlobusSatProject/..//hal/hcc/lib\libHCCD.a(fat.o)
                0x20010854                _f_getdirsector
 .text._f_writedirsector
                0x200108dc       0x74 C:/ISIS/workspace/ycube/GlobusSatProject/..//hal/hcc/lib\libHCCD.a(fat.o)
                0x200108dc                _f_writedirsector
 .text._f_checknameinv
                0x20010950      0x180 C:/ISIS/workspace/ycube/GlobusSatProject/..//hal/hcc/lib\libHCCD.a(fat.o)
 .text._f_checkname
                0x20010ad0       0x7c C:/ISIS/workspace/ycube/GlobusSatProject/..//hal/hcc/lib\libHCCD.a(fat.o)
 .text._f_checknamewc
                0x20010b4c       0xf8 C:/ISIS/workspace/ycube/GlobusSatProject/..//hal/hcc/lib\libHCCD.a(fat.o)
 .text._f_setnameext
                0x20010c44      0x300 C:/ISIS/workspace/ycube/GlobusSatProject/..//hal/hcc/lib\libHCCD.a(fat.o)
 .text._f_setfsname
                0x20010f44      0x584 C:/ISIS/workspace/ycube/GlobusSatProject/..//hal/hcc/lib\libHCCD.a(fat.o)
 .text._f_findfile
                0x200114c8      0x30c C:/ISIS/workspace/ycube/GlobusSatProject/..//hal/hcc/lib\libHCCD.a(fat.o)
 .text._f_cmp_wname
                0x200117d4      0x274 C:/ISIS/workspace/ycube/GlobusSatProject/..//hal/hcc/lib\libHCCD.a(fat.o)
 .text._f_to_string
                0x20011a48      0x130 C:/ISIS/workspace/ycube/GlobusSatProject/..//hal/hcc/lib\libHCCD.a(fat.o)
 .text._f_findfilewc
                0x20011b78      0x278 C:/ISIS/workspace/ycube/GlobusSatProject/..//hal/hcc/lib\libHCCD.a(fat.o)
 .text._f_getfilename
                0x20011df0      0x20c C:/ISIS/workspace/ycube/GlobusSatProject/..//hal/hcc/lib\libHCCD.a(fat.o)
 .text._f_findpath
                0x20011ffc      0x35c C:/ISIS/workspace/ycube/GlobusSatProject/..//hal/hcc/lib\libHCCD.a(fat.o)
 .text.fn_getdcwd
                0x20012358      0x1e0 C:/ISIS/workspace/ycube/GlobusSatProject/..//hal/hcc/lib\libHCCD.a(fat.o)
                0x20012358                fn_getdcwd
 .text.fn_findfirst
                0x20012538      0x13c C:/ISIS/workspace/ycube/GlobusSatProject/..//hal/hcc/lib\libHCCD.a(fat.o)
                0x20012538                fn_findfirst
 .text.fn_findnext
                0x20012674      0x360 C:/ISIS/workspace/ycube/GlobusSatProject/..//hal/hcc/lib\libHCCD.a(fat.o)
                0x20012674                fn_findnext
 .text._f_lock_resfile
                0x200129d4       0x6c C:/ISIS/workspace/ycube/GlobusSatProject/..//hal/hcc/lib\libHCCD.a(fat.o)
 .text._f_unlock_resfile
                0x20012a40       0x40 C:/ISIS/workspace/ycube/GlobusSatProject/..//hal/hcc/lib\libHCCD.a(fat.o)
 .text._f_getintfile
                0x20012a80      0x124 C:/ISIS/workspace/ycube/GlobusSatProject/..//hal/hcc/lib\libHCCD.a(fat.o)
 .text._f_addentry
                0x20012ba4      0x540 C:/ISIS/workspace/ycube/GlobusSatProject/..//hal/hcc/lib\libHCCD.a(fat.o)
 .text.fn_mkdir
                0x200130e4      0x75c C:/ISIS/workspace/ycube/GlobusSatProject/..//hal/hcc/lib\libHCCD.a(fat.o)
                0x200130e4                fn_mkdir
 .text.fn_open_sub
                0x20013840     0x1698 C:/ISIS/workspace/ycube/GlobusSatProject/..//hal/hcc/lib\libHCCD.a(fat.o)
 .text.fn_open  0x20014ed8       0x44 C:/ISIS/workspace/ycube/GlobusSatProject/..//hal/hcc/lib\libHCCD.a(fat.o)
                0x20014ed8                fn_open
 .text.fn_delete
                0x20014f1c      0x490 C:/ISIS/workspace/ycube/GlobusSatProject/..//hal/hcc/lib\libHCCD.a(fat.o)
                0x20014f1c                fn_delete
 .text.fn_rmdir
                0x200153ac      0x5ac C:/ISIS/workspace/ycube/GlobusSatProject/..//hal/hcc/lib\libHCCD.a(fat.o)
                0x200153ac                fn_rmdir
 .text.fn_init  0x20015958      0x2dc C:/ISIS/workspace/ycube/GlobusSatProject/..//hal/hcc/lib\libHCCD.a(fat_common.o)
                0x20015958                fn_init
 .text.fn_start
                0x20015c34       0x1c C:/ISIS/workspace/ycube/GlobusSatProject/..//hal/hcc/lib\libHCCD.a(fat_common.o)
                0x20015c34                fn_start
 .text.fsn_delete
                0x20015c50       0xc8 C:/ISIS/workspace/ycube/GlobusSatProject/..//hal/hcc/lib\libHCCD.a(fat_common.o)
                0x20015c50                fsn_delete
 .text._f_get16bitl
                0x20015d18       0x4c C:/ISIS/workspace/ycube/GlobusSatProject/..//hal/hcc/lib\libHCCD.a(fat_common.o)
                0x20015d18                _f_get16bitl
 .text._f_set16bitl
                0x20015d64       0x54 C:/ISIS/workspace/ycube/GlobusSatProject/..//hal/hcc/lib\libHCCD.a(fat_common.o)
                0x20015d64                _f_set16bitl
 .text._f_get32bitl
                0x20015db8       0x68 C:/ISIS/workspace/ycube/GlobusSatProject/..//hal/hcc/lib\libHCCD.a(fat_common.o)
                0x20015db8                _f_get32bitl
 .text._f_set32bitl
                0x20015e20       0x78 C:/ISIS/workspace/ycube/GlobusSatProject/..//hal/hcc/lib\libHCCD.a(fat_common.o)
                0x20015e20                _f_set32bitl
 .text._get8bit
                0x20015e98       0xa0 C:/ISIS/workspace/ycube/GlobusSatProject/..//hal/hcc/lib\libHCCD.a(fat_common.o)
 .text._get16bitl
                0x20015f38       0x40 C:/ISIS/workspace/ycube/GlobusSatProject/..//hal/hcc/lib\libHCCD.a(fat_common.o)
 .text._get32bitl
                0x20015f78       0x3c C:/ISIS/workspace/ycube/GlobusSatProject/..//hal/hcc/lib\libHCCD.a(fat_common.o)
 .text._set8bitzero
                0x20015fb4       0x6c C:/ISIS/workspace/ycube/GlobusSatProject/..//hal/hcc/lib\libHCCD.a(fat_common.o)
 .text._set8bit
                0x20016020       0xa0 C:/ISIS/workspace/ycube/GlobusSatProject/..//hal/hcc/lib\libHCCD.a(fat_common.o)
 .text._set16bitl
                0x200160c0       0x3c C:/ISIS/workspace/ycube/GlobusSatProject/..//hal/hcc/lib\libHCCD.a(fat_common.o)
 .text._set32bitl
                0x200160fc       0x34 C:/ISIS/workspace/ycube/GlobusSatProject/..//hal/hcc/lib\libHCCD.a(fat_common.o)
 .text._f_setcardremoved
                0x20016130       0x94 C:/ISIS/workspace/ycube/GlobusSatProject/..//hal/hcc/lib\libHCCD.a(fat_common.o)
 .text._f_checkstatus
                0x200161c4      0x104 C:/ISIS/workspace/ycube/GlobusSatProject/..//hal/hcc/lib\libHCCD.a(fat_common.o)
                0x200161c4                _f_checkstatus
 .text._f_drvgetphy
                0x200162c8      0x114 C:/ISIS/workspace/ycube/GlobusSatProject/..//hal/hcc/lib\libHCCD.a(fat_common.o)
 .text._f_drvwritesector
                0x200163dc       0xdc C:/ISIS/workspace/ycube/GlobusSatProject/..//hal/hcc/lib\libHCCD.a(fat_common.o)
 .text._f_drvreadsector
                0x200164b8       0xa8 C:/ISIS/workspace/ycube/GlobusSatProject/..//hal/hcc/lib\libHCCD.a(fat_common.o)
 .text._f_writesector
                0x20016560      0x23c C:/ISIS/workspace/ycube/GlobusSatProject/..//hal/hcc/lib\libHCCD.a(fat_common.o)
                0x20016560                _f_writesector
 .text._f_readsector
                0x2001679c      0x1dc C:/ISIS/workspace/ycube/GlobusSatProject/..//hal/hcc/lib\libHCCD.a(fat_common.o)
                0x2001679c                _f_readsector
 .text._f_getmaxcluster
                0x20016978       0x94 C:/ISIS/workspace/ycube/GlobusSatProject/..//hal/hcc/lib\libHCCD.a(fat_common.o)
                0x20016978                _f_getmaxcluster
 .text._getsectorfromcluster
                0x20016a0c       0x68 C:/ISIS/workspace/ycube/GlobusSatProject/..//hal/hcc/lib\libHCCD.a(fat_common.o)
 .text._f_buildsectors
                0x20016a74      0x268 C:/ISIS/workspace/ycube/GlobusSatProject/..//hal/hcc/lib\libHCCD.a(fat_common.o)
 .text._f_getbootrecord
                0x20016cdc      0x5e4 C:/ISIS/workspace/ycube/GlobusSatProject/..//hal/hcc/lib\libHCCD.a(fat_common.o)
 .text._f_readbootrecord
                0x200172c0      0x4f8 C:/ISIS/workspace/ycube/GlobusSatProject/..//hal/hcc/lib\libHCCD.a(fat_common.o)
 .text._f_writebootrecord
                0x200177b8      0x5e4 C:/ISIS/workspace/ycube/GlobusSatProject/..//hal/hcc/lib\libHCCD.a(fat_common.o)
 .text._f_flushcffiles
                0x20017d9c      0x17c C:/ISIS/workspace/ycube/GlobusSatProject/..//hal/hcc/lib\libHCCD.a(fat_common.o)
                0x20017d9c                _f_flushcffiles
 .text._f_fatcache_flush
                0x20017f18      0x270 C:/ISIS/workspace/ycube/GlobusSatProject/..//hal/hcc/lib\libHCCD.a(fat_common.o)
                0x20017f18                _f_fatcache_flush
 .text._f_writefatsector
                0x20018188      0x100 C:/ISIS/workspace/ycube/GlobusSatProject/..//hal/hcc/lib\libHCCD.a(fat_common.o)
                0x20018188                _f_writefatsector
 .text._f_getfatsector
                0x20018288      0x3bc C:/ISIS/workspace/ycube/GlobusSatProject/..//hal/hcc/lib\libHCCD.a(fat_common.o)
 .text._f_setclustervalue
                0x20018644      0x490 C:/ISIS/workspace/ycube/GlobusSatProject/..//hal/hcc/lib\libHCCD.a(fat_common.o)
                0x20018644                _f_setclustervalue
 .text._f_getclustervalue
                0x20018ad4      0x388 C:/ISIS/workspace/ycube/GlobusSatProject/..//hal/hcc/lib\libHCCD.a(fat_common.o)
                0x20018ad4                _f_getclustervalue
 .text._f_close_drive_files
                0x20018e5c       0xac C:/ISIS/workspace/ycube/GlobusSatProject/..//hal/hcc/lib\libHCCD.a(fat_common.o)
 .text._f_inc_mount_count
                0x20018f08       0xa4 C:/ISIS/workspace/ycube/GlobusSatProject/..//hal/hcc/lib\libHCCD.a(fat_common.o)
 .text._f_getvolume
                0x20018fac      0x2f8 C:/ISIS/workspace/ycube/GlobusSatProject/..//hal/hcc/lib\libHCCD.a(fat_common.o)
                0x20018fac                _f_getvolume
 .text.fn_createdriver
                0x200192a4      0x118 C:/ISIS/workspace/ycube/GlobusSatProject/..//hal/hcc/lib\libHCCD.a(fat_common.o)
                0x200192a4                fn_createdriver
 .text.fn_initvolume
                0x200193bc      0x12c C:/ISIS/workspace/ycube/GlobusSatProject/..//hal/hcc/lib\libHCCD.a(fat_common.o)
                0x200193bc                fn_initvolume
 .text.fn_releasedriver
                0x200194e8       0xf4 C:/ISIS/workspace/ycube/GlobusSatProject/..//hal/hcc/lib\libHCCD.a(fat_common.o)
                0x200194e8                fn_releasedriver
 .text.fn_initvolumepartition_sub
                0x200195dc       0xe0 C:/ISIS/workspace/ycube/GlobusSatProject/..//hal/hcc/lib\libHCCD.a(fat_common.o)
 .text.fn_initvolumepartition
                0x200196bc       0xac C:/ISIS/workspace/ycube/GlobusSatProject/..//hal/hcc/lib\libHCCD.a(fat_common.o)
                0x200196bc                fn_initvolumepartition
 .text.fn_delvolume
                0x20019768      0x194 C:/ISIS/workspace/ycube/GlobusSatProject/..//hal/hcc/lib\libHCCD.a(fat_common.o)
                0x20019768                fn_delvolume
 .text._f_clustertopos
                0x200198fc       0xf8 C:/ISIS/workspace/ycube/GlobusSatProject/..//hal/hcc/lib\libHCCD.a(fat_common.o)
                0x200198fc                _f_clustertopos
 .text._f_prepareformat
                0x200199f4      0x8b8 C:/ISIS/workspace/ycube/GlobusSatProject/..//hal/hcc/lib\libHCCD.a(fat_common.o)
 .text._f_resetfatentries
                0x2001a2ac      0x410 C:/ISIS/workspace/ycube/GlobusSatProject/..//hal/hcc/lib\libHCCD.a(fat_common.o)
 .text._f_resetrootdir
                0x2001a6bc       0xcc C:/ISIS/workspace/ycube/GlobusSatProject/..//hal/hcc/lib\libHCCD.a(fat_common.o)
 .text._f_postformat
                0x2001a788      0x178 C:/ISIS/workspace/ycube/GlobusSatProject/..//hal/hcc/lib\libHCCD.a(fat_common.o)
 .text.fn_format
                0x2001a900      0x148 C:/ISIS/workspace/ycube/GlobusSatProject/..//hal/hcc/lib\libHCCD.a(fat_common.o)
                0x2001a900                fn_format
 .text._f_getcurrsector
                0x2001aa48      0x6c8 C:/ISIS/workspace/ycube/GlobusSatProject/..//hal/hcc/lib\libHCCD.a(fat_common.o)
                0x2001aa48                _f_getcurrsector
 .text._f_getdecluster
                0x2001b110       0x90 C:/ISIS/workspace/ycube/GlobusSatProject/..//hal/hcc/lib\libHCCD.a(fat_common.o)
                0x2001b110                _f_getdecluster
 .text._f_setdecluster
                0x2001b1a0       0x8c C:/ISIS/workspace/ycube/GlobusSatProject/..//hal/hcc/lib\libHCCD.a(fat_common.o)
                0x2001b1a0                _f_setdecluster
 .text.fn_getdrive
                0x2001b22c       0x30 C:/ISIS/workspace/ycube/GlobusSatProject/..//hal/hcc/lib\libHCCD.a(fat_common.o)
                0x2001b22c                fn_getdrive
 .text._f_getcurrenttimedate
                0x2001b25c      0x138 C:/ISIS/workspace/ycube/GlobusSatProject/..//hal/hcc/lib\libHCCD.a(fat_common.o)
                0x2001b25c                _f_getcurrenttimedate
 .text._f_initentry
                0x2001b394       0xa0 C:/ISIS/workspace/ycube/GlobusSatProject/..//hal/hcc/lib\libHCCD.a(fat_common.o)
                0x2001b394                _f_initentry
 .text._f_alloccluster
                0x2001b434      0x344 C:/ISIS/workspace/ycube/GlobusSatProject/..//hal/hcc/lib\libHCCD.a(fat_common.o)
                0x2001b434                _f_alloccluster
 .text._f_dobadblock
                0x2001b778      0x2cc C:/ISIS/workspace/ycube/GlobusSatProject/..//hal/hcc/lib\libHCCD.a(fat_common.o)
                0x2001b778                _f_dobadblock
 .text._f_checklocked
                0x2001ba44       0xe4 C:/ISIS/workspace/ycube/GlobusSatProject/..//hal/hcc/lib\libHCCD.a(fat_common.o)
                0x2001ba44                _f_checklocked
 .text._f_checkappendlocked
                0x2001bb28      0x110 C:/ISIS/workspace/ycube/GlobusSatProject/..//hal/hcc/lib\libHCCD.a(fat_common.o)
                0x2001bb28                _f_checkappendlocked
 .text._f_setsyncafile
                0x2001bc38      0x114 C:/ISIS/workspace/ycube/GlobusSatProject/..//hal/hcc/lib\libHCCD.a(fat_common.o)
                0x2001bc38                _f_setsyncafile
 .text._f_syncfiles
                0x2001bd4c      0x128 C:/ISIS/workspace/ycube/GlobusSatProject/..//hal/hcc/lib\libHCCD.a(fat_common.o)
                0x2001bd4c                _f_syncfiles
 .text._f_syncfilescontent
                0x2001be74      0x15c C:/ISIS/workspace/ycube/GlobusSatProject/..//hal/hcc/lib\libHCCD.a(fat_common.o)
 .text.fn_getfreespace
                0x2001bfd0      0x4c0 C:/ISIS/workspace/ycube/GlobusSatProject/..//hal/hcc/lib\libHCCD.a(fat_common.o)
                0x2001bfd0                fn_getfreespace
 .text._f_emptywritecache
                0x2001c490      0x4a4 C:/ISIS/workspace/ycube/GlobusSatProject/..//hal/hcc/lib\libHCCD.a(fat_common.o)
 .text._f_allocnextcluster
                0x2001c934      0x54c C:/ISIS/workspace/ycube/GlobusSatProject/..//hal/hcc/lib\libHCCD.a(fat_common.o)
 .text._f_emptywritebuffer
                0x2001ce80      0x20c C:/ISIS/workspace/ycube/GlobusSatProject/..//hal/hcc/lib\libHCCD.a(fat_common.o)
 .text._f_writezeros
                0x2001d08c       0xf0 C:/ISIS/workspace/ycube/GlobusSatProject/..//hal/hcc/lib\libHCCD.a(fat_common.o)
                0x2001d08c                _f_writezeros
 .text._f_extend_file
                0x2001d17c      0x570 C:/ISIS/workspace/ycube/GlobusSatProject/..//hal/hcc/lib\libHCCD.a(fat_common.o)
 .text._f_fseek
                0x2001d6ec      0x9bc C:/ISIS/workspace/ycube/GlobusSatProject/..//hal/hcc/lib\libHCCD.a(fat_common.o)
                0x2001d6ec                _f_fseek
 .text._f_removechain
                0x2001e0a8      0x104 C:/ISIS/workspace/ycube/GlobusSatProject/..//hal/hcc/lib\libHCCD.a(fat_common.o)
                0x2001e0a8                _f_removechain
 .text._f_updatefileentry
                0x2001e1ac      0x1cc C:/ISIS/workspace/ycube/GlobusSatProject/..//hal/hcc/lib\libHCCD.a(fat_common.o)
 .text._f_checkreadlocked
                0x2001e378      0x1bc C:/ISIS/workspace/ycube/GlobusSatProject/..//hal/hcc/lib\libHCCD.a(fat_common.o)
                0x2001e378                _f_checkreadlocked
 .text._f_check_handle
                0x2001e534       0x98 C:/ISIS/workspace/ycube/GlobusSatProject/..//hal/hcc/lib\libHCCD.a(fat_common.o)
                0x2001e534                _f_check_handle
 .text._f_removesyncafile
                0x2001e5cc      0x1ec C:/ISIS/workspace/ycube/GlobusSatProject/..//hal/hcc/lib\libHCCD.a(fat_common.o)
 .text.fn_close
                0x2001e7b8      0x3f8 C:/ISIS/workspace/ycube/GlobusSatProject/..//hal/hcc/lib\libHCCD.a(fat_common.o)
                0x2001e7b8                fn_close
 .text.fn_flush
                0x2001ebb0      0x374 C:/ISIS/workspace/ycube/GlobusSatProject/..//hal/hcc/lib\libHCCD.a(fat_common.o)
                0x2001ebb0                fn_flush
 .text.fn_read  0x2001ef24      0x690 C:/ISIS/workspace/ycube/GlobusSatProject/..//hal/hcc/lib\libHCCD.a(fat_common.o)
                0x2001ef24                fn_read
 .text._f_abortwrite
                0x2001f5b4      0x100 C:/ISIS/workspace/ycube/GlobusSatProject/..//hal/hcc/lib\libHCCD.a(fat_common.o)
 .text._f_checkwritecluster
                0x2001f6b4       0xe4 C:/ISIS/workspace/ycube/GlobusSatProject/..//hal/hcc/lib\libHCCD.a(fat_common.o)
 .text.fn_write
                0x2001f798      0x8a8 C:/ISIS/workspace/ycube/GlobusSatProject/..//hal/hcc/lib\libHCCD.a(fat_common.o)
                0x2001f798                fn_write
 .text.fn_seek  0x20020040      0x270 C:/ISIS/workspace/ycube/GlobusSatProject/..//hal/hcc/lib\libHCCD.a(fat_common.o)
                0x20020040                fn_seek
 .text.fn_tell  0x200202b0      0x19c C:/ISIS/workspace/ycube/GlobusSatProject/..//hal/hcc/lib\libHCCD.a(fat_common.o)
                0x200202b0                fn_tell
 .text.fn_rewind
                0x2002044c       0x38 C:/ISIS/workspace/ycube/GlobusSatProject/..//hal/hcc/lib\libHCCD.a(fat_common.o)
                0x2002044c                fn_rewind
 .text.fn_putc  0x20020484       0x68 C:/ISIS/workspace/ycube/GlobusSatProject/..//hal/hcc/lib\libHCCD.a(fat_common.o)
                0x20020484                fn_putc
 .text.f_enterFS
                0x200204ec      0x1c0 C:/ISIS/workspace/ycube/GlobusSatProject/..//hal/hcc/lib\libHCCD.a(fat_common.o)
                0x200204ec                f_enterFS
 .text.f_releaseFS
                0x200206ac       0xb0 C:/ISIS/workspace/ycube/GlobusSatProject/..//hal/hcc/lib\libHCCD.a(fat_common.o)
                0x200206ac                f_releaseFS
 .text.fnGetTask
                0x2002075c       0xfc C:/ISIS/workspace/ycube/GlobusSatProject/..//hal/hcc/lib\libHCCD.a(fat_common.o)
                0x2002075c                fnGetTask
 .text._f_mutex_get
                0x20020858       0x98 C:/ISIS/workspace/ycube/GlobusSatProject/..//hal/hcc/lib\libHCCD.a(fat_common.o)
                0x20020858                _f_mutex_get
 .text._f_mutex_put
                0x200208f0       0x54 C:/ISIS/workspace/ycube/GlobusSatProject/..//hal/hcc/lib\libHCCD.a(fat_common.o)
                0x200208f0                _f_mutex_put
 .text._fn_initseekdivisor
                0x20020944      0x158 C:/ISIS/workspace/ycube/GlobusSatProject/..//hal/hcc/lib\libHCCD.a(fat_common.o)
                0x20020944                _fn_initseekdivisor
 .text._fn_updateseekpos
                0x20020a9c       0xc4 C:/ISIS/workspace/ycube/GlobusSatProject/..//hal/hcc/lib\libHCCD.a(fat_common.o)
 .text._f_findopensize
                0x20020b60       0x2c C:/ISIS/workspace/ycube/GlobusSatProject/..//hal/hcc/lib\libHCCD.a(fat_common.o)
                0x20020b60                _f_findopensize
 .text.fn_setlasterror
                0x20020b8c       0x34 C:/ISIS/workspace/ycube/GlobusSatProject/..//hal/hcc/lib\libHCCD.a(fat_common.o)
                0x20020b8c                fn_setlasterror
 .text.fn_setlasterror_noret
                0x20020bc0       0x2c C:/ISIS/workspace/ycube/GlobusSatProject/..//hal/hcc/lib\libHCCD.a(fat_common.o)
                0x20020bc0                fn_setlasterror_noret
 .text._s_checkzeroclusteratend
                0x20020bec       0xf8 C:/ISIS/workspace/ycube/GlobusSatProject/..//hal/hcc/lib\libHCCD.a(safefat.o)
 .text._s_clearclustercontent
                0x20020ce4      0x108 C:/ISIS/workspace/ycube/GlobusSatProject/..//hal/hcc/lib\libHCCD.a(safefat.o)
 .text._s_clearclustercontentdir
                0x20020dec      0x19c C:/ISIS/workspace/ycube/GlobusSatProject/..//hal/hcc/lib\libHCCD.a(safefat.o)
 .text._s_writedirsector
                0x20020f88       0xd0 C:/ISIS/workspace/ycube/GlobusSatProject/..//hal/hcc/lib\libHCCD.a(safefat.o)
 .text._s_getdirsector
                0x20021058      0x100 C:/ISIS/workspace/ycube/GlobusSatProject/..//hal/hcc/lib\libHCCD.a(safefat.o)
 .text._s_addentry
                0x20021158      0x394 C:/ISIS/workspace/ycube/GlobusSatProject/..//hal/hcc/lib\libHCCD.a(safefat.o)
 .text._s_findfile
                0x200214ec      0x33c C:/ISIS/workspace/ycube/GlobusSatProject/..//hal/hcc/lib\libHCCD.a(safefat.o)
 .text._s_findsubdir
                0x20021828      0x248 C:/ISIS/workspace/ycube/GlobusSatProject/..//hal/hcc/lib\libHCCD.a(safefat.o)
 .text._s_createfile
                0x20021a70      0x190 C:/ISIS/workspace/ycube/GlobusSatProject/..//hal/hcc/lib\libHCCD.a(safefat.o)
 .text._s_findsaffile
                0x20021c00      0x1b8 C:/ISIS/workspace/ycube/GlobusSatProject/..//hal/hcc/lib\libHCCD.a(safefat.o)
 .text._s_open  0x20021db8       0xe4 C:/ISIS/workspace/ycube/GlobusSatProject/..//hal/hcc/lib\libHCCD.a(safefat.o)
 .text._s_open_saf
                0x20021e9c       0xe8 C:/ISIS/workspace/ycube/GlobusSatProject/..//hal/hcc/lib\libHCCD.a(safefat.o)
 .text._s_flush
                0x20021f84       0x84 C:/ISIS/workspace/ycube/GlobusSatProject/..//hal/hcc/lib\libHCCD.a(safefat.o)
 .text._s_allocnextcluster
                0x20022008      0x13c C:/ISIS/workspace/ycube/GlobusSatProject/..//hal/hcc/lib\libHCCD.a(safefat.o)
 .text._s_getnextsector
                0x20022144       0xdc C:/ISIS/workspace/ycube/GlobusSatProject/..//hal/hcc/lib\libHCCD.a(safefat.o)
 .text._s_seek  0x20022220      0x1e8 C:/ISIS/workspace/ycube/GlobusSatProject/..//hal/hcc/lib\libHCCD.a(safefat.o)
 .text._s_get_len
                0x20022408      0x10c C:/ISIS/workspace/ycube/GlobusSatProject/..//hal/hcc/lib\libHCCD.a(safefat.o)
 .text._s_set_len
                0x20022514       0xb4 C:/ISIS/workspace/ycube/GlobusSatProject/..//hal/hcc/lib\libHCCD.a(safefat.o)
 .text.safe_fix_filelengths
                0x200225c8       0xcc C:/ISIS/workspace/ycube/GlobusSatProject/..//hal/hcc/lib\libHCCD.a(safefat.o)
                0x200225c8                safe_fix_filelengths
 .text._s_read  0x20022694      0x228 C:/ISIS/workspace/ycube/GlobusSatProject/..//hal/hcc/lib\libHCCD.a(safefat.o)
 .text._s_write
                0x200228bc      0x384 C:/ISIS/workspace/ycube/GlobusSatProject/..//hal/hcc/lib\libHCCD.a(safefat.o)
 .text._s_restoreclusters
                0x20022c40      0x270 C:/ISIS/workspace/ycube/GlobusSatProject/..//hal/hcc/lib\libHCCD.a(safefat.o)
                0x20022c40                _s_restoreclusters
 .text._s_findrestore
                0x20022eb0      0x18c C:/ISIS/workspace/ycube/GlobusSatProject/..//hal/hcc/lib\libHCCD.a(safefat.o)
 .text._s_cmd_writede
                0x2002303c       0xd8 C:/ISIS/workspace/ycube/GlobusSatProject/..//hal/hcc/lib\libHCCD.a(safefat.o)
 .text._s_cmd_setcluster
                0x20023114       0x88 C:/ISIS/workspace/ycube/GlobusSatProject/..//hal/hcc/lib\libHCCD.a(safefat.o)
 .text._s_cmd_deletechain
                0x2002319c      0x100 C:/ISIS/workspace/ycube/GlobusSatProject/..//hal/hcc/lib\libHCCD.a(safefat.o)
 .text._s_cmd_validatecfn
                0x2002329c      0x308 C:/ISIS/workspace/ycube/GlobusSatProject/..//hal/hcc/lib\libHCCD.a(safefat.o)
 .text._s_cmd_seteof
                0x200235a4      0x3c4 C:/ISIS/workspace/ycube/GlobusSatProject/..//hal/hcc/lib\libHCCD.a(safefat.o)
 .text.safe_docommands
                0x20023968      0x56c C:/ISIS/workspace/ycube/GlobusSatProject/..//hal/hcc/lib\libHCCD.a(safefat.o)
                0x20023968                safe_docommands
 .text.safe_entercommand
                0x20023ed4       0x68 C:/ISIS/workspace/ycube/GlobusSatProject/..//hal/hcc/lib\libHCCD.a(safefat.o)
                0x20023ed4                safe_entercommand
 .text.safe_ready
                0x20023f3c       0xf4 C:/ISIS/workspace/ycube/GlobusSatProject/..//hal/hcc/lib\libHCCD.a(safefat.o)
                0x20023f3c                safe_ready
 .text.safe_copycfn
                0x20024030       0xb8 C:/ISIS/workspace/ycube/GlobusSatProject/..//hal/hcc/lib\libHCCD.a(safefat.o)
                0x20024030                safe_copycfn
 .text.safe_cfremove
                0x200240e8       0xb8 C:/ISIS/workspace/ycube/GlobusSatProject/..//hal/hcc/lib\libHCCD.a(safefat.o)
                0x200240e8                safe_cfremove
 .text.safe_writede
                0x200241a0      0x104 C:/ISIS/workspace/ycube/GlobusSatProject/..//hal/hcc/lib\libHCCD.a(safefat.o)
                0x200241a0                safe_writede
 .text.safe_setcluster
                0x200242a4       0xcc C:/ISIS/workspace/ycube/GlobusSatProject/..//hal/hcc/lib\libHCCD.a(safefat.o)
                0x200242a4                safe_setcluster
 .text.safe_deletechain
                0x20024370      0x1c8 C:/ISIS/workspace/ycube/GlobusSatProject/..//hal/hcc/lib\libHCCD.a(safefat.o)
                0x20024370                safe_deletechain
 .text.safe_cfclose
                0x20024538      0x104 C:/ISIS/workspace/ycube/GlobusSatProject/..//hal/hcc/lib\libHCCD.a(safefat.o)
                0x20024538                safe_cfclose
 .text.safe_cfflush
                0x2002463c      0x124 C:/ISIS/workspace/ycube/GlobusSatProject/..//hal/hcc/lib\libHCCD.a(safefat.o)
                0x2002463c                safe_cfflush
 .text.safe_reset
                0x20024760       0x78 C:/ISIS/workspace/ycube/GlobusSatProject/..//hal/hcc/lib\libHCCD.a(safefat.o)
                0x20024760                safe_reset
 .text.safe_loadcommands
                0x200247d8       0x78 C:/ISIS/workspace/ycube/GlobusSatProject/..//hal/hcc/lib\libHCCD.a(safefat.o)
                0x200247d8                safe_loadcommands
 .text.safe_poweron
                0x20024850      0x1fc C:/ISIS/workspace/ycube/GlobusSatProject/..//hal/hcc/lib\libHCCD.a(safefat.o)
                0x20024850                safe_poweron
 .text.cf_getname
                0x20024a4c       0xc0 C:/ISIS/workspace/ycube/GlobusSatProject/..//hal/hcc/lib\libHCCD.a(safefat.o)
 .text.cf_copyclusterchain
                0x20024b0c      0x138 C:/ISIS/workspace/ycube/GlobusSatProject/..//hal/hcc/lib\libHCCD.a(safefat.o)
 .text.cf_seektozero
                0x20024c44       0x94 C:/ISIS/workspace/ycube/GlobusSatProject/..//hal/hcc/lib\libHCCD.a(safefat.o)
                0x20024c44                cf_seektozero
 .text.cf_create
                0x20024cd8      0x3a8 C:/ISIS/workspace/ycube/GlobusSatProject/..//hal/hcc/lib\libHCCD.a(safefat.o)
                0x20024cd8                cf_create
 .text.cf_copyclustercontent
                0x20025080      0x128 C:/ISIS/workspace/ycube/GlobusSatProject/..//hal/hcc/lib\libHCCD.a(safefat.o)
                0x20025080                cf_copyclustercontent
 .text.cf_copycfn
                0x200251a8      0x4bc C:/ISIS/workspace/ycube/GlobusSatProject/..//hal/hcc/lib\libHCCD.a(safefat.o)
                0x200251a8                cf_copycfn
 .text.cf_remove
                0x20025664      0x344 C:/ISIS/workspace/ycube/GlobusSatProject/..//hal/hcc/lib\libHCCD.a(safefat.o)
                0x20025664                cf_remove
 .text.cf_setclusternew
                0x200259a8       0xf0 C:/ISIS/workspace/ycube/GlobusSatProject/..//hal/hcc/lib\libHCCD.a(safefat.o)
                0x200259a8                cf_setclusternew
 .text.cf_flush
                0x20025a98       0x58 C:/ISIS/workspace/ycube/GlobusSatProject/..//hal/hcc/lib\libHCCD.a(safefat.o)
                0x20025a98                cf_flush
 .text.cf_getcluster
                0x20025af0      0x1b4 C:/ISIS/workspace/ycube/GlobusSatProject/..//hal/hcc/lib\libHCCD.a(safefat.o)
                0x20025af0                cf_getcluster
 .text.cf_setnextcluster
                0x20025ca4      0x194 C:/ISIS/workspace/ycube/GlobusSatProject/..//hal/hcc/lib\libHCCD.a(safefat.o)
                0x20025ca4                cf_setnextcluster
 .text.cf_getpositions
                0x20025e38       0xbc C:/ISIS/workspace/ycube/GlobusSatProject/..//hal/hcc/lib\libHCCD.a(safefat.o)
                0x20025e38                cf_getpositions
 .text.cf_setpositions
                0x20025ef4       0xb0 C:/ISIS/workspace/ycube/GlobusSatProject/..//hal/hcc/lib\libHCCD.a(safefat.o)
                0x20025ef4                cf_setpositions
 .text.cf_opensyncafile
                0x20025fa4      0x150 C:/ISIS/workspace/ycube/GlobusSatProject/..//hal/hcc/lib\libHCCD.a(safefat.o)
                0x20025fa4                cf_opensyncafile
 .text.cf_reloadcfo
                0x200260f4       0xd8 C:/ISIS/workspace/ycube/GlobusSatProject/..//hal/hcc/lib\libHCCD.a(safefat.o)
                0x200260f4                cf_reloadcfo
 .text.mcipdc_cmd
                0x200261cc      0x22c C:/ISIS/workspace/ycube/GlobusSatProject/..//hal/hcc/lib\libHCCD.a(atmel_mcipdc.o)
 .text.mcipdc_stop
                0x200263f8       0xfc C:/ISIS/workspace/ycube/GlobusSatProject/..//hal/hcc/lib\libHCCD.a(atmel_mcipdc.o)
                0x200263f8                mcipdc_stop
 .text.mcipdc_read
                0x200264f4      0x27c C:/ISIS/workspace/ycube/GlobusSatProject/..//hal/hcc/lib\libHCCD.a(atmel_mcipdc.o)
 .text.mcipdc_write
                0x20026770      0x298 C:/ISIS/workspace/ycube/GlobusSatProject/..//hal/hcc/lib\libHCCD.a(atmel_mcipdc.o)
 .text.mcipdc_readsector
                0x20026a08       0x9c C:/ISIS/workspace/ycube/GlobusSatProject/..//hal/hcc/lib\libHCCD.a(atmel_mcipdc.o)
                0x20026a08                mcipdc_readsector
 .text.mcipdc_readmultiplesector
                0x20026aa4      0x124 C:/ISIS/workspace/ycube/GlobusSatProject/..//hal/hcc/lib\libHCCD.a(atmel_mcipdc.o)
                0x20026aa4                mcipdc_readmultiplesector
 .text.mcipdc_writesector
                0x20026bc8       0x90 C:/ISIS/workspace/ycube/GlobusSatProject/..//hal/hcc/lib\libHCCD.a(atmel_mcipdc.o)
                0x20026bc8                mcipdc_writesector
 .text.mcipdc_writemultiplesector
                0x20026c58      0x120 C:/ISIS/workspace/ycube/GlobusSatProject/..//hal/hcc/lib\libHCCD.a(atmel_mcipdc.o)
                0x20026c58                mcipdc_writemultiplesector
 .text.mcipdc_set_speed
                0x20026d78       0xb0 C:/ISIS/workspace/ycube/GlobusSatProject/..//hal/hcc/lib\libHCCD.a(atmel_mcipdc.o)
 .text.mcipdc_get_speed
                0x20026e28       0x48 C:/ISIS/workspace/ycube/GlobusSatProject/..//hal/hcc/lib\libHCCD.a(atmel_mcipdc.o)
 .text._get_csd_bits
                0x20026e70      0x14c C:/ISIS/workspace/ycube/GlobusSatProject/..//hal/hcc/lib\libHCCD.a(atmel_mcipdc.o)
 .text.mcipdc_initcard
                0x20026fbc      0x8f4 C:/ISIS/workspace/ycube/GlobusSatProject/..//hal/hcc/lib\libHCCD.a(atmel_mcipdc.o)
 .text.mcipdc_getstatus
                0x200278b0       0xe8 C:/ISIS/workspace/ycube/GlobusSatProject/..//hal/hcc/lib\libHCCD.a(atmel_mcipdc.o)
 .text.mcipdc_getphy
                0x20027998       0x90 C:/ISIS/workspace/ycube/GlobusSatProject/..//hal/hcc/lib\libHCCD.a(atmel_mcipdc.o)
 .text.mcipdc_release
                0x20027a28       0x50 C:/ISIS/workspace/ycube/GlobusSatProject/..//hal/hcc/lib\libHCCD.a(atmel_mcipdc.o)
 .text.atmel_mcipdc_initfunc
                0x20027a78      0x160 C:/ISIS/workspace/ycube/GlobusSatProject/..//hal/hcc/lib\libHCCD.a(atmel_mcipdc.o)
                0x20027a78                atmel_mcipdc_initfunc
 .text.oal_task_get_id
                0x20027bd8       0x18 C:/ISIS/workspace/ycube/GlobusSatProject/..//hal/hcc/lib\libHCCD.a(oalp_task.o)
                0x20027bd8                oal_task_get_id
 .text.oal_mutex_create
                0x20027bf0       0x54 C:/ISIS/workspace/ycube/GlobusSatProject/..//hal/hcc/lib\libHCCD.a(oalp_mutex.o)
                0x20027bf0                oal_mutex_create
 .text.oal_mutex_delete
                0x20027c44       0x30 C:/ISIS/workspace/ycube/GlobusSatProject/..//hal/hcc/lib\libHCCD.a(oalp_mutex.o)
                0x20027c44                oal_mutex_delete
 .text.oal_mutex_get
                0x20027c74       0x58 C:/ISIS/workspace/ycube/GlobusSatProject/..//hal/hcc/lib\libHCCD.a(oalp_mutex.o)
                0x20027c74                oal_mutex_get
 .text.oal_mutex_put
                0x20027ccc       0x58 C:/ISIS/workspace/ycube/GlobusSatProject/..//hal/hcc/lib\libHCCD.a(oalp_mutex.o)
                0x20027ccc                oal_mutex_put
 .text.mcipdc_hw_init
                0x20027d24       0xe8 C:/ISIS/workspace/ycube/GlobusSatProject/..//hal/hcc/lib\libHCCD.a(atmel_mcipdc_hw.o)
                0x20027d24                mcipdc_hw_init
 .text.mcipdc_hw_delete
                0x20027e0c       0x78 C:/ISIS/workspace/ycube/GlobusSatProject/..//hal/hcc/lib\libHCCD.a(atmel_mcipdc_hw.o)
                0x20027e0c                mcipdc_hw_delete
 .text.mcipdc_hw_card_plugged
                0x20027e84       0x1c C:/ISIS/workspace/ycube/GlobusSatProject/..//hal/hcc/lib\libHCCD.a(atmel_mcipdc_hw.o)
                0x20027e84                mcipdc_hw_card_plugged
 .text.mcipdc_hw_card_writeprotect
                0x20027ea0       0x1c C:/ISIS/workspace/ycube/GlobusSatProject/..//hal/hcc/lib\libHCCD.a(atmel_mcipdc_hw.o)
                0x20027ea0                mcipdc_hw_card_writeprotect
 .text.psp_getrand
                0x20027ebc      0x14c C:/ISIS/workspace/ycube/GlobusSatProject/..//hal/hcc/lib\libHCCD.a(psp_rand.o)
                0x20027ebc                psp_getrand
 .text.psp_getcurrenttimedate
                0x20028008       0x8c C:/ISIS/workspace/ycube/GlobusSatProject/..//hal/hcc/lib\libHCCD.a(psp_rtc.o)
                0x20028008                psp_getcurrenttimedate
 .text._hcc_get_buf_dsc
                0x20028094       0x8c C:/ISIS/workspace/ycube/GlobusSatProject/..//hal/hcc/lib\libHCCD.a(hcc_mem.o)
 .text._hcc_check_free_pages
                0x20028120      0x18c C:/ISIS/workspace/ycube/GlobusSatProject/..//hal/hcc/lib\libHCCD.a(hcc_mem.o)
 .text._hcc_mark_pages
                0x200282ac      0x158 C:/ISIS/workspace/ycube/GlobusSatProject/..//hal/hcc/lib\libHCCD.a(hcc_mem.o)
 .text._hcc_clear_lock_dsc
                0x20028404       0x80 C:/ISIS/workspace/ycube/GlobusSatProject/..//hal/hcc/lib\libHCCD.a(hcc_mem.o)
 .text._hcc_lock_access
                0x20028484      0x128 C:/ISIS/workspace/ycube/GlobusSatProject/..//hal/hcc/lib\libHCCD.a(hcc_mem.o)
 .text._hcc_unlock_access
                0x200285ac       0x30 C:/ISIS/workspace/ycube/GlobusSatProject/..//hal/hcc/lib\libHCCD.a(hcc_mem.o)
 .text.hcc_mem_alloc
                0x200285dc      0x454 C:/ISIS/workspace/ycube/GlobusSatProject/..//hal/hcc/lib\libHCCD.a(hcc_mem.o)
                0x200285dc                hcc_mem_alloc
 .text.hcc_mem_free
                0x20028a30      0x178 C:/ISIS/workspace/ycube/GlobusSatProject/..//hal/hcc/lib\libHCCD.a(hcc_mem.o)
                0x20028a30                hcc_mem_free
 .text.hcc_mem_add
                0x20028ba8      0x3b0 C:/ISIS/workspace/ycube/GlobusSatProject/..//hal/hcc/lib\libHCCD.a(hcc_mem.o)
                0x20028ba8                hcc_mem_add
 .text.hcc_mem_init
                0x20028f58      0x164 C:/ISIS/workspace/ycube/GlobusSatProject/..//hal/hcc/lib\libHCCD.a(hcc_mem.o)
                0x20028f58                hcc_mem_init
 .text.hcc_mem_delete
                0x200290bc       0x94 C:/ISIS/workspace/ycube/GlobusSatProject/..//hal/hcc/lib\libHCCD.a(hcc_mem.o)
                0x200290bc                hcc_mem_delete
 .text.hcc_mem_buf_alloc
                0x20029150       0xe4 C:/ISIS/workspace/ycube/GlobusSatProject/..//hal/hcc/lib\libHCCD.a(psp_hcc_mem.o)
                0x20029150                hcc_mem_buf_alloc
 .text.hcc_mem_buf_free
                0x20029234       0x6c C:/ISIS/workspace/ycube/GlobusSatProject/..//hal/hcc/lib\libHCCD.a(psp_hcc_mem.o)
                0x20029234                hcc_mem_buf_free
 .text.IsisSolarPanelv2_initialize
                0x200292a0      0x118 C:/ISIS/workspace/ycube/GlobusSatProject/..//satellite-subsystems/satellite-subsystems/lib\libSatelliteSubsystemsD.a(IsisSolarPanelv2.o)
                0x200292a0                IsisSolarPanelv2_initialize
 .text.IsisSolarPanelv2_getTemperature
                0x200293b8       0xfc C:/ISIS/workspace/ycube/GlobusSatProject/..//satellite-subsystems/satellite-subsystems/lib\libSatelliteSubsystemsD.a(IsisSolarPanelv2.o)
                0x200293b8                IsisSolarPanelv2_getTemperature
 .text._Reset   0x200294b4       0x20 C:/ISIS/workspace/ycube/GlobusSatProject/..//satellite-subsystems/satellite-subsystems/lib\libSatelliteSubsystemsD.a(IsisSolarPanelv2.o)
 .text._WaitForStartup
                0x200294d4       0xa0 C:/ISIS/workspace/ycube/GlobusSatProject/..//satellite-subsystems/satellite-subsystems/lib\libSatelliteSubsystemsD.a(IsisSolarPanelv2.o)
 .text._AssignAllChannels
                0x20029574       0x90 C:/ISIS/workspace/ycube/GlobusSatProject/..//satellite-subsystems/satellite-subsystems/lib\libSatelliteSubsystemsD.a(IsisSolarPanelv2.o)
 .text._AssignThisChannel
                0x20029604       0xe8 C:/ISIS/workspace/ycube/GlobusSatProject/..//satellite-subsystems/satellite-subsystems/lib\libSatelliteSubsystemsD.a(IsisSolarPanelv2.o)
 .text._InitiateConversion
                0x200296ec       0xac C:/ISIS/workspace/ycube/GlobusSatProject/..//satellite-subsystems/satellite-subsystems/lib\libSatelliteSubsystemsD.a(IsisSolarPanelv2.o)
 .text._WaitForConversionComplete
                0x20029798      0x110 C:/ISIS/workspace/ycube/GlobusSatProject/..//satellite-subsystems/satellite-subsystems/lib\libSatelliteSubsystemsD.a(IsisSolarPanelv2.o)
 .text._ReadResult
                0x200298a8      0x158 C:/ISIS/workspace/ycube/GlobusSatProject/..//satellite-subsystems/satellite-subsystems/lib\libSatelliteSubsystemsD.a(IsisSolarPanelv2.o)
 .text._ExtractByte
                0x20029a00       0x38 C:/ISIS/workspace/ycube/GlobusSatProject/..//satellite-subsystems/satellite-subsystems/lib\libSatelliteSubsystemsD.a(IsisSolarPanelv2.o)
 .text._ExtendSign
                0x20029a38       0x6c C:/ISIS/workspace/ycube/GlobusSatProject/..//satellite-subsystems/satellite-subsystems/lib\libSatelliteSubsystemsD.a(IsisSolarPanelv2.o)
 .text._PinsInit
                0x20029aa4       0x68 C:/ISIS/workspace/ycube/GlobusSatProject/..//satellite-subsystems/satellite-subsystems/lib\libSatelliteSubsystemsD.a(IsisSolarPanelv2.o)
 .text._SpiWriteRead
                0x20029b0c       0x70 C:/ISIS/workspace/ycube/GlobusSatProject/..//satellite-subsystems/satellite-subsystems/lib\libSatelliteSubsystemsD.a(IsisSolarPanelv2.o)
 .text.ISIS_ANTS_REV2_Init
                0x20029b7c       0xc4 C:/ISIS/workspace/ycube/GlobusSatProject/..//satellite-subsystems/satellite-subsystems/lib\libSatelliteSubsystemsD.a(isis_ants_rev2.o)
                0x20029b7c                ISIS_ANTS_REV2_Init
 .text.isis_ants_rev2__arm
                0x20029c40       0x98 C:/ISIS/workspace/ycube/GlobusSatProject/..//satellite-subsystems/satellite-subsystems/lib\libSatelliteSubsystemsD.a(isis_ants_rev2.o)
                0x20029c40                isis_ants_rev2__arm
 .text.isis_ants_rev2__cancel_deploy
                0x20029cd8       0x98 C:/ISIS/workspace/ycube/GlobusSatProject/..//satellite-subsystems/satellite-subsystems/lib\libSatelliteSubsystemsD.a(isis_ants_rev2.o)
                0x20029cd8                isis_ants_rev2__cancel_deploy
 .text.isis_ants_rev2__disarm
                0x20029d70       0x98 C:/ISIS/workspace/ycube/GlobusSatProject/..//satellite-subsystems/satellite-subsystems/lib\libSatelliteSubsystemsD.a(isis_ants_rev2.o)
                0x20029d70                isis_ants_rev2__disarm
 .text.isis_ants_rev2__get_status
                0x20029e08       0xa8 C:/ISIS/workspace/ycube/GlobusSatProject/..//satellite-subsystems/satellite-subsystems/lib\libSatelliteSubsystemsD.a(isis_ants_rev2.o)
                0x20029e08                isis_ants_rev2__get_status
 .text.isis_ants_rev2__get_uptime
                0x20029eb0       0xa8 C:/ISIS/workspace/ycube/GlobusSatProject/..//satellite-subsystems/satellite-subsystems/lib\libSatelliteSubsystemsD.a(isis_ants_rev2.o)
                0x20029eb0                isis_ants_rev2__get_uptime
 .text.isis_ants_rev2__reset
                0x20029f58       0x98 C:/ISIS/workspace/ycube/GlobusSatProject/..//satellite-subsystems/satellite-subsystems/lib\libSatelliteSubsystemsD.a(isis_ants_rev2.o)
                0x20029f58                isis_ants_rev2__reset
 .text.isis_ants_rev2__start_auto_deploy
                0x20029ff0       0xb0 C:/ISIS/workspace/ycube/GlobusSatProject/..//satellite-subsystems/satellite-subsystems/lib\libSatelliteSubsystemsD.a(isis_ants_rev2.o)
                0x20029ff0                isis_ants_rev2__start_auto_deploy
 .text._ISIS_ANTS_REV2_I2C_Send
                0x2002a0a0       0x8c C:/ISIS/workspace/ycube/GlobusSatProject/..//satellite-subsystems/satellite-subsystems/lib\libSatelliteSubsystemsD.a(isis_ants_rev2.o)
 .text.ISIS_VU_E_Init
                0x2002a12c       0xe4 C:/ISIS/workspace/ycube/GlobusSatProject/..//satellite-subsystems/satellite-subsystems/lib\libSatelliteSubsystemsD.a(isis_vu_e.o)
                0x2002a12c                ISIS_VU_E_Init
 .text.isis_vu_e__get_frame
                0x2002a210       0x84 C:/ISIS/workspace/ycube/GlobusSatProject/..//satellite-subsystems/satellite-subsystems/lib\libSatelliteSubsystemsD.a(isis_vu_e.o)