Archive member included because of file (symbol)

C:/ISIS/workspace_ycube/GlobusSatProject/..//hal/hal/lib\libHALD.a(I2C.o)
                              ./src/SubSystemModules/Communication/SubsystemCommands/Maintanence_Commands.o (I2C_write)
C:/ISIS/workspace_ycube/GlobusSatProject/..//hal/hal/lib\libHALD.a(SPI.o)
                              ./src/InitSystem.o (SPI_start)
C:/ISIS/workspace_ycube/GlobusSatProject/..//hal/hal/lib\libHALD.a(FRAM.o)
                              ./src/SubSystemModules/Communication/SubsystemCommands/Maintanence_Commands.o (FRAM_start)
C:/ISIS/workspace_ycube/GlobusSatProject/..//hal/hal/lib\libHALD.a(Time.o)
                              ./src/InitSystem.o (Time_start)
C:/ISIS/workspace_ycube/GlobusSatProject/..//hal/hal/lib\libHALD.a(WatchDogTimerNoOS.o)
                              ./src/main.o (WDT_start)
C:/ISIS/workspace_ycube/GlobusSatProject/..//hal/hal/lib\libHALD.a(WatchDogTimerOS.o)
                              ./src/TestingDemos/MainTest.o (WDT_startWatchdogKickTask)
C:/ISIS/workspace_ycube/GlobusSatProject/..//hal/hal/lib\libHALD.a(util.o)
                              ./src/TestingDemos/EpsTestingDemo.o (UTIL_DbguGetInteger)
C:/ISIS/workspace_ycube/GlobusSatProject/..//hal/hal/lib\libHALD.a(LED.o)
                              C:/ISIS/workspace_ycube/GlobusSatProject/..//hal/hal/lib\libHALD.a(WatchDogTimerOS.o) (LED_toggle)
C:/ISIS/workspace_ycube/GlobusSatProject/..//hal/hal/lib\libHALD.a(RTC.o)
                              C:/ISIS/workspace_ycube/GlobusSatProject/..//hal/hal/lib\libHALD.a(Time.o) (RTC_getTime)
C:/ISIS/workspace_ycube/GlobusSatProject/..//hal/hal/lib\libHALD.a(RTT.o)
                              C:/ISIS/workspace_ycube/GlobusSatProject/..//hal/hal/lib\libHALD.a(Time.o) (RTT_start)
C:/ISIS/workspace_ycube/GlobusSatProject/..//hal/hcc/lib\libHCCD.a(fat_common.o)
                              ./src/TLM_management.o (fn_init)
C:/ISIS/workspace_ycube/GlobusSatProject/..//hal/hcc/lib\libHCCD.a(fat_m.o)
                              ./src/TLM_management.o (fm_initvolume)
C:/ISIS/workspace_ycube/GlobusSatProject/..//hal/hcc/lib\libHCCD.a(safefat.o)
                              C:/ISIS/workspace_ycube/GlobusSatProject/..//hal/hcc/lib\libHCCD.a(fat_common.o) (safe_fix_filelengths)
C:/ISIS/workspace_ycube/GlobusSatProject/..//hal/hcc/lib\libHCCD.a(atmel_mcipdc.o)
                              ./src/TLM_management.o (atmel_mcipdc_initfunc)
C:/ISIS/workspace_ycube/GlobusSatProject/..//hal/hcc/lib\libHCCD.a(oalp_mutex.o)
                              C:/ISIS/workspace_ycube/GlobusSatProject/..//hal/hcc/lib\libHCCD.a(fat_common.o) (oal_mutex_create)
C:/ISIS/workspace_ycube/GlobusSatProject/..//hal/hcc/lib\libHCCD.a(oalp_task.o)
                              C:/ISIS/workspace_ycube/GlobusSatProject/..//hal/hcc/lib\libHCCD.a(fat_common.o) (oal_task_get_id)
C:/ISIS/workspace_ycube/GlobusSatProject/..//hal/hcc/lib\libHCCD.a(atmel_mcipdc_hw.o)
                              C:/ISIS/workspace_ycube/GlobusSatProject/..//hal/hcc/lib\libHCCD.a(atmel_mcipdc.o) (mcipdc_hw_init)
C:/ISIS/workspace_ycube/GlobusSatProject/..//hal/hcc/lib\libHCCD.a(psp_rand.o)
                              C:/ISIS/workspace_ycube/GlobusSatProject/..//hal/hcc/lib\libHCCD.a(fat_common.o) (psp_getrand)
C:/ISIS/workspace_ycube/GlobusSatProject/..//hal/hcc/lib\libHCCD.a(psp_rtc.o)
                              C:/ISIS/workspace_ycube/GlobusSatProject/..//hal/hcc/lib\libHCCD.a(fat_common.o) (psp_getcurrenttimedate)
C:/ISIS/workspace_ycube/GlobusSatProject/..//hal/hcc/lib\libHCCD.a(hcc_mem.o)
                              C:/ISIS/workspace_ycube/GlobusSatProject/..//hal/hcc/lib\libHCCD.a(atmel_mcipdc.o) (hcc_mem_alloc)
C:/ISIS/workspace_ycube/GlobusSatProject/..//hal/hcc/lib\libHCCD.a(fat.o)
                              C:/ISIS/workspace_ycube/GlobusSatProject/..//hal/hcc/lib\libHCCD.a(fat_common.o) (_f_getdirsector)
C:/ISIS/workspace_ycube/GlobusSatProject/..//hal/hcc/lib\libHCCD.a(psp_hcc_mem.o)
                              C:/ISIS/workspace_ycube/GlobusSatProject/..//hal/hcc/lib\libHCCD.a(hcc_mem.o) (hcc_mem_buf_alloc)
C:/ISIS/workspace_ycube/satellite-subsystems/satellite-subsystems/lib\libSatelliteSubsystemsD.a(IsisAntS.o)
                              ./src/SubSystemModules/Communication/TRXVU.o (IsisAntS_initialize)
C:/ISIS/workspace_ycube/satellite-subsystems/satellite-subsystems/lib\libSatelliteSubsystemsD.a(IsisSolarPanelv2.o)
                              ./src/SubSystemModules/PowerManagment/EPS.o (IsisSolarPanelv2_initialize)
C:/ISIS/workspace_ycube/satellite-subsystems/satellite-subsystems/lib\libSatelliteSubsystemsD.a(IsisTRXVU.o)
                              ./src/TestingDemos/TrxvuTestingDemo.o (IsisTrxvu_initialize)
C:/ISIS/workspace_ycube/satellite-subsystems/satellite-subsystems/lib\libSatelliteSubsystemsD.a(isis_eps_driver.o)
                              ./src/SubSystemModules/PowerManagment/EPS.o (ISIS_EPS_Init)
[...]
Memory Configuration

Name             Origin             Length             Attributes
sram0            0x00200000         0x00004000         w !xr
sram1            0x00300000         0x00004000         w !xr
sdram            0x20000000         0x02000000         w !xr
*default*        0x00000000         0xffffffff

Linker script and memory map

LOAD c:/isis/application/toolchain/bin/../lib/gcc/arm-none-eabi/4.7.4/../../../../arm-none-eabi/lib\libc.a
LOAD ./src/TestingDemos/CommandsTestingDemo.o
LOAD ./src/TestingDemos/EpsTestingDemo.o
LOAD ./src/TestingDemos/FileSystemTestingDemo.o
LOAD ./src/TestingDemos/MainTest.o
LOAD ./src/TestingDemos/MaintenanceTestingDemo.o
LOAD ./src/TestingDemos/TelemetryTestingDemo.o
LOAD ./src/TestingDemos/TrxvuTestingDemo.o
LOAD ./src/SubSystemModules/PowerManagment/EPS.o
LOAD ./src/SubSystemModules/PowerManagment/EPSOperationModes.o
LOAD ./src/SubSystemModules/Maintenance/Maintenance.o
LOAD ./src/SubSystemModules/Housekepping/TelemetryCollector.o
LOAD ./src/SubSystemModules/Communication/SubsystemCommands/EPS_Commands.o
LOAD ./src/SubSystemModules/Communication/SubsystemCommands/FS_Commands.o
LOAD ./src/SubSystemModules/Communication/SubsystemCommands/Maintanence_Commands.o
LOAD ./src/SubSystemModules/Communication/SubsystemCommands/TRXVU_Commands.o
LOAD ./src/SubSystemModules/Communication/AckHandler.o
LOAD ./src/SubSystemModules/Communication/CommandDictionary.o
LOAD ./src/SubSystemModules/Communication/SatCommandHandler.o
LOAD ./src/SubSystemModules/Communication/TRXVU.o
LOAD ./src/InitSystem.o
LOAD ./src/TLM_management.o
LOAD ./src/main.o
LOAD ./src/utils.o
LOAD C:/ISIS/workspace_ycube/GlobusSatProject/..//hal/hal/lib\libHALD.a
LOAD C:/ISIS/workspace_ycube/GlobusSatProject/..//hal/hcc/lib\libHCCD.a
LOAD C:/ISIS/workspace_ycube/satellite-subsystems/satellite-subsystems/lib\libSatelliteSubsystemsD.a
LOAD C:/ISIS/workspace_ycube/GlobusSatProject/..//hal/freertos/lib\libFreeRTOSD.a
LOAD C:/ISIS/workspace_ycube/GlobusSatProject/..//hal/at91/lib\libAt91D.a
START GROUP
LOAD c:/isis/application/toolchain/bin/../lib/gcc/arm-none-eabi/4.7.4\libgcc.a
LOAD c:/isis/application/toolchain/bin/../lib/gcc/arm-none-eabi/4.7.4/../../../../arm-none-eabi/lib\libg.a
LOAD c:/isis/application/toolchain/bin/../lib/gcc/arm-none-eabi/4.7.4/../../../../arm-none-eabi/lib\libc.a
END GROUP

.fixed          0x20000000    0x36958
                0x20000000                . = ALIGN (0x4)
                0x20000000                _sfixed = .
 *(.startup)
 .startup       0x20000000      0x14c C:/ISIS/workspace_ycube/GlobusSatProject/..//hal/at91/lib\libAt91D.a(board_cstartup.o)
                0x20000000                entry
 *(.text)
 .text          0x2000014c       0x64 C:/ISIS/workspace_ycube/GlobusSatProject/..//hal/at91/lib\libAt91D.a(cp15_asm.o)
                0x2000014c                _readControlRegister
                0x20000158                _writeControlRegister
                0x20000160                _waitForInterrupt
                0x2000016c                _writeTTB
                0x20000174                _writeDomain
                0x2000017c                _writeITLBLockdown
                0x20000184                _prefetchICacheLine
                0x2000018c                _flushDCache
                0x20000198                _flushWriteBuffer
                0x200001a4                _invalidateIDTLBs
 .text          0x200001b0      0x114 c:/isis/application/toolchain/bin/../lib/gcc/arm-none-eabi/4.7.4\libgcc.a(_udivsi3.o)
                0x200001b0                __aeabi_uidiv
                0x200001b0                __udivsi3
                0x200002a4                __aeabi_uidivmod
 .text          0x200002c4      0x148 c:/isis/application/toolchain/bin/../lib/gcc/arm-none-eabi/4.7.4\libgcc.a(_divsi3.o)
                0x200002c4                __divsi3
                0x200002c4                __aeabi_idiv
                0x200003ec                __aeabi_idivmod
 .text          0x2000040c        0x4 c:/isis/application/toolchain/bin/../lib/gcc/arm-none-eabi/4.7.4\libgcc.a(_dvmd_tls.o)
                0x2000040c                __aeabi_idiv0
                0x2000040c                __aeabi_ldiv0
 .text          0x20000410      0x41c c:/isis/application/toolchain/bin/../lib/gcc/arm-none-eabi/4.7.4\libgcc.a(_arm_addsubdf3.o)
                0x20000410                __aeabi_drsub
                0x20000418                __aeabi_dsub
                0x20000418                __subdf3
                0x2000041c                __aeabi_dadd
                0x2000041c                __adddf3
                0x2000072c                __floatunsidf
                0x2000072c                __aeabi_ui2d
                0x20000750                __floatsidf
                0x20000750                __aeabi_i2d
                0x20000778                __aeabi_f2d
                0x20000778                __extendsfdf2
                0x200007b8                __floatundidf
                0x200007b8                __aeabi_ul2d
                0x200007cc                __floatdidf
                0x200007cc                __aeabi_l2d
 .text          0x2000082c      0x49c c:/isis/application/toolchain/bin/../lib/gcc/arm-none-eabi/4.7.4\libgcc.a(_arm_muldivdf3.o)
                0x2000082c                __aeabi_dmul
                0x2000082c                __muldf3
                0x20000abc                __divdf3
                0x20000abc                __aeabi_ddiv
 .text          0x20000cc8      0x144 c:/isis/application/toolchain/bin/../lib/gcc/arm-none-eabi/4.7.4\libgcc.a(_arm_cmpdf2.o)
                0x20000cc8                __gtdf2
                0x20000cc8                __gedf2
                0x20000cd0                __ltdf2
                0x20000cd0                __ledf2
                0x20000cd8                __nedf2
                0x20000cd8                __eqdf2
                0x20000cd8                __cmpdf2
                0x20000d60                __aeabi_cdrcmple
                0x20000d7c                __aeabi_cdcmpeq
                0x20000d7c                __aeabi_cdcmple
                0x20000d94                __aeabi_dcmpeq
                0x20000dac                __aeabi_dcmplt
                0x20000dc4                __aeabi_dcmple
                0x20000ddc                __aeabi_dcmpge
                0x20000df4                __aeabi_dcmpgt
 .text          0x20000e0c      0x2ac c:/isis/application/toolchain/bin/../lib/gcc/arm-none-eabi/4.7.4\libgcc.a(_arm_addsubsf3.o)
                0x20000e0c                __aeabi_frsub
                0x20000e14                __subsf3
                0x20000e14                __aeabi_fsub
                0x20000e18                __aeabi_fadd
                0x20000e18                __addsf3
                0x20000fd4                __aeabi_ui2f
                0x20000fd4                __floatunsisf
                0x20000fdc                __aeabi_i2f
                0x20000fdc                __floatsisf
                0x20000ffc                __aeabi_ul2f
                0x20000ffc                __floatundisf
                0x2000100c                __aeabi_l2f
                0x2000100c                __floatdisf
 .text          0x200010b8      0x2f8 c:/isis/application/toolchain/bin/../lib/gcc/arm-none-eabi/4.7.4\libgcc.a(_arm_muldivsf3.o)
                0x200010b8                __mulsf3
                0x200010b8                __aeabi_fmul
                0x20001250                __aeabi_fdiv
                0x20001250                __divsf3
 .text          0x200013b0      0x114 c:/isis/application/toolchain/bin/../lib/gcc/arm-none-eabi/4.7.4\libgcc.a(_arm_cmpsf2.o)
                0x200013b0                __gesf2
                0x200013b0                __gtsf2
                0x200013b8                __lesf2
                0x200013b8                __ltsf2
                0x200013c0                __nesf2
                0x200013c0                __eqsf2
                0x200013c0                __cmpsf2
                0x20001424                __aeabi_cfrcmple
                0x20001434                __aeabi_cfcmpeq
                0x20001434                __aeabi_cfcmple
                0x2000144c                __aeabi_fcmpeq
                0x20001464                __aeabi_fcmplt
                0x2000147c                __aeabi_fcmple
                0x20001494                __aeabi_fcmpge
                0x200014ac                __aeabi_fcmpgt
 .text          0x200014c4       0x54 c:/isis/application/toolchain/bin/../lib/gcc/arm-none-eabi/4.7.4\libgcc.a(_arm_fixunssfsi.o)
                0x200014c4                __fixunssfsi
                0x200014c4                __aeabi_f2uiz
 .text          0x20001518       0x5c c:/isis/application/toolchain/bin/../lib/gcc/arm-none-eabi/4.7.4\libgcc.a(_arm_fixdfsi.o)
                0x20001518                __aeabi_d2iz
                0x20001518                __fixdfsi
 .text          0x20001574       0x3c c:/isis/application/toolchain/bin/../lib/gcc/arm-none-eabi/4.7.4\libgcc.a(_aeabi_uldivmod.o)
                0x20001574                __aeabi_uldivmod
 .text          0x200015b0       0x84 c:/isis/application/toolchain/bin/../lib/gcc/arm-none-eabi/4.7.4\libgcc.a(bpabi.o)
                0x200015b0                __gnu_ldivmod_helper
                0x200015f4                __gnu_uldivmod_helper
 .text          0x20001634      0x4f0 c:/isis/application/toolchain/bin/../lib/gcc/arm-none-eabi/4.7.4\libgcc.a(_divdi3.o)
                0x20001634                __divdi3
 .text          0x20001b24      0x488 c:/isis/application/toolchain/bin/../lib/gcc/arm-none-eabi/4.7.4\libgcc.a(_udivdi3.o)
                0x20001b24                __udivdi3
 .text          0x20001fac       0x48 c:/isis/application/toolchain/bin/../lib/gcc/arm-none-eabi/4.7.4\libgcc.a(_clzsi2.o)
                0x20001fac                __clzsi2
 *(.text*)
 .text.GetBatteryVoltage
                0x20001ff4       0x64 ./src/SubSystemModules/PowerManagment/EPS.o
                0x20001ff4                GetBatteryVoltage
 .text.EPS_Init
                0x20002058       0xe0 ./src/SubSystemModules/PowerManagment/EPS.o
                0x20002058                EPS_Init
 .text.EPS_Conditioning
                0x20002138      0x1c4 ./src/SubSystemModules/PowerManagment/EPS.o
                0x20002138                EPS_Conditioning
 .text.UpdateAlpha
                0x200022fc       0xc8 ./src/SubSystemModules/PowerManagment/EPS.o
                0x200022fc                UpdateAlpha
 .text.GetThresholdVoltages
                0x200023c4       0x70 ./src/SubSystemModules/PowerManagment/EPS.o
                0x200023c4                GetThresholdVoltages
 .text.GetAlpha
                0x20002434       0x6c ./src/SubSystemModules/PowerManagment/EPS.o
                0x20002434                GetAlpha
 .text.CMDGetHeaterValues
                0x200024a0       0xb0 ./src/SubSystemModules/PowerManagment/EPS.o
                0x200024a0                CMDGetHeaterValues
 .text.CMDSetHeaterValues
                0x20002550       0xbc ./src/SubSystemModules/PowerManagment/EPS.o
                0x20002550                CMDSetHeaterValues
 .text.EnterFullMode
                0x2000260c       0x44 ./src/SubSystemModules/PowerManagment/EPSOperationModes.o
                0x2000260c                EnterFullMode
 .text.EnterCruiseMode
                0x20002650       0x44 ./src/SubSystemModules/PowerManagment/EPSOperationModes.o
                0x20002650                EnterCruiseMode
 .text.EnterSafeMode
                0x20002694       0x44 ./src/SubSystemModules/PowerManagment/EPSOperationModes.o
                0x20002694                EnterSafeMode
 .text.EnterCriticalMode
                0x200026d8       0x44 ./src/SubSystemModules/PowerManagment/EPSOperationModes.o
                0x200026d8                EnterCriticalMode
 .text.EpsGetLowVoltageFlag
                0x2000271c       0x24 ./src/SubSystemModules/PowerManagment/EPSOperationModes.o
                0x2000271c                EpsGetLowVoltageFlag
 .text.EpsSetLowVoltageFlag
                0x20002740       0x2c ./src/SubSystemModules/PowerManagment/EPSOperationModes.o
                0x20002740                EpsSetLowVoltageFlag
 .text.CheckExecutionTime
                0x2000276c       0x78 ./src/SubSystemModules/Maintenance/Maintenance.o
                0x2000276c                CheckExecutionTime
 .text.SaveSatTimeInFRAM
                0x200027e4       0x44 ./src/SubSystemModules/Maintenance/Maintenance.o
                0x200027e4                SaveSatTimeInFRAM
 .text.WakeupFromResetCMD
                0x20002828      0x120 ./src/SubSystemModules/Maintenance/Maintenance.o
                0x20002828                WakeupFromResetCMD
 .text.ResetGroundCommWDT
                0x20002948       0x1c ./src/SubSystemModules/Maintenance/Maintenance.o
                0x20002948                ResetGroundCommWDT
 .text.IsGroundCommunicationWDTKick
                0x20002964       0x78 ./src/SubSystemModules/Maintenance/Maintenance.o
                0x20002964                IsGroundCommunicationWDTKick
 .text.GetGsWdtKickTime
                0x200029dc       0x38 ./src/SubSystemModules/Maintenance/Maintenance.o
                0x200029dc                GetGsWdtKickTime
 .text.DeleteOldFiels
                0x20002a14      0x33c ./src/SubSystemModules/Maintenance/Maintenance.o
                0x20002a14                DeleteOldFiels
 .text.DeployAnt
                0x20002d50       0x6c ./src/SubSystemModules/Maintenance/Maintenance.o
                0x20002d50                DeployAnt
 .text.Maintenance
                0x20002dbc       0x38 ./src/SubSystemModules/Maintenance/Maintenance.o
                0x20002dbc                Maintenance
 .text.InitSavePeriodTimes
                0x20002df4       0xc0 ./src/SubSystemModules/Housekepping/TelemetryCollector.o
                0x20002df4                InitSavePeriodTimes
 .text.TelemetryCollectorLogic
                0x20002eb4      0x1f0 ./src/SubSystemModules/Housekepping/TelemetryCollector.o
                0x20002eb4                TelemetryCollectorLogic
 .text.TelemetrySaveEPS
                0x200030a4       0x4c ./src/SubSystemModules/Housekepping/TelemetryCollector.o
                0x200030a4                TelemetrySaveEPS
 .text.TelemetrySaveTRXVU
                0x200030f0       0x84 ./src/SubSystemModules/Housekepping/TelemetryCollector.o
                0x200030f0                TelemetrySaveTRXVU
 .text.TelemetrySaveANT
                0x20003174       0xa4 ./src/SubSystemModules/Housekepping/TelemetryCollector.o
                0x20003174                TelemetrySaveANT
 .text.TelemetrySaveSolarPanels
                0x20003218      0x1c4 ./src/SubSystemModules/Housekepping/TelemetryCollector.o
                0x20003218                TelemetrySaveSolarPanels
 .text.TelemetrySaveWOD
                0x200033dc       0xa0 ./src/SubSystemModules/Housekepping/TelemetryCollector.o
                0x200033dc                TelemetrySaveWOD
 .text.GetCurrentWODTelemetry
                0x2000347c      0x4b0 ./src/SubSystemModules/Housekepping/TelemetryCollector.o
                0x2000347c                GetCurrentWODTelemetry
 .text.CMD_DeleteTLM
                0x2000392c      0x1f4 ./src/SubSystemModules/Communication/SubsystemCommands/FS_Commands.o
                0x2000392c                CMD_DeleteTLM
 .text.CMD_GenericI2C
                0x20003b20      0x150 ./src/SubSystemModules/Communication/SubsystemCommands/Maintanence_Commands.o
                0x20003b20                CMD_GenericI2C
 .text.CMD_FRAM_ReadAndTransmitt
                0x20003c70      0x100 ./src/SubSystemModules/Communication/SubsystemCommands/Maintanence_Commands.o
                0x20003c70                CMD_FRAM_ReadAndTransmitt
 .text.CMD_FRAM_WriteAndTransmitt
                0x20003d70      0x124 ./src/SubSystemModules/Communication/SubsystemCommands/Maintanence_Commands.o
                0x20003d70                CMD_FRAM_WriteAndTransmitt
 .text.CMD_UpdateSatTime
                0x20003e94       0xa0 ./src/SubSystemModules/Communication/SubsystemCommands/Maintanence_Commands.o
                0x20003e94                CMD_UpdateSatTime
 .text.CMD_ResetComponent
                0x20003f34      0x2a4 ./src/SubSystemModules/Communication/SubsystemCommands/Maintanence_Commands.o
                0x20003f34                CMD_ResetComponent
 .text.DumpTask
                0x200041d8      0x2cc ./src/SubSystemModules/Communication/SubsystemCommands/TRXVU_Commands.o
                0x200041d8                DumpTask
 .text.CMD_AntennaDeploy
                0x200044a4       0xcc ./src/SubSystemModules/Communication/SubsystemCommands/TRXVU_Commands.o
                0x200044a4                CMD_AntennaDeploy
 .text.CMD_StartDump
                0x20004570      0x204 ./src/SubSystemModules/Communication/SubsystemCommands/TRXVU_Commands.o
                0x20004570                CMD_StartDump
 .text.CMD_SendDumpAbortRequest
                0x20004774       0x38 ./src/SubSystemModules/Communication/SubsystemCommands/TRXVU_Commands.o
                0x20004774                CMD_SendDumpAbortRequest
 .text.CMD_ForceDumpAbort
                0x200047ac       0x3c ./src/SubSystemModules/Communication/SubsystemCommands/TRXVU_Commands.o
                0x200047ac                CMD_ForceDumpAbort
 .text.CMD_SetTransponder
                0x200047e8      0x114 ./src/SubSystemModules/Communication/SubsystemCommands/TRXVU_Commands.o
                0x200047e8                CMD_SetTransponder
 .text.CMD_SetRSSITransponder
                0x200048fc       0x98 ./src/SubSystemModules/Communication/SubsystemCommands/TRXVU_Commands.o
                0x200048fc                CMD_SetRSSITransponder
 .text.CMD_MuteTRXVU
                0x20004994       0x7c ./src/SubSystemModules/Communication/SubsystemCommands/TRXVU_Commands.o
                0x20004994                CMD_MuteTRXVU
 .text.CMD_SetIdleState
                0x20004a10       0x94 ./src/SubSystemModules/Communication/SubsystemCommands/TRXVU_Commands.o
                0x20004a10                CMD_SetIdleState
 .text.CMD_UnMuteTRXVU
                0x20004aa4       0x38 ./src/SubSystemModules/Communication/SubsystemCommands/TRXVU_Commands.o
                0x20004aa4                CMD_UnMuteTRXVU
 .text.CMD_GetBaudRate
                0x20004adc       0x68 ./src/SubSystemModules/Communication/SubsystemCommands/TRXVU_Commands.o
                0x20004adc                CMD_GetBaudRate
 .text.CMD_GetBeaconInterval
                0x20004b44       0x6c ./src/SubSystemModules/Communication/SubsystemCommands/TRXVU_Commands.o
                0x20004b44                CMD_GetBeaconInterval
 .text.CMD_SetBaudRate
                0x20004bb0       0x60 ./src/SubSystemModules/Communication/SubsystemCommands/TRXVU_Commands.o
                0x20004bb0                CMD_SetBaudRate
 .text.CMD_GetTxUptime
                0x20004c10       0x64 ./src/SubSystemModules/Communication/SubsystemCommands/TRXVU_Commands.o
                0x20004c10                CMD_GetTxUptime
 .text.CMD_GetRxUptime
                0x20004c74       0x64 ./src/SubSystemModules/Communication/SubsystemCommands/TRXVU_Commands.o
                0x20004c74                CMD_GetRxUptime
 .text.CMD_GetNumOfOnlineCommands
                0x20004cd8       0x64 ./src/SubSystemModules/Communication/SubsystemCommands/TRXVU_Commands.o
                0x20004cd8                CMD_GetNumOfOnlineCommands
 .text.CMD_AntSetArmStatus
                0x20004d3c       0xa0 ./src/SubSystemModules/Communication/SubsystemCommands/TRXVU_Commands.o
                0x20004d3c                CMD_AntSetArmStatus
 .text.CMD_AntGetArmStatus
                0x20004ddc       0x70 ./src/SubSystemModules/Communication/SubsystemCommands/TRXVU_Commands.o
                0x20004ddc                CMD_AntGetArmStatus
 .text.CMD_AntGetUptime
                0x20004e4c       0x78 ./src/SubSystemModules/Communication/SubsystemCommands/TRXVU_Commands.o
                0x20004e4c                CMD_AntGetUptime
 .text.CMD_StopReDeployment
                0x20004ec4       0x9c ./src/SubSystemModules/Communication/SubsystemCommands/TRXVU_Commands.o
                0x20004ec4                CMD_StopReDeployment
 .text.CMD_AntCancelDeployment
                0x20004f60       0x68 ./src/SubSystemModules/Communication/SubsystemCommands/TRXVU_Commands.o
                0x20004f60                CMD_AntCancelDeployment
 .text.SendAckPacket
                0x20004fc8       0xe0 ./src/SubSystemModules/Communication/AckHandler.o
                0x20004fc8                SendAckPacket
 .text.trxvu_command_router
                0x200050a8      0x534 ./src/SubSystemModules/Communication/CommandDictionary.o
                0x200050a8                trxvu_command_router
 .text.eps_command_router
                0x200055dc       0xc0 ./src/SubSystemModules/Communication/CommandDictionary.o
                0x200055dc                eps_command_router
 .text.telemetry_command_router
                0x2000569c       0x90 ./src/SubSystemModules/Communication/CommandDictionary.o
                0x2000569c                telemetry_command_router
 .text.managment_command_router
                0x2000572c       0xfc ./src/SubSystemModules/Communication/CommandDictionary.o
                0x2000572c                managment_command_router
 .text.filesystem_command_router
                0x20005828       0x24 ./src/SubSystemModules/Communication/CommandDictionary.o
                0x20005828                filesystem_command_router
 .text.ParseDataToCommand
                0x2000584c      0x1ac ./src/SubSystemModules/Communication/SatCommandHandler.o
                0x2000584c                ParseDataToCommand
 .text.AssembleCommand
                0x200059f8      0x150 ./src/SubSystemModules/Communication/SatCommandHandler.o
                0x200059f8                AssembleCommand
 .text.ActUponCommand
                0x20005b48       0xb4 ./src/SubSystemModules/Communication/SatCommandHandler.o
                0x20005b48                ActUponCommand
 .text.InitTxModule
                0x20005bfc       0x68 ./src/SubSystemModules/Communication/TRXVU.o
                0x20005bfc                InitTxModule
 .text.CMD_SetBeaconInterval
                0x20005c64       0xac ./src/SubSystemModules/Communication/TRXVU.o
                0x20005c64                CMD_SetBeaconInterval
 .text.InitBeaconParams
                0x20005d10       0x3c ./src/SubSystemModules/Communication/TRXVU.o
                0x20005d10                InitBeaconParams
 .text.InitSemaphores
                0x20005d4c       0x98 ./src/SubSystemModules/Communication/TRXVU.o
                0x20005d4c                InitSemaphores
 .text.InitTrxvu
                0x20005de4      0x110 ./src/SubSystemModules/Communication/TRXVU.o
                0x20005de4                InitTrxvu
 .text.checkIdleFinish
                0x20005ef4       0x68 ./src/SubSystemModules/Communication/TRXVU.o
                0x20005ef4                checkIdleFinish
 .text.checkTransponderFinish
                0x20005f5c       0x84 ./src/SubSystemModules/Communication/TRXVU.o
                0x20005f5c                checkTransponderFinish
 .text.TRX_Logic
                0x20005fe0       0xc8 ./src/SubSystemModules/Communication/TRXVU.o
                0x20005fe0                TRX_Logic
 .text.GetNumberOfFramesInBuffer
                0x200060a8       0x54 ./src/SubSystemModules/Communication/TRXVU.o
                0x200060a8                GetNumberOfFramesInBuffer
 .text.GetOnlineCommand
                0x200060fc      0x128 ./src/SubSystemModules/Communication/TRXVU.o
                0x200060fc                GetOnlineCommand
 .text.CheckTransmitionAllowed
                0x20006224       0xc4 ./src/SubSystemModules/Communication/TRXVU.o
                0x20006224                CheckTransmitionAllowed
 .text.FinishDump
                0x200062e8       0xa8 ./src/SubSystemModules/Communication/TRXVU.o
                0x200062e8                FinishDump
 .text.AbortDump
                0x20006390       0x34 ./src/SubSystemModules/Communication/TRXVU.o
                0x20006390                AbortDump
 .text.SendDumpAbortRequest
                0x200063c4       0xc0 ./src/SubSystemModules/Communication/TRXVU.o
                0x200063c4                SendDumpAbortRequest
 .text.BeaconLogic
                0x20006484      0x1e0 ./src/SubSystemModules/Communication/TRXVU.o
                0x20006484                BeaconLogic
 .text.SetIdleState
                0x20006664       0xa8 ./src/SubSystemModules/Communication/TRXVU.o
                0x20006664                SetIdleState
 .text.muteTRXVU
                0x2000670c       0x70 ./src/SubSystemModules/Communication/TRXVU.o
                0x2000670c                muteTRXVU
 .text.UnMuteTRXVU
                0x2000677c       0x24 ./src/SubSystemModules/Communication/TRXVU.o
                0x2000677c                UnMuteTRXVU
 .text.TransmitDataAsSPL_Packet
                0x200067a0      0x104 ./src/SubSystemModules/Communication/TRXVU.o
                0x200067a0                TransmitDataAsSPL_Packet
 .text.TransmitSplPacket
                0x200068a4       0xfc ./src/SubSystemModules/Communication/TRXVU.o
                0x200068a4                TransmitSplPacket
 .text.isFirstActivation
                0x200069a0       0x38 ./src/InitSystem.o
                0x200069a0                isFirstActivation
 .text.WriteDefaultValuesToFRAM
                0x200069d8      0x1c0 ./src/InitSystem.o
                0x200069d8                WriteDefaultValuesToFRAM
 .text.StartFRAM
                0x20006b98       0x24 ./src/InitSystem.o
                0x20006b98                StartFRAM
 .text.StartI2C
                0x20006bbc       0x30 ./src/InitSystem.o
                0x20006bbc                StartI2C
 .text.StartSPI
                0x20006bec       0x2c ./src/InitSystem.o
                0x20006bec                StartSPI
 .text.StartTIME
                0x20006c18       0xb0 ./src/InitSystem.o
                0x20006c18                StartTIME
 .text.DeploySystem
                0x20006cc8      0x140 ./src/InitSystem.o
                0x20006cc8                DeploySystem
 .text.InitSubsystems
                0x20006e08       0x48 ./src/InitSystem.o
                0x20006e08                InitSubsystems
 .text.delete_allTMFilesFromSD
                0x20006e50       0x58 ./src/TLM_management.o
                0x20006e50                delete_allTMFilesFromSD
 .text.deleteTLMFiles
                0x20006ea8       0x94 ./src/TLM_management.o
                0x20006ea8                deleteTLMFiles
 .text.deleteTLMFile
                0x20006f3c       0xc0 ./src/TLM_management.o
                0x20006f3c                deleteTLMFile
 .text.InitializeFS
                0x20006ffc       0xd0 ./src/TLM_management.o
                0x20006ffc                InitializeFS
 .text.calculateFileName
                0x200070cc      0x108 ./src/TLM_management.o
                0x200070cc                calculateFileName
 .text.getTlmTypeInfo
                0x200071d4      0x230 ./src/TLM_management.o
                0x200071d4                getTlmTypeInfo
 .text.write2File
                0x20007404      0x150 ./src/TLM_management.o
                0x20007404                write2File
 .text.printTLM
                0x20007554       0x24 ./src/TLM_management.o
                0x20007554                printTLM
 .text.readTLMFile
                0x20007578      0x2f4 ./src/TLM_management.o
                0x20007578                readTLMFile
 .text.readTLMFiles
                0x2000786c       0xac ./src/TLM_management.o
                0x2000786c                readTLMFiles
 .text.readTLMFileTimeRange
                0x20007918      0x2e8 ./src/TLM_management.o
                0x20007918                readTLMFileTimeRange
 .text.DeInitializeFS
                0x20007c00       0x14 ./src/TLM_management.o
                0x20007c00                DeInitializeFS
 .text.taskMain
                0x20007c14       0x2c ./src/main.o
                0x20007c14                taskMain
 .text.main     0x20007c40       0x98 ./src/main.o
                0x20007c40                main
 .text.timeU2time
                0x20007cd8       0xbc ./src/utils.o
                0x20007cd8                timeU2time
 .text.logError
                0x20007d94      0x138 ./src/utils.o
                0x20007d94                logError
 .text.validateTransferParameters
                0x20007ecc      0x10c C:/ISIS/workspace_ycube/GlobusSatProject/..//hal/hal/lib\libHALD.a(I2C.o)
 .text.I2C_queueTransfer
                0x20007fd8       0xfc C:/ISIS/workspace_ycube/GlobusSatProject/..//hal/hal/lib\libHALD.a(I2C.o)
                0x20007fd8                I2C_queueTransfer
 .text.I2C_internalCallback
                0x200080d4       0x64 C:/ISIS/workspace_ycube/GlobusSatProject/..//hal/hal/lib\libHALD.a(I2C.o)
 .text.I2C_doBlockingTransfer
                0x20008138      0x180 C:/ISIS/workspace_ycube/GlobusSatProject/..//hal/hal/lib\libHALD.a(I2C.o)
 .text.I2C_write
                0x200082b8      0x110 C:/ISIS/workspace_ycube/GlobusSatProject/..//hal/hal/lib\libHALD.a(I2C.o)
                0x200082b8                I2C_write
 .text.I2C_read
                0x200083c8      0x110 C:/ISIS/workspace_ycube/GlobusSatProject/..//hal/hal/lib\libHALD.a(I2C.o)
                0x200083c8                I2C_read
 .text.I2C_writeRead
                0x200084d8      0x17c C:/ISIS/workspace_ycube/GlobusSatProject/..//hal/hal/lib\libHALD.a(I2C.o)
                0x200084d8                I2C_writeRead
 .text.I2C_start
                0x20008654      0x2e8 C:/ISIS/workspace_ycube/GlobusSatProject/..//hal/hal/lib\libHALD.a(I2C.o)
                0x20008654                I2C_start
 .text.I2C_stop
                0x2000893c      0x184 C:/ISIS/workspace_ycube/GlobusSatProject/..//hal/hal/lib\libHALD.a(I2C.o)
                0x2000893c                I2C_stop
 .text.I2C_setTransferTimeout
                0x20008ac0       0x48 C:/ISIS/workspace_ycube/GlobusSatProject/..//hal/hal/lib\libHALD.a(I2C.o)
                0x20008ac0                I2C_setTransferTimeout
 .text.clearPDCtransfers
                0x20008b08       0xe8 C:/ISIS/workspace_ycube/GlobusSatProject/..//hal/hal/lib\libHALD.a(SPI.o)
 .text.SPI_start
                0x20008bf0      0x4b0 C:/ISIS/workspace_ycube/GlobusSatProject/..//hal/hal/lib\libHALD.a(SPI.o)
                0x20008bf0                SPI_start
 .text.SPI_stop
                0x200090a0      0x244 C:/ISIS/workspace_ycube/GlobusSatProject/..//hal/hal/lib\libHALD.a(SPI.o)
                0x200090a0                SPI_stop
 .text.SPI_queueTransfer
                0x200092e4      0x1cc C:/ISIS/workspace_ycube/GlobusSatProject/..//hal/hal/lib\libHALD.a(SPI.o)
                0x200092e4                SPI_queueTransfer
 .text.SPI_internalCallback
                0x200094b0       0x64 C:/ISIS/workspace_ycube/GlobusSatProject/..//hal/hal/lib\libHALD.a(SPI.o)
 .text.SPI_writeRead
                0x20009514      0x1c0 C:/ISIS/workspace_ycube/GlobusSatProject/..//hal/hal/lib\libHALD.a(SPI.o)
                0x20009514                SPI_writeRead
 .text.waitForTransfer
                0x200096d4       0x78 C:/ISIS/workspace_ycube/GlobusSatProject/..//hal/hal/lib\libHALD.a(SPI.o)
 .text.SPI_getDriverState
                0x2000974c       0x58 C:/ISIS/workspace_ycube/GlobusSatProject/..//hal/hal/lib\libHALD.a(SPI.o)
                0x2000974c                SPI_getDriverState
 .text.FRAM_start
                0x200097a4      0x120 C:/ISIS/workspace_ycube/GlobusSatProject/..//hal/hal/lib\libHALD.a(FRAM.o)
                0x200097a4                FRAM_start
 .text.FRAM_dummyCallback
                0x200098c4       0x24 C:/ISIS/workspace_ycube/GlobusSatProject/..//hal/hal/lib\libHALD.a(FRAM.o)
                0x200098c4                FRAM_dummyCallback
 .text.FRAM_unlockingCallback
                0x200098e8       0x64 C:/ISIS/workspace_ycube/GlobusSatProject/..//hal/hal/lib\libHALD.a(FRAM.o)
                0x200098e8                FRAM_unlockingCallback
 .text.doBlockingTransfer
                0x2000994c       0x78 C:/ISIS/workspace_ycube/GlobusSatProject/..//hal/hal/lib\libHALD.a(FRAM.o)
 .text.FRAM_writePacket
                0x200099c4      0x144 C:/ISIS/workspace_ycube/GlobusSatProject/..//hal/hal/lib\libHALD.a(FRAM.o)
 .text.FRAM_write
                0x20009b08      0x1d8 C:/ISIS/workspace_ycube/GlobusSatProject/..//hal/hal/lib\libHALD.a(FRAM.o)
                0x20009b08                FRAM_write
 .text.FRAM_readPacket
                0x20009ce0       0xf0 C:/ISIS/workspace_ycube/GlobusSatProject/..//hal/hal/lib\libHALD.a(FRAM.o)
 .text.FRAM_read
                0x20009dd0      0x1e4 C:/ISIS/workspace_ycube/GlobusSatProject/..//hal/hal/lib\libHALD.a(FRAM.o)
                0x20009dd0                FRAM_read
 .text.Time_start
                0x20009fb4      0x150 C:/ISIS/workspace_ycube/GlobusSatProject/..//hal/hal/lib\libHALD.a(Time.o)
                0x20009fb4                Time_start
 .text.taskTimeSync
                0x2000a104       0x38 C:/ISIS/workspace_ycube/GlobusSatProject/..//hal/hal/lib\libHALD.a(Time.o)
 .text.Time_convertEpochToTime
                0x2000a13c       0xf4 C:/ISIS/workspace_ycube/GlobusSatProject/..//hal/hal/lib\libHALD.a(Time.o)
                0x2000a13c                Time_convertEpochToTime
 .text.Time_populateSecondsOfYear
                0x2000a230      0x188 C:/ISIS/workspace_ycube/GlobusSatProject/..//hal/hal/lib\libHALD.a(Time.o)
 .text.Time_set
                0x2000a3b8      0x110 C:/ISIS/workspace_ycube/GlobusSatProject/..//hal/hal/lib\libHALD.a(Time.o)
                0x2000a3b8                Time_set
 .text.Time_isLeapYear
                0x2000a4c8       0x98 C:/ISIS/workspace_ycube/GlobusSatProject/..//hal/hal/lib\libHALD.a(Time.o)
                0x2000a4c8                Time_isLeapYear
 .text.Time_get
                0x2000a560      0x410 C:/ISIS/workspace_ycube/GlobusSatProject/..//hal/hal/lib\libHALD.a(Time.o)
                0x2000a560                Time_get
 .text.Time_getUnixEpoch
                0x2000a970       0xf4 C:/ISIS/workspace_ycube/GlobusSatProject/..//hal/hal/lib\libHALD.a(Time.o)
                0x2000a970                Time_getUnixEpoch
 .text.Time_secondsOfYearToTime
                0x2000aa64      0x328 C:/ISIS/workspace_ycube/GlobusSatProject/..//hal/hal/lib\libHALD.a(Time.o)
 .text.Time_setUnixEpoch
                0x2000ad8c       0x54 C:/ISIS/workspace_ycube/GlobusSatProject/..//hal/hal/lib\libHALD.a(Time.o)
                0x2000ad8c                Time_setUnixEpoch
 .text.Time_getUptimeSeconds
                0x2000ade0       0x28 C:/ISIS/workspace_ycube/GlobusSatProject/..//hal/hal/lib\libHALD.a(Time.o)
                0x2000ade0                Time_getUptimeSeconds
 .text.Time_sync
                0x2000ae08      0x2d8 C:/ISIS/workspace_ycube/GlobusSatProject/..//hal/hal/lib\libHALD.a(Time.o)
                0x2000ae08                Time_sync
 .text.Time_syncIfNeeded
                0x2000b0e0       0x90 C:/ISIS/workspace_ycube/GlobusSatProject/..//hal/hal/lib\libHALD.a(Time.o)
                0x2000b0e0                Time_syncIfNeeded
 .text.Time_setSyncInterval
                0x2000b170       0x38 C:/ISIS/workspace_ycube/GlobusSatProject/..//hal/hal/lib\libHALD.a(Time.o)
                0x2000b170                Time_setSyncInterval
 .text.WDT_start
                0x2000b1a8       0x48 C:/ISIS/workspace_ycube/GlobusSatProject/..//hal/hal/lib\libHALD.a(WatchDogTimerNoOS.o)
                0x2000b1a8                WDT_start
 .text.WDT_startWatchdogKickTask
                0x2000b1f0       0xb4 C:/ISIS/workspace_ycube/GlobusSatProject/..//hal/hal/lib\libHALD.a(WatchDogTimerOS.o)
                0x2000b1f0                WDT_startWatchdogKickTask
 .text.WDT_forceKickEveryNms
                0x2000b2a4       0x50 C:/ISIS/workspace_ycube/GlobusSatProject/..//hal/hal/lib\libHALD.a(WatchDogTimerOS.o)
                0x2000b2a4                WDT_forceKickEveryNms
 .text.LED_glow
                0x2000b2f4       0x58 C:/ISIS/workspace_ycube/GlobusSatProject/..//hal/hal/lib\libHALD.a(LED.o)
                0x2000b2f4                LED_glow
 .text.LED_dark
                0x2000b34c       0x58 C:/ISIS/workspace_ycube/GlobusSatProject/..//hal/hal/lib\libHALD.a(LED.o)
                0x2000b34c                LED_dark
 .text.LED_toggle
                0x2000b3a4       0x50 C:/ISIS/workspace_ycube/GlobusSatProject/..//hal/hal/lib\libHALD.a(LED.o)
                0x2000b3a4                LED_toggle
 .text.RTC_start
                0x2000b3f4       0x3c C:/ISIS/workspace_ycube/GlobusSatProject/..//hal/hal/lib\libHALD.a(RTC.o)
                0x2000b3f4                RTC_start
 .text.RTC_setTime
                0x2000b430      0x2a4 C:/ISIS/workspace_ycube/GlobusSatProject/..//hal/hal/lib\libHALD.a(RTC.o)
                0x2000b430                RTC_setTime
 .text.RTC_getTime
                0x2000b6d4      0x224 C:/ISIS/workspace_ycube/GlobusSatProject/..//hal/hal/lib\libHALD.a(RTC.o)
                0x2000b6d4                RTC_getTime
 .text.RTC_checkTimeValid
                0x2000b8f8       0xdc C:/ISIS/workspace_ycube/GlobusSatProject/..//hal/hal/lib\libHALD.a(RTC.o)
                0x2000b8f8                RTC_checkTimeValid
 .text.RTT_start
                0x2000b9d4       0x24 C:/ISIS/workspace_ycube/GlobusSatProject/..//hal/hal/lib\libHALD.a(RTT.o)
                0x2000b9d4                RTT_start
 .text.fn_init  0x2000b9f8      0x2dc C:/ISIS/workspace_ycube/GlobusSatProject/..//hal/hcc/lib\libHCCD.a(fat_common.o)
                0x2000b9f8                fn_init
 .text._f_get16bitl
                0x2000bcd4       0x4c C:/ISIS/workspace_ycube/GlobusSatProject/..//hal/hcc/lib\libHCCD.a(fat_common.o)
                0x2000bcd4                _f_get16bitl
 .text._f_set16bitl
                0x2000bd20       0x54 C:/ISIS/workspace_ycube/GlobusSatProject/..//hal/hcc/lib\libHCCD.a(fat_common.o)
                0x2000bd20                _f_set16bitl
 .text._f_get32bitl
                0x2000bd74       0x68 C:/ISIS/workspace_ycube/GlobusSatProject/..//hal/hcc/lib\libHCCD.a(fat_common.o)
                0x2000bd74                _f_get32bitl
 .text._f_set32bitl
                0x2000bddc       0x78 C:/ISIS/workspace_ycube/GlobusSatProject/..//hal/hcc/lib\libHCCD.a(fat_common.o)
                0x2000bddc                _f_set32bitl
 .text._get8bit
                0x2000be54       0xa0 C:/ISIS/workspace_ycube/GlobusSatProject/..//hal/hcc/lib\libHCCD.a(fat_common.o)
 .text._get16bitl
                0x2000bef4       0x40 C:/ISIS/workspace_ycube/GlobusSatProject/..//hal/hcc/lib\libHCCD.a(fat_common.o)
 .text._get32bitl
                0x2000bf34       0x3c C:/ISIS/workspace_ycube/GlobusSatProject/..//hal/hcc/lib\libHCCD.a(fat_common.o)
 .text._f_setcardremoved
                0x2000bf70       0x94 C:/ISIS/workspace_ycube/GlobusSatProject/..//hal/hcc/lib\libHCCD.a(fat_common.o)
 .text._f_checkstatus
                0x2000c004      0x104 C:/ISIS/workspace_ycube/GlobusSatProject/..//hal/hcc/lib\libHCCD.a(fat_common.o)
                0x2000c004                _f_checkstatus
 .text._f_drvgetphy
                0x2000c108      0x114 C:/ISIS/workspace_ycube/GlobusSatProject/..//hal/hcc/lib\libHCCD.a(fat_common.o)
 .text._f_drvwritesector
                0x2000c21c       0xdc C:/ISIS/workspace_ycube/GlobusSatProject/..//hal/hcc/lib\libHCCD.a(fat_common.o)
 .text._f_drvreadsector
                0x2000c2f8       0xa8 C:/ISIS/workspace_ycube/GlobusSatProject/..//hal/hcc/lib\libHCCD.a(fat_common.o)
 .text._f_writesector
                0x2000c3a0      0x23c C:/ISIS/workspace_ycube/GlobusSatProject/..//hal/hcc/lib\libHCCD.a(fat_common.o)
                0x2000c3a0                _f_writesector
 .text._f_readsector
                0x2000c5dc      0x1dc C:/ISIS/workspace_ycube/GlobusSatProject/..//hal/hcc/lib\libHCCD.a(fat_common.o)
                0x2000c5dc                _f_readsector
 .text._f_getmaxcluster
                0x2000c7b8       0x94 C:/ISIS/workspace_ycube/GlobusSatProject/..//hal/hcc/lib\libHCCD.a(fat_common.o)
                0x2000c7b8                _f_getmaxcluster
 .text._getsectorfromcluster
                0x2000c84c       0x68 C:/ISIS/workspace_ycube/GlobusSatProject/..//hal/hcc/lib\libHCCD.a(fat_common.o)
 .text._f_buildsectors
                0x2000c8b4      0x268 C:/ISIS/workspace_ycube/GlobusSatProject/..//hal/hcc/lib\libHCCD.a(fat_common.o)
 .text._f_getbootrecord
                0x2000cb1c      0x5e4 C:/ISIS/workspace_ycube/GlobusSatProject/..//hal/hcc/lib\libHCCD.a(fat_common.o)
 .text._f_readbootrecord
                0x2000d100      0x4f8 C:/ISIS/workspace_ycube/GlobusSatProject/..//hal/hcc/lib\libHCCD.a(fat_common.o)
 .text._f_flushcffiles
                0x2000d5f8      0x17c C:/ISIS/workspace_ycube/GlobusSatProject/..//hal/hcc/lib\libHCCD.a(fat_common.o)
                0x2000d5f8                _f_flushcffiles
 .text._f_fatcache_flush
                0x2000d774      0x270 C:/ISIS/workspace_ycube/GlobusSatProject/..//hal/hcc/lib\libHCCD.a(fat_common.o)
                0x2000d774                _f_fatcache_flush
 .text._f_writefatsector
                0x2000d9e4      0x100 C:/ISIS/workspace_ycube/GlobusSatProject/..//hal/hcc/lib\libHCCD.a(fat_common.o)
                0x2000d9e4                _f_writefatsector
 .text._f_getfatsector
                0x2000dae4      0x3bc C:/ISIS/workspace_ycube/GlobusSatProject/..//hal/hcc/lib\libHCCD.a(fat_common.o)
 .text._f_setclustervalue
                0x2000dea0      0x490 C:/ISIS/workspace_ycube/GlobusSatProject/..//hal/hcc/lib\libHCCD.a(fat_common.o)
                0x2000dea0                _f_setclustervalue
 .text._f_getclustervalue
                0x2000e330      0x388 C:/ISIS/workspace_ycube/GlobusSatProject/..//hal/hcc/lib\libHCCD.a(fat_common.o)
                0x2000e330                _f_getclustervalue
 .text._f_close_drive_files
                0x2000e6b8       0xac C:/ISIS/workspace_ycube/GlobusSatProject/..//hal/hcc/lib\libHCCD.a(fat_common.o)
 .text._f_inc_mount_count
                0x2000e764       0xa4 C:/ISIS/workspace_ycube/GlobusSatProject/..//hal/hcc/lib\libHCCD.a(fat_common.o)
 .text._f_getvolume
                0x2000e808      0x2f8 C:/ISIS/workspace_ycube/GlobusSatProject/..//hal/hcc/lib\libHCCD.a(fat_common.o)
                0x2000e808                _f_getvolume
 .text.fn_createdriver
                0x2000eb00      0x118 C:/ISIS/workspace_ycube/GlobusSatProject/..//hal/hcc/lib\libHCCD.a(fat_common.o)
                0x2000eb00                fn_createdriver
 .text.fn_initvolume
                0x2000ec18      0x12c C:/ISIS/workspace_ycube/GlobusSatProject/..//hal/hcc/lib\libHCCD.a(fat_common.o)
                0x2000ec18                fn_initvolume
 .text.fn_initvolumepartition_sub
                0x2000ed44       0xe0 C:/ISIS/workspace_ycube/GlobusSatProject/..//hal/hcc/lib\libHCCD.a(fat_common.o)
 .text.fn_initvolumepartition
                0x2000ee24       0xac C:/ISIS/workspace_ycube/GlobusSatProject/..//hal/hcc/lib\libHCCD.a(fat_common.o)
                0x2000ee24                fn_initvolumepartition
 .text._f_clustertopos
                0x2000eed0       0xf8 C:/ISIS/workspace_ycube/GlobusSatProject/..//hal/hcc/lib\libHCCD.a(fat_common.o)
                0x2000eed0                _f_clustertopos
 .text._f_getcurrsector
                0x2000efc8      0x6c8 C:/ISIS/workspace_ycube/GlobusSatProject/..//hal/hcc/lib\libHCCD.a(fat_common.o)
                0x2000efc8                _f_getcurrsector
 .text._f_getdecluster
                0x2000f690       0x90 C:/ISIS/workspace_ycube/GlobusSatProject/..//hal/hcc/lib\libHCCD.a(fat_common.o)
                0x2000f690                _f_getdecluster
 .text._f_setdecluster
                0x2000f720       0x8c C:/ISIS/workspace_ycube/GlobusSatProject/..//hal/hcc/lib\libHCCD.a(fat_common.o)
                0x2000f720                _f_setdecluster
 .text.fn_getdrive
                0x2000f7ac       0x30 C:/ISIS/workspace_ycube/GlobusSatProject/..//hal/hcc/lib\libHCCD.a(fat_common.o)
                0x2000f7ac                fn_getdrive
 .text._f_getcurrenttimedate
                0x2000f7dc      0x138 C:/ISIS/workspace_ycube/GlobusSatProject/..//hal/hcc/lib\libHCCD.a(fat_common.o)
                0x2000f7dc                _f_getcurrenttimedate
 .text._f_initentry
                0x2000f914       0xa0 C:/ISIS/workspace_ycube/GlobusSatProject/..//hal/hcc/lib\libHCCD.a(fat_common.o)
                0x2000f914                _f_initentry
 .text._f_alloccluster
                0x2000f9b4      0x344 C:/ISIS/workspace_ycube/GlobusSatProject/..//hal/hcc/lib\libHCCD.a(fat_common.o)
                0x2000f9b4                _f_alloccluster
 .text._f_dobadblock
                0x2000fcf8      0x2cc C:/ISIS/workspace_ycube/GlobusSatProject/..//hal/hcc/lib\libHCCD.a(fat_common.o)
                0x2000fcf8                _f_dobadblock
 .text._f_checklocked
                0x2000ffc4       0xe4 C:/ISIS/workspace_ycube/GlobusSatProject/..//hal/hcc/lib\libHCCD.a(fat_common.o)
                0x2000ffc4                _f_checklocked
 .text._f_checkappendlocked
                0x200100a8      0x110 C:/ISIS/workspace_ycube/GlobusSatProject/..//hal/hcc/lib\libHCCD.a(fat_common.o)
                0x200100a8                _f_checkappendlocked
 .text._f_setsyncafile
                0x200101b8      0x114 C:/ISIS/workspace_ycube/GlobusSatProject/..//hal/hcc/lib\libHCCD.a(fat_common.o)
                0x200101b8                _f_setsyncafile
 .text._f_syncfiles
                0x200102cc      0x128 C:/ISIS/workspace_ycube/GlobusSatProject/..//hal/hcc/lib\libHCCD.a(fat_common.o)
                0x200102cc                _f_syncfiles
 .text._f_syncfilescontent
                0x200103f4      0x15c C:/ISIS/workspace_ycube/GlobusSatProject/..//hal/hcc/lib\libHCCD.a(fat_common.o)
 .text.fn_getfreespace
                0x20010550      0x4c0 C:/ISIS/workspace_ycube/GlobusSatProject/..//hal/hcc/lib\libHCCD.a(fat_common.o)
                0x20010550                fn_getfreespace
 .text._f_emptywritecache
                0x20010a10      0x4a4 C:/ISIS/workspace_ycube/GlobusSatProject/..//hal/hcc/lib\libHCCD.a(fat_common.o)
 .text._f_allocnextcluster
                0x20010eb4      0x54c C:/ISIS/workspace_ycube/GlobusSatProject/..//hal/hcc/lib\libHCCD.a(fat_common.o)
 .text._f_emptywritebuffer
                0x20011400      0x20c C:/ISIS/workspace_ycube/GlobusSatProject/..//hal/hcc/lib\libHCCD.a(fat_common.o)
 .text._f_writezeros
                0x2001160c       0xf0 C:/ISIS/workspace_ycube/GlobusSatProject/..//hal/hcc/lib\libHCCD.a(fat_common.o)
                0x2001160c                _f_writezeros
 .text._f_extend_file
                0x200116fc      0x570 C:/ISIS/workspace_ycube/GlobusSatProject/..//hal/hcc/lib\libHCCD.a(fat_common.o)
 .text._f_fseek
                0x20011c6c      0x9bc C:/ISIS/workspace_ycube/GlobusSatProject/..//hal/hcc/lib\libHCCD.a(fat_common.o)
                0x20011c6c                _f_fseek
 .text._f_removechain
                0x20012628      0x104 C:/ISIS/workspace_ycube/GlobusSatProject/..//hal/hcc/lib\libHCCD.a(fat_common.o)
                0x20012628                _f_removechain
 .text._f_updatefileentry
                0x2001272c      0x1cc C:/ISIS/workspace_ycube/GlobusSatProject/..//hal/hcc/lib\libHCCD.a(fat_common.o)
 .text._f_checkreadlocked
                0x200128f8      0x1bc C:/ISIS/workspace_ycube/GlobusSatProject/..//hal/hcc/lib\libHCCD.a(fat_common.o)
                0x200128f8                _f_checkreadlocked
 .text._f_check_handle
                0x20012ab4       0x98 C:/ISIS/workspace_ycube/GlobusSatProject/..//hal/hcc/lib\libHCCD.a(fat_common.o)
                0x20012ab4                _f_check_handle
 .text._f_removesyncafile
                0x20012b4c      0x1ec C:/ISIS/workspace_ycube/GlobusSatProject/..//hal/hcc/lib\libHCCD.a(fat_common.o)
 .text.fn_close
                0x20012d38      0x3f8 C:/ISIS/workspace_ycube/GlobusSatProject/..//hal/hcc/lib\libHCCD.a(fat_common.o)
                0x20012d38                fn_close
 .text.fn_flush
                0x20013130      0x374 C:/ISIS/workspace_ycube/GlobusSatProject/..//hal/hcc/lib\libHCCD.a(fat_common.o)
                0x20013130                fn_flush
 .text.fn_read  0x200134a4      0x690 C:/ISIS/workspace_ycube/GlobusSatProject/..//hal/hcc/lib\libHCCD.a(fat_common.o)
                0x200134a4                fn_read
 .text._f_abortwrite
                0x20013b34      0x100 C:/ISIS/workspace_ycube/GlobusSatProject/..//hal/hcc/lib\libHCCD.a(fat_common.o)
 .text._f_checkwritecluster
                0x20013c34       0xe4 C:/ISIS/workspace_ycube/GlobusSatProject/..//hal/hcc/lib\libHCCD.a(fat_common.o)
 .text.fn_write
                0x20013d18      0x8a8 C:/ISIS/workspace_ycube/GlobusSatProject/..//hal/hcc/lib\libHCCD.a(fat_common.o)
                0x20013d18                fn_write
 .text.f_enterFS
                0x200145c0      0x1c0 C:/ISIS/workspace_ycube/GlobusSatProject/..//hal/hcc/lib\libHCCD.a(fat_common.o)
                0x200145c0                f_enterFS
 .text.fnGetTask
                0x20014780       0xfc C:/ISIS/workspace_ycube/GlobusSatProject/..//hal/hcc/lib\libHCCD.a(fat_common.o)
                0x20014780                fnGetTask
 .text._f_mutex_get
                0x2001487c       0x98 C:/ISIS/workspace_ycube/GlobusSatProject/..//hal/hcc/lib\libHCCD.a(fat_common.o)
                0x2001487c                _f_mutex_get
 .text._f_mutex_put
                0x20014914       0x54 C:/ISIS/workspace_ycube/GlobusSatProject/..//hal/hcc/lib\libHCCD.a(fat_common.o)
                0x20014914                _f_mutex_put
 .text._fn_initseekdivisor
                0x20014968      0x158 C:/ISIS/workspace_ycube/GlobusSatProject/..//hal/hcc/lib\libHCCD.a(fat_common.o)
                0x20014968                _fn_initseekdivisor
 .text._fn_updateseekpos
                0x20014ac0       0xc4 C:/ISIS/workspace_ycube/GlobusSatProject/..//hal/hcc/lib\libHCCD.a(fat_common.o)
 .text._f_findopensize
                0x20014b84       0x2c C:/ISIS/workspace_ycube/GlobusSatProject/..//hal/hcc/lib\libHCCD.a(fat_common.o)
                0x20014b84                _f_findopensize
 .text.fn_setlasterror
                0x20014bb0       0x34 C:/ISIS/workspace_ycube/GlobusSatProject/..//hal/hcc/lib\libHCCD.a(fat_common.o)
                0x20014bb0                fn_setlasterror
 .text.fn_setlasterror_noret
                0x20014be4       0x2c C:/ISIS/workspace_ycube/GlobusSatProject/..//hal/hcc/lib\libHCCD.a(fat_common.o)
                0x20014be4                fn_setlasterror_noret
 .text.fm_initvolume
                0x20014c10       0x70 C:/ISIS/workspace_ycube/GlobusSatProject/..//hal/hcc/lib\libHCCD.a(fat_m.o)
                0x20014c10                fm_initvolume
 .text.fm_getdrive
                0x20014c80       0x70 C:/ISIS/workspace_ycube/GlobusSatProject/..//hal/hcc/lib\libHCCD.a(fat_m.o)
                0x20014c80                fm_getdrive
 .text.fm_getfreespace
                0x20014cf0       0x68 C:/ISIS/workspace_ycube/GlobusSatProject/..//hal/hcc/lib\libHCCD.a(fat_m.o)
                0x20014cf0                fm_getfreespace
 .text.fm_findfirst
                0x20014d58       0x68 C:/ISIS/workspace_ycube/GlobusSatProject/..//hal/hcc/lib\libHCCD.a(fat_m.o)
                0x20014d58                fm_findfirst
 .text.fm_findnext
                0x20014dc0       0x60 C:/ISIS/workspace_ycube/GlobusSatProject/..//hal/hcc/lib\libHCCD.a(fat_m.o)
                0x20014dc0                fm_findnext
 .text.fm_close
                0x20014e20       0x60 C:/ISIS/workspace_ycube/GlobusSatProject/..//hal/hcc/lib\libHCCD.a(fat_m.o)
                0x20014e20                fm_close
 .text.fm_flush
                0x20014e80       0x60 C:/ISIS/workspace_ycube/GlobusSatProject/..//hal/hcc/lib\libHCCD.a(fat_m.o)
                0x20014e80                fm_flush
 .text.fm_open  0x20014ee0       0x68 C:/ISIS/workspace_ycube/GlobusSatProject/..//hal/hcc/lib\libHCCD.a(fat_m.o)
                0x20014ee0                fm_open
 .text.fm_read  0x20014f48       0x7c C:/ISIS/workspace_ycube/GlobusSatProject/..//hal/hcc/lib\libHCCD.a(fat_m.o)
                0x20014f48                fm_read
 .text.fm_write
                0x20014fc4       0x7c C:/ISIS/workspace_ycube/GlobusSatProject/..//hal/hcc/lib\libHCCD.a(fat_m.o)
                0x20014fc4                fm_write
 .text.fm_delete
                0x20015040       0x64 C:/ISIS/workspace_ycube/GlobusSatProject/..//hal/hcc/lib\libHCCD.a(fat_m.o)
                0x20015040                fm_delete
 .text.fm_getlasterror
                0x200150a4       0x40 C:/ISIS/workspace_ycube/GlobusSatProject/..//hal/hcc/lib\libHCCD.a(fat_m.o)
                0x200150a4                fm_getlasterror
 .text._s_checkzeroclusteratend
                0x200150e4       0xf8 C:/ISIS/workspace_ycube/GlobusSatProject/..//hal/hcc/lib\libHCCD.a(safefat.o)
 .text._s_clearclustercontent
                0x200151dc      0x108 C:/ISIS/workspace_ycube/GlobusSatProject/..//hal/hcc/lib\libHCCD.a(safefat.o)
 .text._s_clearclustercontentdir
                0x200152e4      0x19c C:/ISIS/workspace_ycube/GlobusSatProject/..//hal/hcc/lib\libHCCD.a(safefat.o)
 .text._s_writedirsector
                0x20015480       0xd0 C:/ISIS/workspace_ycube/GlobusSatProject/..//hal/hcc/lib\libHCCD.a(safefat.o)
 .text._s_getdirsector
                0x20015550      0x100 C:/ISIS/workspace_ycube/GlobusSatProject/..//hal/hcc/lib\libHCCD.a(safefat.o)
 .text._s_addentry
                0x20015650      0x394 C:/ISIS/workspace_ycube/GlobusSatProject/..//hal/hcc/lib\libHCCD.a(safefat.o)
 .text._s_findfile
                0x200159e4      0x33c C:/ISIS/workspace_ycube/GlobusSatProject/..//hal/hcc/lib\libHCCD.a(safefat.o)
 .text._s_findsubdir
                0x20015d20      0x248 C:/ISIS/workspace_ycube/GlobusSatProject/..//hal/hcc/lib\libHCCD.a(safefat.o)
 .text._s_createfile
                0x20015f68      0x190 C:/ISIS/workspace_ycube/GlobusSatProject/..//hal/hcc/lib\libHCCD.a(safefat.o)
 .text._s_findsaffile
                0x200160f8      0x1b8 C:/ISIS/workspace_ycube/GlobusSatProject/..//hal/hcc/lib\libHCCD.a(safefat.o)
 .text._s_open  0x200162b0       0xe4 C:/ISIS/workspace_ycube/GlobusSatProject/..//hal/hcc/lib\libHCCD.a(safefat.o)
 .text._s_open_saf
                0x20016394       0xe8 C:/ISIS/workspace_ycube/GlobusSatProject/..//hal/hcc/lib\libHCCD.a(safefat.o)
 .text._s_flush
                0x2001647c       0x84 C:/ISIS/workspace_ycube/GlobusSatProject/..//hal/hcc/lib\libHCCD.a(safefat.o)
 .text._s_allocnextcluster
                0x20016500      0x13c C:/ISIS/workspace_ycube/GlobusSatProject/..//hal/hcc/lib\libHCCD.a(safefat.o)
 .text._s_getnextsector
                0x2001663c       0xdc C:/ISIS/workspace_ycube/GlobusSatProject/..//hal/hcc/lib\libHCCD.a(safefat.o)
 .text._s_seek  0x20016718      0x1e8 C:/ISIS/workspace_ycube/GlobusSatProject/..//hal/hcc/lib\libHCCD.a(safefat.o)
 .text._s_read  0x20016900      0x228 C:/ISIS/workspace_ycube/GlobusSatProject/..//hal/hcc/lib\libHCCD.a(safefat.o)
 .text._s_write
                0x20016b28      0x384 C:/ISIS/workspace_ycube/GlobusSatProject/..//hal/hcc/lib\libHCCD.a(safefat.o)
 .text._s_restoreclusters
                0x20016eac      0x270 C:/ISIS/workspace_ycube/GlobusSatProject/..//hal/hcc/lib\libHCCD.a(safefat.o)
                0x20016eac                _s_restoreclusters
 .text._s_findrestore
                0x2001711c      0x18c C:/ISIS/workspace_ycube/GlobusSatProject/..//hal/hcc/lib\libHCCD.a(safefat.o)
 .text._s_cmd_writede
                0x200172a8       0xd8 C:/ISIS/workspace_ycube/GlobusSatProject/..//hal/hcc/lib\libHCCD.a(safefat.o)
 .text._s_cmd_setcluster
                0x20017380       0x88 C:/ISIS/workspace_ycube/GlobusSatProject/..//hal/hcc/lib\libHCCD.a(safefat.o)
 .text._s_cmd_deletechain
                0x20017408      0x100 C:/ISIS/workspace_ycube/GlobusSatProject/..//hal/hcc/lib\libHCCD.a(safefat.o)
 .text._s_cmd_validatecfn
                0x20017508      0x308 C:/ISIS/workspace_ycube/GlobusSatProject/..//hal/hcc/lib\libHCCD.a(safefat.o)
 .text._s_cmd_seteof
                0x20017810      0x3c4 C:/ISIS/workspace_ycube/GlobusSatProject/..//hal/hcc/lib\libHCCD.a(safefat.o)
 .text.safe_docommands
                0x20017bd4      0x56c C:/ISIS/workspace_ycube/GlobusSatProject/..//hal/hcc/lib\libHCCD.a(safefat.o)
                0x20017bd4                safe_docommands
 .text.safe_entercommand
                0x20018140       0x68 C:/ISIS/workspace_ycube/GlobusSatProject/..//hal/hcc/lib\libHCCD.a(safefat.o)
                0x20018140                safe_entercommand
 .text.safe_ready
                0x200181a8       0xf4 C:/ISIS/workspace_ycube/GlobusSatProject/..//hal/hcc/lib\libHCCD.a(safefat.o)
                0x200181a8                safe_ready
 .text.safe_copycfn
                0x2001829c       0xb8 C:/ISIS/workspace_ycube/GlobusSatProject/..//hal/hcc/lib\libHCCD.a(safefat.o)
                0x2001829c                safe_copycfn
 .text.safe_cfremove
                0x20018354       0xb8 C:/ISIS/workspace_ycube/GlobusSatProject/..//hal/hcc/lib\libHCCD.a(safefat.o)
                0x20018354                safe_cfremove
 .text.safe_writede
                0x2001840c      0x104 C:/ISIS/workspace_ycube/GlobusSatProject/..//hal/hcc/lib\libHCCD.a(safefat.o)
                0x2001840c                safe_writede
 .text.safe_setcluster
                0x20018510       0xcc C:/ISIS/workspace_ycube/GlobusSatProject/..//hal/hcc/lib\libHCCD.a(safefat.o)
                0x20018510                safe_setcluster
 .text.safe_deletechain
                0x200185dc      0x1c8 C:/ISIS/workspace_ycube/GlobusSatProject/..//hal/hcc/lib\libHCCD.a(safefat.o)
                0x200185dc                safe_deletechain
 .text.safe_cfclose
                0x200187a4      0x104 C:/ISIS/workspace_ycube/GlobusSatProject/..//hal/hcc/lib\libHCCD.a(safefat.o)
                0x200187a4                safe_cfclose
 .text.safe_cfflush
                0x200188a8      0x124 C:/ISIS/workspace_ycube/GlobusSatProject/..//hal/hcc/lib\libHCCD.a(safefat.o)
                0x200188a8                safe_cfflush
 .text.safe_reset
                0x200189cc       0x78 C:/ISIS/workspace_ycube/GlobusSatProject/..//hal/hcc/lib\libHCCD.a(safefat.o)
                0x200189cc                safe_reset
 .text.safe_loadcommands
                0x20018a44       0x78 C:/ISIS/workspace_ycube/GlobusSatProject/..//hal/hcc/lib\libHCCD.a(safefat.o)
                0x20018a44                safe_loadcommands
 .text.safe_poweron
                0x20018abc      0x1fc C:/ISIS/workspace_ycube/GlobusSatProject/..//hal/hcc/lib\libHCCD.a(safefat.o)
                0x20018abc                safe_poweron
 .text.cf_getname
                0x20018cb8       0xc0 C:/ISIS/workspace_ycube/GlobusSatProject/..//hal/hcc/lib\libHCCD.a(safefat.o)
 .text.cf_copyclusterchain
                0x20018d78      0x138 C:/ISIS/workspace_ycube/GlobusSatProject/..//hal/hcc/lib\libHCCD.a(safefat.o)
 .text.cf_seektozero
                0x20018eb0       0x94 C:/ISIS/workspace_ycube/GlobusSatProject/..//hal/hcc/lib\libHCCD.a(safefat.o)
                0x20018eb0                cf_seektozero
 .text.cf_create
                0x20018f44      0x3a8 C:/ISIS/workspace_ycube/GlobusSatProject/..//hal/hcc/lib\libHCCD.a(safefat.o)
                0x20018f44                cf_create
 .text.cf_copyclustercontent
                0x200192ec      0x128 C:/ISIS/workspace_ycube/GlobusSatProject/..//hal/hcc/lib\libHCCD.a(safefat.o)
                0x200192ec                cf_copyclustercontent
 .text.cf_copycfn
                0x20019414      0x4bc C:/ISIS/workspace_ycube/GlobusSatProject/..//hal/hcc/lib\libHCCD.a(safefat.o)
                0x20019414                cf_copycfn
 .text.cf_remove
                0x200198d0      0x344 C:/ISIS/workspace_ycube/GlobusSatProject/..//hal/hcc/lib\libHCCD.a(safefat.o)
                0x200198d0                cf_remove
 .text.cf_setclusternew
                0x20019c14       0xf0 C:/ISIS/workspace_ycube/GlobusSatProject/..//hal/hcc/lib\libHCCD.a(safefat.o)
                0x20019c14                cf_setclusternew
 .text.cf_flush
                0x20019d04       0x58 C:/ISIS/workspace_ycube/GlobusSatProject/..//hal/hcc/lib\libHCCD.a(safefat.o)
                0x20019d04                cf_flush
 .text.cf_getcluster
                0x20019d5c      0x1b4 C:/ISIS/workspace_ycube/GlobusSatProject/..//hal/hcc/lib\libHCCD.a(safefat.o)
                0x20019d5c                cf_getcluster
 .text.cf_setnextcluster
                0x20019f10      0x194 C:/ISIS/workspace_ycube/GlobusSatProject/..//hal/hcc/lib\libHCCD.a(safefat.o)
                0x20019f10                cf_setnextcluster
 .text.cf_getpositions
                0x2001a0a4       0xbc C:/ISIS/workspace_ycube/GlobusSatProject/..//hal/hcc/lib\libHCCD.a(safefat.o)
                0x2001a0a4                cf_getpositions
 .text.cf_setpositions
                0x2001a160       0xb0 C:/ISIS/workspace_ycube/GlobusSatProject/..//hal/hcc/lib\libHCCD.a(safefat.o)
                0x2001a160                cf_setpositions
 .text.cf_opensyncafile
                0x2001a210      0x150 C:/ISIS/workspace_ycube/GlobusSatProject/..//hal/hcc/lib\libHCCD.a(safefat.o)
                0x2001a210                cf_opensyncafile
 .text.cf_reloadcfo
                0x2001a360       0xd8 C:/ISIS/workspace_ycube/GlobusSatProject/..//hal/hcc/lib\libHCCD.a(safefat.o)
                0x2001a360                cf_reloadcfo
 .text.mcipdc_cmd
                0x2001a438      0x22c C:/ISIS/workspace_ycube/GlobusSatProject/..//hal/hcc/lib\libHCCD.a(atmel_mcipdc.o)
 .text.mcipdc_stop
                0x2001a664       0xfc C:/ISIS/workspace_ycube/GlobusSatProject/..//hal/hcc/lib\libHCCD.a(atmel_mcipdc.o)
                0x2001a664                mcipdc_stop
 .text.mcipdc_read
                0x2001a760      0x27c C:/ISIS/workspace_ycube/GlobusSatProject/..//hal/hcc/lib\libHCCD.a(atmel_mcipdc.o)
 .text.mcipdc_write
                0x2001a9dc      0x298 C:/ISIS/workspace_ycube/GlobusSatProject/..//hal/hcc/lib\libHCCD.a(atmel_mcipdc.o)
 .text.mcipdc_readsector
                0x2001ac74       0x9c C:/ISIS/workspace_ycube/GlobusSatProject/..//hal/hcc/lib\libHCCD.a(atmel_mcipdc.o)
                0x2001ac74                mcipdc_readsector
 .text.mcipdc_readmultiplesector
                0x2001ad10      0x124 C:/ISIS/workspace_ycube/GlobusSatProject/..//hal/hcc/lib\libHCCD.a(atmel_mcipdc.o)
                0x2001ad10                mcipdc_readmultiplesector
 .text.mcipdc_writesector
                0x2001ae34       0x90 C:/ISIS/workspace_ycube/GlobusSatProject/..//hal/hcc/lib\libHCCD.a(atmel_mcipdc.o)
                0x2001ae34                mcipdc_writesector
 .text.mcipdc_writemultiplesector
                0x2001aec4      0x120 C:/ISIS/workspace_ycube/GlobusSatProject/..//hal/hcc/lib\libHCCD.a(atmel_mcipdc.o)
                0x2001aec4                mcipdc_writemultiplesector
 .text.mcipdc_set_speed
                0x2001afe4       0xb0 C:/ISIS/workspace_ycube/GlobusSatProject/..//hal/hcc/lib\libHCCD.a(atmel_mcipdc.o)
 .text.mcipdc_get_speed
                0x2001b094       0x48 C:/ISIS/workspace_ycube/GlobusSatProject/..//hal/hcc/lib\libHCCD.a(atmel_mcipdc.o)
 .text._get_csd_bits
                0x2001b0dc      0x14c C:/ISIS/workspace_ycube/GlobusSatProject/..//hal/hcc/lib\libHCCD.a(atmel_mcipdc.o)
 .text.mcipdc_initcard
                0x2001b228      0x8f4 C:/ISIS/workspace_ycube/GlobusSatProject/..//hal/hcc/lib\libHCCD.a(atmel_mcipdc.o)
 .text.mcipdc_getstatus
                0x2001bb1c       0xe8 C:/ISIS/workspace_ycube/GlobusSatProject/..//hal/hcc/lib\libHCCD.a(atmel_mcipdc.o)
 .text.mcipdc_getphy
                0x2001bc04       0x90 C:/ISIS/workspace_ycube/GlobusSatProject/..//hal/hcc/lib\libHCCD.a(atmel_mcipdc.o)
 .text.mcipdc_release
                0x2001bc94       0x50 C:/ISIS/workspace_ycube/GlobusSatProject/..//hal/hcc/lib\libHCCD.a(atmel_mcipdc.o)
 .text.atmel_mcipdc_initfunc
                0x2001bce4      0x160 C:/ISIS/workspace_ycube/GlobusSatProject/..//hal/hcc/lib\libHCCD.a(atmel_mcipdc.o)
                0x2001bce4                atmel_mcipdc_initfunc
 .text.oal_mutex_create
                0x2001be44       0x54 C:/ISIS/workspace_ycube/GlobusSatProject/..//hal/hcc/lib\libHCCD.a(oalp_mutex.o)
                0x2001be44                oal_mutex_create
 .text.oal_mutex_delete
                0x2001be98       0x30 C:/ISIS/workspace_ycube/GlobusSatProject/..//hal/hcc/lib\libHCCD.a(oalp_mutex.o)
                0x2001be98                oal_mutex_delete
 .text.oal_mutex_get
                0x2001bec8       0x58 C:/ISIS/workspace_ycube/GlobusSatProject/..//hal/hcc/lib\libHCCD.a(oalp_mutex.o)
                0x2001bec8                oal_mutex_get
 .text.oal_mutex_put
                0x2001bf20       0x58 C:/ISIS/workspace_ycube/GlobusSatProject/..//hal/hcc/lib\libHCCD.a(oalp_mutex.o)
                0x2001bf20                oal_mutex_put
 .text.oal_task_get_id
                0x2001bf78       0x18 C:/ISIS/workspace_ycube/GlobusSatProject/..//hal/hcc/lib\libHCCD.a(oalp_task.o)
                0x2001bf78                oal_task_get_id
 .text.mcipdc_hw_init
                0x2001bf90       0xe8 C:/ISIS/workspace_ycube/GlobusSatProject/..//hal/hcc/lib\libHCCD.a(atmel_mcipdc_hw.o)
                0x2001bf90                mcipdc_hw_init
 .text.mcipdc_hw_delete
                0x2001c078       0x78 C:/ISIS/workspace_ycube/GlobusSatProject/..//hal/hcc/lib\libHCCD.a(atmel_mcipdc_hw.o)
                0x2001c078                mcipdc_hw_delete
 .text.mcipdc_hw_card_plugged
                0x2001c0f0       0x1c C:/ISIS/workspace_ycube/GlobusSatProject/..//hal/hcc/lib\libHCCD.a(atmel_mcipdc_hw.o)
                0x2001c0f0                mcipdc_hw_card_plugged
 .text.mcipdc_hw_card_writeprotect
                0x2001c10c       0x1c C:/ISIS/workspace_ycube/GlobusSatProject/..//hal/hcc/lib\libHCCD.a(atmel_mcipdc_hw.o)
                0x2001c10c                mcipdc_hw_card_writeprotect
 .text.psp_getcurrenttimedate
                0x2001c128       0x8c C:/ISIS/workspace_ycube/GlobusSatProject/..//hal/hcc/lib\libHCCD.a(psp_rtc.o)
                0x2001c128                psp_getcurrenttimedate
 .text._hcc_get_buf_dsc
                0x2001c1b4       0x8c C:/ISIS/workspace_ycube/GlobusSatProject/..//hal/hcc/lib\libHCCD.a(hcc_mem.o)
 .text._hcc_check_free_pages
                0x2001c240      0x18c C:/ISIS/workspace_ycube/GlobusSatProject/..//hal/hcc/lib\libHCCD.a(hcc_mem.o)
 .text._hcc_mark_pages
                0x2001c3cc      0x158 C:/ISIS/workspace_ycube/GlobusSatProject/..//hal/hcc/lib\libHCCD.a(hcc_mem.o)
 .text._hcc_clear_lock_dsc
                0x2001c524       0x80 C:/ISIS/workspace_ycube/GlobusSatProject/..//hal/hcc/lib\libHCCD.a(hcc_mem.o)
 .text._hcc_lock_access
                0x2001c5a4      0x128 C:/ISIS/workspace_ycube/GlobusSatProject/..//hal/hcc/lib\libHCCD.a(hcc_mem.o)
 .text._hcc_unlock_access
                0x2001c6cc       0x30 C:/ISIS/workspace_ycube/GlobusSatProject/..//hal/hcc/lib\libHCCD.a(hcc_mem.o)
 .text.hcc_mem_alloc
                0x2001c6fc      0x454 C:/ISIS/workspace_ycube/GlobusSatProject/..//hal/hcc/lib\libHCCD.a(hcc_mem.o)
                0x2001c6fc                hcc_mem_alloc
 .text.hcc_mem_free
                0x2001cb50      0x178 C:/ISIS/workspace_ycube/GlobusSatProject/..//hal/hcc/lib\libHCCD.a(hcc_mem.o)
                0x2001cb50                hcc_mem_free
 .text.hcc_mem_add
                0x2001ccc8      0x3b0 C:/ISIS/workspace_ycube/GlobusSatProject/..//hal/hcc/lib\libHCCD.a(hcc_mem.o)
                0x2001ccc8                hcc_mem_add
 .text.hcc_mem_init
                0x2001d078      0x164 C:/ISIS/workspace_ycube/GlobusSatProject/..//hal/hcc/lib\libHCCD.a(hcc_mem.o)
                0x2001d078                hcc_mem_init
 .text._f_invalidatedir
                0x2001d1dc       0x28 C:/ISIS/workspace_ycube/GlobusSatProject/..//hal/hcc/lib\libHCCD.a(fat.o)
                0x2001d1dc                _f_invalidatedir
 .text._f_getdirsector
                0x2001d204       0x88 C:/ISIS/workspace_ycube/GlobusSatProject/..//hal/hcc/lib\libHCCD.a(fat.o)
                0x2001d204                _f_getdirsector
 .text._f_writedirsector
                0x2001d28c       0x74 C:/ISIS/workspace_ycube/GlobusSatProject/..//hal/hcc/lib\libHCCD.a(fat.o)
                0x2001d28c                _f_writedirsector
 .text._f_checknameinv
                0x2001d300      0x180 C:/ISIS/workspace_ycube/GlobusSatProject/..//hal/hcc/lib\libHCCD.a(fat.o)
 .text._f_checkname
                0x2001d480       0x7c C:/ISIS/workspace_ycube/GlobusSatProject/..//hal/hcc/lib\libHCCD.a(fat.o)
 .text._f_checknamewc
                0x2001d4fc       0xf8 C:/ISIS/workspace_ycube/GlobusSatProject/..//hal/hcc/lib\libHCCD.a(fat.o)
 .text._f_setnameext
                0x2001d5f4      0x300 C:/ISIS/workspace_ycube/GlobusSatProject/..//hal/hcc/lib\libHCCD.a(fat.o)
 .text._f_setfsname
                0x2001d8f4      0x584 C:/ISIS/workspace_ycube/GlobusSatProject/..//hal/hcc/lib\libHCCD.a(fat.o)
 .text._f_findfile
                0x2001de78      0x30c C:/ISIS/workspace_ycube/GlobusSatProject/..//hal/hcc/lib\libHCCD.a(fat.o)
 .text._f_cmp_wname
                0x2001e184      0x274 C:/ISIS/workspace_ycube/GlobusSatProject/..//hal/hcc/lib\libHCCD.a(fat.o)
 .text._f_to_string
                0x2001e3f8      0x130 C:/ISIS/workspace_ycube/GlobusSatProject/..//hal/hcc/lib\libHCCD.a(fat.o)
 .text._f_findfilewc
                0x2001e528      0x278 C:/ISIS/workspace_ycube/GlobusSatProject/..//hal/hcc/lib\libHCCD.a(fat.o)
 .text._f_getfilename
                0x2001e7a0      0x20c C:/ISIS/workspace_ycube/GlobusSatProject/..//hal/hcc/lib\libHCCD.a(fat.o)
 .text._f_findpath
                0x2001e9ac      0x35c C:/ISIS/workspace_ycube/GlobusSatProject/..//hal/hcc/lib\libHCCD.a(fat.o)
 .text.fn_getdcwd
                0x2001ed08      0x1e0 C:/ISIS/workspace_ycube/GlobusSatProject/..//hal/hcc/lib\libHCCD.a(fat.o)
                0x2001ed08                fn_getdcwd
 .text.fn_findfirst
                0x2001eee8      0x13c C:/ISIS/workspace_ycube/GlobusSatProject/..//hal/hcc/lib\libHCCD.a(fat.o)
                0x2001eee8                fn_findfirst
 .text.fn_findnext
                0x2001f024      0x360 C:/ISIS/workspace_ycube/GlobusSatProject/..//hal/hcc/lib\libHCCD.a(fat.o)
                0x2001f024                fn_findnext
 .text._f_lock_resfile
                0x2001f384       0x6c C:/ISIS/workspace_ycube/GlobusSatProject/..//hal/hcc/lib\libHCCD.a(fat.o)
 .text._f_unlock_resfile
                0x2001f3f0       0x40 C:/ISIS/workspace_ycube/GlobusSatProject/..//hal/hcc/lib\libHCCD.a(fat.o)
 .text._f_getintfile
                0x2001f430      0x124 C:/ISIS/workspace_ycube/GlobusSatProject/..//hal/hcc/lib\libHCCD.a(fat.o)
 .text._f_addentry
                0x2001f554      0x540 C:/ISIS/workspace_ycube/GlobusSatProject/..//hal/hcc/lib\libHCCD.a(fat.o)
 .text.fn_open_sub
                0x2001fa94     0x1698 C:/ISIS/workspace_ycube/GlobusSatProject/..//hal/hcc/lib\libHCCD.a(fat.o)
 .text.fn_open  0x2002112c       0x44 C:/ISIS/workspace_ycube/GlobusSatProject/..//hal/hcc/lib\libHCCD.a(fat.o)
                0x2002112c                fn_open
 .text.fn_delete
                0x20021170      0x490 C:/ISIS/workspace_ycube/GlobusSatProject/..//hal/hcc/lib\libHCCD.a(fat.o)
                0x20021170                fn_delete
 .text.hcc_mem_buf_alloc
                0x20021600       0xe4 C:/ISIS/workspace_ycube/GlobusSatProject/..//hal/hcc/lib\libHCCD.a(psp_hcc_mem.o)
                0x20021600                hcc_mem_buf_alloc
 .text.makeAntStransfer
                0x200216e4       0x4c C:/ISIS/workspace_ycube/satellite-subsystems/satellite-subsystems/lib\libSatelliteSubsystemsD.a(IsisAntS.o)
 .text.checkInputsValid
                0x20021730       0x7c C:/ISIS/workspace_ycube/satellite-subsystems/satellite-subsystems/lib\libSatelliteSubsystemsD.a(IsisAntS.o)
 .text.IsisAntS_initialize
                0x200217ac      0x26c C:/ISIS/workspace_ycube/satellite-subsystems/satellite-subsystems/lib\libSatelliteSubsystemsD.a(IsisAntS.o)
                0x200217ac                IsisAntS_initialize
 .text.IsisAntS_setArmStatus
                0x20021a18      0x104 C:/ISIS/workspace_ycube/satellite-subsystems/satellite-subsystems/lib\libSatelliteSubsystemsD.a(IsisAntS.o)
                0x20021a18                IsisAntS_setArmStatus
 .text.IsisAntS_getStatusData
                0x20021b1c      0x120 C:/ISIS/workspace_ycube/satellite-subsystems/satellite-subsystems/lib\libSatelliteSubsystemsD.a(IsisAntS.o)
                0x20021b1c                IsisAntS_getStatusData
 .text.IsisAntS_getUptime
                0x20021c3c      0x120 C:/ISIS/workspace_ycube/satellite-subsystems/satellite-subsystems/lib\libSatelliteSubsystemsD.a(IsisAntS.o)
                0x20021c3c                IsisAntS_getUptime
 .text.IsisAntS_getAlltelemetry
                0x20021d5c      0x120 C:/ISIS/workspace_ycube/satellite-subsystems/satellite-subsystems/lib\libSatelliteSubsystemsD.a(IsisAntS.o)
                0x20021d5c                IsisAntS_getAlltelemetry
 .text.IsisAntS_reset
                0x20021e7c      0x104 C:/ISIS/workspace_ycube/satellite-subsystems/satellite-subsystems/lib\libSatelliteSubsystemsD.a(IsisAntS.o)
                0x20021e7c                IsisAntS_reset
 .text.IsisAntS_cancelDeployment
                0x20021f80      0x104 C:/ISIS/workspace_ycube/satellite-subsystems/satellite-subsystems/lib\libSatelliteSubsystemsD.a(IsisAntS.o)
                0x20021f80                IsisAntS_cancelDeployment
 .text.IsisAntS_autoDeployment
                0x20022084      0x114 C:/ISIS/workspace_ycube/satellite-subsystems/satellite-subsystems/lib\libSatelliteSubsystemsD.a(IsisAntS.o)
                0x20022084                IsisAntS_autoDeployment
 .text.IsisSolarPanelv2_initialize
                0x20022198       0xb4 C:/ISIS/workspace_ycube/satellite-subsystems/satellite-subsystems/lib\libSatelliteSubsystemsD.a(IsisSolarPanelv2.o)
                0x20022198                IsisSolarPanelv2_initialize
 .text.IsisSolarPanelv2_getTemperature
                0x2002224c       0xc8 C:/ISIS/workspace_ycube/satellite-subsystems/satellite-subsystems/lib\libSatelliteSubsystemsD.a(IsisSolarPanelv2.o)
                0x2002224c                IsisSolarPanelv2_getTemperature
 .text.IsisSolarPanelv2_getState
                0x20022314       0x24 C:/ISIS/workspace_ycube/satellite-subsystems/satellite-subsystems/lib\libSatelliteSubsystemsD.a(IsisSolarPanelv2.o)
                0x20022314                IsisSolarPanelv2_getState
 .text._Reset   0x20022338       0x20 C:/ISIS/workspace_ycube/satellite-subsystems/satellite-subsystems/lib\libSatelliteSubsystemsD.a(IsisSolarPanelv2.o)
 .text._WaitForStartup
                0x20022358       0x90 C:/ISIS/workspace_ycube/satellite-subsystems/satellite-subsystems/lib\libSatelliteSubsystemsD.a(IsisSolarPanelv2.o)
 .text._AssignAllChannels
                0x200223e8       0x90 C:/ISIS/workspace_ycube/satellite-subsystems/satellite-subsystems/lib\libSatelliteSubsystemsD.a(IsisSolarPanelv2.o)
 .text._AssignThisChannel
                0x20022478       0xe8 C:/ISIS/workspace_ycube/satellite-subsystems/satellite-subsystems/lib\libSatelliteSubsystemsD.a(IsisSolarPanelv2.o)
 .text._InitiateConversion
                0x20022560       0xac C:/ISIS/workspace_ycube/satellite-subsystems/satellite-subsystems/lib\libSatelliteSubsystemsD.a(IsisSolarPanelv2.o)
 .text._WaitForConversionComplete
                0x2002260c      0x100 C:/ISIS/workspace_ycube/satellite-subsystems/satellite-subsystems/lib\libSatelliteSubsystemsD.a(IsisSolarPanelv2.o)
 .text._ReadResult
                0x2002270c      0x158 C:/ISIS/workspace_ycube/satellite-subsystems/satellite-subsystems/lib\libSatelliteSubsystemsD.a(IsisSolarPanelv2.o)
 .text._ExtractByte
                0x20022864       0x38 C:/ISIS/workspace_ycube/satellite-subsystems/satellite-subsystems/lib\libSatelliteSubsystemsD.a(IsisSolarPanelv2.o)
 .text._ExtendSign
                0x2002289c       0x6c C:/ISIS/workspace_ycube/satellite-subsystems/satellite-subsystems/lib\libSatelliteSubsystemsD.a(IsisSolarPanelv2.o)
 .text._PinsInit
                0x20022908       0x50 C:/ISIS/workspace_ycube/satellite-subsystems/satellite-subsystems/lib\libSatelliteSubsystemsD.a(IsisSolarPanelv2.o)
 .text._SpiWriteRead
                0x20022958       0x70 C:/ISIS/workspace_ycube/satellite-subsystems/satellite-subsystems/lib\libSatelliteSubsystemsD.a(IsisSolarPanelv2.o)
 .text.IsisTrxvu_initialize
                0x200229c8      0x2f4 C:/ISIS/workspace_ycube/satellite-subsystems/satellite-subsystems/lib\libSatelliteSubsystemsD.a(IsisTRXVU.o)
                0x200229c8                IsisTrxvu_initialize
 .text.makeTRXVUtransfer
                0x20022cbc       0x44 C:/ISIS/workspace_ycube/satellite-subsystems/satellite-subsystems/lib\libSatelliteSubsystemsD.a(IsisTRXVU.o)
 .text.IsisTrxvu_componentSoftReset
                0x20022d00       0x6c C:/ISIS/workspace_ycube/satellite-subsystems/satellite-subsystems/lib\libSatelliteSubsystemsD.a(IsisTRXVU.o)
                0x20022d00                IsisTrxvu_componentSoftReset
 .text.IsisTrxvu_componentHardReset
                0x20022d6c       0xc8 C:/ISIS/workspace_ycube/satellite-subsystems/satellite-subsystems/lib\libSatelliteSubsystemsD.a(IsisTRXVU.o)
                0x20022d6c                IsisTrxvu_componentHardReset
 .text.IsisTrxvu_softReset
                0x20022e34       0x74 C:/ISIS/workspace_ycube/satellite-subsystems/satellite-subsystems/lib\libSatelliteSubsystemsD.a(IsisTRXVU.o)
                0x20022e34                IsisTrxvu_softReset
 .text.IsisTrxvu_hardReset
                0x20022ea8       0x74 C:/ISIS/workspace_ycube/satellite-subsystems/satellite-subsystems/lib\libSatelliteSubsystemsD.a(IsisTRXVU.o)
                0x20022ea8                IsisTrxvu_hardReset
 .text.IsisTrxvu_tcSendAX25DefClSign
                0x20022f1c       0xec C:/ISIS/workspace_ycube/satellite-subsystems/satellite-subsystems/lib\libSatelliteSubsystemsD.a(IsisTRXVU.o)
                0x20022f1c                IsisTrxvu_tcSendAX25DefClSign
 .text.IsisTrxvu_tcSetIdlestate
                0x20023008       0xa4 C:/ISIS/workspace_ycube/satellite-subsystems/satellite-subsystems/lib\libSatelliteSubsystemsD.a(IsisTRXVU.o)
                0x20023008                IsisTrxvu_tcSetIdlestate
 .text.IsisTrxvu_tcSetAx25Bitrate
                0x200230ac       0xc4 C:/ISIS/workspace_ycube/satellite-subsystems/satellite-subsystems/lib\libSatelliteSubsystemsD.a(IsisTRXVU.o)
                0x200230ac                IsisTrxvu_tcSetAx25Bitrate
 .text.IsisTrxvu_tcGetUptime
                0x20023170       0xa0 C:/ISIS/workspace_ycube/satellite-subsystems/satellite-subsystems/lib\libSatelliteSubsystemsD.a(IsisTRXVU.o)
                0x20023170                IsisTrxvu_tcGetUptime
 .text.IsisTrxvu_tcGetState
                0x20023210       0xd0 C:/ISIS/workspace_ycube/satellite-subsystems/satellite-subsystems/lib\libSatelliteSubsystemsD.a(IsisTRXVU.o)
                0x20023210                IsisTrxvu_tcGetState
 .text.IsisTrxvu_tcGetTelemetryAll
                0x200232e0       0xd0 C:/ISIS/workspace_ycube/satellite-subsystems/satellite-subsystems/lib\libSatelliteSubsystemsD.a(IsisTRXVU.o)
                0x200232e0                IsisTrxvu_tcGetTelemetryAll
 .text.IsisTrxvu_rcGetFrameCount
                0x200233b0       0xa0 C:/ISIS/workspace_ycube/satellite-subsystems/satellite-subsystems/lib\libSatelliteSubsystemsD.a(IsisTRXVU.o)
                0x200233b0                IsisTrxvu_rcGetFrameCount
 .text.IsisTrxvu_rcGetCommandFrame
                0x20023450      0x2d8 C:/ISIS/workspace_ycube/satellite-subsystems/satellite-subsystems/lib\libSatelliteSubsystemsD.a(IsisTRXVU.o)
                0x20023450                IsisTrxvu_rcGetCommandFrame
 .text.IsisTrxvu_rcGetTelemetryAll
                0x20023728       0xd0 C:/ISIS/workspace_ycube/satellite-subsystems/satellite-subsystems/lib\libSatelliteSubsystemsD.a(IsisTRXVU.o)
                0x20023728                IsisTrxvu_rcGetTelemetryAll
 .text.IsisTrxvu_rcGetUptime
                0x200237f8       0xa0 C:/ISIS/workspace_ycube/satellite-subsystems/satellite-subsystems/lib\libSatelliteSubsystemsD.a(IsisTRXVU.o)
                0x200237f8                IsisTrxvu_rcGetUptime
 .text.ISIS_EPS_Init
                0x20023898       0xc8 C:/ISIS/workspace_ycube/satellite-subsystems/satellite-subsystems/lib\libSatelliteSubsystemsD.a(isis_eps_driver.o)
                0x20023898                ISIS_EPS_Init
 .text.isis_eps__reset__tmtc
                0x20023960       0xe8 C:/ISIS/workspace_ycube/satellite-subsystems/satellite-subsystems/lib\libSatelliteSubsystemsD.a(isis_eps_driver.o)
                0x20023960                isis_eps__reset__tmtc
 .text.isis_eps__watchdog__tm
                0x20023a48       0xac C:/ISIS/workspace_ycube/satellite-subsystems/satellite-subsystems/lib\libSatelliteSubsystemsD.a(isis_eps_driver.o)
                0x20023a48                isis_eps__watchdog__tm
 .text.isis_eps__getparameter__tmtc
                0x20023af4       0xe8 C:/ISIS/workspace_ycube/satellite-subsystems/satellite-subsystems/lib\libSatelliteSubsystemsD.a(isis_eps_driver.o)
                0x20023af4                isis_eps__getparameter__tmtc
 .text.isis_eps__setparameter__tmtc
                0x20023bdc       0xe8 C:/ISIS/workspace_ycube/satellite-subsystems/satellite-subsystems/lib\libSatelliteSubsystemsD.a(isis_eps_driver.o)
                0x20023bdc                isis_eps__setparameter__tmtc
 .text.isis_eps__gethousekeepingeng__tm
                0x20023cc4       0xac C:/ISIS/workspace_ycube/satellite-subsystems/satellite-subsystems/lib\libSatelliteSubsystemsD.a(isis_eps_driver.o)
                0x20023cc4                isis_eps__gethousekeepingeng__tm
 .text.isis_eps__gethousekeepingengincdb__tm
                0x20023d70       0xac C:/ISIS/workspace_ycube/satellite-subsystems/satellite-subsystems/lib\libSatelliteSubsystemsD.a(isis_eps_driver.o)
                0x20023d70                isis_eps__gethousekeepingengincdb__tm
 .text._I2C_Send
                0x20023e1c       0x78 C:/ISIS/workspace_ycube/satellite-subsystems/satellite-subsystems/lib\libSatelliteSubsystemsD.a(isis_eps_driver.o)
 .text.makeTRXCommonTransfer
                0x20023e94       0x34 C:/ISIS/workspace_ycube/satellite-subsystems/satellite-subsystems/lib\libSatelliteSubsystemsD.a(IsisTRXCommon.o)
 .text.IsisTrxCommon_componentReset
                0x20023ec8       0x68 C:/ISIS/workspace_ycube/satellite-subsystems/satellite-subsystems/lib\libSatelliteSubsystemsD.a(IsisTRXCommon.o)
                0x20023ec8                IsisTrxCommon_componentReset
 .text.IsisTrxCommon_TxSendAX25DefClSign
                0x20023f30       0xf4 C:/ISIS/workspace_ycube/satellite-subsystems/satellite-subsystems/lib\libSatelliteSubsystemsD.a(IsisTRXCommon.o)
                0x20023f30                IsisTrxCommon_TxSendAX25DefClSign
 .text.IsisTrxCommon_TxSetIdlestate
                0x20024024       0x78 C:/ISIS/workspace_ycube/satellite-subsystems/satellite-subsystems/lib\libSatelliteSubsystemsD.a(IsisTRXCommon.o)
                0x20024024                IsisTrxCommon_TxSetIdlestate
 .text.IsisTrxCommon_TxSetAx25Bitrate
                0x2002409c       0x78 C:/ISIS/workspace_ycube/satellite-subsystems/satellite-subsystems/lib\libSatelliteSubsystemsD.a(IsisTRXCommon.o)
                0x2002409c                IsisTrxCommon_TxSetAx25Bitrate
 .text.IsisTrxCommon_RxGetFrameCount
                0x20024114       0x8c C:/ISIS/workspace_ycube/satellite-subsystems/satellite-subsystems/lib\libSatelliteSubsystemsD.a(IsisTRXCommon.o)
                0x20024114                IsisTrxCommon_RxGetFrameCount
 .text.IsisTrxCommon_GetUptime
                0x200241a0       0x8c C:/ISIS/workspace_ycube/satellite-subsystems/satellite-subsystems/lib\libSatelliteSubsystemsD.a(IsisTRXCommon.o)
                0x200241a0                IsisTrxCommon_GetUptime
 .text.xQueueGenericReset
                0x2002422c      0x150 C:/ISIS/workspace_ycube/GlobusSatProject/..//hal/freertos/lib\libFreeRTOSD.a(queue.o)
                0x2002422c                xQueueGenericReset
 .text.xQueueGenericCreate
                0x2002437c      0x108 C:/ISIS/workspace_ycube/GlobusSatProject/..//hal/freertos/lib\libFreeRTOSD.a(queue.o)
                0x2002437c                xQueueGenericCreate
 .text.xQueueCreateMutex
                0x20024484      0x11c C:/ISIS/workspace_ycube/GlobusSatProject/..//hal/freertos/lib\libFreeRTOSD.a(queue.o)
                0x20024484                xQueueCreateMutex
 .text.xQueueGenericSend
                0x200245a0      0x298 C:/ISIS/workspace_ycube/GlobusSatProject/..//hal/freertos/lib\libFreeRTOSD.a(queue.o)
                0x200245a0                xQueueGenericSend
 .text.xQueueGenericSendFromISR
                0x20024838      0x1e0 C:/ISIS/workspace_ycube/GlobusSatProject/..//hal/freertos/lib\libFreeRTOSD.a(queue.o)
                0x20024838                xQueueGenericSendFromISR
 .text.xQueueGenericReceive
                0x20024a18      0x2cc C:/ISIS/workspace_ycube/GlobusSatProject/..//hal/freertos/lib\libFreeRTOSD.a(queue.o)
                0x20024a18                xQueueGenericReceive
 .text.uxQueueMessagesWaiting
                0x20024ce4       0x6c C:/ISIS/workspace_ycube/GlobusSatProject/..//hal/freertos/lib\libFreeRTOSD.a(queue.o)
                0x20024ce4                uxQueueMessagesWaiting
 .text.vQueueDelete
                0x20024d50       0x78 C:/ISIS/workspace_ycube/GlobusSatProject/..//hal/freertos/lib\libFreeRTOSD.a(queue.o)
                0x20024d50                vQueueDelete
 .text.prvCopyDataToQueue
                0x20024dc8      0x190 C:/ISIS/workspace_ycube/GlobusSatProject/..//hal/freertos/lib\libFreeRTOSD.a(queue.o)
 .text.prvCopyDataFromQueue
                0x20024f58       0x90 C:/ISIS/workspace_ycube/GlobusSatProject/..//hal/freertos/lib\libFreeRTOSD.a(queue.o)
 .text.prvUnlockQueue
                0x20024fe8      0x130 C:/ISIS/workspace_ycube/GlobusSatProject/..//hal/freertos/lib\libFreeRTOSD.a(queue.o)
 .text.prvIsQueueEmpty
                0x20025118       0x4c C:/ISIS/workspace_ycube/GlobusSatProject/..//hal/freertos/lib\libFreeRTOSD.a(queue.o)
 .text.prvIsQueueFull
                0x20025164       0x54 C:/ISIS/workspace_ycube/GlobusSatProject/..//hal/freertos/lib\libFreeRTOSD.a(queue.o)
 .text.vQueueUnregisterQueue
                0x200251b8       0x80 C:/ISIS/workspace_ycube/GlobusSatProject/..//hal/freertos/lib\libFreeRTOSD.a(queue.o)
                0x200251b8                vQueueUnregisterQueue
 .text.vQueueWaitForMessageRestricted
                0x20025238       0x90 C:/ISIS/workspace_ycube/GlobusSatProject/..//hal/freertos/lib\libFreeRTOSD.a(queue.o)
                0x20025238                vQueueWaitForMessageRestricted
 .text.prvNotifyQueueSetContainer
                0x200252c8      0x108 C:/ISIS/workspace_ycube/GlobusSatProject/..//hal/freertos/lib\libFreeRTOSD.a(queue.o)
 .text.xTaskGenericCreate
                0x200253d0      0x2ac C:/ISIS/workspace_ycube/GlobusSatProject/..//hal/freertos/lib\libFreeRTOSD.a(tasks.o)
                0x200253d0                xTaskGenericCreate
 .text.vTaskDelete
                0x2002567c       0xe8 C:/ISIS/workspace_ycube/GlobusSatProject/..//hal/freertos/lib\libFreeRTOSD.a(tasks.o)
                0x2002567c                vTaskDelete
 .text.vTaskDelay
                0x20025764       0x80 C:/ISIS/workspace_ycube/GlobusSatProject/..//hal/freertos/lib\libFreeRTOSD.a(tasks.o)
                0x20025764                vTaskDelay
 .text.eTaskGetState
                0x200257e4       0xe4 C:/ISIS/workspace_ycube/GlobusSatProject/..//hal/freertos/lib\libFreeRTOSD.a(tasks.o)
                0x200257e4                eTaskGetState
 .text.vTaskStartScheduler
                0x200258c8      0x104 C:/ISIS/workspace_ycube/GlobusSatProject/..//hal/freertos/lib\libFreeRTOSD.a(tasks.o)
                0x200258c8                vTaskStartScheduler
 .text.vTaskSuspendAll
                0x200259cc       0x2c C:/ISIS/workspace_ycube/GlobusSatProject/..//hal/freertos/lib\libFreeRTOSD.a(tasks.o)
                0x200259cc                vTaskSuspendAll
 .text.xTaskResumeAll
                0x200259f8      0x1f4 C:/ISIS/workspace_ycube/GlobusSatProject/..//hal/freertos/lib\libFreeRTOSD.a(tasks.o)
                0x200259f8                xTaskResumeAll
 .text.xTaskGetTickCount
                0x20025bec       0x34 C:/ISIS/workspace_ycube/GlobusSatProject/..//hal/freertos/lib\libFreeRTOSD.a(tasks.o)
                0x20025bec                xTaskGetTickCount
 .text.xTaskIncrementTick
                0x20025c20      0x298 C:/ISIS/workspace_ycube/GlobusSatProject/..//hal/freertos/lib\libFreeRTOSD.a(tasks.o)
                0x20025c20                xTaskIncrementTick
 .text.vTaskSwitchContext
                0x20025eb8      0x1a4 C:/ISIS/workspace_ycube/GlobusSatProject/..//hal/freertos/lib\libFreeRTOSD.a(tasks.o)
                0x20025eb8                vTaskSwitchContext
 .text.vTaskPlaceOnEventList
                0x2002605c       0xcc C:/ISIS/workspace_ycube/GlobusSatProject/..//hal/freertos/lib\libFreeRTOSD.a(tasks.o)
                0x2002605c                vTaskPlaceOnEventList
 .text.vTaskPlaceOnEventListRestricted
                0x20026128       0xa4 C:/ISIS/workspace_ycube/GlobusSatProject/..//hal/freertos/lib\libFreeRTOSD.a(tasks.o)
                0x20026128                vTaskPlaceOnEventListRestricted
 .text.xTaskRemoveFromEventList
                0x200261cc      0x160 C:/ISIS/workspace_ycube/GlobusSatProject/..//hal/freertos/lib\libFreeRTOSD.a(tasks.o)
                0x200261cc                xTaskRemoveFromEventList
 .text.vTaskSetTimeOutState
                0x2002632c       0x78 C:/ISIS/workspace_ycube/GlobusSatProject/..//hal/freertos/lib\libFreeRTOSD.a(tasks.o)
                0x2002632c                vTaskSetTimeOutState
 .text.xTaskCheckForTimeOut
                0x200263a4      0x158 C:/ISIS/workspace_ycube/GlobusSatProject/..//hal/freertos/lib\libFreeRTOSD.a(tasks.o)
                0x200263a4                xTaskCheckForTimeOut
 .text.vTaskMissedYield
                0x200264fc       0x24 C:/ISIS/workspace_ycube/GlobusSatProject/..//hal/freertos/lib\libFreeRTOSD.a(tasks.o)
                0x200264fc                vTaskMissedYield
 .text.prvIdleTask
                0x20026520       0x20 C:/ISIS/workspace_ycube/GlobusSatProject/..//hal/freertos/lib\libFreeRTOSD.a(tasks.o)
 .text.prvInitialiseTCBVariables
                0x20026540      0x450 C:/ISIS/workspace_ycube/GlobusSatProject/..//hal/freertos/lib\libFreeRTOSD.a(tasks.o)
 .text.prvInitialiseTaskLists
                0x20026990       0xbc C:/ISIS/workspace_ycube/GlobusSatProject/..//hal/freertos/lib\libFreeRTOSD.a(tasks.o)
 .text.prvCheckTasksWaitingTermination
                0x20026a4c       0xbc C:/ISIS/workspace_ycube/GlobusSatProject/..//hal/freertos/lib\libFreeRTOSD.a(tasks.o)
 .text.prvAddCurrentTaskToDelayedList
                0x20026b08       0xb4 C:/ISIS/workspace_ycube/GlobusSatProject/..//hal/freertos/lib\libFreeRTOSD.a(tasks.o)
 .text.prvAllocateTCBAndStack
                0x20026bbc       0xb4 C:/ISIS/workspace_ycube/GlobusSatProject/..//hal/freertos/lib\libFreeRTOSD.a(tasks.o)
 .text.prvDeleteTCB
                0x20026c70       0x30 C:/ISIS/workspace_ycube/GlobusSatProject/..//hal/freertos/lib\libFreeRTOSD.a(tasks.o)
 .text.xTaskGetCurrentTaskHandle
                0x20026ca0       0x30 C:/ISIS/workspace_ycube/GlobusSatProject/..//hal/freertos/lib\libFreeRTOSD.a(tasks.o)
                0x20026ca0                xTaskGetCurrentTaskHandle
 .text.xTaskGetSchedulerState
                0x20026cd0       0x68 C:/ISIS/workspace_ycube/GlobusSatProject/..//hal/freertos/lib\libFreeRTOSD.a(tasks.o)
                0x20026cd0                xTaskGetSchedulerState
 .text.vTaskPriorityInherit
                0x20026d38      0x148 C:/ISIS/workspace_ycube/GlobusSatProject/..//hal/freertos/lib\libFreeRTOSD.a(tasks.o)
                0x20026d38                vTaskPriorityInherit
 .text.vTaskPriorityDisinherit
                0x20026e80       0xdc C:/ISIS/workspace_ycube/GlobusSatProject/..//hal/freertos/lib\libFreeRTOSD.a(tasks.o)
                0x20026e80                vTaskPriorityDisinherit
 .text.xTimerCreateTimerTask
                0x20026f5c       0xb0 C:/ISIS/workspace_ycube/GlobusSatProject/..//hal/freertos/lib\libFreeRTOSD.a(timers.o)
                0x20026f5c                xTimerCreateTimerTask
 .text.xTimerGenericCommand