Archive member included because of file (symbol)

C:/ISIS/workspace_ycube/GlobusSatProject/..//hal/hal/lib\libHALD.a(SPI.o)
                              ./src/InitSystem.o (SPI_start)
C:/ISIS/workspace_ycube/GlobusSatProject/..//hal/hal/lib\libHALD.a(I2C.o)
                              ./src/SubSystemModules/Payload/payload_drivers.o (I2C_write)
C:/ISIS/workspace_ycube/GlobusSatProject/..//hal/hal/lib\libHALD.a(ADC.o)
                              ./src/SubSystemModules/Housekepping/TelemetryCollector.o (ADC_ConvertRaw10bitToMillivolt)
C:/ISIS/workspace_ycube/GlobusSatProject/..//hal/hal/lib\libHALD.a(FRAM.o)
                              ./src/SubSystemModules/Communication/SubsystemCommands/Maintanence_Commands.o (FRAM_start)
C:/ISIS/workspace_ycube/GlobusSatProject/..//hal/hal/lib\libHALD.a(Time.o)
                              ./src/InitSystem.o (Time_start)
C:/ISIS/workspace_ycube/GlobusSatProject/..//hal/hal/lib\libHALD.a(WatchDogTimerNoOS.o)
                              ./src/main.o (WDT_start)
C:/ISIS/workspace_ycube/GlobusSatProject/..//hal/hal/lib\libHALD.a(RTT.o)
                              C:/ISIS/workspace_ycube/GlobusSatProject/..//hal/hal/lib\libHALD.a(Time.o) (RTT_start)
C:/ISIS/workspace_ycube/GlobusSatProject/..//hal/hal/lib\libHALD.a(RTC.o)
                              C:/ISIS/workspace_ycube/GlobusSatProject/..//hal/hal/lib\libHALD.a(Time.o) (RTC_getTime)
C:/ISIS/workspace_ycube/GlobusSatProject/..//hal/hal/lib\libHALD.a(WatchDogTimerOS.o)
                              ./src/TestingDemos/MainTest.o (WDT_startWatchdogKickTask)
C:/ISIS/workspace_ycube/GlobusSatProject/..//hal/hal/lib\libHALD.a(fprintf.o)
                              ./src/TLM_management.o (f_puts)
C:/ISIS/workspace_ycube/GlobusSatProject/..//hal/hal/lib\libHALD.a(util.o)
                              ./src/TestingDemos/CommandsTestingDemo.o (UTIL_DbguGetIntegerMinMax)
C:/ISIS/workspace_ycube/GlobusSatProject/..//hal/hal/lib\libHALD.a(LED.o)
                              C:/ISIS/workspace_ycube/GlobusSatProject/..//hal/hal/lib\libHALD.a(WatchDogTimerOS.o) (LED_toggle)
C:/ISIS/workspace_ycube/GlobusSatProject/..//hal/hcc/lib\libHCCD.a(fat_m.o)
                              ./src/TLM_management.o (fm_initvolume)
C:/ISIS/workspace_ycube/GlobusSatProject/..//hal/hcc/lib\libHCCD.a(fat.o)
                              C:/ISIS/workspace_ycube/GlobusSatProject/..//hal/hcc/lib\libHCCD.a(fat_m.o) (fn_getdcwd)
C:/ISIS/workspace_ycube/GlobusSatProject/..//hal/hcc/lib\libHCCD.a(fat_common.o)
                              C:/ISIS/workspace_ycube/GlobusSatProject/..//hal/hcc/lib\libHCCD.a(fat.o) (p_filesystem)
C:/ISIS/workspace_ycube/GlobusSatProject/..//hal/hcc/lib\libHCCD.a(safefat.o)
                              C:/ISIS/workspace_ycube/GlobusSatProject/..//hal/hcc/lib\libHCCD.a(fat.o) (s_subdir)
C:/ISIS/workspace_ycube/GlobusSatProject/..//hal/hcc/lib\libHCCD.a(atmel_mcipdc.o)
                              ./src/TLM_management.o (atmel_mcipdc_initfunc)
C:/ISIS/workspace_ycube/GlobusSatProject/..//hal/hcc/lib\libHCCD.a(oalp_task.o)
                              C:/ISIS/workspace_ycube/GlobusSatProject/..//hal/hcc/lib\libHCCD.a(fat_common.o) (oal_task_get_id)
C:/ISIS/workspace_ycube/GlobusSatProject/..//hal/hcc/lib\libHCCD.a(oalp_mutex.o)
                              C:/ISIS/workspace_ycube/GlobusSatProject/..//hal/hcc/lib\libHCCD.a(fat_common.o) (oal_mutex_create)
C:/ISIS/workspace_ycube/GlobusSatProject/..//hal/hcc/lib\libHCCD.a(atmel_mcipdc_hw.o)
                              C:/ISIS/workspace_ycube/GlobusSatProject/..//hal/hcc/lib\libHCCD.a(atmel_mcipdc.o) (mcipdc_hw_init)
C:/ISIS/workspace_ycube/GlobusSatProject/..//hal/hcc/lib\libHCCD.a(psp_rand.o)
                              C:/ISIS/workspace_ycube/GlobusSatProject/..//hal/hcc/lib\libHCCD.a(fat_common.o) (psp_getrand)
C:/ISIS/workspace_ycube/GlobusSatProject/..//hal/hcc/lib\libHCCD.a(psp_rtc.o)
                              C:/ISIS/workspace_ycube/GlobusSatProject/..//hal/hcc/lib\libHCCD.a(fat_common.o) (psp_getcurrenttimedate)
C:/ISIS/workspace_ycube/GlobusSatProject/..//hal/hcc/lib\libHCCD.a(hcc_mem.o)
                              C:/ISIS/workspace_ycube/GlobusSatProject/..//hal/hcc/lib\libHCCD.a(atmel_mcipdc.o) (hcc_mem_alloc)
C:/ISIS/workspace_ycube/GlobusSatProject/..//hal/hcc/lib\libHCCD.a(psp_hcc_mem.o)
                              C:/ISIS/workspace_ycube/GlobusSatProject/..//hal/hcc/lib\libHCCD.a(hcc_mem.o) (hcc_mem_buf_alloc)
C:/ISIS/workspace_ycube/GlobusSatProject/..//satellite-subsystems/satellite-subsystems/lib\libSatelliteSubsystemsD.a(IsisSolarPanelv2.o)
                              ./src/SubSystemModules/PowerManagment/EPS.o (IsisSolarPanelv2_initialize)
C:/ISIS/workspace_ycube/GlobusSatProject/..//satellite-subsystems/satellite-subsystems/lib\libSatelliteSubsystemsD.a(isis_ants_rev2.o)
                              ./src/SubSystemModules/Communication/TRXVU.o (ISIS_ANTS_REV2_Init)
[...]
Memory Configuration

Name             Origin             Length             Attributes
sram0            0x00200000         0x00004000         w !xr
sram1            0x00300000         0x00004000         w !xr
sdram            0x20000000         0x02000000         w !xr
*default*        0x00000000         0xffffffff

Linker script and memory map

LOAD c:/isis/application/toolchain/bin/../lib/gcc/arm-none-eabi/4.7.4/../../../../arm-none-eabi/lib\libc.a
LOAD ./src/TestingDemos/CommandsTestingDemo.o
LOAD ./src/TestingDemos/EpsTestingDemo.o
LOAD ./src/TestingDemos/FileSystemTestingDemo.o
LOAD ./src/TestingDemos/MainTest.o
LOAD ./src/TestingDemos/MaintenanceTestingDemo.o
LOAD ./src/TestingDemos/TelemetryTestingDemo.o
LOAD ./src/TestingDemos/TrxvuTestingDemo.o
LOAD ./src/SubSystemModules/PowerManagment/EPS.o
LOAD ./src/SubSystemModules/PowerManagment/EPSOperationModes.o
LOAD ./src/SubSystemModules/Payload/payload_drivers.o
LOAD ./src/SubSystemModules/Maintenance/Maintenance.o
LOAD ./src/SubSystemModules/Housekepping/RAMTelemetry.o
LOAD ./src/SubSystemModules/Housekepping/TelemetryCollector.o
LOAD ./src/SubSystemModules/Communication/SubsystemCommands/EPS_Commands.o
LOAD ./src/SubSystemModules/Communication/SubsystemCommands/FS_Commands.o
LOAD ./src/SubSystemModules/Communication/SubsystemCommands/Maintanence_Commands.o
LOAD ./src/SubSystemModules/Communication/SubsystemCommands/TRXVU_Commands.o
LOAD ./src/SubSystemModules/Communication/AckHandler.o
LOAD ./src/SubSystemModules/Communication/CommandDictionary.o
LOAD ./src/SubSystemModules/Communication/HashSecuredCMD.o
LOAD ./src/SubSystemModules/Communication/SatCommandHandler.o
LOAD ./src/SubSystemModules/Communication/TRXVU.o
LOAD ./src/InitSystem.o
LOAD ./src/TLM_management.o
LOAD ./src/main.o
LOAD ./src/utils.o
LOAD C:/ISIS/workspace_ycube/GlobusSatProject/..//hal/hal/lib\libHALD.a
LOAD C:/ISIS/workspace_ycube/GlobusSatProject/..//hal/hcc/lib\libHCCD.a
LOAD C:/ISIS/workspace_ycube/GlobusSatProject/..//satellite-subsystems/satellite-subsystems/lib\libSatelliteSubsystemsD.a
LOAD C:/ISIS/workspace_ycube/GlobusSatProject/..//hal/freertos/lib\libFreeRTOSD.a
LOAD C:/ISIS/workspace_ycube/GlobusSatProject/..//hal/at91/lib\libAt91D.a
START GROUP
LOAD c:/isis/application/toolchain/bin/../lib/gcc/arm-none-eabi/4.7.4\libgcc.a
LOAD c:/isis/application/toolchain/bin/../lib/gcc/arm-none-eabi/4.7.4/../../../../arm-none-eabi/lib\libg.a
LOAD c:/isis/application/toolchain/bin/../lib/gcc/arm-none-eabi/4.7.4/../../../../arm-none-eabi/lib\libc.a
END GROUP

.fixed          0x20000000    0x40460
                0x20000000                . = ALIGN (0x4)
                0x20000000                _sfixed = .
 *(.startup)
 .startup       0x20000000      0x184 C:/ISIS/workspace_ycube/GlobusSatProject/..//hal/at91/lib\libAt91D.a(board_cstartup.o)
                0x20000000                entry
 *(.text)
 .text          0x20000184       0x64 C:/ISIS/workspace_ycube/GlobusSatProject/..//hal/at91/lib\libAt91D.a(cp15_asm.o)
                0x20000184                _readControlRegister
                0x20000190                _writeControlRegister
                0x20000198                _waitForInterrupt
                0x200001a4                _writeTTB
                0x200001ac                _writeDomain
                0x200001b4                _writeITLBLockdown
                0x200001bc                _prefetchICacheLine
                0x200001c4                _flushDCache
                0x200001d0                _flushWriteBuffer
                0x200001dc                _invalidateIDTLBs
 .text          0x200001e8      0x114 c:/isis/application/toolchain/bin/../lib/gcc/arm-none-eabi/4.7.4\libgcc.a(_udivsi3.o)
                0x200001e8                __aeabi_uidiv
                0x200001e8                __udivsi3
                0x200002dc                __aeabi_uidivmod
 .text          0x200002fc      0x148 c:/isis/application/toolchain/bin/../lib/gcc/arm-none-eabi/4.7.4\libgcc.a(_divsi3.o)
                0x200002fc                __divsi3
                0x200002fc                __aeabi_idiv
                0x20000424                __aeabi_idivmod
 .text          0x20000444        0x4 c:/isis/application/toolchain/bin/../lib/gcc/arm-none-eabi/4.7.4\libgcc.a(_dvmd_tls.o)
                0x20000444                __aeabi_idiv0
                0x20000444                __aeabi_ldiv0
 .text          0x20000448      0x41c c:/isis/application/toolchain/bin/../lib/gcc/arm-none-eabi/4.7.4\libgcc.a(_arm_addsubdf3.o)
                0x20000448                __aeabi_drsub
                0x20000450                __aeabi_dsub
                0x20000450                __subdf3
                0x20000454                __aeabi_dadd
                0x20000454                __adddf3
                0x20000764                __floatunsidf
                0x20000764                __aeabi_ui2d
                0x20000788                __floatsidf
                0x20000788                __aeabi_i2d
                0x200007b0                __aeabi_f2d
                0x200007b0                __extendsfdf2
                0x200007f0                __floatundidf
                0x200007f0                __aeabi_ul2d
                0x20000804                __floatdidf
                0x20000804                __aeabi_l2d
 .text          0x20000864      0x49c c:/isis/application/toolchain/bin/../lib/gcc/arm-none-eabi/4.7.4\libgcc.a(_arm_muldivdf3.o)
                0x20000864                __aeabi_dmul
                0x20000864                __muldf3
                0x20000af4                __divdf3
                0x20000af4                __aeabi_ddiv
 .text          0x20000d00      0x2ac c:/isis/application/toolchain/bin/../lib/gcc/arm-none-eabi/4.7.4\libgcc.a(_arm_addsubsf3.o)
                0x20000d00                __aeabi_frsub
                0x20000d08                __subsf3
                0x20000d08                __aeabi_fsub
                0x20000d0c                __aeabi_fadd
                0x20000d0c                __addsf3
                0x20000ec8                __aeabi_ui2f
                0x20000ec8                __floatunsisf
                0x20000ed0                __aeabi_i2f
                0x20000ed0                __floatsisf
                0x20000ef0                __aeabi_ul2f
                0x20000ef0                __floatundisf
                0x20000f00                __aeabi_l2f
                0x20000f00                __floatdisf
 .text          0x20000fac      0x2f8 c:/isis/application/toolchain/bin/../lib/gcc/arm-none-eabi/4.7.4\libgcc.a(_arm_muldivsf3.o)
                0x20000fac                __mulsf3
                0x20000fac                __aeabi_fmul
                0x20001144                __aeabi_fdiv
                0x20001144                __divsf3
 .text          0x200012a4      0x114 c:/isis/application/toolchain/bin/../lib/gcc/arm-none-eabi/4.7.4\libgcc.a(_arm_cmpsf2.o)
                0x200012a4                __gesf2
                0x200012a4                __gtsf2
                0x200012ac                __lesf2
                0x200012ac                __ltsf2
                0x200012b4                __nesf2
                0x200012b4                __eqsf2
                0x200012b4                __cmpsf2
                0x20001318                __aeabi_cfrcmple
                0x20001328                __aeabi_cfcmpeq
                0x20001328                __aeabi_cfcmple
                0x20001340                __aeabi_fcmpeq
                0x20001358                __aeabi_fcmplt
                0x20001370                __aeabi_fcmple
                0x20001388                __aeabi_fcmpge
                0x200013a0                __aeabi_fcmpgt
 .text          0x200013b8       0x54 c:/isis/application/toolchain/bin/../lib/gcc/arm-none-eabi/4.7.4\libgcc.a(_arm_fixunssfsi.o)
                0x200013b8                __fixunssfsi
                0x200013b8                __aeabi_f2uiz
 .text          0x2000140c      0x144 c:/isis/application/toolchain/bin/../lib/gcc/arm-none-eabi/4.7.4\libgcc.a(_arm_cmpdf2.o)
                0x2000140c                __gtdf2
                0x2000140c                __gedf2
                0x20001414                __ltdf2
                0x20001414                __ledf2
                0x2000141c                __nedf2
                0x2000141c                __eqdf2
                0x2000141c                __cmpdf2
                0x200014a4                __aeabi_cdrcmple
                0x200014c0                __aeabi_cdcmpeq
                0x200014c0                __aeabi_cdcmple
                0x200014d8                __aeabi_dcmpeq
                0x200014f0                __aeabi_dcmplt
                0x20001508                __aeabi_dcmple
                0x20001520                __aeabi_dcmpge
                0x20001538                __aeabi_dcmpgt
 .text          0x20001550       0x5c c:/isis/application/toolchain/bin/../lib/gcc/arm-none-eabi/4.7.4\libgcc.a(_arm_fixdfsi.o)
                0x20001550                __aeabi_d2iz
                0x20001550                __fixdfsi
 .text          0x200015ac       0x3c c:/isis/application/toolchain/bin/../lib/gcc/arm-none-eabi/4.7.4\libgcc.a(_aeabi_uldivmod.o)
                0x200015ac                __aeabi_uldivmod
 .text          0x200015e8       0x84 c:/isis/application/toolchain/bin/../lib/gcc/arm-none-eabi/4.7.4\libgcc.a(bpabi.o)
                0x200015e8                __gnu_ldivmod_helper
                0x2000162c                __gnu_uldivmod_helper
 .text          0x2000166c      0x4f0 c:/isis/application/toolchain/bin/../lib/gcc/arm-none-eabi/4.7.4\libgcc.a(_divdi3.o)
                0x2000166c                __divdi3
 .text          0x20001b5c      0x488 c:/isis/application/toolchain/bin/../lib/gcc/arm-none-eabi/4.7.4\libgcc.a(_udivdi3.o)
                0x20001b5c                __udivdi3
 .text          0x20001fe4       0x48 c:/isis/application/toolchain/bin/../lib/gcc/arm-none-eabi/4.7.4\libgcc.a(_clzsi2.o)
                0x20001fe4                __clzsi2
 *(.text*)
 .text.GetBatteryVoltage
                0x2000202c       0x44 ./src/SubSystemModules/PowerManagment/EPS.o
                0x2000202c                GetBatteryVoltage
 .text.EPS_Init
                0x20002070      0x124 ./src/SubSystemModules/PowerManagment/EPS.o
                0x20002070                EPS_Init
 .text.EPS_Conditioning
                0x20002194      0x1c4 ./src/SubSystemModules/PowerManagment/EPS.o
                0x20002194                EPS_Conditioning
 .text.UpdateAlpha
                0x20002358       0xd8 ./src/SubSystemModules/PowerManagment/EPS.o
                0x20002358                UpdateAlpha
 .text.GetThresholdVoltages
                0x20002430       0x80 ./src/SubSystemModules/PowerManagment/EPS.o
                0x20002430                GetThresholdVoltages
 .text.GetAlpha
                0x200024b0       0x7c ./src/SubSystemModules/PowerManagment/EPS.o
                0x200024b0                GetAlpha
 .text.CMDGetHeaterValues
                0x2000252c      0x1f8 ./src/SubSystemModules/PowerManagment/EPS.o
                0x2000252c                CMDGetHeaterValues
 .text.CMDSetHeaterValues
                0x20002724      0x204 ./src/SubSystemModules/PowerManagment/EPS.o
                0x20002724                CMDSetHeaterValues
 .text.EnterFullMode
                0x20002928       0x3c ./src/SubSystemModules/PowerManagment/EPSOperationModes.o
                0x20002928                EnterFullMode
 .text.EnterCruiseMode
                0x20002964       0x48 ./src/SubSystemModules/PowerManagment/EPSOperationModes.o
                0x20002964                EnterCruiseMode
 .text.EnterSafeMode
                0x200029ac       0x4c ./src/SubSystemModules/PowerManagment/EPSOperationModes.o
                0x200029ac                EnterSafeMode
 .text.EnterCriticalMode
                0x200029f8       0x4c ./src/SubSystemModules/PowerManagment/EPSOperationModes.o
                0x200029f8                EnterCriticalMode
 .text.PayloadOperations
                0x20002a44      0x124 ./src/SubSystemModules/PowerManagment/EPSOperationModes.o
                0x20002a44                PayloadOperations
 .text.Payload_Safety
                0x20002b68       0xb0 ./src/SubSystemModules/PowerManagment/EPSOperationModes.o
                0x20002b68                Payload_Safety
 .text.Payload_Safety_IN_Maintenance
                0x20002c18       0x58 ./src/SubSystemModules/PowerManagment/EPSOperationModes.o
                0x20002c18                Payload_Safety_IN_Maintenance
 .text.DoesPayloadChannelOn
                0x20002c70       0xa4 ./src/SubSystemModules/PowerManagment/EPSOperationModes.o
                0x20002c70                DoesPayloadChannelOn
 .text.EpsGetLowVoltageFlag
                0x20002d14       0x24 ./src/SubSystemModules/PowerManagment/EPSOperationModes.o
                0x20002d14                EpsGetLowVoltageFlag
 .text.EpsSetLowVoltageFlag
                0x20002d38       0x2c ./src/SubSystemModules/PowerManagment/EPSOperationModes.o
                0x20002d38                EpsSetLowVoltageFlag
 .text.payloadRead
                0x20002d64       0xbc ./src/SubSystemModules/Payload/payload_drivers.o
                0x20002d64                payloadRead
 .text.payloadSendCommand
                0x20002e20       0x70 ./src/SubSystemModules/Payload/payload_drivers.o
                0x20002e20                payloadSendCommand
 .text.payloadReadEnvironment
                0x20002e90      0x2d0 ./src/SubSystemModules/Payload/payload_drivers.o
                0x20002e90                payloadReadEnvironment
 .text.payloadReadEvents
                0x20003160      0x1e8 ./src/SubSystemModules/Payload/payload_drivers.o
                0x20003160                payloadReadEvents
 .text.CheckExecutionTime
                0x20003348       0x80 ./src/SubSystemModules/Maintenance/Maintenance.o
                0x20003348                CheckExecutionTime
 .text.SaveSatTimeInFRAM
                0x200033c8       0x44 ./src/SubSystemModules/Maintenance/Maintenance.o
                0x200033c8                SaveSatTimeInFRAM
 .text.WakeupFromResetCMD
                0x2000340c      0x120 ./src/SubSystemModules/Maintenance/Maintenance.o
                0x2000340c                WakeupFromResetCMD
 .text.ResetGroundCommWDT
                0x2000352c       0x1c ./src/SubSystemModules/Maintenance/Maintenance.o
                0x2000352c                ResetGroundCommWDT
 .text.IsGroundCommunicationWDTKick
                0x20003548       0x78 ./src/SubSystemModules/Maintenance/Maintenance.o
                0x20003548                IsGroundCommunicationWDTKick
 .text.GetGsWdtKickTime
                0x200035c0       0x38 ./src/SubSystemModules/Maintenance/Maintenance.o
                0x200035c0                GetGsWdtKickTime
 .text.findMinMaxDate
                0x200035f8       0xdc ./src/SubSystemModules/Maintenance/Maintenance.o
                0x200035f8                findMinMaxDate
 .text.DeleteOldFiels
                0x200036d4       0xf0 ./src/SubSystemModules/Maintenance/Maintenance.o
                0x200036d4                DeleteOldFiels
 .text.CheckDeployAnt
                0x200037c4       0x84 ./src/SubSystemModules/Maintenance/Maintenance.o
                0x200037c4                CheckDeployAnt
 .text.HardResetMCU
                0x20003848       0x3c ./src/SubSystemModules/Maintenance/Maintenance.o
                0x20003848                HardResetMCU
 .text.Maintenance
                0x20003884       0xa8 ./src/SubSystemModules/Maintenance/Maintenance.o
                0x20003884                Maintenance
 .text.ResetRamTlm
                0x2000392c       0xdc ./src/SubSystemModules/Housekepping/RAMTelemetry.o
                0x2000392c                ResetRamTlm
 .text.inc      0x20003a08       0x4c ./src/SubSystemModules/Housekepping/RAMTelemetry.o
                0x20003a08                inc
 .text.dec      0x20003a54       0x48 ./src/SubSystemModules/Housekepping/RAMTelemetry.o
                0x20003a54                dec
 .text.saveTlmToRam
                0x20003a9c      0x27c ./src/SubSystemModules/Housekepping/RAMTelemetry.o
                0x20003a9c                saveTlmToRam
 .text.getTlm   0x20003d18      0x220 ./src/SubSystemModules/Housekepping/RAMTelemetry.o
                0x20003d18                getTlm
 .text.getRange
                0x20003f38      0x1dc ./src/SubSystemModules/Housekepping/RAMTelemetry.o
                0x20003f38                getRange
 .text.InitSavePeriodTimes
                0x20004114       0xa4 ./src/SubSystemModules/Housekepping/TelemetryCollector.o
                0x20004114                InitSavePeriodTimes
 .text.CMD_GetTLMPeriodTimes
                0x200041b8       0x38 ./src/SubSystemModules/Housekepping/TelemetryCollector.o
                0x200041b8                CMD_GetTLMPeriodTimes
 .text.CMD_SetTLMPeriodTimes
                0x200041f0      0x1dc ./src/SubSystemModules/Housekepping/TelemetryCollector.o
                0x200041f0                CMD_SetTLMPeriodTimes
 .text.TelemetryCollectorLogic
                0x200043cc      0x208 ./src/SubSystemModules/Housekepping/TelemetryCollector.o
                0x200043cc                TelemetryCollectorLogic
 .text.TelemetrySaveEPS
                0x200045d4       0x54 ./src/SubSystemModules/Housekepping/TelemetryCollector.o
                0x200045d4                TelemetrySaveEPS
 .text.TelemetrySaveTRXVU
                0x20004628       0x94 ./src/SubSystemModules/Housekepping/TelemetryCollector.o
                0x20004628                TelemetrySaveTRXVU
 .text.TelemetrySaveWOD
                0x200046bc       0x5c ./src/SubSystemModules/Housekepping/TelemetryCollector.o
                0x200046bc                TelemetrySaveWOD
 .text.TelemetrySaveRADFET
                0x20004718       0xd4 ./src/SubSystemModules/Housekepping/TelemetryCollector.o
                0x20004718                TelemetrySaveRADFET
 .text.TelemetrySavePayloadEvents
                0x200047ec       0xf0 ./src/SubSystemModules/Housekepping/TelemetryCollector.o
                0x200047ec                TelemetrySavePayloadEvents
 .text.GetCurrentWODTelemetry
                0x200048dc      0x7e0 ./src/SubSystemModules/Housekepping/TelemetryCollector.o
                0x200048dc                GetCurrentWODTelemetry
 .text.CMD_EPS_ResetWDT
                0x200050bc       0x58 ./src/SubSystemModules/Communication/SubsystemCommands/EPS_Commands.o
                0x200050bc                CMD_EPS_ResetWDT
 .text.CMD_Connect_Payload
                0x20005114       0x68 ./src/SubSystemModules/Communication/SubsystemCommands/EPS_Commands.o
                0x20005114                CMD_Connect_Payload
 .text.CMD_Payload_Operations
                0x2000517c       0x84 ./src/SubSystemModules/Communication/SubsystemCommands/EPS_Commands.o
                0x2000517c                CMD_Payload_Operations
 .text.CMD_DeleteTLM
                0x20005200      0x1a0 ./src/SubSystemModules/Communication/SubsystemCommands/FS_Commands.o
                0x20005200                CMD_DeleteTLM
 .text.CMD_DeleteAllFiles
                0x200053a0       0x38 ./src/SubSystemModules/Communication/SubsystemCommands/FS_Commands.o
                0x200053a0                CMD_DeleteAllFiles
 .text.CMD_GetLastFS_Error
                0x200053d8       0x4c ./src/SubSystemModules/Communication/SubsystemCommands/FS_Commands.o
                0x200053d8                CMD_GetLastFS_Error
 .text.CMD_Get_TLM_Info
                0x20005424      0x16c ./src/SubSystemModules/Communication/SubsystemCommands/FS_Commands.o
                0x20005424                CMD_Get_TLM_Info
 .text.CMD_Switch_SD_Card
                0x20005590       0xcc ./src/SubSystemModules/Communication/SubsystemCommands/FS_Commands.o
                0x20005590                CMD_Switch_SD_Card
 .text.CMD_Format_SD_Card
                0x2000565c       0xa4 ./src/SubSystemModules/Communication/SubsystemCommands/FS_Commands.o
                0x2000565c                CMD_Format_SD_Card
 .text.CMD_GenericI2C
                0x20005700      0x144 ./src/SubSystemModules/Communication/SubsystemCommands/Maintanence_Commands.o
                0x20005700                CMD_GenericI2C
 .text.CMD_FRAM_ReadAndTransmitt
                0x20005844       0xe8 ./src/SubSystemModules/Communication/SubsystemCommands/Maintanence_Commands.o
                0x20005844                CMD_FRAM_ReadAndTransmitt
 .text.CMD_FRAM_WriteAndTransmitt
                0x2000592c       0xfc ./src/SubSystemModules/Communication/SubsystemCommands/Maintanence_Commands.o
                0x2000592c                CMD_FRAM_WriteAndTransmitt
 .text.CMD_FRAM_ReStart
                0x20005a28       0x4c ./src/SubSystemModules/Communication/SubsystemCommands/Maintanence_Commands.o
                0x20005a28                CMD_FRAM_ReStart
 .text.CMD_UpdateSatTime
                0x20005a74       0xa4 ./src/SubSystemModules/Communication/SubsystemCommands/Maintanence_Commands.o
                0x20005a74                CMD_UpdateSatTime
 .text.CMD_GetSatUptime
                0x20005b18       0x48 ./src/SubSystemModules/Communication/SubsystemCommands/Maintanence_Commands.o
                0x20005b18                CMD_GetSatUptime
 .text.CMD_ResetComponent
                0x20005b60      0x274 ./src/SubSystemModules/Communication/SubsystemCommands/Maintanence_Commands.o
                0x20005b60                CMD_ResetComponent
 .text.DumpTask
                0x20005dd4      0x310 ./src/SubSystemModules/Communication/SubsystemCommands/TRXVU_Commands.o
                0x20005dd4                DumpTask
 .text.DumpRamTask
                0x200060e4      0x42c ./src/SubSystemModules/Communication/SubsystemCommands/TRXVU_Commands.o
                0x200060e4                DumpRamTask
 .text.CMD_AntennaDeploy
                0x20006510       0x8c ./src/SubSystemModules/Communication/SubsystemCommands/TRXVU_Commands.o
                0x20006510                CMD_AntennaDeploy
 .text.CMD_StartDump
                0x2000659c      0x200 ./src/SubSystemModules/Communication/SubsystemCommands/TRXVU_Commands.o
                0x2000659c                CMD_StartDump
 .text.CMD_SendDumpAbortRequest
                0x2000679c       0x38 ./src/SubSystemModules/Communication/SubsystemCommands/TRXVU_Commands.o
                0x2000679c                CMD_SendDumpAbortRequest
 .text.CMD_ForceDumpAbort
                0x200067d4       0x3c ./src/SubSystemModules/Communication/SubsystemCommands/TRXVU_Commands.o
                0x200067d4                CMD_ForceDumpAbort
 .text.CMD_SetTransponder
                0x20006810      0x110 ./src/SubSystemModules/Communication/SubsystemCommands/TRXVU_Commands.o
                0x20006810                CMD_SetTransponder
 .text.CMD_SetRSSITransponder
                0x20006920       0x90 ./src/SubSystemModules/Communication/SubsystemCommands/TRXVU_Commands.o
                0x20006920                CMD_SetRSSITransponder
 .text.CMD_MuteTRXVU
                0x200069b0       0xc4 ./src/SubSystemModules/Communication/SubsystemCommands/TRXVU_Commands.o
                0x200069b0                CMD_MuteTRXVU
 .text.CMD_SetIdleState
                0x20006a74       0x94 ./src/SubSystemModules/Communication/SubsystemCommands/TRXVU_Commands.o
                0x20006a74                CMD_SetIdleState
 .text.CMD_UnMuteTRXVU
                0x20006b08       0x38 ./src/SubSystemModules/Communication/SubsystemCommands/TRXVU_Commands.o
                0x20006b08                CMD_UnMuteTRXVU
 .text.CMD_GetBaudRate
                0x20006b40       0x6c ./src/SubSystemModules/Communication/SubsystemCommands/TRXVU_Commands.o
                0x20006b40                CMD_GetBaudRate
 .text.CMD_TrasmitBeacon
                0x20006bac       0x48 ./src/SubSystemModules/Communication/SubsystemCommands/TRXVU_Commands.o
                0x20006bac                CMD_TrasmitBeacon
 .text.CMD_GetBeaconInterval
                0x20006bf4       0x6c ./src/SubSystemModules/Communication/SubsystemCommands/TRXVU_Commands.o
                0x20006bf4                CMD_GetBeaconInterval
 .text.CMD_SetBaudRate
                0x20006c60       0x64 ./src/SubSystemModules/Communication/SubsystemCommands/TRXVU_Commands.o
                0x20006c60                CMD_SetBaudRate
 .text.CMD_GetTxUptime
                0x20006cc4       0x68 ./src/SubSystemModules/Communication/SubsystemCommands/TRXVU_Commands.o
                0x20006cc4                CMD_GetTxUptime
 .text.CMD_GetRxUptime
                0x20006d2c       0x68 ./src/SubSystemModules/Communication/SubsystemCommands/TRXVU_Commands.o
                0x20006d2c                CMD_GetRxUptime
 .text.CMD_GetNumOfOnlineCommands
                0x20006d94       0x68 ./src/SubSystemModules/Communication/SubsystemCommands/TRXVU_Commands.o
                0x20006d94                CMD_GetNumOfOnlineCommands
 .text.CMD_SecurePing
                0x20006dfc       0x68 ./src/SubSystemModules/Communication/SubsystemCommands/TRXVU_Commands.o
                0x20006dfc                CMD_SecurePing
 .text.CMD_AntSetArmStatus
                0x20006e64       0x3c ./src/SubSystemModules/Communication/SubsystemCommands/TRXVU_Commands.o
                0x20006e64                CMD_AntSetArmStatus
 .text.CMD_AntGetArmStatus
                0x20006ea0       0x60 ./src/SubSystemModules/Communication/SubsystemCommands/TRXVU_Commands.o
                0x20006ea0                CMD_AntGetArmStatus
 .text.CMD_AntGetUptime
                0x20006f00       0x68 ./src/SubSystemModules/Communication/SubsystemCommands/TRXVU_Commands.o
                0x20006f00                CMD_AntGetUptime
 .text.CMD_StopReDeployment
                0x20006f68       0x74 ./src/SubSystemModules/Communication/SubsystemCommands/TRXVU_Commands.o
                0x20006f68                CMD_StopReDeployment
 .text.CMD_AntCancelDeployment
                0x20006fdc       0x58 ./src/SubSystemModules/Communication/SubsystemCommands/TRXVU_Commands.o
                0x20006fdc                CMD_AntCancelDeployment
 .text.CMD_DumpRamTLM
                0x20007034      0x180 ./src/SubSystemModules/Communication/SubsystemCommands/TRXVU_Commands.o
                0x20007034                CMD_DumpRamTLM
 .text.SendAckPacket
                0x200071b4       0xfc ./src/SubSystemModules/Communication/AckHandler.o
                0x200071b4                SendAckPacket
 .text.trxvu_command_router
                0x200072b0      0x578 ./src/SubSystemModules/Communication/CommandDictionary.o
                0x200072b0                trxvu_command_router
 .text.eps_command_router
                0x20007828      0x10c ./src/SubSystemModules/Communication/CommandDictionary.o
                0x20007828                eps_command_router
 .text.telemetry_command_router
                0x20007934      0x23c ./src/SubSystemModules/Communication/CommandDictionary.o
                0x20007934                telemetry_command_router
 .text.managment_command_router
                0x20007b70      0x12c ./src/SubSystemModules/Communication/CommandDictionary.o
                0x20007b70                managment_command_router
 .text.filesystem_command_router
                0x20007c9c       0x24 ./src/SubSystemModules/Communication/CommandDictionary.o
                0x20007c9c                filesystem_command_router
 .text.sha256_transform
                0x20007cc0      0x4b8 ./src/SubSystemModules/Communication/HashSecuredCMD.o
                0x20007cc0                sha256_transform
 .text.sha256_init
                0x20008178       0xb8 ./src/SubSystemModules/Communication/HashSecuredCMD.o
                0x20008178                sha256_init
 .text.sha256_update
                0x20008230       0xc8 ./src/SubSystemModules/Communication/HashSecuredCMD.o
                0x20008230                sha256_update
 .text.sha256_final
                0x200082f8      0x470 ./src/SubSystemModules/Communication/HashSecuredCMD.o
                0x200082f8                sha256_final
 .text.ParseDataToCommand
                0x20008768      0x1ac ./src/SubSystemModules/Communication/SatCommandHandler.o
                0x20008768                ParseDataToCommand
 .text.AssembleCommand
                0x20008914      0x148 ./src/SubSystemModules/Communication/SatCommandHandler.o
                0x20008914                AssembleCommand
 .text.ActUponCommand
                0x20008a5c      0x108 ./src/SubSystemModules/Communication/SatCommandHandler.o
                0x20008a5c                ActUponCommand
 .text.setMuteEndTime
                0x20008b64       0x40 ./src/SubSystemModules/Communication/TRXVU.o
                0x20008b64                setMuteEndTime
 .text.getMuteEndTime
                0x20008ba4       0x44 ./src/SubSystemModules/Communication/TRXVU.o
                0x20008ba4                getMuteEndTime
 .text.setTransponderEndTime
                0x20008be8       0x40 ./src/SubSystemModules/Communication/TRXVU.o
                0x20008be8                setTransponderEndTime
 .text.getTransponderEndTime
                0x20008c28       0x44 ./src/SubSystemModules/Communication/TRXVU.o
                0x20008c28                getTransponderEndTime
 .text.setTransponderRSSIinFRAM
                0x20008c6c       0x44 ./src/SubSystemModules/Communication/TRXVU.o
                0x20008c6c                setTransponderRSSIinFRAM
 .text.getTransponderRSSIFromFRAM
                0x20008cb0       0x4c ./src/SubSystemModules/Communication/TRXVU.o
                0x20008cb0                getTransponderRSSIFromFRAM
 .text.InitTxModule
                0x20008cfc       0x68 ./src/SubSystemModules/Communication/TRXVU.o
                0x20008cfc                InitTxModule
 .text.CMD_SetBeaconInterval
                0x20008d64       0xdc ./src/SubSystemModules/Communication/TRXVU.o
                0x20008d64                CMD_SetBeaconInterval
 .text.InitBeaconParams
                0x20008e40       0x3c ./src/SubSystemModules/Communication/TRXVU.o
                0x20008e40                InitBeaconParams
 .text.InitSemaphores
                0x20008e7c       0x98 ./src/SubSystemModules/Communication/TRXVU.o
                0x20008e7c                InitSemaphores
 .text.InitTrxvu
                0x20008f14      0x170 ./src/SubSystemModules/Communication/TRXVU.o
                0x20008f14                InitTrxvu
 .text.checkIdleFinish
                0x20009084       0x68 ./src/SubSystemModules/Communication/TRXVU.o
                0x20009084                checkIdleFinish
 .text.checkTransponderFinish
                0x200090ec       0x50 ./src/SubSystemModules/Communication/TRXVU.o
                0x200090ec                checkTransponderFinish
 .text.checkTransponderStart
                0x2000913c       0x50 ./src/SubSystemModules/Communication/TRXVU.o
                0x2000913c                checkTransponderStart
 .text.turnOnTransponder
                0x2000918c       0xa0 ./src/SubSystemModules/Communication/TRXVU.o
                0x2000918c                turnOnTransponder
 .text.turnOffTransponder
                0x2000922c       0x90 ./src/SubSystemModules/Communication/TRXVU.o
                0x2000922c                turnOffTransponder
 .text.SetRSSITransponder
                0x200092bc       0x80 ./src/SubSystemModules/Communication/TRXVU.o
                0x200092bc                SetRSSITransponder
 .text.TRX_Logic
                0x2000933c       0xe4 ./src/SubSystemModules/Communication/TRXVU.o
                0x2000933c                TRX_Logic
 .text.GetNumberOfFramesInBuffer
                0x20009420       0x94 ./src/SubSystemModules/Communication/TRXVU.o
                0x20009420                GetNumberOfFramesInBuffer
 .text.GetOnlineCommand
                0x200094b4      0x1d0 ./src/SubSystemModules/Communication/TRXVU.o
                0x200094b4                GetOnlineCommand
 .text.CheckTransmitionAllowed
                0x20009684       0xc0 ./src/SubSystemModules/Communication/TRXVU.o
                0x20009684                CheckTransmitionAllowed
 .text.FinishDump
                0x20009744       0xf0 ./src/SubSystemModules/Communication/TRXVU.o
                0x20009744                FinishDump
 .text.AbortDump
                0x20009834       0x34 ./src/SubSystemModules/Communication/TRXVU.o
                0x20009834                AbortDump
 .text.SendDumpAbortRequest
                0x20009868       0x6c ./src/SubSystemModules/Communication/TRXVU.o
                0x20009868                SendDumpAbortRequest
 .text.CheckDumpAbort
                0x200098d4       0x6c ./src/SubSystemModules/Communication/TRXVU.o
                0x200098d4                CheckDumpAbort
 .text.BeaconLogic
                0x20009940      0x184 ./src/SubSystemModules/Communication/TRXVU.o
                0x20009940                BeaconLogic
 .text.SetIdleState
                0x20009ac4      0x144 ./src/SubSystemModules/Communication/TRXVU.o
                0x20009ac4                SetIdleState
 .text.muteTRXVU
                0x20009c08       0x74 ./src/SubSystemModules/Communication/TRXVU.o
                0x20009c08                muteTRXVU
 .text.UnMuteTRXVU
                0x20009c7c       0x14 ./src/SubSystemModules/Communication/TRXVU.o
                0x20009c7c                UnMuteTRXVU
 .text.TransmitDataAsSPL_Packet
                0x20009c90      0x12c ./src/SubSystemModules/Communication/TRXVU.o
                0x20009c90                TransmitDataAsSPL_Packet
 .text.Hash256  0x20009dbc       0x7c ./src/SubSystemModules/Communication/TRXVU.o
                0x20009dbc                Hash256
 .text.CMD_Hash256
                0x20009e38      0x2e0 ./src/SubSystemModules/Communication/TRXVU.o
                0x20009e38                CMD_Hash256
 .text.TransmitSplPacket
                0x2000a118      0x124 ./src/SubSystemModules/Communication/TRXVU.o
                0x2000a118                TransmitSplPacket
 .text.isFirstActivation
                0x2000a23c       0x38 ./src/InitSystem.o
                0x2000a23c                isFirstActivation
 .text.WriteDefaultValuesToFRAM
                0x2000a274      0x2c8 ./src/InitSystem.o
                0x2000a274                WriteDefaultValuesToFRAM
 .text.StartFRAM
                0x2000a53c       0x64 ./src/InitSystem.o
                0x2000a53c                StartFRAM
 .text.StartI2C
                0x2000a5a0       0x38 ./src/InitSystem.o
                0x2000a5a0                StartI2C
 .text.StartSPI
                0x2000a5d8       0x34 ./src/InitSystem.o
                0x2000a5d8                StartSPI
 .text.StartTIME
                0x2000a60c       0xbc ./src/InitSystem.o
                0x2000a60c                StartTIME
 .text.DeploySystem
                0x2000a6c8      0x1b4 ./src/InitSystem.o
                0x2000a6c8                DeploySystem
 .text.InitSubsystems
                0x2000a87c       0x64 ./src/InitSystem.o
                0x2000a87c                InitSubsystems
 .text.CMD_getInfoImage
                0x2000a8e0      0x158 ./src/TLM_management.o
                0x2000a8e0                CMD_getInfoImage
 .text.CMD_getDataImage
                0x2000aa38      0x218 ./src/TLM_management.o
                0x2000aa38                CMD_getDataImage
 .text.delete_allTMFilesFromSD
                0x2000ac50       0x8c ./src/TLM_management.o
                0x2000ac50                delete_allTMFilesFromSD
 .text.deleteTLMFiles
                0x2000acdc       0x94 ./src/TLM_management.o
                0x2000acdc                deleteTLMFiles
 .text.deleteTLMFile
                0x2000ad70       0xcc ./src/TLM_management.o
                0x2000ad70                deleteTLMFile
 .text.deleteTLMbyMonth
                0x2000ae3c       0xac ./src/TLM_management.o
                0x2000ae3c                deleteTLMbyMonth
 .text.deleteDirectory
                0x2000aee8      0x158 ./src/TLM_management.o
                0x2000aee8                deleteDirectory
 .text.InitializeFS
                0x2000b040       0xec ./src/TLM_management.o
                0x2000b040                InitializeFS
 .text.calculateFileName
                0x2000b12c      0x130 ./src/TLM_management.o
                0x2000b12c                calculateFileName
 .text.getTlmTypeInfo
                0x2000b25c      0x264 ./src/TLM_management.o
                0x2000b25c                getTlmTypeInfo
 .text.write2File
                0x2000b4c0      0x1dc ./src/TLM_management.o
                0x2000b4c0                write2File
 .text.printTLM
                0x2000b69c       0x24 ./src/TLM_management.o
                0x2000b69c                printTLM
 .text.readTLMFile
                0x2000b6c0      0x328 ./src/TLM_management.o
                0x2000b6c0                readTLMFile
 .text.readTLMFiles
                0x2000b9e8       0xdc ./src/TLM_management.o
                0x2000b9e8                readTLMFiles
 .text.readTLMFileTimeRange
                0x2000bac4      0x2f0 ./src/TLM_management.o
                0x2000bac4                readTLMFileTimeRange
 .text.DeInitializeFS
                0x2000bdb4       0x38 ./src/TLM_management.o
                0x2000bdb4                DeInitializeFS
 .text.taskMain
                0x2000bdec       0x90 ./src/main.o
                0x2000bdec                taskMain
 .text.main     0x2000be7c       0x98 ./src/main.o
                0x2000be7c                main
 .text.timeU2time
                0x2000bf14       0xbc ./src/utils.o
                0x2000bf14                timeU2time
 .text.logError
                0x2000bfd0      0x148 ./src/utils.o
                0x2000bfd0                logError
 .text.clearPDCtransfers
                0x2000c118       0xe8 C:/ISIS/workspace_ycube/GlobusSatProject/..//hal/hal/lib\libHALD.a(SPI.o)
 .text.SPI_start
                0x2000c200      0x4b0 C:/ISIS/workspace_ycube/GlobusSatProject/..//hal/hal/lib\libHALD.a(SPI.o)
                0x2000c200                SPI_start
 .text.SPI_stop
                0x2000c6b0      0x244 C:/ISIS/workspace_ycube/GlobusSatProject/..//hal/hal/lib\libHALD.a(SPI.o)
                0x2000c6b0                SPI_stop
 .text.SPI_queueTransfer
                0x2000c8f4      0x1cc C:/ISIS/workspace_ycube/GlobusSatProject/..//hal/hal/lib\libHALD.a(SPI.o)
                0x2000c8f4                SPI_queueTransfer
 .text.SPI_internalCallback
                0x2000cac0       0x64 C:/ISIS/workspace_ycube/GlobusSatProject/..//hal/hal/lib\libHALD.a(SPI.o)
 .text.SPI_writeRead
                0x2000cb24      0x1c0 C:/ISIS/workspace_ycube/GlobusSatProject/..//hal/hal/lib\libHALD.a(SPI.o)
                0x2000cb24                SPI_writeRead
 .text.waitForTransfer
                0x2000cce4       0x78 C:/ISIS/workspace_ycube/GlobusSatProject/..//hal/hal/lib\libHALD.a(SPI.o)
 .text.SPI_getDriverState
                0x2000cd5c       0x58 C:/ISIS/workspace_ycube/GlobusSatProject/..//hal/hal/lib\libHALD.a(SPI.o)
                0x2000cd5c                SPI_getDriverState
 .text.validateTransferParameters
                0x2000cdb4      0x10c C:/ISIS/workspace_ycube/GlobusSatProject/..//hal/hal/lib\libHALD.a(I2C.o)
 .text.I2C_queueTransfer
                0x2000cec0       0xfc C:/ISIS/workspace_ycube/GlobusSatProject/..//hal/hal/lib\libHALD.a(I2C.o)
                0x2000cec0                I2C_queueTransfer
 .text.I2C_internalCallback
                0x2000cfbc       0x64 C:/ISIS/workspace_ycube/GlobusSatProject/..//hal/hal/lib\libHALD.a(I2C.o)
 .text.I2C_doBlockingTransfer
                0x2000d020      0x180 C:/ISIS/workspace_ycube/GlobusSatProject/..//hal/hal/lib\libHALD.a(I2C.o)
 .text.I2C_write
                0x2000d1a0      0x110 C:/ISIS/workspace_ycube/GlobusSatProject/..//hal/hal/lib\libHALD.a(I2C.o)
                0x2000d1a0                I2C_write
 .text.I2C_read
                0x2000d2b0      0x110 C:/ISIS/workspace_ycube/GlobusSatProject/..//hal/hal/lib\libHALD.a(I2C.o)
                0x2000d2b0                I2C_read
 .text.I2C_writeRead
                0x2000d3c0      0x17c C:/ISIS/workspace_ycube/GlobusSatProject/..//hal/hal/lib\libHALD.a(I2C.o)
                0x2000d3c0                I2C_writeRead
 .text.I2C_start
                0x2000d53c      0x2e8 C:/ISIS/workspace_ycube/GlobusSatProject/..//hal/hal/lib\libHALD.a(I2C.o)
                0x2000d53c                I2C_start
 .text.I2C_stop
                0x2000d824      0x184 C:/ISIS/workspace_ycube/GlobusSatProject/..//hal/hal/lib\libHALD.a(I2C.o)
                0x2000d824                I2C_stop
 .text.I2C_setTransferTimeout
                0x2000d9a8       0x48 C:/ISIS/workspace_ycube/GlobusSatProject/..//hal/hal/lib\libHALD.a(I2C.o)
                0x2000d9a8                I2C_setTransferTimeout
 .text.ADC_ConvertRaw10bitToMillivolt
                0x2000d9f0       0x50 C:/ISIS/workspace_ycube/GlobusSatProject/..//hal/hal/lib\libHALD.a(ADC.o)
                0x2000d9f0                ADC_ConvertRaw10bitToMillivolt
 .text.ADC_SingleShot
                0x2000da40      0x230 C:/ISIS/workspace_ycube/GlobusSatProject/..//hal/hal/lib\libHALD.a(ADC.o)
                0x2000da40                ADC_SingleShot
 .text.FRAM_start
                0x2000dc70      0x120 C:/ISIS/workspace_ycube/GlobusSatProject/..//hal/hal/lib\libHALD.a(FRAM.o)
                0x2000dc70                FRAM_start
 .text.FRAM_stop
                0x2000dd90       0x6c C:/ISIS/workspace_ycube/GlobusSatProject/..//hal/hal/lib\libHALD.a(FRAM.o)
                0x2000dd90                FRAM_stop
 .text.FRAM_dummyCallback
                0x2000ddfc       0x24 C:/ISIS/workspace_ycube/GlobusSatProject/..//hal/hal/lib\libHALD.a(FRAM.o)
                0x2000ddfc                FRAM_dummyCallback
 .text.FRAM_unlockingCallback
                0x2000de20       0x64 C:/ISIS/workspace_ycube/GlobusSatProject/..//hal/hal/lib\libHALD.a(FRAM.o)
                0x2000de20                FRAM_unlockingCallback
 .text.doBlockingTransfer
                0x2000de84       0x78 C:/ISIS/workspace_ycube/GlobusSatProject/..//hal/hal/lib\libHALD.a(FRAM.o)
 .text.FRAM_writePacket
                0x2000defc      0x134 C:/ISIS/workspace_ycube/GlobusSatProject/..//hal/hal/lib\libHALD.a(FRAM.o)
 .text.FRAM_write
                0x2000e030      0x1e0 C:/ISIS/workspace_ycube/GlobusSatProject/..//hal/hal/lib\libHALD.a(FRAM.o)
                0x2000e030                FRAM_write
 .text.FRAM_readPacket
                0x2000e210       0xf0 C:/ISIS/workspace_ycube/GlobusSatProject/..//hal/hal/lib\libHALD.a(FRAM.o)
 .text.FRAM_read
                0x2000e300      0x1ec C:/ISIS/workspace_ycube/GlobusSatProject/..//hal/hal/lib\libHALD.a(FRAM.o)
                0x2000e300                FRAM_read
 .text.Time_start
                0x2000e4ec      0x170 C:/ISIS/workspace_ycube/GlobusSatProject/..//hal/hal/lib\libHALD.a(Time.o)
                0x2000e4ec                Time_start
 .text.taskTimeSync
                0x2000e65c       0x64 C:/ISIS/workspace_ycube/GlobusSatProject/..//hal/hal/lib\libHALD.a(Time.o)
 .text.Time_convertEpochToTime
                0x2000e6c0      0x100 C:/ISIS/workspace_ycube/GlobusSatProject/..//hal/hal/lib\libHALD.a(Time.o)
                0x2000e6c0                Time_convertEpochToTime
 .text.Time_calculateSecondsOfYear
                0x2000e7c0       0xd8 C:/ISIS/workspace_ycube/GlobusSatProject/..//hal/hal/lib\libHALD.a(Time.o)
 .text.Time_set
                0x2000e898       0xd8 C:/ISIS/workspace_ycube/GlobusSatProject/..//hal/hal/lib\libHALD.a(Time.o)
                0x2000e898                Time_set
 .text.Time_isLeapYear
                0x2000e970       0x98 C:/ISIS/workspace_ycube/GlobusSatProject/..//hal/hal/lib\libHALD.a(Time.o)
                0x2000e970                Time_isLeapYear
 .text.Time_get
                0x2000ea08      0x478 C:/ISIS/workspace_ycube/GlobusSatProject/..//hal/hal/lib\libHALD.a(Time.o)
                0x2000ea08                Time_get
 .text.Time_getUnixEpoch
                0x2000ee80      0x108 C:/ISIS/workspace_ycube/GlobusSatProject/..//hal/hal/lib\libHALD.a(Time.o)
                0x2000ee80                Time_getUnixEpoch
 .text.Time_secondsOfYearToTime
                0x2000ef88      0x33c C:/ISIS/workspace_ycube/GlobusSatProject/..//hal/hal/lib\libHALD.a(Time.o)
 .text.Time_setUnixEpoch
                0x2000f2c4       0x54 C:/ISIS/workspace_ycube/GlobusSatProject/..//hal/hal/lib\libHALD.a(Time.o)
                0x2000f2c4                Time_setUnixEpoch
 .text.Time_getUptimeSeconds
                0x2000f318       0x28 C:/ISIS/workspace_ycube/GlobusSatProject/..//hal/hal/lib\libHALD.a(Time.o)
                0x2000f318                Time_getUptimeSeconds
 .text.Time_sync
                0x2000f340      0x1a8 C:/ISIS/workspace_ycube/GlobusSatProject/..//hal/hal/lib\libHALD.a(Time.o)
                0x2000f340                Time_sync
 .text.Time_syncIfNeeded
                0x2000f4e8       0xac C:/ISIS/workspace_ycube/GlobusSatProject/..//hal/hal/lib\libHALD.a(Time.o)
                0x2000f4e8                Time_syncIfNeeded
 .text.WDT_start
                0x2000f594       0x48 C:/ISIS/workspace_ycube/GlobusSatProject/..//hal/hal/lib\libHALD.a(WatchDogTimerNoOS.o)
                0x2000f594                WDT_start
 .text.RTT_start
                0x2000f5dc       0x24 C:/ISIS/workspace_ycube/GlobusSatProject/..//hal/hal/lib\libHALD.a(RTT.o)
                0x2000f5dc                RTT_start
 .text.RTT_GetTime
                0x2000f600       0x24 C:/ISIS/workspace_ycube/GlobusSatProject/..//hal/hal/lib\libHALD.a(RTT.o)
                0x2000f600                RTT_GetTime
 .text.RTC_start
                0x2000f624       0x3c C:/ISIS/workspace_ycube/GlobusSatProject/..//hal/hal/lib\libHALD.a(RTC.o)
                0x2000f624                RTC_start
 .text.RTC_setTime
                0x2000f660      0x2a4 C:/ISIS/workspace_ycube/GlobusSatProject/..//hal/hal/lib\libHALD.a(RTC.o)
                0x2000f660                RTC_setTime
 .text.RTC_getTime
                0x2000f904      0x230 C:/ISIS/workspace_ycube/GlobusSatProject/..//hal/hal/lib\libHALD.a(RTC.o)
                0x2000f904                RTC_getTime
 .text.RTC_checkTimeValid
                0x2000fb34       0xd8 C:/ISIS/workspace_ycube/GlobusSatProject/..//hal/hal/lib\libHALD.a(RTC.o)
                0x2000fb34                RTC_checkTimeValid
 .text.WDT_startWatchdogKickTask
                0x2000fc0c       0xb4 C:/ISIS/workspace_ycube/GlobusSatProject/..//hal/hal/lib\libHALD.a(WatchDogTimerOS.o)
                0x2000fc0c                WDT_startWatchdogKickTask
 .text.WDT_forceKickEveryNms
                0x2000fcc0       0x50 C:/ISIS/workspace_ycube/GlobusSatProject/..//hal/hal/lib\libHALD.a(WatchDogTimerOS.o)
                0x2000fcc0                WDT_forceKickEveryNms
 .text.f_puts   0x2000fd10       0x80 C:/ISIS/workspace_ycube/GlobusSatProject/..//hal/hal/lib\libHALD.a(fprintf.o)
                0x2000fd10                f_puts
 .text.LED_glow
                0x2000fd90       0x58 C:/ISIS/workspace_ycube/GlobusSatProject/..//hal/hal/lib\libHALD.a(LED.o)
                0x2000fd90                LED_glow
 .text.LED_dark
                0x2000fde8       0x58 C:/ISIS/workspace_ycube/GlobusSatProject/..//hal/hal/lib\libHALD.a(LED.o)
                0x2000fde8                LED_dark
 .text.LED_toggle
                0x2000fe40       0x50 C:/ISIS/workspace_ycube/GlobusSatProject/..//hal/hal/lib\libHALD.a(LED.o)
                0x2000fe40                LED_toggle
 .text.fm_initvolume
                0x2000fe90       0x70 C:/ISIS/workspace_ycube/GlobusSatProject/..//hal/hcc/lib\libHCCD.a(fat_m.o)
                0x2000fe90                fm_initvolume
 .text.fm_delvolume
                0x2000ff00       0x60 C:/ISIS/workspace_ycube/GlobusSatProject/..//hal/hcc/lib\libHCCD.a(fat_m.o)
                0x2000ff00                fm_delvolume
 .text.fm_format
                0x2000ff60       0x68 C:/ISIS/workspace_ycube/GlobusSatProject/..//hal/hcc/lib\libHCCD.a(fat_m.o)
                0x2000ff60                fm_format
 .text.fm_getdrive
                0x2000ffc8       0x70 C:/ISIS/workspace_ycube/GlobusSatProject/..//hal/hcc/lib\libHCCD.a(fat_m.o)
                0x2000ffc8                fm_getdrive
 .text.fm_getfreespace
                0x20010038       0x68 C:/ISIS/workspace_ycube/GlobusSatProject/..//hal/hcc/lib\libHCCD.a(fat_m.o)
                0x20010038                fm_getfreespace
 .text.fm_mkdir
                0x200100a0       0x60 C:/ISIS/workspace_ycube/GlobusSatProject/..//hal/hcc/lib\libHCCD.a(fat_m.o)
                0x200100a0                fm_mkdir
 .text.fm_rmdir
                0x20010100       0x60 C:/ISIS/workspace_ycube/GlobusSatProject/..//hal/hcc/lib\libHCCD.a(fat_m.o)
                0x20010100                fm_rmdir
 .text.fm_findfirst
                0x20010160       0x68 C:/ISIS/workspace_ycube/GlobusSatProject/..//hal/hcc/lib\libHCCD.a(fat_m.o)
                0x20010160                fm_findfirst
 .text.fm_findnext
                0x200101c8       0x60 C:/ISIS/workspace_ycube/GlobusSatProject/..//hal/hcc/lib\libHCCD.a(fat_m.o)
                0x200101c8                fm_findnext
 .text.fm_close
                0x20010228       0x60 C:/ISIS/workspace_ycube/GlobusSatProject/..//hal/hcc/lib\libHCCD.a(fat_m.o)
                0x20010228                fm_close
 .text.fm_flush
                0x20010288       0x60 C:/ISIS/workspace_ycube/GlobusSatProject/..//hal/hcc/lib\libHCCD.a(fat_m.o)
                0x20010288                fm_flush
 .text.fm_open  0x200102e8       0x68 C:/ISIS/workspace_ycube/GlobusSatProject/..//hal/hcc/lib\libHCCD.a(fat_m.o)
                0x200102e8                fm_open
 .text.fm_read  0x20010350       0x7c C:/ISIS/workspace_ycube/GlobusSatProject/..//hal/hcc/lib\libHCCD.a(fat_m.o)
                0x20010350                fm_read
 .text.fm_write
                0x200103cc       0x7c C:/ISIS/workspace_ycube/GlobusSatProject/..//hal/hcc/lib\libHCCD.a(fat_m.o)
                0x200103cc                fm_write
 .text.fm_seek  0x20010448       0x70 C:/ISIS/workspace_ycube/GlobusSatProject/..//hal/hcc/lib\libHCCD.a(fat_m.o)
                0x20010448                fm_seek
 .text.fm_tell  0x200104b8       0x60 C:/ISIS/workspace_ycube/GlobusSatProject/..//hal/hcc/lib\libHCCD.a(fat_m.o)
                0x200104b8                fm_tell
 .text.fm_putc  0x20010518       0x68 C:/ISIS/workspace_ycube/GlobusSatProject/..//hal/hcc/lib\libHCCD.a(fat_m.o)
                0x20010518                fm_putc
 .text.fm_rewind
                0x20010580       0x60 C:/ISIS/workspace_ycube/GlobusSatProject/..//hal/hcc/lib\libHCCD.a(fat_m.o)
                0x20010580                fm_rewind
 .text.fm_delete
                0x200105e0       0x64 C:/ISIS/workspace_ycube/GlobusSatProject/..//hal/hcc/lib\libHCCD.a(fat_m.o)
                0x200105e0                fm_delete
 .text.fm_getlasterror
                0x20010644       0x40 C:/ISIS/workspace_ycube/GlobusSatProject/..//hal/hcc/lib\libHCCD.a(fat_m.o)
                0x20010644                fm_getlasterror
 .text._f_invalidatedir
                0x20010684       0x28 C:/ISIS/workspace_ycube/GlobusSatProject/..//hal/hcc/lib\libHCCD.a(fat.o)
                0x20010684                _f_invalidatedir
 .text._f_getdirsector
                0x200106ac       0x88 C:/ISIS/workspace_ycube/GlobusSatProject/..//hal/hcc/lib\libHCCD.a(fat.o)
                0x200106ac                _f_getdirsector
 .text._f_writedirsector
                0x20010734       0x74 C:/ISIS/workspace_ycube/GlobusSatProject/..//hal/hcc/lib\libHCCD.a(fat.o)
                0x20010734                _f_writedirsector
 .text._f_checknameinv
                0x200107a8      0x180 C:/ISIS/workspace_ycube/GlobusSatProject/..//hal/hcc/lib\libHCCD.a(fat.o)
 .text._f_checkname
                0x20010928       0x7c C:/ISIS/workspace_ycube/GlobusSatProject/..//hal/hcc/lib\libHCCD.a(fat.o)
 .text._f_checknamewc
                0x200109a4       0xf8 C:/ISIS/workspace_ycube/GlobusSatProject/..//hal/hcc/lib\libHCCD.a(fat.o)
 .text._f_setnameext
                0x20010a9c      0x300 C:/ISIS/workspace_ycube/GlobusSatProject/..//hal/hcc/lib\libHCCD.a(fat.o)
 .text._f_setfsname
                0x20010d9c      0x584 C:/ISIS/workspace_ycube/GlobusSatProject/..//hal/hcc/lib\libHCCD.a(fat.o)
 .text._f_findfile
                0x20011320      0x30c C:/ISIS/workspace_ycube/GlobusSatProject/..//hal/hcc/lib\libHCCD.a(fat.o)
 .text._f_cmp_wname
                0x2001162c      0x274 C:/ISIS/workspace_ycube/GlobusSatProject/..//hal/hcc/lib\libHCCD.a(fat.o)
 .text._f_to_string
                0x200118a0      0x130 C:/ISIS/workspace_ycube/GlobusSatProject/..//hal/hcc/lib\libHCCD.a(fat.o)
 .text._f_findfilewc
                0x200119d0      0x278 C:/ISIS/workspace_ycube/GlobusSatProject/..//hal/hcc/lib\libHCCD.a(fat.o)
 .text._f_getfilename
                0x20011c48      0x20c C:/ISIS/workspace_ycube/GlobusSatProject/..//hal/hcc/lib\libHCCD.a(fat.o)
 .text._f_findpath
                0x20011e54      0x35c C:/ISIS/workspace_ycube/GlobusSatProject/..//hal/hcc/lib\libHCCD.a(fat.o)
 .text.fn_getdcwd
                0x200121b0      0x1e0 C:/ISIS/workspace_ycube/GlobusSatProject/..//hal/hcc/lib\libHCCD.a(fat.o)
                0x200121b0                fn_getdcwd
 .text.fn_findfirst
                0x20012390      0x13c C:/ISIS/workspace_ycube/GlobusSatProject/..//hal/hcc/lib\libHCCD.a(fat.o)
                0x20012390                fn_findfirst
 .text.fn_findnext
                0x200124cc      0x360 C:/ISIS/workspace_ycube/GlobusSatProject/..//hal/hcc/lib\libHCCD.a(fat.o)
                0x200124cc                fn_findnext
 .text._f_lock_resfile
                0x2001282c       0x6c C:/ISIS/workspace_ycube/GlobusSatProject/..//hal/hcc/lib\libHCCD.a(fat.o)
 .text._f_unlock_resfile
                0x20012898       0x40 C:/ISIS/workspace_ycube/GlobusSatProject/..//hal/hcc/lib\libHCCD.a(fat.o)
 .text._f_getintfile
                0x200128d8      0x124 C:/ISIS/workspace_ycube/GlobusSatProject/..//hal/hcc/lib\libHCCD.a(fat.o)
 .text._f_addentry
                0x200129fc      0x540 C:/ISIS/workspace_ycube/GlobusSatProject/..//hal/hcc/lib\libHCCD.a(fat.o)
 .text.fn_mkdir
                0x20012f3c      0x75c C:/ISIS/workspace_ycube/GlobusSatProject/..//hal/hcc/lib\libHCCD.a(fat.o)
                0x20012f3c                fn_mkdir
 .text.fn_open_sub
                0x20013698     0x1698 C:/ISIS/workspace_ycube/GlobusSatProject/..//hal/hcc/lib\libHCCD.a(fat.o)
 .text.fn_open  0x20014d30       0x44 C:/ISIS/workspace_ycube/GlobusSatProject/..//hal/hcc/lib\libHCCD.a(fat.o)
                0x20014d30                fn_open
 .text.fn_delete
                0x20014d74      0x490 C:/ISIS/workspace_ycube/GlobusSatProject/..//hal/hcc/lib\libHCCD.a(fat.o)
                0x20014d74                fn_delete
 .text.fn_rmdir
                0x20015204      0x5ac C:/ISIS/workspace_ycube/GlobusSatProject/..//hal/hcc/lib\libHCCD.a(fat.o)
                0x20015204                fn_rmdir
 .text.fn_init  0x200157b0      0x2dc C:/ISIS/workspace_ycube/GlobusSatProject/..//hal/hcc/lib\libHCCD.a(fat_common.o)
                0x200157b0                fn_init
 .text.fn_start
                0x20015a8c       0x1c C:/ISIS/workspace_ycube/GlobusSatProject/..//hal/hcc/lib\libHCCD.a(fat_common.o)
                0x20015a8c                fn_start
 .text.fsn_delete
                0x20015aa8       0xc8 C:/ISIS/workspace_ycube/GlobusSatProject/..//hal/hcc/lib\libHCCD.a(fat_common.o)
                0x20015aa8                fsn_delete
 .text._f_get16bitl
                0x20015b70       0x4c C:/ISIS/workspace_ycube/GlobusSatProject/..//hal/hcc/lib\libHCCD.a(fat_common.o)
                0x20015b70                _f_get16bitl
 .text._f_set16bitl
                0x20015bbc       0x54 C:/ISIS/workspace_ycube/GlobusSatProject/..//hal/hcc/lib\libHCCD.a(fat_common.o)
                0x20015bbc                _f_set16bitl
 .text._f_get32bitl
                0x20015c10       0x68 C:/ISIS/workspace_ycube/GlobusSatProject/..//hal/hcc/lib\libHCCD.a(fat_common.o)
                0x20015c10                _f_get32bitl
 .text._f_set32bitl
                0x20015c78       0x78 C:/ISIS/workspace_ycube/GlobusSatProject/..//hal/hcc/lib\libHCCD.a(fat_common.o)
                0x20015c78                _f_set32bitl
 .text._get8bit
                0x20015cf0       0xa0 C:/ISIS/workspace_ycube/GlobusSatProject/..//hal/hcc/lib\libHCCD.a(fat_common.o)
 .text._get16bitl
                0x20015d90       0x40 C:/ISIS/workspace_ycube/GlobusSatProject/..//hal/hcc/lib\libHCCD.a(fat_common.o)
 .text._get32bitl
                0x20015dd0       0x3c C:/ISIS/workspace_ycube/GlobusSatProject/..//hal/hcc/lib\libHCCD.a(fat_common.o)
 .text._set8bitzero
                0x20015e0c       0x6c C:/ISIS/workspace_ycube/GlobusSatProject/..//hal/hcc/lib\libHCCD.a(fat_common.o)
 .text._set8bit
                0x20015e78       0xa0 C:/ISIS/workspace_ycube/GlobusSatProject/..//hal/hcc/lib\libHCCD.a(fat_common.o)
 .text._set16bitl
                0x20015f18       0x3c C:/ISIS/workspace_ycube/GlobusSatProject/..//hal/hcc/lib\libHCCD.a(fat_common.o)
 .text._set32bitl
                0x20015f54       0x34 C:/ISIS/workspace_ycube/GlobusSatProject/..//hal/hcc/lib\libHCCD.a(fat_common.o)
 .text._f_setcardremoved
                0x20015f88       0x94 C:/ISIS/workspace_ycube/GlobusSatProject/..//hal/hcc/lib\libHCCD.a(fat_common.o)
 .text._f_checkstatus
                0x2001601c      0x104 C:/ISIS/workspace_ycube/GlobusSatProject/..//hal/hcc/lib\libHCCD.a(fat_common.o)
                0x2001601c                _f_checkstatus
 .text._f_drvgetphy
                0x20016120      0x114 C:/ISIS/workspace_ycube/GlobusSatProject/..//hal/hcc/lib\libHCCD.a(fat_common.o)
 .text._f_drvwritesector
                0x20016234       0xdc C:/ISIS/workspace_ycube/GlobusSatProject/..//hal/hcc/lib\libHCCD.a(fat_common.o)
 .text._f_drvreadsector
                0x20016310       0xa8 C:/ISIS/workspace_ycube/GlobusSatProject/..//hal/hcc/lib\libHCCD.a(fat_common.o)
 .text._f_writesector
                0x200163b8      0x23c C:/ISIS/workspace_ycube/GlobusSatProject/..//hal/hcc/lib\libHCCD.a(fat_common.o)
                0x200163b8                _f_writesector
 .text._f_readsector
                0x200165f4      0x1dc C:/ISIS/workspace_ycube/GlobusSatProject/..//hal/hcc/lib\libHCCD.a(fat_common.o)
                0x200165f4                _f_readsector
 .text._f_getmaxcluster
                0x200167d0       0x94 C:/ISIS/workspace_ycube/GlobusSatProject/..//hal/hcc/lib\libHCCD.a(fat_common.o)
                0x200167d0                _f_getmaxcluster
 .text._getsectorfromcluster
                0x20016864       0x68 C:/ISIS/workspace_ycube/GlobusSatProject/..//hal/hcc/lib\libHCCD.a(fat_common.o)
 .text._f_buildsectors
                0x200168cc      0x268 C:/ISIS/workspace_ycube/GlobusSatProject/..//hal/hcc/lib\libHCCD.a(fat_common.o)
 .text._f_getbootrecord
                0x20016b34      0x5e4 C:/ISIS/workspace_ycube/GlobusSatProject/..//hal/hcc/lib\libHCCD.a(fat_common.o)
 .text._f_readbootrecord
                0x20017118      0x4f8 C:/ISIS/workspace_ycube/GlobusSatProject/..//hal/hcc/lib\libHCCD.a(fat_common.o)
 .text._f_writebootrecord
                0x20017610      0x5e4 C:/ISIS/workspace_ycube/GlobusSatProject/..//hal/hcc/lib\libHCCD.a(fat_common.o)
 .text._f_flushcffiles
                0x20017bf4      0x17c C:/ISIS/workspace_ycube/GlobusSatProject/..//hal/hcc/lib\libHCCD.a(fat_common.o)
                0x20017bf4                _f_flushcffiles
 .text._f_fatcache_flush
                0x20017d70      0x270 C:/ISIS/workspace_ycube/GlobusSatProject/..//hal/hcc/lib\libHCCD.a(fat_common.o)
                0x20017d70                _f_fatcache_flush
 .text._f_writefatsector
                0x20017fe0      0x100 C:/ISIS/workspace_ycube/GlobusSatProject/..//hal/hcc/lib\libHCCD.a(fat_common.o)
                0x20017fe0                _f_writefatsector
 .text._f_getfatsector
                0x200180e0      0x3bc C:/ISIS/workspace_ycube/GlobusSatProject/..//hal/hcc/lib\libHCCD.a(fat_common.o)
 .text._f_setclustervalue
                0x2001849c      0x490 C:/ISIS/workspace_ycube/GlobusSatProject/..//hal/hcc/lib\libHCCD.a(fat_common.o)
                0x2001849c                _f_setclustervalue
 .text._f_getclustervalue
                0x2001892c      0x388 C:/ISIS/workspace_ycube/GlobusSatProject/..//hal/hcc/lib\libHCCD.a(fat_common.o)
                0x2001892c                _f_getclustervalue
 .text._f_close_drive_files
                0x20018cb4       0xac C:/ISIS/workspace_ycube/GlobusSatProject/..//hal/hcc/lib\libHCCD.a(fat_common.o)
 .text._f_inc_mount_count
                0x20018d60       0xa4 C:/ISIS/workspace_ycube/GlobusSatProject/..//hal/hcc/lib\libHCCD.a(fat_common.o)
 .text._f_getvolume
                0x20018e04      0x2f8 C:/ISIS/workspace_ycube/GlobusSatProject/..//hal/hcc/lib\libHCCD.a(fat_common.o)
                0x20018e04                _f_getvolume
 .text.fn_createdriver
                0x200190fc      0x118 C:/ISIS/workspace_ycube/GlobusSatProject/..//hal/hcc/lib\libHCCD.a(fat_common.o)
                0x200190fc                fn_createdriver
 .text.fn_initvolume
                0x20019214      0x12c C:/ISIS/workspace_ycube/GlobusSatProject/..//hal/hcc/lib\libHCCD.a(fat_common.o)
                0x20019214                fn_initvolume
 .text.fn_releasedriver
                0x20019340       0xf4 C:/ISIS/workspace_ycube/GlobusSatProject/..//hal/hcc/lib\libHCCD.a(fat_common.o)
                0x20019340                fn_releasedriver
 .text.fn_initvolumepartition_sub
                0x20019434       0xe0 C:/ISIS/workspace_ycube/GlobusSatProject/..//hal/hcc/lib\libHCCD.a(fat_common.o)
 .text.fn_initvolumepartition
                0x20019514       0xac C:/ISIS/workspace_ycube/GlobusSatProject/..//hal/hcc/lib\libHCCD.a(fat_common.o)
                0x20019514                fn_initvolumepartition
 .text.fn_delvolume
                0x200195c0      0x194 C:/ISIS/workspace_ycube/GlobusSatProject/..//hal/hcc/lib\libHCCD.a(fat_common.o)
                0x200195c0                fn_delvolume
 .text._f_clustertopos
                0x20019754       0xf8 C:/ISIS/workspace_ycube/GlobusSatProject/..//hal/hcc/lib\libHCCD.a(fat_common.o)
                0x20019754                _f_clustertopos
 .text._f_prepareformat
                0x2001984c      0x8b8 C:/ISIS/workspace_ycube/GlobusSatProject/..//hal/hcc/lib\libHCCD.a(fat_common.o)
 .text._f_resetfatentries
                0x2001a104      0x410 C:/ISIS/workspace_ycube/GlobusSatProject/..//hal/hcc/lib\libHCCD.a(fat_common.o)
 .text._f_resetrootdir
                0x2001a514       0xcc C:/ISIS/workspace_ycube/GlobusSatProject/..//hal/hcc/lib\libHCCD.a(fat_common.o)
 .text._f_postformat
                0x2001a5e0      0x178 C:/ISIS/workspace_ycube/GlobusSatProject/..//hal/hcc/lib\libHCCD.a(fat_common.o)
 .text.fn_format
                0x2001a758      0x148 C:/ISIS/workspace_ycube/GlobusSatProject/..//hal/hcc/lib\libHCCD.a(fat_common.o)
                0x2001a758                fn_format
 .text._f_getcurrsector
                0x2001a8a0      0x6c8 C:/ISIS/workspace_ycube/GlobusSatProject/..//hal/hcc/lib\libHCCD.a(fat_common.o)
                0x2001a8a0                _f_getcurrsector
 .text._f_getdecluster
                0x2001af68       0x90 C:/ISIS/workspace_ycube/GlobusSatProject/..//hal/hcc/lib\libHCCD.a(fat_common.o)
                0x2001af68                _f_getdecluster
 .text._f_setdecluster
                0x2001aff8       0x8c C:/ISIS/workspace_ycube/GlobusSatProject/..//hal/hcc/lib\libHCCD.a(fat_common.o)
                0x2001aff8                _f_setdecluster
 .text.fn_getdrive
                0x2001b084       0x30 C:/ISIS/workspace_ycube/GlobusSatProject/..//hal/hcc/lib\libHCCD.a(fat_common.o)
                0x2001b084                fn_getdrive
 .text._f_getcurrenttimedate
                0x2001b0b4      0x138 C:/ISIS/workspace_ycube/GlobusSatProject/..//hal/hcc/lib\libHCCD.a(fat_common.o)
                0x2001b0b4                _f_getcurrenttimedate
 .text._f_initentry
                0x2001b1ec       0xa0 C:/ISIS/workspace_ycube/GlobusSatProject/..//hal/hcc/lib\libHCCD.a(fat_common.o)
                0x2001b1ec                _f_initentry
 .text._f_alloccluster
                0x2001b28c      0x344 C:/ISIS/workspace_ycube/GlobusSatProject/..//hal/hcc/lib\libHCCD.a(fat_common.o)
                0x2001b28c                _f_alloccluster
 .text._f_dobadblock
                0x2001b5d0      0x2cc C:/ISIS/workspace_ycube/GlobusSatProject/..//hal/hcc/lib\libHCCD.a(fat_common.o)
                0x2001b5d0                _f_dobadblock
 .text._f_checklocked
                0x2001b89c       0xe4 C:/ISIS/workspace_ycube/GlobusSatProject/..//hal/hcc/lib\libHCCD.a(fat_common.o)
                0x2001b89c                _f_checklocked
 .text._f_checkappendlocked
                0x2001b980      0x110 C:/ISIS/workspace_ycube/GlobusSatProject/..//hal/hcc/lib\libHCCD.a(fat_common.o)
                0x2001b980                _f_checkappendlocked
 .text._f_setsyncafile
                0x2001ba90      0x114 C:/ISIS/workspace_ycube/GlobusSatProject/..//hal/hcc/lib\libHCCD.a(fat_common.o)
                0x2001ba90                _f_setsyncafile
 .text._f_syncfiles
                0x2001bba4      0x128 C:/ISIS/workspace_ycube/GlobusSatProject/..//hal/hcc/lib\libHCCD.a(fat_common.o)
                0x2001bba4                _f_syncfiles
 .text._f_syncfilescontent
                0x2001bccc      0x15c C:/ISIS/workspace_ycube/GlobusSatProject/..//hal/hcc/lib\libHCCD.a(fat_common.o)
 .text.fn_getfreespace
                0x2001be28      0x4c0 C:/ISIS/workspace_ycube/GlobusSatProject/..//hal/hcc/lib\libHCCD.a(fat_common.o)
                0x2001be28                fn_getfreespace
 .text._f_emptywritecache
                0x2001c2e8      0x4a4 C:/ISIS/workspace_ycube/GlobusSatProject/..//hal/hcc/lib\libHCCD.a(fat_common.o)
 .text._f_allocnextcluster
                0x2001c78c      0x54c C:/ISIS/workspace_ycube/GlobusSatProject/..//hal/hcc/lib\libHCCD.a(fat_common.o)
 .text._f_emptywritebuffer
                0x2001ccd8      0x20c C:/ISIS/workspace_ycube/GlobusSatProject/..//hal/hcc/lib\libHCCD.a(fat_common.o)
 .text._f_writezeros
                0x2001cee4       0xf0 C:/ISIS/workspace_ycube/GlobusSatProject/..//hal/hcc/lib\libHCCD.a(fat_common.o)
                0x2001cee4                _f_writezeros
 .text._f_extend_file
                0x2001cfd4      0x570 C:/ISIS/workspace_ycube/GlobusSatProject/..//hal/hcc/lib\libHCCD.a(fat_common.o)
 .text._f_fseek
                0x2001d544      0x9bc C:/ISIS/workspace_ycube/GlobusSatProject/..//hal/hcc/lib\libHCCD.a(fat_common.o)
                0x2001d544                _f_fseek
 .text._f_removechain
                0x2001df00      0x104 C:/ISIS/workspace_ycube/GlobusSatProject/..//hal/hcc/lib\libHCCD.a(fat_common.o)
                0x2001df00                _f_removechain
 .text._f_updatefileentry
                0x2001e004      0x1cc C:/ISIS/workspace_ycube/GlobusSatProject/..//hal/hcc/lib\libHCCD.a(fat_common.o)
 .text._f_checkreadlocked
                0x2001e1d0      0x1bc C:/ISIS/workspace_ycube/GlobusSatProject/..//hal/hcc/lib\libHCCD.a(fat_common.o)
                0x2001e1d0                _f_checkreadlocked
 .text._f_check_handle
                0x2001e38c       0x98 C:/ISIS/workspace_ycube/GlobusSatProject/..//hal/hcc/lib\libHCCD.a(fat_common.o)
                0x2001e38c                _f_check_handle
 .text._f_removesyncafile
                0x2001e424      0x1ec C:/ISIS/workspace_ycube/GlobusSatProject/..//hal/hcc/lib\libHCCD.a(fat_common.o)
 .text.fn_close
                0x2001e610      0x3f8 C:/ISIS/workspace_ycube/GlobusSatProject/..//hal/hcc/lib\libHCCD.a(fat_common.o)
                0x2001e610                fn_close
 .text.fn_flush
                0x2001ea08      0x374 C:/ISIS/workspace_ycube/GlobusSatProject/..//hal/hcc/lib\libHCCD.a(fat_common.o)
                0x2001ea08                fn_flush
 .text.fn_read  0x2001ed7c      0x690 C:/ISIS/workspace_ycube/GlobusSatProject/..//hal/hcc/lib\libHCCD.a(fat_common.o)
                0x2001ed7c                fn_read
 .text._f_abortwrite
                0x2001f40c      0x100 C:/ISIS/workspace_ycube/GlobusSatProject/..//hal/hcc/lib\libHCCD.a(fat_common.o)
 .text._f_checkwritecluster
                0x2001f50c       0xe4 C:/ISIS/workspace_ycube/GlobusSatProject/..//hal/hcc/lib\libHCCD.a(fat_common.o)
 .text.fn_write
                0x2001f5f0      0x8a8 C:/ISIS/workspace_ycube/GlobusSatProject/..//hal/hcc/lib\libHCCD.a(fat_common.o)
                0x2001f5f0                fn_write
 .text.fn_seek  0x2001fe98      0x270 C:/ISIS/workspace_ycube/GlobusSatProject/..//hal/hcc/lib\libHCCD.a(fat_common.o)
                0x2001fe98                fn_seek
 .text.fn_tell  0x20020108      0x19c C:/ISIS/workspace_ycube/GlobusSatProject/..//hal/hcc/lib\libHCCD.a(fat_common.o)
                0x20020108                fn_tell
 .text.fn_rewind
                0x200202a4       0x38 C:/ISIS/workspace_ycube/GlobusSatProject/..//hal/hcc/lib\libHCCD.a(fat_common.o)
                0x200202a4                fn_rewind
 .text.fn_putc  0x200202dc       0x68 C:/ISIS/workspace_ycube/GlobusSatProject/..//hal/hcc/lib\libHCCD.a(fat_common.o)
                0x200202dc                fn_putc
 .text.f_enterFS
                0x20020344      0x1c0 C:/ISIS/workspace_ycube/GlobusSatProject/..//hal/hcc/lib\libHCCD.a(fat_common.o)
                0x20020344                f_enterFS
 .text.f_releaseFS
                0x20020504       0xb0 C:/ISIS/workspace_ycube/GlobusSatProject/..//hal/hcc/lib\libHCCD.a(fat_common.o)
                0x20020504                f_releaseFS
 .text.fnGetTask
                0x200205b4       0xfc C:/ISIS/workspace_ycube/GlobusSatProject/..//hal/hcc/lib\libHCCD.a(fat_common.o)
                0x200205b4                fnGetTask
 .text._f_mutex_get
                0x200206b0       0x98 C:/ISIS/workspace_ycube/GlobusSatProject/..//hal/hcc/lib\libHCCD.a(fat_common.o)
                0x200206b0                _f_mutex_get
 .text._f_mutex_put
                0x20020748       0x54 C:/ISIS/workspace_ycube/GlobusSatProject/..//hal/hcc/lib\libHCCD.a(fat_common.o)
                0x20020748                _f_mutex_put
 .text._fn_initseekdivisor
                0x2002079c      0x158 C:/ISIS/workspace_ycube/GlobusSatProject/..//hal/hcc/lib\libHCCD.a(fat_common.o)
                0x2002079c                _fn_initseekdivisor
 .text._fn_updateseekpos
                0x200208f4       0xc4 C:/ISIS/workspace_ycube/GlobusSatProject/..//hal/hcc/lib\libHCCD.a(fat_common.o)
 .text._f_findopensize
                0x200209b8       0x2c C:/ISIS/workspace_ycube/GlobusSatProject/..//hal/hcc/lib\libHCCD.a(fat_common.o)
                0x200209b8                _f_findopensize
 .text.fn_setlasterror
                0x200209e4       0x34 C:/ISIS/workspace_ycube/GlobusSatProject/..//hal/hcc/lib\libHCCD.a(fat_common.o)
                0x200209e4                fn_setlasterror
 .text.fn_setlasterror_noret
                0x20020a18       0x2c C:/ISIS/workspace_ycube/GlobusSatProject/..//hal/hcc/lib\libHCCD.a(fat_common.o)
                0x20020a18                fn_setlasterror_noret
 .text._s_checkzeroclusteratend
                0x20020a44       0xf8 C:/ISIS/workspace_ycube/GlobusSatProject/..//hal/hcc/lib\libHCCD.a(safefat.o)
 .text._s_clearclustercontent
                0x20020b3c      0x108 C:/ISIS/workspace_ycube/GlobusSatProject/..//hal/hcc/lib\libHCCD.a(safefat.o)
 .text._s_clearclustercontentdir
                0x20020c44      0x19c C:/ISIS/workspace_ycube/GlobusSatProject/..//hal/hcc/lib\libHCCD.a(safefat.o)
 .text._s_writedirsector
                0x20020de0       0xd0 C:/ISIS/workspace_ycube/GlobusSatProject/..//hal/hcc/lib\libHCCD.a(safefat.o)
 .text._s_getdirsector
                0x20020eb0      0x100 C:/ISIS/workspace_ycube/GlobusSatProject/..//hal/hcc/lib\libHCCD.a(safefat.o)
 .text._s_addentry
                0x20020fb0      0x394 C:/ISIS/workspace_ycube/GlobusSatProject/..//hal/hcc/lib\libHCCD.a(safefat.o)
 .text._s_findfile
                0x20021344      0x33c C:/ISIS/workspace_ycube/GlobusSatProject/..//hal/hcc/lib\libHCCD.a(safefat.o)
 .text._s_findsubdir
                0x20021680      0x248 C:/ISIS/workspace_ycube/GlobusSatProject/..//hal/hcc/lib\libHCCD.a(safefat.o)
 .text._s_createfile
                0x200218c8      0x190 C:/ISIS/workspace_ycube/GlobusSatProject/..//hal/hcc/lib\libHCCD.a(safefat.o)
 .text._s_findsaffile
                0x20021a58      0x1b8 C:/ISIS/workspace_ycube/GlobusSatProject/..//hal/hcc/lib\libHCCD.a(safefat.o)
 .text._s_open  0x20021c10       0xe4 C:/ISIS/workspace_ycube/GlobusSatProject/..//hal/hcc/lib\libHCCD.a(safefat.o)
 .text._s_open_saf
                0x20021cf4       0xe8 C:/ISIS/workspace_ycube/GlobusSatProject/..//hal/hcc/lib\libHCCD.a(safefat.o)
 .text._s_flush
                0x20021ddc       0x84 C:/ISIS/workspace_ycube/GlobusSatProject/..//hal/hcc/lib\libHCCD.a(safefat.o)
 .text._s_allocnextcluster
                0x20021e60      0x13c C:/ISIS/workspace_ycube/GlobusSatProject/..//hal/hcc/lib\libHCCD.a(safefat.o)
 .text._s_getnextsector
                0x20021f9c       0xdc C:/ISIS/workspace_ycube/GlobusSatProject/..//hal/hcc/lib\libHCCD.a(safefat.o)
 .text._s_seek  0x20022078      0x1e8 C:/ISIS/workspace_ycube/GlobusSatProject/..//hal/hcc/lib\libHCCD.a(safefat.o)
 .text._s_get_len
                0x20022260      0x10c C:/ISIS/workspace_ycube/GlobusSatProject/..//hal/hcc/lib\libHCCD.a(safefat.o)
 .text._s_set_len
                0x2002236c       0xb4 C:/ISIS/workspace_ycube/GlobusSatProject/..//hal/hcc/lib\libHCCD.a(safefat.o)
 .text.safe_fix_filelengths
                0x20022420       0xcc C:/ISIS/workspace_ycube/GlobusSatProject/..//hal/hcc/lib\libHCCD.a(safefat.o)
                0x20022420                safe_fix_filelengths
 .text._s_read  0x200224ec      0x228 C:/ISIS/workspace_ycube/GlobusSatProject/..//hal/hcc/lib\libHCCD.a(safefat.o)
 .text._s_write
                0x20022714      0x384 C:/ISIS/workspace_ycube/GlobusSatProject/..//hal/hcc/lib\libHCCD.a(safefat.o)
 .text._s_restoreclusters
                0x20022a98      0x270 C:/ISIS/workspace_ycube/GlobusSatProject/..//hal/hcc/lib\libHCCD.a(safefat.o)
                0x20022a98                _s_restoreclusters
 .text._s_findrestore
                0x20022d08      0x18c C:/ISIS/workspace_ycube/GlobusSatProject/..//hal/hcc/lib\libHCCD.a(safefat.o)
 .text._s_cmd_writede
                0x20022e94       0xd8 C:/ISIS/workspace_ycube/GlobusSatProject/..//hal/hcc/lib\libHCCD.a(safefat.o)
 .text._s_cmd_setcluster
                0x20022f6c       0x88 C:/ISIS/workspace_ycube/GlobusSatProject/..//hal/hcc/lib\libHCCD.a(safefat.o)
 .text._s_cmd_deletechain
                0x20022ff4      0x100 C:/ISIS/workspace_ycube/GlobusSatProject/..//hal/hcc/lib\libHCCD.a(safefat.o)
 .text._s_cmd_validatecfn
                0x200230f4      0x308 C:/ISIS/workspace_ycube/GlobusSatProject/..//hal/hcc/lib\libHCCD.a(safefat.o)
 .text._s_cmd_seteof
                0x200233fc      0x3c4 C:/ISIS/workspace_ycube/GlobusSatProject/..//hal/hcc/lib\libHCCD.a(safefat.o)
 .text.safe_docommands
                0x200237c0      0x56c C:/ISIS/workspace_ycube/GlobusSatProject/..//hal/hcc/lib\libHCCD.a(safefat.o)
                0x200237c0                safe_docommands
 .text.safe_entercommand
                0x20023d2c       0x68 C:/ISIS/workspace_ycube/GlobusSatProject/..//hal/hcc/lib\libHCCD.a(safefat.o)
                0x20023d2c                safe_entercommand
 .text.safe_ready
                0x20023d94       0xf4 C:/ISIS/workspace_ycube/GlobusSatProject/..//hal/hcc/lib\libHCCD.a(safefat.o)
                0x20023d94                safe_ready
 .text.safe_copycfn
                0x20023e88       0xb8 C:/ISIS/workspace_ycube/GlobusSatProject/..//hal/hcc/lib\libHCCD.a(safefat.o)
                0x20023e88                safe_copycfn
 .text.safe_cfremove
                0x20023f40       0xb8 C:/ISIS/workspace_ycube/GlobusSatProject/..//hal/hcc/lib\libHCCD.a(safefat.o)
                0x20023f40                safe_cfremove
 .text.safe_writede
                0x20023ff8      0x104 C:/ISIS/workspace_ycube/GlobusSatProject/..//hal/hcc/lib\libHCCD.a(safefat.o)
                0x20023ff8                safe_writede
 .text.safe_setcluster
                0x200240fc       0xcc C:/ISIS/workspace_ycube/GlobusSatProject/..//hal/hcc/lib\libHCCD.a(safefat.o)
                0x200240fc                safe_setcluster
 .text.safe_deletechain
                0x200241c8      0x1c8 C:/ISIS/workspace_ycube/GlobusSatProject/..//hal/hcc/lib\libHCCD.a(safefat.o)
                0x200241c8                safe_deletechain
 .text.safe_cfclose
                0x20024390      0x104 C:/ISIS/workspace_ycube/GlobusSatProject/..//hal/hcc/lib\libHCCD.a(safefat.o)
                0x20024390                safe_cfclose
 .text.safe_cfflush
                0x20024494      0x124 C:/ISIS/workspace_ycube/GlobusSatProject/..//hal/hcc/lib\libHCCD.a(safefat.o)
                0x20024494                safe_cfflush
 .text.safe_reset
                0x200245b8       0x78 C:/ISIS/workspace_ycube/GlobusSatProject/..//hal/hcc/lib\libHCCD.a(safefat.o)
                0x200245b8                safe_reset
 .text.safe_loadcommands
                0x20024630       0x78 C:/ISIS/workspace_ycube/GlobusSatProject/..//hal/hcc/lib\libHCCD.a(safefat.o)
                0x20024630                safe_loadcommands
 .text.safe_poweron
                0x200246a8      0x1fc C:/ISIS/workspace_ycube/GlobusSatProject/..//hal/hcc/lib\libHCCD.a(safefat.o)
                0x200246a8                safe_poweron
 .text.cf_getname
                0x200248a4       0xc0 C:/ISIS/workspace_ycube/GlobusSatProject/..//hal/hcc/lib\libHCCD.a(safefat.o)
 .text.cf_copyclusterchain
                0x20024964      0x138 C:/ISIS/workspace_ycube/GlobusSatProject/..//hal/hcc/lib\libHCCD.a(safefat.o)
 .text.cf_seektozero
                0x20024a9c       0x94 C:/ISIS/workspace_ycube/GlobusSatProject/..//hal/hcc/lib\libHCCD.a(safefat.o)
                0x20024a9c                cf_seektozero
 .text.cf_create
                0x20024b30      0x3a8 C:/ISIS/workspace_ycube/GlobusSatProject/..//hal/hcc/lib\libHCCD.a(safefat.o)
                0x20024b30                cf_create
 .text.cf_copyclustercontent
                0x20024ed8      0x128 C:/ISIS/workspace_ycube/GlobusSatProject/..//hal/hcc/lib\libHCCD.a(safefat.o)
                0x20024ed8                cf_copyclustercontent
 .text.cf_copycfn
                0x20025000      0x4bc C:/ISIS/workspace_ycube/GlobusSatProject/..//hal/hcc/lib\libHCCD.a(safefat.o)
                0x20025000                cf_copycfn
 .text.cf_remove
                0x200254bc      0x344 C:/ISIS/workspace_ycube/GlobusSatProject/..//hal/hcc/lib\libHCCD.a(safefat.o)
                0x200254bc                cf_remove
 .text.cf_setclusternew
                0x20025800       0xf0 C:/ISIS/workspace_ycube/GlobusSatProject/..//hal/hcc/lib\libHCCD.a(safefat.o)
                0x20025800                cf_setclusternew
 .text.cf_flush
                0x200258f0       0x58 C:/ISIS/workspace_ycube/GlobusSatProject/..//hal/hcc/lib\libHCCD.a(safefat.o)
                0x200258f0                cf_flush
 .text.cf_getcluster
                0x20025948      0x1b4 C:/ISIS/workspace_ycube/GlobusSatProject/..//hal/hcc/lib\libHCCD.a(safefat.o)
                0x20025948                cf_getcluster
 .text.cf_setnextcluster
                0x20025afc      0x194 C:/ISIS/workspace_ycube/GlobusSatProject/..//hal/hcc/lib\libHCCD.a(safefat.o)
                0x20025afc                cf_setnextcluster
 .text.cf_getpositions
                0x20025c90       0xbc C:/ISIS/workspace_ycube/GlobusSatProject/..//hal/hcc/lib\libHCCD.a(safefat.o)
                0x20025c90                cf_getpositions
 .text.cf_setpositions
                0x20025d4c       0xb0 C:/ISIS/workspace_ycube/GlobusSatProject/..//hal/hcc/lib\libHCCD.a(safefat.o)
                0x20025d4c                cf_setpositions
 .text.cf_opensyncafile
                0x20025dfc      0x150 C:/ISIS/workspace_ycube/GlobusSatProject/..//hal/hcc/lib\libHCCD.a(safefat.o)
                0x20025dfc                cf_opensyncafile
 .text.cf_reloadcfo
                0x20025f4c       0xd8 C:/ISIS/workspace_ycube/GlobusSatProject/..//hal/hcc/lib\libHCCD.a(safefat.o)
                0x20025f4c                cf_reloadcfo
 .text.mcipdc_cmd
                0x20026024      0x22c C:/ISIS/workspace_ycube/GlobusSatProject/..//hal/hcc/lib\libHCCD.a(atmel_mcipdc.o)
 .text.mcipdc_stop
                0x20026250       0xfc C:/ISIS/workspace_ycube/GlobusSatProject/..//hal/hcc/lib\libHCCD.a(atmel_mcipdc.o)
                0x20026250                mcipdc_stop
 .text.mcipdc_read
                0x2002634c      0x27c C:/ISIS/workspace_ycube/GlobusSatProject/..//hal/hcc/lib\libHCCD.a(atmel_mcipdc.o)
 .text.mcipdc_write
                0x200265c8      0x298 C:/ISIS/workspace_ycube/GlobusSatProject/..//hal/hcc/lib\libHCCD.a(atmel_mcipdc.o)
 .text.mcipdc_readsector
                0x20026860       0x9c C:/ISIS/workspace_ycube/GlobusSatProject/..//hal/hcc/lib\libHCCD.a(atmel_mcipdc.o)
                0x20026860                mcipdc_readsector
 .text.mcipdc_readmultiplesector
                0x200268fc      0x124 C:/ISIS/workspace_ycube/GlobusSatProject/..//hal/hcc/lib\libHCCD.a(atmel_mcipdc.o)
                0x200268fc                mcipdc_readmultiplesector
 .text.mcipdc_writesector
                0x20026a20       0x90 C:/ISIS/workspace_ycube/GlobusSatProject/..//hal/hcc/lib\libHCCD.a(atmel_mcipdc.o)
                0x20026a20                mcipdc_writesector
 .text.mcipdc_writemultiplesector
                0x20026ab0      0x120 C:/ISIS/workspace_ycube/GlobusSatProject/..//hal/hcc/lib\libHCCD.a(atmel_mcipdc.o)
                0x20026ab0                mcipdc_writemultiplesector
 .text.mcipdc_set_speed
                0x20026bd0       0xb0 C:/ISIS/workspace_ycube/GlobusSatProject/..//hal/hcc/lib\libHCCD.a(atmel_mcipdc.o)
 .text.mcipdc_get_speed
                0x20026c80       0x48 C:/ISIS/workspace_ycube/GlobusSatProject/..//hal/hcc/lib\libHCCD.a(atmel_mcipdc.o)
 .text._get_csd_bits
                0x20026cc8      0x14c C:/ISIS/workspace_ycube/GlobusSatProject/..//hal/hcc/lib\libHCCD.a(atmel_mcipdc.o)
 .text.mcipdc_initcard
                0x20026e14      0x8f4 C:/ISIS/workspace_ycube/GlobusSatProject/..//hal/hcc/lib\libHCCD.a(atmel_mcipdc.o)
 .text.mcipdc_getstatus
                0x20027708       0xe8 C:/ISIS/workspace_ycube/GlobusSatProject/..//hal/hcc/lib\libHCCD.a(atmel_mcipdc.o)
 .text.mcipdc_getphy
                0x200277f0       0x90 C:/ISIS/workspace_ycube/GlobusSatProject/..//hal/hcc/lib\libHCCD.a(atmel_mcipdc.o)
 .text.mcipdc_release
                0x20027880       0x50 C:/ISIS/workspace_ycube/GlobusSatProject/..//hal/hcc/lib\libHCCD.a(atmel_mcipdc.o)
 .text.atmel_mcipdc_initfunc
                0x200278d0      0x160 C:/ISIS/workspace_ycube/GlobusSatProject/..//hal/hcc/lib\libHCCD.a(atmel_mcipdc.o)
                0x200278d0                atmel_mcipdc_initfunc
 .text.oal_task_get_id
                0x20027a30       0x18 C:/ISIS/workspace_ycube/GlobusSatProject/..//hal/hcc/lib\libHCCD.a(oalp_task.o)
                0x20027a30                oal_task_get_id
 .text.oal_mutex_create
                0x20027a48       0x54 C:/ISIS/workspace_ycube/GlobusSatProject/..//hal/hcc/lib\libHCCD.a(oalp_mutex.o)
                0x20027a48                oal_mutex_create
 .text.oal_mutex_delete
                0x20027a9c       0x30 C:/ISIS/workspace_ycube/GlobusSatProject/..//hal/hcc/lib\libHCCD.a(oalp_mutex.o)
                0x20027a9c                oal_mutex_delete
 .text.oal_mutex_get
                0x20027acc       0x58 C:/ISIS/workspace_ycube/GlobusSatProject/..//hal/hcc/lib\libHCCD.a(oalp_mutex.o)
                0x20027acc                oal_mutex_get
 .text.oal_mutex_put
                0x20027b24       0x58 C:/ISIS/workspace_ycube/GlobusSatProject/..//hal/hcc/lib\libHCCD.a(oalp_mutex.o)
                0x20027b24                oal_mutex_put
 .text.mcipdc_hw_init
                0x20027b7c       0xe8 C:/ISIS/workspace_ycube/GlobusSatProject/..//hal/hcc/lib\libHCCD.a(atmel_mcipdc_hw.o)
                0x20027b7c                mcipdc_hw_init
 .text.mcipdc_hw_delete
                0x20027c64       0x78 C:/ISIS/workspace_ycube/GlobusSatProject/..//hal/hcc/lib\libHCCD.a(atmel_mcipdc_hw.o)
                0x20027c64                mcipdc_hw_delete
 .text.mcipdc_hw_card_plugged
                0x20027cdc       0x1c C:/ISIS/workspace_ycube/GlobusSatProject/..//hal/hcc/lib\libHCCD.a(atmel_mcipdc_hw.o)
                0x20027cdc                mcipdc_hw_card_plugged
 .text.mcipdc_hw_card_writeprotect
                0x20027cf8       0x1c C:/ISIS/workspace_ycube/GlobusSatProject/..//hal/hcc/lib\libHCCD.a(atmel_mcipdc_hw.o)
                0x20027cf8                mcipdc_hw_card_writeprotect
 .text.psp_getrand
                0x20027d14      0x14c C:/ISIS/workspace_ycube/GlobusSatProject/..//hal/hcc/lib\libHCCD.a(psp_rand.o)
                0x20027d14                psp_getrand
 .text.psp_getcurrenttimedate
                0x20027e60       0x8c C:/ISIS/workspace_ycube/GlobusSatProject/..//hal/hcc/lib\libHCCD.a(psp_rtc.o)
                0x20027e60                psp_getcurrenttimedate
 .text._hcc_get_buf_dsc
                0x20027eec       0x8c C:/ISIS/workspace_ycube/GlobusSatProject/..//hal/hcc/lib\libHCCD.a(hcc_mem.o)
 .text._hcc_check_free_pages
                0x20027f78      0x18c C:/ISIS/workspace_ycube/GlobusSatProject/..//hal/hcc/lib\libHCCD.a(hcc_mem.o)
 .text._hcc_mark_pages
                0x20028104      0x158 C:/ISIS/workspace_ycube/GlobusSatProject/..//hal/hcc/lib\libHCCD.a(hcc_mem.o)
 .text._hcc_clear_lock_dsc
                0x2002825c       0x80 C:/ISIS/workspace_ycube/GlobusSatProject/..//hal/hcc/lib\libHCCD.a(hcc_mem.o)
 .text._hcc_lock_access
                0x200282dc      0x128 C:/ISIS/workspace_ycube/GlobusSatProject/..//hal/hcc/lib\libHCCD.a(hcc_mem.o)
 .text._hcc_unlock_access
                0x20028404       0x30 C:/ISIS/workspace_ycube/GlobusSatProject/..//hal/hcc/lib\libHCCD.a(hcc_mem.o)
 .text.hcc_mem_alloc
                0x20028434      0x454 C:/ISIS/workspace_ycube/GlobusSatProject/..//hal/hcc/lib\libHCCD.a(hcc_mem.o)
                0x20028434                hcc_mem_alloc
 .text.hcc_mem_free
                0x20028888      0x178 C:/ISIS/workspace_ycube/GlobusSatProject/..//hal/hcc/lib\libHCCD.a(hcc_mem.o)
                0x20028888                hcc_mem_free
 .text.hcc_mem_add
                0x20028a00      0x3b0 C:/ISIS/workspace_ycube/GlobusSatProject/..//hal/hcc/lib\libHCCD.a(hcc_mem.o)
                0x20028a00                hcc_mem_add
 .text.hcc_mem_init
                0x20028db0      0x164 C:/ISIS/workspace_ycube/GlobusSatProject/..//hal/hcc/lib\libHCCD.a(hcc_mem.o)
                0x20028db0                hcc_mem_init
 .text.hcc_mem_delete
                0x20028f14       0x94 C:/ISIS/workspace_ycube/GlobusSatProject/..//hal/hcc/lib\libHCCD.a(hcc_mem.o)
                0x20028f14                hcc_mem_delete
 .text.hcc_mem_buf_alloc
                0x20028fa8       0xe4 C:/ISIS/workspace_ycube/GlobusSatProject/..//hal/hcc/lib\libHCCD.a(psp_hcc_mem.o)
                0x20028fa8                hcc_mem_buf_alloc
 .text.hcc_mem_buf_free
                0x2002908c       0x6c C:/ISIS/workspace_ycube/GlobusSatProject/..//hal/hcc/lib\libHCCD.a(psp_hcc_mem.o)
                0x2002908c                hcc_mem_buf_free
 .text.IsisSolarPanelv2_initialize
                0x200290f8      0x118 C:/ISIS/workspace_ycube/GlobusSatProject/..//satellite-subsystems/satellite-subsystems/lib\libSatelliteSubsystemsD.a(IsisSolarPanelv2.o)
                0x200290f8                IsisSolarPanelv2_initialize
 .text.IsisSolarPanelv2_getTemperature
                0x20029210       0xfc C:/ISIS/workspace_ycube/GlobusSatProject/..//satellite-subsystems/satellite-subsystems/lib\libSatelliteSubsystemsD.a(IsisSolarPanelv2.o)
                0x20029210                IsisSolarPanelv2_getTemperature
 .text._Reset   0x2002930c       0x20 C:/ISIS/workspace_ycube/GlobusSatProject/..//satellite-subsystems/satellite-subsystems/lib\libSatelliteSubsystemsD.a(IsisSolarPanelv2.o)
 .text._WaitForStartup
                0x2002932c       0xa0 C:/ISIS/workspace_ycube/GlobusSatProject/..//satellite-subsystems/satellite-subsystems/lib\libSatelliteSubsystemsD.a(IsisSolarPanelv2.o)
 .text._AssignAllChannels
                0x200293cc       0x90 C:/ISIS/workspace_ycube/GlobusSatProject/..//satellite-subsystems/satellite-subsystems/lib\libSatelliteSubsystemsD.a(IsisSolarPanelv2.o)
 .text._AssignThisChannel
                0x2002945c       0xe8 C:/ISIS/workspace_ycube/GlobusSatProject/..//satellite-subsystems/satellite-subsystems/lib\libSatelliteSubsystemsD.a(IsisSolarPanelv2.o)
 .text._InitiateConversion
                0x20029544       0xac C:/ISIS/workspace_ycube/GlobusSatProject/..//satellite-subsystems/satellite-subsystems/lib\libSatelliteSubsystemsD.a(IsisSolarPanelv2.o)
 .text._WaitForConversionComplete
                0x200295f0      0x110 C:/ISIS/workspace_ycube/GlobusSatProject/..//satellite-subsystems/satellite-subsystems/lib\libSatelliteSubsystemsD.a(IsisSolarPanelv2.o)
 .text._ReadResult
                0x20029700      0x158 C:/ISIS/workspace_ycube/GlobusSatProject/..//satellite-subsystems/satellite-subsystems/lib\libSatelliteSubsystemsD.a(IsisSolarPanelv2.o)
 .text._ExtractByte
                0x20029858       0x38 C:/ISIS/workspace_ycube/GlobusSatProject/..//satellite-subsystems/satellite-subsystems/lib\libSatelliteSubsystemsD.a(IsisSolarPanelv2.o)
 .text._ExtendSign
                0x20029890       0x6c C:/ISIS/workspace_ycube/GlobusSatProject/..//satellite-subsystems/satellite-subsystems/lib\libSatelliteSubsystemsD.a(IsisSolarPanelv2.o)
 .text._PinsInit
                0x200298fc       0x68 C:/ISIS/workspace_ycube/GlobusSatProject/..//satellite-subsystems/satellite-subsystems/lib\libSatelliteSubsystemsD.a(IsisSolarPanelv2.o)
 .text._SpiWriteRead
                0x20029964       0x70 C:/ISIS/workspace_ycube/GlobusSatProject/..//satellite-subsystems/satellite-subsystems/lib\libSatelliteSubsystemsD.a(IsisSolarPanelv2.o)
 .text.ISIS_ANTS_REV2_Init
                0x200299d4       0xc4 C:/ISIS/workspace_ycube/GlobusSatProject/..//satellite-subsystems/satellite-subsystems/lib\libSatelliteSubsystemsD.a(isis_ants_rev2.o)
                0x200299d4                ISIS_ANTS_REV2_Init
 .text.isis_ants_rev2__arm
                0x20029a98       0x98 C:/ISIS/workspace_ycube/GlobusSatProject/..//satellite-subsystems/satellite-subsystems/lib\libSatelliteSubsystemsD.a(isis_ants_rev2.o)
                0x20029a98                isis_ants_rev2__arm
 .text.isis_ants_rev2__cancel_deploy
                0x20029b30       0x98 C:/ISIS/workspace_ycube/GlobusSatProject/..//satellite-subsystems/satellite-subsystems/lib\libSatelliteSubsystemsD.a(isis_ants_rev2.o)
                0x20029b30                isis_ants_rev2__cancel_deploy
 .text.isis_ants_rev2__disarm
                0x20029bc8       0x98 C:/ISIS/workspace_ycube/GlobusSatProject/..//satellite-subsystems/satellite-subsystems/lib\libSatelliteSubsystemsD.a(isis_ants_rev2.o)
                0x20029bc8                isis_ants_rev2__disarm
 .text.isis_ants_rev2__get_status
                0x20029c60       0xa8 C:/ISIS/workspace_ycube/GlobusSatProject/..//satellite-subsystems/satellite-subsystems/lib\libSatelliteSubsystemsD.a(isis_ants_rev2.o)
                0x20029c60                isis_ants_rev2__get_status
 .text.isis_ants_rev2__get_uptime
                0x20029d08       0xa8 C:/ISIS/workspace_ycube/GlobusSatProject/..//satellite-subsystems/satellite-subsystems/lib\libSatelliteSubsystemsD.a(isis_ants_rev2.o)
                0x20029d08                isis_ants_rev2__get_uptime
 .text.isis_ants_rev2__reset
                0x20029db0       0x98 C:/ISIS/workspace_ycube/GlobusSatProject/..//satellite-subsystems/satellite-subsystems/lib\libSatelliteSubsystemsD.a(isis_ants_rev2.o)
                0x20029db0                isis_ants_rev2__reset
 .text.isis_ants_rev2__start_auto_deploy
                0x20029e48       0xb0 C:/ISIS/workspace_ycube/GlobusSatProject/..//satellite-subsystems/satellite-subsystems/lib\libSatelliteSubsystemsD.a(isis_ants_rev2.o)
                0x20029e48                isis_ants_rev2__start_auto_deploy
 .text._ISIS_ANTS_REV2_I2C_Send