Archive member included because of file (symbol)

c:/isis/application/toolchain/bin/../lib/gcc/arm-none-eabi/4.7.4/../../../../arm-none-eabi/lib\libc_s.a(lib_a-vfprintf_float.o)
                              (_printf_float)
c:/isis/application/toolchain/bin/../lib/gcc/arm-none-eabi/4.7.4/../../../../arm-none-eabi/lib\libc_s.a(lib_a-vfprintf_i.o)
                              c:/isis/application/toolchain/bin/../lib/gcc/arm-none-eabi/4.7.4/../../../../arm-none-eabi/lib\libc_s.a(lib_a-vfprintf_float.o) (_printf_common)
c:/isis/application/toolchain/bin/../lib/gcc/arm-none-eabi/4.7.4/../../../../arm-none-eabi/lib\libc_s.a(lib_a-vfscanf_float.o)
                              (_scanf_float)
c:/isis/application/toolchain/bin/../lib/gcc/arm-none-eabi/4.7.4/../../../../arm-none-eabi/lib\libc_s.a(lib_a-dtoa.o)
                              c:/isis/application/toolchain/bin/../lib/gcc/arm-none-eabi/4.7.4/../../../../arm-none-eabi/lib\libc_s.a(lib_a-vfprintf_float.o) (_dtoa_r)
c:/isis/application/toolchain/bin/../lib/gcc/arm-none-eabi/4.7.4/../../../../arm-none-eabi/lib\libc_s.a(lib_a-locale.o)
                              c:/isis/application/toolchain/bin/../lib/gcc/arm-none-eabi/4.7.4/../../../../arm-none-eabi/lib\libc_s.a(lib_a-vfprintf_float.o) (_localeconv_r)
c:/isis/application/toolchain/bin/../lib/gcc/arm-none-eabi/4.7.4/../../../../arm-none-eabi/lib\libc_s.a(lib_a-malloc.o)
                              c:/isis/application/toolchain/bin/../lib/gcc/arm-none-eabi/4.7.4/../../../../arm-none-eabi/lib\libc_s.a(lib_a-dtoa.o) (malloc)
c:/isis/application/toolchain/bin/../lib/gcc/arm-none-eabi/4.7.4/../../../../arm-none-eabi/lib\libc_s.a(lib_a-mallocr.o)
                              c:/isis/application/toolchain/bin/../lib/gcc/arm-none-eabi/4.7.4/../../../../arm-none-eabi/lib\libc_s.a(lib_a-malloc.o) (_malloc_r)
c:/isis/application/toolchain/bin/../lib/gcc/arm-none-eabi/4.7.4/../../../../arm-none-eabi/lib\libc_s.a(lib_a-memcpy.o)
                              c:/isis/application/toolchain/bin/../lib/gcc/arm-none-eabi/4.7.4/../../../../arm-none-eabi/lib\libc_s.a(lib_a-dtoa.o) (memcpy)
c:/isis/application/toolchain/bin/../lib/gcc/arm-none-eabi/4.7.4/../../../../arm-none-eabi/lib\libc_s.a(lib_a-mprec.o)
                              c:/isis/application/toolchain/bin/../lib/gcc/arm-none-eabi/4.7.4/../../../../arm-none-eabi/lib\libc_s.a(lib_a-dtoa.o) (_Balloc)
c:/isis/application/toolchain/bin/../lib/gcc/arm-none-eabi/4.7.4/../../../../arm-none-eabi/lib\libc_s.a(lib_a-s_fpclassify.o)
                              c:/isis/application/toolchain/bin/../lib/gcc/arm-none-eabi/4.7.4/../../../../arm-none-eabi/lib\libc_s.a(lib_a-vfprintf_float.o) (__fpclassifyd)
c:/isis/application/toolchain/bin/../lib/gcc/arm-none-eabi/4.7.4/../../../../arm-none-eabi/lib\libc_s.a(lib_a-sbrkr.o)
                              c:/isis/application/toolchain/bin/../lib/gcc/arm-none-eabi/4.7.4/../../../../arm-none-eabi/lib\libc_s.a(lib_a-mallocr.o) (_sbrk_r)
c:/isis/application/toolchain/bin/../lib/gcc/arm-none-eabi/4.7.4/../../../../arm-none-eabi/lib\libc_s.a(lib_a-sf_nan.o)
                              c:/isis/application/toolchain/bin/../lib/gcc/arm-none-eabi/4.7.4/../../../../arm-none-eabi/lib\libc_s.a(lib_a-vfscanf_float.o) (nanf)
c:/isis/application/toolchain/bin/../lib/gcc/arm-none-eabi/4.7.4/../../../../arm-none-eabi/lib\libc_s.a(lib_a-sprintf.o)
                              c:/isis/application/toolchain/bin/../lib/gcc/arm-none-eabi/4.7.4/../../../../arm-none-eabi/lib\libc_s.a(lib_a-vfscanf_float.o) (sprintf)
c:/isis/application/toolchain/bin/../lib/gcc/arm-none-eabi/4.7.4/../../../../arm-none-eabi/lib\libc_s.a(lib_a-strcmp.o)
                              c:/isis/application/toolchain/bin/../lib/gcc/arm-none-eabi/4.7.4/../../../../arm-none-eabi/lib\libc_s.a(lib_a-locale.o) (strcmp)
c:/isis/application/toolchain/bin/../lib/gcc/arm-none-eabi/4.7.4/../../../../arm-none-eabi/lib\libc_s.a(lib_a-strlen.o)
                              c:/isis/application/toolchain/bin/../lib/gcc/arm-none-eabi/4.7.4/../../../../arm-none-eabi/lib\libc_s.a(lib_a-vfprintf_float.o) (strlen)
c:/isis/application/toolchain/bin/../lib/gcc/arm-none-eabi/4.7.4/../../../../arm-none-eabi/lib\libc_s.a(lib_a-strtod.o)
                              c:/isis/application/toolchain/bin/../lib/gcc/arm-none-eabi/4.7.4/../../../../arm-none-eabi/lib\libc_s.a(lib_a-vfscanf_float.o) (_strtod_r)
c:/isis/application/toolchain/bin/../lib/gcc/arm-none-eabi/4.7.4/../../../../arm-none-eabi/lib\libc_s.a(lib_a-strtol.o)
                              c:/isis/application/toolchain/bin/../lib/gcc/arm-none-eabi/4.7.4/../../../../arm-none-eabi/lib\libc_s.a(lib_a-vfscanf_float.o) (_strtol_r)
c:/isis/application/toolchain/bin/../lib/gcc/arm-none-eabi/4.7.4/../../../../arm-none-eabi/lib\libc_s.a(lib_a-svfprintf.o)
[...]
Memory Configuration

Name             Origin             Length             Attributes
sram0            0x00200000         0x00004000         w !xr
sram1            0x00300000         0x00004000         w !xr
sdram            0x20000000         0x02000000         w !xr
*default*        0x00000000         0xffffffff

Linker script and memory map

LOAD c:/isis/application/toolchain/bin/../lib/gcc/arm-none-eabi/4.7.4/../../../../arm-none-eabi/lib\libc_s.a
LOAD ./src/TestingDemos/CommandsTestingDemo.o
LOAD ./src/TestingDemos/EpsTestingDemo.o
LOAD ./src/TestingDemos/FileSystemTestingDemo.o
LOAD ./src/TestingDemos/MainTest.o
LOAD ./src/TestingDemos/MaintenanceTestingDemo.o
LOAD ./src/TestingDemos/TelemetryTestingDemo.o
LOAD ./src/TestingDemos/TrxvuTestingDemo.o
LOAD ./src/SubSystemModules/PowerManagment/EPS.o
LOAD ./src/SubSystemModules/PowerManagment/EPSOperationModes.o
LOAD ./src/SubSystemModules/Maintenance/Maintenance.o
LOAD ./src/SubSystemModules/Housekepping/TelemetryCollector.o
LOAD ./src/SubSystemModules/Communication/SubsystemCommands/EPS_Commands.o
LOAD ./src/SubSystemModules/Communication/SubsystemCommands/FS_Commands.o
LOAD ./src/SubSystemModules/Communication/SubsystemCommands/Maintanence_Commands.o
LOAD ./src/SubSystemModules/Communication/SubsystemCommands/TRXVU_Commands.o
LOAD ./src/SubSystemModules/Communication/AckHandler.o
LOAD ./src/SubSystemModules/Communication/CommandDictionary.o
LOAD ./src/SubSystemModules/Communication/SatCommandHandler.o
LOAD ./src/SubSystemModules/Communication/TRXVU.o
LOAD ./src/InitSystem.o
LOAD ./src/TLM_management.o
LOAD ./src/main.o
LOAD ./src/utils.o
LOAD C:/ISIS/workspace/ycube/GlobusSatProject/..//hal/hal/lib\libHALD.a
LOAD C:/ISIS/workspace/ycube/GlobusSatProject/..//hal/hcc/lib\libHCCD.a
LOAD C:/ISIS/workspace/ycube/satellite-subsystems/satellite-subsystems/lib\libSatelliteSubsystemsD.a
LOAD C:/ISIS/workspace/ycube/GlobusSatProject/..//hal/freertos/lib\libFreeRTOSD.a
LOAD C:/ISIS/workspace/ycube/GlobusSatProject/..//hal/at91/lib\libAt91D.a
START GROUP
LOAD c:/isis/application/toolchain/bin/../lib/gcc/arm-none-eabi/4.7.4\libgcc.a
LOAD c:/isis/application/toolchain/bin/../lib/gcc/arm-none-eabi/4.7.4/../../../../arm-none-eabi/lib\libc_s.a
END GROUP

.fixed          0x20000000    0x323a8
                0x20000000                . = ALIGN (0x4)
                0x20000000                _sfixed = .
 *(.startup)
 .startup       0x20000000      0x134 C:/ISIS/workspace/ycube/GlobusSatProject/..//hal/at91/lib\libAt91D.a(board_cstartup.o)
                0x20000000                entry
 *(.text)
 .text          0x20000134       0x64 C:/ISIS/workspace/ycube/GlobusSatProject/..//hal/at91/lib\libAt91D.a(cp15_asm.o)
                0x20000134                _readControlRegister
                0x20000140                _writeControlRegister
                0x20000148                _waitForInterrupt
                0x20000154                _writeTTB
                0x2000015c                _writeDomain
                0x20000164                _writeITLBLockdown
                0x2000016c                _prefetchICacheLine
                0x20000174                _flushDCache
                0x20000180                _flushWriteBuffer
                0x2000018c                _invalidateIDTLBs
 .text          0x20000198      0x114 c:/isis/application/toolchain/bin/../lib/gcc/arm-none-eabi/4.7.4\libgcc.a(_udivsi3.o)
                0x20000198                __aeabi_uidiv
                0x20000198                __udivsi3
                0x2000028c                __aeabi_uidivmod
 .text          0x200002ac      0x148 c:/isis/application/toolchain/bin/../lib/gcc/arm-none-eabi/4.7.4\libgcc.a(_divsi3.o)
                0x200002ac                __divsi3
                0x200002ac                __aeabi_idiv
                0x200003d4                __aeabi_idivmod
 .text          0x200003f4        0x4 c:/isis/application/toolchain/bin/../lib/gcc/arm-none-eabi/4.7.4\libgcc.a(_dvmd_tls.o)
                0x200003f4                __aeabi_idiv0
                0x200003f4                __aeabi_ldiv0
 .text          0x200003f8      0x41c c:/isis/application/toolchain/bin/../lib/gcc/arm-none-eabi/4.7.4\libgcc.a(_arm_addsubdf3.o)
                0x200003f8                __aeabi_drsub
                0x20000400                __aeabi_dsub
                0x20000400                __subdf3
                0x20000404                __aeabi_dadd
                0x20000404                __adddf3
                0x20000714                __floatunsidf
                0x20000714                __aeabi_ui2d
                0x20000738                __floatsidf
                0x20000738                __aeabi_i2d
                0x20000760                __aeabi_f2d
                0x20000760                __extendsfdf2
                0x200007a0                __floatundidf
                0x200007a0                __aeabi_ul2d
                0x200007b4                __floatdidf
                0x200007b4                __aeabi_l2d
 .text          0x20000814      0x49c c:/isis/application/toolchain/bin/../lib/gcc/arm-none-eabi/4.7.4\libgcc.a(_arm_muldivdf3.o)
                0x20000814                __aeabi_dmul
                0x20000814                __muldf3
                0x20000aa4                __divdf3
                0x20000aa4                __aeabi_ddiv
 .text          0x20000cb0      0x144 c:/isis/application/toolchain/bin/../lib/gcc/arm-none-eabi/4.7.4\libgcc.a(_arm_cmpdf2.o)
                0x20000cb0                __gtdf2
                0x20000cb0                __gedf2
                0x20000cb8                __ltdf2
                0x20000cb8                __ledf2
                0x20000cc0                __nedf2
                0x20000cc0                __eqdf2
                0x20000cc0                __cmpdf2
                0x20000d48                __aeabi_cdrcmple
                0x20000d64                __aeabi_cdcmpeq
                0x20000d64                __aeabi_cdcmple
                0x20000d7c                __aeabi_dcmpeq
                0x20000d94                __aeabi_dcmplt
                0x20000dac                __aeabi_dcmple
                0x20000dc4                __aeabi_dcmpge
                0x20000ddc                __aeabi_dcmpgt
 .text          0x20000df4       0x5c c:/isis/application/toolchain/bin/../lib/gcc/arm-none-eabi/4.7.4\libgcc.a(_arm_fixdfsi.o)
                0x20000df4                __aeabi_d2iz
                0x20000df4                __fixdfsi
 .text          0x20000e50       0x54 c:/isis/application/toolchain/bin/../lib/gcc/arm-none-eabi/4.7.4\libgcc.a(_arm_fixunsdfsi.o)
                0x20000e50                __aeabi_d2uiz
                0x20000e50                __fixunsdfsi
 .text          0x20000ea4       0xa0 c:/isis/application/toolchain/bin/../lib/gcc/arm-none-eabi/4.7.4\libgcc.a(_arm_truncdfsf2.o)
                0x20000ea4                __truncdfsf2
                0x20000ea4                __aeabi_d2f
 .text          0x20000f44      0x2ac c:/isis/application/toolchain/bin/../lib/gcc/arm-none-eabi/4.7.4\libgcc.a(_arm_addsubsf3.o)
                0x20000f44                __aeabi_frsub
                0x20000f4c                __subsf3
                0x20000f4c                __aeabi_fsub
                0x20000f50                __aeabi_fadd
                0x20000f50                __addsf3
                0x2000110c                __aeabi_ui2f
                0x2000110c                __floatunsisf
                0x20001114                __aeabi_i2f
                0x20001114                __floatsisf
                0x20001134                __aeabi_ul2f
                0x20001134                __floatundisf
                0x20001144                __aeabi_l2f
                0x20001144                __floatdisf
 .text          0x200011f0      0x2f8 c:/isis/application/toolchain/bin/../lib/gcc/arm-none-eabi/4.7.4\libgcc.a(_arm_muldivsf3.o)
                0x200011f0                __mulsf3
                0x200011f0                __aeabi_fmul
                0x20001388                __aeabi_fdiv
                0x20001388                __divsf3
 .text          0x200014e8      0x114 c:/isis/application/toolchain/bin/../lib/gcc/arm-none-eabi/4.7.4\libgcc.a(_arm_cmpsf2.o)
                0x200014e8                __gesf2
                0x200014e8                __gtsf2
                0x200014f0                __lesf2
                0x200014f0                __ltsf2
                0x200014f8                __nesf2
                0x200014f8                __eqsf2
                0x200014f8                __cmpsf2
                0x2000155c                __aeabi_cfrcmple
                0x2000156c                __aeabi_cfcmpeq
                0x2000156c                __aeabi_cfcmple
                0x20001584                __aeabi_fcmpeq
                0x2000159c                __aeabi_fcmplt
                0x200015b4                __aeabi_fcmple
                0x200015cc                __aeabi_fcmpge
                0x200015e4                __aeabi_fcmpgt
 .text          0x200015fc       0x54 c:/isis/application/toolchain/bin/../lib/gcc/arm-none-eabi/4.7.4\libgcc.a(_arm_fixunssfsi.o)
                0x200015fc                __fixunssfsi
                0x200015fc                __aeabi_f2uiz
 *(.text*)
 .text.__cvt    0x20001650      0x138 c:/isis/application/toolchain/bin/../lib/gcc/arm-none-eabi/4.7.4/../../../../arm-none-eabi/lib\libc_s.a(lib_a-vfprintf_float.o)
                0x20001650                __cvt
 .text.__exponent
                0x20001788       0xa8 c:/isis/application/toolchain/bin/../lib/gcc/arm-none-eabi/4.7.4/../../../../arm-none-eabi/lib\libc_s.a(lib_a-vfprintf_float.o)
                0x20001788                __exponent
 .text._printf_float
                0x20001830      0x7dc c:/isis/application/toolchain/bin/../lib/gcc/arm-none-eabi/4.7.4/../../../../arm-none-eabi/lib\libc_s.a(lib_a-vfprintf_float.o)
                0x20001830                _printf_float
 .text._printf_common
                0x2000200c      0x174 c:/isis/application/toolchain/bin/../lib/gcc/arm-none-eabi/4.7.4/../../../../arm-none-eabi/lib\libc_s.a(lib_a-vfprintf_i.o)
                0x2000200c                _printf_common
 .text._printf_i
                0x20002180      0x3c4 c:/isis/application/toolchain/bin/../lib/gcc/arm-none-eabi/4.7.4/../../../../arm-none-eabi/lib\libc_s.a(lib_a-vfprintf_i.o)
                0x20002180                _printf_i
 .text._scanf_float
                0x20002544      0x5f4 c:/isis/application/toolchain/bin/../lib/gcc/arm-none-eabi/4.7.4/../../../../arm-none-eabi/lib\libc_s.a(lib_a-vfscanf_float.o)
                0x20002544                _scanf_float
 .text.quorem   0x20002b38      0x1ac c:/isis/application/toolchain/bin/../lib/gcc/arm-none-eabi/4.7.4/../../../../arm-none-eabi/lib\libc_s.a(lib_a-dtoa.o)
 .text._dtoa_r  0x20002ce4     0x1268 c:/isis/application/toolchain/bin/../lib/gcc/arm-none-eabi/4.7.4/../../../../arm-none-eabi/lib\libc_s.a(lib_a-dtoa.o)
                0x20002ce4                _dtoa_r
 .text._localeconv_r
                0x20003f4c        0xc c:/isis/application/toolchain/bin/../lib/gcc/arm-none-eabi/4.7.4/../../../../arm-none-eabi/lib\libc_s.a(lib_a-locale.o)
                0x20003f4c                _localeconv_r
 .text.malloc   0x20003f58       0x20 c:/isis/application/toolchain/bin/../lib/gcc/arm-none-eabi/4.7.4/../../../../arm-none-eabi/lib\libc_s.a(lib_a-malloc.o)
                0x20003f58                malloc
 .text.free     0x20003f78       0x20 c:/isis/application/toolchain/bin/../lib/gcc/arm-none-eabi/4.7.4/../../../../arm-none-eabi/lib\libc_s.a(lib_a-malloc.o)
                0x20003f78                free
 .text._malloc_r
                0x20003f98       0xfc c:/isis/application/toolchain/bin/../lib/gcc/arm-none-eabi/4.7.4/../../../../arm-none-eabi/lib\libc_s.a(lib_a-mallocr.o)
                0x20003f98                _malloc_r
 .text.memcpy   0x20004094       0x20 c:/isis/application/toolchain/bin/../lib/gcc/arm-none-eabi/4.7.4/../../../../arm-none-eabi/lib\libc_s.a(lib_a-memcpy.o)
                0x20004094                memcpy
 .text._Balloc  0x200040b4       0xcc c:/isis/application/toolchain/bin/../lib/gcc/arm-none-eabi/4.7.4/../../../../arm-none-eabi/lib\libc_s.a(lib_a-mprec.o)
                0x200040b4                _Balloc
 .text._Bfree   0x20004180       0x5c c:/isis/application/toolchain/bin/../lib/gcc/arm-none-eabi/4.7.4/../../../../arm-none-eabi/lib\libc_s.a(lib_a-mprec.o)
                0x20004180                _Bfree
 .text.__multadd
                0x200041dc       0xbc c:/isis/application/toolchain/bin/../lib/gcc/arm-none-eabi/4.7.4/../../../../arm-none-eabi/lib\libc_s.a(lib_a-mprec.o)
                0x200041dc                __multadd
 .text.__s2b    0x20004298       0xd8 c:/isis/application/toolchain/bin/../lib/gcc/arm-none-eabi/4.7.4/../../../../arm-none-eabi/lib\libc_s.a(lib_a-mprec.o)
                0x20004298                __s2b
 .text.__hi0bits
                0x20004370       0x58 c:/isis/application/toolchain/bin/../lib/gcc/arm-none-eabi/4.7.4/../../../../arm-none-eabi/lib\libc_s.a(lib_a-mprec.o)
                0x20004370                __hi0bits
 .text.__lo0bits
                0x200043c8       0x94 c:/isis/application/toolchain/bin/../lib/gcc/arm-none-eabi/4.7.4/../../../../arm-none-eabi/lib\libc_s.a(lib_a-mprec.o)
                0x200043c8                __lo0bits
 .text.__i2b    0x2000445c       0x24 c:/isis/application/toolchain/bin/../lib/gcc/arm-none-eabi/4.7.4/../../../../arm-none-eabi/lib\libc_s.a(lib_a-mprec.o)
                0x2000445c                __i2b
 .text.__multiply
                0x20004480      0x1ac c:/isis/application/toolchain/bin/../lib/gcc/arm-none-eabi/4.7.4/../../../../arm-none-eabi/lib\libc_s.a(lib_a-mprec.o)
                0x20004480                __multiply
 .text.__pow5mult
                0x2000462c      0x10c c:/isis/application/toolchain/bin/../lib/gcc/arm-none-eabi/4.7.4/../../../../arm-none-eabi/lib\libc_s.a(lib_a-mprec.o)
                0x2000462c                __pow5mult
 .text.__lshift
                0x20004738       0xf0 c:/isis/application/toolchain/bin/../lib/gcc/arm-none-eabi/4.7.4/../../../../arm-none-eabi/lib\libc_s.a(lib_a-mprec.o)
                0x20004738                __lshift
 .text.__mcmp   0x20004828       0x60 c:/isis/application/toolchain/bin/../lib/gcc/arm-none-eabi/4.7.4/../../../../arm-none-eabi/lib\libc_s.a(lib_a-mprec.o)
                0x20004828                __mcmp
 .text.__mdiff  0x20004888      0x128 c:/isis/application/toolchain/bin/../lib/gcc/arm-none-eabi/4.7.4/../../../../arm-none-eabi/lib\libc_s.a(lib_a-mprec.o)
                0x20004888                __mdiff
 .text.__ulp    0x200049b0       0x5c c:/isis/application/toolchain/bin/../lib/gcc/arm-none-eabi/4.7.4/../../../../arm-none-eabi/lib\libc_s.a(lib_a-mprec.o)
                0x200049b0                __ulp
 .text.__b2d    0x20004a0c       0xc8 c:/isis/application/toolchain/bin/../lib/gcc/arm-none-eabi/4.7.4/../../../../arm-none-eabi/lib\libc_s.a(lib_a-mprec.o)
                0x20004a0c                __b2d
 .text.__d2b    0x20004ad4       0xfc c:/isis/application/toolchain/bin/../lib/gcc/arm-none-eabi/4.7.4/../../../../arm-none-eabi/lib\libc_s.a(lib_a-mprec.o)
                0x20004ad4                __d2b
 .text.__ratio  0x20004bd0       0x70 c:/isis/application/toolchain/bin/../lib/gcc/arm-none-eabi/4.7.4/../../../../arm-none-eabi/lib\libc_s.a(lib_a-mprec.o)
                0x20004bd0                __ratio
 .text.__copybits
                0x20004c40       0x4c c:/isis/application/toolchain/bin/../lib/gcc/arm-none-eabi/4.7.4/../../../../arm-none-eabi/lib\libc_s.a(lib_a-mprec.o)
                0x20004c40                __copybits
 .text.__any_on
                0x20004c8c       0x7c c:/isis/application/toolchain/bin/../lib/gcc/arm-none-eabi/4.7.4/../../../../arm-none-eabi/lib\libc_s.a(lib_a-mprec.o)
                0x20004c8c                __any_on
 .text.__fpclassifyd
                0x20004d08       0x6c c:/isis/application/toolchain/bin/../lib/gcc/arm-none-eabi/4.7.4/../../../../arm-none-eabi/lib\libc_s.a(lib_a-s_fpclassify.o)
                0x20004d08                __fpclassifyd
 .text._sbrk_r  0x20004d74       0x3c c:/isis/application/toolchain/bin/../lib/gcc/arm-none-eabi/4.7.4/../../../../arm-none-eabi/lib\libc_s.a(lib_a-sbrkr.o)
                0x20004d74                _sbrk_r
 .text.nanf     0x20004db0        0xc c:/isis/application/toolchain/bin/../lib/gcc/arm-none-eabi/4.7.4/../../../../arm-none-eabi/lib\libc_s.a(lib_a-sf_nan.o)
                0x20004db0                nanf
 .text.sprintf  0x20004dbc       0x6c c:/isis/application/toolchain/bin/../lib/gcc/arm-none-eabi/4.7.4/../../../../arm-none-eabi/lib\libc_s.a(lib_a-sprintf.o)
                0x20004dbc                siprintf
                0x20004dbc                sprintf
 .text.strlen   0x20004e28       0x1c c:/isis/application/toolchain/bin/../lib/gcc/arm-none-eabi/4.7.4/../../../../arm-none-eabi/lib\libc_s.a(lib_a-strlen.o)
                0x20004e28                strlen
 .text.match    0x20004e44       0x54 c:/isis/application/toolchain/bin/../lib/gcc/arm-none-eabi/4.7.4/../../../../arm-none-eabi/lib\libc_s.a(lib_a-strtod.o)
 .text._strtod_r
                0x20004e98     0x1168 c:/isis/application/toolchain/bin/../lib/gcc/arm-none-eabi/4.7.4/../../../../arm-none-eabi/lib\libc_s.a(lib_a-strtod.o)
                0x20004e98                _strtod_r
 .text._strtol_r
                0x20006000      0x1b8 c:/isis/application/toolchain/bin/../lib/gcc/arm-none-eabi/4.7.4/../../../../arm-none-eabi/lib\libc_s.a(lib_a-strtol.o)
                0x20006000                _strtol_r
 .text.__ssputc_r
                0x200061b8      0x10c c:/isis/application/toolchain/bin/../lib/gcc/arm-none-eabi/4.7.4/../../../../arm-none-eabi/lib\libc_s.a(lib_a-svfprintf.o)
                0x200061b8                __ssputc_r
 .text._svfprintf_r
                0x200062c4      0x328 c:/isis/application/toolchain/bin/../lib/gcc/arm-none-eabi/4.7.4/../../../../arm-none-eabi/lib\libc_s.a(lib_a-svfprintf.o)
                0x200062c4                _svfiprintf_r
                0x200062c4                _svfprintf_r
 .text._calloc_r
                0x200065ec       0x2c c:/isis/application/toolchain/bin/../lib/gcc/arm-none-eabi/4.7.4/../../../../arm-none-eabi/lib\libc_s.a(lib_a-callocr.o)
                0x200065ec                _calloc_r
 .text._free_r  0x20006618      0x108 c:/isis/application/toolchain/bin/../lib/gcc/arm-none-eabi/4.7.4/../../../../arm-none-eabi/lib\libc_s.a(lib_a-freer.o)
                0x20006618                _free_r
 .text.rshift   0x20006720       0xb0 c:/isis/application/toolchain/bin/../lib/gcc/arm-none-eabi/4.7.4/../../../../arm-none-eabi/lib\libc_s.a(lib_a-gdtoa-gethex.o)
 .text.htinit.constprop.0
                0x200067d0       0x34 c:/isis/application/toolchain/bin/../lib/gcc/arm-none-eabi/4.7.4/../../../../arm-none-eabi/lib\libc_s.a(lib_a-gdtoa-gethex.o)
 .text.__hexdig_init
                0x20006804       0x38 c:/isis/application/toolchain/bin/../lib/gcc/arm-none-eabi/4.7.4/../../../../arm-none-eabi/lib\libc_s.a(lib_a-gdtoa-gethex.o)
                0x20006804                __hexdig_init
 .text.__gethex
                0x2000683c      0x6cc c:/isis/application/toolchain/bin/../lib/gcc/arm-none-eabi/4.7.4/../../../../arm-none-eabi/lib\libc_s.a(lib_a-gdtoa-gethex.o)
                0x2000683c                __gethex
 .text.L_shift  0x20006f08       0x38 c:/isis/application/toolchain/bin/../lib/gcc/arm-none-eabi/4.7.4/../../../../arm-none-eabi/lib\libc_s.a(lib_a-gdtoa-hexnan.o)
 .text.__hexnan
                0x20006f40      0x1d8 c:/isis/application/toolchain/bin/../lib/gcc/arm-none-eabi/4.7.4/../../../../arm-none-eabi/lib\libc_s.a(lib_a-gdtoa-hexnan.o)
                0x20006f40                __hexnan
 .text.memchr   0x20007118       0x34 c:/isis/application/toolchain/bin/../lib/gcc/arm-none-eabi/4.7.4/../../../../arm-none-eabi/lib\libc_s.a(lib_a-memchr.o)
                0x20007118                memchr
 .text.memset   0x2000714c       0x1c c:/isis/application/toolchain/bin/../lib/gcc/arm-none-eabi/4.7.4/../../../../arm-none-eabi/lib\libc_s.a(lib_a-memset.o)
                0x2000714c                memset
 .text._realloc_r
                0x20007168       0x80 c:/isis/application/toolchain/bin/../lib/gcc/arm-none-eabi/4.7.4/../../../../arm-none-eabi/lib\libc_s.a(lib_a-reallocr.o)
                0x20007168                _realloc_r
 .text.strncmp  0x200071e8       0x64 c:/isis/application/toolchain/bin/../lib/gcc/arm-none-eabi/4.7.4/../../../../arm-none-eabi/lib\libc_s.a(lib_a-strncmp.o)
                0x200071e8                strncmp
 .text._malloc_usable_size_r
                0x2000724c       0x1c c:/isis/application/toolchain/bin/../lib/gcc/arm-none-eabi/4.7.4/../../../../arm-none-eabi/lib\libc_s.a(lib_a-msizer.o)
                0x2000724c                _malloc_usable_size_r
 .text.TestActUponCommand
                0x20007268      0x114 ./src/TestingDemos/CommandsTestingDemo.o
                0x20007268                TestActUponCommand
 .text.TestAssmbleCommand
                0x2000737c      0x14c ./src/TestingDemos/CommandsTestingDemo.o
                0x2000737c                TestAssmbleCommand
 .text.TestGetDelayedCommand
                0x200074c8       0xa0 ./src/TestingDemos/CommandsTestingDemo.o
                0x200074c8                TestGetDelayedCommand
 .text.TestAddDelayedCommand
                0x20007568       0xd0 ./src/TestingDemos/CommandsTestingDemo.o
                0x20007568                TestAddDelayedCommand
 .text.TestGetDelayedCommandBufferCount
                0x20007638       0x54 ./src/TestingDemos/CommandsTestingDemo.o
                0x20007638                TestGetDelayedCommandBufferCount
 .text.TestGetOnlineCommand
                0x2000768c       0xc8 ./src/TestingDemos/CommandsTestingDemo.o
                0x2000768c                TestGetOnlineCommand
 .text.TestDeleteDelayedCommandByIndex
                0x20007754      0x1c0 ./src/TestingDemos/CommandsTestingDemo.o
                0x20007754                TestDeleteDelayedCommandByIndex
 .text.TestDeleteDelayedBuffer
                0x20007914      0x140 ./src/TestingDemos/CommandsTestingDemo.o
                0x20007914                TestDeleteDelayedBuffer
 .text.selectAndExecuteCommandsDemoTest
                0x20007a54      0x170 ./src/TestingDemos/CommandsTestingDemo.o
                0x20007a54                selectAndExecuteCommandsDemoTest
 .text.MainCommandsTestBench
                0x20007bc4       0x44 ./src/TestingDemos/CommandsTestingDemo.o
                0x20007bc4                MainCommandsTestBench
 .text.TestEpsConditioning
                0x20007c08      0x1e8 ./src/TestingDemos/EpsTestingDemo.o
                0x20007c08                TestEpsConditioning
 .text.TestGetBatteryVoltage
                0x20007df0       0x64 ./src/TestingDemos/EpsTestingDemo.o
                0x20007df0                TestGetBatteryVoltage
 .text.TestUpdateThreshVoltages
                0x20007e54      0x170 ./src/TestingDemos/EpsTestingDemo.o
                0x20007e54                TestUpdateThreshVoltages
 .text.TestGetThreshVoltages
                0x20007fc4       0xb0 ./src/TestingDemos/EpsTestingDemo.o
                0x20007fc4                TestGetThreshVoltages
 .text.TestUpdateAlpha
                0x20008074       0xd0 ./src/TestingDemos/EpsTestingDemo.o
                0x20008074                TestUpdateAlpha
 .text.TestGetAlpha
                0x20008144       0x78 ./src/TestingDemos/EpsTestingDemo.o
                0x20008144                TestGetAlpha
 .text.TestRestoreDefaultAlpha
                0x200081bc       0xfc ./src/TestingDemos/EpsTestingDemo.o
                0x200081bc                TestRestoreDefaultAlpha
 .text.TestRestoreDefaultThresholdVoltages
                0x200082b8      0x154 ./src/TestingDemos/EpsTestingDemo.o
                0x200082b8                TestRestoreDefaultThresholdVoltages
 .text.selectAndExecuteEpsDemoTest
                0x2000840c      0x174 ./src/TestingDemos/EpsTestingDemo.o
                0x2000840c                selectAndExecuteEpsDemoTest
 .text.MainEpsTestBench
                0x20008580       0x40 ./src/TestingDemos/EpsTestingDemo.o
                0x20008580                MainEpsTestBench
 .text.MainFileSystemTestBench
                0x200085c0       0x1c ./src/TestingDemos/FileSystemTestingDemo.o
                0x200085c0                MainFileSystemTestBench
 .text.selectAndExecuteTest
                0x200085dc      0x164 ./src/TestingDemos/MainTest.o
                0x200085dc                selectAndExecuteTest
 .text.taskTesting
                0x20008740       0x28 ./src/TestingDemos/MainTest.o
                0x20008740                taskTesting
 .text.selectAndExecuteMaintenanceDemoTest
                0x20008768      0x15c ./src/TestingDemos/MaintenanceTestingDemo.o
                0x20008768                selectAndExecuteMaintenanceDemoTest
 .text.MainMaintenanceTestBench
                0x200088c4       0x40 ./src/TestingDemos/MaintenanceTestingDemo.o
                0x200088c4                MainMaintenanceTestBench
 .text.MainTelemetryTestBench
                0x20008904       0x1c ./src/TestingDemos/TelemetryTestingDemo.o
                0x20008904                MainTelemetryTestBench
 .text.TestInitTrxvu
                0x20008920       0x54 ./src/TestingDemos/TrxvuTestingDemo.o
                0x20008920                TestInitTrxvu
 .text.TestInitTrxvuWithDifferentFrameLengths
                0x20008974      0x134 ./src/TestingDemos/TrxvuTestingDemo.o
                0x20008974                TestInitTrxvuWithDifferentFrameLengths
 .text.TestTrxvuLogic
                0x20008aa8       0xd4 ./src/TestingDemos/TrxvuTestingDemo.o
                0x20008aa8                TestTrxvuLogic
 .text.TestCheckTransmitionAllowed
                0x20008b7c       0xa4 ./src/TestingDemos/TrxvuTestingDemo.o
                0x20008b7c                TestCheckTransmitionAllowed
 .text.TestSendDumpAbortRequest
                0x20008c20       0x24 ./src/TestingDemos/TrxvuTestingDemo.o
                0x20008c20                TestSendDumpAbortRequest
 .text.TestTransmitDummySplPacket
                0x20008c44       0xd4 ./src/TestingDemos/TrxvuTestingDemo.o
                0x20008c44                TestTransmitDummySplPacket
 .text.TestTransmitSplPacket
                0x20008d18      0x1f8 ./src/TestingDemos/TrxvuTestingDemo.o
                0x20008d18                TestTransmitSplPacket
 .text.TestExitDump
                0x20008f10       0x18 ./src/TestingDemos/TrxvuTestingDemo.o
                0x20008f10                TestExitDump
 .text.TestDumpTelemetry
                0x20008f28       0xf8 ./src/TestingDemos/TrxvuTestingDemo.o
                0x20008f28                TestDumpTelemetry
 .text.TestRestoreDefaultBeaconParameters
                0x20009020       0x1c ./src/TestingDemos/TrxvuTestingDemo.o
                0x20009020                TestRestoreDefaultBeaconParameters
 .text.TestChooseDefaultBeaconCycle
                0x2000903c       0xe0 ./src/TestingDemos/TrxvuTestingDemo.o
                0x2000903c                TestChooseDefaultBeaconCycle
 .text.TestBeaconLogic
                0x2000911c       0xd8 ./src/TestingDemos/TrxvuTestingDemo.o
                0x2000911c                TestBeaconLogic
 .text.TestMuteTrxvu
                0x200091f4       0x9c ./src/TestingDemos/TrxvuTestingDemo.o
                0x200091f4                TestMuteTrxvu
 .text.TestUnMuteTrxvu
                0x20009290       0x30 ./src/TestingDemos/TrxvuTestingDemo.o
                0x20009290                TestUnMuteTrxvu
 .text.TestGetNumberOfFramesInBuffer
                0x200092c0       0x54 ./src/TestingDemos/TrxvuTestingDemo.o
                0x200092c0                TestGetNumberOfFramesInBuffer
 .text.TestSetTrxvuBitrate
                0x20009314       0xf0 ./src/TestingDemos/TrxvuTestingDemo.o
                0x20009314                TestSetTrxvuBitrate
 .text.TestGetTrxvuBitrate
                0x20009404       0xb0 ./src/TestingDemos/TrxvuTestingDemo.o
                0x20009404                TestGetTrxvuBitrate
 .text.TestTransmitDataAsSPL_Packet
                0x200094b4      0x114 ./src/TestingDemos/TrxvuTestingDemo.o
                0x200094b4                TestTransmitDataAsSPL_Packet
 .text.selectAndExecuteTrxvuDemoTest
                0x200095c8      0x28c ./src/TestingDemos/TrxvuTestingDemo.o
                0x200095c8                selectAndExecuteTrxvuDemoTest
 .text.MainTrxvuTestBench
                0x20009854       0x44 ./src/TestingDemos/TrxvuTestingDemo.o
                0x20009854                MainTrxvuTestBench
 .text.GetBatteryVoltage
                0x20009898       0x68 ./src/SubSystemModules/PowerManagment/EPS.o
                0x20009898                GetBatteryVoltage
 .text.EPS_Init
                0x20009900       0xe0 ./src/SubSystemModules/PowerManagment/EPS.o
                0x20009900                EPS_Init
 .text.EPS_Conditioning
                0x200099e0      0x1a8 ./src/SubSystemModules/PowerManagment/EPS.o
                0x200099e0                EPS_Conditioning
 .text.UpdateAlpha
                0x20009b88       0xa8 ./src/SubSystemModules/PowerManagment/EPS.o
                0x20009b88                UpdateAlpha
 .text.UpdateThresholdVoltages
                0x20009c30      0x204 ./src/SubSystemModules/PowerManagment/EPS.o
                0x20009c30                UpdateThresholdVoltages
 .text.GetThresholdVoltages
                0x20009e34       0x70 ./src/SubSystemModules/PowerManagment/EPS.o
                0x20009e34                GetThresholdVoltages
 .text.GetAlpha
                0x20009ea4       0x6c ./src/SubSystemModules/PowerManagment/EPS.o
                0x20009ea4                GetAlpha
 .text.RestoreDefaultAlpha
                0x20009f10       0x50 ./src/SubSystemModules/PowerManagment/EPS.o
                0x20009f10                RestoreDefaultAlpha
 .text.RestoreDefaultThresholdVoltages
                0x20009f60       0x6c ./src/SubSystemModules/PowerManagment/EPS.o
                0x20009f60                RestoreDefaultThresholdVoltages
 .text.EnterFullMode
                0x20009fcc       0x44 ./src/SubSystemModules/PowerManagment/EPSOperationModes.o
                0x20009fcc                EnterFullMode
 .text.EnterCruiseMode
                0x2000a010       0x44 ./src/SubSystemModules/PowerManagment/EPSOperationModes.o
                0x2000a010                EnterCruiseMode
 .text.EnterSafeMode
                0x2000a054       0x44 ./src/SubSystemModules/PowerManagment/EPSOperationModes.o
                0x2000a054                EnterSafeMode
 .text.EnterCriticalMode
                0x2000a098       0x44 ./src/SubSystemModules/PowerManagment/EPSOperationModes.o
                0x2000a098                EnterCriticalMode
 .text.GetSystemState
                0x2000a0dc       0x24 ./src/SubSystemModules/PowerManagment/EPSOperationModes.o
                0x2000a0dc                GetSystemState
 .text.GetSystemChannelState
                0x2000a100       0x24 ./src/SubSystemModules/PowerManagment/EPSOperationModes.o
                0x2000a100                GetSystemChannelState
 .text.EpsGetLowVoltageFlag
                0x2000a124       0x24 ./src/SubSystemModules/PowerManagment/EPSOperationModes.o
                0x2000a124                EpsGetLowVoltageFlag
 .text.EpsSetLowVoltageFlag
                0x2000a148       0x2c ./src/SubSystemModules/PowerManagment/EPSOperationModes.o
                0x2000a148                EpsSetLowVoltageFlag
 .text.CheckExecutionTime
                0x2000a174       0x78 ./src/SubSystemModules/Maintenance/Maintenance.o
                0x2000a174                CheckExecutionTime
 .text.SaveSatTimeInFRAM
                0x2000a1ec       0x44 ./src/SubSystemModules/Maintenance/Maintenance.o
                0x2000a1ec                SaveSatTimeInFRAM
 .text.ResetGroundCommWDT
                0x2000a230       0x1c ./src/SubSystemModules/Maintenance/Maintenance.o
                0x2000a230                ResetGroundCommWDT
 .text.InitSavePeriodTimes
                0x2000a24c       0x20 ./src/SubSystemModules/Housekepping/TelemetryCollector.o
                0x2000a24c                InitSavePeriodTimes
 .text.TelemetryCollectorLogic
                0x2000a26c      0x140 ./src/SubSystemModules/Housekepping/TelemetryCollector.o
                0x2000a26c                TelemetryCollectorLogic
 .text.TelemetrySaveEPS
                0x2000a3ac      0x114 ./src/SubSystemModules/Housekepping/TelemetryCollector.o
                0x2000a3ac                TelemetrySaveEPS
 .text.TelemetrySaveTRXVU
                0x2000a4c0       0xf4 ./src/SubSystemModules/Housekepping/TelemetryCollector.o
                0x2000a4c0                TelemetrySaveTRXVU
 .text.TelemetrySaveANT
                0x2000a5b4       0xa4 ./src/SubSystemModules/Housekepping/TelemetryCollector.o
                0x2000a5b4                TelemetrySaveANT
 .text.TelemetrySaveSolarPanels
                0x2000a658      0x1c4 ./src/SubSystemModules/Housekepping/TelemetryCollector.o
                0x2000a658                TelemetrySaveSolarPanels
 .text.TelemetrySaveWOD
                0x2000a81c       0x94 ./src/SubSystemModules/Housekepping/TelemetryCollector.o
                0x2000a81c                TelemetrySaveWOD
 .text.GetCurrentWODTelemetry
                0x2000a8b0      0x3a0 ./src/SubSystemModules/Housekepping/TelemetryCollector.o
                0x2000a8b0                GetCurrentWODTelemetry
 .text.DumpTask
                0x2000ac50       0x1c ./src/SubSystemModules/Communication/SubsystemCommands/TRXVU_Commands.o
                0x2000ac50                DumpTask
 .text.CMD_StartDump
                0x2000ac6c      0x198 ./src/SubSystemModules/Communication/SubsystemCommands/TRXVU_Commands.o
                0x2000ac6c                CMD_StartDump
 .text.CMD_SendDumpAbortRequest
                0x2000ae04       0x24 ./src/SubSystemModules/Communication/SubsystemCommands/TRXVU_Commands.o
                0x2000ae04                CMD_SendDumpAbortRequest
 .text.CMD_ForceDumpAbort
                0x2000ae28       0x24 ./src/SubSystemModules/Communication/SubsystemCommands/TRXVU_Commands.o
                0x2000ae28                CMD_ForceDumpAbort
 .text.CMD_MuteTRXVU
                0x2000ae4c       0x5c ./src/SubSystemModules/Communication/SubsystemCommands/TRXVU_Commands.o
                0x2000ae4c                CMD_MuteTRXVU
 .text.CMD_UnMuteTRXVU
                0x2000aea8       0x24 ./src/SubSystemModules/Communication/SubsystemCommands/TRXVU_Commands.o
                0x2000aea8                CMD_UnMuteTRXVU
 .text.CMD_GetBaudRate
                0x2000aecc       0x78 ./src/SubSystemModules/Communication/SubsystemCommands/TRXVU_Commands.o
                0x2000aecc                CMD_GetBaudRate
 .text.CMD_GetBeaconInterval
                0x2000af44       0x60 ./src/SubSystemModules/Communication/SubsystemCommands/TRXVU_Commands.o
                0x2000af44                CMD_GetBeaconInterval
 .text.CMD_SetBeaconInterval
                0x2000afa4       0x88 ./src/SubSystemModules/Communication/SubsystemCommands/TRXVU_Commands.o
                0x2000afa4                CMD_SetBeaconInterval
 .text.CMD_SetBaudRate
                0x2000b02c       0x3c ./src/SubSystemModules/Communication/SubsystemCommands/TRXVU_Commands.o
                0x2000b02c                CMD_SetBaudRate
 .text.CMD_GetTxUptime
                0x2000b068       0x58 ./src/SubSystemModules/Communication/SubsystemCommands/TRXVU_Commands.o
                0x2000b068                CMD_GetTxUptime
 .text.CMD_GetRxUptime
                0x2000b0c0       0x58 ./src/SubSystemModules/Communication/SubsystemCommands/TRXVU_Commands.o
                0x2000b0c0                CMD_GetRxUptime
 .text.CMD_GetNumOfDelayedCommands
                0x2000b118       0x54 ./src/SubSystemModules/Communication/SubsystemCommands/TRXVU_Commands.o
                0x2000b118                CMD_GetNumOfDelayedCommands
 .text.CMD_GetNumOfOnlineCommands
                0x2000b16c       0x58 ./src/SubSystemModules/Communication/SubsystemCommands/TRXVU_Commands.o
                0x2000b16c                CMD_GetNumOfOnlineCommands
 .text.CMD_DeleteDelyedCmdByID
                0x2000b1c4       0x5c ./src/SubSystemModules/Communication/SubsystemCommands/TRXVU_Commands.o
                0x2000b1c4                CMD_DeleteDelyedCmdByID
 .text.CMD_DeleteAllDelyedBuffer
                0x2000b220       0x30 ./src/SubSystemModules/Communication/SubsystemCommands/TRXVU_Commands.o
                0x2000b220                CMD_DeleteAllDelyedBuffer
 .text.CMD_AntSetArmStatus
                0x2000b250       0x80 ./src/SubSystemModules/Communication/SubsystemCommands/TRXVU_Commands.o
                0x2000b250                CMD_AntSetArmStatus
 .text.CMD_AntGetArmStatus
                0x2000b2d0       0x64 ./src/SubSystemModules/Communication/SubsystemCommands/TRXVU_Commands.o
                0x2000b2d0                CMD_AntGetArmStatus
 .text.CMD_AntGetUptime
                0x2000b334       0x6c ./src/SubSystemModules/Communication/SubsystemCommands/TRXVU_Commands.o
                0x2000b334                CMD_AntGetUptime
 .text.CMD_AntCancelDeployment
                0x2000b3a0       0x48 ./src/SubSystemModules/Communication/SubsystemCommands/TRXVU_Commands.o
                0x2000b3a0                CMD_AntCancelDeployment
 .text.SendAckPacket
                0x2000b3e8       0xe0 ./src/SubSystemModules/Communication/AckHandler.o
                0x2000b3e8                SendAckPacket
 .text.trxvu_command_router
                0x2000b4c8      0x4e4 ./src/SubSystemModules/Communication/CommandDictionary.o
                0x2000b4c8                trxvu_command_router
 .text.eps_command_router
                0x2000b9ac       0x94 ./src/SubSystemModules/Communication/CommandDictionary.o
                0x2000b9ac                eps_command_router
 .text.telemetry_command_router
                0x2000ba40       0x24 ./src/SubSystemModules/Communication/CommandDictionary.o
                0x2000ba40                telemetry_command_router
 .text.managment_command_router
                0x2000ba64       0x24 ./src/SubSystemModules/Communication/CommandDictionary.o
                0x2000ba64                managment_command_router
 .text.filesystem_command_router
                0x2000ba88       0x24 ./src/SubSystemModules/Communication/CommandDictionary.o
                0x2000ba88                filesystem_command_router
 .text.ParseDataToCommand
                0x2000baac      0x184 ./src/SubSystemModules/Communication/SatCommandHandler.o
                0x2000baac                ParseDataToCommand
 .text.AssembleCommand
                0x2000bc30      0x150 ./src/SubSystemModules/Communication/SatCommandHandler.o
                0x2000bc30                AssembleCommand
 .text.GetDelayedCommand
                0x2000bd80       0x24 ./src/SubSystemModules/Communication/SatCommandHandler.o
                0x2000bd80                GetDelayedCommand
 .text.AddDelayedCommand
                0x2000bda4       0x24 ./src/SubSystemModules/Communication/SatCommandHandler.o
                0x2000bda4                AddDelayedCommand
 .text.GetDelayedCommandBufferCount
                0x2000bdc8       0x50 ./src/SubSystemModules/Communication/SatCommandHandler.o
                0x2000bdc8                GetDelayedCommandBufferCount
 .text.GetDelayedCommandByIndex
                0x2000be18       0x28 ./src/SubSystemModules/Communication/SatCommandHandler.o
                0x2000be18                GetDelayedCommandByIndex
 .text.DeleteDelayedCommandByIndex
                0x2000be40       0x24 ./src/SubSystemModules/Communication/SatCommandHandler.o
                0x2000be40                DeleteDelayedCommandByIndex
 .text.DeleteDelayedBuffer
                0x2000be64       0x1c ./src/SubSystemModules/Communication/SatCommandHandler.o
                0x2000be64                DeleteDelayedBuffer
 .text.ActUponCommand
                0x2000be80       0xd0 ./src/SubSystemModules/Communication/SatCommandHandler.o
                0x2000be80                ActUponCommand
 .text.InitTxModule
                0x2000bf50       0x68 ./src/SubSystemModules/Communication/TRXVU.o
                0x2000bf50                InitTxModule
 .text.InitBeaconParams
                0x2000bfb8       0x3c ./src/SubSystemModules/Communication/TRXVU.o
                0x2000bfb8                InitBeaconParams
 .text.InitSemaphores
                0x2000bff4       0x98 ./src/SubSystemModules/Communication/TRXVU.o
                0x2000bff4                InitSemaphores
 .text.InitTrxvu
                0x2000c08c      0x110 ./src/SubSystemModules/Communication/TRXVU.o
                0x2000c08c                InitTrxvu
 .text.TRX_Logic
                0x2000c19c       0xdc ./src/SubSystemModules/Communication/TRXVU.o
                0x2000c19c                TRX_Logic
 .text.GetNumberOfFramesInBuffer
                0x2000c278       0x54 ./src/SubSystemModules/Communication/TRXVU.o
                0x2000c278                GetNumberOfFramesInBuffer
 .text.GetOnlineCommand
                0x2000c2cc      0x128 ./src/SubSystemModules/Communication/TRXVU.o
                0x2000c2cc                GetOnlineCommand
 .text.CheckTransmitionAllowed
                0x2000c3f4       0xc4 ./src/SubSystemModules/Communication/TRXVU.o
                0x2000c3f4                CheckTransmitionAllowed
 .text.AbortDump
                0x2000c4b8       0x14 ./src/SubSystemModules/Communication/TRXVU.o
                0x2000c4b8                AbortDump
 .text.SendDumpAbortRequest
                0x2000c4cc       0x14 ./src/SubSystemModules/Communication/TRXVU.o
                0x2000c4cc                SendDumpAbortRequest
 .text.BeaconLogic
                0x2000c4e0      0x1a8 ./src/SubSystemModules/Communication/TRXVU.o
                0x2000c4e0                BeaconLogic
 .text.muteTRXVU
                0x2000c688       0x70 ./src/SubSystemModules/Communication/TRXVU.o
                0x2000c688                muteTRXVU
 .text.UnMuteTRXVU
                0x2000c6f8       0x24 ./src/SubSystemModules/Communication/TRXVU.o
                0x2000c6f8                UnMuteTRXVU
 .text.TransmitDataAsSPL_Packet
                0x2000c71c      0x104 ./src/SubSystemModules/Communication/TRXVU.o
                0x2000c71c                TransmitDataAsSPL_Packet
 .text.TransmitSplPacket
                0x2000c820       0xf8 ./src/SubSystemModules/Communication/TRXVU.o
                0x2000c820                TransmitSplPacket
 .text.isFirstActivation
                0x2000c918       0x38 ./src/InitSystem.o
                0x2000c918                isFirstActivation
 .text.firstActivationProcedure
                0x2000c950       0xd4 ./src/InitSystem.o
                0x2000c950                firstActivationProcedure
 .text.WriteDefaultValuesToFRAM
                0x2000ca24      0x144 ./src/InitSystem.o
                0x2000ca24                WriteDefaultValuesToFRAM
 .text.StartFRAM
                0x2000cb68       0x24 ./src/InitSystem.o
                0x2000cb68                StartFRAM
 .text.StartI2C
                0x2000cb8c       0x30 ./src/InitSystem.o
                0x2000cb8c                StartI2C
 .text.StartSPI
                0x2000cbbc       0x2c ./src/InitSystem.o
                0x2000cbbc                StartSPI
 .text.StartTIME
                0x2000cbe8       0xb0 ./src/InitSystem.o
                0x2000cbe8                StartTIME
 .text.DeploySystem
                0x2000cc98       0x80 ./src/InitSystem.o
                0x2000cc98                DeploySystem
 .text.InitSubsystems
                0x2000cd18       0x44 ./src/InitSystem.o
                0x2000cd18                InitSubsystems
 .text.delete_allTMFilesFromSD
                0x2000cd5c       0x58 ./src/TLM_management.o
                0x2000cd5c                delete_allTMFilesFromSD
 .text.InitializeFS
                0x2000cdb4       0xd0 ./src/TLM_management.o
                0x2000cdb4                InitializeFS
 .text.calculateFileName
                0x2000ce84      0x124 ./src/TLM_management.o
                0x2000ce84                calculateFileName
 .text.write2File
                0x2000cfa8      0x44c ./src/TLM_management.o
                0x2000cfa8                write2File
 .text.main     0x2000d3f4       0xa0 ./src/main.o
                0x2000d3f4                main
 .text.logError
                0x2000d494       0x84 ./src/utils.o
                0x2000d494                logError
 .text.validateTransferParameters
                0x2000d518      0x10c C:/ISIS/workspace/ycube/GlobusSatProject/..//hal/hal/lib\libHALD.a(I2C.o)
 .text.I2C_queueTransfer
                0x2000d624       0xe8 C:/ISIS/workspace/ycube/GlobusSatProject/..//hal/hal/lib\libHALD.a(I2C.o)
                0x2000d624                I2C_queueTransfer
 .text.I2C_internalCallback
                0x2000d70c       0x64 C:/ISIS/workspace/ycube/GlobusSatProject/..//hal/hal/lib\libHALD.a(I2C.o)
 .text.I2C_doBlockingTransfer
                0x2000d770      0x160 C:/ISIS/workspace/ycube/GlobusSatProject/..//hal/hal/lib\libHALD.a(I2C.o)
 .text.I2C_writeRead
                0x2000d8d0      0x180 C:/ISIS/workspace/ycube/GlobusSatProject/..//hal/hal/lib\libHALD.a(I2C.o)
                0x2000d8d0                I2C_writeRead
 .text.I2C_start
                0x2000da50      0x2e8 C:/ISIS/workspace/ycube/GlobusSatProject/..//hal/hal/lib\libHALD.a(I2C.o)
                0x2000da50                I2C_start
 .text.I2C_stop
                0x2000dd38      0x184 C:/ISIS/workspace/ycube/GlobusSatProject/..//hal/hal/lib\libHALD.a(I2C.o)
                0x2000dd38                I2C_stop
 .text.I2C_setTransferTimeout
                0x2000debc       0x48 C:/ISIS/workspace/ycube/GlobusSatProject/..//hal/hal/lib\libHALD.a(I2C.o)
                0x2000debc                I2C_setTransferTimeout
 .text.clearPDCtransfers
                0x2000df04       0xdc C:/ISIS/workspace/ycube/GlobusSatProject/..//hal/hal/lib\libHALD.a(SPI.o)
 .text.SPI_start
                0x2000dfe0      0x4c0 C:/ISIS/workspace/ycube/GlobusSatProject/..//hal/hal/lib\libHALD.a(SPI.o)
                0x2000dfe0                SPI_start
 .text.SPI_stop
                0x2000e4a0      0x22c C:/ISIS/workspace/ycube/GlobusSatProject/..//hal/hal/lib\libHALD.a(SPI.o)
                0x2000e4a0                SPI_stop
 .text.SPI_queueTransfer
                0x2000e6cc      0x190 C:/ISIS/workspace/ycube/GlobusSatProject/..//hal/hal/lib\libHALD.a(SPI.o)
                0x2000e6cc                SPI_queueTransfer
 .text.SPI_internalCallback
                0x2000e85c       0x64 C:/ISIS/workspace/ycube/GlobusSatProject/..//hal/hal/lib\libHALD.a(SPI.o)
 .text.SPI_writeRead
                0x2000e8c0      0x188 C:/ISIS/workspace/ycube/GlobusSatProject/..//hal/hal/lib\libHALD.a(SPI.o)
                0x2000e8c0                SPI_writeRead
 .text.waitForTransfer
                0x2000ea48       0x68 C:/ISIS/workspace/ycube/GlobusSatProject/..//hal/hal/lib\libHALD.a(SPI.o)
 .text.SPI_getDriverState
                0x2000eab0       0x58 C:/ISIS/workspace/ycube/GlobusSatProject/..//hal/hal/lib\libHALD.a(SPI.o)
                0x2000eab0                SPI_getDriverState
 .text.FRAM_start
                0x2000eb08       0xf4 C:/ISIS/workspace/ycube/GlobusSatProject/..//hal/hal/lib\libHALD.a(FRAM.o)
                0x2000eb08                FRAM_start
 .text.FRAM_dummyCallback
                0x2000ebfc       0x24 C:/ISIS/workspace/ycube/GlobusSatProject/..//hal/hal/lib\libHALD.a(FRAM.o)
                0x2000ebfc                FRAM_dummyCallback
 .text.FRAM_unlockingCallback
                0x2000ec20       0x78 C:/ISIS/workspace/ycube/GlobusSatProject/..//hal/hal/lib\libHALD.a(FRAM.o)
                0x2000ec20                FRAM_unlockingCallback
 .text.doBlockingTransfer
                0x2000ec98       0x88 C:/ISIS/workspace/ycube/GlobusSatProject/..//hal/hal/lib\libHALD.a(FRAM.o)
 .text.FRAM_writePacket
                0x2000ed20      0x148 C:/ISIS/workspace/ycube/GlobusSatProject/..//hal/hal/lib\libHALD.a(FRAM.o)
 .text.FRAM_write
                0x2000ee68      0x1c8 C:/ISIS/workspace/ycube/GlobusSatProject/..//hal/hal/lib\libHALD.a(FRAM.o)
                0x2000ee68                FRAM_write
 .text.FRAM_readPacket
                0x2000f030      0x114 C:/ISIS/workspace/ycube/GlobusSatProject/..//hal/hal/lib\libHALD.a(FRAM.o)
 .text.FRAM_read
                0x2000f144      0x1d4 C:/ISIS/workspace/ycube/GlobusSatProject/..//hal/hal/lib\libHALD.a(FRAM.o)
                0x2000f144                FRAM_read
 .text.Time_start
                0x2000f318      0x150 C:/ISIS/workspace/ycube/GlobusSatProject/..//hal/hal/lib\libHALD.a(Time.o)
                0x2000f318                Time_start
 .text.taskTimeSync
                0x2000f468       0x38 C:/ISIS/workspace/ycube/GlobusSatProject/..//hal/hal/lib\libHALD.a(Time.o)
 .text.Time_set
                0x2000f4a0      0x278 C:/ISIS/workspace/ycube/GlobusSatProject/..//hal/hal/lib\libHALD.a(Time.o)
                0x2000f4a0                Time_set
 .text.Time_isLeapYear
                0x2000f718       0x98 C:/ISIS/workspace/ycube/GlobusSatProject/..//hal/hal/lib\libHALD.a(Time.o)
                0x2000f718                Time_isLeapYear
 .text.Time_get
                0x2000f7b0      0x410 C:/ISIS/workspace/ycube/GlobusSatProject/..//hal/hal/lib\libHALD.a(Time.o)
                0x2000f7b0                Time_get
 .text.Time_getUnixEpoch
                0x2000fbc0       0xf4 C:/ISIS/workspace/ycube/GlobusSatProject/..//hal/hal/lib\libHALD.a(Time.o)
                0x2000fbc0                Time_getUnixEpoch
 .text.secondsOfYearToTime
                0x2000fcb4      0x328 C:/ISIS/workspace/ycube/GlobusSatProject/..//hal/hal/lib\libHALD.a(Time.o)
 .text.Time_setUnixEpoch
                0x2000ffdc      0x100 C:/ISIS/workspace/ycube/GlobusSatProject/..//hal/hal/lib\libHALD.a(Time.o)
                0x2000ffdc                Time_setUnixEpoch
 .text.Time_sync
                0x200100dc      0x2b8 C:/ISIS/workspace/ycube/GlobusSatProject/..//hal/hal/lib\libHALD.a(Time.o)
                0x200100dc                Time_sync
 .text.Time_syncIfNeeded
                0x20010394       0x70 C:/ISIS/workspace/ycube/GlobusSatProject/..//hal/hal/lib\libHALD.a(Time.o)
                0x20010394                Time_syncIfNeeded
 .text.Time_setSyncInterval
                0x20010404       0x38 C:/ISIS/workspace/ycube/GlobusSatProject/..//hal/hal/lib\libHALD.a(Time.o)
                0x20010404                Time_setSyncInterval
 .text.WDT_start
                0x2001043c       0x48 C:/ISIS/workspace/ycube/GlobusSatProject/..//hal/hal/lib\libHALD.a(WatchDogTimerNoOS.o)
                0x2001043c                WDT_start
 .text.WDT_startWatchdogKickTask
                0x20010484       0xb4 C:/ISIS/workspace/ycube/GlobusSatProject/..//hal/hal/lib\libHALD.a(WatchDogTimerOS.o)
                0x20010484                WDT_startWatchdogKickTask
 .text.WDT_forceKickEveryNms
                0x20010538       0x50 C:/ISIS/workspace/ycube/GlobusSatProject/..//hal/hal/lib\libHALD.a(WatchDogTimerOS.o)
                0x20010538                WDT_forceKickEveryNms
 .text.UTIL_DbguGetInteger
                0x20010588      0x124 C:/ISIS/workspace/ycube/GlobusSatProject/..//hal/hal/lib\libHALD.a(util.o)
                0x20010588                UTIL_DbguGetInteger
 .text.UTIL_DbguGetIntegerMinMax
                0x200106ac       0xa4 C:/ISIS/workspace/ycube/GlobusSatProject/..//hal/hal/lib\libHALD.a(util.o)
                0x200106ac                UTIL_DbguGetIntegerMinMax
 .text.LED_glow
                0x20010750       0x58 C:/ISIS/workspace/ycube/GlobusSatProject/..//hal/hal/lib\libHALD.a(LED.o)
                0x20010750                LED_glow
 .text.LED_dark
                0x200107a8       0x58 C:/ISIS/workspace/ycube/GlobusSatProject/..//hal/hal/lib\libHALD.a(LED.o)
                0x200107a8                LED_dark
 .text.LED_toggle
                0x20010800       0x50 C:/ISIS/workspace/ycube/GlobusSatProject/..//hal/hal/lib\libHALD.a(LED.o)
                0x20010800                LED_toggle
 .text.RTC_start
                0x20010850       0x3c C:/ISIS/workspace/ycube/GlobusSatProject/..//hal/hal/lib\libHALD.a(RTC.o)
                0x20010850                RTC_start
 .text.RTC_setTime
                0x2001088c      0x2a4 C:/ISIS/workspace/ycube/GlobusSatProject/..//hal/hal/lib\libHALD.a(RTC.o)
                0x2001088c                RTC_setTime
 .text.RTC_getTime
                0x20010b30      0x224 C:/ISIS/workspace/ycube/GlobusSatProject/..//hal/hal/lib\libHALD.a(RTC.o)
                0x20010b30                RTC_getTime
 .text.RTC_checkTimeValid
                0x20010d54       0xdc C:/ISIS/workspace/ycube/GlobusSatProject/..//hal/hal/lib\libHALD.a(RTC.o)
                0x20010d54                RTC_checkTimeValid
 .text.RTT_start
                0x20010e30       0x24 C:/ISIS/workspace/ycube/GlobusSatProject/..//hal/hal/lib\libHALD.a(RTT.o)
                0x20010e30                RTT_start
 .text.fn_init  0x20010e54      0x2e0 C:/ISIS/workspace/ycube/GlobusSatProject/..//hal/hcc/lib\libHCCD.a(fat_common.o)
                0x20010e54                fn_init
 .text._f_get16bitl
                0x20011134       0x4c C:/ISIS/workspace/ycube/GlobusSatProject/..//hal/hcc/lib\libHCCD.a(fat_common.o)
                0x20011134                _f_get16bitl
 .text._f_set16bitl
                0x20011180       0x54 C:/ISIS/workspace/ycube/GlobusSatProject/..//hal/hcc/lib\libHCCD.a(fat_common.o)
                0x20011180                _f_set16bitl
 .text._f_get32bitl
                0x200111d4       0x68 C:/ISIS/workspace/ycube/GlobusSatProject/..//hal/hcc/lib\libHCCD.a(fat_common.o)
                0x200111d4                _f_get32bitl
 .text._f_set32bitl
                0x2001123c       0x78 C:/ISIS/workspace/ycube/GlobusSatProject/..//hal/hcc/lib\libHCCD.a(fat_common.o)
                0x2001123c                _f_set32bitl
 .text._get8bit
                0x200112b4       0xa0 C:/ISIS/workspace/ycube/GlobusSatProject/..//hal/hcc/lib\libHCCD.a(fat_common.o)
 .text._get16bitl
                0x20011354       0x40 C:/ISIS/workspace/ycube/GlobusSatProject/..//hal/hcc/lib\libHCCD.a(fat_common.o)
 .text._get32bitl
                0x20011394       0x3c C:/ISIS/workspace/ycube/GlobusSatProject/..//hal/hcc/lib\libHCCD.a(fat_common.o)
 .text._f_setcardremoved
                0x200113d0       0x94 C:/ISIS/workspace/ycube/GlobusSatProject/..//hal/hcc/lib\libHCCD.a(fat_common.o)
 .text._f_checkstatus
                0x20011464      0x104 C:/ISIS/workspace/ycube/GlobusSatProject/..//hal/hcc/lib\libHCCD.a(fat_common.o)
                0x20011464                _f_checkstatus
 .text._f_drvgetphy
                0x20011568      0x114 C:/ISIS/workspace/ycube/GlobusSatProject/..//hal/hcc/lib\libHCCD.a(fat_common.o)
 .text._f_drvwritesector
                0x2001167c       0xdc C:/ISIS/workspace/ycube/GlobusSatProject/..//hal/hcc/lib\libHCCD.a(fat_common.o)
 .text._f_drvreadsector
                0x20011758       0xa8 C:/ISIS/workspace/ycube/GlobusSatProject/..//hal/hcc/lib\libHCCD.a(fat_common.o)
 .text._f_writesector
                0x20011800      0x23c C:/ISIS/workspace/ycube/GlobusSatProject/..//hal/hcc/lib\libHCCD.a(fat_common.o)
                0x20011800                _f_writesector
 .text._f_readsector
                0x20011a3c      0x1dc C:/ISIS/workspace/ycube/GlobusSatProject/..//hal/hcc/lib\libHCCD.a(fat_common.o)
                0x20011a3c                _f_readsector
 .text._f_getmaxcluster
                0x20011c18       0x94 C:/ISIS/workspace/ycube/GlobusSatProject/..//hal/hcc/lib\libHCCD.a(fat_common.o)
                0x20011c18                _f_getmaxcluster
 .text._getsectorfromcluster
                0x20011cac       0x68 C:/ISIS/workspace/ycube/GlobusSatProject/..//hal/hcc/lib\libHCCD.a(fat_common.o)
 .text._f_buildsectors
                0x20011d14      0x268 C:/ISIS/workspace/ycube/GlobusSatProject/..//hal/hcc/lib\libHCCD.a(fat_common.o)
 .text._f_getbootrecord
                0x20011f7c      0x5e4 C:/ISIS/workspace/ycube/GlobusSatProject/..//hal/hcc/lib\libHCCD.a(fat_common.o)
 .text._f_readbootrecord
                0x20012560      0x4f8 C:/ISIS/workspace/ycube/GlobusSatProject/..//hal/hcc/lib\libHCCD.a(fat_common.o)
 .text._f_flushcffiles
                0x20012a58      0x17c C:/ISIS/workspace/ycube/GlobusSatProject/..//hal/hcc/lib\libHCCD.a(fat_common.o)
                0x20012a58                _f_flushcffiles
 .text._f_fatcache_flush
                0x20012bd4      0x270 C:/ISIS/workspace/ycube/GlobusSatProject/..//hal/hcc/lib\libHCCD.a(fat_common.o)
                0x20012bd4                _f_fatcache_flush
 .text._f_writefatsector
                0x20012e44      0x100 C:/ISIS/workspace/ycube/GlobusSatProject/..//hal/hcc/lib\libHCCD.a(fat_common.o)
                0x20012e44                _f_writefatsector
 .text._f_getfatsector
                0x20012f44      0x3bc C:/ISIS/workspace/ycube/GlobusSatProject/..//hal/hcc/lib\libHCCD.a(fat_common.o)
 .text._f_setclustervalue
                0x20013300      0x490 C:/ISIS/workspace/ycube/GlobusSatProject/..//hal/hcc/lib\libHCCD.a(fat_common.o)
                0x20013300                _f_setclustervalue
 .text._f_getclustervalue
                0x20013790      0x388 C:/ISIS/workspace/ycube/GlobusSatProject/..//hal/hcc/lib\libHCCD.a(fat_common.o)
                0x20013790                _f_getclustervalue
 .text._f_close_drive_files
                0x20013b18       0xac C:/ISIS/workspace/ycube/GlobusSatProject/..//hal/hcc/lib\libHCCD.a(fat_common.o)
 .text._f_inc_mount_count
                0x20013bc4       0xa4 C:/ISIS/workspace/ycube/GlobusSatProject/..//hal/hcc/lib\libHCCD.a(fat_common.o)
 .text._f_getvolume
                0x20013c68      0x2f8 C:/ISIS/workspace/ycube/GlobusSatProject/..//hal/hcc/lib\libHCCD.a(fat_common.o)
                0x20013c68                _f_getvolume
 .text.fn_createdriver
                0x20013f60      0x118 C:/ISIS/workspace/ycube/GlobusSatProject/..//hal/hcc/lib\libHCCD.a(fat_common.o)
                0x20013f60                fn_createdriver
 .text.fn_initvolume
                0x20014078      0x12c C:/ISIS/workspace/ycube/GlobusSatProject/..//hal/hcc/lib\libHCCD.a(fat_common.o)
                0x20014078                fn_initvolume
 .text.fn_initvolumepartition_sub
                0x200141a4       0xe0 C:/ISIS/workspace/ycube/GlobusSatProject/..//hal/hcc/lib\libHCCD.a(fat_common.o)
 .text.fn_initvolumepartition
                0x20014284       0xac C:/ISIS/workspace/ycube/GlobusSatProject/..//hal/hcc/lib\libHCCD.a(fat_common.o)
                0x20014284                fn_initvolumepartition
 .text._f_clustertopos
                0x20014330       0xf8 C:/ISIS/workspace/ycube/GlobusSatProject/..//hal/hcc/lib\libHCCD.a(fat_common.o)
                0x20014330                _f_clustertopos
 .text._f_getcurrsector
                0x20014428      0x6c8 C:/ISIS/workspace/ycube/GlobusSatProject/..//hal/hcc/lib\libHCCD.a(fat_common.o)
                0x20014428                _f_getcurrsector
 .text._f_getdecluster
                0x20014af0       0x90 C:/ISIS/workspace/ycube/GlobusSatProject/..//hal/hcc/lib\libHCCD.a(fat_common.o)
                0x20014af0                _f_getdecluster
 .text._f_setdecluster
                0x20014b80       0x8c C:/ISIS/workspace/ycube/GlobusSatProject/..//hal/hcc/lib\libHCCD.a(fat_common.o)
                0x20014b80                _f_setdecluster
 .text.fn_getdrive
                0x20014c0c       0x30 C:/ISIS/workspace/ycube/GlobusSatProject/..//hal/hcc/lib\libHCCD.a(fat_common.o)
                0x20014c0c                fn_getdrive
 .text._f_getcurrenttimedate
                0x20014c3c      0x138 C:/ISIS/workspace/ycube/GlobusSatProject/..//hal/hcc/lib\libHCCD.a(fat_common.o)
                0x20014c3c                _f_getcurrenttimedate
 .text._f_initentry
                0x20014d74       0xa0 C:/ISIS/workspace/ycube/GlobusSatProject/..//hal/hcc/lib\libHCCD.a(fat_common.o)
                0x20014d74                _f_initentry
 .text._f_alloccluster
                0x20014e14      0x344 C:/ISIS/workspace/ycube/GlobusSatProject/..//hal/hcc/lib\libHCCD.a(fat_common.o)
                0x20014e14                _f_alloccluster
 .text._f_dobadblock
                0x20015158      0x2cc C:/ISIS/workspace/ycube/GlobusSatProject/..//hal/hcc/lib\libHCCD.a(fat_common.o)
                0x20015158                _f_dobadblock
 .text._f_checklocked
                0x20015424       0xe4 C:/ISIS/workspace/ycube/GlobusSatProject/..//hal/hcc/lib\libHCCD.a(fat_common.o)
                0x20015424                _f_checklocked
 .text._f_checkappendlocked
                0x20015508      0x110 C:/ISIS/workspace/ycube/GlobusSatProject/..//hal/hcc/lib\libHCCD.a(fat_common.o)
                0x20015508                _f_checkappendlocked
 .text._f_setsyncafile
                0x20015618      0x114 C:/ISIS/workspace/ycube/GlobusSatProject/..//hal/hcc/lib\libHCCD.a(fat_common.o)
                0x20015618                _f_setsyncafile
 .text._f_syncfiles
                0x2001572c      0x128 C:/ISIS/workspace/ycube/GlobusSatProject/..//hal/hcc/lib\libHCCD.a(fat_common.o)
                0x2001572c                _f_syncfiles
 .text._f_syncfilescontent
                0x20015854      0x15c C:/ISIS/workspace/ycube/GlobusSatProject/..//hal/hcc/lib\libHCCD.a(fat_common.o)
 .text.fn_getfreespace
                0x200159b0      0x4c0 C:/ISIS/workspace/ycube/GlobusSatProject/..//hal/hcc/lib\libHCCD.a(fat_common.o)
                0x200159b0                fn_getfreespace
 .text._f_emptywritecache
                0x20015e70      0x4a4 C:/ISIS/workspace/ycube/GlobusSatProject/..//hal/hcc/lib\libHCCD.a(fat_common.o)
 .text._f_allocnextcluster
                0x20016314      0x54c C:/ISIS/workspace/ycube/GlobusSatProject/..//hal/hcc/lib\libHCCD.a(fat_common.o)
 .text._f_emptywritebuffer
                0x20016860      0x20c C:/ISIS/workspace/ycube/GlobusSatProject/..//hal/hcc/lib\libHCCD.a(fat_common.o)
 .text._f_writezeros
                0x20016a6c       0xf0 C:/ISIS/workspace/ycube/GlobusSatProject/..//hal/hcc/lib\libHCCD.a(fat_common.o)
                0x20016a6c                _f_writezeros
 .text._f_extend_file
                0x20016b5c      0x570 C:/ISIS/workspace/ycube/GlobusSatProject/..//hal/hcc/lib\libHCCD.a(fat_common.o)
 .text._f_fseek
                0x200170cc      0x9bc C:/ISIS/workspace/ycube/GlobusSatProject/..//hal/hcc/lib\libHCCD.a(fat_common.o)
                0x200170cc                _f_fseek
 .text._f_removechain
                0x20017a88      0x104 C:/ISIS/workspace/ycube/GlobusSatProject/..//hal/hcc/lib\libHCCD.a(fat_common.o)
                0x20017a88                _f_removechain
 .text._f_updatefileentry
                0x20017b8c      0x1cc C:/ISIS/workspace/ycube/GlobusSatProject/..//hal/hcc/lib\libHCCD.a(fat_common.o)
 .text._f_checkreadlocked
                0x20017d58      0x1bc C:/ISIS/workspace/ycube/GlobusSatProject/..//hal/hcc/lib\libHCCD.a(fat_common.o)
                0x20017d58                _f_checkreadlocked
 .text._f_check_handle
                0x20017f14       0x98 C:/ISIS/workspace/ycube/GlobusSatProject/..//hal/hcc/lib\libHCCD.a(fat_common.o)
                0x20017f14                _f_check_handle
 .text._f_removesyncafile
                0x20017fac      0x1ec C:/ISIS/workspace/ycube/GlobusSatProject/..//hal/hcc/lib\libHCCD.a(fat_common.o)
 .text.fn_close
                0x20018198      0x3f8 C:/ISIS/workspace/ycube/GlobusSatProject/..//hal/hcc/lib\libHCCD.a(fat_common.o)
                0x20018198                fn_close
 .text.fn_flush
                0x20018590      0x374 C:/ISIS/workspace/ycube/GlobusSatProject/..//hal/hcc/lib\libHCCD.a(fat_common.o)
                0x20018590                fn_flush
 .text._f_abortwrite
                0x20018904      0x100 C:/ISIS/workspace/ycube/GlobusSatProject/..//hal/hcc/lib\libHCCD.a(fat_common.o)
 .text._f_checkwritecluster
                0x20018a04       0xe4 C:/ISIS/workspace/ycube/GlobusSatProject/..//hal/hcc/lib\libHCCD.a(fat_common.o)
 .text.fn_write
                0x20018ae8      0x8a8 C:/ISIS/workspace/ycube/GlobusSatProject/..//hal/hcc/lib\libHCCD.a(fat_common.o)
                0x20018ae8                fn_write
 .text.f_enterFS
                0x20019390      0x1c0 C:/ISIS/workspace/ycube/GlobusSatProject/..//hal/hcc/lib\libHCCD.a(fat_common.o)
                0x20019390                f_enterFS
 .text.fnGetTask
                0x20019550       0xfc C:/ISIS/workspace/ycube/GlobusSatProject/..//hal/hcc/lib\libHCCD.a(fat_common.o)
                0x20019550                fnGetTask
 .text._f_mutex_get
                0x2001964c       0x98 C:/ISIS/workspace/ycube/GlobusSatProject/..//hal/hcc/lib\libHCCD.a(fat_common.o)
                0x2001964c                _f_mutex_get
 .text._f_mutex_put
                0x200196e4       0x54 C:/ISIS/workspace/ycube/GlobusSatProject/..//hal/hcc/lib\libHCCD.a(fat_common.o)
                0x200196e4                _f_mutex_put
 .text._fn_initseekdivisor
                0x20019738      0x158 C:/ISIS/workspace/ycube/GlobusSatProject/..//hal/hcc/lib\libHCCD.a(fat_common.o)
                0x20019738                _fn_initseekdivisor
 .text._fn_updateseekpos
                0x20019890       0xc4 C:/ISIS/workspace/ycube/GlobusSatProject/..//hal/hcc/lib\libHCCD.a(fat_common.o)
 .text._f_findopensize
                0x20019954       0x2c C:/ISIS/workspace/ycube/GlobusSatProject/..//hal/hcc/lib\libHCCD.a(fat_common.o)
                0x20019954                _f_findopensize
 .text.fn_setlasterror
                0x20019980       0x34 C:/ISIS/workspace/ycube/GlobusSatProject/..//hal/hcc/lib\libHCCD.a(fat_common.o)
                0x20019980                fn_setlasterror
 .text.fn_setlasterror_noret
                0x200199b4       0x2c C:/ISIS/workspace/ycube/GlobusSatProject/..//hal/hcc/lib\libHCCD.a(fat_common.o)
                0x200199b4                fn_setlasterror_noret
 .text.fm_initvolume
                0x200199e0       0x70 C:/ISIS/workspace/ycube/GlobusSatProject/..//hal/hcc/lib\libHCCD.a(fat_m.o)
                0x200199e0                fm_initvolume
 .text.fm_getdrive
                0x20019a50       0x70 C:/ISIS/workspace/ycube/GlobusSatProject/..//hal/hcc/lib\libHCCD.a(fat_m.o)
                0x20019a50                fm_getdrive
 .text.fm_getfreespace
                0x20019ac0       0x68 C:/ISIS/workspace/ycube/GlobusSatProject/..//hal/hcc/lib\libHCCD.a(fat_m.o)
                0x20019ac0                fm_getfreespace
 .text.fm_findfirst
                0x20019b28       0x68 C:/ISIS/workspace/ycube/GlobusSatProject/..//hal/hcc/lib\libHCCD.a(fat_m.o)
                0x20019b28                fm_findfirst
 .text.fm_findnext
                0x20019b90       0x60 C:/ISIS/workspace/ycube/GlobusSatProject/..//hal/hcc/lib\libHCCD.a(fat_m.o)
                0x20019b90                fm_findnext
 .text.fm_close
                0x20019bf0       0x60 C:/ISIS/workspace/ycube/GlobusSatProject/..//hal/hcc/lib\libHCCD.a(fat_m.o)
                0x20019bf0                fm_close
 .text.fm_flush
                0x20019c50       0x60 C:/ISIS/workspace/ycube/GlobusSatProject/..//hal/hcc/lib\libHCCD.a(fat_m.o)
                0x20019c50                fm_flush
 .text.fm_open  0x20019cb0       0x68 C:/ISIS/workspace/ycube/GlobusSatProject/..//hal/hcc/lib\libHCCD.a(fat_m.o)
                0x20019cb0                fm_open
 .text.fm_write
                0x20019d18       0x7c C:/ISIS/workspace/ycube/GlobusSatProject/..//hal/hcc/lib\libHCCD.a(fat_m.o)
                0x20019d18                fm_write
 .text.fm_delete
                0x20019d94       0x64 C:/ISIS/workspace/ycube/GlobusSatProject/..//hal/hcc/lib\libHCCD.a(fat_m.o)
                0x20019d94                fm_delete
 .text._s_checkzeroclusteratend
                0x20019df8       0xf8 C:/ISIS/workspace/ycube/GlobusSatProject/..//hal/hcc/lib\libHCCD.a(safefat.o)
 .text._s_clearclustercontent
                0x20019ef0      0x108 C:/ISIS/workspace/ycube/GlobusSatProject/..//hal/hcc/lib\libHCCD.a(safefat.o)
 .text._s_clearclustercontentdir
                0x20019ff8      0x19c C:/ISIS/workspace/ycube/GlobusSatProject/..//hal/hcc/lib\libHCCD.a(safefat.o)
 .text._s_writedirsector
                0x2001a194       0xd0 C:/ISIS/workspace/ycube/GlobusSatProject/..//hal/hcc/lib\libHCCD.a(safefat.o)
 .text._s_getdirsector
                0x2001a264      0x100 C:/ISIS/workspace/ycube/GlobusSatProject/..//hal/hcc/lib\libHCCD.a(safefat.o)
 .text._s_addentry
                0x2001a364      0x394 C:/ISIS/workspace/ycube/GlobusSatProject/..//hal/hcc/lib\libHCCD.a(safefat.o)
 .text._s_findfile
                0x2001a6f8      0x33c C:/ISIS/workspace/ycube/GlobusSatProject/..//hal/hcc/lib\libHCCD.a(safefat.o)
 .text._s_findsubdir
                0x2001aa34      0x248 C:/ISIS/workspace/ycube/GlobusSatProject/..//hal/hcc/lib\libHCCD.a(safefat.o)
 .text._s_createfile
                0x2001ac7c      0x190 C:/ISIS/workspace/ycube/GlobusSatProject/..//hal/hcc/lib\libHCCD.a(safefat.o)
 .text._s_findsaffile
                0x2001ae0c      0x1b8 C:/ISIS/workspace/ycube/GlobusSatProject/..//hal/hcc/lib\libHCCD.a(safefat.o)
 .text._s_open  0x2001afc4       0xe4 C:/ISIS/workspace/ycube/GlobusSatProject/..//hal/hcc/lib\libHCCD.a(safefat.o)
 .text._s_open_saf
                0x2001b0a8       0xe8 C:/ISIS/workspace/ycube/GlobusSatProject/..//hal/hcc/lib\libHCCD.a(safefat.o)
 .text._s_flush
                0x2001b190       0x84 C:/ISIS/workspace/ycube/GlobusSatProject/..//hal/hcc/lib\libHCCD.a(safefat.o)
 .text._s_allocnextcluster
                0x2001b214      0x13c C:/ISIS/workspace/ycube/GlobusSatProject/..//hal/hcc/lib\libHCCD.a(safefat.o)
 .text._s_getnextsector
                0x2001b350       0xdc C:/ISIS/workspace/ycube/GlobusSatProject/..//hal/hcc/lib\libHCCD.a(safefat.o)
 .text._s_seek  0x2001b42c      0x1e8 C:/ISIS/workspace/ycube/GlobusSatProject/..//hal/hcc/lib\libHCCD.a(safefat.o)
 .text._s_read  0x2001b614      0x228 C:/ISIS/workspace/ycube/GlobusSatProject/..//hal/hcc/lib\libHCCD.a(safefat.o)
 .text._s_write
                0x2001b83c      0x384 C:/ISIS/workspace/ycube/GlobusSatProject/..//hal/hcc/lib\libHCCD.a(safefat.o)
 .text._s_restoreclusters
                0x2001bbc0      0x270 C:/ISIS/workspace/ycube/GlobusSatProject/..//hal/hcc/lib\libHCCD.a(safefat.o)
                0x2001bbc0                _s_restoreclusters
 .text._s_findrestore
                0x2001be30      0x18c C:/ISIS/workspace/ycube/GlobusSatProject/..//hal/hcc/lib\libHCCD.a(safefat.o)
 .text._s_cmd_writede
                0x2001bfbc       0xd8 C:/ISIS/workspace/ycube/GlobusSatProject/..//hal/hcc/lib\libHCCD.a(safefat.o)
 .text._s_cmd_setcluster
                0x2001c094       0x88 C:/ISIS/workspace/ycube/GlobusSatProject/..//hal/hcc/lib\libHCCD.a(safefat.o)
 .text._s_cmd_deletechain
                0x2001c11c      0x100 C:/ISIS/workspace/ycube/GlobusSatProject/..//hal/hcc/lib\libHCCD.a(safefat.o)
 .text._s_cmd_validatecfn
                0x2001c21c      0x308 C:/ISIS/workspace/ycube/GlobusSatProject/..//hal/hcc/lib\libHCCD.a(safefat.o)
 .text._s_cmd_seteof
                0x2001c524      0x3c4 C:/ISIS/workspace/ycube/GlobusSatProject/..//hal/hcc/lib\libHCCD.a(safefat.o)
 .text.safe_docommands
                0x2001c8e8      0x56c C:/ISIS/workspace/ycube/GlobusSatProject/..//hal/hcc/lib\libHCCD.a(safefat.o)
                0x2001c8e8                safe_docommands
 .text.safe_entercommand
                0x2001ce54       0x68 C:/ISIS/workspace/ycube/GlobusSatProject/..//hal/hcc/lib\libHCCD.a(safefat.o)
                0x2001ce54                safe_entercommand
 .text.safe_ready
                0x2001cebc       0xf4 C:/ISIS/workspace/ycube/GlobusSatProject/..//hal/hcc/lib\libHCCD.a(safefat.o)
                0x2001cebc                safe_ready
 .text.safe_copycfn
                0x2001cfb0       0xb8 C:/ISIS/workspace/ycube/GlobusSatProject/..//hal/hcc/lib\libHCCD.a(safefat.o)
                0x2001cfb0                safe_copycfn
 .text.safe_cfremove
                0x2001d068       0xb8 C:/ISIS/workspace/ycube/GlobusSatProject/..//hal/hcc/lib\libHCCD.a(safefat.o)
                0x2001d068                safe_cfremove
 .text.safe_writede
                0x2001d120      0x104 C:/ISIS/workspace/ycube/GlobusSatProject/..//hal/hcc/lib\libHCCD.a(safefat.o)
                0x2001d120                safe_writede
 .text.safe_setcluster
                0x2001d224       0xcc C:/ISIS/workspace/ycube/GlobusSatProject/..//hal/hcc/lib\libHCCD.a(safefat.o)
                0x2001d224                safe_setcluster
 .text.safe_deletechain
                0x2001d2f0      0x1c8 C:/ISIS/workspace/ycube/GlobusSatProject/..//hal/hcc/lib\libHCCD.a(safefat.o)
                0x2001d2f0                safe_deletechain
 .text.safe_cfclose
                0x2001d4b8      0x104 C:/ISIS/workspace/ycube/GlobusSatProject/..//hal/hcc/lib\libHCCD.a(safefat.o)
                0x2001d4b8                safe_cfclose
 .text.safe_cfflush
                0x2001d5bc      0x124 C:/ISIS/workspace/ycube/GlobusSatProject/..//hal/hcc/lib\libHCCD.a(safefat.o)
                0x2001d5bc                safe_cfflush
 .text.safe_reset
                0x2001d6e0       0x78 C:/ISIS/workspace/ycube/GlobusSatProject/..//hal/hcc/lib\libHCCD.a(safefat.o)
                0x2001d6e0                safe_reset
 .text.safe_loadcommands
                0x2001d758       0x78 C:/ISIS/workspace/ycube/GlobusSatProject/..//hal/hcc/lib\libHCCD.a(safefat.o)
                0x2001d758                safe_loadcommands
 .text.safe_poweron
                0x2001d7d0      0x1fc C:/ISIS/workspace/ycube/GlobusSatProject/..//hal/hcc/lib\libHCCD.a(safefat.o)
                0x2001d7d0                safe_poweron
 .text.cf_getname
                0x2001d9cc       0xc0 C:/ISIS/workspace/ycube/GlobusSatProject/..//hal/hcc/lib\libHCCD.a(safefat.o)
 .text.cf_copyclusterchain
                0x2001da8c      0x138 C:/ISIS/workspace/ycube/GlobusSatProject/..//hal/hcc/lib\libHCCD.a(safefat.o)
 .text.cf_seektozero
                0x2001dbc4       0x94 C:/ISIS/workspace/ycube/GlobusSatProject/..//hal/hcc/lib\libHCCD.a(safefat.o)
                0x2001dbc4                cf_seektozero
 .text.cf_create
                0x2001dc58      0x3a8 C:/ISIS/workspace/ycube/GlobusSatProject/..//hal/hcc/lib\libHCCD.a(safefat.o)
                0x2001dc58                cf_create
 .text.cf_copyclustercontent
                0x2001e000      0x128 C:/ISIS/workspace/ycube/GlobusSatProject/..//hal/hcc/lib\libHCCD.a(safefat.o)
                0x2001e000                cf_copyclustercontent
 .text.cf_copycfn
                0x2001e128      0x4bc C:/ISIS/workspace/ycube/GlobusSatProject/..//hal/hcc/lib\libHCCD.a(safefat.o)
                0x2001e128                cf_copycfn
 .text.cf_remove
                0x2001e5e4      0x344 C:/ISIS/workspace/ycube/GlobusSatProject/..//hal/hcc/lib\libHCCD.a(safefat.o)
                0x2001e5e4                cf_remove
 .text.cf_setclusternew
                0x2001e928       0xf0 C:/ISIS/workspace/ycube/GlobusSatProject/..//hal/hcc/lib\libHCCD.a(safefat.o)
                0x2001e928                cf_setclusternew
 .text.cf_flush
                0x2001ea18       0x58 C:/ISIS/workspace/ycube/GlobusSatProject/..//hal/hcc/lib\libHCCD.a(safefat.o)
                0x2001ea18                cf_flush
 .text.cf_getcluster
                0x2001ea70      0x1b4 C:/ISIS/workspace/ycube/GlobusSatProject/..//hal/hcc/lib\libHCCD.a(safefat.o)
                0x2001ea70                cf_getcluster
 .text.cf_setnextcluster
                0x2001ec24      0x194 C:/ISIS/workspace/ycube/GlobusSatProject/..//hal/hcc/lib\libHCCD.a(safefat.o)
                0x2001ec24                cf_setnextcluster
 .text.cf_getpositions
                0x2001edb8       0xbc C:/ISIS/workspace/ycube/GlobusSatProject/..//hal/hcc/lib\libHCCD.a(safefat.o)
                0x2001edb8                cf_getpositions
 .text.cf_setpositions
                0x2001ee74       0xb0 C:/ISIS/workspace/ycube/GlobusSatProject/..//hal/hcc/lib\libHCCD.a(safefat.o)
                0x2001ee74                cf_setpositions
 .text.cf_opensyncafile
                0x2001ef24      0x150 C:/ISIS/workspace/ycube/GlobusSatProject/..//hal/hcc/lib\libHCCD.a(safefat.o)
                0x2001ef24                cf_opensyncafile
 .text.cf_reloadcfo
                0x2001f074       0xd8 C:/ISIS/workspace/ycube/GlobusSatProject/..//hal/hcc/lib\libHCCD.a(safefat.o)
                0x2001f074                cf_reloadcfo
 .text.mcipdc_cmd
                0x2001f14c      0x22c C:/ISIS/workspace/ycube/GlobusSatProject/..//hal/hcc/lib\libHCCD.a(atmel_mcipdc.o)
 .text.mcipdc_stop
                0x2001f378       0xfc C:/ISIS/workspace/ycube/GlobusSatProject/..//hal/hcc/lib\libHCCD.a(atmel_mcipdc.o)
                0x2001f378                mcipdc_stop
 .text.mcipdc_read
                0x2001f474      0x27c C:/ISIS/workspace/ycube/GlobusSatProject/..//hal/hcc/lib\libHCCD.a(atmel_mcipdc.o)
 .text.mcipdc_write
                0x2001f6f0      0x298 C:/ISIS/workspace/ycube/GlobusSatProject/..//hal/hcc/lib\libHCCD.a(atmel_mcipdc.o)
 .text.mcipdc_readsector
                0x2001f988       0x9c C:/ISIS/workspace/ycube/GlobusSatProject/..//hal/hcc/lib\libHCCD.a(atmel_mcipdc.o)
                0x2001f988                mcipdc_readsector
 .text.mcipdc_readmultiplesector
                0x2001fa24      0x124 C:/ISIS/workspace/ycube/GlobusSatProject/..//hal/hcc/lib\libHCCD.a(atmel_mcipdc.o)
                0x2001fa24                mcipdc_readmultiplesector
 .text.mcipdc_writesector
                0x2001fb48       0x90 C:/ISIS/workspace/ycube/GlobusSatProject/..//hal/hcc/lib\libHCCD.a(atmel_mcipdc.o)
                0x2001fb48                mcipdc_writesector
 .text.mcipdc_writemultiplesector
                0x2001fbd8      0x120 C:/ISIS/workspace/ycube/GlobusSatProject/..//hal/hcc/lib\libHCCD.a(atmel_mcipdc.o)
                0x2001fbd8                mcipdc_writemultiplesector
 .text.mcipdc_set_speed
                0x2001fcf8       0xb0 C:/ISIS/workspace/ycube/GlobusSatProject/..//hal/hcc/lib\libHCCD.a(atmel_mcipdc.o)
 .text.mcipdc_get_speed
                0x2001fda8       0x48 C:/ISIS/workspace/ycube/GlobusSatProject/..//hal/hcc/lib\libHCCD.a(atmel_mcipdc.o)
 .text._get_csd_bits
                0x2001fdf0      0x14c C:/ISIS/workspace/ycube/GlobusSatProject/..//hal/hcc/lib\libHCCD.a(atmel_mcipdc.o)
 .text.mcipdc_initcard
                0x2001ff3c      0x8f4 C:/ISIS/workspace/ycube/GlobusSatProject/..//hal/hcc/lib\libHCCD.a(atmel_mcipdc.o)
 .text.mcipdc_getstatus
                0x20020830       0xe8 C:/ISIS/workspace/ycube/GlobusSatProject/..//hal/hcc/lib\libHCCD.a(atmel_mcipdc.o)
 .text.mcipdc_getphy
                0x20020918       0x90 C:/ISIS/workspace/ycube/GlobusSatProject/..//hal/hcc/lib\libHCCD.a(atmel_mcipdc.o)
 .text.mcipdc_release
                0x200209a8       0x50 C:/ISIS/workspace/ycube/GlobusSatProject/..//hal/hcc/lib\libHCCD.a(atmel_mcipdc.o)
 .text.atmel_mcipdc_initfunc
                0x200209f8      0x160 C:/ISIS/workspace/ycube/GlobusSatProject/..//hal/hcc/lib\libHCCD.a(atmel_mcipdc.o)
                0x200209f8                atmel_mcipdc_initfunc
 .text.oal_mutex_create
                0x20020b58       0x54 C:/ISIS/workspace/ycube/GlobusSatProject/..//hal/hcc/lib\libHCCD.a(oalp_mutex.o)
                0x20020b58                oal_mutex_create
 .text.oal_mutex_delete
                0x20020bac       0x30 C:/ISIS/workspace/ycube/GlobusSatProject/..//hal/hcc/lib\libHCCD.a(oalp_mutex.o)
                0x20020bac                oal_mutex_delete
 .text.oal_mutex_get
                0x20020bdc       0x58 C:/ISIS/workspace/ycube/GlobusSatProject/..//hal/hcc/lib\libHCCD.a(oalp_mutex.o)
                0x20020bdc                oal_mutex_get
 .text.oal_mutex_put
                0x20020c34       0x58 C:/ISIS/workspace/ycube/GlobusSatProject/..//hal/hcc/lib\libHCCD.a(oalp_mutex.o)
                0x20020c34                oal_mutex_put
 .text.oal_task_get_id
                0x20020c8c       0x18 C:/ISIS/workspace/ycube/GlobusSatProject/..//hal/hcc/lib\libHCCD.a(oalp_task.o)
                0x20020c8c                oal_task_get_id
 .text.mcipdc_hw_init
                0x20020ca4       0xe8 C:/ISIS/workspace/ycube/GlobusSatProject/..//hal/hcc/lib\libHCCD.a(atmel_mcipdc_hw.o)
                0x20020ca4                mcipdc_hw_init
 .text.mcipdc_hw_delete
                0x20020d8c       0x78 C:/ISIS/workspace/ycube/GlobusSatProject/..//hal/hcc/lib\libHCCD.a(atmel_mcipdc_hw.o)
                0x20020d8c                mcipdc_hw_delete
 .text.mcipdc_hw_card_plugged
                0x20020e04       0x1c C:/ISIS/workspace/ycube/GlobusSatProject/..//hal/hcc/lib\libHCCD.a(atmel_mcipdc_hw.o)
                0x20020e04                mcipdc_hw_card_plugged
 .text.mcipdc_hw_card_writeprotect
                0x20020e20       0x1c C:/ISIS/workspace/ycube/GlobusSatProject/..//hal/hcc/lib\libHCCD.a(atmel_mcipdc_hw.o)
                0x20020e20                mcipdc_hw_card_writeprotect
 .text.psp_getcurrenttimedate
                0x20020e3c       0x8c C:/ISIS/workspace/ycube/GlobusSatProject/..//hal/hcc/lib\libHCCD.a(psp_rtc.o)
                0x20020e3c                psp_getcurrenttimedate
 .text._hcc_get_buf_dsc
                0x20020ec8       0x8c C:/ISIS/workspace/ycube/GlobusSatProject/..//hal/hcc/lib\libHCCD.a(hcc_mem.o)
 .text._hcc_check_free_pages
                0x20020f54      0x18c C:/ISIS/workspace/ycube/GlobusSatProject/..//hal/hcc/lib\libHCCD.a(hcc_mem.o)
 .text._hcc_mark_pages
                0x200210e0      0x158 C:/ISIS/workspace/ycube/GlobusSatProject/..//hal/hcc/lib\libHCCD.a(hcc_mem.o)
 .text._hcc_clear_lock_dsc
                0x20021238       0x80 C:/ISIS/workspace/ycube/GlobusSatProject/..//hal/hcc/lib\libHCCD.a(hcc_mem.o)
 .text._hcc_lock_access
                0x200212b8      0x128 C:/ISIS/workspace/ycube/GlobusSatProject/..//hal/hcc/lib\libHCCD.a(hcc_mem.o)
 .text._hcc_unlock_access
                0x200213e0       0x30 C:/ISIS/workspace/ycube/GlobusSatProject/..//hal/hcc/lib\libHCCD.a(hcc_mem.o)
 .text.hcc_mem_alloc
                0x20021410      0x454 C:/ISIS/workspace/ycube/GlobusSatProject/..//hal/hcc/lib\libHCCD.a(hcc_mem.o)
                0x20021410                hcc_mem_alloc
 .text.hcc_mem_free
                0x20021864      0x178 C:/ISIS/workspace/ycube/GlobusSatProject/..//hal/hcc/lib\libHCCD.a(hcc_mem.o)
                0x20021864                hcc_mem_free
 .text.hcc_mem_add
                0x200219dc      0x3b0 C:/ISIS/workspace/ycube/GlobusSatProject/..//hal/hcc/lib\libHCCD.a(hcc_mem.o)
                0x200219dc                hcc_mem_add
 .text.hcc_mem_init
                0x20021d8c      0x164 C:/ISIS/workspace/ycube/GlobusSatProject/..//hal/hcc/lib\libHCCD.a(hcc_mem.o)
                0x20021d8c                hcc_mem_init
 .text._f_invalidatedir
                0x20021ef0       0x28 C:/ISIS/workspace/ycube/GlobusSatProject/..//hal/hcc/lib\libHCCD.a(fat.o)
                0x20021ef0                _f_invalidatedir
 .text._f_getdirsector
                0x20021f18       0x88 C:/ISIS/workspace/ycube/GlobusSatProject/..//hal/hcc/lib\libHCCD.a(fat.o)
                0x20021f18                _f_getdirsector
 .text._f_writedirsector
                0x20021fa0       0x74 C:/ISIS/workspace/ycube/GlobusSatProject/..//hal/hcc/lib\libHCCD.a(fat.o)
                0x20021fa0                _f_writedirsector
 .text._f_checknameinv
                0x20022014      0x180 C:/ISIS/workspace/ycube/GlobusSatProject/..//hal/hcc/lib\libHCCD.a(fat.o)
 .text._f_checkname
                0x20022194       0x7c C:/ISIS/workspace/ycube/GlobusSatProject/..//hal/hcc/lib\libHCCD.a(fat.o)
 .text._f_checknamewc
                0x20022210       0xf8 C:/ISIS/workspace/ycube/GlobusSatProject/..//hal/hcc/lib\libHCCD.a(fat.o)
 .text._f_setnameext
                0x20022308      0x300 C:/ISIS/workspace/ycube/GlobusSatProject/..//hal/hcc/lib\libHCCD.a(fat.o)
 .text._f_setfsname
                0x20022608      0x584 C:/ISIS/workspace/ycube/GlobusSatProject/..//hal/hcc/lib\libHCCD.a(fat.o)
 .text._f_findfile
                0x20022b8c      0x30c C:/ISIS/workspace/ycube/GlobusSatProject/..//hal/hcc/lib\libHCCD.a(fat.o)
 .text._f_cmp_wname
                0x20022e98      0x274 C:/ISIS/workspace/ycube/GlobusSatProject/..//hal/hcc/lib\libHCCD.a(fat.o)
 .text._f_to_string
                0x2002310c      0x130 C:/ISIS/workspace/ycube/GlobusSatProject/..//hal/hcc/lib\libHCCD.a(fat.o)
 .text._f_findfilewc
                0x2002323c      0x278 C:/ISIS/workspace/ycube/GlobusSatProject/..//hal/hcc/lib\libHCCD.a(fat.o)
 .text._f_getfilename
                0x200234b4      0x20c C:/ISIS/workspace/ycube/GlobusSatProject/..//hal/hcc/lib\libHCCD.a(fat.o)
 .text._f_findpath
                0x200236c0      0x35c C:/ISIS/workspace/ycube/GlobusSatProject/..//hal/hcc/lib\libHCCD.a(fat.o)
 .text.fn_getdcwd
                0x20023a1c      0x1e0 C:/ISIS/workspace/ycube/GlobusSatProject/..//hal/hcc/lib\libHCCD.a(fat.o)
                0x20023a1c                fn_getdcwd
 .text.fn_findfirst
                0x20023bfc      0x13c C:/ISIS/workspace/ycube/GlobusSatProject/..//hal/hcc/lib\libHCCD.a(fat.o)
                0x20023bfc                fn_findfirst
 .text.fn_findnext
                0x20023d38      0x360 C:/ISIS/workspace/ycube/GlobusSatProject/..//hal/hcc/lib\libHCCD.a(fat.o)
                0x20023d38                fn_findnext
 .text._f_lock_resfile
                0x20024098       0x6c C:/ISIS/workspace/ycube/GlobusSatProject/..//hal/hcc/lib\libHCCD.a(fat.o)
 .text._f_unlock_resfile
                0x20024104       0x40 C:/ISIS/workspace/ycube/GlobusSatProject/..//hal/hcc/lib\libHCCD.a(fat.o)
 .text._f_getintfile
                0x20024144      0x124 C:/ISIS/workspace/ycube/GlobusSatProject/..//hal/hcc/lib\libHCCD.a(fat.o)
 .text._f_addentry
                0x20024268      0x540 C:/ISIS/workspace/ycube/GlobusSatProject/..//hal/hcc/lib\libHCCD.a(fat.o)
 .text.fn_open_sub
                0x200247a8     0x1698 C:/ISIS/workspace/ycube/GlobusSatProject/..//hal/hcc/lib\libHCCD.a(fat.o)
 .text.fn_open  0x20025e40       0x44 C:/ISIS/workspace/ycube/GlobusSatProject/..//hal/hcc/lib\libHCCD.a(fat.o)
                0x20025e40                fn_open
 .text.fn_delete
                0x20025e84      0x490 C:/ISIS/workspace/ycube/GlobusSatProject/..//hal/hcc/lib\libHCCD.a(fat.o)
                0x20025e84                fn_delete
 .text.hcc_mem_buf_alloc
                0x20026314       0xe4 C:/ISIS/workspace/ycube/GlobusSatProject/..//hal/hcc/lib\libHCCD.a(psp_hcc_mem.o)
                0x20026314                hcc_mem_buf_alloc
 .text.makeAntStransfer
                0x200263f8       0x4c C:/ISIS/workspace/ycube/satellite-subsystems/satellite-subsystems/lib\libSatelliteSubsystemsD.a(IsisAntS.o)
 .text.checkInputsValid
                0x20026444       0x7c C:/ISIS/workspace/ycube/satellite-subsystems/satellite-subsystems/lib\libSatelliteSubsystemsD.a(IsisAntS.o)
 .text.IsisAntS_initialize
                0x200264c0      0x26c C:/ISIS/workspace/ycube/satellite-subsystems/satellite-subsystems/lib\libSatelliteSubsystemsD.a(IsisAntS.o)
                0x200264c0                IsisAntS_initialize
 .text.IsisAntS_setArmStatus
                0x2002672c      0x104 C:/ISIS/workspace/ycube/satellite-subsystems/satellite-subsystems/lib\libSatelliteSubsystemsD.a(IsisAntS.o)
                0x2002672c                IsisAntS_setArmStatus
 .text.IsisAntS_getStatusData
                0x20026830      0x120 C:/ISIS/workspace/ycube/satellite-subsystems/satellite-subsystems/lib\libSatelliteSubsystemsD.a(IsisAntS.o)
                0x20026830                IsisAntS_getStatusData
 .text.IsisAntS_getUptime
                0x20026950      0x120 C:/ISIS/workspace/ycube/satellite-subsystems/satellite-subsystems/lib\libSatelliteSubsystemsD.a(IsisAntS.o)
                0x20026950                IsisAntS_getUptime
 .text.IsisAntS_getAlltelemetry
                0x20026a70      0x120 C:/ISIS/workspace/ycube/satellite-subsystems/satellite-subsystems/lib\libSatelliteSubsystemsD.a(IsisAntS.o)
                0x20026a70                IsisAntS_getAlltelemetry
 .text.IsisAntS_cancelDeployment
                0x20026b90      0x104 C:/ISIS/workspace/ycube/satellite-subsystems/satellite-subsystems/lib\libSatelliteSubsystemsD.a(IsisAntS.o)
                0x20026b90                IsisAntS_cancelDeployment
 .text._make_IsisEPStransfer
                0x20026c94       0x3c C:/ISIS/workspace/ycube/satellite-subsystems/satellite-subsystems/lib\libSatelliteSubsystemsD.a(IsisEPS.o)
 .text.IsisEPS_initialize
                0x20026cd0      0x18c C:/ISIS/workspace/ycube/satellite-subsystems/satellite-subsystems/lib\libSatelliteSubsystemsD.a(IsisEPS.o)
                0x20026cd0                IsisEPS_initialize
 .text.IsisEPS_resetWDT
                0x20026e5c       0xac C:/ISIS/workspace/ycube/satellite-subsystems/satellite-subsystems/lib\libSatelliteSubsystemsD.a(IsisEPS.o)
                0x20026e5c                IsisEPS_resetWDT
 .text.IsisEPS_getRawHKDataMB
                0x20026f08       0xf8 C:/ISIS/workspace/ycube/satellite-subsystems/satellite-subsystems/lib\libSatelliteSubsystemsD.a(IsisEPS.o)
                0x20026f08                IsisEPS_getRawHKDataMB
 .text.IsisEPS_getEngHKDataMB
                0x20027000       0xf8 C:/ISIS/workspace/ycube/satellite-subsystems/satellite-subsystems/lib\libSatelliteSubsystemsD.a(IsisEPS.o)
                0x20027000                IsisEPS_getEngHKDataMB
 .text.IsisEPS_getRAEngHKDataMB
                0x200270f8       0xf8 C:/ISIS/workspace/ycube/satellite-subsystems/satellite-subsystems/lib\libSatelliteSubsystemsD.a(IsisEPS.o)
                0x200270f8                IsisEPS_getRAEngHKDataMB
 .text.IsisEPS_getRawHKDataCDB
                0x200271f0      0x154 C:/ISIS/workspace/ycube/satellite-subsystems/satellite-subsystems/lib\libSatelliteSubsystemsD.a(IsisEPS.o)
                0x200271f0                IsisEPS_getRawHKDataCDB
 .text.IsisEPS_getEngHKDataCDB
                0x20027344      0x154 C:/ISIS/workspace/ycube/satellite-subsystems/satellite-subsystems/lib\libSatelliteSubsystemsD.a(IsisEPS.o)
                0x20027344                IsisEPS_getEngHKDataCDB
 .text.IsisSolarPanelv2_initialize
                0x20027498       0xb4 C:/ISIS/workspace/ycube/satellite-subsystems/satellite-subsystems/lib\libSatelliteSubsystemsD.a(IsisSolarPanelv2.o)
                0x20027498                IsisSolarPanelv2_initialize
 .text.IsisSolarPanelv2_getTemperature
                0x2002754c       0xc8 C:/ISIS/workspace/ycube/satellite-subsystems/satellite-subsystems/lib\libSatelliteSubsystemsD.a(IsisSolarPanelv2.o)
                0x2002754c                IsisSolarPanelv2_getTemperature
 .text.IsisSolarPanelv2_getState
                0x20027614       0x24 C:/ISIS/workspace/ycube/satellite-subsystems/satellite-subsystems/lib\libSatelliteSubsystemsD.a(IsisSolarPanelv2.o)
                0x20027614                IsisSolarPanelv2_getState
 .text._Reset   0x20027638       0x20 C:/ISIS/workspace/ycube/satellite-subsystems/satellite-subsystems/lib\libSatelliteSubsystemsD.a(IsisSolarPanelv2.o)
 .text._WaitForStartup
                0x20027658       0x90 C:/ISIS/workspace/ycube/satellite-subsystems/satellite-subsystems/lib\libSatelliteSubsystemsD.a(IsisSolarPanelv2.o)
 .text._AssignAllChannels
                0x200276e8       0x90 C:/ISIS/workspace/ycube/satellite-subsystems/satellite-subsystems/lib\libSatelliteSubsystemsD.a(IsisSolarPanelv2.o)
 .text._AssignThisChannel
                0x20027778       0xe8 C:/ISIS/workspace/ycube/satellite-subsystems/satellite-subsystems/lib\libSatelliteSubsystemsD.a(IsisSolarPanelv2.o)
 .text._InitiateConversion
                0x20027860       0xac C:/ISIS/workspace/ycube/satellite-subsystems/satellite-subsystems/lib\libSatelliteSubsystemsD.a(IsisSolarPanelv2.o)
 .text._WaitForConversionComplete
                0x2002790c      0x100 C:/ISIS/workspace/ycube/satellite-subsystems/satellite-subsystems/lib\libSatelliteSubsystemsD.a(IsisSolarPanelv2.o)
 .text._ReadResult
                0x20027a0c      0x158 C:/ISIS/workspace/ycube/satellite-subsystems/satellite-subsystems/lib\libSatelliteSubsystemsD.a(IsisSolarPanelv2.o)
 .text._ExtractByte
                0x20027b64       0x38 C:/ISIS/workspace/ycube/satellite-subsystems/satellite-subsystems/lib\libSatelliteSubsystemsD.a(IsisSolarPanelv2.o)
 .text._ExtendSign