Archive member included because of file (symbol)

C:/ISIS/workspace/ycube/GlobusSatProject/..//hal/hal/lib\libHALD.a(SPI.o)
                              ./src/InitSystem.o (SPI_start)
C:/ISIS/workspace/ycube/GlobusSatProject/..//hal/hal/lib\libHALD.a(I2C.o)
                              ./src/SubSystemModules/Housekepping/Payload.o (I2C_write)
C:/ISIS/workspace/ycube/GlobusSatProject/..//hal/hal/lib\libHALD.a(ADC.o)
                              ./src/SubSystemModules/Housekepping/TelemetryCollector.o (ADC_ConvertRaw10bitToMillivolt)
C:/ISIS/workspace/ycube/GlobusSatProject/..//hal/hal/lib\libHALD.a(FRAM.o)
                              ./src/SubSystemModules/Communication/SubsystemCommands/Maintanence_Commands.o (FRAM_start)
C:/ISIS/workspace/ycube/GlobusSatProject/..//hal/hal/lib\libHALD.a(Time.o)
                              ./src/InitSystem.o (Time_start)
C:/ISIS/workspace/ycube/GlobusSatProject/..//hal/hal/lib\libHALD.a(WatchDogTimerNoOS.o)
                              ./src/main.o (WDT_start)
C:/ISIS/workspace/ycube/GlobusSatProject/..//hal/hal/lib\libHALD.a(RTT.o)
                              C:/ISIS/workspace/ycube/GlobusSatProject/..//hal/hal/lib\libHALD.a(Time.o) (RTT_start)
C:/ISIS/workspace/ycube/GlobusSatProject/..//hal/hal/lib\libHALD.a(RTC.o)
                              C:/ISIS/workspace/ycube/GlobusSatProject/..//hal/hal/lib\libHALD.a(Time.o) (RTC_getTime)
C:/ISIS/workspace/ycube/GlobusSatProject/..//hal/hal/lib\libHALD.a(WatchDogTimerOS.o)
                              ./src/TestingDemos/MainTest.o (WDT_startWatchdogKickTask)
C:/ISIS/workspace/ycube/GlobusSatProject/..//hal/hal/lib\libHALD.a(fprintf.o)
                              ./src/TLM_management.o (f_puts)
C:/ISIS/workspace/ycube/GlobusSatProject/..//hal/hal/lib\libHALD.a(util.o)
                              ./src/TestingDemos/CommandsTestingDemo.o (UTIL_DbguGetIntegerMinMax)
C:/ISIS/workspace/ycube/GlobusSatProject/..//hal/hal/lib\libHALD.a(LED.o)
                              C:/ISIS/workspace/ycube/GlobusSatProject/..//hal/hal/lib\libHALD.a(WatchDogTimerOS.o) (LED_toggle)
C:/ISIS/workspace/ycube/GlobusSatProject/..//hal/hcc/lib\libHCCD.a(fat_m.o)
                              ./src/TLM_management.o (fm_initvolume)
C:/ISIS/workspace/ycube/GlobusSatProject/..//hal/hcc/lib\libHCCD.a(fat.o)
                              C:/ISIS/workspace/ycube/GlobusSatProject/..//hal/hcc/lib\libHCCD.a(fat_m.o) (fn_getdcwd)
C:/ISIS/workspace/ycube/GlobusSatProject/..//hal/hcc/lib\libHCCD.a(fat_common.o)
                              C:/ISIS/workspace/ycube/GlobusSatProject/..//hal/hcc/lib\libHCCD.a(fat.o) (p_filesystem)
C:/ISIS/workspace/ycube/GlobusSatProject/..//hal/hcc/lib\libHCCD.a(safefat.o)
                              C:/ISIS/workspace/ycube/GlobusSatProject/..//hal/hcc/lib\libHCCD.a(fat.o) (s_subdir)
C:/ISIS/workspace/ycube/GlobusSatProject/..//hal/hcc/lib\libHCCD.a(atmel_mcipdc.o)
                              ./src/TLM_management.o (atmel_mcipdc_initfunc)
C:/ISIS/workspace/ycube/GlobusSatProject/..//hal/hcc/lib\libHCCD.a(oalp_task.o)
                              C:/ISIS/workspace/ycube/GlobusSatProject/..//hal/hcc/lib\libHCCD.a(fat_common.o) (oal_task_get_id)
C:/ISIS/workspace/ycube/GlobusSatProject/..//hal/hcc/lib\libHCCD.a(oalp_mutex.o)
                              C:/ISIS/workspace/ycube/GlobusSatProject/..//hal/hcc/lib\libHCCD.a(fat_common.o) (oal_mutex_create)
C:/ISIS/workspace/ycube/GlobusSatProject/..//hal/hcc/lib\libHCCD.a(atmel_mcipdc_hw.o)
                              C:/ISIS/workspace/ycube/GlobusSatProject/..//hal/hcc/lib\libHCCD.a(atmel_mcipdc.o) (mcipdc_hw_init)
C:/ISIS/workspace/ycube/GlobusSatProject/..//hal/hcc/lib\libHCCD.a(psp_rand.o)
                              C:/ISIS/workspace/ycube/GlobusSatProject/..//hal/hcc/lib\libHCCD.a(fat_common.o) (psp_getrand)
C:/ISIS/workspace/ycube/GlobusSatProject/..//hal/hcc/lib\libHCCD.a(psp_rtc.o)
                              C:/ISIS/workspace/ycube/GlobusSatProject/..//hal/hcc/lib\libHCCD.a(fat_common.o) (psp_getcurrenttimedate)
C:/ISIS/workspace/ycube/GlobusSatProject/..//hal/hcc/lib\libHCCD.a(hcc_mem.o)
                              C:/ISIS/workspace/ycube/GlobusSatProject/..//hal/hcc/lib\libHCCD.a(atmel_mcipdc.o) (hcc_mem_alloc)
C:/ISIS/workspace/ycube/GlobusSatProject/..//hal/hcc/lib\libHCCD.a(psp_hcc_mem.o)
                              C:/ISIS/workspace/ycube/GlobusSatProject/..//hal/hcc/lib\libHCCD.a(hcc_mem.o) (hcc_mem_buf_alloc)
C:/ISIS/workspace/ycube/GlobusSatProject/..//satellite-subsystems/satellite-subsystems/lib\libSatelliteSubsystemsD.a(IsisSolarPanelv2.o)
                              ./src/SubSystemModules/PowerManagment/EPS.o (IsisSolarPanelv2_initialize)
C:/ISIS/workspace/ycube/GlobusSatProject/..//satellite-subsystems/satellite-subsystems/lib\libSatelliteSubsystemsD.a(isis_ants_rev2.o)
                              ./src/SubSystemModules/Communication/TRXVU.o (ISIS_ANTS_REV2_Init)
[...]
Memory Configuration

Name             Origin             Length             Attributes
sram0            0x00200000         0x00004000         w !xr
sram1            0x00300000         0x00004000         w !xr
sdram            0x20000000         0x02000000         w !xr
*default*        0x00000000         0xffffffff

Linker script and memory map

LOAD c:/isis/application/toolchain/bin/../lib/gcc/arm-none-eabi/4.7.4/../../../../arm-none-eabi/lib\libc.a
LOAD ./src/TestingDemos/CommandsTestingDemo.o
LOAD ./src/TestingDemos/EpsTestingDemo.o
LOAD ./src/TestingDemos/FileSystemTestingDemo.o
LOAD ./src/TestingDemos/MainTest.o
LOAD ./src/TestingDemos/MaintenanceTestingDemo.o
LOAD ./src/TestingDemos/TelemetryTestingDemo.o
LOAD ./src/TestingDemos/TrxvuTestingDemo.o
LOAD ./src/SubSystemModules/PowerManagment/EPS.o
LOAD ./src/SubSystemModules/PowerManagment/EPSOperationModes.o
LOAD ./src/SubSystemModules/Maintenance/Maintenance.o
LOAD ./src/SubSystemModules/Housekepping/Payload.o
LOAD ./src/SubSystemModules/Housekepping/RAMTelemetry.o
LOAD ./src/SubSystemModules/Housekepping/TelemetryCollector.o
LOAD ./src/SubSystemModules/Communication/SubsystemCommands/EPS_Commands.o
LOAD ./src/SubSystemModules/Communication/SubsystemCommands/FS_Commands.o
LOAD ./src/SubSystemModules/Communication/SubsystemCommands/Maintanence_Commands.o
LOAD ./src/SubSystemModules/Communication/SubsystemCommands/TRXVU_Commands.o
LOAD ./src/SubSystemModules/Communication/AckHandler.o
LOAD ./src/SubSystemModules/Communication/CommandDictionary.o
LOAD ./src/SubSystemModules/Communication/HashSecuredCMD.o
LOAD ./src/SubSystemModules/Communication/SatCommandHandler.o
LOAD ./src/SubSystemModules/Communication/TRXVU.o
LOAD ./src/InitSystem.o
LOAD ./src/TLM_management.o
LOAD ./src/main.o
LOAD ./src/utils.o
LOAD C:/ISIS/workspace/ycube/GlobusSatProject/..//hal/hal/lib\libHALD.a
LOAD C:/ISIS/workspace/ycube/GlobusSatProject/..//hal/hcc/lib\libHCCD.a
LOAD C:/ISIS/workspace/ycube/GlobusSatProject/..//satellite-subsystems/satellite-subsystems/lib\libSatelliteSubsystemsD.a
LOAD C:/ISIS/workspace/ycube/GlobusSatProject/..//hal/freertos/lib\libFreeRTOSD.a
LOAD C:/ISIS/workspace/ycube/GlobusSatProject/..//hal/at91/lib\libAt91D.a
START GROUP
LOAD c:/isis/application/toolchain/bin/../lib/gcc/arm-none-eabi/4.7.4\libgcc.a
LOAD c:/isis/application/toolchain/bin/../lib/gcc/arm-none-eabi/4.7.4/../../../../arm-none-eabi/lib\libg.a
LOAD c:/isis/application/toolchain/bin/../lib/gcc/arm-none-eabi/4.7.4/../../../../arm-none-eabi/lib\libc.a
END GROUP

.fixed          0x20000000    0x41340
                0x20000000                . = ALIGN (0x4)
                0x20000000                _sfixed = .
 *(.startup)
 .startup       0x20000000      0x184 C:/ISIS/workspace/ycube/GlobusSatProject/..//hal/at91/lib\libAt91D.a(board_cstartup.o)
                0x20000000                entry
 *(.text)
 .text          0x20000184       0x64 C:/ISIS/workspace/ycube/GlobusSatProject/..//hal/at91/lib\libAt91D.a(cp15_asm.o)
                0x20000184                _readControlRegister
                0x20000190                _writeControlRegister
                0x20000198                _waitForInterrupt
                0x200001a4                _writeTTB
                0x200001ac                _writeDomain
                0x200001b4                _writeITLBLockdown
                0x200001bc                _prefetchICacheLine
                0x200001c4                _flushDCache
                0x200001d0                _flushWriteBuffer
                0x200001dc                _invalidateIDTLBs
 .text          0x200001e8      0x114 c:/isis/application/toolchain/bin/../lib/gcc/arm-none-eabi/4.7.4\libgcc.a(_udivsi3.o)
                0x200001e8                __aeabi_uidiv
                0x200001e8                __udivsi3
                0x200002dc                __aeabi_uidivmod
 .text          0x200002fc      0x148 c:/isis/application/toolchain/bin/../lib/gcc/arm-none-eabi/4.7.4\libgcc.a(_divsi3.o)
                0x200002fc                __divsi3
                0x200002fc                __aeabi_idiv
                0x20000424                __aeabi_idivmod
 .text          0x20000444        0x4 c:/isis/application/toolchain/bin/../lib/gcc/arm-none-eabi/4.7.4\libgcc.a(_dvmd_tls.o)
                0x20000444                __aeabi_idiv0
                0x20000444                __aeabi_ldiv0
 .text          0x20000448      0x41c c:/isis/application/toolchain/bin/../lib/gcc/arm-none-eabi/4.7.4\libgcc.a(_arm_addsubdf3.o)
                0x20000448                __aeabi_drsub
                0x20000450                __aeabi_dsub
                0x20000450                __subdf3
                0x20000454                __aeabi_dadd
                0x20000454                __adddf3
                0x20000764                __floatunsidf
                0x20000764                __aeabi_ui2d
                0x20000788                __floatsidf
                0x20000788                __aeabi_i2d
                0x200007b0                __aeabi_f2d
                0x200007b0                __extendsfdf2
                0x200007f0                __floatundidf
                0x200007f0                __aeabi_ul2d
                0x20000804                __floatdidf
                0x20000804                __aeabi_l2d
 .text          0x20000864      0x49c c:/isis/application/toolchain/bin/../lib/gcc/arm-none-eabi/4.7.4\libgcc.a(_arm_muldivdf3.o)
                0x20000864                __aeabi_dmul
                0x20000864                __muldf3
                0x20000af4                __divdf3
                0x20000af4                __aeabi_ddiv
 .text          0x20000d00      0x2ac c:/isis/application/toolchain/bin/../lib/gcc/arm-none-eabi/4.7.4\libgcc.a(_arm_addsubsf3.o)
                0x20000d00                __aeabi_frsub
                0x20000d08                __subsf3
                0x20000d08                __aeabi_fsub
                0x20000d0c                __aeabi_fadd
                0x20000d0c                __addsf3
                0x20000ec8                __aeabi_ui2f
                0x20000ec8                __floatunsisf
                0x20000ed0                __aeabi_i2f
                0x20000ed0                __floatsisf
                0x20000ef0                __aeabi_ul2f
                0x20000ef0                __floatundisf
                0x20000f00                __aeabi_l2f
                0x20000f00                __floatdisf
 .text          0x20000fac      0x2f8 c:/isis/application/toolchain/bin/../lib/gcc/arm-none-eabi/4.7.4\libgcc.a(_arm_muldivsf3.o)
                0x20000fac                __mulsf3
                0x20000fac                __aeabi_fmul
                0x20001144                __aeabi_fdiv
                0x20001144                __divsf3
 .text          0x200012a4      0x114 c:/isis/application/toolchain/bin/../lib/gcc/arm-none-eabi/4.7.4\libgcc.a(_arm_cmpsf2.o)
                0x200012a4                __gesf2
                0x200012a4                __gtsf2
                0x200012ac                __lesf2
                0x200012ac                __ltsf2
                0x200012b4                __nesf2
                0x200012b4                __eqsf2
                0x200012b4                __cmpsf2
                0x20001318                __aeabi_cfrcmple
                0x20001328                __aeabi_cfcmpeq
                0x20001328                __aeabi_cfcmple
                0x20001340                __aeabi_fcmpeq
                0x20001358                __aeabi_fcmplt
                0x20001370                __aeabi_fcmple
                0x20001388                __aeabi_fcmpge
                0x200013a0                __aeabi_fcmpgt
 .text          0x200013b8       0x54 c:/isis/application/toolchain/bin/../lib/gcc/arm-none-eabi/4.7.4\libgcc.a(_arm_fixunssfsi.o)
                0x200013b8                __fixunssfsi
                0x200013b8                __aeabi_f2uiz
 .text          0x2000140c      0x144 c:/isis/application/toolchain/bin/../lib/gcc/arm-none-eabi/4.7.4\libgcc.a(_arm_cmpdf2.o)
                0x2000140c                __gtdf2
                0x2000140c                __gedf2
                0x20001414                __ltdf2
                0x20001414                __ledf2
                0x2000141c                __nedf2
                0x2000141c                __eqdf2
                0x2000141c                __cmpdf2
                0x200014a4                __aeabi_cdrcmple
                0x200014c0                __aeabi_cdcmpeq
                0x200014c0                __aeabi_cdcmple
                0x200014d8                __aeabi_dcmpeq
                0x200014f0                __aeabi_dcmplt
                0x20001508                __aeabi_dcmple
                0x20001520                __aeabi_dcmpge
                0x20001538                __aeabi_dcmpgt
 .text          0x20001550       0x5c c:/isis/application/toolchain/bin/../lib/gcc/arm-none-eabi/4.7.4\libgcc.a(_arm_fixdfsi.o)
                0x20001550                __aeabi_d2iz
                0x20001550                __fixdfsi
 .text          0x200015ac       0x3c c:/isis/application/toolchain/bin/../lib/gcc/arm-none-eabi/4.7.4\libgcc.a(_aeabi_uldivmod.o)
                0x200015ac                __aeabi_uldivmod
 .text          0x200015e8       0x84 c:/isis/application/toolchain/bin/../lib/gcc/arm-none-eabi/4.7.4\libgcc.a(bpabi.o)
                0x200015e8                __gnu_ldivmod_helper
                0x2000162c                __gnu_uldivmod_helper
 .text          0x2000166c      0x4f0 c:/isis/application/toolchain/bin/../lib/gcc/arm-none-eabi/4.7.4\libgcc.a(_divdi3.o)
                0x2000166c                __divdi3
 .text          0x20001b5c      0x488 c:/isis/application/toolchain/bin/../lib/gcc/arm-none-eabi/4.7.4\libgcc.a(_udivdi3.o)
                0x20001b5c                __udivdi3
 .text          0x20001fe4       0x48 c:/isis/application/toolchain/bin/../lib/gcc/arm-none-eabi/4.7.4\libgcc.a(_clzsi2.o)
                0x20001fe4                __clzsi2
 *(.text*)
 .text.Hash256  0x2000202c       0x84 ./src/TestingDemos/TrxvuTestingDemo.o
                0x2000202c                Hash256
 .text.CMD_Hash256
                0x200020b0      0x2e4 ./src/TestingDemos/TrxvuTestingDemo.o
                0x200020b0                CMD_Hash256
 .text.GetBatteryVoltage
                0x20002394       0x44 ./src/SubSystemModules/PowerManagment/EPS.o
                0x20002394                GetBatteryVoltage
 .text.EPS_Init
                0x200023d8      0x124 ./src/SubSystemModules/PowerManagment/EPS.o
                0x200023d8                EPS_Init
 .text.EPS_Conditioning
                0x200024fc      0x1c4 ./src/SubSystemModules/PowerManagment/EPS.o
                0x200024fc                EPS_Conditioning
 .text.UpdateAlpha
                0x200026c0       0xd8 ./src/SubSystemModules/PowerManagment/EPS.o
                0x200026c0                UpdateAlpha
 .text.GetThresholdVoltages
                0x20002798       0x80 ./src/SubSystemModules/PowerManagment/EPS.o
                0x20002798                GetThresholdVoltages
 .text.GetAlpha
                0x20002818       0x7c ./src/SubSystemModules/PowerManagment/EPS.o
                0x20002818                GetAlpha
 .text.CMDGetHeaterValues
                0x20002894      0x1f8 ./src/SubSystemModules/PowerManagment/EPS.o
                0x20002894                CMDGetHeaterValues
 .text.CMDSetHeaterValues
                0x20002a8c      0x204 ./src/SubSystemModules/PowerManagment/EPS.o
                0x20002a8c                CMDSetHeaterValues
 .text.EnterFullMode
                0x20002c90       0x5c ./src/SubSystemModules/PowerManagment/EPSOperationModes.o
                0x20002c90                EnterFullMode
 .text.EnterCruiseMode
                0x20002cec       0x58 ./src/SubSystemModules/PowerManagment/EPSOperationModes.o
                0x20002cec                EnterCruiseMode
 .text.EnterSafeMode
                0x20002d44       0x5c ./src/SubSystemModules/PowerManagment/EPSOperationModes.o
                0x20002d44                EnterSafeMode
 .text.EnterCriticalMode
                0x20002da0       0x5c ./src/SubSystemModules/PowerManagment/EPSOperationModes.o
                0x20002da0                EnterCriticalMode
 .text.PayloadOperations
                0x20002dfc      0x134 ./src/SubSystemModules/PowerManagment/EPSOperationModes.o
                0x20002dfc                PayloadOperations
 .text.DoesPayloadChannelOn
                0x20002f30       0xa4 ./src/SubSystemModules/PowerManagment/EPSOperationModes.o
                0x20002f30                DoesPayloadChannelOn
 .text.EpsGetLowVoltageFlag
                0x20002fd4       0x24 ./src/SubSystemModules/PowerManagment/EPSOperationModes.o
                0x20002fd4                EpsGetLowVoltageFlag
 .text.EpsSetLowVoltageFlag
                0x20002ff8       0x2c ./src/SubSystemModules/PowerManagment/EPSOperationModes.o
                0x20002ff8                EpsSetLowVoltageFlag
 .text.CheckExecutionTime
                0x20003024       0x80 ./src/SubSystemModules/Maintenance/Maintenance.o
                0x20003024                CheckExecutionTime
 .text.SaveSatTimeInFRAM
                0x200030a4       0x44 ./src/SubSystemModules/Maintenance/Maintenance.o
                0x200030a4                SaveSatTimeInFRAM
 .text.WakeupFromResetCMD
                0x200030e8      0x120 ./src/SubSystemModules/Maintenance/Maintenance.o
                0x200030e8                WakeupFromResetCMD
 .text.ResetGroundCommWDT
                0x20003208       0x1c ./src/SubSystemModules/Maintenance/Maintenance.o
                0x20003208                ResetGroundCommWDT
 .text.IsGroundCommunicationWDTKick
                0x20003224       0x78 ./src/SubSystemModules/Maintenance/Maintenance.o
                0x20003224                IsGroundCommunicationWDTKick
 .text.GetGsWdtKickTime
                0x2000329c       0x38 ./src/SubSystemModules/Maintenance/Maintenance.o
                0x2000329c                GetGsWdtKickTime
 .text.findMinMaxDate
                0x200032d4       0xdc ./src/SubSystemModules/Maintenance/Maintenance.o
                0x200032d4                findMinMaxDate
 .text.DeleteOldFiels
                0x200033b0       0xf0 ./src/SubSystemModules/Maintenance/Maintenance.o
                0x200033b0                DeleteOldFiels
 .text.CheckDeployAnt
                0x200034a0       0x84 ./src/SubSystemModules/Maintenance/Maintenance.o
                0x200034a0                CheckDeployAnt
 .text.HardResetMCU
                0x20003524       0x3c ./src/SubSystemModules/Maintenance/Maintenance.o
                0x20003524                HardResetMCU
 .text.Maintenance
                0x20003560       0xa4 ./src/SubSystemModules/Maintenance/Maintenance.o
                0x20003560                Maintenance
 .text.payloadRead
                0x20003604       0xe8 ./src/SubSystemModules/Housekepping/Payload.o
                0x20003604                payloadRead
 .text.payloadSendCommand
                0x200036ec       0xc4 ./src/SubSystemModules/Housekepping/Payload.o
                0x200036ec                payloadSendCommand
 .text.get_radfet_data
                0x200037b0      0x444 ./src/SubSystemModules/Housekepping/Payload.o
                0x200037b0                get_radfet_data
 .text.get_sel_data
                0x20003bf4      0x224 ./src/SubSystemModules/Housekepping/Payload.o
                0x20003bf4                get_sel_data
 .text.get_seu_data
                0x20003e18      0x180 ./src/SubSystemModules/Housekepping/Payload.o
                0x20003e18                get_seu_data
 .text.changeIntIndian
                0x20003f98       0x5c ./src/SubSystemModules/Housekepping/Payload.o
                0x20003f98                changeIntIndian
 .text.ResetRamTlm
                0x20003ff4      0x104 ./src/SubSystemModules/Housekepping/RAMTelemetry.o
                0x20003ff4                ResetRamTlm
 .text.inc      0x200040f8       0x4c ./src/SubSystemModules/Housekepping/RAMTelemetry.o
                0x200040f8                inc
 .text.dec      0x20004144       0x48 ./src/SubSystemModules/Housekepping/RAMTelemetry.o
                0x20004144                dec
 .text.saveTlmToRam
                0x2000418c      0x304 ./src/SubSystemModules/Housekepping/RAMTelemetry.o
                0x2000418c                saveTlmToRam
 .text.getTlm   0x20004490      0x210 ./src/SubSystemModules/Housekepping/RAMTelemetry.o
                0x20004490                getTlm
 .text.getRange
                0x200046a0      0x204 ./src/SubSystemModules/Housekepping/RAMTelemetry.o
                0x200046a0                getRange
 .text.InitSavePeriodTimes
                0x200048a4       0xb8 ./src/SubSystemModules/Housekepping/TelemetryCollector.o
                0x200048a4                InitSavePeriodTimes
 .text.CMD_GetTLMPeriodTimes
                0x2000495c       0x38 ./src/SubSystemModules/Housekepping/TelemetryCollector.o
                0x2000495c                CMD_GetTLMPeriodTimes
 .text.CMD_SetTLMPeriodTimes
                0x20004994      0x204 ./src/SubSystemModules/Housekepping/TelemetryCollector.o
                0x20004994                CMD_SetTLMPeriodTimes
 .text.TelemetryCollectorLogic
                0x20004b98      0x268 ./src/SubSystemModules/Housekepping/TelemetryCollector.o
                0x20004b98                TelemetryCollectorLogic
 .text.TelemetrySaveEPS
                0x20004e00       0x54 ./src/SubSystemModules/Housekepping/TelemetryCollector.o
                0x20004e00                TelemetrySaveEPS
 .text.TelemetrySaveTRXVU
                0x20004e54       0x94 ./src/SubSystemModules/Housekepping/TelemetryCollector.o
                0x20004e54                TelemetrySaveTRXVU
 .text.TelemetrySaveWOD
                0x20004ee8       0x5c ./src/SubSystemModules/Housekepping/TelemetryCollector.o
                0x20004ee8                TelemetrySaveWOD
 .text.TelemetrySaveRADFET
                0x20004f44       0xac ./src/SubSystemModules/Housekepping/TelemetryCollector.o
                0x20004f44                TelemetrySaveRADFET
 .text.TelemetrySaveSEL
                0x20004ff0       0xa0 ./src/SubSystemModules/Housekepping/TelemetryCollector.o
                0x20004ff0                TelemetrySaveSEL
 .text.TelemetrySaveSEU
                0x20005090       0x70 ./src/SubSystemModules/Housekepping/TelemetryCollector.o
                0x20005090                TelemetrySaveSEU
 .text.GetCurrentWODTelemetry
                0x20005100      0x7e0 ./src/SubSystemModules/Housekepping/TelemetryCollector.o
                0x20005100                GetCurrentWODTelemetry
 .text.CMD_EPS_ResetWDT
                0x200058e0       0x58 ./src/SubSystemModules/Communication/SubsystemCommands/EPS_Commands.o
                0x200058e0                CMD_EPS_ResetWDT
 .text.CMD_Payload_Operations
                0x20005938       0xb4 ./src/SubSystemModules/Communication/SubsystemCommands/EPS_Commands.o
                0x20005938                CMD_Payload_Operations
 .text.CMD_DeleteTLM
                0x200059ec      0x1a0 ./src/SubSystemModules/Communication/SubsystemCommands/FS_Commands.o
                0x200059ec                CMD_DeleteTLM
 .text.CMD_DeleteAllFiles
                0x20005b8c       0x38 ./src/SubSystemModules/Communication/SubsystemCommands/FS_Commands.o
                0x20005b8c                CMD_DeleteAllFiles
 .text.CMD_GetLastFS_Error
                0x20005bc4       0x4c ./src/SubSystemModules/Communication/SubsystemCommands/FS_Commands.o
                0x20005bc4                CMD_GetLastFS_Error
 .text.CMD_Get_TLM_Info
                0x20005c10      0x16c ./src/SubSystemModules/Communication/SubsystemCommands/FS_Commands.o
                0x20005c10                CMD_Get_TLM_Info
 .text.CMD_Switch_SD_Card
                0x20005d7c       0xcc ./src/SubSystemModules/Communication/SubsystemCommands/FS_Commands.o
                0x20005d7c                CMD_Switch_SD_Card
 .text.CMD_Format_SD_Card
                0x20005e48       0xa4 ./src/SubSystemModules/Communication/SubsystemCommands/FS_Commands.o
                0x20005e48                CMD_Format_SD_Card
 .text.CMD_GenericI2C
                0x20005eec      0x144 ./src/SubSystemModules/Communication/SubsystemCommands/Maintanence_Commands.o
                0x20005eec                CMD_GenericI2C
 .text.CMD_FRAM_ReadAndTransmitt
                0x20006030       0xe8 ./src/SubSystemModules/Communication/SubsystemCommands/Maintanence_Commands.o
                0x20006030                CMD_FRAM_ReadAndTransmitt
 .text.CMD_FRAM_WriteAndTransmitt
                0x20006118      0x11c ./src/SubSystemModules/Communication/SubsystemCommands/Maintanence_Commands.o
                0x20006118                CMD_FRAM_WriteAndTransmitt
 .text.CMD_FRAM_ReStart
                0x20006234       0x4c ./src/SubSystemModules/Communication/SubsystemCommands/Maintanence_Commands.o
                0x20006234                CMD_FRAM_ReStart
 .text.CMD_UpdateSatTime
                0x20006280       0xa4 ./src/SubSystemModules/Communication/SubsystemCommands/Maintanence_Commands.o
                0x20006280                CMD_UpdateSatTime
 .text.CMD_GetSatUptime
                0x20006324       0x48 ./src/SubSystemModules/Communication/SubsystemCommands/Maintanence_Commands.o
                0x20006324                CMD_GetSatUptime
 .text.CMD_ResetComponent
                0x2000636c      0x274 ./src/SubSystemModules/Communication/SubsystemCommands/Maintanence_Commands.o
                0x2000636c                CMD_ResetComponent
 .text.DumpTask
                0x200065e0      0x310 ./src/SubSystemModules/Communication/SubsystemCommands/TRXVU_Commands.o
                0x200065e0                DumpTask
 .text.DumpRamTask
                0x200068f0      0x40c ./src/SubSystemModules/Communication/SubsystemCommands/TRXVU_Commands.o
                0x200068f0                DumpRamTask
 .text.CMD_AntennaDeploy
                0x20006cfc       0x8c ./src/SubSystemModules/Communication/SubsystemCommands/TRXVU_Commands.o
                0x20006cfc                CMD_AntennaDeploy
 .text.CMD_StartDump
                0x20006d88      0x200 ./src/SubSystemModules/Communication/SubsystemCommands/TRXVU_Commands.o
                0x20006d88                CMD_StartDump
 .text.CMD_SendDumpAbortRequest
                0x20006f88       0x38 ./src/SubSystemModules/Communication/SubsystemCommands/TRXVU_Commands.o
                0x20006f88                CMD_SendDumpAbortRequest
 .text.CMD_ForceDumpAbort
                0x20006fc0       0x3c ./src/SubSystemModules/Communication/SubsystemCommands/TRXVU_Commands.o
                0x20006fc0                CMD_ForceDumpAbort
 .text.CMD_SetTransponder
                0x20006ffc      0x110 ./src/SubSystemModules/Communication/SubsystemCommands/TRXVU_Commands.o
                0x20006ffc                CMD_SetTransponder
 .text.CMD_SetRSSITransponder
                0x2000710c       0x90 ./src/SubSystemModules/Communication/SubsystemCommands/TRXVU_Commands.o
                0x2000710c                CMD_SetRSSITransponder
 .text.CMD_MuteTRXVU
                0x2000719c       0xc4 ./src/SubSystemModules/Communication/SubsystemCommands/TRXVU_Commands.o
                0x2000719c                CMD_MuteTRXVU
 .text.CMD_SetIdleState
                0x20007260       0x94 ./src/SubSystemModules/Communication/SubsystemCommands/TRXVU_Commands.o
                0x20007260                CMD_SetIdleState
 .text.CMD_UnMuteTRXVU
                0x200072f4       0x38 ./src/SubSystemModules/Communication/SubsystemCommands/TRXVU_Commands.o
                0x200072f4                CMD_UnMuteTRXVU
 .text.CMD_GetBaudRate
                0x2000732c       0x6c ./src/SubSystemModules/Communication/SubsystemCommands/TRXVU_Commands.o
                0x2000732c                CMD_GetBaudRate
 .text.CMD_TrasmitBeacon
                0x20007398       0x48 ./src/SubSystemModules/Communication/SubsystemCommands/TRXVU_Commands.o
                0x20007398                CMD_TrasmitBeacon
 .text.CMD_GetBeaconInterval
                0x200073e0       0x6c ./src/SubSystemModules/Communication/SubsystemCommands/TRXVU_Commands.o
                0x200073e0                CMD_GetBeaconInterval
 .text.CMD_SetBaudRate
                0x2000744c       0x64 ./src/SubSystemModules/Communication/SubsystemCommands/TRXVU_Commands.o
                0x2000744c                CMD_SetBaudRate
 .text.CMD_GetTxUptime
                0x200074b0       0x68 ./src/SubSystemModules/Communication/SubsystemCommands/TRXVU_Commands.o
                0x200074b0                CMD_GetTxUptime
 .text.CMD_GetRxUptime
                0x20007518       0x68 ./src/SubSystemModules/Communication/SubsystemCommands/TRXVU_Commands.o
                0x20007518                CMD_GetRxUptime
 .text.CMD_GetNumOfOnlineCommands
                0x20007580       0x68 ./src/SubSystemModules/Communication/SubsystemCommands/TRXVU_Commands.o
                0x20007580                CMD_GetNumOfOnlineCommands
 .text.CMD_AntSetArmStatus
                0x200075e8       0x3c ./src/SubSystemModules/Communication/SubsystemCommands/TRXVU_Commands.o
                0x200075e8                CMD_AntSetArmStatus
 .text.CMD_AntGetArmStatus
                0x20007624       0x60 ./src/SubSystemModules/Communication/SubsystemCommands/TRXVU_Commands.o
                0x20007624                CMD_AntGetArmStatus
 .text.CMD_AntGetUptime
                0x20007684       0x68 ./src/SubSystemModules/Communication/SubsystemCommands/TRXVU_Commands.o
                0x20007684                CMD_AntGetUptime
 .text.CMD_StopReDeployment
                0x200076ec       0x74 ./src/SubSystemModules/Communication/SubsystemCommands/TRXVU_Commands.o
                0x200076ec                CMD_StopReDeployment
 .text.CMD_AntCancelDeployment
                0x20007760       0x58 ./src/SubSystemModules/Communication/SubsystemCommands/TRXVU_Commands.o
                0x20007760                CMD_AntCancelDeployment
 .text.CMD_DumpRamTLM
                0x200077b8      0x180 ./src/SubSystemModules/Communication/SubsystemCommands/TRXVU_Commands.o
                0x200077b8                CMD_DumpRamTLM
 .text.SendAckPacket
                0x20007938       0xfc ./src/SubSystemModules/Communication/AckHandler.o
                0x20007938                SendAckPacket
 .text.trxvu_command_router
                0x20007a34      0x578 ./src/SubSystemModules/Communication/CommandDictionary.o
                0x20007a34                trxvu_command_router
 .text.eps_command_router
                0x20007fac       0xf4 ./src/SubSystemModules/Communication/CommandDictionary.o
                0x20007fac                eps_command_router
 .text.telemetry_command_router
                0x200080a0      0x23c ./src/SubSystemModules/Communication/CommandDictionary.o
                0x200080a0                telemetry_command_router
 .text.managment_command_router
                0x200082dc      0x12c ./src/SubSystemModules/Communication/CommandDictionary.o
                0x200082dc                managment_command_router
 .text.filesystem_command_router
                0x20008408       0x24 ./src/SubSystemModules/Communication/CommandDictionary.o
                0x20008408                filesystem_command_router
 .text.sha256_transform
                0x2000842c      0x4b8 ./src/SubSystemModules/Communication/HashSecuredCMD.o
                0x2000842c                sha256_transform
 .text.sha256_init
                0x200088e4       0xb8 ./src/SubSystemModules/Communication/HashSecuredCMD.o
                0x200088e4                sha256_init
 .text.sha256_update
                0x2000899c       0xc8 ./src/SubSystemModules/Communication/HashSecuredCMD.o
                0x2000899c                sha256_update
 .text.sha256_final
                0x20008a64      0x470 ./src/SubSystemModules/Communication/HashSecuredCMD.o
                0x20008a64                sha256_final
 .text.ParseDataToCommand
                0x20008ed4      0x1ac ./src/SubSystemModules/Communication/SatCommandHandler.o
                0x20008ed4                ParseDataToCommand
 .text.AssembleCommand
                0x20009080      0x148 ./src/SubSystemModules/Communication/SatCommandHandler.o
                0x20009080                AssembleCommand
 .text.ActUponCommand
                0x200091c8      0x108 ./src/SubSystemModules/Communication/SatCommandHandler.o
                0x200091c8                ActUponCommand
 .text.setMuteEndTime
                0x200092d0       0x40 ./src/SubSystemModules/Communication/TRXVU.o
                0x200092d0                setMuteEndTime
 .text.getMuteEndTime
                0x20009310       0x44 ./src/SubSystemModules/Communication/TRXVU.o
                0x20009310                getMuteEndTime
 .text.setTransponderEndTime
                0x20009354       0x40 ./src/SubSystemModules/Communication/TRXVU.o
                0x20009354                setTransponderEndTime
 .text.getTransponderEndTime
                0x20009394       0x44 ./src/SubSystemModules/Communication/TRXVU.o
                0x20009394                getTransponderEndTime
 .text.setTransponderRSSIinFRAM
                0x200093d8       0x44 ./src/SubSystemModules/Communication/TRXVU.o
                0x200093d8                setTransponderRSSIinFRAM
 .text.getTransponderRSSIFromFRAM
                0x2000941c       0x4c ./src/SubSystemModules/Communication/TRXVU.o
                0x2000941c                getTransponderRSSIFromFRAM
 .text.InitTxModule
                0x20009468       0x68 ./src/SubSystemModules/Communication/TRXVU.o
                0x20009468                InitTxModule
 .text.CMD_SetBeaconInterval
                0x200094d0       0xdc ./src/SubSystemModules/Communication/TRXVU.o
                0x200094d0                CMD_SetBeaconInterval
 .text.InitBeaconParams
                0x200095ac       0x3c ./src/SubSystemModules/Communication/TRXVU.o
                0x200095ac                InitBeaconParams
 .text.InitSemaphores
                0x200095e8       0x98 ./src/SubSystemModules/Communication/TRXVU.o
                0x200095e8                InitSemaphores
 .text.InitTrxvu
                0x20009680      0x138 ./src/SubSystemModules/Communication/TRXVU.o
                0x20009680                InitTrxvu
 .text.checkIdleFinish
                0x200097b8       0x68 ./src/SubSystemModules/Communication/TRXVU.o
                0x200097b8                checkIdleFinish
 .text.checkTransponderFinish
                0x20009820       0x50 ./src/SubSystemModules/Communication/TRXVU.o
                0x20009820                checkTransponderFinish
 .text.checkTransponderStart
                0x20009870       0x50 ./src/SubSystemModules/Communication/TRXVU.o
                0x20009870                checkTransponderStart
 .text.turnOnTransponder
                0x200098c0       0xa0 ./src/SubSystemModules/Communication/TRXVU.o
                0x200098c0                turnOnTransponder
 .text.turnOffTransponder
                0x20009960       0x90 ./src/SubSystemModules/Communication/TRXVU.o
                0x20009960                turnOffTransponder
 .text.SetRSSITransponder
                0x200099f0       0x80 ./src/SubSystemModules/Communication/TRXVU.o
                0x200099f0                SetRSSITransponder
 .text.TRX_Logic
                0x20009a70       0xe4 ./src/SubSystemModules/Communication/TRXVU.o
                0x20009a70                TRX_Logic
 .text.GetNumberOfFramesInBuffer
                0x20009b54       0x94 ./src/SubSystemModules/Communication/TRXVU.o
                0x20009b54                GetNumberOfFramesInBuffer
 .text.GetOnlineCommand
                0x20009be8      0x1d0 ./src/SubSystemModules/Communication/TRXVU.o
                0x20009be8                GetOnlineCommand
 .text.CheckTransmitionAllowed
                0x20009db8       0xc0 ./src/SubSystemModules/Communication/TRXVU.o
                0x20009db8                CheckTransmitionAllowed
 .text.FinishDump
                0x20009e78       0xf0 ./src/SubSystemModules/Communication/TRXVU.o
                0x20009e78                FinishDump
 .text.AbortDump
                0x20009f68       0x34 ./src/SubSystemModules/Communication/TRXVU.o
                0x20009f68                AbortDump
 .text.SendDumpAbortRequest
                0x20009f9c       0x6c ./src/SubSystemModules/Communication/TRXVU.o
                0x20009f9c                SendDumpAbortRequest
 .text.CheckDumpAbort
                0x2000a008       0x6c ./src/SubSystemModules/Communication/TRXVU.o
                0x2000a008                CheckDumpAbort
 .text.BeaconLogic
                0x2000a074      0x184 ./src/SubSystemModules/Communication/TRXVU.o
                0x2000a074                BeaconLogic
 .text.SetIdleState
                0x2000a1f8      0x144 ./src/SubSystemModules/Communication/TRXVU.o
                0x2000a1f8                SetIdleState
 .text.muteTRXVU
                0x2000a33c       0x74 ./src/SubSystemModules/Communication/TRXVU.o
                0x2000a33c                muteTRXVU
 .text.UnMuteTRXVU
                0x2000a3b0       0x14 ./src/SubSystemModules/Communication/TRXVU.o
                0x2000a3b0                UnMuteTRXVU
 .text.TransmitDataAsSPL_Packet
                0x2000a3c4      0x12c ./src/SubSystemModules/Communication/TRXVU.o
                0x2000a3c4                TransmitDataAsSPL_Packet
 .text.TransmitSplPacket
                0x2000a4f0      0x124 ./src/SubSystemModules/Communication/TRXVU.o
                0x2000a4f0                TransmitSplPacket
 .text.isFirstActivation
                0x2000a614       0x38 ./src/InitSystem.o
                0x2000a614                isFirstActivation
 .text.WriteDefaultValuesToFRAM
                0x2000a64c      0x2ac ./src/InitSystem.o
                0x2000a64c                WriteDefaultValuesToFRAM
 .text.StartFRAM
                0x2000a8f8       0x64 ./src/InitSystem.o
                0x2000a8f8                StartFRAM
 .text.StartI2C
                0x2000a95c       0x38 ./src/InitSystem.o
                0x2000a95c                StartI2C
 .text.StartSPI
                0x2000a994       0x34 ./src/InitSystem.o
                0x2000a994                StartSPI
 .text.StartTIME
                0x2000a9c8       0xbc ./src/InitSystem.o
                0x2000a9c8                StartTIME
 .text.DeploySystem
                0x2000aa84      0x1b4 ./src/InitSystem.o
                0x2000aa84                DeploySystem
 .text.InitSubsystems
                0x2000ac38       0x64 ./src/InitSystem.o
                0x2000ac38                InitSubsystems
 .text.CMD_getInfoImage
                0x2000ac9c      0x158 ./src/TLM_management.o
                0x2000ac9c                CMD_getInfoImage
 .text.CMD_getDataImage
                0x2000adf4      0x218 ./src/TLM_management.o
                0x2000adf4                CMD_getDataImage
 .text.delete_allTMFilesFromSD
                0x2000b00c       0x8c ./src/TLM_management.o
                0x2000b00c                delete_allTMFilesFromSD
 .text.deleteTLMFiles
                0x2000b098       0x94 ./src/TLM_management.o
                0x2000b098                deleteTLMFiles
 .text.deleteTLMFile
                0x2000b12c       0xcc ./src/TLM_management.o
                0x2000b12c                deleteTLMFile
 .text.deleteTLMbyMonth
                0x2000b1f8       0xac ./src/TLM_management.o
                0x2000b1f8                deleteTLMbyMonth
 .text.deleteDirectory
                0x2000b2a4      0x158 ./src/TLM_management.o
                0x2000b2a4                deleteDirectory
 .text.InitializeFS
                0x2000b3fc       0xec ./src/TLM_management.o
                0x2000b3fc                InitializeFS
 .text.calculateFileName
                0x2000b4e8      0x130 ./src/TLM_management.o
                0x2000b4e8                calculateFileName
 .text.getTlmTypeInfo
                0x2000b618      0x294 ./src/TLM_management.o
                0x2000b618                getTlmTypeInfo
 .text.write2File
                0x2000b8ac      0x1dc ./src/TLM_management.o
                0x2000b8ac                write2File
 .text.printTLM
                0x2000ba88       0x24 ./src/TLM_management.o
                0x2000ba88                printTLM
 .text.readTLMFile
                0x2000baac      0x328 ./src/TLM_management.o
                0x2000baac                readTLMFile
 .text.readTLMFiles
                0x2000bdd4       0xdc ./src/TLM_management.o
                0x2000bdd4                readTLMFiles
 .text.readTLMFileTimeRange
                0x2000beb0      0x2f0 ./src/TLM_management.o
                0x2000beb0                readTLMFileTimeRange
 .text.DeInitializeFS
                0x2000c1a0       0x38 ./src/TLM_management.o
                0x2000c1a0                DeInitializeFS
 .text.taskMain
                0x2000c1d8       0x84 ./src/main.o
                0x2000c1d8                taskMain
 .text.main     0x2000c25c       0x98 ./src/main.o
                0x2000c25c                main
 .text.timeU2time
                0x2000c2f4       0xbc ./src/utils.o
                0x2000c2f4                timeU2time
 .text.logError
                0x2000c3b0      0x148 ./src/utils.o
                0x2000c3b0                logError
 .text.clearPDCtransfers
                0x2000c4f8       0xe8 C:/ISIS/workspace/ycube/GlobusSatProject/..//hal/hal/lib\libHALD.a(SPI.o)
 .text.SPI_start
                0x2000c5e0      0x4b0 C:/ISIS/workspace/ycube/GlobusSatProject/..//hal/hal/lib\libHALD.a(SPI.o)
                0x2000c5e0                SPI_start
 .text.SPI_stop
                0x2000ca90      0x244 C:/ISIS/workspace/ycube/GlobusSatProject/..//hal/hal/lib\libHALD.a(SPI.o)
                0x2000ca90                SPI_stop
 .text.SPI_queueTransfer
                0x2000ccd4      0x1cc C:/ISIS/workspace/ycube/GlobusSatProject/..//hal/hal/lib\libHALD.a(SPI.o)
                0x2000ccd4                SPI_queueTransfer
 .text.SPI_internalCallback
                0x2000cea0       0x64 C:/ISIS/workspace/ycube/GlobusSatProject/..//hal/hal/lib\libHALD.a(SPI.o)
 .text.SPI_writeRead
                0x2000cf04      0x1c0 C:/ISIS/workspace/ycube/GlobusSatProject/..//hal/hal/lib\libHALD.a(SPI.o)
                0x2000cf04                SPI_writeRead
 .text.waitForTransfer
                0x2000d0c4       0x78 C:/ISIS/workspace/ycube/GlobusSatProject/..//hal/hal/lib\libHALD.a(SPI.o)
 .text.SPI_getDriverState
                0x2000d13c       0x58 C:/ISIS/workspace/ycube/GlobusSatProject/..//hal/hal/lib\libHALD.a(SPI.o)
                0x2000d13c                SPI_getDriverState
 .text.validateTransferParameters
                0x2000d194      0x10c C:/ISIS/workspace/ycube/GlobusSatProject/..//hal/hal/lib\libHALD.a(I2C.o)
 .text.I2C_queueTransfer
                0x2000d2a0       0xfc C:/ISIS/workspace/ycube/GlobusSatProject/..//hal/hal/lib\libHALD.a(I2C.o)
                0x2000d2a0                I2C_queueTransfer
 .text.I2C_internalCallback
                0x2000d39c       0x64 C:/ISIS/workspace/ycube/GlobusSatProject/..//hal/hal/lib\libHALD.a(I2C.o)
 .text.I2C_doBlockingTransfer
                0x2000d400      0x180 C:/ISIS/workspace/ycube/GlobusSatProject/..//hal/hal/lib\libHALD.a(I2C.o)
 .text.I2C_write
                0x2000d580      0x110 C:/ISIS/workspace/ycube/GlobusSatProject/..//hal/hal/lib\libHALD.a(I2C.o)
                0x2000d580                I2C_write
 .text.I2C_read
                0x2000d690      0x110 C:/ISIS/workspace/ycube/GlobusSatProject/..//hal/hal/lib\libHALD.a(I2C.o)
                0x2000d690                I2C_read
 .text.I2C_writeRead
                0x2000d7a0      0x17c C:/ISIS/workspace/ycube/GlobusSatProject/..//hal/hal/lib\libHALD.a(I2C.o)
                0x2000d7a0                I2C_writeRead
 .text.I2C_start
                0x2000d91c      0x2e8 C:/ISIS/workspace/ycube/GlobusSatProject/..//hal/hal/lib\libHALD.a(I2C.o)
                0x2000d91c                I2C_start
 .text.I2C_stop
                0x2000dc04      0x184 C:/ISIS/workspace/ycube/GlobusSatProject/..//hal/hal/lib\libHALD.a(I2C.o)
                0x2000dc04                I2C_stop
 .text.I2C_setTransferTimeout
                0x2000dd88       0x48 C:/ISIS/workspace/ycube/GlobusSatProject/..//hal/hal/lib\libHALD.a(I2C.o)
                0x2000dd88                I2C_setTransferTimeout
 .text.ADC_ConvertRaw10bitToMillivolt
                0x2000ddd0       0x50 C:/ISIS/workspace/ycube/GlobusSatProject/..//hal/hal/lib\libHALD.a(ADC.o)
                0x2000ddd0                ADC_ConvertRaw10bitToMillivolt
 .text.ADC_SingleShot
                0x2000de20      0x230 C:/ISIS/workspace/ycube/GlobusSatProject/..//hal/hal/lib\libHALD.a(ADC.o)
                0x2000de20                ADC_SingleShot
 .text.FRAM_start
                0x2000e050      0x120 C:/ISIS/workspace/ycube/GlobusSatProject/..//hal/hal/lib\libHALD.a(FRAM.o)
                0x2000e050                FRAM_start
 .text.FRAM_stop
                0x2000e170       0x6c C:/ISIS/workspace/ycube/GlobusSatProject/..//hal/hal/lib\libHALD.a(FRAM.o)
                0x2000e170                FRAM_stop
 .text.FRAM_dummyCallback
                0x2000e1dc       0x24 C:/ISIS/workspace/ycube/GlobusSatProject/..//hal/hal/lib\libHALD.a(FRAM.o)
                0x2000e1dc                FRAM_dummyCallback
 .text.FRAM_unlockingCallback
                0x2000e200       0x64 C:/ISIS/workspace/ycube/GlobusSatProject/..//hal/hal/lib\libHALD.a(FRAM.o)
                0x2000e200                FRAM_unlockingCallback
 .text.doBlockingTransfer
                0x2000e264       0x78 C:/ISIS/workspace/ycube/GlobusSatProject/..//hal/hal/lib\libHALD.a(FRAM.o)
 .text.FRAM_writePacket
                0x2000e2dc      0x134 C:/ISIS/workspace/ycube/GlobusSatProject/..//hal/hal/lib\libHALD.a(FRAM.o)
 .text.FRAM_write
                0x2000e410      0x1e0 C:/ISIS/workspace/ycube/GlobusSatProject/..//hal/hal/lib\libHALD.a(FRAM.o)
                0x2000e410                FRAM_write
 .text.FRAM_readPacket
                0x2000e5f0       0xf0 C:/ISIS/workspace/ycube/GlobusSatProject/..//hal/hal/lib\libHALD.a(FRAM.o)
 .text.FRAM_read
                0x2000e6e0      0x1ec C:/ISIS/workspace/ycube/GlobusSatProject/..//hal/hal/lib\libHALD.a(FRAM.o)
                0x2000e6e0                FRAM_read
 .text.Time_start
                0x2000e8cc      0x170 C:/ISIS/workspace/ycube/GlobusSatProject/..//hal/hal/lib\libHALD.a(Time.o)
                0x2000e8cc                Time_start
 .text.taskTimeSync
                0x2000ea3c       0x64 C:/ISIS/workspace/ycube/GlobusSatProject/..//hal/hal/lib\libHALD.a(Time.o)
 .text.Time_convertEpochToTime
                0x2000eaa0      0x100 C:/ISIS/workspace/ycube/GlobusSatProject/..//hal/hal/lib\libHALD.a(Time.o)
                0x2000eaa0                Time_convertEpochToTime
 .text.Time_calculateSecondsOfYear
                0x2000eba0       0xd8 C:/ISIS/workspace/ycube/GlobusSatProject/..//hal/hal/lib\libHALD.a(Time.o)
 .text.Time_set
                0x2000ec78       0xd8 C:/ISIS/workspace/ycube/GlobusSatProject/..//hal/hal/lib\libHALD.a(Time.o)
                0x2000ec78                Time_set
 .text.Time_isLeapYear
                0x2000ed50       0x98 C:/ISIS/workspace/ycube/GlobusSatProject/..//hal/hal/lib\libHALD.a(Time.o)
                0x2000ed50                Time_isLeapYear
 .text.Time_get
                0x2000ede8      0x478 C:/ISIS/workspace/ycube/GlobusSatProject/..//hal/hal/lib\libHALD.a(Time.o)
                0x2000ede8                Time_get
 .text.Time_getUnixEpoch
                0x2000f260      0x108 C:/ISIS/workspace/ycube/GlobusSatProject/..//hal/hal/lib\libHALD.a(Time.o)
                0x2000f260                Time_getUnixEpoch
 .text.Time_secondsOfYearToTime
                0x2000f368      0x33c C:/ISIS/workspace/ycube/GlobusSatProject/..//hal/hal/lib\libHALD.a(Time.o)
 .text.Time_setUnixEpoch
                0x2000f6a4       0x54 C:/ISIS/workspace/ycube/GlobusSatProject/..//hal/hal/lib\libHALD.a(Time.o)
                0x2000f6a4                Time_setUnixEpoch
 .text.Time_getUptimeSeconds
                0x2000f6f8       0x28 C:/ISIS/workspace/ycube/GlobusSatProject/..//hal/hal/lib\libHALD.a(Time.o)
                0x2000f6f8                Time_getUptimeSeconds
 .text.Time_sync
                0x2000f720      0x1a8 C:/ISIS/workspace/ycube/GlobusSatProject/..//hal/hal/lib\libHALD.a(Time.o)
                0x2000f720                Time_sync
 .text.Time_syncIfNeeded
                0x2000f8c8       0xac C:/ISIS/workspace/ycube/GlobusSatProject/..//hal/hal/lib\libHALD.a(Time.o)
                0x2000f8c8                Time_syncIfNeeded
 .text.WDT_start
                0x2000f974       0x48 C:/ISIS/workspace/ycube/GlobusSatProject/..//hal/hal/lib\libHALD.a(WatchDogTimerNoOS.o)
                0x2000f974                WDT_start
 .text.RTT_start
                0x2000f9bc       0x24 C:/ISIS/workspace/ycube/GlobusSatProject/..//hal/hal/lib\libHALD.a(RTT.o)
                0x2000f9bc                RTT_start
 .text.RTT_GetTime
                0x2000f9e0       0x24 C:/ISIS/workspace/ycube/GlobusSatProject/..//hal/hal/lib\libHALD.a(RTT.o)
                0x2000f9e0                RTT_GetTime
 .text.RTC_start
                0x2000fa04       0x3c C:/ISIS/workspace/ycube/GlobusSatProject/..//hal/hal/lib\libHALD.a(RTC.o)
                0x2000fa04                RTC_start
 .text.RTC_setTime
                0x2000fa40      0x2a4 C:/ISIS/workspace/ycube/GlobusSatProject/..//hal/hal/lib\libHALD.a(RTC.o)
                0x2000fa40                RTC_setTime
 .text.RTC_getTime
                0x2000fce4      0x230 C:/ISIS/workspace/ycube/GlobusSatProject/..//hal/hal/lib\libHALD.a(RTC.o)
                0x2000fce4                RTC_getTime
 .text.RTC_checkTimeValid
                0x2000ff14       0xd8 C:/ISIS/workspace/ycube/GlobusSatProject/..//hal/hal/lib\libHALD.a(RTC.o)
                0x2000ff14                RTC_checkTimeValid
 .text.WDT_startWatchdogKickTask
                0x2000ffec       0xb4 C:/ISIS/workspace/ycube/GlobusSatProject/..//hal/hal/lib\libHALD.a(WatchDogTimerOS.o)
                0x2000ffec                WDT_startWatchdogKickTask
 .text.WDT_forceKickEveryNms
                0x200100a0       0x50 C:/ISIS/workspace/ycube/GlobusSatProject/..//hal/hal/lib\libHALD.a(WatchDogTimerOS.o)
                0x200100a0                WDT_forceKickEveryNms
 .text.f_puts   0x200100f0       0x80 C:/ISIS/workspace/ycube/GlobusSatProject/..//hal/hal/lib\libHALD.a(fprintf.o)
                0x200100f0                f_puts
 .text.LED_glow
                0x20010170       0x58 C:/ISIS/workspace/ycube/GlobusSatProject/..//hal/hal/lib\libHALD.a(LED.o)
                0x20010170                LED_glow
 .text.LED_dark
                0x200101c8       0x58 C:/ISIS/workspace/ycube/GlobusSatProject/..//hal/hal/lib\libHALD.a(LED.o)
                0x200101c8                LED_dark
 .text.LED_toggle
                0x20010220       0x50 C:/ISIS/workspace/ycube/GlobusSatProject/..//hal/hal/lib\libHALD.a(LED.o)
                0x20010220                LED_toggle
 .text.fm_initvolume
                0x20010270       0x70 C:/ISIS/workspace/ycube/GlobusSatProject/..//hal/hcc/lib\libHCCD.a(fat_m.o)
                0x20010270                fm_initvolume
 .text.fm_delvolume
                0x200102e0       0x60 C:/ISIS/workspace/ycube/GlobusSatProject/..//hal/hcc/lib\libHCCD.a(fat_m.o)
                0x200102e0                fm_delvolume
 .text.fm_format
                0x20010340       0x68 C:/ISIS/workspace/ycube/GlobusSatProject/..//hal/hcc/lib\libHCCD.a(fat_m.o)
                0x20010340                fm_format
 .text.fm_getdrive
                0x200103a8       0x70 C:/ISIS/workspace/ycube/GlobusSatProject/..//hal/hcc/lib\libHCCD.a(fat_m.o)
                0x200103a8                fm_getdrive
 .text.fm_getfreespace
                0x20010418       0x68 C:/ISIS/workspace/ycube/GlobusSatProject/..//hal/hcc/lib\libHCCD.a(fat_m.o)
                0x20010418                fm_getfreespace
 .text.fm_mkdir
                0x20010480       0x60 C:/ISIS/workspace/ycube/GlobusSatProject/..//hal/hcc/lib\libHCCD.a(fat_m.o)
                0x20010480                fm_mkdir
 .text.fm_rmdir
                0x200104e0       0x60 C:/ISIS/workspace/ycube/GlobusSatProject/..//hal/hcc/lib\libHCCD.a(fat_m.o)
                0x200104e0                fm_rmdir
 .text.fm_findfirst
                0x20010540       0x68 C:/ISIS/workspace/ycube/GlobusSatProject/..//hal/hcc/lib\libHCCD.a(fat_m.o)
                0x20010540                fm_findfirst
 .text.fm_findnext
                0x200105a8       0x60 C:/ISIS/workspace/ycube/GlobusSatProject/..//hal/hcc/lib\libHCCD.a(fat_m.o)
                0x200105a8                fm_findnext
 .text.fm_close
                0x20010608       0x60 C:/ISIS/workspace/ycube/GlobusSatProject/..//hal/hcc/lib\libHCCD.a(fat_m.o)
                0x20010608                fm_close
 .text.fm_flush
                0x20010668       0x60 C:/ISIS/workspace/ycube/GlobusSatProject/..//hal/hcc/lib\libHCCD.a(fat_m.o)
                0x20010668                fm_flush
 .text.fm_open  0x200106c8       0x68 C:/ISIS/workspace/ycube/GlobusSatProject/..//hal/hcc/lib\libHCCD.a(fat_m.o)
                0x200106c8                fm_open
 .text.fm_read  0x20010730       0x7c C:/ISIS/workspace/ycube/GlobusSatProject/..//hal/hcc/lib\libHCCD.a(fat_m.o)
                0x20010730                fm_read
 .text.fm_write
                0x200107ac       0x7c C:/ISIS/workspace/ycube/GlobusSatProject/..//hal/hcc/lib\libHCCD.a(fat_m.o)
                0x200107ac                fm_write
 .text.fm_seek  0x20010828       0x70 C:/ISIS/workspace/ycube/GlobusSatProject/..//hal/hcc/lib\libHCCD.a(fat_m.o)
                0x20010828                fm_seek
 .text.fm_tell  0x20010898       0x60 C:/ISIS/workspace/ycube/GlobusSatProject/..//hal/hcc/lib\libHCCD.a(fat_m.o)
                0x20010898                fm_tell
 .text.fm_putc  0x200108f8       0x68 C:/ISIS/workspace/ycube/GlobusSatProject/..//hal/hcc/lib\libHCCD.a(fat_m.o)
                0x200108f8                fm_putc
 .text.fm_rewind
                0x20010960       0x60 C:/ISIS/workspace/ycube/GlobusSatProject/..//hal/hcc/lib\libHCCD.a(fat_m.o)
                0x20010960                fm_rewind
 .text.fm_delete
                0x200109c0       0x64 C:/ISIS/workspace/ycube/GlobusSatProject/..//hal/hcc/lib\libHCCD.a(fat_m.o)
                0x200109c0                fm_delete
 .text.fm_getlasterror
                0x20010a24       0x40 C:/ISIS/workspace/ycube/GlobusSatProject/..//hal/hcc/lib\libHCCD.a(fat_m.o)
                0x20010a24                fm_getlasterror
 .text._f_invalidatedir
                0x20010a64       0x28 C:/ISIS/workspace/ycube/GlobusSatProject/..//hal/hcc/lib\libHCCD.a(fat.o)
                0x20010a64                _f_invalidatedir
 .text._f_getdirsector
                0x20010a8c       0x88 C:/ISIS/workspace/ycube/GlobusSatProject/..//hal/hcc/lib\libHCCD.a(fat.o)
                0x20010a8c                _f_getdirsector
 .text._f_writedirsector
                0x20010b14       0x74 C:/ISIS/workspace/ycube/GlobusSatProject/..//hal/hcc/lib\libHCCD.a(fat.o)
                0x20010b14                _f_writedirsector
 .text._f_checknameinv
                0x20010b88      0x180 C:/ISIS/workspace/ycube/GlobusSatProject/..//hal/hcc/lib\libHCCD.a(fat.o)
 .text._f_checkname
                0x20010d08       0x7c C:/ISIS/workspace/ycube/GlobusSatProject/..//hal/hcc/lib\libHCCD.a(fat.o)
 .text._f_checknamewc
                0x20010d84       0xf8 C:/ISIS/workspace/ycube/GlobusSatProject/..//hal/hcc/lib\libHCCD.a(fat.o)
 .text._f_setnameext
                0x20010e7c      0x300 C:/ISIS/workspace/ycube/GlobusSatProject/..//hal/hcc/lib\libHCCD.a(fat.o)
 .text._f_setfsname
                0x2001117c      0x584 C:/ISIS/workspace/ycube/GlobusSatProject/..//hal/hcc/lib\libHCCD.a(fat.o)
 .text._f_findfile
                0x20011700      0x30c C:/ISIS/workspace/ycube/GlobusSatProject/..//hal/hcc/lib\libHCCD.a(fat.o)
 .text._f_cmp_wname
                0x20011a0c      0x274 C:/ISIS/workspace/ycube/GlobusSatProject/..//hal/hcc/lib\libHCCD.a(fat.o)
 .text._f_to_string
                0x20011c80      0x130 C:/ISIS/workspace/ycube/GlobusSatProject/..//hal/hcc/lib\libHCCD.a(fat.o)
 .text._f_findfilewc
                0x20011db0      0x278 C:/ISIS/workspace/ycube/GlobusSatProject/..//hal/hcc/lib\libHCCD.a(fat.o)
 .text._f_getfilename
                0x20012028      0x20c C:/ISIS/workspace/ycube/GlobusSatProject/..//hal/hcc/lib\libHCCD.a(fat.o)
 .text._f_findpath
                0x20012234      0x35c C:/ISIS/workspace/ycube/GlobusSatProject/..//hal/hcc/lib\libHCCD.a(fat.o)
 .text.fn_getdcwd
                0x20012590      0x1e0 C:/ISIS/workspace/ycube/GlobusSatProject/..//hal/hcc/lib\libHCCD.a(fat.o)
                0x20012590                fn_getdcwd
 .text.fn_findfirst
                0x20012770      0x13c C:/ISIS/workspace/ycube/GlobusSatProject/..//hal/hcc/lib\libHCCD.a(fat.o)
                0x20012770                fn_findfirst
 .text.fn_findnext
                0x200128ac      0x360 C:/ISIS/workspace/ycube/GlobusSatProject/..//hal/hcc/lib\libHCCD.a(fat.o)
                0x200128ac                fn_findnext
 .text._f_lock_resfile
                0x20012c0c       0x6c C:/ISIS/workspace/ycube/GlobusSatProject/..//hal/hcc/lib\libHCCD.a(fat.o)
 .text._f_unlock_resfile
                0x20012c78       0x40 C:/ISIS/workspace/ycube/GlobusSatProject/..//hal/hcc/lib\libHCCD.a(fat.o)
 .text._f_getintfile
                0x20012cb8      0x124 C:/ISIS/workspace/ycube/GlobusSatProject/..//hal/hcc/lib\libHCCD.a(fat.o)
 .text._f_addentry
                0x20012ddc      0x540 C:/ISIS/workspace/ycube/GlobusSatProject/..//hal/hcc/lib\libHCCD.a(fat.o)
 .text.fn_mkdir
                0x2001331c      0x75c C:/ISIS/workspace/ycube/GlobusSatProject/..//hal/hcc/lib\libHCCD.a(fat.o)
                0x2001331c                fn_mkdir
 .text.fn_open_sub
                0x20013a78     0x1698 C:/ISIS/workspace/ycube/GlobusSatProject/..//hal/hcc/lib\libHCCD.a(fat.o)
 .text.fn_open  0x20015110       0x44 C:/ISIS/workspace/ycube/GlobusSatProject/..//hal/hcc/lib\libHCCD.a(fat.o)
                0x20015110                fn_open
 .text.fn_delete
                0x20015154      0x490 C:/ISIS/workspace/ycube/GlobusSatProject/..//hal/hcc/lib\libHCCD.a(fat.o)
                0x20015154                fn_delete
 .text.fn_rmdir
                0x200155e4      0x5ac C:/ISIS/workspace/ycube/GlobusSatProject/..//hal/hcc/lib\libHCCD.a(fat.o)
                0x200155e4                fn_rmdir
 .text.fn_init  0x20015b90      0x2dc C:/ISIS/workspace/ycube/GlobusSatProject/..//hal/hcc/lib\libHCCD.a(fat_common.o)
                0x20015b90                fn_init
 .text.fn_start
                0x20015e6c       0x1c C:/ISIS/workspace/ycube/GlobusSatProject/..//hal/hcc/lib\libHCCD.a(fat_common.o)
                0x20015e6c                fn_start
 .text.fsn_delete
                0x20015e88       0xc8 C:/ISIS/workspace/ycube/GlobusSatProject/..//hal/hcc/lib\libHCCD.a(fat_common.o)
                0x20015e88                fsn_delete
 .text._f_get16bitl
                0x20015f50       0x4c C:/ISIS/workspace/ycube/GlobusSatProject/..//hal/hcc/lib\libHCCD.a(fat_common.o)
                0x20015f50                _f_get16bitl
 .text._f_set16bitl
                0x20015f9c       0x54 C:/ISIS/workspace/ycube/GlobusSatProject/..//hal/hcc/lib\libHCCD.a(fat_common.o)
                0x20015f9c                _f_set16bitl
 .text._f_get32bitl
                0x20015ff0       0x68 C:/ISIS/workspace/ycube/GlobusSatProject/..//hal/hcc/lib\libHCCD.a(fat_common.o)
                0x20015ff0                _f_get32bitl
 .text._f_set32bitl
                0x20016058       0x78 C:/ISIS/workspace/ycube/GlobusSatProject/..//hal/hcc/lib\libHCCD.a(fat_common.o)
                0x20016058                _f_set32bitl
 .text._get8bit
                0x200160d0       0xa0 C:/ISIS/workspace/ycube/GlobusSatProject/..//hal/hcc/lib\libHCCD.a(fat_common.o)
 .text._get16bitl
                0x20016170       0x40 C:/ISIS/workspace/ycube/GlobusSatProject/..//hal/hcc/lib\libHCCD.a(fat_common.o)
 .text._get32bitl
                0x200161b0       0x3c C:/ISIS/workspace/ycube/GlobusSatProject/..//hal/hcc/lib\libHCCD.a(fat_common.o)
 .text._set8bitzero
                0x200161ec       0x6c C:/ISIS/workspace/ycube/GlobusSatProject/..//hal/hcc/lib\libHCCD.a(fat_common.o)
 .text._set8bit
                0x20016258       0xa0 C:/ISIS/workspace/ycube/GlobusSatProject/..//hal/hcc/lib\libHCCD.a(fat_common.o)
 .text._set16bitl
                0x200162f8       0x3c C:/ISIS/workspace/ycube/GlobusSatProject/..//hal/hcc/lib\libHCCD.a(fat_common.o)
 .text._set32bitl
                0x20016334       0x34 C:/ISIS/workspace/ycube/GlobusSatProject/..//hal/hcc/lib\libHCCD.a(fat_common.o)
 .text._f_setcardremoved
                0x20016368       0x94 C:/ISIS/workspace/ycube/GlobusSatProject/..//hal/hcc/lib\libHCCD.a(fat_common.o)
 .text._f_checkstatus
                0x200163fc      0x104 C:/ISIS/workspace/ycube/GlobusSatProject/..//hal/hcc/lib\libHCCD.a(fat_common.o)
                0x200163fc                _f_checkstatus
 .text._f_drvgetphy
                0x20016500      0x114 C:/ISIS/workspace/ycube/GlobusSatProject/..//hal/hcc/lib\libHCCD.a(fat_common.o)
 .text._f_drvwritesector
                0x20016614       0xdc C:/ISIS/workspace/ycube/GlobusSatProject/..//hal/hcc/lib\libHCCD.a(fat_common.o)
 .text._f_drvreadsector
                0x200166f0       0xa8 C:/ISIS/workspace/ycube/GlobusSatProject/..//hal/hcc/lib\libHCCD.a(fat_common.o)
 .text._f_writesector
                0x20016798      0x23c C:/ISIS/workspace/ycube/GlobusSatProject/..//hal/hcc/lib\libHCCD.a(fat_common.o)
                0x20016798                _f_writesector
 .text._f_readsector
                0x200169d4      0x1dc C:/ISIS/workspace/ycube/GlobusSatProject/..//hal/hcc/lib\libHCCD.a(fat_common.o)
                0x200169d4                _f_readsector
 .text._f_getmaxcluster
                0x20016bb0       0x94 C:/ISIS/workspace/ycube/GlobusSatProject/..//hal/hcc/lib\libHCCD.a(fat_common.o)
                0x20016bb0                _f_getmaxcluster
 .text._getsectorfromcluster
                0x20016c44       0x68 C:/ISIS/workspace/ycube/GlobusSatProject/..//hal/hcc/lib\libHCCD.a(fat_common.o)
 .text._f_buildsectors
                0x20016cac      0x268 C:/ISIS/workspace/ycube/GlobusSatProject/..//hal/hcc/lib\libHCCD.a(fat_common.o)
 .text._f_getbootrecord
                0x20016f14      0x5e4 C:/ISIS/workspace/ycube/GlobusSatProject/..//hal/hcc/lib\libHCCD.a(fat_common.o)
 .text._f_readbootrecord
                0x200174f8      0x4f8 C:/ISIS/workspace/ycube/GlobusSatProject/..//hal/hcc/lib\libHCCD.a(fat_common.o)
 .text._f_writebootrecord
                0x200179f0      0x5e4 C:/ISIS/workspace/ycube/GlobusSatProject/..//hal/hcc/lib\libHCCD.a(fat_common.o)
 .text._f_flushcffiles
                0x20017fd4      0x17c C:/ISIS/workspace/ycube/GlobusSatProject/..//hal/hcc/lib\libHCCD.a(fat_common.o)
                0x20017fd4                _f_flushcffiles
 .text._f_fatcache_flush
                0x20018150      0x270 C:/ISIS/workspace/ycube/GlobusSatProject/..//hal/hcc/lib\libHCCD.a(fat_common.o)
                0x20018150                _f_fatcache_flush
 .text._f_writefatsector
                0x200183c0      0x100 C:/ISIS/workspace/ycube/GlobusSatProject/..//hal/hcc/lib\libHCCD.a(fat_common.o)
                0x200183c0                _f_writefatsector
 .text._f_getfatsector
                0x200184c0      0x3bc C:/ISIS/workspace/ycube/GlobusSatProject/..//hal/hcc/lib\libHCCD.a(fat_common.o)
 .text._f_setclustervalue
                0x2001887c      0x490 C:/ISIS/workspace/ycube/GlobusSatProject/..//hal/hcc/lib\libHCCD.a(fat_common.o)
                0x2001887c                _f_setclustervalue
 .text._f_getclustervalue
                0x20018d0c      0x388 C:/ISIS/workspace/ycube/GlobusSatProject/..//hal/hcc/lib\libHCCD.a(fat_common.o)
                0x20018d0c                _f_getclustervalue
 .text._f_close_drive_files
                0x20019094       0xac C:/ISIS/workspace/ycube/GlobusSatProject/..//hal/hcc/lib\libHCCD.a(fat_common.o)
 .text._f_inc_mount_count
                0x20019140       0xa4 C:/ISIS/workspace/ycube/GlobusSatProject/..//hal/hcc/lib\libHCCD.a(fat_common.o)
 .text._f_getvolume
                0x200191e4      0x2f8 C:/ISIS/workspace/ycube/GlobusSatProject/..//hal/hcc/lib\libHCCD.a(fat_common.o)
                0x200191e4                _f_getvolume
 .text.fn_createdriver
                0x200194dc      0x118 C:/ISIS/workspace/ycube/GlobusSatProject/..//hal/hcc/lib\libHCCD.a(fat_common.o)
                0x200194dc                fn_createdriver
 .text.fn_initvolume
                0x200195f4      0x12c C:/ISIS/workspace/ycube/GlobusSatProject/..//hal/hcc/lib\libHCCD.a(fat_common.o)
                0x200195f4                fn_initvolume
 .text.fn_releasedriver
                0x20019720       0xf4 C:/ISIS/workspace/ycube/GlobusSatProject/..//hal/hcc/lib\libHCCD.a(fat_common.o)
                0x20019720                fn_releasedriver
 .text.fn_initvolumepartition_sub
                0x20019814       0xe0 C:/ISIS/workspace/ycube/GlobusSatProject/..//hal/hcc/lib\libHCCD.a(fat_common.o)
 .text.fn_initvolumepartition
                0x200198f4       0xac C:/ISIS/workspace/ycube/GlobusSatProject/..//hal/hcc/lib\libHCCD.a(fat_common.o)
                0x200198f4                fn_initvolumepartition
 .text.fn_delvolume
                0x200199a0      0x194 C:/ISIS/workspace/ycube/GlobusSatProject/..//hal/hcc/lib\libHCCD.a(fat_common.o)
                0x200199a0                fn_delvolume
 .text._f_clustertopos
                0x20019b34       0xf8 C:/ISIS/workspace/ycube/GlobusSatProject/..//hal/hcc/lib\libHCCD.a(fat_common.o)
                0x20019b34                _f_clustertopos
 .text._f_prepareformat
                0x20019c2c      0x8b8 C:/ISIS/workspace/ycube/GlobusSatProject/..//hal/hcc/lib\libHCCD.a(fat_common.o)
 .text._f_resetfatentries
                0x2001a4e4      0x410 C:/ISIS/workspace/ycube/GlobusSatProject/..//hal/hcc/lib\libHCCD.a(fat_common.o)
 .text._f_resetrootdir
                0x2001a8f4       0xcc C:/ISIS/workspace/ycube/GlobusSatProject/..//hal/hcc/lib\libHCCD.a(fat_common.o)
 .text._f_postformat
                0x2001a9c0      0x178 C:/ISIS/workspace/ycube/GlobusSatProject/..//hal/hcc/lib\libHCCD.a(fat_common.o)
 .text.fn_format
                0x2001ab38      0x148 C:/ISIS/workspace/ycube/GlobusSatProject/..//hal/hcc/lib\libHCCD.a(fat_common.o)
                0x2001ab38                fn_format
 .text._f_getcurrsector
                0x2001ac80      0x6c8 C:/ISIS/workspace/ycube/GlobusSatProject/..//hal/hcc/lib\libHCCD.a(fat_common.o)
                0x2001ac80                _f_getcurrsector
 .text._f_getdecluster
                0x2001b348       0x90 C:/ISIS/workspace/ycube/GlobusSatProject/..//hal/hcc/lib\libHCCD.a(fat_common.o)
                0x2001b348                _f_getdecluster
 .text._f_setdecluster
                0x2001b3d8       0x8c C:/ISIS/workspace/ycube/GlobusSatProject/..//hal/hcc/lib\libHCCD.a(fat_common.o)
                0x2001b3d8                _f_setdecluster
 .text.fn_getdrive
                0x2001b464       0x30 C:/ISIS/workspace/ycube/GlobusSatProject/..//hal/hcc/lib\libHCCD.a(fat_common.o)
                0x2001b464                fn_getdrive
 .text._f_getcurrenttimedate
                0x2001b494      0x138 C:/ISIS/workspace/ycube/GlobusSatProject/..//hal/hcc/lib\libHCCD.a(fat_common.o)
                0x2001b494                _f_getcurrenttimedate
 .text._f_initentry
                0x2001b5cc       0xa0 C:/ISIS/workspace/ycube/GlobusSatProject/..//hal/hcc/lib\libHCCD.a(fat_common.o)
                0x2001b5cc                _f_initentry
 .text._f_alloccluster
                0x2001b66c      0x344 C:/ISIS/workspace/ycube/GlobusSatProject/..//hal/hcc/lib\libHCCD.a(fat_common.o)
                0x2001b66c                _f_alloccluster
 .text._f_dobadblock
                0x2001b9b0      0x2cc C:/ISIS/workspace/ycube/GlobusSatProject/..//hal/hcc/lib\libHCCD.a(fat_common.o)
                0x2001b9b0                _f_dobadblock
 .text._f_checklocked
                0x2001bc7c       0xe4 C:/ISIS/workspace/ycube/GlobusSatProject/..//hal/hcc/lib\libHCCD.a(fat_common.o)
                0x2001bc7c                _f_checklocked
 .text._f_checkappendlocked
                0x2001bd60      0x110 C:/ISIS/workspace/ycube/GlobusSatProject/..//hal/hcc/lib\libHCCD.a(fat_common.o)
                0x2001bd60                _f_checkappendlocked
 .text._f_setsyncafile
                0x2001be70      0x114 C:/ISIS/workspace/ycube/GlobusSatProject/..//hal/hcc/lib\libHCCD.a(fat_common.o)
                0x2001be70                _f_setsyncafile
 .text._f_syncfiles
                0x2001bf84      0x128 C:/ISIS/workspace/ycube/GlobusSatProject/..//hal/hcc/lib\libHCCD.a(fat_common.o)
                0x2001bf84                _f_syncfiles
 .text._f_syncfilescontent
                0x2001c0ac      0x15c C:/ISIS/workspace/ycube/GlobusSatProject/..//hal/hcc/lib\libHCCD.a(fat_common.o)
 .text.fn_getfreespace
                0x2001c208      0x4c0 C:/ISIS/workspace/ycube/GlobusSatProject/..//hal/hcc/lib\libHCCD.a(fat_common.o)
                0x2001c208                fn_getfreespace
 .text._f_emptywritecache
                0x2001c6c8      0x4a4 C:/ISIS/workspace/ycube/GlobusSatProject/..//hal/hcc/lib\libHCCD.a(fat_common.o)
 .text._f_allocnextcluster
                0x2001cb6c      0x54c C:/ISIS/workspace/ycube/GlobusSatProject/..//hal/hcc/lib\libHCCD.a(fat_common.o)
 .text._f_emptywritebuffer
                0x2001d0b8      0x20c C:/ISIS/workspace/ycube/GlobusSatProject/..//hal/hcc/lib\libHCCD.a(fat_common.o)
 .text._f_writezeros
                0x2001d2c4       0xf0 C:/ISIS/workspace/ycube/GlobusSatProject/..//hal/hcc/lib\libHCCD.a(fat_common.o)
                0x2001d2c4                _f_writezeros
 .text._f_extend_file
                0x2001d3b4      0x570 C:/ISIS/workspace/ycube/GlobusSatProject/..//hal/hcc/lib\libHCCD.a(fat_common.o)
 .text._f_fseek
                0x2001d924      0x9bc C:/ISIS/workspace/ycube/GlobusSatProject/..//hal/hcc/lib\libHCCD.a(fat_common.o)
                0x2001d924                _f_fseek
 .text._f_removechain
                0x2001e2e0      0x104 C:/ISIS/workspace/ycube/GlobusSatProject/..//hal/hcc/lib\libHCCD.a(fat_common.o)
                0x2001e2e0                _f_removechain
 .text._f_updatefileentry
                0x2001e3e4      0x1cc C:/ISIS/workspace/ycube/GlobusSatProject/..//hal/hcc/lib\libHCCD.a(fat_common.o)
 .text._f_checkreadlocked
                0x2001e5b0      0x1bc C:/ISIS/workspace/ycube/GlobusSatProject/..//hal/hcc/lib\libHCCD.a(fat_common.o)
                0x2001e5b0                _f_checkreadlocked
 .text._f_check_handle
                0x2001e76c       0x98 C:/ISIS/workspace/ycube/GlobusSatProject/..//hal/hcc/lib\libHCCD.a(fat_common.o)
                0x2001e76c                _f_check_handle
 .text._f_removesyncafile
                0x2001e804      0x1ec C:/ISIS/workspace/ycube/GlobusSatProject/..//hal/hcc/lib\libHCCD.a(fat_common.o)
 .text.fn_close
                0x2001e9f0      0x3f8 C:/ISIS/workspace/ycube/GlobusSatProject/..//hal/hcc/lib\libHCCD.a(fat_common.o)
                0x2001e9f0                fn_close
 .text.fn_flush
                0x2001ede8      0x374 C:/ISIS/workspace/ycube/GlobusSatProject/..//hal/hcc/lib\libHCCD.a(fat_common.o)
                0x2001ede8                fn_flush
 .text.fn_read  0x2001f15c      0x690 C:/ISIS/workspace/ycube/GlobusSatProject/..//hal/hcc/lib\libHCCD.a(fat_common.o)
                0x2001f15c                fn_read
 .text._f_abortwrite
                0x2001f7ec      0x100 C:/ISIS/workspace/ycube/GlobusSatProject/..//hal/hcc/lib\libHCCD.a(fat_common.o)
 .text._f_checkwritecluster
                0x2001f8ec       0xe4 C:/ISIS/workspace/ycube/GlobusSatProject/..//hal/hcc/lib\libHCCD.a(fat_common.o)
 .text.fn_write
                0x2001f9d0      0x8a8 C:/ISIS/workspace/ycube/GlobusSatProject/..//hal/hcc/lib\libHCCD.a(fat_common.o)
                0x2001f9d0                fn_write
 .text.fn_seek  0x20020278      0x270 C:/ISIS/workspace/ycube/GlobusSatProject/..//hal/hcc/lib\libHCCD.a(fat_common.o)
                0x20020278                fn_seek
 .text.fn_tell  0x200204e8      0x19c C:/ISIS/workspace/ycube/GlobusSatProject/..//hal/hcc/lib\libHCCD.a(fat_common.o)
                0x200204e8                fn_tell
 .text.fn_rewind
                0x20020684       0x38 C:/ISIS/workspace/ycube/GlobusSatProject/..//hal/hcc/lib\libHCCD.a(fat_common.o)
                0x20020684                fn_rewind
 .text.fn_putc  0x200206bc       0x68 C:/ISIS/workspace/ycube/GlobusSatProject/..//hal/hcc/lib\libHCCD.a(fat_common.o)
                0x200206bc                fn_putc
 .text.f_enterFS
                0x20020724      0x1c0 C:/ISIS/workspace/ycube/GlobusSatProject/..//hal/hcc/lib\libHCCD.a(fat_common.o)
                0x20020724                f_enterFS
 .text.f_releaseFS
                0x200208e4       0xb0 C:/ISIS/workspace/ycube/GlobusSatProject/..//hal/hcc/lib\libHCCD.a(fat_common.o)
                0x200208e4                f_releaseFS
 .text.fnGetTask
                0x20020994       0xfc C:/ISIS/workspace/ycube/GlobusSatProject/..//hal/hcc/lib\libHCCD.a(fat_common.o)
                0x20020994                fnGetTask
 .text._f_mutex_get
                0x20020a90       0x98 C:/ISIS/workspace/ycube/GlobusSatProject/..//hal/hcc/lib\libHCCD.a(fat_common.o)
                0x20020a90                _f_mutex_get
 .text._f_mutex_put
                0x20020b28       0x54 C:/ISIS/workspace/ycube/GlobusSatProject/..//hal/hcc/lib\libHCCD.a(fat_common.o)
                0x20020b28                _f_mutex_put
 .text._fn_initseekdivisor
                0x20020b7c      0x158 C:/ISIS/workspace/ycube/GlobusSatProject/..//hal/hcc/lib\libHCCD.a(fat_common.o)
                0x20020b7c                _fn_initseekdivisor
 .text._fn_updateseekpos
                0x20020cd4       0xc4 C:/ISIS/workspace/ycube/GlobusSatProject/..//hal/hcc/lib\libHCCD.a(fat_common.o)
 .text._f_findopensize
                0x20020d98       0x2c C:/ISIS/workspace/ycube/GlobusSatProject/..//hal/hcc/lib\libHCCD.a(fat_common.o)
                0x20020d98                _f_findopensize
 .text.fn_setlasterror
                0x20020dc4       0x34 C:/ISIS/workspace/ycube/GlobusSatProject/..//hal/hcc/lib\libHCCD.a(fat_common.o)
                0x20020dc4                fn_setlasterror
 .text.fn_setlasterror_noret
                0x20020df8       0x2c C:/ISIS/workspace/ycube/GlobusSatProject/..//hal/hcc/lib\libHCCD.a(fat_common.o)
                0x20020df8                fn_setlasterror_noret
 .text._s_checkzeroclusteratend
                0x20020e24       0xf8 C:/ISIS/workspace/ycube/GlobusSatProject/..//hal/hcc/lib\libHCCD.a(safefat.o)
 .text._s_clearclustercontent
                0x20020f1c      0x108 C:/ISIS/workspace/ycube/GlobusSatProject/..//hal/hcc/lib\libHCCD.a(safefat.o)
 .text._s_clearclustercontentdir
                0x20021024      0x19c C:/ISIS/workspace/ycube/GlobusSatProject/..//hal/hcc/lib\libHCCD.a(safefat.o)
 .text._s_writedirsector
                0x200211c0       0xd0 C:/ISIS/workspace/ycube/GlobusSatProject/..//hal/hcc/lib\libHCCD.a(safefat.o)
 .text._s_getdirsector
                0x20021290      0x100 C:/ISIS/workspace/ycube/GlobusSatProject/..//hal/hcc/lib\libHCCD.a(safefat.o)
 .text._s_addentry
                0x20021390      0x394 C:/ISIS/workspace/ycube/GlobusSatProject/..//hal/hcc/lib\libHCCD.a(safefat.o)
 .text._s_findfile
                0x20021724      0x33c C:/ISIS/workspace/ycube/GlobusSatProject/..//hal/hcc/lib\libHCCD.a(safefat.o)
 .text._s_findsubdir
                0x20021a60      0x248 C:/ISIS/workspace/ycube/GlobusSatProject/..//hal/hcc/lib\libHCCD.a(safefat.o)
 .text._s_createfile
                0x20021ca8      0x190 C:/ISIS/workspace/ycube/GlobusSatProject/..//hal/hcc/lib\libHCCD.a(safefat.o)
 .text._s_findsaffile
                0x20021e38      0x1b8 C:/ISIS/workspace/ycube/GlobusSatProject/..//hal/hcc/lib\libHCCD.a(safefat.o)
 .text._s_open  0x20021ff0       0xe4 C:/ISIS/workspace/ycube/GlobusSatProject/..//hal/hcc/lib\libHCCD.a(safefat.o)
 .text._s_open_saf
                0x200220d4       0xe8 C:/ISIS/workspace/ycube/GlobusSatProject/..//hal/hcc/lib\libHCCD.a(safefat.o)
 .text._s_flush
                0x200221bc       0x84 C:/ISIS/workspace/ycube/GlobusSatProject/..//hal/hcc/lib\libHCCD.a(safefat.o)
 .text._s_allocnextcluster
                0x20022240      0x13c C:/ISIS/workspace/ycube/GlobusSatProject/..//hal/hcc/lib\libHCCD.a(safefat.o)
 .text._s_getnextsector
                0x2002237c       0xdc C:/ISIS/workspace/ycube/GlobusSatProject/..//hal/hcc/lib\libHCCD.a(safefat.o)
 .text._s_seek  0x20022458      0x1e8 C:/ISIS/workspace/ycube/GlobusSatProject/..//hal/hcc/lib\libHCCD.a(safefat.o)
 .text._s_get_len
                0x20022640      0x10c C:/ISIS/workspace/ycube/GlobusSatProject/..//hal/hcc/lib\libHCCD.a(safefat.o)
 .text._s_set_len
                0x2002274c       0xb4 C:/ISIS/workspace/ycube/GlobusSatProject/..//hal/hcc/lib\libHCCD.a(safefat.o)
 .text.safe_fix_filelengths
                0x20022800       0xcc C:/ISIS/workspace/ycube/GlobusSatProject/..//hal/hcc/lib\libHCCD.a(safefat.o)
                0x20022800                safe_fix_filelengths
 .text._s_read  0x200228cc      0x228 C:/ISIS/workspace/ycube/GlobusSatProject/..//hal/hcc/lib\libHCCD.a(safefat.o)
 .text._s_write
                0x20022af4      0x384 C:/ISIS/workspace/ycube/GlobusSatProject/..//hal/hcc/lib\libHCCD.a(safefat.o)
 .text._s_restoreclusters
                0x20022e78      0x270 C:/ISIS/workspace/ycube/GlobusSatProject/..//hal/hcc/lib\libHCCD.a(safefat.o)
                0x20022e78                _s_restoreclusters
 .text._s_findrestore
                0x200230e8      0x18c C:/ISIS/workspace/ycube/GlobusSatProject/..//hal/hcc/lib\libHCCD.a(safefat.o)
 .text._s_cmd_writede
                0x20023274       0xd8 C:/ISIS/workspace/ycube/GlobusSatProject/..//hal/hcc/lib\libHCCD.a(safefat.o)
 .text._s_cmd_setcluster
                0x2002334c       0x88 C:/ISIS/workspace/ycube/GlobusSatProject/..//hal/hcc/lib\libHCCD.a(safefat.o)
 .text._s_cmd_deletechain
                0x200233d4      0x100 C:/ISIS/workspace/ycube/GlobusSatProject/..//hal/hcc/lib\libHCCD.a(safefat.o)
 .text._s_cmd_validatecfn
                0x200234d4      0x308 C:/ISIS/workspace/ycube/GlobusSatProject/..//hal/hcc/lib\libHCCD.a(safefat.o)
 .text._s_cmd_seteof
                0x200237dc      0x3c4 C:/ISIS/workspace/ycube/GlobusSatProject/..//hal/hcc/lib\libHCCD.a(safefat.o)
 .text.safe_docommands
                0x20023ba0      0x56c C:/ISIS/workspace/ycube/GlobusSatProject/..//hal/hcc/lib\libHCCD.a(safefat.o)
                0x20023ba0                safe_docommands
 .text.safe_entercommand
                0x2002410c       0x68 C:/ISIS/workspace/ycube/GlobusSatProject/..//hal/hcc/lib\libHCCD.a(safefat.o)
                0x2002410c                safe_entercommand
 .text.safe_ready
                0x20024174       0xf4 C:/ISIS/workspace/ycube/GlobusSatProject/..//hal/hcc/lib\libHCCD.a(safefat.o)
                0x20024174                safe_ready
 .text.safe_copycfn
                0x20024268       0xb8 C:/ISIS/workspace/ycube/GlobusSatProject/..//hal/hcc/lib\libHCCD.a(safefat.o)
                0x20024268                safe_copycfn
 .text.safe_cfremove
                0x20024320       0xb8 C:/ISIS/workspace/ycube/GlobusSatProject/..//hal/hcc/lib\libHCCD.a(safefat.o)
                0x20024320                safe_cfremove
 .text.safe_writede
                0x200243d8      0x104 C:/ISIS/workspace/ycube/GlobusSatProject/..//hal/hcc/lib\libHCCD.a(safefat.o)
                0x200243d8                safe_writede
 .text.safe_setcluster
                0x200244dc       0xcc C:/ISIS/workspace/ycube/GlobusSatProject/..//hal/hcc/lib\libHCCD.a(safefat.o)
                0x200244dc                safe_setcluster
 .text.safe_deletechain
                0x200245a8      0x1c8 C:/ISIS/workspace/ycube/GlobusSatProject/..//hal/hcc/lib\libHCCD.a(safefat.o)
                0x200245a8                safe_deletechain
 .text.safe_cfclose
                0x20024770      0x104 C:/ISIS/workspace/ycube/GlobusSatProject/..//hal/hcc/lib\libHCCD.a(safefat.o)
                0x20024770                safe_cfclose
 .text.safe_cfflush
                0x20024874      0x124 C:/ISIS/workspace/ycube/GlobusSatProject/..//hal/hcc/lib\libHCCD.a(safefat.o)
                0x20024874                safe_cfflush
 .text.safe_reset
                0x20024998       0x78 C:/ISIS/workspace/ycube/GlobusSatProject/..//hal/hcc/lib\libHCCD.a(safefat.o)
                0x20024998                safe_reset
 .text.safe_loadcommands
                0x20024a10       0x78 C:/ISIS/workspace/ycube/GlobusSatProject/..//hal/hcc/lib\libHCCD.a(safefat.o)
                0x20024a10                safe_loadcommands
 .text.safe_poweron
                0x20024a88      0x1fc C:/ISIS/workspace/ycube/GlobusSatProject/..//hal/hcc/lib\libHCCD.a(safefat.o)
                0x20024a88                safe_poweron
 .text.cf_getname
                0x20024c84       0xc0 C:/ISIS/workspace/ycube/GlobusSatProject/..//hal/hcc/lib\libHCCD.a(safefat.o)
 .text.cf_copyclusterchain
                0x20024d44      0x138 C:/ISIS/workspace/ycube/GlobusSatProject/..//hal/hcc/lib\libHCCD.a(safefat.o)
 .text.cf_seektozero
                0x20024e7c       0x94 C:/ISIS/workspace/ycube/GlobusSatProject/..//hal/hcc/lib\libHCCD.a(safefat.o)
                0x20024e7c                cf_seektozero
 .text.cf_create
                0x20024f10      0x3a8 C:/ISIS/workspace/ycube/GlobusSatProject/..//hal/hcc/lib\libHCCD.a(safefat.o)
                0x20024f10                cf_create
 .text.cf_copyclustercontent
                0x200252b8      0x128 C:/ISIS/workspace/ycube/GlobusSatProject/..//hal/hcc/lib\libHCCD.a(safefat.o)
                0x200252b8                cf_copyclustercontent
 .text.cf_copycfn
                0x200253e0      0x4bc C:/ISIS/workspace/ycube/GlobusSatProject/..//hal/hcc/lib\libHCCD.a(safefat.o)
                0x200253e0                cf_copycfn
 .text.cf_remove
                0x2002589c      0x344 C:/ISIS/workspace/ycube/GlobusSatProject/..//hal/hcc/lib\libHCCD.a(safefat.o)
                0x2002589c                cf_remove
 .text.cf_setclusternew
                0x20025be0       0xf0 C:/ISIS/workspace/ycube/GlobusSatProject/..//hal/hcc/lib\libHCCD.a(safefat.o)
                0x20025be0                cf_setclusternew
 .text.cf_flush
                0x20025cd0       0x58 C:/ISIS/workspace/ycube/GlobusSatProject/..//hal/hcc/lib\libHCCD.a(safefat.o)
                0x20025cd0                cf_flush
 .text.cf_getcluster
                0x20025d28      0x1b4 C:/ISIS/workspace/ycube/GlobusSatProject/..//hal/hcc/lib\libHCCD.a(safefat.o)
                0x20025d28                cf_getcluster
 .text.cf_setnextcluster
                0x20025edc      0x194 C:/ISIS/workspace/ycube/GlobusSatProject/..//hal/hcc/lib\libHCCD.a(safefat.o)
                0x20025edc                cf_setnextcluster
 .text.cf_getpositions
                0x20026070       0xbc C:/ISIS/workspace/ycube/GlobusSatProject/..//hal/hcc/lib\libHCCD.a(safefat.o)
                0x20026070                cf_getpositions
 .text.cf_setpositions
                0x2002612c       0xb0 C:/ISIS/workspace/ycube/GlobusSatProject/..//hal/hcc/lib\libHCCD.a(safefat.o)
                0x2002612c                cf_setpositions
 .text.cf_opensyncafile
                0x200261dc      0x150 C:/ISIS/workspace/ycube/GlobusSatProject/..//hal/hcc/lib\libHCCD.a(safefat.o)
                0x200261dc                cf_opensyncafile
 .text.cf_reloadcfo
                0x2002632c       0xd8 C:/ISIS/workspace/ycube/GlobusSatProject/..//hal/hcc/lib\libHCCD.a(safefat.o)
                0x2002632c                cf_reloadcfo
 .text.mcipdc_cmd
                0x20026404      0x22c C:/ISIS/workspace/ycube/GlobusSatProject/..//hal/hcc/lib\libHCCD.a(atmel_mcipdc.o)
 .text.mcipdc_stop
                0x20026630       0xfc C:/ISIS/workspace/ycube/GlobusSatProject/..//hal/hcc/lib\libHCCD.a(atmel_mcipdc.o)
                0x20026630                mcipdc_stop
 .text.mcipdc_read
                0x2002672c      0x27c C:/ISIS/workspace/ycube/GlobusSatProject/..//hal/hcc/lib\libHCCD.a(atmel_mcipdc.o)
 .text.mcipdc_write
                0x200269a8      0x298 C:/ISIS/workspace/ycube/GlobusSatProject/..//hal/hcc/lib\libHCCD.a(atmel_mcipdc.o)
 .text.mcipdc_readsector
                0x20026c40       0x9c C:/ISIS/workspace/ycube/GlobusSatProject/..//hal/hcc/lib\libHCCD.a(atmel_mcipdc.o)
                0x20026c40                mcipdc_readsector
 .text.mcipdc_readmultiplesector
                0x20026cdc      0x124 C:/ISIS/workspace/ycube/GlobusSatProject/..//hal/hcc/lib\libHCCD.a(atmel_mcipdc.o)
                0x20026cdc                mcipdc_readmultiplesector
 .text.mcipdc_writesector
                0x20026e00       0x90 C:/ISIS/workspace/ycube/GlobusSatProject/..//hal/hcc/lib\libHCCD.a(atmel_mcipdc.o)
                0x20026e00                mcipdc_writesector
 .text.mcipdc_writemultiplesector
                0x20026e90      0x120 C:/ISIS/workspace/ycube/GlobusSatProject/..//hal/hcc/lib\libHCCD.a(atmel_mcipdc.o)
                0x20026e90                mcipdc_writemultiplesector
 .text.mcipdc_set_speed
                0x20026fb0       0xb0 C:/ISIS/workspace/ycube/GlobusSatProject/..//hal/hcc/lib\libHCCD.a(atmel_mcipdc.o)
 .text.mcipdc_get_speed
                0x20027060       0x48 C:/ISIS/workspace/ycube/GlobusSatProject/..//hal/hcc/lib\libHCCD.a(atmel_mcipdc.o)
 .text._get_csd_bits
                0x200270a8      0x14c C:/ISIS/workspace/ycube/GlobusSatProject/..//hal/hcc/lib\libHCCD.a(atmel_mcipdc.o)
 .text.mcipdc_initcard
                0x200271f4      0x8f4 C:/ISIS/workspace/ycube/GlobusSatProject/..//hal/hcc/lib\libHCCD.a(atmel_mcipdc.o)
 .text.mcipdc_getstatus
                0x20027ae8       0xe8 C:/ISIS/workspace/ycube/GlobusSatProject/..//hal/hcc/lib\libHCCD.a(atmel_mcipdc.o)
 .text.mcipdc_getphy
                0x20027bd0       0x90 C:/ISIS/workspace/ycube/GlobusSatProject/..//hal/hcc/lib\libHCCD.a(atmel_mcipdc.o)
 .text.mcipdc_release
                0x20027c60       0x50 C:/ISIS/workspace/ycube/GlobusSatProject/..//hal/hcc/lib\libHCCD.a(atmel_mcipdc.o)
 .text.atmel_mcipdc_initfunc
                0x20027cb0      0x160 C:/ISIS/workspace/ycube/GlobusSatProject/..//hal/hcc/lib\libHCCD.a(atmel_mcipdc.o)
                0x20027cb0                atmel_mcipdc_initfunc
 .text.oal_task_get_id
                0x20027e10       0x18 C:/ISIS/workspace/ycube/GlobusSatProject/..//hal/hcc/lib\libHCCD.a(oalp_task.o)
                0x20027e10                oal_task_get_id
 .text.oal_mutex_create
                0x20027e28       0x54 C:/ISIS/workspace/ycube/GlobusSatProject/..//hal/hcc/lib\libHCCD.a(oalp_mutex.o)
                0x20027e28                oal_mutex_create
 .text.oal_mutex_delete
                0x20027e7c       0x30 C:/ISIS/workspace/ycube/GlobusSatProject/..//hal/hcc/lib\libHCCD.a(oalp_mutex.o)
                0x20027e7c                oal_mutex_delete
 .text.oal_mutex_get
                0x20027eac       0x58 C:/ISIS/workspace/ycube/GlobusSatProject/..//hal/hcc/lib\libHCCD.a(oalp_mutex.o)
                0x20027eac                oal_mutex_get
 .text.oal_mutex_put
                0x20027f04       0x58 C:/ISIS/workspace/ycube/GlobusSatProject/..//hal/hcc/lib\libHCCD.a(oalp_mutex.o)
                0x20027f04                oal_mutex_put
 .text.mcipdc_hw_init
                0x20027f5c       0xe8 C:/ISIS/workspace/ycube/GlobusSatProject/..//hal/hcc/lib\libHCCD.a(atmel_mcipdc_hw.o)
                0x20027f5c                mcipdc_hw_init
 .text.mcipdc_hw_delete
                0x20028044       0x78 C:/ISIS/workspace/ycube/GlobusSatProject/..//hal/hcc/lib\libHCCD.a(atmel_mcipdc_hw.o)
                0x20028044                mcipdc_hw_delete
 .text.mcipdc_hw_card_plugged
                0x200280bc       0x1c C:/ISIS/workspace/ycube/GlobusSatProject/..//hal/hcc/lib\libHCCD.a(atmel_mcipdc_hw.o)
                0x200280bc                mcipdc_hw_card_plugged
 .text.mcipdc_hw_card_writeprotect
                0x200280d8       0x1c C:/ISIS/workspace/ycube/GlobusSatProject/..//hal/hcc/lib\libHCCD.a(atmel_mcipdc_hw.o)
                0x200280d8                mcipdc_hw_card_writeprotect
 .text.psp_getrand
                0x200280f4      0x14c C:/ISIS/workspace/ycube/GlobusSatProject/..//hal/hcc/lib\libHCCD.a(psp_rand.o)
                0x200280f4                psp_getrand
 .text.psp_getcurrenttimedate
                0x20028240       0x8c C:/ISIS/workspace/ycube/GlobusSatProject/..//hal/hcc/lib\libHCCD.a(psp_rtc.o)
                0x20028240                psp_getcurrenttimedate
 .text._hcc_get_buf_dsc
                0x200282cc       0x8c C:/ISIS/workspace/ycube/GlobusSatProject/..//hal/hcc/lib\libHCCD.a(hcc_mem.o)
 .text._hcc_check_free_pages
                0x20028358      0x18c C:/ISIS/workspace/ycube/GlobusSatProject/..//hal/hcc/lib\libHCCD.a(hcc_mem.o)
 .text._hcc_mark_pages
                0x200284e4      0x158 C:/ISIS/workspace/ycube/GlobusSatProject/..//hal/hcc/lib\libHCCD.a(hcc_mem.o)
 .text._hcc_clear_lock_dsc
                0x2002863c       0x80 C:/ISIS/workspace/ycube/GlobusSatProject/..//hal/hcc/lib\libHCCD.a(hcc_mem.o)
 .text._hcc_lock_access
                0x200286bc      0x128 C:/ISIS/workspace/ycube/GlobusSatProject/..//hal/hcc/lib\libHCCD.a(hcc_mem.o)
 .text._hcc_unlock_access
                0x200287e4       0x30 C:/ISIS/workspace/ycube/GlobusSatProject/..//hal/hcc/lib\libHCCD.a(hcc_mem.o)
 .text.hcc_mem_alloc
                0x20028814      0x454 C:/ISIS/workspace/ycube/GlobusSatProject/..//hal/hcc/lib\libHCCD.a(hcc_mem.o)
                0x20028814                hcc_mem_alloc
 .text.hcc_mem_free
                0x20028c68      0x178 C:/ISIS/workspace/ycube/GlobusSatProject/..//hal/hcc/lib\libHCCD.a(hcc_mem.o)
                0x20028c68                hcc_mem_free
 .text.hcc_mem_add
                0x20028de0      0x3b0 C:/ISIS/workspace/ycube/GlobusSatProject/..//hal/hcc/lib\libHCCD.a(hcc_mem.o)
                0x20028de0                hcc_mem_add
 .text.hcc_mem_init
                0x20029190      0x164 C:/ISIS/workspace/ycube/GlobusSatProject/..//hal/hcc/lib\libHCCD.a(hcc_mem.o)
                0x20029190                hcc_mem_init
 .text.hcc_mem_delete
                0x200292f4       0x94 C:/ISIS/workspace/ycube/GlobusSatProject/..//hal/hcc/lib\libHCCD.a(hcc_mem.o)
                0x200292f4                hcc_mem_delete
 .text.hcc_mem_buf_alloc
                0x20029388       0xe4 C:/ISIS/workspace/ycube/GlobusSatProject/..//hal/hcc/lib\libHCCD.a(psp_hcc_mem.o)
                0x20029388                hcc_mem_buf_alloc
 .text.hcc_mem_buf_free
                0x2002946c       0x6c C:/ISIS/workspace/ycube/GlobusSatProject/..//hal/hcc/lib\libHCCD.a(psp_hcc_mem.o)
                0x2002946c                hcc_mem_buf_free
 .text.IsisSolarPanelv2_initialize
                0x200294d8      0x118 C:/ISIS/workspace/ycube/GlobusSatProject/..//satellite-subsystems/satellite-subsystems/lib\libSatelliteSubsystemsD.a(IsisSolarPanelv2.o)
                0x200294d8                IsisSolarPanelv2_initialize
 .text.IsisSolarPanelv2_getTemperature
                0x200295f0       0xfc C:/ISIS/workspace/ycube/GlobusSatProject/..//satellite-subsystems/satellite-subsystems/lib\libSatelliteSubsystemsD.a(IsisSolarPanelv2.o)
                0x200295f0                IsisSolarPanelv2_getTemperature
 .text._Reset   0x200296ec       0x20 C:/ISIS/workspace/ycube/GlobusSatProject/..//satellite-subsystems/satellite-subsystems/lib\libSatelliteSubsystemsD.a(IsisSolarPanelv2.o)
 .text._WaitForStartup
                0x2002970c       0xa0 C:/ISIS/workspace/ycube/GlobusSatProject/..//satellite-subsystems/satellite-subsystems/lib\libSatelliteSubsystemsD.a(IsisSolarPanelv2.o)
 .text._AssignAllChannels
                0x200297ac       0x90 C:/ISIS/workspace/ycube/GlobusSatProject/..//satellite-subsystems/satellite-subsystems/lib\libSatelliteSubsystemsD.a(IsisSolarPanelv2.o)
 .text._AssignThisChannel
                0x2002983c       0xe8 C:/ISIS/workspace/ycube/GlobusSatProject/..//satellite-subsystems/satellite-subsystems/lib\libSatelliteSubsystemsD.a(IsisSolarPanelv2.o)
 .text._InitiateConversion
                0x20029924       0xac C:/ISIS/workspace/ycube/GlobusSatProject/..//satellite-subsystems/satellite-subsystems/lib\libSatelliteSubsystemsD.a(IsisSolarPanelv2.o)
 .text._WaitForConversionComplete
                0x200299d0      0x110 C:/ISIS/workspace/ycube/GlobusSatProject/..//satellite-subsystems/satellite-subsystems/lib\libSatelliteSubsystemsD.a(IsisSolarPanelv2.o)
 .text._ReadResult
                0x20029ae0      0x158 C:/ISIS/workspace/ycube/GlobusSatProject/..//satellite-subsystems/satellite-subsystems/lib\libSatelliteSubsystemsD.a(IsisSolarPanelv2.o)
 .text._ExtractByte
                0x20029c38       0x38 C:/ISIS/workspace/ycube/GlobusSatProject/..//satellite-subsystems/satellite-subsystems/lib\libSatelliteSubsystemsD.a(IsisSolarPanelv2.o)
 .text._ExtendSign
                0x20029c70       0x6c C:/ISIS/workspace/ycube/GlobusSatProject/..//satellite-subsystems/satellite-subsystems/lib\libSatelliteSubsystemsD.a(IsisSolarPanelv2.o)
 .text._PinsInit
                0x20029cdc       0x68 C:/ISIS/workspace/ycube/GlobusSatProject/..//satellite-subsystems/satellite-subsystems/lib\libSatelliteSubsystemsD.a(IsisSolarPanelv2.o)
 .text._SpiWriteRead
                0x20029d44       0x70 C:/ISIS/workspace/ycube/GlobusSatProject/..//satellite-subsystems/satellite-subsystems/lib\libSatelliteSubsystemsD.a(IsisSolarPanelv2.o)
 .text.ISIS_ANTS_REV2_Init
                0x20029db4       0xc4 C:/ISIS/workspace/ycube/GlobusSatProject/..//satellite-subsystems/satellite-subsystems/lib\libSatelliteSubsystemsD.a(isis_ants_rev2.o)
                0x20029db4                ISIS_ANTS_REV2_Init
 .text.isis_ants_rev2__arm
                0x20029e78       0x98 C:/ISIS/workspace/ycube/GlobusSatProject/..//satellite-subsystems/satellite-subsystems/lib\libSatelliteSubsystemsD.a(isis_ants_rev2.o)
                0x20029e78                isis_ants_rev2__arm
 .text.isis_ants_rev2__cancel_deploy
                0x20029f10       0x98 C:/ISIS/workspace/ycube/GlobusSatProject/..//satellite-subsystems/satellite-subsystems/lib\libSatelliteSubsystemsD.a(isis_ants_rev2.o)
                0x20029f10                isis_ants_rev2__cancel_deploy
 .text.isis_ants_rev2__disarm
                0x20029fa8       0x98 C:/ISIS/workspace/ycube/GlobusSatProject/..//satellite-subsystems/satellite-subsystems/lib\libSatelliteSubsystemsD.a(isis_ants_rev2.o)
                0x20029fa8                isis_ants_rev2__disarm
 .text.isis_ants_rev2__get_status
                0x2002a040       0xa8 C:/ISIS/workspace/ycube/GlobusSatProject/..//satellite-subsystems/satellite-subsystems/lib\libSatelliteSubsystemsD.a(isis_ants_rev2.o)
                0x2002a040                isis_ants_rev2__get_status
 .text.isis_ants_rev2__get_uptime
                0x2002a0e8       0xa8 C:/ISIS/workspace/ycube/GlobusSatProject/..//satellite-subsystems/satellite-subsystems/lib\libSatelliteSubsystemsD.a(isis_ants_rev2.o)
                0x2002a0e8                isis_ants_rev2__get_uptime
 .text.isis_ants_rev2__reset
                0x2002a190       0x98 C:/ISIS/workspace/ycube/GlobusSatProject/..//satellite-subsystems/satellite-subsystems/lib\libSatelliteSubsystemsD.a(isis_ants_rev2.o)
                0x2002a190                isis_ants_rev2__reset
 .text.isis_ants_rev2__start_auto_deploy
                0x2002a228       0xb0 C:/ISIS/workspace/ycube/GlobusSatProject/..//satellite-subsystems/satellite-subsystems/lib\libSatelliteSubsystemsD.a(isis_ants_rev2.o)
                0x2002a228                isis_ants_rev2__start_auto_deploy
 .text._ISIS_ANTS_REV2_I2C_Send
                0x2002a2d8       0x8c C:/ISIS/workspace/ycube/GlobusSatProject/..//satellite-subsystems/satellite-subsystems/lib\libSatelliteSubsystemsD.a(isis_ants_rev2.o)
 .text.ISIS_VU_E_Init
                0x2002a364       0xe4 C:/ISIS/workspace/ycube/GlobusSatProject/..//satellite-subsystems/satellite-subsystems/lib\libSatelliteSubsystemsD.a(isis_vu_e.o)
                0x2002a364                ISIS_VU_E_Init
 .text.isis_vu_e__get_frame