Archive member included because of file (symbol)

C:/ISIS/workspace/ycube/GlobusSatProject/..//hal/hal/lib\libHALD.a(SPI.o)
                              ./src/InitSystem.o (SPI_start)
C:/ISIS/workspace/ycube/GlobusSatProject/..//hal/hal/lib\libHALD.a(I2C.o)
                              ./src/SubSystemModules/Communication/SubsystemCommands/Maintanence_Commands.o (I2C_write)
C:/ISIS/workspace/ycube/GlobusSatProject/..//hal/hal/lib\libHALD.a(ADC.o)
                              ./src/SubSystemModules/Housekepping/TelemetryCollector.o (ADC_ConvertRaw10bitToMillivolt)
C:/ISIS/workspace/ycube/GlobusSatProject/..//hal/hal/lib\libHALD.a(FRAM.o)
                              ./src/SubSystemModules/Communication/SubsystemCommands/Maintanence_Commands.o (FRAM_start)
C:/ISIS/workspace/ycube/GlobusSatProject/..//hal/hal/lib\libHALD.a(Time.o)
                              ./src/InitSystem.o (Time_start)
C:/ISIS/workspace/ycube/GlobusSatProject/..//hal/hal/lib\libHALD.a(WatchDogTimerNoOS.o)
                              ./src/main.o (WDT_start)
C:/ISIS/workspace/ycube/GlobusSatProject/..//hal/hal/lib\libHALD.a(RTT.o)
                              C:/ISIS/workspace/ycube/GlobusSatProject/..//hal/hal/lib\libHALD.a(Time.o) (RTT_start)
C:/ISIS/workspace/ycube/GlobusSatProject/..//hal/hal/lib\libHALD.a(RTC.o)
                              C:/ISIS/workspace/ycube/GlobusSatProject/..//hal/hal/lib\libHALD.a(Time.o) (RTC_getTime)
C:/ISIS/workspace/ycube/GlobusSatProject/..//hal/hal/lib\libHALD.a(WatchDogTimerOS.o)
                              ./src/TestingDemos/MainTest.o (WDT_startWatchdogKickTask)
C:/ISIS/workspace/ycube/GlobusSatProject/..//hal/hal/lib\libHALD.a(fprintf.o)
                              ./src/TLM_management.o (f_puts)
C:/ISIS/workspace/ycube/GlobusSatProject/..//hal/hal/lib\libHALD.a(util.o)
                              ./src/TestingDemos/EpsTestingDemo.o (UTIL_DbguGetInteger)
C:/ISIS/workspace/ycube/GlobusSatProject/..//hal/hal/lib\libHALD.a(LED.o)
                              C:/ISIS/workspace/ycube/GlobusSatProject/..//hal/hal/lib\libHALD.a(WatchDogTimerOS.o) (LED_toggle)
C:/ISIS/workspace/ycube/GlobusSatProject/..//hal/hcc/lib\libHCCD.a(fat_m.o)
                              ./src/TLM_management.o (fm_initvolume)
C:/ISIS/workspace/ycube/GlobusSatProject/..//hal/hcc/lib\libHCCD.a(fat.o)
                              C:/ISIS/workspace/ycube/GlobusSatProject/..//hal/hcc/lib\libHCCD.a(fat_m.o) (fn_getdcwd)
C:/ISIS/workspace/ycube/GlobusSatProject/..//hal/hcc/lib\libHCCD.a(fat_common.o)
                              C:/ISIS/workspace/ycube/GlobusSatProject/..//hal/hcc/lib\libHCCD.a(fat.o) (p_filesystem)
C:/ISIS/workspace/ycube/GlobusSatProject/..//hal/hcc/lib\libHCCD.a(safefat.o)
                              C:/ISIS/workspace/ycube/GlobusSatProject/..//hal/hcc/lib\libHCCD.a(fat.o) (s_subdir)
C:/ISIS/workspace/ycube/GlobusSatProject/..//hal/hcc/lib\libHCCD.a(atmel_mcipdc.o)
                              ./src/TLM_management.o (atmel_mcipdc_initfunc)
C:/ISIS/workspace/ycube/GlobusSatProject/..//hal/hcc/lib\libHCCD.a(oalp_task.o)
                              C:/ISIS/workspace/ycube/GlobusSatProject/..//hal/hcc/lib\libHCCD.a(fat_common.o) (oal_task_get_id)
C:/ISIS/workspace/ycube/GlobusSatProject/..//hal/hcc/lib\libHCCD.a(oalp_mutex.o)
                              C:/ISIS/workspace/ycube/GlobusSatProject/..//hal/hcc/lib\libHCCD.a(fat_common.o) (oal_mutex_create)
C:/ISIS/workspace/ycube/GlobusSatProject/..//hal/hcc/lib\libHCCD.a(atmel_mcipdc_hw.o)
                              C:/ISIS/workspace/ycube/GlobusSatProject/..//hal/hcc/lib\libHCCD.a(atmel_mcipdc.o) (mcipdc_hw_init)
C:/ISIS/workspace/ycube/GlobusSatProject/..//hal/hcc/lib\libHCCD.a(psp_rand.o)
                              C:/ISIS/workspace/ycube/GlobusSatProject/..//hal/hcc/lib\libHCCD.a(fat_common.o) (psp_getrand)
C:/ISIS/workspace/ycube/GlobusSatProject/..//hal/hcc/lib\libHCCD.a(psp_rtc.o)
                              C:/ISIS/workspace/ycube/GlobusSatProject/..//hal/hcc/lib\libHCCD.a(fat_common.o) (psp_getcurrenttimedate)
C:/ISIS/workspace/ycube/GlobusSatProject/..//hal/hcc/lib\libHCCD.a(hcc_mem.o)
                              C:/ISIS/workspace/ycube/GlobusSatProject/..//hal/hcc/lib\libHCCD.a(atmel_mcipdc.o) (hcc_mem_alloc)
C:/ISIS/workspace/ycube/GlobusSatProject/..//hal/hcc/lib\libHCCD.a(psp_hcc_mem.o)
                              C:/ISIS/workspace/ycube/GlobusSatProject/..//hal/hcc/lib\libHCCD.a(hcc_mem.o) (hcc_mem_buf_alloc)
C:/ISIS/workspace/ycube/GlobusSatProject/..//satellite-subsystems/satellite-subsystems/lib\libSatelliteSubsystemsD.a(IsisAntS.o)
                              ./src/SubSystemModules/Communication/TRXVU.o (IsisAntS_initialize)
C:/ISIS/workspace/ycube/GlobusSatProject/..//satellite-subsystems/satellite-subsystems/lib\libSatelliteSubsystemsD.a(IsisTRXVU.o)
                              ./src/TestingDemos/TrxvuTestingDemo.o (IsisTrxvu_initialize)
[...]
Memory Configuration

Name             Origin             Length             Attributes
sram0            0x00200000         0x00004000         w !xr
sram1            0x00300000         0x00004000         w !xr
sdram            0x20000000         0x02000000         w !xr
*default*        0x00000000         0xffffffff

Linker script and memory map

LOAD c:/isis/application/toolchain/bin/../lib/gcc/arm-none-eabi/4.7.4/../../../../arm-none-eabi/lib\libc.a
LOAD ./src/TestingDemos/CommandsTestingDemo.o
LOAD ./src/TestingDemos/EpsTestingDemo.o
LOAD ./src/TestingDemos/FileSystemTestingDemo.o
LOAD ./src/TestingDemos/MainTest.o
LOAD ./src/TestingDemos/MaintenanceTestingDemo.o
LOAD ./src/TestingDemos/TelemetryTestingDemo.o
LOAD ./src/TestingDemos/TrxvuTestingDemo.o
LOAD ./src/SubSystemModules/PowerManagment/EPS.o
LOAD ./src/SubSystemModules/PowerManagment/EPSOperationModes.o
LOAD ./src/SubSystemModules/Maintenance/Maintenance.o
LOAD ./src/SubSystemModules/Housekepping/TelemetryCollector.o
LOAD ./src/SubSystemModules/Communication/SubsystemCommands/EPS_Commands.o
LOAD ./src/SubSystemModules/Communication/SubsystemCommands/FS_Commands.o
LOAD ./src/SubSystemModules/Communication/SubsystemCommands/Maintanence_Commands.o
LOAD ./src/SubSystemModules/Communication/SubsystemCommands/TRXVU_Commands.o
LOAD ./src/SubSystemModules/Communication/AckHandler.o
LOAD ./src/SubSystemModules/Communication/CommandDictionary.o
LOAD ./src/SubSystemModules/Communication/SatCommandHandler.o
LOAD ./src/SubSystemModules/Communication/TRXVU.o
LOAD ./src/InitSystem.o
LOAD ./src/TLM_management.o
LOAD ./src/main.o
LOAD ./src/utils.o
LOAD C:/ISIS/workspace/ycube/GlobusSatProject/..//hal/hal/lib\libHALD.a
LOAD C:/ISIS/workspace/ycube/GlobusSatProject/..//hal/hcc/lib\libHCCD.a
LOAD C:/ISIS/workspace/ycube/GlobusSatProject/..//satellite-subsystems/satellite-subsystems/lib\libSatelliteSubsystemsD.a
LOAD C:/ISIS/workspace/ycube/GlobusSatProject/..//hal/freertos/lib\libFreeRTOSD.a
LOAD C:/ISIS/workspace/ycube/GlobusSatProject/..//hal/at91/lib\libAt91D.a
START GROUP
LOAD c:/isis/application/toolchain/bin/../lib/gcc/arm-none-eabi/4.7.4\libgcc.a
LOAD c:/isis/application/toolchain/bin/../lib/gcc/arm-none-eabi/4.7.4/../../../../arm-none-eabi/lib\libg.a
LOAD c:/isis/application/toolchain/bin/../lib/gcc/arm-none-eabi/4.7.4/../../../../arm-none-eabi/lib\libc.a
END GROUP

.fixed          0x20000000    0x41a68
                0x20000000                . = ALIGN (0x4)
                0x20000000                _sfixed = .
 *(.startup)
 .startup       0x20000000      0x184 C:/ISIS/workspace/ycube/GlobusSatProject/..//hal/at91/lib\libAt91D.a(board_cstartup.o)
                0x20000000                entry
 *(.text)
 .text          0x20000184       0x64 C:/ISIS/workspace/ycube/GlobusSatProject/..//hal/at91/lib\libAt91D.a(cp15_asm.o)
                0x20000184                _readControlRegister
                0x20000190                _writeControlRegister
                0x20000198                _waitForInterrupt
                0x200001a4                _writeTTB
                0x200001ac                _writeDomain
                0x200001b4                _writeITLBLockdown
                0x200001bc                _prefetchICacheLine
                0x200001c4                _flushDCache
                0x200001d0                _flushWriteBuffer
                0x200001dc                _invalidateIDTLBs
 .text          0x200001e8      0x114 c:/isis/application/toolchain/bin/../lib/gcc/arm-none-eabi/4.7.4\libgcc.a(_udivsi3.o)
                0x200001e8                __aeabi_uidiv
                0x200001e8                __udivsi3
                0x200002dc                __aeabi_uidivmod
 .text          0x200002fc      0x148 c:/isis/application/toolchain/bin/../lib/gcc/arm-none-eabi/4.7.4\libgcc.a(_divsi3.o)
                0x200002fc                __divsi3
                0x200002fc                __aeabi_idiv
                0x20000424                __aeabi_idivmod
 .text          0x20000444        0x4 c:/isis/application/toolchain/bin/../lib/gcc/arm-none-eabi/4.7.4\libgcc.a(_dvmd_tls.o)
                0x20000444                __aeabi_idiv0
                0x20000444                __aeabi_ldiv0
 .text          0x20000448      0x41c c:/isis/application/toolchain/bin/../lib/gcc/arm-none-eabi/4.7.4\libgcc.a(_arm_addsubdf3.o)
                0x20000448                __aeabi_drsub
                0x20000450                __aeabi_dsub
                0x20000450                __subdf3
                0x20000454                __aeabi_dadd
                0x20000454                __adddf3
                0x20000764                __floatunsidf
                0x20000764                __aeabi_ui2d
                0x20000788                __floatsidf
                0x20000788                __aeabi_i2d
                0x200007b0                __aeabi_f2d
                0x200007b0                __extendsfdf2
                0x200007f0                __floatundidf
                0x200007f0                __aeabi_ul2d
                0x20000804                __floatdidf
                0x20000804                __aeabi_l2d
 .text          0x20000864      0x49c c:/isis/application/toolchain/bin/../lib/gcc/arm-none-eabi/4.7.4\libgcc.a(_arm_muldivdf3.o)
                0x20000864                __aeabi_dmul
                0x20000864                __muldf3
                0x20000af4                __divdf3
                0x20000af4                __aeabi_ddiv
 .text          0x20000d00      0x144 c:/isis/application/toolchain/bin/../lib/gcc/arm-none-eabi/4.7.4\libgcc.a(_arm_cmpdf2.o)
                0x20000d00                __gtdf2
                0x20000d00                __gedf2
                0x20000d08                __ltdf2
                0x20000d08                __ledf2
                0x20000d10                __nedf2
                0x20000d10                __eqdf2
                0x20000d10                __cmpdf2
                0x20000d98                __aeabi_cdrcmple
                0x20000db4                __aeabi_cdcmpeq
                0x20000db4                __aeabi_cdcmple
                0x20000dcc                __aeabi_dcmpeq
                0x20000de4                __aeabi_dcmplt
                0x20000dfc                __aeabi_dcmple
                0x20000e14                __aeabi_dcmpge
                0x20000e2c                __aeabi_dcmpgt
 .text          0x20000e44      0x2ac c:/isis/application/toolchain/bin/../lib/gcc/arm-none-eabi/4.7.4\libgcc.a(_arm_addsubsf3.o)
                0x20000e44                __aeabi_frsub
                0x20000e4c                __subsf3
                0x20000e4c                __aeabi_fsub
                0x20000e50                __aeabi_fadd
                0x20000e50                __addsf3
                0x2000100c                __aeabi_ui2f
                0x2000100c                __floatunsisf
                0x20001014                __aeabi_i2f
                0x20001014                __floatsisf
                0x20001034                __aeabi_ul2f
                0x20001034                __floatundisf
                0x20001044                __aeabi_l2f
                0x20001044                __floatdisf
 .text          0x200010f0      0x2f8 c:/isis/application/toolchain/bin/../lib/gcc/arm-none-eabi/4.7.4\libgcc.a(_arm_muldivsf3.o)
                0x200010f0                __mulsf3
                0x200010f0                __aeabi_fmul
                0x20001288                __aeabi_fdiv
                0x20001288                __divsf3
 .text          0x200013e8      0x114 c:/isis/application/toolchain/bin/../lib/gcc/arm-none-eabi/4.7.4\libgcc.a(_arm_cmpsf2.o)
                0x200013e8                __gesf2
                0x200013e8                __gtsf2
                0x200013f0                __lesf2
                0x200013f0                __ltsf2
                0x200013f8                __nesf2
                0x200013f8                __eqsf2
                0x200013f8                __cmpsf2
                0x2000145c                __aeabi_cfrcmple
                0x2000146c                __aeabi_cfcmpeq
                0x2000146c                __aeabi_cfcmple
                0x20001484                __aeabi_fcmpeq
                0x2000149c                __aeabi_fcmplt
                0x200014b4                __aeabi_fcmple
                0x200014cc                __aeabi_fcmpge
                0x200014e4                __aeabi_fcmpgt
 .text          0x200014fc       0x54 c:/isis/application/toolchain/bin/../lib/gcc/arm-none-eabi/4.7.4\libgcc.a(_arm_fixunssfsi.o)
                0x200014fc                __fixunssfsi
                0x200014fc                __aeabi_f2uiz
 .text          0x20001550       0x5c c:/isis/application/toolchain/bin/../lib/gcc/arm-none-eabi/4.7.4\libgcc.a(_arm_fixdfsi.o)
                0x20001550                __aeabi_d2iz
                0x20001550                __fixdfsi
 .text          0x200015ac       0x3c c:/isis/application/toolchain/bin/../lib/gcc/arm-none-eabi/4.7.4\libgcc.a(_aeabi_uldivmod.o)
                0x200015ac                __aeabi_uldivmod
 .text          0x200015e8       0x84 c:/isis/application/toolchain/bin/../lib/gcc/arm-none-eabi/4.7.4\libgcc.a(bpabi.o)
                0x200015e8                __gnu_ldivmod_helper
                0x2000162c                __gnu_uldivmod_helper
 .text          0x2000166c      0x4f0 c:/isis/application/toolchain/bin/../lib/gcc/arm-none-eabi/4.7.4\libgcc.a(_divdi3.o)
                0x2000166c                __divdi3
 .text          0x20001b5c      0x488 c:/isis/application/toolchain/bin/../lib/gcc/arm-none-eabi/4.7.4\libgcc.a(_udivdi3.o)
                0x20001b5c                __udivdi3
 .text          0x20001fe4       0x48 c:/isis/application/toolchain/bin/../lib/gcc/arm-none-eabi/4.7.4\libgcc.a(_clzsi2.o)
                0x20001fe4                __clzsi2
 *(.text*)
 .text.TestActUponCommand
                0x2000202c      0x114 ./src/TestingDemos/CommandsTestingDemo.o
                0x2000202c                TestActUponCommand
 .text.TestAssmbleCommand
                0x20002140      0x134 ./src/TestingDemos/CommandsTestingDemo.o
                0x20002140                TestAssmbleCommand
 .text.TestGetDelayedCommand
                0x20002274       0xa0 ./src/TestingDemos/CommandsTestingDemo.o
                0x20002274                TestGetDelayedCommand
 .text.TestAddDelayedCommand
                0x20002314       0xbc ./src/TestingDemos/CommandsTestingDemo.o
                0x20002314                TestAddDelayedCommand
 .text.TestGetDelayedCommandBufferCount
                0x200023d0       0x54 ./src/TestingDemos/CommandsTestingDemo.o
                0x200023d0                TestGetDelayedCommandBufferCount
 .text.TestGetOnlineCommand
                0x20002424       0xc8 ./src/TestingDemos/CommandsTestingDemo.o
                0x20002424                TestGetOnlineCommand
 .text.TestDeleteDelayedCommandByIndex
                0x200024ec      0x1c0 ./src/TestingDemos/CommandsTestingDemo.o
                0x200024ec                TestDeleteDelayedCommandByIndex
 .text.TestDeleteDelayedBuffer
                0x200026ac      0x140 ./src/TestingDemos/CommandsTestingDemo.o
                0x200026ac                TestDeleteDelayedBuffer
 .text.selectAndExecuteCommandsDemoTest
                0x200027ec      0x174 ./src/TestingDemos/CommandsTestingDemo.o
                0x200027ec                selectAndExecuteCommandsDemoTest
 .text.MainCommandsTestBench
                0x20002960       0x44 ./src/TestingDemos/CommandsTestingDemo.o
                0x20002960                MainCommandsTestBench
 .text.TestEpsConditioning
                0x200029a4      0x1e8 ./src/TestingDemos/EpsTestingDemo.o
                0x200029a4                TestEpsConditioning
 .text.TestGetBatteryVoltage
                0x20002b8c       0x64 ./src/TestingDemos/EpsTestingDemo.o
                0x20002b8c                TestGetBatteryVoltage
 .text.TestUpdateThreshVoltages
                0x20002bf0      0x170 ./src/TestingDemos/EpsTestingDemo.o
                0x20002bf0                TestUpdateThreshVoltages
 .text.TestGetThreshVoltages
                0x20002d60       0xb0 ./src/TestingDemos/EpsTestingDemo.o
                0x20002d60                TestGetThreshVoltages
 .text.TestUpdateAlpha
                0x20002e10       0xc0 ./src/TestingDemos/EpsTestingDemo.o
                0x20002e10                TestUpdateAlpha
 .text.TestGetAlpha
                0x20002ed0       0x78 ./src/TestingDemos/EpsTestingDemo.o
                0x20002ed0                TestGetAlpha
 .text.TestRestoreDefaultAlpha
                0x20002f48       0xf4 ./src/TestingDemos/EpsTestingDemo.o
                0x20002f48                TestRestoreDefaultAlpha
 .text.TestRestoreDefaultThresholdVoltages
                0x2000303c      0x154 ./src/TestingDemos/EpsTestingDemo.o
                0x2000303c                TestRestoreDefaultThresholdVoltages
 .text.GetHeaterValues
                0x20003190       0xb0 ./src/TestingDemos/EpsTestingDemo.o
                0x20003190                GetHeaterValues
 .text.SetHeaterValues
                0x20003240      0x104 ./src/TestingDemos/EpsTestingDemo.o
                0x20003240                SetHeaterValues
 .text.selectAndExecuteEpsDemoTest
                0x20003344      0x1b0 ./src/TestingDemos/EpsTestingDemo.o
                0x20003344                selectAndExecuteEpsDemoTest
 .text.MainEpsTestBench
                0x200034f4       0x40 ./src/TestingDemos/EpsTestingDemo.o
                0x200034f4                MainEpsTestBench
 .text.TestListFiles
                0x20003534      0x158 ./src/TestingDemos/FileSystemTestingDemo.o
                0x20003534                TestListFiles
 .text.TestListAllFiles
                0x2000368c       0xb0 ./src/TestingDemos/FileSystemTestingDemo.o
                0x2000368c                TestListAllFiles
 .text.TestLOGTLM
                0x2000373c      0x110 ./src/TestingDemos/FileSystemTestingDemo.o
                0x2000373c                TestLOGTLM
 .text.TestEPSTLM
                0x2000384c       0xa8 ./src/TestingDemos/FileSystemTestingDemo.o
                0x2000384c                TestEPSTLM
 .text.TestReadTimeRangeTLMRes
                0x200038f4      0x210 ./src/TestingDemos/FileSystemTestingDemo.o
                0x200038f4                TestReadTimeRangeTLMRes
 .text.TestReadTimeRangeTLM
                0x20003b04      0x178 ./src/TestingDemos/FileSystemTestingDemo.o
                0x20003b04                TestReadTimeRangeTLM
 .text.GenerateWODTLM
                0x20003c7c       0xd0 ./src/TestingDemos/FileSystemTestingDemo.o
                0x20003c7c                GenerateWODTLM
 .text.DeleteOldFiles
                0x20003d4c      0x294 ./src/TestingDemos/FileSystemTestingDemo.o
                0x20003d4c                DeleteOldFiles
 .text.CreateFiles4DeleteTest2
                0x20003fe0      0x19c ./src/TestingDemos/FileSystemTestingDemo.o
                0x20003fe0                CreateFiles4DeleteTest2
 .text.copyTLMFile
                0x2000417c      0x22c ./src/TestingDemos/FileSystemTestingDemo.o
                0x2000417c                copyTLMFile
 .text.TestWODTLM
                0x200043a8       0xa8 ./src/TestingDemos/FileSystemTestingDemo.o
                0x200043a8                TestWODTLM
 .text.TestDeleteFiels
                0x20004450      0x2b8 ./src/TestingDemos/FileSystemTestingDemo.o
                0x20004450                TestDeleteFiels
 .text.TestReadMultiFiels
                0x20004708      0x2ac ./src/TestingDemos/FileSystemTestingDemo.o
                0x20004708                TestReadMultiFiels
 .text.TestTRXVUTLM
                0x200049b4      0x11c ./src/TestingDemos/FileSystemTestingDemo.o
                0x200049b4                TestTRXVUTLM
 .text.FullSDTest
                0x20004ad0      0x180 ./src/TestingDemos/FileSystemTestingDemo.o
                0x20004ad0                FullSDTest
 .text.LogErrorRateTest
                0x20004c50      0x11c ./src/TestingDemos/FileSystemTestingDemo.o
                0x20004c50                LogErrorRateTest
 .text.selectAndExecuteFSTest
                0x20004d6c      0x21c ./src/TestingDemos/FileSystemTestingDemo.o
                0x20004d6c                selectAndExecuteFSTest
 .text.MainFileSystemTestBench
                0x20004f88       0x44 ./src/TestingDemos/FileSystemTestingDemo.o
                0x20004f88                MainFileSystemTestBench
 .text.selectAndExecuteTest
                0x20004fcc      0x168 ./src/TestingDemos/MainTest.o
                0x20004fcc                selectAndExecuteTest
 .text.taskTesting
                0x20005134       0x28 ./src/TestingDemos/MainTest.o
                0x20005134                taskTesting
 .text.printSDINfo
                0x2000515c       0x84 ./src/TestingDemos/MaintenanceTestingDemo.o
                0x2000515c                printSDINfo
 .text.changeFirstActivation
                0x200051e0       0x84 ./src/TestingDemos/MaintenanceTestingDemo.o
                0x200051e0                changeFirstActivation
 .text.selectAndExecuteMaintenanceDemoTest
                0x20005264      0x19c ./src/TestingDemos/MaintenanceTestingDemo.o
                0x20005264                selectAndExecuteMaintenanceDemoTest
 .text.MainMaintenanceTestBench
                0x20005400       0x40 ./src/TestingDemos/MaintenanceTestingDemo.o
                0x20005400                MainMaintenanceTestBench
 .text.MainTelemetryTestBench
                0x20005440       0x1c ./src/TestingDemos/TelemetryTestingDemo.o
                0x20005440                MainTelemetryTestBench
 .text.TestInitTrxvu
                0x2000545c       0x54 ./src/TestingDemos/TrxvuTestingDemo.o
                0x2000545c                TestInitTrxvu
 .text.TestInitTrxvuWithDifferentFrameLengths
                0x200054b0      0x134 ./src/TestingDemos/TrxvuTestingDemo.o
                0x200054b0                TestInitTrxvuWithDifferentFrameLengths
 .text.TestTrxvuLogic
                0x200055e4       0xd4 ./src/TestingDemos/TrxvuTestingDemo.o
                0x200055e4                TestTrxvuLogic
 .text.TestCheckTransmitionAllowed
                0x200056b8       0xa4 ./src/TestingDemos/TrxvuTestingDemo.o
                0x200056b8                TestCheckTransmitionAllowed
 .text.TestSendDumpAbortRequest
                0x2000575c       0x24 ./src/TestingDemos/TrxvuTestingDemo.o
                0x2000575c                TestSendDumpAbortRequest
 .text.TestTransmitDummySplPacket
                0x20005780       0xc0 ./src/TestingDemos/TrxvuTestingDemo.o
                0x20005780                TestTransmitDummySplPacket
 .text.TestTransmitSplPacket
                0x20005840      0x1ec ./src/TestingDemos/TrxvuTestingDemo.o
                0x20005840                TestTransmitSplPacket
 .text.TestExitDump
                0x20005a2c       0x1c ./src/TestingDemos/TrxvuTestingDemo.o
                0x20005a2c                TestExitDump
 .text.TestDumpTelemetry
                0x20005a48       0x9c ./src/TestingDemos/TrxvuTestingDemo.o
                0x20005a48                TestDumpTelemetry
 .text.TestRestoreDefaultBeaconParameters
                0x20005ae4       0x1c ./src/TestingDemos/TrxvuTestingDemo.o
                0x20005ae4                TestRestoreDefaultBeaconParameters
 .text.TestChooseDefaultBeaconCycle
                0x20005b00       0xe0 ./src/TestingDemos/TrxvuTestingDemo.o
                0x20005b00                TestChooseDefaultBeaconCycle
 .text.TestBeaconLogic
                0x20005be0       0xdc ./src/TestingDemos/TrxvuTestingDemo.o
                0x20005be0                TestBeaconLogic
 .text.TestMuteTrxvu
                0x20005cbc       0x9c ./src/TestingDemos/TrxvuTestingDemo.o
                0x20005cbc                TestMuteTrxvu
 .text.TestUnMuteTrxvu
                0x20005d58       0x30 ./src/TestingDemos/TrxvuTestingDemo.o
                0x20005d58                TestUnMuteTrxvu
 .text.TestGetNumberOfFramesInBuffer
                0x20005d88       0x54 ./src/TestingDemos/TrxvuTestingDemo.o
                0x20005d88                TestGetNumberOfFramesInBuffer
 .text.TestSetTrxvuBitrate
                0x20005ddc       0xf0 ./src/TestingDemos/TrxvuTestingDemo.o
                0x20005ddc                TestSetTrxvuBitrate
 .text.TestGetTrxvuBitrate
                0x20005ecc       0xb0 ./src/TestingDemos/TrxvuTestingDemo.o
                0x20005ecc                TestGetTrxvuBitrate
 .text.TestTransmitDataAsSPL_Packet
                0x20005f7c      0x114 ./src/TestingDemos/TrxvuTestingDemo.o
                0x20005f7c                TestTransmitDataAsSPL_Packet
 .text.selectAndExecuteTrxvuDemoTest
                0x20006090      0x290 ./src/TestingDemos/TrxvuTestingDemo.o
                0x20006090                selectAndExecuteTrxvuDemoTest
 .text.MainTrxvuTestBench
                0x20006320       0x44 ./src/TestingDemos/TrxvuTestingDemo.o
                0x20006320                MainTrxvuTestBench
 .text.GetBatteryVoltage
                0x20006364       0x38 ./src/SubSystemModules/PowerManagment/EPS.o
                0x20006364                GetBatteryVoltage
 .text.EPS_Init
                0x2000639c       0xb8 ./src/SubSystemModules/PowerManagment/EPS.o
                0x2000639c                EPS_Init
 .text.EPS_Conditioning
                0x20006454      0x1c4 ./src/SubSystemModules/PowerManagment/EPS.o
                0x20006454                EPS_Conditioning
 .text.UpdateAlpha
                0x20006618       0xd8 ./src/SubSystemModules/PowerManagment/EPS.o
                0x20006618                UpdateAlpha
 .text.UpdateThresholdVoltages
                0x200066f0      0x218 ./src/SubSystemModules/PowerManagment/EPS.o
                0x200066f0                UpdateThresholdVoltages
 .text.GetThresholdVoltages
                0x20006908       0x80 ./src/SubSystemModules/PowerManagment/EPS.o
                0x20006908                GetThresholdVoltages
 .text.GetAlpha
                0x20006988       0x7c ./src/SubSystemModules/PowerManagment/EPS.o
                0x20006988                GetAlpha
 .text.RestoreDefaultThresholdVoltages
                0x20006a04       0x74 ./src/SubSystemModules/PowerManagment/EPS.o
                0x20006a04                RestoreDefaultThresholdVoltages
 .text.CMDGetHeaterValues
                0x20006a78       0x24 ./src/SubSystemModules/PowerManagment/EPS.o
                0x20006a78                CMDGetHeaterValues
 .text.CMDSetHeaterValues
                0x20006a9c       0x58 ./src/SubSystemModules/PowerManagment/EPS.o
                0x20006a9c                CMDSetHeaterValues
 .text.EnterFullMode
                0x20006af4       0x44 ./src/SubSystemModules/PowerManagment/EPSOperationModes.o
                0x20006af4                EnterFullMode
 .text.EnterCruiseMode
                0x20006b38       0x44 ./src/SubSystemModules/PowerManagment/EPSOperationModes.o
                0x20006b38                EnterCruiseMode
 .text.EnterSafeMode
                0x20006b7c       0x44 ./src/SubSystemModules/PowerManagment/EPSOperationModes.o
                0x20006b7c                EnterSafeMode
 .text.EnterCriticalMode
                0x20006bc0       0x44 ./src/SubSystemModules/PowerManagment/EPSOperationModes.o
                0x20006bc0                EnterCriticalMode
 .text.GetSystemState
                0x20006c04       0x24 ./src/SubSystemModules/PowerManagment/EPSOperationModes.o
                0x20006c04                GetSystemState
 .text.GetSystemChannelState
                0x20006c28       0x24 ./src/SubSystemModules/PowerManagment/EPSOperationModes.o
                0x20006c28                GetSystemChannelState
 .text.EpsGetLowVoltageFlag
                0x20006c4c       0x24 ./src/SubSystemModules/PowerManagment/EPSOperationModes.o
                0x20006c4c                EpsGetLowVoltageFlag
 .text.EpsSetLowVoltageFlag
                0x20006c70       0x2c ./src/SubSystemModules/PowerManagment/EPSOperationModes.o
                0x20006c70                EpsSetLowVoltageFlag
 .text.CheckExecutionTime
                0x20006c9c       0x80 ./src/SubSystemModules/Maintenance/Maintenance.o
                0x20006c9c                CheckExecutionTime
 .text.SaveSatTimeInFRAM
                0x20006d1c       0x44 ./src/SubSystemModules/Maintenance/Maintenance.o
                0x20006d1c                SaveSatTimeInFRAM
 .text.WakeupFromResetCMD
                0x20006d60      0x120 ./src/SubSystemModules/Maintenance/Maintenance.o
                0x20006d60                WakeupFromResetCMD
 .text.ResetGroundCommWDT
                0x20006e80       0x1c ./src/SubSystemModules/Maintenance/Maintenance.o
                0x20006e80                ResetGroundCommWDT
 .text.DeleteOldFiels
                0x20006e9c      0x2f4 ./src/SubSystemModules/Maintenance/Maintenance.o
                0x20006e9c                DeleteOldFiels
 .text.HardResetMCU
                0x20007190       0x24 ./src/SubSystemModules/Maintenance/Maintenance.o
                0x20007190                HardResetMCU
 .text.InitSavePeriodTimes
                0x200071b4       0x78 ./src/SubSystemModules/Housekepping/TelemetryCollector.o
                0x200071b4                InitSavePeriodTimes
 .text.CMD_GetTLMPeriodTimes
                0x2000722c       0x38 ./src/SubSystemModules/Housekepping/TelemetryCollector.o
                0x2000722c                CMD_GetTLMPeriodTimes
 .text.CMD_SetTLMPeriodTimes
                0x20007264      0x17c ./src/SubSystemModules/Housekepping/TelemetryCollector.o
                0x20007264                CMD_SetTLMPeriodTimes
 .text.TelemetryCollectorLogic
                0x200073e0      0x208 ./src/SubSystemModules/Housekepping/TelemetryCollector.o
                0x200073e0                TelemetryCollectorLogic
 .text.TelemetrySaveEPS
                0x200075e8       0x18 ./src/SubSystemModules/Housekepping/TelemetryCollector.o
                0x200075e8                TelemetrySaveEPS
 .text.TelemetrySaveTRXVU
                0x20007600       0x94 ./src/SubSystemModules/Housekepping/TelemetryCollector.o
                0x20007600                TelemetrySaveTRXVU
 .text.TelemetrySaveANT
                0x20007694       0xa4 ./src/SubSystemModules/Housekepping/TelemetryCollector.o
                0x20007694                TelemetrySaveANT
 .text.TelemetrySaveSolarPanels
                0x20007738      0x228 ./src/SubSystemModules/Housekepping/TelemetryCollector.o
                0x20007738                TelemetrySaveSolarPanels
 .text.TelemetrySaveWOD
                0x20007960       0x48 ./src/SubSystemModules/Housekepping/TelemetryCollector.o
                0x20007960                TelemetrySaveWOD
 .text.GetCurrentWODTelemetry
                0x200079a8      0x74c ./src/SubSystemModules/Housekepping/TelemetryCollector.o
                0x200079a8                GetCurrentWODTelemetry
 .text.CMD_EPS_ResetWDT
                0x200080f4       0x48 ./src/SubSystemModules/Communication/SubsystemCommands/EPS_Commands.o
                0x200080f4                CMD_EPS_ResetWDT
 .text.CMD_DeleteTLM
                0x2000813c      0x1d8 ./src/SubSystemModules/Communication/SubsystemCommands/FS_Commands.o
                0x2000813c                CMD_DeleteTLM
 .text.CMD_DeleteAllFiles
                0x20008314       0x38 ./src/SubSystemModules/Communication/SubsystemCommands/FS_Commands.o
                0x20008314                CMD_DeleteAllFiles
 .text.CMD_GetLastFS_Error
                0x2000834c       0x4c ./src/SubSystemModules/Communication/SubsystemCommands/FS_Commands.o
                0x2000834c                CMD_GetLastFS_Error
 .text.CMD_GenericI2C
                0x20008398      0x144 ./src/SubSystemModules/Communication/SubsystemCommands/Maintanence_Commands.o
                0x20008398                CMD_GenericI2C
 .text.CMD_FRAM_ReadAndTransmitt
                0x200084dc       0xe8 ./src/SubSystemModules/Communication/SubsystemCommands/Maintanence_Commands.o
                0x200084dc                CMD_FRAM_ReadAndTransmitt
 .text.CMD_FRAM_WriteAndTransmitt
                0x200085c4      0x11c ./src/SubSystemModules/Communication/SubsystemCommands/Maintanence_Commands.o
                0x200085c4                CMD_FRAM_WriteAndTransmitt
 .text.CMD_FRAM_ReStart
                0x200086e0       0x4c ./src/SubSystemModules/Communication/SubsystemCommands/Maintanence_Commands.o
                0x200086e0                CMD_FRAM_ReStart
 .text.CMD_UpdateSatTime
                0x2000872c       0xa4 ./src/SubSystemModules/Communication/SubsystemCommands/Maintanence_Commands.o
                0x2000872c                CMD_UpdateSatTime
 .text.CMD_GetSatUptime
                0x200087d0       0x48 ./src/SubSystemModules/Communication/SubsystemCommands/Maintanence_Commands.o
                0x200087d0                CMD_GetSatUptime
 .text.CMD_ResetComponent
                0x20008818      0x290 ./src/SubSystemModules/Communication/SubsystemCommands/Maintanence_Commands.o
                0x20008818                CMD_ResetComponent
 .text.DumpTask
                0x20008aa8      0x310 ./src/SubSystemModules/Communication/SubsystemCommands/TRXVU_Commands.o
                0x20008aa8                DumpTask
 .text.CMD_AntennaDeploy
                0x20008db8       0xec ./src/SubSystemModules/Communication/SubsystemCommands/TRXVU_Commands.o
                0x20008db8                CMD_AntennaDeploy
 .text.CMD_StartDump
                0x20008ea4      0x224 ./src/SubSystemModules/Communication/SubsystemCommands/TRXVU_Commands.o
                0x20008ea4                CMD_StartDump
 .text.CMD_SendDumpAbortRequest
                0x200090c8       0x38 ./src/SubSystemModules/Communication/SubsystemCommands/TRXVU_Commands.o
                0x200090c8                CMD_SendDumpAbortRequest
 .text.CMD_ForceDumpAbort
                0x20009100       0x3c ./src/SubSystemModules/Communication/SubsystemCommands/TRXVU_Commands.o
                0x20009100                CMD_ForceDumpAbort
 .text.CMD_SetTransponder
                0x2000913c      0x148 ./src/SubSystemModules/Communication/SubsystemCommands/TRXVU_Commands.o
                0x2000913c                CMD_SetTransponder
 .text.CMD_SetRSSITransponder
                0x20009284       0x90 ./src/SubSystemModules/Communication/SubsystemCommands/TRXVU_Commands.o
                0x20009284                CMD_SetRSSITransponder
 .text.CMD_MuteTRXVU
                0x20009314       0xc4 ./src/SubSystemModules/Communication/SubsystemCommands/TRXVU_Commands.o
                0x20009314                CMD_MuteTRXVU
 .text.CMD_SetIdleState
                0x200093d8       0x94 ./src/SubSystemModules/Communication/SubsystemCommands/TRXVU_Commands.o
                0x200093d8                CMD_SetIdleState
 .text.CMD_UnMuteTRXVU
                0x2000946c       0x38 ./src/SubSystemModules/Communication/SubsystemCommands/TRXVU_Commands.o
                0x2000946c                CMD_UnMuteTRXVU
 .text.CMD_GetBaudRate
                0x200094a4       0x68 ./src/SubSystemModules/Communication/SubsystemCommands/TRXVU_Commands.o
                0x200094a4                CMD_GetBaudRate
 .text.CMD_TrasmitBeacon
                0x2000950c       0x48 ./src/SubSystemModules/Communication/SubsystemCommands/TRXVU_Commands.o
                0x2000950c                CMD_TrasmitBeacon
 .text.CMD_GetBeaconInterval
                0x20009554       0x6c ./src/SubSystemModules/Communication/SubsystemCommands/TRXVU_Commands.o
                0x20009554                CMD_GetBeaconInterval
 .text.CMD_SetBaudRate
                0x200095c0       0x60 ./src/SubSystemModules/Communication/SubsystemCommands/TRXVU_Commands.o
                0x200095c0                CMD_SetBaudRate
 .text.CMD_GetTxUptime
                0x20009620       0x64 ./src/SubSystemModules/Communication/SubsystemCommands/TRXVU_Commands.o
                0x20009620                CMD_GetTxUptime
 .text.CMD_GetRxUptime
                0x20009684       0x64 ./src/SubSystemModules/Communication/SubsystemCommands/TRXVU_Commands.o
                0x20009684                CMD_GetRxUptime
 .text.CMD_GetNumOfOnlineCommands
                0x200096e8       0x64 ./src/SubSystemModules/Communication/SubsystemCommands/TRXVU_Commands.o
                0x200096e8                CMD_GetNumOfOnlineCommands
 .text.CMD_AntSetArmStatus
                0x2000974c       0xa0 ./src/SubSystemModules/Communication/SubsystemCommands/TRXVU_Commands.o
                0x2000974c                CMD_AntSetArmStatus
 .text.CMD_AntGetArmStatus
                0x200097ec       0x70 ./src/SubSystemModules/Communication/SubsystemCommands/TRXVU_Commands.o
                0x200097ec                CMD_AntGetArmStatus
 .text.CMD_AntGetUptime
                0x2000985c       0x78 ./src/SubSystemModules/Communication/SubsystemCommands/TRXVU_Commands.o
                0x2000985c                CMD_AntGetUptime
 .text.CMD_StopReDeployment
                0x200098d4       0xac ./src/SubSystemModules/Communication/SubsystemCommands/TRXVU_Commands.o
                0x200098d4                CMD_StopReDeployment
 .text.CMD_AntCancelDeployment
                0x20009980       0x68 ./src/SubSystemModules/Communication/SubsystemCommands/TRXVU_Commands.o
                0x20009980                CMD_AntCancelDeployment
 .text.SendAckPacket
                0x200099e8       0xe4 ./src/SubSystemModules/Communication/AckHandler.o
                0x200099e8                SendAckPacket
 .text.trxvu_command_router
                0x20009acc      0x548 ./src/SubSystemModules/Communication/CommandDictionary.o
                0x20009acc                trxvu_command_router
 .text.eps_command_router
                0x2000a014       0xdc ./src/SubSystemModules/Communication/CommandDictionary.o
                0x2000a014                eps_command_router
 .text.telemetry_command_router
                0x2000a0f0      0x1f4 ./src/SubSystemModules/Communication/CommandDictionary.o
                0x2000a0f0                telemetry_command_router
 .text.managment_command_router
                0x2000a2e4      0x12c ./src/SubSystemModules/Communication/CommandDictionary.o
                0x2000a2e4                managment_command_router
 .text.filesystem_command_router
                0x2000a410       0x24 ./src/SubSystemModules/Communication/CommandDictionary.o
                0x2000a410                filesystem_command_router
 .text.ParseDataToCommand
                0x2000a434      0x1ac ./src/SubSystemModules/Communication/SatCommandHandler.o
                0x2000a434                ParseDataToCommand
 .text.AssembleCommand
                0x2000a5e0      0x148 ./src/SubSystemModules/Communication/SatCommandHandler.o
                0x2000a5e0                AssembleCommand
 .text.GetDelayedCommand
                0x2000a728       0x24 ./src/SubSystemModules/Communication/SatCommandHandler.o
                0x2000a728                GetDelayedCommand
 .text.AddDelayedCommand
                0x2000a74c       0x24 ./src/SubSystemModules/Communication/SatCommandHandler.o
                0x2000a74c                AddDelayedCommand
 .text.GetDelayedCommandBufferCount
                0x2000a770       0x50 ./src/SubSystemModules/Communication/SatCommandHandler.o
                0x2000a770                GetDelayedCommandBufferCount
 .text.GetDelayedCommandByIndex
                0x2000a7c0       0x28 ./src/SubSystemModules/Communication/SatCommandHandler.o
                0x2000a7c0                GetDelayedCommandByIndex
 .text.DeleteDelayedCommandByIndex
                0x2000a7e8       0x24 ./src/SubSystemModules/Communication/SatCommandHandler.o
                0x2000a7e8                DeleteDelayedCommandByIndex
 .text.DeleteDelayedBuffer
                0x2000a80c       0x1c ./src/SubSystemModules/Communication/SatCommandHandler.o
                0x2000a80c                DeleteDelayedBuffer
 .text.ActUponCommand
                0x2000a828      0x108 ./src/SubSystemModules/Communication/SatCommandHandler.o
                0x2000a828                ActUponCommand
 .text.setMuteEndTime
                0x2000a930       0x40 ./src/SubSystemModules/Communication/TRXVU.o
                0x2000a930                setMuteEndTime
 .text.getMuteEndTime
                0x2000a970       0x44 ./src/SubSystemModules/Communication/TRXVU.o
                0x2000a970                getMuteEndTime
 .text.setTransponderEndTime
                0x2000a9b4       0x40 ./src/SubSystemModules/Communication/TRXVU.o
                0x2000a9b4                setTransponderEndTime
 .text.getTransponderEndTime
                0x2000a9f4       0x44 ./src/SubSystemModules/Communication/TRXVU.o
                0x2000a9f4                getTransponderEndTime
 .text.setTransponderRSSIinFRAM
                0x2000aa38       0x44 ./src/SubSystemModules/Communication/TRXVU.o
                0x2000aa38                setTransponderRSSIinFRAM
 .text.getTransponderRSSIFromFRAM
                0x2000aa7c       0x4c ./src/SubSystemModules/Communication/TRXVU.o
                0x2000aa7c                getTransponderRSSIFromFRAM
 .text.InitTxModule
                0x2000aac8       0x68 ./src/SubSystemModules/Communication/TRXVU.o
                0x2000aac8                InitTxModule
 .text.CMD_SetBeaconInterval
                0x2000ab30       0xdc ./src/SubSystemModules/Communication/TRXVU.o
                0x2000ab30                CMD_SetBeaconInterval
 .text.InitBeaconParams
                0x2000ac0c       0x3c ./src/SubSystemModules/Communication/TRXVU.o
                0x2000ac0c                InitBeaconParams
 .text.InitSemaphores
                0x2000ac48       0x98 ./src/SubSystemModules/Communication/TRXVU.o
                0x2000ac48                InitSemaphores
 .text.InitTrxvu
                0x2000ace0       0xec ./src/SubSystemModules/Communication/TRXVU.o
                0x2000ace0                InitTrxvu
 .text.checkIdleFinish
                0x2000adcc       0x68 ./src/SubSystemModules/Communication/TRXVU.o
                0x2000adcc                checkIdleFinish
 .text.checkTransponderFinish
                0x2000ae34       0x98 ./src/SubSystemModules/Communication/TRXVU.o
                0x2000ae34                checkTransponderFinish
 .text.checkTransponderStart
                0x2000aecc       0x50 ./src/SubSystemModules/Communication/TRXVU.o
                0x2000aecc                checkTransponderStart
 .text.turnOnTransponder
                0x2000af1c       0xa0 ./src/SubSystemModules/Communication/TRXVU.o
                0x2000af1c                turnOnTransponder
 .text.SetRSSITransponder
                0x2000afbc       0x80 ./src/SubSystemModules/Communication/TRXVU.o
                0x2000afbc                SetRSSITransponder
 .text.TRX_Logic
                0x2000b03c       0xd4 ./src/SubSystemModules/Communication/TRXVU.o
                0x2000b03c                TRX_Logic
 .text.GetNumberOfFramesInBuffer
                0x2000b110       0x5c ./src/SubSystemModules/Communication/TRXVU.o
                0x2000b110                GetNumberOfFramesInBuffer
 .text.GetOnlineCommand
                0x2000b16c      0x17c ./src/SubSystemModules/Communication/TRXVU.o
                0x2000b16c                GetOnlineCommand
 .text.CheckTransmitionAllowed
                0x2000b2e8       0xc0 ./src/SubSystemModules/Communication/TRXVU.o
                0x2000b2e8                CheckTransmitionAllowed
 .text.FinishDump
                0x2000b3a8       0xf0 ./src/SubSystemModules/Communication/TRXVU.o
                0x2000b3a8                FinishDump
 .text.AbortDump
                0x2000b498       0x34 ./src/SubSystemModules/Communication/TRXVU.o
                0x2000b498                AbortDump
 .text.SendDumpAbortRequest
                0x2000b4cc       0x6c ./src/SubSystemModules/Communication/TRXVU.o
                0x2000b4cc                SendDumpAbortRequest
 .text.CheckDumpAbort
                0x2000b538       0x6c ./src/SubSystemModules/Communication/TRXVU.o
                0x2000b538                CheckDumpAbort
 .text.BeaconLogic
                0x2000b5a4      0x1b8 ./src/SubSystemModules/Communication/TRXVU.o
                0x2000b5a4                BeaconLogic
 .text.SetIdleState
                0x2000b75c      0x144 ./src/SubSystemModules/Communication/TRXVU.o
                0x2000b75c                SetIdleState
 .text.muteTRXVU
                0x2000b8a0       0x74 ./src/SubSystemModules/Communication/TRXVU.o
                0x2000b8a0                muteTRXVU
 .text.UnMuteTRXVU
                0x2000b914       0x14 ./src/SubSystemModules/Communication/TRXVU.o
                0x2000b914                UnMuteTRXVU
 .text.TransmitDataAsSPL_Packet
                0x2000b928      0x114 ./src/SubSystemModules/Communication/TRXVU.o
                0x2000b928                TransmitDataAsSPL_Packet
 .text.TransmitSplPacket
                0x2000ba3c      0x1cc ./src/SubSystemModules/Communication/TRXVU.o
                0x2000ba3c                TransmitSplPacket
 .text.isFirstActivation
                0x2000bc08       0x38 ./src/InitSystem.o
                0x2000bc08                isFirstActivation
 .text.WriteDefaultValuesToFRAM
                0x2000bc40      0x1e8 ./src/InitSystem.o
                0x2000bc40                WriteDefaultValuesToFRAM
 .text.StartFRAM
                0x2000be28       0x2c ./src/InitSystem.o
                0x2000be28                StartFRAM
 .text.StartI2C
                0x2000be54       0x38 ./src/InitSystem.o
                0x2000be54                StartI2C
 .text.StartSPI
                0x2000be8c       0x34 ./src/InitSystem.o
                0x2000be8c                StartSPI
 .text.StartTIME
                0x2000bec0       0xbc ./src/InitSystem.o
                0x2000bec0                StartTIME
 .text.DeploySystem
                0x2000bf7c      0x1a4 ./src/InitSystem.o
                0x2000bf7c                DeploySystem
 .text.InitSubsystems
                0x2000c120       0x60 ./src/InitSystem.o
                0x2000c120                InitSubsystems
 .text.CMD_getInfoImage
                0x2000c180      0x158 ./src/TLM_management.o
                0x2000c180                CMD_getInfoImage
 .text.CMD_getDataImage
                0x2000c2d8      0x218 ./src/TLM_management.o
                0x2000c2d8                CMD_getDataImage
 .text.delete_allTMFilesFromSD
                0x2000c4f0       0x8c ./src/TLM_management.o
                0x2000c4f0                delete_allTMFilesFromSD
 .text.deleteTLMFiles
                0x2000c57c       0x94 ./src/TLM_management.o
                0x2000c57c                deleteTLMFiles
 .text.deleteTLMFile
                0x2000c610       0xcc ./src/TLM_management.o
                0x2000c610                deleteTLMFile
 .text.InitializeFS
                0x2000c6dc       0xe8 ./src/TLM_management.o
                0x2000c6dc                InitializeFS
 .text.calculateFileName
                0x2000c7c4      0x130 ./src/TLM_management.o
                0x2000c7c4                calculateFileName
 .text.getTlmTypeInfo
                0x2000c8f4      0x230 ./src/TLM_management.o
                0x2000c8f4                getTlmTypeInfo
 .text.write2File
                0x2000cb24      0x1dc ./src/TLM_management.o
                0x2000cb24                write2File
 .text.printTLM
                0x2000cd00      0x490 ./src/TLM_management.o
                0x2000cd00                printTLM
 .text.readTLMFile
                0x2000d190      0x328 ./src/TLM_management.o
                0x2000d190                readTLMFile
 .text.readTLMFiles
                0x2000d4b8       0xdc ./src/TLM_management.o
                0x2000d4b8                readTLMFiles
 .text.readTLMFileTimeRange
                0x2000d594      0x2f0 ./src/TLM_management.o
                0x2000d594                readTLMFileTimeRange
 .text.DeInitializeFS
                0x2000d884       0x38 ./src/TLM_management.o
                0x2000d884                DeInitializeFS
 .text.main     0x2000d8bc       0x98 ./src/main.o
                0x2000d8bc                main
 .text.timeU2time
                0x2000d954       0xbc ./src/utils.o
                0x2000d954                timeU2time
 .text.logError
                0x2000da10      0x134 ./src/utils.o
                0x2000da10                logError
 .text.clearPDCtransfers
                0x2000db44       0xe8 C:/ISIS/workspace/ycube/GlobusSatProject/..//hal/hal/lib\libHALD.a(SPI.o)
 .text.SPI_start
                0x2000dc2c      0x4b0 C:/ISIS/workspace/ycube/GlobusSatProject/..//hal/hal/lib\libHALD.a(SPI.o)
                0x2000dc2c                SPI_start
 .text.SPI_stop
                0x2000e0dc      0x244 C:/ISIS/workspace/ycube/GlobusSatProject/..//hal/hal/lib\libHALD.a(SPI.o)
                0x2000e0dc                SPI_stop
 .text.SPI_queueTransfer
                0x2000e320      0x1cc C:/ISIS/workspace/ycube/GlobusSatProject/..//hal/hal/lib\libHALD.a(SPI.o)
                0x2000e320                SPI_queueTransfer
 .text.SPI_internalCallback
                0x2000e4ec       0x64 C:/ISIS/workspace/ycube/GlobusSatProject/..//hal/hal/lib\libHALD.a(SPI.o)
 .text.SPI_writeRead
                0x2000e550      0x1c0 C:/ISIS/workspace/ycube/GlobusSatProject/..//hal/hal/lib\libHALD.a(SPI.o)
                0x2000e550                SPI_writeRead
 .text.waitForTransfer
                0x2000e710       0x78 C:/ISIS/workspace/ycube/GlobusSatProject/..//hal/hal/lib\libHALD.a(SPI.o)
 .text.SPI_getDriverState
                0x2000e788       0x58 C:/ISIS/workspace/ycube/GlobusSatProject/..//hal/hal/lib\libHALD.a(SPI.o)
                0x2000e788                SPI_getDriverState
 .text.validateTransferParameters
                0x2000e7e0      0x10c C:/ISIS/workspace/ycube/GlobusSatProject/..//hal/hal/lib\libHALD.a(I2C.o)
 .text.I2C_queueTransfer
                0x2000e8ec       0xfc C:/ISIS/workspace/ycube/GlobusSatProject/..//hal/hal/lib\libHALD.a(I2C.o)
                0x2000e8ec                I2C_queueTransfer
 .text.I2C_internalCallback
                0x2000e9e8       0x64 C:/ISIS/workspace/ycube/GlobusSatProject/..//hal/hal/lib\libHALD.a(I2C.o)
 .text.I2C_doBlockingTransfer
                0x2000ea4c      0x180 C:/ISIS/workspace/ycube/GlobusSatProject/..//hal/hal/lib\libHALD.a(I2C.o)
 .text.I2C_write
                0x2000ebcc      0x110 C:/ISIS/workspace/ycube/GlobusSatProject/..//hal/hal/lib\libHALD.a(I2C.o)
                0x2000ebcc                I2C_write
 .text.I2C_read
                0x2000ecdc      0x110 C:/ISIS/workspace/ycube/GlobusSatProject/..//hal/hal/lib\libHALD.a(I2C.o)
                0x2000ecdc                I2C_read
 .text.I2C_writeRead
                0x2000edec      0x17c C:/ISIS/workspace/ycube/GlobusSatProject/..//hal/hal/lib\libHALD.a(I2C.o)
                0x2000edec                I2C_writeRead
 .text.I2C_start
                0x2000ef68      0x2e8 C:/ISIS/workspace/ycube/GlobusSatProject/..//hal/hal/lib\libHALD.a(I2C.o)
                0x2000ef68                I2C_start
 .text.I2C_stop
                0x2000f250      0x184 C:/ISIS/workspace/ycube/GlobusSatProject/..//hal/hal/lib\libHALD.a(I2C.o)
                0x2000f250                I2C_stop
 .text.I2C_setTransferTimeout
                0x2000f3d4       0x48 C:/ISIS/workspace/ycube/GlobusSatProject/..//hal/hal/lib\libHALD.a(I2C.o)
                0x2000f3d4                I2C_setTransferTimeout
 .text.ADC_ConvertRaw10bitToMillivolt
                0x2000f41c       0x50 C:/ISIS/workspace/ycube/GlobusSatProject/..//hal/hal/lib\libHALD.a(ADC.o)
                0x2000f41c                ADC_ConvertRaw10bitToMillivolt
 .text.ADC_SingleShot
                0x2000f46c      0x230 C:/ISIS/workspace/ycube/GlobusSatProject/..//hal/hal/lib\libHALD.a(ADC.o)
                0x2000f46c                ADC_SingleShot
 .text.FRAM_start
                0x2000f69c      0x120 C:/ISIS/workspace/ycube/GlobusSatProject/..//hal/hal/lib\libHALD.a(FRAM.o)
                0x2000f69c                FRAM_start
 .text.FRAM_stop
                0x2000f7bc       0x6c C:/ISIS/workspace/ycube/GlobusSatProject/..//hal/hal/lib\libHALD.a(FRAM.o)
                0x2000f7bc                FRAM_stop
 .text.FRAM_dummyCallback
                0x2000f828       0x24 C:/ISIS/workspace/ycube/GlobusSatProject/..//hal/hal/lib\libHALD.a(FRAM.o)
                0x2000f828                FRAM_dummyCallback
 .text.FRAM_unlockingCallback
                0x2000f84c       0x64 C:/ISIS/workspace/ycube/GlobusSatProject/..//hal/hal/lib\libHALD.a(FRAM.o)
                0x2000f84c                FRAM_unlockingCallback
 .text.doBlockingTransfer
                0x2000f8b0       0x78 C:/ISIS/workspace/ycube/GlobusSatProject/..//hal/hal/lib\libHALD.a(FRAM.o)
 .text.FRAM_writePacket
                0x2000f928      0x134 C:/ISIS/workspace/ycube/GlobusSatProject/..//hal/hal/lib\libHALD.a(FRAM.o)
 .text.FRAM_write
                0x2000fa5c      0x1e0 C:/ISIS/workspace/ycube/GlobusSatProject/..//hal/hal/lib\libHALD.a(FRAM.o)
                0x2000fa5c                FRAM_write
 .text.FRAM_readPacket
                0x2000fc3c       0xf0 C:/ISIS/workspace/ycube/GlobusSatProject/..//hal/hal/lib\libHALD.a(FRAM.o)
 .text.FRAM_read
                0x2000fd2c      0x1ec C:/ISIS/workspace/ycube/GlobusSatProject/..//hal/hal/lib\libHALD.a(FRAM.o)
                0x2000fd2c                FRAM_read
 .text.Time_start
                0x2000ff18      0x170 C:/ISIS/workspace/ycube/GlobusSatProject/..//hal/hal/lib\libHALD.a(Time.o)
                0x2000ff18                Time_start
 .text.taskTimeSync
                0x20010088       0x64 C:/ISIS/workspace/ycube/GlobusSatProject/..//hal/hal/lib\libHALD.a(Time.o)
 .text.Time_convertEpochToTime
                0x200100ec      0x100 C:/ISIS/workspace/ycube/GlobusSatProject/..//hal/hal/lib\libHALD.a(Time.o)
                0x200100ec                Time_convertEpochToTime
 .text.Time_calculateSecondsOfYear
                0x200101ec       0xd8 C:/ISIS/workspace/ycube/GlobusSatProject/..//hal/hal/lib\libHALD.a(Time.o)
 .text.Time_set
                0x200102c4       0xd8 C:/ISIS/workspace/ycube/GlobusSatProject/..//hal/hal/lib\libHALD.a(Time.o)
                0x200102c4                Time_set
 .text.Time_isLeapYear
                0x2001039c       0x98 C:/ISIS/workspace/ycube/GlobusSatProject/..//hal/hal/lib\libHALD.a(Time.o)
                0x2001039c                Time_isLeapYear
 .text.Time_get
                0x20010434      0x478 C:/ISIS/workspace/ycube/GlobusSatProject/..//hal/hal/lib\libHALD.a(Time.o)
                0x20010434                Time_get
 .text.Time_getUnixEpoch
                0x200108ac      0x108 C:/ISIS/workspace/ycube/GlobusSatProject/..//hal/hal/lib\libHALD.a(Time.o)
                0x200108ac                Time_getUnixEpoch
 .text.Time_secondsOfYearToTime
                0x200109b4      0x33c C:/ISIS/workspace/ycube/GlobusSatProject/..//hal/hal/lib\libHALD.a(Time.o)
 .text.Time_setUnixEpoch
                0x20010cf0       0x54 C:/ISIS/workspace/ycube/GlobusSatProject/..//hal/hal/lib\libHALD.a(Time.o)
                0x20010cf0                Time_setUnixEpoch
 .text.Time_getUptimeSeconds
                0x20010d44       0x28 C:/ISIS/workspace/ycube/GlobusSatProject/..//hal/hal/lib\libHALD.a(Time.o)
                0x20010d44                Time_getUptimeSeconds
 .text.Time_sync
                0x20010d6c      0x1a8 C:/ISIS/workspace/ycube/GlobusSatProject/..//hal/hal/lib\libHALD.a(Time.o)
                0x20010d6c                Time_sync
 .text.Time_syncIfNeeded
                0x20010f14       0xac C:/ISIS/workspace/ycube/GlobusSatProject/..//hal/hal/lib\libHALD.a(Time.o)
                0x20010f14                Time_syncIfNeeded
 .text.WDT_start
                0x20010fc0       0x48 C:/ISIS/workspace/ycube/GlobusSatProject/..//hal/hal/lib\libHALD.a(WatchDogTimerNoOS.o)
                0x20010fc0                WDT_start
 .text.RTT_start
                0x20011008       0x24 C:/ISIS/workspace/ycube/GlobusSatProject/..//hal/hal/lib\libHALD.a(RTT.o)
                0x20011008                RTT_start
 .text.RTT_GetTime
                0x2001102c       0x24 C:/ISIS/workspace/ycube/GlobusSatProject/..//hal/hal/lib\libHALD.a(RTT.o)
                0x2001102c                RTT_GetTime
 .text.RTC_start
                0x20011050       0x3c C:/ISIS/workspace/ycube/GlobusSatProject/..//hal/hal/lib\libHALD.a(RTC.o)
                0x20011050                RTC_start
 .text.RTC_setTime
                0x2001108c      0x2a4 C:/ISIS/workspace/ycube/GlobusSatProject/..//hal/hal/lib\libHALD.a(RTC.o)
                0x2001108c                RTC_setTime
 .text.RTC_getTime
                0x20011330      0x230 C:/ISIS/workspace/ycube/GlobusSatProject/..//hal/hal/lib\libHALD.a(RTC.o)
                0x20011330                RTC_getTime
 .text.RTC_checkTimeValid
                0x20011560       0xd8 C:/ISIS/workspace/ycube/GlobusSatProject/..//hal/hal/lib\libHALD.a(RTC.o)
                0x20011560                RTC_checkTimeValid
 .text.WDT_startWatchdogKickTask
                0x20011638       0xb4 C:/ISIS/workspace/ycube/GlobusSatProject/..//hal/hal/lib\libHALD.a(WatchDogTimerOS.o)
                0x20011638                WDT_startWatchdogKickTask
 .text.WDT_forceKickEveryNms
                0x200116ec       0x50 C:/ISIS/workspace/ycube/GlobusSatProject/..//hal/hal/lib\libHALD.a(WatchDogTimerOS.o)
                0x200116ec                WDT_forceKickEveryNms
 .text.f_puts   0x2001173c       0x80 C:/ISIS/workspace/ycube/GlobusSatProject/..//hal/hal/lib\libHALD.a(fprintf.o)
                0x2001173c                f_puts
 .text.UTIL_DbguGetInteger
                0x200117bc      0x168 C:/ISIS/workspace/ycube/GlobusSatProject/..//hal/hal/lib\libHALD.a(util.o)
                0x200117bc                UTIL_DbguGetInteger
 .text.UTIL_DbguGetIntegerMinMax
                0x20011924       0xa4 C:/ISIS/workspace/ycube/GlobusSatProject/..//hal/hal/lib\libHALD.a(util.o)
                0x20011924                UTIL_DbguGetIntegerMinMax
 .text.LED_glow
                0x200119c8       0x58 C:/ISIS/workspace/ycube/GlobusSatProject/..//hal/hal/lib\libHALD.a(LED.o)
                0x200119c8                LED_glow
 .text.LED_dark
                0x20011a20       0x58 C:/ISIS/workspace/ycube/GlobusSatProject/..//hal/hal/lib\libHALD.a(LED.o)
                0x20011a20                LED_dark
 .text.LED_toggle
                0x20011a78       0x50 C:/ISIS/workspace/ycube/GlobusSatProject/..//hal/hal/lib\libHALD.a(LED.o)
                0x20011a78                LED_toggle
 .text.fm_initvolume
                0x20011ac8       0x70 C:/ISIS/workspace/ycube/GlobusSatProject/..//hal/hcc/lib\libHCCD.a(fat_m.o)
                0x20011ac8                fm_initvolume
 .text.fm_delvolume
                0x20011b38       0x60 C:/ISIS/workspace/ycube/GlobusSatProject/..//hal/hcc/lib\libHCCD.a(fat_m.o)
                0x20011b38                fm_delvolume
 .text.fm_getdrive
                0x20011b98       0x70 C:/ISIS/workspace/ycube/GlobusSatProject/..//hal/hcc/lib\libHCCD.a(fat_m.o)
                0x20011b98                fm_getdrive
 .text.fm_getfreespace
                0x20011c08       0x68 C:/ISIS/workspace/ycube/GlobusSatProject/..//hal/hcc/lib\libHCCD.a(fat_m.o)
                0x20011c08                fm_getfreespace
 .text.fm_mkdir
                0x20011c70       0x60 C:/ISIS/workspace/ycube/GlobusSatProject/..//hal/hcc/lib\libHCCD.a(fat_m.o)
                0x20011c70                fm_mkdir
 .text.fm_findfirst
                0x20011cd0       0x68 C:/ISIS/workspace/ycube/GlobusSatProject/..//hal/hcc/lib\libHCCD.a(fat_m.o)
                0x20011cd0                fm_findfirst
 .text.fm_findnext
                0x20011d38       0x60 C:/ISIS/workspace/ycube/GlobusSatProject/..//hal/hcc/lib\libHCCD.a(fat_m.o)
                0x20011d38                fm_findnext
 .text.fm_close
                0x20011d98       0x60 C:/ISIS/workspace/ycube/GlobusSatProject/..//hal/hcc/lib\libHCCD.a(fat_m.o)
                0x20011d98                fm_close
 .text.fm_flush
                0x20011df8       0x60 C:/ISIS/workspace/ycube/GlobusSatProject/..//hal/hcc/lib\libHCCD.a(fat_m.o)
                0x20011df8                fm_flush
 .text.fm_open  0x20011e58       0x68 C:/ISIS/workspace/ycube/GlobusSatProject/..//hal/hcc/lib\libHCCD.a(fat_m.o)
                0x20011e58                fm_open
 .text.fm_read  0x20011ec0       0x7c C:/ISIS/workspace/ycube/GlobusSatProject/..//hal/hcc/lib\libHCCD.a(fat_m.o)
                0x20011ec0                fm_read
 .text.fm_write
                0x20011f3c       0x7c C:/ISIS/workspace/ycube/GlobusSatProject/..//hal/hcc/lib\libHCCD.a(fat_m.o)
                0x20011f3c                fm_write
 .text.fm_seek  0x20011fb8       0x70 C:/ISIS/workspace/ycube/GlobusSatProject/..//hal/hcc/lib\libHCCD.a(fat_m.o)
                0x20011fb8                fm_seek
 .text.fm_tell  0x20012028       0x60 C:/ISIS/workspace/ycube/GlobusSatProject/..//hal/hcc/lib\libHCCD.a(fat_m.o)
                0x20012028                fm_tell
 .text.fm_putc  0x20012088       0x68 C:/ISIS/workspace/ycube/GlobusSatProject/..//hal/hcc/lib\libHCCD.a(fat_m.o)
                0x20012088                fm_putc
 .text.fm_rewind
                0x200120f0       0x60 C:/ISIS/workspace/ycube/GlobusSatProject/..//hal/hcc/lib\libHCCD.a(fat_m.o)
                0x200120f0                fm_rewind
 .text.fm_delete
                0x20012150       0x64 C:/ISIS/workspace/ycube/GlobusSatProject/..//hal/hcc/lib\libHCCD.a(fat_m.o)
                0x20012150                fm_delete
 .text.fm_getlasterror
                0x200121b4       0x40 C:/ISIS/workspace/ycube/GlobusSatProject/..//hal/hcc/lib\libHCCD.a(fat_m.o)
                0x200121b4                fm_getlasterror
 .text._f_invalidatedir
                0x200121f4       0x28 C:/ISIS/workspace/ycube/GlobusSatProject/..//hal/hcc/lib\libHCCD.a(fat.o)
                0x200121f4                _f_invalidatedir
 .text._f_getdirsector
                0x2001221c       0x88 C:/ISIS/workspace/ycube/GlobusSatProject/..//hal/hcc/lib\libHCCD.a(fat.o)
                0x2001221c                _f_getdirsector
 .text._f_writedirsector
                0x200122a4       0x74 C:/ISIS/workspace/ycube/GlobusSatProject/..//hal/hcc/lib\libHCCD.a(fat.o)
                0x200122a4                _f_writedirsector
 .text._f_checknameinv
                0x20012318      0x180 C:/ISIS/workspace/ycube/GlobusSatProject/..//hal/hcc/lib\libHCCD.a(fat.o)
 .text._f_checkname
                0x20012498       0x7c C:/ISIS/workspace/ycube/GlobusSatProject/..//hal/hcc/lib\libHCCD.a(fat.o)
 .text._f_checknamewc
                0x20012514       0xf8 C:/ISIS/workspace/ycube/GlobusSatProject/..//hal/hcc/lib\libHCCD.a(fat.o)
 .text._f_setnameext
                0x2001260c      0x300 C:/ISIS/workspace/ycube/GlobusSatProject/..//hal/hcc/lib\libHCCD.a(fat.o)
 .text._f_setfsname
                0x2001290c      0x584 C:/ISIS/workspace/ycube/GlobusSatProject/..//hal/hcc/lib\libHCCD.a(fat.o)
 .text._f_findfile
                0x20012e90      0x30c C:/ISIS/workspace/ycube/GlobusSatProject/..//hal/hcc/lib\libHCCD.a(fat.o)
 .text._f_cmp_wname
                0x2001319c      0x274 C:/ISIS/workspace/ycube/GlobusSatProject/..//hal/hcc/lib\libHCCD.a(fat.o)
 .text._f_to_string
                0x20013410      0x130 C:/ISIS/workspace/ycube/GlobusSatProject/..//hal/hcc/lib\libHCCD.a(fat.o)
 .text._f_findfilewc
                0x20013540      0x278 C:/ISIS/workspace/ycube/GlobusSatProject/..//hal/hcc/lib\libHCCD.a(fat.o)
 .text._f_getfilename
                0x200137b8      0x20c C:/ISIS/workspace/ycube/GlobusSatProject/..//hal/hcc/lib\libHCCD.a(fat.o)
 .text._f_findpath
                0x200139c4      0x35c C:/ISIS/workspace/ycube/GlobusSatProject/..//hal/hcc/lib\libHCCD.a(fat.o)
 .text.fn_getdcwd
                0x20013d20      0x1e0 C:/ISIS/workspace/ycube/GlobusSatProject/..//hal/hcc/lib\libHCCD.a(fat.o)
                0x20013d20                fn_getdcwd
 .text.fn_findfirst
                0x20013f00      0x13c C:/ISIS/workspace/ycube/GlobusSatProject/..//hal/hcc/lib\libHCCD.a(fat.o)
                0x20013f00                fn_findfirst
 .text.fn_findnext
                0x2001403c      0x360 C:/ISIS/workspace/ycube/GlobusSatProject/..//hal/hcc/lib\libHCCD.a(fat.o)
                0x2001403c                fn_findnext
 .text._f_lock_resfile
                0x2001439c       0x6c C:/ISIS/workspace/ycube/GlobusSatProject/..//hal/hcc/lib\libHCCD.a(fat.o)
 .text._f_unlock_resfile
                0x20014408       0x40 C:/ISIS/workspace/ycube/GlobusSatProject/..//hal/hcc/lib\libHCCD.a(fat.o)
 .text._f_getintfile
                0x20014448      0x124 C:/ISIS/workspace/ycube/GlobusSatProject/..//hal/hcc/lib\libHCCD.a(fat.o)
 .text._f_addentry
                0x2001456c      0x540 C:/ISIS/workspace/ycube/GlobusSatProject/..//hal/hcc/lib\libHCCD.a(fat.o)
 .text.fn_mkdir
                0x20014aac      0x75c C:/ISIS/workspace/ycube/GlobusSatProject/..//hal/hcc/lib\libHCCD.a(fat.o)
                0x20014aac                fn_mkdir
 .text.fn_open_sub
                0x20015208     0x1698 C:/ISIS/workspace/ycube/GlobusSatProject/..//hal/hcc/lib\libHCCD.a(fat.o)
 .text.fn_open  0x200168a0       0x44 C:/ISIS/workspace/ycube/GlobusSatProject/..//hal/hcc/lib\libHCCD.a(fat.o)
                0x200168a0                fn_open
 .text.fn_delete
                0x200168e4      0x490 C:/ISIS/workspace/ycube/GlobusSatProject/..//hal/hcc/lib\libHCCD.a(fat.o)
                0x200168e4                fn_delete
 .text.fn_init  0x20016d74      0x2dc C:/ISIS/workspace/ycube/GlobusSatProject/..//hal/hcc/lib\libHCCD.a(fat_common.o)
                0x20016d74                fn_init
 .text.fn_start
                0x20017050       0x1c C:/ISIS/workspace/ycube/GlobusSatProject/..//hal/hcc/lib\libHCCD.a(fat_common.o)
                0x20017050                fn_start
 .text.fsn_delete
                0x2001706c       0xc8 C:/ISIS/workspace/ycube/GlobusSatProject/..//hal/hcc/lib\libHCCD.a(fat_common.o)
                0x2001706c                fsn_delete
 .text._f_get16bitl
                0x20017134       0x4c C:/ISIS/workspace/ycube/GlobusSatProject/..//hal/hcc/lib\libHCCD.a(fat_common.o)
                0x20017134                _f_get16bitl
 .text._f_set16bitl
                0x20017180       0x54 C:/ISIS/workspace/ycube/GlobusSatProject/..//hal/hcc/lib\libHCCD.a(fat_common.o)
                0x20017180                _f_set16bitl
 .text._f_get32bitl
                0x200171d4       0x68 C:/ISIS/workspace/ycube/GlobusSatProject/..//hal/hcc/lib\libHCCD.a(fat_common.o)
                0x200171d4                _f_get32bitl
 .text._f_set32bitl
                0x2001723c       0x78 C:/ISIS/workspace/ycube/GlobusSatProject/..//hal/hcc/lib\libHCCD.a(fat_common.o)
                0x2001723c                _f_set32bitl
 .text._get8bit
                0x200172b4       0xa0 C:/ISIS/workspace/ycube/GlobusSatProject/..//hal/hcc/lib\libHCCD.a(fat_common.o)
 .text._get16bitl
                0x20017354       0x40 C:/ISIS/workspace/ycube/GlobusSatProject/..//hal/hcc/lib\libHCCD.a(fat_common.o)
 .text._get32bitl
                0x20017394       0x3c C:/ISIS/workspace/ycube/GlobusSatProject/..//hal/hcc/lib\libHCCD.a(fat_common.o)
 .text._f_setcardremoved
                0x200173d0       0x94 C:/ISIS/workspace/ycube/GlobusSatProject/..//hal/hcc/lib\libHCCD.a(fat_common.o)
 .text._f_checkstatus
                0x20017464      0x104 C:/ISIS/workspace/ycube/GlobusSatProject/..//hal/hcc/lib\libHCCD.a(fat_common.o)
                0x20017464                _f_checkstatus
 .text._f_drvgetphy
                0x20017568      0x114 C:/ISIS/workspace/ycube/GlobusSatProject/..//hal/hcc/lib\libHCCD.a(fat_common.o)
 .text._f_drvwritesector
                0x2001767c       0xdc C:/ISIS/workspace/ycube/GlobusSatProject/..//hal/hcc/lib\libHCCD.a(fat_common.o)
 .text._f_drvreadsector
                0x20017758       0xa8 C:/ISIS/workspace/ycube/GlobusSatProject/..//hal/hcc/lib\libHCCD.a(fat_common.o)
 .text._f_writesector
                0x20017800      0x23c C:/ISIS/workspace/ycube/GlobusSatProject/..//hal/hcc/lib\libHCCD.a(fat_common.o)
                0x20017800                _f_writesector
 .text._f_readsector
                0x20017a3c      0x1dc C:/ISIS/workspace/ycube/GlobusSatProject/..//hal/hcc/lib\libHCCD.a(fat_common.o)
                0x20017a3c                _f_readsector
 .text._f_getmaxcluster
                0x20017c18       0x94 C:/ISIS/workspace/ycube/GlobusSatProject/..//hal/hcc/lib\libHCCD.a(fat_common.o)
                0x20017c18                _f_getmaxcluster
 .text._getsectorfromcluster
                0x20017cac       0x68 C:/ISIS/workspace/ycube/GlobusSatProject/..//hal/hcc/lib\libHCCD.a(fat_common.o)
 .text._f_buildsectors
                0x20017d14      0x268 C:/ISIS/workspace/ycube/GlobusSatProject/..//hal/hcc/lib\libHCCD.a(fat_common.o)
 .text._f_getbootrecord
                0x20017f7c      0x5e4 C:/ISIS/workspace/ycube/GlobusSatProject/..//hal/hcc/lib\libHCCD.a(fat_common.o)
 .text._f_readbootrecord
                0x20018560      0x4f8 C:/ISIS/workspace/ycube/GlobusSatProject/..//hal/hcc/lib\libHCCD.a(fat_common.o)
 .text._f_flushcffiles
                0x20018a58      0x17c C:/ISIS/workspace/ycube/GlobusSatProject/..//hal/hcc/lib\libHCCD.a(fat_common.o)
                0x20018a58                _f_flushcffiles
 .text._f_fatcache_flush
                0x20018bd4      0x270 C:/ISIS/workspace/ycube/GlobusSatProject/..//hal/hcc/lib\libHCCD.a(fat_common.o)
                0x20018bd4                _f_fatcache_flush
 .text._f_writefatsector
                0x20018e44      0x100 C:/ISIS/workspace/ycube/GlobusSatProject/..//hal/hcc/lib\libHCCD.a(fat_common.o)
                0x20018e44                _f_writefatsector
 .text._f_getfatsector
                0x20018f44      0x3bc C:/ISIS/workspace/ycube/GlobusSatProject/..//hal/hcc/lib\libHCCD.a(fat_common.o)
 .text._f_setclustervalue
                0x20019300      0x490 C:/ISIS/workspace/ycube/GlobusSatProject/..//hal/hcc/lib\libHCCD.a(fat_common.o)
                0x20019300                _f_setclustervalue
 .text._f_getclustervalue
                0x20019790      0x388 C:/ISIS/workspace/ycube/GlobusSatProject/..//hal/hcc/lib\libHCCD.a(fat_common.o)
                0x20019790                _f_getclustervalue
 .text._f_close_drive_files
                0x20019b18       0xac C:/ISIS/workspace/ycube/GlobusSatProject/..//hal/hcc/lib\libHCCD.a(fat_common.o)
 .text._f_inc_mount_count
                0x20019bc4       0xa4 C:/ISIS/workspace/ycube/GlobusSatProject/..//hal/hcc/lib\libHCCD.a(fat_common.o)
 .text._f_getvolume
                0x20019c68      0x2f8 C:/ISIS/workspace/ycube/GlobusSatProject/..//hal/hcc/lib\libHCCD.a(fat_common.o)
                0x20019c68                _f_getvolume
 .text.fn_createdriver
                0x20019f60      0x118 C:/ISIS/workspace/ycube/GlobusSatProject/..//hal/hcc/lib\libHCCD.a(fat_common.o)
                0x20019f60                fn_createdriver
 .text.fn_initvolume
                0x2001a078      0x12c C:/ISIS/workspace/ycube/GlobusSatProject/..//hal/hcc/lib\libHCCD.a(fat_common.o)
                0x2001a078                fn_initvolume
 .text.fn_releasedriver
                0x2001a1a4       0xf4 C:/ISIS/workspace/ycube/GlobusSatProject/..//hal/hcc/lib\libHCCD.a(fat_common.o)
                0x2001a1a4                fn_releasedriver
 .text.fn_initvolumepartition_sub
                0x2001a298       0xe0 C:/ISIS/workspace/ycube/GlobusSatProject/..//hal/hcc/lib\libHCCD.a(fat_common.o)
 .text.fn_initvolumepartition
                0x2001a378       0xac C:/ISIS/workspace/ycube/GlobusSatProject/..//hal/hcc/lib\libHCCD.a(fat_common.o)
                0x2001a378                fn_initvolumepartition
 .text.fn_delvolume
                0x2001a424      0x194 C:/ISIS/workspace/ycube/GlobusSatProject/..//hal/hcc/lib\libHCCD.a(fat_common.o)
                0x2001a424                fn_delvolume
 .text._f_clustertopos
                0x2001a5b8       0xf8 C:/ISIS/workspace/ycube/GlobusSatProject/..//hal/hcc/lib\libHCCD.a(fat_common.o)
                0x2001a5b8                _f_clustertopos
 .text._f_getcurrsector
                0x2001a6b0      0x6c8 C:/ISIS/workspace/ycube/GlobusSatProject/..//hal/hcc/lib\libHCCD.a(fat_common.o)
                0x2001a6b0                _f_getcurrsector
 .text._f_getdecluster
                0x2001ad78       0x90 C:/ISIS/workspace/ycube/GlobusSatProject/..//hal/hcc/lib\libHCCD.a(fat_common.o)
                0x2001ad78                _f_getdecluster
 .text._f_setdecluster
                0x2001ae08       0x8c C:/ISIS/workspace/ycube/GlobusSatProject/..//hal/hcc/lib\libHCCD.a(fat_common.o)
                0x2001ae08                _f_setdecluster
 .text.fn_getdrive
                0x2001ae94       0x30 C:/ISIS/workspace/ycube/GlobusSatProject/..//hal/hcc/lib\libHCCD.a(fat_common.o)
                0x2001ae94                fn_getdrive
 .text._f_getcurrenttimedate
                0x2001aec4      0x138 C:/ISIS/workspace/ycube/GlobusSatProject/..//hal/hcc/lib\libHCCD.a(fat_common.o)
                0x2001aec4                _f_getcurrenttimedate
 .text._f_initentry
                0x2001affc       0xa0 C:/ISIS/workspace/ycube/GlobusSatProject/..//hal/hcc/lib\libHCCD.a(fat_common.o)
                0x2001affc                _f_initentry
 .text._f_alloccluster
                0x2001b09c      0x344 C:/ISIS/workspace/ycube/GlobusSatProject/..//hal/hcc/lib\libHCCD.a(fat_common.o)
                0x2001b09c                _f_alloccluster
 .text._f_dobadblock
                0x2001b3e0      0x2cc C:/ISIS/workspace/ycube/GlobusSatProject/..//hal/hcc/lib\libHCCD.a(fat_common.o)
                0x2001b3e0                _f_dobadblock
 .text._f_checklocked
                0x2001b6ac       0xe4 C:/ISIS/workspace/ycube/GlobusSatProject/..//hal/hcc/lib\libHCCD.a(fat_common.o)
                0x2001b6ac                _f_checklocked
 .text._f_checkappendlocked
                0x2001b790      0x110 C:/ISIS/workspace/ycube/GlobusSatProject/..//hal/hcc/lib\libHCCD.a(fat_common.o)
                0x2001b790                _f_checkappendlocked
 .text._f_setsyncafile
                0x2001b8a0      0x114 C:/ISIS/workspace/ycube/GlobusSatProject/..//hal/hcc/lib\libHCCD.a(fat_common.o)
                0x2001b8a0                _f_setsyncafile
 .text._f_syncfiles
                0x2001b9b4      0x128 C:/ISIS/workspace/ycube/GlobusSatProject/..//hal/hcc/lib\libHCCD.a(fat_common.o)
                0x2001b9b4                _f_syncfiles
 .text._f_syncfilescontent
                0x2001badc      0x15c C:/ISIS/workspace/ycube/GlobusSatProject/..//hal/hcc/lib\libHCCD.a(fat_common.o)
 .text.fn_getfreespace
                0x2001bc38      0x4c0 C:/ISIS/workspace/ycube/GlobusSatProject/..//hal/hcc/lib\libHCCD.a(fat_common.o)
                0x2001bc38                fn_getfreespace
 .text._f_emptywritecache
                0x2001c0f8      0x4a4 C:/ISIS/workspace/ycube/GlobusSatProject/..//hal/hcc/lib\libHCCD.a(fat_common.o)
 .text._f_allocnextcluster
                0x2001c59c      0x54c C:/ISIS/workspace/ycube/GlobusSatProject/..//hal/hcc/lib\libHCCD.a(fat_common.o)
 .text._f_emptywritebuffer
                0x2001cae8      0x20c C:/ISIS/workspace/ycube/GlobusSatProject/..//hal/hcc/lib\libHCCD.a(fat_common.o)
 .text._f_writezeros
                0x2001ccf4       0xf0 C:/ISIS/workspace/ycube/GlobusSatProject/..//hal/hcc/lib\libHCCD.a(fat_common.o)
                0x2001ccf4                _f_writezeros
 .text._f_extend_file
                0x2001cde4      0x570 C:/ISIS/workspace/ycube/GlobusSatProject/..//hal/hcc/lib\libHCCD.a(fat_common.o)
 .text._f_fseek
                0x2001d354      0x9bc C:/ISIS/workspace/ycube/GlobusSatProject/..//hal/hcc/lib\libHCCD.a(fat_common.o)
                0x2001d354                _f_fseek
 .text._f_removechain
                0x2001dd10      0x104 C:/ISIS/workspace/ycube/GlobusSatProject/..//hal/hcc/lib\libHCCD.a(fat_common.o)
                0x2001dd10                _f_removechain
 .text._f_updatefileentry
                0x2001de14      0x1cc C:/ISIS/workspace/ycube/GlobusSatProject/..//hal/hcc/lib\libHCCD.a(fat_common.o)
 .text._f_checkreadlocked
                0x2001dfe0      0x1bc C:/ISIS/workspace/ycube/GlobusSatProject/..//hal/hcc/lib\libHCCD.a(fat_common.o)
                0x2001dfe0                _f_checkreadlocked
 .text._f_check_handle
                0x2001e19c       0x98 C:/ISIS/workspace/ycube/GlobusSatProject/..//hal/hcc/lib\libHCCD.a(fat_common.o)
                0x2001e19c                _f_check_handle
 .text._f_removesyncafile
                0x2001e234      0x1ec C:/ISIS/workspace/ycube/GlobusSatProject/..//hal/hcc/lib\libHCCD.a(fat_common.o)
 .text.fn_close
                0x2001e420      0x3f8 C:/ISIS/workspace/ycube/GlobusSatProject/..//hal/hcc/lib\libHCCD.a(fat_common.o)
                0x2001e420                fn_close
 .text.fn_flush
                0x2001e818      0x374 C:/ISIS/workspace/ycube/GlobusSatProject/..//hal/hcc/lib\libHCCD.a(fat_common.o)
                0x2001e818                fn_flush
 .text.fn_read  0x2001eb8c      0x690 C:/ISIS/workspace/ycube/GlobusSatProject/..//hal/hcc/lib\libHCCD.a(fat_common.o)
                0x2001eb8c                fn_read
 .text._f_abortwrite
                0x2001f21c      0x100 C:/ISIS/workspace/ycube/GlobusSatProject/..//hal/hcc/lib\libHCCD.a(fat_common.o)
 .text._f_checkwritecluster
                0x2001f31c       0xe4 C:/ISIS/workspace/ycube/GlobusSatProject/..//hal/hcc/lib\libHCCD.a(fat_common.o)
 .text.fn_write
                0x2001f400      0x8a8 C:/ISIS/workspace/ycube/GlobusSatProject/..//hal/hcc/lib\libHCCD.a(fat_common.o)
                0x2001f400                fn_write
 .text.fn_seek  0x2001fca8      0x270 C:/ISIS/workspace/ycube/GlobusSatProject/..//hal/hcc/lib\libHCCD.a(fat_common.o)
                0x2001fca8                fn_seek
 .text.fn_tell  0x2001ff18      0x19c C:/ISIS/workspace/ycube/GlobusSatProject/..//hal/hcc/lib\libHCCD.a(fat_common.o)
                0x2001ff18                fn_tell
 .text.fn_rewind
                0x200200b4       0x38 C:/ISIS/workspace/ycube/GlobusSatProject/..//hal/hcc/lib\libHCCD.a(fat_common.o)
                0x200200b4                fn_rewind
 .text.fn_putc  0x200200ec       0x68 C:/ISIS/workspace/ycube/GlobusSatProject/..//hal/hcc/lib\libHCCD.a(fat_common.o)
                0x200200ec                fn_putc
 .text.f_enterFS
                0x20020154      0x1c0 C:/ISIS/workspace/ycube/GlobusSatProject/..//hal/hcc/lib\libHCCD.a(fat_common.o)
                0x20020154                f_enterFS
 .text.f_releaseFS
                0x20020314       0xb0 C:/ISIS/workspace/ycube/GlobusSatProject/..//hal/hcc/lib\libHCCD.a(fat_common.o)
                0x20020314                f_releaseFS
 .text.fnGetTask
                0x200203c4       0xfc C:/ISIS/workspace/ycube/GlobusSatProject/..//hal/hcc/lib\libHCCD.a(fat_common.o)
                0x200203c4                fnGetTask
 .text._f_mutex_get
                0x200204c0       0x98 C:/ISIS/workspace/ycube/GlobusSatProject/..//hal/hcc/lib\libHCCD.a(fat_common.o)
                0x200204c0                _f_mutex_get
 .text._f_mutex_put
                0x20020558       0x54 C:/ISIS/workspace/ycube/GlobusSatProject/..//hal/hcc/lib\libHCCD.a(fat_common.o)
                0x20020558                _f_mutex_put
 .text._fn_initseekdivisor
                0x200205ac      0x158 C:/ISIS/workspace/ycube/GlobusSatProject/..//hal/hcc/lib\libHCCD.a(fat_common.o)
                0x200205ac                _fn_initseekdivisor
 .text._fn_updateseekpos
                0x20020704       0xc4 C:/ISIS/workspace/ycube/GlobusSatProject/..//hal/hcc/lib\libHCCD.a(fat_common.o)
 .text._f_findopensize
                0x200207c8       0x2c C:/ISIS/workspace/ycube/GlobusSatProject/..//hal/hcc/lib\libHCCD.a(fat_common.o)
                0x200207c8                _f_findopensize
 .text.fn_setlasterror
                0x200207f4       0x34 C:/ISIS/workspace/ycube/GlobusSatProject/..//hal/hcc/lib\libHCCD.a(fat_common.o)
                0x200207f4                fn_setlasterror
 .text.fn_setlasterror_noret
                0x20020828       0x2c C:/ISIS/workspace/ycube/GlobusSatProject/..//hal/hcc/lib\libHCCD.a(fat_common.o)
                0x20020828                fn_setlasterror_noret
 .text._s_checkzeroclusteratend
                0x20020854       0xf8 C:/ISIS/workspace/ycube/GlobusSatProject/..//hal/hcc/lib\libHCCD.a(safefat.o)
 .text._s_clearclustercontent
                0x2002094c      0x108 C:/ISIS/workspace/ycube/GlobusSatProject/..//hal/hcc/lib\libHCCD.a(safefat.o)
 .text._s_clearclustercontentdir
                0x20020a54      0x19c C:/ISIS/workspace/ycube/GlobusSatProject/..//hal/hcc/lib\libHCCD.a(safefat.o)
 .text._s_writedirsector
                0x20020bf0       0xd0 C:/ISIS/workspace/ycube/GlobusSatProject/..//hal/hcc/lib\libHCCD.a(safefat.o)
 .text._s_getdirsector
                0x20020cc0      0x100 C:/ISIS/workspace/ycube/GlobusSatProject/..//hal/hcc/lib\libHCCD.a(safefat.o)
 .text._s_addentry
                0x20020dc0      0x394 C:/ISIS/workspace/ycube/GlobusSatProject/..//hal/hcc/lib\libHCCD.a(safefat.o)
 .text._s_findfile
                0x20021154      0x33c C:/ISIS/workspace/ycube/GlobusSatProject/..//hal/hcc/lib\libHCCD.a(safefat.o)
 .text._s_findsubdir
                0x20021490      0x248 C:/ISIS/workspace/ycube/GlobusSatProject/..//hal/hcc/lib\libHCCD.a(safefat.o)
 .text._s_createfile
                0x200216d8      0x190 C:/ISIS/workspace/ycube/GlobusSatProject/..//hal/hcc/lib\libHCCD.a(safefat.o)
 .text._s_findsaffile
                0x20021868      0x1b8 C:/ISIS/workspace/ycube/GlobusSatProject/..//hal/hcc/lib\libHCCD.a(safefat.o)
 .text._s_open  0x20021a20       0xe4 C:/ISIS/workspace/ycube/GlobusSatProject/..//hal/hcc/lib\libHCCD.a(safefat.o)
 .text._s_open_saf
                0x20021b04       0xe8 C:/ISIS/workspace/ycube/GlobusSatProject/..//hal/hcc/lib\libHCCD.a(safefat.o)
 .text._s_flush
                0x20021bec       0x84 C:/ISIS/workspace/ycube/GlobusSatProject/..//hal/hcc/lib\libHCCD.a(safefat.o)
 .text._s_allocnextcluster
                0x20021c70      0x13c C:/ISIS/workspace/ycube/GlobusSatProject/..//hal/hcc/lib\libHCCD.a(safefat.o)
 .text._s_getnextsector
                0x20021dac       0xdc C:/ISIS/workspace/ycube/GlobusSatProject/..//hal/hcc/lib\libHCCD.a(safefat.o)
 .text._s_seek  0x20021e88      0x1e8 C:/ISIS/workspace/ycube/GlobusSatProject/..//hal/hcc/lib\libHCCD.a(safefat.o)
 .text._s_get_len
                0x20022070      0x10c C:/ISIS/workspace/ycube/GlobusSatProject/..//hal/hcc/lib\libHCCD.a(safefat.o)
 .text._s_set_len
                0x2002217c       0xb4 C:/ISIS/workspace/ycube/GlobusSatProject/..//hal/hcc/lib\libHCCD.a(safefat.o)
 .text.safe_fix_filelengths
                0x20022230       0xcc C:/ISIS/workspace/ycube/GlobusSatProject/..//hal/hcc/lib\libHCCD.a(safefat.o)
                0x20022230                safe_fix_filelengths
 .text._s_read  0x200222fc      0x228 C:/ISIS/workspace/ycube/GlobusSatProject/..//hal/hcc/lib\libHCCD.a(safefat.o)
 .text._s_write
                0x20022524      0x384 C:/ISIS/workspace/ycube/GlobusSatProject/..//hal/hcc/lib\libHCCD.a(safefat.o)
 .text._s_restoreclusters
                0x200228a8      0x270 C:/ISIS/workspace/ycube/GlobusSatProject/..//hal/hcc/lib\libHCCD.a(safefat.o)
                0x200228a8                _s_restoreclusters
 .text._s_findrestore
                0x20022b18      0x18c C:/ISIS/workspace/ycube/GlobusSatProject/..//hal/hcc/lib\libHCCD.a(safefat.o)
 .text._s_cmd_writede
                0x20022ca4       0xd8 C:/ISIS/workspace/ycube/GlobusSatProject/..//hal/hcc/lib\libHCCD.a(safefat.o)
 .text._s_cmd_setcluster
                0x20022d7c       0x88 C:/ISIS/workspace/ycube/GlobusSatProject/..//hal/hcc/lib\libHCCD.a(safefat.o)
 .text._s_cmd_deletechain
                0x20022e04      0x100 C:/ISIS/workspace/ycube/GlobusSatProject/..//hal/hcc/lib\libHCCD.a(safefat.o)
 .text._s_cmd_validatecfn
                0x20022f04      0x308 C:/ISIS/workspace/ycube/GlobusSatProject/..//hal/hcc/lib\libHCCD.a(safefat.o)
 .text._s_cmd_seteof
                0x2002320c      0x3c4 C:/ISIS/workspace/ycube/GlobusSatProject/..//hal/hcc/lib\libHCCD.a(safefat.o)
 .text.safe_docommands
                0x200235d0      0x56c C:/ISIS/workspace/ycube/GlobusSatProject/..//hal/hcc/lib\libHCCD.a(safefat.o)
                0x200235d0                safe_docommands
 .text.safe_entercommand
                0x20023b3c       0x68 C:/ISIS/workspace/ycube/GlobusSatProject/..//hal/hcc/lib\libHCCD.a(safefat.o)
                0x20023b3c                safe_entercommand
 .text.safe_ready
                0x20023ba4       0xf4 C:/ISIS/workspace/ycube/GlobusSatProject/..//hal/hcc/lib\libHCCD.a(safefat.o)
                0x20023ba4                safe_ready
 .text.safe_copycfn
                0x20023c98       0xb8 C:/ISIS/workspace/ycube/GlobusSatProject/..//hal/hcc/lib\libHCCD.a(safefat.o)
                0x20023c98                safe_copycfn
 .text.safe_cfremove
                0x20023d50       0xb8 C:/ISIS/workspace/ycube/GlobusSatProject/..//hal/hcc/lib\libHCCD.a(safefat.o)
                0x20023d50                safe_cfremove
 .text.safe_writede
                0x20023e08      0x104 C:/ISIS/workspace/ycube/GlobusSatProject/..//hal/hcc/lib\libHCCD.a(safefat.o)
                0x20023e08                safe_writede
 .text.safe_setcluster
                0x20023f0c       0xcc C:/ISIS/workspace/ycube/GlobusSatProject/..//hal/hcc/lib\libHCCD.a(safefat.o)
                0x20023f0c                safe_setcluster
 .text.safe_deletechain
                0x20023fd8      0x1c8 C:/ISIS/workspace/ycube/GlobusSatProject/..//hal/hcc/lib\libHCCD.a(safefat.o)
                0x20023fd8                safe_deletechain
 .text.safe_cfclose
                0x200241a0      0x104 C:/ISIS/workspace/ycube/GlobusSatProject/..//hal/hcc/lib\libHCCD.a(safefat.o)
                0x200241a0                safe_cfclose
 .text.safe_cfflush
                0x200242a4      0x124 C:/ISIS/workspace/ycube/GlobusSatProject/..//hal/hcc/lib\libHCCD.a(safefat.o)
                0x200242a4                safe_cfflush
 .text.safe_reset
                0x200243c8       0x78 C:/ISIS/workspace/ycube/GlobusSatProject/..//hal/hcc/lib\libHCCD.a(safefat.o)
                0x200243c8                safe_reset
 .text.safe_loadcommands
                0x20024440       0x78 C:/ISIS/workspace/ycube/GlobusSatProject/..//hal/hcc/lib\libHCCD.a(safefat.o)
                0x20024440                safe_loadcommands
 .text.safe_poweron
                0x200244b8      0x1fc C:/ISIS/workspace/ycube/GlobusSatProject/..//hal/hcc/lib\libHCCD.a(safefat.o)
                0x200244b8                safe_poweron
 .text.cf_getname
                0x200246b4       0xc0 C:/ISIS/workspace/ycube/GlobusSatProject/..//hal/hcc/lib\libHCCD.a(safefat.o)
 .text.cf_copyclusterchain
                0x20024774      0x138 C:/ISIS/workspace/ycube/GlobusSatProject/..//hal/hcc/lib\libHCCD.a(safefat.o)
 .text.cf_seektozero
                0x200248ac       0x94 C:/ISIS/workspace/ycube/GlobusSatProject/..//hal/hcc/lib\libHCCD.a(safefat.o)
                0x200248ac                cf_seektozero
 .text.cf_create
                0x20024940      0x3a8 C:/ISIS/workspace/ycube/GlobusSatProject/..//hal/hcc/lib\libHCCD.a(safefat.o)
                0x20024940                cf_create
 .text.cf_copyclustercontent
                0x20024ce8      0x128 C:/ISIS/workspace/ycube/GlobusSatProject/..//hal/hcc/lib\libHCCD.a(safefat.o)
                0x20024ce8                cf_copyclustercontent
 .text.cf_copycfn
                0x20024e10      0x4bc C:/ISIS/workspace/ycube/GlobusSatProject/..//hal/hcc/lib\libHCCD.a(safefat.o)
                0x20024e10                cf_copycfn
 .text.cf_remove
                0x200252cc      0x344 C:/ISIS/workspace/ycube/GlobusSatProject/..//hal/hcc/lib\libHCCD.a(safefat.o)
                0x200252cc                cf_remove
 .text.cf_setclusternew
                0x20025610       0xf0 C:/ISIS/workspace/ycube/GlobusSatProject/..//hal/hcc/lib\libHCCD.a(safefat.o)
                0x20025610                cf_setclusternew
 .text.cf_flush
                0x20025700       0x58 C:/ISIS/workspace/ycube/GlobusSatProject/..//hal/hcc/lib\libHCCD.a(safefat.o)
                0x20025700                cf_flush
 .text.cf_getcluster
                0x20025758      0x1b4 C:/ISIS/workspace/ycube/GlobusSatProject/..//hal/hcc/lib\libHCCD.a(safefat.o)
                0x20025758                cf_getcluster
 .text.cf_setnextcluster
                0x2002590c      0x194 C:/ISIS/workspace/ycube/GlobusSatProject/..//hal/hcc/lib\libHCCD.a(safefat.o)
                0x2002590c                cf_setnextcluster
 .text.cf_getpositions
                0x20025aa0       0xbc C:/ISIS/workspace/ycube/GlobusSatProject/..//hal/hcc/lib\libHCCD.a(safefat.o)
                0x20025aa0                cf_getpositions
 .text.cf_setpositions
                0x20025b5c       0xb0 C:/ISIS/workspace/ycube/GlobusSatProject/..//hal/hcc/lib\libHCCD.a(safefat.o)
                0x20025b5c                cf_setpositions
 .text.cf_opensyncafile
                0x20025c0c      0x150 C:/ISIS/workspace/ycube/GlobusSatProject/..//hal/hcc/lib\libHCCD.a(safefat.o)
                0x20025c0c                cf_opensyncafile
 .text.cf_reloadcfo
                0x20025d5c       0xd8 C:/ISIS/workspace/ycube/GlobusSatProject/..//hal/hcc/lib\libHCCD.a(safefat.o)
                0x20025d5c                cf_reloadcfo
 .text.mcipdc_cmd
                0x20025e34      0x22c C:/ISIS/workspace/ycube/GlobusSatProject/..//hal/hcc/lib\libHCCD.a(atmel_mcipdc.o)
 .text.mcipdc_stop
                0x20026060       0xfc C:/ISIS/workspace/ycube/GlobusSatProject/..//hal/hcc/lib\libHCCD.a(atmel_mcipdc.o)
                0x20026060                mcipdc_stop
 .text.mcipdc_read
                0x2002615c      0x27c C:/ISIS/workspace/ycube/GlobusSatProject/..//hal/hcc/lib\libHCCD.a(atmel_mcipdc.o)
 .text.mcipdc_write
                0x200263d8      0x298 C:/ISIS/workspace/ycube/GlobusSatProject/..//hal/hcc/lib\libHCCD.a(atmel_mcipdc.o)
 .text.mcipdc_readsector
                0x20026670       0x9c C:/ISIS/workspace/ycube/GlobusSatProject/..//hal/hcc/lib\libHCCD.a(atmel_mcipdc.o)
                0x20026670                mcipdc_readsector
 .text.mcipdc_readmultiplesector
                0x2002670c      0x124 C:/ISIS/workspace/ycube/GlobusSatProject/..//hal/hcc/lib\libHCCD.a(atmel_mcipdc.o)
                0x2002670c                mcipdc_readmultiplesector
 .text.mcipdc_writesector
                0x20026830       0x90 C:/ISIS/workspace/ycube/GlobusSatProject/..//hal/hcc/lib\libHCCD.a(atmel_mcipdc.o)
                0x20026830                mcipdc_writesector
 .text.mcipdc_writemultiplesector
                0x200268c0      0x120 C:/ISIS/workspace/ycube/GlobusSatProject/..//hal/hcc/lib\libHCCD.a(atmel_mcipdc.o)
                0x200268c0                mcipdc_writemultiplesector
 .text.mcipdc_set_speed
                0x200269e0       0xb0 C:/ISIS/workspace/ycube/GlobusSatProject/..//hal/hcc/lib\libHCCD.a(atmel_mcipdc.o)
 .text.mcipdc_get_speed
                0x20026a90       0x48 C:/ISIS/workspace/ycube/GlobusSatProject/..//hal/hcc/lib\libHCCD.a(atmel_mcipdc.o)
 .text._get_csd_bits
                0x20026ad8      0x14c C:/ISIS/workspace/ycube/GlobusSatProject/..//hal/hcc/lib\libHCCD.a(atmel_mcipdc.o)
 .text.mcipdc_initcard
                0x20026c24      0x8f4 C:/ISIS/workspace/ycube/GlobusSatProject/..//hal/hcc/lib\libHCCD.a(atmel_mcipdc.o)
 .text.mcipdc_getstatus
                0x20027518       0xe8 C:/ISIS/workspace/ycube/GlobusSatProject/..//hal/hcc/lib\libHCCD.a(atmel_mcipdc.o)
 .text.mcipdc_getphy
                0x20027600       0x90 C:/ISIS/workspace/ycube/GlobusSatProject/..//hal/hcc/lib\libHCCD.a(atmel_mcipdc.o)
 .text.mcipdc_release
                0x20027690       0x50 C:/ISIS/workspace/ycube/GlobusSatProject/..//hal/hcc/lib\libHCCD.a(atmel_mcipdc.o)
 .text.atmel_mcipdc_initfunc
                0x200276e0      0x160 C:/ISIS/workspace/ycube/GlobusSatProject/..//hal/hcc/lib\libHCCD.a(atmel_mcipdc.o)
                0x200276e0                atmel_mcipdc_initfunc
 .text.oal_task_get_id
                0x20027840       0x18 C:/ISIS/workspace/ycube/GlobusSatProject/..//hal/hcc/lib\libHCCD.a(oalp_task.o)
                0x20027840                oal_task_get_id
 .text.oal_mutex_create
                0x20027858       0x54 C:/ISIS/workspace/ycube/GlobusSatProject/..//hal/hcc/lib\libHCCD.a(oalp_mutex.o)
                0x20027858                oal_mutex_create
 .text.oal_mutex_delete
                0x200278ac       0x30 C:/ISIS/workspace/ycube/GlobusSatProject/..//hal/hcc/lib\libHCCD.a(oalp_mutex.o)
                0x200278ac                oal_mutex_delete
 .text.oal_mutex_get
                0x200278dc       0x58 C:/ISIS/workspace/ycube/GlobusSatProject/..//hal/hcc/lib\libHCCD.a(oalp_mutex.o)
                0x200278dc                oal_mutex_get
 .text.oal_mutex_put
                0x20027934       0x58 C:/ISIS/workspace/ycube/GlobusSatProject/..//hal/hcc/lib\libHCCD.a(oalp_mutex.o)
                0x20027934                oal_mutex_put
 .text.mcipdc_hw_init
                0x2002798c       0xe8 C:/ISIS/workspace/ycube/GlobusSatProject/..//hal/hcc/lib\libHCCD.a(atmel_mcipdc_hw.o)
                0x2002798c                mcipdc_hw_init
 .text.mcipdc_hw_delete
                0x20027a74       0x78 C:/ISIS/workspace/ycube/GlobusSatProject/..//hal/hcc/lib\libHCCD.a(atmel_mcipdc_hw.o)
                0x20027a74                mcipdc_hw_delete
 .text.mcipdc_hw_card_plugged
                0x20027aec       0x1c C:/ISIS/workspace/ycube/GlobusSatProject/..//hal/hcc/lib\libHCCD.a(atmel_mcipdc_hw.o)
                0x20027aec                mcipdc_hw_card_plugged
 .text.mcipdc_hw_card_writeprotect
                0x20027b08       0x1c C:/ISIS/workspace/ycube/GlobusSatProject/..//hal/hcc/lib\libHCCD.a(atmel_mcipdc_hw.o)
                0x20027b08                mcipdc_hw_card_writeprotect
 .text.psp_getcurrenttimedate
                0x20027b24       0x8c C:/ISIS/workspace/ycube/GlobusSatProject/..//hal/hcc/lib\libHCCD.a(psp_rtc.o)
                0x20027b24                psp_getcurrenttimedate
 .text._hcc_get_buf_dsc
                0x20027bb0       0x8c C:/ISIS/workspace/ycube/GlobusSatProject/..//hal/hcc/lib\libHCCD.a(hcc_mem.o)
 .text._hcc_check_free_pages
                0x20027c3c      0x18c C:/ISIS/workspace/ycube/GlobusSatProject/..//hal/hcc/lib\libHCCD.a(hcc_mem.o)
 .text._hcc_mark_pages
                0x20027dc8      0x158 C:/ISIS/workspace/ycube/GlobusSatProject/..//hal/hcc/lib\libHCCD.a(hcc_mem.o)
 .text._hcc_clear_lock_dsc
                0x20027f20       0x80 C:/ISIS/workspace/ycube/GlobusSatProject/..//hal/hcc/lib\libHCCD.a(hcc_mem.o)
 .text._hcc_lock_access
                0x20027fa0      0x128 C:/ISIS/workspace/ycube/GlobusSatProject/..//hal/hcc/lib\libHCCD.a(hcc_mem.o)
 .text._hcc_unlock_access
                0x200280c8       0x30 C:/ISIS/workspace/ycube/GlobusSatProject/..//hal/hcc/lib\libHCCD.a(hcc_mem.o)
 .text.hcc_mem_alloc
                0x200280f8      0x454 C:/ISIS/workspace/ycube/GlobusSatProject/..//hal/hcc/lib\libHCCD.a(hcc_mem.o)
                0x200280f8                hcc_mem_alloc
 .text.hcc_mem_free
                0x2002854c      0x178 C:/ISIS/workspace/ycube/GlobusSatProject/..//hal/hcc/lib\libHCCD.a(hcc_mem.o)
                0x2002854c                hcc_mem_free
 .text.hcc_mem_add
                0x200286c4      0x3b0 C:/ISIS/workspace/ycube/GlobusSatProject/..//hal/hcc/lib\libHCCD.a(hcc_mem.o)
                0x200286c4                hcc_mem_add
 .text.hcc_mem_init
                0x20028a74      0x164 C:/ISIS/workspace/ycube/GlobusSatProject/..//hal/hcc/lib\libHCCD.a(hcc_mem.o)
                0x20028a74                hcc_mem_init
 .text.hcc_mem_delete
                0x20028bd8       0x94 C:/ISIS/workspace/ycube/GlobusSatProject/..//hal/hcc/lib\libHCCD.a(hcc_mem.o)
                0x20028bd8                hcc_mem_delete
 .text.hcc_mem_buf_alloc
                0x20028c6c       0xe4 C:/ISIS/workspace/ycube/GlobusSatProject/..//hal/hcc/lib\libHCCD.a(psp_hcc_mem.o)
                0x20028c6c                hcc_mem_buf_alloc
 .text.hcc_mem_buf_free
                0x20028d50       0x6c C:/ISIS/workspace/ycube/GlobusSatProject/..//hal/hcc/lib\libHCCD.a(psp_hcc_mem.o)
                0x20028d50                hcc_mem_buf_free
 .text.makeAntStransfer