Archive member included because of file (symbol)

c:/isis/application/toolchain/bin/../lib/gcc/arm-none-eabi/4.7.4/../../../../arm-none-eabi/lib\libc_s.a(lib_a-vfprintf_float.o)
                              (_printf_float)
c:/isis/application/toolchain/bin/../lib/gcc/arm-none-eabi/4.7.4/../../../../arm-none-eabi/lib\libc_s.a(lib_a-vfprintf_i.o)
                              c:/isis/application/toolchain/bin/../lib/gcc/arm-none-eabi/4.7.4/../../../../arm-none-eabi/lib\libc_s.a(lib_a-vfprintf_float.o) (_printf_common)
c:/isis/application/toolchain/bin/../lib/gcc/arm-none-eabi/4.7.4/../../../../arm-none-eabi/lib\libc_s.a(lib_a-vfscanf_float.o)
                              (_scanf_float)
c:/isis/application/toolchain/bin/../lib/gcc/arm-none-eabi/4.7.4/../../../../arm-none-eabi/lib\libc_s.a(lib_a-dtoa.o)
                              c:/isis/application/toolchain/bin/../lib/gcc/arm-none-eabi/4.7.4/../../../../arm-none-eabi/lib\libc_s.a(lib_a-vfprintf_float.o) (_dtoa_r)
c:/isis/application/toolchain/bin/../lib/gcc/arm-none-eabi/4.7.4/../../../../arm-none-eabi/lib\libc_s.a(lib_a-locale.o)
                              c:/isis/application/toolchain/bin/../lib/gcc/arm-none-eabi/4.7.4/../../../../arm-none-eabi/lib\libc_s.a(lib_a-vfprintf_float.o) (_localeconv_r)
c:/isis/application/toolchain/bin/../lib/gcc/arm-none-eabi/4.7.4/../../../../arm-none-eabi/lib\libc_s.a(lib_a-malloc.o)
                              c:/isis/application/toolchain/bin/../lib/gcc/arm-none-eabi/4.7.4/../../../../arm-none-eabi/lib\libc_s.a(lib_a-dtoa.o) (malloc)
c:/isis/application/toolchain/bin/../lib/gcc/arm-none-eabi/4.7.4/../../../../arm-none-eabi/lib\libc_s.a(lib_a-mallocr.o)
                              c:/isis/application/toolchain/bin/../lib/gcc/arm-none-eabi/4.7.4/../../../../arm-none-eabi/lib\libc_s.a(lib_a-malloc.o) (_malloc_r)
c:/isis/application/toolchain/bin/../lib/gcc/arm-none-eabi/4.7.4/../../../../arm-none-eabi/lib\libc_s.a(lib_a-memcpy.o)
                              c:/isis/application/toolchain/bin/../lib/gcc/arm-none-eabi/4.7.4/../../../../arm-none-eabi/lib\libc_s.a(lib_a-dtoa.o) (memcpy)
c:/isis/application/toolchain/bin/../lib/gcc/arm-none-eabi/4.7.4/../../../../arm-none-eabi/lib\libc_s.a(lib_a-mprec.o)
                              c:/isis/application/toolchain/bin/../lib/gcc/arm-none-eabi/4.7.4/../../../../arm-none-eabi/lib\libc_s.a(lib_a-dtoa.o) (_Balloc)
c:/isis/application/toolchain/bin/../lib/gcc/arm-none-eabi/4.7.4/../../../../arm-none-eabi/lib\libc_s.a(lib_a-s_fpclassify.o)
                              c:/isis/application/toolchain/bin/../lib/gcc/arm-none-eabi/4.7.4/../../../../arm-none-eabi/lib\libc_s.a(lib_a-vfprintf_float.o) (__fpclassifyd)
c:/isis/application/toolchain/bin/../lib/gcc/arm-none-eabi/4.7.4/../../../../arm-none-eabi/lib\libc_s.a(lib_a-sbrkr.o)
                              c:/isis/application/toolchain/bin/../lib/gcc/arm-none-eabi/4.7.4/../../../../arm-none-eabi/lib\libc_s.a(lib_a-mallocr.o) (_sbrk_r)
c:/isis/application/toolchain/bin/../lib/gcc/arm-none-eabi/4.7.4/../../../../arm-none-eabi/lib\libc_s.a(lib_a-sf_nan.o)
                              c:/isis/application/toolchain/bin/../lib/gcc/arm-none-eabi/4.7.4/../../../../arm-none-eabi/lib\libc_s.a(lib_a-vfscanf_float.o) (nanf)
c:/isis/application/toolchain/bin/../lib/gcc/arm-none-eabi/4.7.4/../../../../arm-none-eabi/lib\libc_s.a(lib_a-sprintf.o)
                              c:/isis/application/toolchain/bin/../lib/gcc/arm-none-eabi/4.7.4/../../../../arm-none-eabi/lib\libc_s.a(lib_a-vfscanf_float.o) (sprintf)
c:/isis/application/toolchain/bin/../lib/gcc/arm-none-eabi/4.7.4/../../../../arm-none-eabi/lib\libc_s.a(lib_a-strcmp.o)
                              c:/isis/application/toolchain/bin/../lib/gcc/arm-none-eabi/4.7.4/../../../../arm-none-eabi/lib\libc_s.a(lib_a-locale.o) (strcmp)
c:/isis/application/toolchain/bin/../lib/gcc/arm-none-eabi/4.7.4/../../../../arm-none-eabi/lib\libc_s.a(lib_a-strlen.o)
                              c:/isis/application/toolchain/bin/../lib/gcc/arm-none-eabi/4.7.4/../../../../arm-none-eabi/lib\libc_s.a(lib_a-vfprintf_float.o) (strlen)
c:/isis/application/toolchain/bin/../lib/gcc/arm-none-eabi/4.7.4/../../../../arm-none-eabi/lib\libc_s.a(lib_a-strtod.o)
                              c:/isis/application/toolchain/bin/../lib/gcc/arm-none-eabi/4.7.4/../../../../arm-none-eabi/lib\libc_s.a(lib_a-vfscanf_float.o) (_strtod_r)
c:/isis/application/toolchain/bin/../lib/gcc/arm-none-eabi/4.7.4/../../../../arm-none-eabi/lib\libc_s.a(lib_a-strtol.o)
                              c:/isis/application/toolchain/bin/../lib/gcc/arm-none-eabi/4.7.4/../../../../arm-none-eabi/lib\libc_s.a(lib_a-vfscanf_float.o) (_strtol_r)
c:/isis/application/toolchain/bin/../lib/gcc/arm-none-eabi/4.7.4/../../../../arm-none-eabi/lib\libc_s.a(lib_a-svfprintf.o)
[...]
Memory Configuration

Name             Origin             Length             Attributes
sram0            0x00200000         0x00004000         w !xr
sram1            0x00300000         0x00004000         w !xr
sdram            0x20000000         0x02000000         w !xr
*default*        0x00000000         0xffffffff

Linker script and memory map

LOAD c:/isis/application/toolchain/bin/../lib/gcc/arm-none-eabi/4.7.4/../../../../arm-none-eabi/lib\libc_s.a
LOAD ./src/TestingDemos/CommandsTestingDemo.o
LOAD ./src/TestingDemos/EpsTestingDemo.o
LOAD ./src/TestingDemos/FileSystemTestingDemo.o
LOAD ./src/TestingDemos/MainTest.o
LOAD ./src/TestingDemos/MaintenanceTestingDemo.o
LOAD ./src/TestingDemos/TelemetryTestingDemo.o
LOAD ./src/TestingDemos/TrxvuTestingDemo.o
LOAD ./src/SubSystemModules/PowerManagment/EPS.o
LOAD ./src/SubSystemModules/PowerManagment/EPSOperationModes.o
LOAD ./src/SubSystemModules/Maintenance/Maintenance.o
LOAD ./src/SubSystemModules/Housekepping/TelemetryCollector.o
LOAD ./src/SubSystemModules/Communication/SubsystemCommands/EPS_Commands.o
LOAD ./src/SubSystemModules/Communication/SubsystemCommands/FS_Commands.o
LOAD ./src/SubSystemModules/Communication/SubsystemCommands/Maintanence_Commands.o
LOAD ./src/SubSystemModules/Communication/SubsystemCommands/TRXVU_Commands.o
LOAD ./src/SubSystemModules/Communication/AckHandler.o
LOAD ./src/SubSystemModules/Communication/CommandDictionary.o
LOAD ./src/SubSystemModules/Communication/SatCommandHandler.o
LOAD ./src/SubSystemModules/Communication/TRXVU.o
LOAD ./src/InitSystem.o
LOAD ./src/TLM_management.o
LOAD ./src/main.o
LOAD ./src/utils.o
LOAD C:/ISIS/workspace_ycube/GlobusSatProject/..//hal/hal/lib\libHALD.a
LOAD C:/ISIS/workspace_ycube/GlobusSatProject/..//hal/hcc/lib\libHCCD.a
LOAD C:/ISIS/workspace_ycube/satellite-subsystems/satellite-subsystems/lib\libSatelliteSubsystemsD.a
LOAD C:/ISIS/workspace_ycube/GlobusSatProject/..//hal/freertos/lib\libFreeRTOSD.a
LOAD C:/ISIS/workspace_ycube/GlobusSatProject/..//hal/at91/lib\libAt91D.a
START GROUP
LOAD c:/isis/application/toolchain/bin/../lib/gcc/arm-none-eabi/4.7.4\libgcc.a
LOAD c:/isis/application/toolchain/bin/../lib/gcc/arm-none-eabi/4.7.4/../../../../arm-none-eabi/lib\libc_s.a
END GROUP

.fixed          0x20000000    0x32898
                0x20000000                . = ALIGN (0x4)
                0x20000000                _sfixed = .
 *(.startup)
 .startup       0x20000000      0x14c C:/ISIS/workspace_ycube/GlobusSatProject/..//hal/at91/lib\libAt91D.a(board_cstartup.o)
                0x20000000                entry
 *(.text)
 .text          0x2000014c       0x64 C:/ISIS/workspace_ycube/GlobusSatProject/..//hal/at91/lib\libAt91D.a(cp15_asm.o)
                0x2000014c                _readControlRegister
                0x20000158                _writeControlRegister
                0x20000160                _waitForInterrupt
                0x2000016c                _writeTTB
                0x20000174                _writeDomain
                0x2000017c                _writeITLBLockdown
                0x20000184                _prefetchICacheLine
                0x2000018c                _flushDCache
                0x20000198                _flushWriteBuffer
                0x200001a4                _invalidateIDTLBs
 .text          0x200001b0      0x114 c:/isis/application/toolchain/bin/../lib/gcc/arm-none-eabi/4.7.4\libgcc.a(_udivsi3.o)
                0x200001b0                __aeabi_uidiv
                0x200001b0                __udivsi3
                0x200002a4                __aeabi_uidivmod
 .text          0x200002c4      0x148 c:/isis/application/toolchain/bin/../lib/gcc/arm-none-eabi/4.7.4\libgcc.a(_divsi3.o)
                0x200002c4                __divsi3
                0x200002c4                __aeabi_idiv
                0x200003ec                __aeabi_idivmod
 .text          0x2000040c        0x4 c:/isis/application/toolchain/bin/../lib/gcc/arm-none-eabi/4.7.4\libgcc.a(_dvmd_tls.o)
                0x2000040c                __aeabi_idiv0
                0x2000040c                __aeabi_ldiv0
 .text          0x20000410      0x41c c:/isis/application/toolchain/bin/../lib/gcc/arm-none-eabi/4.7.4\libgcc.a(_arm_addsubdf3.o)
                0x20000410                __aeabi_drsub
                0x20000418                __aeabi_dsub
                0x20000418                __subdf3
                0x2000041c                __aeabi_dadd
                0x2000041c                __adddf3
                0x2000072c                __floatunsidf
                0x2000072c                __aeabi_ui2d
                0x20000750                __floatsidf
                0x20000750                __aeabi_i2d
                0x20000778                __aeabi_f2d
                0x20000778                __extendsfdf2
                0x200007b8                __floatundidf
                0x200007b8                __aeabi_ul2d
                0x200007cc                __floatdidf
                0x200007cc                __aeabi_l2d
 .text          0x2000082c      0x49c c:/isis/application/toolchain/bin/../lib/gcc/arm-none-eabi/4.7.4\libgcc.a(_arm_muldivdf3.o)
                0x2000082c                __aeabi_dmul
                0x2000082c                __muldf3
                0x20000abc                __divdf3
                0x20000abc                __aeabi_ddiv
 .text          0x20000cc8      0x144 c:/isis/application/toolchain/bin/../lib/gcc/arm-none-eabi/4.7.4\libgcc.a(_arm_cmpdf2.o)
                0x20000cc8                __gtdf2
                0x20000cc8                __gedf2
                0x20000cd0                __ltdf2
                0x20000cd0                __ledf2
                0x20000cd8                __nedf2
                0x20000cd8                __eqdf2
                0x20000cd8                __cmpdf2
                0x20000d60                __aeabi_cdrcmple
                0x20000d7c                __aeabi_cdcmpeq
                0x20000d7c                __aeabi_cdcmple
                0x20000d94                __aeabi_dcmpeq
                0x20000dac                __aeabi_dcmplt
                0x20000dc4                __aeabi_dcmple
                0x20000ddc                __aeabi_dcmpge
                0x20000df4                __aeabi_dcmpgt
 .text          0x20000e0c       0x5c c:/isis/application/toolchain/bin/../lib/gcc/arm-none-eabi/4.7.4\libgcc.a(_arm_fixdfsi.o)
                0x20000e0c                __aeabi_d2iz
                0x20000e0c                __fixdfsi
 .text          0x20000e68       0x54 c:/isis/application/toolchain/bin/../lib/gcc/arm-none-eabi/4.7.4\libgcc.a(_arm_fixunsdfsi.o)
                0x20000e68                __aeabi_d2uiz
                0x20000e68                __fixunsdfsi
 .text          0x20000ebc       0xa0 c:/isis/application/toolchain/bin/../lib/gcc/arm-none-eabi/4.7.4\libgcc.a(_arm_truncdfsf2.o)
                0x20000ebc                __truncdfsf2
                0x20000ebc                __aeabi_d2f
 .text          0x20000f5c      0x2ac c:/isis/application/toolchain/bin/../lib/gcc/arm-none-eabi/4.7.4\libgcc.a(_arm_addsubsf3.o)
                0x20000f5c                __aeabi_frsub
                0x20000f64                __subsf3
                0x20000f64                __aeabi_fsub
                0x20000f68                __aeabi_fadd
                0x20000f68                __addsf3
                0x20001124                __aeabi_ui2f
                0x20001124                __floatunsisf
                0x2000112c                __aeabi_i2f
                0x2000112c                __floatsisf
                0x2000114c                __aeabi_ul2f
                0x2000114c                __floatundisf
                0x2000115c                __aeabi_l2f
                0x2000115c                __floatdisf
 .text          0x20001208      0x2f8 c:/isis/application/toolchain/bin/../lib/gcc/arm-none-eabi/4.7.4\libgcc.a(_arm_muldivsf3.o)
                0x20001208                __mulsf3
                0x20001208                __aeabi_fmul
                0x200013a0                __aeabi_fdiv
                0x200013a0                __divsf3
 .text          0x20001500      0x114 c:/isis/application/toolchain/bin/../lib/gcc/arm-none-eabi/4.7.4\libgcc.a(_arm_cmpsf2.o)
                0x20001500                __gesf2
                0x20001500                __gtsf2
                0x20001508                __lesf2
                0x20001508                __ltsf2
                0x20001510                __nesf2
                0x20001510                __eqsf2
                0x20001510                __cmpsf2
                0x20001574                __aeabi_cfrcmple
                0x20001584                __aeabi_cfcmpeq
                0x20001584                __aeabi_cfcmple
                0x2000159c                __aeabi_fcmpeq
                0x200015b4                __aeabi_fcmplt
                0x200015cc                __aeabi_fcmple
                0x200015e4                __aeabi_fcmpge
                0x200015fc                __aeabi_fcmpgt
 .text          0x20001614       0x54 c:/isis/application/toolchain/bin/../lib/gcc/arm-none-eabi/4.7.4\libgcc.a(_arm_fixunssfsi.o)
                0x20001614                __fixunssfsi
                0x20001614                __aeabi_f2uiz
 *(.text*)
 .text.__cvt    0x20001668      0x138 c:/isis/application/toolchain/bin/../lib/gcc/arm-none-eabi/4.7.4/../../../../arm-none-eabi/lib\libc_s.a(lib_a-vfprintf_float.o)
                0x20001668                __cvt
 .text.__exponent
                0x200017a0       0xa8 c:/isis/application/toolchain/bin/../lib/gcc/arm-none-eabi/4.7.4/../../../../arm-none-eabi/lib\libc_s.a(lib_a-vfprintf_float.o)
                0x200017a0                __exponent
 .text._printf_float
                0x20001848      0x7dc c:/isis/application/toolchain/bin/../lib/gcc/arm-none-eabi/4.7.4/../../../../arm-none-eabi/lib\libc_s.a(lib_a-vfprintf_float.o)
                0x20001848                _printf_float
 .text._printf_common
                0x20002024      0x174 c:/isis/application/toolchain/bin/../lib/gcc/arm-none-eabi/4.7.4/../../../../arm-none-eabi/lib\libc_s.a(lib_a-vfprintf_i.o)
                0x20002024                _printf_common
 .text._printf_i
                0x20002198      0x3c4 c:/isis/application/toolchain/bin/../lib/gcc/arm-none-eabi/4.7.4/../../../../arm-none-eabi/lib\libc_s.a(lib_a-vfprintf_i.o)
                0x20002198                _printf_i
 .text._scanf_float
                0x2000255c      0x5f4 c:/isis/application/toolchain/bin/../lib/gcc/arm-none-eabi/4.7.4/../../../../arm-none-eabi/lib\libc_s.a(lib_a-vfscanf_float.o)
                0x2000255c                _scanf_float
 .text.quorem   0x20002b50      0x1ac c:/isis/application/toolchain/bin/../lib/gcc/arm-none-eabi/4.7.4/../../../../arm-none-eabi/lib\libc_s.a(lib_a-dtoa.o)
 .text._dtoa_r  0x20002cfc     0x1268 c:/isis/application/toolchain/bin/../lib/gcc/arm-none-eabi/4.7.4/../../../../arm-none-eabi/lib\libc_s.a(lib_a-dtoa.o)
                0x20002cfc                _dtoa_r
 .text._localeconv_r
                0x20003f64        0xc c:/isis/application/toolchain/bin/../lib/gcc/arm-none-eabi/4.7.4/../../../../arm-none-eabi/lib\libc_s.a(lib_a-locale.o)
                0x20003f64                _localeconv_r
 .text.malloc   0x20003f70       0x20 c:/isis/application/toolchain/bin/../lib/gcc/arm-none-eabi/4.7.4/../../../../arm-none-eabi/lib\libc_s.a(lib_a-malloc.o)
                0x20003f70                malloc
 .text.free     0x20003f90       0x20 c:/isis/application/toolchain/bin/../lib/gcc/arm-none-eabi/4.7.4/../../../../arm-none-eabi/lib\libc_s.a(lib_a-malloc.o)
                0x20003f90                free
 .text._malloc_r
                0x20003fb0       0xfc c:/isis/application/toolchain/bin/../lib/gcc/arm-none-eabi/4.7.4/../../../../arm-none-eabi/lib\libc_s.a(lib_a-mallocr.o)
                0x20003fb0                _malloc_r
 .text.memcpy   0x200040ac       0x20 c:/isis/application/toolchain/bin/../lib/gcc/arm-none-eabi/4.7.4/../../../../arm-none-eabi/lib\libc_s.a(lib_a-memcpy.o)
                0x200040ac                memcpy
 .text._Balloc  0x200040cc       0xcc c:/isis/application/toolchain/bin/../lib/gcc/arm-none-eabi/4.7.4/../../../../arm-none-eabi/lib\libc_s.a(lib_a-mprec.o)
                0x200040cc                _Balloc
 .text._Bfree   0x20004198       0x5c c:/isis/application/toolchain/bin/../lib/gcc/arm-none-eabi/4.7.4/../../../../arm-none-eabi/lib\libc_s.a(lib_a-mprec.o)
                0x20004198                _Bfree
 .text.__multadd
                0x200041f4       0xbc c:/isis/application/toolchain/bin/../lib/gcc/arm-none-eabi/4.7.4/../../../../arm-none-eabi/lib\libc_s.a(lib_a-mprec.o)
                0x200041f4                __multadd
 .text.__s2b    0x200042b0       0xd8 c:/isis/application/toolchain/bin/../lib/gcc/arm-none-eabi/4.7.4/../../../../arm-none-eabi/lib\libc_s.a(lib_a-mprec.o)
                0x200042b0                __s2b
 .text.__hi0bits
                0x20004388       0x58 c:/isis/application/toolchain/bin/../lib/gcc/arm-none-eabi/4.7.4/../../../../arm-none-eabi/lib\libc_s.a(lib_a-mprec.o)
                0x20004388                __hi0bits
 .text.__lo0bits
                0x200043e0       0x94 c:/isis/application/toolchain/bin/../lib/gcc/arm-none-eabi/4.7.4/../../../../arm-none-eabi/lib\libc_s.a(lib_a-mprec.o)
                0x200043e0                __lo0bits
 .text.__i2b    0x20004474       0x24 c:/isis/application/toolchain/bin/../lib/gcc/arm-none-eabi/4.7.4/../../../../arm-none-eabi/lib\libc_s.a(lib_a-mprec.o)
                0x20004474                __i2b
 .text.__multiply
                0x20004498      0x1ac c:/isis/application/toolchain/bin/../lib/gcc/arm-none-eabi/4.7.4/../../../../arm-none-eabi/lib\libc_s.a(lib_a-mprec.o)
                0x20004498                __multiply
 .text.__pow5mult
                0x20004644      0x10c c:/isis/application/toolchain/bin/../lib/gcc/arm-none-eabi/4.7.4/../../../../arm-none-eabi/lib\libc_s.a(lib_a-mprec.o)
                0x20004644                __pow5mult
 .text.__lshift
                0x20004750       0xf0 c:/isis/application/toolchain/bin/../lib/gcc/arm-none-eabi/4.7.4/../../../../arm-none-eabi/lib\libc_s.a(lib_a-mprec.o)
                0x20004750                __lshift
 .text.__mcmp   0x20004840       0x60 c:/isis/application/toolchain/bin/../lib/gcc/arm-none-eabi/4.7.4/../../../../arm-none-eabi/lib\libc_s.a(lib_a-mprec.o)
                0x20004840                __mcmp
 .text.__mdiff  0x200048a0      0x128 c:/isis/application/toolchain/bin/../lib/gcc/arm-none-eabi/4.7.4/../../../../arm-none-eabi/lib\libc_s.a(lib_a-mprec.o)
                0x200048a0                __mdiff
 .text.__ulp    0x200049c8       0x5c c:/isis/application/toolchain/bin/../lib/gcc/arm-none-eabi/4.7.4/../../../../arm-none-eabi/lib\libc_s.a(lib_a-mprec.o)
                0x200049c8                __ulp
 .text.__b2d    0x20004a24       0xc8 c:/isis/application/toolchain/bin/../lib/gcc/arm-none-eabi/4.7.4/../../../../arm-none-eabi/lib\libc_s.a(lib_a-mprec.o)
                0x20004a24                __b2d
 .text.__d2b    0x20004aec       0xfc c:/isis/application/toolchain/bin/../lib/gcc/arm-none-eabi/4.7.4/../../../../arm-none-eabi/lib\libc_s.a(lib_a-mprec.o)
                0x20004aec                __d2b
 .text.__ratio  0x20004be8       0x70 c:/isis/application/toolchain/bin/../lib/gcc/arm-none-eabi/4.7.4/../../../../arm-none-eabi/lib\libc_s.a(lib_a-mprec.o)
                0x20004be8                __ratio
 .text.__copybits
                0x20004c58       0x4c c:/isis/application/toolchain/bin/../lib/gcc/arm-none-eabi/4.7.4/../../../../arm-none-eabi/lib\libc_s.a(lib_a-mprec.o)
                0x20004c58                __copybits
 .text.__any_on
                0x20004ca4       0x7c c:/isis/application/toolchain/bin/../lib/gcc/arm-none-eabi/4.7.4/../../../../arm-none-eabi/lib\libc_s.a(lib_a-mprec.o)
                0x20004ca4                __any_on
 .text.__fpclassifyd
                0x20004d20       0x6c c:/isis/application/toolchain/bin/../lib/gcc/arm-none-eabi/4.7.4/../../../../arm-none-eabi/lib\libc_s.a(lib_a-s_fpclassify.o)
                0x20004d20                __fpclassifyd
 .text._sbrk_r  0x20004d8c       0x3c c:/isis/application/toolchain/bin/../lib/gcc/arm-none-eabi/4.7.4/../../../../arm-none-eabi/lib\libc_s.a(lib_a-sbrkr.o)
                0x20004d8c                _sbrk_r
 .text.nanf     0x20004dc8        0xc c:/isis/application/toolchain/bin/../lib/gcc/arm-none-eabi/4.7.4/../../../../arm-none-eabi/lib\libc_s.a(lib_a-sf_nan.o)
                0x20004dc8                nanf
 .text.sprintf  0x20004dd4       0x6c c:/isis/application/toolchain/bin/../lib/gcc/arm-none-eabi/4.7.4/../../../../arm-none-eabi/lib\libc_s.a(lib_a-sprintf.o)
                0x20004dd4                siprintf
                0x20004dd4                sprintf
 .text.strlen   0x20004e40       0x1c c:/isis/application/toolchain/bin/../lib/gcc/arm-none-eabi/4.7.4/../../../../arm-none-eabi/lib\libc_s.a(lib_a-strlen.o)
                0x20004e40                strlen
 .text.match    0x20004e5c       0x54 c:/isis/application/toolchain/bin/../lib/gcc/arm-none-eabi/4.7.4/../../../../arm-none-eabi/lib\libc_s.a(lib_a-strtod.o)
 .text._strtod_r
                0x20004eb0     0x1168 c:/isis/application/toolchain/bin/../lib/gcc/arm-none-eabi/4.7.4/../../../../arm-none-eabi/lib\libc_s.a(lib_a-strtod.o)
                0x20004eb0                _strtod_r
 .text._strtol_r
                0x20006018      0x1b8 c:/isis/application/toolchain/bin/../lib/gcc/arm-none-eabi/4.7.4/../../../../arm-none-eabi/lib\libc_s.a(lib_a-strtol.o)
                0x20006018                _strtol_r
 .text.__ssputc_r
                0x200061d0      0x10c c:/isis/application/toolchain/bin/../lib/gcc/arm-none-eabi/4.7.4/../../../../arm-none-eabi/lib\libc_s.a(lib_a-svfprintf.o)
                0x200061d0                __ssputc_r
 .text._svfprintf_r
                0x200062dc      0x328 c:/isis/application/toolchain/bin/../lib/gcc/arm-none-eabi/4.7.4/../../../../arm-none-eabi/lib\libc_s.a(lib_a-svfprintf.o)
                0x200062dc                _svfiprintf_r
                0x200062dc                _svfprintf_r
 .text._calloc_r
                0x20006604       0x2c c:/isis/application/toolchain/bin/../lib/gcc/arm-none-eabi/4.7.4/../../../../arm-none-eabi/lib\libc_s.a(lib_a-callocr.o)
                0x20006604                _calloc_r
 .text._free_r  0x20006630      0x108 c:/isis/application/toolchain/bin/../lib/gcc/arm-none-eabi/4.7.4/../../../../arm-none-eabi/lib\libc_s.a(lib_a-freer.o)
                0x20006630                _free_r
 .text.rshift   0x20006738       0xb0 c:/isis/application/toolchain/bin/../lib/gcc/arm-none-eabi/4.7.4/../../../../arm-none-eabi/lib\libc_s.a(lib_a-gdtoa-gethex.o)
 .text.htinit.constprop.0
                0x200067e8       0x34 c:/isis/application/toolchain/bin/../lib/gcc/arm-none-eabi/4.7.4/../../../../arm-none-eabi/lib\libc_s.a(lib_a-gdtoa-gethex.o)
 .text.__hexdig_init
                0x2000681c       0x38 c:/isis/application/toolchain/bin/../lib/gcc/arm-none-eabi/4.7.4/../../../../arm-none-eabi/lib\libc_s.a(lib_a-gdtoa-gethex.o)
                0x2000681c                __hexdig_init
 .text.__gethex
                0x20006854      0x6cc c:/isis/application/toolchain/bin/../lib/gcc/arm-none-eabi/4.7.4/../../../../arm-none-eabi/lib\libc_s.a(lib_a-gdtoa-gethex.o)
                0x20006854                __gethex
 .text.L_shift  0x20006f20       0x38 c:/isis/application/toolchain/bin/../lib/gcc/arm-none-eabi/4.7.4/../../../../arm-none-eabi/lib\libc_s.a(lib_a-gdtoa-hexnan.o)
 .text.__hexnan
                0x20006f58      0x1d8 c:/isis/application/toolchain/bin/../lib/gcc/arm-none-eabi/4.7.4/../../../../arm-none-eabi/lib\libc_s.a(lib_a-gdtoa-hexnan.o)
                0x20006f58                __hexnan
 .text.memchr   0x20007130       0x34 c:/isis/application/toolchain/bin/../lib/gcc/arm-none-eabi/4.7.4/../../../../arm-none-eabi/lib\libc_s.a(lib_a-memchr.o)
                0x20007130                memchr
 .text.memset   0x20007164       0x1c c:/isis/application/toolchain/bin/../lib/gcc/arm-none-eabi/4.7.4/../../../../arm-none-eabi/lib\libc_s.a(lib_a-memset.o)
                0x20007164                memset
 .text._realloc_r
                0x20007180       0x80 c:/isis/application/toolchain/bin/../lib/gcc/arm-none-eabi/4.7.4/../../../../arm-none-eabi/lib\libc_s.a(lib_a-reallocr.o)
                0x20007180                _realloc_r
 .text.strncmp  0x20007200       0x64 c:/isis/application/toolchain/bin/../lib/gcc/arm-none-eabi/4.7.4/../../../../arm-none-eabi/lib\libc_s.a(lib_a-strncmp.o)
                0x20007200                strncmp
 .text._malloc_usable_size_r
                0x20007264       0x1c c:/isis/application/toolchain/bin/../lib/gcc/arm-none-eabi/4.7.4/../../../../arm-none-eabi/lib\libc_s.a(lib_a-msizer.o)
                0x20007264                _malloc_usable_size_r
 .text.GetBatteryVoltage
                0x20007280       0x64 ./src/SubSystemModules/PowerManagment/EPS.o
                0x20007280                GetBatteryVoltage
 .text.EPS_Init
                0x200072e4       0xe0 ./src/SubSystemModules/PowerManagment/EPS.o
                0x200072e4                EPS_Init
 .text.EPS_Conditioning
                0x200073c4      0x1c4 ./src/SubSystemModules/PowerManagment/EPS.o
                0x200073c4                EPS_Conditioning
 .text.UpdateAlpha
                0x20007588       0xa8 ./src/SubSystemModules/PowerManagment/EPS.o
                0x20007588                UpdateAlpha
 .text.GetThresholdVoltages
                0x20007630       0x70 ./src/SubSystemModules/PowerManagment/EPS.o
                0x20007630                GetThresholdVoltages
 .text.GetAlpha
                0x200076a0       0x6c ./src/SubSystemModules/PowerManagment/EPS.o
                0x200076a0                GetAlpha
 .text.EnterFullMode
                0x2000770c       0x44 ./src/SubSystemModules/PowerManagment/EPSOperationModes.o
                0x2000770c                EnterFullMode
 .text.EnterCruiseMode
                0x20007750       0x44 ./src/SubSystemModules/PowerManagment/EPSOperationModes.o
                0x20007750                EnterCruiseMode
 .text.EnterSafeMode
                0x20007794       0x44 ./src/SubSystemModules/PowerManagment/EPSOperationModes.o
                0x20007794                EnterSafeMode
 .text.EnterCriticalMode
                0x200077d8       0x44 ./src/SubSystemModules/PowerManagment/EPSOperationModes.o
                0x200077d8                EnterCriticalMode
 .text.EpsGetLowVoltageFlag
                0x2000781c       0x24 ./src/SubSystemModules/PowerManagment/EPSOperationModes.o
                0x2000781c                EpsGetLowVoltageFlag
 .text.EpsSetLowVoltageFlag
                0x20007840       0x2c ./src/SubSystemModules/PowerManagment/EPSOperationModes.o
                0x20007840                EpsSetLowVoltageFlag
 .text.CheckExecutionTime
                0x2000786c       0x78 ./src/SubSystemModules/Maintenance/Maintenance.o
                0x2000786c                CheckExecutionTime
 .text.SaveSatTimeInFRAM
                0x200078e4       0x44 ./src/SubSystemModules/Maintenance/Maintenance.o
                0x200078e4                SaveSatTimeInFRAM
 .text.WakeupFromResetCMD
                0x20007928      0x120 ./src/SubSystemModules/Maintenance/Maintenance.o
                0x20007928                WakeupFromResetCMD
 .text.ResetGroundCommWDT
                0x20007a48       0x1c ./src/SubSystemModules/Maintenance/Maintenance.o
                0x20007a48                ResetGroundCommWDT
 .text.IsGroundCommunicationWDTKick
                0x20007a64       0x78 ./src/SubSystemModules/Maintenance/Maintenance.o
                0x20007a64                IsGroundCommunicationWDTKick
 .text.GetGsWdtKickTime
                0x20007adc       0x38 ./src/SubSystemModules/Maintenance/Maintenance.o
                0x20007adc                GetGsWdtKickTime
 .text.DeleteOldFiels
                0x20007b14      0x33c ./src/SubSystemModules/Maintenance/Maintenance.o
                0x20007b14                DeleteOldFiels
 .text.Maintenance
                0x20007e50       0x34 ./src/SubSystemModules/Maintenance/Maintenance.o
                0x20007e50                Maintenance
 .text.InitSavePeriodTimes
                0x20007e84       0xc0 ./src/SubSystemModules/Housekepping/TelemetryCollector.o
                0x20007e84                InitSavePeriodTimes
 .text.TelemetryCollectorLogic
                0x20007f44      0x1f0 ./src/SubSystemModules/Housekepping/TelemetryCollector.o
                0x20007f44                TelemetryCollectorLogic
 .text.TelemetrySaveEPS
                0x20008134       0xf4 ./src/SubSystemModules/Housekepping/TelemetryCollector.o
                0x20008134                TelemetrySaveEPS
 .text.TelemetrySaveTRXVU
                0x20008228       0x84 ./src/SubSystemModules/Housekepping/TelemetryCollector.o
                0x20008228                TelemetrySaveTRXVU
 .text.TelemetrySaveANT
                0x200082ac       0xa4 ./src/SubSystemModules/Housekepping/TelemetryCollector.o
                0x200082ac                TelemetrySaveANT
 .text.TelemetrySaveSolarPanels
                0x20008350      0x1c4 ./src/SubSystemModules/Housekepping/TelemetryCollector.o
                0x20008350                TelemetrySaveSolarPanels
 .text.TelemetrySaveWOD
                0x20008514       0xa0 ./src/SubSystemModules/Housekepping/TelemetryCollector.o
                0x20008514                TelemetrySaveWOD
 .text.GetCurrentWODTelemetry
                0x200085b4      0x4b0 ./src/SubSystemModules/Housekepping/TelemetryCollector.o
                0x200085b4                GetCurrentWODTelemetry
 .text.CMD_DeleteTLM
                0x20008a64      0x1f4 ./src/SubSystemModules/Communication/SubsystemCommands/FS_Commands.o
                0x20008a64                CMD_DeleteTLM
 .text.CMD_GenericI2C
                0x20008c58      0x118 ./src/SubSystemModules/Communication/SubsystemCommands/Maintanence_Commands.o
                0x20008c58                CMD_GenericI2C
 .text.CMD_FRAM_ReadAndTransmitt
                0x20008d70      0x108 ./src/SubSystemModules/Communication/SubsystemCommands/Maintanence_Commands.o
                0x20008d70                CMD_FRAM_ReadAndTransmitt
 .text.CMD_FRAM_WriteAndTransmitt
                0x20008e78      0x12c ./src/SubSystemModules/Communication/SubsystemCommands/Maintanence_Commands.o
                0x20008e78                CMD_FRAM_WriteAndTransmitt
 .text.CMD_UpdateSatTime
                0x20008fa4       0x94 ./src/SubSystemModules/Communication/SubsystemCommands/Maintanence_Commands.o
                0x20008fa4                CMD_UpdateSatTime
 .text.CMD_ResetComponent
                0x20009038      0x258 ./src/SubSystemModules/Communication/SubsystemCommands/Maintanence_Commands.o
                0x20009038                CMD_ResetComponent
 .text.DumpTask
                0x20009290      0x2cc ./src/SubSystemModules/Communication/SubsystemCommands/TRXVU_Commands.o
                0x20009290                DumpTask
 .text.CMD_AntennaDeploy
                0x2000955c       0xb4 ./src/SubSystemModules/Communication/SubsystemCommands/TRXVU_Commands.o
                0x2000955c                CMD_AntennaDeploy
 .text.CMD_StartDump
                0x20009610      0x1ec ./src/SubSystemModules/Communication/SubsystemCommands/TRXVU_Commands.o
                0x20009610                CMD_StartDump
 .text.CMD_SendDumpAbortRequest
                0x200097fc       0x24 ./src/SubSystemModules/Communication/SubsystemCommands/TRXVU_Commands.o
                0x200097fc                CMD_SendDumpAbortRequest
 .text.CMD_ForceDumpAbort
                0x20009820       0x24 ./src/SubSystemModules/Communication/SubsystemCommands/TRXVU_Commands.o
                0x20009820                CMD_ForceDumpAbort
 .text.CMD_MuteTRXVU
                0x20009844       0x70 ./src/SubSystemModules/Communication/SubsystemCommands/TRXVU_Commands.o
                0x20009844                CMD_MuteTRXVU
 .text.CMD_SetIdleState
                0x200098b4       0x70 ./src/SubSystemModules/Communication/SubsystemCommands/TRXVU_Commands.o
                0x200098b4                CMD_SetIdleState
 .text.CMD_UnMuteTRXVU
                0x20009924       0x24 ./src/SubSystemModules/Communication/SubsystemCommands/TRXVU_Commands.o
                0x20009924                CMD_UnMuteTRXVU
 .text.CMD_GetBaudRate
                0x20009948       0x78 ./src/SubSystemModules/Communication/SubsystemCommands/TRXVU_Commands.o
                0x20009948                CMD_GetBaudRate
 .text.CMD_GetBeaconInterval
                0x200099c0       0x60 ./src/SubSystemModules/Communication/SubsystemCommands/TRXVU_Commands.o
                0x200099c0                CMD_GetBeaconInterval
 .text.CMD_SetBaudRate
                0x20009a20       0x3c ./src/SubSystemModules/Communication/SubsystemCommands/TRXVU_Commands.o
                0x20009a20                CMD_SetBaudRate
 .text.CMD_GetTxUptime
                0x20009a5c       0x58 ./src/SubSystemModules/Communication/SubsystemCommands/TRXVU_Commands.o
                0x20009a5c                CMD_GetTxUptime
 .text.CMD_GetRxUptime
                0x20009ab4       0x58 ./src/SubSystemModules/Communication/SubsystemCommands/TRXVU_Commands.o
                0x20009ab4                CMD_GetRxUptime
 .text.CMD_GetNumOfOnlineCommands
                0x20009b0c       0x58 ./src/SubSystemModules/Communication/SubsystemCommands/TRXVU_Commands.o
                0x20009b0c                CMD_GetNumOfOnlineCommands
 .text.CMD_AntSetArmStatus
                0x20009b64       0x80 ./src/SubSystemModules/Communication/SubsystemCommands/TRXVU_Commands.o
                0x20009b64                CMD_AntSetArmStatus
 .text.CMD_AntGetArmStatus
                0x20009be4       0x64 ./src/SubSystemModules/Communication/SubsystemCommands/TRXVU_Commands.o
                0x20009be4                CMD_AntGetArmStatus
 .text.CMD_AntGetUptime
                0x20009c48       0x6c ./src/SubSystemModules/Communication/SubsystemCommands/TRXVU_Commands.o
                0x20009c48                CMD_AntGetUptime
 .text.CMD_AntCancelDeployment
                0x20009cb4       0x48 ./src/SubSystemModules/Communication/SubsystemCommands/TRXVU_Commands.o
                0x20009cb4                CMD_AntCancelDeployment
 .text.SendAckPacket
                0x20009cfc       0xe0 ./src/SubSystemModules/Communication/AckHandler.o
                0x20009cfc                SendAckPacket
 .text.trxvu_command_router
                0x20009ddc      0x4bc ./src/SubSystemModules/Communication/CommandDictionary.o
                0x20009ddc                trxvu_command_router
 .text.eps_command_router
                0x2000a298       0x94 ./src/SubSystemModules/Communication/CommandDictionary.o
                0x2000a298                eps_command_router
 .text.telemetry_command_router
                0x2000a32c       0x90 ./src/SubSystemModules/Communication/CommandDictionary.o
                0x2000a32c                telemetry_command_router
 .text.managment_command_router
                0x2000a3bc      0x104 ./src/SubSystemModules/Communication/CommandDictionary.o
                0x2000a3bc                managment_command_router
 .text.filesystem_command_router
                0x2000a4c0       0x24 ./src/SubSystemModules/Communication/CommandDictionary.o
                0x2000a4c0                filesystem_command_router
 .text.ParseDataToCommand
                0x2000a4e4      0x1ac ./src/SubSystemModules/Communication/SatCommandHandler.o
                0x2000a4e4                ParseDataToCommand
 .text.AssembleCommand
                0x2000a690      0x150 ./src/SubSystemModules/Communication/SatCommandHandler.o
                0x2000a690                AssembleCommand
 .text.ActUponCommand
                0x2000a7e0       0xd0 ./src/SubSystemModules/Communication/SatCommandHandler.o
                0x2000a7e0                ActUponCommand
 .text.InitTxModule
                0x2000a8b0       0x68 ./src/SubSystemModules/Communication/TRXVU.o
                0x2000a8b0                InitTxModule
 .text.CMD_SetBeaconInterval
                0x2000a918       0x98 ./src/SubSystemModules/Communication/TRXVU.o
                0x2000a918                CMD_SetBeaconInterval
 .text.InitBeaconParams
                0x2000a9b0       0x3c ./src/SubSystemModules/Communication/TRXVU.o
                0x2000a9b0                InitBeaconParams
 .text.InitSemaphores
                0x2000a9ec       0x98 ./src/SubSystemModules/Communication/TRXVU.o
                0x2000a9ec                InitSemaphores
 .text.InitTrxvu
                0x2000aa84      0x110 ./src/SubSystemModules/Communication/TRXVU.o
                0x2000aa84                InitTrxvu
 .text.checkIdleFinish
                0x2000ab94       0x68 ./src/SubSystemModules/Communication/TRXVU.o
                0x2000ab94                checkIdleFinish
 .text.TRX_Logic
                0x2000abfc       0xc4 ./src/SubSystemModules/Communication/TRXVU.o
                0x2000abfc                TRX_Logic
 .text.GetNumberOfFramesInBuffer
                0x2000acc0       0x54 ./src/SubSystemModules/Communication/TRXVU.o
                0x2000acc0                GetNumberOfFramesInBuffer
 .text.GetOnlineCommand
                0x2000ad14      0x128 ./src/SubSystemModules/Communication/TRXVU.o
                0x2000ad14                GetOnlineCommand
 .text.CheckTransmitionAllowed
                0x2000ae3c       0xc4 ./src/SubSystemModules/Communication/TRXVU.o
                0x2000ae3c                CheckTransmitionAllowed
 .text.FinishDump
                0x2000af00       0xac ./src/SubSystemModules/Communication/TRXVU.o
                0x2000af00                FinishDump
 .text.AbortDump
                0x2000afac       0x30 ./src/SubSystemModules/Communication/TRXVU.o
                0x2000afac                AbortDump
 .text.SendDumpAbortRequest
                0x2000afdc       0xc0 ./src/SubSystemModules/Communication/TRXVU.o
                0x2000afdc                SendDumpAbortRequest
 .text.BeaconLogic
                0x2000b09c      0x1e0 ./src/SubSystemModules/Communication/TRXVU.o
                0x2000b09c                BeaconLogic
 .text.SetIdleState
                0x2000b27c       0xac ./src/SubSystemModules/Communication/TRXVU.o
                0x2000b27c                SetIdleState
 .text.muteTRXVU
                0x2000b328       0x70 ./src/SubSystemModules/Communication/TRXVU.o
                0x2000b328                muteTRXVU
 .text.UnMuteTRXVU
                0x2000b398       0x24 ./src/SubSystemModules/Communication/TRXVU.o
                0x2000b398                UnMuteTRXVU
 .text.TransmitDataAsSPL_Packet
                0x2000b3bc      0x104 ./src/SubSystemModules/Communication/TRXVU.o
                0x2000b3bc                TransmitDataAsSPL_Packet
 .text.TransmitSplPacket
                0x2000b4c0       0xfc ./src/SubSystemModules/Communication/TRXVU.o
                0x2000b4c0                TransmitSplPacket
 .text.isFirstActivation
                0x2000b5bc       0x38 ./src/InitSystem.o
                0x2000b5bc                isFirstActivation
 .text.WriteDefaultValuesToFRAM
                0x2000b5f4      0x190 ./src/InitSystem.o
                0x2000b5f4                WriteDefaultValuesToFRAM
 .text.StartFRAM
                0x2000b784       0x24 ./src/InitSystem.o
                0x2000b784                StartFRAM
 .text.StartI2C
                0x2000b7a8       0x30 ./src/InitSystem.o
                0x2000b7a8                StartI2C
 .text.StartSPI
                0x2000b7d8       0x2c ./src/InitSystem.o
                0x2000b7d8                StartSPI
 .text.StartTIME
                0x2000b804       0xb0 ./src/InitSystem.o
                0x2000b804                StartTIME
 .text.DeploySystem
                0x2000b8b4      0x130 ./src/InitSystem.o
                0x2000b8b4                DeploySystem
 .text.InitSubsystems
                0x2000b9e4       0x48 ./src/InitSystem.o
                0x2000b9e4                InitSubsystems
 .text.delete_allTMFilesFromSD
                0x2000ba2c       0x58 ./src/TLM_management.o
                0x2000ba2c                delete_allTMFilesFromSD
 .text.deleteTLMFiles
                0x2000ba84       0x94 ./src/TLM_management.o
                0x2000ba84                deleteTLMFiles
 .text.deleteTLMFile
                0x2000bb18       0xc0 ./src/TLM_management.o
                0x2000bb18                deleteTLMFile
 .text.InitializeFS
                0x2000bbd8       0xd0 ./src/TLM_management.o
                0x2000bbd8                InitializeFS
 .text.calculateFileName
                0x2000bca8      0x108 ./src/TLM_management.o
                0x2000bca8                calculateFileName
 .text.getTlmTypeInfo
                0x2000bdb0      0x230 ./src/TLM_management.o
                0x2000bdb0                getTlmTypeInfo
 .text.write2File
                0x2000bfe0      0x150 ./src/TLM_management.o
                0x2000bfe0                write2File
 .text.printTLM
                0x2000c130       0x24 ./src/TLM_management.o
                0x2000c130                printTLM
 .text.readTLMFile
                0x2000c154      0x2f4 ./src/TLM_management.o
                0x2000c154                readTLMFile
 .text.readTLMFiles
                0x2000c448       0xac ./src/TLM_management.o
                0x2000c448                readTLMFiles
 .text.readTLMFileTimeRange
                0x2000c4f4      0x2e8 ./src/TLM_management.o
                0x2000c4f4                readTLMFileTimeRange
 .text.DeInitializeFS
                0x2000c7dc       0x14 ./src/TLM_management.o
                0x2000c7dc                DeInitializeFS
 .text.taskMain
                0x2000c7f0       0x2c ./src/main.o
                0x2000c7f0                taskMain
 .text.main     0x2000c81c       0x98 ./src/main.o
                0x2000c81c                main
 .text.timeU2time
                0x2000c8b4       0xbc ./src/utils.o
                0x2000c8b4                timeU2time
 .text.logError
                0x2000c970      0x140 ./src/utils.o
                0x2000c970                logError
 .text.validateTransferParameters
                0x2000cab0      0x10c C:/ISIS/workspace_ycube/GlobusSatProject/..//hal/hal/lib\libHALD.a(I2C.o)
 .text.I2C_queueTransfer
                0x2000cbbc       0xfc C:/ISIS/workspace_ycube/GlobusSatProject/..//hal/hal/lib\libHALD.a(I2C.o)
                0x2000cbbc                I2C_queueTransfer
 .text.I2C_internalCallback
                0x2000ccb8       0x64 C:/ISIS/workspace_ycube/GlobusSatProject/..//hal/hal/lib\libHALD.a(I2C.o)
 .text.I2C_doBlockingTransfer
                0x2000cd1c      0x180 C:/ISIS/workspace_ycube/GlobusSatProject/..//hal/hal/lib\libHALD.a(I2C.o)
 .text.I2C_write
                0x2000ce9c      0x110 C:/ISIS/workspace_ycube/GlobusSatProject/..//hal/hal/lib\libHALD.a(I2C.o)
                0x2000ce9c                I2C_write
 .text.I2C_read
                0x2000cfac      0x110 C:/ISIS/workspace_ycube/GlobusSatProject/..//hal/hal/lib\libHALD.a(I2C.o)
                0x2000cfac                I2C_read
 .text.I2C_writeRead
                0x2000d0bc      0x17c C:/ISIS/workspace_ycube/GlobusSatProject/..//hal/hal/lib\libHALD.a(I2C.o)
                0x2000d0bc                I2C_writeRead
 .text.I2C_start
                0x2000d238      0x2e8 C:/ISIS/workspace_ycube/GlobusSatProject/..//hal/hal/lib\libHALD.a(I2C.o)
                0x2000d238                I2C_start
 .text.I2C_stop
                0x2000d520      0x184 C:/ISIS/workspace_ycube/GlobusSatProject/..//hal/hal/lib\libHALD.a(I2C.o)
                0x2000d520                I2C_stop
 .text.I2C_setTransferTimeout
                0x2000d6a4       0x48 C:/ISIS/workspace_ycube/GlobusSatProject/..//hal/hal/lib\libHALD.a(I2C.o)
                0x2000d6a4                I2C_setTransferTimeout
 .text.clearPDCtransfers
                0x2000d6ec       0xe8 C:/ISIS/workspace_ycube/GlobusSatProject/..//hal/hal/lib\libHALD.a(SPI.o)
 .text.SPI_start
                0x2000d7d4      0x4b0 C:/ISIS/workspace_ycube/GlobusSatProject/..//hal/hal/lib\libHALD.a(SPI.o)
                0x2000d7d4                SPI_start
 .text.SPI_stop
                0x2000dc84      0x244 C:/ISIS/workspace_ycube/GlobusSatProject/..//hal/hal/lib\libHALD.a(SPI.o)
                0x2000dc84                SPI_stop
 .text.SPI_queueTransfer
                0x2000dec8      0x1cc C:/ISIS/workspace_ycube/GlobusSatProject/..//hal/hal/lib\libHALD.a(SPI.o)
                0x2000dec8                SPI_queueTransfer
 .text.SPI_internalCallback
                0x2000e094       0x64 C:/ISIS/workspace_ycube/GlobusSatProject/..//hal/hal/lib\libHALD.a(SPI.o)
 .text.SPI_writeRead
                0x2000e0f8      0x1c0 C:/ISIS/workspace_ycube/GlobusSatProject/..//hal/hal/lib\libHALD.a(SPI.o)
                0x2000e0f8                SPI_writeRead
 .text.waitForTransfer
                0x2000e2b8       0x78 C:/ISIS/workspace_ycube/GlobusSatProject/..//hal/hal/lib\libHALD.a(SPI.o)
 .text.SPI_getDriverState
                0x2000e330       0x58 C:/ISIS/workspace_ycube/GlobusSatProject/..//hal/hal/lib\libHALD.a(SPI.o)
                0x2000e330                SPI_getDriverState
 .text.FRAM_start
                0x2000e388      0x120 C:/ISIS/workspace_ycube/GlobusSatProject/..//hal/hal/lib\libHALD.a(FRAM.o)
                0x2000e388                FRAM_start
 .text.FRAM_dummyCallback
                0x2000e4a8       0x24 C:/ISIS/workspace_ycube/GlobusSatProject/..//hal/hal/lib\libHALD.a(FRAM.o)
                0x2000e4a8                FRAM_dummyCallback
 .text.FRAM_unlockingCallback
                0x2000e4cc       0x64 C:/ISIS/workspace_ycube/GlobusSatProject/..//hal/hal/lib\libHALD.a(FRAM.o)
                0x2000e4cc                FRAM_unlockingCallback
 .text.doBlockingTransfer
                0x2000e530       0x78 C:/ISIS/workspace_ycube/GlobusSatProject/..//hal/hal/lib\libHALD.a(FRAM.o)
 .text.FRAM_writePacket
                0x2000e5a8      0x144 C:/ISIS/workspace_ycube/GlobusSatProject/..//hal/hal/lib\libHALD.a(FRAM.o)
 .text.FRAM_write
                0x2000e6ec      0x1d8 C:/ISIS/workspace_ycube/GlobusSatProject/..//hal/hal/lib\libHALD.a(FRAM.o)
                0x2000e6ec                FRAM_write
 .text.FRAM_readPacket
                0x2000e8c4       0xf0 C:/ISIS/workspace_ycube/GlobusSatProject/..//hal/hal/lib\libHALD.a(FRAM.o)
 .text.FRAM_read
                0x2000e9b4      0x1e4 C:/ISIS/workspace_ycube/GlobusSatProject/..//hal/hal/lib\libHALD.a(FRAM.o)
                0x2000e9b4                FRAM_read
 .text.Time_start
                0x2000eb98      0x150 C:/ISIS/workspace_ycube/GlobusSatProject/..//hal/hal/lib\libHALD.a(Time.o)
                0x2000eb98                Time_start
 .text.taskTimeSync
                0x2000ece8       0x38 C:/ISIS/workspace_ycube/GlobusSatProject/..//hal/hal/lib\libHALD.a(Time.o)
 .text.Time_convertEpochToTime
                0x2000ed20       0xf4 C:/ISIS/workspace_ycube/GlobusSatProject/..//hal/hal/lib\libHALD.a(Time.o)
                0x2000ed20                Time_convertEpochToTime
 .text.Time_populateSecondsOfYear
                0x2000ee14      0x188 C:/ISIS/workspace_ycube/GlobusSatProject/..//hal/hal/lib\libHALD.a(Time.o)
 .text.Time_set
                0x2000ef9c      0x110 C:/ISIS/workspace_ycube/GlobusSatProject/..//hal/hal/lib\libHALD.a(Time.o)
                0x2000ef9c                Time_set
 .text.Time_isLeapYear
                0x2000f0ac       0x98 C:/ISIS/workspace_ycube/GlobusSatProject/..//hal/hal/lib\libHALD.a(Time.o)
                0x2000f0ac                Time_isLeapYear
 .text.Time_get
                0x2000f144      0x410 C:/ISIS/workspace_ycube/GlobusSatProject/..//hal/hal/lib\libHALD.a(Time.o)
                0x2000f144                Time_get
 .text.Time_getUnixEpoch
                0x2000f554       0xf4 C:/ISIS/workspace_ycube/GlobusSatProject/..//hal/hal/lib\libHALD.a(Time.o)
                0x2000f554                Time_getUnixEpoch
 .text.Time_secondsOfYearToTime
                0x2000f648      0x328 C:/ISIS/workspace_ycube/GlobusSatProject/..//hal/hal/lib\libHALD.a(Time.o)
 .text.Time_setUnixEpoch
                0x2000f970       0x54 C:/ISIS/workspace_ycube/GlobusSatProject/..//hal/hal/lib\libHALD.a(Time.o)
                0x2000f970                Time_setUnixEpoch
 .text.Time_getUptimeSeconds
                0x2000f9c4       0x28 C:/ISIS/workspace_ycube/GlobusSatProject/..//hal/hal/lib\libHALD.a(Time.o)
                0x2000f9c4                Time_getUptimeSeconds
 .text.Time_sync
                0x2000f9ec      0x2d8 C:/ISIS/workspace_ycube/GlobusSatProject/..//hal/hal/lib\libHALD.a(Time.o)
                0x2000f9ec                Time_sync
 .text.Time_syncIfNeeded
                0x2000fcc4       0x90 C:/ISIS/workspace_ycube/GlobusSatProject/..//hal/hal/lib\libHALD.a(Time.o)
                0x2000fcc4                Time_syncIfNeeded
 .text.Time_setSyncInterval
                0x2000fd54       0x38 C:/ISIS/workspace_ycube/GlobusSatProject/..//hal/hal/lib\libHALD.a(Time.o)
                0x2000fd54                Time_setSyncInterval
 .text.WDT_start
                0x2000fd8c       0x48 C:/ISIS/workspace_ycube/GlobusSatProject/..//hal/hal/lib\libHALD.a(WatchDogTimerNoOS.o)
                0x2000fd8c                WDT_start
 .text.WDT_startWatchdogKickTask
                0x2000fdd4       0xb4 C:/ISIS/workspace_ycube/GlobusSatProject/..//hal/hal/lib\libHALD.a(WatchDogTimerOS.o)
                0x2000fdd4                WDT_startWatchdogKickTask
 .text.WDT_forceKickEveryNms
                0x2000fe88       0x50 C:/ISIS/workspace_ycube/GlobusSatProject/..//hal/hal/lib\libHALD.a(WatchDogTimerOS.o)
                0x2000fe88                WDT_forceKickEveryNms
 .text.LED_glow
                0x2000fed8       0x58 C:/ISIS/workspace_ycube/GlobusSatProject/..//hal/hal/lib\libHALD.a(LED.o)
                0x2000fed8                LED_glow
 .text.LED_dark
                0x2000ff30       0x58 C:/ISIS/workspace_ycube/GlobusSatProject/..//hal/hal/lib\libHALD.a(LED.o)
                0x2000ff30                LED_dark
 .text.LED_toggle
                0x2000ff88       0x50 C:/ISIS/workspace_ycube/GlobusSatProject/..//hal/hal/lib\libHALD.a(LED.o)
                0x2000ff88                LED_toggle
 .text.RTC_start
                0x2000ffd8       0x3c C:/ISIS/workspace_ycube/GlobusSatProject/..//hal/hal/lib\libHALD.a(RTC.o)
                0x2000ffd8                RTC_start
 .text.RTC_setTime
                0x20010014      0x2a4 C:/ISIS/workspace_ycube/GlobusSatProject/..//hal/hal/lib\libHALD.a(RTC.o)
                0x20010014                RTC_setTime
 .text.RTC_getTime
                0x200102b8      0x224 C:/ISIS/workspace_ycube/GlobusSatProject/..//hal/hal/lib\libHALD.a(RTC.o)
                0x200102b8                RTC_getTime
 .text.RTC_checkTimeValid
                0x200104dc       0xdc C:/ISIS/workspace_ycube/GlobusSatProject/..//hal/hal/lib\libHALD.a(RTC.o)
                0x200104dc                RTC_checkTimeValid
 .text.RTT_start
                0x200105b8       0x24 C:/ISIS/workspace_ycube/GlobusSatProject/..//hal/hal/lib\libHALD.a(RTT.o)
                0x200105b8                RTT_start
 .text.fn_init  0x200105dc      0x2dc C:/ISIS/workspace_ycube/GlobusSatProject/..//hal/hcc/lib\libHCCD.a(fat_common.o)
                0x200105dc                fn_init
 .text._f_get16bitl
                0x200108b8       0x4c C:/ISIS/workspace_ycube/GlobusSatProject/..//hal/hcc/lib\libHCCD.a(fat_common.o)
                0x200108b8                _f_get16bitl
 .text._f_set16bitl
                0x20010904       0x54 C:/ISIS/workspace_ycube/GlobusSatProject/..//hal/hcc/lib\libHCCD.a(fat_common.o)
                0x20010904                _f_set16bitl
 .text._f_get32bitl
                0x20010958       0x68 C:/ISIS/workspace_ycube/GlobusSatProject/..//hal/hcc/lib\libHCCD.a(fat_common.o)
                0x20010958                _f_get32bitl
 .text._f_set32bitl
                0x200109c0       0x78 C:/ISIS/workspace_ycube/GlobusSatProject/..//hal/hcc/lib\libHCCD.a(fat_common.o)
                0x200109c0                _f_set32bitl
 .text._get8bit
                0x20010a38       0xa0 C:/ISIS/workspace_ycube/GlobusSatProject/..//hal/hcc/lib\libHCCD.a(fat_common.o)
 .text._get16bitl
                0x20010ad8       0x40 C:/ISIS/workspace_ycube/GlobusSatProject/..//hal/hcc/lib\libHCCD.a(fat_common.o)
 .text._get32bitl
                0x20010b18       0x3c C:/ISIS/workspace_ycube/GlobusSatProject/..//hal/hcc/lib\libHCCD.a(fat_common.o)
 .text._f_setcardremoved
                0x20010b54       0x94 C:/ISIS/workspace_ycube/GlobusSatProject/..//hal/hcc/lib\libHCCD.a(fat_common.o)
 .text._f_checkstatus
                0x20010be8      0x104 C:/ISIS/workspace_ycube/GlobusSatProject/..//hal/hcc/lib\libHCCD.a(fat_common.o)
                0x20010be8                _f_checkstatus
 .text._f_drvgetphy
                0x20010cec      0x114 C:/ISIS/workspace_ycube/GlobusSatProject/..//hal/hcc/lib\libHCCD.a(fat_common.o)
 .text._f_drvwritesector
                0x20010e00       0xdc C:/ISIS/workspace_ycube/GlobusSatProject/..//hal/hcc/lib\libHCCD.a(fat_common.o)
 .text._f_drvreadsector
                0x20010edc       0xa8 C:/ISIS/workspace_ycube/GlobusSatProject/..//hal/hcc/lib\libHCCD.a(fat_common.o)
 .text._f_writesector
                0x20010f84      0x23c C:/ISIS/workspace_ycube/GlobusSatProject/..//hal/hcc/lib\libHCCD.a(fat_common.o)
                0x20010f84                _f_writesector
 .text._f_readsector
                0x200111c0      0x1dc C:/ISIS/workspace_ycube/GlobusSatProject/..//hal/hcc/lib\libHCCD.a(fat_common.o)
                0x200111c0                _f_readsector
 .text._f_getmaxcluster
                0x2001139c       0x94 C:/ISIS/workspace_ycube/GlobusSatProject/..//hal/hcc/lib\libHCCD.a(fat_common.o)
                0x2001139c                _f_getmaxcluster
 .text._getsectorfromcluster
                0x20011430       0x68 C:/ISIS/workspace_ycube/GlobusSatProject/..//hal/hcc/lib\libHCCD.a(fat_common.o)
 .text._f_buildsectors
                0x20011498      0x268 C:/ISIS/workspace_ycube/GlobusSatProject/..//hal/hcc/lib\libHCCD.a(fat_common.o)
 .text._f_getbootrecord
                0x20011700      0x5e4 C:/ISIS/workspace_ycube/GlobusSatProject/..//hal/hcc/lib\libHCCD.a(fat_common.o)
 .text._f_readbootrecord
                0x20011ce4      0x4f8 C:/ISIS/workspace_ycube/GlobusSatProject/..//hal/hcc/lib\libHCCD.a(fat_common.o)
 .text._f_flushcffiles
                0x200121dc      0x17c C:/ISIS/workspace_ycube/GlobusSatProject/..//hal/hcc/lib\libHCCD.a(fat_common.o)
                0x200121dc                _f_flushcffiles
 .text._f_fatcache_flush
                0x20012358      0x270 C:/ISIS/workspace_ycube/GlobusSatProject/..//hal/hcc/lib\libHCCD.a(fat_common.o)
                0x20012358                _f_fatcache_flush
 .text._f_writefatsector
                0x200125c8      0x100 C:/ISIS/workspace_ycube/GlobusSatProject/..//hal/hcc/lib\libHCCD.a(fat_common.o)
                0x200125c8                _f_writefatsector
 .text._f_getfatsector
                0x200126c8      0x3bc C:/ISIS/workspace_ycube/GlobusSatProject/..//hal/hcc/lib\libHCCD.a(fat_common.o)
 .text._f_setclustervalue
                0x20012a84      0x490 C:/ISIS/workspace_ycube/GlobusSatProject/..//hal/hcc/lib\libHCCD.a(fat_common.o)
                0x20012a84                _f_setclustervalue
 .text._f_getclustervalue
                0x20012f14      0x388 C:/ISIS/workspace_ycube/GlobusSatProject/..//hal/hcc/lib\libHCCD.a(fat_common.o)
                0x20012f14                _f_getclustervalue
 .text._f_close_drive_files
                0x2001329c       0xac C:/ISIS/workspace_ycube/GlobusSatProject/..//hal/hcc/lib\libHCCD.a(fat_common.o)
 .text._f_inc_mount_count
                0x20013348       0xa4 C:/ISIS/workspace_ycube/GlobusSatProject/..//hal/hcc/lib\libHCCD.a(fat_common.o)
 .text._f_getvolume
                0x200133ec      0x2f8 C:/ISIS/workspace_ycube/GlobusSatProject/..//hal/hcc/lib\libHCCD.a(fat_common.o)
                0x200133ec                _f_getvolume
 .text.fn_createdriver
                0x200136e4      0x118 C:/ISIS/workspace_ycube/GlobusSatProject/..//hal/hcc/lib\libHCCD.a(fat_common.o)
                0x200136e4                fn_createdriver
 .text.fn_initvolume
                0x200137fc      0x12c C:/ISIS/workspace_ycube/GlobusSatProject/..//hal/hcc/lib\libHCCD.a(fat_common.o)
                0x200137fc                fn_initvolume
 .text.fn_initvolumepartition_sub
                0x20013928       0xe0 C:/ISIS/workspace_ycube/GlobusSatProject/..//hal/hcc/lib\libHCCD.a(fat_common.o)
 .text.fn_initvolumepartition
                0x20013a08       0xac C:/ISIS/workspace_ycube/GlobusSatProject/..//hal/hcc/lib\libHCCD.a(fat_common.o)
                0x20013a08                fn_initvolumepartition
 .text._f_clustertopos
                0x20013ab4       0xf8 C:/ISIS/workspace_ycube/GlobusSatProject/..//hal/hcc/lib\libHCCD.a(fat_common.o)
                0x20013ab4                _f_clustertopos
 .text._f_getcurrsector
                0x20013bac      0x6c8 C:/ISIS/workspace_ycube/GlobusSatProject/..//hal/hcc/lib\libHCCD.a(fat_common.o)
                0x20013bac                _f_getcurrsector
 .text._f_getdecluster
                0x20014274       0x90 C:/ISIS/workspace_ycube/GlobusSatProject/..//hal/hcc/lib\libHCCD.a(fat_common.o)
                0x20014274                _f_getdecluster
 .text._f_setdecluster
                0x20014304       0x8c C:/ISIS/workspace_ycube/GlobusSatProject/..//hal/hcc/lib\libHCCD.a(fat_common.o)
                0x20014304                _f_setdecluster
 .text.fn_getdrive
                0x20014390       0x30 C:/ISIS/workspace_ycube/GlobusSatProject/..//hal/hcc/lib\libHCCD.a(fat_common.o)
                0x20014390                fn_getdrive
 .text._f_getcurrenttimedate
                0x200143c0      0x138 C:/ISIS/workspace_ycube/GlobusSatProject/..//hal/hcc/lib\libHCCD.a(fat_common.o)
                0x200143c0                _f_getcurrenttimedate
 .text._f_initentry
                0x200144f8       0xa0 C:/ISIS/workspace_ycube/GlobusSatProject/..//hal/hcc/lib\libHCCD.a(fat_common.o)
                0x200144f8                _f_initentry
 .text._f_alloccluster
                0x20014598      0x344 C:/ISIS/workspace_ycube/GlobusSatProject/..//hal/hcc/lib\libHCCD.a(fat_common.o)
                0x20014598                _f_alloccluster
 .text._f_dobadblock
                0x200148dc      0x2cc C:/ISIS/workspace_ycube/GlobusSatProject/..//hal/hcc/lib\libHCCD.a(fat_common.o)
                0x200148dc                _f_dobadblock
 .text._f_checklocked
                0x20014ba8       0xe4 C:/ISIS/workspace_ycube/GlobusSatProject/..//hal/hcc/lib\libHCCD.a(fat_common.o)
                0x20014ba8                _f_checklocked
 .text._f_checkappendlocked
                0x20014c8c      0x110 C:/ISIS/workspace_ycube/GlobusSatProject/..//hal/hcc/lib\libHCCD.a(fat_common.o)
                0x20014c8c                _f_checkappendlocked
 .text._f_setsyncafile
                0x20014d9c      0x114 C:/ISIS/workspace_ycube/GlobusSatProject/..//hal/hcc/lib\libHCCD.a(fat_common.o)
                0x20014d9c                _f_setsyncafile
 .text._f_syncfiles
                0x20014eb0      0x128 C:/ISIS/workspace_ycube/GlobusSatProject/..//hal/hcc/lib\libHCCD.a(fat_common.o)
                0x20014eb0                _f_syncfiles
 .text._f_syncfilescontent
                0x20014fd8      0x15c C:/ISIS/workspace_ycube/GlobusSatProject/..//hal/hcc/lib\libHCCD.a(fat_common.o)
 .text.fn_getfreespace
                0x20015134      0x4c0 C:/ISIS/workspace_ycube/GlobusSatProject/..//hal/hcc/lib\libHCCD.a(fat_common.o)
                0x20015134                fn_getfreespace
 .text._f_emptywritecache
                0x200155f4      0x4a4 C:/ISIS/workspace_ycube/GlobusSatProject/..//hal/hcc/lib\libHCCD.a(fat_common.o)
 .text._f_allocnextcluster
                0x20015a98      0x54c C:/ISIS/workspace_ycube/GlobusSatProject/..//hal/hcc/lib\libHCCD.a(fat_common.o)
 .text._f_emptywritebuffer
                0x20015fe4      0x20c C:/ISIS/workspace_ycube/GlobusSatProject/..//hal/hcc/lib\libHCCD.a(fat_common.o)
 .text._f_writezeros
                0x200161f0       0xf0 C:/ISIS/workspace_ycube/GlobusSatProject/..//hal/hcc/lib\libHCCD.a(fat_common.o)
                0x200161f0                _f_writezeros
 .text._f_extend_file
                0x200162e0      0x570 C:/ISIS/workspace_ycube/GlobusSatProject/..//hal/hcc/lib\libHCCD.a(fat_common.o)
 .text._f_fseek
                0x20016850      0x9bc C:/ISIS/workspace_ycube/GlobusSatProject/..//hal/hcc/lib\libHCCD.a(fat_common.o)
                0x20016850                _f_fseek
 .text._f_removechain
                0x2001720c      0x104 C:/ISIS/workspace_ycube/GlobusSatProject/..//hal/hcc/lib\libHCCD.a(fat_common.o)
                0x2001720c                _f_removechain
 .text._f_updatefileentry
                0x20017310      0x1cc C:/ISIS/workspace_ycube/GlobusSatProject/..//hal/hcc/lib\libHCCD.a(fat_common.o)
 .text._f_checkreadlocked
                0x200174dc      0x1bc C:/ISIS/workspace_ycube/GlobusSatProject/..//hal/hcc/lib\libHCCD.a(fat_common.o)
                0x200174dc                _f_checkreadlocked
 .text._f_check_handle
                0x20017698       0x98 C:/ISIS/workspace_ycube/GlobusSatProject/..//hal/hcc/lib\libHCCD.a(fat_common.o)
                0x20017698                _f_check_handle
 .text._f_removesyncafile
                0x20017730      0x1ec C:/ISIS/workspace_ycube/GlobusSatProject/..//hal/hcc/lib\libHCCD.a(fat_common.o)
 .text.fn_close
                0x2001791c      0x3f8 C:/ISIS/workspace_ycube/GlobusSatProject/..//hal/hcc/lib\libHCCD.a(fat_common.o)
                0x2001791c                fn_close
 .text.fn_flush
                0x20017d14      0x374 C:/ISIS/workspace_ycube/GlobusSatProject/..//hal/hcc/lib\libHCCD.a(fat_common.o)
                0x20017d14                fn_flush
 .text.fn_read  0x20018088      0x690 C:/ISIS/workspace_ycube/GlobusSatProject/..//hal/hcc/lib\libHCCD.a(fat_common.o)
                0x20018088                fn_read
 .text._f_abortwrite
                0x20018718      0x100 C:/ISIS/workspace_ycube/GlobusSatProject/..//hal/hcc/lib\libHCCD.a(fat_common.o)
 .text._f_checkwritecluster
                0x20018818       0xe4 C:/ISIS/workspace_ycube/GlobusSatProject/..//hal/hcc/lib\libHCCD.a(fat_common.o)
 .text.fn_write
                0x200188fc      0x8a8 C:/ISIS/workspace_ycube/GlobusSatProject/..//hal/hcc/lib\libHCCD.a(fat_common.o)
                0x200188fc                fn_write
 .text.f_enterFS
                0x200191a4      0x1c0 C:/ISIS/workspace_ycube/GlobusSatProject/..//hal/hcc/lib\libHCCD.a(fat_common.o)
                0x200191a4                f_enterFS
 .text.fnGetTask
                0x20019364       0xfc C:/ISIS/workspace_ycube/GlobusSatProject/..//hal/hcc/lib\libHCCD.a(fat_common.o)
                0x20019364                fnGetTask
 .text._f_mutex_get
                0x20019460       0x98 C:/ISIS/workspace_ycube/GlobusSatProject/..//hal/hcc/lib\libHCCD.a(fat_common.o)
                0x20019460                _f_mutex_get
 .text._f_mutex_put
                0x200194f8       0x54 C:/ISIS/workspace_ycube/GlobusSatProject/..//hal/hcc/lib\libHCCD.a(fat_common.o)
                0x200194f8                _f_mutex_put
 .text._fn_initseekdivisor
                0x2001954c      0x158 C:/ISIS/workspace_ycube/GlobusSatProject/..//hal/hcc/lib\libHCCD.a(fat_common.o)
                0x2001954c                _fn_initseekdivisor
 .text._fn_updateseekpos
                0x200196a4       0xc4 C:/ISIS/workspace_ycube/GlobusSatProject/..//hal/hcc/lib\libHCCD.a(fat_common.o)
 .text._f_findopensize
                0x20019768       0x2c C:/ISIS/workspace_ycube/GlobusSatProject/..//hal/hcc/lib\libHCCD.a(fat_common.o)
                0x20019768                _f_findopensize
 .text.fn_setlasterror
                0x20019794       0x34 C:/ISIS/workspace_ycube/GlobusSatProject/..//hal/hcc/lib\libHCCD.a(fat_common.o)
                0x20019794                fn_setlasterror
 .text.fn_setlasterror_noret
                0x200197c8       0x2c C:/ISIS/workspace_ycube/GlobusSatProject/..//hal/hcc/lib\libHCCD.a(fat_common.o)
                0x200197c8                fn_setlasterror_noret
 .text.fm_initvolume
                0x200197f4       0x70 C:/ISIS/workspace_ycube/GlobusSatProject/..//hal/hcc/lib\libHCCD.a(fat_m.o)
                0x200197f4                fm_initvolume
 .text.fm_getdrive
                0x20019864       0x70 C:/ISIS/workspace_ycube/GlobusSatProject/..//hal/hcc/lib\libHCCD.a(fat_m.o)
                0x20019864                fm_getdrive
 .text.fm_getfreespace
                0x200198d4       0x68 C:/ISIS/workspace_ycube/GlobusSatProject/..//hal/hcc/lib\libHCCD.a(fat_m.o)
                0x200198d4                fm_getfreespace
 .text.fm_findfirst
                0x2001993c       0x68 C:/ISIS/workspace_ycube/GlobusSatProject/..//hal/hcc/lib\libHCCD.a(fat_m.o)
                0x2001993c                fm_findfirst
 .text.fm_findnext
                0x200199a4       0x60 C:/ISIS/workspace_ycube/GlobusSatProject/..//hal/hcc/lib\libHCCD.a(fat_m.o)
                0x200199a4                fm_findnext
 .text.fm_close
                0x20019a04       0x60 C:/ISIS/workspace_ycube/GlobusSatProject/..//hal/hcc/lib\libHCCD.a(fat_m.o)
                0x20019a04                fm_close
 .text.fm_flush
                0x20019a64       0x60 C:/ISIS/workspace_ycube/GlobusSatProject/..//hal/hcc/lib\libHCCD.a(fat_m.o)
                0x20019a64                fm_flush
 .text.fm_open  0x20019ac4       0x68 C:/ISIS/workspace_ycube/GlobusSatProject/..//hal/hcc/lib\libHCCD.a(fat_m.o)
                0x20019ac4                fm_open
 .text.fm_read  0x20019b2c       0x7c C:/ISIS/workspace_ycube/GlobusSatProject/..//hal/hcc/lib\libHCCD.a(fat_m.o)
                0x20019b2c                fm_read
 .text.fm_write
                0x20019ba8       0x7c C:/ISIS/workspace_ycube/GlobusSatProject/..//hal/hcc/lib\libHCCD.a(fat_m.o)
                0x20019ba8                fm_write
 .text.fm_delete
                0x20019c24       0x64 C:/ISIS/workspace_ycube/GlobusSatProject/..//hal/hcc/lib\libHCCD.a(fat_m.o)
                0x20019c24                fm_delete
 .text.fm_getlasterror
                0x20019c88       0x40 C:/ISIS/workspace_ycube/GlobusSatProject/..//hal/hcc/lib\libHCCD.a(fat_m.o)
                0x20019c88                fm_getlasterror
 .text._s_checkzeroclusteratend
                0x20019cc8       0xf8 C:/ISIS/workspace_ycube/GlobusSatProject/..//hal/hcc/lib\libHCCD.a(safefat.o)
 .text._s_clearclustercontent
                0x20019dc0      0x108 C:/ISIS/workspace_ycube/GlobusSatProject/..//hal/hcc/lib\libHCCD.a(safefat.o)
 .text._s_clearclustercontentdir
                0x20019ec8      0x19c C:/ISIS/workspace_ycube/GlobusSatProject/..//hal/hcc/lib\libHCCD.a(safefat.o)
 .text._s_writedirsector
                0x2001a064       0xd0 C:/ISIS/workspace_ycube/GlobusSatProject/..//hal/hcc/lib\libHCCD.a(safefat.o)
 .text._s_getdirsector
                0x2001a134      0x100 C:/ISIS/workspace_ycube/GlobusSatProject/..//hal/hcc/lib\libHCCD.a(safefat.o)
 .text._s_addentry
                0x2001a234      0x394 C:/ISIS/workspace_ycube/GlobusSatProject/..//hal/hcc/lib\libHCCD.a(safefat.o)
 .text._s_findfile
                0x2001a5c8      0x33c C:/ISIS/workspace_ycube/GlobusSatProject/..//hal/hcc/lib\libHCCD.a(safefat.o)
 .text._s_findsubdir
                0x2001a904      0x248 C:/ISIS/workspace_ycube/GlobusSatProject/..//hal/hcc/lib\libHCCD.a(safefat.o)
 .text._s_createfile
                0x2001ab4c      0x190 C:/ISIS/workspace_ycube/GlobusSatProject/..//hal/hcc/lib\libHCCD.a(safefat.o)
 .text._s_findsaffile
                0x2001acdc      0x1b8 C:/ISIS/workspace_ycube/GlobusSatProject/..//hal/hcc/lib\libHCCD.a(safefat.o)
 .text._s_open  0x2001ae94       0xe4 C:/ISIS/workspace_ycube/GlobusSatProject/..//hal/hcc/lib\libHCCD.a(safefat.o)
 .text._s_open_saf
                0x2001af78       0xe8 C:/ISIS/workspace_ycube/GlobusSatProject/..//hal/hcc/lib\libHCCD.a(safefat.o)
 .text._s_flush
                0x2001b060       0x84 C:/ISIS/workspace_ycube/GlobusSatProject/..//hal/hcc/lib\libHCCD.a(safefat.o)
 .text._s_allocnextcluster
                0x2001b0e4      0x13c C:/ISIS/workspace_ycube/GlobusSatProject/..//hal/hcc/lib\libHCCD.a(safefat.o)
 .text._s_getnextsector
                0x2001b220       0xdc C:/ISIS/workspace_ycube/GlobusSatProject/..//hal/hcc/lib\libHCCD.a(safefat.o)
 .text._s_seek  0x2001b2fc      0x1e8 C:/ISIS/workspace_ycube/GlobusSatProject/..//hal/hcc/lib\libHCCD.a(safefat.o)
 .text._s_read  0x2001b4e4      0x228 C:/ISIS/workspace_ycube/GlobusSatProject/..//hal/hcc/lib\libHCCD.a(safefat.o)
 .text._s_write
                0x2001b70c      0x384 C:/ISIS/workspace_ycube/GlobusSatProject/..//hal/hcc/lib\libHCCD.a(safefat.o)
 .text._s_restoreclusters
                0x2001ba90      0x270 C:/ISIS/workspace_ycube/GlobusSatProject/..//hal/hcc/lib\libHCCD.a(safefat.o)
                0x2001ba90                _s_restoreclusters
 .text._s_findrestore
                0x2001bd00      0x18c C:/ISIS/workspace_ycube/GlobusSatProject/..//hal/hcc/lib\libHCCD.a(safefat.o)
 .text._s_cmd_writede
                0x2001be8c       0xd8 C:/ISIS/workspace_ycube/GlobusSatProject/..//hal/hcc/lib\libHCCD.a(safefat.o)
 .text._s_cmd_setcluster
                0x2001bf64       0x88 C:/ISIS/workspace_ycube/GlobusSatProject/..//hal/hcc/lib\libHCCD.a(safefat.o)
 .text._s_cmd_deletechain
                0x2001bfec      0x100 C:/ISIS/workspace_ycube/GlobusSatProject/..//hal/hcc/lib\libHCCD.a(safefat.o)
 .text._s_cmd_validatecfn
                0x2001c0ec      0x308 C:/ISIS/workspace_ycube/GlobusSatProject/..//hal/hcc/lib\libHCCD.a(safefat.o)
 .text._s_cmd_seteof
                0x2001c3f4      0x3c4 C:/ISIS/workspace_ycube/GlobusSatProject/..//hal/hcc/lib\libHCCD.a(safefat.o)
 .text.safe_docommands
                0x2001c7b8      0x56c C:/ISIS/workspace_ycube/GlobusSatProject/..//hal/hcc/lib\libHCCD.a(safefat.o)
                0x2001c7b8                safe_docommands
 .text.safe_entercommand
                0x2001cd24       0x68 C:/ISIS/workspace_ycube/GlobusSatProject/..//hal/hcc/lib\libHCCD.a(safefat.o)
                0x2001cd24                safe_entercommand
 .text.safe_ready
                0x2001cd8c       0xf4 C:/ISIS/workspace_ycube/GlobusSatProject/..//hal/hcc/lib\libHCCD.a(safefat.o)
                0x2001cd8c                safe_ready
 .text.safe_copycfn
                0x2001ce80       0xb8 C:/ISIS/workspace_ycube/GlobusSatProject/..//hal/hcc/lib\libHCCD.a(safefat.o)
                0x2001ce80                safe_copycfn
 .text.safe_cfremove
                0x2001cf38       0xb8 C:/ISIS/workspace_ycube/GlobusSatProject/..//hal/hcc/lib\libHCCD.a(safefat.o)
                0x2001cf38                safe_cfremove
 .text.safe_writede
                0x2001cff0      0x104 C:/ISIS/workspace_ycube/GlobusSatProject/..//hal/hcc/lib\libHCCD.a(safefat.o)
                0x2001cff0                safe_writede
 .text.safe_setcluster
                0x2001d0f4       0xcc C:/ISIS/workspace_ycube/GlobusSatProject/..//hal/hcc/lib\libHCCD.a(safefat.o)
                0x2001d0f4                safe_setcluster
 .text.safe_deletechain
                0x2001d1c0      0x1c8 C:/ISIS/workspace_ycube/GlobusSatProject/..//hal/hcc/lib\libHCCD.a(safefat.o)
                0x2001d1c0                safe_deletechain
 .text.safe_cfclose
                0x2001d388      0x104 C:/ISIS/workspace_ycube/GlobusSatProject/..//hal/hcc/lib\libHCCD.a(safefat.o)
                0x2001d388                safe_cfclose
 .text.safe_cfflush
                0x2001d48c      0x124 C:/ISIS/workspace_ycube/GlobusSatProject/..//hal/hcc/lib\libHCCD.a(safefat.o)
                0x2001d48c                safe_cfflush
 .text.safe_reset
                0x2001d5b0       0x78 C:/ISIS/workspace_ycube/GlobusSatProject/..//hal/hcc/lib\libHCCD.a(safefat.o)
                0x2001d5b0                safe_reset
 .text.safe_loadcommands
                0x2001d628       0x78 C:/ISIS/workspace_ycube/GlobusSatProject/..//hal/hcc/lib\libHCCD.a(safefat.o)
                0x2001d628                safe_loadcommands
 .text.safe_poweron
                0x2001d6a0      0x1fc C:/ISIS/workspace_ycube/GlobusSatProject/..//hal/hcc/lib\libHCCD.a(safefat.o)
                0x2001d6a0                safe_poweron
 .text.cf_getname
                0x2001d89c       0xc0 C:/ISIS/workspace_ycube/GlobusSatProject/..//hal/hcc/lib\libHCCD.a(safefat.o)
 .text.cf_copyclusterchain
                0x2001d95c      0x138 C:/ISIS/workspace_ycube/GlobusSatProject/..//hal/hcc/lib\libHCCD.a(safefat.o)
 .text.cf_seektozero
                0x2001da94       0x94 C:/ISIS/workspace_ycube/GlobusSatProject/..//hal/hcc/lib\libHCCD.a(safefat.o)
                0x2001da94                cf_seektozero
 .text.cf_create
                0x2001db28      0x3a8 C:/ISIS/workspace_ycube/GlobusSatProject/..//hal/hcc/lib\libHCCD.a(safefat.o)
                0x2001db28                cf_create
 .text.cf_copyclustercontent
                0x2001ded0      0x128 C:/ISIS/workspace_ycube/GlobusSatProject/..//hal/hcc/lib\libHCCD.a(safefat.o)
                0x2001ded0                cf_copyclustercontent
 .text.cf_copycfn
                0x2001dff8      0x4bc C:/ISIS/workspace_ycube/GlobusSatProject/..//hal/hcc/lib\libHCCD.a(safefat.o)
                0x2001dff8                cf_copycfn
 .text.cf_remove
                0x2001e4b4      0x344 C:/ISIS/workspace_ycube/GlobusSatProject/..//hal/hcc/lib\libHCCD.a(safefat.o)
                0x2001e4b4                cf_remove
 .text.cf_setclusternew
                0x2001e7f8       0xf0 C:/ISIS/workspace_ycube/GlobusSatProject/..//hal/hcc/lib\libHCCD.a(safefat.o)
                0x2001e7f8                cf_setclusternew
 .text.cf_flush
                0x2001e8e8       0x58 C:/ISIS/workspace_ycube/GlobusSatProject/..//hal/hcc/lib\libHCCD.a(safefat.o)
                0x2001e8e8                cf_flush
 .text.cf_getcluster
                0x2001e940      0x1b4 C:/ISIS/workspace_ycube/GlobusSatProject/..//hal/hcc/lib\libHCCD.a(safefat.o)
                0x2001e940                cf_getcluster
 .text.cf_setnextcluster
                0x2001eaf4      0x194 C:/ISIS/workspace_ycube/GlobusSatProject/..//hal/hcc/lib\libHCCD.a(safefat.o)
                0x2001eaf4                cf_setnextcluster
 .text.cf_getpositions
                0x2001ec88       0xbc C:/ISIS/workspace_ycube/GlobusSatProject/..//hal/hcc/lib\libHCCD.a(safefat.o)
                0x2001ec88                cf_getpositions
 .text.cf_setpositions
                0x2001ed44       0xb0 C:/ISIS/workspace_ycube/GlobusSatProject/..//hal/hcc/lib\libHCCD.a(safefat.o)
                0x2001ed44                cf_setpositions
 .text.cf_opensyncafile
                0x2001edf4      0x150 C:/ISIS/workspace_ycube/GlobusSatProject/..//hal/hcc/lib\libHCCD.a(safefat.o)
                0x2001edf4                cf_opensyncafile
 .text.cf_reloadcfo
                0x2001ef44       0xd8 C:/ISIS/workspace_ycube/GlobusSatProject/..//hal/hcc/lib\libHCCD.a(safefat.o)
                0x2001ef44                cf_reloadcfo
 .text.mcipdc_cmd
                0x2001f01c      0x22c C:/ISIS/workspace_ycube/GlobusSatProject/..//hal/hcc/lib\libHCCD.a(atmel_mcipdc.o)
 .text.mcipdc_stop
                0x2001f248       0xfc C:/ISIS/workspace_ycube/GlobusSatProject/..//hal/hcc/lib\libHCCD.a(atmel_mcipdc.o)
                0x2001f248                mcipdc_stop
 .text.mcipdc_read
                0x2001f344      0x27c C:/ISIS/workspace_ycube/GlobusSatProject/..//hal/hcc/lib\libHCCD.a(atmel_mcipdc.o)
 .text.mcipdc_write
                0x2001f5c0      0x298 C:/ISIS/workspace_ycube/GlobusSatProject/..//hal/hcc/lib\libHCCD.a(atmel_mcipdc.o)
 .text.mcipdc_readsector
                0x2001f858       0x9c C:/ISIS/workspace_ycube/GlobusSatProject/..//hal/hcc/lib\libHCCD.a(atmel_mcipdc.o)
                0x2001f858                mcipdc_readsector
 .text.mcipdc_readmultiplesector
                0x2001f8f4      0x124 C:/ISIS/workspace_ycube/GlobusSatProject/..//hal/hcc/lib\libHCCD.a(atmel_mcipdc.o)
                0x2001f8f4                mcipdc_readmultiplesector
 .text.mcipdc_writesector
                0x2001fa18       0x90 C:/ISIS/workspace_ycube/GlobusSatProject/..//hal/hcc/lib\libHCCD.a(atmel_mcipdc.o)
                0x2001fa18                mcipdc_writesector
 .text.mcipdc_writemultiplesector
                0x2001faa8      0x120 C:/ISIS/workspace_ycube/GlobusSatProject/..//hal/hcc/lib\libHCCD.a(atmel_mcipdc.o)
                0x2001faa8                mcipdc_writemultiplesector
 .text.mcipdc_set_speed
                0x2001fbc8       0xb0 C:/ISIS/workspace_ycube/GlobusSatProject/..//hal/hcc/lib\libHCCD.a(atmel_mcipdc.o)
 .text.mcipdc_get_speed
                0x2001fc78       0x48 C:/ISIS/workspace_ycube/GlobusSatProject/..//hal/hcc/lib\libHCCD.a(atmel_mcipdc.o)
 .text._get_csd_bits
                0x2001fcc0      0x14c C:/ISIS/workspace_ycube/GlobusSatProject/..//hal/hcc/lib\libHCCD.a(atmel_mcipdc.o)
 .text.mcipdc_initcard
                0x2001fe0c      0x8f4 C:/ISIS/workspace_ycube/GlobusSatProject/..//hal/hcc/lib\libHCCD.a(atmel_mcipdc.o)
 .text.mcipdc_getstatus
                0x20020700       0xe8 C:/ISIS/workspace_ycube/GlobusSatProject/..//hal/hcc/lib\libHCCD.a(atmel_mcipdc.o)
 .text.mcipdc_getphy
                0x200207e8       0x90 C:/ISIS/workspace_ycube/GlobusSatProject/..//hal/hcc/lib\libHCCD.a(atmel_mcipdc.o)
 .text.mcipdc_release
                0x20020878       0x50 C:/ISIS/workspace_ycube/GlobusSatProject/..//hal/hcc/lib\libHCCD.a(atmel_mcipdc.o)
 .text.atmel_mcipdc_initfunc
                0x200208c8      0x160 C:/ISIS/workspace_ycube/GlobusSatProject/..//hal/hcc/lib\libHCCD.a(atmel_mcipdc.o)
                0x200208c8                atmel_mcipdc_initfunc
 .text.oal_mutex_create
                0x20020a28       0x54 C:/ISIS/workspace_ycube/GlobusSatProject/..//hal/hcc/lib\libHCCD.a(oalp_mutex.o)
                0x20020a28                oal_mutex_create
 .text.oal_mutex_delete
                0x20020a7c       0x30 C:/ISIS/workspace_ycube/GlobusSatProject/..//hal/hcc/lib\libHCCD.a(oalp_mutex.o)
                0x20020a7c                oal_mutex_delete
 .text.oal_mutex_get
                0x20020aac       0x58 C:/ISIS/workspace_ycube/GlobusSatProject/..//hal/hcc/lib\libHCCD.a(oalp_mutex.o)
                0x20020aac                oal_mutex_get
 .text.oal_mutex_put
                0x20020b04       0x58 C:/ISIS/workspace_ycube/GlobusSatProject/..//hal/hcc/lib\libHCCD.a(oalp_mutex.o)
                0x20020b04                oal_mutex_put
 .text.oal_task_get_id
                0x20020b5c       0x18 C:/ISIS/workspace_ycube/GlobusSatProject/..//hal/hcc/lib\libHCCD.a(oalp_task.o)
                0x20020b5c                oal_task_get_id
 .text.mcipdc_hw_init
                0x20020b74       0xe8 C:/ISIS/workspace_ycube/GlobusSatProject/..//hal/hcc/lib\libHCCD.a(atmel_mcipdc_hw.o)
                0x20020b74                mcipdc_hw_init
 .text.mcipdc_hw_delete
                0x20020c5c       0x78 C:/ISIS/workspace_ycube/GlobusSatProject/..//hal/hcc/lib\libHCCD.a(atmel_mcipdc_hw.o)
                0x20020c5c                mcipdc_hw_delete
 .text.mcipdc_hw_card_plugged
                0x20020cd4       0x1c C:/ISIS/workspace_ycube/GlobusSatProject/..//hal/hcc/lib\libHCCD.a(atmel_mcipdc_hw.o)
                0x20020cd4                mcipdc_hw_card_plugged
 .text.mcipdc_hw_card_writeprotect
                0x20020cf0       0x1c C:/ISIS/workspace_ycube/GlobusSatProject/..//hal/hcc/lib\libHCCD.a(atmel_mcipdc_hw.o)
                0x20020cf0                mcipdc_hw_card_writeprotect
 .text.psp_getcurrenttimedate
                0x20020d0c       0x8c C:/ISIS/workspace_ycube/GlobusSatProject/..//hal/hcc/lib\libHCCD.a(psp_rtc.o)
                0x20020d0c                psp_getcurrenttimedate
 .text._hcc_get_buf_dsc
                0x20020d98       0x8c C:/ISIS/workspace_ycube/GlobusSatProject/..//hal/hcc/lib\libHCCD.a(hcc_mem.o)
 .text._hcc_check_free_pages
                0x20020e24      0x18c C:/ISIS/workspace_ycube/GlobusSatProject/..//hal/hcc/lib\libHCCD.a(hcc_mem.o)
 .text._hcc_mark_pages
                0x20020fb0      0x158 C:/ISIS/workspace_ycube/GlobusSatProject/..//hal/hcc/lib\libHCCD.a(hcc_mem.o)
 .text._hcc_clear_lock_dsc
                0x20021108       0x80 C:/ISIS/workspace_ycube/GlobusSatProject/..//hal/hcc/lib\libHCCD.a(hcc_mem.o)
 .text._hcc_lock_access
                0x20021188      0x128 C:/ISIS/workspace_ycube/GlobusSatProject/..//hal/hcc/lib\libHCCD.a(hcc_mem.o)
 .text._hcc_unlock_access
                0x200212b0       0x30 C:/ISIS/workspace_ycube/GlobusSatProject/..//hal/hcc/lib\libHCCD.a(hcc_mem.o)
 .text.hcc_mem_alloc
                0x200212e0      0x454 C:/ISIS/workspace_ycube/GlobusSatProject/..//hal/hcc/lib\libHCCD.a(hcc_mem.o)
                0x200212e0                hcc_mem_alloc
 .text.hcc_mem_free
                0x20021734      0x178 C:/ISIS/workspace_ycube/GlobusSatProject/..//hal/hcc/lib\libHCCD.a(hcc_mem.o)
                0x20021734                hcc_mem_free
 .text.hcc_mem_add
                0x200218ac      0x3b0 C:/ISIS/workspace_ycube/GlobusSatProject/..//hal/hcc/lib\libHCCD.a(hcc_mem.o)
                0x200218ac                hcc_mem_add
 .text.hcc_mem_init
                0x20021c5c      0x164 C:/ISIS/workspace_ycube/GlobusSatProject/..//hal/hcc/lib\libHCCD.a(hcc_mem.o)
                0x20021c5c                hcc_mem_init
 .text._f_invalidatedir
                0x20021dc0       0x28 C:/ISIS/workspace_ycube/GlobusSatProject/..//hal/hcc/lib\libHCCD.a(fat.o)
                0x20021dc0                _f_invalidatedir
 .text._f_getdirsector
                0x20021de8       0x88 C:/ISIS/workspace_ycube/GlobusSatProject/..//hal/hcc/lib\libHCCD.a(fat.o)
                0x20021de8                _f_getdirsector
 .text._f_writedirsector
                0x20021e70       0x74 C:/ISIS/workspace_ycube/GlobusSatProject/..//hal/hcc/lib\libHCCD.a(fat.o)
                0x20021e70                _f_writedirsector
 .text._f_checknameinv
                0x20021ee4      0x180 C:/ISIS/workspace_ycube/GlobusSatProject/..//hal/hcc/lib\libHCCD.a(fat.o)
 .text._f_checkname
                0x20022064       0x7c C:/ISIS/workspace_ycube/GlobusSatProject/..//hal/hcc/lib\libHCCD.a(fat.o)
 .text._f_checknamewc
                0x200220e0       0xf8 C:/ISIS/workspace_ycube/GlobusSatProject/..//hal/hcc/lib\libHCCD.a(fat.o)
 .text._f_setnameext
                0x200221d8      0x300 C:/ISIS/workspace_ycube/GlobusSatProject/..//hal/hcc/lib\libHCCD.a(fat.o)
 .text._f_setfsname
                0x200224d8      0x584 C:/ISIS/workspace_ycube/GlobusSatProject/..//hal/hcc/lib\libHCCD.a(fat.o)
 .text._f_findfile
                0x20022a5c      0x30c C:/ISIS/workspace_ycube/GlobusSatProject/..//hal/hcc/lib\libHCCD.a(fat.o)
 .text._f_cmp_wname
                0x20022d68      0x274 C:/ISIS/workspace_ycube/GlobusSatProject/..//hal/hcc/lib\libHCCD.a(fat.o)
 .text._f_to_string
                0x20022fdc      0x130 C:/ISIS/workspace_ycube/GlobusSatProject/..//hal/hcc/lib\libHCCD.a(fat.o)
 .text._f_findfilewc
                0x2002310c      0x278 C:/ISIS/workspace_ycube/GlobusSatProject/..//hal/hcc/lib\libHCCD.a(fat.o)
 .text._f_getfilename
                0x20023384      0x20c C:/ISIS/workspace_ycube/GlobusSatProject/..//hal/hcc/lib\libHCCD.a(fat.o)
 .text._f_findpath
                0x20023590      0x35c C:/ISIS/workspace_ycube/GlobusSatProject/..//hal/hcc/lib\libHCCD.a(fat.o)
 .text.fn_getdcwd
                0x200238ec      0x1e0 C:/ISIS/workspace_ycube/GlobusSatProject/..//hal/hcc/lib\libHCCD.a(fat.o)
                0x200238ec                fn_getdcwd
 .text.fn_findfirst
                0x20023acc      0x13c C:/ISIS/workspace_ycube/GlobusSatProject/..//hal/hcc/lib\libHCCD.a(fat.o)
                0x20023acc                fn_findfirst
 .text.fn_findnext
                0x20023c08      0x360 C:/ISIS/workspace_ycube/GlobusSatProject/..//hal/hcc/lib\libHCCD.a(fat.o)
                0x20023c08                fn_findnext
 .text._f_lock_resfile
                0x20023f68       0x6c C:/ISIS/workspace_ycube/GlobusSatProject/..//hal/hcc/lib\libHCCD.a(fat.o)
 .text._f_unlock_resfile
                0x20023fd4       0x40 C:/ISIS/workspace_ycube/GlobusSatProject/..//hal/hcc/lib\libHCCD.a(fat.o)
 .text._f_getintfile
                0x20024014      0x124 C:/ISIS/workspace_ycube/GlobusSatProject/..//hal/hcc/lib\libHCCD.a(fat.o)
 .text._f_addentry
                0x20024138      0x540 C:/ISIS/workspace_ycube/GlobusSatProject/..//hal/hcc/lib\libHCCD.a(fat.o)
 .text.fn_open_sub
                0x20024678     0x1698 C:/ISIS/workspace_ycube/GlobusSatProject/..//hal/hcc/lib\libHCCD.a(fat.o)
 .text.fn_open  0x20025d10       0x44 C:/ISIS/workspace_ycube/GlobusSatProject/..//hal/hcc/lib\libHCCD.a(fat.o)
                0x20025d10                fn_open
 .text.fn_delete
                0x20025d54      0x490 C:/ISIS/workspace_ycube/GlobusSatProject/..//hal/hcc/lib\libHCCD.a(fat.o)
                0x20025d54                fn_delete
 .text.hcc_mem_buf_alloc
                0x200261e4       0xe4 C:/ISIS/workspace_ycube/GlobusSatProject/..//hal/hcc/lib\libHCCD.a(psp_hcc_mem.o)
                0x200261e4                hcc_mem_buf_alloc
 .text.makeAntStransfer
                0x200262c8       0x4c C:/ISIS/workspace_ycube/satellite-subsystems/satellite-subsystems/lib\libSatelliteSubsystemsD.a(IsisAntS.o)
 .text.checkInputsValid
                0x20026314       0x7c C:/ISIS/workspace_ycube/satellite-subsystems/satellite-subsystems/lib\libSatelliteSubsystemsD.a(IsisAntS.o)
 .text.IsisAntS_initialize
                0x20026390      0x26c C:/ISIS/workspace_ycube/satellite-subsystems/satellite-subsystems/lib\libSatelliteSubsystemsD.a(IsisAntS.o)
                0x20026390                IsisAntS_initialize
 .text.IsisAntS_setArmStatus
                0x200265fc      0x104 C:/ISIS/workspace_ycube/satellite-subsystems/satellite-subsystems/lib\libSatelliteSubsystemsD.a(IsisAntS.o)
                0x200265fc                IsisAntS_setArmStatus
 .text.IsisAntS_getStatusData
                0x20026700      0x120 C:/ISIS/workspace_ycube/satellite-subsystems/satellite-subsystems/lib\libSatelliteSubsystemsD.a(IsisAntS.o)
                0x20026700                IsisAntS_getStatusData
 .text.IsisAntS_getUptime
                0x20026820      0x120 C:/ISIS/workspace_ycube/satellite-subsystems/satellite-subsystems/lib\libSatelliteSubsystemsD.a(IsisAntS.o)
                0x20026820                IsisAntS_getUptime
 .text.IsisAntS_getAlltelemetry
                0x20026940      0x120 C:/ISIS/workspace_ycube/satellite-subsystems/satellite-subsystems/lib\libSatelliteSubsystemsD.a(IsisAntS.o)
                0x20026940                IsisAntS_getAlltelemetry
 .text.IsisAntS_reset
                0x20026a60      0x104 C:/ISIS/workspace_ycube/satellite-subsystems/satellite-subsystems/lib\libSatelliteSubsystemsD.a(IsisAntS.o)
                0x20026a60                IsisAntS_reset
 .text.IsisAntS_cancelDeployment
                0x20026b64      0x104 C:/ISIS/workspace_ycube/satellite-subsystems/satellite-subsystems/lib\libSatelliteSubsystemsD.a(IsisAntS.o)
                0x20026b64                IsisAntS_cancelDeployment
 .text.IsisAntS_autoDeployment
                0x20026c68      0x114 C:/ISIS/workspace_ycube/satellite-subsystems/satellite-subsystems/lib\libSatelliteSubsystemsD.a(IsisAntS.o)
                0x20026c68                IsisAntS_autoDeployment
 .text.IsisSolarPanelv2_initialize
                0x20026d7c       0xb4 C:/ISIS/workspace_ycube/satellite-subsystems/satellite-subsystems/lib\libSatelliteSubsystemsD.a(IsisSolarPanelv2.o)
                0x20026d7c                IsisSolarPanelv2_initialize
 .text.IsisSolarPanelv2_getTemperature
                0x20026e30       0xc8 C:/ISIS/workspace_ycube/satellite-subsystems/satellite-subsystems/lib\libSatelliteSubsystemsD.a(IsisSolarPanelv2.o)
                0x20026e30                IsisSolarPanelv2_getTemperature
 .text.IsisSolarPanelv2_getState
                0x20026ef8       0x24 C:/ISIS/workspace_ycube/satellite-subsystems/satellite-subsystems/lib\libSatelliteSubsystemsD.a(IsisSolarPanelv2.o)
                0x20026ef8                IsisSolarPanelv2_getState
 .text._Reset   0x20026f1c       0x20 C:/ISIS/workspace_ycube/satellite-subsystems/satellite-subsystems/lib\libSatelliteSubsystemsD.a(IsisSolarPanelv2.o)
 .text._WaitForStartup
                0x20026f3c       0x90 C:/ISIS/workspace_ycube/satellite-subsystems/satellite-subsystems/lib\libSatelliteSubsystemsD.a(IsisSolarPanelv2.o)
 .text._AssignAllChannels
                0x20026fcc       0x90 C:/ISIS/workspace_ycube/satellite-subsystems/satellite-subsystems/lib\libSatelliteSubsystemsD.a(IsisSolarPanelv2.o)
 .text._AssignThisChannel
                0x2002705c       0xe8 C:/ISIS/workspace_ycube/satellite-subsystems/satellite-subsystems/lib\libSatelliteSubsystemsD.a(IsisSolarPanelv2.o)
 .text._InitiateConversion
                0x20027144       0xac C:/ISIS/workspace_ycube/satellite-subsystems/satellite-subsystems/lib\libSatelliteSubsystemsD.a(IsisSolarPanelv2.o)
 .text._WaitForConversionComplete
                0x200271f0      0x100 C:/ISIS/workspace_ycube/satellite-subsystems/satellite-subsystems/lib\libSatelliteSubsystemsD.a(IsisSolarPanelv2.o)
 .text._ReadResult
                0x200272f0      0x158 C:/ISIS/workspace_ycube/satellite-subsystems/satellite-subsystems/lib\libSatelliteSubsystemsD.a(IsisSolarPanelv2.o)
 .text._ExtractByte
                0x20027448       0x38 C:/ISIS/workspace_ycube/satellite-subsystems/satellite-subsystems/lib\libSatelliteSubsystemsD.a(IsisSolarPanelv2.o)
 .text._ExtendSign
                0x20027480       0x6c C:/ISIS/workspace_ycube/satellite-subsystems/satellite-subsystems/lib\libSatelliteSubsystemsD.a(IsisSolarPanelv2.o)
 .text._PinsInit
                0x200274ec       0x50 C:/ISIS/workspace_ycube/satellite-subsystems/satellite-subsystems/lib\libSatelliteSubsystemsD.a(IsisSolarPanelv2.o)
 .text._SpiWriteRead
                0x2002753c       0x70 C:/ISIS/workspace_ycube/satellite-subsystems/satellite-subsystems/lib\libSatelliteSubsystemsD.a(IsisSolarPanelv2.o)
 .text.IsisTrxvu_initialize
                0x200275ac      0x2f4 C:/ISIS/workspace_ycube/satellite-subsystems/satellite-subsystems/lib\libSatelliteSubsystemsD.a(IsisTRXVU.o)
                0x200275ac                IsisTrxvu_initialize
 .text.makeTRXVUtransfer
                0x200278a0       0x44 C:/ISIS/workspace_ycube/satellite-subsystems/satellite-subsystems/lib\libSatelliteSubsystemsD.a(IsisTRXVU.o)
 .text.IsisTrxvu_componentSoftReset
                0x200278e4       0x6c C:/ISIS/workspace_ycube/satellite-subsystems/satellite-subsystems/lib\libSatelliteSubsystemsD.a(IsisTRXVU.o)
                0x200278e4                IsisTrxvu_componentSoftReset
 .text.IsisTrxvu_componentHardReset
                0x20027950       0xc8 C:/ISIS/workspace_ycube/satellite-subsystems/satellite-subsystems/lib\libSatelliteSubsystemsD.a(IsisTRXVU.o)
                0x20027950                IsisTrxvu_componentHardReset
 .text.IsisTrxvu_softReset
                0x20027a18       0x74 C:/ISIS/workspace_ycube/satellite-subsystems/satellite-subsystems/lib\libSatelliteSubsystemsD.a(IsisTRXVU.o)
                0x20027a18                IsisTrxvu_softReset
 .text.IsisTrxvu_hardReset
                0x20027a8c       0x74 C:/ISIS/workspace_ycube/satellite-subsystems/satellite-subsystems/lib\libSatelliteSubsystemsD.a(IsisTRXVU.o)
                0x20027a8c                IsisTrxvu_hardReset
 .text.IsisTrxvu_tcSendAX25DefClSign
                0x20027b00       0xec C:/ISIS/workspace_ycube/satellite-subsystems/satellite-subsystems/lib\libSatelliteSubsystemsD.a(IsisTRXVU.o)
                0x20027b00                IsisTrxvu_tcSendAX25DefClSign
 .text.IsisTrxvu_tcSetIdlestate
                0x20027bec       0xa4 C:/ISIS/workspace_ycube/satellite-subsystems/satellite-subsystems/lib\libSatelliteSubsystemsD.a(IsisTRXVU.o)
                0x20027bec                IsisTrxvu_tcSetIdlestate
 .text.IsisTrxvu_tcSetAx25Bitrate
                0x20027c90       0xc4 C:/ISIS/workspace_ycube/satellite-subsystems/satellite-subsystems/lib\libSatelliteSubsystemsD.a(IsisTRXVU.o)
                0x20027c90                IsisTrxvu_tcSetAx25Bitrate
 .text.IsisTrxvu_tcGetUptime
                0x20027d54       0xa0 C:/ISIS/workspace_ycube/satellite-subsystems/satellite-subsystems/lib\libSatelliteSubsystemsD.a(IsisTRXVU.o)
                0x20027d54                IsisTrxvu_tcGetUptime
 .text.IsisTrxvu_tcGetState
                0x20027df4       0xd0 C:/ISIS/workspace_ycube/satellite-subsystems/satellite-subsystems/lib\libSatelliteSubsystemsD.a(IsisTRXVU.o)
                0x20027df4                IsisTrxvu_tcGetState
 .text.IsisTrxvu_tcGetTelemetryAll
                0x20027ec4       0xd0 C:/ISIS/workspace_ycube/satellite-subsystems/satellite-subsystems/lib\libSatelliteSubsystemsD.a(IsisTRXVU.o)
                0x20027ec4                IsisTrxvu_tcGetTelemetryAll
 .text.IsisTrxvu_rcGetFrameCount
                0x20027f94       0xa0 C:/ISIS/workspace_ycube/satellite-subsystems/satellite-subsystems/lib\libSatelliteSubsystemsD.a(IsisTRXVU.o)
                0x20027f94                IsisTrxvu_rcGetFrameCount
 .text.IsisTrxvu_rcGetCommandFrame
                0x20028034      0x2d8 C:/ISIS/workspace_ycube/satellite-subsystems/satellite-subsystems/lib\libSatelliteSubsystemsD.a(IsisTRXVU.o)
                0x20028034                IsisTrxvu_rcGetCommandFrame
 .text.IsisTrxvu_rcGetTelemetryAll
                0x2002830c       0xd0 C:/ISIS/workspace_ycube/satellite-subsystems/satellite-subsystems/lib\libSatelliteSubsystemsD.a(IsisTRXVU.o)
                0x2002830c                IsisTrxvu_rcGetTelemetryAll
 .text.IsisTrxvu_rcGetUptime
                0x200283dc       0xa0 C:/ISIS/workspace_ycube/satellite-subsystems/satellite-subsystems/lib\libSatelliteSubsystemsD.a(IsisTRXVU.o)
                0x200283dc                IsisTrxvu_rcGetUptime
 .text.ISIS_EPS_Init
                0x2002847c       0xc8 C:/ISIS/workspace_ycube/satellite-subsystems/satellite-subsystems/lib\libSatelliteSubsystemsD.a(isis_eps_driver.o)
                0x2002847c                ISIS_EPS_Init
 .text.isis_eps__reset__tmtc
                0x20028544       0xe8 C:/ISIS/workspace_ycube/satellite-subsystems/satellite-subsystems/lib\libSatelliteSubsystemsD.a(isis_eps_driver.o)
                0x20028544                isis_eps__reset__tmtc
 .text.isis_eps__watchdog__tm
                0x2002862c       0xac C:/ISIS/workspace_ycube/satellite-subsystems/satellite-subsystems/lib\libSatelliteSubsystemsD.a(isis_eps_driver.o)
                0x2002862c                isis_eps__watchdog__tm
 .text.isis_eps__gethousekeepingraw__tm
                0x200286d8       0xac C:/ISIS/workspace_ycube/satellite-subsystems/satellite-subsystems/lib\libSatelliteSubsystemsD.a(isis_eps_driver.o)
                0x200286d8                isis_eps__gethousekeepingraw__tm
 .text.isis_eps__gethousekeepingrawincdb__tm
                0x20028784       0xac C:/ISIS/workspace_ycube/satellite-subsystems/satellite-subsystems/lib\libSatelliteSubsystemsD.a(isis_eps_driver.o)
                0x20028784                isis_eps__gethousekeepingrawincdb__tm
 .text.isis_eps__gethousekeepingeng__tm
                0x20028830       0xac C:/ISIS/workspace_ycube/satellite-subsystems/satellite-subsystems/lib\libSatelliteSubsystemsD.a(isis_eps_driver.o)
                0x20028830                isis_eps__gethousekeepingeng__tm
 .text.isis_eps__gethousekeepingengincdb__tm
                0x200288dc       0xac C:/ISIS/workspace_ycube/satellite-subsystems/satellite-subsystems/lib\libSatelliteSubsystemsD.a(isis_eps_driver.o)
                0x200288dc                isis_eps__gethousekeepingengincdb__tm
 .text._I2C_Send
                0x20028988       0x78 C:/ISIS/workspace_ycube/satellite-subsystems/satellite-subsystems/lib\libSatelliteSubsystemsD.a(isis_eps_driver.o)
 .text.makeTRXCommonTransfer
                0x20028a00       0x34 C:/ISIS/workspace_ycube/satellite-subsystems/satellite-subsystems/lib\libSatelliteSubsystemsD.a(IsisTRXCommon.o)
 .text.IsisTrxCommon_componentReset
                0x20028a34       0x68 C:/ISIS/workspace_ycube/satellite-subsystems/satellite-subsystems/lib\libSatelliteSubsystemsD.a(IsisTRXCommon.o)
                0x20028a34                IsisTrxCommon_componentReset
 .text.IsisTrxCommon_TxSendAX25DefClSign