Archive member included because of file (symbol)

C:/ISIS/workspace_ycube/GlobusSatProject/..//hal/hal/lib\libHALD.a(SPI.o)
                              ./src/InitSystem.o (SPI_start)
C:/ISIS/workspace_ycube/GlobusSatProject/..//hal/hal/lib\libHALD.a(I2C.o)
                              ./src/SubSystemModules/Payload/payload_drivers.o (I2C_write)
C:/ISIS/workspace_ycube/GlobusSatProject/..//hal/hal/lib\libHALD.a(ADC.o)
                              ./src/SubSystemModules/Housekepping/TelemetryCollector.o (ADC_ConvertRaw10bitToMillivolt)
C:/ISIS/workspace_ycube/GlobusSatProject/..//hal/hal/lib\libHALD.a(FRAM.o)
                              ./src/SubSystemModules/Communication/SubsystemCommands/Maintanence_Commands.o (FRAM_start)
C:/ISIS/workspace_ycube/GlobusSatProject/..//hal/hal/lib\libHALD.a(Time.o)
                              ./src/InitSystem.o (Time_start)
C:/ISIS/workspace_ycube/GlobusSatProject/..//hal/hal/lib\libHALD.a(WatchDogTimerNoOS.o)
                              ./src/main.o (WDT_start)
C:/ISIS/workspace_ycube/GlobusSatProject/..//hal/hal/lib\libHALD.a(RTT.o)
                              C:/ISIS/workspace_ycube/GlobusSatProject/..//hal/hal/lib\libHALD.a(Time.o) (RTT_start)
C:/ISIS/workspace_ycube/GlobusSatProject/..//hal/hal/lib\libHALD.a(RTC.o)
                              C:/ISIS/workspace_ycube/GlobusSatProject/..//hal/hal/lib\libHALD.a(Time.o) (RTC_getTime)
C:/ISIS/workspace_ycube/GlobusSatProject/..//hal/hal/lib\libHALD.a(WatchDogTimerOS.o)
                              ./src/TestingDemos/MainTest.o (WDT_startWatchdogKickTask)
C:/ISIS/workspace_ycube/GlobusSatProject/..//hal/hal/lib\libHALD.a(fprintf.o)
                              ./src/TLM_management.o (f_puts)
C:/ISIS/workspace_ycube/GlobusSatProject/..//hal/hal/lib\libHALD.a(util.o)
                              ./src/TestingDemos/CommandsTestingDemo.o (UTIL_DbguGetIntegerMinMax)
C:/ISIS/workspace_ycube/GlobusSatProject/..//hal/hal/lib\libHALD.a(LED.o)
                              C:/ISIS/workspace_ycube/GlobusSatProject/..//hal/hal/lib\libHALD.a(WatchDogTimerOS.o) (LED_toggle)
C:/ISIS/workspace_ycube/GlobusSatProject/..//hal/hcc/lib\libHCCD.a(fat_m.o)
                              ./src/TLM_management.o (fm_initvolume)
C:/ISIS/workspace_ycube/GlobusSatProject/..//hal/hcc/lib\libHCCD.a(fat.o)
                              C:/ISIS/workspace_ycube/GlobusSatProject/..//hal/hcc/lib\libHCCD.a(fat_m.o) (fn_getdcwd)
C:/ISIS/workspace_ycube/GlobusSatProject/..//hal/hcc/lib\libHCCD.a(fat_common.o)
                              C:/ISIS/workspace_ycube/GlobusSatProject/..//hal/hcc/lib\libHCCD.a(fat.o) (p_filesystem)
C:/ISIS/workspace_ycube/GlobusSatProject/..//hal/hcc/lib\libHCCD.a(safefat.o)
                              C:/ISIS/workspace_ycube/GlobusSatProject/..//hal/hcc/lib\libHCCD.a(fat.o) (s_subdir)
C:/ISIS/workspace_ycube/GlobusSatProject/..//hal/hcc/lib\libHCCD.a(atmel_mcipdc.o)
                              ./src/TLM_management.o (atmel_mcipdc_initfunc)
C:/ISIS/workspace_ycube/GlobusSatProject/..//hal/hcc/lib\libHCCD.a(oalp_task.o)
                              C:/ISIS/workspace_ycube/GlobusSatProject/..//hal/hcc/lib\libHCCD.a(fat_common.o) (oal_task_get_id)
C:/ISIS/workspace_ycube/GlobusSatProject/..//hal/hcc/lib\libHCCD.a(oalp_mutex.o)
                              C:/ISIS/workspace_ycube/GlobusSatProject/..//hal/hcc/lib\libHCCD.a(fat_common.o) (oal_mutex_create)
C:/ISIS/workspace_ycube/GlobusSatProject/..//hal/hcc/lib\libHCCD.a(atmel_mcipdc_hw.o)
                              C:/ISIS/workspace_ycube/GlobusSatProject/..//hal/hcc/lib\libHCCD.a(atmel_mcipdc.o) (mcipdc_hw_init)
C:/ISIS/workspace_ycube/GlobusSatProject/..//hal/hcc/lib\libHCCD.a(psp_rand.o)
                              C:/ISIS/workspace_ycube/GlobusSatProject/..//hal/hcc/lib\libHCCD.a(fat_common.o) (psp_getrand)
C:/ISIS/workspace_ycube/GlobusSatProject/..//hal/hcc/lib\libHCCD.a(psp_rtc.o)
                              C:/ISIS/workspace_ycube/GlobusSatProject/..//hal/hcc/lib\libHCCD.a(fat_common.o) (psp_getcurrenttimedate)
C:/ISIS/workspace_ycube/GlobusSatProject/..//hal/hcc/lib\libHCCD.a(hcc_mem.o)
                              C:/ISIS/workspace_ycube/GlobusSatProject/..//hal/hcc/lib\libHCCD.a(atmel_mcipdc.o) (hcc_mem_alloc)
C:/ISIS/workspace_ycube/GlobusSatProject/..//hal/hcc/lib\libHCCD.a(psp_hcc_mem.o)
                              C:/ISIS/workspace_ycube/GlobusSatProject/..//hal/hcc/lib\libHCCD.a(hcc_mem.o) (hcc_mem_buf_alloc)
C:/ISIS/workspace_ycube/GlobusSatProject/..//satellite-subsystems/satellite-subsystems/lib\libSatelliteSubsystemsD.a(IsisSolarPanelv2.o)
                              ./src/SubSystemModules/PowerManagment/EPS.o (IsisSolarPanelv2_initialize)
C:/ISIS/workspace_ycube/GlobusSatProject/..//satellite-subsystems/satellite-subsystems/lib\libSatelliteSubsystemsD.a(isis_ants_rev2.o)
                              ./src/SubSystemModules/Communication/TRXVU.o (ISIS_ANTS_REV2_Init)
[...]
Memory Configuration

Name             Origin             Length             Attributes
sram0            0x00200000         0x00004000         w !xr
sram1            0x00300000         0x00004000         w !xr
sdram            0x20000000         0x02000000         w !xr
*default*        0x00000000         0xffffffff

Linker script and memory map

LOAD c:/isis/application/toolchain/bin/../lib/gcc/arm-none-eabi/4.7.4/../../../../arm-none-eabi/lib\libc.a
LOAD ./src/TestingDemos/CommandsTestingDemo.o
LOAD ./src/TestingDemos/EpsTestingDemo.o
LOAD ./src/TestingDemos/FileSystemTestingDemo.o
LOAD ./src/TestingDemos/MainTest.o
LOAD ./src/TestingDemos/MaintenanceTestingDemo.o
LOAD ./src/TestingDemos/TelemetryTestingDemo.o
LOAD ./src/TestingDemos/TrxvuTestingDemo.o
LOAD ./src/SubSystemModules/PowerManagment/EPS.o
LOAD ./src/SubSystemModules/PowerManagment/EPSOperationModes.o
LOAD ./src/SubSystemModules/Payload/payload_drivers.o
LOAD ./src/SubSystemModules/Maintenance/Maintenance.o
LOAD ./src/SubSystemModules/Housekepping/RAMTelemetry.o
LOAD ./src/SubSystemModules/Housekepping/TelemetryCollector.o
LOAD ./src/SubSystemModules/Communication/SubsystemCommands/EPS_Commands.o
LOAD ./src/SubSystemModules/Communication/SubsystemCommands/FS_Commands.o
LOAD ./src/SubSystemModules/Communication/SubsystemCommands/Maintanence_Commands.o
LOAD ./src/SubSystemModules/Communication/SubsystemCommands/TRXVU_Commands.o
LOAD ./src/SubSystemModules/Communication/AckHandler.o
LOAD ./src/SubSystemModules/Communication/CommandDictionary.o
LOAD ./src/SubSystemModules/Communication/HashSecuredCMD.o
LOAD ./src/SubSystemModules/Communication/SatCommandHandler.o
LOAD ./src/SubSystemModules/Communication/TRXVU.o
LOAD ./src/InitSystem.o
LOAD ./src/TLM_management.o
LOAD ./src/main.o
LOAD ./src/utils.o
LOAD C:/ISIS/workspace_ycube/GlobusSatProject/..//hal/hal/lib\libHALD.a
LOAD C:/ISIS/workspace_ycube/GlobusSatProject/..//hal/hcc/lib\libHCCD.a
LOAD C:/ISIS/workspace_ycube/GlobusSatProject/..//satellite-subsystems/satellite-subsystems/lib\libSatelliteSubsystemsD.a
LOAD C:/ISIS/workspace_ycube/GlobusSatProject/..//hal/freertos/lib\libFreeRTOSD.a
LOAD C:/ISIS/workspace_ycube/GlobusSatProject/..//hal/at91/lib\libAt91D.a
START GROUP
LOAD c:/isis/application/toolchain/bin/../lib/gcc/arm-none-eabi/4.7.4\libgcc.a
LOAD c:/isis/application/toolchain/bin/../lib/gcc/arm-none-eabi/4.7.4/../../../../arm-none-eabi/lib\libg.a
LOAD c:/isis/application/toolchain/bin/../lib/gcc/arm-none-eabi/4.7.4/../../../../arm-none-eabi/lib\libc.a
END GROUP

.fixed          0x20000000    0x40420
                0x20000000                . = ALIGN (0x4)
                0x20000000                _sfixed = .
 *(.startup)
 .startup       0x20000000      0x184 C:/ISIS/workspace_ycube/GlobusSatProject/..//hal/at91/lib\libAt91D.a(board_cstartup.o)
                0x20000000                entry
 *(.text)
 .text          0x20000184       0x64 C:/ISIS/workspace_ycube/GlobusSatProject/..//hal/at91/lib\libAt91D.a(cp15_asm.o)
                0x20000184                _readControlRegister
                0x20000190                _writeControlRegister
                0x20000198                _waitForInterrupt
                0x200001a4                _writeTTB
                0x200001ac                _writeDomain
                0x200001b4                _writeITLBLockdown
                0x200001bc                _prefetchICacheLine
                0x200001c4                _flushDCache
                0x200001d0                _flushWriteBuffer
                0x200001dc                _invalidateIDTLBs
 .text          0x200001e8      0x114 c:/isis/application/toolchain/bin/../lib/gcc/arm-none-eabi/4.7.4\libgcc.a(_udivsi3.o)
                0x200001e8                __aeabi_uidiv
                0x200001e8                __udivsi3
                0x200002dc                __aeabi_uidivmod
 .text          0x200002fc      0x148 c:/isis/application/toolchain/bin/../lib/gcc/arm-none-eabi/4.7.4\libgcc.a(_divsi3.o)
                0x200002fc                __divsi3
                0x200002fc                __aeabi_idiv
                0x20000424                __aeabi_idivmod
 .text          0x20000444        0x4 c:/isis/application/toolchain/bin/../lib/gcc/arm-none-eabi/4.7.4\libgcc.a(_dvmd_tls.o)
                0x20000444                __aeabi_idiv0
                0x20000444                __aeabi_ldiv0
 .text          0x20000448      0x41c c:/isis/application/toolchain/bin/../lib/gcc/arm-none-eabi/4.7.4\libgcc.a(_arm_addsubdf3.o)
                0x20000448                __aeabi_drsub
                0x20000450                __aeabi_dsub
                0x20000450                __subdf3
                0x20000454                __aeabi_dadd
                0x20000454                __adddf3
                0x20000764                __floatunsidf
                0x20000764                __aeabi_ui2d
                0x20000788                __floatsidf
                0x20000788                __aeabi_i2d
                0x200007b0                __aeabi_f2d
                0x200007b0                __extendsfdf2
                0x200007f0                __floatundidf
                0x200007f0                __aeabi_ul2d
                0x20000804                __floatdidf
                0x20000804                __aeabi_l2d
 .text          0x20000864      0x49c c:/isis/application/toolchain/bin/../lib/gcc/arm-none-eabi/4.7.4\libgcc.a(_arm_muldivdf3.o)
                0x20000864                __aeabi_dmul
                0x20000864                __muldf3
                0x20000af4                __divdf3
                0x20000af4                __aeabi_ddiv
 .text          0x20000d00      0x2ac c:/isis/application/toolchain/bin/../lib/gcc/arm-none-eabi/4.7.4\libgcc.a(_arm_addsubsf3.o)
                0x20000d00                __aeabi_frsub
                0x20000d08                __subsf3
                0x20000d08                __aeabi_fsub
                0x20000d0c                __aeabi_fadd
                0x20000d0c                __addsf3
                0x20000ec8                __aeabi_ui2f
                0x20000ec8                __floatunsisf
                0x20000ed0                __aeabi_i2f
                0x20000ed0                __floatsisf
                0x20000ef0                __aeabi_ul2f
                0x20000ef0                __floatundisf
                0x20000f00                __aeabi_l2f
                0x20000f00                __floatdisf
 .text          0x20000fac      0x2f8 c:/isis/application/toolchain/bin/../lib/gcc/arm-none-eabi/4.7.4\libgcc.a(_arm_muldivsf3.o)
                0x20000fac                __mulsf3
                0x20000fac                __aeabi_fmul
                0x20001144                __aeabi_fdiv
                0x20001144                __divsf3
 .text          0x200012a4      0x114 c:/isis/application/toolchain/bin/../lib/gcc/arm-none-eabi/4.7.4\libgcc.a(_arm_cmpsf2.o)
                0x200012a4                __gesf2
                0x200012a4                __gtsf2
                0x200012ac                __lesf2
                0x200012ac                __ltsf2
                0x200012b4                __nesf2
                0x200012b4                __eqsf2
                0x200012b4                __cmpsf2
                0x20001318                __aeabi_cfrcmple
                0x20001328                __aeabi_cfcmpeq
                0x20001328                __aeabi_cfcmple
                0x20001340                __aeabi_fcmpeq
                0x20001358                __aeabi_fcmplt
                0x20001370                __aeabi_fcmple
                0x20001388                __aeabi_fcmpge
                0x200013a0                __aeabi_fcmpgt
 .text          0x200013b8       0x54 c:/isis/application/toolchain/bin/../lib/gcc/arm-none-eabi/4.7.4\libgcc.a(_arm_fixunssfsi.o)
                0x200013b8                __fixunssfsi
                0x200013b8                __aeabi_f2uiz
 .text          0x2000140c      0x144 c:/isis/application/toolchain/bin/../lib/gcc/arm-none-eabi/4.7.4\libgcc.a(_arm_cmpdf2.o)
                0x2000140c                __gtdf2
                0x2000140c                __gedf2
                0x20001414                __ltdf2
                0x20001414                __ledf2
                0x2000141c                __nedf2
                0x2000141c                __eqdf2
                0x2000141c                __cmpdf2
                0x200014a4                __aeabi_cdrcmple
                0x200014c0                __aeabi_cdcmpeq
                0x200014c0                __aeabi_cdcmple
                0x200014d8                __aeabi_dcmpeq
                0x200014f0                __aeabi_dcmplt
                0x20001508                __aeabi_dcmple
                0x20001520                __aeabi_dcmpge
                0x20001538                __aeabi_dcmpgt
 .text          0x20001550       0x5c c:/isis/application/toolchain/bin/../lib/gcc/arm-none-eabi/4.7.4\libgcc.a(_arm_fixdfsi.o)
                0x20001550                __aeabi_d2iz
                0x20001550                __fixdfsi
 .text          0x200015ac       0x3c c:/isis/application/toolchain/bin/../lib/gcc/arm-none-eabi/4.7.4\libgcc.a(_aeabi_uldivmod.o)
                0x200015ac                __aeabi_uldivmod
 .text          0x200015e8       0x84 c:/isis/application/toolchain/bin/../lib/gcc/arm-none-eabi/4.7.4\libgcc.a(bpabi.o)
                0x200015e8                __gnu_ldivmod_helper
                0x2000162c                __gnu_uldivmod_helper
 .text          0x2000166c      0x4f0 c:/isis/application/toolchain/bin/../lib/gcc/arm-none-eabi/4.7.4\libgcc.a(_divdi3.o)
                0x2000166c                __divdi3
 .text          0x20001b5c      0x488 c:/isis/application/toolchain/bin/../lib/gcc/arm-none-eabi/4.7.4\libgcc.a(_udivdi3.o)
                0x20001b5c                __udivdi3
 .text          0x20001fe4       0x48 c:/isis/application/toolchain/bin/../lib/gcc/arm-none-eabi/4.7.4\libgcc.a(_clzsi2.o)
                0x20001fe4                __clzsi2
 *(.text*)
 .text.GetBatteryVoltage
                0x2000202c       0x44 ./src/SubSystemModules/PowerManagment/EPS.o
                0x2000202c                GetBatteryVoltage
 .text.EPS_Init
                0x20002070      0x124 ./src/SubSystemModules/PowerManagment/EPS.o
                0x20002070                EPS_Init
 .text.EPS_Conditioning
                0x20002194      0x1c4 ./src/SubSystemModules/PowerManagment/EPS.o
                0x20002194                EPS_Conditioning
 .text.UpdateAlpha
                0x20002358       0xd8 ./src/SubSystemModules/PowerManagment/EPS.o
                0x20002358                UpdateAlpha
 .text.GetThresholdVoltages
                0x20002430       0x80 ./src/SubSystemModules/PowerManagment/EPS.o
                0x20002430                GetThresholdVoltages
 .text.GetAlpha
                0x200024b0       0x7c ./src/SubSystemModules/PowerManagment/EPS.o
                0x200024b0                GetAlpha
 .text.CMDGetHeaterValues
                0x2000252c      0x1f8 ./src/SubSystemModules/PowerManagment/EPS.o
                0x2000252c                CMDGetHeaterValues
 .text.CMDSetHeaterValues
                0x20002724      0x204 ./src/SubSystemModules/PowerManagment/EPS.o
                0x20002724                CMDSetHeaterValues
 .text.EnterFullMode
                0x20002928       0x3c ./src/SubSystemModules/PowerManagment/EPSOperationModes.o
                0x20002928                EnterFullMode
 .text.EnterCruiseMode
                0x20002964       0x48 ./src/SubSystemModules/PowerManagment/EPSOperationModes.o
                0x20002964                EnterCruiseMode
 .text.EnterSafeMode
                0x200029ac       0x4c ./src/SubSystemModules/PowerManagment/EPSOperationModes.o
                0x200029ac                EnterSafeMode
 .text.EnterCriticalMode
                0x200029f8       0x4c ./src/SubSystemModules/PowerManagment/EPSOperationModes.o
                0x200029f8                EnterCriticalMode
 .text.PayloadOperations
                0x20002a44      0x164 ./src/SubSystemModules/PowerManagment/EPSOperationModes.o
                0x20002a44                PayloadOperations
 .text.Payload_Safety
                0x20002ba8       0xb0 ./src/SubSystemModules/PowerManagment/EPSOperationModes.o
                0x20002ba8                Payload_Safety
 .text.Payload_Safety_IN_Maintenance
                0x20002c58       0x58 ./src/SubSystemModules/PowerManagment/EPSOperationModes.o
                0x20002c58                Payload_Safety_IN_Maintenance
 .text.DoesPayloadChannelOn
                0x20002cb0       0xa4 ./src/SubSystemModules/PowerManagment/EPSOperationModes.o
                0x20002cb0                DoesPayloadChannelOn
 .text.EpsGetLowVoltageFlag
                0x20002d54       0x24 ./src/SubSystemModules/PowerManagment/EPSOperationModes.o
                0x20002d54                EpsGetLowVoltageFlag
 .text.EpsSetLowVoltageFlag
                0x20002d78       0x2c ./src/SubSystemModules/PowerManagment/EPSOperationModes.o
                0x20002d78                EpsSetLowVoltageFlag
 .text.payloadRead
                0x20002da4       0xbc ./src/SubSystemModules/Payload/payload_drivers.o
                0x20002da4                payloadRead
 .text.payloadSendCommand
                0x20002e60       0x70 ./src/SubSystemModules/Payload/payload_drivers.o
                0x20002e60                payloadSendCommand
 .text.payloadReadEnvironment
                0x20002ed0      0x2d0 ./src/SubSystemModules/Payload/payload_drivers.o
                0x20002ed0                payloadReadEnvironment
 .text.payloadReadEvents
                0x200031a0      0x1e8 ./src/SubSystemModules/Payload/payload_drivers.o
                0x200031a0                payloadReadEvents
 .text.CheckExecutionTime
                0x20003388       0x80 ./src/SubSystemModules/Maintenance/Maintenance.o
                0x20003388                CheckExecutionTime
 .text.SaveSatTimeInFRAM
                0x20003408       0x44 ./src/SubSystemModules/Maintenance/Maintenance.o
                0x20003408                SaveSatTimeInFRAM
 .text.WakeupFromResetCMD
                0x2000344c      0x120 ./src/SubSystemModules/Maintenance/Maintenance.o
                0x2000344c                WakeupFromResetCMD
 .text.ResetGroundCommWDT
                0x2000356c       0x1c ./src/SubSystemModules/Maintenance/Maintenance.o
                0x2000356c                ResetGroundCommWDT
 .text.IsGroundCommunicationWDTKick
                0x20003588       0x78 ./src/SubSystemModules/Maintenance/Maintenance.o
                0x20003588                IsGroundCommunicationWDTKick
 .text.GetGsWdtKickTime
                0x20003600       0x38 ./src/SubSystemModules/Maintenance/Maintenance.o
                0x20003600                GetGsWdtKickTime
 .text.findMinMaxDate
                0x20003638       0xdc ./src/SubSystemModules/Maintenance/Maintenance.o
                0x20003638                findMinMaxDate
 .text.DeleteOldFiels
                0x20003714       0xf0 ./src/SubSystemModules/Maintenance/Maintenance.o
                0x20003714                DeleteOldFiels
 .text.CheckDeployAnt
                0x20003804       0x84 ./src/SubSystemModules/Maintenance/Maintenance.o
                0x20003804                CheckDeployAnt
 .text.HardResetMCU
                0x20003888       0x3c ./src/SubSystemModules/Maintenance/Maintenance.o
                0x20003888                HardResetMCU
 .text.Maintenance
                0x200038c4       0xa8 ./src/SubSystemModules/Maintenance/Maintenance.o
                0x200038c4                Maintenance
 .text.ResetRamTlm
                0x2000396c       0xdc ./src/SubSystemModules/Housekepping/RAMTelemetry.o
                0x2000396c                ResetRamTlm
 .text.inc      0x20003a48       0x4c ./src/SubSystemModules/Housekepping/RAMTelemetry.o
                0x20003a48                inc
 .text.dec      0x20003a94       0x48 ./src/SubSystemModules/Housekepping/RAMTelemetry.o
                0x20003a94                dec
 .text.saveTlmToRam
                0x20003adc      0x27c ./src/SubSystemModules/Housekepping/RAMTelemetry.o
                0x20003adc                saveTlmToRam
 .text.getTlm   0x20003d58      0x350 ./src/SubSystemModules/Housekepping/RAMTelemetry.o
                0x20003d58                getTlm
 .text.getRange
                0x200040a8      0x1dc ./src/SubSystemModules/Housekepping/RAMTelemetry.o
                0x200040a8                getRange
 .text.InitSavePeriodTimes
                0x20004284       0xa4 ./src/SubSystemModules/Housekepping/TelemetryCollector.o
                0x20004284                InitSavePeriodTimes
 .text.CMD_GetTLMPeriodTimes
                0x20004328       0x38 ./src/SubSystemModules/Housekepping/TelemetryCollector.o
                0x20004328                CMD_GetTLMPeriodTimes
 .text.CMD_SetTLMPeriodTimes
                0x20004360      0x1dc ./src/SubSystemModules/Housekepping/TelemetryCollector.o
                0x20004360                CMD_SetTLMPeriodTimes
 .text.TelemetryCollectorLogic
                0x2000453c      0x208 ./src/SubSystemModules/Housekepping/TelemetryCollector.o
                0x2000453c                TelemetryCollectorLogic
 .text.TelemetrySaveEPS
                0x20004744       0x54 ./src/SubSystemModules/Housekepping/TelemetryCollector.o
                0x20004744                TelemetrySaveEPS
 .text.TelemetrySaveTRXVU
                0x20004798       0x94 ./src/SubSystemModules/Housekepping/TelemetryCollector.o
                0x20004798                TelemetrySaveTRXVU
 .text.TelemetrySaveWOD
                0x2000482c       0x5c ./src/SubSystemModules/Housekepping/TelemetryCollector.o
                0x2000482c                TelemetrySaveWOD
 .text.TelemetrySaveRADFET
                0x20004888       0xd4 ./src/SubSystemModules/Housekepping/TelemetryCollector.o
                0x20004888                TelemetrySaveRADFET
 .text.TelemetrySavePayloadEvents
                0x2000495c       0xf0 ./src/SubSystemModules/Housekepping/TelemetryCollector.o
                0x2000495c                TelemetrySavePayloadEvents
 .text.GetCurrentWODTelemetry
                0x20004a4c      0x7e0 ./src/SubSystemModules/Housekepping/TelemetryCollector.o
                0x20004a4c                GetCurrentWODTelemetry
 .text.CMD_EPS_ResetWDT
                0x2000522c       0x58 ./src/SubSystemModules/Communication/SubsystemCommands/EPS_Commands.o
                0x2000522c                CMD_EPS_ResetWDT
 .text.CMD_Connect_Payload
                0x20005284       0x68 ./src/SubSystemModules/Communication/SubsystemCommands/EPS_Commands.o
                0x20005284                CMD_Connect_Payload
 .text.CMD_Payload_Operations
                0x200052ec       0x84 ./src/SubSystemModules/Communication/SubsystemCommands/EPS_Commands.o
                0x200052ec                CMD_Payload_Operations
 .text.CMD_DeleteTLM
                0x20005370      0x1a0 ./src/SubSystemModules/Communication/SubsystemCommands/FS_Commands.o
                0x20005370                CMD_DeleteTLM
 .text.CMD_DeleteAllFiles
                0x20005510       0x38 ./src/SubSystemModules/Communication/SubsystemCommands/FS_Commands.o
                0x20005510                CMD_DeleteAllFiles
 .text.CMD_GetLastFS_Error
                0x20005548       0x4c ./src/SubSystemModules/Communication/SubsystemCommands/FS_Commands.o
                0x20005548                CMD_GetLastFS_Error
 .text.CMD_Get_TLM_Info
                0x20005594      0x16c ./src/SubSystemModules/Communication/SubsystemCommands/FS_Commands.o
                0x20005594                CMD_Get_TLM_Info
 .text.CMD_Switch_SD_Card
                0x20005700       0xcc ./src/SubSystemModules/Communication/SubsystemCommands/FS_Commands.o
                0x20005700                CMD_Switch_SD_Card
 .text.CMD_Format_SD_Card
                0x200057cc       0xa4 ./src/SubSystemModules/Communication/SubsystemCommands/FS_Commands.o
                0x200057cc                CMD_Format_SD_Card
 .text.CMD_GenericI2C
                0x20005870      0x144 ./src/SubSystemModules/Communication/SubsystemCommands/Maintanence_Commands.o
                0x20005870                CMD_GenericI2C
 .text.CMD_FRAM_ReadAndTransmitt
                0x200059b4       0xe8 ./src/SubSystemModules/Communication/SubsystemCommands/Maintanence_Commands.o
                0x200059b4                CMD_FRAM_ReadAndTransmitt
 .text.CMD_FRAM_WriteAndTransmitt
                0x20005a9c       0xfc ./src/SubSystemModules/Communication/SubsystemCommands/Maintanence_Commands.o
                0x20005a9c                CMD_FRAM_WriteAndTransmitt
 .text.CMD_FRAM_ReStart
                0x20005b98       0x4c ./src/SubSystemModules/Communication/SubsystemCommands/Maintanence_Commands.o
                0x20005b98                CMD_FRAM_ReStart
 .text.CMD_UpdateSatTime
                0x20005be4       0xa4 ./src/SubSystemModules/Communication/SubsystemCommands/Maintanence_Commands.o
                0x20005be4                CMD_UpdateSatTime
 .text.CMD_GetSatUptime
                0x20005c88       0x48 ./src/SubSystemModules/Communication/SubsystemCommands/Maintanence_Commands.o
                0x20005c88                CMD_GetSatUptime
 .text.CMD_ResetComponent
                0x20005cd0      0x274 ./src/SubSystemModules/Communication/SubsystemCommands/Maintanence_Commands.o
                0x20005cd0                CMD_ResetComponent
 .text.DumpTask
                0x20005f44      0x310 ./src/SubSystemModules/Communication/SubsystemCommands/TRXVU_Commands.o
                0x20005f44                DumpTask
 .text.DumpRamTask
                0x20006254      0x104 ./src/SubSystemModules/Communication/SubsystemCommands/TRXVU_Commands.o
                0x20006254                DumpRamTask
 .text.CMD_AntennaDeploy
                0x20006358       0x8c ./src/SubSystemModules/Communication/SubsystemCommands/TRXVU_Commands.o
                0x20006358                CMD_AntennaDeploy
 .text.CMD_StartDump
                0x200063e4      0x200 ./src/SubSystemModules/Communication/SubsystemCommands/TRXVU_Commands.o
                0x200063e4                CMD_StartDump
 .text.CMD_SendDumpAbortRequest
                0x200065e4       0x38 ./src/SubSystemModules/Communication/SubsystemCommands/TRXVU_Commands.o
                0x200065e4                CMD_SendDumpAbortRequest
 .text.CMD_ForceDumpAbort
                0x2000661c       0x3c ./src/SubSystemModules/Communication/SubsystemCommands/TRXVU_Commands.o
                0x2000661c                CMD_ForceDumpAbort
 .text.CMD_SetTransponder
                0x20006658      0x110 ./src/SubSystemModules/Communication/SubsystemCommands/TRXVU_Commands.o
                0x20006658                CMD_SetTransponder
 .text.CMD_SetRSSITransponder
                0x20006768       0x90 ./src/SubSystemModules/Communication/SubsystemCommands/TRXVU_Commands.o
                0x20006768                CMD_SetRSSITransponder
 .text.CMD_MuteTRXVU
                0x200067f8       0xc4 ./src/SubSystemModules/Communication/SubsystemCommands/TRXVU_Commands.o
                0x200067f8                CMD_MuteTRXVU
 .text.CMD_SetIdleState
                0x200068bc       0x94 ./src/SubSystemModules/Communication/SubsystemCommands/TRXVU_Commands.o
                0x200068bc                CMD_SetIdleState
 .text.CMD_UnMuteTRXVU
                0x20006950       0x38 ./src/SubSystemModules/Communication/SubsystemCommands/TRXVU_Commands.o
                0x20006950                CMD_UnMuteTRXVU
 .text.CMD_GetBaudRate
                0x20006988       0x6c ./src/SubSystemModules/Communication/SubsystemCommands/TRXVU_Commands.o
                0x20006988                CMD_GetBaudRate
 .text.CMD_TrasmitBeacon
                0x200069f4       0x48 ./src/SubSystemModules/Communication/SubsystemCommands/TRXVU_Commands.o
                0x200069f4                CMD_TrasmitBeacon
 .text.CMD_GetBeaconInterval
                0x20006a3c       0x6c ./src/SubSystemModules/Communication/SubsystemCommands/TRXVU_Commands.o
                0x20006a3c                CMD_GetBeaconInterval
 .text.CMD_SetBaudRate
                0x20006aa8       0x64 ./src/SubSystemModules/Communication/SubsystemCommands/TRXVU_Commands.o
                0x20006aa8                CMD_SetBaudRate
 .text.CMD_GetTxUptime
                0x20006b0c       0x68 ./src/SubSystemModules/Communication/SubsystemCommands/TRXVU_Commands.o
                0x20006b0c                CMD_GetTxUptime
 .text.CMD_GetRxUptime
                0x20006b74       0x68 ./src/SubSystemModules/Communication/SubsystemCommands/TRXVU_Commands.o
                0x20006b74                CMD_GetRxUptime
 .text.CMD_GetNumOfOnlineCommands
                0x20006bdc       0x68 ./src/SubSystemModules/Communication/SubsystemCommands/TRXVU_Commands.o
                0x20006bdc                CMD_GetNumOfOnlineCommands
 .text.CMD_SecurePing
                0x20006c44       0x68 ./src/SubSystemModules/Communication/SubsystemCommands/TRXVU_Commands.o
                0x20006c44                CMD_SecurePing
 .text.CMD_AntSetArmStatus
                0x20006cac       0x3c ./src/SubSystemModules/Communication/SubsystemCommands/TRXVU_Commands.o
                0x20006cac                CMD_AntSetArmStatus
 .text.CMD_AntGetArmStatus
                0x20006ce8       0x60 ./src/SubSystemModules/Communication/SubsystemCommands/TRXVU_Commands.o
                0x20006ce8                CMD_AntGetArmStatus
 .text.CMD_AntGetUptime
                0x20006d48       0x68 ./src/SubSystemModules/Communication/SubsystemCommands/TRXVU_Commands.o
                0x20006d48                CMD_AntGetUptime
 .text.CMD_StopReDeployment
                0x20006db0       0x74 ./src/SubSystemModules/Communication/SubsystemCommands/TRXVU_Commands.o
                0x20006db0                CMD_StopReDeployment
 .text.CMD_AntCancelDeployment
                0x20006e24       0x58 ./src/SubSystemModules/Communication/SubsystemCommands/TRXVU_Commands.o
                0x20006e24                CMD_AntCancelDeployment
 .text.CMD_DumpRamTLM
                0x20006e7c      0x180 ./src/SubSystemModules/Communication/SubsystemCommands/TRXVU_Commands.o
                0x20006e7c                CMD_DumpRamTLM
 .text.SendAckPacket
                0x20006ffc       0xfc ./src/SubSystemModules/Communication/AckHandler.o
                0x20006ffc                SendAckPacket
 .text.trxvu_command_router
                0x200070f8      0x578 ./src/SubSystemModules/Communication/CommandDictionary.o
                0x200070f8                trxvu_command_router
 .text.eps_command_router
                0x20007670      0x10c ./src/SubSystemModules/Communication/CommandDictionary.o
                0x20007670                eps_command_router
 .text.telemetry_command_router
                0x2000777c      0x23c ./src/SubSystemModules/Communication/CommandDictionary.o
                0x2000777c                telemetry_command_router
 .text.managment_command_router
                0x200079b8      0x12c ./src/SubSystemModules/Communication/CommandDictionary.o
                0x200079b8                managment_command_router
 .text.filesystem_command_router
                0x20007ae4       0x24 ./src/SubSystemModules/Communication/CommandDictionary.o
                0x20007ae4                filesystem_command_router
 .text.sha256_transform
                0x20007b08      0x4b8 ./src/SubSystemModules/Communication/HashSecuredCMD.o
                0x20007b08                sha256_transform
 .text.sha256_init
                0x20007fc0       0xb8 ./src/SubSystemModules/Communication/HashSecuredCMD.o
                0x20007fc0                sha256_init
 .text.sha256_update
                0x20008078       0xc8 ./src/SubSystemModules/Communication/HashSecuredCMD.o
                0x20008078                sha256_update
 .text.sha256_final
                0x20008140      0x470 ./src/SubSystemModules/Communication/HashSecuredCMD.o
                0x20008140                sha256_final
 .text.ParseDataToCommand
                0x200085b0      0x1ac ./src/SubSystemModules/Communication/SatCommandHandler.o
                0x200085b0                ParseDataToCommand
 .text.AssembleCommand
                0x2000875c      0x148 ./src/SubSystemModules/Communication/SatCommandHandler.o
                0x2000875c                AssembleCommand
 .text.ActUponCommand
                0x200088a4      0x108 ./src/SubSystemModules/Communication/SatCommandHandler.o
                0x200088a4                ActUponCommand
 .text.setMuteEndTime
                0x200089ac       0x40 ./src/SubSystemModules/Communication/TRXVU.o
                0x200089ac                setMuteEndTime
 .text.getMuteEndTime
                0x200089ec       0x44 ./src/SubSystemModules/Communication/TRXVU.o
                0x200089ec                getMuteEndTime
 .text.setTransponderEndTime
                0x20008a30       0x40 ./src/SubSystemModules/Communication/TRXVU.o
                0x20008a30                setTransponderEndTime
 .text.getTransponderEndTime
                0x20008a70       0x44 ./src/SubSystemModules/Communication/TRXVU.o
                0x20008a70                getTransponderEndTime
 .text.setTransponderRSSIinFRAM
                0x20008ab4       0x44 ./src/SubSystemModules/Communication/TRXVU.o
                0x20008ab4                setTransponderRSSIinFRAM
 .text.getTransponderRSSIFromFRAM
                0x20008af8       0x4c ./src/SubSystemModules/Communication/TRXVU.o
                0x20008af8                getTransponderRSSIFromFRAM
 .text.InitTxModule
                0x20008b44       0x68 ./src/SubSystemModules/Communication/TRXVU.o
                0x20008b44                InitTxModule
 .text.CMD_SetBeaconInterval
                0x20008bac       0xdc ./src/SubSystemModules/Communication/TRXVU.o
                0x20008bac                CMD_SetBeaconInterval
 .text.InitBeaconParams
                0x20008c88       0x3c ./src/SubSystemModules/Communication/TRXVU.o
                0x20008c88                InitBeaconParams
 .text.InitSemaphores
                0x20008cc4       0x98 ./src/SubSystemModules/Communication/TRXVU.o
                0x20008cc4                InitSemaphores
 .text.InitTrxvu
                0x20008d5c      0x170 ./src/SubSystemModules/Communication/TRXVU.o
                0x20008d5c                InitTrxvu
 .text.checkIdleFinish
                0x20008ecc       0x68 ./src/SubSystemModules/Communication/TRXVU.o
                0x20008ecc                checkIdleFinish
 .text.checkTransponderFinish
                0x20008f34       0x50 ./src/SubSystemModules/Communication/TRXVU.o
                0x20008f34                checkTransponderFinish
 .text.checkTransponderStart
                0x20008f84       0x50 ./src/SubSystemModules/Communication/TRXVU.o
                0x20008f84                checkTransponderStart
 .text.turnOnTransponder
                0x20008fd4       0xa0 ./src/SubSystemModules/Communication/TRXVU.o
                0x20008fd4                turnOnTransponder
 .text.turnOffTransponder
                0x20009074       0x90 ./src/SubSystemModules/Communication/TRXVU.o
                0x20009074                turnOffTransponder
 .text.SetRSSITransponder
                0x20009104       0x80 ./src/SubSystemModules/Communication/TRXVU.o
                0x20009104                SetRSSITransponder
 .text.TRX_Logic
                0x20009184       0xe4 ./src/SubSystemModules/Communication/TRXVU.o
                0x20009184                TRX_Logic
 .text.GetNumberOfFramesInBuffer
                0x20009268       0x94 ./src/SubSystemModules/Communication/TRXVU.o
                0x20009268                GetNumberOfFramesInBuffer
 .text.GetOnlineCommand
                0x200092fc      0x1d0 ./src/SubSystemModules/Communication/TRXVU.o
                0x200092fc                GetOnlineCommand
 .text.CheckTransmitionAllowed
                0x200094cc       0xc0 ./src/SubSystemModules/Communication/TRXVU.o
                0x200094cc                CheckTransmitionAllowed
 .text.FinishDump
                0x2000958c       0xf0 ./src/SubSystemModules/Communication/TRXVU.o
                0x2000958c                FinishDump
 .text.AbortDump
                0x2000967c       0x34 ./src/SubSystemModules/Communication/TRXVU.o
                0x2000967c                AbortDump
 .text.SendDumpAbortRequest
                0x200096b0       0x6c ./src/SubSystemModules/Communication/TRXVU.o
                0x200096b0                SendDumpAbortRequest
 .text.CheckDumpAbort
                0x2000971c       0x6c ./src/SubSystemModules/Communication/TRXVU.o
                0x2000971c                CheckDumpAbort
 .text.BeaconLogic
                0x20009788      0x228 ./src/SubSystemModules/Communication/TRXVU.o
                0x20009788                BeaconLogic
 .text.SetIdleState
                0x200099b0      0x144 ./src/SubSystemModules/Communication/TRXVU.o
                0x200099b0                SetIdleState
 .text.muteTRXVU
                0x20009af4       0x74 ./src/SubSystemModules/Communication/TRXVU.o
                0x20009af4                muteTRXVU
 .text.UnMuteTRXVU
                0x20009b68       0x14 ./src/SubSystemModules/Communication/TRXVU.o
                0x20009b68                UnMuteTRXVU
 .text.TransmitDataAsSPL_Packet
                0x20009b7c      0x12c ./src/SubSystemModules/Communication/TRXVU.o
                0x20009b7c                TransmitDataAsSPL_Packet
 .text.Hash256  0x20009ca8       0x7c ./src/SubSystemModules/Communication/TRXVU.o
                0x20009ca8                Hash256
 .text.CMD_Hash256
                0x20009d24      0x2e0 ./src/SubSystemModules/Communication/TRXVU.o
                0x20009d24                CMD_Hash256
 .text.TransmitSplPacket
                0x2000a004      0x124 ./src/SubSystemModules/Communication/TRXVU.o
                0x2000a004                TransmitSplPacket
 .text.isFirstActivation
                0x2000a128       0x38 ./src/InitSystem.o
                0x2000a128                isFirstActivation
 .text.WriteDefaultValuesToFRAM
                0x2000a160      0x2c8 ./src/InitSystem.o
                0x2000a160                WriteDefaultValuesToFRAM
 .text.StartFRAM
                0x2000a428       0x64 ./src/InitSystem.o
                0x2000a428                StartFRAM
 .text.StartI2C
                0x2000a48c       0x38 ./src/InitSystem.o
                0x2000a48c                StartI2C
 .text.StartSPI
                0x2000a4c4       0x34 ./src/InitSystem.o
                0x2000a4c4                StartSPI
 .text.StartTIME
                0x2000a4f8       0xbc ./src/InitSystem.o
                0x2000a4f8                StartTIME
 .text.DeploySystem
                0x2000a5b4      0x1b4 ./src/InitSystem.o
                0x2000a5b4                DeploySystem
 .text.InitSubsystems
                0x2000a768       0x64 ./src/InitSystem.o
                0x2000a768                InitSubsystems
 .text.CMD_getInfoImage
                0x2000a7cc      0x158 ./src/TLM_management.o
                0x2000a7cc                CMD_getInfoImage
 .text.CMD_getDataImage
                0x2000a924      0x218 ./src/TLM_management.o
                0x2000a924                CMD_getDataImage
 .text.delete_allTMFilesFromSD
                0x2000ab3c       0x8c ./src/TLM_management.o
                0x2000ab3c                delete_allTMFilesFromSD
 .text.deleteTLMFiles
                0x2000abc8       0x94 ./src/TLM_management.o
                0x2000abc8                deleteTLMFiles
 .text.deleteTLMFile
                0x2000ac5c       0xcc ./src/TLM_management.o
                0x2000ac5c                deleteTLMFile
 .text.deleteTLMbyMonth
                0x2000ad28       0xac ./src/TLM_management.o
                0x2000ad28                deleteTLMbyMonth
 .text.deleteDirectory
                0x2000add4      0x158 ./src/TLM_management.o
                0x2000add4                deleteDirectory
 .text.InitializeFS
                0x2000af2c       0xec ./src/TLM_management.o
                0x2000af2c                InitializeFS
 .text.calculateFileName
                0x2000b018      0x130 ./src/TLM_management.o
                0x2000b018                calculateFileName
 .text.getTlmTypeInfo
                0x2000b148      0x264 ./src/TLM_management.o
                0x2000b148                getTlmTypeInfo
 .text.write2File
                0x2000b3ac      0x1dc ./src/TLM_management.o
                0x2000b3ac                write2File
 .text.printTLM
                0x2000b588       0x24 ./src/TLM_management.o
                0x2000b588                printTLM
 .text.readTLMFile
                0x2000b5ac      0x328 ./src/TLM_management.o
                0x2000b5ac                readTLMFile
 .text.readTLMFiles
                0x2000b8d4       0xdc ./src/TLM_management.o
                0x2000b8d4                readTLMFiles
 .text.readTLMFileTimeRange
                0x2000b9b0      0x2f0 ./src/TLM_management.o
                0x2000b9b0                readTLMFileTimeRange
 .text.DeInitializeFS
                0x2000bca0       0x38 ./src/TLM_management.o
                0x2000bca0                DeInitializeFS
 .text.taskMain
                0x2000bcd8       0x90 ./src/main.o
                0x2000bcd8                taskMain
 .text.main     0x2000bd68       0x98 ./src/main.o
                0x2000bd68                main
 .text.timeU2time
                0x2000be00       0xbc ./src/utils.o
                0x2000be00                timeU2time
 .text.logError
                0x2000bebc      0x148 ./src/utils.o
                0x2000bebc                logError
 .text.clearPDCtransfers
                0x2000c004       0xe8 C:/ISIS/workspace_ycube/GlobusSatProject/..//hal/hal/lib\libHALD.a(SPI.o)
 .text.SPI_start
                0x2000c0ec      0x4b0 C:/ISIS/workspace_ycube/GlobusSatProject/..//hal/hal/lib\libHALD.a(SPI.o)
                0x2000c0ec                SPI_start
 .text.SPI_stop
                0x2000c59c      0x244 C:/ISIS/workspace_ycube/GlobusSatProject/..//hal/hal/lib\libHALD.a(SPI.o)
                0x2000c59c                SPI_stop
 .text.SPI_queueTransfer
                0x2000c7e0      0x1cc C:/ISIS/workspace_ycube/GlobusSatProject/..//hal/hal/lib\libHALD.a(SPI.o)
                0x2000c7e0                SPI_queueTransfer
 .text.SPI_internalCallback
                0x2000c9ac       0x64 C:/ISIS/workspace_ycube/GlobusSatProject/..//hal/hal/lib\libHALD.a(SPI.o)
 .text.SPI_writeRead
                0x2000ca10      0x1c0 C:/ISIS/workspace_ycube/GlobusSatProject/..//hal/hal/lib\libHALD.a(SPI.o)
                0x2000ca10                SPI_writeRead
 .text.waitForTransfer
                0x2000cbd0       0x78 C:/ISIS/workspace_ycube/GlobusSatProject/..//hal/hal/lib\libHALD.a(SPI.o)
 .text.SPI_getDriverState
                0x2000cc48       0x58 C:/ISIS/workspace_ycube/GlobusSatProject/..//hal/hal/lib\libHALD.a(SPI.o)
                0x2000cc48                SPI_getDriverState
 .text.validateTransferParameters
                0x2000cca0      0x10c C:/ISIS/workspace_ycube/GlobusSatProject/..//hal/hal/lib\libHALD.a(I2C.o)
 .text.I2C_queueTransfer
                0x2000cdac       0xfc C:/ISIS/workspace_ycube/GlobusSatProject/..//hal/hal/lib\libHALD.a(I2C.o)
                0x2000cdac                I2C_queueTransfer
 .text.I2C_internalCallback
                0x2000cea8       0x64 C:/ISIS/workspace_ycube/GlobusSatProject/..//hal/hal/lib\libHALD.a(I2C.o)
 .text.I2C_doBlockingTransfer
                0x2000cf0c      0x180 C:/ISIS/workspace_ycube/GlobusSatProject/..//hal/hal/lib\libHALD.a(I2C.o)
 .text.I2C_write
                0x2000d08c      0x110 C:/ISIS/workspace_ycube/GlobusSatProject/..//hal/hal/lib\libHALD.a(I2C.o)
                0x2000d08c                I2C_write
 .text.I2C_read
                0x2000d19c      0x110 C:/ISIS/workspace_ycube/GlobusSatProject/..//hal/hal/lib\libHALD.a(I2C.o)
                0x2000d19c                I2C_read
 .text.I2C_writeRead
                0x2000d2ac      0x17c C:/ISIS/workspace_ycube/GlobusSatProject/..//hal/hal/lib\libHALD.a(I2C.o)
                0x2000d2ac                I2C_writeRead
 .text.I2C_start
                0x2000d428      0x2e8 C:/ISIS/workspace_ycube/GlobusSatProject/..//hal/hal/lib\libHALD.a(I2C.o)
                0x2000d428                I2C_start
 .text.I2C_stop
                0x2000d710      0x184 C:/ISIS/workspace_ycube/GlobusSatProject/..//hal/hal/lib\libHALD.a(I2C.o)
                0x2000d710                I2C_stop
 .text.I2C_setTransferTimeout
                0x2000d894       0x48 C:/ISIS/workspace_ycube/GlobusSatProject/..//hal/hal/lib\libHALD.a(I2C.o)
                0x2000d894                I2C_setTransferTimeout
 .text.ADC_ConvertRaw10bitToMillivolt
                0x2000d8dc       0x50 C:/ISIS/workspace_ycube/GlobusSatProject/..//hal/hal/lib\libHALD.a(ADC.o)
                0x2000d8dc                ADC_ConvertRaw10bitToMillivolt
 .text.ADC_SingleShot
                0x2000d92c      0x230 C:/ISIS/workspace_ycube/GlobusSatProject/..//hal/hal/lib\libHALD.a(ADC.o)
                0x2000d92c                ADC_SingleShot
 .text.FRAM_start
                0x2000db5c      0x120 C:/ISIS/workspace_ycube/GlobusSatProject/..//hal/hal/lib\libHALD.a(FRAM.o)
                0x2000db5c                FRAM_start
 .text.FRAM_stop
                0x2000dc7c       0x6c C:/ISIS/workspace_ycube/GlobusSatProject/..//hal/hal/lib\libHALD.a(FRAM.o)
                0x2000dc7c                FRAM_stop
 .text.FRAM_dummyCallback
                0x2000dce8       0x24 C:/ISIS/workspace_ycube/GlobusSatProject/..//hal/hal/lib\libHALD.a(FRAM.o)
                0x2000dce8                FRAM_dummyCallback
 .text.FRAM_unlockingCallback
                0x2000dd0c       0x64 C:/ISIS/workspace_ycube/GlobusSatProject/..//hal/hal/lib\libHALD.a(FRAM.o)
                0x2000dd0c                FRAM_unlockingCallback
 .text.doBlockingTransfer
                0x2000dd70       0x78 C:/ISIS/workspace_ycube/GlobusSatProject/..//hal/hal/lib\libHALD.a(FRAM.o)
 .text.FRAM_writePacket
                0x2000dde8      0x134 C:/ISIS/workspace_ycube/GlobusSatProject/..//hal/hal/lib\libHALD.a(FRAM.o)
 .text.FRAM_write
                0x2000df1c      0x1e0 C:/ISIS/workspace_ycube/GlobusSatProject/..//hal/hal/lib\libHALD.a(FRAM.o)
                0x2000df1c                FRAM_write
 .text.FRAM_readPacket
                0x2000e0fc       0xf0 C:/ISIS/workspace_ycube/GlobusSatProject/..//hal/hal/lib\libHALD.a(FRAM.o)
 .text.FRAM_read
                0x2000e1ec      0x1ec C:/ISIS/workspace_ycube/GlobusSatProject/..//hal/hal/lib\libHALD.a(FRAM.o)
                0x2000e1ec                FRAM_read
 .text.Time_start
                0x2000e3d8      0x170 C:/ISIS/workspace_ycube/GlobusSatProject/..//hal/hal/lib\libHALD.a(Time.o)
                0x2000e3d8                Time_start
 .text.taskTimeSync
                0x2000e548       0x64 C:/ISIS/workspace_ycube/GlobusSatProject/..//hal/hal/lib\libHALD.a(Time.o)
 .text.Time_convertEpochToTime
                0x2000e5ac      0x100 C:/ISIS/workspace_ycube/GlobusSatProject/..//hal/hal/lib\libHALD.a(Time.o)
                0x2000e5ac                Time_convertEpochToTime
 .text.Time_calculateSecondsOfYear
                0x2000e6ac       0xd8 C:/ISIS/workspace_ycube/GlobusSatProject/..//hal/hal/lib\libHALD.a(Time.o)
 .text.Time_set
                0x2000e784       0xd8 C:/ISIS/workspace_ycube/GlobusSatProject/..//hal/hal/lib\libHALD.a(Time.o)
                0x2000e784                Time_set
 .text.Time_isLeapYear
                0x2000e85c       0x98 C:/ISIS/workspace_ycube/GlobusSatProject/..//hal/hal/lib\libHALD.a(Time.o)
                0x2000e85c                Time_isLeapYear
 .text.Time_get
                0x2000e8f4      0x478 C:/ISIS/workspace_ycube/GlobusSatProject/..//hal/hal/lib\libHALD.a(Time.o)
                0x2000e8f4                Time_get
 .text.Time_getUnixEpoch
                0x2000ed6c      0x108 C:/ISIS/workspace_ycube/GlobusSatProject/..//hal/hal/lib\libHALD.a(Time.o)
                0x2000ed6c                Time_getUnixEpoch
 .text.Time_secondsOfYearToTime
                0x2000ee74      0x33c C:/ISIS/workspace_ycube/GlobusSatProject/..//hal/hal/lib\libHALD.a(Time.o)
 .text.Time_setUnixEpoch
                0x2000f1b0       0x54 C:/ISIS/workspace_ycube/GlobusSatProject/..//hal/hal/lib\libHALD.a(Time.o)
                0x2000f1b0                Time_setUnixEpoch
 .text.Time_getUptimeSeconds
                0x2000f204       0x28 C:/ISIS/workspace_ycube/GlobusSatProject/..//hal/hal/lib\libHALD.a(Time.o)
                0x2000f204                Time_getUptimeSeconds
 .text.Time_sync
                0x2000f22c      0x1a8 C:/ISIS/workspace_ycube/GlobusSatProject/..//hal/hal/lib\libHALD.a(Time.o)
                0x2000f22c                Time_sync
 .text.Time_syncIfNeeded
                0x2000f3d4       0xac C:/ISIS/workspace_ycube/GlobusSatProject/..//hal/hal/lib\libHALD.a(Time.o)
                0x2000f3d4                Time_syncIfNeeded
 .text.WDT_start
                0x2000f480       0x48 C:/ISIS/workspace_ycube/GlobusSatProject/..//hal/hal/lib\libHALD.a(WatchDogTimerNoOS.o)
                0x2000f480                WDT_start
 .text.RTT_start
                0x2000f4c8       0x24 C:/ISIS/workspace_ycube/GlobusSatProject/..//hal/hal/lib\libHALD.a(RTT.o)
                0x2000f4c8                RTT_start
 .text.RTT_GetTime
                0x2000f4ec       0x24 C:/ISIS/workspace_ycube/GlobusSatProject/..//hal/hal/lib\libHALD.a(RTT.o)
                0x2000f4ec                RTT_GetTime
 .text.RTC_start
                0x2000f510       0x3c C:/ISIS/workspace_ycube/GlobusSatProject/..//hal/hal/lib\libHALD.a(RTC.o)
                0x2000f510                RTC_start
 .text.RTC_setTime
                0x2000f54c      0x2a4 C:/ISIS/workspace_ycube/GlobusSatProject/..//hal/hal/lib\libHALD.a(RTC.o)
                0x2000f54c                RTC_setTime
 .text.RTC_getTime
                0x2000f7f0      0x230 C:/ISIS/workspace_ycube/GlobusSatProject/..//hal/hal/lib\libHALD.a(RTC.o)
                0x2000f7f0                RTC_getTime
 .text.RTC_checkTimeValid
                0x2000fa20       0xd8 C:/ISIS/workspace_ycube/GlobusSatProject/..//hal/hal/lib\libHALD.a(RTC.o)
                0x2000fa20                RTC_checkTimeValid
 .text.WDT_startWatchdogKickTask
                0x2000faf8       0xb4 C:/ISIS/workspace_ycube/GlobusSatProject/..//hal/hal/lib\libHALD.a(WatchDogTimerOS.o)
                0x2000faf8                WDT_startWatchdogKickTask
 .text.WDT_forceKickEveryNms
                0x2000fbac       0x50 C:/ISIS/workspace_ycube/GlobusSatProject/..//hal/hal/lib\libHALD.a(WatchDogTimerOS.o)
                0x2000fbac                WDT_forceKickEveryNms
 .text.f_puts   0x2000fbfc       0x80 C:/ISIS/workspace_ycube/GlobusSatProject/..//hal/hal/lib\libHALD.a(fprintf.o)
                0x2000fbfc                f_puts
 .text.LED_glow
                0x2000fc7c       0x58 C:/ISIS/workspace_ycube/GlobusSatProject/..//hal/hal/lib\libHALD.a(LED.o)
                0x2000fc7c                LED_glow
 .text.LED_dark
                0x2000fcd4       0x58 C:/ISIS/workspace_ycube/GlobusSatProject/..//hal/hal/lib\libHALD.a(LED.o)
                0x2000fcd4                LED_dark
 .text.LED_toggle
                0x2000fd2c       0x50 C:/ISIS/workspace_ycube/GlobusSatProject/..//hal/hal/lib\libHALD.a(LED.o)
                0x2000fd2c                LED_toggle
 .text.fm_initvolume
                0x2000fd7c       0x70 C:/ISIS/workspace_ycube/GlobusSatProject/..//hal/hcc/lib\libHCCD.a(fat_m.o)
                0x2000fd7c                fm_initvolume
 .text.fm_delvolume
                0x2000fdec       0x60 C:/ISIS/workspace_ycube/GlobusSatProject/..//hal/hcc/lib\libHCCD.a(fat_m.o)
                0x2000fdec                fm_delvolume
 .text.fm_format
                0x2000fe4c       0x68 C:/ISIS/workspace_ycube/GlobusSatProject/..//hal/hcc/lib\libHCCD.a(fat_m.o)
                0x2000fe4c                fm_format
 .text.fm_getdrive
                0x2000feb4       0x70 C:/ISIS/workspace_ycube/GlobusSatProject/..//hal/hcc/lib\libHCCD.a(fat_m.o)
                0x2000feb4                fm_getdrive
 .text.fm_getfreespace
                0x2000ff24       0x68 C:/ISIS/workspace_ycube/GlobusSatProject/..//hal/hcc/lib\libHCCD.a(fat_m.o)
                0x2000ff24                fm_getfreespace
 .text.fm_mkdir
                0x2000ff8c       0x60 C:/ISIS/workspace_ycube/GlobusSatProject/..//hal/hcc/lib\libHCCD.a(fat_m.o)
                0x2000ff8c                fm_mkdir
 .text.fm_rmdir
                0x2000ffec       0x60 C:/ISIS/workspace_ycube/GlobusSatProject/..//hal/hcc/lib\libHCCD.a(fat_m.o)
                0x2000ffec                fm_rmdir
 .text.fm_findfirst
                0x2001004c       0x68 C:/ISIS/workspace_ycube/GlobusSatProject/..//hal/hcc/lib\libHCCD.a(fat_m.o)
                0x2001004c                fm_findfirst
 .text.fm_findnext
                0x200100b4       0x60 C:/ISIS/workspace_ycube/GlobusSatProject/..//hal/hcc/lib\libHCCD.a(fat_m.o)
                0x200100b4                fm_findnext
 .text.fm_close
                0x20010114       0x60 C:/ISIS/workspace_ycube/GlobusSatProject/..//hal/hcc/lib\libHCCD.a(fat_m.o)
                0x20010114                fm_close
 .text.fm_flush
                0x20010174       0x60 C:/ISIS/workspace_ycube/GlobusSatProject/..//hal/hcc/lib\libHCCD.a(fat_m.o)
                0x20010174                fm_flush
 .text.fm_open  0x200101d4       0x68 C:/ISIS/workspace_ycube/GlobusSatProject/..//hal/hcc/lib\libHCCD.a(fat_m.o)
                0x200101d4                fm_open
 .text.fm_read  0x2001023c       0x7c C:/ISIS/workspace_ycube/GlobusSatProject/..//hal/hcc/lib\libHCCD.a(fat_m.o)
                0x2001023c                fm_read
 .text.fm_write
                0x200102b8       0x7c C:/ISIS/workspace_ycube/GlobusSatProject/..//hal/hcc/lib\libHCCD.a(fat_m.o)
                0x200102b8                fm_write
 .text.fm_seek  0x20010334       0x70 C:/ISIS/workspace_ycube/GlobusSatProject/..//hal/hcc/lib\libHCCD.a(fat_m.o)
                0x20010334                fm_seek
 .text.fm_tell  0x200103a4       0x60 C:/ISIS/workspace_ycube/GlobusSatProject/..//hal/hcc/lib\libHCCD.a(fat_m.o)
                0x200103a4                fm_tell
 .text.fm_putc  0x20010404       0x68 C:/ISIS/workspace_ycube/GlobusSatProject/..//hal/hcc/lib\libHCCD.a(fat_m.o)
                0x20010404                fm_putc
 .text.fm_rewind
                0x2001046c       0x60 C:/ISIS/workspace_ycube/GlobusSatProject/..//hal/hcc/lib\libHCCD.a(fat_m.o)
                0x2001046c                fm_rewind
 .text.fm_delete
                0x200104cc       0x64 C:/ISIS/workspace_ycube/GlobusSatProject/..//hal/hcc/lib\libHCCD.a(fat_m.o)
                0x200104cc                fm_delete
 .text.fm_getlasterror
                0x20010530       0x40 C:/ISIS/workspace_ycube/GlobusSatProject/..//hal/hcc/lib\libHCCD.a(fat_m.o)
                0x20010530                fm_getlasterror
 .text._f_invalidatedir
                0x20010570       0x28 C:/ISIS/workspace_ycube/GlobusSatProject/..//hal/hcc/lib\libHCCD.a(fat.o)
                0x20010570                _f_invalidatedir
 .text._f_getdirsector
                0x20010598       0x88 C:/ISIS/workspace_ycube/GlobusSatProject/..//hal/hcc/lib\libHCCD.a(fat.o)
                0x20010598                _f_getdirsector
 .text._f_writedirsector
                0x20010620       0x74 C:/ISIS/workspace_ycube/GlobusSatProject/..//hal/hcc/lib\libHCCD.a(fat.o)
                0x20010620                _f_writedirsector
 .text._f_checknameinv
                0x20010694      0x180 C:/ISIS/workspace_ycube/GlobusSatProject/..//hal/hcc/lib\libHCCD.a(fat.o)
 .text._f_checkname
                0x20010814       0x7c C:/ISIS/workspace_ycube/GlobusSatProject/..//hal/hcc/lib\libHCCD.a(fat.o)
 .text._f_checknamewc
                0x20010890       0xf8 C:/ISIS/workspace_ycube/GlobusSatProject/..//hal/hcc/lib\libHCCD.a(fat.o)
 .text._f_setnameext
                0x20010988      0x300 C:/ISIS/workspace_ycube/GlobusSatProject/..//hal/hcc/lib\libHCCD.a(fat.o)
 .text._f_setfsname
                0x20010c88      0x584 C:/ISIS/workspace_ycube/GlobusSatProject/..//hal/hcc/lib\libHCCD.a(fat.o)
 .text._f_findfile
                0x2001120c      0x30c C:/ISIS/workspace_ycube/GlobusSatProject/..//hal/hcc/lib\libHCCD.a(fat.o)
 .text._f_cmp_wname
                0x20011518      0x274 C:/ISIS/workspace_ycube/GlobusSatProject/..//hal/hcc/lib\libHCCD.a(fat.o)
 .text._f_to_string
                0x2001178c      0x130 C:/ISIS/workspace_ycube/GlobusSatProject/..//hal/hcc/lib\libHCCD.a(fat.o)
 .text._f_findfilewc
                0x200118bc      0x278 C:/ISIS/workspace_ycube/GlobusSatProject/..//hal/hcc/lib\libHCCD.a(fat.o)
 .text._f_getfilename
                0x20011b34      0x20c C:/ISIS/workspace_ycube/GlobusSatProject/..//hal/hcc/lib\libHCCD.a(fat.o)
 .text._f_findpath
                0x20011d40      0x35c C:/ISIS/workspace_ycube/GlobusSatProject/..//hal/hcc/lib\libHCCD.a(fat.o)
 .text.fn_getdcwd
                0x2001209c      0x1e0 C:/ISIS/workspace_ycube/GlobusSatProject/..//hal/hcc/lib\libHCCD.a(fat.o)
                0x2001209c                fn_getdcwd
 .text.fn_findfirst
                0x2001227c      0x13c C:/ISIS/workspace_ycube/GlobusSatProject/..//hal/hcc/lib\libHCCD.a(fat.o)
                0x2001227c                fn_findfirst
 .text.fn_findnext
                0x200123b8      0x360 C:/ISIS/workspace_ycube/GlobusSatProject/..//hal/hcc/lib\libHCCD.a(fat.o)
                0x200123b8                fn_findnext
 .text._f_lock_resfile
                0x20012718       0x6c C:/ISIS/workspace_ycube/GlobusSatProject/..//hal/hcc/lib\libHCCD.a(fat.o)
 .text._f_unlock_resfile
                0x20012784       0x40 C:/ISIS/workspace_ycube/GlobusSatProject/..//hal/hcc/lib\libHCCD.a(fat.o)
 .text._f_getintfile
                0x200127c4      0x124 C:/ISIS/workspace_ycube/GlobusSatProject/..//hal/hcc/lib\libHCCD.a(fat.o)
 .text._f_addentry
                0x200128e8      0x540 C:/ISIS/workspace_ycube/GlobusSatProject/..//hal/hcc/lib\libHCCD.a(fat.o)
 .text.fn_mkdir
                0x20012e28      0x75c C:/ISIS/workspace_ycube/GlobusSatProject/..//hal/hcc/lib\libHCCD.a(fat.o)
                0x20012e28                fn_mkdir
 .text.fn_open_sub
                0x20013584     0x1698 C:/ISIS/workspace_ycube/GlobusSatProject/..//hal/hcc/lib\libHCCD.a(fat.o)
 .text.fn_open  0x20014c1c       0x44 C:/ISIS/workspace_ycube/GlobusSatProject/..//hal/hcc/lib\libHCCD.a(fat.o)
                0x20014c1c                fn_open
 .text.fn_delete
                0x20014c60      0x490 C:/ISIS/workspace_ycube/GlobusSatProject/..//hal/hcc/lib\libHCCD.a(fat.o)
                0x20014c60                fn_delete
 .text.fn_rmdir
                0x200150f0      0x5ac C:/ISIS/workspace_ycube/GlobusSatProject/..//hal/hcc/lib\libHCCD.a(fat.o)
                0x200150f0                fn_rmdir
 .text.fn_init  0x2001569c      0x2dc C:/ISIS/workspace_ycube/GlobusSatProject/..//hal/hcc/lib\libHCCD.a(fat_common.o)
                0x2001569c                fn_init
 .text.fn_start
                0x20015978       0x1c C:/ISIS/workspace_ycube/GlobusSatProject/..//hal/hcc/lib\libHCCD.a(fat_common.o)
                0x20015978                fn_start
 .text.fsn_delete
                0x20015994       0xc8 C:/ISIS/workspace_ycube/GlobusSatProject/..//hal/hcc/lib\libHCCD.a(fat_common.o)
                0x20015994                fsn_delete
 .text._f_get16bitl
                0x20015a5c       0x4c C:/ISIS/workspace_ycube/GlobusSatProject/..//hal/hcc/lib\libHCCD.a(fat_common.o)
                0x20015a5c                _f_get16bitl
 .text._f_set16bitl
                0x20015aa8       0x54 C:/ISIS/workspace_ycube/GlobusSatProject/..//hal/hcc/lib\libHCCD.a(fat_common.o)
                0x20015aa8                _f_set16bitl
 .text._f_get32bitl
                0x20015afc       0x68 C:/ISIS/workspace_ycube/GlobusSatProject/..//hal/hcc/lib\libHCCD.a(fat_common.o)
                0x20015afc                _f_get32bitl
 .text._f_set32bitl
                0x20015b64       0x78 C:/ISIS/workspace_ycube/GlobusSatProject/..//hal/hcc/lib\libHCCD.a(fat_common.o)
                0x20015b64                _f_set32bitl
 .text._get8bit
                0x20015bdc       0xa0 C:/ISIS/workspace_ycube/GlobusSatProject/..//hal/hcc/lib\libHCCD.a(fat_common.o)
 .text._get16bitl
                0x20015c7c       0x40 C:/ISIS/workspace_ycube/GlobusSatProject/..//hal/hcc/lib\libHCCD.a(fat_common.o)
 .text._get32bitl
                0x20015cbc       0x3c C:/ISIS/workspace_ycube/GlobusSatProject/..//hal/hcc/lib\libHCCD.a(fat_common.o)
 .text._set8bitzero
                0x20015cf8       0x6c C:/ISIS/workspace_ycube/GlobusSatProject/..//hal/hcc/lib\libHCCD.a(fat_common.o)
 .text._set8bit
                0x20015d64       0xa0 C:/ISIS/workspace_ycube/GlobusSatProject/..//hal/hcc/lib\libHCCD.a(fat_common.o)
 .text._set16bitl
                0x20015e04       0x3c C:/ISIS/workspace_ycube/GlobusSatProject/..//hal/hcc/lib\libHCCD.a(fat_common.o)
 .text._set32bitl
                0x20015e40       0x34 C:/ISIS/workspace_ycube/GlobusSatProject/..//hal/hcc/lib\libHCCD.a(fat_common.o)
 .text._f_setcardremoved
                0x20015e74       0x94 C:/ISIS/workspace_ycube/GlobusSatProject/..//hal/hcc/lib\libHCCD.a(fat_common.o)
 .text._f_checkstatus
                0x20015f08      0x104 C:/ISIS/workspace_ycube/GlobusSatProject/..//hal/hcc/lib\libHCCD.a(fat_common.o)
                0x20015f08                _f_checkstatus
 .text._f_drvgetphy
                0x2001600c      0x114 C:/ISIS/workspace_ycube/GlobusSatProject/..//hal/hcc/lib\libHCCD.a(fat_common.o)
 .text._f_drvwritesector
                0x20016120       0xdc C:/ISIS/workspace_ycube/GlobusSatProject/..//hal/hcc/lib\libHCCD.a(fat_common.o)
 .text._f_drvreadsector
                0x200161fc       0xa8 C:/ISIS/workspace_ycube/GlobusSatProject/..//hal/hcc/lib\libHCCD.a(fat_common.o)
 .text._f_writesector
                0x200162a4      0x23c C:/ISIS/workspace_ycube/GlobusSatProject/..//hal/hcc/lib\libHCCD.a(fat_common.o)
                0x200162a4                _f_writesector
 .text._f_readsector
                0x200164e0      0x1dc C:/ISIS/workspace_ycube/GlobusSatProject/..//hal/hcc/lib\libHCCD.a(fat_common.o)
                0x200164e0                _f_readsector
 .text._f_getmaxcluster
                0x200166bc       0x94 C:/ISIS/workspace_ycube/GlobusSatProject/..//hal/hcc/lib\libHCCD.a(fat_common.o)
                0x200166bc                _f_getmaxcluster
 .text._getsectorfromcluster
                0x20016750       0x68 C:/ISIS/workspace_ycube/GlobusSatProject/..//hal/hcc/lib\libHCCD.a(fat_common.o)
 .text._f_buildsectors
                0x200167b8      0x268 C:/ISIS/workspace_ycube/GlobusSatProject/..//hal/hcc/lib\libHCCD.a(fat_common.o)
 .text._f_getbootrecord
                0x20016a20      0x5e4 C:/ISIS/workspace_ycube/GlobusSatProject/..//hal/hcc/lib\libHCCD.a(fat_common.o)
 .text._f_readbootrecord
                0x20017004      0x4f8 C:/ISIS/workspace_ycube/GlobusSatProject/..//hal/hcc/lib\libHCCD.a(fat_common.o)
 .text._f_writebootrecord
                0x200174fc      0x5e4 C:/ISIS/workspace_ycube/GlobusSatProject/..//hal/hcc/lib\libHCCD.a(fat_common.o)
 .text._f_flushcffiles
                0x20017ae0      0x17c C:/ISIS/workspace_ycube/GlobusSatProject/..//hal/hcc/lib\libHCCD.a(fat_common.o)
                0x20017ae0                _f_flushcffiles
 .text._f_fatcache_flush
                0x20017c5c      0x270 C:/ISIS/workspace_ycube/GlobusSatProject/..//hal/hcc/lib\libHCCD.a(fat_common.o)
                0x20017c5c                _f_fatcache_flush
 .text._f_writefatsector
                0x20017ecc      0x100 C:/ISIS/workspace_ycube/GlobusSatProject/..//hal/hcc/lib\libHCCD.a(fat_common.o)
                0x20017ecc                _f_writefatsector
 .text._f_getfatsector
                0x20017fcc      0x3bc C:/ISIS/workspace_ycube/GlobusSatProject/..//hal/hcc/lib\libHCCD.a(fat_common.o)
 .text._f_setclustervalue
                0x20018388      0x490 C:/ISIS/workspace_ycube/GlobusSatProject/..//hal/hcc/lib\libHCCD.a(fat_common.o)
                0x20018388                _f_setclustervalue
 .text._f_getclustervalue
                0x20018818      0x388 C:/ISIS/workspace_ycube/GlobusSatProject/..//hal/hcc/lib\libHCCD.a(fat_common.o)
                0x20018818                _f_getclustervalue
 .text._f_close_drive_files
                0x20018ba0       0xac C:/ISIS/workspace_ycube/GlobusSatProject/..//hal/hcc/lib\libHCCD.a(fat_common.o)
 .text._f_inc_mount_count
                0x20018c4c       0xa4 C:/ISIS/workspace_ycube/GlobusSatProject/..//hal/hcc/lib\libHCCD.a(fat_common.o)
 .text._f_getvolume
                0x20018cf0      0x2f8 C:/ISIS/workspace_ycube/GlobusSatProject/..//hal/hcc/lib\libHCCD.a(fat_common.o)
                0x20018cf0                _f_getvolume
 .text.fn_createdriver
                0x20018fe8      0x118 C:/ISIS/workspace_ycube/GlobusSatProject/..//hal/hcc/lib\libHCCD.a(fat_common.o)
                0x20018fe8                fn_createdriver
 .text.fn_initvolume
                0x20019100      0x12c C:/ISIS/workspace_ycube/GlobusSatProject/..//hal/hcc/lib\libHCCD.a(fat_common.o)
                0x20019100                fn_initvolume
 .text.fn_releasedriver
                0x2001922c       0xf4 C:/ISIS/workspace_ycube/GlobusSatProject/..//hal/hcc/lib\libHCCD.a(fat_common.o)
                0x2001922c                fn_releasedriver
 .text.fn_initvolumepartition_sub
                0x20019320       0xe0 C:/ISIS/workspace_ycube/GlobusSatProject/..//hal/hcc/lib\libHCCD.a(fat_common.o)
 .text.fn_initvolumepartition
                0x20019400       0xac C:/ISIS/workspace_ycube/GlobusSatProject/..//hal/hcc/lib\libHCCD.a(fat_common.o)
                0x20019400                fn_initvolumepartition
 .text.fn_delvolume
                0x200194ac      0x194 C:/ISIS/workspace_ycube/GlobusSatProject/..//hal/hcc/lib\libHCCD.a(fat_common.o)
                0x200194ac                fn_delvolume
 .text._f_clustertopos
                0x20019640       0xf8 C:/ISIS/workspace_ycube/GlobusSatProject/..//hal/hcc/lib\libHCCD.a(fat_common.o)
                0x20019640                _f_clustertopos
 .text._f_prepareformat
                0x20019738      0x8b8 C:/ISIS/workspace_ycube/GlobusSatProject/..//hal/hcc/lib\libHCCD.a(fat_common.o)
 .text._f_resetfatentries
                0x20019ff0      0x410 C:/ISIS/workspace_ycube/GlobusSatProject/..//hal/hcc/lib\libHCCD.a(fat_common.o)
 .text._f_resetrootdir
                0x2001a400       0xcc C:/ISIS/workspace_ycube/GlobusSatProject/..//hal/hcc/lib\libHCCD.a(fat_common.o)
 .text._f_postformat
                0x2001a4cc      0x178 C:/ISIS/workspace_ycube/GlobusSatProject/..//hal/hcc/lib\libHCCD.a(fat_common.o)
 .text.fn_format
                0x2001a644      0x148 C:/ISIS/workspace_ycube/GlobusSatProject/..//hal/hcc/lib\libHCCD.a(fat_common.o)
                0x2001a644                fn_format
 .text._f_getcurrsector
                0x2001a78c      0x6c8 C:/ISIS/workspace_ycube/GlobusSatProject/..//hal/hcc/lib\libHCCD.a(fat_common.o)
                0x2001a78c                _f_getcurrsector
 .text._f_getdecluster
                0x2001ae54       0x90 C:/ISIS/workspace_ycube/GlobusSatProject/..//hal/hcc/lib\libHCCD.a(fat_common.o)
                0x2001ae54                _f_getdecluster
 .text._f_setdecluster
                0x2001aee4       0x8c C:/ISIS/workspace_ycube/GlobusSatProject/..//hal/hcc/lib\libHCCD.a(fat_common.o)
                0x2001aee4                _f_setdecluster
 .text.fn_getdrive
                0x2001af70       0x30 C:/ISIS/workspace_ycube/GlobusSatProject/..//hal/hcc/lib\libHCCD.a(fat_common.o)
                0x2001af70                fn_getdrive
 .text._f_getcurrenttimedate
                0x2001afa0      0x138 C:/ISIS/workspace_ycube/GlobusSatProject/..//hal/hcc/lib\libHCCD.a(fat_common.o)
                0x2001afa0                _f_getcurrenttimedate
 .text._f_initentry
                0x2001b0d8       0xa0 C:/ISIS/workspace_ycube/GlobusSatProject/..//hal/hcc/lib\libHCCD.a(fat_common.o)
                0x2001b0d8                _f_initentry
 .text._f_alloccluster
                0x2001b178      0x344 C:/ISIS/workspace_ycube/GlobusSatProject/..//hal/hcc/lib\libHCCD.a(fat_common.o)
                0x2001b178                _f_alloccluster
 .text._f_dobadblock
                0x2001b4bc      0x2cc C:/ISIS/workspace_ycube/GlobusSatProject/..//hal/hcc/lib\libHCCD.a(fat_common.o)
                0x2001b4bc                _f_dobadblock
 .text._f_checklocked
                0x2001b788       0xe4 C:/ISIS/workspace_ycube/GlobusSatProject/..//hal/hcc/lib\libHCCD.a(fat_common.o)
                0x2001b788                _f_checklocked
 .text._f_checkappendlocked
                0x2001b86c      0x110 C:/ISIS/workspace_ycube/GlobusSatProject/..//hal/hcc/lib\libHCCD.a(fat_common.o)
                0x2001b86c                _f_checkappendlocked
 .text._f_setsyncafile
                0x2001b97c      0x114 C:/ISIS/workspace_ycube/GlobusSatProject/..//hal/hcc/lib\libHCCD.a(fat_common.o)
                0x2001b97c                _f_setsyncafile
 .text._f_syncfiles
                0x2001ba90      0x128 C:/ISIS/workspace_ycube/GlobusSatProject/..//hal/hcc/lib\libHCCD.a(fat_common.o)
                0x2001ba90                _f_syncfiles
 .text._f_syncfilescontent
                0x2001bbb8      0x15c C:/ISIS/workspace_ycube/GlobusSatProject/..//hal/hcc/lib\libHCCD.a(fat_common.o)
 .text.fn_getfreespace
                0x2001bd14      0x4c0 C:/ISIS/workspace_ycube/GlobusSatProject/..//hal/hcc/lib\libHCCD.a(fat_common.o)
                0x2001bd14                fn_getfreespace
 .text._f_emptywritecache
                0x2001c1d4      0x4a4 C:/ISIS/workspace_ycube/GlobusSatProject/..//hal/hcc/lib\libHCCD.a(fat_common.o)
 .text._f_allocnextcluster
                0x2001c678      0x54c C:/ISIS/workspace_ycube/GlobusSatProject/..//hal/hcc/lib\libHCCD.a(fat_common.o)
 .text._f_emptywritebuffer
                0x2001cbc4      0x20c C:/ISIS/workspace_ycube/GlobusSatProject/..//hal/hcc/lib\libHCCD.a(fat_common.o)
 .text._f_writezeros
                0x2001cdd0       0xf0 C:/ISIS/workspace_ycube/GlobusSatProject/..//hal/hcc/lib\libHCCD.a(fat_common.o)
                0x2001cdd0                _f_writezeros
 .text._f_extend_file
                0x2001cec0      0x570 C:/ISIS/workspace_ycube/GlobusSatProject/..//hal/hcc/lib\libHCCD.a(fat_common.o)
 .text._f_fseek
                0x2001d430      0x9bc C:/ISIS/workspace_ycube/GlobusSatProject/..//hal/hcc/lib\libHCCD.a(fat_common.o)
                0x2001d430                _f_fseek
 .text._f_removechain
                0x2001ddec      0x104 C:/ISIS/workspace_ycube/GlobusSatProject/..//hal/hcc/lib\libHCCD.a(fat_common.o)
                0x2001ddec                _f_removechain
 .text._f_updatefileentry
                0x2001def0      0x1cc C:/ISIS/workspace_ycube/GlobusSatProject/..//hal/hcc/lib\libHCCD.a(fat_common.o)
 .text._f_checkreadlocked
                0x2001e0bc      0x1bc C:/ISIS/workspace_ycube/GlobusSatProject/..//hal/hcc/lib\libHCCD.a(fat_common.o)
                0x2001e0bc                _f_checkreadlocked
 .text._f_check_handle
                0x2001e278       0x98 C:/ISIS/workspace_ycube/GlobusSatProject/..//hal/hcc/lib\libHCCD.a(fat_common.o)
                0x2001e278                _f_check_handle
 .text._f_removesyncafile
                0x2001e310      0x1ec C:/ISIS/workspace_ycube/GlobusSatProject/..//hal/hcc/lib\libHCCD.a(fat_common.o)
 .text.fn_close
                0x2001e4fc      0x3f8 C:/ISIS/workspace_ycube/GlobusSatProject/..//hal/hcc/lib\libHCCD.a(fat_common.o)
                0x2001e4fc                fn_close
 .text.fn_flush
                0x2001e8f4      0x374 C:/ISIS/workspace_ycube/GlobusSatProject/..//hal/hcc/lib\libHCCD.a(fat_common.o)
                0x2001e8f4                fn_flush
 .text.fn_read  0x2001ec68      0x690 C:/ISIS/workspace_ycube/GlobusSatProject/..//hal/hcc/lib\libHCCD.a(fat_common.o)
                0x2001ec68                fn_read
 .text._f_abortwrite
                0x2001f2f8      0x100 C:/ISIS/workspace_ycube/GlobusSatProject/..//hal/hcc/lib\libHCCD.a(fat_common.o)
 .text._f_checkwritecluster
                0x2001f3f8       0xe4 C:/ISIS/workspace_ycube/GlobusSatProject/..//hal/hcc/lib\libHCCD.a(fat_common.o)
 .text.fn_write
                0x2001f4dc      0x8a8 C:/ISIS/workspace_ycube/GlobusSatProject/..//hal/hcc/lib\libHCCD.a(fat_common.o)
                0x2001f4dc                fn_write
 .text.fn_seek  0x2001fd84      0x270 C:/ISIS/workspace_ycube/GlobusSatProject/..//hal/hcc/lib\libHCCD.a(fat_common.o)
                0x2001fd84                fn_seek
 .text.fn_tell  0x2001fff4      0x19c C:/ISIS/workspace_ycube/GlobusSatProject/..//hal/hcc/lib\libHCCD.a(fat_common.o)
                0x2001fff4                fn_tell
 .text.fn_rewind
                0x20020190       0x38 C:/ISIS/workspace_ycube/GlobusSatProject/..//hal/hcc/lib\libHCCD.a(fat_common.o)
                0x20020190                fn_rewind
 .text.fn_putc  0x200201c8       0x68 C:/ISIS/workspace_ycube/GlobusSatProject/..//hal/hcc/lib\libHCCD.a(fat_common.o)
                0x200201c8                fn_putc
 .text.f_enterFS
                0x20020230      0x1c0 C:/ISIS/workspace_ycube/GlobusSatProject/..//hal/hcc/lib\libHCCD.a(fat_common.o)
                0x20020230                f_enterFS
 .text.f_releaseFS
                0x200203f0       0xb0 C:/ISIS/workspace_ycube/GlobusSatProject/..//hal/hcc/lib\libHCCD.a(fat_common.o)
                0x200203f0                f_releaseFS
 .text.fnGetTask
                0x200204a0       0xfc C:/ISIS/workspace_ycube/GlobusSatProject/..//hal/hcc/lib\libHCCD.a(fat_common.o)
                0x200204a0                fnGetTask
 .text._f_mutex_get
                0x2002059c       0x98 C:/ISIS/workspace_ycube/GlobusSatProject/..//hal/hcc/lib\libHCCD.a(fat_common.o)
                0x2002059c                _f_mutex_get
 .text._f_mutex_put
                0x20020634       0x54 C:/ISIS/workspace_ycube/GlobusSatProject/..//hal/hcc/lib\libHCCD.a(fat_common.o)
                0x20020634                _f_mutex_put
 .text._fn_initseekdivisor
                0x20020688      0x158 C:/ISIS/workspace_ycube/GlobusSatProject/..//hal/hcc/lib\libHCCD.a(fat_common.o)
                0x20020688                _fn_initseekdivisor
 .text._fn_updateseekpos
                0x200207e0       0xc4 C:/ISIS/workspace_ycube/GlobusSatProject/..//hal/hcc/lib\libHCCD.a(fat_common.o)
 .text._f_findopensize
                0x200208a4       0x2c C:/ISIS/workspace_ycube/GlobusSatProject/..//hal/hcc/lib\libHCCD.a(fat_common.o)
                0x200208a4                _f_findopensize
 .text.fn_setlasterror
                0x200208d0       0x34 C:/ISIS/workspace_ycube/GlobusSatProject/..//hal/hcc/lib\libHCCD.a(fat_common.o)
                0x200208d0                fn_setlasterror
 .text.fn_setlasterror_noret
                0x20020904       0x2c C:/ISIS/workspace_ycube/GlobusSatProject/..//hal/hcc/lib\libHCCD.a(fat_common.o)
                0x20020904                fn_setlasterror_noret
 .text._s_checkzeroclusteratend
                0x20020930       0xf8 C:/ISIS/workspace_ycube/GlobusSatProject/..//hal/hcc/lib\libHCCD.a(safefat.o)
 .text._s_clearclustercontent
                0x20020a28      0x108 C:/ISIS/workspace_ycube/GlobusSatProject/..//hal/hcc/lib\libHCCD.a(safefat.o)
 .text._s_clearclustercontentdir
                0x20020b30      0x19c C:/ISIS/workspace_ycube/GlobusSatProject/..//hal/hcc/lib\libHCCD.a(safefat.o)
 .text._s_writedirsector
                0x20020ccc       0xd0 C:/ISIS/workspace_ycube/GlobusSatProject/..//hal/hcc/lib\libHCCD.a(safefat.o)
 .text._s_getdirsector
                0x20020d9c      0x100 C:/ISIS/workspace_ycube/GlobusSatProject/..//hal/hcc/lib\libHCCD.a(safefat.o)
 .text._s_addentry
                0x20020e9c      0x394 C:/ISIS/workspace_ycube/GlobusSatProject/..//hal/hcc/lib\libHCCD.a(safefat.o)
 .text._s_findfile
                0x20021230      0x33c C:/ISIS/workspace_ycube/GlobusSatProject/..//hal/hcc/lib\libHCCD.a(safefat.o)
 .text._s_findsubdir
                0x2002156c      0x248 C:/ISIS/workspace_ycube/GlobusSatProject/..//hal/hcc/lib\libHCCD.a(safefat.o)
 .text._s_createfile
                0x200217b4      0x190 C:/ISIS/workspace_ycube/GlobusSatProject/..//hal/hcc/lib\libHCCD.a(safefat.o)
 .text._s_findsaffile
                0x20021944      0x1b8 C:/ISIS/workspace_ycube/GlobusSatProject/..//hal/hcc/lib\libHCCD.a(safefat.o)
 .text._s_open  0x20021afc       0xe4 C:/ISIS/workspace_ycube/GlobusSatProject/..//hal/hcc/lib\libHCCD.a(safefat.o)
 .text._s_open_saf
                0x20021be0       0xe8 C:/ISIS/workspace_ycube/GlobusSatProject/..//hal/hcc/lib\libHCCD.a(safefat.o)
 .text._s_flush
                0x20021cc8       0x84 C:/ISIS/workspace_ycube/GlobusSatProject/..//hal/hcc/lib\libHCCD.a(safefat.o)
 .text._s_allocnextcluster
                0x20021d4c      0x13c C:/ISIS/workspace_ycube/GlobusSatProject/..//hal/hcc/lib\libHCCD.a(safefat.o)
 .text._s_getnextsector
                0x20021e88       0xdc C:/ISIS/workspace_ycube/GlobusSatProject/..//hal/hcc/lib\libHCCD.a(safefat.o)
 .text._s_seek  0x20021f64      0x1e8 C:/ISIS/workspace_ycube/GlobusSatProject/..//hal/hcc/lib\libHCCD.a(safefat.o)
 .text._s_get_len
                0x2002214c      0x10c C:/ISIS/workspace_ycube/GlobusSatProject/..//hal/hcc/lib\libHCCD.a(safefat.o)
 .text._s_set_len
                0x20022258       0xb4 C:/ISIS/workspace_ycube/GlobusSatProject/..//hal/hcc/lib\libHCCD.a(safefat.o)
 .text.safe_fix_filelengths
                0x2002230c       0xcc C:/ISIS/workspace_ycube/GlobusSatProject/..//hal/hcc/lib\libHCCD.a(safefat.o)
                0x2002230c                safe_fix_filelengths
 .text._s_read  0x200223d8      0x228 C:/ISIS/workspace_ycube/GlobusSatProject/..//hal/hcc/lib\libHCCD.a(safefat.o)
 .text._s_write
                0x20022600      0x384 C:/ISIS/workspace_ycube/GlobusSatProject/..//hal/hcc/lib\libHCCD.a(safefat.o)
 .text._s_restoreclusters
                0x20022984      0x270 C:/ISIS/workspace_ycube/GlobusSatProject/..//hal/hcc/lib\libHCCD.a(safefat.o)
                0x20022984                _s_restoreclusters
 .text._s_findrestore
                0x20022bf4      0x18c C:/ISIS/workspace_ycube/GlobusSatProject/..//hal/hcc/lib\libHCCD.a(safefat.o)
 .text._s_cmd_writede
                0x20022d80       0xd8 C:/ISIS/workspace_ycube/GlobusSatProject/..//hal/hcc/lib\libHCCD.a(safefat.o)
 .text._s_cmd_setcluster
                0x20022e58       0x88 C:/ISIS/workspace_ycube/GlobusSatProject/..//hal/hcc/lib\libHCCD.a(safefat.o)
 .text._s_cmd_deletechain
                0x20022ee0      0x100 C:/ISIS/workspace_ycube/GlobusSatProject/..//hal/hcc/lib\libHCCD.a(safefat.o)
 .text._s_cmd_validatecfn
                0x20022fe0      0x308 C:/ISIS/workspace_ycube/GlobusSatProject/..//hal/hcc/lib\libHCCD.a(safefat.o)
 .text._s_cmd_seteof
                0x200232e8      0x3c4 C:/ISIS/workspace_ycube/GlobusSatProject/..//hal/hcc/lib\libHCCD.a(safefat.o)
 .text.safe_docommands
                0x200236ac      0x56c C:/ISIS/workspace_ycube/GlobusSatProject/..//hal/hcc/lib\libHCCD.a(safefat.o)
                0x200236ac                safe_docommands
 .text.safe_entercommand
                0x20023c18       0x68 C:/ISIS/workspace_ycube/GlobusSatProject/..//hal/hcc/lib\libHCCD.a(safefat.o)
                0x20023c18                safe_entercommand
 .text.safe_ready
                0x20023c80       0xf4 C:/ISIS/workspace_ycube/GlobusSatProject/..//hal/hcc/lib\libHCCD.a(safefat.o)
                0x20023c80                safe_ready
 .text.safe_copycfn
                0x20023d74       0xb8 C:/ISIS/workspace_ycube/GlobusSatProject/..//hal/hcc/lib\libHCCD.a(safefat.o)
                0x20023d74                safe_copycfn
 .text.safe_cfremove
                0x20023e2c       0xb8 C:/ISIS/workspace_ycube/GlobusSatProject/..//hal/hcc/lib\libHCCD.a(safefat.o)
                0x20023e2c                safe_cfremove
 .text.safe_writede
                0x20023ee4      0x104 C:/ISIS/workspace_ycube/GlobusSatProject/..//hal/hcc/lib\libHCCD.a(safefat.o)
                0x20023ee4                safe_writede
 .text.safe_setcluster
                0x20023fe8       0xcc C:/ISIS/workspace_ycube/GlobusSatProject/..//hal/hcc/lib\libHCCD.a(safefat.o)
                0x20023fe8                safe_setcluster
 .text.safe_deletechain
                0x200240b4      0x1c8 C:/ISIS/workspace_ycube/GlobusSatProject/..//hal/hcc/lib\libHCCD.a(safefat.o)
                0x200240b4                safe_deletechain
 .text.safe_cfclose
                0x2002427c      0x104 C:/ISIS/workspace_ycube/GlobusSatProject/..//hal/hcc/lib\libHCCD.a(safefat.o)
                0x2002427c                safe_cfclose
 .text.safe_cfflush
                0x20024380      0x124 C:/ISIS/workspace_ycube/GlobusSatProject/..//hal/hcc/lib\libHCCD.a(safefat.o)
                0x20024380                safe_cfflush
 .text.safe_reset
                0x200244a4       0x78 C:/ISIS/workspace_ycube/GlobusSatProject/..//hal/hcc/lib\libHCCD.a(safefat.o)
                0x200244a4                safe_reset
 .text.safe_loadcommands
                0x2002451c       0x78 C:/ISIS/workspace_ycube/GlobusSatProject/..//hal/hcc/lib\libHCCD.a(safefat.o)
                0x2002451c                safe_loadcommands
 .text.safe_poweron
                0x20024594      0x1fc C:/ISIS/workspace_ycube/GlobusSatProject/..//hal/hcc/lib\libHCCD.a(safefat.o)
                0x20024594                safe_poweron
 .text.cf_getname
                0x20024790       0xc0 C:/ISIS/workspace_ycube/GlobusSatProject/..//hal/hcc/lib\libHCCD.a(safefat.o)
 .text.cf_copyclusterchain
                0x20024850      0x138 C:/ISIS/workspace_ycube/GlobusSatProject/..//hal/hcc/lib\libHCCD.a(safefat.o)
 .text.cf_seektozero
                0x20024988       0x94 C:/ISIS/workspace_ycube/GlobusSatProject/..//hal/hcc/lib\libHCCD.a(safefat.o)
                0x20024988                cf_seektozero
 .text.cf_create
                0x20024a1c      0x3a8 C:/ISIS/workspace_ycube/GlobusSatProject/..//hal/hcc/lib\libHCCD.a(safefat.o)
                0x20024a1c                cf_create
 .text.cf_copyclustercontent
                0x20024dc4      0x128 C:/ISIS/workspace_ycube/GlobusSatProject/..//hal/hcc/lib\libHCCD.a(safefat.o)
                0x20024dc4                cf_copyclustercontent
 .text.cf_copycfn
                0x20024eec      0x4bc C:/ISIS/workspace_ycube/GlobusSatProject/..//hal/hcc/lib\libHCCD.a(safefat.o)
                0x20024eec                cf_copycfn
 .text.cf_remove
                0x200253a8      0x344 C:/ISIS/workspace_ycube/GlobusSatProject/..//hal/hcc/lib\libHCCD.a(safefat.o)
                0x200253a8                cf_remove
 .text.cf_setclusternew
                0x200256ec       0xf0 C:/ISIS/workspace_ycube/GlobusSatProject/..//hal/hcc/lib\libHCCD.a(safefat.o)
                0x200256ec                cf_setclusternew
 .text.cf_flush
                0x200257dc       0x58 C:/ISIS/workspace_ycube/GlobusSatProject/..//hal/hcc/lib\libHCCD.a(safefat.o)
                0x200257dc                cf_flush
 .text.cf_getcluster
                0x20025834      0x1b4 C:/ISIS/workspace_ycube/GlobusSatProject/..//hal/hcc/lib\libHCCD.a(safefat.o)
                0x20025834                cf_getcluster
 .text.cf_setnextcluster
                0x200259e8      0x194 C:/ISIS/workspace_ycube/GlobusSatProject/..//hal/hcc/lib\libHCCD.a(safefat.o)
                0x200259e8                cf_setnextcluster
 .text.cf_getpositions
                0x20025b7c       0xbc C:/ISIS/workspace_ycube/GlobusSatProject/..//hal/hcc/lib\libHCCD.a(safefat.o)
                0x20025b7c                cf_getpositions
 .text.cf_setpositions
                0x20025c38       0xb0 C:/ISIS/workspace_ycube/GlobusSatProject/..//hal/hcc/lib\libHCCD.a(safefat.o)
                0x20025c38                cf_setpositions
 .text.cf_opensyncafile
                0x20025ce8      0x150 C:/ISIS/workspace_ycube/GlobusSatProject/..//hal/hcc/lib\libHCCD.a(safefat.o)
                0x20025ce8                cf_opensyncafile
 .text.cf_reloadcfo
                0x20025e38       0xd8 C:/ISIS/workspace_ycube/GlobusSatProject/..//hal/hcc/lib\libHCCD.a(safefat.o)
                0x20025e38                cf_reloadcfo
 .text.mcipdc_cmd
                0x20025f10      0x22c C:/ISIS/workspace_ycube/GlobusSatProject/..//hal/hcc/lib\libHCCD.a(atmel_mcipdc.o)
 .text.mcipdc_stop
                0x2002613c       0xfc C:/ISIS/workspace_ycube/GlobusSatProject/..//hal/hcc/lib\libHCCD.a(atmel_mcipdc.o)
                0x2002613c                mcipdc_stop
 .text.mcipdc_read
                0x20026238      0x27c C:/ISIS/workspace_ycube/GlobusSatProject/..//hal/hcc/lib\libHCCD.a(atmel_mcipdc.o)
 .text.mcipdc_write
                0x200264b4      0x298 C:/ISIS/workspace_ycube/GlobusSatProject/..//hal/hcc/lib\libHCCD.a(atmel_mcipdc.o)
 .text.mcipdc_readsector
                0x2002674c       0x9c C:/ISIS/workspace_ycube/GlobusSatProject/..//hal/hcc/lib\libHCCD.a(atmel_mcipdc.o)
                0x2002674c                mcipdc_readsector
 .text.mcipdc_readmultiplesector
                0x200267e8      0x124 C:/ISIS/workspace_ycube/GlobusSatProject/..//hal/hcc/lib\libHCCD.a(atmel_mcipdc.o)
                0x200267e8                mcipdc_readmultiplesector
 .text.mcipdc_writesector
                0x2002690c       0x90 C:/ISIS/workspace_ycube/GlobusSatProject/..//hal/hcc/lib\libHCCD.a(atmel_mcipdc.o)
                0x2002690c                mcipdc_writesector
 .text.mcipdc_writemultiplesector
                0x2002699c      0x120 C:/ISIS/workspace_ycube/GlobusSatProject/..//hal/hcc/lib\libHCCD.a(atmel_mcipdc.o)
                0x2002699c                mcipdc_writemultiplesector
 .text.mcipdc_set_speed
                0x20026abc       0xb0 C:/ISIS/workspace_ycube/GlobusSatProject/..//hal/hcc/lib\libHCCD.a(atmel_mcipdc.o)
 .text.mcipdc_get_speed
                0x20026b6c       0x48 C:/ISIS/workspace_ycube/GlobusSatProject/..//hal/hcc/lib\libHCCD.a(atmel_mcipdc.o)
 .text._get_csd_bits
                0x20026bb4      0x14c C:/ISIS/workspace_ycube/GlobusSatProject/..//hal/hcc/lib\libHCCD.a(atmel_mcipdc.o)
 .text.mcipdc_initcard
                0x20026d00      0x8f4 C:/ISIS/workspace_ycube/GlobusSatProject/..//hal/hcc/lib\libHCCD.a(atmel_mcipdc.o)
 .text.mcipdc_getstatus
                0x200275f4       0xe8 C:/ISIS/workspace_ycube/GlobusSatProject/..//hal/hcc/lib\libHCCD.a(atmel_mcipdc.o)
 .text.mcipdc_getphy
                0x200276dc       0x90 C:/ISIS/workspace_ycube/GlobusSatProject/..//hal/hcc/lib\libHCCD.a(atmel_mcipdc.o)
 .text.mcipdc_release
                0x2002776c       0x50 C:/ISIS/workspace_ycube/GlobusSatProject/..//hal/hcc/lib\libHCCD.a(atmel_mcipdc.o)
 .text.atmel_mcipdc_initfunc
                0x200277bc      0x160 C:/ISIS/workspace_ycube/GlobusSatProject/..//hal/hcc/lib\libHCCD.a(atmel_mcipdc.o)
                0x200277bc                atmel_mcipdc_initfunc
 .text.oal_task_get_id
                0x2002791c       0x18 C:/ISIS/workspace_ycube/GlobusSatProject/..//hal/hcc/lib\libHCCD.a(oalp_task.o)
                0x2002791c                oal_task_get_id
 .text.oal_mutex_create
                0x20027934       0x54 C:/ISIS/workspace_ycube/GlobusSatProject/..//hal/hcc/lib\libHCCD.a(oalp_mutex.o)
                0x20027934                oal_mutex_create
 .text.oal_mutex_delete
                0x20027988       0x30 C:/ISIS/workspace_ycube/GlobusSatProject/..//hal/hcc/lib\libHCCD.a(oalp_mutex.o)
                0x20027988                oal_mutex_delete
 .text.oal_mutex_get
                0x200279b8       0x58 C:/ISIS/workspace_ycube/GlobusSatProject/..//hal/hcc/lib\libHCCD.a(oalp_mutex.o)
                0x200279b8                oal_mutex_get
 .text.oal_mutex_put
                0x20027a10       0x58 C:/ISIS/workspace_ycube/GlobusSatProject/..//hal/hcc/lib\libHCCD.a(oalp_mutex.o)
                0x20027a10                oal_mutex_put
 .text.mcipdc_hw_init
                0x20027a68       0xe8 C:/ISIS/workspace_ycube/GlobusSatProject/..//hal/hcc/lib\libHCCD.a(atmel_mcipdc_hw.o)
                0x20027a68                mcipdc_hw_init
 .text.mcipdc_hw_delete
                0x20027b50       0x78 C:/ISIS/workspace_ycube/GlobusSatProject/..//hal/hcc/lib\libHCCD.a(atmel_mcipdc_hw.o)
                0x20027b50                mcipdc_hw_delete
 .text.mcipdc_hw_card_plugged
                0x20027bc8       0x1c C:/ISIS/workspace_ycube/GlobusSatProject/..//hal/hcc/lib\libHCCD.a(atmel_mcipdc_hw.o)
                0x20027bc8                mcipdc_hw_card_plugged
 .text.mcipdc_hw_card_writeprotect
                0x20027be4       0x1c C:/ISIS/workspace_ycube/GlobusSatProject/..//hal/hcc/lib\libHCCD.a(atmel_mcipdc_hw.o)
                0x20027be4                mcipdc_hw_card_writeprotect
 .text.psp_getrand
                0x20027c00      0x14c C:/ISIS/workspace_ycube/GlobusSatProject/..//hal/hcc/lib\libHCCD.a(psp_rand.o)
                0x20027c00                psp_getrand
 .text.psp_getcurrenttimedate
                0x20027d4c       0x8c C:/ISIS/workspace_ycube/GlobusSatProject/..//hal/hcc/lib\libHCCD.a(psp_rtc.o)
                0x20027d4c                psp_getcurrenttimedate
 .text._hcc_get_buf_dsc
                0x20027dd8       0x8c C:/ISIS/workspace_ycube/GlobusSatProject/..//hal/hcc/lib\libHCCD.a(hcc_mem.o)
 .text._hcc_check_free_pages
                0x20027e64      0x18c C:/ISIS/workspace_ycube/GlobusSatProject/..//hal/hcc/lib\libHCCD.a(hcc_mem.o)
 .text._hcc_mark_pages
                0x20027ff0      0x158 C:/ISIS/workspace_ycube/GlobusSatProject/..//hal/hcc/lib\libHCCD.a(hcc_mem.o)
 .text._hcc_clear_lock_dsc
                0x20028148       0x80 C:/ISIS/workspace_ycube/GlobusSatProject/..//hal/hcc/lib\libHCCD.a(hcc_mem.o)
 .text._hcc_lock_access
                0x200281c8      0x128 C:/ISIS/workspace_ycube/GlobusSatProject/..//hal/hcc/lib\libHCCD.a(hcc_mem.o)
 .text._hcc_unlock_access
                0x200282f0       0x30 C:/ISIS/workspace_ycube/GlobusSatProject/..//hal/hcc/lib\libHCCD.a(hcc_mem.o)
 .text.hcc_mem_alloc
                0x20028320      0x454 C:/ISIS/workspace_ycube/GlobusSatProject/..//hal/hcc/lib\libHCCD.a(hcc_mem.o)
                0x20028320                hcc_mem_alloc
 .text.hcc_mem_free
                0x20028774      0x178 C:/ISIS/workspace_ycube/GlobusSatProject/..//hal/hcc/lib\libHCCD.a(hcc_mem.o)
                0x20028774                hcc_mem_free
 .text.hcc_mem_add
                0x200288ec      0x3b0 C:/ISIS/workspace_ycube/GlobusSatProject/..//hal/hcc/lib\libHCCD.a(hcc_mem.o)
                0x200288ec                hcc_mem_add
 .text.hcc_mem_init
                0x20028c9c      0x164 C:/ISIS/workspace_ycube/GlobusSatProject/..//hal/hcc/lib\libHCCD.a(hcc_mem.o)
                0x20028c9c                hcc_mem_init
 .text.hcc_mem_delete
                0x20028e00       0x94 C:/ISIS/workspace_ycube/GlobusSatProject/..//hal/hcc/lib\libHCCD.a(hcc_mem.o)
                0x20028e00                hcc_mem_delete
 .text.hcc_mem_buf_alloc
                0x20028e94       0xe4 C:/ISIS/workspace_ycube/GlobusSatProject/..//hal/hcc/lib\libHCCD.a(psp_hcc_mem.o)
                0x20028e94                hcc_mem_buf_alloc
 .text.hcc_mem_buf_free
                0x20028f78       0x6c C:/ISIS/workspace_ycube/GlobusSatProject/..//hal/hcc/lib\libHCCD.a(psp_hcc_mem.o)
                0x20028f78                hcc_mem_buf_free
 .text.IsisSolarPanelv2_initialize
                0x20028fe4      0x118 C:/ISIS/workspace_ycube/GlobusSatProject/..//satellite-subsystems/satellite-subsystems/lib\libSatelliteSubsystemsD.a(IsisSolarPanelv2.o)
                0x20028fe4                IsisSolarPanelv2_initialize
 .text.IsisSolarPanelv2_getTemperature
                0x200290fc       0xfc C:/ISIS/workspace_ycube/GlobusSatProject/..//satellite-subsystems/satellite-subsystems/lib\libSatelliteSubsystemsD.a(IsisSolarPanelv2.o)
                0x200290fc                IsisSolarPanelv2_getTemperature
 .text._Reset   0x200291f8       0x20 C:/ISIS/workspace_ycube/GlobusSatProject/..//satellite-subsystems/satellite-subsystems/lib\libSatelliteSubsystemsD.a(IsisSolarPanelv2.o)
 .text._WaitForStartup
                0x20029218       0xa0 C:/ISIS/workspace_ycube/GlobusSatProject/..//satellite-subsystems/satellite-subsystems/lib\libSatelliteSubsystemsD.a(IsisSolarPanelv2.o)
 .text._AssignAllChannels
                0x200292b8       0x90 C:/ISIS/workspace_ycube/GlobusSatProject/..//satellite-subsystems/satellite-subsystems/lib\libSatelliteSubsystemsD.a(IsisSolarPanelv2.o)
 .text._AssignThisChannel
                0x20029348       0xe8 C:/ISIS/workspace_ycube/GlobusSatProject/..//satellite-subsystems/satellite-subsystems/lib\libSatelliteSubsystemsD.a(IsisSolarPanelv2.o)
 .text._InitiateConversion
                0x20029430       0xac C:/ISIS/workspace_ycube/GlobusSatProject/..//satellite-subsystems/satellite-subsystems/lib\libSatelliteSubsystemsD.a(IsisSolarPanelv2.o)
 .text._WaitForConversionComplete
                0x200294dc      0x110 C:/ISIS/workspace_ycube/GlobusSatProject/..//satellite-subsystems/satellite-subsystems/lib\libSatelliteSubsystemsD.a(IsisSolarPanelv2.o)
 .text._ReadResult
                0x200295ec      0x158 C:/ISIS/workspace_ycube/GlobusSatProject/..//satellite-subsystems/satellite-subsystems/lib\libSatelliteSubsystemsD.a(IsisSolarPanelv2.o)
 .text._ExtractByte
                0x20029744       0x38 C:/ISIS/workspace_ycube/GlobusSatProject/..//satellite-subsystems/satellite-subsystems/lib\libSatelliteSubsystemsD.a(IsisSolarPanelv2.o)
 .text._ExtendSign
                0x2002977c       0x6c C:/ISIS/workspace_ycube/GlobusSatProject/..//satellite-subsystems/satellite-subsystems/lib\libSatelliteSubsystemsD.a(IsisSolarPanelv2.o)
 .text._PinsInit
                0x200297e8       0x68 C:/ISIS/workspace_ycube/GlobusSatProject/..//satellite-subsystems/satellite-subsystems/lib\libSatelliteSubsystemsD.a(IsisSolarPanelv2.o)
 .text._SpiWriteRead
                0x20029850       0x70 C:/ISIS/workspace_ycube/GlobusSatProject/..//satellite-subsystems/satellite-subsystems/lib\libSatelliteSubsystemsD.a(IsisSolarPanelv2.o)
 .text.ISIS_ANTS_REV2_Init
                0x200298c0       0xc4 C:/ISIS/workspace_ycube/GlobusSatProject/..//satellite-subsystems/satellite-subsystems/lib\libSatelliteSubsystemsD.a(isis_ants_rev2.o)
                0x200298c0                ISIS_ANTS_REV2_Init
 .text.isis_ants_rev2__arm
                0x20029984       0x98 C:/ISIS/workspace_ycube/GlobusSatProject/..//satellite-subsystems/satellite-subsystems/lib\libSatelliteSubsystemsD.a(isis_ants_rev2.o)
                0x20029984                isis_ants_rev2__arm
 .text.isis_ants_rev2__cancel_deploy
                0x20029a1c       0x98 C:/ISIS/workspace_ycube/GlobusSatProject/..//satellite-subsystems/satellite-subsystems/lib\libSatelliteSubsystemsD.a(isis_ants_rev2.o)
                0x20029a1c                isis_ants_rev2__cancel_deploy
 .text.isis_ants_rev2__disarm
                0x20029ab4       0x98 C:/ISIS/workspace_ycube/GlobusSatProject/..//satellite-subsystems/satellite-subsystems/lib\libSatelliteSubsystemsD.a(isis_ants_rev2.o)
                0x20029ab4                isis_ants_rev2__disarm
 .text.isis_ants_rev2__get_status
                0x20029b4c       0xa8 C:/ISIS/workspace_ycube/GlobusSatProject/..//satellite-subsystems/satellite-subsystems/lib\libSatelliteSubsystemsD.a(isis_ants_rev2.o)
                0x20029b4c                isis_ants_rev2__get_status
 .text.isis_ants_rev2__get_uptime
                0x20029bf4       0xa8 C:/ISIS/workspace_ycube/GlobusSatProject/..//satellite-subsystems/satellite-subsystems/lib\libSatelliteSubsystemsD.a(isis_ants_rev2.o)
                0x20029bf4                isis_ants_rev2__get_uptime
 .text.isis_ants_rev2__reset
                0x20029c9c       0x98 C:/ISIS/workspace_ycube/GlobusSatProject/..//satellite-subsystems/satellite-subsystems/lib\libSatelliteSubsystemsD.a(isis_ants_rev2.o)
                0x20029c9c                isis_ants_rev2__reset
 .text.isis_ants_rev2__start_auto_deploy
                0x20029d34       0xb0 C:/ISIS/workspace_ycube/GlobusSatProject/..//satellite-subsystems/satellite-subsystems/lib\libSatelliteSubsystemsD.a(isis_ants_rev2.o)
                0x20029d34                isis_ants_rev2__start_auto_deploy
 .text._ISIS_ANTS_REV2_I2C_Send