Archive member included because of file (symbol)

C:/ISIS/workspace/ycube/GlobusSatProject/..//hal/hal/lib\libHALD.a(ADC.o)
                              ./src/SubSystemModules/Housekepping/TelemetryCollector.o (ADC_ConvertRaw10bitToMillivolt)
C:/ISIS/workspace/ycube/GlobusSatProject/..//hal/hal/lib\libHALD.a(I2C.o)
                              ./src/SubSystemModules/Communication/SubsystemCommands/Maintanence_Commands.o (I2C_write)
C:/ISIS/workspace/ycube/GlobusSatProject/..//hal/hal/lib\libHALD.a(SPI.o)
                              ./src/InitSystem.o (SPI_start)
C:/ISIS/workspace/ycube/GlobusSatProject/..//hal/hal/lib\libHALD.a(FRAM.o)
                              ./src/SubSystemModules/Communication/SubsystemCommands/Maintanence_Commands.o (FRAM_start)
C:/ISIS/workspace/ycube/GlobusSatProject/..//hal/hal/lib\libHALD.a(Time.o)
                              ./src/InitSystem.o (Time_start)
C:/ISIS/workspace/ycube/GlobusSatProject/..//hal/hal/lib\libHALD.a(WatchDogTimerNoOS.o)
                              ./src/main.o (WDT_start)
C:/ISIS/workspace/ycube/GlobusSatProject/..//hal/hal/lib\libHALD.a(WatchDogTimerOS.o)
                              ./src/TestingDemos/MainTest.o (WDT_startWatchdogKickTask)
C:/ISIS/workspace/ycube/GlobusSatProject/..//hal/hal/lib\libHALD.a(fprintf.o)
                              ./src/TLM_management.o (f_puts)
C:/ISIS/workspace/ycube/GlobusSatProject/..//hal/hal/lib\libHALD.a(util.o)
                              ./src/TestingDemos/EpsTestingDemo.o (UTIL_DbguGetInteger)
C:/ISIS/workspace/ycube/GlobusSatProject/..//hal/hal/lib\libHALD.a(LED.o)
                              C:/ISIS/workspace/ycube/GlobusSatProject/..//hal/hal/lib\libHALD.a(WatchDogTimerOS.o) (LED_toggle)
C:/ISIS/workspace/ycube/GlobusSatProject/..//hal/hal/lib\libHALD.a(RTC.o)
                              C:/ISIS/workspace/ycube/GlobusSatProject/..//hal/hal/lib\libHALD.a(Time.o) (RTC_getTime)
C:/ISIS/workspace/ycube/GlobusSatProject/..//hal/hal/lib\libHALD.a(RTT.o)
                              C:/ISIS/workspace/ycube/GlobusSatProject/..//hal/hal/lib\libHALD.a(Time.o) (RTT_start)
C:/ISIS/workspace/ycube/GlobusSatProject/..//hal/hcc/lib\libHCCD.a(fat_common.o)
                              ./src/TLM_management.o (fn_init)
C:/ISIS/workspace/ycube/GlobusSatProject/..//hal/hcc/lib\libHCCD.a(fat_m.o)
                              ./src/TLM_management.o (fm_initvolume)
C:/ISIS/workspace/ycube/GlobusSatProject/..//hal/hcc/lib\libHCCD.a(safefat.o)
                              C:/ISIS/workspace/ycube/GlobusSatProject/..//hal/hcc/lib\libHCCD.a(fat_common.o) (safe_fix_filelengths)
C:/ISIS/workspace/ycube/GlobusSatProject/..//hal/hcc/lib\libHCCD.a(atmel_mcipdc.o)
                              ./src/TLM_management.o (atmel_mcipdc_initfunc)
C:/ISIS/workspace/ycube/GlobusSatProject/..//hal/hcc/lib\libHCCD.a(oalp_mutex.o)
                              C:/ISIS/workspace/ycube/GlobusSatProject/..//hal/hcc/lib\libHCCD.a(fat_common.o) (oal_mutex_create)
C:/ISIS/workspace/ycube/GlobusSatProject/..//hal/hcc/lib\libHCCD.a(oalp_task.o)
                              C:/ISIS/workspace/ycube/GlobusSatProject/..//hal/hcc/lib\libHCCD.a(fat_common.o) (oal_task_get_id)
C:/ISIS/workspace/ycube/GlobusSatProject/..//hal/hcc/lib\libHCCD.a(atmel_mcipdc_hw.o)
                              C:/ISIS/workspace/ycube/GlobusSatProject/..//hal/hcc/lib\libHCCD.a(atmel_mcipdc.o) (mcipdc_hw_init)
C:/ISIS/workspace/ycube/GlobusSatProject/..//hal/hcc/lib\libHCCD.a(psp_rand.o)
                              C:/ISIS/workspace/ycube/GlobusSatProject/..//hal/hcc/lib\libHCCD.a(fat_common.o) (psp_getrand)
C:/ISIS/workspace/ycube/GlobusSatProject/..//hal/hcc/lib\libHCCD.a(psp_rtc.o)
                              C:/ISIS/workspace/ycube/GlobusSatProject/..//hal/hcc/lib\libHCCD.a(fat_common.o) (psp_getcurrenttimedate)
C:/ISIS/workspace/ycube/GlobusSatProject/..//hal/hcc/lib\libHCCD.a(hcc_mem.o)
                              C:/ISIS/workspace/ycube/GlobusSatProject/..//hal/hcc/lib\libHCCD.a(atmel_mcipdc.o) (hcc_mem_alloc)
C:/ISIS/workspace/ycube/GlobusSatProject/..//hal/hcc/lib\libHCCD.a(fat.o)
                              C:/ISIS/workspace/ycube/GlobusSatProject/..//hal/hcc/lib\libHCCD.a(fat_common.o) (_f_getdirsector)
C:/ISIS/workspace/ycube/GlobusSatProject/..//hal/hcc/lib\libHCCD.a(psp_hcc_mem.o)
                              C:/ISIS/workspace/ycube/GlobusSatProject/..//hal/hcc/lib\libHCCD.a(hcc_mem.o) (hcc_mem_buf_alloc)
C:/ISIS/workspace/ycube/GlobusSatProject/..//satellite-subsystems/satellite-subsystems/lib\libSatelliteSubsystemsD.a(IsisAntS.o)
                              ./src/SubSystemModules/Communication/TRXVU.o (IsisAntS_initialize)
C:/ISIS/workspace/ycube/GlobusSatProject/..//satellite-subsystems/satellite-subsystems/lib\libSatelliteSubsystemsD.a(IsisSolarPanelv2.o)
                              ./src/SubSystemModules/PowerManagment/EPS.o (IsisSolarPanelv2_initialize)
[...]
Memory Configuration

Name             Origin             Length             Attributes
sram0            0x00200000         0x00004000         w !xr
sram1            0x00300000         0x00004000         w !xr
sdram            0x20000000         0x02000000         w !xr
*default*        0x00000000         0xffffffff

Linker script and memory map

LOAD c:/isis/application/toolchain/bin/../lib/gcc/arm-none-eabi/4.7.4/../../../../arm-none-eabi/lib\libc.a
LOAD ./src/TestingDemos/CommandsTestingDemo.o
LOAD ./src/TestingDemos/EpsTestingDemo.o
LOAD ./src/TestingDemos/FileSystemTestingDemo.o
LOAD ./src/TestingDemos/MainTest.o
LOAD ./src/TestingDemos/MaintenanceTestingDemo.o
LOAD ./src/TestingDemos/TelemetryTestingDemo.o
LOAD ./src/TestingDemos/TrxvuTestingDemo.o
LOAD ./src/SubSystemModules/PowerManagment/EPS.o
LOAD ./src/SubSystemModules/PowerManagment/EPSOperationModes.o
LOAD ./src/SubSystemModules/Maintenance/Maintenance.o
LOAD ./src/SubSystemModules/Housekepping/TelemetryCollector.o
LOAD ./src/SubSystemModules/Communication/SubsystemCommands/EPS_Commands.o
LOAD ./src/SubSystemModules/Communication/SubsystemCommands/FS_Commands.o
LOAD ./src/SubSystemModules/Communication/SubsystemCommands/Maintanence_Commands.o
LOAD ./src/SubSystemModules/Communication/SubsystemCommands/TRXVU_Commands.o
LOAD ./src/SubSystemModules/Communication/AckHandler.o
LOAD ./src/SubSystemModules/Communication/CommandDictionary.o
LOAD ./src/SubSystemModules/Communication/SatCommandHandler.o
LOAD ./src/SubSystemModules/Communication/TRXVU.o
LOAD ./src/InitSystem.o
LOAD ./src/TLM_management.o
LOAD ./src/main.o
LOAD ./src/utils.o
LOAD C:/ISIS/workspace/ycube/GlobusSatProject/..//hal/hal/lib\libHALD.a
LOAD C:/ISIS/workspace/ycube/GlobusSatProject/..//hal/hcc/lib\libHCCD.a
LOAD C:/ISIS/workspace/ycube/GlobusSatProject/..//satellite-subsystems/satellite-subsystems/lib\libSatelliteSubsystemsD.a
LOAD C:/ISIS/workspace/ycube/GlobusSatProject/..//hal/freertos/lib\libFreeRTOSD.a
LOAD C:/ISIS/workspace/ycube/GlobusSatProject/..//hal/at91/lib\libAt91D.a
START GROUP
LOAD c:/isis/application/toolchain/bin/../lib/gcc/arm-none-eabi/4.7.4\libgcc.a
LOAD c:/isis/application/toolchain/bin/../lib/gcc/arm-none-eabi/4.7.4/../../../../arm-none-eabi/lib\libg.a
LOAD c:/isis/application/toolchain/bin/../lib/gcc/arm-none-eabi/4.7.4/../../../../arm-none-eabi/lib\libc.a
END GROUP

.fixed          0x20000000    0x39cb8
                0x20000000                . = ALIGN (0x4)
                0x20000000                _sfixed = .
 *(.startup)
 .startup       0x20000000      0x14c C:/ISIS/workspace/ycube/GlobusSatProject/..//hal/at91/lib\libAt91D.a(board_cstartup.o)
                0x20000000                entry
 *(.text)
 .text          0x2000014c       0x64 C:/ISIS/workspace/ycube/GlobusSatProject/..//hal/at91/lib\libAt91D.a(cp15_asm.o)
                0x2000014c                _readControlRegister
                0x20000158                _writeControlRegister
                0x20000160                _waitForInterrupt
                0x2000016c                _writeTTB
                0x20000174                _writeDomain
                0x2000017c                _writeITLBLockdown
                0x20000184                _prefetchICacheLine
                0x2000018c                _flushDCache
                0x20000198                _flushWriteBuffer
                0x200001a4                _invalidateIDTLBs
 .text          0x200001b0      0x114 c:/isis/application/toolchain/bin/../lib/gcc/arm-none-eabi/4.7.4\libgcc.a(_udivsi3.o)
                0x200001b0                __aeabi_uidiv
                0x200001b0                __udivsi3
                0x200002a4                __aeabi_uidivmod
 .text          0x200002c4      0x148 c:/isis/application/toolchain/bin/../lib/gcc/arm-none-eabi/4.7.4\libgcc.a(_divsi3.o)
                0x200002c4                __divsi3
                0x200002c4                __aeabi_idiv
                0x200003ec                __aeabi_idivmod
 .text          0x2000040c        0x4 c:/isis/application/toolchain/bin/../lib/gcc/arm-none-eabi/4.7.4\libgcc.a(_dvmd_tls.o)
                0x2000040c                __aeabi_idiv0
                0x2000040c                __aeabi_ldiv0
 .text          0x20000410      0x41c c:/isis/application/toolchain/bin/../lib/gcc/arm-none-eabi/4.7.4\libgcc.a(_arm_addsubdf3.o)
                0x20000410                __aeabi_drsub
                0x20000418                __aeabi_dsub
                0x20000418                __subdf3
                0x2000041c                __aeabi_dadd
                0x2000041c                __adddf3
                0x2000072c                __floatunsidf
                0x2000072c                __aeabi_ui2d
                0x20000750                __floatsidf
                0x20000750                __aeabi_i2d
                0x20000778                __aeabi_f2d
                0x20000778                __extendsfdf2
                0x200007b8                __floatundidf
                0x200007b8                __aeabi_ul2d
                0x200007cc                __floatdidf
                0x200007cc                __aeabi_l2d
 .text          0x2000082c      0x49c c:/isis/application/toolchain/bin/../lib/gcc/arm-none-eabi/4.7.4\libgcc.a(_arm_muldivdf3.o)
                0x2000082c                __aeabi_dmul
                0x2000082c                __muldf3
                0x20000abc                __divdf3
                0x20000abc                __aeabi_ddiv
 .text          0x20000cc8      0x144 c:/isis/application/toolchain/bin/../lib/gcc/arm-none-eabi/4.7.4\libgcc.a(_arm_cmpdf2.o)
                0x20000cc8                __gtdf2
                0x20000cc8                __gedf2
                0x20000cd0                __ltdf2
                0x20000cd0                __ledf2
                0x20000cd8                __nedf2
                0x20000cd8                __eqdf2
                0x20000cd8                __cmpdf2
                0x20000d60                __aeabi_cdrcmple
                0x20000d7c                __aeabi_cdcmpeq
                0x20000d7c                __aeabi_cdcmple
                0x20000d94                __aeabi_dcmpeq
                0x20000dac                __aeabi_dcmplt
                0x20000dc4                __aeabi_dcmple
                0x20000ddc                __aeabi_dcmpge
                0x20000df4                __aeabi_dcmpgt
 .text          0x20000e0c      0x2ac c:/isis/application/toolchain/bin/../lib/gcc/arm-none-eabi/4.7.4\libgcc.a(_arm_addsubsf3.o)
                0x20000e0c                __aeabi_frsub
                0x20000e14                __subsf3
                0x20000e14                __aeabi_fsub
                0x20000e18                __aeabi_fadd
                0x20000e18                __addsf3
                0x20000fd4                __aeabi_ui2f
                0x20000fd4                __floatunsisf
                0x20000fdc                __aeabi_i2f
                0x20000fdc                __floatsisf
                0x20000ffc                __aeabi_ul2f
                0x20000ffc                __floatundisf
                0x2000100c                __aeabi_l2f
                0x2000100c                __floatdisf
 .text          0x200010b8      0x2f8 c:/isis/application/toolchain/bin/../lib/gcc/arm-none-eabi/4.7.4\libgcc.a(_arm_muldivsf3.o)
                0x200010b8                __mulsf3
                0x200010b8                __aeabi_fmul
                0x20001250                __aeabi_fdiv
                0x20001250                __divsf3
 .text          0x200013b0      0x114 c:/isis/application/toolchain/bin/../lib/gcc/arm-none-eabi/4.7.4\libgcc.a(_arm_cmpsf2.o)
                0x200013b0                __gesf2
                0x200013b0                __gtsf2
                0x200013b8                __lesf2
                0x200013b8                __ltsf2
                0x200013c0                __nesf2
                0x200013c0                __eqsf2
                0x200013c0                __cmpsf2
                0x20001424                __aeabi_cfrcmple
                0x20001434                __aeabi_cfcmpeq
                0x20001434                __aeabi_cfcmple
                0x2000144c                __aeabi_fcmpeq
                0x20001464                __aeabi_fcmplt
                0x2000147c                __aeabi_fcmple
                0x20001494                __aeabi_fcmpge
                0x200014ac                __aeabi_fcmpgt
 .text          0x200014c4       0x54 c:/isis/application/toolchain/bin/../lib/gcc/arm-none-eabi/4.7.4\libgcc.a(_arm_fixunssfsi.o)
                0x200014c4                __fixunssfsi
                0x200014c4                __aeabi_f2uiz
 .text          0x20001518       0x5c c:/isis/application/toolchain/bin/../lib/gcc/arm-none-eabi/4.7.4\libgcc.a(_arm_fixdfsi.o)
                0x20001518                __aeabi_d2iz
                0x20001518                __fixdfsi
 .text          0x20001574       0x3c c:/isis/application/toolchain/bin/../lib/gcc/arm-none-eabi/4.7.4\libgcc.a(_aeabi_uldivmod.o)
                0x20001574                __aeabi_uldivmod
 .text          0x200015b0       0x84 c:/isis/application/toolchain/bin/../lib/gcc/arm-none-eabi/4.7.4\libgcc.a(bpabi.o)
                0x200015b0                __gnu_ldivmod_helper
                0x200015f4                __gnu_uldivmod_helper
 .text          0x20001634      0x4f0 c:/isis/application/toolchain/bin/../lib/gcc/arm-none-eabi/4.7.4\libgcc.a(_divdi3.o)
                0x20001634                __divdi3
 .text          0x20001b24      0x488 c:/isis/application/toolchain/bin/../lib/gcc/arm-none-eabi/4.7.4\libgcc.a(_udivdi3.o)
                0x20001b24                __udivdi3
 .text          0x20001fac       0x48 c:/isis/application/toolchain/bin/../lib/gcc/arm-none-eabi/4.7.4\libgcc.a(_clzsi2.o)
                0x20001fac                __clzsi2
 *(.text*)
 .text.GetBatteryVoltage
                0x20001ff4       0x6c ./src/SubSystemModules/PowerManagment/EPS.o
                0x20001ff4                GetBatteryVoltage
 .text.EPS_Init
                0x20002060       0xf0 ./src/SubSystemModules/PowerManagment/EPS.o
                0x20002060                EPS_Init
 .text.EPS_Conditioning
                0x20002150      0x1c4 ./src/SubSystemModules/PowerManagment/EPS.o
                0x20002150                EPS_Conditioning
 .text.UpdateAlpha
                0x20002314       0xd8 ./src/SubSystemModules/PowerManagment/EPS.o
                0x20002314                UpdateAlpha
 .text.GetThresholdVoltages
                0x200023ec       0x80 ./src/SubSystemModules/PowerManagment/EPS.o
                0x200023ec                GetThresholdVoltages
 .text.GetAlpha
                0x2000246c       0x7c ./src/SubSystemModules/PowerManagment/EPS.o
                0x2000246c                GetAlpha
 .text.CMDGetHeaterValues
                0x200024e8      0x234 ./src/SubSystemModules/PowerManagment/EPS.o
                0x200024e8                CMDGetHeaterValues
 .text.CMDSetHeaterValues
                0x2000271c      0x200 ./src/SubSystemModules/PowerManagment/EPS.o
                0x2000271c                CMDSetHeaterValues
 .text.EnterFullMode
                0x2000291c       0x44 ./src/SubSystemModules/PowerManagment/EPSOperationModes.o
                0x2000291c                EnterFullMode
 .text.EnterCruiseMode
                0x20002960       0x44 ./src/SubSystemModules/PowerManagment/EPSOperationModes.o
                0x20002960                EnterCruiseMode
 .text.EnterSafeMode
                0x200029a4       0x44 ./src/SubSystemModules/PowerManagment/EPSOperationModes.o
                0x200029a4                EnterSafeMode
 .text.EnterCriticalMode
                0x200029e8       0x44 ./src/SubSystemModules/PowerManagment/EPSOperationModes.o
                0x200029e8                EnterCriticalMode
 .text.EpsGetLowVoltageFlag
                0x20002a2c       0x24 ./src/SubSystemModules/PowerManagment/EPSOperationModes.o
                0x20002a2c                EpsGetLowVoltageFlag
 .text.EpsSetLowVoltageFlag
                0x20002a50       0x2c ./src/SubSystemModules/PowerManagment/EPSOperationModes.o
                0x20002a50                EpsSetLowVoltageFlag
 .text.CheckExecutionTime
                0x20002a7c       0x80 ./src/SubSystemModules/Maintenance/Maintenance.o
                0x20002a7c                CheckExecutionTime
 .text.SaveSatTimeInFRAM
                0x20002afc       0x44 ./src/SubSystemModules/Maintenance/Maintenance.o
                0x20002afc                SaveSatTimeInFRAM
 .text.WakeupFromResetCMD
                0x20002b40      0x120 ./src/SubSystemModules/Maintenance/Maintenance.o
                0x20002b40                WakeupFromResetCMD
 .text.ResetGroundCommWDT
                0x20002c60       0x1c ./src/SubSystemModules/Maintenance/Maintenance.o
                0x20002c60                ResetGroundCommWDT
 .text.IsGroundCommunicationWDTKick
                0x20002c7c       0x78 ./src/SubSystemModules/Maintenance/Maintenance.o
                0x20002c7c                IsGroundCommunicationWDTKick
 .text.GetGsWdtKickTime
                0x20002cf4       0x38 ./src/SubSystemModules/Maintenance/Maintenance.o
                0x20002cf4                GetGsWdtKickTime
 .text.DeleteOldFiels
                0x20002d2c      0x2f4 ./src/SubSystemModules/Maintenance/Maintenance.o
                0x20002d2c                DeleteOldFiels
 .text.CheckDeployAnt
                0x20003020       0x84 ./src/SubSystemModules/Maintenance/Maintenance.o
                0x20003020                CheckDeployAnt
 .text.HardResetMCU
                0x200030a4       0x4c ./src/SubSystemModules/Maintenance/Maintenance.o
                0x200030a4                HardResetMCU
 .text.Maintenance
                0x200030f0       0x80 ./src/SubSystemModules/Maintenance/Maintenance.o
                0x200030f0                Maintenance
 .text.InitSavePeriodTimes
                0x20003170       0x78 ./src/SubSystemModules/Housekepping/TelemetryCollector.o
                0x20003170                InitSavePeriodTimes
 .text.CMD_GetTLMPeriodTimes
                0x200031e8       0x38 ./src/SubSystemModules/Housekepping/TelemetryCollector.o
                0x200031e8                CMD_GetTLMPeriodTimes
 .text.CMD_SetTLMPeriodTimes
                0x20003220      0x17c ./src/SubSystemModules/Housekepping/TelemetryCollector.o
                0x20003220                CMD_SetTLMPeriodTimes
 .text.TelemetryCollectorLogic
                0x2000339c      0x208 ./src/SubSystemModules/Housekepping/TelemetryCollector.o
                0x2000339c                TelemetryCollectorLogic
 .text.TelemetrySaveEPS
                0x200035a4       0x54 ./src/SubSystemModules/Housekepping/TelemetryCollector.o
                0x200035a4                TelemetrySaveEPS
 .text.TelemetrySaveTRXVU
                0x200035f8       0x94 ./src/SubSystemModules/Housekepping/TelemetryCollector.o
                0x200035f8                TelemetrySaveTRXVU
 .text.TelemetrySaveANT
                0x2000368c       0xa4 ./src/SubSystemModules/Housekepping/TelemetryCollector.o
                0x2000368c                TelemetrySaveANT
 .text.TelemetrySaveSolarPanels
                0x20003730      0x228 ./src/SubSystemModules/Housekepping/TelemetryCollector.o
                0x20003730                TelemetrySaveSolarPanels
 .text.TelemetrySaveWOD
                0x20003958       0x48 ./src/SubSystemModules/Housekepping/TelemetryCollector.o
                0x20003958                TelemetrySaveWOD
 .text.GetCurrentWODTelemetry
                0x200039a0      0x780 ./src/SubSystemModules/Housekepping/TelemetryCollector.o
                0x200039a0                GetCurrentWODTelemetry
 .text.CMD_EPS_ResetWDT
                0x20004120       0x54 ./src/SubSystemModules/Communication/SubsystemCommands/EPS_Commands.o
                0x20004120                CMD_EPS_ResetWDT
 .text.CMD_DeleteTLM
                0x20004174      0x1d8 ./src/SubSystemModules/Communication/SubsystemCommands/FS_Commands.o
                0x20004174                CMD_DeleteTLM
 .text.CMD_DeleteAllFiles
                0x2000434c       0x38 ./src/SubSystemModules/Communication/SubsystemCommands/FS_Commands.o
                0x2000434c                CMD_DeleteAllFiles
 .text.CMD_GetLastFS_Error
                0x20004384       0x4c ./src/SubSystemModules/Communication/SubsystemCommands/FS_Commands.o
                0x20004384                CMD_GetLastFS_Error
 .text.CMD_GenericI2C
                0x200043d0      0x144 ./src/SubSystemModules/Communication/SubsystemCommands/Maintanence_Commands.o
                0x200043d0                CMD_GenericI2C
 .text.CMD_FRAM_ReadAndTransmitt
                0x20004514       0xe8 ./src/SubSystemModules/Communication/SubsystemCommands/Maintanence_Commands.o
                0x20004514                CMD_FRAM_ReadAndTransmitt
 .text.CMD_FRAM_WriteAndTransmitt
                0x200045fc      0x11c ./src/SubSystemModules/Communication/SubsystemCommands/Maintanence_Commands.o
                0x200045fc                CMD_FRAM_WriteAndTransmitt
 .text.CMD_FRAM_ReStart
                0x20004718       0x4c ./src/SubSystemModules/Communication/SubsystemCommands/Maintanence_Commands.o
                0x20004718                CMD_FRAM_ReStart
 .text.CMD_UpdateSatTime
                0x20004764       0xa4 ./src/SubSystemModules/Communication/SubsystemCommands/Maintanence_Commands.o
                0x20004764                CMD_UpdateSatTime
 .text.CMD_GetSatUptime
                0x20004808       0x48 ./src/SubSystemModules/Communication/SubsystemCommands/Maintanence_Commands.o
                0x20004808                CMD_GetSatUptime
 .text.CMD_ResetComponent
                0x20004850      0x290 ./src/SubSystemModules/Communication/SubsystemCommands/Maintanence_Commands.o
                0x20004850                CMD_ResetComponent
 .text.DumpTask
                0x20004ae0      0x310 ./src/SubSystemModules/Communication/SubsystemCommands/TRXVU_Commands.o
                0x20004ae0                DumpTask
 .text.CMD_AntennaDeploy
                0x20004df0       0xec ./src/SubSystemModules/Communication/SubsystemCommands/TRXVU_Commands.o
                0x20004df0                CMD_AntennaDeploy
 .text.CMD_StartDump
                0x20004edc      0x224 ./src/SubSystemModules/Communication/SubsystemCommands/TRXVU_Commands.o
                0x20004edc                CMD_StartDump
 .text.CMD_SendDumpAbortRequest
                0x20005100       0x38 ./src/SubSystemModules/Communication/SubsystemCommands/TRXVU_Commands.o
                0x20005100                CMD_SendDumpAbortRequest
 .text.CMD_ForceDumpAbort
                0x20005138       0x3c ./src/SubSystemModules/Communication/SubsystemCommands/TRXVU_Commands.o
                0x20005138                CMD_ForceDumpAbort
 .text.CMD_SetTransponder
                0x20005174      0x148 ./src/SubSystemModules/Communication/SubsystemCommands/TRXVU_Commands.o
                0x20005174                CMD_SetTransponder
 .text.CMD_SetRSSITransponder
                0x200052bc       0x90 ./src/SubSystemModules/Communication/SubsystemCommands/TRXVU_Commands.o
                0x200052bc                CMD_SetRSSITransponder
 .text.CMD_MuteTRXVU
                0x2000534c       0xc4 ./src/SubSystemModules/Communication/SubsystemCommands/TRXVU_Commands.o
                0x2000534c                CMD_MuteTRXVU
 .text.CMD_SetIdleState
                0x20005410       0x94 ./src/SubSystemModules/Communication/SubsystemCommands/TRXVU_Commands.o
                0x20005410                CMD_SetIdleState
 .text.CMD_UnMuteTRXVU
                0x200054a4       0x38 ./src/SubSystemModules/Communication/SubsystemCommands/TRXVU_Commands.o
                0x200054a4                CMD_UnMuteTRXVU
 .text.CMD_GetBaudRate
                0x200054dc       0x68 ./src/SubSystemModules/Communication/SubsystemCommands/TRXVU_Commands.o
                0x200054dc                CMD_GetBaudRate
 .text.CMD_TrasmitBeacon
                0x20005544       0x48 ./src/SubSystemModules/Communication/SubsystemCommands/TRXVU_Commands.o
                0x20005544                CMD_TrasmitBeacon
 .text.CMD_GetBeaconInterval
                0x2000558c       0x6c ./src/SubSystemModules/Communication/SubsystemCommands/TRXVU_Commands.o
                0x2000558c                CMD_GetBeaconInterval
 .text.CMD_SetBaudRate
                0x200055f8       0x60 ./src/SubSystemModules/Communication/SubsystemCommands/TRXVU_Commands.o
                0x200055f8                CMD_SetBaudRate
 .text.CMD_GetTxUptime
                0x20005658       0x64 ./src/SubSystemModules/Communication/SubsystemCommands/TRXVU_Commands.o
                0x20005658                CMD_GetTxUptime
 .text.CMD_GetRxUptime
                0x200056bc       0x64 ./src/SubSystemModules/Communication/SubsystemCommands/TRXVU_Commands.o
                0x200056bc                CMD_GetRxUptime
 .text.CMD_GetNumOfOnlineCommands
                0x20005720       0x64 ./src/SubSystemModules/Communication/SubsystemCommands/TRXVU_Commands.o
                0x20005720                CMD_GetNumOfOnlineCommands
 .text.CMD_AntSetArmStatus
                0x20005784       0xa0 ./src/SubSystemModules/Communication/SubsystemCommands/TRXVU_Commands.o
                0x20005784                CMD_AntSetArmStatus
 .text.CMD_AntGetArmStatus
                0x20005824       0x70 ./src/SubSystemModules/Communication/SubsystemCommands/TRXVU_Commands.o
                0x20005824                CMD_AntGetArmStatus
 .text.CMD_AntGetUptime
                0x20005894       0x78 ./src/SubSystemModules/Communication/SubsystemCommands/TRXVU_Commands.o
                0x20005894                CMD_AntGetUptime
 .text.CMD_StopReDeployment
                0x2000590c       0xac ./src/SubSystemModules/Communication/SubsystemCommands/TRXVU_Commands.o
                0x2000590c                CMD_StopReDeployment
 .text.CMD_AntCancelDeployment
                0x200059b8       0x68 ./src/SubSystemModules/Communication/SubsystemCommands/TRXVU_Commands.o
                0x200059b8                CMD_AntCancelDeployment
 .text.SendAckPacket
                0x20005a20       0xe4 ./src/SubSystemModules/Communication/AckHandler.o
                0x20005a20                SendAckPacket
 .text.trxvu_command_router
                0x20005b04      0x548 ./src/SubSystemModules/Communication/CommandDictionary.o
                0x20005b04                trxvu_command_router
 .text.eps_command_router
                0x2000604c       0xdc ./src/SubSystemModules/Communication/CommandDictionary.o
                0x2000604c                eps_command_router
 .text.telemetry_command_router
                0x20006128      0x1f4 ./src/SubSystemModules/Communication/CommandDictionary.o
                0x20006128                telemetry_command_router
 .text.managment_command_router
                0x2000631c      0x12c ./src/SubSystemModules/Communication/CommandDictionary.o
                0x2000631c                managment_command_router
 .text.filesystem_command_router
                0x20006448       0x24 ./src/SubSystemModules/Communication/CommandDictionary.o
                0x20006448                filesystem_command_router
 .text.ParseDataToCommand
                0x2000646c      0x1ac ./src/SubSystemModules/Communication/SatCommandHandler.o
                0x2000646c                ParseDataToCommand
 .text.AssembleCommand
                0x20006618      0x148 ./src/SubSystemModules/Communication/SatCommandHandler.o
                0x20006618                AssembleCommand
 .text.ActUponCommand
                0x20006760      0x108 ./src/SubSystemModules/Communication/SatCommandHandler.o
                0x20006760                ActUponCommand
 .text.setMuteEndTime
                0x20006868       0x40 ./src/SubSystemModules/Communication/TRXVU.o
                0x20006868                setMuteEndTime
 .text.getMuteEndTime
                0x200068a8       0x44 ./src/SubSystemModules/Communication/TRXVU.o
                0x200068a8                getMuteEndTime
 .text.setTransponderEndTime
                0x200068ec       0x40 ./src/SubSystemModules/Communication/TRXVU.o
                0x200068ec                setTransponderEndTime
 .text.getTransponderEndTime
                0x2000692c       0x44 ./src/SubSystemModules/Communication/TRXVU.o
                0x2000692c                getTransponderEndTime
 .text.setTransponderRSSIinFRAM
                0x20006970       0x44 ./src/SubSystemModules/Communication/TRXVU.o
                0x20006970                setTransponderRSSIinFRAM
 .text.getTransponderRSSIFromFRAM
                0x200069b4       0x4c ./src/SubSystemModules/Communication/TRXVU.o
                0x200069b4                getTransponderRSSIFromFRAM
 .text.InitTxModule
                0x20006a00       0x68 ./src/SubSystemModules/Communication/TRXVU.o
                0x20006a00                InitTxModule
 .text.CMD_SetBeaconInterval
                0x20006a68       0xdc ./src/SubSystemModules/Communication/TRXVU.o
                0x20006a68                CMD_SetBeaconInterval
 .text.InitBeaconParams
                0x20006b44       0x3c ./src/SubSystemModules/Communication/TRXVU.o
                0x20006b44                InitBeaconParams
 .text.InitSemaphores
                0x20006b80       0x98 ./src/SubSystemModules/Communication/TRXVU.o
                0x20006b80                InitSemaphores
 .text.InitTrxvu
                0x20006c18       0xec ./src/SubSystemModules/Communication/TRXVU.o
                0x20006c18                InitTrxvu
 .text.checkIdleFinish
                0x20006d04       0x68 ./src/SubSystemModules/Communication/TRXVU.o
                0x20006d04                checkIdleFinish
 .text.checkTransponderFinish
                0x20006d6c       0x98 ./src/SubSystemModules/Communication/TRXVU.o
                0x20006d6c                checkTransponderFinish
 .text.checkTransponderStart
                0x20006e04       0x50 ./src/SubSystemModules/Communication/TRXVU.o
                0x20006e04                checkTransponderStart
 .text.turnOnTransponder
                0x20006e54       0xa0 ./src/SubSystemModules/Communication/TRXVU.o
                0x20006e54                turnOnTransponder
 .text.SetRSSITransponder
                0x20006ef4       0x80 ./src/SubSystemModules/Communication/TRXVU.o
                0x20006ef4                SetRSSITransponder
 .text.TRX_Logic
                0x20006f74       0xd4 ./src/SubSystemModules/Communication/TRXVU.o
                0x20006f74                TRX_Logic
 .text.GetNumberOfFramesInBuffer
                0x20007048       0x5c ./src/SubSystemModules/Communication/TRXVU.o
                0x20007048                GetNumberOfFramesInBuffer
 .text.GetOnlineCommand
                0x200070a4      0x17c ./src/SubSystemModules/Communication/TRXVU.o
                0x200070a4                GetOnlineCommand
 .text.CheckTransmitionAllowed
                0x20007220       0xc0 ./src/SubSystemModules/Communication/TRXVU.o
                0x20007220                CheckTransmitionAllowed
 .text.FinishDump
                0x200072e0       0xf0 ./src/SubSystemModules/Communication/TRXVU.o
                0x200072e0                FinishDump
 .text.AbortDump
                0x200073d0       0x34 ./src/SubSystemModules/Communication/TRXVU.o
                0x200073d0                AbortDump
 .text.SendDumpAbortRequest
                0x20007404       0x6c ./src/SubSystemModules/Communication/TRXVU.o
                0x20007404                SendDumpAbortRequest
 .text.CheckDumpAbort
                0x20007470       0x6c ./src/SubSystemModules/Communication/TRXVU.o
                0x20007470                CheckDumpAbort
 .text.BeaconLogic
                0x200074dc      0x1b8 ./src/SubSystemModules/Communication/TRXVU.o
                0x200074dc                BeaconLogic
 .text.SetIdleState
                0x20007694      0x144 ./src/SubSystemModules/Communication/TRXVU.o
                0x20007694                SetIdleState
 .text.muteTRXVU
                0x200077d8       0x74 ./src/SubSystemModules/Communication/TRXVU.o
                0x200077d8                muteTRXVU
 .text.UnMuteTRXVU
                0x2000784c       0x14 ./src/SubSystemModules/Communication/TRXVU.o
                0x2000784c                UnMuteTRXVU
 .text.TransmitDataAsSPL_Packet
                0x20007860      0x114 ./src/SubSystemModules/Communication/TRXVU.o
                0x20007860                TransmitDataAsSPL_Packet
 .text.TransmitSplPacket
                0x20007974      0x124 ./src/SubSystemModules/Communication/TRXVU.o
                0x20007974                TransmitSplPacket
 .text.isFirstActivation
                0x20007a98       0x38 ./src/InitSystem.o
                0x20007a98                isFirstActivation
 .text.WriteDefaultValuesToFRAM
                0x20007ad0      0x1e8 ./src/InitSystem.o
                0x20007ad0                WriteDefaultValuesToFRAM
 .text.StartFRAM
                0x20007cb8       0x2c ./src/InitSystem.o
                0x20007cb8                StartFRAM
 .text.StartI2C
                0x20007ce4       0x38 ./src/InitSystem.o
                0x20007ce4                StartI2C
 .text.StartSPI
                0x20007d1c       0x34 ./src/InitSystem.o
                0x20007d1c                StartSPI
 .text.StartTIME
                0x20007d50       0xbc ./src/InitSystem.o
                0x20007d50                StartTIME
 .text.DeploySystem
                0x20007e0c      0x1b4 ./src/InitSystem.o
                0x20007e0c                DeploySystem
 .text.InitSubsystems
                0x20007fc0       0x60 ./src/InitSystem.o
                0x20007fc0                InitSubsystems
 .text.CMD_getInfoImage
                0x20008020      0x158 ./src/TLM_management.o
                0x20008020                CMD_getInfoImage
 .text.CMD_getDataImage
                0x20008178      0x218 ./src/TLM_management.o
                0x20008178                CMD_getDataImage
 .text.delete_allTMFilesFromSD
                0x20008390       0x8c ./src/TLM_management.o
                0x20008390                delete_allTMFilesFromSD
 .text.deleteTLMFiles
                0x2000841c       0x94 ./src/TLM_management.o
                0x2000841c                deleteTLMFiles
 .text.deleteTLMFile
                0x200084b0       0xc0 ./src/TLM_management.o
                0x200084b0                deleteTLMFile
 .text.InitializeFS
                0x20008570       0x98 ./src/TLM_management.o
                0x20008570                InitializeFS
 .text.calculateFileName
                0x20008608      0x108 ./src/TLM_management.o
                0x20008608                calculateFileName
 .text.getTlmTypeInfo
                0x20008710      0x230 ./src/TLM_management.o
                0x20008710                getTlmTypeInfo
 .text.write2File
                0x20008940      0x138 ./src/TLM_management.o
                0x20008940                write2File
 .text.printTLM
                0x20008a78       0x24 ./src/TLM_management.o
                0x20008a78                printTLM
 .text.readTLMFile
                0x20008a9c      0x31c ./src/TLM_management.o
                0x20008a9c                readTLMFile
 .text.readTLMFiles
                0x20008db8       0xdc ./src/TLM_management.o
                0x20008db8                readTLMFiles
 .text.readTLMFileTimeRange
                0x20008e94      0x2e4 ./src/TLM_management.o
                0x20008e94                readTLMFileTimeRange
 .text.DeInitializeFS
                0x20009178       0x38 ./src/TLM_management.o
                0x20009178                DeInitializeFS
 .text.taskMain
                0x200091b0       0x34 ./src/main.o
                0x200091b0                taskMain
 .text.main     0x200091e4       0x98 ./src/main.o
                0x200091e4                main
 .text.timeU2time
                0x2000927c       0xbc ./src/utils.o
                0x2000927c                timeU2time
 .text.logError
                0x20009338      0x134 ./src/utils.o
                0x20009338                logError
 .text.ADC_ConvertRaw10bitToMillivolt
                0x2000946c       0x50 C:/ISIS/workspace/ycube/GlobusSatProject/..//hal/hal/lib\libHALD.a(ADC.o)
                0x2000946c                ADC_ConvertRaw10bitToMillivolt
 .text.ADC_SingleShot
                0x200094bc      0x230 C:/ISIS/workspace/ycube/GlobusSatProject/..//hal/hal/lib\libHALD.a(ADC.o)
                0x200094bc                ADC_SingleShot
 .text.validateTransferParameters
                0x200096ec      0x10c C:/ISIS/workspace/ycube/GlobusSatProject/..//hal/hal/lib\libHALD.a(I2C.o)
 .text.I2C_queueTransfer
                0x200097f8       0xfc C:/ISIS/workspace/ycube/GlobusSatProject/..//hal/hal/lib\libHALD.a(I2C.o)
                0x200097f8                I2C_queueTransfer
 .text.I2C_internalCallback
                0x200098f4       0x64 C:/ISIS/workspace/ycube/GlobusSatProject/..//hal/hal/lib\libHALD.a(I2C.o)
 .text.I2C_doBlockingTransfer
                0x20009958      0x180 C:/ISIS/workspace/ycube/GlobusSatProject/..//hal/hal/lib\libHALD.a(I2C.o)
 .text.I2C_write
                0x20009ad8      0x110 C:/ISIS/workspace/ycube/GlobusSatProject/..//hal/hal/lib\libHALD.a(I2C.o)
                0x20009ad8                I2C_write
 .text.I2C_read
                0x20009be8      0x110 C:/ISIS/workspace/ycube/GlobusSatProject/..//hal/hal/lib\libHALD.a(I2C.o)
                0x20009be8                I2C_read
 .text.I2C_writeRead
                0x20009cf8      0x17c C:/ISIS/workspace/ycube/GlobusSatProject/..//hal/hal/lib\libHALD.a(I2C.o)
                0x20009cf8                I2C_writeRead
 .text.I2C_start
                0x20009e74      0x2e8 C:/ISIS/workspace/ycube/GlobusSatProject/..//hal/hal/lib\libHALD.a(I2C.o)
                0x20009e74                I2C_start
 .text.I2C_stop
                0x2000a15c      0x184 C:/ISIS/workspace/ycube/GlobusSatProject/..//hal/hal/lib\libHALD.a(I2C.o)
                0x2000a15c                I2C_stop
 .text.I2C_setTransferTimeout
                0x2000a2e0       0x48 C:/ISIS/workspace/ycube/GlobusSatProject/..//hal/hal/lib\libHALD.a(I2C.o)
                0x2000a2e0                I2C_setTransferTimeout
 .text.clearPDCtransfers
                0x2000a328       0xe8 C:/ISIS/workspace/ycube/GlobusSatProject/..//hal/hal/lib\libHALD.a(SPI.o)
 .text.SPI_start
                0x2000a410      0x4b0 C:/ISIS/workspace/ycube/GlobusSatProject/..//hal/hal/lib\libHALD.a(SPI.o)
                0x2000a410                SPI_start
 .text.SPI_stop
                0x2000a8c0      0x244 C:/ISIS/workspace/ycube/GlobusSatProject/..//hal/hal/lib\libHALD.a(SPI.o)
                0x2000a8c0                SPI_stop
 .text.SPI_queueTransfer
                0x2000ab04      0x1cc C:/ISIS/workspace/ycube/GlobusSatProject/..//hal/hal/lib\libHALD.a(SPI.o)
                0x2000ab04                SPI_queueTransfer
 .text.SPI_internalCallback
                0x2000acd0       0x64 C:/ISIS/workspace/ycube/GlobusSatProject/..//hal/hal/lib\libHALD.a(SPI.o)
 .text.SPI_writeRead
                0x2000ad34      0x1c0 C:/ISIS/workspace/ycube/GlobusSatProject/..//hal/hal/lib\libHALD.a(SPI.o)
                0x2000ad34                SPI_writeRead
 .text.waitForTransfer
                0x2000aef4       0x78 C:/ISIS/workspace/ycube/GlobusSatProject/..//hal/hal/lib\libHALD.a(SPI.o)
 .text.SPI_getDriverState
                0x2000af6c       0x58 C:/ISIS/workspace/ycube/GlobusSatProject/..//hal/hal/lib\libHALD.a(SPI.o)
                0x2000af6c                SPI_getDriverState
 .text.FRAM_start
                0x2000afc4      0x120 C:/ISIS/workspace/ycube/GlobusSatProject/..//hal/hal/lib\libHALD.a(FRAM.o)
                0x2000afc4                FRAM_start
 .text.FRAM_stop
                0x2000b0e4       0x6c C:/ISIS/workspace/ycube/GlobusSatProject/..//hal/hal/lib\libHALD.a(FRAM.o)
                0x2000b0e4                FRAM_stop
 .text.FRAM_dummyCallback
                0x2000b150       0x24 C:/ISIS/workspace/ycube/GlobusSatProject/..//hal/hal/lib\libHALD.a(FRAM.o)
                0x2000b150                FRAM_dummyCallback
 .text.FRAM_unlockingCallback
                0x2000b174       0x64 C:/ISIS/workspace/ycube/GlobusSatProject/..//hal/hal/lib\libHALD.a(FRAM.o)
                0x2000b174                FRAM_unlockingCallback
 .text.doBlockingTransfer
                0x2000b1d8       0x78 C:/ISIS/workspace/ycube/GlobusSatProject/..//hal/hal/lib\libHALD.a(FRAM.o)
 .text.FRAM_writePacket
                0x2000b250      0x144 C:/ISIS/workspace/ycube/GlobusSatProject/..//hal/hal/lib\libHALD.a(FRAM.o)
 .text.FRAM_write
                0x2000b394      0x1d8 C:/ISIS/workspace/ycube/GlobusSatProject/..//hal/hal/lib\libHALD.a(FRAM.o)
                0x2000b394                FRAM_write
 .text.FRAM_readPacket
                0x2000b56c       0xf0 C:/ISIS/workspace/ycube/GlobusSatProject/..//hal/hal/lib\libHALD.a(FRAM.o)
 .text.FRAM_read
                0x2000b65c      0x1e4 C:/ISIS/workspace/ycube/GlobusSatProject/..//hal/hal/lib\libHALD.a(FRAM.o)
                0x2000b65c                FRAM_read
 .text.Time_start
                0x2000b840      0x150 C:/ISIS/workspace/ycube/GlobusSatProject/..//hal/hal/lib\libHALD.a(Time.o)
                0x2000b840                Time_start
 .text.taskTimeSync
                0x2000b990       0x38 C:/ISIS/workspace/ycube/GlobusSatProject/..//hal/hal/lib\libHALD.a(Time.o)
 .text.Time_convertEpochToTime
                0x2000b9c8       0xf4 C:/ISIS/workspace/ycube/GlobusSatProject/..//hal/hal/lib\libHALD.a(Time.o)
                0x2000b9c8                Time_convertEpochToTime
 .text.Time_populateSecondsOfYear
                0x2000babc      0x188 C:/ISIS/workspace/ycube/GlobusSatProject/..//hal/hal/lib\libHALD.a(Time.o)
 .text.Time_set
                0x2000bc44      0x110 C:/ISIS/workspace/ycube/GlobusSatProject/..//hal/hal/lib\libHALD.a(Time.o)
                0x2000bc44                Time_set
 .text.Time_isLeapYear
                0x2000bd54       0x98 C:/ISIS/workspace/ycube/GlobusSatProject/..//hal/hal/lib\libHALD.a(Time.o)
                0x2000bd54                Time_isLeapYear
 .text.Time_get
                0x2000bdec      0x410 C:/ISIS/workspace/ycube/GlobusSatProject/..//hal/hal/lib\libHALD.a(Time.o)
                0x2000bdec                Time_get
 .text.Time_getUnixEpoch
                0x2000c1fc       0xf4 C:/ISIS/workspace/ycube/GlobusSatProject/..//hal/hal/lib\libHALD.a(Time.o)
                0x2000c1fc                Time_getUnixEpoch
 .text.Time_secondsOfYearToTime
                0x2000c2f0      0x328 C:/ISIS/workspace/ycube/GlobusSatProject/..//hal/hal/lib\libHALD.a(Time.o)
 .text.Time_setUnixEpoch
                0x2000c618       0x54 C:/ISIS/workspace/ycube/GlobusSatProject/..//hal/hal/lib\libHALD.a(Time.o)
                0x2000c618                Time_setUnixEpoch
 .text.Time_getUptimeSeconds
                0x2000c66c       0x28 C:/ISIS/workspace/ycube/GlobusSatProject/..//hal/hal/lib\libHALD.a(Time.o)
                0x2000c66c                Time_getUptimeSeconds
 .text.Time_sync
                0x2000c694      0x2d8 C:/ISIS/workspace/ycube/GlobusSatProject/..//hal/hal/lib\libHALD.a(Time.o)
                0x2000c694                Time_sync
 .text.Time_syncIfNeeded
                0x2000c96c       0x90 C:/ISIS/workspace/ycube/GlobusSatProject/..//hal/hal/lib\libHALD.a(Time.o)
                0x2000c96c                Time_syncIfNeeded
 .text.Time_setSyncInterval
                0x2000c9fc       0x38 C:/ISIS/workspace/ycube/GlobusSatProject/..//hal/hal/lib\libHALD.a(Time.o)
                0x2000c9fc                Time_setSyncInterval
 .text.WDT_start
                0x2000ca34       0x48 C:/ISIS/workspace/ycube/GlobusSatProject/..//hal/hal/lib\libHALD.a(WatchDogTimerNoOS.o)
                0x2000ca34                WDT_start
 .text.WDT_startWatchdogKickTask
                0x2000ca7c       0xb4 C:/ISIS/workspace/ycube/GlobusSatProject/..//hal/hal/lib\libHALD.a(WatchDogTimerOS.o)
                0x2000ca7c                WDT_startWatchdogKickTask
 .text.WDT_forceKickEveryNms
                0x2000cb30       0x50 C:/ISIS/workspace/ycube/GlobusSatProject/..//hal/hal/lib\libHALD.a(WatchDogTimerOS.o)
                0x2000cb30                WDT_forceKickEveryNms
 .text.f_puts   0x2000cb80       0x80 C:/ISIS/workspace/ycube/GlobusSatProject/..//hal/hal/lib\libHALD.a(fprintf.o)
                0x2000cb80                f_puts
 .text.LED_glow
                0x2000cc00       0x58 C:/ISIS/workspace/ycube/GlobusSatProject/..//hal/hal/lib\libHALD.a(LED.o)
                0x2000cc00                LED_glow
 .text.LED_dark
                0x2000cc58       0x58 C:/ISIS/workspace/ycube/GlobusSatProject/..//hal/hal/lib\libHALD.a(LED.o)
                0x2000cc58                LED_dark
 .text.LED_toggle
                0x2000ccb0       0x50 C:/ISIS/workspace/ycube/GlobusSatProject/..//hal/hal/lib\libHALD.a(LED.o)
                0x2000ccb0                LED_toggle
 .text.RTC_start
                0x2000cd00       0x3c C:/ISIS/workspace/ycube/GlobusSatProject/..//hal/hal/lib\libHALD.a(RTC.o)
                0x2000cd00                RTC_start
 .text.RTC_setTime
                0x2000cd3c      0x2a4 C:/ISIS/workspace/ycube/GlobusSatProject/..//hal/hal/lib\libHALD.a(RTC.o)
                0x2000cd3c                RTC_setTime
 .text.RTC_getTime
                0x2000cfe0      0x224 C:/ISIS/workspace/ycube/GlobusSatProject/..//hal/hal/lib\libHALD.a(RTC.o)
                0x2000cfe0                RTC_getTime
 .text.RTC_checkTimeValid
                0x2000d204       0xdc C:/ISIS/workspace/ycube/GlobusSatProject/..//hal/hal/lib\libHALD.a(RTC.o)
                0x2000d204                RTC_checkTimeValid
 .text.RTT_start
                0x2000d2e0       0x24 C:/ISIS/workspace/ycube/GlobusSatProject/..//hal/hal/lib\libHALD.a(RTT.o)
                0x2000d2e0                RTT_start
 .text.fn_init  0x2000d304      0x2dc C:/ISIS/workspace/ycube/GlobusSatProject/..//hal/hcc/lib\libHCCD.a(fat_common.o)
                0x2000d304                fn_init
 .text.fn_start
                0x2000d5e0       0x1c C:/ISIS/workspace/ycube/GlobusSatProject/..//hal/hcc/lib\libHCCD.a(fat_common.o)
                0x2000d5e0                fn_start
 .text.fsn_delete
                0x2000d5fc       0xc8 C:/ISIS/workspace/ycube/GlobusSatProject/..//hal/hcc/lib\libHCCD.a(fat_common.o)
                0x2000d5fc                fsn_delete
 .text._f_get16bitl
                0x2000d6c4       0x4c C:/ISIS/workspace/ycube/GlobusSatProject/..//hal/hcc/lib\libHCCD.a(fat_common.o)
                0x2000d6c4                _f_get16bitl
 .text._f_set16bitl
                0x2000d710       0x54 C:/ISIS/workspace/ycube/GlobusSatProject/..//hal/hcc/lib\libHCCD.a(fat_common.o)
                0x2000d710                _f_set16bitl
 .text._f_get32bitl
                0x2000d764       0x68 C:/ISIS/workspace/ycube/GlobusSatProject/..//hal/hcc/lib\libHCCD.a(fat_common.o)
                0x2000d764                _f_get32bitl
 .text._f_set32bitl
                0x2000d7cc       0x78 C:/ISIS/workspace/ycube/GlobusSatProject/..//hal/hcc/lib\libHCCD.a(fat_common.o)
                0x2000d7cc                _f_set32bitl
 .text._get8bit
                0x2000d844       0xa0 C:/ISIS/workspace/ycube/GlobusSatProject/..//hal/hcc/lib\libHCCD.a(fat_common.o)
 .text._get16bitl
                0x2000d8e4       0x40 C:/ISIS/workspace/ycube/GlobusSatProject/..//hal/hcc/lib\libHCCD.a(fat_common.o)
 .text._get32bitl
                0x2000d924       0x3c C:/ISIS/workspace/ycube/GlobusSatProject/..//hal/hcc/lib\libHCCD.a(fat_common.o)
 .text._f_setcardremoved
                0x2000d960       0x94 C:/ISIS/workspace/ycube/GlobusSatProject/..//hal/hcc/lib\libHCCD.a(fat_common.o)
 .text._f_checkstatus
                0x2000d9f4      0x104 C:/ISIS/workspace/ycube/GlobusSatProject/..//hal/hcc/lib\libHCCD.a(fat_common.o)
                0x2000d9f4                _f_checkstatus
 .text._f_drvgetphy
                0x2000daf8      0x114 C:/ISIS/workspace/ycube/GlobusSatProject/..//hal/hcc/lib\libHCCD.a(fat_common.o)
 .text._f_drvwritesector
                0x2000dc0c       0xdc C:/ISIS/workspace/ycube/GlobusSatProject/..//hal/hcc/lib\libHCCD.a(fat_common.o)
 .text._f_drvreadsector
                0x2000dce8       0xa8 C:/ISIS/workspace/ycube/GlobusSatProject/..//hal/hcc/lib\libHCCD.a(fat_common.o)
 .text._f_writesector
                0x2000dd90      0x23c C:/ISIS/workspace/ycube/GlobusSatProject/..//hal/hcc/lib\libHCCD.a(fat_common.o)
                0x2000dd90                _f_writesector
 .text._f_readsector
                0x2000dfcc      0x1dc C:/ISIS/workspace/ycube/GlobusSatProject/..//hal/hcc/lib\libHCCD.a(fat_common.o)
                0x2000dfcc                _f_readsector
 .text._f_getmaxcluster
                0x2000e1a8       0x94 C:/ISIS/workspace/ycube/GlobusSatProject/..//hal/hcc/lib\libHCCD.a(fat_common.o)
                0x2000e1a8                _f_getmaxcluster
 .text._getsectorfromcluster
                0x2000e23c       0x68 C:/ISIS/workspace/ycube/GlobusSatProject/..//hal/hcc/lib\libHCCD.a(fat_common.o)
 .text._f_buildsectors
                0x2000e2a4      0x268 C:/ISIS/workspace/ycube/GlobusSatProject/..//hal/hcc/lib\libHCCD.a(fat_common.o)
 .text._f_getbootrecord
                0x2000e50c      0x5e4 C:/ISIS/workspace/ycube/GlobusSatProject/..//hal/hcc/lib\libHCCD.a(fat_common.o)
 .text._f_readbootrecord
                0x2000eaf0      0x4f8 C:/ISIS/workspace/ycube/GlobusSatProject/..//hal/hcc/lib\libHCCD.a(fat_common.o)
 .text._f_flushcffiles
                0x2000efe8      0x17c C:/ISIS/workspace/ycube/GlobusSatProject/..//hal/hcc/lib\libHCCD.a(fat_common.o)
                0x2000efe8                _f_flushcffiles
 .text._f_fatcache_flush
                0x2000f164      0x270 C:/ISIS/workspace/ycube/GlobusSatProject/..//hal/hcc/lib\libHCCD.a(fat_common.o)
                0x2000f164                _f_fatcache_flush
 .text._f_writefatsector
                0x2000f3d4      0x100 C:/ISIS/workspace/ycube/GlobusSatProject/..//hal/hcc/lib\libHCCD.a(fat_common.o)
                0x2000f3d4                _f_writefatsector
 .text._f_getfatsector
                0x2000f4d4      0x3bc C:/ISIS/workspace/ycube/GlobusSatProject/..//hal/hcc/lib\libHCCD.a(fat_common.o)
 .text._f_setclustervalue
                0x2000f890      0x490 C:/ISIS/workspace/ycube/GlobusSatProject/..//hal/hcc/lib\libHCCD.a(fat_common.o)
                0x2000f890                _f_setclustervalue
 .text._f_getclustervalue
                0x2000fd20      0x388 C:/ISIS/workspace/ycube/GlobusSatProject/..//hal/hcc/lib\libHCCD.a(fat_common.o)
                0x2000fd20                _f_getclustervalue
 .text._f_close_drive_files
                0x200100a8       0xac C:/ISIS/workspace/ycube/GlobusSatProject/..//hal/hcc/lib\libHCCD.a(fat_common.o)
 .text._f_inc_mount_count
                0x20010154       0xa4 C:/ISIS/workspace/ycube/GlobusSatProject/..//hal/hcc/lib\libHCCD.a(fat_common.o)
 .text._f_getvolume
                0x200101f8      0x2f8 C:/ISIS/workspace/ycube/GlobusSatProject/..//hal/hcc/lib\libHCCD.a(fat_common.o)
                0x200101f8                _f_getvolume
 .text.fn_createdriver
                0x200104f0      0x118 C:/ISIS/workspace/ycube/GlobusSatProject/..//hal/hcc/lib\libHCCD.a(fat_common.o)
                0x200104f0                fn_createdriver
 .text.fn_initvolume
                0x20010608      0x12c C:/ISIS/workspace/ycube/GlobusSatProject/..//hal/hcc/lib\libHCCD.a(fat_common.o)
                0x20010608                fn_initvolume
 .text.fn_releasedriver
                0x20010734       0xf4 C:/ISIS/workspace/ycube/GlobusSatProject/..//hal/hcc/lib\libHCCD.a(fat_common.o)
                0x20010734                fn_releasedriver
 .text.fn_initvolumepartition_sub
                0x20010828       0xe0 C:/ISIS/workspace/ycube/GlobusSatProject/..//hal/hcc/lib\libHCCD.a(fat_common.o)
 .text.fn_initvolumepartition
                0x20010908       0xac C:/ISIS/workspace/ycube/GlobusSatProject/..//hal/hcc/lib\libHCCD.a(fat_common.o)
                0x20010908                fn_initvolumepartition
 .text.fn_delvolume
                0x200109b4      0x194 C:/ISIS/workspace/ycube/GlobusSatProject/..//hal/hcc/lib\libHCCD.a(fat_common.o)
                0x200109b4                fn_delvolume
 .text._f_clustertopos
                0x20010b48       0xf8 C:/ISIS/workspace/ycube/GlobusSatProject/..//hal/hcc/lib\libHCCD.a(fat_common.o)
                0x20010b48                _f_clustertopos
 .text._f_getcurrsector
                0x20010c40      0x6c8 C:/ISIS/workspace/ycube/GlobusSatProject/..//hal/hcc/lib\libHCCD.a(fat_common.o)
                0x20010c40                _f_getcurrsector
 .text._f_getdecluster
                0x20011308       0x90 C:/ISIS/workspace/ycube/GlobusSatProject/..//hal/hcc/lib\libHCCD.a(fat_common.o)
                0x20011308                _f_getdecluster
 .text._f_setdecluster
                0x20011398       0x8c C:/ISIS/workspace/ycube/GlobusSatProject/..//hal/hcc/lib\libHCCD.a(fat_common.o)
                0x20011398                _f_setdecluster
 .text.fn_getdrive
                0x20011424       0x30 C:/ISIS/workspace/ycube/GlobusSatProject/..//hal/hcc/lib\libHCCD.a(fat_common.o)
                0x20011424                fn_getdrive
 .text._f_getcurrenttimedate
                0x20011454      0x138 C:/ISIS/workspace/ycube/GlobusSatProject/..//hal/hcc/lib\libHCCD.a(fat_common.o)
                0x20011454                _f_getcurrenttimedate
 .text._f_initentry
                0x2001158c       0xa0 C:/ISIS/workspace/ycube/GlobusSatProject/..//hal/hcc/lib\libHCCD.a(fat_common.o)
                0x2001158c                _f_initentry
 .text._f_alloccluster
                0x2001162c      0x344 C:/ISIS/workspace/ycube/GlobusSatProject/..//hal/hcc/lib\libHCCD.a(fat_common.o)
                0x2001162c                _f_alloccluster
 .text._f_dobadblock
                0x20011970      0x2cc C:/ISIS/workspace/ycube/GlobusSatProject/..//hal/hcc/lib\libHCCD.a(fat_common.o)
                0x20011970                _f_dobadblock
 .text._f_checklocked
                0x20011c3c       0xe4 C:/ISIS/workspace/ycube/GlobusSatProject/..//hal/hcc/lib\libHCCD.a(fat_common.o)
                0x20011c3c                _f_checklocked
 .text._f_checkappendlocked
                0x20011d20      0x110 C:/ISIS/workspace/ycube/GlobusSatProject/..//hal/hcc/lib\libHCCD.a(fat_common.o)
                0x20011d20                _f_checkappendlocked
 .text._f_setsyncafile
                0x20011e30      0x114 C:/ISIS/workspace/ycube/GlobusSatProject/..//hal/hcc/lib\libHCCD.a(fat_common.o)
                0x20011e30                _f_setsyncafile
 .text._f_syncfiles
                0x20011f44      0x128 C:/ISIS/workspace/ycube/GlobusSatProject/..//hal/hcc/lib\libHCCD.a(fat_common.o)
                0x20011f44                _f_syncfiles
 .text._f_syncfilescontent
                0x2001206c      0x15c C:/ISIS/workspace/ycube/GlobusSatProject/..//hal/hcc/lib\libHCCD.a(fat_common.o)
 .text.fn_getfreespace
                0x200121c8      0x4c0 C:/ISIS/workspace/ycube/GlobusSatProject/..//hal/hcc/lib\libHCCD.a(fat_common.o)
                0x200121c8                fn_getfreespace
 .text._f_emptywritecache
                0x20012688      0x4a4 C:/ISIS/workspace/ycube/GlobusSatProject/..//hal/hcc/lib\libHCCD.a(fat_common.o)
 .text._f_allocnextcluster
                0x20012b2c      0x54c C:/ISIS/workspace/ycube/GlobusSatProject/..//hal/hcc/lib\libHCCD.a(fat_common.o)
 .text._f_emptywritebuffer
                0x20013078      0x20c C:/ISIS/workspace/ycube/GlobusSatProject/..//hal/hcc/lib\libHCCD.a(fat_common.o)
 .text._f_writezeros
                0x20013284       0xf0 C:/ISIS/workspace/ycube/GlobusSatProject/..//hal/hcc/lib\libHCCD.a(fat_common.o)
                0x20013284                _f_writezeros
 .text._f_extend_file
                0x20013374      0x570 C:/ISIS/workspace/ycube/GlobusSatProject/..//hal/hcc/lib\libHCCD.a(fat_common.o)
 .text._f_fseek
                0x200138e4      0x9bc C:/ISIS/workspace/ycube/GlobusSatProject/..//hal/hcc/lib\libHCCD.a(fat_common.o)
                0x200138e4                _f_fseek
 .text._f_removechain
                0x200142a0      0x104 C:/ISIS/workspace/ycube/GlobusSatProject/..//hal/hcc/lib\libHCCD.a(fat_common.o)
                0x200142a0                _f_removechain
 .text._f_updatefileentry
                0x200143a4      0x1cc C:/ISIS/workspace/ycube/GlobusSatProject/..//hal/hcc/lib\libHCCD.a(fat_common.o)
 .text._f_checkreadlocked
                0x20014570      0x1bc C:/ISIS/workspace/ycube/GlobusSatProject/..//hal/hcc/lib\libHCCD.a(fat_common.o)
                0x20014570                _f_checkreadlocked
 .text._f_check_handle
                0x2001472c       0x98 C:/ISIS/workspace/ycube/GlobusSatProject/..//hal/hcc/lib\libHCCD.a(fat_common.o)
                0x2001472c                _f_check_handle
 .text._f_removesyncafile
                0x200147c4      0x1ec C:/ISIS/workspace/ycube/GlobusSatProject/..//hal/hcc/lib\libHCCD.a(fat_common.o)
 .text.fn_close
                0x200149b0      0x3f8 C:/ISIS/workspace/ycube/GlobusSatProject/..//hal/hcc/lib\libHCCD.a(fat_common.o)
                0x200149b0                fn_close
 .text.fn_flush
                0x20014da8      0x374 C:/ISIS/workspace/ycube/GlobusSatProject/..//hal/hcc/lib\libHCCD.a(fat_common.o)
                0x20014da8                fn_flush
 .text.fn_read  0x2001511c      0x690 C:/ISIS/workspace/ycube/GlobusSatProject/..//hal/hcc/lib\libHCCD.a(fat_common.o)
                0x2001511c                fn_read
 .text._f_abortwrite
                0x200157ac      0x100 C:/ISIS/workspace/ycube/GlobusSatProject/..//hal/hcc/lib\libHCCD.a(fat_common.o)
 .text._f_checkwritecluster
                0x200158ac       0xe4 C:/ISIS/workspace/ycube/GlobusSatProject/..//hal/hcc/lib\libHCCD.a(fat_common.o)
 .text.fn_write
                0x20015990      0x8a8 C:/ISIS/workspace/ycube/GlobusSatProject/..//hal/hcc/lib\libHCCD.a(fat_common.o)
                0x20015990                fn_write
 .text.fn_seek  0x20016238      0x270 C:/ISIS/workspace/ycube/GlobusSatProject/..//hal/hcc/lib\libHCCD.a(fat_common.o)
                0x20016238                fn_seek
 .text.fn_tell  0x200164a8      0x19c C:/ISIS/workspace/ycube/GlobusSatProject/..//hal/hcc/lib\libHCCD.a(fat_common.o)
                0x200164a8                fn_tell
 .text.fn_rewind
                0x20016644       0x38 C:/ISIS/workspace/ycube/GlobusSatProject/..//hal/hcc/lib\libHCCD.a(fat_common.o)
                0x20016644                fn_rewind
 .text.fn_putc  0x2001667c       0x68 C:/ISIS/workspace/ycube/GlobusSatProject/..//hal/hcc/lib\libHCCD.a(fat_common.o)
                0x2001667c                fn_putc
 .text.f_enterFS
                0x200166e4      0x1c0 C:/ISIS/workspace/ycube/GlobusSatProject/..//hal/hcc/lib\libHCCD.a(fat_common.o)
                0x200166e4                f_enterFS
 .text.f_releaseFS
                0x200168a4       0xb0 C:/ISIS/workspace/ycube/GlobusSatProject/..//hal/hcc/lib\libHCCD.a(fat_common.o)
                0x200168a4                f_releaseFS
 .text.fnGetTask
                0x20016954       0xfc C:/ISIS/workspace/ycube/GlobusSatProject/..//hal/hcc/lib\libHCCD.a(fat_common.o)
                0x20016954                fnGetTask
 .text._f_mutex_get
                0x20016a50       0x98 C:/ISIS/workspace/ycube/GlobusSatProject/..//hal/hcc/lib\libHCCD.a(fat_common.o)
                0x20016a50                _f_mutex_get
 .text._f_mutex_put
                0x20016ae8       0x54 C:/ISIS/workspace/ycube/GlobusSatProject/..//hal/hcc/lib\libHCCD.a(fat_common.o)
                0x20016ae8                _f_mutex_put
 .text._fn_initseekdivisor
                0x20016b3c      0x158 C:/ISIS/workspace/ycube/GlobusSatProject/..//hal/hcc/lib\libHCCD.a(fat_common.o)
                0x20016b3c                _fn_initseekdivisor
 .text._fn_updateseekpos
                0x20016c94       0xc4 C:/ISIS/workspace/ycube/GlobusSatProject/..//hal/hcc/lib\libHCCD.a(fat_common.o)
 .text._f_findopensize
                0x20016d58       0x2c C:/ISIS/workspace/ycube/GlobusSatProject/..//hal/hcc/lib\libHCCD.a(fat_common.o)
                0x20016d58                _f_findopensize
 .text.fn_setlasterror
                0x20016d84       0x34 C:/ISIS/workspace/ycube/GlobusSatProject/..//hal/hcc/lib\libHCCD.a(fat_common.o)
                0x20016d84                fn_setlasterror
 .text.fn_setlasterror_noret
                0x20016db8       0x2c C:/ISIS/workspace/ycube/GlobusSatProject/..//hal/hcc/lib\libHCCD.a(fat_common.o)
                0x20016db8                fn_setlasterror_noret
 .text.fm_initvolume
                0x20016de4       0x70 C:/ISIS/workspace/ycube/GlobusSatProject/..//hal/hcc/lib\libHCCD.a(fat_m.o)
                0x20016de4                fm_initvolume
 .text.fm_delvolume
                0x20016e54       0x60 C:/ISIS/workspace/ycube/GlobusSatProject/..//hal/hcc/lib\libHCCD.a(fat_m.o)
                0x20016e54                fm_delvolume
 .text.fm_getdrive
                0x20016eb4       0x70 C:/ISIS/workspace/ycube/GlobusSatProject/..//hal/hcc/lib\libHCCD.a(fat_m.o)
                0x20016eb4                fm_getdrive
 .text.fm_getfreespace
                0x20016f24       0x68 C:/ISIS/workspace/ycube/GlobusSatProject/..//hal/hcc/lib\libHCCD.a(fat_m.o)
                0x20016f24                fm_getfreespace
 .text.fm_findfirst
                0x20016f8c       0x68 C:/ISIS/workspace/ycube/GlobusSatProject/..//hal/hcc/lib\libHCCD.a(fat_m.o)
                0x20016f8c                fm_findfirst
 .text.fm_findnext
                0x20016ff4       0x60 C:/ISIS/workspace/ycube/GlobusSatProject/..//hal/hcc/lib\libHCCD.a(fat_m.o)
                0x20016ff4                fm_findnext
 .text.fm_close
                0x20017054       0x60 C:/ISIS/workspace/ycube/GlobusSatProject/..//hal/hcc/lib\libHCCD.a(fat_m.o)
                0x20017054                fm_close
 .text.fm_flush
                0x200170b4       0x60 C:/ISIS/workspace/ycube/GlobusSatProject/..//hal/hcc/lib\libHCCD.a(fat_m.o)
                0x200170b4                fm_flush
 .text.fm_open  0x20017114       0x68 C:/ISIS/workspace/ycube/GlobusSatProject/..//hal/hcc/lib\libHCCD.a(fat_m.o)
                0x20017114                fm_open
 .text.fm_read  0x2001717c       0x7c C:/ISIS/workspace/ycube/GlobusSatProject/..//hal/hcc/lib\libHCCD.a(fat_m.o)
                0x2001717c                fm_read
 .text.fm_write
                0x200171f8       0x7c C:/ISIS/workspace/ycube/GlobusSatProject/..//hal/hcc/lib\libHCCD.a(fat_m.o)
                0x200171f8                fm_write
 .text.fm_seek  0x20017274       0x70 C:/ISIS/workspace/ycube/GlobusSatProject/..//hal/hcc/lib\libHCCD.a(fat_m.o)
                0x20017274                fm_seek
 .text.fm_tell  0x200172e4       0x60 C:/ISIS/workspace/ycube/GlobusSatProject/..//hal/hcc/lib\libHCCD.a(fat_m.o)
                0x200172e4                fm_tell
 .text.fm_putc  0x20017344       0x68 C:/ISIS/workspace/ycube/GlobusSatProject/..//hal/hcc/lib\libHCCD.a(fat_m.o)
                0x20017344                fm_putc
 .text.fm_rewind
                0x200173ac       0x60 C:/ISIS/workspace/ycube/GlobusSatProject/..//hal/hcc/lib\libHCCD.a(fat_m.o)
                0x200173ac                fm_rewind
 .text.fm_delete
                0x2001740c       0x64 C:/ISIS/workspace/ycube/GlobusSatProject/..//hal/hcc/lib\libHCCD.a(fat_m.o)
                0x2001740c                fm_delete
 .text.fm_getlasterror
                0x20017470       0x40 C:/ISIS/workspace/ycube/GlobusSatProject/..//hal/hcc/lib\libHCCD.a(fat_m.o)
                0x20017470                fm_getlasterror
 .text._s_checkzeroclusteratend
                0x200174b0       0xf8 C:/ISIS/workspace/ycube/GlobusSatProject/..//hal/hcc/lib\libHCCD.a(safefat.o)
 .text._s_clearclustercontent
                0x200175a8      0x108 C:/ISIS/workspace/ycube/GlobusSatProject/..//hal/hcc/lib\libHCCD.a(safefat.o)
 .text._s_clearclustercontentdir
                0x200176b0      0x19c C:/ISIS/workspace/ycube/GlobusSatProject/..//hal/hcc/lib\libHCCD.a(safefat.o)
 .text._s_writedirsector
                0x2001784c       0xd0 C:/ISIS/workspace/ycube/GlobusSatProject/..//hal/hcc/lib\libHCCD.a(safefat.o)
 .text._s_getdirsector
                0x2001791c      0x100 C:/ISIS/workspace/ycube/GlobusSatProject/..//hal/hcc/lib\libHCCD.a(safefat.o)
 .text._s_addentry
                0x20017a1c      0x394 C:/ISIS/workspace/ycube/GlobusSatProject/..//hal/hcc/lib\libHCCD.a(safefat.o)
 .text._s_findfile
                0x20017db0      0x33c C:/ISIS/workspace/ycube/GlobusSatProject/..//hal/hcc/lib\libHCCD.a(safefat.o)
 .text._s_findsubdir
                0x200180ec      0x248 C:/ISIS/workspace/ycube/GlobusSatProject/..//hal/hcc/lib\libHCCD.a(safefat.o)
 .text._s_createfile
                0x20018334      0x190 C:/ISIS/workspace/ycube/GlobusSatProject/..//hal/hcc/lib\libHCCD.a(safefat.o)
 .text._s_findsaffile
                0x200184c4      0x1b8 C:/ISIS/workspace/ycube/GlobusSatProject/..//hal/hcc/lib\libHCCD.a(safefat.o)
 .text._s_open  0x2001867c       0xe4 C:/ISIS/workspace/ycube/GlobusSatProject/..//hal/hcc/lib\libHCCD.a(safefat.o)
 .text._s_open_saf
                0x20018760       0xe8 C:/ISIS/workspace/ycube/GlobusSatProject/..//hal/hcc/lib\libHCCD.a(safefat.o)
 .text._s_flush
                0x20018848       0x84 C:/ISIS/workspace/ycube/GlobusSatProject/..//hal/hcc/lib\libHCCD.a(safefat.o)
 .text._s_allocnextcluster
                0x200188cc      0x13c C:/ISIS/workspace/ycube/GlobusSatProject/..//hal/hcc/lib\libHCCD.a(safefat.o)
 .text._s_getnextsector
                0x20018a08       0xdc C:/ISIS/workspace/ycube/GlobusSatProject/..//hal/hcc/lib\libHCCD.a(safefat.o)
 .text._s_seek  0x20018ae4      0x1e8 C:/ISIS/workspace/ycube/GlobusSatProject/..//hal/hcc/lib\libHCCD.a(safefat.o)
 .text._s_get_len
                0x20018ccc      0x10c C:/ISIS/workspace/ycube/GlobusSatProject/..//hal/hcc/lib\libHCCD.a(safefat.o)
 .text._s_set_len
                0x20018dd8       0xb4 C:/ISIS/workspace/ycube/GlobusSatProject/..//hal/hcc/lib\libHCCD.a(safefat.o)
 .text.safe_fix_filelengths
                0x20018e8c       0xcc C:/ISIS/workspace/ycube/GlobusSatProject/..//hal/hcc/lib\libHCCD.a(safefat.o)
                0x20018e8c                safe_fix_filelengths
 .text._s_read  0x20018f58      0x228 C:/ISIS/workspace/ycube/GlobusSatProject/..//hal/hcc/lib\libHCCD.a(safefat.o)
 .text._s_write
                0x20019180      0x384 C:/ISIS/workspace/ycube/GlobusSatProject/..//hal/hcc/lib\libHCCD.a(safefat.o)
 .text._s_restoreclusters
                0x20019504      0x270 C:/ISIS/workspace/ycube/GlobusSatProject/..//hal/hcc/lib\libHCCD.a(safefat.o)
                0x20019504                _s_restoreclusters
 .text._s_findrestore
                0x20019774      0x18c C:/ISIS/workspace/ycube/GlobusSatProject/..//hal/hcc/lib\libHCCD.a(safefat.o)
 .text._s_cmd_writede
                0x20019900       0xd8 C:/ISIS/workspace/ycube/GlobusSatProject/..//hal/hcc/lib\libHCCD.a(safefat.o)
 .text._s_cmd_setcluster
                0x200199d8       0x88 C:/ISIS/workspace/ycube/GlobusSatProject/..//hal/hcc/lib\libHCCD.a(safefat.o)
 .text._s_cmd_deletechain
                0x20019a60      0x100 C:/ISIS/workspace/ycube/GlobusSatProject/..//hal/hcc/lib\libHCCD.a(safefat.o)
 .text._s_cmd_validatecfn
                0x20019b60      0x308 C:/ISIS/workspace/ycube/GlobusSatProject/..//hal/hcc/lib\libHCCD.a(safefat.o)
 .text._s_cmd_seteof
                0x20019e68      0x3c4 C:/ISIS/workspace/ycube/GlobusSatProject/..//hal/hcc/lib\libHCCD.a(safefat.o)
 .text.safe_docommands
                0x2001a22c      0x56c C:/ISIS/workspace/ycube/GlobusSatProject/..//hal/hcc/lib\libHCCD.a(safefat.o)
                0x2001a22c                safe_docommands
 .text.safe_entercommand
                0x2001a798       0x68 C:/ISIS/workspace/ycube/GlobusSatProject/..//hal/hcc/lib\libHCCD.a(safefat.o)
                0x2001a798                safe_entercommand
 .text.safe_ready
                0x2001a800       0xf4 C:/ISIS/workspace/ycube/GlobusSatProject/..//hal/hcc/lib\libHCCD.a(safefat.o)
                0x2001a800                safe_ready
 .text.safe_copycfn
                0x2001a8f4       0xb8 C:/ISIS/workspace/ycube/GlobusSatProject/..//hal/hcc/lib\libHCCD.a(safefat.o)
                0x2001a8f4                safe_copycfn
 .text.safe_cfremove
                0x2001a9ac       0xb8 C:/ISIS/workspace/ycube/GlobusSatProject/..//hal/hcc/lib\libHCCD.a(safefat.o)
                0x2001a9ac                safe_cfremove
 .text.safe_writede
                0x2001aa64      0x104 C:/ISIS/workspace/ycube/GlobusSatProject/..//hal/hcc/lib\libHCCD.a(safefat.o)
                0x2001aa64                safe_writede
 .text.safe_setcluster
                0x2001ab68       0xcc C:/ISIS/workspace/ycube/GlobusSatProject/..//hal/hcc/lib\libHCCD.a(safefat.o)
                0x2001ab68                safe_setcluster
 .text.safe_deletechain
                0x2001ac34      0x1c8 C:/ISIS/workspace/ycube/GlobusSatProject/..//hal/hcc/lib\libHCCD.a(safefat.o)
                0x2001ac34                safe_deletechain
 .text.safe_cfclose
                0x2001adfc      0x104 C:/ISIS/workspace/ycube/GlobusSatProject/..//hal/hcc/lib\libHCCD.a(safefat.o)
                0x2001adfc                safe_cfclose
 .text.safe_cfflush
                0x2001af00      0x124 C:/ISIS/workspace/ycube/GlobusSatProject/..//hal/hcc/lib\libHCCD.a(safefat.o)
                0x2001af00                safe_cfflush
 .text.safe_reset
                0x2001b024       0x78 C:/ISIS/workspace/ycube/GlobusSatProject/..//hal/hcc/lib\libHCCD.a(safefat.o)
                0x2001b024                safe_reset
 .text.safe_loadcommands
                0x2001b09c       0x78 C:/ISIS/workspace/ycube/GlobusSatProject/..//hal/hcc/lib\libHCCD.a(safefat.o)
                0x2001b09c                safe_loadcommands
 .text.safe_poweron
                0x2001b114      0x1fc C:/ISIS/workspace/ycube/GlobusSatProject/..//hal/hcc/lib\libHCCD.a(safefat.o)
                0x2001b114                safe_poweron
 .text.cf_getname
                0x2001b310       0xc0 C:/ISIS/workspace/ycube/GlobusSatProject/..//hal/hcc/lib\libHCCD.a(safefat.o)
 .text.cf_copyclusterchain
                0x2001b3d0      0x138 C:/ISIS/workspace/ycube/GlobusSatProject/..//hal/hcc/lib\libHCCD.a(safefat.o)
 .text.cf_seektozero
                0x2001b508       0x94 C:/ISIS/workspace/ycube/GlobusSatProject/..//hal/hcc/lib\libHCCD.a(safefat.o)
                0x2001b508                cf_seektozero
 .text.cf_create
                0x2001b59c      0x3a8 C:/ISIS/workspace/ycube/GlobusSatProject/..//hal/hcc/lib\libHCCD.a(safefat.o)
                0x2001b59c                cf_create
 .text.cf_copyclustercontent
                0x2001b944      0x128 C:/ISIS/workspace/ycube/GlobusSatProject/..//hal/hcc/lib\libHCCD.a(safefat.o)
                0x2001b944                cf_copyclustercontent
 .text.cf_copycfn
                0x2001ba6c      0x4bc C:/ISIS/workspace/ycube/GlobusSatProject/..//hal/hcc/lib\libHCCD.a(safefat.o)
                0x2001ba6c                cf_copycfn
 .text.cf_remove
                0x2001bf28      0x344 C:/ISIS/workspace/ycube/GlobusSatProject/..//hal/hcc/lib\libHCCD.a(safefat.o)
                0x2001bf28                cf_remove
 .text.cf_setclusternew
                0x2001c26c       0xf0 C:/ISIS/workspace/ycube/GlobusSatProject/..//hal/hcc/lib\libHCCD.a(safefat.o)
                0x2001c26c                cf_setclusternew
 .text.cf_flush
                0x2001c35c       0x58 C:/ISIS/workspace/ycube/GlobusSatProject/..//hal/hcc/lib\libHCCD.a(safefat.o)
                0x2001c35c                cf_flush
 .text.cf_getcluster
                0x2001c3b4      0x1b4 C:/ISIS/workspace/ycube/GlobusSatProject/..//hal/hcc/lib\libHCCD.a(safefat.o)
                0x2001c3b4                cf_getcluster
 .text.cf_setnextcluster
                0x2001c568      0x194 C:/ISIS/workspace/ycube/GlobusSatProject/..//hal/hcc/lib\libHCCD.a(safefat.o)
                0x2001c568                cf_setnextcluster
 .text.cf_getpositions
                0x2001c6fc       0xbc C:/ISIS/workspace/ycube/GlobusSatProject/..//hal/hcc/lib\libHCCD.a(safefat.o)
                0x2001c6fc                cf_getpositions
 .text.cf_setpositions
                0x2001c7b8       0xb0 C:/ISIS/workspace/ycube/GlobusSatProject/..//hal/hcc/lib\libHCCD.a(safefat.o)
                0x2001c7b8                cf_setpositions
 .text.cf_opensyncafile
                0x2001c868      0x150 C:/ISIS/workspace/ycube/GlobusSatProject/..//hal/hcc/lib\libHCCD.a(safefat.o)
                0x2001c868                cf_opensyncafile
 .text.cf_reloadcfo
                0x2001c9b8       0xd8 C:/ISIS/workspace/ycube/GlobusSatProject/..//hal/hcc/lib\libHCCD.a(safefat.o)
                0x2001c9b8                cf_reloadcfo
 .text.mcipdc_cmd
                0x2001ca90      0x22c C:/ISIS/workspace/ycube/GlobusSatProject/..//hal/hcc/lib\libHCCD.a(atmel_mcipdc.o)
 .text.mcipdc_stop
                0x2001ccbc       0xfc C:/ISIS/workspace/ycube/GlobusSatProject/..//hal/hcc/lib\libHCCD.a(atmel_mcipdc.o)
                0x2001ccbc                mcipdc_stop
 .text.mcipdc_read
                0x2001cdb8      0x27c C:/ISIS/workspace/ycube/GlobusSatProject/..//hal/hcc/lib\libHCCD.a(atmel_mcipdc.o)
 .text.mcipdc_write
                0x2001d034      0x298 C:/ISIS/workspace/ycube/GlobusSatProject/..//hal/hcc/lib\libHCCD.a(atmel_mcipdc.o)
 .text.mcipdc_readsector
                0x2001d2cc       0x9c C:/ISIS/workspace/ycube/GlobusSatProject/..//hal/hcc/lib\libHCCD.a(atmel_mcipdc.o)
                0x2001d2cc                mcipdc_readsector
 .text.mcipdc_readmultiplesector
                0x2001d368      0x124 C:/ISIS/workspace/ycube/GlobusSatProject/..//hal/hcc/lib\libHCCD.a(atmel_mcipdc.o)
                0x2001d368                mcipdc_readmultiplesector
 .text.mcipdc_writesector
                0x2001d48c       0x90 C:/ISIS/workspace/ycube/GlobusSatProject/..//hal/hcc/lib\libHCCD.a(atmel_mcipdc.o)
                0x2001d48c                mcipdc_writesector
 .text.mcipdc_writemultiplesector
                0x2001d51c      0x120 C:/ISIS/workspace/ycube/GlobusSatProject/..//hal/hcc/lib\libHCCD.a(atmel_mcipdc.o)
                0x2001d51c                mcipdc_writemultiplesector
 .text.mcipdc_set_speed
                0x2001d63c       0xb0 C:/ISIS/workspace/ycube/GlobusSatProject/..//hal/hcc/lib\libHCCD.a(atmel_mcipdc.o)
 .text.mcipdc_get_speed
                0x2001d6ec       0x48 C:/ISIS/workspace/ycube/GlobusSatProject/..//hal/hcc/lib\libHCCD.a(atmel_mcipdc.o)
 .text._get_csd_bits
                0x2001d734      0x14c C:/ISIS/workspace/ycube/GlobusSatProject/..//hal/hcc/lib\libHCCD.a(atmel_mcipdc.o)
 .text.mcipdc_initcard
                0x2001d880      0x8f4 C:/ISIS/workspace/ycube/GlobusSatProject/..//hal/hcc/lib\libHCCD.a(atmel_mcipdc.o)
 .text.mcipdc_getstatus
                0x2001e174       0xe8 C:/ISIS/workspace/ycube/GlobusSatProject/..//hal/hcc/lib\libHCCD.a(atmel_mcipdc.o)
 .text.mcipdc_getphy
                0x2001e25c       0x90 C:/ISIS/workspace/ycube/GlobusSatProject/..//hal/hcc/lib\libHCCD.a(atmel_mcipdc.o)
 .text.mcipdc_release
                0x2001e2ec       0x50 C:/ISIS/workspace/ycube/GlobusSatProject/..//hal/hcc/lib\libHCCD.a(atmel_mcipdc.o)
 .text.atmel_mcipdc_initfunc
                0x2001e33c      0x160 C:/ISIS/workspace/ycube/GlobusSatProject/..//hal/hcc/lib\libHCCD.a(atmel_mcipdc.o)
                0x2001e33c                atmel_mcipdc_initfunc
 .text.oal_mutex_create
                0x2001e49c       0x54 C:/ISIS/workspace/ycube/GlobusSatProject/..//hal/hcc/lib\libHCCD.a(oalp_mutex.o)
                0x2001e49c                oal_mutex_create
 .text.oal_mutex_delete
                0x2001e4f0       0x30 C:/ISIS/workspace/ycube/GlobusSatProject/..//hal/hcc/lib\libHCCD.a(oalp_mutex.o)
                0x2001e4f0                oal_mutex_delete
 .text.oal_mutex_get
                0x2001e520       0x58 C:/ISIS/workspace/ycube/GlobusSatProject/..//hal/hcc/lib\libHCCD.a(oalp_mutex.o)
                0x2001e520                oal_mutex_get
 .text.oal_mutex_put
                0x2001e578       0x58 C:/ISIS/workspace/ycube/GlobusSatProject/..//hal/hcc/lib\libHCCD.a(oalp_mutex.o)
                0x2001e578                oal_mutex_put
 .text.oal_task_get_id
                0x2001e5d0       0x18 C:/ISIS/workspace/ycube/GlobusSatProject/..//hal/hcc/lib\libHCCD.a(oalp_task.o)
                0x2001e5d0                oal_task_get_id
 .text.mcipdc_hw_init
                0x2001e5e8       0xe8 C:/ISIS/workspace/ycube/GlobusSatProject/..//hal/hcc/lib\libHCCD.a(atmel_mcipdc_hw.o)
                0x2001e5e8                mcipdc_hw_init
 .text.mcipdc_hw_delete
                0x2001e6d0       0x78 C:/ISIS/workspace/ycube/GlobusSatProject/..//hal/hcc/lib\libHCCD.a(atmel_mcipdc_hw.o)
                0x2001e6d0                mcipdc_hw_delete
 .text.mcipdc_hw_card_plugged
                0x2001e748       0x1c C:/ISIS/workspace/ycube/GlobusSatProject/..//hal/hcc/lib\libHCCD.a(atmel_mcipdc_hw.o)
                0x2001e748                mcipdc_hw_card_plugged
 .text.mcipdc_hw_card_writeprotect
                0x2001e764       0x1c C:/ISIS/workspace/ycube/GlobusSatProject/..//hal/hcc/lib\libHCCD.a(atmel_mcipdc_hw.o)
                0x2001e764                mcipdc_hw_card_writeprotect
 .text.psp_getcurrenttimedate
                0x2001e780       0x8c C:/ISIS/workspace/ycube/GlobusSatProject/..//hal/hcc/lib\libHCCD.a(psp_rtc.o)
                0x2001e780                psp_getcurrenttimedate
 .text._hcc_get_buf_dsc
                0x2001e80c       0x8c C:/ISIS/workspace/ycube/GlobusSatProject/..//hal/hcc/lib\libHCCD.a(hcc_mem.o)
 .text._hcc_check_free_pages
                0x2001e898      0x18c C:/ISIS/workspace/ycube/GlobusSatProject/..//hal/hcc/lib\libHCCD.a(hcc_mem.o)
 .text._hcc_mark_pages
                0x2001ea24      0x158 C:/ISIS/workspace/ycube/GlobusSatProject/..//hal/hcc/lib\libHCCD.a(hcc_mem.o)
 .text._hcc_clear_lock_dsc
                0x2001eb7c       0x80 C:/ISIS/workspace/ycube/GlobusSatProject/..//hal/hcc/lib\libHCCD.a(hcc_mem.o)
 .text._hcc_lock_access
                0x2001ebfc      0x128 C:/ISIS/workspace/ycube/GlobusSatProject/..//hal/hcc/lib\libHCCD.a(hcc_mem.o)
 .text._hcc_unlock_access
                0x2001ed24       0x30 C:/ISIS/workspace/ycube/GlobusSatProject/..//hal/hcc/lib\libHCCD.a(hcc_mem.o)
 .text.hcc_mem_alloc
                0x2001ed54      0x454 C:/ISIS/workspace/ycube/GlobusSatProject/..//hal/hcc/lib\libHCCD.a(hcc_mem.o)
                0x2001ed54                hcc_mem_alloc
 .text.hcc_mem_free
                0x2001f1a8      0x178 C:/ISIS/workspace/ycube/GlobusSatProject/..//hal/hcc/lib\libHCCD.a(hcc_mem.o)
                0x2001f1a8                hcc_mem_free
 .text.hcc_mem_add
                0x2001f320      0x3b0 C:/ISIS/workspace/ycube/GlobusSatProject/..//hal/hcc/lib\libHCCD.a(hcc_mem.o)
                0x2001f320                hcc_mem_add
 .text.hcc_mem_init
                0x2001f6d0      0x164 C:/ISIS/workspace/ycube/GlobusSatProject/..//hal/hcc/lib\libHCCD.a(hcc_mem.o)
                0x2001f6d0                hcc_mem_init
 .text.hcc_mem_delete
                0x2001f834       0x94 C:/ISIS/workspace/ycube/GlobusSatProject/..//hal/hcc/lib\libHCCD.a(hcc_mem.o)
                0x2001f834                hcc_mem_delete
 .text._f_invalidatedir
                0x2001f8c8       0x28 C:/ISIS/workspace/ycube/GlobusSatProject/..//hal/hcc/lib\libHCCD.a(fat.o)
                0x2001f8c8                _f_invalidatedir
 .text._f_getdirsector
                0x2001f8f0       0x88 C:/ISIS/workspace/ycube/GlobusSatProject/..//hal/hcc/lib\libHCCD.a(fat.o)
                0x2001f8f0                _f_getdirsector
 .text._f_writedirsector
                0x2001f978       0x74 C:/ISIS/workspace/ycube/GlobusSatProject/..//hal/hcc/lib\libHCCD.a(fat.o)
                0x2001f978                _f_writedirsector
 .text._f_checknameinv
                0x2001f9ec      0x180 C:/ISIS/workspace/ycube/GlobusSatProject/..//hal/hcc/lib\libHCCD.a(fat.o)
 .text._f_checkname
                0x2001fb6c       0x7c C:/ISIS/workspace/ycube/GlobusSatProject/..//hal/hcc/lib\libHCCD.a(fat.o)
 .text._f_checknamewc
                0x2001fbe8       0xf8 C:/ISIS/workspace/ycube/GlobusSatProject/..//hal/hcc/lib\libHCCD.a(fat.o)
 .text._f_setnameext
                0x2001fce0      0x300 C:/ISIS/workspace/ycube/GlobusSatProject/..//hal/hcc/lib\libHCCD.a(fat.o)
 .text._f_setfsname
                0x2001ffe0      0x584 C:/ISIS/workspace/ycube/GlobusSatProject/..//hal/hcc/lib\libHCCD.a(fat.o)
 .text._f_findfile
                0x20020564      0x30c C:/ISIS/workspace/ycube/GlobusSatProject/..//hal/hcc/lib\libHCCD.a(fat.o)
 .text._f_cmp_wname
                0x20020870      0x274 C:/ISIS/workspace/ycube/GlobusSatProject/..//hal/hcc/lib\libHCCD.a(fat.o)
 .text._f_to_string
                0x20020ae4      0x130 C:/ISIS/workspace/ycube/GlobusSatProject/..//hal/hcc/lib\libHCCD.a(fat.o)
 .text._f_findfilewc
                0x20020c14      0x278 C:/ISIS/workspace/ycube/GlobusSatProject/..//hal/hcc/lib\libHCCD.a(fat.o)
 .text._f_getfilename
                0x20020e8c      0x20c C:/ISIS/workspace/ycube/GlobusSatProject/..//hal/hcc/lib\libHCCD.a(fat.o)
 .text._f_findpath
                0x20021098      0x35c C:/ISIS/workspace/ycube/GlobusSatProject/..//hal/hcc/lib\libHCCD.a(fat.o)
 .text.fn_getdcwd
                0x200213f4      0x1e0 C:/ISIS/workspace/ycube/GlobusSatProject/..//hal/hcc/lib\libHCCD.a(fat.o)
                0x200213f4                fn_getdcwd
 .text.fn_findfirst
                0x200215d4      0x13c C:/ISIS/workspace/ycube/GlobusSatProject/..//hal/hcc/lib\libHCCD.a(fat.o)
                0x200215d4                fn_findfirst
 .text.fn_findnext
                0x20021710      0x360 C:/ISIS/workspace/ycube/GlobusSatProject/..//hal/hcc/lib\libHCCD.a(fat.o)
                0x20021710                fn_findnext
 .text._f_lock_resfile
                0x20021a70       0x6c C:/ISIS/workspace/ycube/GlobusSatProject/..//hal/hcc/lib\libHCCD.a(fat.o)
 .text._f_unlock_resfile
                0x20021adc       0x40 C:/ISIS/workspace/ycube/GlobusSatProject/..//hal/hcc/lib\libHCCD.a(fat.o)
 .text._f_getintfile
                0x20021b1c      0x124 C:/ISIS/workspace/ycube/GlobusSatProject/..//hal/hcc/lib\libHCCD.a(fat.o)
 .text._f_addentry
                0x20021c40      0x540 C:/ISIS/workspace/ycube/GlobusSatProject/..//hal/hcc/lib\libHCCD.a(fat.o)
 .text.fn_open_sub
                0x20022180     0x1698 C:/ISIS/workspace/ycube/GlobusSatProject/..//hal/hcc/lib\libHCCD.a(fat.o)
 .text.fn_open  0x20023818       0x44 C:/ISIS/workspace/ycube/GlobusSatProject/..//hal/hcc/lib\libHCCD.a(fat.o)
                0x20023818                fn_open
 .text.fn_delete
                0x2002385c      0x490 C:/ISIS/workspace/ycube/GlobusSatProject/..//hal/hcc/lib\libHCCD.a(fat.o)
                0x2002385c                fn_delete
 .text.hcc_mem_buf_alloc
                0x20023cec       0xe4 C:/ISIS/workspace/ycube/GlobusSatProject/..//hal/hcc/lib\libHCCD.a(psp_hcc_mem.o)
                0x20023cec                hcc_mem_buf_alloc
 .text.hcc_mem_buf_free
                0x20023dd0       0x6c C:/ISIS/workspace/ycube/GlobusSatProject/..//hal/hcc/lib\libHCCD.a(psp_hcc_mem.o)
                0x20023dd0                hcc_mem_buf_free
 .text.makeAntStransfer
                0x20023e3c       0x4c C:/ISIS/workspace/ycube/GlobusSatProject/..//satellite-subsystems/satellite-subsystems/lib\libSatelliteSubsystemsD.a(IsisAntS.o)
 .text.checkInputsValid
                0x20023e88       0x7c C:/ISIS/workspace/ycube/GlobusSatProject/..//satellite-subsystems/satellite-subsystems/lib\libSatelliteSubsystemsD.a(IsisAntS.o)
 .text.IsisAntS_initialize
                0x20023f04      0x26c C:/ISIS/workspace/ycube/GlobusSatProject/..//satellite-subsystems/satellite-subsystems/lib\libSatelliteSubsystemsD.a(IsisAntS.o)
                0x20023f04                IsisAntS_initialize
 .text.IsisAntS_setArmStatus
                0x20024170      0x104 C:/ISIS/workspace/ycube/GlobusSatProject/..//satellite-subsystems/satellite-subsystems/lib\libSatelliteSubsystemsD.a(IsisAntS.o)
                0x20024170                IsisAntS_setArmStatus
 .text.IsisAntS_getStatusData
                0x20024274      0x120 C:/ISIS/workspace/ycube/GlobusSatProject/..//satellite-subsystems/satellite-subsystems/lib\libSatelliteSubsystemsD.a(IsisAntS.o)
                0x20024274                IsisAntS_getStatusData
 .text.IsisAntS_getUptime
                0x20024394      0x120 C:/ISIS/workspace/ycube/GlobusSatProject/..//satellite-subsystems/satellite-subsystems/lib\libSatelliteSubsystemsD.a(IsisAntS.o)
                0x20024394                IsisAntS_getUptime
 .text.IsisAntS_getAlltelemetry
                0x200244b4      0x120 C:/ISIS/workspace/ycube/GlobusSatProject/..//satellite-subsystems/satellite-subsystems/lib\libSatelliteSubsystemsD.a(IsisAntS.o)
                0x200244b4                IsisAntS_getAlltelemetry
 .text.IsisAntS_reset
                0x200245d4      0x104 C:/ISIS/workspace/ycube/GlobusSatProject/..//satellite-subsystems/satellite-subsystems/lib\libSatelliteSubsystemsD.a(IsisAntS.o)
                0x200245d4                IsisAntS_reset
 .text.IsisAntS_cancelDeployment
                0x200246d8      0x104 C:/ISIS/workspace/ycube/GlobusSatProject/..//satellite-subsystems/satellite-subsystems/lib\libSatelliteSubsystemsD.a(IsisAntS.o)
                0x200246d8                IsisAntS_cancelDeployment
 .text.IsisAntS_autoDeployment
                0x200247dc      0x114 C:/ISIS/workspace/ycube/GlobusSatProject/..//satellite-subsystems/satellite-subsystems/lib\libSatelliteSubsystemsD.a(IsisAntS.o)
                0x200247dc                IsisAntS_autoDeployment
 .text.IsisSolarPanelv2_initialize
                0x200248f0       0xb4 C:/ISIS/workspace/ycube/GlobusSatProject/..//satellite-subsystems/satellite-subsystems/lib\libSatelliteSubsystemsD.a(IsisSolarPanelv2.o)
                0x200248f0                IsisSolarPanelv2_initialize
 .text.IsisSolarPanelv2_getTemperature
                0x200249a4       0xc8 C:/ISIS/workspace/ycube/GlobusSatProject/..//satellite-subsystems/satellite-subsystems/lib\libSatelliteSubsystemsD.a(IsisSolarPanelv2.o)
                0x200249a4                IsisSolarPanelv2_getTemperature
 .text.IsisSolarPanelv2_getState
                0x20024a6c       0x24 C:/ISIS/workspace/ycube/GlobusSatProject/..//satellite-subsystems/satellite-subsystems/lib\libSatelliteSubsystemsD.a(IsisSolarPanelv2.o)
                0x20024a6c                IsisSolarPanelv2_getState
 .text._Reset   0x20024a90       0x20 C:/ISIS/workspace/ycube/GlobusSatProject/..//satellite-subsystems/satellite-subsystems/lib\libSatelliteSubsystemsD.a(IsisSolarPanelv2.o)
 .text._WaitForStartup
                0x20024ab0       0x90 C:/ISIS/workspace/ycube/GlobusSatProject/..//satellite-subsystems/satellite-subsystems/lib\libSatelliteSubsystemsD.a(IsisSolarPanelv2.o)
 .text._AssignAllChannels
                0x20024b40       0x90 C:/ISIS/workspace/ycube/GlobusSatProject/..//satellite-subsystems/satellite-subsystems/lib\libSatelliteSubsystemsD.a(IsisSolarPanelv2.o)
 .text._AssignThisChannel
                0x20024bd0       0xe8 C:/ISIS/workspace/ycube/GlobusSatProject/..//satellite-subsystems/satellite-subsystems/lib\libSatelliteSubsystemsD.a(IsisSolarPanelv2.o)
 .text._InitiateConversion
                0x20024cb8       0xac C:/ISIS/workspace/ycube/GlobusSatProject/..//satellite-subsystems/satellite-subsystems/lib\libSatelliteSubsystemsD.a(IsisSolarPanelv2.o)
 .text._WaitForConversionComplete
                0x20024d64      0x100 C:/ISIS/workspace/ycube/GlobusSatProject/..//satellite-subsystems/satellite-subsystems/lib\libSatelliteSubsystemsD.a(IsisSolarPanelv2.o)
 .text._ReadResult
                0x20024e64      0x158 C:/ISIS/workspace/ycube/GlobusSatProject/..//satellite-subsystems/satellite-subsystems/lib\libSatelliteSubsystemsD.a(IsisSolarPanelv2.o)
 .text._ExtractByte
                0x20024fbc       0x38 C:/ISIS/workspace/ycube/GlobusSatProject/..//satellite-subsystems/satellite-subsystems/lib\libSatelliteSubsystemsD.a(IsisSolarPanelv2.o)
 .text._ExtendSign
                0x20024ff4       0x6c C:/ISIS/workspace/ycube/GlobusSatProject/..//satellite-subsystems/satellite-subsystems/lib\libSatelliteSubsystemsD.a(IsisSolarPanelv2.o)
 .text._PinsInit
                0x20025060       0x50 C:/ISIS/workspace/ycube/GlobusSatProject/..//satellite-subsystems/satellite-subsystems/lib\libSatelliteSubsystemsD.a(IsisSolarPanelv2.o)
 .text._SpiWriteRead
                0x200250b0       0x70 C:/ISIS/workspace/ycube/GlobusSatProject/..//satellite-subsystems/satellite-subsystems/lib\libSatelliteSubsystemsD.a(IsisSolarPanelv2.o)
 .text.IsisTrxvu_initialize
                0x20025120      0x2f4 C:/ISIS/workspace/ycube/GlobusSatProject/..//satellite-subsystems/satellite-subsystems/lib\libSatelliteSubsystemsD.a(IsisTRXVU.o)
                0x20025120                IsisTrxvu_initialize
 .text.makeTRXVUtransfer
                0x20025414       0x44 C:/ISIS/workspace/ycube/GlobusSatProject/..//satellite-subsystems/satellite-subsystems/lib\libSatelliteSubsystemsD.a(IsisTRXVU.o)
 .text.IsisTrxvu_componentSoftReset
                0x20025458       0x6c C:/ISIS/workspace/ycube/GlobusSatProject/..//satellite-subsystems/satellite-subsystems/lib\libSatelliteSubsystemsD.a(IsisTRXVU.o)
                0x20025458                IsisTrxvu_componentSoftReset
 .text.IsisTrxvu_componentHardReset
                0x200254c4       0xc8 C:/ISIS/workspace/ycube/GlobusSatProject/..//satellite-subsystems/satellite-subsystems/lib\libSatelliteSubsystemsD.a(IsisTRXVU.o)
                0x200254c4                IsisTrxvu_componentHardReset
 .text.IsisTrxvu_softReset
                0x2002558c       0x74 C:/ISIS/workspace/ycube/GlobusSatProject/..//satellite-subsystems/satellite-subsystems/lib\libSatelliteSubsystemsD.a(IsisTRXVU.o)
                0x2002558c                IsisTrxvu_softReset
 .text.IsisTrxvu_hardReset
                0x20025600       0x74 C:/ISIS/workspace/ycube/GlobusSatProject/..//satellite-subsystems/satellite-subsystems/lib\libSatelliteSubsystemsD.a(IsisTRXVU.o)
                0x20025600                IsisTrxvu_hardReset
 .text.IsisTrxvu_tcSendAX25DefClSign
                0x20025674       0xec C:/ISIS/workspace/ycube/GlobusSatProject/..//satellite-subsystems/satellite-subsystems/lib\libSatelliteSubsystemsD.a(IsisTRXVU.o)
                0x20025674                IsisTrxvu_tcSendAX25DefClSign
 .text.IsisTrxvu_tcSetIdlestate
                0x20025760       0xa4 C:/ISIS/workspace/ycube/GlobusSatProject/..//satellite-subsystems/satellite-subsystems/lib\libSatelliteSubsystemsD.a(IsisTRXVU.o)
                0x20025760                IsisTrxvu_tcSetIdlestate
 .text.IsisTrxvu_tcSetAx25Bitrate
                0x20025804       0xc4 C:/ISIS/workspace/ycube/GlobusSatProject/..//satellite-subsystems/satellite-subsystems/lib\libSatelliteSubsystemsD.a(IsisTRXVU.o)
                0x20025804                IsisTrxvu_tcSetAx25Bitrate
 .text.IsisTrxvu_tcGetUptime
                0x200258c8       0xa0 C:/ISIS/workspace/ycube/GlobusSatProject/..//satellite-subsystems/satellite-subsystems/lib\libSatelliteSubsystemsD.a(IsisTRXVU.o)
                0x200258c8                IsisTrxvu_tcGetUptime
 .text.IsisTrxvu_tcGetState
                0x20025968       0xd0 C:/ISIS/workspace/ycube/GlobusSatProject/..//satellite-subsystems/satellite-subsystems/lib\libSatelliteSubsystemsD.a(IsisTRXVU.o)
                0x20025968                IsisTrxvu_tcGetState
 .text.IsisTrxvu_tcGetTelemetryAll
                0x20025a38       0xd0 C:/ISIS/workspace/ycube/GlobusSatProject/..//satellite-subsystems/satellite-subsystems/lib\libSatelliteSubsystemsD.a(IsisTRXVU.o)
                0x20025a38                IsisTrxvu_tcGetTelemetryAll
 .text.IsisTrxvu_rcGetFrameCount
                0x20025b08       0xa0 C:/ISIS/workspace/ycube/GlobusSatProject/..//satellite-subsystems/satellite-subsystems/lib\libSatelliteSubsystemsD.a(IsisTRXVU.o)
                0x20025b08                IsisTrxvu_rcGetFrameCount
 .text.IsisTrxvu_rcGetCommandFrame
                0x20025ba8      0x2d8 C:/ISIS/workspace/ycube/GlobusSatProject/..//satellite-subsystems/satellite-subsystems/lib\libSatelliteSubsystemsD.a(IsisTRXVU.o)
                0x20025ba8                IsisTrxvu_rcGetCommandFrame
 .text.IsisTrxvu_rcGetTelemetryAll
                0x20025e80       0xd0 C:/ISIS/workspace/ycube/GlobusSatProject/..//satellite-subsystems/satellite-subsystems/lib\libSatelliteSubsystemsD.a(IsisTRXVU.o)
                0x20025e80                IsisTrxvu_rcGetTelemetryAll
 .text.IsisTrxvu_rcGetUptime
                0x20025f50       0xa0 C:/ISIS/workspace/ycube/GlobusSatProject/..//satellite-subsystems/satellite-subsystems/lib\libSatelliteSubsystemsD.a(IsisTRXVU.o)
                0x20025f50                IsisTrxvu_rcGetUptime
 .text.ISIS_EPS_Init
                0x20025ff0       0xc8 C:/ISIS/workspace/ycube/GlobusSatProject/..//satellite-subsystems/satellite-subsystems/lib\libSatelliteSubsystemsD.a(isis_eps_driver.o)
                0x20025ff0                ISIS_EPS_Init
 .text.isis_eps__reset__tmtc
                0x200260b8       0xe8 C:/ISIS/workspace/ycube/GlobusSatProject/..//satellite-subsystems/satellite-subsystems/lib\libSatelliteSubsystemsD.a(isis_eps_driver.o)
                0x200260b8                isis_eps__reset__tmtc
 .text.isis_eps__watchdog__tm
                0x200261a0       0xac C:/ISIS/workspace/ycube/GlobusSatProject/..//satellite-subsystems/satellite-subsystems/lib\libSatelliteSubsystemsD.a(isis_eps_driver.o)
                0x200261a0                isis_eps__watchdog__tm
 .text.isis_eps__getparameter__tmtc
                0x2002624c       0xe8 C:/ISIS/workspace/ycube/GlobusSatProject/..//satellite-subsystems/satellite-subsystems/lib\libSatelliteSubsystemsD.a(isis_eps_driver.o)
                0x2002624c                isis_eps__getparameter__tmtc
 .text.isis_eps__setparameter__tmtc
                0x20026334       0xe8 C:/ISIS/workspace/ycube/GlobusSatProject/..//satellite-subsystems/satellite-subsystems/lib\libSatelliteSubsystemsD.a(isis_eps_driver.o)
                0x20026334                isis_eps__setparameter__tmtc
 .text.isis_eps__gethousekeepingeng__tm
                0x2002641c       0xac C:/ISIS/workspace/ycube/GlobusSatProject/..//satellite-subsystems/satellite-subsystems/lib\libSatelliteSubsystemsD.a(isis_eps_driver.o)
                0x2002641c                isis_eps__gethousekeepingeng__tm
 .text.isis_eps__gethousekeepingengincdb__tm
                0x200264c8       0xac C:/ISIS/workspace/ycube/GlobusSatProject/..//satellite-subsystems/satellite-subsystems/lib\libSatelliteSubsystemsD.a(isis_eps_driver.o)
                0x200264c8                isis_eps__gethousekeepingengincdb__tm
 .text._I2C_Send
                0x20026574       0x78 C:/ISIS/workspace/ycube/GlobusSatProject/..//satellite-subsystems/satellite-subsystems/lib\libSatelliteSubsystemsD.a(isis_eps_driver.o)
 .text.makeTRXCommonTransfer
                0x200265ec       0x34 C:/ISIS/workspace/ycube/GlobusSatProject/..//satellite-subsystems/satellite-subsystems/lib\libSatelliteSubsystemsD.a(IsisTRXCommon.o)
 .text.IsisTrxCommon_componentReset
                0x20026620       0x68 C:/ISIS/workspace/ycube/GlobusSatProject/..//satellite-subsystems/satellite-subsystems/lib\libSatelliteSubsystemsD.a(IsisTRXCommon.o)
                0x20026620                IsisTrxCommon_componentReset
 .text.IsisTrxCommon_TxSendAX25DefClSign
                0x20026688       0xf4 C:/ISIS/workspace/ycube/GlobusSatProject/..//satellite-subsystems/satellite-subsystems/lib\libSatelliteSubsystemsD.a(IsisTRXCommon.o)
                0x20026688                IsisTrxCommon_TxSendAX25DefClSign
 .text.IsisTrxCommon_TxSetIdlestate
                0x2002677c       0x78 C:/ISIS/workspace/ycube/GlobusSatProject/..//satellite-subsystems/satellite-subsystems/lib\libSatelliteSubsystemsD.a(IsisTRXCommon.o)
                0x2002677c                IsisTrxCommon_TxSetIdlestate
 .text.IsisTrxCommon_TxSetAx25Bitrate
                0x200267f4       0x78 C:/ISIS/workspace/ycube/GlobusSatProject/..//satellite-subsystems/satellite-subsystems/lib\libSatelliteSubsystemsD.a(IsisTRXCommon.o)
                0x200267f4                IsisTrxCommon_TxSetAx25Bitrate
 .text.IsisTrxCommon_RxGetFrameCount