Archive member included because of file (symbol)

C:/ISIS/workspace/ycube/GlobusSatProject/..//hal/hal/lib\libHALD.a(SPI.o)
                              ./src/InitSystem.o (SPI_start)
C:/ISIS/workspace/ycube/GlobusSatProject/..//hal/hal/lib\libHALD.a(I2C.o)
                              ./src/SubSystemModules/Payload/payload_drivers.o (I2C_write)
C:/ISIS/workspace/ycube/GlobusSatProject/..//hal/hal/lib\libHALD.a(ADC.o)
                              ./src/SubSystemModules/Housekepping/TelemetryCollector.o (ADC_ConvertRaw10bitToMillivolt)
C:/ISIS/workspace/ycube/GlobusSatProject/..//hal/hal/lib\libHALD.a(FRAM.o)
                              ./src/SubSystemModules/Communication/SubsystemCommands/Maintanence_Commands.o (FRAM_start)
C:/ISIS/workspace/ycube/GlobusSatProject/..//hal/hal/lib\libHALD.a(Time.o)
                              ./src/InitSystem.o (Time_start)
C:/ISIS/workspace/ycube/GlobusSatProject/..//hal/hal/lib\libHALD.a(WatchDogTimerNoOS.o)
                              ./src/main.o (WDT_start)
C:/ISIS/workspace/ycube/GlobusSatProject/..//hal/hal/lib\libHALD.a(RTT.o)
                              C:/ISIS/workspace/ycube/GlobusSatProject/..//hal/hal/lib\libHALD.a(Time.o) (RTT_start)
C:/ISIS/workspace/ycube/GlobusSatProject/..//hal/hal/lib\libHALD.a(RTC.o)
                              C:/ISIS/workspace/ycube/GlobusSatProject/..//hal/hal/lib\libHALD.a(Time.o) (RTC_getTime)
C:/ISIS/workspace/ycube/GlobusSatProject/..//hal/hal/lib\libHALD.a(WatchDogTimerOS.o)
                              ./src/TestingDemos/MainTest.o (WDT_startWatchdogKickTask)
C:/ISIS/workspace/ycube/GlobusSatProject/..//hal/hal/lib\libHALD.a(fprintf.o)
                              ./src/TLM_management.o (f_puts)
C:/ISIS/workspace/ycube/GlobusSatProject/..//hal/hal/lib\libHALD.a(util.o)
                              ./src/TestingDemos/CommandsTestingDemo.o (UTIL_DbguGetIntegerMinMax)
C:/ISIS/workspace/ycube/GlobusSatProject/..//hal/hal/lib\libHALD.a(LED.o)
                              C:/ISIS/workspace/ycube/GlobusSatProject/..//hal/hal/lib\libHALD.a(WatchDogTimerOS.o) (LED_toggle)
C:/ISIS/workspace/ycube/GlobusSatProject/..//hal/hcc/lib\libHCCD.a(fat_m.o)
                              ./src/TLM_management.o (fm_initvolume)
C:/ISIS/workspace/ycube/GlobusSatProject/..//hal/hcc/lib\libHCCD.a(fat.o)
                              C:/ISIS/workspace/ycube/GlobusSatProject/..//hal/hcc/lib\libHCCD.a(fat_m.o) (fn_getdcwd)
C:/ISIS/workspace/ycube/GlobusSatProject/..//hal/hcc/lib\libHCCD.a(fat_common.o)
                              C:/ISIS/workspace/ycube/GlobusSatProject/..//hal/hcc/lib\libHCCD.a(fat.o) (p_filesystem)
C:/ISIS/workspace/ycube/GlobusSatProject/..//hal/hcc/lib\libHCCD.a(safefat.o)
                              C:/ISIS/workspace/ycube/GlobusSatProject/..//hal/hcc/lib\libHCCD.a(fat.o) (s_subdir)
C:/ISIS/workspace/ycube/GlobusSatProject/..//hal/hcc/lib\libHCCD.a(atmel_mcipdc.o)
                              ./src/TLM_management.o (atmel_mcipdc_initfunc)
C:/ISIS/workspace/ycube/GlobusSatProject/..//hal/hcc/lib\libHCCD.a(oalp_task.o)
                              C:/ISIS/workspace/ycube/GlobusSatProject/..//hal/hcc/lib\libHCCD.a(fat_common.o) (oal_task_get_id)
C:/ISIS/workspace/ycube/GlobusSatProject/..//hal/hcc/lib\libHCCD.a(oalp_mutex.o)
                              C:/ISIS/workspace/ycube/GlobusSatProject/..//hal/hcc/lib\libHCCD.a(fat_common.o) (oal_mutex_create)
C:/ISIS/workspace/ycube/GlobusSatProject/..//hal/hcc/lib\libHCCD.a(atmel_mcipdc_hw.o)
                              C:/ISIS/workspace/ycube/GlobusSatProject/..//hal/hcc/lib\libHCCD.a(atmel_mcipdc.o) (mcipdc_hw_init)
C:/ISIS/workspace/ycube/GlobusSatProject/..//hal/hcc/lib\libHCCD.a(psp_rand.o)
                              C:/ISIS/workspace/ycube/GlobusSatProject/..//hal/hcc/lib\libHCCD.a(fat_common.o) (psp_getrand)
C:/ISIS/workspace/ycube/GlobusSatProject/..//hal/hcc/lib\libHCCD.a(psp_rtc.o)
                              C:/ISIS/workspace/ycube/GlobusSatProject/..//hal/hcc/lib\libHCCD.a(fat_common.o) (psp_getcurrenttimedate)
C:/ISIS/workspace/ycube/GlobusSatProject/..//hal/hcc/lib\libHCCD.a(hcc_mem.o)
                              C:/ISIS/workspace/ycube/GlobusSatProject/..//hal/hcc/lib\libHCCD.a(atmel_mcipdc.o) (hcc_mem_alloc)
C:/ISIS/workspace/ycube/GlobusSatProject/..//hal/hcc/lib\libHCCD.a(psp_hcc_mem.o)
                              C:/ISIS/workspace/ycube/GlobusSatProject/..//hal/hcc/lib\libHCCD.a(hcc_mem.o) (hcc_mem_buf_alloc)
C:/ISIS/workspace/ycube/GlobusSatProject/..//satellite-subsystems/satellite-subsystems/lib\libSatelliteSubsystemsD.a(IsisTRXVU.o)
                              ./src/SubSystemModules/Communication/TRXVU.o (IsisTrxvu_initialize)
C:/ISIS/workspace/ycube/GlobusSatProject/..//satellite-subsystems/satellite-subsystems/lib\libSatelliteSubsystemsD.a(IsisSolarPanelv2.o)
                              ./src/SubSystemModules/PowerManagment/EPS.o (IsisSolarPanelv2_initialize)
[...]
Memory Configuration

Name             Origin             Length             Attributes
sram0            0x00200000         0x00004000         w !xr
sram1            0x00300000         0x00004000         w !xr
sdram            0x20000000         0x02000000         w !xr
*default*        0x00000000         0xffffffff

Linker script and memory map

LOAD c:/isis/application/toolchain/bin/../lib/gcc/arm-none-eabi/4.7.4/../../../../arm-none-eabi/lib\libc.a
LOAD ./src/TestingDemos/CommandsTestingDemo.o
LOAD ./src/TestingDemos/EpsTestingDemo.o
LOAD ./src/TestingDemos/FileSystemTestingDemo.o
LOAD ./src/TestingDemos/MainTest.o
LOAD ./src/TestingDemos/MaintenanceTestingDemo.o
LOAD ./src/TestingDemos/TelemetryTestingDemo.o
LOAD ./src/TestingDemos/TrxvuTestingDemo.o
LOAD ./src/SubSystemModules/PowerManagment/EPS.o
LOAD ./src/SubSystemModules/PowerManagment/EPSOperationModes.o
LOAD ./src/SubSystemModules/Payload/payload_drivers.o
LOAD ./src/SubSystemModules/Maintenance/Maintenance.o
LOAD ./src/SubSystemModules/Housekepping/NamesLogic.o
LOAD ./src/SubSystemModules/Housekepping/RAMTelemetry.o
LOAD ./src/SubSystemModules/Housekepping/TelemetryCollector.o
LOAD ./src/SubSystemModules/Communication/SubsystemCommands/EPS_Commands.o
LOAD ./src/SubSystemModules/Communication/SubsystemCommands/FS_Commands.o
LOAD ./src/SubSystemModules/Communication/SubsystemCommands/Maintanence_Commands.o
LOAD ./src/SubSystemModules/Communication/SubsystemCommands/TRXVU_Commands.o
LOAD ./src/SubSystemModules/Communication/AckHandler.o
LOAD ./src/SubSystemModules/Communication/CommandDictionary.o
LOAD ./src/SubSystemModules/Communication/HashSecuredCMD.o
LOAD ./src/SubSystemModules/Communication/SatCommandHandler.o
LOAD ./src/SubSystemModules/Communication/TRXVU.o
LOAD ./src/InitSystem.o
LOAD ./src/TLM_management.o
LOAD ./src/main.o
LOAD ./src/utils.o
LOAD C:/ISIS/workspace/ycube/GlobusSatProject/..//hal/hal/lib\libHALD.a
LOAD C:/ISIS/workspace/ycube/GlobusSatProject/..//hal/hcc/lib\libHCCD.a
LOAD C:/ISIS/workspace/ycube/GlobusSatProject/..//satellite-subsystems/satellite-subsystems/lib\libSatelliteSubsystemsD.a
LOAD C:/ISIS/workspace/ycube/GlobusSatProject/..//hal/freertos/lib\libFreeRTOSD.a
LOAD C:/ISIS/workspace/ycube/GlobusSatProject/..//hal/at91/lib\libAt91D.a
START GROUP
LOAD c:/isis/application/toolchain/bin/../lib/gcc/arm-none-eabi/4.7.4\libgcc.a
LOAD c:/isis/application/toolchain/bin/../lib/gcc/arm-none-eabi/4.7.4/../../../../arm-none-eabi/lib\libg.a
LOAD c:/isis/application/toolchain/bin/../lib/gcc/arm-none-eabi/4.7.4/../../../../arm-none-eabi/lib\libc.a
END GROUP

.fixed          0x20000000    0x4d158
                0x20000000                . = ALIGN (0x4)
                0x20000000                _sfixed = .
 *(.startup)
 .startup       0x20000000      0x184 C:/ISIS/workspace/ycube/GlobusSatProject/..//hal/at91/lib\libAt91D.a(board_cstartup.o)
                0x20000000                entry
 *(.text)
 .text          0x20000184       0x64 C:/ISIS/workspace/ycube/GlobusSatProject/..//hal/at91/lib\libAt91D.a(cp15_asm.o)
                0x20000184                _readControlRegister
                0x20000190                _writeControlRegister
                0x20000198                _waitForInterrupt
                0x200001a4                _writeTTB
                0x200001ac                _writeDomain
                0x200001b4                _writeITLBLockdown
                0x200001bc                _prefetchICacheLine
                0x200001c4                _flushDCache
                0x200001d0                _flushWriteBuffer
                0x200001dc                _invalidateIDTLBs
 .text          0x200001e8      0x114 c:/isis/application/toolchain/bin/../lib/gcc/arm-none-eabi/4.7.4\libgcc.a(_udivsi3.o)
                0x200001e8                __aeabi_uidiv
                0x200001e8                __udivsi3
                0x200002dc                __aeabi_uidivmod
 .text          0x200002fc      0x148 c:/isis/application/toolchain/bin/../lib/gcc/arm-none-eabi/4.7.4\libgcc.a(_divsi3.o)
                0x200002fc                __divsi3
                0x200002fc                __aeabi_idiv
                0x20000424                __aeabi_idivmod
 .text          0x20000444        0x4 c:/isis/application/toolchain/bin/../lib/gcc/arm-none-eabi/4.7.4\libgcc.a(_dvmd_tls.o)
                0x20000444                __aeabi_idiv0
                0x20000444                __aeabi_ldiv0
 .text          0x20000448      0x41c c:/isis/application/toolchain/bin/../lib/gcc/arm-none-eabi/4.7.4\libgcc.a(_arm_addsubdf3.o)
                0x20000448                __aeabi_drsub
                0x20000450                __aeabi_dsub
                0x20000450                __subdf3
                0x20000454                __aeabi_dadd
                0x20000454                __adddf3
                0x20000764                __floatunsidf
                0x20000764                __aeabi_ui2d
                0x20000788                __floatsidf
                0x20000788                __aeabi_i2d
                0x200007b0                __aeabi_f2d
                0x200007b0                __extendsfdf2
                0x200007f0                __floatundidf
                0x200007f0                __aeabi_ul2d
                0x20000804                __floatdidf
                0x20000804                __aeabi_l2d
 .text          0x20000864      0x49c c:/isis/application/toolchain/bin/../lib/gcc/arm-none-eabi/4.7.4\libgcc.a(_arm_muldivdf3.o)
                0x20000864                __aeabi_dmul
                0x20000864                __muldf3
                0x20000af4                __divdf3
                0x20000af4                __aeabi_ddiv
 .text          0x20000d00      0x2ac c:/isis/application/toolchain/bin/../lib/gcc/arm-none-eabi/4.7.4\libgcc.a(_arm_addsubsf3.o)
                0x20000d00                __aeabi_frsub
                0x20000d08                __subsf3
                0x20000d08                __aeabi_fsub
                0x20000d0c                __aeabi_fadd
                0x20000d0c                __addsf3
                0x20000ec8                __aeabi_ui2f
                0x20000ec8                __floatunsisf
                0x20000ed0                __aeabi_i2f
                0x20000ed0                __floatsisf
                0x20000ef0                __aeabi_ul2f
                0x20000ef0                __floatundisf
                0x20000f00                __aeabi_l2f
                0x20000f00                __floatdisf
 .text          0x20000fac      0x2f8 c:/isis/application/toolchain/bin/../lib/gcc/arm-none-eabi/4.7.4\libgcc.a(_arm_muldivsf3.o)
                0x20000fac                __mulsf3
                0x20000fac                __aeabi_fmul
                0x20001144                __aeabi_fdiv
                0x20001144                __divsf3
 .text          0x200012a4      0x114 c:/isis/application/toolchain/bin/../lib/gcc/arm-none-eabi/4.7.4\libgcc.a(_arm_cmpsf2.o)
                0x200012a4                __gesf2
                0x200012a4                __gtsf2
                0x200012ac                __lesf2
                0x200012ac                __ltsf2
                0x200012b4                __nesf2
                0x200012b4                __eqsf2
                0x200012b4                __cmpsf2
                0x20001318                __aeabi_cfrcmple
                0x20001328                __aeabi_cfcmpeq
                0x20001328                __aeabi_cfcmple
                0x20001340                __aeabi_fcmpeq
                0x20001358                __aeabi_fcmplt
                0x20001370                __aeabi_fcmple
                0x20001388                __aeabi_fcmpge
                0x200013a0                __aeabi_fcmpgt
 .text          0x200013b8       0x54 c:/isis/application/toolchain/bin/../lib/gcc/arm-none-eabi/4.7.4\libgcc.a(_arm_fixunssfsi.o)
                0x200013b8                __fixunssfsi
                0x200013b8                __aeabi_f2uiz
 .text          0x2000140c      0x144 c:/isis/application/toolchain/bin/../lib/gcc/arm-none-eabi/4.7.4\libgcc.a(_arm_cmpdf2.o)
                0x2000140c                __gtdf2
                0x2000140c                __gedf2
                0x20001414                __ltdf2
                0x20001414                __ledf2
                0x2000141c                __nedf2
                0x2000141c                __eqdf2
                0x2000141c                __cmpdf2
                0x200014a4                __aeabi_cdrcmple
                0x200014c0                __aeabi_cdcmpeq
                0x200014c0                __aeabi_cdcmple
                0x200014d8                __aeabi_dcmpeq
                0x200014f0                __aeabi_dcmplt
                0x20001508                __aeabi_dcmple
                0x20001520                __aeabi_dcmpge
                0x20001538                __aeabi_dcmpgt
 .text          0x20001550       0x5c c:/isis/application/toolchain/bin/../lib/gcc/arm-none-eabi/4.7.4\libgcc.a(_arm_fixdfsi.o)
                0x20001550                __aeabi_d2iz
                0x20001550                __fixdfsi
 .text          0x200015ac       0x3c c:/isis/application/toolchain/bin/../lib/gcc/arm-none-eabi/4.7.4\libgcc.a(_aeabi_uldivmod.o)
                0x200015ac                __aeabi_uldivmod
 .text          0x200015e8       0x84 c:/isis/application/toolchain/bin/../lib/gcc/arm-none-eabi/4.7.4\libgcc.a(bpabi.o)
                0x200015e8                __gnu_ldivmod_helper
                0x2000162c                __gnu_uldivmod_helper
 .text          0x2000166c      0x4f0 c:/isis/application/toolchain/bin/../lib/gcc/arm-none-eabi/4.7.4\libgcc.a(_divdi3.o)
                0x2000166c                __divdi3
 .text          0x20001b5c      0x488 c:/isis/application/toolchain/bin/../lib/gcc/arm-none-eabi/4.7.4\libgcc.a(_udivdi3.o)
                0x20001b5c                __udivdi3
 .text          0x20001fe4       0x48 c:/isis/application/toolchain/bin/../lib/gcc/arm-none-eabi/4.7.4\libgcc.a(_clzsi2.o)
                0x20001fe4                __clzsi2
 *(.text*)
 .text.GetBatteryVoltage
                0x2000202c       0x78 ./src/SubSystemModules/PowerManagment/EPS.o
                0x2000202c                GetBatteryVoltage
 .text.EPS_Init
                0x200020a4      0x13c ./src/SubSystemModules/PowerManagment/EPS.o
                0x200020a4                EPS_Init
 .text.EPS_Conditioning
                0x200021e0      0x1b0 ./src/SubSystemModules/PowerManagment/EPS.o
                0x200021e0                EPS_Conditioning
 .text.UpdateAlpha
                0x20002390       0xd8 ./src/SubSystemModules/PowerManagment/EPS.o
                0x20002390                UpdateAlpha
 .text.GetThresholdVoltages
                0x20002468       0x80 ./src/SubSystemModules/PowerManagment/EPS.o
                0x20002468                GetThresholdVoltages
 .text.GetAlpha
                0x200024e8       0x7c ./src/SubSystemModules/PowerManagment/EPS.o
                0x200024e8                GetAlpha
 .text.CMDGetHeaterValues
                0x20002564      0x1f8 ./src/SubSystemModules/PowerManagment/EPS.o
                0x20002564                CMDGetHeaterValues
 .text.CMDSetHeaterValues
                0x2000275c      0x204 ./src/SubSystemModules/PowerManagment/EPS.o
                0x2000275c                CMDSetHeaterValues
 .text.EnterFullMode
                0x20002960       0x38 ./src/SubSystemModules/PowerManagment/EPSOperationModes.o
                0x20002960                EnterFullMode
 .text.EnterCruiseMode
                0x20002998       0x34 ./src/SubSystemModules/PowerManagment/EPSOperationModes.o
                0x20002998                EnterCruiseMode
 .text.EnterSafeMode
                0x200029cc       0x3c ./src/SubSystemModules/PowerManagment/EPSOperationModes.o
                0x200029cc                EnterSafeMode
 .text.EnterCriticalMode
                0x20002a08       0x3c ./src/SubSystemModules/PowerManagment/EPSOperationModes.o
                0x20002a08                EnterCriticalMode
 .text.PayloadOperations
                0x20002a44      0x1a4 ./src/SubSystemModules/PowerManagment/EPSOperationModes.o
                0x20002a44                PayloadOperations
 .text.Payload_Safety
                0x20002be8       0xc8 ./src/SubSystemModules/PowerManagment/EPSOperationModes.o
                0x20002be8                Payload_Safety
 .text.Payload_Safety_IN_Maintenance
                0x20002cb0       0x60 ./src/SubSystemModules/PowerManagment/EPSOperationModes.o
                0x20002cb0                Payload_Safety_IN_Maintenance
 .text.DoesPayloadChannelOn
                0x20002d10       0xa4 ./src/SubSystemModules/PowerManagment/EPSOperationModes.o
                0x20002d10                DoesPayloadChannelOn
 .text.EpsGetLowVoltageFlag
                0x20002db4       0x24 ./src/SubSystemModules/PowerManagment/EPSOperationModes.o
                0x20002db4                EpsGetLowVoltageFlag
 .text.EpsSetLowVoltageFlag
                0x20002dd8       0x2c ./src/SubSystemModules/PowerManagment/EPSOperationModes.o
                0x20002dd8                EpsSetLowVoltageFlag
 .text.payloadRead
                0x20002e04       0xbc ./src/SubSystemModules/Payload/payload_drivers.o
                0x20002e04                payloadRead
 .text.payloadSendCommand
                0x20002ec0       0x70 ./src/SubSystemModules/Payload/payload_drivers.o
                0x20002ec0                payloadSendCommand
 .text.payloadReadEnvironment
                0x20002f30      0x2d0 ./src/SubSystemModules/Payload/payload_drivers.o
                0x20002f30                payloadReadEnvironment
 .text.payloadReadEvents
                0x20003200      0x1e8 ./src/SubSystemModules/Payload/payload_drivers.o
                0x20003200                payloadReadEvents
 .text.CheckExecutionTime
                0x200033e8       0x80 ./src/SubSystemModules/Maintenance/Maintenance.o
                0x200033e8                CheckExecutionTime
 .text.SaveSatTimeInFRAM
                0x20003468       0x44 ./src/SubSystemModules/Maintenance/Maintenance.o
                0x20003468                SaveSatTimeInFRAM
 .text.WakeupFromResetCMD
                0x200034ac      0x120 ./src/SubSystemModules/Maintenance/Maintenance.o
                0x200034ac                WakeupFromResetCMD
 .text.ResetGroundCommWDT
                0x200035cc       0x1c ./src/SubSystemModules/Maintenance/Maintenance.o
                0x200035cc                ResetGroundCommWDT
 .text.IsGroundCommunicationWDTKick
                0x200035e8       0x78 ./src/SubSystemModules/Maintenance/Maintenance.o
                0x200035e8                IsGroundCommunicationWDTKick
 .text.GetGsWdtKickTime
                0x20003660       0x38 ./src/SubSystemModules/Maintenance/Maintenance.o
                0x20003660                GetGsWdtKickTime
 .text.findMinMaxDate
                0x20003698       0xdc ./src/SubSystemModules/Maintenance/Maintenance.o
                0x20003698                findMinMaxDate
 .text.DeleteOldFiels
                0x20003774       0xf0 ./src/SubSystemModules/Maintenance/Maintenance.o
                0x20003774                DeleteOldFiels
 .text.CheckDeployAnt
                0x20003864       0x84 ./src/SubSystemModules/Maintenance/Maintenance.o
                0x20003864                CheckDeployAnt
 .text.HardResetMCU
                0x200038e8       0x3c ./src/SubSystemModules/Maintenance/Maintenance.o
                0x200038e8                HardResetMCU
 .text.Maintenance
                0x20003924       0xcc ./src/SubSystemModules/Maintenance/Maintenance.o
                0x20003924                Maintenance
 .text.GetRandomName
                0x200039f0       0x7c ./src/SubSystemModules/Housekepping/NamesLogic.o
                0x200039f0                GetRandomName
 .text.ResetRamTlm
                0x20003a6c       0xe4 ./src/SubSystemModules/Housekepping/RAMTelemetry.o
                0x20003a6c                ResetRamTlm
 .text.inc      0x20003b50       0x4c ./src/SubSystemModules/Housekepping/RAMTelemetry.o
                0x20003b50                inc
 .text.dec      0x20003b9c       0x48 ./src/SubSystemModules/Housekepping/RAMTelemetry.o
                0x20003b9c                dec
 .text.saveTlmToRam
                0x20003be4      0x28c ./src/SubSystemModules/Housekepping/RAMTelemetry.o
                0x20003be4                saveTlmToRam
 .text.getTlm   0x20003e70      0x350 ./src/SubSystemModules/Housekepping/RAMTelemetry.o
                0x20003e70                getTlm
 .text.getRange
                0x200041c0      0x1dc ./src/SubSystemModules/Housekepping/RAMTelemetry.o
                0x200041c0                getRange
 .text.InitSavePeriodTimes
                0x2000439c       0xa4 ./src/SubSystemModules/Housekepping/TelemetryCollector.o
                0x2000439c                InitSavePeriodTimes
 .text.CMD_GetTLMPeriodTimes
                0x20004440       0x38 ./src/SubSystemModules/Housekepping/TelemetryCollector.o
                0x20004440                CMD_GetTLMPeriodTimes
 .text.CMD_SetTLMPeriodTimes
                0x20004478      0x1dc ./src/SubSystemModules/Housekepping/TelemetryCollector.o
                0x20004478                CMD_SetTLMPeriodTimes
 .text.TelemetryCollectorLogic
                0x20004654      0x2c8 ./src/SubSystemModules/Housekepping/TelemetryCollector.o
                0x20004654                TelemetryCollectorLogic
 .text.TelemetrySaveEPS
                0x2000491c       0x54 ./src/SubSystemModules/Housekepping/TelemetryCollector.o
                0x2000491c                TelemetrySaveEPS
 .text.TelemetrySaveTRXVU
                0x20004970       0x94 ./src/SubSystemModules/Housekepping/TelemetryCollector.o
                0x20004970                TelemetrySaveTRXVU
 .text.TelemetrySaveANT
                0x20004a04       0x14 ./src/SubSystemModules/Housekepping/TelemetryCollector.o
                0x20004a04                TelemetrySaveANT
 .text.TelemetrySaveSolarPanels
                0x20004a18      0x22c ./src/SubSystemModules/Housekepping/TelemetryCollector.o
                0x20004a18                TelemetrySaveSolarPanels
 .text.TelemetrySaveWOD
                0x20004c44       0x5c ./src/SubSystemModules/Housekepping/TelemetryCollector.o
                0x20004c44                TelemetrySaveWOD
 .text.TelemetrySaveRADFET
                0x20004ca0       0xd4 ./src/SubSystemModules/Housekepping/TelemetryCollector.o
                0x20004ca0                TelemetrySaveRADFET
 .text.TelemetrySavePayloadEvents
                0x20004d74       0xf0 ./src/SubSystemModules/Housekepping/TelemetryCollector.o
                0x20004d74                TelemetrySavePayloadEvents
 .text.GetCurrentWODTelemetry
                0x20004e64      0x8c8 ./src/SubSystemModules/Housekepping/TelemetryCollector.o
                0x20004e64                GetCurrentWODTelemetry
 .text.CMD_EPS_ResetWDT
                0x2000572c       0x58 ./src/SubSystemModules/Communication/SubsystemCommands/EPS_Commands.o
                0x2000572c                CMD_EPS_ResetWDT
 .text.CMD_Change_Payload_State_INFRAM
                0x20005784       0x8c ./src/SubSystemModules/Communication/SubsystemCommands/EPS_Commands.o
                0x20005784                CMD_Change_Payload_State_INFRAM
 .text.CMD_Payload_Operations
                0x20005810       0xa8 ./src/SubSystemModules/Communication/SubsystemCommands/EPS_Commands.o
                0x20005810                CMD_Payload_Operations
 .text.CMD_DeleteTLM
                0x200058b8      0x1a0 ./src/SubSystemModules/Communication/SubsystemCommands/FS_Commands.o
                0x200058b8                CMD_DeleteTLM
 .text.CMD_DeleteAllFiles
                0x20005a58       0x38 ./src/SubSystemModules/Communication/SubsystemCommands/FS_Commands.o
                0x20005a58                CMD_DeleteAllFiles
 .text.CMD_GetLastFS_Error
                0x20005a90       0x4c ./src/SubSystemModules/Communication/SubsystemCommands/FS_Commands.o
                0x20005a90                CMD_GetLastFS_Error
 .text.CMD_Get_TLM_Info
                0x20005adc      0x1ac ./src/SubSystemModules/Communication/SubsystemCommands/FS_Commands.o
                0x20005adc                CMD_Get_TLM_Info
 .text.CMD_Switch_SD_Card
                0x20005c88       0xcc ./src/SubSystemModules/Communication/SubsystemCommands/FS_Commands.o
                0x20005c88                CMD_Switch_SD_Card
 .text.CMD_Format_SD_Card
                0x20005d54       0xa4 ./src/SubSystemModules/Communication/SubsystemCommands/FS_Commands.o
                0x20005d54                CMD_Format_SD_Card
 .text.CMD_GenericI2C
                0x20005df8       0xc8 ./src/SubSystemModules/Communication/SubsystemCommands/Maintanence_Commands.o
                0x20005df8                CMD_GenericI2C
 .text.CMD_FRAM_ReadAndTransmitt
                0x20005ec0       0xe8 ./src/SubSystemModules/Communication/SubsystemCommands/Maintanence_Commands.o
                0x20005ec0                CMD_FRAM_ReadAndTransmitt
 .text.CMD_FRAM_WriteAndTransmitt
                0x20005fa8       0xfc ./src/SubSystemModules/Communication/SubsystemCommands/Maintanence_Commands.o
                0x20005fa8                CMD_FRAM_WriteAndTransmitt
 .text.CMD_FRAM_ReStart
                0x200060a4       0x4c ./src/SubSystemModules/Communication/SubsystemCommands/Maintanence_Commands.o
                0x200060a4                CMD_FRAM_ReStart
 .text.CMD_UpdateSatTime
                0x200060f0       0xa4 ./src/SubSystemModules/Communication/SubsystemCommands/Maintanence_Commands.o
                0x200060f0                CMD_UpdateSatTime
 .text.CMD_GetDevInfo
                0x20006194       0x5c ./src/SubSystemModules/Communication/SubsystemCommands/Maintanence_Commands.o
                0x20006194                CMD_GetDevInfo
 .text.CMD_GetSatUptime
                0x200061f0       0x48 ./src/SubSystemModules/Communication/SubsystemCommands/Maintanence_Commands.o
                0x200061f0                CMD_GetSatUptime
 .text.CMD_ResetComponent
                0x20006238      0x2c8 ./src/SubSystemModules/Communication/SubsystemCommands/Maintanence_Commands.o
                0x20006238                CMD_ResetComponent
 .text.DumpTask
                0x20006500      0x310 ./src/SubSystemModules/Communication/SubsystemCommands/TRXVU_Commands.o
                0x20006500                DumpTask
 .text.DumpRamTask
                0x20006810      0x104 ./src/SubSystemModules/Communication/SubsystemCommands/TRXVU_Commands.o
                0x20006810                DumpRamTask
 .text.CMD_AntennaDeploy
                0x20006914       0xd8 ./src/SubSystemModules/Communication/SubsystemCommands/TRXVU_Commands.o
                0x20006914                CMD_AntennaDeploy
 .text.CMD_StartDump
                0x200069ec      0x200 ./src/SubSystemModules/Communication/SubsystemCommands/TRXVU_Commands.o
                0x200069ec                CMD_StartDump
 .text.CMD_SendDumpAbortRequest
                0x20006bec       0x38 ./src/SubSystemModules/Communication/SubsystemCommands/TRXVU_Commands.o
                0x20006bec                CMD_SendDumpAbortRequest
 .text.CMD_SetTransponder
                0x20006c24      0x110 ./src/SubSystemModules/Communication/SubsystemCommands/TRXVU_Commands.o
                0x20006c24                CMD_SetTransponder
 .text.CMD_SetRSSITransponder
                0x20006d34       0x90 ./src/SubSystemModules/Communication/SubsystemCommands/TRXVU_Commands.o
                0x20006d34                CMD_SetRSSITransponder
 .text.CMD_MuteTRXVU
                0x20006dc4       0xc4 ./src/SubSystemModules/Communication/SubsystemCommands/TRXVU_Commands.o
                0x20006dc4                CMD_MuteTRXVU
 .text.CMD_SetIdleState
                0x20006e88       0x94 ./src/SubSystemModules/Communication/SubsystemCommands/TRXVU_Commands.o
                0x20006e88                CMD_SetIdleState
 .text.CMD_UnMuteTRXVU
                0x20006f1c       0x38 ./src/SubSystemModules/Communication/SubsystemCommands/TRXVU_Commands.o
                0x20006f1c                CMD_UnMuteTRXVU
 .text.CMD_GetBaudRate
                0x20006f54       0x68 ./src/SubSystemModules/Communication/SubsystemCommands/TRXVU_Commands.o
                0x20006f54                CMD_GetBaudRate
 .text.CMD_TrasmitBeacon
                0x20006fbc       0x48 ./src/SubSystemModules/Communication/SubsystemCommands/TRXVU_Commands.o
                0x20006fbc                CMD_TrasmitBeacon
 .text.CMD_GetBeaconInterval
                0x20007004       0x6c ./src/SubSystemModules/Communication/SubsystemCommands/TRXVU_Commands.o
                0x20007004                CMD_GetBeaconInterval
 .text.CMD_SetBaudRate
                0x20007070       0x60 ./src/SubSystemModules/Communication/SubsystemCommands/TRXVU_Commands.o
                0x20007070                CMD_SetBaudRate
 .text.CMD_GetTxUptime
                0x200070d0       0x64 ./src/SubSystemModules/Communication/SubsystemCommands/TRXVU_Commands.o
                0x200070d0                CMD_GetTxUptime
 .text.CMD_GetRxUptime
                0x20007134       0x64 ./src/SubSystemModules/Communication/SubsystemCommands/TRXVU_Commands.o
                0x20007134                CMD_GetRxUptime
 .text.CMD_GetNumOfOnlineCommands
                0x20007198       0x64 ./src/SubSystemModules/Communication/SubsystemCommands/TRXVU_Commands.o
                0x20007198                CMD_GetNumOfOnlineCommands
 .text.CMD_SecurePing
                0x200071fc       0x6c ./src/SubSystemModules/Communication/SubsystemCommands/TRXVU_Commands.o
                0x200071fc                CMD_SecurePing
 .text.CMD_AntSetArmStatus
                0x20007268       0x3c ./src/SubSystemModules/Communication/SubsystemCommands/TRXVU_Commands.o
                0x20007268                CMD_AntSetArmStatus
 .text.CMD_AntGetArmStatus
                0x200072a4       0x60 ./src/SubSystemModules/Communication/SubsystemCommands/TRXVU_Commands.o
                0x200072a4                CMD_AntGetArmStatus
 .text.CMD_AntGetUptime
                0x20007304       0x68 ./src/SubSystemModules/Communication/SubsystemCommands/TRXVU_Commands.o
                0x20007304                CMD_AntGetUptime
 .text.CMD_StopReDeployment
                0x2000736c       0x84 ./src/SubSystemModules/Communication/SubsystemCommands/TRXVU_Commands.o
                0x2000736c                CMD_StopReDeployment
 .text.CMD_AntCancelDeployment
                0x200073f0       0x68 ./src/SubSystemModules/Communication/SubsystemCommands/TRXVU_Commands.o
                0x200073f0                CMD_AntCancelDeployment
 .text.CMD_DumpRamTLM
                0x20007458      0x180 ./src/SubSystemModules/Communication/SubsystemCommands/TRXVU_Commands.o
                0x20007458                CMD_DumpRamTLM
 .text.SendAckPacket
                0x200075d8       0xfc ./src/SubSystemModules/Communication/AckHandler.o
                0x200075d8                SendAckPacket
 .text.trxvu_command_router
                0x200076d4      0x564 ./src/SubSystemModules/Communication/CommandDictionary.o
                0x200076d4                trxvu_command_router
 .text.eps_command_router
                0x20007c38      0x10c ./src/SubSystemModules/Communication/CommandDictionary.o
                0x20007c38                eps_command_router
 .text.telemetry_command_router
                0x20007d44      0x23c ./src/SubSystemModules/Communication/CommandDictionary.o
                0x20007d44                telemetry_command_router
 .text.managment_command_router
                0x20007f80      0x144 ./src/SubSystemModules/Communication/CommandDictionary.o
                0x20007f80                managment_command_router
 .text.filesystem_command_router
                0x200080c4       0x24 ./src/SubSystemModules/Communication/CommandDictionary.o
                0x200080c4                filesystem_command_router
 .text.sha256_transform
                0x200080e8      0x4b8 ./src/SubSystemModules/Communication/HashSecuredCMD.o
                0x200080e8                sha256_transform
 .text.sha256_init
                0x200085a0       0xb8 ./src/SubSystemModules/Communication/HashSecuredCMD.o
                0x200085a0                sha256_init
 .text.sha256_update
                0x20008658       0xc8 ./src/SubSystemModules/Communication/HashSecuredCMD.o
                0x20008658                sha256_update
 .text.sha256_final
                0x20008720      0x470 ./src/SubSystemModules/Communication/HashSecuredCMD.o
                0x20008720                sha256_final
 .text.ParseDataToCommand
                0x20008b90      0x1ac ./src/SubSystemModules/Communication/SatCommandHandler.o
                0x20008b90                ParseDataToCommand
 .text.AssembleCommand
                0x20008d3c      0x148 ./src/SubSystemModules/Communication/SatCommandHandler.o
                0x20008d3c                AssembleCommand
 .text.ActUponCommand
                0x20008e84      0x108 ./src/SubSystemModules/Communication/SatCommandHandler.o
                0x20008e84                ActUponCommand
 .text.setMuteEndTime
                0x20008f8c       0x40 ./src/SubSystemModules/Communication/TRXVU.o
                0x20008f8c                setMuteEndTime
 .text.getMuteEndTime
                0x20008fcc       0x44 ./src/SubSystemModules/Communication/TRXVU.o
                0x20008fcc                getMuteEndTime
 .text.setTransponderEndTime
                0x20009010       0x40 ./src/SubSystemModules/Communication/TRXVU.o
                0x20009010                setTransponderEndTime
 .text.getTransponderEndTime
                0x20009050       0x44 ./src/SubSystemModules/Communication/TRXVU.o
                0x20009050                getTransponderEndTime
 .text.setTransponderRSSIinFRAM
                0x20009094       0x44 ./src/SubSystemModules/Communication/TRXVU.o
                0x20009094                setTransponderRSSIinFRAM
 .text.getTransponderRSSIFromFRAM
                0x200090d8       0x4c ./src/SubSystemModules/Communication/TRXVU.o
                0x200090d8                getTransponderRSSIFromFRAM
 .text.InitTxModule
                0x20009124       0x68 ./src/SubSystemModules/Communication/TRXVU.o
                0x20009124                InitTxModule
 .text.CMD_SetBeaconInterval
                0x2000918c       0xdc ./src/SubSystemModules/Communication/TRXVU.o
                0x2000918c                CMD_SetBeaconInterval
 .text.InitBeaconParams
                0x20009268       0x3c ./src/SubSystemModules/Communication/TRXVU.o
                0x20009268                InitBeaconParams
 .text.InitSemaphores
                0x200092a4       0x98 ./src/SubSystemModules/Communication/TRXVU.o
                0x200092a4                InitSemaphores
 .text.InitTrxvu
                0x2000933c      0x144 ./src/SubSystemModules/Communication/TRXVU.o
                0x2000933c                InitTrxvu
 .text.checkIdleFinish
                0x20009480       0x68 ./src/SubSystemModules/Communication/TRXVU.o
                0x20009480                checkIdleFinish
 .text.checkTransponderFinish
                0x200094e8       0x50 ./src/SubSystemModules/Communication/TRXVU.o
                0x200094e8                checkTransponderFinish
 .text.checkTransponderStart
                0x20009538       0x50 ./src/SubSystemModules/Communication/TRXVU.o
                0x20009538                checkTransponderStart
 .text.turnOnTransponder
                0x20009588       0xa0 ./src/SubSystemModules/Communication/TRXVU.o
                0x20009588                turnOnTransponder
 .text.turnOffTransponder
                0x20009628       0x90 ./src/SubSystemModules/Communication/TRXVU.o
                0x20009628                turnOffTransponder
 .text.SetRSSITransponder
                0x200096b8       0x80 ./src/SubSystemModules/Communication/TRXVU.o
                0x200096b8                SetRSSITransponder
 .text.TRX_Logic
                0x20009738       0xe4 ./src/SubSystemModules/Communication/TRXVU.o
                0x20009738                TRX_Logic
 .text.GetNumberOfFramesInBuffer
                0x2000981c       0x94 ./src/SubSystemModules/Communication/TRXVU.o
                0x2000981c                GetNumberOfFramesInBuffer
 .text.GetOnlineCommand
                0x200098b0      0x1c8 ./src/SubSystemModules/Communication/TRXVU.o
                0x200098b0                GetOnlineCommand
 .text.CheckTransmitionAllowed
                0x20009a78       0xc0 ./src/SubSystemModules/Communication/TRXVU.o
                0x20009a78                CheckTransmitionAllowed
 .text.FinishDump
                0x20009b38       0xf0 ./src/SubSystemModules/Communication/TRXVU.o
                0x20009b38                FinishDump
 .text.SendDumpAbortRequest
                0x20009c28       0x6c ./src/SubSystemModules/Communication/TRXVU.o
                0x20009c28                SendDumpAbortRequest
 .text.CheckDumpAbort
                0x20009c94       0x6c ./src/SubSystemModules/Communication/TRXVU.o
                0x20009c94                CheckDumpAbort
 .text.BeaconLogic
                0x20009d00      0x1d0 ./src/SubSystemModules/Communication/TRXVU.o
                0x20009d00                BeaconLogic
 .text.SetIdleState
                0x20009ed0      0x144 ./src/SubSystemModules/Communication/TRXVU.o
                0x20009ed0                SetIdleState
 .text.muteTRXVU
                0x2000a014       0x74 ./src/SubSystemModules/Communication/TRXVU.o
                0x2000a014                muteTRXVU
 .text.UnMuteTRXVU
                0x2000a088       0x14 ./src/SubSystemModules/Communication/TRXVU.o
                0x2000a088                UnMuteTRXVU
 .text.TransmitDataAsSPL_Packet
                0x2000a09c      0x12c ./src/SubSystemModules/Communication/TRXVU.o
                0x2000a09c                TransmitDataAsSPL_Packet
 .text.Hash256  0x2000a1c8       0x7c ./src/SubSystemModules/Communication/TRXVU.o
                0x2000a1c8                Hash256
 .text.CMD_Hash256
                0x2000a244      0x238 ./src/SubSystemModules/Communication/TRXVU.o
                0x2000a244                CMD_Hash256
 .text.TransmitSplPacket
                0x2000a47c      0x124 ./src/SubSystemModules/Communication/TRXVU.o
                0x2000a47c                TransmitSplPacket
 .text.ChangeTrxvuConfigValues
                0x2000a5a0       0xf0 ./src/SubSystemModules/Communication/TRXVU.o
                0x2000a5a0                ChangeTrxvuConfigValues
 .text.isFirstActivation
                0x2000a690       0x38 ./src/InitSystem.o
                0x2000a690                isFirstActivation
 .text.WriteDefaultValuesToFRAM
                0x2000a6c8      0x2b8 ./src/InitSystem.o
                0x2000a6c8                WriteDefaultValuesToFRAM
 .text.StartFRAM
                0x2000a980       0x64 ./src/InitSystem.o
                0x2000a980                StartFRAM
 .text.StartI2C
                0x2000a9e4       0x38 ./src/InitSystem.o
                0x2000a9e4                StartI2C
 .text.StartSPI
                0x2000aa1c       0x34 ./src/InitSystem.o
                0x2000aa1c                StartSPI
 .text.StartTIME
                0x2000aa50       0xbc ./src/InitSystem.o
                0x2000aa50                StartTIME
 .text.DeploySystem
                0x2000ab0c      0x1c8 ./src/InitSystem.o
                0x2000ab0c                DeploySystem
 .text.InitSubsystems
                0x2000acd4       0x64 ./src/InitSystem.o
                0x2000acd4                InitSubsystems
 .text.CMD_getInfoImage
                0x2000ad38      0x158 ./src/TLM_management.o
                0x2000ad38                CMD_getInfoImage
 .text.CMD_getDataImage
                0x2000ae90      0x218 ./src/TLM_management.o
                0x2000ae90                CMD_getDataImage
 .text.delete_allTMFilesFromSD
                0x2000b0a8       0x8c ./src/TLM_management.o
                0x2000b0a8                delete_allTMFilesFromSD
 .text.deleteTLMFiles
                0x2000b134       0x94 ./src/TLM_management.o
                0x2000b134                deleteTLMFiles
 .text.deleteTLMFile
                0x2000b1c8       0xcc ./src/TLM_management.o
                0x2000b1c8                deleteTLMFile
 .text.deleteTLMbyMonth
                0x2000b294       0xac ./src/TLM_management.o
                0x2000b294                deleteTLMbyMonth
 .text.deleteDirectory
                0x2000b340      0x158 ./src/TLM_management.o
                0x2000b340                deleteDirectory
 .text.InitializeFS
                0x2000b498       0xec ./src/TLM_management.o
                0x2000b498                InitializeFS
 .text.calculateFileName
                0x2000b584      0x130 ./src/TLM_management.o
                0x2000b584                calculateFileName
 .text.getTlmTypeInfo
                0x2000b6b4      0x264 ./src/TLM_management.o
                0x2000b6b4                getTlmTypeInfo
 .text.write2File
                0x2000b918      0x1dc ./src/TLM_management.o
                0x2000b918                write2File
 .text.printTLM
                0x2000baf4       0x24 ./src/TLM_management.o
                0x2000baf4                printTLM
 .text.readTLMFile
                0x2000bb18      0x328 ./src/TLM_management.o
                0x2000bb18                readTLMFile
 .text.readTLMFiles
                0x2000be40       0xdc ./src/TLM_management.o
                0x2000be40                readTLMFiles
 .text.readTLMFileTimeRange
                0x2000bf1c      0x2f0 ./src/TLM_management.o
                0x2000bf1c                readTLMFileTimeRange
 .text.DeInitializeFS
                0x2000c20c       0x38 ./src/TLM_management.o
                0x2000c20c                DeInitializeFS
 .text.taskMain
                0x2000c244       0x80 ./src/main.o
                0x2000c244                taskMain
 .text.main     0x2000c2c4       0x98 ./src/main.o
                0x2000c2c4                main
 .text.timeU2time
                0x2000c35c       0xbc ./src/utils.o
                0x2000c35c                timeU2time
 .text.logError
                0x2000c418      0x148 ./src/utils.o
                0x2000c418                logError
 .text.clearPDCtransfers
                0x2000c560       0xe8 C:/ISIS/workspace/ycube/GlobusSatProject/..//hal/hal/lib\libHALD.a(SPI.o)
 .text.SPI_start
                0x2000c648      0x4b0 C:/ISIS/workspace/ycube/GlobusSatProject/..//hal/hal/lib\libHALD.a(SPI.o)
                0x2000c648                SPI_start
 .text.SPI_stop
                0x2000caf8      0x244 C:/ISIS/workspace/ycube/GlobusSatProject/..//hal/hal/lib\libHALD.a(SPI.o)
                0x2000caf8                SPI_stop
 .text.SPI_queueTransfer
                0x2000cd3c      0x1cc C:/ISIS/workspace/ycube/GlobusSatProject/..//hal/hal/lib\libHALD.a(SPI.o)
                0x2000cd3c                SPI_queueTransfer
 .text.SPI_internalCallback
                0x2000cf08       0x64 C:/ISIS/workspace/ycube/GlobusSatProject/..//hal/hal/lib\libHALD.a(SPI.o)
 .text.SPI_writeRead
                0x2000cf6c      0x1c0 C:/ISIS/workspace/ycube/GlobusSatProject/..//hal/hal/lib\libHALD.a(SPI.o)
                0x2000cf6c                SPI_writeRead
 .text.waitForTransfer
                0x2000d12c       0x78 C:/ISIS/workspace/ycube/GlobusSatProject/..//hal/hal/lib\libHALD.a(SPI.o)
 .text.SPI_getDriverState
                0x2000d1a4       0x58 C:/ISIS/workspace/ycube/GlobusSatProject/..//hal/hal/lib\libHALD.a(SPI.o)
                0x2000d1a4                SPI_getDriverState
 .text.validateTransferParameters
                0x2000d1fc      0x10c C:/ISIS/workspace/ycube/GlobusSatProject/..//hal/hal/lib\libHALD.a(I2C.o)
 .text.I2C_queueTransfer
                0x2000d308       0xfc C:/ISIS/workspace/ycube/GlobusSatProject/..//hal/hal/lib\libHALD.a(I2C.o)
                0x2000d308                I2C_queueTransfer
 .text.I2C_internalCallback
                0x2000d404       0x64 C:/ISIS/workspace/ycube/GlobusSatProject/..//hal/hal/lib\libHALD.a(I2C.o)
 .text.I2C_doBlockingTransfer
                0x2000d468      0x180 C:/ISIS/workspace/ycube/GlobusSatProject/..//hal/hal/lib\libHALD.a(I2C.o)
 .text.I2C_write
                0x2000d5e8      0x110 C:/ISIS/workspace/ycube/GlobusSatProject/..//hal/hal/lib\libHALD.a(I2C.o)
                0x2000d5e8                I2C_write
 .text.I2C_read
                0x2000d6f8      0x110 C:/ISIS/workspace/ycube/GlobusSatProject/..//hal/hal/lib\libHALD.a(I2C.o)
                0x2000d6f8                I2C_read
 .text.I2C_writeRead
                0x2000d808      0x17c C:/ISIS/workspace/ycube/GlobusSatProject/..//hal/hal/lib\libHALD.a(I2C.o)
                0x2000d808                I2C_writeRead
 .text.I2C_start
                0x2000d984      0x2e8 C:/ISIS/workspace/ycube/GlobusSatProject/..//hal/hal/lib\libHALD.a(I2C.o)
                0x2000d984                I2C_start
 .text.I2C_stop
                0x2000dc6c      0x184 C:/ISIS/workspace/ycube/GlobusSatProject/..//hal/hal/lib\libHALD.a(I2C.o)
                0x2000dc6c                I2C_stop
 .text.I2C_setTransferTimeout
                0x2000ddf0       0x48 C:/ISIS/workspace/ycube/GlobusSatProject/..//hal/hal/lib\libHALD.a(I2C.o)
                0x2000ddf0                I2C_setTransferTimeout
 .text.ADC_ConvertRaw10bitToMillivolt
                0x2000de38       0x50 C:/ISIS/workspace/ycube/GlobusSatProject/..//hal/hal/lib\libHALD.a(ADC.o)
                0x2000de38                ADC_ConvertRaw10bitToMillivolt
 .text.ADC_SingleShot
                0x2000de88      0x230 C:/ISIS/workspace/ycube/GlobusSatProject/..//hal/hal/lib\libHALD.a(ADC.o)
                0x2000de88                ADC_SingleShot
 .text.FRAM_start
                0x2000e0b8      0x120 C:/ISIS/workspace/ycube/GlobusSatProject/..//hal/hal/lib\libHALD.a(FRAM.o)
                0x2000e0b8                FRAM_start
 .text.FRAM_stop
                0x2000e1d8       0x6c C:/ISIS/workspace/ycube/GlobusSatProject/..//hal/hal/lib\libHALD.a(FRAM.o)
                0x2000e1d8                FRAM_stop
 .text.FRAM_dummyCallback
                0x2000e244       0x24 C:/ISIS/workspace/ycube/GlobusSatProject/..//hal/hal/lib\libHALD.a(FRAM.o)
                0x2000e244                FRAM_dummyCallback
 .text.FRAM_unlockingCallback
                0x2000e268       0x64 C:/ISIS/workspace/ycube/GlobusSatProject/..//hal/hal/lib\libHALD.a(FRAM.o)
                0x2000e268                FRAM_unlockingCallback
 .text.doBlockingTransfer
                0x2000e2cc       0x78 C:/ISIS/workspace/ycube/GlobusSatProject/..//hal/hal/lib\libHALD.a(FRAM.o)
 .text.FRAM_writePacket
                0x2000e344      0x134 C:/ISIS/workspace/ycube/GlobusSatProject/..//hal/hal/lib\libHALD.a(FRAM.o)
 .text.FRAM_write
                0x2000e478      0x1e0 C:/ISIS/workspace/ycube/GlobusSatProject/..//hal/hal/lib\libHALD.a(FRAM.o)
                0x2000e478                FRAM_write
 .text.FRAM_readPacket
                0x2000e658       0xf0 C:/ISIS/workspace/ycube/GlobusSatProject/..//hal/hal/lib\libHALD.a(FRAM.o)
 .text.FRAM_read
                0x2000e748      0x1ec C:/ISIS/workspace/ycube/GlobusSatProject/..//hal/hal/lib\libHALD.a(FRAM.o)
                0x2000e748                FRAM_read
 .text.Time_start
                0x2000e934      0x170 C:/ISIS/workspace/ycube/GlobusSatProject/..//hal/hal/lib\libHALD.a(Time.o)
                0x2000e934                Time_start
 .text.taskTimeSync
                0x2000eaa4       0x64 C:/ISIS/workspace/ycube/GlobusSatProject/..//hal/hal/lib\libHALD.a(Time.o)
 .text.Time_convertEpochToTime
                0x2000eb08      0x100 C:/ISIS/workspace/ycube/GlobusSatProject/..//hal/hal/lib\libHALD.a(Time.o)
                0x2000eb08                Time_convertEpochToTime
 .text.Time_calculateSecondsOfYear
                0x2000ec08       0xd8 C:/ISIS/workspace/ycube/GlobusSatProject/..//hal/hal/lib\libHALD.a(Time.o)
 .text.Time_set
                0x2000ece0       0xd8 C:/ISIS/workspace/ycube/GlobusSatProject/..//hal/hal/lib\libHALD.a(Time.o)
                0x2000ece0                Time_set
 .text.Time_isLeapYear
                0x2000edb8       0x98 C:/ISIS/workspace/ycube/GlobusSatProject/..//hal/hal/lib\libHALD.a(Time.o)
                0x2000edb8                Time_isLeapYear
 .text.Time_get
                0x2000ee50      0x478 C:/ISIS/workspace/ycube/GlobusSatProject/..//hal/hal/lib\libHALD.a(Time.o)
                0x2000ee50                Time_get
 .text.Time_getUnixEpoch
                0x2000f2c8      0x108 C:/ISIS/workspace/ycube/GlobusSatProject/..//hal/hal/lib\libHALD.a(Time.o)
                0x2000f2c8                Time_getUnixEpoch
 .text.Time_secondsOfYearToTime
                0x2000f3d0      0x33c C:/ISIS/workspace/ycube/GlobusSatProject/..//hal/hal/lib\libHALD.a(Time.o)
 .text.Time_setUnixEpoch
                0x2000f70c       0x54 C:/ISIS/workspace/ycube/GlobusSatProject/..//hal/hal/lib\libHALD.a(Time.o)
                0x2000f70c                Time_setUnixEpoch
 .text.Time_getUptimeSeconds
                0x2000f760       0x28 C:/ISIS/workspace/ycube/GlobusSatProject/..//hal/hal/lib\libHALD.a(Time.o)
                0x2000f760                Time_getUptimeSeconds
 .text.Time_sync
                0x2000f788      0x1a8 C:/ISIS/workspace/ycube/GlobusSatProject/..//hal/hal/lib\libHALD.a(Time.o)
                0x2000f788                Time_sync
 .text.Time_syncIfNeeded
                0x2000f930       0xac C:/ISIS/workspace/ycube/GlobusSatProject/..//hal/hal/lib\libHALD.a(Time.o)
                0x2000f930                Time_syncIfNeeded
 .text.WDT_start
                0x2000f9dc       0x48 C:/ISIS/workspace/ycube/GlobusSatProject/..//hal/hal/lib\libHALD.a(WatchDogTimerNoOS.o)
                0x2000f9dc                WDT_start
 .text.RTT_start
                0x2000fa24       0x24 C:/ISIS/workspace/ycube/GlobusSatProject/..//hal/hal/lib\libHALD.a(RTT.o)
                0x2000fa24                RTT_start
 .text.RTT_GetTime
                0x2000fa48       0x24 C:/ISIS/workspace/ycube/GlobusSatProject/..//hal/hal/lib\libHALD.a(RTT.o)
                0x2000fa48                RTT_GetTime
 .text.RTC_start
                0x2000fa6c       0x3c C:/ISIS/workspace/ycube/GlobusSatProject/..//hal/hal/lib\libHALD.a(RTC.o)
                0x2000fa6c                RTC_start
 .text.RTC_setTime
                0x2000faa8      0x2a4 C:/ISIS/workspace/ycube/GlobusSatProject/..//hal/hal/lib\libHALD.a(RTC.o)
                0x2000faa8                RTC_setTime
 .text.RTC_getTime
                0x2000fd4c      0x230 C:/ISIS/workspace/ycube/GlobusSatProject/..//hal/hal/lib\libHALD.a(RTC.o)
                0x2000fd4c                RTC_getTime
 .text.RTC_checkTimeValid
                0x2000ff7c       0xd8 C:/ISIS/workspace/ycube/GlobusSatProject/..//hal/hal/lib\libHALD.a(RTC.o)
                0x2000ff7c                RTC_checkTimeValid
 .text.WDT_startWatchdogKickTask
                0x20010054       0xb4 C:/ISIS/workspace/ycube/GlobusSatProject/..//hal/hal/lib\libHALD.a(WatchDogTimerOS.o)
                0x20010054                WDT_startWatchdogKickTask
 .text.WDT_forceKickEveryNms
                0x20010108       0x50 C:/ISIS/workspace/ycube/GlobusSatProject/..//hal/hal/lib\libHALD.a(WatchDogTimerOS.o)
                0x20010108                WDT_forceKickEveryNms
 .text.f_puts   0x20010158       0x80 C:/ISIS/workspace/ycube/GlobusSatProject/..//hal/hal/lib\libHALD.a(fprintf.o)
                0x20010158                f_puts
 .text.LED_glow
                0x200101d8       0x58 C:/ISIS/workspace/ycube/GlobusSatProject/..//hal/hal/lib\libHALD.a(LED.o)
                0x200101d8                LED_glow
 .text.LED_dark
                0x20010230       0x58 C:/ISIS/workspace/ycube/GlobusSatProject/..//hal/hal/lib\libHALD.a(LED.o)
                0x20010230                LED_dark
 .text.LED_toggle
                0x20010288       0x50 C:/ISIS/workspace/ycube/GlobusSatProject/..//hal/hal/lib\libHALD.a(LED.o)
                0x20010288                LED_toggle
 .text.fm_initvolume
                0x200102d8       0x70 C:/ISIS/workspace/ycube/GlobusSatProject/..//hal/hcc/lib\libHCCD.a(fat_m.o)
                0x200102d8                fm_initvolume
 .text.fm_delvolume
                0x20010348       0x60 C:/ISIS/workspace/ycube/GlobusSatProject/..//hal/hcc/lib\libHCCD.a(fat_m.o)
                0x20010348                fm_delvolume
 .text.fm_format
                0x200103a8       0x68 C:/ISIS/workspace/ycube/GlobusSatProject/..//hal/hcc/lib\libHCCD.a(fat_m.o)
                0x200103a8                fm_format
 .text.fm_getdrive
                0x20010410       0x70 C:/ISIS/workspace/ycube/GlobusSatProject/..//hal/hcc/lib\libHCCD.a(fat_m.o)
                0x20010410                fm_getdrive
 .text.fm_getfreespace
                0x20010480       0x68 C:/ISIS/workspace/ycube/GlobusSatProject/..//hal/hcc/lib\libHCCD.a(fat_m.o)
                0x20010480                fm_getfreespace
 .text.fm_mkdir
                0x200104e8       0x60 C:/ISIS/workspace/ycube/GlobusSatProject/..//hal/hcc/lib\libHCCD.a(fat_m.o)
                0x200104e8                fm_mkdir
 .text.fm_rmdir
                0x20010548       0x60 C:/ISIS/workspace/ycube/GlobusSatProject/..//hal/hcc/lib\libHCCD.a(fat_m.o)
                0x20010548                fm_rmdir
 .text.fm_findfirst
                0x200105a8       0x68 C:/ISIS/workspace/ycube/GlobusSatProject/..//hal/hcc/lib\libHCCD.a(fat_m.o)
                0x200105a8                fm_findfirst
 .text.fm_findnext
                0x20010610       0x60 C:/ISIS/workspace/ycube/GlobusSatProject/..//hal/hcc/lib\libHCCD.a(fat_m.o)
                0x20010610                fm_findnext
 .text.fm_close
                0x20010670       0x60 C:/ISIS/workspace/ycube/GlobusSatProject/..//hal/hcc/lib\libHCCD.a(fat_m.o)
                0x20010670                fm_close
 .text.fm_flush
                0x200106d0       0x60 C:/ISIS/workspace/ycube/GlobusSatProject/..//hal/hcc/lib\libHCCD.a(fat_m.o)
                0x200106d0                fm_flush
 .text.fm_open  0x20010730       0x68 C:/ISIS/workspace/ycube/GlobusSatProject/..//hal/hcc/lib\libHCCD.a(fat_m.o)
                0x20010730                fm_open
 .text.fm_read  0x20010798       0x7c C:/ISIS/workspace/ycube/GlobusSatProject/..//hal/hcc/lib\libHCCD.a(fat_m.o)
                0x20010798                fm_read
 .text.fm_write
                0x20010814       0x7c C:/ISIS/workspace/ycube/GlobusSatProject/..//hal/hcc/lib\libHCCD.a(fat_m.o)
                0x20010814                fm_write
 .text.fm_seek  0x20010890       0x70 C:/ISIS/workspace/ycube/GlobusSatProject/..//hal/hcc/lib\libHCCD.a(fat_m.o)
                0x20010890                fm_seek
 .text.fm_tell  0x20010900       0x60 C:/ISIS/workspace/ycube/GlobusSatProject/..//hal/hcc/lib\libHCCD.a(fat_m.o)
                0x20010900                fm_tell
 .text.fm_putc  0x20010960       0x68 C:/ISIS/workspace/ycube/GlobusSatProject/..//hal/hcc/lib\libHCCD.a(fat_m.o)
                0x20010960                fm_putc
 .text.fm_rewind
                0x200109c8       0x60 C:/ISIS/workspace/ycube/GlobusSatProject/..//hal/hcc/lib\libHCCD.a(fat_m.o)
                0x200109c8                fm_rewind
 .text.fm_delete
                0x20010a28       0x64 C:/ISIS/workspace/ycube/GlobusSatProject/..//hal/hcc/lib\libHCCD.a(fat_m.o)
                0x20010a28                fm_delete
 .text.fm_getlasterror
                0x20010a8c       0x40 C:/ISIS/workspace/ycube/GlobusSatProject/..//hal/hcc/lib\libHCCD.a(fat_m.o)
                0x20010a8c                fm_getlasterror
 .text._f_invalidatedir
                0x20010acc       0x28 C:/ISIS/workspace/ycube/GlobusSatProject/..//hal/hcc/lib\libHCCD.a(fat.o)
                0x20010acc                _f_invalidatedir
 .text._f_getdirsector
                0x20010af4       0x88 C:/ISIS/workspace/ycube/GlobusSatProject/..//hal/hcc/lib\libHCCD.a(fat.o)
                0x20010af4                _f_getdirsector
 .text._f_writedirsector
                0x20010b7c       0x74 C:/ISIS/workspace/ycube/GlobusSatProject/..//hal/hcc/lib\libHCCD.a(fat.o)
                0x20010b7c                _f_writedirsector
 .text._f_checknameinv
                0x20010bf0      0x180 C:/ISIS/workspace/ycube/GlobusSatProject/..//hal/hcc/lib\libHCCD.a(fat.o)
 .text._f_checkname
                0x20010d70       0x7c C:/ISIS/workspace/ycube/GlobusSatProject/..//hal/hcc/lib\libHCCD.a(fat.o)
 .text._f_checknamewc
                0x20010dec       0xf8 C:/ISIS/workspace/ycube/GlobusSatProject/..//hal/hcc/lib\libHCCD.a(fat.o)
 .text._f_setnameext
                0x20010ee4      0x300 C:/ISIS/workspace/ycube/GlobusSatProject/..//hal/hcc/lib\libHCCD.a(fat.o)
 .text._f_setfsname
                0x200111e4      0x584 C:/ISIS/workspace/ycube/GlobusSatProject/..//hal/hcc/lib\libHCCD.a(fat.o)
 .text._f_findfile
                0x20011768      0x30c C:/ISIS/workspace/ycube/GlobusSatProject/..//hal/hcc/lib\libHCCD.a(fat.o)
 .text._f_cmp_wname
                0x20011a74      0x274 C:/ISIS/workspace/ycube/GlobusSatProject/..//hal/hcc/lib\libHCCD.a(fat.o)
 .text._f_to_string
                0x20011ce8      0x130 C:/ISIS/workspace/ycube/GlobusSatProject/..//hal/hcc/lib\libHCCD.a(fat.o)
 .text._f_findfilewc
                0x20011e18      0x278 C:/ISIS/workspace/ycube/GlobusSatProject/..//hal/hcc/lib\libHCCD.a(fat.o)
 .text._f_getfilename
                0x20012090      0x20c C:/ISIS/workspace/ycube/GlobusSatProject/..//hal/hcc/lib\libHCCD.a(fat.o)
 .text._f_findpath
                0x2001229c      0x35c C:/ISIS/workspace/ycube/GlobusSatProject/..//hal/hcc/lib\libHCCD.a(fat.o)
 .text.fn_getdcwd
                0x200125f8      0x1e0 C:/ISIS/workspace/ycube/GlobusSatProject/..//hal/hcc/lib\libHCCD.a(fat.o)
                0x200125f8                fn_getdcwd
 .text.fn_findfirst
                0x200127d8      0x13c C:/ISIS/workspace/ycube/GlobusSatProject/..//hal/hcc/lib\libHCCD.a(fat.o)
                0x200127d8                fn_findfirst
 .text.fn_findnext
                0x20012914      0x360 C:/ISIS/workspace/ycube/GlobusSatProject/..//hal/hcc/lib\libHCCD.a(fat.o)
                0x20012914                fn_findnext
 .text._f_lock_resfile
                0x20012c74       0x6c C:/ISIS/workspace/ycube/GlobusSatProject/..//hal/hcc/lib\libHCCD.a(fat.o)
 .text._f_unlock_resfile
                0x20012ce0       0x40 C:/ISIS/workspace/ycube/GlobusSatProject/..//hal/hcc/lib\libHCCD.a(fat.o)
 .text._f_getintfile
                0x20012d20      0x124 C:/ISIS/workspace/ycube/GlobusSatProject/..//hal/hcc/lib\libHCCD.a(fat.o)
 .text._f_addentry
                0x20012e44      0x540 C:/ISIS/workspace/ycube/GlobusSatProject/..//hal/hcc/lib\libHCCD.a(fat.o)
 .text.fn_mkdir
                0x20013384      0x75c C:/ISIS/workspace/ycube/GlobusSatProject/..//hal/hcc/lib\libHCCD.a(fat.o)
                0x20013384                fn_mkdir
 .text.fn_open_sub
                0x20013ae0     0x1698 C:/ISIS/workspace/ycube/GlobusSatProject/..//hal/hcc/lib\libHCCD.a(fat.o)
 .text.fn_open  0x20015178       0x44 C:/ISIS/workspace/ycube/GlobusSatProject/..//hal/hcc/lib\libHCCD.a(fat.o)
                0x20015178                fn_open
 .text.fn_delete
                0x200151bc      0x490 C:/ISIS/workspace/ycube/GlobusSatProject/..//hal/hcc/lib\libHCCD.a(fat.o)
                0x200151bc                fn_delete
 .text.fn_rmdir
                0x2001564c      0x5ac C:/ISIS/workspace/ycube/GlobusSatProject/..//hal/hcc/lib\libHCCD.a(fat.o)
                0x2001564c                fn_rmdir
 .text.fn_init  0x20015bf8      0x2dc C:/ISIS/workspace/ycube/GlobusSatProject/..//hal/hcc/lib\libHCCD.a(fat_common.o)
                0x20015bf8                fn_init
 .text.fn_start
                0x20015ed4       0x1c C:/ISIS/workspace/ycube/GlobusSatProject/..//hal/hcc/lib\libHCCD.a(fat_common.o)
                0x20015ed4                fn_start
 .text.fsn_delete
                0x20015ef0       0xc8 C:/ISIS/workspace/ycube/GlobusSatProject/..//hal/hcc/lib\libHCCD.a(fat_common.o)
                0x20015ef0                fsn_delete
 .text._f_get16bitl
                0x20015fb8       0x4c C:/ISIS/workspace/ycube/GlobusSatProject/..//hal/hcc/lib\libHCCD.a(fat_common.o)
                0x20015fb8                _f_get16bitl
 .text._f_set16bitl
                0x20016004       0x54 C:/ISIS/workspace/ycube/GlobusSatProject/..//hal/hcc/lib\libHCCD.a(fat_common.o)
                0x20016004                _f_set16bitl
 .text._f_get32bitl
                0x20016058       0x68 C:/ISIS/workspace/ycube/GlobusSatProject/..//hal/hcc/lib\libHCCD.a(fat_common.o)
                0x20016058                _f_get32bitl
 .text._f_set32bitl
                0x200160c0       0x78 C:/ISIS/workspace/ycube/GlobusSatProject/..//hal/hcc/lib\libHCCD.a(fat_common.o)
                0x200160c0                _f_set32bitl
 .text._get8bit
                0x20016138       0xa0 C:/ISIS/workspace/ycube/GlobusSatProject/..//hal/hcc/lib\libHCCD.a(fat_common.o)
 .text._get16bitl
                0x200161d8       0x40 C:/ISIS/workspace/ycube/GlobusSatProject/..//hal/hcc/lib\libHCCD.a(fat_common.o)
 .text._get32bitl
                0x20016218       0x3c C:/ISIS/workspace/ycube/GlobusSatProject/..//hal/hcc/lib\libHCCD.a(fat_common.o)
 .text._set8bitzero
                0x20016254       0x6c C:/ISIS/workspace/ycube/GlobusSatProject/..//hal/hcc/lib\libHCCD.a(fat_common.o)
 .text._set8bit
                0x200162c0       0xa0 C:/ISIS/workspace/ycube/GlobusSatProject/..//hal/hcc/lib\libHCCD.a(fat_common.o)
 .text._set16bitl
                0x20016360       0x3c C:/ISIS/workspace/ycube/GlobusSatProject/..//hal/hcc/lib\libHCCD.a(fat_common.o)
 .text._set32bitl
                0x2001639c       0x34 C:/ISIS/workspace/ycube/GlobusSatProject/..//hal/hcc/lib\libHCCD.a(fat_common.o)
 .text._f_setcardremoved
                0x200163d0       0x94 C:/ISIS/workspace/ycube/GlobusSatProject/..//hal/hcc/lib\libHCCD.a(fat_common.o)
 .text._f_checkstatus
                0x20016464      0x104 C:/ISIS/workspace/ycube/GlobusSatProject/..//hal/hcc/lib\libHCCD.a(fat_common.o)
                0x20016464                _f_checkstatus
 .text._f_drvgetphy
                0x20016568      0x114 C:/ISIS/workspace/ycube/GlobusSatProject/..//hal/hcc/lib\libHCCD.a(fat_common.o)
 .text._f_drvwritesector
                0x2001667c       0xdc C:/ISIS/workspace/ycube/GlobusSatProject/..//hal/hcc/lib\libHCCD.a(fat_common.o)
 .text._f_drvreadsector
                0x20016758       0xa8 C:/ISIS/workspace/ycube/GlobusSatProject/..//hal/hcc/lib\libHCCD.a(fat_common.o)
 .text._f_writesector
                0x20016800      0x23c C:/ISIS/workspace/ycube/GlobusSatProject/..//hal/hcc/lib\libHCCD.a(fat_common.o)
                0x20016800                _f_writesector
 .text._f_readsector
                0x20016a3c      0x1dc C:/ISIS/workspace/ycube/GlobusSatProject/..//hal/hcc/lib\libHCCD.a(fat_common.o)
                0x20016a3c                _f_readsector
 .text._f_getmaxcluster
                0x20016c18       0x94 C:/ISIS/workspace/ycube/GlobusSatProject/..//hal/hcc/lib\libHCCD.a(fat_common.o)
                0x20016c18                _f_getmaxcluster
 .text._getsectorfromcluster
                0x20016cac       0x68 C:/ISIS/workspace/ycube/GlobusSatProject/..//hal/hcc/lib\libHCCD.a(fat_common.o)
 .text._f_buildsectors
                0x20016d14      0x268 C:/ISIS/workspace/ycube/GlobusSatProject/..//hal/hcc/lib\libHCCD.a(fat_common.o)
 .text._f_getbootrecord
                0x20016f7c      0x5e4 C:/ISIS/workspace/ycube/GlobusSatProject/..//hal/hcc/lib\libHCCD.a(fat_common.o)
 .text._f_readbootrecord
                0x20017560      0x4f8 C:/ISIS/workspace/ycube/GlobusSatProject/..//hal/hcc/lib\libHCCD.a(fat_common.o)
 .text._f_writebootrecord
                0x20017a58      0x5e4 C:/ISIS/workspace/ycube/GlobusSatProject/..//hal/hcc/lib\libHCCD.a(fat_common.o)
 .text._f_flushcffiles
                0x2001803c      0x17c C:/ISIS/workspace/ycube/GlobusSatProject/..//hal/hcc/lib\libHCCD.a(fat_common.o)
                0x2001803c                _f_flushcffiles
 .text._f_fatcache_flush
                0x200181b8      0x270 C:/ISIS/workspace/ycube/GlobusSatProject/..//hal/hcc/lib\libHCCD.a(fat_common.o)
                0x200181b8                _f_fatcache_flush
 .text._f_writefatsector
                0x20018428      0x100 C:/ISIS/workspace/ycube/GlobusSatProject/..//hal/hcc/lib\libHCCD.a(fat_common.o)
                0x20018428                _f_writefatsector
 .text._f_getfatsector
                0x20018528      0x3bc C:/ISIS/workspace/ycube/GlobusSatProject/..//hal/hcc/lib\libHCCD.a(fat_common.o)
 .text._f_setclustervalue
                0x200188e4      0x490 C:/ISIS/workspace/ycube/GlobusSatProject/..//hal/hcc/lib\libHCCD.a(fat_common.o)
                0x200188e4                _f_setclustervalue
 .text._f_getclustervalue
                0x20018d74      0x388 C:/ISIS/workspace/ycube/GlobusSatProject/..//hal/hcc/lib\libHCCD.a(fat_common.o)
                0x20018d74                _f_getclustervalue
 .text._f_close_drive_files
                0x200190fc       0xac C:/ISIS/workspace/ycube/GlobusSatProject/..//hal/hcc/lib\libHCCD.a(fat_common.o)
 .text._f_inc_mount_count
                0x200191a8       0xa4 C:/ISIS/workspace/ycube/GlobusSatProject/..//hal/hcc/lib\libHCCD.a(fat_common.o)
 .text._f_getvolume
                0x2001924c      0x2f8 C:/ISIS/workspace/ycube/GlobusSatProject/..//hal/hcc/lib\libHCCD.a(fat_common.o)
                0x2001924c                _f_getvolume
 .text.fn_createdriver
                0x20019544      0x118 C:/ISIS/workspace/ycube/GlobusSatProject/..//hal/hcc/lib\libHCCD.a(fat_common.o)
                0x20019544                fn_createdriver
 .text.fn_initvolume
                0x2001965c      0x12c C:/ISIS/workspace/ycube/GlobusSatProject/..//hal/hcc/lib\libHCCD.a(fat_common.o)
                0x2001965c                fn_initvolume
 .text.fn_releasedriver
                0x20019788       0xf4 C:/ISIS/workspace/ycube/GlobusSatProject/..//hal/hcc/lib\libHCCD.a(fat_common.o)
                0x20019788                fn_releasedriver
 .text.fn_initvolumepartition_sub
                0x2001987c       0xe0 C:/ISIS/workspace/ycube/GlobusSatProject/..//hal/hcc/lib\libHCCD.a(fat_common.o)
 .text.fn_initvolumepartition
                0x2001995c       0xac C:/ISIS/workspace/ycube/GlobusSatProject/..//hal/hcc/lib\libHCCD.a(fat_common.o)
                0x2001995c                fn_initvolumepartition
 .text.fn_delvolume
                0x20019a08      0x194 C:/ISIS/workspace/ycube/GlobusSatProject/..//hal/hcc/lib\libHCCD.a(fat_common.o)
                0x20019a08                fn_delvolume
 .text._f_clustertopos
                0x20019b9c       0xf8 C:/ISIS/workspace/ycube/GlobusSatProject/..//hal/hcc/lib\libHCCD.a(fat_common.o)
                0x20019b9c                _f_clustertopos
 .text._f_prepareformat
                0x20019c94      0x8b8 C:/ISIS/workspace/ycube/GlobusSatProject/..//hal/hcc/lib\libHCCD.a(fat_common.o)
 .text._f_resetfatentries
                0x2001a54c      0x410 C:/ISIS/workspace/ycube/GlobusSatProject/..//hal/hcc/lib\libHCCD.a(fat_common.o)
 .text._f_resetrootdir
                0x2001a95c       0xcc C:/ISIS/workspace/ycube/GlobusSatProject/..//hal/hcc/lib\libHCCD.a(fat_common.o)
 .text._f_postformat
                0x2001aa28      0x178 C:/ISIS/workspace/ycube/GlobusSatProject/..//hal/hcc/lib\libHCCD.a(fat_common.o)
 .text.fn_format
                0x2001aba0      0x148 C:/ISIS/workspace/ycube/GlobusSatProject/..//hal/hcc/lib\libHCCD.a(fat_common.o)
                0x2001aba0                fn_format
 .text._f_getcurrsector
                0x2001ace8      0x6c8 C:/ISIS/workspace/ycube/GlobusSatProject/..//hal/hcc/lib\libHCCD.a(fat_common.o)
                0x2001ace8                _f_getcurrsector
 .text._f_getdecluster
                0x2001b3b0       0x90 C:/ISIS/workspace/ycube/GlobusSatProject/..//hal/hcc/lib\libHCCD.a(fat_common.o)
                0x2001b3b0                _f_getdecluster
 .text._f_setdecluster
                0x2001b440       0x8c C:/ISIS/workspace/ycube/GlobusSatProject/..//hal/hcc/lib\libHCCD.a(fat_common.o)
                0x2001b440                _f_setdecluster
 .text.fn_getdrive
                0x2001b4cc       0x30 C:/ISIS/workspace/ycube/GlobusSatProject/..//hal/hcc/lib\libHCCD.a(fat_common.o)
                0x2001b4cc                fn_getdrive
 .text._f_getcurrenttimedate
                0x2001b4fc      0x138 C:/ISIS/workspace/ycube/GlobusSatProject/..//hal/hcc/lib\libHCCD.a(fat_common.o)
                0x2001b4fc                _f_getcurrenttimedate
 .text._f_initentry
                0x2001b634       0xa0 C:/ISIS/workspace/ycube/GlobusSatProject/..//hal/hcc/lib\libHCCD.a(fat_common.o)
                0x2001b634                _f_initentry
 .text._f_alloccluster
                0x2001b6d4      0x344 C:/ISIS/workspace/ycube/GlobusSatProject/..//hal/hcc/lib\libHCCD.a(fat_common.o)
                0x2001b6d4                _f_alloccluster
 .text._f_dobadblock
                0x2001ba18      0x2cc C:/ISIS/workspace/ycube/GlobusSatProject/..//hal/hcc/lib\libHCCD.a(fat_common.o)
                0x2001ba18                _f_dobadblock
 .text._f_checklocked
                0x2001bce4       0xe4 C:/ISIS/workspace/ycube/GlobusSatProject/..//hal/hcc/lib\libHCCD.a(fat_common.o)
                0x2001bce4                _f_checklocked
 .text._f_checkappendlocked
                0x2001bdc8      0x110 C:/ISIS/workspace/ycube/GlobusSatProject/..//hal/hcc/lib\libHCCD.a(fat_common.o)
                0x2001bdc8                _f_checkappendlocked
 .text._f_setsyncafile
                0x2001bed8      0x114 C:/ISIS/workspace/ycube/GlobusSatProject/..//hal/hcc/lib\libHCCD.a(fat_common.o)
                0x2001bed8                _f_setsyncafile
 .text._f_syncfiles
                0x2001bfec      0x128 C:/ISIS/workspace/ycube/GlobusSatProject/..//hal/hcc/lib\libHCCD.a(fat_common.o)
                0x2001bfec                _f_syncfiles
 .text._f_syncfilescontent
                0x2001c114      0x15c C:/ISIS/workspace/ycube/GlobusSatProject/..//hal/hcc/lib\libHCCD.a(fat_common.o)
 .text.fn_getfreespace
                0x2001c270      0x4c0 C:/ISIS/workspace/ycube/GlobusSatProject/..//hal/hcc/lib\libHCCD.a(fat_common.o)
                0x2001c270                fn_getfreespace
 .text._f_emptywritecache
                0x2001c730      0x4a4 C:/ISIS/workspace/ycube/GlobusSatProject/..//hal/hcc/lib\libHCCD.a(fat_common.o)
 .text._f_allocnextcluster
                0x2001cbd4      0x54c C:/ISIS/workspace/ycube/GlobusSatProject/..//hal/hcc/lib\libHCCD.a(fat_common.o)
 .text._f_emptywritebuffer
                0x2001d120      0x20c C:/ISIS/workspace/ycube/GlobusSatProject/..//hal/hcc/lib\libHCCD.a(fat_common.o)
 .text._f_writezeros
                0x2001d32c       0xf0 C:/ISIS/workspace/ycube/GlobusSatProject/..//hal/hcc/lib\libHCCD.a(fat_common.o)
                0x2001d32c                _f_writezeros
 .text._f_extend_file
                0x2001d41c      0x570 C:/ISIS/workspace/ycube/GlobusSatProject/..//hal/hcc/lib\libHCCD.a(fat_common.o)
 .text._f_fseek
                0x2001d98c      0x9bc C:/ISIS/workspace/ycube/GlobusSatProject/..//hal/hcc/lib\libHCCD.a(fat_common.o)
                0x2001d98c                _f_fseek
 .text._f_removechain
                0x2001e348      0x104 C:/ISIS/workspace/ycube/GlobusSatProject/..//hal/hcc/lib\libHCCD.a(fat_common.o)
                0x2001e348                _f_removechain
 .text._f_updatefileentry
                0x2001e44c      0x1cc C:/ISIS/workspace/ycube/GlobusSatProject/..//hal/hcc/lib\libHCCD.a(fat_common.o)
 .text._f_checkreadlocked
                0x2001e618      0x1bc C:/ISIS/workspace/ycube/GlobusSatProject/..//hal/hcc/lib\libHCCD.a(fat_common.o)
                0x2001e618                _f_checkreadlocked
 .text._f_check_handle
                0x2001e7d4       0x98 C:/ISIS/workspace/ycube/GlobusSatProject/..//hal/hcc/lib\libHCCD.a(fat_common.o)
                0x2001e7d4                _f_check_handle
 .text._f_removesyncafile
                0x2001e86c      0x1ec C:/ISIS/workspace/ycube/GlobusSatProject/..//hal/hcc/lib\libHCCD.a(fat_common.o)
 .text.fn_close
                0x2001ea58      0x3f8 C:/ISIS/workspace/ycube/GlobusSatProject/..//hal/hcc/lib\libHCCD.a(fat_common.o)
                0x2001ea58                fn_close
 .text.fn_flush
                0x2001ee50      0x374 C:/ISIS/workspace/ycube/GlobusSatProject/..//hal/hcc/lib\libHCCD.a(fat_common.o)
                0x2001ee50                fn_flush
 .text.fn_read  0x2001f1c4      0x690 C:/ISIS/workspace/ycube/GlobusSatProject/..//hal/hcc/lib\libHCCD.a(fat_common.o)
                0x2001f1c4                fn_read
 .text._f_abortwrite
                0x2001f854      0x100 C:/ISIS/workspace/ycube/GlobusSatProject/..//hal/hcc/lib\libHCCD.a(fat_common.o)
 .text._f_checkwritecluster
                0x2001f954       0xe4 C:/ISIS/workspace/ycube/GlobusSatProject/..//hal/hcc/lib\libHCCD.a(fat_common.o)
 .text.fn_write
                0x2001fa38      0x8a8 C:/ISIS/workspace/ycube/GlobusSatProject/..//hal/hcc/lib\libHCCD.a(fat_common.o)
                0x2001fa38                fn_write
 .text.fn_seek  0x200202e0      0x270 C:/ISIS/workspace/ycube/GlobusSatProject/..//hal/hcc/lib\libHCCD.a(fat_common.o)
                0x200202e0                fn_seek
 .text.fn_tell  0x20020550      0x19c C:/ISIS/workspace/ycube/GlobusSatProject/..//hal/hcc/lib\libHCCD.a(fat_common.o)
                0x20020550                fn_tell
 .text.fn_rewind
                0x200206ec       0x38 C:/ISIS/workspace/ycube/GlobusSatProject/..//hal/hcc/lib\libHCCD.a(fat_common.o)
                0x200206ec                fn_rewind
 .text.fn_putc  0x20020724       0x68 C:/ISIS/workspace/ycube/GlobusSatProject/..//hal/hcc/lib\libHCCD.a(fat_common.o)
                0x20020724                fn_putc
 .text.f_enterFS
                0x2002078c      0x1c0 C:/ISIS/workspace/ycube/GlobusSatProject/..//hal/hcc/lib\libHCCD.a(fat_common.o)
                0x2002078c                f_enterFS
 .text.f_releaseFS
                0x2002094c       0xb0 C:/ISIS/workspace/ycube/GlobusSatProject/..//hal/hcc/lib\libHCCD.a(fat_common.o)
                0x2002094c                f_releaseFS
 .text.fnGetTask
                0x200209fc       0xfc C:/ISIS/workspace/ycube/GlobusSatProject/..//hal/hcc/lib\libHCCD.a(fat_common.o)
                0x200209fc                fnGetTask
 .text._f_mutex_get
                0x20020af8       0x98 C:/ISIS/workspace/ycube/GlobusSatProject/..//hal/hcc/lib\libHCCD.a(fat_common.o)
                0x20020af8                _f_mutex_get
 .text._f_mutex_put
                0x20020b90       0x54 C:/ISIS/workspace/ycube/GlobusSatProject/..//hal/hcc/lib\libHCCD.a(fat_common.o)
                0x20020b90                _f_mutex_put
 .text._fn_initseekdivisor
                0x20020be4      0x158 C:/ISIS/workspace/ycube/GlobusSatProject/..//hal/hcc/lib\libHCCD.a(fat_common.o)
                0x20020be4                _fn_initseekdivisor
 .text._fn_updateseekpos
                0x20020d3c       0xc4 C:/ISIS/workspace/ycube/GlobusSatProject/..//hal/hcc/lib\libHCCD.a(fat_common.o)
 .text._f_findopensize
                0x20020e00       0x2c C:/ISIS/workspace/ycube/GlobusSatProject/..//hal/hcc/lib\libHCCD.a(fat_common.o)
                0x20020e00                _f_findopensize
 .text.fn_setlasterror
                0x20020e2c       0x34 C:/ISIS/workspace/ycube/GlobusSatProject/..//hal/hcc/lib\libHCCD.a(fat_common.o)
                0x20020e2c                fn_setlasterror
 .text.fn_setlasterror_noret
                0x20020e60       0x2c C:/ISIS/workspace/ycube/GlobusSatProject/..//hal/hcc/lib\libHCCD.a(fat_common.o)
                0x20020e60                fn_setlasterror_noret
 .text._s_checkzeroclusteratend
                0x20020e8c       0xf8 C:/ISIS/workspace/ycube/GlobusSatProject/..//hal/hcc/lib\libHCCD.a(safefat.o)
 .text._s_clearclustercontent
                0x20020f84      0x108 C:/ISIS/workspace/ycube/GlobusSatProject/..//hal/hcc/lib\libHCCD.a(safefat.o)
 .text._s_clearclustercontentdir
                0x2002108c      0x19c C:/ISIS/workspace/ycube/GlobusSatProject/..//hal/hcc/lib\libHCCD.a(safefat.o)
 .text._s_writedirsector
                0x20021228       0xd0 C:/ISIS/workspace/ycube/GlobusSatProject/..//hal/hcc/lib\libHCCD.a(safefat.o)
 .text._s_getdirsector
                0x200212f8      0x100 C:/ISIS/workspace/ycube/GlobusSatProject/..//hal/hcc/lib\libHCCD.a(safefat.o)
 .text._s_addentry
                0x200213f8      0x394 C:/ISIS/workspace/ycube/GlobusSatProject/..//hal/hcc/lib\libHCCD.a(safefat.o)
 .text._s_findfile
                0x2002178c      0x33c C:/ISIS/workspace/ycube/GlobusSatProject/..//hal/hcc/lib\libHCCD.a(safefat.o)
 .text._s_findsubdir
                0x20021ac8      0x248 C:/ISIS/workspace/ycube/GlobusSatProject/..//hal/hcc/lib\libHCCD.a(safefat.o)
 .text._s_createfile
                0x20021d10      0x190 C:/ISIS/workspace/ycube/GlobusSatProject/..//hal/hcc/lib\libHCCD.a(safefat.o)
 .text._s_findsaffile
                0x20021ea0      0x1b8 C:/ISIS/workspace/ycube/GlobusSatProject/..//hal/hcc/lib\libHCCD.a(safefat.o)
 .text._s_open  0x20022058       0xe4 C:/ISIS/workspace/ycube/GlobusSatProject/..//hal/hcc/lib\libHCCD.a(safefat.o)
 .text._s_open_saf
                0x2002213c       0xe8 C:/ISIS/workspace/ycube/GlobusSatProject/..//hal/hcc/lib\libHCCD.a(safefat.o)
 .text._s_flush
                0x20022224       0x84 C:/ISIS/workspace/ycube/GlobusSatProject/..//hal/hcc/lib\libHCCD.a(safefat.o)
 .text._s_allocnextcluster
                0x200222a8      0x13c C:/ISIS/workspace/ycube/GlobusSatProject/..//hal/hcc/lib\libHCCD.a(safefat.o)
 .text._s_getnextsector
                0x200223e4       0xdc C:/ISIS/workspace/ycube/GlobusSatProject/..//hal/hcc/lib\libHCCD.a(safefat.o)
 .text._s_seek  0x200224c0      0x1e8 C:/ISIS/workspace/ycube/GlobusSatProject/..//hal/hcc/lib\libHCCD.a(safefat.o)
 .text._s_get_len
                0x200226a8      0x10c C:/ISIS/workspace/ycube/GlobusSatProject/..//hal/hcc/lib\libHCCD.a(safefat.o)
 .text._s_set_len
                0x200227b4       0xb4 C:/ISIS/workspace/ycube/GlobusSatProject/..//hal/hcc/lib\libHCCD.a(safefat.o)
 .text.safe_fix_filelengths
                0x20022868       0xcc C:/ISIS/workspace/ycube/GlobusSatProject/..//hal/hcc/lib\libHCCD.a(safefat.o)
                0x20022868                safe_fix_filelengths
 .text._s_read  0x20022934      0x228 C:/ISIS/workspace/ycube/GlobusSatProject/..//hal/hcc/lib\libHCCD.a(safefat.o)
 .text._s_write
                0x20022b5c      0x384 C:/ISIS/workspace/ycube/GlobusSatProject/..//hal/hcc/lib\libHCCD.a(safefat.o)
 .text._s_restoreclusters
                0x20022ee0      0x270 C:/ISIS/workspace/ycube/GlobusSatProject/..//hal/hcc/lib\libHCCD.a(safefat.o)
                0x20022ee0                _s_restoreclusters
 .text._s_findrestore
                0x20023150      0x18c C:/ISIS/workspace/ycube/GlobusSatProject/..//hal/hcc/lib\libHCCD.a(safefat.o)
 .text._s_cmd_writede
                0x200232dc       0xd8 C:/ISIS/workspace/ycube/GlobusSatProject/..//hal/hcc/lib\libHCCD.a(safefat.o)
 .text._s_cmd_setcluster
                0x200233b4       0x88 C:/ISIS/workspace/ycube/GlobusSatProject/..//hal/hcc/lib\libHCCD.a(safefat.o)
 .text._s_cmd_deletechain
                0x2002343c      0x100 C:/ISIS/workspace/ycube/GlobusSatProject/..//hal/hcc/lib\libHCCD.a(safefat.o)
 .text._s_cmd_validatecfn
                0x2002353c      0x308 C:/ISIS/workspace/ycube/GlobusSatProject/..//hal/hcc/lib\libHCCD.a(safefat.o)
 .text._s_cmd_seteof
                0x20023844      0x3c4 C:/ISIS/workspace/ycube/GlobusSatProject/..//hal/hcc/lib\libHCCD.a(safefat.o)
 .text.safe_docommands
                0x20023c08      0x56c C:/ISIS/workspace/ycube/GlobusSatProject/..//hal/hcc/lib\libHCCD.a(safefat.o)
                0x20023c08                safe_docommands
 .text.safe_entercommand
                0x20024174       0x68 C:/ISIS/workspace/ycube/GlobusSatProject/..//hal/hcc/lib\libHCCD.a(safefat.o)
                0x20024174                safe_entercommand
 .text.safe_ready
                0x200241dc       0xf4 C:/ISIS/workspace/ycube/GlobusSatProject/..//hal/hcc/lib\libHCCD.a(safefat.o)
                0x200241dc                safe_ready
 .text.safe_copycfn
                0x200242d0       0xb8 C:/ISIS/workspace/ycube/GlobusSatProject/..//hal/hcc/lib\libHCCD.a(safefat.o)
                0x200242d0                safe_copycfn
 .text.safe_cfremove
                0x20024388       0xb8 C:/ISIS/workspace/ycube/GlobusSatProject/..//hal/hcc/lib\libHCCD.a(safefat.o)
                0x20024388                safe_cfremove
 .text.safe_writede
                0x20024440      0x104 C:/ISIS/workspace/ycube/GlobusSatProject/..//hal/hcc/lib\libHCCD.a(safefat.o)
                0x20024440                safe_writede
 .text.safe_setcluster
                0x20024544       0xcc C:/ISIS/workspace/ycube/GlobusSatProject/..//hal/hcc/lib\libHCCD.a(safefat.o)
                0x20024544                safe_setcluster
 .text.safe_deletechain
                0x20024610      0x1c8 C:/ISIS/workspace/ycube/GlobusSatProject/..//hal/hcc/lib\libHCCD.a(safefat.o)
                0x20024610                safe_deletechain
 .text.safe_cfclose
                0x200247d8      0x104 C:/ISIS/workspace/ycube/GlobusSatProject/..//hal/hcc/lib\libHCCD.a(safefat.o)
                0x200247d8                safe_cfclose
 .text.safe_cfflush
                0x200248dc      0x124 C:/ISIS/workspace/ycube/GlobusSatProject/..//hal/hcc/lib\libHCCD.a(safefat.o)
                0x200248dc                safe_cfflush
 .text.safe_reset
                0x20024a00       0x78 C:/ISIS/workspace/ycube/GlobusSatProject/..//hal/hcc/lib\libHCCD.a(safefat.o)
                0x20024a00                safe_reset
 .text.safe_loadcommands
                0x20024a78       0x78 C:/ISIS/workspace/ycube/GlobusSatProject/..//hal/hcc/lib\libHCCD.a(safefat.o)
                0x20024a78                safe_loadcommands
 .text.safe_poweron
                0x20024af0      0x1fc C:/ISIS/workspace/ycube/GlobusSatProject/..//hal/hcc/lib\libHCCD.a(safefat.o)
                0x20024af0                safe_poweron
 .text.cf_getname
                0x20024cec       0xc0 C:/ISIS/workspace/ycube/GlobusSatProject/..//hal/hcc/lib\libHCCD.a(safefat.o)
 .text.cf_copyclusterchain
                0x20024dac      0x138 C:/ISIS/workspace/ycube/GlobusSatProject/..//hal/hcc/lib\libHCCD.a(safefat.o)
 .text.cf_seektozero
                0x20024ee4       0x94 C:/ISIS/workspace/ycube/GlobusSatProject/..//hal/hcc/lib\libHCCD.a(safefat.o)
                0x20024ee4                cf_seektozero
 .text.cf_create
                0x20024f78      0x3a8 C:/ISIS/workspace/ycube/GlobusSatProject/..//hal/hcc/lib\libHCCD.a(safefat.o)
                0x20024f78                cf_create
 .text.cf_copyclustercontent
                0x20025320      0x128 C:/ISIS/workspace/ycube/GlobusSatProject/..//hal/hcc/lib\libHCCD.a(safefat.o)
                0x20025320                cf_copyclustercontent
 .text.cf_copycfn
                0x20025448      0x4bc C:/ISIS/workspace/ycube/GlobusSatProject/..//hal/hcc/lib\libHCCD.a(safefat.o)
                0x20025448                cf_copycfn
 .text.cf_remove
                0x20025904      0x344 C:/ISIS/workspace/ycube/GlobusSatProject/..//hal/hcc/lib\libHCCD.a(safefat.o)
                0x20025904                cf_remove
 .text.cf_setclusternew
                0x20025c48       0xf0 C:/ISIS/workspace/ycube/GlobusSatProject/..//hal/hcc/lib\libHCCD.a(safefat.o)
                0x20025c48                cf_setclusternew
 .text.cf_flush
                0x20025d38       0x58 C:/ISIS/workspace/ycube/GlobusSatProject/..//hal/hcc/lib\libHCCD.a(safefat.o)
                0x20025d38                cf_flush
 .text.cf_getcluster
                0x20025d90      0x1b4 C:/ISIS/workspace/ycube/GlobusSatProject/..//hal/hcc/lib\libHCCD.a(safefat.o)
                0x20025d90                cf_getcluster
 .text.cf_setnextcluster
                0x20025f44      0x194 C:/ISIS/workspace/ycube/GlobusSatProject/..//hal/hcc/lib\libHCCD.a(safefat.o)
                0x20025f44                cf_setnextcluster
 .text.cf_getpositions
                0x200260d8       0xbc C:/ISIS/workspace/ycube/GlobusSatProject/..//hal/hcc/lib\libHCCD.a(safefat.o)
                0x200260d8                cf_getpositions
 .text.cf_setpositions
                0x20026194       0xb0 C:/ISIS/workspace/ycube/GlobusSatProject/..//hal/hcc/lib\libHCCD.a(safefat.o)
                0x20026194                cf_setpositions
 .text.cf_opensyncafile
                0x20026244      0x150 C:/ISIS/workspace/ycube/GlobusSatProject/..//hal/hcc/lib\libHCCD.a(safefat.o)
                0x20026244                cf_opensyncafile
 .text.cf_reloadcfo
                0x20026394       0xd8 C:/ISIS/workspace/ycube/GlobusSatProject/..//hal/hcc/lib\libHCCD.a(safefat.o)
                0x20026394                cf_reloadcfo
 .text.mcipdc_cmd
                0x2002646c      0x22c C:/ISIS/workspace/ycube/GlobusSatProject/..//hal/hcc/lib\libHCCD.a(atmel_mcipdc.o)
 .text.mcipdc_stop
                0x20026698       0xfc C:/ISIS/workspace/ycube/GlobusSatProject/..//hal/hcc/lib\libHCCD.a(atmel_mcipdc.o)
                0x20026698                mcipdc_stop
 .text.mcipdc_read
                0x20026794      0x27c C:/ISIS/workspace/ycube/GlobusSatProject/..//hal/hcc/lib\libHCCD.a(atmel_mcipdc.o)
 .text.mcipdc_write
                0x20026a10      0x298 C:/ISIS/workspace/ycube/GlobusSatProject/..//hal/hcc/lib\libHCCD.a(atmel_mcipdc.o)
 .text.mcipdc_readsector
                0x20026ca8       0x9c C:/ISIS/workspace/ycube/GlobusSatProject/..//hal/hcc/lib\libHCCD.a(atmel_mcipdc.o)
                0x20026ca8                mcipdc_readsector
 .text.mcipdc_readmultiplesector
                0x20026d44      0x124 C:/ISIS/workspace/ycube/GlobusSatProject/..//hal/hcc/lib\libHCCD.a(atmel_mcipdc.o)
                0x20026d44                mcipdc_readmultiplesector
 .text.mcipdc_writesector
                0x20026e68       0x90 C:/ISIS/workspace/ycube/GlobusSatProject/..//hal/hcc/lib\libHCCD.a(atmel_mcipdc.o)
                0x20026e68                mcipdc_writesector
 .text.mcipdc_writemultiplesector
                0x20026ef8      0x120 C:/ISIS/workspace/ycube/GlobusSatProject/..//hal/hcc/lib\libHCCD.a(atmel_mcipdc.o)
                0x20026ef8                mcipdc_writemultiplesector
 .text.mcipdc_set_speed
                0x20027018       0xb0 C:/ISIS/workspace/ycube/GlobusSatProject/..//hal/hcc/lib\libHCCD.a(atmel_mcipdc.o)
 .text.mcipdc_get_speed
                0x200270c8       0x48 C:/ISIS/workspace/ycube/GlobusSatProject/..//hal/hcc/lib\libHCCD.a(atmel_mcipdc.o)
 .text._get_csd_bits
                0x20027110      0x14c C:/ISIS/workspace/ycube/GlobusSatProject/..//hal/hcc/lib\libHCCD.a(atmel_mcipdc.o)
 .text.mcipdc_initcard
                0x2002725c      0x8f4 C:/ISIS/workspace/ycube/GlobusSatProject/..//hal/hcc/lib\libHCCD.a(atmel_mcipdc.o)
 .text.mcipdc_getstatus
                0x20027b50       0xe8 C:/ISIS/workspace/ycube/GlobusSatProject/..//hal/hcc/lib\libHCCD.a(atmel_mcipdc.o)
 .text.mcipdc_getphy
                0x20027c38       0x90 C:/ISIS/workspace/ycube/GlobusSatProject/..//hal/hcc/lib\libHCCD.a(atmel_mcipdc.o)
 .text.mcipdc_release
                0x20027cc8       0x50 C:/ISIS/workspace/ycube/GlobusSatProject/..//hal/hcc/lib\libHCCD.a(atmel_mcipdc.o)
 .text.atmel_mcipdc_initfunc
                0x20027d18      0x160 C:/ISIS/workspace/ycube/GlobusSatProject/..//hal/hcc/lib\libHCCD.a(atmel_mcipdc.o)
                0x20027d18                atmel_mcipdc_initfunc
 .text.oal_task_get_id
                0x20027e78       0x18 C:/ISIS/workspace/ycube/GlobusSatProject/..//hal/hcc/lib\libHCCD.a(oalp_task.o)
                0x20027e78                oal_task_get_id
 .text.oal_mutex_create
                0x20027e90       0x54 C:/ISIS/workspace/ycube/GlobusSatProject/..//hal/hcc/lib\libHCCD.a(oalp_mutex.o)
                0x20027e90                oal_mutex_create
 .text.oal_mutex_delete
                0x20027ee4       0x30 C:/ISIS/workspace/ycube/GlobusSatProject/..//hal/hcc/lib\libHCCD.a(oalp_mutex.o)
                0x20027ee4                oal_mutex_delete
 .text.oal_mutex_get
                0x20027f14       0x58 C:/ISIS/workspace/ycube/GlobusSatProject/..//hal/hcc/lib\libHCCD.a(oalp_mutex.o)
                0x20027f14                oal_mutex_get
 .text.oal_mutex_put
                0x20027f6c       0x58 C:/ISIS/workspace/ycube/GlobusSatProject/..//hal/hcc/lib\libHCCD.a(oalp_mutex.o)
                0x20027f6c                oal_mutex_put
 .text.mcipdc_hw_init
                0x20027fc4       0xe8 C:/ISIS/workspace/ycube/GlobusSatProject/..//hal/hcc/lib\libHCCD.a(atmel_mcipdc_hw.o)
                0x20027fc4                mcipdc_hw_init
 .text.mcipdc_hw_delete
                0x200280ac       0x78 C:/ISIS/workspace/ycube/GlobusSatProject/..//hal/hcc/lib\libHCCD.a(atmel_mcipdc_hw.o)
                0x200280ac                mcipdc_hw_delete
 .text.mcipdc_hw_card_plugged
                0x20028124       0x1c C:/ISIS/workspace/ycube/GlobusSatProject/..//hal/hcc/lib\libHCCD.a(atmel_mcipdc_hw.o)
                0x20028124                mcipdc_hw_card_plugged
 .text.mcipdc_hw_card_writeprotect
                0x20028140       0x1c C:/ISIS/workspace/ycube/GlobusSatProject/..//hal/hcc/lib\libHCCD.a(atmel_mcipdc_hw.o)
                0x20028140                mcipdc_hw_card_writeprotect
 .text.psp_getrand
                0x2002815c      0x14c C:/ISIS/workspace/ycube/GlobusSatProject/..//hal/hcc/lib\libHCCD.a(psp_rand.o)
                0x2002815c                psp_getrand
 .text.psp_getcurrenttimedate
                0x200282a8       0x8c C:/ISIS/workspace/ycube/GlobusSatProject/..//hal/hcc/lib\libHCCD.a(psp_rtc.o)
                0x200282a8                psp_getcurrenttimedate
 .text._hcc_get_buf_dsc
                0x20028334       0x8c C:/ISIS/workspace/ycube/GlobusSatProject/..//hal/hcc/lib\libHCCD.a(hcc_mem.o)
 .text._hcc_check_free_pages
                0x200283c0      0x18c C:/ISIS/workspace/ycube/GlobusSatProject/..//hal/hcc/lib\libHCCD.a(hcc_mem.o)
 .text._hcc_mark_pages
                0x2002854c      0x158 C:/ISIS/workspace/ycube/GlobusSatProject/..//hal/hcc/lib\libHCCD.a(hcc_mem.o)
 .text._hcc_clear_lock_dsc
                0x200286a4       0x80 C:/ISIS/workspace/ycube/GlobusSatProject/..//hal/hcc/lib\libHCCD.a(hcc_mem.o)
 .text._hcc_lock_access
                0x20028724      0x128 C:/ISIS/workspace/ycube/GlobusSatProject/..//hal/hcc/lib\libHCCD.a(hcc_mem.o)
 .text._hcc_unlock_access
                0x2002884c       0x30 C:/ISIS/workspace/ycube/GlobusSatProject/..//hal/hcc/lib\libHCCD.a(hcc_mem.o)
 .text.hcc_mem_alloc
                0x2002887c      0x454 C:/ISIS/workspace/ycube/GlobusSatProject/..//hal/hcc/lib\libHCCD.a(hcc_mem.o)
                0x2002887c                hcc_mem_alloc
 .text.hcc_mem_free
                0x20028cd0      0x178 C:/ISIS/workspace/ycube/GlobusSatProject/..//hal/hcc/lib\libHCCD.a(hcc_mem.o)
                0x20028cd0                hcc_mem_free
 .text.hcc_mem_add
                0x20028e48      0x3b0 C:/ISIS/workspace/ycube/GlobusSatProject/..//hal/hcc/lib\libHCCD.a(hcc_mem.o)
                0x20028e48                hcc_mem_add
 .text.hcc_mem_init
                0x200291f8      0x164 C:/ISIS/workspace/ycube/GlobusSatProject/..//hal/hcc/lib\libHCCD.a(hcc_mem.o)
                0x200291f8                hcc_mem_init
 .text.hcc_mem_delete
                0x2002935c       0x94 C:/ISIS/workspace/ycube/GlobusSatProject/..//hal/hcc/lib\libHCCD.a(hcc_mem.o)
                0x2002935c                hcc_mem_delete
 .text.hcc_mem_buf_alloc
                0x200293f0       0xe4 C:/ISIS/workspace/ycube/GlobusSatProject/..//hal/hcc/lib\libHCCD.a(psp_hcc_mem.o)
                0x200293f0                hcc_mem_buf_alloc
 .text.hcc_mem_buf_free
                0x200294d4       0x6c C:/ISIS/workspace/ycube/GlobusSatProject/..//hal/hcc/lib\libHCCD.a(psp_hcc_mem.o)
                0x200294d4                hcc_mem_buf_free
 .text.IsisTrxvu_initialize
                0x20029540      0x2f4 C:/ISIS/workspace/ycube/GlobusSatProject/..//satellite-subsystems/satellite-subsystems/lib\libSatelliteSubsystemsD.a(IsisTRXVU.o)
                0x20029540                IsisTrxvu_initialize
 .text.makeTRXVUtransfer
                0x20029834       0x44 C:/ISIS/workspace/ycube/GlobusSatProject/..//satellite-subsystems/satellite-subsystems/lib\libSatelliteSubsystemsD.a(IsisTRXVU.o)
 .text.IsisTrxvu_tcSendAX25DefClSign
                0x20029878       0xec C:/ISIS/workspace/ycube/GlobusSatProject/..//satellite-subsystems/satellite-subsystems/lib\libSatelliteSubsystemsD.a(IsisTRXVU.o)
                0x20029878                IsisTrxvu_tcSendAX25DefClSign
 .text.IsisTrxvu_tcSetIdlestate
                0x20029964       0xa4 C:/ISIS/workspace/ycube/GlobusSatProject/..//satellite-subsystems/satellite-subsystems/lib\libSatelliteSubsystemsD.a(IsisTRXVU.o)
                0x20029964                IsisTrxvu_tcSetIdlestate
 .text.IsisTrxvu_tcSetAx25Bitrate
                0x20029a08       0xc4 C:/ISIS/workspace/ycube/GlobusSatProject/..//satellite-subsystems/satellite-subsystems/lib\libSatelliteSubsystemsD.a(IsisTRXVU.o)
                0x20029a08                IsisTrxvu_tcSetAx25Bitrate
 .text.IsisTrxvu_tcGetUptime
                0x20029acc       0xa0 C:/ISIS/workspace/ycube/GlobusSatProject/..//satellite-subsystems/satellite-subsystems/lib\libSatelliteSubsystemsD.a(IsisTRXVU.o)
                0x20029acc                IsisTrxvu_tcGetUptime
 .text.IsisTrxvu_tcGetState
                0x20029b6c       0xd0 C:/ISIS/workspace/ycube/GlobusSatProject/..//satellite-subsystems/satellite-subsystems/lib\libSatelliteSubsystemsD.a(IsisTRXVU.o)
                0x20029b6c                IsisTrxvu_tcGetState
 .text.IsisTrxvu_tcGetTelemetryAll
                0x20029c3c       0xd0 C:/ISIS/workspace/ycube/GlobusSatProject/..//satellite-subsystems/satellite-subsystems/lib\libSatelliteSubsystemsD.a(IsisTRXVU.o)
                0x20029c3c                IsisTrxvu_tcGetTelemetryAll
 .text.IsisTrxvu_rcGetFrameCount
                0x20029d0c       0xa0 C:/ISIS/workspace/ycube/GlobusSatProject/..//satellite-subsystems/satellite-subsystems/lib\libSatelliteSubsystemsD.a(IsisTRXVU.o)
                0x20029d0c                IsisTrxvu_rcGetFrameCount
 .text.IsisTrxvu_rcGetTelemetryAll
                0x20029dac       0xd0 C:/ISIS/workspace/ycube/GlobusSatProject/..//satellite-subsystems/satellite-subsystems/lib\libSatelliteSubsystemsD.a(IsisTRXVU.o)
                0x20029dac                IsisTrxvu_rcGetTelemetryAll
 .text.IsisTrxvu_rcGetUptime
                0x20029e7c       0xa0 C:/ISIS/workspace/ycube/GlobusSatProject/..//satellite-subsystems/satellite-subsystems/lib\libSatelliteSubsystemsD.a(IsisTRXVU.o)
                0x20029e7c                IsisTrxvu_rcGetUptime
 .text.IsisSolarPanelv2_initialize
                0x20029f1c       0xb4 C:/ISIS/workspace/ycube/GlobusSatProject/..//satellite-subsystems/satellite-subsystems/lib\libSatelliteSubsystemsD.a(IsisSolarPanelv2.o)
                0x20029f1c                IsisSolarPanelv2_initialize
 .text.IsisSolarPanelv2_getTemperature
                0x20029fd0       0xc8 C:/ISIS/workspace/ycube/GlobusSatProject/..//satellite-subsystems/satellite-subsystems/lib\libSatelliteSubsystemsD.a(IsisSolarPanelv2.o)
                0x20029fd0                IsisSolarPanelv2_getTemperature
 .text.IsisSolarPanelv2_getState
                0x2002a098       0x24 C:/ISIS/workspace/ycube/GlobusSatProject/..//satellite-subsystems/satellite-subsystems/lib\libSatelliteSubsystemsD.a(IsisSolarPanelv2.o)
                0x2002a098                IsisSolarPanelv2_getState
 .text._Reset   0x2002a0bc       0x20 C:/ISIS/workspace/ycube/GlobusSatProject/..//satellite-subsystems/satellite-subsystems/lib\libSatelliteSubsystemsD.a(IsisSolarPanelv2.o)
 .text._WaitForStartup
                0x2002a0dc       0xa0 C:/ISIS/workspace/ycube/GlobusSatProject/..//satellite-subsystems/satellite-subsystems/lib\libSatelliteSubsystemsD.a(IsisSolarPanelv2.o)
 .text._AssignAllChannels
                0x2002a17c       0x90 C:/ISIS/workspace/ycube/GlobusSatProject/..//satellite-subsystems/satellite-subsystems/lib\libSatelliteSubsystemsD.a(IsisSolarPanelv2.o)
 .text._AssignThisChannel