Archive member included because of file (symbol)

C:/ISIS/workspace/ycube/GlobusSatProject/..//hal/hal/lib\libHALD.a(SPI.o)
                              ./src/InitSystem.o (SPI_start)
C:/ISIS/workspace/ycube/GlobusSatProject/..//hal/hal/lib\libHALD.a(I2C.o)
                              ./src/SubSystemModules/Communication/SubsystemCommands/Maintanence_Commands.o (I2C_write)
C:/ISIS/workspace/ycube/GlobusSatProject/..//hal/hal/lib\libHALD.a(ADC.o)
                              ./src/SubSystemModules/Housekepping/TelemetryCollector.o (ADC_ConvertRaw10bitToMillivolt)
C:/ISIS/workspace/ycube/GlobusSatProject/..//hal/hal/lib\libHALD.a(FRAM.o)
                              ./src/SubSystemModules/Communication/SubsystemCommands/Maintanence_Commands.o (FRAM_start)
C:/ISIS/workspace/ycube/GlobusSatProject/..//hal/hal/lib\libHALD.a(Time.o)
                              ./src/InitSystem.o (Time_start)
C:/ISIS/workspace/ycube/GlobusSatProject/..//hal/hal/lib\libHALD.a(WatchDogTimerNoOS.o)
                              ./src/main.o (WDT_start)
C:/ISIS/workspace/ycube/GlobusSatProject/..//hal/hal/lib\libHALD.a(RTT.o)
                              C:/ISIS/workspace/ycube/GlobusSatProject/..//hal/hal/lib\libHALD.a(Time.o) (RTT_start)
C:/ISIS/workspace/ycube/GlobusSatProject/..//hal/hal/lib\libHALD.a(RTC.o)
                              C:/ISIS/workspace/ycube/GlobusSatProject/..//hal/hal/lib\libHALD.a(Time.o) (RTC_getTime)
C:/ISIS/workspace/ycube/GlobusSatProject/..//hal/hal/lib\libHALD.a(WatchDogTimerOS.o)
                              ./src/TestingDemos/MainTest.o (WDT_startWatchdogKickTask)
C:/ISIS/workspace/ycube/GlobusSatProject/..//hal/hal/lib\libHALD.a(fprintf.o)
                              ./src/TLM_management.o (f_puts)
C:/ISIS/workspace/ycube/GlobusSatProject/..//hal/hal/lib\libHALD.a(util.o)
                              ./src/TestingDemos/EpsTestingDemo.o (UTIL_DbguGetInteger)
C:/ISIS/workspace/ycube/GlobusSatProject/..//hal/hal/lib\libHALD.a(LED.o)
                              C:/ISIS/workspace/ycube/GlobusSatProject/..//hal/hal/lib\libHALD.a(WatchDogTimerOS.o) (LED_toggle)
C:/ISIS/workspace/ycube/GlobusSatProject/..//hal/hcc/lib\libHCCD.a(fat_m.o)
                              ./src/TLM_management.o (fm_initvolume)
C:/ISIS/workspace/ycube/GlobusSatProject/..//hal/hcc/lib\libHCCD.a(fat.o)
                              C:/ISIS/workspace/ycube/GlobusSatProject/..//hal/hcc/lib\libHCCD.a(fat_m.o) (fn_getdcwd)
C:/ISIS/workspace/ycube/GlobusSatProject/..//hal/hcc/lib\libHCCD.a(fat_common.o)
                              C:/ISIS/workspace/ycube/GlobusSatProject/..//hal/hcc/lib\libHCCD.a(fat.o) (p_filesystem)
C:/ISIS/workspace/ycube/GlobusSatProject/..//hal/hcc/lib\libHCCD.a(safefat.o)
                              C:/ISIS/workspace/ycube/GlobusSatProject/..//hal/hcc/lib\libHCCD.a(fat.o) (s_subdir)
C:/ISIS/workspace/ycube/GlobusSatProject/..//hal/hcc/lib\libHCCD.a(atmel_mcipdc.o)
                              ./src/TLM_management.o (atmel_mcipdc_initfunc)
C:/ISIS/workspace/ycube/GlobusSatProject/..//hal/hcc/lib\libHCCD.a(oalp_task.o)
                              C:/ISIS/workspace/ycube/GlobusSatProject/..//hal/hcc/lib\libHCCD.a(fat_common.o) (oal_task_get_id)
C:/ISIS/workspace/ycube/GlobusSatProject/..//hal/hcc/lib\libHCCD.a(oalp_mutex.o)
                              C:/ISIS/workspace/ycube/GlobusSatProject/..//hal/hcc/lib\libHCCD.a(fat_common.o) (oal_mutex_create)
C:/ISIS/workspace/ycube/GlobusSatProject/..//hal/hcc/lib\libHCCD.a(atmel_mcipdc_hw.o)
                              C:/ISIS/workspace/ycube/GlobusSatProject/..//hal/hcc/lib\libHCCD.a(atmel_mcipdc.o) (mcipdc_hw_init)
C:/ISIS/workspace/ycube/GlobusSatProject/..//hal/hcc/lib\libHCCD.a(psp_rand.o)
                              C:/ISIS/workspace/ycube/GlobusSatProject/..//hal/hcc/lib\libHCCD.a(fat_common.o) (psp_getrand)
C:/ISIS/workspace/ycube/GlobusSatProject/..//hal/hcc/lib\libHCCD.a(psp_rtc.o)
                              C:/ISIS/workspace/ycube/GlobusSatProject/..//hal/hcc/lib\libHCCD.a(fat_common.o) (psp_getcurrenttimedate)
C:/ISIS/workspace/ycube/GlobusSatProject/..//hal/hcc/lib\libHCCD.a(hcc_mem.o)
                              C:/ISIS/workspace/ycube/GlobusSatProject/..//hal/hcc/lib\libHCCD.a(atmel_mcipdc.o) (hcc_mem_alloc)
C:/ISIS/workspace/ycube/GlobusSatProject/..//hal/hcc/lib\libHCCD.a(psp_hcc_mem.o)
                              C:/ISIS/workspace/ycube/GlobusSatProject/..//hal/hcc/lib\libHCCD.a(hcc_mem.o) (hcc_mem_buf_alloc)
C:/ISIS/workspace/ycube/GlobusSatProject/..//satellite-subsystems/satellite-subsystems/lib\libSatelliteSubsystemsD.a(IsisAntS.o)
                              ./src/SubSystemModules/Communication/TRXVU.o (IsisAntS_initialize)
C:/ISIS/workspace/ycube/GlobusSatProject/..//satellite-subsystems/satellite-subsystems/lib\libSatelliteSubsystemsD.a(IsisTRXVU.o)
                              ./src/TestingDemos/TrxvuTestingDemo.o (IsisTrxvu_initialize)
[...]
Memory Configuration

Name             Origin             Length             Attributes
sram0            0x00200000         0x00004000         w !xr
sram1            0x00300000         0x00004000         w !xr
sdram            0x20000000         0x02000000         w !xr
*default*        0x00000000         0xffffffff

Linker script and memory map

LOAD c:/isis/application/toolchain/bin/../lib/gcc/arm-none-eabi/4.7.4/../../../../arm-none-eabi/lib\libc.a
LOAD ./src/TestingDemos/CommandsTestingDemo.o
LOAD ./src/TestingDemos/EpsTestingDemo.o
LOAD ./src/TestingDemos/FileSystemTestingDemo.o
LOAD ./src/TestingDemos/MainTest.o
LOAD ./src/TestingDemos/MaintenanceTestingDemo.o
LOAD ./src/TestingDemos/TelemetryTestingDemo.o
LOAD ./src/TestingDemos/TrxvuTestingDemo.o
LOAD ./src/SubSystemModules/PowerManagment/EPS.o
LOAD ./src/SubSystemModules/PowerManagment/EPSOperationModes.o
LOAD ./src/SubSystemModules/Maintenance/Maintenance.o
LOAD ./src/SubSystemModules/Housekepping/RAMTelemetry.o
LOAD ./src/SubSystemModules/Housekepping/TelemetryCollector.o
LOAD ./src/SubSystemModules/Communication/SubsystemCommands/EPS_Commands.o
LOAD ./src/SubSystemModules/Communication/SubsystemCommands/FS_Commands.o
LOAD ./src/SubSystemModules/Communication/SubsystemCommands/Maintanence_Commands.o
LOAD ./src/SubSystemModules/Communication/SubsystemCommands/TRXVU_Commands.o
LOAD ./src/SubSystemModules/Communication/AckHandler.o
LOAD ./src/SubSystemModules/Communication/CommandDictionary.o
LOAD ./src/SubSystemModules/Communication/SatCommandHandler.o
LOAD ./src/SubSystemModules/Communication/TRXVU.o
LOAD ./src/InitSystem.o
LOAD ./src/TLM_management.o
LOAD ./src/main.o
LOAD ./src/utils.o
LOAD C:/ISIS/workspace/ycube/GlobusSatProject/..//hal/hal/lib\libHALD.a
LOAD C:/ISIS/workspace/ycube/GlobusSatProject/..//hal/hcc/lib\libHCCD.a
LOAD C:/ISIS/workspace/ycube/GlobusSatProject/..//satellite-subsystems/satellite-subsystems/lib\libSatelliteSubsystemsD.a
LOAD C:/ISIS/workspace/ycube/GlobusSatProject/..//hal/freertos/lib\libFreeRTOSD.a
LOAD C:/ISIS/workspace/ycube/GlobusSatProject/..//hal/at91/lib\libAt91D.a
START GROUP
LOAD c:/isis/application/toolchain/bin/../lib/gcc/arm-none-eabi/4.7.4\libgcc.a
LOAD c:/isis/application/toolchain/bin/../lib/gcc/arm-none-eabi/4.7.4/../../../../arm-none-eabi/lib\libg.a
LOAD c:/isis/application/toolchain/bin/../lib/gcc/arm-none-eabi/4.7.4/../../../../arm-none-eabi/lib\libc.a
END GROUP

.fixed          0x20000000    0x4a21c
                0x20000000                . = ALIGN (0x4)
                0x20000000                _sfixed = .
 *(.startup)
 .startup       0x20000000      0x184 C:/ISIS/workspace/ycube/GlobusSatProject/..//hal/at91/lib\libAt91D.a(board_cstartup.o)
                0x20000000                entry
 *(.text)
 .text          0x20000184       0x64 C:/ISIS/workspace/ycube/GlobusSatProject/..//hal/at91/lib\libAt91D.a(cp15_asm.o)
                0x20000184                _readControlRegister
                0x20000190                _writeControlRegister
                0x20000198                _waitForInterrupt
                0x200001a4                _writeTTB
                0x200001ac                _writeDomain
                0x200001b4                _writeITLBLockdown
                0x200001bc                _prefetchICacheLine
                0x200001c4                _flushDCache
                0x200001d0                _flushWriteBuffer
                0x200001dc                _invalidateIDTLBs
 .text          0x200001e8      0x114 c:/isis/application/toolchain/bin/../lib/gcc/arm-none-eabi/4.7.4\libgcc.a(_udivsi3.o)
                0x200001e8                __aeabi_uidiv
                0x200001e8                __udivsi3
                0x200002dc                __aeabi_uidivmod
 .text          0x200002fc      0x148 c:/isis/application/toolchain/bin/../lib/gcc/arm-none-eabi/4.7.4\libgcc.a(_divsi3.o)
                0x200002fc                __divsi3
                0x200002fc                __aeabi_idiv
                0x20000424                __aeabi_idivmod
 .text          0x20000444        0x4 c:/isis/application/toolchain/bin/../lib/gcc/arm-none-eabi/4.7.4\libgcc.a(_dvmd_tls.o)
                0x20000444                __aeabi_idiv0
                0x20000444                __aeabi_ldiv0
 .text          0x20000448      0x41c c:/isis/application/toolchain/bin/../lib/gcc/arm-none-eabi/4.7.4\libgcc.a(_arm_addsubdf3.o)
                0x20000448                __aeabi_drsub
                0x20000450                __aeabi_dsub
                0x20000450                __subdf3
                0x20000454                __aeabi_dadd
                0x20000454                __adddf3
                0x20000764                __floatunsidf
                0x20000764                __aeabi_ui2d
                0x20000788                __floatsidf
                0x20000788                __aeabi_i2d
                0x200007b0                __aeabi_f2d
                0x200007b0                __extendsfdf2
                0x200007f0                __floatundidf
                0x200007f0                __aeabi_ul2d
                0x20000804                __floatdidf
                0x20000804                __aeabi_l2d
 .text          0x20000864      0x49c c:/isis/application/toolchain/bin/../lib/gcc/arm-none-eabi/4.7.4\libgcc.a(_arm_muldivdf3.o)
                0x20000864                __aeabi_dmul
                0x20000864                __muldf3
                0x20000af4                __divdf3
                0x20000af4                __aeabi_ddiv
 .text          0x20000d00       0xa0 c:/isis/application/toolchain/bin/../lib/gcc/arm-none-eabi/4.7.4\libgcc.a(_arm_truncdfsf2.o)
                0x20000d00                __truncdfsf2
                0x20000d00                __aeabi_d2f
 .text          0x20000da0      0x2ac c:/isis/application/toolchain/bin/../lib/gcc/arm-none-eabi/4.7.4\libgcc.a(_arm_addsubsf3.o)
                0x20000da0                __aeabi_frsub
                0x20000da8                __subsf3
                0x20000da8                __aeabi_fsub
                0x20000dac                __aeabi_fadd
                0x20000dac                __addsf3
                0x20000f68                __aeabi_ui2f
                0x20000f68                __floatunsisf
                0x20000f70                __aeabi_i2f
                0x20000f70                __floatsisf
                0x20000f90                __aeabi_ul2f
                0x20000f90                __floatundisf
                0x20000fa0                __aeabi_l2f
                0x20000fa0                __floatdisf
 .text          0x2000104c      0x2f8 c:/isis/application/toolchain/bin/../lib/gcc/arm-none-eabi/4.7.4\libgcc.a(_arm_muldivsf3.o)
                0x2000104c                __mulsf3
                0x2000104c                __aeabi_fmul
                0x200011e4                __aeabi_fdiv
                0x200011e4                __divsf3
 .text          0x20001344      0x114 c:/isis/application/toolchain/bin/../lib/gcc/arm-none-eabi/4.7.4\libgcc.a(_arm_cmpsf2.o)
                0x20001344                __gesf2
                0x20001344                __gtsf2
                0x2000134c                __lesf2
                0x2000134c                __ltsf2
                0x20001354                __nesf2
                0x20001354                __eqsf2
                0x20001354                __cmpsf2
                0x200013b8                __aeabi_cfrcmple
                0x200013c8                __aeabi_cfcmpeq
                0x200013c8                __aeabi_cfcmple
                0x200013e0                __aeabi_fcmpeq
                0x200013f8                __aeabi_fcmplt
                0x20001410                __aeabi_fcmple
                0x20001428                __aeabi_fcmpge
                0x20001440                __aeabi_fcmpgt
 .text          0x20001458       0x54 c:/isis/application/toolchain/bin/../lib/gcc/arm-none-eabi/4.7.4\libgcc.a(_arm_fixunssfsi.o)
                0x20001458                __fixunssfsi
                0x20001458                __aeabi_f2uiz
 .text          0x200014ac      0x144 c:/isis/application/toolchain/bin/../lib/gcc/arm-none-eabi/4.7.4\libgcc.a(_arm_cmpdf2.o)
                0x200014ac                __gtdf2
                0x200014ac                __gedf2
                0x200014b4                __ltdf2
                0x200014b4                __ledf2
                0x200014bc                __nedf2
                0x200014bc                __eqdf2
                0x200014bc                __cmpdf2
                0x20001544                __aeabi_cdrcmple
                0x20001560                __aeabi_cdcmpeq
                0x20001560                __aeabi_cdcmple
                0x20001578                __aeabi_dcmpeq
                0x20001590                __aeabi_dcmplt
                0x200015a8                __aeabi_dcmple
                0x200015c0                __aeabi_dcmpge
                0x200015d8                __aeabi_dcmpgt
 .text          0x200015f0       0x5c c:/isis/application/toolchain/bin/../lib/gcc/arm-none-eabi/4.7.4\libgcc.a(_arm_fixdfsi.o)
                0x200015f0                __aeabi_d2iz
                0x200015f0                __fixdfsi
 .text          0x2000164c       0x54 c:/isis/application/toolchain/bin/../lib/gcc/arm-none-eabi/4.7.4\libgcc.a(_arm_fixunsdfsi.o)
                0x2000164c                __aeabi_d2uiz
                0x2000164c                __fixunsdfsi
 .text          0x200016a0       0x3c c:/isis/application/toolchain/bin/../lib/gcc/arm-none-eabi/4.7.4\libgcc.a(_aeabi_uldivmod.o)
                0x200016a0                __aeabi_uldivmod
 .text          0x200016dc       0x84 c:/isis/application/toolchain/bin/../lib/gcc/arm-none-eabi/4.7.4\libgcc.a(bpabi.o)
                0x200016dc                __gnu_ldivmod_helper
                0x20001720                __gnu_uldivmod_helper
 .text          0x20001760      0x4f0 c:/isis/application/toolchain/bin/../lib/gcc/arm-none-eabi/4.7.4\libgcc.a(_divdi3.o)
                0x20001760                __divdi3
 .text          0x20001c50      0x488 c:/isis/application/toolchain/bin/../lib/gcc/arm-none-eabi/4.7.4\libgcc.a(_udivdi3.o)
                0x20001c50                __udivdi3
 .text          0x200020d8       0x48 c:/isis/application/toolchain/bin/../lib/gcc/arm-none-eabi/4.7.4\libgcc.a(_clzsi2.o)
                0x200020d8                __clzsi2
 *(.text*)
 .text.TestActUponCommand
                0x20002120      0x114 ./src/TestingDemos/CommandsTestingDemo.o
                0x20002120                TestActUponCommand
 .text.TestAssmbleCommand
                0x20002234      0x134 ./src/TestingDemos/CommandsTestingDemo.o
                0x20002234                TestAssmbleCommand
 .text.TestGetDelayedCommand
                0x20002368       0xa0 ./src/TestingDemos/CommandsTestingDemo.o
                0x20002368                TestGetDelayedCommand
 .text.TestAddDelayedCommand
                0x20002408       0xbc ./src/TestingDemos/CommandsTestingDemo.o
                0x20002408                TestAddDelayedCommand
 .text.TestGetDelayedCommandBufferCount
                0x200024c4       0x54 ./src/TestingDemos/CommandsTestingDemo.o
                0x200024c4                TestGetDelayedCommandBufferCount
 .text.TestGetOnlineCommand
                0x20002518       0xc8 ./src/TestingDemos/CommandsTestingDemo.o
                0x20002518                TestGetOnlineCommand
 .text.TestDeleteDelayedCommandByIndex
                0x200025e0      0x1c0 ./src/TestingDemos/CommandsTestingDemo.o
                0x200025e0                TestDeleteDelayedCommandByIndex
 .text.TestDeleteDelayedBuffer
                0x200027a0      0x140 ./src/TestingDemos/CommandsTestingDemo.o
                0x200027a0                TestDeleteDelayedBuffer
 .text.selectAndExecuteCommandsDemoTest
                0x200028e0      0x174 ./src/TestingDemos/CommandsTestingDemo.o
                0x200028e0                selectAndExecuteCommandsDemoTest
 .text.MainCommandsTestBench
                0x20002a54       0x44 ./src/TestingDemos/CommandsTestingDemo.o
                0x20002a54                MainCommandsTestBench
 .text.TestEpsConditioning
                0x20002a98      0x1e8 ./src/TestingDemos/EpsTestingDemo.o
                0x20002a98                TestEpsConditioning
 .text.TestGetBatteryVoltage
                0x20002c80       0x64 ./src/TestingDemos/EpsTestingDemo.o
                0x20002c80                TestGetBatteryVoltage
 .text.TestUpdateThreshVoltages
                0x20002ce4      0x170 ./src/TestingDemos/EpsTestingDemo.o
                0x20002ce4                TestUpdateThreshVoltages
 .text.TestGetThreshVoltages
                0x20002e54       0xb0 ./src/TestingDemos/EpsTestingDemo.o
                0x20002e54                TestGetThreshVoltages
 .text.TestUpdateAlpha
                0x20002f04       0xc0 ./src/TestingDemos/EpsTestingDemo.o
                0x20002f04                TestUpdateAlpha
 .text.TestGetAlpha
                0x20002fc4       0x78 ./src/TestingDemos/EpsTestingDemo.o
                0x20002fc4                TestGetAlpha
 .text.TestRestoreDefaultAlpha
                0x2000303c       0xf4 ./src/TestingDemos/EpsTestingDemo.o
                0x2000303c                TestRestoreDefaultAlpha
 .text.TestRestoreDefaultThresholdVoltages
                0x20003130      0x154 ./src/TestingDemos/EpsTestingDemo.o
                0x20003130                TestRestoreDefaultThresholdVoltages
 .text.GetHeaterValues
                0x20003284       0xb0 ./src/TestingDemos/EpsTestingDemo.o
                0x20003284                GetHeaterValues
 .text.SetHeaterValues
                0x20003334      0x104 ./src/TestingDemos/EpsTestingDemo.o
                0x20003334                SetHeaterValues
 .text.selectAndExecuteEpsDemoTest
                0x20003438      0x1b0 ./src/TestingDemos/EpsTestingDemo.o
                0x20003438                selectAndExecuteEpsDemoTest
 .text.MainEpsTestBench
                0x200035e8       0x40 ./src/TestingDemos/EpsTestingDemo.o
                0x200035e8                MainEpsTestBench
 .text.TestListFiles
                0x20003628      0x198 ./src/TestingDemos/FileSystemTestingDemo.o
                0x20003628                TestListFiles
 .text.TestListAllFiles
                0x200037c0      0x134 ./src/TestingDemos/FileSystemTestingDemo.o
                0x200037c0                TestListAllFiles
 .text.TestLOGTLM
                0x200038f4      0x110 ./src/TestingDemos/FileSystemTestingDemo.o
                0x200038f4                TestLOGTLM
 .text.TestEPSTLM
                0x20003a04       0xa8 ./src/TestingDemos/FileSystemTestingDemo.o
                0x20003a04                TestEPSTLM
 .text.TestReadTimeRangeTLMRes
                0x20003aac      0x210 ./src/TestingDemos/FileSystemTestingDemo.o
                0x20003aac                TestReadTimeRangeTLMRes
 .text.TestReadTimeRangeTLM
                0x20003cbc      0x178 ./src/TestingDemos/FileSystemTestingDemo.o
                0x20003cbc                TestReadTimeRangeTLM
 .text.GenerateWODTLM
                0x20003e34       0xd0 ./src/TestingDemos/FileSystemTestingDemo.o
                0x20003e34                GenerateWODTLM
 .text.DeleteOldFiles
                0x20003f04      0x148 ./src/TestingDemos/FileSystemTestingDemo.o
                0x20003f04                DeleteOldFiles
 .text.createSingleDayTLM
                0x2000404c       0xa8 ./src/TestingDemos/FileSystemTestingDemo.o
                0x2000404c                createSingleDayTLM
 .text.printLastError
                0x200040f4       0x38 ./src/TestingDemos/FileSystemTestingDemo.o
                0x200040f4                printLastError
 .text.copyTLMFile
                0x2000412c      0x2cc ./src/TestingDemos/FileSystemTestingDemo.o
                0x2000412c                copyTLMFile
 .text.TestWODTLM
                0x200043f8       0xa8 ./src/TestingDemos/FileSystemTestingDemo.o
                0x200043f8                TestWODTLM
 .text.TestDeleteFiels
                0x200044a0      0x2b8 ./src/TestingDemos/FileSystemTestingDemo.o
                0x200044a0                TestDeleteFiels
 .text.TestReadMultiFiels
                0x20004758      0x2ac ./src/TestingDemos/FileSystemTestingDemo.o
                0x20004758                TestReadMultiFiels
 .text.TestTRXVUTLM
                0x20004a04      0x11c ./src/TestingDemos/FileSystemTestingDemo.o
                0x20004a04                TestTRXVUTLM
 .text.FullSDTest
                0x20004b20      0x174 ./src/TestingDemos/FileSystemTestingDemo.o
                0x20004b20                FullSDTest
 .text.LogErrorRateTest
                0x20004c94      0x148 ./src/TestingDemos/FileSystemTestingDemo.o
                0x20004c94                LogErrorRateTest
 .text.deleteMonth
                0x20004ddc       0x78 ./src/TestingDemos/FileSystemTestingDemo.o
                0x20004ddc                deleteMonth
 .text.deleteYear
                0x20004e54       0xb0 ./src/TestingDemos/FileSystemTestingDemo.o
                0x20004e54                deleteYear
 .text.readFileTest
                0x20004f04       0x88 ./src/TestingDemos/FileSystemTestingDemo.o
                0x20004f04                readFileTest
 .text.writeFileOnScreen
                0x20004f8c       0xcc ./src/TestingDemos/FileSystemTestingDemo.o
                0x20004f8c                writeFileOnScreen
 .text.GetExtraData
                0x20005058       0x4c ./src/TestingDemos/FileSystemTestingDemo.o
                0x20005058                GetExtraData
 .text.showFreeSapce
                0x200050a4      0x110 ./src/TestingDemos/FileSystemTestingDemo.o
                0x200050a4                showFreeSapce
 .text.SwitchSDCardTest
                0x200051b4       0x98 ./src/TestingDemos/FileSystemTestingDemo.o
                0x200051b4                SwitchSDCardTest
 .text.FormatSDTest
                0x2000524c       0x9c ./src/TestingDemos/FileSystemTestingDemo.o
                0x2000524c                FormatSDTest
 .text.selectAndExecuteFSTest
                0x200052e8      0x2ec ./src/TestingDemos/FileSystemTestingDemo.o
                0x200052e8                selectAndExecuteFSTest
 .text.MainFileSystemTestBench
                0x200055d4       0x44 ./src/TestingDemos/FileSystemTestingDemo.o
                0x200055d4                MainFileSystemTestBench
 .text.selectAndExecuteTest
                0x20005618      0x168 ./src/TestingDemos/MainTest.o
                0x20005618                selectAndExecuteTest
 .text.taskTesting
                0x20005780       0x28 ./src/TestingDemos/MainTest.o
                0x20005780                taskTesting
 .text.printSDINfo
                0x200057a8       0x84 ./src/TestingDemos/MaintenanceTestingDemo.o
                0x200057a8                printSDINfo
 .text.changeFirstActivation
                0x2000582c       0x84 ./src/TestingDemos/MaintenanceTestingDemo.o
                0x2000582c                changeFirstActivation
 .text.selectAndExecuteMaintenanceDemoTest
                0x200058b0      0x19c ./src/TestingDemos/MaintenanceTestingDemo.o
                0x200058b0                selectAndExecuteMaintenanceDemoTest
 .text.MainMaintenanceTestBench
                0x20005a4c       0x40 ./src/TestingDemos/MaintenanceTestingDemo.o
                0x20005a4c                MainMaintenanceTestBench
 .text.singleTlmTest
                0x20005a8c      0x100 ./src/TestingDemos/TelemetryTestingDemo.o
                0x20005a8c                singleTlmTest
 .text.multipleTlmTest
                0x20005b8c      0x270 ./src/TestingDemos/TelemetryTestingDemo.o
                0x20005b8c                multipleTlmTest
 .text.tlmTest  0x20005dfc       0xd8 ./src/TestingDemos/TelemetryTestingDemo.o
                0x20005dfc                tlmTest
 .text.MainTelemetryTestBench
                0x20005ed4       0xb4 ./src/TestingDemos/TelemetryTestingDemo.o
                0x20005ed4                MainTelemetryTestBench
 .text.TestInitTrxvu
                0x20005f88       0x54 ./src/TestingDemos/TrxvuTestingDemo.o
                0x20005f88                TestInitTrxvu
 .text.TestInitTrxvuWithDifferentFrameLengths
                0x20005fdc      0x134 ./src/TestingDemos/TrxvuTestingDemo.o
                0x20005fdc                TestInitTrxvuWithDifferentFrameLengths
 .text.TestTrxvuLogic
                0x20006110       0xd4 ./src/TestingDemos/TrxvuTestingDemo.o
                0x20006110                TestTrxvuLogic
 .text.TestCheckTransmitionAllowed
                0x200061e4       0xa4 ./src/TestingDemos/TrxvuTestingDemo.o
                0x200061e4                TestCheckTransmitionAllowed
 .text.TestLoopSPL
                0x20006288       0xc4 ./src/TestingDemos/TrxvuTestingDemo.o
                0x20006288                TestLoopSPL
 .text.TestSendDumpAbortRequest
                0x2000634c       0x24 ./src/TestingDemos/TrxvuTestingDemo.o
                0x2000634c                TestSendDumpAbortRequest
 .text.TestTransmitDummySplPacket
                0x20006370       0xc0 ./src/TestingDemos/TrxvuTestingDemo.o
                0x20006370                TestTransmitDummySplPacket
 .text.TestTransmitSplPacket
                0x20006430      0x1ec ./src/TestingDemos/TrxvuTestingDemo.o
                0x20006430                TestTransmitSplPacket
 .text.TestExitDump
                0x2000661c       0x1c ./src/TestingDemos/TrxvuTestingDemo.o
                0x2000661c                TestExitDump
 .text.TestDumpTelemetry
                0x20006638       0x9c ./src/TestingDemos/TrxvuTestingDemo.o
                0x20006638                TestDumpTelemetry
 .text.TestRestoreDefaultBeaconParameters
                0x200066d4       0x1c ./src/TestingDemos/TrxvuTestingDemo.o
                0x200066d4                TestRestoreDefaultBeaconParameters
 .text.TestChooseDefaultBeaconCycle
                0x200066f0       0xe0 ./src/TestingDemos/TrxvuTestingDemo.o
                0x200066f0                TestChooseDefaultBeaconCycle
 .text.TestBeaconLogic
                0x200067d0       0xdc ./src/TestingDemos/TrxvuTestingDemo.o
                0x200067d0                TestBeaconLogic
 .text.TestMuteTrxvu
                0x200068ac       0x9c ./src/TestingDemos/TrxvuTestingDemo.o
                0x200068ac                TestMuteTrxvu
 .text.TestUnMuteTrxvu
                0x20006948       0x30 ./src/TestingDemos/TrxvuTestingDemo.o
                0x20006948                TestUnMuteTrxvu
 .text.TestGetNumberOfFramesInBuffer
                0x20006978       0x54 ./src/TestingDemos/TrxvuTestingDemo.o
                0x20006978                TestGetNumberOfFramesInBuffer
 .text.TestSetTrxvuBitrate
                0x200069cc       0xf0 ./src/TestingDemos/TrxvuTestingDemo.o
                0x200069cc                TestSetTrxvuBitrate
 .text.TestGetTrxvuBitrate
                0x20006abc       0xb0 ./src/TestingDemos/TrxvuTestingDemo.o
                0x20006abc                TestGetTrxvuBitrate
 .text.TestTransmitDataAsSPL_Packet
                0x20006b6c      0x114 ./src/TestingDemos/TrxvuTestingDemo.o
                0x20006b6c                TestTransmitDataAsSPL_Packet
 .text.selectAndExecuteTrxvuDemoTest
                0x20006c80      0x2ac ./src/TestingDemos/TrxvuTestingDemo.o
                0x20006c80                selectAndExecuteTrxvuDemoTest
 .text.MainTrxvuTestBench
                0x20006f2c       0x44 ./src/TestingDemos/TrxvuTestingDemo.o
                0x20006f2c                MainTrxvuTestBench
 .text.GetBatteryVoltage
                0x20006f70       0x38 ./src/SubSystemModules/PowerManagment/EPS.o
                0x20006f70                GetBatteryVoltage
 .text.EPS_Init
                0x20006fa8       0xb8 ./src/SubSystemModules/PowerManagment/EPS.o
                0x20006fa8                EPS_Init
 .text.EPS_Conditioning
                0x20007060      0x1c4 ./src/SubSystemModules/PowerManagment/EPS.o
                0x20007060                EPS_Conditioning
 .text.UpdateAlpha
                0x20007224       0xd8 ./src/SubSystemModules/PowerManagment/EPS.o
                0x20007224                UpdateAlpha
 .text.UpdateThresholdVoltages
                0x200072fc      0x218 ./src/SubSystemModules/PowerManagment/EPS.o
                0x200072fc                UpdateThresholdVoltages
 .text.GetThresholdVoltages
                0x20007514       0x80 ./src/SubSystemModules/PowerManagment/EPS.o
                0x20007514                GetThresholdVoltages
 .text.GetAlpha
                0x20007594       0x7c ./src/SubSystemModules/PowerManagment/EPS.o
                0x20007594                GetAlpha
 .text.RestoreDefaultThresholdVoltages
                0x20007610       0x74 ./src/SubSystemModules/PowerManagment/EPS.o
                0x20007610                RestoreDefaultThresholdVoltages
 .text.CMDGetHeaterValues
                0x20007684       0x24 ./src/SubSystemModules/PowerManagment/EPS.o
                0x20007684                CMDGetHeaterValues
 .text.CMDSetHeaterValues
                0x200076a8       0x58 ./src/SubSystemModules/PowerManagment/EPS.o
                0x200076a8                CMDSetHeaterValues
 .text.EnterFullMode
                0x20007700       0x44 ./src/SubSystemModules/PowerManagment/EPSOperationModes.o
                0x20007700                EnterFullMode
 .text.EnterCruiseMode
                0x20007744       0x40 ./src/SubSystemModules/PowerManagment/EPSOperationModes.o
                0x20007744                EnterCruiseMode
 .text.EnterSafeMode
                0x20007784       0x44 ./src/SubSystemModules/PowerManagment/EPSOperationModes.o
                0x20007784                EnterSafeMode
 .text.EnterCriticalMode
                0x200077c8       0x44 ./src/SubSystemModules/PowerManagment/EPSOperationModes.o
                0x200077c8                EnterCriticalMode
 .text.GetSystemState
                0x2000780c       0x24 ./src/SubSystemModules/PowerManagment/EPSOperationModes.o
                0x2000780c                GetSystemState
 .text.GetSystemChannelState
                0x20007830       0x24 ./src/SubSystemModules/PowerManagment/EPSOperationModes.o
                0x20007830                GetSystemChannelState
 .text.EpsGetLowVoltageFlag
                0x20007854       0x24 ./src/SubSystemModules/PowerManagment/EPSOperationModes.o
                0x20007854                EpsGetLowVoltageFlag
 .text.EpsSetLowVoltageFlag
                0x20007878       0x2c ./src/SubSystemModules/PowerManagment/EPSOperationModes.o
                0x20007878                EpsSetLowVoltageFlag
 .text.CheckExecutionTime
                0x200078a4       0x80 ./src/SubSystemModules/Maintenance/Maintenance.o
                0x200078a4                CheckExecutionTime
 .text.SaveSatTimeInFRAM
                0x20007924       0x44 ./src/SubSystemModules/Maintenance/Maintenance.o
                0x20007924                SaveSatTimeInFRAM
 .text.WakeupFromResetCMD
                0x20007968      0x120 ./src/SubSystemModules/Maintenance/Maintenance.o
                0x20007968                WakeupFromResetCMD
 .text.ResetGroundCommWDT
                0x20007a88       0x1c ./src/SubSystemModules/Maintenance/Maintenance.o
                0x20007a88                ResetGroundCommWDT
 .text.findMinMaxDate
                0x20007aa4       0xdc ./src/SubSystemModules/Maintenance/Maintenance.o
                0x20007aa4                findMinMaxDate
 .text.DeleteOldFiels
                0x20007b80       0xf0 ./src/SubSystemModules/Maintenance/Maintenance.o
                0x20007b80                DeleteOldFiels
 .text.HardResetMCU
                0x20007c70       0x24 ./src/SubSystemModules/Maintenance/Maintenance.o
                0x20007c70                HardResetMCU
 .text.resetArrs
                0x20007c94       0x84 ./src/SubSystemModules/Housekepping/RAMTelemetry.o
                0x20007c94                resetArrs
 .text.move     0x20007d18       0x44 ./src/SubSystemModules/Housekepping/RAMTelemetry.o
                0x20007d18                move
 .text.saveTlmToRam
                0x20007d5c      0x138 ./src/SubSystemModules/Housekepping/RAMTelemetry.o
                0x20007d5c                saveTlmToRam
 .text.getTlm   0x20007e94      0x14c ./src/SubSystemModules/Housekepping/RAMTelemetry.o
                0x20007e94                getTlm
 .text.InitSavePeriodTimes
                0x20007fe0       0x78 ./src/SubSystemModules/Housekepping/TelemetryCollector.o
                0x20007fe0                InitSavePeriodTimes
 .text.CMD_GetTLMPeriodTimes
                0x20008058       0x38 ./src/SubSystemModules/Housekepping/TelemetryCollector.o
                0x20008058                CMD_GetTLMPeriodTimes
 .text.CMD_SetTLMPeriodTimes
                0x20008090      0x17c ./src/SubSystemModules/Housekepping/TelemetryCollector.o
                0x20008090                CMD_SetTLMPeriodTimes
 .text.TelemetryCollectorLogic
                0x2000820c      0x208 ./src/SubSystemModules/Housekepping/TelemetryCollector.o
                0x2000820c                TelemetryCollectorLogic
 .text.TelemetrySaveEPS
                0x20008414       0x18 ./src/SubSystemModules/Housekepping/TelemetryCollector.o
                0x20008414                TelemetrySaveEPS
 .text.TelemetrySaveTRXVU
                0x2000842c       0x94 ./src/SubSystemModules/Housekepping/TelemetryCollector.o
                0x2000842c                TelemetrySaveTRXVU
 .text.TelemetrySaveANT
                0x200084c0       0xa4 ./src/SubSystemModules/Housekepping/TelemetryCollector.o
                0x200084c0                TelemetrySaveANT
 .text.TelemetrySaveSolarPanels
                0x20008564      0x228 ./src/SubSystemModules/Housekepping/TelemetryCollector.o
                0x20008564                TelemetrySaveSolarPanels
 .text.TelemetrySaveWOD
                0x2000878c       0x48 ./src/SubSystemModules/Housekepping/TelemetryCollector.o
                0x2000878c                TelemetrySaveWOD
 .text.GetCurrentWODTelemetry
                0x200087d4      0x74c ./src/SubSystemModules/Housekepping/TelemetryCollector.o
                0x200087d4                GetCurrentWODTelemetry
 .text.CMD_EPS_ResetWDT
                0x20008f20       0x48 ./src/SubSystemModules/Communication/SubsystemCommands/EPS_Commands.o
                0x20008f20                CMD_EPS_ResetWDT
 .text.CMD_DeleteTLM
                0x20008f68      0x1d8 ./src/SubSystemModules/Communication/SubsystemCommands/FS_Commands.o
                0x20008f68                CMD_DeleteTLM
 .text.CMD_DeleteAllFiles
                0x20009140       0x38 ./src/SubSystemModules/Communication/SubsystemCommands/FS_Commands.o
                0x20009140                CMD_DeleteAllFiles
 .text.CMD_GetLastFS_Error
                0x20009178       0x4c ./src/SubSystemModules/Communication/SubsystemCommands/FS_Commands.o
                0x20009178                CMD_GetLastFS_Error
 .text.CMD_Get_TLM_Info
                0x200091c4      0x118 ./src/SubSystemModules/Communication/SubsystemCommands/FS_Commands.o
                0x200091c4                CMD_Get_TLM_Info
 .text.CMD_Switch_SD_Card
                0x200092dc       0x90 ./src/SubSystemModules/Communication/SubsystemCommands/FS_Commands.o
                0x200092dc                CMD_Switch_SD_Card
 .text.CMD_Format_SD_Card
                0x2000936c       0x48 ./src/SubSystemModules/Communication/SubsystemCommands/FS_Commands.o
                0x2000936c                CMD_Format_SD_Card
 .text.CMD_GenericI2C
                0x200093b4      0x144 ./src/SubSystemModules/Communication/SubsystemCommands/Maintanence_Commands.o
                0x200093b4                CMD_GenericI2C
 .text.CMD_FRAM_ReadAndTransmitt
                0x200094f8       0xe8 ./src/SubSystemModules/Communication/SubsystemCommands/Maintanence_Commands.o
                0x200094f8                CMD_FRAM_ReadAndTransmitt
 .text.CMD_FRAM_WriteAndTransmitt
                0x200095e0      0x11c ./src/SubSystemModules/Communication/SubsystemCommands/Maintanence_Commands.o
                0x200095e0                CMD_FRAM_WriteAndTransmitt
 .text.CMD_FRAM_ReStart
                0x200096fc       0x4c ./src/SubSystemModules/Communication/SubsystemCommands/Maintanence_Commands.o
                0x200096fc                CMD_FRAM_ReStart
 .text.CMD_UpdateSatTime
                0x20009748       0xa4 ./src/SubSystemModules/Communication/SubsystemCommands/Maintanence_Commands.o
                0x20009748                CMD_UpdateSatTime
 .text.CMD_GetSatUptime
                0x200097ec       0x48 ./src/SubSystemModules/Communication/SubsystemCommands/Maintanence_Commands.o
                0x200097ec                CMD_GetSatUptime
 .text.CMD_ResetComponent
                0x20009834      0x290 ./src/SubSystemModules/Communication/SubsystemCommands/Maintanence_Commands.o
                0x20009834                CMD_ResetComponent
 .text.DumpTask
                0x20009ac4      0x310 ./src/SubSystemModules/Communication/SubsystemCommands/TRXVU_Commands.o
                0x20009ac4                DumpTask
 .text.CMD_AntennaDeploy
                0x20009dd4       0xec ./src/SubSystemModules/Communication/SubsystemCommands/TRXVU_Commands.o
                0x20009dd4                CMD_AntennaDeploy
 .text.CMD_StartDump
                0x20009ec0      0x224 ./src/SubSystemModules/Communication/SubsystemCommands/TRXVU_Commands.o
                0x20009ec0                CMD_StartDump
 .text.CMD_SendDumpAbortRequest
                0x2000a0e4       0x38 ./src/SubSystemModules/Communication/SubsystemCommands/TRXVU_Commands.o
                0x2000a0e4                CMD_SendDumpAbortRequest
 .text.CMD_ForceDumpAbort
                0x2000a11c       0x3c ./src/SubSystemModules/Communication/SubsystemCommands/TRXVU_Commands.o
                0x2000a11c                CMD_ForceDumpAbort
 .text.CMD_SetTransponder
                0x2000a158      0x110 ./src/SubSystemModules/Communication/SubsystemCommands/TRXVU_Commands.o
                0x2000a158                CMD_SetTransponder
 .text.CMD_SetRSSITransponder
                0x2000a268       0x90 ./src/SubSystemModules/Communication/SubsystemCommands/TRXVU_Commands.o
                0x2000a268                CMD_SetRSSITransponder
 .text.CMD_MuteTRXVU
                0x2000a2f8       0xc4 ./src/SubSystemModules/Communication/SubsystemCommands/TRXVU_Commands.o
                0x2000a2f8                CMD_MuteTRXVU
 .text.CMD_SetIdleState
                0x2000a3bc       0x94 ./src/SubSystemModules/Communication/SubsystemCommands/TRXVU_Commands.o
                0x2000a3bc                CMD_SetIdleState
 .text.CMD_UnMuteTRXVU
                0x2000a450       0x38 ./src/SubSystemModules/Communication/SubsystemCommands/TRXVU_Commands.o
                0x2000a450                CMD_UnMuteTRXVU
 .text.CMD_GetBaudRate
                0x2000a488       0x68 ./src/SubSystemModules/Communication/SubsystemCommands/TRXVU_Commands.o
                0x2000a488                CMD_GetBaudRate
 .text.CMD_TrasmitBeacon
                0x2000a4f0       0x48 ./src/SubSystemModules/Communication/SubsystemCommands/TRXVU_Commands.o
                0x2000a4f0                CMD_TrasmitBeacon
 .text.CMD_GetBeaconInterval
                0x2000a538       0x6c ./src/SubSystemModules/Communication/SubsystemCommands/TRXVU_Commands.o
                0x2000a538                CMD_GetBeaconInterval
 .text.CMD_SetBaudRate
                0x2000a5a4       0x60 ./src/SubSystemModules/Communication/SubsystemCommands/TRXVU_Commands.o
                0x2000a5a4                CMD_SetBaudRate
 .text.CMD_GetTxUptime
                0x2000a604       0x64 ./src/SubSystemModules/Communication/SubsystemCommands/TRXVU_Commands.o
                0x2000a604                CMD_GetTxUptime
 .text.CMD_GetRxUptime
                0x2000a668       0x64 ./src/SubSystemModules/Communication/SubsystemCommands/TRXVU_Commands.o
                0x2000a668                CMD_GetRxUptime
 .text.CMD_GetNumOfOnlineCommands
                0x2000a6cc       0x64 ./src/SubSystemModules/Communication/SubsystemCommands/TRXVU_Commands.o
                0x2000a6cc                CMD_GetNumOfOnlineCommands
 .text.CMD_AntSetArmStatus
                0x2000a730       0xa0 ./src/SubSystemModules/Communication/SubsystemCommands/TRXVU_Commands.o
                0x2000a730                CMD_AntSetArmStatus
 .text.CMD_AntGetArmStatus
                0x2000a7d0       0x70 ./src/SubSystemModules/Communication/SubsystemCommands/TRXVU_Commands.o
                0x2000a7d0                CMD_AntGetArmStatus
 .text.CMD_AntGetUptime
                0x2000a840       0x78 ./src/SubSystemModules/Communication/SubsystemCommands/TRXVU_Commands.o
                0x2000a840                CMD_AntGetUptime
 .text.CMD_StopReDeployment
                0x2000a8b8       0xac ./src/SubSystemModules/Communication/SubsystemCommands/TRXVU_Commands.o
                0x2000a8b8                CMD_StopReDeployment
 .text.CMD_AntCancelDeployment
                0x2000a964       0x68 ./src/SubSystemModules/Communication/SubsystemCommands/TRXVU_Commands.o
                0x2000a964                CMD_AntCancelDeployment
 .text.SendAckPacket
                0x2000a9cc       0xe4 ./src/SubSystemModules/Communication/AckHandler.o
                0x2000a9cc                SendAckPacket
 .text.trxvu_command_router
                0x2000aab0      0x548 ./src/SubSystemModules/Communication/CommandDictionary.o
                0x2000aab0                trxvu_command_router
 .text.eps_command_router
                0x2000aff8       0xdc ./src/SubSystemModules/Communication/CommandDictionary.o
                0x2000aff8                eps_command_router
 .text.telemetry_command_router
                0x2000b0d4      0x23c ./src/SubSystemModules/Communication/CommandDictionary.o
                0x2000b0d4                telemetry_command_router
 .text.managment_command_router
                0x2000b310      0x12c ./src/SubSystemModules/Communication/CommandDictionary.o
                0x2000b310                managment_command_router
 .text.filesystem_command_router
                0x2000b43c       0x24 ./src/SubSystemModules/Communication/CommandDictionary.o
                0x2000b43c                filesystem_command_router
 .text.ParseDataToCommand
                0x2000b460      0x1ac ./src/SubSystemModules/Communication/SatCommandHandler.o
                0x2000b460                ParseDataToCommand
 .text.AssembleCommand
                0x2000b60c      0x148 ./src/SubSystemModules/Communication/SatCommandHandler.o
                0x2000b60c                AssembleCommand
 .text.GetDelayedCommand
                0x2000b754       0x24 ./src/SubSystemModules/Communication/SatCommandHandler.o
                0x2000b754                GetDelayedCommand
 .text.AddDelayedCommand
                0x2000b778       0x24 ./src/SubSystemModules/Communication/SatCommandHandler.o
                0x2000b778                AddDelayedCommand
 .text.GetDelayedCommandBufferCount
                0x2000b79c       0x50 ./src/SubSystemModules/Communication/SatCommandHandler.o
                0x2000b79c                GetDelayedCommandBufferCount
 .text.GetDelayedCommandByIndex
                0x2000b7ec       0x28 ./src/SubSystemModules/Communication/SatCommandHandler.o
                0x2000b7ec                GetDelayedCommandByIndex
 .text.DeleteDelayedCommandByIndex
                0x2000b814       0x24 ./src/SubSystemModules/Communication/SatCommandHandler.o
                0x2000b814                DeleteDelayedCommandByIndex
 .text.DeleteDelayedBuffer
                0x2000b838       0x1c ./src/SubSystemModules/Communication/SatCommandHandler.o
                0x2000b838                DeleteDelayedBuffer
 .text.ActUponCommand
                0x2000b854      0x108 ./src/SubSystemModules/Communication/SatCommandHandler.o
                0x2000b854                ActUponCommand
 .text.setMuteEndTime
                0x2000b95c       0x40 ./src/SubSystemModules/Communication/TRXVU.o
                0x2000b95c                setMuteEndTime
 .text.getMuteEndTime
                0x2000b99c       0x44 ./src/SubSystemModules/Communication/TRXVU.o
                0x2000b99c                getMuteEndTime
 .text.setTransponderEndTime
                0x2000b9e0       0x40 ./src/SubSystemModules/Communication/TRXVU.o
                0x2000b9e0                setTransponderEndTime
 .text.getTransponderEndTime
                0x2000ba20       0x44 ./src/SubSystemModules/Communication/TRXVU.o
                0x2000ba20                getTransponderEndTime
 .text.setTransponderRSSIinFRAM
                0x2000ba64       0x44 ./src/SubSystemModules/Communication/TRXVU.o
                0x2000ba64                setTransponderRSSIinFRAM
 .text.getTransponderRSSIFromFRAM
                0x2000baa8       0x4c ./src/SubSystemModules/Communication/TRXVU.o
                0x2000baa8                getTransponderRSSIFromFRAM
 .text.InitTxModule
                0x2000baf4       0x68 ./src/SubSystemModules/Communication/TRXVU.o
                0x2000baf4                InitTxModule
 .text.CMD_SetBeaconInterval
                0x2000bb5c       0xdc ./src/SubSystemModules/Communication/TRXVU.o
                0x2000bb5c                CMD_SetBeaconInterval
 .text.InitBeaconParams
                0x2000bc38       0x3c ./src/SubSystemModules/Communication/TRXVU.o
                0x2000bc38                InitBeaconParams
 .text.InitSemaphores
                0x2000bc74       0x98 ./src/SubSystemModules/Communication/TRXVU.o
                0x2000bc74                InitSemaphores
 .text.InitTrxvu
                0x2000bd0c       0xec ./src/SubSystemModules/Communication/TRXVU.o
                0x2000bd0c                InitTrxvu
 .text.checkIdleFinish
                0x2000bdf8       0x68 ./src/SubSystemModules/Communication/TRXVU.o
                0x2000bdf8                checkIdleFinish
 .text.checkTransponderFinish
                0x2000be60       0x50 ./src/SubSystemModules/Communication/TRXVU.o
                0x2000be60                checkTransponderFinish
 .text.checkTransponderStart
                0x2000beb0       0x50 ./src/SubSystemModules/Communication/TRXVU.o
                0x2000beb0                checkTransponderStart
 .text.turnOnTransponder
                0x2000bf00       0xa0 ./src/SubSystemModules/Communication/TRXVU.o
                0x2000bf00                turnOnTransponder
 .text.turnOffTransponder
                0x2000bfa0       0x90 ./src/SubSystemModules/Communication/TRXVU.o
                0x2000bfa0                turnOffTransponder
 .text.SetRSSITransponder
                0x2000c030       0x80 ./src/SubSystemModules/Communication/TRXVU.o
                0x2000c030                SetRSSITransponder
 .text.TRX_Logic
                0x2000c0b0       0xd4 ./src/SubSystemModules/Communication/TRXVU.o
                0x2000c0b0                TRX_Logic
 .text.GetNumberOfFramesInBuffer
                0x2000c184       0x5c ./src/SubSystemModules/Communication/TRXVU.o
                0x2000c184                GetNumberOfFramesInBuffer
 .text.GetOnlineCommand
                0x2000c1e0      0x17c ./src/SubSystemModules/Communication/TRXVU.o
                0x2000c1e0                GetOnlineCommand
 .text.CheckTransmitionAllowed
                0x2000c35c       0xc0 ./src/SubSystemModules/Communication/TRXVU.o
                0x2000c35c                CheckTransmitionAllowed
 .text.FinishDump
                0x2000c41c       0xf0 ./src/SubSystemModules/Communication/TRXVU.o
                0x2000c41c                FinishDump
 .text.AbortDump
                0x2000c50c       0x34 ./src/SubSystemModules/Communication/TRXVU.o
                0x2000c50c                AbortDump
 .text.SendDumpAbortRequest
                0x2000c540       0x6c ./src/SubSystemModules/Communication/TRXVU.o
                0x2000c540                SendDumpAbortRequest
 .text.CheckDumpAbort
                0x2000c5ac       0x6c ./src/SubSystemModules/Communication/TRXVU.o
                0x2000c5ac                CheckDumpAbort
 .text.BeaconLogic
                0x2000c618      0x1b8 ./src/SubSystemModules/Communication/TRXVU.o
                0x2000c618                BeaconLogic
 .text.SetIdleState
                0x2000c7d0      0x144 ./src/SubSystemModules/Communication/TRXVU.o
                0x2000c7d0                SetIdleState
 .text.muteTRXVU
                0x2000c914       0x74 ./src/SubSystemModules/Communication/TRXVU.o
                0x2000c914                muteTRXVU
 .text.UnMuteTRXVU
                0x2000c988       0x14 ./src/SubSystemModules/Communication/TRXVU.o
                0x2000c988                UnMuteTRXVU
 .text.TransmitDataAsSPL_Packet
                0x2000c99c      0x114 ./src/SubSystemModules/Communication/TRXVU.o
                0x2000c99c                TransmitDataAsSPL_Packet
 .text.TransmitSplPacket
                0x2000cab0      0x1cc ./src/SubSystemModules/Communication/TRXVU.o
                0x2000cab0                TransmitSplPacket
 .text.isFirstActivation
                0x2000cc7c       0x38 ./src/InitSystem.o
                0x2000cc7c                isFirstActivation
 .text.WriteDefaultValuesToFRAM
                0x2000ccb4      0x208 ./src/InitSystem.o
                0x2000ccb4                WriteDefaultValuesToFRAM
 .text.StartFRAM
                0x2000cebc       0x64 ./src/InitSystem.o
                0x2000cebc                StartFRAM
 .text.StartI2C
                0x2000cf20       0x38 ./src/InitSystem.o
                0x2000cf20                StartI2C
 .text.StartSPI
                0x2000cf58       0x34 ./src/InitSystem.o
                0x2000cf58                StartSPI
 .text.StartTIME
                0x2000cf8c       0xbc ./src/InitSystem.o
                0x2000cf8c                StartTIME
 .text.DeploySystem
                0x2000d048      0x1a4 ./src/InitSystem.o
                0x2000d048                DeploySystem
 .text.InitSubsystems
                0x2000d1ec       0x60 ./src/InitSystem.o
                0x2000d1ec                InitSubsystems
 .text.CMD_getInfoImage
                0x2000d24c      0x158 ./src/TLM_management.o
                0x2000d24c                CMD_getInfoImage
 .text.CMD_getDataImage
                0x2000d3a4      0x218 ./src/TLM_management.o
                0x2000d3a4                CMD_getDataImage
 .text.delete_allTMFilesFromSD
                0x2000d5bc       0x8c ./src/TLM_management.o
                0x2000d5bc                delete_allTMFilesFromSD
 .text.deleteTLMFiles
                0x2000d648       0x94 ./src/TLM_management.o
                0x2000d648                deleteTLMFiles
 .text.deleteTLMFile
                0x2000d6dc       0xcc ./src/TLM_management.o
                0x2000d6dc                deleteTLMFile
 .text.deleteTLMbyMonth
                0x2000d7a8       0xac ./src/TLM_management.o
                0x2000d7a8                deleteTLMbyMonth
 .text.deleteDirectory
                0x2000d854      0x158 ./src/TLM_management.o
                0x2000d854                deleteDirectory
 .text.InitializeFS
                0x2000d9ac       0xfc ./src/TLM_management.o
                0x2000d9ac                InitializeFS
 .text.calculateFileName
                0x2000daa8      0x130 ./src/TLM_management.o
                0x2000daa8                calculateFileName
 .text.getTlmTypeInfo
                0x2000dbd8      0x230 ./src/TLM_management.o
                0x2000dbd8                getTlmTypeInfo
 .text.write2File
                0x2000de08      0x1dc ./src/TLM_management.o
                0x2000de08                write2File
 .text.printTLM
                0x2000dfe4      0x490 ./src/TLM_management.o
                0x2000dfe4                printTLM
 .text.readTLMFile
                0x2000e474      0x328 ./src/TLM_management.o
                0x2000e474                readTLMFile
 .text.readTLMFiles
                0x2000e79c       0xdc ./src/TLM_management.o
                0x2000e79c                readTLMFiles
 .text.readTLMFileTimeRange
                0x2000e878      0x2f0 ./src/TLM_management.o
                0x2000e878                readTLMFileTimeRange
 .text.DeInitializeFS
                0x2000eb68       0x38 ./src/TLM_management.o
                0x2000eb68                DeInitializeFS
 .text.main     0x2000eba0       0x98 ./src/main.o
                0x2000eba0                main
 .text.timeU2time
                0x2000ec38       0xbc ./src/utils.o
                0x2000ec38                timeU2time
 .text.logError
                0x2000ecf4      0x134 ./src/utils.o
                0x2000ecf4                logError
 .text.clearPDCtransfers
                0x2000ee28       0xe8 C:/ISIS/workspace/ycube/GlobusSatProject/..//hal/hal/lib\libHALD.a(SPI.o)
 .text.SPI_start
                0x2000ef10      0x4b0 C:/ISIS/workspace/ycube/GlobusSatProject/..//hal/hal/lib\libHALD.a(SPI.o)
                0x2000ef10                SPI_start
 .text.SPI_stop
                0x2000f3c0      0x244 C:/ISIS/workspace/ycube/GlobusSatProject/..//hal/hal/lib\libHALD.a(SPI.o)
                0x2000f3c0                SPI_stop
 .text.SPI_queueTransfer
                0x2000f604      0x1cc C:/ISIS/workspace/ycube/GlobusSatProject/..//hal/hal/lib\libHALD.a(SPI.o)
                0x2000f604                SPI_queueTransfer
 .text.SPI_internalCallback
                0x2000f7d0       0x64 C:/ISIS/workspace/ycube/GlobusSatProject/..//hal/hal/lib\libHALD.a(SPI.o)
 .text.SPI_writeRead
                0x2000f834      0x1c0 C:/ISIS/workspace/ycube/GlobusSatProject/..//hal/hal/lib\libHALD.a(SPI.o)
                0x2000f834                SPI_writeRead
 .text.waitForTransfer
                0x2000f9f4       0x78 C:/ISIS/workspace/ycube/GlobusSatProject/..//hal/hal/lib\libHALD.a(SPI.o)
 .text.SPI_getDriverState
                0x2000fa6c       0x58 C:/ISIS/workspace/ycube/GlobusSatProject/..//hal/hal/lib\libHALD.a(SPI.o)
                0x2000fa6c                SPI_getDriverState
 .text.validateTransferParameters
                0x2000fac4      0x10c C:/ISIS/workspace/ycube/GlobusSatProject/..//hal/hal/lib\libHALD.a(I2C.o)
 .text.I2C_queueTransfer
                0x2000fbd0       0xfc C:/ISIS/workspace/ycube/GlobusSatProject/..//hal/hal/lib\libHALD.a(I2C.o)
                0x2000fbd0                I2C_queueTransfer
 .text.I2C_internalCallback
                0x2000fccc       0x64 C:/ISIS/workspace/ycube/GlobusSatProject/..//hal/hal/lib\libHALD.a(I2C.o)
 .text.I2C_doBlockingTransfer
                0x2000fd30      0x180 C:/ISIS/workspace/ycube/GlobusSatProject/..//hal/hal/lib\libHALD.a(I2C.o)
 .text.I2C_write
                0x2000feb0      0x110 C:/ISIS/workspace/ycube/GlobusSatProject/..//hal/hal/lib\libHALD.a(I2C.o)
                0x2000feb0                I2C_write
 .text.I2C_read
                0x2000ffc0      0x110 C:/ISIS/workspace/ycube/GlobusSatProject/..//hal/hal/lib\libHALD.a(I2C.o)
                0x2000ffc0                I2C_read
 .text.I2C_writeRead
                0x200100d0      0x17c C:/ISIS/workspace/ycube/GlobusSatProject/..//hal/hal/lib\libHALD.a(I2C.o)
                0x200100d0                I2C_writeRead
 .text.I2C_start
                0x2001024c      0x2e8 C:/ISIS/workspace/ycube/GlobusSatProject/..//hal/hal/lib\libHALD.a(I2C.o)
                0x2001024c                I2C_start
 .text.I2C_stop
                0x20010534      0x184 C:/ISIS/workspace/ycube/GlobusSatProject/..//hal/hal/lib\libHALD.a(I2C.o)
                0x20010534                I2C_stop
 .text.I2C_setTransferTimeout
                0x200106b8       0x48 C:/ISIS/workspace/ycube/GlobusSatProject/..//hal/hal/lib\libHALD.a(I2C.o)
                0x200106b8                I2C_setTransferTimeout
 .text.ADC_ConvertRaw10bitToMillivolt
                0x20010700       0x50 C:/ISIS/workspace/ycube/GlobusSatProject/..//hal/hal/lib\libHALD.a(ADC.o)
                0x20010700                ADC_ConvertRaw10bitToMillivolt
 .text.ADC_SingleShot
                0x20010750      0x230 C:/ISIS/workspace/ycube/GlobusSatProject/..//hal/hal/lib\libHALD.a(ADC.o)
                0x20010750                ADC_SingleShot
 .text.FRAM_start
                0x20010980      0x120 C:/ISIS/workspace/ycube/GlobusSatProject/..//hal/hal/lib\libHALD.a(FRAM.o)
                0x20010980                FRAM_start
 .text.FRAM_stop
                0x20010aa0       0x6c C:/ISIS/workspace/ycube/GlobusSatProject/..//hal/hal/lib\libHALD.a(FRAM.o)
                0x20010aa0                FRAM_stop
 .text.FRAM_dummyCallback
                0x20010b0c       0x24 C:/ISIS/workspace/ycube/GlobusSatProject/..//hal/hal/lib\libHALD.a(FRAM.o)
                0x20010b0c                FRAM_dummyCallback
 .text.FRAM_unlockingCallback
                0x20010b30       0x64 C:/ISIS/workspace/ycube/GlobusSatProject/..//hal/hal/lib\libHALD.a(FRAM.o)
                0x20010b30                FRAM_unlockingCallback
 .text.doBlockingTransfer
                0x20010b94       0x78 C:/ISIS/workspace/ycube/GlobusSatProject/..//hal/hal/lib\libHALD.a(FRAM.o)
 .text.FRAM_writePacket
                0x20010c0c      0x134 C:/ISIS/workspace/ycube/GlobusSatProject/..//hal/hal/lib\libHALD.a(FRAM.o)
 .text.FRAM_write
                0x20010d40      0x1e0 C:/ISIS/workspace/ycube/GlobusSatProject/..//hal/hal/lib\libHALD.a(FRAM.o)
                0x20010d40                FRAM_write
 .text.FRAM_readPacket
                0x20010f20       0xf0 C:/ISIS/workspace/ycube/GlobusSatProject/..//hal/hal/lib\libHALD.a(FRAM.o)
 .text.FRAM_read
                0x20011010      0x1ec C:/ISIS/workspace/ycube/GlobusSatProject/..//hal/hal/lib\libHALD.a(FRAM.o)
                0x20011010                FRAM_read
 .text.Time_start
                0x200111fc      0x170 C:/ISIS/workspace/ycube/GlobusSatProject/..//hal/hal/lib\libHALD.a(Time.o)
                0x200111fc                Time_start
 .text.taskTimeSync
                0x2001136c       0x64 C:/ISIS/workspace/ycube/GlobusSatProject/..//hal/hal/lib\libHALD.a(Time.o)
 .text.Time_convertEpochToTime
                0x200113d0      0x100 C:/ISIS/workspace/ycube/GlobusSatProject/..//hal/hal/lib\libHALD.a(Time.o)
                0x200113d0                Time_convertEpochToTime
 .text.Time_calculateSecondsOfYear
                0x200114d0       0xd8 C:/ISIS/workspace/ycube/GlobusSatProject/..//hal/hal/lib\libHALD.a(Time.o)
 .text.Time_set
                0x200115a8       0xd8 C:/ISIS/workspace/ycube/GlobusSatProject/..//hal/hal/lib\libHALD.a(Time.o)
                0x200115a8                Time_set
 .text.Time_isLeapYear
                0x20011680       0x98 C:/ISIS/workspace/ycube/GlobusSatProject/..//hal/hal/lib\libHALD.a(Time.o)
                0x20011680                Time_isLeapYear
 .text.Time_get
                0x20011718      0x478 C:/ISIS/workspace/ycube/GlobusSatProject/..//hal/hal/lib\libHALD.a(Time.o)
                0x20011718                Time_get
 .text.Time_getUnixEpoch
                0x20011b90      0x108 C:/ISIS/workspace/ycube/GlobusSatProject/..//hal/hal/lib\libHALD.a(Time.o)
                0x20011b90                Time_getUnixEpoch
 .text.Time_secondsOfYearToTime
                0x20011c98      0x33c C:/ISIS/workspace/ycube/GlobusSatProject/..//hal/hal/lib\libHALD.a(Time.o)
 .text.Time_setUnixEpoch
                0x20011fd4       0x54 C:/ISIS/workspace/ycube/GlobusSatProject/..//hal/hal/lib\libHALD.a(Time.o)
                0x20011fd4                Time_setUnixEpoch
 .text.Time_getUptimeSeconds
                0x20012028       0x28 C:/ISIS/workspace/ycube/GlobusSatProject/..//hal/hal/lib\libHALD.a(Time.o)
                0x20012028                Time_getUptimeSeconds
 .text.Time_sync
                0x20012050      0x1a8 C:/ISIS/workspace/ycube/GlobusSatProject/..//hal/hal/lib\libHALD.a(Time.o)
                0x20012050                Time_sync
 .text.Time_syncIfNeeded
                0x200121f8       0xac C:/ISIS/workspace/ycube/GlobusSatProject/..//hal/hal/lib\libHALD.a(Time.o)
                0x200121f8                Time_syncIfNeeded
 .text.WDT_start
                0x200122a4       0x48 C:/ISIS/workspace/ycube/GlobusSatProject/..//hal/hal/lib\libHALD.a(WatchDogTimerNoOS.o)
                0x200122a4                WDT_start
 .text.RTT_start
                0x200122ec       0x24 C:/ISIS/workspace/ycube/GlobusSatProject/..//hal/hal/lib\libHALD.a(RTT.o)
                0x200122ec                RTT_start
 .text.RTT_GetTime
                0x20012310       0x24 C:/ISIS/workspace/ycube/GlobusSatProject/..//hal/hal/lib\libHALD.a(RTT.o)
                0x20012310                RTT_GetTime
 .text.RTC_start
                0x20012334       0x3c C:/ISIS/workspace/ycube/GlobusSatProject/..//hal/hal/lib\libHALD.a(RTC.o)
                0x20012334                RTC_start
 .text.RTC_setTime
                0x20012370      0x2a4 C:/ISIS/workspace/ycube/GlobusSatProject/..//hal/hal/lib\libHALD.a(RTC.o)
                0x20012370                RTC_setTime
 .text.RTC_getTime
                0x20012614      0x230 C:/ISIS/workspace/ycube/GlobusSatProject/..//hal/hal/lib\libHALD.a(RTC.o)
                0x20012614                RTC_getTime
 .text.RTC_checkTimeValid
                0x20012844       0xd8 C:/ISIS/workspace/ycube/GlobusSatProject/..//hal/hal/lib\libHALD.a(RTC.o)
                0x20012844                RTC_checkTimeValid
 .text.WDT_startWatchdogKickTask
                0x2001291c       0xb4 C:/ISIS/workspace/ycube/GlobusSatProject/..//hal/hal/lib\libHALD.a(WatchDogTimerOS.o)
                0x2001291c                WDT_startWatchdogKickTask
 .text.WDT_forceKickEveryNms
                0x200129d0       0x50 C:/ISIS/workspace/ycube/GlobusSatProject/..//hal/hal/lib\libHALD.a(WatchDogTimerOS.o)
                0x200129d0                WDT_forceKickEveryNms
 .text.f_puts   0x20012a20       0x80 C:/ISIS/workspace/ycube/GlobusSatProject/..//hal/hal/lib\libHALD.a(fprintf.o)
                0x20012a20                f_puts
 .text.UTIL_DbguGetInteger
                0x20012aa0      0x168 C:/ISIS/workspace/ycube/GlobusSatProject/..//hal/hal/lib\libHALD.a(util.o)
                0x20012aa0                UTIL_DbguGetInteger
 .text.UTIL_DbguGetIntegerMinMax
                0x20012c08       0xa4 C:/ISIS/workspace/ycube/GlobusSatProject/..//hal/hal/lib\libHALD.a(util.o)
                0x20012c08                UTIL_DbguGetIntegerMinMax
 .text.LED_glow
                0x20012cac       0x58 C:/ISIS/workspace/ycube/GlobusSatProject/..//hal/hal/lib\libHALD.a(LED.o)
                0x20012cac                LED_glow
 .text.LED_dark
                0x20012d04       0x58 C:/ISIS/workspace/ycube/GlobusSatProject/..//hal/hal/lib\libHALD.a(LED.o)
                0x20012d04                LED_dark
 .text.LED_toggle
                0x20012d5c       0x50 C:/ISIS/workspace/ycube/GlobusSatProject/..//hal/hal/lib\libHALD.a(LED.o)
                0x20012d5c                LED_toggle
 .text.fm_initvolume
                0x20012dac       0x70 C:/ISIS/workspace/ycube/GlobusSatProject/..//hal/hcc/lib\libHCCD.a(fat_m.o)
                0x20012dac                fm_initvolume
 .text.fm_delvolume
                0x20012e1c       0x60 C:/ISIS/workspace/ycube/GlobusSatProject/..//hal/hcc/lib\libHCCD.a(fat_m.o)
                0x20012e1c                fm_delvolume
 .text.fm_format
                0x20012e7c       0x68 C:/ISIS/workspace/ycube/GlobusSatProject/..//hal/hcc/lib\libHCCD.a(fat_m.o)
                0x20012e7c                fm_format
 .text.fm_getdrive
                0x20012ee4       0x70 C:/ISIS/workspace/ycube/GlobusSatProject/..//hal/hcc/lib\libHCCD.a(fat_m.o)
                0x20012ee4                fm_getdrive
 .text.fm_getfreespace
                0x20012f54       0x68 C:/ISIS/workspace/ycube/GlobusSatProject/..//hal/hcc/lib\libHCCD.a(fat_m.o)
                0x20012f54                fm_getfreespace
 .text.fm_mkdir
                0x20012fbc       0x60 C:/ISIS/workspace/ycube/GlobusSatProject/..//hal/hcc/lib\libHCCD.a(fat_m.o)
                0x20012fbc                fm_mkdir
 .text.fm_rmdir
                0x2001301c       0x60 C:/ISIS/workspace/ycube/GlobusSatProject/..//hal/hcc/lib\libHCCD.a(fat_m.o)
                0x2001301c                fm_rmdir
 .text.fm_findfirst
                0x2001307c       0x68 C:/ISIS/workspace/ycube/GlobusSatProject/..//hal/hcc/lib\libHCCD.a(fat_m.o)
                0x2001307c                fm_findfirst
 .text.fm_findnext
                0x200130e4       0x60 C:/ISIS/workspace/ycube/GlobusSatProject/..//hal/hcc/lib\libHCCD.a(fat_m.o)
                0x200130e4                fm_findnext
 .text.fm_close
                0x20013144       0x60 C:/ISIS/workspace/ycube/GlobusSatProject/..//hal/hcc/lib\libHCCD.a(fat_m.o)
                0x20013144                fm_close
 .text.fm_flush
                0x200131a4       0x60 C:/ISIS/workspace/ycube/GlobusSatProject/..//hal/hcc/lib\libHCCD.a(fat_m.o)
                0x200131a4                fm_flush
 .text.fm_open  0x20013204       0x68 C:/ISIS/workspace/ycube/GlobusSatProject/..//hal/hcc/lib\libHCCD.a(fat_m.o)
                0x20013204                fm_open
 .text.fm_read  0x2001326c       0x7c C:/ISIS/workspace/ycube/GlobusSatProject/..//hal/hcc/lib\libHCCD.a(fat_m.o)
                0x2001326c                fm_read
 .text.fm_write
                0x200132e8       0x7c C:/ISIS/workspace/ycube/GlobusSatProject/..//hal/hcc/lib\libHCCD.a(fat_m.o)
                0x200132e8                fm_write
 .text.fm_seek  0x20013364       0x70 C:/ISIS/workspace/ycube/GlobusSatProject/..//hal/hcc/lib\libHCCD.a(fat_m.o)
                0x20013364                fm_seek
 .text.fm_tell  0x200133d4       0x60 C:/ISIS/workspace/ycube/GlobusSatProject/..//hal/hcc/lib\libHCCD.a(fat_m.o)
                0x200133d4                fm_tell
 .text.fm_putc  0x20013434       0x68 C:/ISIS/workspace/ycube/GlobusSatProject/..//hal/hcc/lib\libHCCD.a(fat_m.o)
                0x20013434                fm_putc
 .text.fm_rewind
                0x2001349c       0x60 C:/ISIS/workspace/ycube/GlobusSatProject/..//hal/hcc/lib\libHCCD.a(fat_m.o)
                0x2001349c                fm_rewind
 .text.fm_delete
                0x200134fc       0x64 C:/ISIS/workspace/ycube/GlobusSatProject/..//hal/hcc/lib\libHCCD.a(fat_m.o)
                0x200134fc                fm_delete
 .text.fm_getlasterror
                0x20013560       0x40 C:/ISIS/workspace/ycube/GlobusSatProject/..//hal/hcc/lib\libHCCD.a(fat_m.o)
                0x20013560                fm_getlasterror
 .text._f_invalidatedir
                0x200135a0       0x28 C:/ISIS/workspace/ycube/GlobusSatProject/..//hal/hcc/lib\libHCCD.a(fat.o)
                0x200135a0                _f_invalidatedir
 .text._f_getdirsector
                0x200135c8       0x88 C:/ISIS/workspace/ycube/GlobusSatProject/..//hal/hcc/lib\libHCCD.a(fat.o)
                0x200135c8                _f_getdirsector
 .text._f_writedirsector
                0x20013650       0x74 C:/ISIS/workspace/ycube/GlobusSatProject/..//hal/hcc/lib\libHCCD.a(fat.o)
                0x20013650                _f_writedirsector
 .text._f_checknameinv
                0x200136c4      0x180 C:/ISIS/workspace/ycube/GlobusSatProject/..//hal/hcc/lib\libHCCD.a(fat.o)
 .text._f_checkname
                0x20013844       0x7c C:/ISIS/workspace/ycube/GlobusSatProject/..//hal/hcc/lib\libHCCD.a(fat.o)
 .text._f_checknamewc
                0x200138c0       0xf8 C:/ISIS/workspace/ycube/GlobusSatProject/..//hal/hcc/lib\libHCCD.a(fat.o)
 .text._f_setnameext
                0x200139b8      0x300 C:/ISIS/workspace/ycube/GlobusSatProject/..//hal/hcc/lib\libHCCD.a(fat.o)
 .text._f_setfsname
                0x20013cb8      0x584 C:/ISIS/workspace/ycube/GlobusSatProject/..//hal/hcc/lib\libHCCD.a(fat.o)
 .text._f_findfile
                0x2001423c      0x30c C:/ISIS/workspace/ycube/GlobusSatProject/..//hal/hcc/lib\libHCCD.a(fat.o)
 .text._f_cmp_wname
                0x20014548      0x274 C:/ISIS/workspace/ycube/GlobusSatProject/..//hal/hcc/lib\libHCCD.a(fat.o)
 .text._f_to_string
                0x200147bc      0x130 C:/ISIS/workspace/ycube/GlobusSatProject/..//hal/hcc/lib\libHCCD.a(fat.o)
 .text._f_findfilewc
                0x200148ec      0x278 C:/ISIS/workspace/ycube/GlobusSatProject/..//hal/hcc/lib\libHCCD.a(fat.o)
 .text._f_getfilename
                0x20014b64      0x20c C:/ISIS/workspace/ycube/GlobusSatProject/..//hal/hcc/lib\libHCCD.a(fat.o)
 .text._f_findpath
                0x20014d70      0x35c C:/ISIS/workspace/ycube/GlobusSatProject/..//hal/hcc/lib\libHCCD.a(fat.o)
 .text.fn_getdcwd
                0x200150cc      0x1e0 C:/ISIS/workspace/ycube/GlobusSatProject/..//hal/hcc/lib\libHCCD.a(fat.o)
                0x200150cc                fn_getdcwd
 .text.fn_findfirst
                0x200152ac      0x13c C:/ISIS/workspace/ycube/GlobusSatProject/..//hal/hcc/lib\libHCCD.a(fat.o)
                0x200152ac                fn_findfirst
 .text.fn_findnext
                0x200153e8      0x360 C:/ISIS/workspace/ycube/GlobusSatProject/..//hal/hcc/lib\libHCCD.a(fat.o)
                0x200153e8                fn_findnext
 .text._f_lock_resfile
                0x20015748       0x6c C:/ISIS/workspace/ycube/GlobusSatProject/..//hal/hcc/lib\libHCCD.a(fat.o)
 .text._f_unlock_resfile
                0x200157b4       0x40 C:/ISIS/workspace/ycube/GlobusSatProject/..//hal/hcc/lib\libHCCD.a(fat.o)
 .text._f_getintfile
                0x200157f4      0x124 C:/ISIS/workspace/ycube/GlobusSatProject/..//hal/hcc/lib\libHCCD.a(fat.o)
 .text._f_addentry
                0x20015918      0x540 C:/ISIS/workspace/ycube/GlobusSatProject/..//hal/hcc/lib\libHCCD.a(fat.o)
 .text.fn_mkdir
                0x20015e58      0x75c C:/ISIS/workspace/ycube/GlobusSatProject/..//hal/hcc/lib\libHCCD.a(fat.o)
                0x20015e58                fn_mkdir
 .text.fn_open_sub
                0x200165b4     0x1698 C:/ISIS/workspace/ycube/GlobusSatProject/..//hal/hcc/lib\libHCCD.a(fat.o)
 .text.fn_open  0x20017c4c       0x44 C:/ISIS/workspace/ycube/GlobusSatProject/..//hal/hcc/lib\libHCCD.a(fat.o)
                0x20017c4c                fn_open
 .text.fn_delete
                0x20017c90      0x490 C:/ISIS/workspace/ycube/GlobusSatProject/..//hal/hcc/lib\libHCCD.a(fat.o)
                0x20017c90                fn_delete
 .text.fn_rmdir
                0x20018120      0x5ac C:/ISIS/workspace/ycube/GlobusSatProject/..//hal/hcc/lib\libHCCD.a(fat.o)
                0x20018120                fn_rmdir
 .text.fn_init  0x200186cc      0x2dc C:/ISIS/workspace/ycube/GlobusSatProject/..//hal/hcc/lib\libHCCD.a(fat_common.o)
                0x200186cc                fn_init
 .text.fn_start
                0x200189a8       0x1c C:/ISIS/workspace/ycube/GlobusSatProject/..//hal/hcc/lib\libHCCD.a(fat_common.o)
                0x200189a8                fn_start
 .text.fsn_delete
                0x200189c4       0xc8 C:/ISIS/workspace/ycube/GlobusSatProject/..//hal/hcc/lib\libHCCD.a(fat_common.o)
                0x200189c4                fsn_delete
 .text._f_get16bitl
                0x20018a8c       0x4c C:/ISIS/workspace/ycube/GlobusSatProject/..//hal/hcc/lib\libHCCD.a(fat_common.o)
                0x20018a8c                _f_get16bitl
 .text._f_set16bitl
                0x20018ad8       0x54 C:/ISIS/workspace/ycube/GlobusSatProject/..//hal/hcc/lib\libHCCD.a(fat_common.o)
                0x20018ad8                _f_set16bitl
 .text._f_get32bitl
                0x20018b2c       0x68 C:/ISIS/workspace/ycube/GlobusSatProject/..//hal/hcc/lib\libHCCD.a(fat_common.o)
                0x20018b2c                _f_get32bitl
 .text._f_set32bitl
                0x20018b94       0x78 C:/ISIS/workspace/ycube/GlobusSatProject/..//hal/hcc/lib\libHCCD.a(fat_common.o)
                0x20018b94                _f_set32bitl
 .text._get8bit
                0x20018c0c       0xa0 C:/ISIS/workspace/ycube/GlobusSatProject/..//hal/hcc/lib\libHCCD.a(fat_common.o)
 .text._get16bitl
                0x20018cac       0x40 C:/ISIS/workspace/ycube/GlobusSatProject/..//hal/hcc/lib\libHCCD.a(fat_common.o)
 .text._get32bitl
                0x20018cec       0x3c C:/ISIS/workspace/ycube/GlobusSatProject/..//hal/hcc/lib\libHCCD.a(fat_common.o)
 .text._set8bitzero
                0x20018d28       0x6c C:/ISIS/workspace/ycube/GlobusSatProject/..//hal/hcc/lib\libHCCD.a(fat_common.o)
 .text._set8bit
                0x20018d94       0xa0 C:/ISIS/workspace/ycube/GlobusSatProject/..//hal/hcc/lib\libHCCD.a(fat_common.o)
 .text._set16bitl
                0x20018e34       0x3c C:/ISIS/workspace/ycube/GlobusSatProject/..//hal/hcc/lib\libHCCD.a(fat_common.o)
 .text._set32bitl
                0x20018e70       0x34 C:/ISIS/workspace/ycube/GlobusSatProject/..//hal/hcc/lib\libHCCD.a(fat_common.o)
 .text._f_setcardremoved
                0x20018ea4       0x94 C:/ISIS/workspace/ycube/GlobusSatProject/..//hal/hcc/lib\libHCCD.a(fat_common.o)
 .text._f_checkstatus
                0x20018f38      0x104 C:/ISIS/workspace/ycube/GlobusSatProject/..//hal/hcc/lib\libHCCD.a(fat_common.o)
                0x20018f38                _f_checkstatus
 .text._f_drvgetphy
                0x2001903c      0x114 C:/ISIS/workspace/ycube/GlobusSatProject/..//hal/hcc/lib\libHCCD.a(fat_common.o)
 .text._f_drvwritesector
                0x20019150       0xdc C:/ISIS/workspace/ycube/GlobusSatProject/..//hal/hcc/lib\libHCCD.a(fat_common.o)
 .text._f_drvreadsector
                0x2001922c       0xa8 C:/ISIS/workspace/ycube/GlobusSatProject/..//hal/hcc/lib\libHCCD.a(fat_common.o)
 .text._f_writesector
                0x200192d4      0x23c C:/ISIS/workspace/ycube/GlobusSatProject/..//hal/hcc/lib\libHCCD.a(fat_common.o)
                0x200192d4                _f_writesector
 .text._f_readsector
                0x20019510      0x1dc C:/ISIS/workspace/ycube/GlobusSatProject/..//hal/hcc/lib\libHCCD.a(fat_common.o)
                0x20019510                _f_readsector
 .text._f_getmaxcluster
                0x200196ec       0x94 C:/ISIS/workspace/ycube/GlobusSatProject/..//hal/hcc/lib\libHCCD.a(fat_common.o)
                0x200196ec                _f_getmaxcluster
 .text._getsectorfromcluster
                0x20019780       0x68 C:/ISIS/workspace/ycube/GlobusSatProject/..//hal/hcc/lib\libHCCD.a(fat_common.o)
 .text._f_buildsectors
                0x200197e8      0x268 C:/ISIS/workspace/ycube/GlobusSatProject/..//hal/hcc/lib\libHCCD.a(fat_common.o)
 .text._f_getbootrecord
                0x20019a50      0x5e4 C:/ISIS/workspace/ycube/GlobusSatProject/..//hal/hcc/lib\libHCCD.a(fat_common.o)
 .text._f_readbootrecord
                0x2001a034      0x4f8 C:/ISIS/workspace/ycube/GlobusSatProject/..//hal/hcc/lib\libHCCD.a(fat_common.o)
 .text._f_writebootrecord
                0x2001a52c      0x5e4 C:/ISIS/workspace/ycube/GlobusSatProject/..//hal/hcc/lib\libHCCD.a(fat_common.o)
 .text._f_flushcffiles
                0x2001ab10      0x17c C:/ISIS/workspace/ycube/GlobusSatProject/..//hal/hcc/lib\libHCCD.a(fat_common.o)
                0x2001ab10                _f_flushcffiles
 .text._f_fatcache_flush
                0x2001ac8c      0x270 C:/ISIS/workspace/ycube/GlobusSatProject/..//hal/hcc/lib\libHCCD.a(fat_common.o)
                0x2001ac8c                _f_fatcache_flush
 .text._f_writefatsector
                0x2001aefc      0x100 C:/ISIS/workspace/ycube/GlobusSatProject/..//hal/hcc/lib\libHCCD.a(fat_common.o)
                0x2001aefc                _f_writefatsector
 .text._f_getfatsector
                0x2001affc      0x3bc C:/ISIS/workspace/ycube/GlobusSatProject/..//hal/hcc/lib\libHCCD.a(fat_common.o)
 .text._f_setclustervalue
                0x2001b3b8      0x490 C:/ISIS/workspace/ycube/GlobusSatProject/..//hal/hcc/lib\libHCCD.a(fat_common.o)
                0x2001b3b8                _f_setclustervalue
 .text._f_getclustervalue
                0x2001b848      0x388 C:/ISIS/workspace/ycube/GlobusSatProject/..//hal/hcc/lib\libHCCD.a(fat_common.o)
                0x2001b848                _f_getclustervalue
 .text._f_close_drive_files
                0x2001bbd0       0xac C:/ISIS/workspace/ycube/GlobusSatProject/..//hal/hcc/lib\libHCCD.a(fat_common.o)
 .text._f_inc_mount_count
                0x2001bc7c       0xa4 C:/ISIS/workspace/ycube/GlobusSatProject/..//hal/hcc/lib\libHCCD.a(fat_common.o)
 .text._f_getvolume
                0x2001bd20      0x2f8 C:/ISIS/workspace/ycube/GlobusSatProject/..//hal/hcc/lib\libHCCD.a(fat_common.o)
                0x2001bd20                _f_getvolume
 .text.fn_createdriver
                0x2001c018      0x118 C:/ISIS/workspace/ycube/GlobusSatProject/..//hal/hcc/lib\libHCCD.a(fat_common.o)
                0x2001c018                fn_createdriver
 .text.fn_initvolume
                0x2001c130      0x12c C:/ISIS/workspace/ycube/GlobusSatProject/..//hal/hcc/lib\libHCCD.a(fat_common.o)
                0x2001c130                fn_initvolume
 .text.fn_releasedriver
                0x2001c25c       0xf4 C:/ISIS/workspace/ycube/GlobusSatProject/..//hal/hcc/lib\libHCCD.a(fat_common.o)
                0x2001c25c                fn_releasedriver
 .text.fn_initvolumepartition_sub
                0x2001c350       0xe0 C:/ISIS/workspace/ycube/GlobusSatProject/..//hal/hcc/lib\libHCCD.a(fat_common.o)
 .text.fn_initvolumepartition
                0x2001c430       0xac C:/ISIS/workspace/ycube/GlobusSatProject/..//hal/hcc/lib\libHCCD.a(fat_common.o)
                0x2001c430                fn_initvolumepartition
 .text.fn_delvolume
                0x2001c4dc      0x194 C:/ISIS/workspace/ycube/GlobusSatProject/..//hal/hcc/lib\libHCCD.a(fat_common.o)
                0x2001c4dc                fn_delvolume
 .text._f_clustertopos
                0x2001c670       0xf8 C:/ISIS/workspace/ycube/GlobusSatProject/..//hal/hcc/lib\libHCCD.a(fat_common.o)
                0x2001c670                _f_clustertopos
 .text._f_prepareformat
                0x2001c768      0x8b8 C:/ISIS/workspace/ycube/GlobusSatProject/..//hal/hcc/lib\libHCCD.a(fat_common.o)
 .text._f_resetfatentries
                0x2001d020      0x410 C:/ISIS/workspace/ycube/GlobusSatProject/..//hal/hcc/lib\libHCCD.a(fat_common.o)
 .text._f_resetrootdir
                0x2001d430       0xcc C:/ISIS/workspace/ycube/GlobusSatProject/..//hal/hcc/lib\libHCCD.a(fat_common.o)
 .text._f_postformat
                0x2001d4fc      0x178 C:/ISIS/workspace/ycube/GlobusSatProject/..//hal/hcc/lib\libHCCD.a(fat_common.o)
 .text.fn_format
                0x2001d674      0x148 C:/ISIS/workspace/ycube/GlobusSatProject/..//hal/hcc/lib\libHCCD.a(fat_common.o)
                0x2001d674                fn_format
 .text._f_getcurrsector
                0x2001d7bc      0x6c8 C:/ISIS/workspace/ycube/GlobusSatProject/..//hal/hcc/lib\libHCCD.a(fat_common.o)
                0x2001d7bc                _f_getcurrsector
 .text._f_getdecluster
                0x2001de84       0x90 C:/ISIS/workspace/ycube/GlobusSatProject/..//hal/hcc/lib\libHCCD.a(fat_common.o)
                0x2001de84                _f_getdecluster
 .text._f_setdecluster
                0x2001df14       0x8c C:/ISIS/workspace/ycube/GlobusSatProject/..//hal/hcc/lib\libHCCD.a(fat_common.o)
                0x2001df14                _f_setdecluster
 .text.fn_getdrive
                0x2001dfa0       0x30 C:/ISIS/workspace/ycube/GlobusSatProject/..//hal/hcc/lib\libHCCD.a(fat_common.o)
                0x2001dfa0                fn_getdrive
 .text._f_getcurrenttimedate
                0x2001dfd0      0x138 C:/ISIS/workspace/ycube/GlobusSatProject/..//hal/hcc/lib\libHCCD.a(fat_common.o)
                0x2001dfd0                _f_getcurrenttimedate
 .text._f_initentry
                0x2001e108       0xa0 C:/ISIS/workspace/ycube/GlobusSatProject/..//hal/hcc/lib\libHCCD.a(fat_common.o)
                0x2001e108                _f_initentry
 .text._f_alloccluster
                0x2001e1a8      0x344 C:/ISIS/workspace/ycube/GlobusSatProject/..//hal/hcc/lib\libHCCD.a(fat_common.o)
                0x2001e1a8                _f_alloccluster
 .text._f_dobadblock
                0x2001e4ec      0x2cc C:/ISIS/workspace/ycube/GlobusSatProject/..//hal/hcc/lib\libHCCD.a(fat_common.o)
                0x2001e4ec                _f_dobadblock
 .text._f_checklocked
                0x2001e7b8       0xe4 C:/ISIS/workspace/ycube/GlobusSatProject/..//hal/hcc/lib\libHCCD.a(fat_common.o)
                0x2001e7b8                _f_checklocked
 .text._f_checkappendlocked
                0x2001e89c      0x110 C:/ISIS/workspace/ycube/GlobusSatProject/..//hal/hcc/lib\libHCCD.a(fat_common.o)
                0x2001e89c                _f_checkappendlocked
 .text._f_setsyncafile
                0x2001e9ac      0x114 C:/ISIS/workspace/ycube/GlobusSatProject/..//hal/hcc/lib\libHCCD.a(fat_common.o)
                0x2001e9ac                _f_setsyncafile
 .text._f_syncfiles
                0x2001eac0      0x128 C:/ISIS/workspace/ycube/GlobusSatProject/..//hal/hcc/lib\libHCCD.a(fat_common.o)
                0x2001eac0                _f_syncfiles
 .text._f_syncfilescontent
                0x2001ebe8      0x15c C:/ISIS/workspace/ycube/GlobusSatProject/..//hal/hcc/lib\libHCCD.a(fat_common.o)
 .text.fn_getfreespace
                0x2001ed44      0x4c0 C:/ISIS/workspace/ycube/GlobusSatProject/..//hal/hcc/lib\libHCCD.a(fat_common.o)
                0x2001ed44                fn_getfreespace
 .text._f_emptywritecache
                0x2001f204      0x4a4 C:/ISIS/workspace/ycube/GlobusSatProject/..//hal/hcc/lib\libHCCD.a(fat_common.o)
 .text._f_allocnextcluster
                0x2001f6a8      0x54c C:/ISIS/workspace/ycube/GlobusSatProject/..//hal/hcc/lib\libHCCD.a(fat_common.o)
 .text._f_emptywritebuffer
                0x2001fbf4      0x20c C:/ISIS/workspace/ycube/GlobusSatProject/..//hal/hcc/lib\libHCCD.a(fat_common.o)
 .text._f_writezeros
                0x2001fe00       0xf0 C:/ISIS/workspace/ycube/GlobusSatProject/..//hal/hcc/lib\libHCCD.a(fat_common.o)
                0x2001fe00                _f_writezeros
 .text._f_extend_file
                0x2001fef0      0x570 C:/ISIS/workspace/ycube/GlobusSatProject/..//hal/hcc/lib\libHCCD.a(fat_common.o)
 .text._f_fseek
                0x20020460      0x9bc C:/ISIS/workspace/ycube/GlobusSatProject/..//hal/hcc/lib\libHCCD.a(fat_common.o)
                0x20020460                _f_fseek
 .text._f_removechain
                0x20020e1c      0x104 C:/ISIS/workspace/ycube/GlobusSatProject/..//hal/hcc/lib\libHCCD.a(fat_common.o)
                0x20020e1c                _f_removechain
 .text._f_updatefileentry
                0x20020f20      0x1cc C:/ISIS/workspace/ycube/GlobusSatProject/..//hal/hcc/lib\libHCCD.a(fat_common.o)
 .text._f_checkreadlocked
                0x200210ec      0x1bc C:/ISIS/workspace/ycube/GlobusSatProject/..//hal/hcc/lib\libHCCD.a(fat_common.o)
                0x200210ec                _f_checkreadlocked
 .text._f_check_handle
                0x200212a8       0x98 C:/ISIS/workspace/ycube/GlobusSatProject/..//hal/hcc/lib\libHCCD.a(fat_common.o)
                0x200212a8                _f_check_handle
 .text._f_removesyncafile
                0x20021340      0x1ec C:/ISIS/workspace/ycube/GlobusSatProject/..//hal/hcc/lib\libHCCD.a(fat_common.o)
 .text.fn_close
                0x2002152c      0x3f8 C:/ISIS/workspace/ycube/GlobusSatProject/..//hal/hcc/lib\libHCCD.a(fat_common.o)
                0x2002152c                fn_close
 .text.fn_flush
                0x20021924      0x374 C:/ISIS/workspace/ycube/GlobusSatProject/..//hal/hcc/lib\libHCCD.a(fat_common.o)
                0x20021924                fn_flush
 .text.fn_read  0x20021c98      0x690 C:/ISIS/workspace/ycube/GlobusSatProject/..//hal/hcc/lib\libHCCD.a(fat_common.o)
                0x20021c98                fn_read
 .text._f_abortwrite
                0x20022328      0x100 C:/ISIS/workspace/ycube/GlobusSatProject/..//hal/hcc/lib\libHCCD.a(fat_common.o)
 .text._f_checkwritecluster
                0x20022428       0xe4 C:/ISIS/workspace/ycube/GlobusSatProject/..//hal/hcc/lib\libHCCD.a(fat_common.o)
 .text.fn_write
                0x2002250c      0x8a8 C:/ISIS/workspace/ycube/GlobusSatProject/..//hal/hcc/lib\libHCCD.a(fat_common.o)
                0x2002250c                fn_write
 .text.fn_seek  0x20022db4      0x270 C:/ISIS/workspace/ycube/GlobusSatProject/..//hal/hcc/lib\libHCCD.a(fat_common.o)
                0x20022db4                fn_seek
 .text.fn_tell  0x20023024      0x19c C:/ISIS/workspace/ycube/GlobusSatProject/..//hal/hcc/lib\libHCCD.a(fat_common.o)
                0x20023024                fn_tell
 .text.fn_rewind
                0x200231c0       0x38 C:/ISIS/workspace/ycube/GlobusSatProject/..//hal/hcc/lib\libHCCD.a(fat_common.o)
                0x200231c0                fn_rewind
 .text.fn_putc  0x200231f8       0x68 C:/ISIS/workspace/ycube/GlobusSatProject/..//hal/hcc/lib\libHCCD.a(fat_common.o)
                0x200231f8                fn_putc
 .text.f_enterFS
                0x20023260      0x1c0 C:/ISIS/workspace/ycube/GlobusSatProject/..//hal/hcc/lib\libHCCD.a(fat_common.o)
                0x20023260                f_enterFS
 .text.f_releaseFS
                0x20023420       0xb0 C:/ISIS/workspace/ycube/GlobusSatProject/..//hal/hcc/lib\libHCCD.a(fat_common.o)
                0x20023420                f_releaseFS
 .text.fnGetTask
                0x200234d0       0xfc C:/ISIS/workspace/ycube/GlobusSatProject/..//hal/hcc/lib\libHCCD.a(fat_common.o)
                0x200234d0                fnGetTask
 .text._f_mutex_get
                0x200235cc       0x98 C:/ISIS/workspace/ycube/GlobusSatProject/..//hal/hcc/lib\libHCCD.a(fat_common.o)
                0x200235cc                _f_mutex_get
 .text._f_mutex_put
                0x20023664       0x54 C:/ISIS/workspace/ycube/GlobusSatProject/..//hal/hcc/lib\libHCCD.a(fat_common.o)
                0x20023664                _f_mutex_put
 .text._fn_initseekdivisor
                0x200236b8      0x158 C:/ISIS/workspace/ycube/GlobusSatProject/..//hal/hcc/lib\libHCCD.a(fat_common.o)
                0x200236b8                _fn_initseekdivisor
 .text._fn_updateseekpos
                0x20023810       0xc4 C:/ISIS/workspace/ycube/GlobusSatProject/..//hal/hcc/lib\libHCCD.a(fat_common.o)
 .text._f_findopensize
                0x200238d4       0x2c C:/ISIS/workspace/ycube/GlobusSatProject/..//hal/hcc/lib\libHCCD.a(fat_common.o)
                0x200238d4                _f_findopensize
 .text.fn_setlasterror
                0x20023900       0x34 C:/ISIS/workspace/ycube/GlobusSatProject/..//hal/hcc/lib\libHCCD.a(fat_common.o)
                0x20023900                fn_setlasterror
 .text.fn_setlasterror_noret
                0x20023934       0x2c C:/ISIS/workspace/ycube/GlobusSatProject/..//hal/hcc/lib\libHCCD.a(fat_common.o)
                0x20023934                fn_setlasterror_noret
 .text._s_checkzeroclusteratend
                0x20023960       0xf8 C:/ISIS/workspace/ycube/GlobusSatProject/..//hal/hcc/lib\libHCCD.a(safefat.o)
 .text._s_clearclustercontent
                0x20023a58      0x108 C:/ISIS/workspace/ycube/GlobusSatProject/..//hal/hcc/lib\libHCCD.a(safefat.o)
 .text._s_clearclustercontentdir
                0x20023b60      0x19c C:/ISIS/workspace/ycube/GlobusSatProject/..//hal/hcc/lib\libHCCD.a(safefat.o)
 .text._s_writedirsector
                0x20023cfc       0xd0 C:/ISIS/workspace/ycube/GlobusSatProject/..//hal/hcc/lib\libHCCD.a(safefat.o)
 .text._s_getdirsector
                0x20023dcc      0x100 C:/ISIS/workspace/ycube/GlobusSatProject/..//hal/hcc/lib\libHCCD.a(safefat.o)
 .text._s_addentry
                0x20023ecc      0x394 C:/ISIS/workspace/ycube/GlobusSatProject/..//hal/hcc/lib\libHCCD.a(safefat.o)
 .text._s_findfile
                0x20024260      0x33c C:/ISIS/workspace/ycube/GlobusSatProject/..//hal/hcc/lib\libHCCD.a(safefat.o)
 .text._s_findsubdir
                0x2002459c      0x248 C:/ISIS/workspace/ycube/GlobusSatProject/..//hal/hcc/lib\libHCCD.a(safefat.o)
 .text._s_createfile
                0x200247e4      0x190 C:/ISIS/workspace/ycube/GlobusSatProject/..//hal/hcc/lib\libHCCD.a(safefat.o)
 .text._s_findsaffile
                0x20024974      0x1b8 C:/ISIS/workspace/ycube/GlobusSatProject/..//hal/hcc/lib\libHCCD.a(safefat.o)
 .text._s_open  0x20024b2c       0xe4 C:/ISIS/workspace/ycube/GlobusSatProject/..//hal/hcc/lib\libHCCD.a(safefat.o)
 .text._s_open_saf
                0x20024c10       0xe8 C:/ISIS/workspace/ycube/GlobusSatProject/..//hal/hcc/lib\libHCCD.a(safefat.o)
 .text._s_flush
                0x20024cf8       0x84 C:/ISIS/workspace/ycube/GlobusSatProject/..//hal/hcc/lib\libHCCD.a(safefat.o)
 .text._s_allocnextcluster
                0x20024d7c      0x13c C:/ISIS/workspace/ycube/GlobusSatProject/..//hal/hcc/lib\libHCCD.a(safefat.o)
 .text._s_getnextsector
                0x20024eb8       0xdc C:/ISIS/workspace/ycube/GlobusSatProject/..//hal/hcc/lib\libHCCD.a(safefat.o)
 .text._s_seek  0x20024f94      0x1e8 C:/ISIS/workspace/ycube/GlobusSatProject/..//hal/hcc/lib\libHCCD.a(safefat.o)
 .text._s_get_len
                0x2002517c      0x10c C:/ISIS/workspace/ycube/GlobusSatProject/..//hal/hcc/lib\libHCCD.a(safefat.o)
 .text._s_set_len
                0x20025288       0xb4 C:/ISIS/workspace/ycube/GlobusSatProject/..//hal/hcc/lib\libHCCD.a(safefat.o)
 .text.safe_fix_filelengths
                0x2002533c       0xcc C:/ISIS/workspace/ycube/GlobusSatProject/..//hal/hcc/lib\libHCCD.a(safefat.o)
                0x2002533c                safe_fix_filelengths
 .text._s_read  0x20025408      0x228 C:/ISIS/workspace/ycube/GlobusSatProject/..//hal/hcc/lib\libHCCD.a(safefat.o)
 .text._s_write
                0x20025630      0x384 C:/ISIS/workspace/ycube/GlobusSatProject/..//hal/hcc/lib\libHCCD.a(safefat.o)
 .text._s_restoreclusters
                0x200259b4      0x270 C:/ISIS/workspace/ycube/GlobusSatProject/..//hal/hcc/lib\libHCCD.a(safefat.o)
                0x200259b4                _s_restoreclusters
 .text._s_findrestore
                0x20025c24      0x18c C:/ISIS/workspace/ycube/GlobusSatProject/..//hal/hcc/lib\libHCCD.a(safefat.o)
 .text._s_cmd_writede
                0x20025db0       0xd8 C:/ISIS/workspace/ycube/GlobusSatProject/..//hal/hcc/lib\libHCCD.a(safefat.o)
 .text._s_cmd_setcluster
                0x20025e88       0x88 C:/ISIS/workspace/ycube/GlobusSatProject/..//hal/hcc/lib\libHCCD.a(safefat.o)
 .text._s_cmd_deletechain
                0x20025f10      0x100 C:/ISIS/workspace/ycube/GlobusSatProject/..//hal/hcc/lib\libHCCD.a(safefat.o)
 .text._s_cmd_validatecfn
                0x20026010      0x308 C:/ISIS/workspace/ycube/GlobusSatProject/..//hal/hcc/lib\libHCCD.a(safefat.o)
 .text._s_cmd_seteof
                0x20026318      0x3c4 C:/ISIS/workspace/ycube/GlobusSatProject/..//hal/hcc/lib\libHCCD.a(safefat.o)
 .text.safe_docommands
                0x200266dc      0x56c C:/ISIS/workspace/ycube/GlobusSatProject/..//hal/hcc/lib\libHCCD.a(safefat.o)
                0x200266dc                safe_docommands
 .text.safe_entercommand
                0x20026c48       0x68 C:/ISIS/workspace/ycube/GlobusSatProject/..//hal/hcc/lib\libHCCD.a(safefat.o)
                0x20026c48                safe_entercommand
 .text.safe_ready
                0x20026cb0       0xf4 C:/ISIS/workspace/ycube/GlobusSatProject/..//hal/hcc/lib\libHCCD.a(safefat.o)
                0x20026cb0                safe_ready
 .text.safe_copycfn
                0x20026da4       0xb8 C:/ISIS/workspace/ycube/GlobusSatProject/..//hal/hcc/lib\libHCCD.a(safefat.o)
                0x20026da4                safe_copycfn
 .text.safe_cfremove
                0x20026e5c       0xb8 C:/ISIS/workspace/ycube/GlobusSatProject/..//hal/hcc/lib\libHCCD.a(safefat.o)
                0x20026e5c                safe_cfremove
 .text.safe_writede
                0x20026f14      0x104 C:/ISIS/workspace/ycube/GlobusSatProject/..//hal/hcc/lib\libHCCD.a(safefat.o)
                0x20026f14                safe_writede
 .text.safe_setcluster
                0x20027018       0xcc C:/ISIS/workspace/ycube/GlobusSatProject/..//hal/hcc/lib\libHCCD.a(safefat.o)
                0x20027018                safe_setcluster
 .text.safe_deletechain
                0x200270e4      0x1c8 C:/ISIS/workspace/ycube/GlobusSatProject/..//hal/hcc/lib\libHCCD.a(safefat.o)
                0x200270e4                safe_deletechain
 .text.safe_cfclose
                0x200272ac      0x104 C:/ISIS/workspace/ycube/GlobusSatProject/..//hal/hcc/lib\libHCCD.a(safefat.o)
                0x200272ac                safe_cfclose
 .text.safe_cfflush
                0x200273b0      0x124 C:/ISIS/workspace/ycube/GlobusSatProject/..//hal/hcc/lib\libHCCD.a(safefat.o)
                0x200273b0                safe_cfflush
 .text.safe_reset
                0x200274d4       0x78 C:/ISIS/workspace/ycube/GlobusSatProject/..//hal/hcc/lib\libHCCD.a(safefat.o)
                0x200274d4                safe_reset
 .text.safe_loadcommands
                0x2002754c       0x78 C:/ISIS/workspace/ycube/GlobusSatProject/..//hal/hcc/lib\libHCCD.a(safefat.o)
                0x2002754c                safe_loadcommands
 .text.safe_poweron
                0x200275c4      0x1fc C:/ISIS/workspace/ycube/GlobusSatProject/..//hal/hcc/lib\libHCCD.a(safefat.o)
                0x200275c4                safe_poweron
 .text.cf_getname
                0x200277c0       0xc0 C:/ISIS/workspace/ycube/GlobusSatProject/..//hal/hcc/lib\libHCCD.a(safefat.o)
 .text.cf_copyclusterchain
                0x20027880      0x138 C:/ISIS/workspace/ycube/GlobusSatProject/..//hal/hcc/lib\libHCCD.a(safefat.o)
 .text.cf_seektozero
                0x200279b8       0x94 C:/ISIS/workspace/ycube/GlobusSatProject/..//hal/hcc/lib\libHCCD.a(safefat.o)
                0x200279b8                cf_seektozero
 .text.cf_create
                0x20027a4c      0x3a8 C:/ISIS/workspace/ycube/GlobusSatProject/..//hal/hcc/lib\libHCCD.a(safefat.o)
                0x20027a4c                cf_create
 .text.cf_copyclustercontent
                0x20027df4      0x128 C:/ISIS/workspace/ycube/GlobusSatProject/..//hal/hcc/lib\libHCCD.a(safefat.o)
                0x20027df4                cf_copyclustercontent
 .text.cf_copycfn
                0x20027f1c      0x4bc C:/ISIS/workspace/ycube/GlobusSatProject/..//hal/hcc/lib\libHCCD.a(safefat.o)
                0x20027f1c                cf_copycfn
 .text.cf_remove
                0x200283d8      0x344 C:/ISIS/workspace/ycube/GlobusSatProject/..//hal/hcc/lib\libHCCD.a(safefat.o)
                0x200283d8                cf_remove
 .text.cf_setclusternew
                0x2002871c       0xf0 C:/ISIS/workspace/ycube/GlobusSatProject/..//hal/hcc/lib\libHCCD.a(safefat.o)
                0x2002871c                cf_setclusternew
 .text.cf_flush
                0x2002880c       0x58 C:/ISIS/workspace/ycube/GlobusSatProject/..//hal/hcc/lib\libHCCD.a(safefat.o)
                0x2002880c                cf_flush
 .text.cf_getcluster
                0x20028864      0x1b4 C:/ISIS/workspace/ycube/GlobusSatProject/..//hal/hcc/lib\libHCCD.a(safefat.o)
                0x20028864                cf_getcluster
 .text.cf_setnextcluster
                0x20028a18      0x194 C:/ISIS/workspace/ycube/GlobusSatProject/..//hal/hcc/lib\libHCCD.a(safefat.o)
                0x20028a18                cf_setnextcluster
 .text.cf_getpositions
                0x20028bac       0xbc C:/ISIS/workspace/ycube/GlobusSatProject/..//hal/hcc/lib\libHCCD.a(safefat.o)
                0x20028bac                cf_getpositions
 .text.cf_setpositions
                0x20028c68       0xb0 C:/ISIS/workspace/ycube/GlobusSatProject/..//hal/hcc/lib\libHCCD.a(safefat.o)
                0x20028c68                cf_setpositions
 .text.cf_opensyncafile
                0x20028d18      0x150 C:/ISIS/workspace/ycube/GlobusSatProject/..//hal/hcc/lib\libHCCD.a(safefat.o)
                0x20028d18                cf_opensyncafile
 .text.cf_reloadcfo
                0x20028e68       0xd8 C:/ISIS/workspace/ycube/GlobusSatProject/..//hal/hcc/lib\libHCCD.a(safefat.o)
                0x20028e68                cf_reloadcfo
 .text.mcipdc_cmd
                0x20028f40      0x22c C:/ISIS/workspace/ycube/GlobusSatProject/..//hal/hcc/lib\libHCCD.a(atmel_mcipdc.o)
 .text.mcipdc_stop
                0x2002916c       0xfc C:/ISIS/workspace/ycube/GlobusSatProject/..//hal/hcc/lib\libHCCD.a(atmel_mcipdc.o)
                0x2002916c                mcipdc_stop
 .text.mcipdc_read
                0x20029268      0x27c C:/ISIS/workspace/ycube/GlobusSatProject/..//hal/hcc/lib\libHCCD.a(atmel_mcipdc.o)
 .text.mcipdc_write
                0x200294e4      0x298 C:/ISIS/workspace/ycube/GlobusSatProject/..//hal/hcc/lib\libHCCD.a(atmel_mcipdc.o)
 .text.mcipdc_readsector