Archive member included because of file (symbol)

C:/ISIS/workspace/ycube/GlobusSatProject/..//hal/hal/lib\libHALD.a(SPI.o)
                              ./src/InitSystem.o (SPI_start)
C:/ISIS/workspace/ycube/GlobusSatProject/..//hal/hal/lib\libHALD.a(I2C.o)
                              ./src/SubSystemModules/Communication/SubsystemCommands/Maintanence_Commands.o (I2C_write)
C:/ISIS/workspace/ycube/GlobusSatProject/..//hal/hal/lib\libHALD.a(ADC.o)
                              ./src/SubSystemModules/Housekepping/TelemetryCollector.o (ADC_ConvertRaw10bitToMillivolt)
C:/ISIS/workspace/ycube/GlobusSatProject/..//hal/hal/lib\libHALD.a(FRAM.o)
                              ./src/SubSystemModules/Communication/SubsystemCommands/Maintanence_Commands.o (FRAM_start)
C:/ISIS/workspace/ycube/GlobusSatProject/..//hal/hal/lib\libHALD.a(Time.o)
                              ./src/InitSystem.o (Time_start)
C:/ISIS/workspace/ycube/GlobusSatProject/..//hal/hal/lib\libHALD.a(WatchDogTimerNoOS.o)
                              ./src/main.o (WDT_start)
C:/ISIS/workspace/ycube/GlobusSatProject/..//hal/hal/lib\libHALD.a(RTT.o)
                              C:/ISIS/workspace/ycube/GlobusSatProject/..//hal/hal/lib\libHALD.a(Time.o) (RTT_start)
C:/ISIS/workspace/ycube/GlobusSatProject/..//hal/hal/lib\libHALD.a(RTC.o)
                              C:/ISIS/workspace/ycube/GlobusSatProject/..//hal/hal/lib\libHALD.a(Time.o) (RTC_getTime)
C:/ISIS/workspace/ycube/GlobusSatProject/..//hal/hal/lib\libHALD.a(WatchDogTimerOS.o)
                              ./src/TestingDemos/MainTest.o (WDT_startWatchdogKickTask)
C:/ISIS/workspace/ycube/GlobusSatProject/..//hal/hal/lib\libHALD.a(fprintf.o)
                              ./src/TLM_management.o (f_puts)
C:/ISIS/workspace/ycube/GlobusSatProject/..//hal/hal/lib\libHALD.a(util.o)
                              ./src/TestingDemos/EpsTestingDemo.o (UTIL_DbguGetInteger)
C:/ISIS/workspace/ycube/GlobusSatProject/..//hal/hal/lib\libHALD.a(LED.o)
                              C:/ISIS/workspace/ycube/GlobusSatProject/..//hal/hal/lib\libHALD.a(WatchDogTimerOS.o) (LED_toggle)
C:/ISIS/workspace/ycube/GlobusSatProject/..//hal/hcc/lib\libHCCD.a(fat_m.o)
                              ./src/TLM_management.o (fm_initvolume)
C:/ISIS/workspace/ycube/GlobusSatProject/..//hal/hcc/lib\libHCCD.a(fat.o)
                              C:/ISIS/workspace/ycube/GlobusSatProject/..//hal/hcc/lib\libHCCD.a(fat_m.o) (fn_getdcwd)
C:/ISIS/workspace/ycube/GlobusSatProject/..//hal/hcc/lib\libHCCD.a(fat_common.o)
                              C:/ISIS/workspace/ycube/GlobusSatProject/..//hal/hcc/lib\libHCCD.a(fat.o) (p_filesystem)
C:/ISIS/workspace/ycube/GlobusSatProject/..//hal/hcc/lib\libHCCD.a(safefat.o)
                              C:/ISIS/workspace/ycube/GlobusSatProject/..//hal/hcc/lib\libHCCD.a(fat.o) (s_subdir)
C:/ISIS/workspace/ycube/GlobusSatProject/..//hal/hcc/lib\libHCCD.a(atmel_mcipdc.o)
                              ./src/TLM_management.o (atmel_mcipdc_initfunc)
C:/ISIS/workspace/ycube/GlobusSatProject/..//hal/hcc/lib\libHCCD.a(oalp_task.o)
                              C:/ISIS/workspace/ycube/GlobusSatProject/..//hal/hcc/lib\libHCCD.a(fat_common.o) (oal_task_get_id)
C:/ISIS/workspace/ycube/GlobusSatProject/..//hal/hcc/lib\libHCCD.a(oalp_mutex.o)
                              C:/ISIS/workspace/ycube/GlobusSatProject/..//hal/hcc/lib\libHCCD.a(fat_common.o) (oal_mutex_create)
C:/ISIS/workspace/ycube/GlobusSatProject/..//hal/hcc/lib\libHCCD.a(atmel_mcipdc_hw.o)
                              C:/ISIS/workspace/ycube/GlobusSatProject/..//hal/hcc/lib\libHCCD.a(atmel_mcipdc.o) (mcipdc_hw_init)
C:/ISIS/workspace/ycube/GlobusSatProject/..//hal/hcc/lib\libHCCD.a(psp_rand.o)
                              C:/ISIS/workspace/ycube/GlobusSatProject/..//hal/hcc/lib\libHCCD.a(fat_common.o) (psp_getrand)
C:/ISIS/workspace/ycube/GlobusSatProject/..//hal/hcc/lib\libHCCD.a(psp_rtc.o)
                              C:/ISIS/workspace/ycube/GlobusSatProject/..//hal/hcc/lib\libHCCD.a(fat_common.o) (psp_getcurrenttimedate)
C:/ISIS/workspace/ycube/GlobusSatProject/..//hal/hcc/lib\libHCCD.a(hcc_mem.o)
                              C:/ISIS/workspace/ycube/GlobusSatProject/..//hal/hcc/lib\libHCCD.a(atmel_mcipdc.o) (hcc_mem_alloc)
C:/ISIS/workspace/ycube/GlobusSatProject/..//hal/hcc/lib\libHCCD.a(psp_hcc_mem.o)
                              C:/ISIS/workspace/ycube/GlobusSatProject/..//hal/hcc/lib\libHCCD.a(hcc_mem.o) (hcc_mem_buf_alloc)
C:/ISIS/workspace/ycube/GlobusSatProject/..//satellite-subsystems/satellite-subsystems/lib\libSatelliteSubsystemsD.a(IsisAntS.o)
                              ./src/SubSystemModules/Communication/TRXVU.o (IsisAntS_initialize)
C:/ISIS/workspace/ycube/GlobusSatProject/..//satellite-subsystems/satellite-subsystems/lib\libSatelliteSubsystemsD.a(IsisTRXVU.o)
                              ./src/TestingDemos/TrxvuTestingDemo.o (IsisTrxvu_initialize)
[...]
Memory Configuration

Name             Origin             Length             Attributes
sram0            0x00200000         0x00004000         w !xr
sram1            0x00300000         0x00004000         w !xr
sdram            0x20000000         0x02000000         w !xr
*default*        0x00000000         0xffffffff

Linker script and memory map

LOAD c:/isis/application/toolchain/bin/../lib/gcc/arm-none-eabi/4.7.4/../../../../arm-none-eabi/lib\libc.a
LOAD ./src/TestingDemos/CommandsTestingDemo.o
LOAD ./src/TestingDemos/EpsTestingDemo.o
LOAD ./src/TestingDemos/FileSystemTestingDemo.o
LOAD ./src/TestingDemos/MainTest.o
LOAD ./src/TestingDemos/MaintenanceTestingDemo.o
LOAD ./src/TestingDemos/TelemetryTestingDemo.o
LOAD ./src/TestingDemos/TrxvuTestingDemo.o
LOAD ./src/SubSystemModules/PowerManagment/EPS.o
LOAD ./src/SubSystemModules/PowerManagment/EPSOperationModes.o
LOAD ./src/SubSystemModules/Maintenance/Maintenance.o
LOAD ./src/SubSystemModules/Housekepping/TelemetryCollector.o
LOAD ./src/SubSystemModules/Communication/SubsystemCommands/EPS_Commands.o
LOAD ./src/SubSystemModules/Communication/SubsystemCommands/FS_Commands.o
LOAD ./src/SubSystemModules/Communication/SubsystemCommands/Maintanence_Commands.o
LOAD ./src/SubSystemModules/Communication/SubsystemCommands/TRXVU_Commands.o
LOAD ./src/SubSystemModules/Communication/AckHandler.o
LOAD ./src/SubSystemModules/Communication/CommandDictionary.o
LOAD ./src/SubSystemModules/Communication/SatCommandHandler.o
LOAD ./src/SubSystemModules/Communication/TRXVU.o
LOAD ./src/InitSystem.o
LOAD ./src/TLM_management.o
LOAD ./src/main.o
LOAD ./src/utils.o
LOAD C:/ISIS/workspace/ycube/GlobusSatProject/..//hal/hal/lib\libHALD.a
LOAD C:/ISIS/workspace/ycube/GlobusSatProject/..//hal/hcc/lib\libHCCD.a
LOAD C:/ISIS/workspace/ycube/GlobusSatProject/..//satellite-subsystems/satellite-subsystems/lib\libSatelliteSubsystemsD.a
LOAD C:/ISIS/workspace/ycube/GlobusSatProject/..//hal/freertos/lib\libFreeRTOSD.a
LOAD C:/ISIS/workspace/ycube/GlobusSatProject/..//hal/at91/lib\libAt91D.a
START GROUP
LOAD c:/isis/application/toolchain/bin/../lib/gcc/arm-none-eabi/4.7.4\libgcc.a
LOAD c:/isis/application/toolchain/bin/../lib/gcc/arm-none-eabi/4.7.4/../../../../arm-none-eabi/lib\libg.a
LOAD c:/isis/application/toolchain/bin/../lib/gcc/arm-none-eabi/4.7.4/../../../../arm-none-eabi/lib\libc.a
END GROUP

.fixed          0x20000000    0x473e4
                0x20000000                . = ALIGN (0x4)
                0x20000000                _sfixed = .
 *(.startup)
 .startup       0x20000000      0x184 C:/ISIS/workspace/ycube/GlobusSatProject/..//hal/at91/lib\libAt91D.a(board_cstartup.o)
                0x20000000                entry
 *(.text)
 .text          0x20000184       0x64 C:/ISIS/workspace/ycube/GlobusSatProject/..//hal/at91/lib\libAt91D.a(cp15_asm.o)
                0x20000184                _readControlRegister
                0x20000190                _writeControlRegister
                0x20000198                _waitForInterrupt
                0x200001a4                _writeTTB
                0x200001ac                _writeDomain
                0x200001b4                _writeITLBLockdown
                0x200001bc                _prefetchICacheLine
                0x200001c4                _flushDCache
                0x200001d0                _flushWriteBuffer
                0x200001dc                _invalidateIDTLBs
 .text          0x200001e8      0x114 c:/isis/application/toolchain/bin/../lib/gcc/arm-none-eabi/4.7.4\libgcc.a(_udivsi3.o)
                0x200001e8                __aeabi_uidiv
                0x200001e8                __udivsi3
                0x200002dc                __aeabi_uidivmod
 .text          0x200002fc      0x148 c:/isis/application/toolchain/bin/../lib/gcc/arm-none-eabi/4.7.4\libgcc.a(_divsi3.o)
                0x200002fc                __divsi3
                0x200002fc                __aeabi_idiv
                0x20000424                __aeabi_idivmod
 .text          0x20000444        0x4 c:/isis/application/toolchain/bin/../lib/gcc/arm-none-eabi/4.7.4\libgcc.a(_dvmd_tls.o)
                0x20000444                __aeabi_idiv0
                0x20000444                __aeabi_ldiv0
 .text          0x20000448      0x41c c:/isis/application/toolchain/bin/../lib/gcc/arm-none-eabi/4.7.4\libgcc.a(_arm_addsubdf3.o)
                0x20000448                __aeabi_drsub
                0x20000450                __aeabi_dsub
                0x20000450                __subdf3
                0x20000454                __aeabi_dadd
                0x20000454                __adddf3
                0x20000764                __floatunsidf
                0x20000764                __aeabi_ui2d
                0x20000788                __floatsidf
                0x20000788                __aeabi_i2d
                0x200007b0                __aeabi_f2d
                0x200007b0                __extendsfdf2
                0x200007f0                __floatundidf
                0x200007f0                __aeabi_ul2d
                0x20000804                __floatdidf
                0x20000804                __aeabi_l2d
 .text          0x20000864      0x49c c:/isis/application/toolchain/bin/../lib/gcc/arm-none-eabi/4.7.4\libgcc.a(_arm_muldivdf3.o)
                0x20000864                __aeabi_dmul
                0x20000864                __muldf3
                0x20000af4                __divdf3
                0x20000af4                __aeabi_ddiv
 .text          0x20000d00      0x144 c:/isis/application/toolchain/bin/../lib/gcc/arm-none-eabi/4.7.4\libgcc.a(_arm_cmpdf2.o)
                0x20000d00                __gtdf2
                0x20000d00                __gedf2
                0x20000d08                __ltdf2
                0x20000d08                __ledf2
                0x20000d10                __nedf2
                0x20000d10                __eqdf2
                0x20000d10                __cmpdf2
                0x20000d98                __aeabi_cdrcmple
                0x20000db4                __aeabi_cdcmpeq
                0x20000db4                __aeabi_cdcmple
                0x20000dcc                __aeabi_dcmpeq
                0x20000de4                __aeabi_dcmplt
                0x20000dfc                __aeabi_dcmple
                0x20000e14                __aeabi_dcmpge
                0x20000e2c                __aeabi_dcmpgt
 .text          0x20000e44       0xa0 c:/isis/application/toolchain/bin/../lib/gcc/arm-none-eabi/4.7.4\libgcc.a(_arm_truncdfsf2.o)
                0x20000e44                __truncdfsf2
                0x20000e44                __aeabi_d2f
 .text          0x20000ee4      0x2ac c:/isis/application/toolchain/bin/../lib/gcc/arm-none-eabi/4.7.4\libgcc.a(_arm_addsubsf3.o)
                0x20000ee4                __aeabi_frsub
                0x20000eec                __subsf3
                0x20000eec                __aeabi_fsub
                0x20000ef0                __aeabi_fadd
                0x20000ef0                __addsf3
                0x200010ac                __aeabi_ui2f
                0x200010ac                __floatunsisf
                0x200010b4                __aeabi_i2f
                0x200010b4                __floatsisf
                0x200010d4                __aeabi_ul2f
                0x200010d4                __floatundisf
                0x200010e4                __aeabi_l2f
                0x200010e4                __floatdisf
 .text          0x20001190      0x2f8 c:/isis/application/toolchain/bin/../lib/gcc/arm-none-eabi/4.7.4\libgcc.a(_arm_muldivsf3.o)
                0x20001190                __mulsf3
                0x20001190                __aeabi_fmul
                0x20001328                __aeabi_fdiv
                0x20001328                __divsf3
 .text          0x20001488      0x114 c:/isis/application/toolchain/bin/../lib/gcc/arm-none-eabi/4.7.4\libgcc.a(_arm_cmpsf2.o)
                0x20001488                __gesf2
                0x20001488                __gtsf2
                0x20001490                __lesf2
                0x20001490                __ltsf2
                0x20001498                __nesf2
                0x20001498                __eqsf2
                0x20001498                __cmpsf2
                0x200014fc                __aeabi_cfrcmple
                0x2000150c                __aeabi_cfcmpeq
                0x2000150c                __aeabi_cfcmple
                0x20001524                __aeabi_fcmpeq
                0x2000153c                __aeabi_fcmplt
                0x20001554                __aeabi_fcmple
                0x2000156c                __aeabi_fcmpge
                0x20001584                __aeabi_fcmpgt
 .text          0x2000159c       0x54 c:/isis/application/toolchain/bin/../lib/gcc/arm-none-eabi/4.7.4\libgcc.a(_arm_fixunssfsi.o)
                0x2000159c                __fixunssfsi
                0x2000159c                __aeabi_f2uiz
 .text          0x200015f0       0x5c c:/isis/application/toolchain/bin/../lib/gcc/arm-none-eabi/4.7.4\libgcc.a(_arm_fixdfsi.o)
                0x200015f0                __aeabi_d2iz
                0x200015f0                __fixdfsi
 .text          0x2000164c       0x54 c:/isis/application/toolchain/bin/../lib/gcc/arm-none-eabi/4.7.4\libgcc.a(_arm_fixunsdfsi.o)
                0x2000164c                __aeabi_d2uiz
                0x2000164c                __fixunsdfsi
 .text          0x200016a0       0x3c c:/isis/application/toolchain/bin/../lib/gcc/arm-none-eabi/4.7.4\libgcc.a(_aeabi_uldivmod.o)
                0x200016a0                __aeabi_uldivmod
 .text          0x200016dc       0x84 c:/isis/application/toolchain/bin/../lib/gcc/arm-none-eabi/4.7.4\libgcc.a(bpabi.o)
                0x200016dc                __gnu_ldivmod_helper
                0x20001720                __gnu_uldivmod_helper
 .text          0x20001760      0x4f0 c:/isis/application/toolchain/bin/../lib/gcc/arm-none-eabi/4.7.4\libgcc.a(_divdi3.o)
                0x20001760                __divdi3
 .text          0x20001c50      0x488 c:/isis/application/toolchain/bin/../lib/gcc/arm-none-eabi/4.7.4\libgcc.a(_udivdi3.o)
                0x20001c50                __udivdi3
 .text          0x200020d8       0x48 c:/isis/application/toolchain/bin/../lib/gcc/arm-none-eabi/4.7.4\libgcc.a(_clzsi2.o)
                0x200020d8                __clzsi2
 *(.text*)
 .text.TestActUponCommand
                0x20002120      0x114 ./src/TestingDemos/CommandsTestingDemo.o
                0x20002120                TestActUponCommand
 .text.TestAssmbleCommand
                0x20002234      0x134 ./src/TestingDemos/CommandsTestingDemo.o
                0x20002234                TestAssmbleCommand
 .text.TestGetDelayedCommand
                0x20002368       0xa0 ./src/TestingDemos/CommandsTestingDemo.o
                0x20002368                TestGetDelayedCommand
 .text.TestAddDelayedCommand
                0x20002408       0xbc ./src/TestingDemos/CommandsTestingDemo.o
                0x20002408                TestAddDelayedCommand
 .text.TestGetDelayedCommandBufferCount
                0x200024c4       0x54 ./src/TestingDemos/CommandsTestingDemo.o
                0x200024c4                TestGetDelayedCommandBufferCount
 .text.TestGetOnlineCommand
                0x20002518       0xc8 ./src/TestingDemos/CommandsTestingDemo.o
                0x20002518                TestGetOnlineCommand
 .text.TestDeleteDelayedCommandByIndex
                0x200025e0      0x1c0 ./src/TestingDemos/CommandsTestingDemo.o
                0x200025e0                TestDeleteDelayedCommandByIndex
 .text.TestDeleteDelayedBuffer
                0x200027a0      0x140 ./src/TestingDemos/CommandsTestingDemo.o
                0x200027a0                TestDeleteDelayedBuffer
 .text.selectAndExecuteCommandsDemoTest
                0x200028e0      0x174 ./src/TestingDemos/CommandsTestingDemo.o
                0x200028e0                selectAndExecuteCommandsDemoTest
 .text.MainCommandsTestBench
                0x20002a54       0x44 ./src/TestingDemos/CommandsTestingDemo.o
                0x20002a54                MainCommandsTestBench
 .text.TestEpsConditioning
                0x20002a98      0x1e8 ./src/TestingDemos/EpsTestingDemo.o
                0x20002a98                TestEpsConditioning
 .text.TestGetBatteryVoltage
                0x20002c80       0x64 ./src/TestingDemos/EpsTestingDemo.o
                0x20002c80                TestGetBatteryVoltage
 .text.TestUpdateThreshVoltages
                0x20002ce4      0x170 ./src/TestingDemos/EpsTestingDemo.o
                0x20002ce4                TestUpdateThreshVoltages
 .text.TestGetThreshVoltages
                0x20002e54       0xb0 ./src/TestingDemos/EpsTestingDemo.o
                0x20002e54                TestGetThreshVoltages
 .text.TestUpdateAlpha
                0x20002f04       0xc0 ./src/TestingDemos/EpsTestingDemo.o
                0x20002f04                TestUpdateAlpha
 .text.TestGetAlpha
                0x20002fc4       0x78 ./src/TestingDemos/EpsTestingDemo.o
                0x20002fc4                TestGetAlpha
 .text.TestRestoreDefaultAlpha
                0x2000303c       0xf4 ./src/TestingDemos/EpsTestingDemo.o
                0x2000303c                TestRestoreDefaultAlpha
 .text.TestRestoreDefaultThresholdVoltages
                0x20003130      0x154 ./src/TestingDemos/EpsTestingDemo.o
                0x20003130                TestRestoreDefaultThresholdVoltages
 .text.GetHeaterValues
                0x20003284       0xb0 ./src/TestingDemos/EpsTestingDemo.o
                0x20003284                GetHeaterValues
 .text.SetHeaterValues
                0x20003334      0x104 ./src/TestingDemos/EpsTestingDemo.o
                0x20003334                SetHeaterValues
 .text.selectAndExecuteEpsDemoTest
                0x20003438      0x1b0 ./src/TestingDemos/EpsTestingDemo.o
                0x20003438                selectAndExecuteEpsDemoTest
 .text.MainEpsTestBench
                0x200035e8       0x40 ./src/TestingDemos/EpsTestingDemo.o
                0x200035e8                MainEpsTestBench
 .text.TestListFiles
                0x20003628      0x10c ./src/TestingDemos/FileSystemTestingDemo.o
                0x20003628                TestListFiles
 .text.TestlistTLMFiles
                0x20003734      0x1c8 ./src/TestingDemos/FileSystemTestingDemo.o
                0x20003734                TestlistTLMFiles
 .text.TestListAllFiles
                0x200038fc       0xb4 ./src/TestingDemos/FileSystemTestingDemo.o
                0x200038fc                TestListAllFiles
 .text.TestLOGTLM
                0x200039b0      0x110 ./src/TestingDemos/FileSystemTestingDemo.o
                0x200039b0                TestLOGTLM
 .text.TestEPSTLM
                0x20003ac0       0xa8 ./src/TestingDemos/FileSystemTestingDemo.o
                0x20003ac0                TestEPSTLM
 .text.TestReadTimeRangeTLMRes
                0x20003b68      0x210 ./src/TestingDemos/FileSystemTestingDemo.o
                0x20003b68                TestReadTimeRangeTLMRes
 .text.TestReadTimeRangeTLM
                0x20003d78      0x178 ./src/TestingDemos/FileSystemTestingDemo.o
                0x20003d78                TestReadTimeRangeTLM
 .text.GenerateWODTLM
                0x20003ef0       0xd0 ./src/TestingDemos/FileSystemTestingDemo.o
                0x20003ef0                GenerateWODTLM
 .text.DeleteOldFiles
                0x20003fc0      0x294 ./src/TestingDemos/FileSystemTestingDemo.o
                0x20003fc0                DeleteOldFiles
 .text.CreateFiles4DeleteTest2
                0x20004254      0x19c ./src/TestingDemos/FileSystemTestingDemo.o
                0x20004254                CreateFiles4DeleteTest2
 .text.copyTLMFile
                0x200043f0      0x22c ./src/TestingDemos/FileSystemTestingDemo.o
                0x200043f0                copyTLMFile
 .text.TestWODTLM
                0x2000461c       0xa8 ./src/TestingDemos/FileSystemTestingDemo.o
                0x2000461c                TestWODTLM
 .text.TestDeleteFiels
                0x200046c4      0x2b8 ./src/TestingDemos/FileSystemTestingDemo.o
                0x200046c4                TestDeleteFiels
 .text.TestReadMultiFiels
                0x2000497c      0x2ac ./src/TestingDemos/FileSystemTestingDemo.o
                0x2000497c                TestReadMultiFiels
 .text.TestTRXVUTLM
                0x20004c28      0x11c ./src/TestingDemos/FileSystemTestingDemo.o
                0x20004c28                TestTRXVUTLM
 .text.FullSDTest
                0x20004d44      0x180 ./src/TestingDemos/FileSystemTestingDemo.o
                0x20004d44                FullSDTest
 .text.LogErrorRateTest
                0x20004ec4      0x11c ./src/TestingDemos/FileSystemTestingDemo.o
                0x20004ec4                LogErrorRateTest
 .text.deleteMonth
                0x20004fe0       0x78 ./src/TestingDemos/FileSystemTestingDemo.o
                0x20004fe0                deleteMonth
 .text.selectAndExecuteFSTest
                0x20005058      0x238 ./src/TestingDemos/FileSystemTestingDemo.o
                0x20005058                selectAndExecuteFSTest
 .text.MainFileSystemTestBench
                0x20005290       0x44 ./src/TestingDemos/FileSystemTestingDemo.o
                0x20005290                MainFileSystemTestBench
 .text.selectAndExecuteTest
                0x200052d4      0x168 ./src/TestingDemos/MainTest.o
                0x200052d4                selectAndExecuteTest
 .text.taskTesting
                0x2000543c       0x28 ./src/TestingDemos/MainTest.o
                0x2000543c                taskTesting
 .text.printSDINfo
                0x20005464       0x84 ./src/TestingDemos/MaintenanceTestingDemo.o
                0x20005464                printSDINfo
 .text.changeFirstActivation
                0x200054e8       0x84 ./src/TestingDemos/MaintenanceTestingDemo.o
                0x200054e8                changeFirstActivation
 .text.selectAndExecuteMaintenanceDemoTest
                0x2000556c      0x19c ./src/TestingDemos/MaintenanceTestingDemo.o
                0x2000556c                selectAndExecuteMaintenanceDemoTest
 .text.MainMaintenanceTestBench
                0x20005708       0x40 ./src/TestingDemos/MaintenanceTestingDemo.o
                0x20005708                MainMaintenanceTestBench
 .text.MainTelemetryTestBench
                0x20005748       0x1c ./src/TestingDemos/TelemetryTestingDemo.o
                0x20005748                MainTelemetryTestBench
 .text.TestInitTrxvu
                0x20005764       0x54 ./src/TestingDemos/TrxvuTestingDemo.o
                0x20005764                TestInitTrxvu
 .text.TestInitTrxvuWithDifferentFrameLengths
                0x200057b8      0x134 ./src/TestingDemos/TrxvuTestingDemo.o
                0x200057b8                TestInitTrxvuWithDifferentFrameLengths
 .text.TestTrxvuLogic
                0x200058ec       0xd4 ./src/TestingDemos/TrxvuTestingDemo.o
                0x200058ec                TestTrxvuLogic
 .text.TestCheckTransmitionAllowed
                0x200059c0       0xa4 ./src/TestingDemos/TrxvuTestingDemo.o
                0x200059c0                TestCheckTransmitionAllowed
 .text.TestLoopSPL
                0x20005a64       0xc4 ./src/TestingDemos/TrxvuTestingDemo.o
                0x20005a64                TestLoopSPL
 .text.TestSendDumpAbortRequest
                0x20005b28       0x24 ./src/TestingDemos/TrxvuTestingDemo.o
                0x20005b28                TestSendDumpAbortRequest
 .text.TestTransmitDummySplPacket
                0x20005b4c       0xc0 ./src/TestingDemos/TrxvuTestingDemo.o
                0x20005b4c                TestTransmitDummySplPacket
 .text.TestTransmitSplPacket
                0x20005c0c      0x1ec ./src/TestingDemos/TrxvuTestingDemo.o
                0x20005c0c                TestTransmitSplPacket
 .text.TestExitDump
                0x20005df8       0x1c ./src/TestingDemos/TrxvuTestingDemo.o
                0x20005df8                TestExitDump
 .text.TestDumpTelemetry
                0x20005e14       0x9c ./src/TestingDemos/TrxvuTestingDemo.o
                0x20005e14                TestDumpTelemetry
 .text.TestRestoreDefaultBeaconParameters
                0x20005eb0       0x1c ./src/TestingDemos/TrxvuTestingDemo.o
                0x20005eb0                TestRestoreDefaultBeaconParameters
 .text.TestChooseDefaultBeaconCycle
                0x20005ecc       0xe0 ./src/TestingDemos/TrxvuTestingDemo.o
                0x20005ecc                TestChooseDefaultBeaconCycle
 .text.TestBeaconLogic
                0x20005fac       0xdc ./src/TestingDemos/TrxvuTestingDemo.o
                0x20005fac                TestBeaconLogic
 .text.TestMuteTrxvu
                0x20006088       0x9c ./src/TestingDemos/TrxvuTestingDemo.o
                0x20006088                TestMuteTrxvu
 .text.TestUnMuteTrxvu
                0x20006124       0x30 ./src/TestingDemos/TrxvuTestingDemo.o
                0x20006124                TestUnMuteTrxvu
 .text.TestGetNumberOfFramesInBuffer
                0x20006154       0x54 ./src/TestingDemos/TrxvuTestingDemo.o
                0x20006154                TestGetNumberOfFramesInBuffer
 .text.TestSetTrxvuBitrate
                0x200061a8       0xf0 ./src/TestingDemos/TrxvuTestingDemo.o
                0x200061a8                TestSetTrxvuBitrate
 .text.TestGetTrxvuBitrate
                0x20006298       0xb0 ./src/TestingDemos/TrxvuTestingDemo.o
                0x20006298                TestGetTrxvuBitrate
 .text.TestTransmitDataAsSPL_Packet
                0x20006348      0x114 ./src/TestingDemos/TrxvuTestingDemo.o
                0x20006348                TestTransmitDataAsSPL_Packet
 .text.selectAndExecuteTrxvuDemoTest
                0x2000645c      0x2ac ./src/TestingDemos/TrxvuTestingDemo.o
                0x2000645c                selectAndExecuteTrxvuDemoTest
 .text.MainTrxvuTestBench
                0x20006708       0x44 ./src/TestingDemos/TrxvuTestingDemo.o
                0x20006708                MainTrxvuTestBench
 .text.GetBatteryVoltage
                0x2000674c       0x38 ./src/SubSystemModules/PowerManagment/EPS.o
                0x2000674c                GetBatteryVoltage
 .text.EPS_Init
                0x20006784       0xb8 ./src/SubSystemModules/PowerManagment/EPS.o
                0x20006784                EPS_Init
 .text.EPS_Conditioning
                0x2000683c      0x1c4 ./src/SubSystemModules/PowerManagment/EPS.o
                0x2000683c                EPS_Conditioning
 .text.UpdateAlpha
                0x20006a00       0xd8 ./src/SubSystemModules/PowerManagment/EPS.o
                0x20006a00                UpdateAlpha
 .text.UpdateThresholdVoltages
                0x20006ad8      0x218 ./src/SubSystemModules/PowerManagment/EPS.o
                0x20006ad8                UpdateThresholdVoltages
 .text.GetThresholdVoltages
                0x20006cf0       0x80 ./src/SubSystemModules/PowerManagment/EPS.o
                0x20006cf0                GetThresholdVoltages
 .text.GetAlpha
                0x20006d70       0x7c ./src/SubSystemModules/PowerManagment/EPS.o
                0x20006d70                GetAlpha
 .text.RestoreDefaultThresholdVoltages
                0x20006dec       0x74 ./src/SubSystemModules/PowerManagment/EPS.o
                0x20006dec                RestoreDefaultThresholdVoltages
 .text.CMDGetHeaterValues
                0x20006e60       0x24 ./src/SubSystemModules/PowerManagment/EPS.o
                0x20006e60                CMDGetHeaterValues
 .text.CMDSetHeaterValues
                0x20006e84       0x58 ./src/SubSystemModules/PowerManagment/EPS.o
                0x20006e84                CMDSetHeaterValues
 .text.EnterFullMode
                0x20006edc       0x44 ./src/SubSystemModules/PowerManagment/EPSOperationModes.o
                0x20006edc                EnterFullMode
 .text.EnterCruiseMode
                0x20006f20       0x44 ./src/SubSystemModules/PowerManagment/EPSOperationModes.o
                0x20006f20                EnterCruiseMode
 .text.EnterSafeMode
                0x20006f64       0x44 ./src/SubSystemModules/PowerManagment/EPSOperationModes.o
                0x20006f64                EnterSafeMode
 .text.EnterCriticalMode
                0x20006fa8       0x44 ./src/SubSystemModules/PowerManagment/EPSOperationModes.o
                0x20006fa8                EnterCriticalMode
 .text.GetSystemState
                0x20006fec       0x24 ./src/SubSystemModules/PowerManagment/EPSOperationModes.o
                0x20006fec                GetSystemState
 .text.GetSystemChannelState
                0x20007010       0x24 ./src/SubSystemModules/PowerManagment/EPSOperationModes.o
                0x20007010                GetSystemChannelState
 .text.EpsGetLowVoltageFlag
                0x20007034       0x24 ./src/SubSystemModules/PowerManagment/EPSOperationModes.o
                0x20007034                EpsGetLowVoltageFlag
 .text.EpsSetLowVoltageFlag
                0x20007058       0x2c ./src/SubSystemModules/PowerManagment/EPSOperationModes.o
                0x20007058                EpsSetLowVoltageFlag
 .text.CheckExecutionTime
                0x20007084       0x80 ./src/SubSystemModules/Maintenance/Maintenance.o
                0x20007084                CheckExecutionTime
 .text.SaveSatTimeInFRAM
                0x20007104       0x44 ./src/SubSystemModules/Maintenance/Maintenance.o
                0x20007104                SaveSatTimeInFRAM
 .text.WakeupFromResetCMD
                0x20007148      0x120 ./src/SubSystemModules/Maintenance/Maintenance.o
                0x20007148                WakeupFromResetCMD
 .text.ResetGroundCommWDT
                0x20007268       0x1c ./src/SubSystemModules/Maintenance/Maintenance.o
                0x20007268                ResetGroundCommWDT
 .text.DeleteOldFiels
                0x20007284      0x2f4 ./src/SubSystemModules/Maintenance/Maintenance.o
                0x20007284                DeleteOldFiels
 .text.HardResetMCU
                0x20007578       0x24 ./src/SubSystemModules/Maintenance/Maintenance.o
                0x20007578                HardResetMCU
 .text.InitSavePeriodTimes
                0x2000759c       0x78 ./src/SubSystemModules/Housekepping/TelemetryCollector.o
                0x2000759c                InitSavePeriodTimes
 .text.CMD_GetTLMPeriodTimes
                0x20007614       0x38 ./src/SubSystemModules/Housekepping/TelemetryCollector.o
                0x20007614                CMD_GetTLMPeriodTimes
 .text.CMD_SetTLMPeriodTimes
                0x2000764c      0x17c ./src/SubSystemModules/Housekepping/TelemetryCollector.o
                0x2000764c                CMD_SetTLMPeriodTimes
 .text.TelemetryCollectorLogic
                0x200077c8      0x208 ./src/SubSystemModules/Housekepping/TelemetryCollector.o
                0x200077c8                TelemetryCollectorLogic
 .text.TelemetrySaveEPS
                0x200079d0       0x18 ./src/SubSystemModules/Housekepping/TelemetryCollector.o
                0x200079d0                TelemetrySaveEPS
 .text.TelemetrySaveTRXVU
                0x200079e8       0x94 ./src/SubSystemModules/Housekepping/TelemetryCollector.o
                0x200079e8                TelemetrySaveTRXVU
 .text.TelemetrySaveANT
                0x20007a7c       0xa4 ./src/SubSystemModules/Housekepping/TelemetryCollector.o
                0x20007a7c                TelemetrySaveANT
 .text.TelemetrySaveSolarPanels
                0x20007b20      0x228 ./src/SubSystemModules/Housekepping/TelemetryCollector.o
                0x20007b20                TelemetrySaveSolarPanels
 .text.TelemetrySaveWOD
                0x20007d48       0x48 ./src/SubSystemModules/Housekepping/TelemetryCollector.o
                0x20007d48                TelemetrySaveWOD
 .text.GetCurrentWODTelemetry
                0x20007d90      0x74c ./src/SubSystemModules/Housekepping/TelemetryCollector.o
                0x20007d90                GetCurrentWODTelemetry
 .text.CMD_EPS_ResetWDT
                0x200084dc       0x48 ./src/SubSystemModules/Communication/SubsystemCommands/EPS_Commands.o
                0x200084dc                CMD_EPS_ResetWDT
 .text.CMD_DeleteTLM
                0x20008524      0x1d8 ./src/SubSystemModules/Communication/SubsystemCommands/FS_Commands.o
                0x20008524                CMD_DeleteTLM
 .text.CMD_DeleteAllFiles
                0x200086fc       0x38 ./src/SubSystemModules/Communication/SubsystemCommands/FS_Commands.o
                0x200086fc                CMD_DeleteAllFiles
 .text.CMD_GetLastFS_Error
                0x20008734       0x4c ./src/SubSystemModules/Communication/SubsystemCommands/FS_Commands.o
                0x20008734                CMD_GetLastFS_Error
 .text.CMD_GenericI2C
                0x20008780      0x144 ./src/SubSystemModules/Communication/SubsystemCommands/Maintanence_Commands.o
                0x20008780                CMD_GenericI2C
 .text.CMD_FRAM_ReadAndTransmitt
                0x200088c4       0xe8 ./src/SubSystemModules/Communication/SubsystemCommands/Maintanence_Commands.o
                0x200088c4                CMD_FRAM_ReadAndTransmitt
 .text.CMD_FRAM_WriteAndTransmitt
                0x200089ac      0x11c ./src/SubSystemModules/Communication/SubsystemCommands/Maintanence_Commands.o
                0x200089ac                CMD_FRAM_WriteAndTransmitt
 .text.CMD_FRAM_ReStart
                0x20008ac8       0x4c ./src/SubSystemModules/Communication/SubsystemCommands/Maintanence_Commands.o
                0x20008ac8                CMD_FRAM_ReStart
 .text.CMD_UpdateSatTime
                0x20008b14       0xa4 ./src/SubSystemModules/Communication/SubsystemCommands/Maintanence_Commands.o
                0x20008b14                CMD_UpdateSatTime
 .text.CMD_GetSatUptime
                0x20008bb8       0x48 ./src/SubSystemModules/Communication/SubsystemCommands/Maintanence_Commands.o
                0x20008bb8                CMD_GetSatUptime
 .text.CMD_ResetComponent
                0x20008c00      0x290 ./src/SubSystemModules/Communication/SubsystemCommands/Maintanence_Commands.o
                0x20008c00                CMD_ResetComponent
 .text.DumpTask
                0x20008e90      0x310 ./src/SubSystemModules/Communication/SubsystemCommands/TRXVU_Commands.o
                0x20008e90                DumpTask
 .text.CMD_AntennaDeploy
                0x200091a0       0xec ./src/SubSystemModules/Communication/SubsystemCommands/TRXVU_Commands.o
                0x200091a0                CMD_AntennaDeploy
 .text.CMD_StartDump
                0x2000928c      0x224 ./src/SubSystemModules/Communication/SubsystemCommands/TRXVU_Commands.o
                0x2000928c                CMD_StartDump
 .text.CMD_SendDumpAbortRequest
                0x200094b0       0x38 ./src/SubSystemModules/Communication/SubsystemCommands/TRXVU_Commands.o
                0x200094b0                CMD_SendDumpAbortRequest
 .text.CMD_ForceDumpAbort
                0x200094e8       0x3c ./src/SubSystemModules/Communication/SubsystemCommands/TRXVU_Commands.o
                0x200094e8                CMD_ForceDumpAbort
 .text.CMD_SetTransponder
                0x20009524      0x148 ./src/SubSystemModules/Communication/SubsystemCommands/TRXVU_Commands.o
                0x20009524                CMD_SetTransponder
 .text.CMD_SetRSSITransponder
                0x2000966c       0x90 ./src/SubSystemModules/Communication/SubsystemCommands/TRXVU_Commands.o
                0x2000966c                CMD_SetRSSITransponder
 .text.CMD_MuteTRXVU
                0x200096fc       0xc4 ./src/SubSystemModules/Communication/SubsystemCommands/TRXVU_Commands.o
                0x200096fc                CMD_MuteTRXVU
 .text.CMD_SetIdleState
                0x200097c0       0x94 ./src/SubSystemModules/Communication/SubsystemCommands/TRXVU_Commands.o
                0x200097c0                CMD_SetIdleState
 .text.CMD_UnMuteTRXVU
                0x20009854       0x38 ./src/SubSystemModules/Communication/SubsystemCommands/TRXVU_Commands.o
                0x20009854                CMD_UnMuteTRXVU
 .text.CMD_GetBaudRate
                0x2000988c       0x68 ./src/SubSystemModules/Communication/SubsystemCommands/TRXVU_Commands.o
                0x2000988c                CMD_GetBaudRate
 .text.CMD_TrasmitBeacon
                0x200098f4       0x48 ./src/SubSystemModules/Communication/SubsystemCommands/TRXVU_Commands.o
                0x200098f4                CMD_TrasmitBeacon
 .text.CMD_GetBeaconInterval
                0x2000993c       0x6c ./src/SubSystemModules/Communication/SubsystemCommands/TRXVU_Commands.o
                0x2000993c                CMD_GetBeaconInterval
 .text.CMD_SetBaudRate
                0x200099a8       0x60 ./src/SubSystemModules/Communication/SubsystemCommands/TRXVU_Commands.o
                0x200099a8                CMD_SetBaudRate
 .text.CMD_GetTxUptime
                0x20009a08       0x64 ./src/SubSystemModules/Communication/SubsystemCommands/TRXVU_Commands.o
                0x20009a08                CMD_GetTxUptime
 .text.CMD_GetRxUptime
                0x20009a6c       0x64 ./src/SubSystemModules/Communication/SubsystemCommands/TRXVU_Commands.o
                0x20009a6c                CMD_GetRxUptime
 .text.CMD_GetNumOfOnlineCommands
                0x20009ad0       0x64 ./src/SubSystemModules/Communication/SubsystemCommands/TRXVU_Commands.o
                0x20009ad0                CMD_GetNumOfOnlineCommands
 .text.CMD_AntSetArmStatus
                0x20009b34       0xa0 ./src/SubSystemModules/Communication/SubsystemCommands/TRXVU_Commands.o
                0x20009b34                CMD_AntSetArmStatus
 .text.CMD_AntGetArmStatus
                0x20009bd4       0x70 ./src/SubSystemModules/Communication/SubsystemCommands/TRXVU_Commands.o
                0x20009bd4                CMD_AntGetArmStatus
 .text.CMD_AntGetUptime
                0x20009c44       0x78 ./src/SubSystemModules/Communication/SubsystemCommands/TRXVU_Commands.o
                0x20009c44                CMD_AntGetUptime
 .text.CMD_StopReDeployment
                0x20009cbc       0xac ./src/SubSystemModules/Communication/SubsystemCommands/TRXVU_Commands.o
                0x20009cbc                CMD_StopReDeployment
 .text.CMD_AntCancelDeployment
                0x20009d68       0x68 ./src/SubSystemModules/Communication/SubsystemCommands/TRXVU_Commands.o
                0x20009d68                CMD_AntCancelDeployment
 .text.SendAckPacket
                0x20009dd0       0xe4 ./src/SubSystemModules/Communication/AckHandler.o
                0x20009dd0                SendAckPacket
 .text.trxvu_command_router
                0x20009eb4      0x548 ./src/SubSystemModules/Communication/CommandDictionary.o
                0x20009eb4                trxvu_command_router
 .text.eps_command_router
                0x2000a3fc       0xdc ./src/SubSystemModules/Communication/CommandDictionary.o
                0x2000a3fc                eps_command_router
 .text.telemetry_command_router
                0x2000a4d8      0x1f4 ./src/SubSystemModules/Communication/CommandDictionary.o
                0x2000a4d8                telemetry_command_router
 .text.managment_command_router
                0x2000a6cc      0x12c ./src/SubSystemModules/Communication/CommandDictionary.o
                0x2000a6cc                managment_command_router
 .text.filesystem_command_router
                0x2000a7f8       0x24 ./src/SubSystemModules/Communication/CommandDictionary.o
                0x2000a7f8                filesystem_command_router
 .text.ParseDataToCommand
                0x2000a81c      0x1ac ./src/SubSystemModules/Communication/SatCommandHandler.o
                0x2000a81c                ParseDataToCommand
 .text.AssembleCommand
                0x2000a9c8      0x148 ./src/SubSystemModules/Communication/SatCommandHandler.o
                0x2000a9c8                AssembleCommand
 .text.GetDelayedCommand
                0x2000ab10       0x24 ./src/SubSystemModules/Communication/SatCommandHandler.o
                0x2000ab10                GetDelayedCommand
 .text.AddDelayedCommand
                0x2000ab34       0x24 ./src/SubSystemModules/Communication/SatCommandHandler.o
                0x2000ab34                AddDelayedCommand
 .text.GetDelayedCommandBufferCount
                0x2000ab58       0x50 ./src/SubSystemModules/Communication/SatCommandHandler.o
                0x2000ab58                GetDelayedCommandBufferCount
 .text.GetDelayedCommandByIndex
                0x2000aba8       0x28 ./src/SubSystemModules/Communication/SatCommandHandler.o
                0x2000aba8                GetDelayedCommandByIndex
 .text.DeleteDelayedCommandByIndex
                0x2000abd0       0x24 ./src/SubSystemModules/Communication/SatCommandHandler.o
                0x2000abd0                DeleteDelayedCommandByIndex
 .text.DeleteDelayedBuffer
                0x2000abf4       0x1c ./src/SubSystemModules/Communication/SatCommandHandler.o
                0x2000abf4                DeleteDelayedBuffer
 .text.ActUponCommand
                0x2000ac10      0x108 ./src/SubSystemModules/Communication/SatCommandHandler.o
                0x2000ac10                ActUponCommand
 .text.setMuteEndTime
                0x2000ad18       0x40 ./src/SubSystemModules/Communication/TRXVU.o
                0x2000ad18                setMuteEndTime
 .text.getMuteEndTime
                0x2000ad58       0x44 ./src/SubSystemModules/Communication/TRXVU.o
                0x2000ad58                getMuteEndTime
 .text.setTransponderEndTime
                0x2000ad9c       0x40 ./src/SubSystemModules/Communication/TRXVU.o
                0x2000ad9c                setTransponderEndTime
 .text.getTransponderEndTime
                0x2000addc       0x44 ./src/SubSystemModules/Communication/TRXVU.o
                0x2000addc                getTransponderEndTime
 .text.setTransponderRSSIinFRAM
                0x2000ae20       0x44 ./src/SubSystemModules/Communication/TRXVU.o
                0x2000ae20                setTransponderRSSIinFRAM
 .text.getTransponderRSSIFromFRAM
                0x2000ae64       0x4c ./src/SubSystemModules/Communication/TRXVU.o
                0x2000ae64                getTransponderRSSIFromFRAM
 .text.InitTxModule
                0x2000aeb0       0x68 ./src/SubSystemModules/Communication/TRXVU.o
                0x2000aeb0                InitTxModule
 .text.CMD_SetBeaconInterval
                0x2000af18       0xdc ./src/SubSystemModules/Communication/TRXVU.o
                0x2000af18                CMD_SetBeaconInterval
 .text.InitBeaconParams
                0x2000aff4       0x3c ./src/SubSystemModules/Communication/TRXVU.o
                0x2000aff4                InitBeaconParams
 .text.InitSemaphores
                0x2000b030       0x98 ./src/SubSystemModules/Communication/TRXVU.o
                0x2000b030                InitSemaphores
 .text.InitTrxvu
                0x2000b0c8       0xec ./src/SubSystemModules/Communication/TRXVU.o
                0x2000b0c8                InitTrxvu
 .text.checkIdleFinish
                0x2000b1b4       0x68 ./src/SubSystemModules/Communication/TRXVU.o
                0x2000b1b4                checkIdleFinish
 .text.checkTransponderFinish
                0x2000b21c       0x98 ./src/SubSystemModules/Communication/TRXVU.o
                0x2000b21c                checkTransponderFinish
 .text.checkTransponderStart
                0x2000b2b4       0x50 ./src/SubSystemModules/Communication/TRXVU.o
                0x2000b2b4                checkTransponderStart
 .text.turnOnTransponder
                0x2000b304       0xa0 ./src/SubSystemModules/Communication/TRXVU.o
                0x2000b304                turnOnTransponder
 .text.SetRSSITransponder
                0x2000b3a4       0x80 ./src/SubSystemModules/Communication/TRXVU.o
                0x2000b3a4                SetRSSITransponder
 .text.TRX_Logic
                0x2000b424       0xd4 ./src/SubSystemModules/Communication/TRXVU.o
                0x2000b424                TRX_Logic
 .text.GetNumberOfFramesInBuffer
                0x2000b4f8       0x5c ./src/SubSystemModules/Communication/TRXVU.o
                0x2000b4f8                GetNumberOfFramesInBuffer
 .text.GetOnlineCommand
                0x2000b554      0x17c ./src/SubSystemModules/Communication/TRXVU.o
                0x2000b554                GetOnlineCommand
 .text.CheckTransmitionAllowed
                0x2000b6d0       0xc0 ./src/SubSystemModules/Communication/TRXVU.o
                0x2000b6d0                CheckTransmitionAllowed
 .text.FinishDump
                0x2000b790       0xf0 ./src/SubSystemModules/Communication/TRXVU.o
                0x2000b790                FinishDump
 .text.AbortDump
                0x2000b880       0x34 ./src/SubSystemModules/Communication/TRXVU.o
                0x2000b880                AbortDump
 .text.SendDumpAbortRequest
                0x2000b8b4       0x6c ./src/SubSystemModules/Communication/TRXVU.o
                0x2000b8b4                SendDumpAbortRequest
 .text.CheckDumpAbort
                0x2000b920       0x6c ./src/SubSystemModules/Communication/TRXVU.o
                0x2000b920                CheckDumpAbort
 .text.BeaconLogic
                0x2000b98c      0x1b8 ./src/SubSystemModules/Communication/TRXVU.o
                0x2000b98c                BeaconLogic
 .text.SetIdleState
                0x2000bb44      0x144 ./src/SubSystemModules/Communication/TRXVU.o
                0x2000bb44                SetIdleState
 .text.muteTRXVU
                0x2000bc88       0x74 ./src/SubSystemModules/Communication/TRXVU.o
                0x2000bc88                muteTRXVU
 .text.UnMuteTRXVU
                0x2000bcfc       0x14 ./src/SubSystemModules/Communication/TRXVU.o
                0x2000bcfc                UnMuteTRXVU
 .text.TransmitDataAsSPL_Packet
                0x2000bd10      0x114 ./src/SubSystemModules/Communication/TRXVU.o
                0x2000bd10                TransmitDataAsSPL_Packet
 .text.TransmitSplPacket
                0x2000be24      0x1cc ./src/SubSystemModules/Communication/TRXVU.o
                0x2000be24                TransmitSplPacket
 .text.isFirstActivation
                0x2000bff0       0x38 ./src/InitSystem.o
                0x2000bff0                isFirstActivation
 .text.WriteDefaultValuesToFRAM
                0x2000c028      0x1e8 ./src/InitSystem.o
                0x2000c028                WriteDefaultValuesToFRAM
 .text.StartFRAM
                0x2000c210       0x2c ./src/InitSystem.o
                0x2000c210                StartFRAM
 .text.StartI2C
                0x2000c23c       0x38 ./src/InitSystem.o
                0x2000c23c                StartI2C
 .text.StartSPI
                0x2000c274       0x34 ./src/InitSystem.o
                0x2000c274                StartSPI
 .text.StartTIME
                0x2000c2a8       0xbc ./src/InitSystem.o
                0x2000c2a8                StartTIME
 .text.DeploySystem
                0x2000c364      0x1a4 ./src/InitSystem.o
                0x2000c364                DeploySystem
 .text.InitSubsystems
                0x2000c508       0x60 ./src/InitSystem.o
                0x2000c508                InitSubsystems
 .text.CMD_getInfoImage
                0x2000c568      0x158 ./src/TLM_management.o
                0x2000c568                CMD_getInfoImage
 .text.CMD_getDataImage
                0x2000c6c0      0x218 ./src/TLM_management.o
                0x2000c6c0                CMD_getDataImage
 .text.delete_allTMFilesFromSD
                0x2000c8d8       0x8c ./src/TLM_management.o
                0x2000c8d8                delete_allTMFilesFromSD
 .text.deleteTLMFiles
                0x2000c964       0x94 ./src/TLM_management.o
                0x2000c964                deleteTLMFiles
 .text.deleteTLMFile
                0x2000c9f8       0xcc ./src/TLM_management.o
                0x2000c9f8                deleteTLMFile
 .text.deleteTLMbyMonth
                0x2000cac4       0x8c ./src/TLM_management.o
                0x2000cac4                deleteTLMbyMonth
 .text.deleteDirectory
                0x2000cb50       0xa0 ./src/TLM_management.o
                0x2000cb50                deleteDirectory
 .text.InitializeFS
                0x2000cbf0      0x100 ./src/TLM_management.o
                0x2000cbf0                InitializeFS
 .text.calculateFileName
                0x2000ccf0      0x130 ./src/TLM_management.o
                0x2000ccf0                calculateFileName
 .text.getTlmTypeInfo
                0x2000ce20      0x230 ./src/TLM_management.o
                0x2000ce20                getTlmTypeInfo
 .text.write2File
                0x2000d050      0x1dc ./src/TLM_management.o
                0x2000d050                write2File
 .text.printTLM
                0x2000d22c      0x490 ./src/TLM_management.o
                0x2000d22c                printTLM
 .text.readTLMFile
                0x2000d6bc      0x328 ./src/TLM_management.o
                0x2000d6bc                readTLMFile
 .text.readTLMFiles
                0x2000d9e4       0xdc ./src/TLM_management.o
                0x2000d9e4                readTLMFiles
 .text.readTLMFileTimeRange
                0x2000dac0      0x2f0 ./src/TLM_management.o
                0x2000dac0                readTLMFileTimeRange
 .text.DeInitializeFS
                0x2000ddb0       0x38 ./src/TLM_management.o
                0x2000ddb0                DeInitializeFS
 .text.main     0x2000dde8       0x98 ./src/main.o
                0x2000dde8                main
 .text.timeU2time
                0x2000de80       0xbc ./src/utils.o
                0x2000de80                timeU2time
 .text.logError
                0x2000df3c      0x134 ./src/utils.o
                0x2000df3c                logError
 .text.clearPDCtransfers
                0x2000e070       0xe8 C:/ISIS/workspace/ycube/GlobusSatProject/..//hal/hal/lib\libHALD.a(SPI.o)
 .text.SPI_start
                0x2000e158      0x4b0 C:/ISIS/workspace/ycube/GlobusSatProject/..//hal/hal/lib\libHALD.a(SPI.o)
                0x2000e158                SPI_start
 .text.SPI_stop
                0x2000e608      0x244 C:/ISIS/workspace/ycube/GlobusSatProject/..//hal/hal/lib\libHALD.a(SPI.o)
                0x2000e608                SPI_stop
 .text.SPI_queueTransfer
                0x2000e84c      0x1cc C:/ISIS/workspace/ycube/GlobusSatProject/..//hal/hal/lib\libHALD.a(SPI.o)
                0x2000e84c                SPI_queueTransfer
 .text.SPI_internalCallback
                0x2000ea18       0x64 C:/ISIS/workspace/ycube/GlobusSatProject/..//hal/hal/lib\libHALD.a(SPI.o)
 .text.SPI_writeRead
                0x2000ea7c      0x1c0 C:/ISIS/workspace/ycube/GlobusSatProject/..//hal/hal/lib\libHALD.a(SPI.o)
                0x2000ea7c                SPI_writeRead
 .text.waitForTransfer
                0x2000ec3c       0x78 C:/ISIS/workspace/ycube/GlobusSatProject/..//hal/hal/lib\libHALD.a(SPI.o)
 .text.SPI_getDriverState
                0x2000ecb4       0x58 C:/ISIS/workspace/ycube/GlobusSatProject/..//hal/hal/lib\libHALD.a(SPI.o)
                0x2000ecb4                SPI_getDriverState
 .text.validateTransferParameters
                0x2000ed0c      0x10c C:/ISIS/workspace/ycube/GlobusSatProject/..//hal/hal/lib\libHALD.a(I2C.o)
 .text.I2C_queueTransfer
                0x2000ee18       0xfc C:/ISIS/workspace/ycube/GlobusSatProject/..//hal/hal/lib\libHALD.a(I2C.o)
                0x2000ee18                I2C_queueTransfer
 .text.I2C_internalCallback
                0x2000ef14       0x64 C:/ISIS/workspace/ycube/GlobusSatProject/..//hal/hal/lib\libHALD.a(I2C.o)
 .text.I2C_doBlockingTransfer
                0x2000ef78      0x180 C:/ISIS/workspace/ycube/GlobusSatProject/..//hal/hal/lib\libHALD.a(I2C.o)
 .text.I2C_write
                0x2000f0f8      0x110 C:/ISIS/workspace/ycube/GlobusSatProject/..//hal/hal/lib\libHALD.a(I2C.o)
                0x2000f0f8                I2C_write
 .text.I2C_read
                0x2000f208      0x110 C:/ISIS/workspace/ycube/GlobusSatProject/..//hal/hal/lib\libHALD.a(I2C.o)
                0x2000f208                I2C_read
 .text.I2C_writeRead
                0x2000f318      0x17c C:/ISIS/workspace/ycube/GlobusSatProject/..//hal/hal/lib\libHALD.a(I2C.o)
                0x2000f318                I2C_writeRead
 .text.I2C_start
                0x2000f494      0x2e8 C:/ISIS/workspace/ycube/GlobusSatProject/..//hal/hal/lib\libHALD.a(I2C.o)
                0x2000f494                I2C_start
 .text.I2C_stop
                0x2000f77c      0x184 C:/ISIS/workspace/ycube/GlobusSatProject/..//hal/hal/lib\libHALD.a(I2C.o)
                0x2000f77c                I2C_stop
 .text.I2C_setTransferTimeout
                0x2000f900       0x48 C:/ISIS/workspace/ycube/GlobusSatProject/..//hal/hal/lib\libHALD.a(I2C.o)
                0x2000f900                I2C_setTransferTimeout
 .text.ADC_ConvertRaw10bitToMillivolt
                0x2000f948       0x50 C:/ISIS/workspace/ycube/GlobusSatProject/..//hal/hal/lib\libHALD.a(ADC.o)
                0x2000f948                ADC_ConvertRaw10bitToMillivolt
 .text.ADC_SingleShot
                0x2000f998      0x230 C:/ISIS/workspace/ycube/GlobusSatProject/..//hal/hal/lib\libHALD.a(ADC.o)
                0x2000f998                ADC_SingleShot
 .text.FRAM_start
                0x2000fbc8      0x120 C:/ISIS/workspace/ycube/GlobusSatProject/..//hal/hal/lib\libHALD.a(FRAM.o)
                0x2000fbc8                FRAM_start
 .text.FRAM_stop
                0x2000fce8       0x6c C:/ISIS/workspace/ycube/GlobusSatProject/..//hal/hal/lib\libHALD.a(FRAM.o)
                0x2000fce8                FRAM_stop
 .text.FRAM_dummyCallback
                0x2000fd54       0x24 C:/ISIS/workspace/ycube/GlobusSatProject/..//hal/hal/lib\libHALD.a(FRAM.o)
                0x2000fd54                FRAM_dummyCallback
 .text.FRAM_unlockingCallback
                0x2000fd78       0x64 C:/ISIS/workspace/ycube/GlobusSatProject/..//hal/hal/lib\libHALD.a(FRAM.o)
                0x2000fd78                FRAM_unlockingCallback
 .text.doBlockingTransfer
                0x2000fddc       0x78 C:/ISIS/workspace/ycube/GlobusSatProject/..//hal/hal/lib\libHALD.a(FRAM.o)
 .text.FRAM_writePacket
                0x2000fe54      0x134 C:/ISIS/workspace/ycube/GlobusSatProject/..//hal/hal/lib\libHALD.a(FRAM.o)
 .text.FRAM_write
                0x2000ff88      0x1e0 C:/ISIS/workspace/ycube/GlobusSatProject/..//hal/hal/lib\libHALD.a(FRAM.o)
                0x2000ff88                FRAM_write
 .text.FRAM_readPacket
                0x20010168       0xf0 C:/ISIS/workspace/ycube/GlobusSatProject/..//hal/hal/lib\libHALD.a(FRAM.o)
 .text.FRAM_read
                0x20010258      0x1ec C:/ISIS/workspace/ycube/GlobusSatProject/..//hal/hal/lib\libHALD.a(FRAM.o)
                0x20010258                FRAM_read
 .text.Time_start
                0x20010444      0x170 C:/ISIS/workspace/ycube/GlobusSatProject/..//hal/hal/lib\libHALD.a(Time.o)
                0x20010444                Time_start
 .text.taskTimeSync
                0x200105b4       0x64 C:/ISIS/workspace/ycube/GlobusSatProject/..//hal/hal/lib\libHALD.a(Time.o)
 .text.Time_convertEpochToTime
                0x20010618      0x100 C:/ISIS/workspace/ycube/GlobusSatProject/..//hal/hal/lib\libHALD.a(Time.o)
                0x20010618                Time_convertEpochToTime
 .text.Time_calculateSecondsOfYear
                0x20010718       0xd8 C:/ISIS/workspace/ycube/GlobusSatProject/..//hal/hal/lib\libHALD.a(Time.o)
 .text.Time_set
                0x200107f0       0xd8 C:/ISIS/workspace/ycube/GlobusSatProject/..//hal/hal/lib\libHALD.a(Time.o)
                0x200107f0                Time_set
 .text.Time_isLeapYear
                0x200108c8       0x98 C:/ISIS/workspace/ycube/GlobusSatProject/..//hal/hal/lib\libHALD.a(Time.o)
                0x200108c8                Time_isLeapYear
 .text.Time_get
                0x20010960      0x478 C:/ISIS/workspace/ycube/GlobusSatProject/..//hal/hal/lib\libHALD.a(Time.o)
                0x20010960                Time_get
 .text.Time_getUnixEpoch
                0x20010dd8      0x108 C:/ISIS/workspace/ycube/GlobusSatProject/..//hal/hal/lib\libHALD.a(Time.o)
                0x20010dd8                Time_getUnixEpoch
 .text.Time_secondsOfYearToTime
                0x20010ee0      0x33c C:/ISIS/workspace/ycube/GlobusSatProject/..//hal/hal/lib\libHALD.a(Time.o)
 .text.Time_setUnixEpoch
                0x2001121c       0x54 C:/ISIS/workspace/ycube/GlobusSatProject/..//hal/hal/lib\libHALD.a(Time.o)
                0x2001121c                Time_setUnixEpoch
 .text.Time_getUptimeSeconds
                0x20011270       0x28 C:/ISIS/workspace/ycube/GlobusSatProject/..//hal/hal/lib\libHALD.a(Time.o)
                0x20011270                Time_getUptimeSeconds
 .text.Time_sync
                0x20011298      0x1a8 C:/ISIS/workspace/ycube/GlobusSatProject/..//hal/hal/lib\libHALD.a(Time.o)
                0x20011298                Time_sync
 .text.Time_syncIfNeeded
                0x20011440       0xac C:/ISIS/workspace/ycube/GlobusSatProject/..//hal/hal/lib\libHALD.a(Time.o)
                0x20011440                Time_syncIfNeeded
 .text.WDT_start
                0x200114ec       0x48 C:/ISIS/workspace/ycube/GlobusSatProject/..//hal/hal/lib\libHALD.a(WatchDogTimerNoOS.o)
                0x200114ec                WDT_start
 .text.RTT_start
                0x20011534       0x24 C:/ISIS/workspace/ycube/GlobusSatProject/..//hal/hal/lib\libHALD.a(RTT.o)
                0x20011534                RTT_start
 .text.RTT_GetTime
                0x20011558       0x24 C:/ISIS/workspace/ycube/GlobusSatProject/..//hal/hal/lib\libHALD.a(RTT.o)
                0x20011558                RTT_GetTime
 .text.RTC_start
                0x2001157c       0x3c C:/ISIS/workspace/ycube/GlobusSatProject/..//hal/hal/lib\libHALD.a(RTC.o)
                0x2001157c                RTC_start
 .text.RTC_setTime
                0x200115b8      0x2a4 C:/ISIS/workspace/ycube/GlobusSatProject/..//hal/hal/lib\libHALD.a(RTC.o)
                0x200115b8                RTC_setTime
 .text.RTC_getTime
                0x2001185c      0x230 C:/ISIS/workspace/ycube/GlobusSatProject/..//hal/hal/lib\libHALD.a(RTC.o)
                0x2001185c                RTC_getTime
 .text.RTC_checkTimeValid
                0x20011a8c       0xd8 C:/ISIS/workspace/ycube/GlobusSatProject/..//hal/hal/lib\libHALD.a(RTC.o)
                0x20011a8c                RTC_checkTimeValid
 .text.WDT_startWatchdogKickTask
                0x20011b64       0xb4 C:/ISIS/workspace/ycube/GlobusSatProject/..//hal/hal/lib\libHALD.a(WatchDogTimerOS.o)
                0x20011b64                WDT_startWatchdogKickTask
 .text.WDT_forceKickEveryNms
                0x20011c18       0x50 C:/ISIS/workspace/ycube/GlobusSatProject/..//hal/hal/lib\libHALD.a(WatchDogTimerOS.o)
                0x20011c18                WDT_forceKickEveryNms
 .text.f_puts   0x20011c68       0x80 C:/ISIS/workspace/ycube/GlobusSatProject/..//hal/hal/lib\libHALD.a(fprintf.o)
                0x20011c68                f_puts
 .text.UTIL_DbguGetInteger
                0x20011ce8      0x168 C:/ISIS/workspace/ycube/GlobusSatProject/..//hal/hal/lib\libHALD.a(util.o)
                0x20011ce8                UTIL_DbguGetInteger
 .text.UTIL_DbguGetIntegerMinMax
                0x20011e50       0xa4 C:/ISIS/workspace/ycube/GlobusSatProject/..//hal/hal/lib\libHALD.a(util.o)
                0x20011e50                UTIL_DbguGetIntegerMinMax
 .text.LED_glow
                0x20011ef4       0x58 C:/ISIS/workspace/ycube/GlobusSatProject/..//hal/hal/lib\libHALD.a(LED.o)
                0x20011ef4                LED_glow
 .text.LED_dark
                0x20011f4c       0x58 C:/ISIS/workspace/ycube/GlobusSatProject/..//hal/hal/lib\libHALD.a(LED.o)
                0x20011f4c                LED_dark
 .text.LED_toggle
                0x20011fa4       0x50 C:/ISIS/workspace/ycube/GlobusSatProject/..//hal/hal/lib\libHALD.a(LED.o)
                0x20011fa4                LED_toggle
 .text.fm_initvolume
                0x20011ff4       0x70 C:/ISIS/workspace/ycube/GlobusSatProject/..//hal/hcc/lib\libHCCD.a(fat_m.o)
                0x20011ff4                fm_initvolume
 .text.fm_delvolume
                0x20012064       0x60 C:/ISIS/workspace/ycube/GlobusSatProject/..//hal/hcc/lib\libHCCD.a(fat_m.o)
                0x20012064                fm_delvolume
 .text.fm_getdrive
                0x200120c4       0x70 C:/ISIS/workspace/ycube/GlobusSatProject/..//hal/hcc/lib\libHCCD.a(fat_m.o)
                0x200120c4                fm_getdrive
 .text.fm_getfreespace
                0x20012134       0x68 C:/ISIS/workspace/ycube/GlobusSatProject/..//hal/hcc/lib\libHCCD.a(fat_m.o)
                0x20012134                fm_getfreespace
 .text.fm_mkdir
                0x2001219c       0x60 C:/ISIS/workspace/ycube/GlobusSatProject/..//hal/hcc/lib\libHCCD.a(fat_m.o)
                0x2001219c                fm_mkdir
 .text.fm_rmdir
                0x200121fc       0x60 C:/ISIS/workspace/ycube/GlobusSatProject/..//hal/hcc/lib\libHCCD.a(fat_m.o)
                0x200121fc                fm_rmdir
 .text.fm_findfirst
                0x2001225c       0x68 C:/ISIS/workspace/ycube/GlobusSatProject/..//hal/hcc/lib\libHCCD.a(fat_m.o)
                0x2001225c                fm_findfirst
 .text.fm_findnext
                0x200122c4       0x60 C:/ISIS/workspace/ycube/GlobusSatProject/..//hal/hcc/lib\libHCCD.a(fat_m.o)
                0x200122c4                fm_findnext
 .text.fm_close
                0x20012324       0x60 C:/ISIS/workspace/ycube/GlobusSatProject/..//hal/hcc/lib\libHCCD.a(fat_m.o)
                0x20012324                fm_close
 .text.fm_flush
                0x20012384       0x60 C:/ISIS/workspace/ycube/GlobusSatProject/..//hal/hcc/lib\libHCCD.a(fat_m.o)
                0x20012384                fm_flush
 .text.fm_open  0x200123e4       0x68 C:/ISIS/workspace/ycube/GlobusSatProject/..//hal/hcc/lib\libHCCD.a(fat_m.o)
                0x200123e4                fm_open
 .text.fm_read  0x2001244c       0x7c C:/ISIS/workspace/ycube/GlobusSatProject/..//hal/hcc/lib\libHCCD.a(fat_m.o)
                0x2001244c                fm_read
 .text.fm_write
                0x200124c8       0x7c C:/ISIS/workspace/ycube/GlobusSatProject/..//hal/hcc/lib\libHCCD.a(fat_m.o)
                0x200124c8                fm_write
 .text.fm_seek  0x20012544       0x70 C:/ISIS/workspace/ycube/GlobusSatProject/..//hal/hcc/lib\libHCCD.a(fat_m.o)
                0x20012544                fm_seek
 .text.fm_tell  0x200125b4       0x60 C:/ISIS/workspace/ycube/GlobusSatProject/..//hal/hcc/lib\libHCCD.a(fat_m.o)
                0x200125b4                fm_tell
 .text.fm_putc  0x20012614       0x68 C:/ISIS/workspace/ycube/GlobusSatProject/..//hal/hcc/lib\libHCCD.a(fat_m.o)
                0x20012614                fm_putc
 .text.fm_rewind
                0x2001267c       0x60 C:/ISIS/workspace/ycube/GlobusSatProject/..//hal/hcc/lib\libHCCD.a(fat_m.o)
                0x2001267c                fm_rewind
 .text.fm_delete
                0x200126dc       0x64 C:/ISIS/workspace/ycube/GlobusSatProject/..//hal/hcc/lib\libHCCD.a(fat_m.o)
                0x200126dc                fm_delete
 .text.fm_getlasterror
                0x20012740       0x40 C:/ISIS/workspace/ycube/GlobusSatProject/..//hal/hcc/lib\libHCCD.a(fat_m.o)
                0x20012740                fm_getlasterror
 .text._f_invalidatedir
                0x20012780       0x28 C:/ISIS/workspace/ycube/GlobusSatProject/..//hal/hcc/lib\libHCCD.a(fat.o)
                0x20012780                _f_invalidatedir
 .text._f_getdirsector
                0x200127a8       0x88 C:/ISIS/workspace/ycube/GlobusSatProject/..//hal/hcc/lib\libHCCD.a(fat.o)
                0x200127a8                _f_getdirsector
 .text._f_writedirsector
                0x20012830       0x74 C:/ISIS/workspace/ycube/GlobusSatProject/..//hal/hcc/lib\libHCCD.a(fat.o)
                0x20012830                _f_writedirsector
 .text._f_checknameinv
                0x200128a4      0x180 C:/ISIS/workspace/ycube/GlobusSatProject/..//hal/hcc/lib\libHCCD.a(fat.o)
 .text._f_checkname
                0x20012a24       0x7c C:/ISIS/workspace/ycube/GlobusSatProject/..//hal/hcc/lib\libHCCD.a(fat.o)
 .text._f_checknamewc
                0x20012aa0       0xf8 C:/ISIS/workspace/ycube/GlobusSatProject/..//hal/hcc/lib\libHCCD.a(fat.o)
 .text._f_setnameext
                0x20012b98      0x300 C:/ISIS/workspace/ycube/GlobusSatProject/..//hal/hcc/lib\libHCCD.a(fat.o)
 .text._f_setfsname
                0x20012e98      0x584 C:/ISIS/workspace/ycube/GlobusSatProject/..//hal/hcc/lib\libHCCD.a(fat.o)
 .text._f_findfile
                0x2001341c      0x30c C:/ISIS/workspace/ycube/GlobusSatProject/..//hal/hcc/lib\libHCCD.a(fat.o)
 .text._f_cmp_wname
                0x20013728      0x274 C:/ISIS/workspace/ycube/GlobusSatProject/..//hal/hcc/lib\libHCCD.a(fat.o)
 .text._f_to_string
                0x2001399c      0x130 C:/ISIS/workspace/ycube/GlobusSatProject/..//hal/hcc/lib\libHCCD.a(fat.o)
 .text._f_findfilewc
                0x20013acc      0x278 C:/ISIS/workspace/ycube/GlobusSatProject/..//hal/hcc/lib\libHCCD.a(fat.o)
 .text._f_getfilename
                0x20013d44      0x20c C:/ISIS/workspace/ycube/GlobusSatProject/..//hal/hcc/lib\libHCCD.a(fat.o)
 .text._f_findpath
                0x20013f50      0x35c C:/ISIS/workspace/ycube/GlobusSatProject/..//hal/hcc/lib\libHCCD.a(fat.o)
 .text.fn_getdcwd
                0x200142ac      0x1e0 C:/ISIS/workspace/ycube/GlobusSatProject/..//hal/hcc/lib\libHCCD.a(fat.o)
                0x200142ac                fn_getdcwd
 .text.fn_findfirst
                0x2001448c      0x13c C:/ISIS/workspace/ycube/GlobusSatProject/..//hal/hcc/lib\libHCCD.a(fat.o)
                0x2001448c                fn_findfirst
 .text.fn_findnext
                0x200145c8      0x360 C:/ISIS/workspace/ycube/GlobusSatProject/..//hal/hcc/lib\libHCCD.a(fat.o)
                0x200145c8                fn_findnext
 .text._f_lock_resfile
                0x20014928       0x6c C:/ISIS/workspace/ycube/GlobusSatProject/..//hal/hcc/lib\libHCCD.a(fat.o)
 .text._f_unlock_resfile
                0x20014994       0x40 C:/ISIS/workspace/ycube/GlobusSatProject/..//hal/hcc/lib\libHCCD.a(fat.o)
 .text._f_getintfile
                0x200149d4      0x124 C:/ISIS/workspace/ycube/GlobusSatProject/..//hal/hcc/lib\libHCCD.a(fat.o)
 .text._f_addentry
                0x20014af8      0x540 C:/ISIS/workspace/ycube/GlobusSatProject/..//hal/hcc/lib\libHCCD.a(fat.o)
 .text.fn_mkdir
                0x20015038      0x75c C:/ISIS/workspace/ycube/GlobusSatProject/..//hal/hcc/lib\libHCCD.a(fat.o)
                0x20015038                fn_mkdir
 .text.fn_open_sub
                0x20015794     0x1698 C:/ISIS/workspace/ycube/GlobusSatProject/..//hal/hcc/lib\libHCCD.a(fat.o)
 .text.fn_open  0x20016e2c       0x44 C:/ISIS/workspace/ycube/GlobusSatProject/..//hal/hcc/lib\libHCCD.a(fat.o)
                0x20016e2c                fn_open
 .text.fn_delete
                0x20016e70      0x490 C:/ISIS/workspace/ycube/GlobusSatProject/..//hal/hcc/lib\libHCCD.a(fat.o)
                0x20016e70                fn_delete
 .text.fn_rmdir
                0x20017300      0x5ac C:/ISIS/workspace/ycube/GlobusSatProject/..//hal/hcc/lib\libHCCD.a(fat.o)
                0x20017300                fn_rmdir
 .text.fn_init  0x200178ac      0x2dc C:/ISIS/workspace/ycube/GlobusSatProject/..//hal/hcc/lib\libHCCD.a(fat_common.o)
                0x200178ac                fn_init
 .text.fn_start
                0x20017b88       0x1c C:/ISIS/workspace/ycube/GlobusSatProject/..//hal/hcc/lib\libHCCD.a(fat_common.o)
                0x20017b88                fn_start
 .text.fsn_delete
                0x20017ba4       0xc8 C:/ISIS/workspace/ycube/GlobusSatProject/..//hal/hcc/lib\libHCCD.a(fat_common.o)
                0x20017ba4                fsn_delete
 .text._f_get16bitl
                0x20017c6c       0x4c C:/ISIS/workspace/ycube/GlobusSatProject/..//hal/hcc/lib\libHCCD.a(fat_common.o)
                0x20017c6c                _f_get16bitl
 .text._f_set16bitl
                0x20017cb8       0x54 C:/ISIS/workspace/ycube/GlobusSatProject/..//hal/hcc/lib\libHCCD.a(fat_common.o)
                0x20017cb8                _f_set16bitl
 .text._f_get32bitl
                0x20017d0c       0x68 C:/ISIS/workspace/ycube/GlobusSatProject/..//hal/hcc/lib\libHCCD.a(fat_common.o)
                0x20017d0c                _f_get32bitl
 .text._f_set32bitl
                0x20017d74       0x78 C:/ISIS/workspace/ycube/GlobusSatProject/..//hal/hcc/lib\libHCCD.a(fat_common.o)
                0x20017d74                _f_set32bitl
 .text._get8bit
                0x20017dec       0xa0 C:/ISIS/workspace/ycube/GlobusSatProject/..//hal/hcc/lib\libHCCD.a(fat_common.o)
 .text._get16bitl
                0x20017e8c       0x40 C:/ISIS/workspace/ycube/GlobusSatProject/..//hal/hcc/lib\libHCCD.a(fat_common.o)
 .text._get32bitl
                0x20017ecc       0x3c C:/ISIS/workspace/ycube/GlobusSatProject/..//hal/hcc/lib\libHCCD.a(fat_common.o)
 .text._f_setcardremoved
                0x20017f08       0x94 C:/ISIS/workspace/ycube/GlobusSatProject/..//hal/hcc/lib\libHCCD.a(fat_common.o)
 .text._f_checkstatus
                0x20017f9c      0x104 C:/ISIS/workspace/ycube/GlobusSatProject/..//hal/hcc/lib\libHCCD.a(fat_common.o)
                0x20017f9c                _f_checkstatus
 .text._f_drvgetphy
                0x200180a0      0x114 C:/ISIS/workspace/ycube/GlobusSatProject/..//hal/hcc/lib\libHCCD.a(fat_common.o)
 .text._f_drvwritesector
                0x200181b4       0xdc C:/ISIS/workspace/ycube/GlobusSatProject/..//hal/hcc/lib\libHCCD.a(fat_common.o)
 .text._f_drvreadsector
                0x20018290       0xa8 C:/ISIS/workspace/ycube/GlobusSatProject/..//hal/hcc/lib\libHCCD.a(fat_common.o)
 .text._f_writesector
                0x20018338      0x23c C:/ISIS/workspace/ycube/GlobusSatProject/..//hal/hcc/lib\libHCCD.a(fat_common.o)
                0x20018338                _f_writesector
 .text._f_readsector
                0x20018574      0x1dc C:/ISIS/workspace/ycube/GlobusSatProject/..//hal/hcc/lib\libHCCD.a(fat_common.o)
                0x20018574                _f_readsector
 .text._f_getmaxcluster
                0x20018750       0x94 C:/ISIS/workspace/ycube/GlobusSatProject/..//hal/hcc/lib\libHCCD.a(fat_common.o)
                0x20018750                _f_getmaxcluster
 .text._getsectorfromcluster
                0x200187e4       0x68 C:/ISIS/workspace/ycube/GlobusSatProject/..//hal/hcc/lib\libHCCD.a(fat_common.o)
 .text._f_buildsectors
                0x2001884c      0x268 C:/ISIS/workspace/ycube/GlobusSatProject/..//hal/hcc/lib\libHCCD.a(fat_common.o)
 .text._f_getbootrecord
                0x20018ab4      0x5e4 C:/ISIS/workspace/ycube/GlobusSatProject/..//hal/hcc/lib\libHCCD.a(fat_common.o)
 .text._f_readbootrecord
                0x20019098      0x4f8 C:/ISIS/workspace/ycube/GlobusSatProject/..//hal/hcc/lib\libHCCD.a(fat_common.o)
 .text._f_flushcffiles
                0x20019590      0x17c C:/ISIS/workspace/ycube/GlobusSatProject/..//hal/hcc/lib\libHCCD.a(fat_common.o)
                0x20019590                _f_flushcffiles
 .text._f_fatcache_flush
                0x2001970c      0x270 C:/ISIS/workspace/ycube/GlobusSatProject/..//hal/hcc/lib\libHCCD.a(fat_common.o)
                0x2001970c                _f_fatcache_flush
 .text._f_writefatsector
                0x2001997c      0x100 C:/ISIS/workspace/ycube/GlobusSatProject/..//hal/hcc/lib\libHCCD.a(fat_common.o)
                0x2001997c                _f_writefatsector
 .text._f_getfatsector
                0x20019a7c      0x3bc C:/ISIS/workspace/ycube/GlobusSatProject/..//hal/hcc/lib\libHCCD.a(fat_common.o)
 .text._f_setclustervalue
                0x20019e38      0x490 C:/ISIS/workspace/ycube/GlobusSatProject/..//hal/hcc/lib\libHCCD.a(fat_common.o)
                0x20019e38                _f_setclustervalue
 .text._f_getclustervalue
                0x2001a2c8      0x388 C:/ISIS/workspace/ycube/GlobusSatProject/..//hal/hcc/lib\libHCCD.a(fat_common.o)
                0x2001a2c8                _f_getclustervalue
 .text._f_close_drive_files
                0x2001a650       0xac C:/ISIS/workspace/ycube/GlobusSatProject/..//hal/hcc/lib\libHCCD.a(fat_common.o)
 .text._f_inc_mount_count
                0x2001a6fc       0xa4 C:/ISIS/workspace/ycube/GlobusSatProject/..//hal/hcc/lib\libHCCD.a(fat_common.o)
 .text._f_getvolume
                0x2001a7a0      0x2f8 C:/ISIS/workspace/ycube/GlobusSatProject/..//hal/hcc/lib\libHCCD.a(fat_common.o)
                0x2001a7a0                _f_getvolume
 .text.fn_createdriver
                0x2001aa98      0x118 C:/ISIS/workspace/ycube/GlobusSatProject/..//hal/hcc/lib\libHCCD.a(fat_common.o)
                0x2001aa98                fn_createdriver
 .text.fn_initvolume
                0x2001abb0      0x12c C:/ISIS/workspace/ycube/GlobusSatProject/..//hal/hcc/lib\libHCCD.a(fat_common.o)
                0x2001abb0                fn_initvolume
 .text.fn_releasedriver
                0x2001acdc       0xf4 C:/ISIS/workspace/ycube/GlobusSatProject/..//hal/hcc/lib\libHCCD.a(fat_common.o)
                0x2001acdc                fn_releasedriver
 .text.fn_initvolumepartition_sub
                0x2001add0       0xe0 C:/ISIS/workspace/ycube/GlobusSatProject/..//hal/hcc/lib\libHCCD.a(fat_common.o)
 .text.fn_initvolumepartition
                0x2001aeb0       0xac C:/ISIS/workspace/ycube/GlobusSatProject/..//hal/hcc/lib\libHCCD.a(fat_common.o)
                0x2001aeb0                fn_initvolumepartition
 .text.fn_delvolume
                0x2001af5c      0x194 C:/ISIS/workspace/ycube/GlobusSatProject/..//hal/hcc/lib\libHCCD.a(fat_common.o)
                0x2001af5c                fn_delvolume
 .text._f_clustertopos
                0x2001b0f0       0xf8 C:/ISIS/workspace/ycube/GlobusSatProject/..//hal/hcc/lib\libHCCD.a(fat_common.o)
                0x2001b0f0                _f_clustertopos
 .text._f_getcurrsector
                0x2001b1e8      0x6c8 C:/ISIS/workspace/ycube/GlobusSatProject/..//hal/hcc/lib\libHCCD.a(fat_common.o)
                0x2001b1e8                _f_getcurrsector
 .text._f_getdecluster
                0x2001b8b0       0x90 C:/ISIS/workspace/ycube/GlobusSatProject/..//hal/hcc/lib\libHCCD.a(fat_common.o)
                0x2001b8b0                _f_getdecluster
 .text._f_setdecluster
                0x2001b940       0x8c C:/ISIS/workspace/ycube/GlobusSatProject/..//hal/hcc/lib\libHCCD.a(fat_common.o)
                0x2001b940                _f_setdecluster
 .text.fn_getdrive
                0x2001b9cc       0x30 C:/ISIS/workspace/ycube/GlobusSatProject/..//hal/hcc/lib\libHCCD.a(fat_common.o)
                0x2001b9cc                fn_getdrive
 .text._f_getcurrenttimedate
                0x2001b9fc      0x138 C:/ISIS/workspace/ycube/GlobusSatProject/..//hal/hcc/lib\libHCCD.a(fat_common.o)
                0x2001b9fc                _f_getcurrenttimedate
 .text._f_initentry
                0x2001bb34       0xa0 C:/ISIS/workspace/ycube/GlobusSatProject/..//hal/hcc/lib\libHCCD.a(fat_common.o)
                0x2001bb34                _f_initentry
 .text._f_alloccluster
                0x2001bbd4      0x344 C:/ISIS/workspace/ycube/GlobusSatProject/..//hal/hcc/lib\libHCCD.a(fat_common.o)
                0x2001bbd4                _f_alloccluster
 .text._f_dobadblock
                0x2001bf18      0x2cc C:/ISIS/workspace/ycube/GlobusSatProject/..//hal/hcc/lib\libHCCD.a(fat_common.o)
                0x2001bf18                _f_dobadblock
 .text._f_checklocked
                0x2001c1e4       0xe4 C:/ISIS/workspace/ycube/GlobusSatProject/..//hal/hcc/lib\libHCCD.a(fat_common.o)
                0x2001c1e4                _f_checklocked
 .text._f_checkappendlocked
                0x2001c2c8      0x110 C:/ISIS/workspace/ycube/GlobusSatProject/..//hal/hcc/lib\libHCCD.a(fat_common.o)
                0x2001c2c8                _f_checkappendlocked
 .text._f_setsyncafile
                0x2001c3d8      0x114 C:/ISIS/workspace/ycube/GlobusSatProject/..//hal/hcc/lib\libHCCD.a(fat_common.o)
                0x2001c3d8                _f_setsyncafile
 .text._f_syncfiles
                0x2001c4ec      0x128 C:/ISIS/workspace/ycube/GlobusSatProject/..//hal/hcc/lib\libHCCD.a(fat_common.o)
                0x2001c4ec                _f_syncfiles
 .text._f_syncfilescontent
                0x2001c614      0x15c C:/ISIS/workspace/ycube/GlobusSatProject/..//hal/hcc/lib\libHCCD.a(fat_common.o)
 .text.fn_getfreespace
                0x2001c770      0x4c0 C:/ISIS/workspace/ycube/GlobusSatProject/..//hal/hcc/lib\libHCCD.a(fat_common.o)
                0x2001c770                fn_getfreespace
 .text._f_emptywritecache
                0x2001cc30      0x4a4 C:/ISIS/workspace/ycube/GlobusSatProject/..//hal/hcc/lib\libHCCD.a(fat_common.o)
 .text._f_allocnextcluster
                0x2001d0d4      0x54c C:/ISIS/workspace/ycube/GlobusSatProject/..//hal/hcc/lib\libHCCD.a(fat_common.o)
 .text._f_emptywritebuffer
                0x2001d620      0x20c C:/ISIS/workspace/ycube/GlobusSatProject/..//hal/hcc/lib\libHCCD.a(fat_common.o)
 .text._f_writezeros
                0x2001d82c       0xf0 C:/ISIS/workspace/ycube/GlobusSatProject/..//hal/hcc/lib\libHCCD.a(fat_common.o)
                0x2001d82c                _f_writezeros
 .text._f_extend_file
                0x2001d91c      0x570 C:/ISIS/workspace/ycube/GlobusSatProject/..//hal/hcc/lib\libHCCD.a(fat_common.o)
 .text._f_fseek
                0x2001de8c      0x9bc C:/ISIS/workspace/ycube/GlobusSatProject/..//hal/hcc/lib\libHCCD.a(fat_common.o)
                0x2001de8c                _f_fseek
 .text._f_removechain
                0x2001e848      0x104 C:/ISIS/workspace/ycube/GlobusSatProject/..//hal/hcc/lib\libHCCD.a(fat_common.o)
                0x2001e848                _f_removechain
 .text._f_updatefileentry
                0x2001e94c      0x1cc C:/ISIS/workspace/ycube/GlobusSatProject/..//hal/hcc/lib\libHCCD.a(fat_common.o)
 .text._f_checkreadlocked
                0x2001eb18      0x1bc C:/ISIS/workspace/ycube/GlobusSatProject/..//hal/hcc/lib\libHCCD.a(fat_common.o)
                0x2001eb18                _f_checkreadlocked
 .text._f_check_handle
                0x2001ecd4       0x98 C:/ISIS/workspace/ycube/GlobusSatProject/..//hal/hcc/lib\libHCCD.a(fat_common.o)
                0x2001ecd4                _f_check_handle
 .text._f_removesyncafile
                0x2001ed6c      0x1ec C:/ISIS/workspace/ycube/GlobusSatProject/..//hal/hcc/lib\libHCCD.a(fat_common.o)
 .text.fn_close
                0x2001ef58      0x3f8 C:/ISIS/workspace/ycube/GlobusSatProject/..//hal/hcc/lib\libHCCD.a(fat_common.o)
                0x2001ef58                fn_close
 .text.fn_flush
                0x2001f350      0x374 C:/ISIS/workspace/ycube/GlobusSatProject/..//hal/hcc/lib\libHCCD.a(fat_common.o)
                0x2001f350                fn_flush
 .text.fn_read  0x2001f6c4      0x690 C:/ISIS/workspace/ycube/GlobusSatProject/..//hal/hcc/lib\libHCCD.a(fat_common.o)
                0x2001f6c4                fn_read
 .text._f_abortwrite
                0x2001fd54      0x100 C:/ISIS/workspace/ycube/GlobusSatProject/..//hal/hcc/lib\libHCCD.a(fat_common.o)
 .text._f_checkwritecluster
                0x2001fe54       0xe4 C:/ISIS/workspace/ycube/GlobusSatProject/..//hal/hcc/lib\libHCCD.a(fat_common.o)
 .text.fn_write
                0x2001ff38      0x8a8 C:/ISIS/workspace/ycube/GlobusSatProject/..//hal/hcc/lib\libHCCD.a(fat_common.o)
                0x2001ff38                fn_write
 .text.fn_seek  0x200207e0      0x270 C:/ISIS/workspace/ycube/GlobusSatProject/..//hal/hcc/lib\libHCCD.a(fat_common.o)
                0x200207e0                fn_seek
 .text.fn_tell  0x20020a50      0x19c C:/ISIS/workspace/ycube/GlobusSatProject/..//hal/hcc/lib\libHCCD.a(fat_common.o)
                0x20020a50                fn_tell
 .text.fn_rewind
                0x20020bec       0x38 C:/ISIS/workspace/ycube/GlobusSatProject/..//hal/hcc/lib\libHCCD.a(fat_common.o)
                0x20020bec                fn_rewind
 .text.fn_putc  0x20020c24       0x68 C:/ISIS/workspace/ycube/GlobusSatProject/..//hal/hcc/lib\libHCCD.a(fat_common.o)
                0x20020c24                fn_putc
 .text.f_enterFS
                0x20020c8c      0x1c0 C:/ISIS/workspace/ycube/GlobusSatProject/..//hal/hcc/lib\libHCCD.a(fat_common.o)
                0x20020c8c                f_enterFS
 .text.f_releaseFS
                0x20020e4c       0xb0 C:/ISIS/workspace/ycube/GlobusSatProject/..//hal/hcc/lib\libHCCD.a(fat_common.o)
                0x20020e4c                f_releaseFS
 .text.fnGetTask
                0x20020efc       0xfc C:/ISIS/workspace/ycube/GlobusSatProject/..//hal/hcc/lib\libHCCD.a(fat_common.o)
                0x20020efc                fnGetTask
 .text._f_mutex_get
                0x20020ff8       0x98 C:/ISIS/workspace/ycube/GlobusSatProject/..//hal/hcc/lib\libHCCD.a(fat_common.o)
                0x20020ff8                _f_mutex_get
 .text._f_mutex_put
                0x20021090       0x54 C:/ISIS/workspace/ycube/GlobusSatProject/..//hal/hcc/lib\libHCCD.a(fat_common.o)
                0x20021090                _f_mutex_put
 .text._fn_initseekdivisor
                0x200210e4      0x158 C:/ISIS/workspace/ycube/GlobusSatProject/..//hal/hcc/lib\libHCCD.a(fat_common.o)
                0x200210e4                _fn_initseekdivisor
 .text._fn_updateseekpos
                0x2002123c       0xc4 C:/ISIS/workspace/ycube/GlobusSatProject/..//hal/hcc/lib\libHCCD.a(fat_common.o)
 .text._f_findopensize
                0x20021300       0x2c C:/ISIS/workspace/ycube/GlobusSatProject/..//hal/hcc/lib\libHCCD.a(fat_common.o)
                0x20021300                _f_findopensize
 .text.fn_setlasterror
                0x2002132c       0x34 C:/ISIS/workspace/ycube/GlobusSatProject/..//hal/hcc/lib\libHCCD.a(fat_common.o)
                0x2002132c                fn_setlasterror
 .text.fn_setlasterror_noret
                0x20021360       0x2c C:/ISIS/workspace/ycube/GlobusSatProject/..//hal/hcc/lib\libHCCD.a(fat_common.o)
                0x20021360                fn_setlasterror_noret
 .text._s_checkzeroclusteratend
                0x2002138c       0xf8 C:/ISIS/workspace/ycube/GlobusSatProject/..//hal/hcc/lib\libHCCD.a(safefat.o)
 .text._s_clearclustercontent
                0x20021484      0x108 C:/ISIS/workspace/ycube/GlobusSatProject/..//hal/hcc/lib\libHCCD.a(safefat.o)
 .text._s_clearclustercontentdir
                0x2002158c      0x19c C:/ISIS/workspace/ycube/GlobusSatProject/..//hal/hcc/lib\libHCCD.a(safefat.o)
 .text._s_writedirsector
                0x20021728       0xd0 C:/ISIS/workspace/ycube/GlobusSatProject/..//hal/hcc/lib\libHCCD.a(safefat.o)
 .text._s_getdirsector
                0x200217f8      0x100 C:/ISIS/workspace/ycube/GlobusSatProject/..//hal/hcc/lib\libHCCD.a(safefat.o)
 .text._s_addentry
                0x200218f8      0x394 C:/ISIS/workspace/ycube/GlobusSatProject/..//hal/hcc/lib\libHCCD.a(safefat.o)
 .text._s_findfile
                0x20021c8c      0x33c C:/ISIS/workspace/ycube/GlobusSatProject/..//hal/hcc/lib\libHCCD.a(safefat.o)
 .text._s_findsubdir
                0x20021fc8      0x248 C:/ISIS/workspace/ycube/GlobusSatProject/..//hal/hcc/lib\libHCCD.a(safefat.o)
 .text._s_createfile
                0x20022210      0x190 C:/ISIS/workspace/ycube/GlobusSatProject/..//hal/hcc/lib\libHCCD.a(safefat.o)
 .text._s_findsaffile
                0x200223a0      0x1b8 C:/ISIS/workspace/ycube/GlobusSatProject/..//hal/hcc/lib\libHCCD.a(safefat.o)
 .text._s_open  0x20022558       0xe4 C:/ISIS/workspace/ycube/GlobusSatProject/..//hal/hcc/lib\libHCCD.a(safefat.o)
 .text._s_open_saf
                0x2002263c       0xe8 C:/ISIS/workspace/ycube/GlobusSatProject/..//hal/hcc/lib\libHCCD.a(safefat.o)
 .text._s_flush
                0x20022724       0x84 C:/ISIS/workspace/ycube/GlobusSatProject/..//hal/hcc/lib\libHCCD.a(safefat.o)
 .text._s_allocnextcluster
                0x200227a8      0x13c C:/ISIS/workspace/ycube/GlobusSatProject/..//hal/hcc/lib\libHCCD.a(safefat.o)
 .text._s_getnextsector
                0x200228e4       0xdc C:/ISIS/workspace/ycube/GlobusSatProject/..//hal/hcc/lib\libHCCD.a(safefat.o)
 .text._s_seek  0x200229c0      0x1e8 C:/ISIS/workspace/ycube/GlobusSatProject/..//hal/hcc/lib\libHCCD.a(safefat.o)
 .text._s_get_len
                0x20022ba8      0x10c C:/ISIS/workspace/ycube/GlobusSatProject/..//hal/hcc/lib\libHCCD.a(safefat.o)
 .text._s_set_len
                0x20022cb4       0xb4 C:/ISIS/workspace/ycube/GlobusSatProject/..//hal/hcc/lib\libHCCD.a(safefat.o)
 .text.safe_fix_filelengths
                0x20022d68       0xcc C:/ISIS/workspace/ycube/GlobusSatProject/..//hal/hcc/lib\libHCCD.a(safefat.o)
                0x20022d68                safe_fix_filelengths
 .text._s_read  0x20022e34      0x228 C:/ISIS/workspace/ycube/GlobusSatProject/..//hal/hcc/lib\libHCCD.a(safefat.o)
 .text._s_write
                0x2002305c      0x384 C:/ISIS/workspace/ycube/GlobusSatProject/..//hal/hcc/lib\libHCCD.a(safefat.o)
 .text._s_restoreclusters
                0x200233e0      0x270 C:/ISIS/workspace/ycube/GlobusSatProject/..//hal/hcc/lib\libHCCD.a(safefat.o)
                0x200233e0                _s_restoreclusters
 .text._s_findrestore
                0x20023650      0x18c C:/ISIS/workspace/ycube/GlobusSatProject/..//hal/hcc/lib\libHCCD.a(safefat.o)
 .text._s_cmd_writede
                0x200237dc       0xd8 C:/ISIS/workspace/ycube/GlobusSatProject/..//hal/hcc/lib\libHCCD.a(safefat.o)
 .text._s_cmd_setcluster
                0x200238b4       0x88 C:/ISIS/workspace/ycube/GlobusSatProject/..//hal/hcc/lib\libHCCD.a(safefat.o)
 .text._s_cmd_deletechain
                0x2002393c      0x100 C:/ISIS/workspace/ycube/GlobusSatProject/..//hal/hcc/lib\libHCCD.a(safefat.o)
 .text._s_cmd_validatecfn
                0x20023a3c      0x308 C:/ISIS/workspace/ycube/GlobusSatProject/..//hal/hcc/lib\libHCCD.a(safefat.o)
 .text._s_cmd_seteof
                0x20023d44      0x3c4 C:/ISIS/workspace/ycube/GlobusSatProject/..//hal/hcc/lib\libHCCD.a(safefat.o)
 .text.safe_docommands
                0x20024108      0x56c C:/ISIS/workspace/ycube/GlobusSatProject/..//hal/hcc/lib\libHCCD.a(safefat.o)
                0x20024108                safe_docommands
 .text.safe_entercommand
                0x20024674       0x68 C:/ISIS/workspace/ycube/GlobusSatProject/..//hal/hcc/lib\libHCCD.a(safefat.o)
                0x20024674                safe_entercommand
 .text.safe_ready
                0x200246dc       0xf4 C:/ISIS/workspace/ycube/GlobusSatProject/..//hal/hcc/lib\libHCCD.a(safefat.o)
                0x200246dc                safe_ready
 .text.safe_copycfn
                0x200247d0       0xb8 C:/ISIS/workspace/ycube/GlobusSatProject/..//hal/hcc/lib\libHCCD.a(safefat.o)
                0x200247d0                safe_copycfn
 .text.safe_cfremove
                0x20024888       0xb8 C:/ISIS/workspace/ycube/GlobusSatProject/..//hal/hcc/lib\libHCCD.a(safefat.o)
                0x20024888                safe_cfremove
 .text.safe_writede
                0x20024940      0x104 C:/ISIS/workspace/ycube/GlobusSatProject/..//hal/hcc/lib\libHCCD.a(safefat.o)
                0x20024940                safe_writede
 .text.safe_setcluster
                0x20024a44       0xcc C:/ISIS/workspace/ycube/GlobusSatProject/..//hal/hcc/lib\libHCCD.a(safefat.o)
                0x20024a44                safe_setcluster
 .text.safe_deletechain
                0x20024b10      0x1c8 C:/ISIS/workspace/ycube/GlobusSatProject/..//hal/hcc/lib\libHCCD.a(safefat.o)
                0x20024b10                safe_deletechain
 .text.safe_cfclose
                0x20024cd8      0x104 C:/ISIS/workspace/ycube/GlobusSatProject/..//hal/hcc/lib\libHCCD.a(safefat.o)
                0x20024cd8                safe_cfclose
 .text.safe_cfflush
                0x20024ddc      0x124 C:/ISIS/workspace/ycube/GlobusSatProject/..//hal/hcc/lib\libHCCD.a(safefat.o)
                0x20024ddc                safe_cfflush
 .text.safe_reset
                0x20024f00       0x78 C:/ISIS/workspace/ycube/GlobusSatProject/..//hal/hcc/lib\libHCCD.a(safefat.o)
                0x20024f00                safe_reset
 .text.safe_loadcommands
                0x20024f78       0x78 C:/ISIS/workspace/ycube/GlobusSatProject/..//hal/hcc/lib\libHCCD.a(safefat.o)
                0x20024f78                safe_loadcommands
 .text.safe_poweron
                0x20024ff0      0x1fc C:/ISIS/workspace/ycube/GlobusSatProject/..//hal/hcc/lib\libHCCD.a(safefat.o)
                0x20024ff0                safe_poweron
 .text.cf_getname
                0x200251ec       0xc0 C:/ISIS/workspace/ycube/GlobusSatProject/..//hal/hcc/lib\libHCCD.a(safefat.o)
 .text.cf_copyclusterchain
                0x200252ac      0x138 C:/ISIS/workspace/ycube/GlobusSatProject/..//hal/hcc/lib\libHCCD.a(safefat.o)
 .text.cf_seektozero
                0x200253e4       0x94 C:/ISIS/workspace/ycube/GlobusSatProject/..//hal/hcc/lib\libHCCD.a(safefat.o)
                0x200253e4                cf_seektozero
 .text.cf_create
                0x20025478      0x3a8 C:/ISIS/workspace/ycube/GlobusSatProject/..//hal/hcc/lib\libHCCD.a(safefat.o)
                0x20025478                cf_create
 .text.cf_copyclustercontent
                0x20025820      0x128 C:/ISIS/workspace/ycube/GlobusSatProject/..//hal/hcc/lib\libHCCD.a(safefat.o)
                0x20025820                cf_copyclustercontent
 .text.cf_copycfn
                0x20025948      0x4bc C:/ISIS/workspace/ycube/GlobusSatProject/..//hal/hcc/lib\libHCCD.a(safefat.o)
                0x20025948                cf_copycfn
 .text.cf_remove
                0x20025e04      0x344 C:/ISIS/workspace/ycube/GlobusSatProject/..//hal/hcc/lib\libHCCD.a(safefat.o)
                0x20025e04                cf_remove
 .text.cf_setclusternew
                0x20026148       0xf0 C:/ISIS/workspace/ycube/GlobusSatProject/..//hal/hcc/lib\libHCCD.a(safefat.o)
                0x20026148                cf_setclusternew
 .text.cf_flush
                0x20026238       0x58 C:/ISIS/workspace/ycube/GlobusSatProject/..//hal/hcc/lib\libHCCD.a(safefat.o)
                0x20026238                cf_flush
 .text.cf_getcluster
                0x20026290      0x1b4 C:/ISIS/workspace/ycube/GlobusSatProject/..//hal/hcc/lib\libHCCD.a(safefat.o)
                0x20026290                cf_getcluster
 .text.cf_setnextcluster
                0x20026444      0x194 C:/ISIS/workspace/ycube/GlobusSatProject/..//hal/hcc/lib\libHCCD.a(safefat.o)
                0x20026444                cf_setnextcluster
 .text.cf_getpositions
                0x200265d8       0xbc C:/ISIS/workspace/ycube/GlobusSatProject/..//hal/hcc/lib\libHCCD.a(safefat.o)
                0x200265d8                cf_getpositions
 .text.cf_setpositions
                0x20026694       0xb0 C:/ISIS/workspace/ycube/GlobusSatProject/..//hal/hcc/lib\libHCCD.a(safefat.o)
                0x20026694                cf_setpositions
 .text.cf_opensyncafile
                0x20026744      0x150 C:/ISIS/workspace/ycube/GlobusSatProject/..//hal/hcc/lib\libHCCD.a(safefat.o)
                0x20026744                cf_opensyncafile
 .text.cf_reloadcfo
                0x20026894       0xd8 C:/ISIS/workspace/ycube/GlobusSatProject/..//hal/hcc/lib\libHCCD.a(safefat.o)
                0x20026894                cf_reloadcfo
 .text.mcipdc_cmd
                0x2002696c      0x22c C:/ISIS/workspace/ycube/GlobusSatProject/..//hal/hcc/lib\libHCCD.a(atmel_mcipdc.o)
 .text.mcipdc_stop
                0x20026b98       0xfc C:/ISIS/workspace/ycube/GlobusSatProject/..//hal/hcc/lib\libHCCD.a(atmel_mcipdc.o)
                0x20026b98                mcipdc_stop
 .text.mcipdc_read
                0x20026c94      0x27c C:/ISIS/workspace/ycube/GlobusSatProject/..//hal/hcc/lib\libHCCD.a(atmel_mcipdc.o)
 .text.mcipdc_write
                0x20026f10      0x298 C:/ISIS/workspace/ycube/GlobusSatProject/..//hal/hcc/lib\libHCCD.a(atmel_mcipdc.o)
 .text.mcipdc_readsector
                0x200271a8       0x9c C:/ISIS/workspace/ycube/GlobusSatProject/..//hal/hcc/lib\libHCCD.a(atmel_mcipdc.o)
                0x200271a8                mcipdc_readsector
 .text.mcipdc_readmultiplesector
                0x20027244      0x124 C:/ISIS/workspace/ycube/GlobusSatProject/..//hal/hcc/lib\libHCCD.a(atmel_mcipdc.o)
                0x20027244                mcipdc_readmultiplesector
 .text.mcipdc_writesector
                0x20027368       0x90 C:/ISIS/workspace/ycube/GlobusSatProject/..//hal/hcc/lib\libHCCD.a(atmel_mcipdc.o)
                0x20027368                mcipdc_writesector
 .text.mcipdc_writemultiplesector
                0x200273f8      0x120 C:/ISIS/workspace/ycube/GlobusSatProject/..//hal/hcc/lib\libHCCD.a(atmel_mcipdc.o)
                0x200273f8                mcipdc_writemultiplesector
 .text.mcipdc_set_speed
                0x20027518       0xb0 C:/ISIS/workspace/ycube/GlobusSatProject/..//hal/hcc/lib\libHCCD.a(atmel_mcipdc.o)
 .text.mcipdc_get_speed
                0x200275c8       0x48 C:/ISIS/workspace/ycube/GlobusSatProject/..//hal/hcc/lib\libHCCD.a(atmel_mcipdc.o)
 .text._get_csd_bits
                0x20027610      0x14c C:/ISIS/workspace/ycube/GlobusSatProject/..//hal/hcc/lib\libHCCD.a(atmel_mcipdc.o)
 .text.mcipdc_initcard
                0x2002775c      0x8f4 C:/ISIS/workspace/ycube/GlobusSatProject/..//hal/hcc/lib\libHCCD.a(atmel_mcipdc.o)
 .text.mcipdc_getstatus
                0x20028050       0xe8 C:/ISIS/workspace/ycube/GlobusSatProject/..//hal/hcc/lib\libHCCD.a(atmel_mcipdc.o)
 .text.mcipdc_getphy
                0x20028138       0x90 C:/ISIS/workspace/ycube/GlobusSatProject/..//hal/hcc/lib\libHCCD.a(atmel_mcipdc.o)
 .text.mcipdc_release
                0x200281c8       0x50 C:/ISIS/workspace/ycube/GlobusSatProject/..//hal/hcc/lib\libHCCD.a(atmel_mcipdc.o)
 .text.atmel_mcipdc_initfunc
                0x20028218      0x160 C:/ISIS/workspace/ycube/GlobusSatProject/..//hal/hcc/lib\libHCCD.a(atmel_mcipdc.o)
                0x20028218                atmel_mcipdc_initfunc
 .text.oal_task_get_id
                0x20028378       0x18 C:/ISIS/workspace/ycube/GlobusSatProject/..//hal/hcc/lib\libHCCD.a(oalp_task.o)
                0x20028378                oal_task_get_id
 .text.oal_mutex_create
                0x20028390       0x54 C:/ISIS/workspace/ycube/GlobusSatProject/..//hal/hcc/lib\libHCCD.a(oalp_mutex.o)
                0x20028390                oal_mutex_create
 .text.oal_mutex_delete
                0x200283e4       0x30 C:/ISIS/workspace/ycube/GlobusSatProject/..//hal/hcc/lib\libHCCD.a(oalp_mutex.o)
                0x200283e4                oal_mutex_delete
 .text.oal_mutex_get
                0x20028414       0x58 C:/ISIS/workspace/ycube/GlobusSatProject/..//hal/hcc/lib\libHCCD.a(oalp_mutex.o)
                0x20028414                oal_mutex_get
 .text.oal_mutex_put
                0x2002846c       0x58 C:/ISIS/workspace/ycube/GlobusSatProject/..//hal/hcc/lib\libHCCD.a(oalp_mutex.o)
                0x2002846c                oal_mutex_put
 .text.mcipdc_hw_init
                0x200284c4       0xe8 C:/ISIS/workspace/ycube/GlobusSatProject/..//hal/hcc/lib\libHCCD.a(atmel_mcipdc_hw.o)
                0x200284c4                mcipdc_hw_init
 .text.mcipdc_hw_delete
                0x200285ac       0x78 C:/ISIS/workspace/ycube/GlobusSatProject/..//hal/hcc/lib\libHCCD.a(atmel_mcipdc_hw.o)
                0x200285ac                mcipdc_hw_delete
 .text.mcipdc_hw_card_plugged
                0x20028624       0x1c C:/ISIS/workspace/ycube/GlobusSatProject/..//hal/hcc/lib\libHCCD.a(atmel_mcipdc_hw.o)
                0x20028624                mcipdc_hw_card_plugged
 .text.mcipdc_hw_card_writeprotect
                0x20028640       0x1c C:/ISIS/workspace/ycube/GlobusSatProject/..//hal/hcc/lib\libHCCD.a(atmel_mcipdc_hw.o)
                0x20028640                mcipdc_hw_card_writeprotect
 .text.psp_getcurrenttimedate
                0x2002865c       0x8c C:/ISIS/workspace/ycube/GlobusSatProject/..//hal/hcc/lib\libHCCD.a(psp_rtc.o)
                0x2002865c                psp_getcurrenttimedate
 .text._hcc_get_buf_dsc
                0x200286e8       0x8c C:/ISIS/workspace/ycube/GlobusSatProject/..//hal/hcc/lib\libHCCD.a(hcc_mem.o)
 .text._hcc_check_free_pages
                0x20028774      0x18c C:/ISIS/workspace/ycube/GlobusSatProject/..//hal/hcc/lib\libHCCD.a(hcc_mem.o)
 .text._hcc_mark_pages
                0x20028900      0x158 C:/ISIS/workspace/ycube/GlobusSatProject/..//hal/hcc/lib\libHCCD.a(hcc_mem.o)
 .text._hcc_clear_lock_dsc
                0x20028a58       0x80 C:/ISIS/workspace/ycube/GlobusSatProject/..//hal/hcc/lib\libHCCD.a(hcc_mem.o)
 .text._hcc_lock_access