Archive member included because of file (symbol)

C:/ISIS/workspace_ycube/GlobusSatProject/..//hal/hal/lib\libHALD.a(I2C.o)
                              ./src/SubSystemModules/Communication/SubsystemCommands/Maintanence_Commands.o (I2C_write)
C:/ISIS/workspace_ycube/GlobusSatProject/..//hal/hal/lib\libHALD.a(SPI.o)
                              ./src/InitSystem.o (SPI_start)
C:/ISIS/workspace_ycube/GlobusSatProject/..//hal/hal/lib\libHALD.a(FRAM.o)
                              ./src/SubSystemModules/Communication/SubsystemCommands/Maintanence_Commands.o (FRAM_start)
C:/ISIS/workspace_ycube/GlobusSatProject/..//hal/hal/lib\libHALD.a(Time.o)
                              ./src/InitSystem.o (Time_start)
C:/ISIS/workspace_ycube/GlobusSatProject/..//hal/hal/lib\libHALD.a(WatchDogTimerNoOS.o)
                              ./src/main.o (WDT_start)
C:/ISIS/workspace_ycube/GlobusSatProject/..//hal/hal/lib\libHALD.a(WatchDogTimerOS.o)
                              ./src/TestingDemos/MainTest.o (WDT_startWatchdogKickTask)
C:/ISIS/workspace_ycube/GlobusSatProject/..//hal/hal/lib\libHALD.a(util.o)
                              ./src/TestingDemos/EpsTestingDemo.o (UTIL_DbguGetInteger)
C:/ISIS/workspace_ycube/GlobusSatProject/..//hal/hal/lib\libHALD.a(LED.o)
                              C:/ISIS/workspace_ycube/GlobusSatProject/..//hal/hal/lib\libHALD.a(WatchDogTimerOS.o) (LED_toggle)
C:/ISIS/workspace_ycube/GlobusSatProject/..//hal/hal/lib\libHALD.a(RTC.o)
                              C:/ISIS/workspace_ycube/GlobusSatProject/..//hal/hal/lib\libHALD.a(Time.o) (RTC_getTime)
C:/ISIS/workspace_ycube/GlobusSatProject/..//hal/hal/lib\libHALD.a(RTT.o)
                              C:/ISIS/workspace_ycube/GlobusSatProject/..//hal/hal/lib\libHALD.a(Time.o) (RTT_start)
C:/ISIS/workspace_ycube/GlobusSatProject/..//hal/hcc/lib\libHCCD.a(fat_common.o)
                              ./src/TLM_management.o (fn_init)
C:/ISIS/workspace_ycube/GlobusSatProject/..//hal/hcc/lib\libHCCD.a(fat_m.o)
                              ./src/TLM_management.o (fm_initvolume)
C:/ISIS/workspace_ycube/GlobusSatProject/..//hal/hcc/lib\libHCCD.a(safefat.o)
                              C:/ISIS/workspace_ycube/GlobusSatProject/..//hal/hcc/lib\libHCCD.a(fat_common.o) (safe_fix_filelengths)
C:/ISIS/workspace_ycube/GlobusSatProject/..//hal/hcc/lib\libHCCD.a(atmel_mcipdc.o)
                              ./src/TLM_management.o (atmel_mcipdc_initfunc)
C:/ISIS/workspace_ycube/GlobusSatProject/..//hal/hcc/lib\libHCCD.a(oalp_mutex.o)
                              C:/ISIS/workspace_ycube/GlobusSatProject/..//hal/hcc/lib\libHCCD.a(fat_common.o) (oal_mutex_create)
C:/ISIS/workspace_ycube/GlobusSatProject/..//hal/hcc/lib\libHCCD.a(oalp_task.o)
                              C:/ISIS/workspace_ycube/GlobusSatProject/..//hal/hcc/lib\libHCCD.a(fat_common.o) (oal_task_get_id)
C:/ISIS/workspace_ycube/GlobusSatProject/..//hal/hcc/lib\libHCCD.a(atmel_mcipdc_hw.o)
                              C:/ISIS/workspace_ycube/GlobusSatProject/..//hal/hcc/lib\libHCCD.a(atmel_mcipdc.o) (mcipdc_hw_init)
C:/ISIS/workspace_ycube/GlobusSatProject/..//hal/hcc/lib\libHCCD.a(psp_rand.o)
                              C:/ISIS/workspace_ycube/GlobusSatProject/..//hal/hcc/lib\libHCCD.a(fat_common.o) (psp_getrand)
C:/ISIS/workspace_ycube/GlobusSatProject/..//hal/hcc/lib\libHCCD.a(psp_rtc.o)
                              C:/ISIS/workspace_ycube/GlobusSatProject/..//hal/hcc/lib\libHCCD.a(fat_common.o) (psp_getcurrenttimedate)
C:/ISIS/workspace_ycube/GlobusSatProject/..//hal/hcc/lib\libHCCD.a(hcc_mem.o)
                              C:/ISIS/workspace_ycube/GlobusSatProject/..//hal/hcc/lib\libHCCD.a(atmel_mcipdc.o) (hcc_mem_alloc)
C:/ISIS/workspace_ycube/GlobusSatProject/..//hal/hcc/lib\libHCCD.a(fat.o)
                              C:/ISIS/workspace_ycube/GlobusSatProject/..//hal/hcc/lib\libHCCD.a(fat_common.o) (_f_getdirsector)
C:/ISIS/workspace_ycube/GlobusSatProject/..//hal/hcc/lib\libHCCD.a(psp_hcc_mem.o)
                              C:/ISIS/workspace_ycube/GlobusSatProject/..//hal/hcc/lib\libHCCD.a(hcc_mem.o) (hcc_mem_buf_alloc)
C:/ISIS/workspace_ycube/satellite-subsystems/satellite-subsystems/lib\libSatelliteSubsystemsD.a(IsisAntS.o)
                              ./src/SubSystemModules/Communication/TRXVU.o (IsisAntS_initialize)
C:/ISIS/workspace_ycube/satellite-subsystems/satellite-subsystems/lib\libSatelliteSubsystemsD.a(IsisSolarPanelv2.o)
                              ./src/SubSystemModules/PowerManagment/EPS.o (IsisSolarPanelv2_initialize)
C:/ISIS/workspace_ycube/satellite-subsystems/satellite-subsystems/lib\libSatelliteSubsystemsD.a(IsisTRXVU.o)
                              ./src/TestingDemos/TrxvuTestingDemo.o (IsisTrxvu_initialize)
C:/ISIS/workspace_ycube/satellite-subsystems/satellite-subsystems/lib\libSatelliteSubsystemsD.a(isis_eps_driver.o)
                              ./src/SubSystemModules/PowerManagment/EPS.o (ISIS_EPS_Init)
[...]
Memory Configuration

Name             Origin             Length             Attributes
sram0            0x00200000         0x00004000         w !xr
sram1            0x00300000         0x00004000         w !xr
sdram            0x20000000         0x02000000         w !xr
*default*        0x00000000         0xffffffff

Linker script and memory map

LOAD c:/isis/application/toolchain/bin/../lib/gcc/arm-none-eabi/4.7.4/../../../../arm-none-eabi/lib\libc.a
LOAD ./src/TestingDemos/CommandsTestingDemo.o
LOAD ./src/TestingDemos/EpsTestingDemo.o
LOAD ./src/TestingDemos/FileSystemTestingDemo.o
LOAD ./src/TestingDemos/MainTest.o
LOAD ./src/TestingDemos/MaintenanceTestingDemo.o
LOAD ./src/TestingDemos/TelemetryTestingDemo.o
LOAD ./src/TestingDemos/TrxvuTestingDemo.o
LOAD ./src/SubSystemModules/PowerManagment/EPS.o
LOAD ./src/SubSystemModules/PowerManagment/EPSOperationModes.o
LOAD ./src/SubSystemModules/Maintenance/Maintenance.o
LOAD ./src/SubSystemModules/Housekepping/TelemetryCollector.o
LOAD ./src/SubSystemModules/Communication/SubsystemCommands/EPS_Commands.o
LOAD ./src/SubSystemModules/Communication/SubsystemCommands/FS_Commands.o
LOAD ./src/SubSystemModules/Communication/SubsystemCommands/Maintanence_Commands.o
LOAD ./src/SubSystemModules/Communication/SubsystemCommands/TRXVU_Commands.o
LOAD ./src/SubSystemModules/Communication/AckHandler.o
LOAD ./src/SubSystemModules/Communication/CommandDictionary.o
LOAD ./src/SubSystemModules/Communication/SatCommandHandler.o
LOAD ./src/SubSystemModules/Communication/TRXVU.o
LOAD ./src/InitSystem.o
LOAD ./src/TLM_management.o
LOAD ./src/main.o
LOAD ./src/utils.o
LOAD C:/ISIS/workspace_ycube/GlobusSatProject/..//hal/hal/lib\libHALD.a
LOAD C:/ISIS/workspace_ycube/GlobusSatProject/..//hal/hcc/lib\libHCCD.a
LOAD C:/ISIS/workspace_ycube/satellite-subsystems/satellite-subsystems/lib\libSatelliteSubsystemsD.a
LOAD C:/ISIS/workspace_ycube/GlobusSatProject/..//hal/freertos/lib\libFreeRTOSD.a
LOAD C:/ISIS/workspace_ycube/GlobusSatProject/..//hal/at91/lib\libAt91D.a
START GROUP
LOAD c:/isis/application/toolchain/bin/../lib/gcc/arm-none-eabi/4.7.4\libgcc.a
LOAD c:/isis/application/toolchain/bin/../lib/gcc/arm-none-eabi/4.7.4/../../../../arm-none-eabi/lib\libg.a
LOAD c:/isis/application/toolchain/bin/../lib/gcc/arm-none-eabi/4.7.4/../../../../arm-none-eabi/lib\libc.a
END GROUP

.fixed          0x20000000    0x3d538
                0x20000000                . = ALIGN (0x4)
                0x20000000                _sfixed = .
 *(.startup)
 .startup       0x20000000      0x14c C:/ISIS/workspace_ycube/GlobusSatProject/..//hal/at91/lib\libAt91D.a(board_cstartup.o)
                0x20000000                entry
 *(.text)
 .text          0x2000014c       0x64 C:/ISIS/workspace_ycube/GlobusSatProject/..//hal/at91/lib\libAt91D.a(cp15_asm.o)
                0x2000014c                _readControlRegister
                0x20000158                _writeControlRegister
                0x20000160                _waitForInterrupt
                0x2000016c                _writeTTB
                0x20000174                _writeDomain
                0x2000017c                _writeITLBLockdown
                0x20000184                _prefetchICacheLine
                0x2000018c                _flushDCache
                0x20000198                _flushWriteBuffer
                0x200001a4                _invalidateIDTLBs
 .text          0x200001b0      0x114 c:/isis/application/toolchain/bin/../lib/gcc/arm-none-eabi/4.7.4\libgcc.a(_udivsi3.o)
                0x200001b0                __aeabi_uidiv
                0x200001b0                __udivsi3
                0x200002a4                __aeabi_uidivmod
 .text          0x200002c4      0x148 c:/isis/application/toolchain/bin/../lib/gcc/arm-none-eabi/4.7.4\libgcc.a(_divsi3.o)
                0x200002c4                __divsi3
                0x200002c4                __aeabi_idiv
                0x200003ec                __aeabi_idivmod
 .text          0x2000040c        0x4 c:/isis/application/toolchain/bin/../lib/gcc/arm-none-eabi/4.7.4\libgcc.a(_dvmd_tls.o)
                0x2000040c                __aeabi_idiv0
                0x2000040c                __aeabi_ldiv0
 .text          0x20000410      0x41c c:/isis/application/toolchain/bin/../lib/gcc/arm-none-eabi/4.7.4\libgcc.a(_arm_addsubdf3.o)
                0x20000410                __aeabi_drsub
                0x20000418                __aeabi_dsub
                0x20000418                __subdf3
                0x2000041c                __aeabi_dadd
                0x2000041c                __adddf3
                0x2000072c                __floatunsidf
                0x2000072c                __aeabi_ui2d
                0x20000750                __floatsidf
                0x20000750                __aeabi_i2d
                0x20000778                __aeabi_f2d
                0x20000778                __extendsfdf2
                0x200007b8                __floatundidf
                0x200007b8                __aeabi_ul2d
                0x200007cc                __floatdidf
                0x200007cc                __aeabi_l2d
 .text          0x2000082c      0x49c c:/isis/application/toolchain/bin/../lib/gcc/arm-none-eabi/4.7.4\libgcc.a(_arm_muldivdf3.o)
                0x2000082c                __aeabi_dmul
                0x2000082c                __muldf3
                0x20000abc                __divdf3
                0x20000abc                __aeabi_ddiv
 .text          0x20000cc8      0x144 c:/isis/application/toolchain/bin/../lib/gcc/arm-none-eabi/4.7.4\libgcc.a(_arm_cmpdf2.o)
                0x20000cc8                __gtdf2
                0x20000cc8                __gedf2
                0x20000cd0                __ltdf2
                0x20000cd0                __ledf2
                0x20000cd8                __nedf2
                0x20000cd8                __eqdf2
                0x20000cd8                __cmpdf2
                0x20000d60                __aeabi_cdrcmple
                0x20000d7c                __aeabi_cdcmpeq
                0x20000d7c                __aeabi_cdcmple
                0x20000d94                __aeabi_dcmpeq
                0x20000dac                __aeabi_dcmplt
                0x20000dc4                __aeabi_dcmple
                0x20000ddc                __aeabi_dcmpge
                0x20000df4                __aeabi_dcmpgt
 .text          0x20000e0c      0x2ac c:/isis/application/toolchain/bin/../lib/gcc/arm-none-eabi/4.7.4\libgcc.a(_arm_addsubsf3.o)
                0x20000e0c                __aeabi_frsub
                0x20000e14                __subsf3
                0x20000e14                __aeabi_fsub
                0x20000e18                __aeabi_fadd
                0x20000e18                __addsf3
                0x20000fd4                __aeabi_ui2f
                0x20000fd4                __floatunsisf
                0x20000fdc                __aeabi_i2f
                0x20000fdc                __floatsisf
                0x20000ffc                __aeabi_ul2f
                0x20000ffc                __floatundisf
                0x2000100c                __aeabi_l2f
                0x2000100c                __floatdisf
 .text          0x200010b8      0x2f8 c:/isis/application/toolchain/bin/../lib/gcc/arm-none-eabi/4.7.4\libgcc.a(_arm_muldivsf3.o)
                0x200010b8                __mulsf3
                0x200010b8                __aeabi_fmul
                0x20001250                __aeabi_fdiv
                0x20001250                __divsf3
 .text          0x200013b0      0x114 c:/isis/application/toolchain/bin/../lib/gcc/arm-none-eabi/4.7.4\libgcc.a(_arm_cmpsf2.o)
                0x200013b0                __gesf2
                0x200013b0                __gtsf2
                0x200013b8                __lesf2
                0x200013b8                __ltsf2
                0x200013c0                __nesf2
                0x200013c0                __eqsf2
                0x200013c0                __cmpsf2
                0x20001424                __aeabi_cfrcmple
                0x20001434                __aeabi_cfcmpeq
                0x20001434                __aeabi_cfcmple
                0x2000144c                __aeabi_fcmpeq
                0x20001464                __aeabi_fcmplt
                0x2000147c                __aeabi_fcmple
                0x20001494                __aeabi_fcmpge
                0x200014ac                __aeabi_fcmpgt
 .text          0x200014c4       0x54 c:/isis/application/toolchain/bin/../lib/gcc/arm-none-eabi/4.7.4\libgcc.a(_arm_fixunssfsi.o)
                0x200014c4                __fixunssfsi
                0x200014c4                __aeabi_f2uiz
 .text          0x20001518       0x5c c:/isis/application/toolchain/bin/../lib/gcc/arm-none-eabi/4.7.4\libgcc.a(_arm_fixdfsi.o)
                0x20001518                __aeabi_d2iz
                0x20001518                __fixdfsi
 .text          0x20001574       0x3c c:/isis/application/toolchain/bin/../lib/gcc/arm-none-eabi/4.7.4\libgcc.a(_aeabi_uldivmod.o)
                0x20001574                __aeabi_uldivmod
 .text          0x200015b0       0x84 c:/isis/application/toolchain/bin/../lib/gcc/arm-none-eabi/4.7.4\libgcc.a(bpabi.o)
                0x200015b0                __gnu_ldivmod_helper
                0x200015f4                __gnu_uldivmod_helper
 .text          0x20001634      0x4f0 c:/isis/application/toolchain/bin/../lib/gcc/arm-none-eabi/4.7.4\libgcc.a(_divdi3.o)
                0x20001634                __divdi3
 .text          0x20001b24      0x488 c:/isis/application/toolchain/bin/../lib/gcc/arm-none-eabi/4.7.4\libgcc.a(_udivdi3.o)
                0x20001b24                __udivdi3
 .text          0x20001fac       0x48 c:/isis/application/toolchain/bin/../lib/gcc/arm-none-eabi/4.7.4\libgcc.a(_clzsi2.o)
                0x20001fac                __clzsi2
 *(.text*)
 .text.TestActUponCommand
                0x20001ff4      0x114 ./src/TestingDemos/CommandsTestingDemo.o
                0x20001ff4                TestActUponCommand
 .text.TestAssmbleCommand
                0x20002108      0x14c ./src/TestingDemos/CommandsTestingDemo.o
                0x20002108                TestAssmbleCommand
 .text.TestGetDelayedCommand
                0x20002254       0xa0 ./src/TestingDemos/CommandsTestingDemo.o
                0x20002254                TestGetDelayedCommand
 .text.TestAddDelayedCommand
                0x200022f4       0xd0 ./src/TestingDemos/CommandsTestingDemo.o
                0x200022f4                TestAddDelayedCommand
 .text.TestGetDelayedCommandBufferCount
                0x200023c4       0x54 ./src/TestingDemos/CommandsTestingDemo.o
                0x200023c4                TestGetDelayedCommandBufferCount
 .text.TestGetOnlineCommand
                0x20002418       0xc8 ./src/TestingDemos/CommandsTestingDemo.o
                0x20002418                TestGetOnlineCommand
 .text.TestDeleteDelayedCommandByIndex
                0x200024e0      0x1c0 ./src/TestingDemos/CommandsTestingDemo.o
                0x200024e0                TestDeleteDelayedCommandByIndex
 .text.TestDeleteDelayedBuffer
                0x200026a0      0x140 ./src/TestingDemos/CommandsTestingDemo.o
                0x200026a0                TestDeleteDelayedBuffer
 .text.selectAndExecuteCommandsDemoTest
                0x200027e0      0x170 ./src/TestingDemos/CommandsTestingDemo.o
                0x200027e0                selectAndExecuteCommandsDemoTest
 .text.MainCommandsTestBench
                0x20002950       0x44 ./src/TestingDemos/CommandsTestingDemo.o
                0x20002950                MainCommandsTestBench
 .text.TestEpsConditioning
                0x20002994      0x1e8 ./src/TestingDemos/EpsTestingDemo.o
                0x20002994                TestEpsConditioning
 .text.TestGetBatteryVoltage
                0x20002b7c       0x64 ./src/TestingDemos/EpsTestingDemo.o
                0x20002b7c                TestGetBatteryVoltage
 .text.TestUpdateThreshVoltages
                0x20002be0      0x170 ./src/TestingDemos/EpsTestingDemo.o
                0x20002be0                TestUpdateThreshVoltages
 .text.TestGetThreshVoltages
                0x20002d50       0xb0 ./src/TestingDemos/EpsTestingDemo.o
                0x20002d50                TestGetThreshVoltages
 .text.TestUpdateAlpha
                0x20002e00       0xc0 ./src/TestingDemos/EpsTestingDemo.o
                0x20002e00                TestUpdateAlpha
 .text.TestGetAlpha
                0x20002ec0       0x78 ./src/TestingDemos/EpsTestingDemo.o
                0x20002ec0                TestGetAlpha
 .text.TestRestoreDefaultAlpha
                0x20002f38       0xf4 ./src/TestingDemos/EpsTestingDemo.o
                0x20002f38                TestRestoreDefaultAlpha
 .text.TestRestoreDefaultThresholdVoltages
                0x2000302c      0x154 ./src/TestingDemos/EpsTestingDemo.o
                0x2000302c                TestRestoreDefaultThresholdVoltages
 .text.GetHeaterValues
                0x20003180       0xe0 ./src/TestingDemos/EpsTestingDemo.o
                0x20003180                GetHeaterValues
 .text.SetHeaterValues
                0x20003260      0x134 ./src/TestingDemos/EpsTestingDemo.o
                0x20003260                SetHeaterValues
 .text.selectAndExecuteEpsDemoTest
                0x20003394      0x1ac ./src/TestingDemos/EpsTestingDemo.o
                0x20003394                selectAndExecuteEpsDemoTest
 .text.MainEpsTestBench
                0x20003540       0x40 ./src/TestingDemos/EpsTestingDemo.o
                0x20003540                MainEpsTestBench
 .text.TestlistFiels
                0x20003580       0xa8 ./src/TestingDemos/FileSystemTestingDemo.o
                0x20003580                TestlistFiels
 .text.TestLOGTLM
                0x20003628      0x110 ./src/TestingDemos/FileSystemTestingDemo.o
                0x20003628                TestLOGTLM
 .text.TestEPSTLM
                0x20003738       0xa8 ./src/TestingDemos/FileSystemTestingDemo.o
                0x20003738                TestEPSTLM
 .text.TestReadTimeRangeTLMRes
                0x200037e0      0x210 ./src/TestingDemos/FileSystemTestingDemo.o
                0x200037e0                TestReadTimeRangeTLMRes
 .text.TestReadTimeRangeTLM
                0x200039f0      0x178 ./src/TestingDemos/FileSystemTestingDemo.o
                0x200039f0                TestReadTimeRangeTLM
 .text.GenerateWODTLM
                0x20003b68       0xd0 ./src/TestingDemos/FileSystemTestingDemo.o
                0x20003b68                GenerateWODTLM
 .text.DeleteOldFiles
                0x20003c38      0x294 ./src/TestingDemos/FileSystemTestingDemo.o
                0x20003c38                DeleteOldFiles
 .text.CreateFiles4DeleteTest
                0x20003ecc      0x100 ./src/TestingDemos/FileSystemTestingDemo.o
                0x20003ecc                CreateFiles4DeleteTest
 .text.copyTLMFile
                0x20003fcc      0x234 ./src/TestingDemos/FileSystemTestingDemo.o
                0x20003fcc                copyTLMFile
 .text.TestWODTLM
                0x20004200       0xa8 ./src/TestingDemos/FileSystemTestingDemo.o
                0x20004200                TestWODTLM
 .text.TestDeleteFiels
                0x200042a8      0x2b8 ./src/TestingDemos/FileSystemTestingDemo.o
                0x200042a8                TestDeleteFiels
 .text.TestReadMultiFiels
                0x20004560      0x2ac ./src/TestingDemos/FileSystemTestingDemo.o
                0x20004560                TestReadMultiFiels
 .text.TestTRXVUTLM
                0x2000480c      0x11c ./src/TestingDemos/FileSystemTestingDemo.o
                0x2000480c                TestTRXVUTLM
 .text.FullSDTest
                0x20004928      0x170 ./src/TestingDemos/FileSystemTestingDemo.o
                0x20004928                FullSDTest
 .text.LogErrorRateTest
                0x20004a98      0x108 ./src/TestingDemos/FileSystemTestingDemo.o
                0x20004a98                LogErrorRateTest
 .text.selectAndExecuteFSTest
                0x20004ba0      0x21c ./src/TestingDemos/FileSystemTestingDemo.o
                0x20004ba0                selectAndExecuteFSTest
 .text.MainFileSystemTestBench
                0x20004dbc       0x44 ./src/TestingDemos/FileSystemTestingDemo.o
                0x20004dbc                MainFileSystemTestBench
 .text.selectAndExecuteTest
                0x20004e00      0x164 ./src/TestingDemos/MainTest.o
                0x20004e00                selectAndExecuteTest
 .text.taskTesting
                0x20004f64       0x28 ./src/TestingDemos/MainTest.o
                0x20004f64                taskTesting
 .text.printSDINfo
                0x20004f8c       0x84 ./src/TestingDemos/MaintenanceTestingDemo.o
                0x20004f8c                printSDINfo
 .text.changeFirstActivation
                0x20005010       0x84 ./src/TestingDemos/MaintenanceTestingDemo.o
                0x20005010                changeFirstActivation
 .text.selectAndExecuteMaintenanceDemoTest
                0x20005094      0x198 ./src/TestingDemos/MaintenanceTestingDemo.o
                0x20005094                selectAndExecuteMaintenanceDemoTest
 .text.MainMaintenanceTestBench
                0x2000522c       0x40 ./src/TestingDemos/MaintenanceTestingDemo.o
                0x2000522c                MainMaintenanceTestBench
 .text.MainTelemetryTestBench
                0x2000526c       0x1c ./src/TestingDemos/TelemetryTestingDemo.o
                0x2000526c                MainTelemetryTestBench
 .text.TestInitTrxvu
                0x20005288       0x54 ./src/TestingDemos/TrxvuTestingDemo.o
                0x20005288                TestInitTrxvu
 .text.TestInitTrxvuWithDifferentFrameLengths
                0x200052dc      0x134 ./src/TestingDemos/TrxvuTestingDemo.o
                0x200052dc                TestInitTrxvuWithDifferentFrameLengths
 .text.TestTrxvuLogic
                0x20005410       0xd4 ./src/TestingDemos/TrxvuTestingDemo.o
                0x20005410                TestTrxvuLogic
 .text.TestCheckTransmitionAllowed
                0x200054e4       0xa4 ./src/TestingDemos/TrxvuTestingDemo.o
                0x200054e4                TestCheckTransmitionAllowed
 .text.TestSendDumpAbortRequest
                0x20005588       0x24 ./src/TestingDemos/TrxvuTestingDemo.o
                0x20005588                TestSendDumpAbortRequest
 .text.TestTransmitDummySplPacket
                0x200055ac       0xd4 ./src/TestingDemos/TrxvuTestingDemo.o
                0x200055ac                TestTransmitDummySplPacket
 .text.TestTransmitSplPacket
                0x20005680      0x1f8 ./src/TestingDemos/TrxvuTestingDemo.o
                0x20005680                TestTransmitSplPacket
 .text.TestExitDump
                0x20005878       0x1c ./src/TestingDemos/TrxvuTestingDemo.o
                0x20005878                TestExitDump
 .text.TestDumpTelemetry
                0x20005894       0xb0 ./src/TestingDemos/TrxvuTestingDemo.o
                0x20005894                TestDumpTelemetry
 .text.TestRestoreDefaultBeaconParameters
                0x20005944       0x1c ./src/TestingDemos/TrxvuTestingDemo.o
                0x20005944                TestRestoreDefaultBeaconParameters
 .text.TestChooseDefaultBeaconCycle
                0x20005960       0xe0 ./src/TestingDemos/TrxvuTestingDemo.o
                0x20005960                TestChooseDefaultBeaconCycle
 .text.TestBeaconLogic
                0x20005a40       0xd8 ./src/TestingDemos/TrxvuTestingDemo.o
                0x20005a40                TestBeaconLogic
 .text.TestMuteTrxvu
                0x20005b18       0x9c ./src/TestingDemos/TrxvuTestingDemo.o
                0x20005b18                TestMuteTrxvu
 .text.TestUnMuteTrxvu
                0x20005bb4       0x30 ./src/TestingDemos/TrxvuTestingDemo.o
                0x20005bb4                TestUnMuteTrxvu
 .text.TestGetNumberOfFramesInBuffer
                0x20005be4       0x54 ./src/TestingDemos/TrxvuTestingDemo.o
                0x20005be4                TestGetNumberOfFramesInBuffer
 .text.TestSetTrxvuBitrate
                0x20005c38       0xf0 ./src/TestingDemos/TrxvuTestingDemo.o
                0x20005c38                TestSetTrxvuBitrate
 .text.TestGetTrxvuBitrate
                0x20005d28       0xb0 ./src/TestingDemos/TrxvuTestingDemo.o
                0x20005d28                TestGetTrxvuBitrate
 .text.TestTransmitDataAsSPL_Packet
                0x20005dd8      0x114 ./src/TestingDemos/TrxvuTestingDemo.o
                0x20005dd8                TestTransmitDataAsSPL_Packet
 .text.selectAndExecuteTrxvuDemoTest
                0x20005eec      0x28c ./src/TestingDemos/TrxvuTestingDemo.o
                0x20005eec                selectAndExecuteTrxvuDemoTest
 .text.MainTrxvuTestBench
                0x20006178       0x44 ./src/TestingDemos/TrxvuTestingDemo.o
                0x20006178                MainTrxvuTestBench
 .text.GetBatteryVoltage
                0x200061bc       0x64 ./src/SubSystemModules/PowerManagment/EPS.o
                0x200061bc                GetBatteryVoltage
 .text.EPS_Init
                0x20006220       0xe0 ./src/SubSystemModules/PowerManagment/EPS.o
                0x20006220                EPS_Init
 .text.EPS_Conditioning
                0x20006300      0x1c4 ./src/SubSystemModules/PowerManagment/EPS.o
                0x20006300                EPS_Conditioning
 .text.UpdateAlpha
                0x200064c4       0xc8 ./src/SubSystemModules/PowerManagment/EPS.o
                0x200064c4                UpdateAlpha
 .text.UpdateThresholdVoltages
                0x2000658c      0x204 ./src/SubSystemModules/PowerManagment/EPS.o
                0x2000658c                UpdateThresholdVoltages
 .text.GetThresholdVoltages
                0x20006790       0x70 ./src/SubSystemModules/PowerManagment/EPS.o
                0x20006790                GetThresholdVoltages
 .text.GetAlpha
                0x20006800       0x6c ./src/SubSystemModules/PowerManagment/EPS.o
                0x20006800                GetAlpha
 .text.RestoreDefaultThresholdVoltages
                0x2000686c       0x6c ./src/SubSystemModules/PowerManagment/EPS.o
                0x2000686c                RestoreDefaultThresholdVoltages
 .text.CMDGetHeaterValues
                0x200068d8       0xb0 ./src/SubSystemModules/PowerManagment/EPS.o
                0x200068d8                CMDGetHeaterValues
 .text.CMDSetHeaterValues
                0x20006988       0xbc ./src/SubSystemModules/PowerManagment/EPS.o
                0x20006988                CMDSetHeaterValues
 .text.EnterFullMode
                0x20006a44       0x44 ./src/SubSystemModules/PowerManagment/EPSOperationModes.o
                0x20006a44                EnterFullMode
 .text.EnterCruiseMode
                0x20006a88       0x44 ./src/SubSystemModules/PowerManagment/EPSOperationModes.o
                0x20006a88                EnterCruiseMode
 .text.EnterSafeMode
                0x20006acc       0x44 ./src/SubSystemModules/PowerManagment/EPSOperationModes.o
                0x20006acc                EnterSafeMode
 .text.EnterCriticalMode
                0x20006b10       0x44 ./src/SubSystemModules/PowerManagment/EPSOperationModes.o
                0x20006b10                EnterCriticalMode
 .text.GetSystemState
                0x20006b54       0x24 ./src/SubSystemModules/PowerManagment/EPSOperationModes.o
                0x20006b54                GetSystemState
 .text.GetSystemChannelState
                0x20006b78       0x24 ./src/SubSystemModules/PowerManagment/EPSOperationModes.o
                0x20006b78                GetSystemChannelState
 .text.EpsGetLowVoltageFlag
                0x20006b9c       0x24 ./src/SubSystemModules/PowerManagment/EPSOperationModes.o
                0x20006b9c                EpsGetLowVoltageFlag
 .text.EpsSetLowVoltageFlag
                0x20006bc0       0x2c ./src/SubSystemModules/PowerManagment/EPSOperationModes.o
                0x20006bc0                EpsSetLowVoltageFlag
 .text.CheckExecutionTime
                0x20006bec       0x78 ./src/SubSystemModules/Maintenance/Maintenance.o
                0x20006bec                CheckExecutionTime
 .text.SaveSatTimeInFRAM
                0x20006c64       0x44 ./src/SubSystemModules/Maintenance/Maintenance.o
                0x20006c64                SaveSatTimeInFRAM
 .text.WakeupFromResetCMD
                0x20006ca8      0x120 ./src/SubSystemModules/Maintenance/Maintenance.o
                0x20006ca8                WakeupFromResetCMD
 .text.ResetGroundCommWDT
                0x20006dc8       0x1c ./src/SubSystemModules/Maintenance/Maintenance.o
                0x20006dc8                ResetGroundCommWDT
 .text.DeleteOldFiels
                0x20006de4      0x33c ./src/SubSystemModules/Maintenance/Maintenance.o
                0x20006de4                DeleteOldFiels
 .text.InitSavePeriodTimes
                0x20007120       0xc0 ./src/SubSystemModules/Housekepping/TelemetryCollector.o
                0x20007120                InitSavePeriodTimes
 .text.TelemetryCollectorLogic
                0x200071e0      0x1f0 ./src/SubSystemModules/Housekepping/TelemetryCollector.o
                0x200071e0                TelemetryCollectorLogic
 .text.TelemetrySaveEPS
                0x200073d0       0x4c ./src/SubSystemModules/Housekepping/TelemetryCollector.o
                0x200073d0                TelemetrySaveEPS
 .text.TelemetrySaveTRXVU
                0x2000741c       0x84 ./src/SubSystemModules/Housekepping/TelemetryCollector.o
                0x2000741c                TelemetrySaveTRXVU
 .text.TelemetrySaveANT
                0x200074a0       0xa4 ./src/SubSystemModules/Housekepping/TelemetryCollector.o
                0x200074a0                TelemetrySaveANT
 .text.TelemetrySaveSolarPanels
                0x20007544      0x1c4 ./src/SubSystemModules/Housekepping/TelemetryCollector.o
                0x20007544                TelemetrySaveSolarPanels
 .text.TelemetrySaveWOD
                0x20007708       0xa0 ./src/SubSystemModules/Housekepping/TelemetryCollector.o
                0x20007708                TelemetrySaveWOD
 .text.GetCurrentWODTelemetry
                0x200077a8      0x4b0 ./src/SubSystemModules/Housekepping/TelemetryCollector.o
                0x200077a8                GetCurrentWODTelemetry
 .text.CMD_DeleteTLM
                0x20007c58      0x1f4 ./src/SubSystemModules/Communication/SubsystemCommands/FS_Commands.o
                0x20007c58                CMD_DeleteTLM
 .text.CMD_GenericI2C
                0x20007e4c      0x150 ./src/SubSystemModules/Communication/SubsystemCommands/Maintanence_Commands.o
                0x20007e4c                CMD_GenericI2C
 .text.CMD_FRAM_ReadAndTransmitt
                0x20007f9c      0x100 ./src/SubSystemModules/Communication/SubsystemCommands/Maintanence_Commands.o
                0x20007f9c                CMD_FRAM_ReadAndTransmitt
 .text.CMD_FRAM_WriteAndTransmitt
                0x2000809c      0x124 ./src/SubSystemModules/Communication/SubsystemCommands/Maintanence_Commands.o
                0x2000809c                CMD_FRAM_WriteAndTransmitt
 .text.CMD_UpdateSatTime
                0x200081c0       0xa0 ./src/SubSystemModules/Communication/SubsystemCommands/Maintanence_Commands.o
                0x200081c0                CMD_UpdateSatTime
 .text.CMD_ResetComponent
                0x20008260      0x2a4 ./src/SubSystemModules/Communication/SubsystemCommands/Maintanence_Commands.o
                0x20008260                CMD_ResetComponent
 .text.DumpTask
                0x20008504      0x2cc ./src/SubSystemModules/Communication/SubsystemCommands/TRXVU_Commands.o
                0x20008504                DumpTask
 .text.CMD_AntennaDeploy
                0x200087d0       0xcc ./src/SubSystemModules/Communication/SubsystemCommands/TRXVU_Commands.o
                0x200087d0                CMD_AntennaDeploy
 .text.CMD_StartDump
                0x2000889c      0x1ec ./src/SubSystemModules/Communication/SubsystemCommands/TRXVU_Commands.o
                0x2000889c                CMD_StartDump
 .text.CMD_SendDumpAbortRequest
                0x20008a88       0x38 ./src/SubSystemModules/Communication/SubsystemCommands/TRXVU_Commands.o
                0x20008a88                CMD_SendDumpAbortRequest
 .text.CMD_ForceDumpAbort
                0x20008ac0       0x3c ./src/SubSystemModules/Communication/SubsystemCommands/TRXVU_Commands.o
                0x20008ac0                CMD_ForceDumpAbort
 .text.CMD_MuteTRXVU
                0x20008afc       0x7c ./src/SubSystemModules/Communication/SubsystemCommands/TRXVU_Commands.o
                0x20008afc                CMD_MuteTRXVU
 .text.CMD_SetIdleState
                0x20008b78       0x94 ./src/SubSystemModules/Communication/SubsystemCommands/TRXVU_Commands.o
                0x20008b78                CMD_SetIdleState
 .text.CMD_UnMuteTRXVU
                0x20008c0c       0x38 ./src/SubSystemModules/Communication/SubsystemCommands/TRXVU_Commands.o
                0x20008c0c                CMD_UnMuteTRXVU
 .text.CMD_GetBaudRate
                0x20008c44       0x68 ./src/SubSystemModules/Communication/SubsystemCommands/TRXVU_Commands.o
                0x20008c44                CMD_GetBaudRate
 .text.CMD_GetBeaconInterval
                0x20008cac       0x6c ./src/SubSystemModules/Communication/SubsystemCommands/TRXVU_Commands.o
                0x20008cac                CMD_GetBeaconInterval
 .text.CMD_SetBaudRate
                0x20008d18       0x60 ./src/SubSystemModules/Communication/SubsystemCommands/TRXVU_Commands.o
                0x20008d18                CMD_SetBaudRate
 .text.CMD_GetTxUptime
                0x20008d78       0x64 ./src/SubSystemModules/Communication/SubsystemCommands/TRXVU_Commands.o
                0x20008d78                CMD_GetTxUptime
 .text.CMD_GetRxUptime
                0x20008ddc       0x64 ./src/SubSystemModules/Communication/SubsystemCommands/TRXVU_Commands.o
                0x20008ddc                CMD_GetRxUptime
 .text.CMD_GetNumOfOnlineCommands
                0x20008e40       0x64 ./src/SubSystemModules/Communication/SubsystemCommands/TRXVU_Commands.o
                0x20008e40                CMD_GetNumOfOnlineCommands
 .text.CMD_AntSetArmStatus
                0x20008ea4       0xa0 ./src/SubSystemModules/Communication/SubsystemCommands/TRXVU_Commands.o
                0x20008ea4                CMD_AntSetArmStatus
 .text.CMD_AntGetArmStatus
                0x20008f44       0x70 ./src/SubSystemModules/Communication/SubsystemCommands/TRXVU_Commands.o
                0x20008f44                CMD_AntGetArmStatus
 .text.CMD_AntGetUptime
                0x20008fb4       0x78 ./src/SubSystemModules/Communication/SubsystemCommands/TRXVU_Commands.o
                0x20008fb4                CMD_AntGetUptime
 .text.CMD_StopReDeployment
                0x2000902c       0x9c ./src/SubSystemModules/Communication/SubsystemCommands/TRXVU_Commands.o
                0x2000902c                CMD_StopReDeployment
 .text.CMD_AntCancelDeployment
                0x200090c8       0x68 ./src/SubSystemModules/Communication/SubsystemCommands/TRXVU_Commands.o
                0x200090c8                CMD_AntCancelDeployment
 .text.SendAckPacket
                0x20009130       0xe0 ./src/SubSystemModules/Communication/AckHandler.o
                0x20009130                SendAckPacket
 .text.trxvu_command_router
                0x20009210      0x50c ./src/SubSystemModules/Communication/CommandDictionary.o
                0x20009210                trxvu_command_router
 .text.eps_command_router
                0x2000971c       0xc0 ./src/SubSystemModules/Communication/CommandDictionary.o
                0x2000971c                eps_command_router
 .text.telemetry_command_router
                0x200097dc       0x90 ./src/SubSystemModules/Communication/CommandDictionary.o
                0x200097dc                telemetry_command_router
 .text.managment_command_router
                0x2000986c       0xfc ./src/SubSystemModules/Communication/CommandDictionary.o
                0x2000986c                managment_command_router
 .text.filesystem_command_router
                0x20009968       0x24 ./src/SubSystemModules/Communication/CommandDictionary.o
                0x20009968                filesystem_command_router
 .text.ParseDataToCommand
                0x2000998c      0x1ac ./src/SubSystemModules/Communication/SatCommandHandler.o
                0x2000998c                ParseDataToCommand
 .text.AssembleCommand
                0x20009b38      0x150 ./src/SubSystemModules/Communication/SatCommandHandler.o
                0x20009b38                AssembleCommand
 .text.GetDelayedCommand
                0x20009c88       0x24 ./src/SubSystemModules/Communication/SatCommandHandler.o
                0x20009c88                GetDelayedCommand
 .text.AddDelayedCommand
                0x20009cac       0x24 ./src/SubSystemModules/Communication/SatCommandHandler.o
                0x20009cac                AddDelayedCommand
 .text.GetDelayedCommandBufferCount
                0x20009cd0       0x50 ./src/SubSystemModules/Communication/SatCommandHandler.o
                0x20009cd0                GetDelayedCommandBufferCount
 .text.GetDelayedCommandByIndex
                0x20009d20       0x28 ./src/SubSystemModules/Communication/SatCommandHandler.o
                0x20009d20                GetDelayedCommandByIndex
 .text.DeleteDelayedCommandByIndex
                0x20009d48       0x24 ./src/SubSystemModules/Communication/SatCommandHandler.o
                0x20009d48                DeleteDelayedCommandByIndex
 .text.DeleteDelayedBuffer
                0x20009d6c       0x1c ./src/SubSystemModules/Communication/SatCommandHandler.o
                0x20009d6c                DeleteDelayedBuffer
 .text.ActUponCommand
                0x20009d88       0xb4 ./src/SubSystemModules/Communication/SatCommandHandler.o
                0x20009d88                ActUponCommand
 .text.InitTxModule
                0x20009e3c       0x68 ./src/SubSystemModules/Communication/TRXVU.o
                0x20009e3c                InitTxModule
 .text.CMD_SetBeaconInterval
                0x20009ea4       0x98 ./src/SubSystemModules/Communication/TRXVU.o
                0x20009ea4                CMD_SetBeaconInterval
 .text.InitBeaconParams
                0x20009f3c       0x3c ./src/SubSystemModules/Communication/TRXVU.o
                0x20009f3c                InitBeaconParams
 .text.InitSemaphores
                0x20009f78       0x98 ./src/SubSystemModules/Communication/TRXVU.o
                0x20009f78                InitSemaphores
 .text.InitTrxvu
                0x2000a010      0x110 ./src/SubSystemModules/Communication/TRXVU.o
                0x2000a010                InitTrxvu
 .text.checkIdleFinish
                0x2000a120       0x68 ./src/SubSystemModules/Communication/TRXVU.o
                0x2000a120                checkIdleFinish
 .text.TRX_Logic
                0x2000a188       0xc4 ./src/SubSystemModules/Communication/TRXVU.o
                0x2000a188                TRX_Logic
 .text.GetNumberOfFramesInBuffer
                0x2000a24c       0x54 ./src/SubSystemModules/Communication/TRXVU.o
                0x2000a24c                GetNumberOfFramesInBuffer
 .text.GetOnlineCommand
                0x2000a2a0      0x128 ./src/SubSystemModules/Communication/TRXVU.o
                0x2000a2a0                GetOnlineCommand
 .text.CheckTransmitionAllowed
                0x2000a3c8       0xc4 ./src/SubSystemModules/Communication/TRXVU.o
                0x2000a3c8                CheckTransmitionAllowed
 .text.FinishDump
                0x2000a48c       0xa8 ./src/SubSystemModules/Communication/TRXVU.o
                0x2000a48c                FinishDump
 .text.AbortDump
                0x2000a534       0x34 ./src/SubSystemModules/Communication/TRXVU.o
                0x2000a534                AbortDump
 .text.SendDumpAbortRequest
                0x2000a568       0xc0 ./src/SubSystemModules/Communication/TRXVU.o
                0x2000a568                SendDumpAbortRequest
 .text.BeaconLogic
                0x2000a628      0x1e0 ./src/SubSystemModules/Communication/TRXVU.o
                0x2000a628                BeaconLogic
 .text.SetIdleState
                0x2000a808       0xa8 ./src/SubSystemModules/Communication/TRXVU.o
                0x2000a808                SetIdleState
 .text.muteTRXVU
                0x2000a8b0       0x70 ./src/SubSystemModules/Communication/TRXVU.o
                0x2000a8b0                muteTRXVU
 .text.UnMuteTRXVU
                0x2000a920       0x24 ./src/SubSystemModules/Communication/TRXVU.o
                0x2000a920                UnMuteTRXVU
 .text.TransmitDataAsSPL_Packet
                0x2000a944      0x104 ./src/SubSystemModules/Communication/TRXVU.o
                0x2000a944                TransmitDataAsSPL_Packet
 .text.TransmitSplPacket
                0x2000aa48      0x1b4 ./src/SubSystemModules/Communication/TRXVU.o
                0x2000aa48                TransmitSplPacket
 .text.isFirstActivation
                0x2000abfc       0x38 ./src/InitSystem.o
                0x2000abfc                isFirstActivation
 .text.WriteDefaultValuesToFRAM
                0x2000ac34      0x1c0 ./src/InitSystem.o
                0x2000ac34                WriteDefaultValuesToFRAM
 .text.StartFRAM
                0x2000adf4       0x24 ./src/InitSystem.o
                0x2000adf4                StartFRAM
 .text.StartI2C
                0x2000ae18       0x30 ./src/InitSystem.o
                0x2000ae18                StartI2C
 .text.StartSPI
                0x2000ae48       0x2c ./src/InitSystem.o
                0x2000ae48                StartSPI
 .text.StartTIME
                0x2000ae74       0xb0 ./src/InitSystem.o
                0x2000ae74                StartTIME
 .text.DeploySystem
                0x2000af24      0x140 ./src/InitSystem.o
                0x2000af24                DeploySystem
 .text.InitSubsystems
                0x2000b064       0x48 ./src/InitSystem.o
                0x2000b064                InitSubsystems
 .text.delete_allTMFilesFromSD
                0x2000b0ac       0x58 ./src/TLM_management.o
                0x2000b0ac                delete_allTMFilesFromSD
 .text.deleteTLMFiles
                0x2000b104       0x94 ./src/TLM_management.o
                0x2000b104                deleteTLMFiles
 .text.deleteTLMFile
                0x2000b198       0xc0 ./src/TLM_management.o
                0x2000b198                deleteTLMFile
 .text.InitializeFS
                0x2000b258       0xd0 ./src/TLM_management.o
                0x2000b258                InitializeFS
 .text.calculateFileName
                0x2000b328      0x108 ./src/TLM_management.o
                0x2000b328                calculateFileName
 .text.getTlmTypeInfo
                0x2000b430      0x230 ./src/TLM_management.o
                0x2000b430                getTlmTypeInfo
 .text.write2File
                0x2000b660      0x150 ./src/TLM_management.o
                0x2000b660                write2File
 .text.printTLM
                0x2000b7b0      0x648 ./src/TLM_management.o
                0x2000b7b0                printTLM
 .text.readTLMFile
                0x2000bdf8      0x2f4 ./src/TLM_management.o
                0x2000bdf8                readTLMFile
 .text.readTLMFiles
                0x2000c0ec       0xac ./src/TLM_management.o
                0x2000c0ec                readTLMFiles
 .text.readTLMFileTimeRange
                0x2000c198      0x2e8 ./src/TLM_management.o
                0x2000c198                readTLMFileTimeRange
 .text.DeInitializeFS
                0x2000c480       0x14 ./src/TLM_management.o
                0x2000c480                DeInitializeFS
 .text.main     0x2000c494       0x98 ./src/main.o
                0x2000c494                main
 .text.timeU2time
                0x2000c52c       0xbc ./src/utils.o
                0x2000c52c                timeU2time
 .text.logError
                0x2000c5e8      0x138 ./src/utils.o
                0x2000c5e8                logError
 .text.validateTransferParameters
                0x2000c720      0x10c C:/ISIS/workspace_ycube/GlobusSatProject/..//hal/hal/lib\libHALD.a(I2C.o)
 .text.I2C_queueTransfer
                0x2000c82c       0xfc C:/ISIS/workspace_ycube/GlobusSatProject/..//hal/hal/lib\libHALD.a(I2C.o)
                0x2000c82c                I2C_queueTransfer
 .text.I2C_internalCallback
                0x2000c928       0x64 C:/ISIS/workspace_ycube/GlobusSatProject/..//hal/hal/lib\libHALD.a(I2C.o)
 .text.I2C_doBlockingTransfer
                0x2000c98c      0x180 C:/ISIS/workspace_ycube/GlobusSatProject/..//hal/hal/lib\libHALD.a(I2C.o)
 .text.I2C_write
                0x2000cb0c      0x110 C:/ISIS/workspace_ycube/GlobusSatProject/..//hal/hal/lib\libHALD.a(I2C.o)
                0x2000cb0c                I2C_write
 .text.I2C_read
                0x2000cc1c      0x110 C:/ISIS/workspace_ycube/GlobusSatProject/..//hal/hal/lib\libHALD.a(I2C.o)
                0x2000cc1c                I2C_read
 .text.I2C_writeRead
                0x2000cd2c      0x17c C:/ISIS/workspace_ycube/GlobusSatProject/..//hal/hal/lib\libHALD.a(I2C.o)
                0x2000cd2c                I2C_writeRead
 .text.I2C_start
                0x2000cea8      0x2e8 C:/ISIS/workspace_ycube/GlobusSatProject/..//hal/hal/lib\libHALD.a(I2C.o)
                0x2000cea8                I2C_start
 .text.I2C_stop
                0x2000d190      0x184 C:/ISIS/workspace_ycube/GlobusSatProject/..//hal/hal/lib\libHALD.a(I2C.o)
                0x2000d190                I2C_stop
 .text.I2C_setTransferTimeout
                0x2000d314       0x48 C:/ISIS/workspace_ycube/GlobusSatProject/..//hal/hal/lib\libHALD.a(I2C.o)
                0x2000d314                I2C_setTransferTimeout
 .text.clearPDCtransfers
                0x2000d35c       0xe8 C:/ISIS/workspace_ycube/GlobusSatProject/..//hal/hal/lib\libHALD.a(SPI.o)
 .text.SPI_start
                0x2000d444      0x4b0 C:/ISIS/workspace_ycube/GlobusSatProject/..//hal/hal/lib\libHALD.a(SPI.o)
                0x2000d444                SPI_start
 .text.SPI_stop
                0x2000d8f4      0x244 C:/ISIS/workspace_ycube/GlobusSatProject/..//hal/hal/lib\libHALD.a(SPI.o)
                0x2000d8f4                SPI_stop
 .text.SPI_queueTransfer
                0x2000db38      0x1cc C:/ISIS/workspace_ycube/GlobusSatProject/..//hal/hal/lib\libHALD.a(SPI.o)
                0x2000db38                SPI_queueTransfer
 .text.SPI_internalCallback
                0x2000dd04       0x64 C:/ISIS/workspace_ycube/GlobusSatProject/..//hal/hal/lib\libHALD.a(SPI.o)
 .text.SPI_writeRead
                0x2000dd68      0x1c0 C:/ISIS/workspace_ycube/GlobusSatProject/..//hal/hal/lib\libHALD.a(SPI.o)
                0x2000dd68                SPI_writeRead
 .text.waitForTransfer
                0x2000df28       0x78 C:/ISIS/workspace_ycube/GlobusSatProject/..//hal/hal/lib\libHALD.a(SPI.o)
 .text.SPI_getDriverState
                0x2000dfa0       0x58 C:/ISIS/workspace_ycube/GlobusSatProject/..//hal/hal/lib\libHALD.a(SPI.o)
                0x2000dfa0                SPI_getDriverState
 .text.FRAM_start
                0x2000dff8      0x120 C:/ISIS/workspace_ycube/GlobusSatProject/..//hal/hal/lib\libHALD.a(FRAM.o)
                0x2000dff8                FRAM_start
 .text.FRAM_dummyCallback
                0x2000e118       0x24 C:/ISIS/workspace_ycube/GlobusSatProject/..//hal/hal/lib\libHALD.a(FRAM.o)
                0x2000e118                FRAM_dummyCallback
 .text.FRAM_unlockingCallback
                0x2000e13c       0x64 C:/ISIS/workspace_ycube/GlobusSatProject/..//hal/hal/lib\libHALD.a(FRAM.o)
                0x2000e13c                FRAM_unlockingCallback
 .text.doBlockingTransfer
                0x2000e1a0       0x78 C:/ISIS/workspace_ycube/GlobusSatProject/..//hal/hal/lib\libHALD.a(FRAM.o)
 .text.FRAM_writePacket
                0x2000e218      0x144 C:/ISIS/workspace_ycube/GlobusSatProject/..//hal/hal/lib\libHALD.a(FRAM.o)
 .text.FRAM_write
                0x2000e35c      0x1d8 C:/ISIS/workspace_ycube/GlobusSatProject/..//hal/hal/lib\libHALD.a(FRAM.o)
                0x2000e35c                FRAM_write
 .text.FRAM_readPacket
                0x2000e534       0xf0 C:/ISIS/workspace_ycube/GlobusSatProject/..//hal/hal/lib\libHALD.a(FRAM.o)
 .text.FRAM_read
                0x2000e624      0x1e4 C:/ISIS/workspace_ycube/GlobusSatProject/..//hal/hal/lib\libHALD.a(FRAM.o)
                0x2000e624                FRAM_read
 .text.Time_start
                0x2000e808      0x150 C:/ISIS/workspace_ycube/GlobusSatProject/..//hal/hal/lib\libHALD.a(Time.o)
                0x2000e808                Time_start
 .text.taskTimeSync
                0x2000e958       0x38 C:/ISIS/workspace_ycube/GlobusSatProject/..//hal/hal/lib\libHALD.a(Time.o)
 .text.Time_convertEpochToTime
                0x2000e990       0xf4 C:/ISIS/workspace_ycube/GlobusSatProject/..//hal/hal/lib\libHALD.a(Time.o)
                0x2000e990                Time_convertEpochToTime
 .text.Time_populateSecondsOfYear
                0x2000ea84      0x188 C:/ISIS/workspace_ycube/GlobusSatProject/..//hal/hal/lib\libHALD.a(Time.o)
 .text.Time_set
                0x2000ec0c      0x110 C:/ISIS/workspace_ycube/GlobusSatProject/..//hal/hal/lib\libHALD.a(Time.o)
                0x2000ec0c                Time_set
 .text.Time_isLeapYear
                0x2000ed1c       0x98 C:/ISIS/workspace_ycube/GlobusSatProject/..//hal/hal/lib\libHALD.a(Time.o)
                0x2000ed1c                Time_isLeapYear
 .text.Time_get
                0x2000edb4      0x410 C:/ISIS/workspace_ycube/GlobusSatProject/..//hal/hal/lib\libHALD.a(Time.o)
                0x2000edb4                Time_get
 .text.Time_getUnixEpoch
                0x2000f1c4       0xf4 C:/ISIS/workspace_ycube/GlobusSatProject/..//hal/hal/lib\libHALD.a(Time.o)
                0x2000f1c4                Time_getUnixEpoch
 .text.Time_secondsOfYearToTime
                0x2000f2b8      0x328 C:/ISIS/workspace_ycube/GlobusSatProject/..//hal/hal/lib\libHALD.a(Time.o)
 .text.Time_setUnixEpoch
                0x2000f5e0       0x54 C:/ISIS/workspace_ycube/GlobusSatProject/..//hal/hal/lib\libHALD.a(Time.o)
                0x2000f5e0                Time_setUnixEpoch
 .text.Time_getUptimeSeconds
                0x2000f634       0x28 C:/ISIS/workspace_ycube/GlobusSatProject/..//hal/hal/lib\libHALD.a(Time.o)
                0x2000f634                Time_getUptimeSeconds
 .text.Time_sync
                0x2000f65c      0x2d8 C:/ISIS/workspace_ycube/GlobusSatProject/..//hal/hal/lib\libHALD.a(Time.o)
                0x2000f65c                Time_sync
 .text.Time_syncIfNeeded
                0x2000f934       0x90 C:/ISIS/workspace_ycube/GlobusSatProject/..//hal/hal/lib\libHALD.a(Time.o)
                0x2000f934                Time_syncIfNeeded
 .text.Time_setSyncInterval
                0x2000f9c4       0x38 C:/ISIS/workspace_ycube/GlobusSatProject/..//hal/hal/lib\libHALD.a(Time.o)
                0x2000f9c4                Time_setSyncInterval
 .text.WDT_start
                0x2000f9fc       0x48 C:/ISIS/workspace_ycube/GlobusSatProject/..//hal/hal/lib\libHALD.a(WatchDogTimerNoOS.o)
                0x2000f9fc                WDT_start
 .text.WDT_startWatchdogKickTask
                0x2000fa44       0xb4 C:/ISIS/workspace_ycube/GlobusSatProject/..//hal/hal/lib\libHALD.a(WatchDogTimerOS.o)
                0x2000fa44                WDT_startWatchdogKickTask
 .text.WDT_forceKickEveryNms
                0x2000faf8       0x50 C:/ISIS/workspace_ycube/GlobusSatProject/..//hal/hal/lib\libHALD.a(WatchDogTimerOS.o)
                0x2000faf8                WDT_forceKickEveryNms
 .text.UTIL_DbguGetInteger
                0x2000fb48      0x12c C:/ISIS/workspace_ycube/GlobusSatProject/..//hal/hal/lib\libHALD.a(util.o)
                0x2000fb48                UTIL_DbguGetInteger
 .text.UTIL_DbguGetIntegerMinMax
                0x2000fc74       0xa4 C:/ISIS/workspace_ycube/GlobusSatProject/..//hal/hal/lib\libHALD.a(util.o)
                0x2000fc74                UTIL_DbguGetIntegerMinMax
 .text.LED_glow
                0x2000fd18       0x58 C:/ISIS/workspace_ycube/GlobusSatProject/..//hal/hal/lib\libHALD.a(LED.o)
                0x2000fd18                LED_glow
 .text.LED_dark
                0x2000fd70       0x58 C:/ISIS/workspace_ycube/GlobusSatProject/..//hal/hal/lib\libHALD.a(LED.o)
                0x2000fd70                LED_dark
 .text.LED_toggle
                0x2000fdc8       0x50 C:/ISIS/workspace_ycube/GlobusSatProject/..//hal/hal/lib\libHALD.a(LED.o)
                0x2000fdc8                LED_toggle
 .text.RTC_start
                0x2000fe18       0x3c C:/ISIS/workspace_ycube/GlobusSatProject/..//hal/hal/lib\libHALD.a(RTC.o)
                0x2000fe18                RTC_start
 .text.RTC_setTime
                0x2000fe54      0x2a4 C:/ISIS/workspace_ycube/GlobusSatProject/..//hal/hal/lib\libHALD.a(RTC.o)
                0x2000fe54                RTC_setTime
 .text.RTC_getTime
                0x200100f8      0x224 C:/ISIS/workspace_ycube/GlobusSatProject/..//hal/hal/lib\libHALD.a(RTC.o)
                0x200100f8                RTC_getTime
 .text.RTC_checkTimeValid
                0x2001031c       0xdc C:/ISIS/workspace_ycube/GlobusSatProject/..//hal/hal/lib\libHALD.a(RTC.o)
                0x2001031c                RTC_checkTimeValid
 .text.RTT_start
                0x200103f8       0x24 C:/ISIS/workspace_ycube/GlobusSatProject/..//hal/hal/lib\libHALD.a(RTT.o)
                0x200103f8                RTT_start
 .text.fn_init  0x2001041c      0x2dc C:/ISIS/workspace_ycube/GlobusSatProject/..//hal/hcc/lib\libHCCD.a(fat_common.o)
                0x2001041c                fn_init
 .text._f_get16bitl
                0x200106f8       0x4c C:/ISIS/workspace_ycube/GlobusSatProject/..//hal/hcc/lib\libHCCD.a(fat_common.o)
                0x200106f8                _f_get16bitl
 .text._f_set16bitl
                0x20010744       0x54 C:/ISIS/workspace_ycube/GlobusSatProject/..//hal/hcc/lib\libHCCD.a(fat_common.o)
                0x20010744                _f_set16bitl
 .text._f_get32bitl
                0x20010798       0x68 C:/ISIS/workspace_ycube/GlobusSatProject/..//hal/hcc/lib\libHCCD.a(fat_common.o)
                0x20010798                _f_get32bitl
 .text._f_set32bitl
                0x20010800       0x78 C:/ISIS/workspace_ycube/GlobusSatProject/..//hal/hcc/lib\libHCCD.a(fat_common.o)
                0x20010800                _f_set32bitl
 .text._get8bit
                0x20010878       0xa0 C:/ISIS/workspace_ycube/GlobusSatProject/..//hal/hcc/lib\libHCCD.a(fat_common.o)
 .text._get16bitl
                0x20010918       0x40 C:/ISIS/workspace_ycube/GlobusSatProject/..//hal/hcc/lib\libHCCD.a(fat_common.o)
 .text._get32bitl
                0x20010958       0x3c C:/ISIS/workspace_ycube/GlobusSatProject/..//hal/hcc/lib\libHCCD.a(fat_common.o)
 .text._f_setcardremoved
                0x20010994       0x94 C:/ISIS/workspace_ycube/GlobusSatProject/..//hal/hcc/lib\libHCCD.a(fat_common.o)
 .text._f_checkstatus
                0x20010a28      0x104 C:/ISIS/workspace_ycube/GlobusSatProject/..//hal/hcc/lib\libHCCD.a(fat_common.o)
                0x20010a28                _f_checkstatus
 .text._f_drvgetphy
                0x20010b2c      0x114 C:/ISIS/workspace_ycube/GlobusSatProject/..//hal/hcc/lib\libHCCD.a(fat_common.o)
 .text._f_drvwritesector
                0x20010c40       0xdc C:/ISIS/workspace_ycube/GlobusSatProject/..//hal/hcc/lib\libHCCD.a(fat_common.o)
 .text._f_drvreadsector
                0x20010d1c       0xa8 C:/ISIS/workspace_ycube/GlobusSatProject/..//hal/hcc/lib\libHCCD.a(fat_common.o)
 .text._f_writesector
                0x20010dc4      0x23c C:/ISIS/workspace_ycube/GlobusSatProject/..//hal/hcc/lib\libHCCD.a(fat_common.o)
                0x20010dc4                _f_writesector
 .text._f_readsector
                0x20011000      0x1dc C:/ISIS/workspace_ycube/GlobusSatProject/..//hal/hcc/lib\libHCCD.a(fat_common.o)
                0x20011000                _f_readsector
 .text._f_getmaxcluster
                0x200111dc       0x94 C:/ISIS/workspace_ycube/GlobusSatProject/..//hal/hcc/lib\libHCCD.a(fat_common.o)
                0x200111dc                _f_getmaxcluster
 .text._getsectorfromcluster
                0x20011270       0x68 C:/ISIS/workspace_ycube/GlobusSatProject/..//hal/hcc/lib\libHCCD.a(fat_common.o)
 .text._f_buildsectors
                0x200112d8      0x268 C:/ISIS/workspace_ycube/GlobusSatProject/..//hal/hcc/lib\libHCCD.a(fat_common.o)
 .text._f_getbootrecord
                0x20011540      0x5e4 C:/ISIS/workspace_ycube/GlobusSatProject/..//hal/hcc/lib\libHCCD.a(fat_common.o)
 .text._f_readbootrecord
                0x20011b24      0x4f8 C:/ISIS/workspace_ycube/GlobusSatProject/..//hal/hcc/lib\libHCCD.a(fat_common.o)
 .text._f_flushcffiles
                0x2001201c      0x17c C:/ISIS/workspace_ycube/GlobusSatProject/..//hal/hcc/lib\libHCCD.a(fat_common.o)
                0x2001201c                _f_flushcffiles
 .text._f_fatcache_flush
                0x20012198      0x270 C:/ISIS/workspace_ycube/GlobusSatProject/..//hal/hcc/lib\libHCCD.a(fat_common.o)
                0x20012198                _f_fatcache_flush
 .text._f_writefatsector
                0x20012408      0x100 C:/ISIS/workspace_ycube/GlobusSatProject/..//hal/hcc/lib\libHCCD.a(fat_common.o)
                0x20012408                _f_writefatsector
 .text._f_getfatsector
                0x20012508      0x3bc C:/ISIS/workspace_ycube/GlobusSatProject/..//hal/hcc/lib\libHCCD.a(fat_common.o)
 .text._f_setclustervalue
                0x200128c4      0x490 C:/ISIS/workspace_ycube/GlobusSatProject/..//hal/hcc/lib\libHCCD.a(fat_common.o)
                0x200128c4                _f_setclustervalue
 .text._f_getclustervalue
                0x20012d54      0x388 C:/ISIS/workspace_ycube/GlobusSatProject/..//hal/hcc/lib\libHCCD.a(fat_common.o)
                0x20012d54                _f_getclustervalue
 .text._f_close_drive_files
                0x200130dc       0xac C:/ISIS/workspace_ycube/GlobusSatProject/..//hal/hcc/lib\libHCCD.a(fat_common.o)
 .text._f_inc_mount_count
                0x20013188       0xa4 C:/ISIS/workspace_ycube/GlobusSatProject/..//hal/hcc/lib\libHCCD.a(fat_common.o)
 .text._f_getvolume
                0x2001322c      0x2f8 C:/ISIS/workspace_ycube/GlobusSatProject/..//hal/hcc/lib\libHCCD.a(fat_common.o)
                0x2001322c                _f_getvolume
 .text.fn_createdriver
                0x20013524      0x118 C:/ISIS/workspace_ycube/GlobusSatProject/..//hal/hcc/lib\libHCCD.a(fat_common.o)
                0x20013524                fn_createdriver
 .text.fn_initvolume
                0x2001363c      0x12c C:/ISIS/workspace_ycube/GlobusSatProject/..//hal/hcc/lib\libHCCD.a(fat_common.o)
                0x2001363c                fn_initvolume
 .text.fn_initvolumepartition_sub
                0x20013768       0xe0 C:/ISIS/workspace_ycube/GlobusSatProject/..//hal/hcc/lib\libHCCD.a(fat_common.o)
 .text.fn_initvolumepartition
                0x20013848       0xac C:/ISIS/workspace_ycube/GlobusSatProject/..//hal/hcc/lib\libHCCD.a(fat_common.o)
                0x20013848                fn_initvolumepartition
 .text._f_clustertopos
                0x200138f4       0xf8 C:/ISIS/workspace_ycube/GlobusSatProject/..//hal/hcc/lib\libHCCD.a(fat_common.o)
                0x200138f4                _f_clustertopos
 .text._f_getcurrsector
                0x200139ec      0x6c8 C:/ISIS/workspace_ycube/GlobusSatProject/..//hal/hcc/lib\libHCCD.a(fat_common.o)
                0x200139ec                _f_getcurrsector
 .text._f_getdecluster
                0x200140b4       0x90 C:/ISIS/workspace_ycube/GlobusSatProject/..//hal/hcc/lib\libHCCD.a(fat_common.o)
                0x200140b4                _f_getdecluster
 .text._f_setdecluster
                0x20014144       0x8c C:/ISIS/workspace_ycube/GlobusSatProject/..//hal/hcc/lib\libHCCD.a(fat_common.o)
                0x20014144                _f_setdecluster
 .text.fn_getdrive
                0x200141d0       0x30 C:/ISIS/workspace_ycube/GlobusSatProject/..//hal/hcc/lib\libHCCD.a(fat_common.o)
                0x200141d0                fn_getdrive
 .text._f_getcurrenttimedate
                0x20014200      0x138 C:/ISIS/workspace_ycube/GlobusSatProject/..//hal/hcc/lib\libHCCD.a(fat_common.o)
                0x20014200                _f_getcurrenttimedate
 .text._f_initentry
                0x20014338       0xa0 C:/ISIS/workspace_ycube/GlobusSatProject/..//hal/hcc/lib\libHCCD.a(fat_common.o)
                0x20014338                _f_initentry
 .text._f_alloccluster
                0x200143d8      0x344 C:/ISIS/workspace_ycube/GlobusSatProject/..//hal/hcc/lib\libHCCD.a(fat_common.o)
                0x200143d8                _f_alloccluster
 .text._f_dobadblock
                0x2001471c      0x2cc C:/ISIS/workspace_ycube/GlobusSatProject/..//hal/hcc/lib\libHCCD.a(fat_common.o)
                0x2001471c                _f_dobadblock
 .text._f_checklocked
                0x200149e8       0xe4 C:/ISIS/workspace_ycube/GlobusSatProject/..//hal/hcc/lib\libHCCD.a(fat_common.o)
                0x200149e8                _f_checklocked
 .text._f_checkappendlocked
                0x20014acc      0x110 C:/ISIS/workspace_ycube/GlobusSatProject/..//hal/hcc/lib\libHCCD.a(fat_common.o)
                0x20014acc                _f_checkappendlocked
 .text._f_setsyncafile
                0x20014bdc      0x114 C:/ISIS/workspace_ycube/GlobusSatProject/..//hal/hcc/lib\libHCCD.a(fat_common.o)
                0x20014bdc                _f_setsyncafile
 .text._f_syncfiles
                0x20014cf0      0x128 C:/ISIS/workspace_ycube/GlobusSatProject/..//hal/hcc/lib\libHCCD.a(fat_common.o)
                0x20014cf0                _f_syncfiles
 .text._f_syncfilescontent
                0x20014e18      0x15c C:/ISIS/workspace_ycube/GlobusSatProject/..//hal/hcc/lib\libHCCD.a(fat_common.o)
 .text.fn_getfreespace
                0x20014f74      0x4c0 C:/ISIS/workspace_ycube/GlobusSatProject/..//hal/hcc/lib\libHCCD.a(fat_common.o)
                0x20014f74                fn_getfreespace
 .text._f_emptywritecache
                0x20015434      0x4a4 C:/ISIS/workspace_ycube/GlobusSatProject/..//hal/hcc/lib\libHCCD.a(fat_common.o)
 .text._f_allocnextcluster
                0x200158d8      0x54c C:/ISIS/workspace_ycube/GlobusSatProject/..//hal/hcc/lib\libHCCD.a(fat_common.o)
 .text._f_emptywritebuffer
                0x20015e24      0x20c C:/ISIS/workspace_ycube/GlobusSatProject/..//hal/hcc/lib\libHCCD.a(fat_common.o)
 .text._f_writezeros
                0x20016030       0xf0 C:/ISIS/workspace_ycube/GlobusSatProject/..//hal/hcc/lib\libHCCD.a(fat_common.o)
                0x20016030                _f_writezeros
 .text._f_extend_file
                0x20016120      0x570 C:/ISIS/workspace_ycube/GlobusSatProject/..//hal/hcc/lib\libHCCD.a(fat_common.o)
 .text._f_fseek
                0x20016690      0x9bc C:/ISIS/workspace_ycube/GlobusSatProject/..//hal/hcc/lib\libHCCD.a(fat_common.o)
                0x20016690                _f_fseek
 .text._f_removechain
                0x2001704c      0x104 C:/ISIS/workspace_ycube/GlobusSatProject/..//hal/hcc/lib\libHCCD.a(fat_common.o)
                0x2001704c                _f_removechain
 .text._f_updatefileentry
                0x20017150      0x1cc C:/ISIS/workspace_ycube/GlobusSatProject/..//hal/hcc/lib\libHCCD.a(fat_common.o)
 .text._f_checkreadlocked
                0x2001731c      0x1bc C:/ISIS/workspace_ycube/GlobusSatProject/..//hal/hcc/lib\libHCCD.a(fat_common.o)
                0x2001731c                _f_checkreadlocked
 .text._f_check_handle
                0x200174d8       0x98 C:/ISIS/workspace_ycube/GlobusSatProject/..//hal/hcc/lib\libHCCD.a(fat_common.o)
                0x200174d8                _f_check_handle
 .text._f_removesyncafile
                0x20017570      0x1ec C:/ISIS/workspace_ycube/GlobusSatProject/..//hal/hcc/lib\libHCCD.a(fat_common.o)
 .text.fn_close
                0x2001775c      0x3f8 C:/ISIS/workspace_ycube/GlobusSatProject/..//hal/hcc/lib\libHCCD.a(fat_common.o)
                0x2001775c                fn_close
 .text.fn_flush
                0x20017b54      0x374 C:/ISIS/workspace_ycube/GlobusSatProject/..//hal/hcc/lib\libHCCD.a(fat_common.o)
                0x20017b54                fn_flush
 .text.fn_read  0x20017ec8      0x690 C:/ISIS/workspace_ycube/GlobusSatProject/..//hal/hcc/lib\libHCCD.a(fat_common.o)
                0x20017ec8                fn_read
 .text._f_abortwrite
                0x20018558      0x100 C:/ISIS/workspace_ycube/GlobusSatProject/..//hal/hcc/lib\libHCCD.a(fat_common.o)
 .text._f_checkwritecluster
                0x20018658       0xe4 C:/ISIS/workspace_ycube/GlobusSatProject/..//hal/hcc/lib\libHCCD.a(fat_common.o)
 .text.fn_write
                0x2001873c      0x8a8 C:/ISIS/workspace_ycube/GlobusSatProject/..//hal/hcc/lib\libHCCD.a(fat_common.o)
                0x2001873c                fn_write
 .text.f_enterFS
                0x20018fe4      0x1c0 C:/ISIS/workspace_ycube/GlobusSatProject/..//hal/hcc/lib\libHCCD.a(fat_common.o)
                0x20018fe4                f_enterFS
 .text.fnGetTask
                0x200191a4       0xfc C:/ISIS/workspace_ycube/GlobusSatProject/..//hal/hcc/lib\libHCCD.a(fat_common.o)
                0x200191a4                fnGetTask
 .text._f_mutex_get
                0x200192a0       0x98 C:/ISIS/workspace_ycube/GlobusSatProject/..//hal/hcc/lib\libHCCD.a(fat_common.o)
                0x200192a0                _f_mutex_get
 .text._f_mutex_put
                0x20019338       0x54 C:/ISIS/workspace_ycube/GlobusSatProject/..//hal/hcc/lib\libHCCD.a(fat_common.o)
                0x20019338                _f_mutex_put
 .text._fn_initseekdivisor
                0x2001938c      0x158 C:/ISIS/workspace_ycube/GlobusSatProject/..//hal/hcc/lib\libHCCD.a(fat_common.o)
                0x2001938c                _fn_initseekdivisor
 .text._fn_updateseekpos
                0x200194e4       0xc4 C:/ISIS/workspace_ycube/GlobusSatProject/..//hal/hcc/lib\libHCCD.a(fat_common.o)
 .text._f_findopensize
                0x200195a8       0x2c C:/ISIS/workspace_ycube/GlobusSatProject/..//hal/hcc/lib\libHCCD.a(fat_common.o)
                0x200195a8                _f_findopensize
 .text.fn_setlasterror
                0x200195d4       0x34 C:/ISIS/workspace_ycube/GlobusSatProject/..//hal/hcc/lib\libHCCD.a(fat_common.o)
                0x200195d4                fn_setlasterror
 .text.fn_setlasterror_noret
                0x20019608       0x2c C:/ISIS/workspace_ycube/GlobusSatProject/..//hal/hcc/lib\libHCCD.a(fat_common.o)
                0x20019608                fn_setlasterror_noret
 .text.fm_initvolume
                0x20019634       0x70 C:/ISIS/workspace_ycube/GlobusSatProject/..//hal/hcc/lib\libHCCD.a(fat_m.o)
                0x20019634                fm_initvolume
 .text.fm_getdrive
                0x200196a4       0x70 C:/ISIS/workspace_ycube/GlobusSatProject/..//hal/hcc/lib\libHCCD.a(fat_m.o)
                0x200196a4                fm_getdrive
 .text.fm_getfreespace
                0x20019714       0x68 C:/ISIS/workspace_ycube/GlobusSatProject/..//hal/hcc/lib\libHCCD.a(fat_m.o)
                0x20019714                fm_getfreespace
 .text.fm_findfirst
                0x2001977c       0x68 C:/ISIS/workspace_ycube/GlobusSatProject/..//hal/hcc/lib\libHCCD.a(fat_m.o)
                0x2001977c                fm_findfirst
 .text.fm_findnext
                0x200197e4       0x60 C:/ISIS/workspace_ycube/GlobusSatProject/..//hal/hcc/lib\libHCCD.a(fat_m.o)
                0x200197e4                fm_findnext
 .text.fm_close
                0x20019844       0x60 C:/ISIS/workspace_ycube/GlobusSatProject/..//hal/hcc/lib\libHCCD.a(fat_m.o)
                0x20019844                fm_close
 .text.fm_flush
                0x200198a4       0x60 C:/ISIS/workspace_ycube/GlobusSatProject/..//hal/hcc/lib\libHCCD.a(fat_m.o)
                0x200198a4                fm_flush
 .text.fm_open  0x20019904       0x68 C:/ISIS/workspace_ycube/GlobusSatProject/..//hal/hcc/lib\libHCCD.a(fat_m.o)
                0x20019904                fm_open
 .text.fm_read  0x2001996c       0x7c C:/ISIS/workspace_ycube/GlobusSatProject/..//hal/hcc/lib\libHCCD.a(fat_m.o)
                0x2001996c                fm_read
 .text.fm_write
                0x200199e8       0x7c C:/ISIS/workspace_ycube/GlobusSatProject/..//hal/hcc/lib\libHCCD.a(fat_m.o)
                0x200199e8                fm_write
 .text.fm_delete
                0x20019a64       0x64 C:/ISIS/workspace_ycube/GlobusSatProject/..//hal/hcc/lib\libHCCD.a(fat_m.o)
                0x20019a64                fm_delete
 .text.fm_getlasterror
                0x20019ac8       0x40 C:/ISIS/workspace_ycube/GlobusSatProject/..//hal/hcc/lib\libHCCD.a(fat_m.o)
                0x20019ac8                fm_getlasterror
 .text._s_checkzeroclusteratend
                0x20019b08       0xf8 C:/ISIS/workspace_ycube/GlobusSatProject/..//hal/hcc/lib\libHCCD.a(safefat.o)
 .text._s_clearclustercontent
                0x20019c00      0x108 C:/ISIS/workspace_ycube/GlobusSatProject/..//hal/hcc/lib\libHCCD.a(safefat.o)
 .text._s_clearclustercontentdir
                0x20019d08      0x19c C:/ISIS/workspace_ycube/GlobusSatProject/..//hal/hcc/lib\libHCCD.a(safefat.o)
 .text._s_writedirsector
                0x20019ea4       0xd0 C:/ISIS/workspace_ycube/GlobusSatProject/..//hal/hcc/lib\libHCCD.a(safefat.o)
 .text._s_getdirsector
                0x20019f74      0x100 C:/ISIS/workspace_ycube/GlobusSatProject/..//hal/hcc/lib\libHCCD.a(safefat.o)
 .text._s_addentry
                0x2001a074      0x394 C:/ISIS/workspace_ycube/GlobusSatProject/..//hal/hcc/lib\libHCCD.a(safefat.o)
 .text._s_findfile
                0x2001a408      0x33c C:/ISIS/workspace_ycube/GlobusSatProject/..//hal/hcc/lib\libHCCD.a(safefat.o)
 .text._s_findsubdir
                0x2001a744      0x248 C:/ISIS/workspace_ycube/GlobusSatProject/..//hal/hcc/lib\libHCCD.a(safefat.o)
 .text._s_createfile
                0x2001a98c      0x190 C:/ISIS/workspace_ycube/GlobusSatProject/..//hal/hcc/lib\libHCCD.a(safefat.o)
 .text._s_findsaffile
                0x2001ab1c      0x1b8 C:/ISIS/workspace_ycube/GlobusSatProject/..//hal/hcc/lib\libHCCD.a(safefat.o)
 .text._s_open  0x2001acd4       0xe4 C:/ISIS/workspace_ycube/GlobusSatProject/..//hal/hcc/lib\libHCCD.a(safefat.o)
 .text._s_open_saf
                0x2001adb8       0xe8 C:/ISIS/workspace_ycube/GlobusSatProject/..//hal/hcc/lib\libHCCD.a(safefat.o)
 .text._s_flush
                0x2001aea0       0x84 C:/ISIS/workspace_ycube/GlobusSatProject/..//hal/hcc/lib\libHCCD.a(safefat.o)
 .text._s_allocnextcluster
                0x2001af24      0x13c C:/ISIS/workspace_ycube/GlobusSatProject/..//hal/hcc/lib\libHCCD.a(safefat.o)
 .text._s_getnextsector
                0x2001b060       0xdc C:/ISIS/workspace_ycube/GlobusSatProject/..//hal/hcc/lib\libHCCD.a(safefat.o)
 .text._s_seek  0x2001b13c      0x1e8 C:/ISIS/workspace_ycube/GlobusSatProject/..//hal/hcc/lib\libHCCD.a(safefat.o)
 .text._s_read  0x2001b324      0x228 C:/ISIS/workspace_ycube/GlobusSatProject/..//hal/hcc/lib\libHCCD.a(safefat.o)
 .text._s_write
                0x2001b54c      0x384 C:/ISIS/workspace_ycube/GlobusSatProject/..//hal/hcc/lib\libHCCD.a(safefat.o)
 .text._s_restoreclusters
                0x2001b8d0      0x270 C:/ISIS/workspace_ycube/GlobusSatProject/..//hal/hcc/lib\libHCCD.a(safefat.o)
                0x2001b8d0                _s_restoreclusters
 .text._s_findrestore
                0x2001bb40      0x18c C:/ISIS/workspace_ycube/GlobusSatProject/..//hal/hcc/lib\libHCCD.a(safefat.o)
 .text._s_cmd_writede
                0x2001bccc       0xd8 C:/ISIS/workspace_ycube/GlobusSatProject/..//hal/hcc/lib\libHCCD.a(safefat.o)
 .text._s_cmd_setcluster
                0x2001bda4       0x88 C:/ISIS/workspace_ycube/GlobusSatProject/..//hal/hcc/lib\libHCCD.a(safefat.o)
 .text._s_cmd_deletechain
                0x2001be2c      0x100 C:/ISIS/workspace_ycube/GlobusSatProject/..//hal/hcc/lib\libHCCD.a(safefat.o)
 .text._s_cmd_validatecfn
                0x2001bf2c      0x308 C:/ISIS/workspace_ycube/GlobusSatProject/..//hal/hcc/lib\libHCCD.a(safefat.o)
 .text._s_cmd_seteof
                0x2001c234      0x3c4 C:/ISIS/workspace_ycube/GlobusSatProject/..//hal/hcc/lib\libHCCD.a(safefat.o)
 .text.safe_docommands
                0x2001c5f8      0x56c C:/ISIS/workspace_ycube/GlobusSatProject/..//hal/hcc/lib\libHCCD.a(safefat.o)
                0x2001c5f8                safe_docommands
 .text.safe_entercommand
                0x2001cb64       0x68 C:/ISIS/workspace_ycube/GlobusSatProject/..//hal/hcc/lib\libHCCD.a(safefat.o)
                0x2001cb64                safe_entercommand
 .text.safe_ready
                0x2001cbcc       0xf4 C:/ISIS/workspace_ycube/GlobusSatProject/..//hal/hcc/lib\libHCCD.a(safefat.o)
                0x2001cbcc                safe_ready
 .text.safe_copycfn
                0x2001ccc0       0xb8 C:/ISIS/workspace_ycube/GlobusSatProject/..//hal/hcc/lib\libHCCD.a(safefat.o)
                0x2001ccc0                safe_copycfn
 .text.safe_cfremove
                0x2001cd78       0xb8 C:/ISIS/workspace_ycube/GlobusSatProject/..//hal/hcc/lib\libHCCD.a(safefat.o)
                0x2001cd78                safe_cfremove
 .text.safe_writede
                0x2001ce30      0x104 C:/ISIS/workspace_ycube/GlobusSatProject/..//hal/hcc/lib\libHCCD.a(safefat.o)
                0x2001ce30                safe_writede
 .text.safe_setcluster
                0x2001cf34       0xcc C:/ISIS/workspace_ycube/GlobusSatProject/..//hal/hcc/lib\libHCCD.a(safefat.o)
                0x2001cf34                safe_setcluster
 .text.safe_deletechain
                0x2001d000      0x1c8 C:/ISIS/workspace_ycube/GlobusSatProject/..//hal/hcc/lib\libHCCD.a(safefat.o)
                0x2001d000                safe_deletechain
 .text.safe_cfclose
                0x2001d1c8      0x104 C:/ISIS/workspace_ycube/GlobusSatProject/..//hal/hcc/lib\libHCCD.a(safefat.o)
                0x2001d1c8                safe_cfclose
 .text.safe_cfflush
                0x2001d2cc      0x124 C:/ISIS/workspace_ycube/GlobusSatProject/..//hal/hcc/lib\libHCCD.a(safefat.o)
                0x2001d2cc                safe_cfflush
 .text.safe_reset
                0x2001d3f0       0x78 C:/ISIS/workspace_ycube/GlobusSatProject/..//hal/hcc/lib\libHCCD.a(safefat.o)
                0x2001d3f0                safe_reset
 .text.safe_loadcommands
                0x2001d468       0x78 C:/ISIS/workspace_ycube/GlobusSatProject/..//hal/hcc/lib\libHCCD.a(safefat.o)
                0x2001d468                safe_loadcommands
 .text.safe_poweron
                0x2001d4e0      0x1fc C:/ISIS/workspace_ycube/GlobusSatProject/..//hal/hcc/lib\libHCCD.a(safefat.o)
                0x2001d4e0                safe_poweron
 .text.cf_getname
                0x2001d6dc       0xc0 C:/ISIS/workspace_ycube/GlobusSatProject/..//hal/hcc/lib\libHCCD.a(safefat.o)
 .text.cf_copyclusterchain
                0x2001d79c      0x138 C:/ISIS/workspace_ycube/GlobusSatProject/..//hal/hcc/lib\libHCCD.a(safefat.o)
 .text.cf_seektozero
                0x2001d8d4       0x94 C:/ISIS/workspace_ycube/GlobusSatProject/..//hal/hcc/lib\libHCCD.a(safefat.o)
                0x2001d8d4                cf_seektozero
 .text.cf_create
                0x2001d968      0x3a8 C:/ISIS/workspace_ycube/GlobusSatProject/..//hal/hcc/lib\libHCCD.a(safefat.o)
                0x2001d968                cf_create
 .text.cf_copyclustercontent
                0x2001dd10      0x128 C:/ISIS/workspace_ycube/GlobusSatProject/..//hal/hcc/lib\libHCCD.a(safefat.o)
                0x2001dd10                cf_copyclustercontent
 .text.cf_copycfn
                0x2001de38      0x4bc C:/ISIS/workspace_ycube/GlobusSatProject/..//hal/hcc/lib\libHCCD.a(safefat.o)
                0x2001de38                cf_copycfn
 .text.cf_remove
                0x2001e2f4      0x344 C:/ISIS/workspace_ycube/GlobusSatProject/..//hal/hcc/lib\libHCCD.a(safefat.o)
                0x2001e2f4                cf_remove
 .text.cf_setclusternew
                0x2001e638       0xf0 C:/ISIS/workspace_ycube/GlobusSatProject/..//hal/hcc/lib\libHCCD.a(safefat.o)
                0x2001e638                cf_setclusternew
 .text.cf_flush
                0x2001e728       0x58 C:/ISIS/workspace_ycube/GlobusSatProject/..//hal/hcc/lib\libHCCD.a(safefat.o)
                0x2001e728                cf_flush
 .text.cf_getcluster
                0x2001e780      0x1b4 C:/ISIS/workspace_ycube/GlobusSatProject/..//hal/hcc/lib\libHCCD.a(safefat.o)
                0x2001e780                cf_getcluster
 .text.cf_setnextcluster
                0x2001e934      0x194 C:/ISIS/workspace_ycube/GlobusSatProject/..//hal/hcc/lib\libHCCD.a(safefat.o)
                0x2001e934                cf_setnextcluster
 .text.cf_getpositions
                0x2001eac8       0xbc C:/ISIS/workspace_ycube/GlobusSatProject/..//hal/hcc/lib\libHCCD.a(safefat.o)
                0x2001eac8                cf_getpositions
 .text.cf_setpositions
                0x2001eb84       0xb0 C:/ISIS/workspace_ycube/GlobusSatProject/..//hal/hcc/lib\libHCCD.a(safefat.o)
                0x2001eb84                cf_setpositions
 .text.cf_opensyncafile
                0x2001ec34      0x150 C:/ISIS/workspace_ycube/GlobusSatProject/..//hal/hcc/lib\libHCCD.a(safefat.o)
                0x2001ec34                cf_opensyncafile
 .text.cf_reloadcfo
                0x2001ed84       0xd8 C:/ISIS/workspace_ycube/GlobusSatProject/..//hal/hcc/lib\libHCCD.a(safefat.o)
                0x2001ed84                cf_reloadcfo
 .text.mcipdc_cmd
                0x2001ee5c      0x22c C:/ISIS/workspace_ycube/GlobusSatProject/..//hal/hcc/lib\libHCCD.a(atmel_mcipdc.o)
 .text.mcipdc_stop
                0x2001f088       0xfc C:/ISIS/workspace_ycube/GlobusSatProject/..//hal/hcc/lib\libHCCD.a(atmel_mcipdc.o)
                0x2001f088                mcipdc_stop
 .text.mcipdc_read
                0x2001f184      0x27c C:/ISIS/workspace_ycube/GlobusSatProject/..//hal/hcc/lib\libHCCD.a(atmel_mcipdc.o)
 .text.mcipdc_write
                0x2001f400      0x298 C:/ISIS/workspace_ycube/GlobusSatProject/..//hal/hcc/lib\libHCCD.a(atmel_mcipdc.o)
 .text.mcipdc_readsector
                0x2001f698       0x9c C:/ISIS/workspace_ycube/GlobusSatProject/..//hal/hcc/lib\libHCCD.a(atmel_mcipdc.o)
                0x2001f698                mcipdc_readsector
 .text.mcipdc_readmultiplesector
                0x2001f734      0x124 C:/ISIS/workspace_ycube/GlobusSatProject/..//hal/hcc/lib\libHCCD.a(atmel_mcipdc.o)
                0x2001f734                mcipdc_readmultiplesector
 .text.mcipdc_writesector
                0x2001f858       0x90 C:/ISIS/workspace_ycube/GlobusSatProject/..//hal/hcc/lib\libHCCD.a(atmel_mcipdc.o)
                0x2001f858                mcipdc_writesector
 .text.mcipdc_writemultiplesector
                0x2001f8e8      0x120 C:/ISIS/workspace_ycube/GlobusSatProject/..//hal/hcc/lib\libHCCD.a(atmel_mcipdc.o)
                0x2001f8e8                mcipdc_writemultiplesector
 .text.mcipdc_set_speed
                0x2001fa08       0xb0 C:/ISIS/workspace_ycube/GlobusSatProject/..//hal/hcc/lib\libHCCD.a(atmel_mcipdc.o)
 .text.mcipdc_get_speed
                0x2001fab8       0x48 C:/ISIS/workspace_ycube/GlobusSatProject/..//hal/hcc/lib\libHCCD.a(atmel_mcipdc.o)
 .text._get_csd_bits
                0x2001fb00      0x14c C:/ISIS/workspace_ycube/GlobusSatProject/..//hal/hcc/lib\libHCCD.a(atmel_mcipdc.o)
 .text.mcipdc_initcard
                0x2001fc4c      0x8f4 C:/ISIS/workspace_ycube/GlobusSatProject/..//hal/hcc/lib\libHCCD.a(atmel_mcipdc.o)
 .text.mcipdc_getstatus
                0x20020540       0xe8 C:/ISIS/workspace_ycube/GlobusSatProject/..//hal/hcc/lib\libHCCD.a(atmel_mcipdc.o)
 .text.mcipdc_getphy
                0x20020628       0x90 C:/ISIS/workspace_ycube/GlobusSatProject/..//hal/hcc/lib\libHCCD.a(atmel_mcipdc.o)
 .text.mcipdc_release
                0x200206b8       0x50 C:/ISIS/workspace_ycube/GlobusSatProject/..//hal/hcc/lib\libHCCD.a(atmel_mcipdc.o)
 .text.atmel_mcipdc_initfunc
                0x20020708      0x160 C:/ISIS/workspace_ycube/GlobusSatProject/..//hal/hcc/lib\libHCCD.a(atmel_mcipdc.o)
                0x20020708                atmel_mcipdc_initfunc
 .text.oal_mutex_create
                0x20020868       0x54 C:/ISIS/workspace_ycube/GlobusSatProject/..//hal/hcc/lib\libHCCD.a(oalp_mutex.o)
                0x20020868                oal_mutex_create
 .text.oal_mutex_delete
                0x200208bc       0x30 C:/ISIS/workspace_ycube/GlobusSatProject/..//hal/hcc/lib\libHCCD.a(oalp_mutex.o)
                0x200208bc                oal_mutex_delete
 .text.oal_mutex_get
                0x200208ec       0x58 C:/ISIS/workspace_ycube/GlobusSatProject/..//hal/hcc/lib\libHCCD.a(oalp_mutex.o)
                0x200208ec                oal_mutex_get
 .text.oal_mutex_put
                0x20020944       0x58 C:/ISIS/workspace_ycube/GlobusSatProject/..//hal/hcc/lib\libHCCD.a(oalp_mutex.o)
                0x20020944                oal_mutex_put
 .text.oal_task_get_id
                0x2002099c       0x18 C:/ISIS/workspace_ycube/GlobusSatProject/..//hal/hcc/lib\libHCCD.a(oalp_task.o)
                0x2002099c                oal_task_get_id
 .text.mcipdc_hw_init
                0x200209b4       0xe8 C:/ISIS/workspace_ycube/GlobusSatProject/..//hal/hcc/lib\libHCCD.a(atmel_mcipdc_hw.o)
                0x200209b4                mcipdc_hw_init
 .text.mcipdc_hw_delete
                0x20020a9c       0x78 C:/ISIS/workspace_ycube/GlobusSatProject/..//hal/hcc/lib\libHCCD.a(atmel_mcipdc_hw.o)
                0x20020a9c                mcipdc_hw_delete
 .text.mcipdc_hw_card_plugged
                0x20020b14       0x1c C:/ISIS/workspace_ycube/GlobusSatProject/..//hal/hcc/lib\libHCCD.a(atmel_mcipdc_hw.o)
                0x20020b14                mcipdc_hw_card_plugged
 .text.mcipdc_hw_card_writeprotect
                0x20020b30       0x1c C:/ISIS/workspace_ycube/GlobusSatProject/..//hal/hcc/lib\libHCCD.a(atmel_mcipdc_hw.o)
                0x20020b30                mcipdc_hw_card_writeprotect
 .text.psp_getcurrenttimedate
                0x20020b4c       0x8c C:/ISIS/workspace_ycube/GlobusSatProject/..//hal/hcc/lib\libHCCD.a(psp_rtc.o)
                0x20020b4c                psp_getcurrenttimedate
 .text._hcc_get_buf_dsc
                0x20020bd8       0x8c C:/ISIS/workspace_ycube/GlobusSatProject/..//hal/hcc/lib\libHCCD.a(hcc_mem.o)
 .text._hcc_check_free_pages
                0x20020c64      0x18c C:/ISIS/workspace_ycube/GlobusSatProject/..//hal/hcc/lib\libHCCD.a(hcc_mem.o)
 .text._hcc_mark_pages
                0x20020df0      0x158 C:/ISIS/workspace_ycube/GlobusSatProject/..//hal/hcc/lib\libHCCD.a(hcc_mem.o)
 .text._hcc_clear_lock_dsc
                0x20020f48       0x80 C:/ISIS/workspace_ycube/GlobusSatProject/..//hal/hcc/lib\libHCCD.a(hcc_mem.o)
 .text._hcc_lock_access
                0x20020fc8      0x128 C:/ISIS/workspace_ycube/GlobusSatProject/..//hal/hcc/lib\libHCCD.a(hcc_mem.o)
 .text._hcc_unlock_access
                0x200210f0       0x30 C:/ISIS/workspace_ycube/GlobusSatProject/..//hal/hcc/lib\libHCCD.a(hcc_mem.o)
 .text.hcc_mem_alloc
                0x20021120      0x454 C:/ISIS/workspace_ycube/GlobusSatProject/..//hal/hcc/lib\libHCCD.a(hcc_mem.o)
                0x20021120                hcc_mem_alloc
 .text.hcc_mem_free
                0x20021574      0x178 C:/ISIS/workspace_ycube/GlobusSatProject/..//hal/hcc/lib\libHCCD.a(hcc_mem.o)
                0x20021574                hcc_mem_free
 .text.hcc_mem_add
                0x200216ec      0x3b0 C:/ISIS/workspace_ycube/GlobusSatProject/..//hal/hcc/lib\libHCCD.a(hcc_mem.o)
                0x200216ec                hcc_mem_add
 .text.hcc_mem_init
                0x20021a9c      0x164 C:/ISIS/workspace_ycube/GlobusSatProject/..//hal/hcc/lib\libHCCD.a(hcc_mem.o)
                0x20021a9c                hcc_mem_init
 .text._f_invalidatedir
                0x20021c00       0x28 C:/ISIS/workspace_ycube/GlobusSatProject/..//hal/hcc/lib\libHCCD.a(fat.o)
                0x20021c00                _f_invalidatedir
 .text._f_getdirsector
                0x20021c28       0x88 C:/ISIS/workspace_ycube/GlobusSatProject/..//hal/hcc/lib\libHCCD.a(fat.o)
                0x20021c28                _f_getdirsector
 .text._f_writedirsector
                0x20021cb0       0x74 C:/ISIS/workspace_ycube/GlobusSatProject/..//hal/hcc/lib\libHCCD.a(fat.o)
                0x20021cb0                _f_writedirsector
 .text._f_checknameinv
                0x20021d24      0x180 C:/ISIS/workspace_ycube/GlobusSatProject/..//hal/hcc/lib\libHCCD.a(fat.o)
 .text._f_checkname
                0x20021ea4       0x7c C:/ISIS/workspace_ycube/GlobusSatProject/..//hal/hcc/lib\libHCCD.a(fat.o)
 .text._f_checknamewc
                0x20021f20       0xf8 C:/ISIS/workspace_ycube/GlobusSatProject/..//hal/hcc/lib\libHCCD.a(fat.o)
 .text._f_setnameext
                0x20022018      0x300 C:/ISIS/workspace_ycube/GlobusSatProject/..//hal/hcc/lib\libHCCD.a(fat.o)
 .text._f_setfsname
                0x20022318      0x584 C:/ISIS/workspace_ycube/GlobusSatProject/..//hal/hcc/lib\libHCCD.a(fat.o)
 .text._f_findfile
                0x2002289c      0x30c C:/ISIS/workspace_ycube/GlobusSatProject/..//hal/hcc/lib\libHCCD.a(fat.o)
 .text._f_cmp_wname
                0x20022ba8      0x274 C:/ISIS/workspace_ycube/GlobusSatProject/..//hal/hcc/lib\libHCCD.a(fat.o)
 .text._f_to_string
                0x20022e1c      0x130 C:/ISIS/workspace_ycube/GlobusSatProject/..//hal/hcc/lib\libHCCD.a(fat.o)
 .text._f_findfilewc
                0x20022f4c      0x278 C:/ISIS/workspace_ycube/GlobusSatProject/..//hal/hcc/lib\libHCCD.a(fat.o)
 .text._f_getfilename
                0x200231c4      0x20c C:/ISIS/workspace_ycube/GlobusSatProject/..//hal/hcc/lib\libHCCD.a(fat.o)
 .text._f_findpath
                0x200233d0      0x35c C:/ISIS/workspace_ycube/GlobusSatProject/..//hal/hcc/lib\libHCCD.a(fat.o)
 .text.fn_getdcwd
                0x2002372c      0x1e0 C:/ISIS/workspace_ycube/GlobusSatProject/..//hal/hcc/lib\libHCCD.a(fat.o)
                0x2002372c                fn_getdcwd
 .text.fn_findfirst
                0x2002390c      0x13c C:/ISIS/workspace_ycube/GlobusSatProject/..//hal/hcc/lib\libHCCD.a(fat.o)
                0x2002390c                fn_findfirst
 .text.fn_findnext
                0x20023a48      0x360 C:/ISIS/workspace_ycube/GlobusSatProject/..//hal/hcc/lib\libHCCD.a(fat.o)
                0x20023a48                fn_findnext
 .text._f_lock_resfile
                0x20023da8       0x6c C:/ISIS/workspace_ycube/GlobusSatProject/..//hal/hcc/lib\libHCCD.a(fat.o)
 .text._f_unlock_resfile
                0x20023e14       0x40 C:/ISIS/workspace_ycube/GlobusSatProject/..//hal/hcc/lib\libHCCD.a(fat.o)
 .text._f_getintfile
                0x20023e54      0x124 C:/ISIS/workspace_ycube/GlobusSatProject/..//hal/hcc/lib\libHCCD.a(fat.o)
 .text._f_addentry
                0x20023f78      0x540 C:/ISIS/workspace_ycube/GlobusSatProject/..//hal/hcc/lib\libHCCD.a(fat.o)
 .text.fn_open_sub
                0x200244b8     0x1698 C:/ISIS/workspace_ycube/GlobusSatProject/..//hal/hcc/lib\libHCCD.a(fat.o)
 .text.fn_open  0x20025b50       0x44 C:/ISIS/workspace_ycube/GlobusSatProject/..//hal/hcc/lib\libHCCD.a(fat.o)
                0x20025b50                fn_open
 .text.fn_delete
                0x20025b94      0x490 C:/ISIS/workspace_ycube/GlobusSatProject/..//hal/hcc/lib\libHCCD.a(fat.o)
                0x20025b94                fn_delete
 .text.hcc_mem_buf_alloc
                0x20026024       0xe4 C:/ISIS/workspace_ycube/GlobusSatProject/..//hal/hcc/lib\libHCCD.a(psp_hcc_mem.o)
                0x20026024                hcc_mem_buf_alloc
 .text.makeAntStransfer
                0x20026108       0x4c C:/ISIS/workspace_ycube/satellite-subsystems/satellite-subsystems/lib\libSatelliteSubsystemsD.a(IsisAntS.o)
 .text.checkInputsValid
                0x20026154       0x7c C:/ISIS/workspace_ycube/satellite-subsystems/satellite-subsystems/lib\libSatelliteSubsystemsD.a(IsisAntS.o)
 .text.IsisAntS_initialize
                0x200261d0      0x26c C:/ISIS/workspace_ycube/satellite-subsystems/satellite-subsystems/lib\libSatelliteSubsystemsD.a(IsisAntS.o)
                0x200261d0                IsisAntS_initialize
 .text.IsisAntS_setArmStatus
                0x2002643c      0x104 C:/ISIS/workspace_ycube/satellite-subsystems/satellite-subsystems/lib\libSatelliteSubsystemsD.a(IsisAntS.o)
                0x2002643c                IsisAntS_setArmStatus
 .text.IsisAntS_getStatusData
                0x20026540      0x120 C:/ISIS/workspace_ycube/satellite-subsystems/satellite-subsystems/lib\libSatelliteSubsystemsD.a(IsisAntS.o)
                0x20026540                IsisAntS_getStatusData
 .text.IsisAntS_getUptime
                0x20026660      0x120 C:/ISIS/workspace_ycube/satellite-subsystems/satellite-subsystems/lib\libSatelliteSubsystemsD.a(IsisAntS.o)
                0x20026660                IsisAntS_getUptime
 .text.IsisAntS_getAlltelemetry
                0x20026780      0x120 C:/ISIS/workspace_ycube/satellite-subsystems/satellite-subsystems/lib\libSatelliteSubsystemsD.a(IsisAntS.o)
                0x20026780                IsisAntS_getAlltelemetry
 .text.IsisAntS_reset
                0x200268a0      0x104 C:/ISIS/workspace_ycube/satellite-subsystems/satellite-subsystems/lib\libSatelliteSubsystemsD.a(IsisAntS.o)
                0x200268a0                IsisAntS_reset
 .text.IsisAntS_cancelDeployment
                0x200269a4      0x104 C:/ISIS/workspace_ycube/satellite-subsystems/satellite-subsystems/lib\libSatelliteSubsystemsD.a(IsisAntS.o)
                0x200269a4                IsisAntS_cancelDeployment
 .text.IsisAntS_autoDeployment
                0x20026aa8      0x114 C:/ISIS/workspace_ycube/satellite-subsystems/satellite-subsystems/lib\libSatelliteSubsystemsD.a(IsisAntS.o)
                0x20026aa8                IsisAntS_autoDeployment
 .text.IsisSolarPanelv2_initialize
                0x20026bbc       0xb4 C:/ISIS/workspace_ycube/satellite-subsystems/satellite-subsystems/lib\libSatelliteSubsystemsD.a(IsisSolarPanelv2.o)
                0x20026bbc                IsisSolarPanelv2_initialize
 .text.IsisSolarPanelv2_getTemperature
                0x20026c70       0xc8 C:/ISIS/workspace_ycube/satellite-subsystems/satellite-subsystems/lib\libSatelliteSubsystemsD.a(IsisSolarPanelv2.o)
                0x20026c70                IsisSolarPanelv2_getTemperature
 .text.IsisSolarPanelv2_getState
                0x20026d38       0x24 C:/ISIS/workspace_ycube/satellite-subsystems/satellite-subsystems/lib\libSatelliteSubsystemsD.a(IsisSolarPanelv2.o)
                0x20026d38                IsisSolarPanelv2_getState
 .text._Reset   0x20026d5c       0x20 C:/ISIS/workspace_ycube/satellite-subsystems/satellite-subsystems/lib\libSatelliteSubsystemsD.a(IsisSolarPanelv2.o)
 .text._WaitForStartup
                0x20026d7c       0x90 C:/ISIS/workspace_ycube/satellite-subsystems/satellite-subsystems/lib\libSatelliteSubsystemsD.a(IsisSolarPanelv2.o)
 .text._AssignAllChannels
                0x20026e0c       0x90 C:/ISIS/workspace_ycube/satellite-subsystems/satellite-subsystems/lib\libSatelliteSubsystemsD.a(IsisSolarPanelv2.o)
 .text._AssignThisChannel
                0x20026e9c       0xe8 C:/ISIS/workspace_ycube/satellite-subsystems/satellite-subsystems/lib\libSatelliteSubsystemsD.a(IsisSolarPanelv2.o)
 .text._InitiateConversion
                0x20026f84       0xac C:/ISIS/workspace_ycube/satellite-subsystems/satellite-subsystems/lib\libSatelliteSubsystemsD.a(IsisSolarPanelv2.o)
 .text._WaitForConversionComplete
                0x20027030      0x100 C:/ISIS/workspace_ycube/satellite-subsystems/satellite-subsystems/lib\libSatelliteSubsystemsD.a(IsisSolarPanelv2.o)
 .text._ReadResult
                0x20027130      0x158 C:/ISIS/workspace_ycube/satellite-subsystems/satellite-subsystems/lib\libSatelliteSubsystemsD.a(IsisSolarPanelv2.o)
 .text._ExtractByte
                0x20027288       0x38 C:/ISIS/workspace_ycube/satellite-subsystems/satellite-subsystems/lib\libSatelliteSubsystemsD.a(IsisSolarPanelv2.o)
 .text._ExtendSign
                0x200272c0       0x6c C:/ISIS/workspace_ycube/satellite-subsystems/satellite-subsystems/lib\libSatelliteSubsystemsD.a(IsisSolarPanelv2.o)
 .text._PinsInit
                0x2002732c       0x50 C:/ISIS/workspace_ycube/satellite-subsystems/satellite-subsystems/lib\libSatelliteSubsystemsD.a(IsisSolarPanelv2.o)
 .text._SpiWriteRead
                0x2002737c       0x70 C:/ISIS/workspace_ycube/satellite-subsystems/satellite-subsystems/lib\libSatelliteSubsystemsD.a(IsisSolarPanelv2.o)
 .text.IsisTrxvu_initialize
                0x200273ec      0x2f4 C:/ISIS/workspace_ycube/satellite-subsystems/satellite-subsystems/lib\libSatelliteSubsystemsD.a(IsisTRXVU.o)
                0x200273ec                IsisTrxvu_initialize
 .text.makeTRXVUtransfer
                0x200276e0       0x44 C:/ISIS/workspace_ycube/satellite-subsystems/satellite-subsystems/lib\libSatelliteSubsystemsD.a(IsisTRXVU.o)
 .text.IsisTrxvu_componentSoftReset
                0x20027724       0x6c C:/ISIS/workspace_ycube/satellite-subsystems/satellite-subsystems/lib\libSatelliteSubsystemsD.a(IsisTRXVU.o)
                0x20027724                IsisTrxvu_componentSoftReset
 .text.IsisTrxvu_componentHardReset
                0x20027790       0xc8 C:/ISIS/workspace_ycube/satellite-subsystems/satellite-subsystems/lib\libSatelliteSubsystemsD.a(IsisTRXVU.o)
                0x20027790                IsisTrxvu_componentHardReset
 .text.IsisTrxvu_softReset
                0x20027858       0x74 C:/ISIS/workspace_ycube/satellite-subsystems/satellite-subsystems/lib\libSatelliteSubsystemsD.a(IsisTRXVU.o)
                0x20027858                IsisTrxvu_softReset
 .text.IsisTrxvu_hardReset
                0x200278cc       0x74 C:/ISIS/workspace_ycube/satellite-subsystems/satellite-subsystems/lib\libSatelliteSubsystemsD.a(IsisTRXVU.o)
                0x200278cc                IsisTrxvu_hardReset
 .text.IsisTrxvu_tcSendAX25DefClSign
                0x20027940       0xec C:/ISIS/workspace_ycube/satellite-subsystems/satellite-subsystems/lib\libSatelliteSubsystemsD.a(IsisTRXVU.o)
                0x20027940                IsisTrxvu_tcSendAX25DefClSign
 .text.IsisTrxvu_tcSetIdlestate
                0x20027a2c       0xa4 C:/ISIS/workspace_ycube/satellite-subsystems/satellite-subsystems/lib\libSatelliteSubsystemsD.a(IsisTRXVU.o)
                0x20027a2c                IsisTrxvu_tcSetIdlestate
 .text.IsisTrxvu_tcSetAx25Bitrate
                0x20027ad0       0xc4 C:/ISIS/workspace_ycube/satellite-subsystems/satellite-subsystems/lib\libSatelliteSubsystemsD.a(IsisTRXVU.o)
                0x20027ad0                IsisTrxvu_tcSetAx25Bitrate
 .text.IsisTrxvu_tcGetUptime
                0x20027b94       0xa0 C:/ISIS/workspace_ycube/satellite-subsystems/satellite-subsystems/lib\libSatelliteSubsystemsD.a(IsisTRXVU.o)
                0x20027b94                IsisTrxvu_tcGetUptime
 .text.IsisTrxvu_tcGetState
                0x20027c34       0xd0 C:/ISIS/workspace_ycube/satellite-subsystems/satellite-subsystems/lib\libSatelliteSubsystemsD.a(IsisTRXVU.o)
                0x20027c34                IsisTrxvu_tcGetState
 .text.IsisTrxvu_tcGetTelemetryAll
                0x20027d04       0xd0 C:/ISIS/workspace_ycube/satellite-subsystems/satellite-subsystems/lib\libSatelliteSubsystemsD.a(IsisTRXVU.o)
                0x20027d04                IsisTrxvu_tcGetTelemetryAll
 .text.IsisTrxvu_tcGetLastTxTelemetry
                0x20027dd4       0xe4 C:/ISIS/workspace_ycube/satellite-subsystems/satellite-subsystems/lib\libSatelliteSubsystemsD.a(IsisTRXVU.o)
                0x20027dd4                IsisTrxvu_tcGetLastTxTelemetry
 .text.IsisTrxvu_rcGetFrameCount
                0x20027eb8       0xa0 C:/ISIS/workspace_ycube/satellite-subsystems/satellite-subsystems/lib\libSatelliteSubsystemsD.a(IsisTRXVU.o)
                0x20027eb8                IsisTrxvu_rcGetFrameCount
 .text.IsisTrxvu_rcGetCommandFrame
                0x20027f58      0x2d8 C:/ISIS/workspace_ycube/satellite-subsystems/satellite-subsystems/lib\libSatelliteSubsystemsD.a(IsisTRXVU.o)
                0x20027f58                IsisTrxvu_rcGetCommandFrame
 .text.IsisTrxvu_rcGetTelemetryAll
                0x20028230       0xd0 C:/ISIS/workspace_ycube/satellite-subsystems/satellite-subsystems/lib\libSatelliteSubsystemsD.a(IsisTRXVU.o)
                0x20028230                IsisTrxvu_rcGetTelemetryAll
 .text.IsisTrxvu_rcGetUptime
                0x20028300       0xa0 C:/ISIS/workspace_ycube/satellite-subsystems/satellite-subsystems/lib\libSatelliteSubsystemsD.a(IsisTRXVU.o)