Archive member included because of file (symbol)

C:/ISIS/workspace/ycube/GlobusSatProject/..//hal/hal/lib\libHALD.a(SPI.o)
                              ./src/InitSystem.o (SPI_start)
C:/ISIS/workspace/ycube/GlobusSatProject/..//hal/hal/lib\libHALD.a(I2C.o)
                              ./src/SubSystemModules/Payload/payload_drivers.o (I2C_write)
C:/ISIS/workspace/ycube/GlobusSatProject/..//hal/hal/lib\libHALD.a(ADC.o)
                              ./src/SubSystemModules/Housekepping/TelemetryCollector.o (ADC_ConvertRaw10bitToMillivolt)
C:/ISIS/workspace/ycube/GlobusSatProject/..//hal/hal/lib\libHALD.a(FRAM.o)
                              ./src/SubSystemModules/Communication/SubsystemCommands/Maintanence_Commands.o (FRAM_start)
C:/ISIS/workspace/ycube/GlobusSatProject/..//hal/hal/lib\libHALD.a(Time.o)
                              ./src/InitSystem.o (Time_start)
C:/ISIS/workspace/ycube/GlobusSatProject/..//hal/hal/lib\libHALD.a(WatchDogTimerNoOS.o)
                              ./src/main.o (WDT_start)
C:/ISIS/workspace/ycube/GlobusSatProject/..//hal/hal/lib\libHALD.a(RTT.o)
                              C:/ISIS/workspace/ycube/GlobusSatProject/..//hal/hal/lib\libHALD.a(Time.o) (RTT_start)
C:/ISIS/workspace/ycube/GlobusSatProject/..//hal/hal/lib\libHALD.a(RTC.o)
                              C:/ISIS/workspace/ycube/GlobusSatProject/..//hal/hal/lib\libHALD.a(Time.o) (RTC_getTime)
C:/ISIS/workspace/ycube/GlobusSatProject/..//hal/hal/lib\libHALD.a(WatchDogTimerOS.o)
                              ./src/TestingDemos/MainTest.o (WDT_startWatchdogKickTask)
C:/ISIS/workspace/ycube/GlobusSatProject/..//hal/hal/lib\libHALD.a(fprintf.o)
                              ./src/TLM_management.o (f_puts)
C:/ISIS/workspace/ycube/GlobusSatProject/..//hal/hal/lib\libHALD.a(util.o)
                              ./src/TestingDemos/CommandsTestingDemo.o (UTIL_DbguGetIntegerMinMax)
C:/ISIS/workspace/ycube/GlobusSatProject/..//hal/hal/lib\libHALD.a(LED.o)
                              C:/ISIS/workspace/ycube/GlobusSatProject/..//hal/hal/lib\libHALD.a(WatchDogTimerOS.o) (LED_toggle)
C:/ISIS/workspace/ycube/GlobusSatProject/..//hal/hcc/lib\libHCCD.a(fat_m.o)
                              ./src/TLM_management.o (fm_initvolume)
C:/ISIS/workspace/ycube/GlobusSatProject/..//hal/hcc/lib\libHCCD.a(fat.o)
                              C:/ISIS/workspace/ycube/GlobusSatProject/..//hal/hcc/lib\libHCCD.a(fat_m.o) (fn_getdcwd)
C:/ISIS/workspace/ycube/GlobusSatProject/..//hal/hcc/lib\libHCCD.a(fat_common.o)
                              C:/ISIS/workspace/ycube/GlobusSatProject/..//hal/hcc/lib\libHCCD.a(fat.o) (p_filesystem)
C:/ISIS/workspace/ycube/GlobusSatProject/..//hal/hcc/lib\libHCCD.a(safefat.o)
                              C:/ISIS/workspace/ycube/GlobusSatProject/..//hal/hcc/lib\libHCCD.a(fat.o) (s_subdir)
C:/ISIS/workspace/ycube/GlobusSatProject/..//hal/hcc/lib\libHCCD.a(atmel_mcipdc.o)
                              ./src/TLM_management.o (atmel_mcipdc_initfunc)
C:/ISIS/workspace/ycube/GlobusSatProject/..//hal/hcc/lib\libHCCD.a(oalp_task.o)
                              C:/ISIS/workspace/ycube/GlobusSatProject/..//hal/hcc/lib\libHCCD.a(fat_common.o) (oal_task_get_id)
C:/ISIS/workspace/ycube/GlobusSatProject/..//hal/hcc/lib\libHCCD.a(oalp_mutex.o)
                              C:/ISIS/workspace/ycube/GlobusSatProject/..//hal/hcc/lib\libHCCD.a(fat_common.o) (oal_mutex_create)
C:/ISIS/workspace/ycube/GlobusSatProject/..//hal/hcc/lib\libHCCD.a(atmel_mcipdc_hw.o)
                              C:/ISIS/workspace/ycube/GlobusSatProject/..//hal/hcc/lib\libHCCD.a(atmel_mcipdc.o) (mcipdc_hw_init)
C:/ISIS/workspace/ycube/GlobusSatProject/..//hal/hcc/lib\libHCCD.a(psp_rand.o)
                              C:/ISIS/workspace/ycube/GlobusSatProject/..//hal/hcc/lib\libHCCD.a(fat_common.o) (psp_getrand)
C:/ISIS/workspace/ycube/GlobusSatProject/..//hal/hcc/lib\libHCCD.a(psp_rtc.o)
                              C:/ISIS/workspace/ycube/GlobusSatProject/..//hal/hcc/lib\libHCCD.a(fat_common.o) (psp_getcurrenttimedate)
C:/ISIS/workspace/ycube/GlobusSatProject/..//hal/hcc/lib\libHCCD.a(hcc_mem.o)
                              C:/ISIS/workspace/ycube/GlobusSatProject/..//hal/hcc/lib\libHCCD.a(atmel_mcipdc.o) (hcc_mem_alloc)
C:/ISIS/workspace/ycube/GlobusSatProject/..//hal/hcc/lib\libHCCD.a(psp_hcc_mem.o)
                              C:/ISIS/workspace/ycube/GlobusSatProject/..//hal/hcc/lib\libHCCD.a(hcc_mem.o) (hcc_mem_buf_alloc)
C:/ISIS/workspace/ycube/GlobusSatProject/..//satellite-subsystems/satellite-subsystems/lib\libSatelliteSubsystemsD.a(IsisSolarPanelv2.o)
                              ./src/SubSystemModules/PowerManagment/EPS.o (IsisSolarPanelv2_initialize)
C:/ISIS/workspace/ycube/GlobusSatProject/..//satellite-subsystems/satellite-subsystems/lib\libSatelliteSubsystemsD.a(isis_ants_rev2.o)
                              ./src/SubSystemModules/Communication/TRXVU.o (ISIS_ANTS_REV2_Init)
[...]
Memory Configuration

Name             Origin             Length             Attributes
sram0            0x00200000         0x00004000         w !xr
sram1            0x00300000         0x00004000         w !xr
sdram            0x20000000         0x02000000         w !xr
*default*        0x00000000         0xffffffff

Linker script and memory map

LOAD c:/isis/application/toolchain/bin/../lib/gcc/arm-none-eabi/4.7.4/../../../../arm-none-eabi/lib\libc.a
LOAD ./src/TestingDemos/CommandsTestingDemo.o
LOAD ./src/TestingDemos/EpsTestingDemo.o
LOAD ./src/TestingDemos/FileSystemTestingDemo.o
LOAD ./src/TestingDemos/MainTest.o
LOAD ./src/TestingDemos/MaintenanceTestingDemo.o
LOAD ./src/TestingDemos/TelemetryTestingDemo.o
LOAD ./src/TestingDemos/TrxvuTestingDemo.o
LOAD ./src/SubSystemModules/PowerManagment/EPS.o
LOAD ./src/SubSystemModules/PowerManagment/EPSOperationModes.o
LOAD ./src/SubSystemModules/Payload/payload_drivers.o
LOAD ./src/SubSystemModules/Maintenance/Maintenance.o
LOAD ./src/SubSystemModules/Housekepping/Payload_NOT_IN_USE.o
LOAD ./src/SubSystemModules/Housekepping/RAMTelemetry.o
LOAD ./src/SubSystemModules/Housekepping/TelemetryCollector.o
LOAD ./src/SubSystemModules/Communication/SubsystemCommands/EPS_Commands.o
LOAD ./src/SubSystemModules/Communication/SubsystemCommands/FS_Commands.o
LOAD ./src/SubSystemModules/Communication/SubsystemCommands/Maintanence_Commands.o
LOAD ./src/SubSystemModules/Communication/SubsystemCommands/TRXVU_Commands.o
LOAD ./src/SubSystemModules/Communication/AckHandler.o
LOAD ./src/SubSystemModules/Communication/CommandDictionary.o
LOAD ./src/SubSystemModules/Communication/HashSecuredCMD.o
LOAD ./src/SubSystemModules/Communication/SatCommandHandler.o
LOAD ./src/SubSystemModules/Communication/TRXVU.o
LOAD ./src/InitSystem.o
LOAD ./src/TLM_management.o
LOAD ./src/main.o
LOAD ./src/utils.o
LOAD C:/ISIS/workspace/ycube/GlobusSatProject/..//hal/hal/lib\libHALD.a
LOAD C:/ISIS/workspace/ycube/GlobusSatProject/..//hal/hcc/lib\libHCCD.a
LOAD C:/ISIS/workspace/ycube/GlobusSatProject/..//satellite-subsystems/satellite-subsystems/lib\libSatelliteSubsystemsD.a
LOAD C:/ISIS/workspace/ycube/GlobusSatProject/..//hal/freertos/lib\libFreeRTOSD.a
LOAD C:/ISIS/workspace/ycube/GlobusSatProject/..//hal/at91/lib\libAt91D.a
START GROUP
LOAD c:/isis/application/toolchain/bin/../lib/gcc/arm-none-eabi/4.7.4\libgcc.a
LOAD c:/isis/application/toolchain/bin/../lib/gcc/arm-none-eabi/4.7.4/../../../../arm-none-eabi/lib\libg.a
LOAD c:/isis/application/toolchain/bin/../lib/gcc/arm-none-eabi/4.7.4/../../../../arm-none-eabi/lib\libc.a
END GROUP

.fixed          0x20000000    0x3f308
                0x20000000                . = ALIGN (0x4)
                0x20000000                _sfixed = .
 *(.startup)
 .startup       0x20000000      0x184 C:/ISIS/workspace/ycube/GlobusSatProject/..//hal/at91/lib\libAt91D.a(board_cstartup.o)
                0x20000000                entry
 *(.text)
 .text          0x20000184       0x64 C:/ISIS/workspace/ycube/GlobusSatProject/..//hal/at91/lib\libAt91D.a(cp15_asm.o)
                0x20000184                _readControlRegister
                0x20000190                _writeControlRegister
                0x20000198                _waitForInterrupt
                0x200001a4                _writeTTB
                0x200001ac                _writeDomain
                0x200001b4                _writeITLBLockdown
                0x200001bc                _prefetchICacheLine
                0x200001c4                _flushDCache
                0x200001d0                _flushWriteBuffer
                0x200001dc                _invalidateIDTLBs
 .text          0x200001e8      0x114 c:/isis/application/toolchain/bin/../lib/gcc/arm-none-eabi/4.7.4\libgcc.a(_udivsi3.o)
                0x200001e8                __aeabi_uidiv
                0x200001e8                __udivsi3
                0x200002dc                __aeabi_uidivmod
 .text          0x200002fc      0x148 c:/isis/application/toolchain/bin/../lib/gcc/arm-none-eabi/4.7.4\libgcc.a(_divsi3.o)
                0x200002fc                __divsi3
                0x200002fc                __aeabi_idiv
                0x20000424                __aeabi_idivmod
 .text          0x20000444        0x4 c:/isis/application/toolchain/bin/../lib/gcc/arm-none-eabi/4.7.4\libgcc.a(_dvmd_tls.o)
                0x20000444                __aeabi_idiv0
                0x20000444                __aeabi_ldiv0
 .text          0x20000448      0x41c c:/isis/application/toolchain/bin/../lib/gcc/arm-none-eabi/4.7.4\libgcc.a(_arm_addsubdf3.o)
                0x20000448                __aeabi_drsub
                0x20000450                __aeabi_dsub
                0x20000450                __subdf3
                0x20000454                __aeabi_dadd
                0x20000454                __adddf3
                0x20000764                __floatunsidf
                0x20000764                __aeabi_ui2d
                0x20000788                __floatsidf
                0x20000788                __aeabi_i2d
                0x200007b0                __aeabi_f2d
                0x200007b0                __extendsfdf2
                0x200007f0                __floatundidf
                0x200007f0                __aeabi_ul2d
                0x20000804                __floatdidf
                0x20000804                __aeabi_l2d
 .text          0x20000864      0x49c c:/isis/application/toolchain/bin/../lib/gcc/arm-none-eabi/4.7.4\libgcc.a(_arm_muldivdf3.o)
                0x20000864                __aeabi_dmul
                0x20000864                __muldf3
                0x20000af4                __divdf3
                0x20000af4                __aeabi_ddiv
 .text          0x20000d00      0x2ac c:/isis/application/toolchain/bin/../lib/gcc/arm-none-eabi/4.7.4\libgcc.a(_arm_addsubsf3.o)
                0x20000d00                __aeabi_frsub
                0x20000d08                __subsf3
                0x20000d08                __aeabi_fsub
                0x20000d0c                __aeabi_fadd
                0x20000d0c                __addsf3
                0x20000ec8                __aeabi_ui2f
                0x20000ec8                __floatunsisf
                0x20000ed0                __aeabi_i2f
                0x20000ed0                __floatsisf
                0x20000ef0                __aeabi_ul2f
                0x20000ef0                __floatundisf
                0x20000f00                __aeabi_l2f
                0x20000f00                __floatdisf
 .text          0x20000fac      0x2f8 c:/isis/application/toolchain/bin/../lib/gcc/arm-none-eabi/4.7.4\libgcc.a(_arm_muldivsf3.o)
                0x20000fac                __mulsf3
                0x20000fac                __aeabi_fmul
                0x20001144                __aeabi_fdiv
                0x20001144                __divsf3
 .text          0x200012a4      0x114 c:/isis/application/toolchain/bin/../lib/gcc/arm-none-eabi/4.7.4\libgcc.a(_arm_cmpsf2.o)
                0x200012a4                __gesf2
                0x200012a4                __gtsf2
                0x200012ac                __lesf2
                0x200012ac                __ltsf2
                0x200012b4                __nesf2
                0x200012b4                __eqsf2
                0x200012b4                __cmpsf2
                0x20001318                __aeabi_cfrcmple
                0x20001328                __aeabi_cfcmpeq
                0x20001328                __aeabi_cfcmple
                0x20001340                __aeabi_fcmpeq
                0x20001358                __aeabi_fcmplt
                0x20001370                __aeabi_fcmple
                0x20001388                __aeabi_fcmpge
                0x200013a0                __aeabi_fcmpgt
 .text          0x200013b8       0x54 c:/isis/application/toolchain/bin/../lib/gcc/arm-none-eabi/4.7.4\libgcc.a(_arm_fixunssfsi.o)
                0x200013b8                __fixunssfsi
                0x200013b8                __aeabi_f2uiz
 .text          0x2000140c      0x144 c:/isis/application/toolchain/bin/../lib/gcc/arm-none-eabi/4.7.4\libgcc.a(_arm_cmpdf2.o)
                0x2000140c                __gtdf2
                0x2000140c                __gedf2
                0x20001414                __ltdf2
                0x20001414                __ledf2
                0x2000141c                __nedf2
                0x2000141c                __eqdf2
                0x2000141c                __cmpdf2
                0x200014a4                __aeabi_cdrcmple
                0x200014c0                __aeabi_cdcmpeq
                0x200014c0                __aeabi_cdcmple
                0x200014d8                __aeabi_dcmpeq
                0x200014f0                __aeabi_dcmplt
                0x20001508                __aeabi_dcmple
                0x20001520                __aeabi_dcmpge
                0x20001538                __aeabi_dcmpgt
 .text          0x20001550       0x5c c:/isis/application/toolchain/bin/../lib/gcc/arm-none-eabi/4.7.4\libgcc.a(_arm_fixdfsi.o)
                0x20001550                __aeabi_d2iz
                0x20001550                __fixdfsi
 .text          0x200015ac       0x3c c:/isis/application/toolchain/bin/../lib/gcc/arm-none-eabi/4.7.4\libgcc.a(_aeabi_uldivmod.o)
                0x200015ac                __aeabi_uldivmod
 .text          0x200015e8       0x84 c:/isis/application/toolchain/bin/../lib/gcc/arm-none-eabi/4.7.4\libgcc.a(bpabi.o)
                0x200015e8                __gnu_ldivmod_helper
                0x2000162c                __gnu_uldivmod_helper
 .text          0x2000166c      0x4f0 c:/isis/application/toolchain/bin/../lib/gcc/arm-none-eabi/4.7.4\libgcc.a(_divdi3.o)
                0x2000166c                __divdi3
 .text          0x20001b5c      0x488 c:/isis/application/toolchain/bin/../lib/gcc/arm-none-eabi/4.7.4\libgcc.a(_udivdi3.o)
                0x20001b5c                __udivdi3
 .text          0x20001fe4       0x48 c:/isis/application/toolchain/bin/../lib/gcc/arm-none-eabi/4.7.4\libgcc.a(_clzsi2.o)
                0x20001fe4                __clzsi2
 *(.text*)
 .text.GetBatteryVoltage
                0x2000202c       0x44 ./src/SubSystemModules/PowerManagment/EPS.o
                0x2000202c                GetBatteryVoltage
 .text.EPS_Init
                0x20002070      0x14c ./src/SubSystemModules/PowerManagment/EPS.o
                0x20002070                EPS_Init
 .text.EPS_Conditioning
                0x200021bc      0x1c4 ./src/SubSystemModules/PowerManagment/EPS.o
                0x200021bc                EPS_Conditioning
 .text.UpdateAlpha
                0x20002380       0xd8 ./src/SubSystemModules/PowerManagment/EPS.o
                0x20002380                UpdateAlpha
 .text.GetThresholdVoltages
                0x20002458       0x80 ./src/SubSystemModules/PowerManagment/EPS.o
                0x20002458                GetThresholdVoltages
 .text.GetAlpha
                0x200024d8       0x7c ./src/SubSystemModules/PowerManagment/EPS.o
                0x200024d8                GetAlpha
 .text.CMDGetHeaterValues
                0x20002554      0x1f8 ./src/SubSystemModules/PowerManagment/EPS.o
                0x20002554                CMDGetHeaterValues
 .text.CMDSetHeaterValues
                0x2000274c      0x204 ./src/SubSystemModules/PowerManagment/EPS.o
                0x2000274c                CMDSetHeaterValues
 .text.EnterFullMode
                0x20002950       0x5c ./src/SubSystemModules/PowerManagment/EPSOperationModes.o
                0x20002950                EnterFullMode
 .text.EnterCruiseMode
                0x200029ac       0x58 ./src/SubSystemModules/PowerManagment/EPSOperationModes.o
                0x200029ac                EnterCruiseMode
 .text.EnterSafeMode
                0x20002a04       0x5c ./src/SubSystemModules/PowerManagment/EPSOperationModes.o
                0x20002a04                EnterSafeMode
 .text.EnterCriticalMode
                0x20002a60       0x5c ./src/SubSystemModules/PowerManagment/EPSOperationModes.o
                0x20002a60                EnterCriticalMode
 .text.PayloadOperations
                0x20002abc       0x28 ./src/SubSystemModules/PowerManagment/EPSOperationModes.o
                0x20002abc                PayloadOperations
 .text.DoesPayloadChannelOn
                0x20002ae4       0xa4 ./src/SubSystemModules/PowerManagment/EPSOperationModes.o
                0x20002ae4                DoesPayloadChannelOn
 .text.EpsGetLowVoltageFlag
                0x20002b88       0x24 ./src/SubSystemModules/PowerManagment/EPSOperationModes.o
                0x20002b88                EpsGetLowVoltageFlag
 .text.EpsSetLowVoltageFlag
                0x20002bac       0x2c ./src/SubSystemModules/PowerManagment/EPSOperationModes.o
                0x20002bac                EpsSetLowVoltageFlag
 .text.payloadRead
                0x20002bd8       0xbc ./src/SubSystemModules/Payload/payload_drivers.o
                0x20002bd8                payloadRead
 .text.payloadSendCommand
                0x20002c94       0x70 ./src/SubSystemModules/Payload/payload_drivers.o
                0x20002c94                payloadSendCommand
 .text.payloadReadEnvironment
                0x20002d04      0x2d0 ./src/SubSystemModules/Payload/payload_drivers.o
                0x20002d04                payloadReadEnvironment
 .text.payloadReadEvents
                0x20002fd4      0x1a4 ./src/SubSystemModules/Payload/payload_drivers.o
                0x20002fd4                payloadReadEvents
 .text.CheckExecutionTime
                0x20003178       0x80 ./src/SubSystemModules/Maintenance/Maintenance.o
                0x20003178                CheckExecutionTime
 .text.SaveSatTimeInFRAM
                0x200031f8       0x44 ./src/SubSystemModules/Maintenance/Maintenance.o
                0x200031f8                SaveSatTimeInFRAM
 .text.WakeupFromResetCMD
                0x2000323c      0x120 ./src/SubSystemModules/Maintenance/Maintenance.o
                0x2000323c                WakeupFromResetCMD
 .text.ResetGroundCommWDT
                0x2000335c       0x1c ./src/SubSystemModules/Maintenance/Maintenance.o
                0x2000335c                ResetGroundCommWDT
 .text.IsGroundCommunicationWDTKick
                0x20003378       0x78 ./src/SubSystemModules/Maintenance/Maintenance.o
                0x20003378                IsGroundCommunicationWDTKick
 .text.GetGsWdtKickTime
                0x200033f0       0x38 ./src/SubSystemModules/Maintenance/Maintenance.o
                0x200033f0                GetGsWdtKickTime
 .text.findMinMaxDate
                0x20003428       0xdc ./src/SubSystemModules/Maintenance/Maintenance.o
                0x20003428                findMinMaxDate
 .text.DeleteOldFiels
                0x20003504       0xf0 ./src/SubSystemModules/Maintenance/Maintenance.o
                0x20003504                DeleteOldFiels
 .text.CheckDeployAnt
                0x200035f4       0x84 ./src/SubSystemModules/Maintenance/Maintenance.o
                0x200035f4                CheckDeployAnt
 .text.HardResetMCU
                0x20003678       0x3c ./src/SubSystemModules/Maintenance/Maintenance.o
                0x20003678                HardResetMCU
 .text.Maintenance
                0x200036b4       0xa4 ./src/SubSystemModules/Maintenance/Maintenance.o
                0x200036b4                Maintenance
 .text.ResetRamTlm
                0x20003758       0xf0 ./src/SubSystemModules/Housekepping/RAMTelemetry.o
                0x20003758                ResetRamTlm
 .text.inc      0x20003848       0x4c ./src/SubSystemModules/Housekepping/RAMTelemetry.o
                0x20003848                inc
 .text.dec      0x20003894       0x48 ./src/SubSystemModules/Housekepping/RAMTelemetry.o
                0x20003894                dec
 .text.saveTlmToRam
                0x200038dc      0x2ec ./src/SubSystemModules/Housekepping/RAMTelemetry.o
                0x200038dc                saveTlmToRam
 .text.getTlm   0x20003bc8      0x210 ./src/SubSystemModules/Housekepping/RAMTelemetry.o
                0x20003bc8                getTlm
 .text.getRange
                0x20003dd8      0x204 ./src/SubSystemModules/Housekepping/RAMTelemetry.o
                0x20003dd8                getRange
 .text.InitSavePeriodTimes
                0x20003fdc       0xb8 ./src/SubSystemModules/Housekepping/TelemetryCollector.o
                0x20003fdc                InitSavePeriodTimes
 .text.CMD_GetTLMPeriodTimes
                0x20004094       0x38 ./src/SubSystemModules/Housekepping/TelemetryCollector.o
                0x20004094                CMD_GetTLMPeriodTimes
 .text.CMD_SetTLMPeriodTimes
                0x200040cc      0x204 ./src/SubSystemModules/Housekepping/TelemetryCollector.o
                0x200040cc                CMD_SetTLMPeriodTimes
 .text.TelemetryCollectorLogic
                0x200042d0      0x208 ./src/SubSystemModules/Housekepping/TelemetryCollector.o
                0x200042d0                TelemetryCollectorLogic
 .text.TelemetrySaveEPS
                0x200044d8       0x54 ./src/SubSystemModules/Housekepping/TelemetryCollector.o
                0x200044d8                TelemetrySaveEPS
 .text.TelemetrySaveTRXVU
                0x2000452c       0x94 ./src/SubSystemModules/Housekepping/TelemetryCollector.o
                0x2000452c                TelemetrySaveTRXVU
 .text.TelemetrySaveWOD
                0x200045c0       0x5c ./src/SubSystemModules/Housekepping/TelemetryCollector.o
                0x200045c0                TelemetrySaveWOD
 .text.TelemetrySaveRADFET
                0x2000461c       0xd4 ./src/SubSystemModules/Housekepping/TelemetryCollector.o
                0x2000461c                TelemetrySaveRADFET
 .text.TelemetrySaveSEU
                0x200046f0       0x90 ./src/SubSystemModules/Housekepping/TelemetryCollector.o
                0x200046f0                TelemetrySaveSEU
 .text.GetCurrentWODTelemetry
                0x20004780      0x7e0 ./src/SubSystemModules/Housekepping/TelemetryCollector.o
                0x20004780                GetCurrentWODTelemetry
 .text.CMD_EPS_ResetWDT
                0x20004f60       0x58 ./src/SubSystemModules/Communication/SubsystemCommands/EPS_Commands.o
                0x20004f60                CMD_EPS_ResetWDT
 .text.CMD_Payload_Operations
                0x20004fb8       0xb4 ./src/SubSystemModules/Communication/SubsystemCommands/EPS_Commands.o
                0x20004fb8                CMD_Payload_Operations
 .text.CMD_DeleteTLM
                0x2000506c      0x1a0 ./src/SubSystemModules/Communication/SubsystemCommands/FS_Commands.o
                0x2000506c                CMD_DeleteTLM
 .text.CMD_DeleteAllFiles
                0x2000520c       0x38 ./src/SubSystemModules/Communication/SubsystemCommands/FS_Commands.o
                0x2000520c                CMD_DeleteAllFiles
 .text.CMD_GetLastFS_Error
                0x20005244       0x4c ./src/SubSystemModules/Communication/SubsystemCommands/FS_Commands.o
                0x20005244                CMD_GetLastFS_Error
 .text.CMD_Get_TLM_Info
                0x20005290      0x16c ./src/SubSystemModules/Communication/SubsystemCommands/FS_Commands.o
                0x20005290                CMD_Get_TLM_Info
 .text.CMD_Switch_SD_Card
                0x200053fc       0xcc ./src/SubSystemModules/Communication/SubsystemCommands/FS_Commands.o
                0x200053fc                CMD_Switch_SD_Card
 .text.CMD_Format_SD_Card
                0x200054c8       0xa4 ./src/SubSystemModules/Communication/SubsystemCommands/FS_Commands.o
                0x200054c8                CMD_Format_SD_Card
 .text.CMD_GenericI2C
                0x2000556c      0x144 ./src/SubSystemModules/Communication/SubsystemCommands/Maintanence_Commands.o
                0x2000556c                CMD_GenericI2C
 .text.CMD_FRAM_ReadAndTransmitt
                0x200056b0       0xe8 ./src/SubSystemModules/Communication/SubsystemCommands/Maintanence_Commands.o
                0x200056b0                CMD_FRAM_ReadAndTransmitt
 .text.CMD_FRAM_WriteAndTransmitt
                0x20005798       0xfc ./src/SubSystemModules/Communication/SubsystemCommands/Maintanence_Commands.o
                0x20005798                CMD_FRAM_WriteAndTransmitt
 .text.CMD_FRAM_ReStart
                0x20005894       0x4c ./src/SubSystemModules/Communication/SubsystemCommands/Maintanence_Commands.o
                0x20005894                CMD_FRAM_ReStart
 .text.CMD_UpdateSatTime
                0x200058e0       0xa4 ./src/SubSystemModules/Communication/SubsystemCommands/Maintanence_Commands.o
                0x200058e0                CMD_UpdateSatTime
 .text.CMD_GetSatUptime
                0x20005984       0x48 ./src/SubSystemModules/Communication/SubsystemCommands/Maintanence_Commands.o
                0x20005984                CMD_GetSatUptime
 .text.CMD_ResetComponent
                0x200059cc      0x274 ./src/SubSystemModules/Communication/SubsystemCommands/Maintanence_Commands.o
                0x200059cc                CMD_ResetComponent
 .text.DumpTask
                0x20005c40      0x310 ./src/SubSystemModules/Communication/SubsystemCommands/TRXVU_Commands.o
                0x20005c40                DumpTask
 .text.DumpRamTask
                0x20005f50      0x40c ./src/SubSystemModules/Communication/SubsystemCommands/TRXVU_Commands.o
                0x20005f50                DumpRamTask
 .text.CMD_AntennaDeploy
                0x2000635c       0x8c ./src/SubSystemModules/Communication/SubsystemCommands/TRXVU_Commands.o
                0x2000635c                CMD_AntennaDeploy
 .text.CMD_StartDump
                0x200063e8      0x200 ./src/SubSystemModules/Communication/SubsystemCommands/TRXVU_Commands.o
                0x200063e8                CMD_StartDump
 .text.CMD_SendDumpAbortRequest
                0x200065e8       0x38 ./src/SubSystemModules/Communication/SubsystemCommands/TRXVU_Commands.o
                0x200065e8                CMD_SendDumpAbortRequest
 .text.CMD_ForceDumpAbort
                0x20006620       0x3c ./src/SubSystemModules/Communication/SubsystemCommands/TRXVU_Commands.o
                0x20006620                CMD_ForceDumpAbort
 .text.CMD_SetTransponder
                0x2000665c      0x110 ./src/SubSystemModules/Communication/SubsystemCommands/TRXVU_Commands.o
                0x2000665c                CMD_SetTransponder
 .text.CMD_SetRSSITransponder
                0x2000676c       0x90 ./src/SubSystemModules/Communication/SubsystemCommands/TRXVU_Commands.o
                0x2000676c                CMD_SetRSSITransponder
 .text.CMD_MuteTRXVU
                0x200067fc       0xc4 ./src/SubSystemModules/Communication/SubsystemCommands/TRXVU_Commands.o
                0x200067fc                CMD_MuteTRXVU
 .text.CMD_SetIdleState
                0x200068c0       0x94 ./src/SubSystemModules/Communication/SubsystemCommands/TRXVU_Commands.o
                0x200068c0                CMD_SetIdleState
 .text.CMD_UnMuteTRXVU
                0x20006954       0x38 ./src/SubSystemModules/Communication/SubsystemCommands/TRXVU_Commands.o
                0x20006954                CMD_UnMuteTRXVU
 .text.CMD_GetBaudRate
                0x2000698c       0x6c ./src/SubSystemModules/Communication/SubsystemCommands/TRXVU_Commands.o
                0x2000698c                CMD_GetBaudRate
 .text.CMD_TrasmitBeacon
                0x200069f8       0x48 ./src/SubSystemModules/Communication/SubsystemCommands/TRXVU_Commands.o
                0x200069f8                CMD_TrasmitBeacon
 .text.CMD_GetBeaconInterval
                0x20006a40       0x6c ./src/SubSystemModules/Communication/SubsystemCommands/TRXVU_Commands.o
                0x20006a40                CMD_GetBeaconInterval
 .text.CMD_SetBaudRate
                0x20006aac       0x64 ./src/SubSystemModules/Communication/SubsystemCommands/TRXVU_Commands.o
                0x20006aac                CMD_SetBaudRate
 .text.CMD_GetTxUptime
                0x20006b10       0x68 ./src/SubSystemModules/Communication/SubsystemCommands/TRXVU_Commands.o
                0x20006b10                CMD_GetTxUptime
 .text.CMD_GetRxUptime
                0x20006b78       0x68 ./src/SubSystemModules/Communication/SubsystemCommands/TRXVU_Commands.o
                0x20006b78                CMD_GetRxUptime
 .text.CMD_GetNumOfOnlineCommands
                0x20006be0       0x68 ./src/SubSystemModules/Communication/SubsystemCommands/TRXVU_Commands.o
                0x20006be0                CMD_GetNumOfOnlineCommands
 .text.CMD_AntSetArmStatus
                0x20006c48       0x3c ./src/SubSystemModules/Communication/SubsystemCommands/TRXVU_Commands.o
                0x20006c48                CMD_AntSetArmStatus
 .text.CMD_AntGetArmStatus
                0x20006c84       0x60 ./src/SubSystemModules/Communication/SubsystemCommands/TRXVU_Commands.o
                0x20006c84                CMD_AntGetArmStatus
 .text.CMD_AntGetUptime
                0x20006ce4       0x68 ./src/SubSystemModules/Communication/SubsystemCommands/TRXVU_Commands.o
                0x20006ce4                CMD_AntGetUptime
 .text.CMD_StopReDeployment
                0x20006d4c       0x74 ./src/SubSystemModules/Communication/SubsystemCommands/TRXVU_Commands.o
                0x20006d4c                CMD_StopReDeployment
 .text.CMD_AntCancelDeployment
                0x20006dc0       0x58 ./src/SubSystemModules/Communication/SubsystemCommands/TRXVU_Commands.o
                0x20006dc0                CMD_AntCancelDeployment
 .text.CMD_DumpRamTLM
                0x20006e18      0x180 ./src/SubSystemModules/Communication/SubsystemCommands/TRXVU_Commands.o
                0x20006e18                CMD_DumpRamTLM
 .text.SendAckPacket
                0x20006f98       0xfc ./src/SubSystemModules/Communication/AckHandler.o
                0x20006f98                SendAckPacket
 .text.trxvu_command_router
                0x20007094      0x578 ./src/SubSystemModules/Communication/CommandDictionary.o
                0x20007094                trxvu_command_router
 .text.eps_command_router
                0x2000760c       0xf4 ./src/SubSystemModules/Communication/CommandDictionary.o
                0x2000760c                eps_command_router
 .text.telemetry_command_router
                0x20007700      0x23c ./src/SubSystemModules/Communication/CommandDictionary.o
                0x20007700                telemetry_command_router
 .text.managment_command_router
                0x2000793c      0x12c ./src/SubSystemModules/Communication/CommandDictionary.o
                0x2000793c                managment_command_router
 .text.filesystem_command_router
                0x20007a68       0x24 ./src/SubSystemModules/Communication/CommandDictionary.o
                0x20007a68                filesystem_command_router
 .text.ParseDataToCommand
                0x20007a8c      0x1ac ./src/SubSystemModules/Communication/SatCommandHandler.o
                0x20007a8c                ParseDataToCommand
 .text.AssembleCommand
                0x20007c38      0x148 ./src/SubSystemModules/Communication/SatCommandHandler.o
                0x20007c38                AssembleCommand
 .text.ActUponCommand
                0x20007d80      0x108 ./src/SubSystemModules/Communication/SatCommandHandler.o
                0x20007d80                ActUponCommand
 .text.setMuteEndTime
                0x20007e88       0x40 ./src/SubSystemModules/Communication/TRXVU.o
                0x20007e88                setMuteEndTime
 .text.getMuteEndTime
                0x20007ec8       0x44 ./src/SubSystemModules/Communication/TRXVU.o
                0x20007ec8                getMuteEndTime
 .text.setTransponderEndTime
                0x20007f0c       0x40 ./src/SubSystemModules/Communication/TRXVU.o
                0x20007f0c                setTransponderEndTime
 .text.getTransponderEndTime
                0x20007f4c       0x44 ./src/SubSystemModules/Communication/TRXVU.o
                0x20007f4c                getTransponderEndTime
 .text.setTransponderRSSIinFRAM
                0x20007f90       0x44 ./src/SubSystemModules/Communication/TRXVU.o
                0x20007f90                setTransponderRSSIinFRAM
 .text.getTransponderRSSIFromFRAM
                0x20007fd4       0x4c ./src/SubSystemModules/Communication/TRXVU.o
                0x20007fd4                getTransponderRSSIFromFRAM
 .text.InitTxModule
                0x20008020       0x68 ./src/SubSystemModules/Communication/TRXVU.o
                0x20008020                InitTxModule
 .text.CMD_SetBeaconInterval
                0x20008088       0xdc ./src/SubSystemModules/Communication/TRXVU.o
                0x20008088                CMD_SetBeaconInterval
 .text.InitBeaconParams
                0x20008164       0x3c ./src/SubSystemModules/Communication/TRXVU.o
                0x20008164                InitBeaconParams
 .text.InitSemaphores
                0x200081a0       0x98 ./src/SubSystemModules/Communication/TRXVU.o
                0x200081a0                InitSemaphores
 .text.InitTrxvu
                0x20008238      0x170 ./src/SubSystemModules/Communication/TRXVU.o
                0x20008238                InitTrxvu
 .text.checkIdleFinish
                0x200083a8       0x68 ./src/SubSystemModules/Communication/TRXVU.o
                0x200083a8                checkIdleFinish
 .text.checkTransponderFinish
                0x20008410       0x50 ./src/SubSystemModules/Communication/TRXVU.o
                0x20008410                checkTransponderFinish
 .text.checkTransponderStart
                0x20008460       0x50 ./src/SubSystemModules/Communication/TRXVU.o
                0x20008460                checkTransponderStart
 .text.turnOnTransponder
                0x200084b0       0xa0 ./src/SubSystemModules/Communication/TRXVU.o
                0x200084b0                turnOnTransponder
 .text.turnOffTransponder
                0x20008550       0x90 ./src/SubSystemModules/Communication/TRXVU.o
                0x20008550                turnOffTransponder
 .text.SetRSSITransponder
                0x200085e0       0x80 ./src/SubSystemModules/Communication/TRXVU.o
                0x200085e0                SetRSSITransponder
 .text.TRX_Logic
                0x20008660       0xe4 ./src/SubSystemModules/Communication/TRXVU.o
                0x20008660                TRX_Logic
 .text.GetNumberOfFramesInBuffer
                0x20008744       0x94 ./src/SubSystemModules/Communication/TRXVU.o
                0x20008744                GetNumberOfFramesInBuffer
 .text.GetOnlineCommand
                0x200087d8      0x1d0 ./src/SubSystemModules/Communication/TRXVU.o
                0x200087d8                GetOnlineCommand
 .text.CheckTransmitionAllowed
                0x200089a8       0xc0 ./src/SubSystemModules/Communication/TRXVU.o
                0x200089a8                CheckTransmitionAllowed
 .text.FinishDump
                0x20008a68       0xf0 ./src/SubSystemModules/Communication/TRXVU.o
                0x20008a68                FinishDump
 .text.AbortDump
                0x20008b58       0x34 ./src/SubSystemModules/Communication/TRXVU.o
                0x20008b58                AbortDump
 .text.SendDumpAbortRequest
                0x20008b8c       0x6c ./src/SubSystemModules/Communication/TRXVU.o
                0x20008b8c                SendDumpAbortRequest
 .text.CheckDumpAbort
                0x20008bf8       0x6c ./src/SubSystemModules/Communication/TRXVU.o
                0x20008bf8                CheckDumpAbort
 .text.BeaconLogic
                0x20008c64      0x184 ./src/SubSystemModules/Communication/TRXVU.o
                0x20008c64                BeaconLogic
 .text.SetIdleState
                0x20008de8      0x144 ./src/SubSystemModules/Communication/TRXVU.o
                0x20008de8                SetIdleState
 .text.muteTRXVU
                0x20008f2c       0x74 ./src/SubSystemModules/Communication/TRXVU.o
                0x20008f2c                muteTRXVU
 .text.UnMuteTRXVU
                0x20008fa0       0x14 ./src/SubSystemModules/Communication/TRXVU.o
                0x20008fa0                UnMuteTRXVU
 .text.TransmitDataAsSPL_Packet
                0x20008fb4      0x12c ./src/SubSystemModules/Communication/TRXVU.o
                0x20008fb4                TransmitDataAsSPL_Packet
 .text.CMD_Hash256
                0x200090e0       0x20 ./src/SubSystemModules/Communication/TRXVU.o
                0x200090e0                CMD_Hash256
 .text.CMD_Secure_Ping
                0x20009100       0x68 ./src/SubSystemModules/Communication/TRXVU.o
                0x20009100                CMD_Secure_Ping
 .text.TransmitSplPacket
                0x20009168      0x124 ./src/SubSystemModules/Communication/TRXVU.o
                0x20009168                TransmitSplPacket
 .text.isFirstActivation
                0x2000928c       0x38 ./src/InitSystem.o
                0x2000928c                isFirstActivation
 .text.WriteDefaultValuesToFRAM
                0x200092c4      0x2ac ./src/InitSystem.o
                0x200092c4                WriteDefaultValuesToFRAM
 .text.StartFRAM
                0x20009570       0x64 ./src/InitSystem.o
                0x20009570                StartFRAM
 .text.StartI2C
                0x200095d4       0x38 ./src/InitSystem.o
                0x200095d4                StartI2C
 .text.StartSPI
                0x2000960c       0x34 ./src/InitSystem.o
                0x2000960c                StartSPI
 .text.StartTIME
                0x20009640       0xbc ./src/InitSystem.o
                0x20009640                StartTIME
 .text.DeploySystem
                0x200096fc      0x1b4 ./src/InitSystem.o
                0x200096fc                DeploySystem
 .text.InitSubsystems
                0x200098b0       0x64 ./src/InitSystem.o
                0x200098b0                InitSubsystems
 .text.CMD_getInfoImage
                0x20009914      0x158 ./src/TLM_management.o
                0x20009914                CMD_getInfoImage
 .text.CMD_getDataImage
                0x20009a6c      0x218 ./src/TLM_management.o
                0x20009a6c                CMD_getDataImage
 .text.delete_allTMFilesFromSD
                0x20009c84       0x8c ./src/TLM_management.o
                0x20009c84                delete_allTMFilesFromSD
 .text.deleteTLMFiles
                0x20009d10       0x94 ./src/TLM_management.o
                0x20009d10                deleteTLMFiles
 .text.deleteTLMFile
                0x20009da4       0xcc ./src/TLM_management.o
                0x20009da4                deleteTLMFile
 .text.deleteTLMbyMonth
                0x20009e70       0xac ./src/TLM_management.o
                0x20009e70                deleteTLMbyMonth
 .text.deleteDirectory
                0x20009f1c      0x158 ./src/TLM_management.o
                0x20009f1c                deleteDirectory
 .text.InitializeFS
                0x2000a074       0xec ./src/TLM_management.o
                0x2000a074                InitializeFS
 .text.calculateFileName
                0x2000a160      0x130 ./src/TLM_management.o
                0x2000a160                calculateFileName
 .text.getTlmTypeInfo
                0x2000a290      0x294 ./src/TLM_management.o
                0x2000a290                getTlmTypeInfo
 .text.write2File
                0x2000a524      0x1dc ./src/TLM_management.o
                0x2000a524                write2File
 .text.printTLM
                0x2000a700       0x24 ./src/TLM_management.o
                0x2000a700                printTLM
 .text.readTLMFile
                0x2000a724      0x328 ./src/TLM_management.o
                0x2000a724                readTLMFile
 .text.readTLMFiles
                0x2000aa4c       0xdc ./src/TLM_management.o
                0x2000aa4c                readTLMFiles
 .text.readTLMFileTimeRange
                0x2000ab28      0x2f0 ./src/TLM_management.o
                0x2000ab28                readTLMFileTimeRange
 .text.DeInitializeFS
                0x2000ae18       0x38 ./src/TLM_management.o
                0x2000ae18                DeInitializeFS
 .text.taskMain
                0x2000ae50       0x90 ./src/main.o
                0x2000ae50                taskMain
 .text.main     0x2000aee0       0x98 ./src/main.o
                0x2000aee0                main
 .text.timeU2time
                0x2000af78       0xbc ./src/utils.o
                0x2000af78                timeU2time
 .text.logError
                0x2000b034      0x148 ./src/utils.o
                0x2000b034                logError
 .text.clearPDCtransfers
                0x2000b17c       0xe8 C:/ISIS/workspace/ycube/GlobusSatProject/..//hal/hal/lib\libHALD.a(SPI.o)
 .text.SPI_start
                0x2000b264      0x4b0 C:/ISIS/workspace/ycube/GlobusSatProject/..//hal/hal/lib\libHALD.a(SPI.o)
                0x2000b264                SPI_start
 .text.SPI_stop
                0x2000b714      0x244 C:/ISIS/workspace/ycube/GlobusSatProject/..//hal/hal/lib\libHALD.a(SPI.o)
                0x2000b714                SPI_stop
 .text.SPI_queueTransfer
                0x2000b958      0x1cc C:/ISIS/workspace/ycube/GlobusSatProject/..//hal/hal/lib\libHALD.a(SPI.o)
                0x2000b958                SPI_queueTransfer
 .text.SPI_internalCallback
                0x2000bb24       0x64 C:/ISIS/workspace/ycube/GlobusSatProject/..//hal/hal/lib\libHALD.a(SPI.o)
 .text.SPI_writeRead
                0x2000bb88      0x1c0 C:/ISIS/workspace/ycube/GlobusSatProject/..//hal/hal/lib\libHALD.a(SPI.o)
                0x2000bb88                SPI_writeRead
 .text.waitForTransfer
                0x2000bd48       0x78 C:/ISIS/workspace/ycube/GlobusSatProject/..//hal/hal/lib\libHALD.a(SPI.o)
 .text.SPI_getDriverState
                0x2000bdc0       0x58 C:/ISIS/workspace/ycube/GlobusSatProject/..//hal/hal/lib\libHALD.a(SPI.o)
                0x2000bdc0                SPI_getDriverState
 .text.validateTransferParameters
                0x2000be18      0x10c C:/ISIS/workspace/ycube/GlobusSatProject/..//hal/hal/lib\libHALD.a(I2C.o)
 .text.I2C_queueTransfer
                0x2000bf24       0xfc C:/ISIS/workspace/ycube/GlobusSatProject/..//hal/hal/lib\libHALD.a(I2C.o)
                0x2000bf24                I2C_queueTransfer
 .text.I2C_internalCallback
                0x2000c020       0x64 C:/ISIS/workspace/ycube/GlobusSatProject/..//hal/hal/lib\libHALD.a(I2C.o)
 .text.I2C_doBlockingTransfer
                0x2000c084      0x180 C:/ISIS/workspace/ycube/GlobusSatProject/..//hal/hal/lib\libHALD.a(I2C.o)
 .text.I2C_write
                0x2000c204      0x110 C:/ISIS/workspace/ycube/GlobusSatProject/..//hal/hal/lib\libHALD.a(I2C.o)
                0x2000c204                I2C_write
 .text.I2C_read
                0x2000c314      0x110 C:/ISIS/workspace/ycube/GlobusSatProject/..//hal/hal/lib\libHALD.a(I2C.o)
                0x2000c314                I2C_read
 .text.I2C_writeRead
                0x2000c424      0x17c C:/ISIS/workspace/ycube/GlobusSatProject/..//hal/hal/lib\libHALD.a(I2C.o)
                0x2000c424                I2C_writeRead
 .text.I2C_start
                0x2000c5a0      0x2e8 C:/ISIS/workspace/ycube/GlobusSatProject/..//hal/hal/lib\libHALD.a(I2C.o)
                0x2000c5a0                I2C_start
 .text.I2C_stop
                0x2000c888      0x184 C:/ISIS/workspace/ycube/GlobusSatProject/..//hal/hal/lib\libHALD.a(I2C.o)
                0x2000c888                I2C_stop
 .text.I2C_setTransferTimeout
                0x2000ca0c       0x48 C:/ISIS/workspace/ycube/GlobusSatProject/..//hal/hal/lib\libHALD.a(I2C.o)
                0x2000ca0c                I2C_setTransferTimeout
 .text.ADC_ConvertRaw10bitToMillivolt
                0x2000ca54       0x50 C:/ISIS/workspace/ycube/GlobusSatProject/..//hal/hal/lib\libHALD.a(ADC.o)
                0x2000ca54                ADC_ConvertRaw10bitToMillivolt
 .text.ADC_SingleShot
                0x2000caa4      0x230 C:/ISIS/workspace/ycube/GlobusSatProject/..//hal/hal/lib\libHALD.a(ADC.o)
                0x2000caa4                ADC_SingleShot
 .text.FRAM_start
                0x2000ccd4      0x120 C:/ISIS/workspace/ycube/GlobusSatProject/..//hal/hal/lib\libHALD.a(FRAM.o)
                0x2000ccd4                FRAM_start
 .text.FRAM_stop
                0x2000cdf4       0x6c C:/ISIS/workspace/ycube/GlobusSatProject/..//hal/hal/lib\libHALD.a(FRAM.o)
                0x2000cdf4                FRAM_stop
 .text.FRAM_dummyCallback
                0x2000ce60       0x24 C:/ISIS/workspace/ycube/GlobusSatProject/..//hal/hal/lib\libHALD.a(FRAM.o)
                0x2000ce60                FRAM_dummyCallback
 .text.FRAM_unlockingCallback
                0x2000ce84       0x64 C:/ISIS/workspace/ycube/GlobusSatProject/..//hal/hal/lib\libHALD.a(FRAM.o)
                0x2000ce84                FRAM_unlockingCallback
 .text.doBlockingTransfer
                0x2000cee8       0x78 C:/ISIS/workspace/ycube/GlobusSatProject/..//hal/hal/lib\libHALD.a(FRAM.o)
 .text.FRAM_writePacket
                0x2000cf60      0x134 C:/ISIS/workspace/ycube/GlobusSatProject/..//hal/hal/lib\libHALD.a(FRAM.o)
 .text.FRAM_write
                0x2000d094      0x1e0 C:/ISIS/workspace/ycube/GlobusSatProject/..//hal/hal/lib\libHALD.a(FRAM.o)
                0x2000d094                FRAM_write
 .text.FRAM_readPacket
                0x2000d274       0xf0 C:/ISIS/workspace/ycube/GlobusSatProject/..//hal/hal/lib\libHALD.a(FRAM.o)
 .text.FRAM_read
                0x2000d364      0x1ec C:/ISIS/workspace/ycube/GlobusSatProject/..//hal/hal/lib\libHALD.a(FRAM.o)
                0x2000d364                FRAM_read
 .text.Time_start
                0x2000d550      0x170 C:/ISIS/workspace/ycube/GlobusSatProject/..//hal/hal/lib\libHALD.a(Time.o)
                0x2000d550                Time_start
 .text.taskTimeSync
                0x2000d6c0       0x64 C:/ISIS/workspace/ycube/GlobusSatProject/..//hal/hal/lib\libHALD.a(Time.o)
 .text.Time_convertEpochToTime
                0x2000d724      0x100 C:/ISIS/workspace/ycube/GlobusSatProject/..//hal/hal/lib\libHALD.a(Time.o)
                0x2000d724                Time_convertEpochToTime
 .text.Time_calculateSecondsOfYear
                0x2000d824       0xd8 C:/ISIS/workspace/ycube/GlobusSatProject/..//hal/hal/lib\libHALD.a(Time.o)
 .text.Time_set
                0x2000d8fc       0xd8 C:/ISIS/workspace/ycube/GlobusSatProject/..//hal/hal/lib\libHALD.a(Time.o)
                0x2000d8fc                Time_set
 .text.Time_isLeapYear
                0x2000d9d4       0x98 C:/ISIS/workspace/ycube/GlobusSatProject/..//hal/hal/lib\libHALD.a(Time.o)
                0x2000d9d4                Time_isLeapYear
 .text.Time_get
                0x2000da6c      0x478 C:/ISIS/workspace/ycube/GlobusSatProject/..//hal/hal/lib\libHALD.a(Time.o)
                0x2000da6c                Time_get
 .text.Time_getUnixEpoch
                0x2000dee4      0x108 C:/ISIS/workspace/ycube/GlobusSatProject/..//hal/hal/lib\libHALD.a(Time.o)
                0x2000dee4                Time_getUnixEpoch
 .text.Time_secondsOfYearToTime
                0x2000dfec      0x33c C:/ISIS/workspace/ycube/GlobusSatProject/..//hal/hal/lib\libHALD.a(Time.o)
 .text.Time_setUnixEpoch
                0x2000e328       0x54 C:/ISIS/workspace/ycube/GlobusSatProject/..//hal/hal/lib\libHALD.a(Time.o)
                0x2000e328                Time_setUnixEpoch
 .text.Time_getUptimeSeconds
                0x2000e37c       0x28 C:/ISIS/workspace/ycube/GlobusSatProject/..//hal/hal/lib\libHALD.a(Time.o)
                0x2000e37c                Time_getUptimeSeconds
 .text.Time_sync
                0x2000e3a4      0x1a8 C:/ISIS/workspace/ycube/GlobusSatProject/..//hal/hal/lib\libHALD.a(Time.o)
                0x2000e3a4                Time_sync
 .text.Time_syncIfNeeded
                0x2000e54c       0xac C:/ISIS/workspace/ycube/GlobusSatProject/..//hal/hal/lib\libHALD.a(Time.o)
                0x2000e54c                Time_syncIfNeeded
 .text.WDT_start
                0x2000e5f8       0x48 C:/ISIS/workspace/ycube/GlobusSatProject/..//hal/hal/lib\libHALD.a(WatchDogTimerNoOS.o)
                0x2000e5f8                WDT_start
 .text.RTT_start
                0x2000e640       0x24 C:/ISIS/workspace/ycube/GlobusSatProject/..//hal/hal/lib\libHALD.a(RTT.o)
                0x2000e640                RTT_start
 .text.RTT_GetTime
                0x2000e664       0x24 C:/ISIS/workspace/ycube/GlobusSatProject/..//hal/hal/lib\libHALD.a(RTT.o)
                0x2000e664                RTT_GetTime
 .text.RTC_start
                0x2000e688       0x3c C:/ISIS/workspace/ycube/GlobusSatProject/..//hal/hal/lib\libHALD.a(RTC.o)
                0x2000e688                RTC_start
 .text.RTC_setTime
                0x2000e6c4      0x2a4 C:/ISIS/workspace/ycube/GlobusSatProject/..//hal/hal/lib\libHALD.a(RTC.o)
                0x2000e6c4                RTC_setTime
 .text.RTC_getTime
                0x2000e968      0x230 C:/ISIS/workspace/ycube/GlobusSatProject/..//hal/hal/lib\libHALD.a(RTC.o)
                0x2000e968                RTC_getTime
 .text.RTC_checkTimeValid
                0x2000eb98       0xd8 C:/ISIS/workspace/ycube/GlobusSatProject/..//hal/hal/lib\libHALD.a(RTC.o)
                0x2000eb98                RTC_checkTimeValid
 .text.WDT_startWatchdogKickTask
                0x2000ec70       0xb4 C:/ISIS/workspace/ycube/GlobusSatProject/..//hal/hal/lib\libHALD.a(WatchDogTimerOS.o)
                0x2000ec70                WDT_startWatchdogKickTask
 .text.WDT_forceKickEveryNms
                0x2000ed24       0x50 C:/ISIS/workspace/ycube/GlobusSatProject/..//hal/hal/lib\libHALD.a(WatchDogTimerOS.o)
                0x2000ed24                WDT_forceKickEveryNms
 .text.f_puts   0x2000ed74       0x80 C:/ISIS/workspace/ycube/GlobusSatProject/..//hal/hal/lib\libHALD.a(fprintf.o)
                0x2000ed74                f_puts
 .text.LED_glow
                0x2000edf4       0x58 C:/ISIS/workspace/ycube/GlobusSatProject/..//hal/hal/lib\libHALD.a(LED.o)
                0x2000edf4                LED_glow
 .text.LED_dark
                0x2000ee4c       0x58 C:/ISIS/workspace/ycube/GlobusSatProject/..//hal/hal/lib\libHALD.a(LED.o)
                0x2000ee4c                LED_dark
 .text.LED_toggle
                0x2000eea4       0x50 C:/ISIS/workspace/ycube/GlobusSatProject/..//hal/hal/lib\libHALD.a(LED.o)
                0x2000eea4                LED_toggle
 .text.fm_initvolume
                0x2000eef4       0x70 C:/ISIS/workspace/ycube/GlobusSatProject/..//hal/hcc/lib\libHCCD.a(fat_m.o)
                0x2000eef4                fm_initvolume
 .text.fm_delvolume
                0x2000ef64       0x60 C:/ISIS/workspace/ycube/GlobusSatProject/..//hal/hcc/lib\libHCCD.a(fat_m.o)
                0x2000ef64                fm_delvolume
 .text.fm_format
                0x2000efc4       0x68 C:/ISIS/workspace/ycube/GlobusSatProject/..//hal/hcc/lib\libHCCD.a(fat_m.o)
                0x2000efc4                fm_format
 .text.fm_getdrive
                0x2000f02c       0x70 C:/ISIS/workspace/ycube/GlobusSatProject/..//hal/hcc/lib\libHCCD.a(fat_m.o)
                0x2000f02c                fm_getdrive
 .text.fm_getfreespace
                0x2000f09c       0x68 C:/ISIS/workspace/ycube/GlobusSatProject/..//hal/hcc/lib\libHCCD.a(fat_m.o)
                0x2000f09c                fm_getfreespace
 .text.fm_mkdir
                0x2000f104       0x60 C:/ISIS/workspace/ycube/GlobusSatProject/..//hal/hcc/lib\libHCCD.a(fat_m.o)
                0x2000f104                fm_mkdir
 .text.fm_rmdir
                0x2000f164       0x60 C:/ISIS/workspace/ycube/GlobusSatProject/..//hal/hcc/lib\libHCCD.a(fat_m.o)
                0x2000f164                fm_rmdir
 .text.fm_findfirst
                0x2000f1c4       0x68 C:/ISIS/workspace/ycube/GlobusSatProject/..//hal/hcc/lib\libHCCD.a(fat_m.o)
                0x2000f1c4                fm_findfirst
 .text.fm_findnext
                0x2000f22c       0x60 C:/ISIS/workspace/ycube/GlobusSatProject/..//hal/hcc/lib\libHCCD.a(fat_m.o)
                0x2000f22c                fm_findnext
 .text.fm_close
                0x2000f28c       0x60 C:/ISIS/workspace/ycube/GlobusSatProject/..//hal/hcc/lib\libHCCD.a(fat_m.o)
                0x2000f28c                fm_close
 .text.fm_flush
                0x2000f2ec       0x60 C:/ISIS/workspace/ycube/GlobusSatProject/..//hal/hcc/lib\libHCCD.a(fat_m.o)
                0x2000f2ec                fm_flush
 .text.fm_open  0x2000f34c       0x68 C:/ISIS/workspace/ycube/GlobusSatProject/..//hal/hcc/lib\libHCCD.a(fat_m.o)
                0x2000f34c                fm_open
 .text.fm_read  0x2000f3b4       0x7c C:/ISIS/workspace/ycube/GlobusSatProject/..//hal/hcc/lib\libHCCD.a(fat_m.o)
                0x2000f3b4                fm_read
 .text.fm_write
                0x2000f430       0x7c C:/ISIS/workspace/ycube/GlobusSatProject/..//hal/hcc/lib\libHCCD.a(fat_m.o)
                0x2000f430                fm_write
 .text.fm_seek  0x2000f4ac       0x70 C:/ISIS/workspace/ycube/GlobusSatProject/..//hal/hcc/lib\libHCCD.a(fat_m.o)
                0x2000f4ac                fm_seek
 .text.fm_tell  0x2000f51c       0x60 C:/ISIS/workspace/ycube/GlobusSatProject/..//hal/hcc/lib\libHCCD.a(fat_m.o)
                0x2000f51c                fm_tell
 .text.fm_putc  0x2000f57c       0x68 C:/ISIS/workspace/ycube/GlobusSatProject/..//hal/hcc/lib\libHCCD.a(fat_m.o)
                0x2000f57c                fm_putc
 .text.fm_rewind
                0x2000f5e4       0x60 C:/ISIS/workspace/ycube/GlobusSatProject/..//hal/hcc/lib\libHCCD.a(fat_m.o)
                0x2000f5e4                fm_rewind
 .text.fm_delete
                0x2000f644       0x64 C:/ISIS/workspace/ycube/GlobusSatProject/..//hal/hcc/lib\libHCCD.a(fat_m.o)
                0x2000f644                fm_delete
 .text.fm_getlasterror
                0x2000f6a8       0x40 C:/ISIS/workspace/ycube/GlobusSatProject/..//hal/hcc/lib\libHCCD.a(fat_m.o)
                0x2000f6a8                fm_getlasterror
 .text._f_invalidatedir
                0x2000f6e8       0x28 C:/ISIS/workspace/ycube/GlobusSatProject/..//hal/hcc/lib\libHCCD.a(fat.o)
                0x2000f6e8                _f_invalidatedir
 .text._f_getdirsector
                0x2000f710       0x88 C:/ISIS/workspace/ycube/GlobusSatProject/..//hal/hcc/lib\libHCCD.a(fat.o)
                0x2000f710                _f_getdirsector
 .text._f_writedirsector
                0x2000f798       0x74 C:/ISIS/workspace/ycube/GlobusSatProject/..//hal/hcc/lib\libHCCD.a(fat.o)
                0x2000f798                _f_writedirsector
 .text._f_checknameinv
                0x2000f80c      0x180 C:/ISIS/workspace/ycube/GlobusSatProject/..//hal/hcc/lib\libHCCD.a(fat.o)
 .text._f_checkname
                0x2000f98c       0x7c C:/ISIS/workspace/ycube/GlobusSatProject/..//hal/hcc/lib\libHCCD.a(fat.o)
 .text._f_checknamewc
                0x2000fa08       0xf8 C:/ISIS/workspace/ycube/GlobusSatProject/..//hal/hcc/lib\libHCCD.a(fat.o)
 .text._f_setnameext
                0x2000fb00      0x300 C:/ISIS/workspace/ycube/GlobusSatProject/..//hal/hcc/lib\libHCCD.a(fat.o)
 .text._f_setfsname
                0x2000fe00      0x584 C:/ISIS/workspace/ycube/GlobusSatProject/..//hal/hcc/lib\libHCCD.a(fat.o)
 .text._f_findfile
                0x20010384      0x30c C:/ISIS/workspace/ycube/GlobusSatProject/..//hal/hcc/lib\libHCCD.a(fat.o)
 .text._f_cmp_wname
                0x20010690      0x274 C:/ISIS/workspace/ycube/GlobusSatProject/..//hal/hcc/lib\libHCCD.a(fat.o)
 .text._f_to_string
                0x20010904      0x130 C:/ISIS/workspace/ycube/GlobusSatProject/..//hal/hcc/lib\libHCCD.a(fat.o)
 .text._f_findfilewc
                0x20010a34      0x278 C:/ISIS/workspace/ycube/GlobusSatProject/..//hal/hcc/lib\libHCCD.a(fat.o)
 .text._f_getfilename
                0x20010cac      0x20c C:/ISIS/workspace/ycube/GlobusSatProject/..//hal/hcc/lib\libHCCD.a(fat.o)
 .text._f_findpath
                0x20010eb8      0x35c C:/ISIS/workspace/ycube/GlobusSatProject/..//hal/hcc/lib\libHCCD.a(fat.o)
 .text.fn_getdcwd
                0x20011214      0x1e0 C:/ISIS/workspace/ycube/GlobusSatProject/..//hal/hcc/lib\libHCCD.a(fat.o)
                0x20011214                fn_getdcwd
 .text.fn_findfirst
                0x200113f4      0x13c C:/ISIS/workspace/ycube/GlobusSatProject/..//hal/hcc/lib\libHCCD.a(fat.o)
                0x200113f4                fn_findfirst
 .text.fn_findnext
                0x20011530      0x360 C:/ISIS/workspace/ycube/GlobusSatProject/..//hal/hcc/lib\libHCCD.a(fat.o)
                0x20011530                fn_findnext
 .text._f_lock_resfile
                0x20011890       0x6c C:/ISIS/workspace/ycube/GlobusSatProject/..//hal/hcc/lib\libHCCD.a(fat.o)
 .text._f_unlock_resfile
                0x200118fc       0x40 C:/ISIS/workspace/ycube/GlobusSatProject/..//hal/hcc/lib\libHCCD.a(fat.o)
 .text._f_getintfile
                0x2001193c      0x124 C:/ISIS/workspace/ycube/GlobusSatProject/..//hal/hcc/lib\libHCCD.a(fat.o)
 .text._f_addentry
                0x20011a60      0x540 C:/ISIS/workspace/ycube/GlobusSatProject/..//hal/hcc/lib\libHCCD.a(fat.o)
 .text.fn_mkdir
                0x20011fa0      0x75c C:/ISIS/workspace/ycube/GlobusSatProject/..//hal/hcc/lib\libHCCD.a(fat.o)
                0x20011fa0                fn_mkdir
 .text.fn_open_sub
                0x200126fc     0x1698 C:/ISIS/workspace/ycube/GlobusSatProject/..//hal/hcc/lib\libHCCD.a(fat.o)
 .text.fn_open  0x20013d94       0x44 C:/ISIS/workspace/ycube/GlobusSatProject/..//hal/hcc/lib\libHCCD.a(fat.o)
                0x20013d94                fn_open
 .text.fn_delete
                0x20013dd8      0x490 C:/ISIS/workspace/ycube/GlobusSatProject/..//hal/hcc/lib\libHCCD.a(fat.o)
                0x20013dd8                fn_delete
 .text.fn_rmdir
                0x20014268      0x5ac C:/ISIS/workspace/ycube/GlobusSatProject/..//hal/hcc/lib\libHCCD.a(fat.o)
                0x20014268                fn_rmdir
 .text.fn_init  0x20014814      0x2dc C:/ISIS/workspace/ycube/GlobusSatProject/..//hal/hcc/lib\libHCCD.a(fat_common.o)
                0x20014814                fn_init
 .text.fn_start
                0x20014af0       0x1c C:/ISIS/workspace/ycube/GlobusSatProject/..//hal/hcc/lib\libHCCD.a(fat_common.o)
                0x20014af0                fn_start
 .text.fsn_delete
                0x20014b0c       0xc8 C:/ISIS/workspace/ycube/GlobusSatProject/..//hal/hcc/lib\libHCCD.a(fat_common.o)
                0x20014b0c                fsn_delete
 .text._f_get16bitl
                0x20014bd4       0x4c C:/ISIS/workspace/ycube/GlobusSatProject/..//hal/hcc/lib\libHCCD.a(fat_common.o)
                0x20014bd4                _f_get16bitl
 .text._f_set16bitl
                0x20014c20       0x54 C:/ISIS/workspace/ycube/GlobusSatProject/..//hal/hcc/lib\libHCCD.a(fat_common.o)
                0x20014c20                _f_set16bitl
 .text._f_get32bitl
                0x20014c74       0x68 C:/ISIS/workspace/ycube/GlobusSatProject/..//hal/hcc/lib\libHCCD.a(fat_common.o)
                0x20014c74                _f_get32bitl
 .text._f_set32bitl
                0x20014cdc       0x78 C:/ISIS/workspace/ycube/GlobusSatProject/..//hal/hcc/lib\libHCCD.a(fat_common.o)
                0x20014cdc                _f_set32bitl
 .text._get8bit
                0x20014d54       0xa0 C:/ISIS/workspace/ycube/GlobusSatProject/..//hal/hcc/lib\libHCCD.a(fat_common.o)
 .text._get16bitl
                0x20014df4       0x40 C:/ISIS/workspace/ycube/GlobusSatProject/..//hal/hcc/lib\libHCCD.a(fat_common.o)
 .text._get32bitl
                0x20014e34       0x3c C:/ISIS/workspace/ycube/GlobusSatProject/..//hal/hcc/lib\libHCCD.a(fat_common.o)
 .text._set8bitzero
                0x20014e70       0x6c C:/ISIS/workspace/ycube/GlobusSatProject/..//hal/hcc/lib\libHCCD.a(fat_common.o)
 .text._set8bit
                0x20014edc       0xa0 C:/ISIS/workspace/ycube/GlobusSatProject/..//hal/hcc/lib\libHCCD.a(fat_common.o)
 .text._set16bitl
                0x20014f7c       0x3c C:/ISIS/workspace/ycube/GlobusSatProject/..//hal/hcc/lib\libHCCD.a(fat_common.o)
 .text._set32bitl
                0x20014fb8       0x34 C:/ISIS/workspace/ycube/GlobusSatProject/..//hal/hcc/lib\libHCCD.a(fat_common.o)
 .text._f_setcardremoved
                0x20014fec       0x94 C:/ISIS/workspace/ycube/GlobusSatProject/..//hal/hcc/lib\libHCCD.a(fat_common.o)
 .text._f_checkstatus
                0x20015080      0x104 C:/ISIS/workspace/ycube/GlobusSatProject/..//hal/hcc/lib\libHCCD.a(fat_common.o)
                0x20015080                _f_checkstatus
 .text._f_drvgetphy
                0x20015184      0x114 C:/ISIS/workspace/ycube/GlobusSatProject/..//hal/hcc/lib\libHCCD.a(fat_common.o)
 .text._f_drvwritesector
                0x20015298       0xdc C:/ISIS/workspace/ycube/GlobusSatProject/..//hal/hcc/lib\libHCCD.a(fat_common.o)
 .text._f_drvreadsector
                0x20015374       0xa8 C:/ISIS/workspace/ycube/GlobusSatProject/..//hal/hcc/lib\libHCCD.a(fat_common.o)
 .text._f_writesector
                0x2001541c      0x23c C:/ISIS/workspace/ycube/GlobusSatProject/..//hal/hcc/lib\libHCCD.a(fat_common.o)
                0x2001541c                _f_writesector
 .text._f_readsector
                0x20015658      0x1dc C:/ISIS/workspace/ycube/GlobusSatProject/..//hal/hcc/lib\libHCCD.a(fat_common.o)
                0x20015658                _f_readsector
 .text._f_getmaxcluster
                0x20015834       0x94 C:/ISIS/workspace/ycube/GlobusSatProject/..//hal/hcc/lib\libHCCD.a(fat_common.o)
                0x20015834                _f_getmaxcluster
 .text._getsectorfromcluster
                0x200158c8       0x68 C:/ISIS/workspace/ycube/GlobusSatProject/..//hal/hcc/lib\libHCCD.a(fat_common.o)
 .text._f_buildsectors
                0x20015930      0x268 C:/ISIS/workspace/ycube/GlobusSatProject/..//hal/hcc/lib\libHCCD.a(fat_common.o)
 .text._f_getbootrecord
                0x20015b98      0x5e4 C:/ISIS/workspace/ycube/GlobusSatProject/..//hal/hcc/lib\libHCCD.a(fat_common.o)
 .text._f_readbootrecord
                0x2001617c      0x4f8 C:/ISIS/workspace/ycube/GlobusSatProject/..//hal/hcc/lib\libHCCD.a(fat_common.o)
 .text._f_writebootrecord
                0x20016674      0x5e4 C:/ISIS/workspace/ycube/GlobusSatProject/..//hal/hcc/lib\libHCCD.a(fat_common.o)
 .text._f_flushcffiles
                0x20016c58      0x17c C:/ISIS/workspace/ycube/GlobusSatProject/..//hal/hcc/lib\libHCCD.a(fat_common.o)
                0x20016c58                _f_flushcffiles
 .text._f_fatcache_flush
                0x20016dd4      0x270 C:/ISIS/workspace/ycube/GlobusSatProject/..//hal/hcc/lib\libHCCD.a(fat_common.o)
                0x20016dd4                _f_fatcache_flush
 .text._f_writefatsector
                0x20017044      0x100 C:/ISIS/workspace/ycube/GlobusSatProject/..//hal/hcc/lib\libHCCD.a(fat_common.o)
                0x20017044                _f_writefatsector
 .text._f_getfatsector
                0x20017144      0x3bc C:/ISIS/workspace/ycube/GlobusSatProject/..//hal/hcc/lib\libHCCD.a(fat_common.o)
 .text._f_setclustervalue
                0x20017500      0x490 C:/ISIS/workspace/ycube/GlobusSatProject/..//hal/hcc/lib\libHCCD.a(fat_common.o)
                0x20017500                _f_setclustervalue
 .text._f_getclustervalue
                0x20017990      0x388 C:/ISIS/workspace/ycube/GlobusSatProject/..//hal/hcc/lib\libHCCD.a(fat_common.o)
                0x20017990                _f_getclustervalue
 .text._f_close_drive_files
                0x20017d18       0xac C:/ISIS/workspace/ycube/GlobusSatProject/..//hal/hcc/lib\libHCCD.a(fat_common.o)
 .text._f_inc_mount_count
                0x20017dc4       0xa4 C:/ISIS/workspace/ycube/GlobusSatProject/..//hal/hcc/lib\libHCCD.a(fat_common.o)
 .text._f_getvolume
                0x20017e68      0x2f8 C:/ISIS/workspace/ycube/GlobusSatProject/..//hal/hcc/lib\libHCCD.a(fat_common.o)
                0x20017e68                _f_getvolume
 .text.fn_createdriver
                0x20018160      0x118 C:/ISIS/workspace/ycube/GlobusSatProject/..//hal/hcc/lib\libHCCD.a(fat_common.o)
                0x20018160                fn_createdriver
 .text.fn_initvolume
                0x20018278      0x12c C:/ISIS/workspace/ycube/GlobusSatProject/..//hal/hcc/lib\libHCCD.a(fat_common.o)
                0x20018278                fn_initvolume
 .text.fn_releasedriver
                0x200183a4       0xf4 C:/ISIS/workspace/ycube/GlobusSatProject/..//hal/hcc/lib\libHCCD.a(fat_common.o)
                0x200183a4                fn_releasedriver
 .text.fn_initvolumepartition_sub
                0x20018498       0xe0 C:/ISIS/workspace/ycube/GlobusSatProject/..//hal/hcc/lib\libHCCD.a(fat_common.o)
 .text.fn_initvolumepartition
                0x20018578       0xac C:/ISIS/workspace/ycube/GlobusSatProject/..//hal/hcc/lib\libHCCD.a(fat_common.o)
                0x20018578                fn_initvolumepartition
 .text.fn_delvolume
                0x20018624      0x194 C:/ISIS/workspace/ycube/GlobusSatProject/..//hal/hcc/lib\libHCCD.a(fat_common.o)
                0x20018624                fn_delvolume
 .text._f_clustertopos
                0x200187b8       0xf8 C:/ISIS/workspace/ycube/GlobusSatProject/..//hal/hcc/lib\libHCCD.a(fat_common.o)
                0x200187b8                _f_clustertopos
 .text._f_prepareformat
                0x200188b0      0x8b8 C:/ISIS/workspace/ycube/GlobusSatProject/..//hal/hcc/lib\libHCCD.a(fat_common.o)
 .text._f_resetfatentries
                0x20019168      0x410 C:/ISIS/workspace/ycube/GlobusSatProject/..//hal/hcc/lib\libHCCD.a(fat_common.o)
 .text._f_resetrootdir
                0x20019578       0xcc C:/ISIS/workspace/ycube/GlobusSatProject/..//hal/hcc/lib\libHCCD.a(fat_common.o)
 .text._f_postformat
                0x20019644      0x178 C:/ISIS/workspace/ycube/GlobusSatProject/..//hal/hcc/lib\libHCCD.a(fat_common.o)
 .text.fn_format
                0x200197bc      0x148 C:/ISIS/workspace/ycube/GlobusSatProject/..//hal/hcc/lib\libHCCD.a(fat_common.o)
                0x200197bc                fn_format
 .text._f_getcurrsector
                0x20019904      0x6c8 C:/ISIS/workspace/ycube/GlobusSatProject/..//hal/hcc/lib\libHCCD.a(fat_common.o)
                0x20019904                _f_getcurrsector
 .text._f_getdecluster
                0x20019fcc       0x90 C:/ISIS/workspace/ycube/GlobusSatProject/..//hal/hcc/lib\libHCCD.a(fat_common.o)
                0x20019fcc                _f_getdecluster
 .text._f_setdecluster
                0x2001a05c       0x8c C:/ISIS/workspace/ycube/GlobusSatProject/..//hal/hcc/lib\libHCCD.a(fat_common.o)
                0x2001a05c                _f_setdecluster
 .text.fn_getdrive
                0x2001a0e8       0x30 C:/ISIS/workspace/ycube/GlobusSatProject/..//hal/hcc/lib\libHCCD.a(fat_common.o)
                0x2001a0e8                fn_getdrive
 .text._f_getcurrenttimedate
                0x2001a118      0x138 C:/ISIS/workspace/ycube/GlobusSatProject/..//hal/hcc/lib\libHCCD.a(fat_common.o)
                0x2001a118                _f_getcurrenttimedate
 .text._f_initentry
                0x2001a250       0xa0 C:/ISIS/workspace/ycube/GlobusSatProject/..//hal/hcc/lib\libHCCD.a(fat_common.o)
                0x2001a250                _f_initentry
 .text._f_alloccluster
                0x2001a2f0      0x344 C:/ISIS/workspace/ycube/GlobusSatProject/..//hal/hcc/lib\libHCCD.a(fat_common.o)
                0x2001a2f0                _f_alloccluster
 .text._f_dobadblock
                0x2001a634      0x2cc C:/ISIS/workspace/ycube/GlobusSatProject/..//hal/hcc/lib\libHCCD.a(fat_common.o)
                0x2001a634                _f_dobadblock
 .text._f_checklocked
                0x2001a900       0xe4 C:/ISIS/workspace/ycube/GlobusSatProject/..//hal/hcc/lib\libHCCD.a(fat_common.o)
                0x2001a900                _f_checklocked
 .text._f_checkappendlocked
                0x2001a9e4      0x110 C:/ISIS/workspace/ycube/GlobusSatProject/..//hal/hcc/lib\libHCCD.a(fat_common.o)
                0x2001a9e4                _f_checkappendlocked
 .text._f_setsyncafile
                0x2001aaf4      0x114 C:/ISIS/workspace/ycube/GlobusSatProject/..//hal/hcc/lib\libHCCD.a(fat_common.o)
                0x2001aaf4                _f_setsyncafile
 .text._f_syncfiles
                0x2001ac08      0x128 C:/ISIS/workspace/ycube/GlobusSatProject/..//hal/hcc/lib\libHCCD.a(fat_common.o)
                0x2001ac08                _f_syncfiles
 .text._f_syncfilescontent
                0x2001ad30      0x15c C:/ISIS/workspace/ycube/GlobusSatProject/..//hal/hcc/lib\libHCCD.a(fat_common.o)
 .text.fn_getfreespace
                0x2001ae8c      0x4c0 C:/ISIS/workspace/ycube/GlobusSatProject/..//hal/hcc/lib\libHCCD.a(fat_common.o)
                0x2001ae8c                fn_getfreespace
 .text._f_emptywritecache
                0x2001b34c      0x4a4 C:/ISIS/workspace/ycube/GlobusSatProject/..//hal/hcc/lib\libHCCD.a(fat_common.o)
 .text._f_allocnextcluster
                0x2001b7f0      0x54c C:/ISIS/workspace/ycube/GlobusSatProject/..//hal/hcc/lib\libHCCD.a(fat_common.o)
 .text._f_emptywritebuffer
                0x2001bd3c      0x20c C:/ISIS/workspace/ycube/GlobusSatProject/..//hal/hcc/lib\libHCCD.a(fat_common.o)
 .text._f_writezeros
                0x2001bf48       0xf0 C:/ISIS/workspace/ycube/GlobusSatProject/..//hal/hcc/lib\libHCCD.a(fat_common.o)
                0x2001bf48                _f_writezeros
 .text._f_extend_file
                0x2001c038      0x570 C:/ISIS/workspace/ycube/GlobusSatProject/..//hal/hcc/lib\libHCCD.a(fat_common.o)
 .text._f_fseek
                0x2001c5a8      0x9bc C:/ISIS/workspace/ycube/GlobusSatProject/..//hal/hcc/lib\libHCCD.a(fat_common.o)
                0x2001c5a8                _f_fseek
 .text._f_removechain
                0x2001cf64      0x104 C:/ISIS/workspace/ycube/GlobusSatProject/..//hal/hcc/lib\libHCCD.a(fat_common.o)
                0x2001cf64                _f_removechain
 .text._f_updatefileentry
                0x2001d068      0x1cc C:/ISIS/workspace/ycube/GlobusSatProject/..//hal/hcc/lib\libHCCD.a(fat_common.o)
 .text._f_checkreadlocked
                0x2001d234      0x1bc C:/ISIS/workspace/ycube/GlobusSatProject/..//hal/hcc/lib\libHCCD.a(fat_common.o)
                0x2001d234                _f_checkreadlocked
 .text._f_check_handle
                0x2001d3f0       0x98 C:/ISIS/workspace/ycube/GlobusSatProject/..//hal/hcc/lib\libHCCD.a(fat_common.o)
                0x2001d3f0                _f_check_handle
 .text._f_removesyncafile
                0x2001d488      0x1ec C:/ISIS/workspace/ycube/GlobusSatProject/..//hal/hcc/lib\libHCCD.a(fat_common.o)
 .text.fn_close
                0x2001d674      0x3f8 C:/ISIS/workspace/ycube/GlobusSatProject/..//hal/hcc/lib\libHCCD.a(fat_common.o)
                0x2001d674                fn_close
 .text.fn_flush
                0x2001da6c      0x374 C:/ISIS/workspace/ycube/GlobusSatProject/..//hal/hcc/lib\libHCCD.a(fat_common.o)
                0x2001da6c                fn_flush
 .text.fn_read  0x2001dde0      0x690 C:/ISIS/workspace/ycube/GlobusSatProject/..//hal/hcc/lib\libHCCD.a(fat_common.o)
                0x2001dde0                fn_read
 .text._f_abortwrite
                0x2001e470      0x100 C:/ISIS/workspace/ycube/GlobusSatProject/..//hal/hcc/lib\libHCCD.a(fat_common.o)
 .text._f_checkwritecluster
                0x2001e570       0xe4 C:/ISIS/workspace/ycube/GlobusSatProject/..//hal/hcc/lib\libHCCD.a(fat_common.o)
 .text.fn_write
                0x2001e654      0x8a8 C:/ISIS/workspace/ycube/GlobusSatProject/..//hal/hcc/lib\libHCCD.a(fat_common.o)
                0x2001e654                fn_write
 .text.fn_seek  0x2001eefc      0x270 C:/ISIS/workspace/ycube/GlobusSatProject/..//hal/hcc/lib\libHCCD.a(fat_common.o)
                0x2001eefc                fn_seek
 .text.fn_tell  0x2001f16c      0x19c C:/ISIS/workspace/ycube/GlobusSatProject/..//hal/hcc/lib\libHCCD.a(fat_common.o)
                0x2001f16c                fn_tell
 .text.fn_rewind
                0x2001f308       0x38 C:/ISIS/workspace/ycube/GlobusSatProject/..//hal/hcc/lib\libHCCD.a(fat_common.o)
                0x2001f308                fn_rewind
 .text.fn_putc  0x2001f340       0x68 C:/ISIS/workspace/ycube/GlobusSatProject/..//hal/hcc/lib\libHCCD.a(fat_common.o)
                0x2001f340                fn_putc
 .text.f_enterFS
                0x2001f3a8      0x1c0 C:/ISIS/workspace/ycube/GlobusSatProject/..//hal/hcc/lib\libHCCD.a(fat_common.o)
                0x2001f3a8                f_enterFS
 .text.f_releaseFS
                0x2001f568       0xb0 C:/ISIS/workspace/ycube/GlobusSatProject/..//hal/hcc/lib\libHCCD.a(fat_common.o)
                0x2001f568                f_releaseFS
 .text.fnGetTask
                0x2001f618       0xfc C:/ISIS/workspace/ycube/GlobusSatProject/..//hal/hcc/lib\libHCCD.a(fat_common.o)
                0x2001f618                fnGetTask
 .text._f_mutex_get
                0x2001f714       0x98 C:/ISIS/workspace/ycube/GlobusSatProject/..//hal/hcc/lib\libHCCD.a(fat_common.o)
                0x2001f714                _f_mutex_get
 .text._f_mutex_put
                0x2001f7ac       0x54 C:/ISIS/workspace/ycube/GlobusSatProject/..//hal/hcc/lib\libHCCD.a(fat_common.o)
                0x2001f7ac                _f_mutex_put
 .text._fn_initseekdivisor
                0x2001f800      0x158 C:/ISIS/workspace/ycube/GlobusSatProject/..//hal/hcc/lib\libHCCD.a(fat_common.o)
                0x2001f800                _fn_initseekdivisor
 .text._fn_updateseekpos
                0x2001f958       0xc4 C:/ISIS/workspace/ycube/GlobusSatProject/..//hal/hcc/lib\libHCCD.a(fat_common.o)
 .text._f_findopensize
                0x2001fa1c       0x2c C:/ISIS/workspace/ycube/GlobusSatProject/..//hal/hcc/lib\libHCCD.a(fat_common.o)
                0x2001fa1c                _f_findopensize
 .text.fn_setlasterror
                0x2001fa48       0x34 C:/ISIS/workspace/ycube/GlobusSatProject/..//hal/hcc/lib\libHCCD.a(fat_common.o)
                0x2001fa48                fn_setlasterror
 .text.fn_setlasterror_noret
                0x2001fa7c       0x2c C:/ISIS/workspace/ycube/GlobusSatProject/..//hal/hcc/lib\libHCCD.a(fat_common.o)
                0x2001fa7c                fn_setlasterror_noret
 .text._s_checkzeroclusteratend
                0x2001faa8       0xf8 C:/ISIS/workspace/ycube/GlobusSatProject/..//hal/hcc/lib\libHCCD.a(safefat.o)
 .text._s_clearclustercontent
                0x2001fba0      0x108 C:/ISIS/workspace/ycube/GlobusSatProject/..//hal/hcc/lib\libHCCD.a(safefat.o)
 .text._s_clearclustercontentdir
                0x2001fca8      0x19c C:/ISIS/workspace/ycube/GlobusSatProject/..//hal/hcc/lib\libHCCD.a(safefat.o)
 .text._s_writedirsector
                0x2001fe44       0xd0 C:/ISIS/workspace/ycube/GlobusSatProject/..//hal/hcc/lib\libHCCD.a(safefat.o)
 .text._s_getdirsector
                0x2001ff14      0x100 C:/ISIS/workspace/ycube/GlobusSatProject/..//hal/hcc/lib\libHCCD.a(safefat.o)
 .text._s_addentry
                0x20020014      0x394 C:/ISIS/workspace/ycube/GlobusSatProject/..//hal/hcc/lib\libHCCD.a(safefat.o)
 .text._s_findfile
                0x200203a8      0x33c C:/ISIS/workspace/ycube/GlobusSatProject/..//hal/hcc/lib\libHCCD.a(safefat.o)
 .text._s_findsubdir
                0x200206e4      0x248 C:/ISIS/workspace/ycube/GlobusSatProject/..//hal/hcc/lib\libHCCD.a(safefat.o)
 .text._s_createfile
                0x2002092c      0x190 C:/ISIS/workspace/ycube/GlobusSatProject/..//hal/hcc/lib\libHCCD.a(safefat.o)
 .text._s_findsaffile
                0x20020abc      0x1b8 C:/ISIS/workspace/ycube/GlobusSatProject/..//hal/hcc/lib\libHCCD.a(safefat.o)
 .text._s_open  0x20020c74       0xe4 C:/ISIS/workspace/ycube/GlobusSatProject/..//hal/hcc/lib\libHCCD.a(safefat.o)
 .text._s_open_saf
                0x20020d58       0xe8 C:/ISIS/workspace/ycube/GlobusSatProject/..//hal/hcc/lib\libHCCD.a(safefat.o)
 .text._s_flush
                0x20020e40       0x84 C:/ISIS/workspace/ycube/GlobusSatProject/..//hal/hcc/lib\libHCCD.a(safefat.o)
 .text._s_allocnextcluster
                0x20020ec4      0x13c C:/ISIS/workspace/ycube/GlobusSatProject/..//hal/hcc/lib\libHCCD.a(safefat.o)
 .text._s_getnextsector
                0x20021000       0xdc C:/ISIS/workspace/ycube/GlobusSatProject/..//hal/hcc/lib\libHCCD.a(safefat.o)
 .text._s_seek  0x200210dc      0x1e8 C:/ISIS/workspace/ycube/GlobusSatProject/..//hal/hcc/lib\libHCCD.a(safefat.o)
 .text._s_get_len
                0x200212c4      0x10c C:/ISIS/workspace/ycube/GlobusSatProject/..//hal/hcc/lib\libHCCD.a(safefat.o)
 .text._s_set_len
                0x200213d0       0xb4 C:/ISIS/workspace/ycube/GlobusSatProject/..//hal/hcc/lib\libHCCD.a(safefat.o)
 .text.safe_fix_filelengths
                0x20021484       0xcc C:/ISIS/workspace/ycube/GlobusSatProject/..//hal/hcc/lib\libHCCD.a(safefat.o)
                0x20021484                safe_fix_filelengths
 .text._s_read  0x20021550      0x228 C:/ISIS/workspace/ycube/GlobusSatProject/..//hal/hcc/lib\libHCCD.a(safefat.o)
 .text._s_write
                0x20021778      0x384 C:/ISIS/workspace/ycube/GlobusSatProject/..//hal/hcc/lib\libHCCD.a(safefat.o)
 .text._s_restoreclusters
                0x20021afc      0x270 C:/ISIS/workspace/ycube/GlobusSatProject/..//hal/hcc/lib\libHCCD.a(safefat.o)
                0x20021afc                _s_restoreclusters
 .text._s_findrestore
                0x20021d6c      0x18c C:/ISIS/workspace/ycube/GlobusSatProject/..//hal/hcc/lib\libHCCD.a(safefat.o)
 .text._s_cmd_writede
                0x20021ef8       0xd8 C:/ISIS/workspace/ycube/GlobusSatProject/..//hal/hcc/lib\libHCCD.a(safefat.o)
 .text._s_cmd_setcluster
                0x20021fd0       0x88 C:/ISIS/workspace/ycube/GlobusSatProject/..//hal/hcc/lib\libHCCD.a(safefat.o)
 .text._s_cmd_deletechain
                0x20022058      0x100 C:/ISIS/workspace/ycube/GlobusSatProject/..//hal/hcc/lib\libHCCD.a(safefat.o)
 .text._s_cmd_validatecfn
                0x20022158      0x308 C:/ISIS/workspace/ycube/GlobusSatProject/..//hal/hcc/lib\libHCCD.a(safefat.o)
 .text._s_cmd_seteof
                0x20022460      0x3c4 C:/ISIS/workspace/ycube/GlobusSatProject/..//hal/hcc/lib\libHCCD.a(safefat.o)
 .text.safe_docommands
                0x20022824      0x56c C:/ISIS/workspace/ycube/GlobusSatProject/..//hal/hcc/lib\libHCCD.a(safefat.o)
                0x20022824                safe_docommands
 .text.safe_entercommand
                0x20022d90       0x68 C:/ISIS/workspace/ycube/GlobusSatProject/..//hal/hcc/lib\libHCCD.a(safefat.o)
                0x20022d90                safe_entercommand
 .text.safe_ready
                0x20022df8       0xf4 C:/ISIS/workspace/ycube/GlobusSatProject/..//hal/hcc/lib\libHCCD.a(safefat.o)
                0x20022df8                safe_ready
 .text.safe_copycfn
                0x20022eec       0xb8 C:/ISIS/workspace/ycube/GlobusSatProject/..//hal/hcc/lib\libHCCD.a(safefat.o)
                0x20022eec                safe_copycfn
 .text.safe_cfremove
                0x20022fa4       0xb8 C:/ISIS/workspace/ycube/GlobusSatProject/..//hal/hcc/lib\libHCCD.a(safefat.o)
                0x20022fa4                safe_cfremove
 .text.safe_writede
                0x2002305c      0x104 C:/ISIS/workspace/ycube/GlobusSatProject/..//hal/hcc/lib\libHCCD.a(safefat.o)
                0x2002305c                safe_writede
 .text.safe_setcluster
                0x20023160       0xcc C:/ISIS/workspace/ycube/GlobusSatProject/..//hal/hcc/lib\libHCCD.a(safefat.o)
                0x20023160                safe_setcluster
 .text.safe_deletechain
                0x2002322c      0x1c8 C:/ISIS/workspace/ycube/GlobusSatProject/..//hal/hcc/lib\libHCCD.a(safefat.o)
                0x2002322c                safe_deletechain
 .text.safe_cfclose
                0x200233f4      0x104 C:/ISIS/workspace/ycube/GlobusSatProject/..//hal/hcc/lib\libHCCD.a(safefat.o)
                0x200233f4                safe_cfclose
 .text.safe_cfflush
                0x200234f8      0x124 C:/ISIS/workspace/ycube/GlobusSatProject/..//hal/hcc/lib\libHCCD.a(safefat.o)
                0x200234f8                safe_cfflush
 .text.safe_reset
                0x2002361c       0x78 C:/ISIS/workspace/ycube/GlobusSatProject/..//hal/hcc/lib\libHCCD.a(safefat.o)
                0x2002361c                safe_reset
 .text.safe_loadcommands
                0x20023694       0x78 C:/ISIS/workspace/ycube/GlobusSatProject/..//hal/hcc/lib\libHCCD.a(safefat.o)
                0x20023694                safe_loadcommands
 .text.safe_poweron
                0x2002370c      0x1fc C:/ISIS/workspace/ycube/GlobusSatProject/..//hal/hcc/lib\libHCCD.a(safefat.o)
                0x2002370c                safe_poweron
 .text.cf_getname
                0x20023908       0xc0 C:/ISIS/workspace/ycube/GlobusSatProject/..//hal/hcc/lib\libHCCD.a(safefat.o)
 .text.cf_copyclusterchain
                0x200239c8      0x138 C:/ISIS/workspace/ycube/GlobusSatProject/..//hal/hcc/lib\libHCCD.a(safefat.o)
 .text.cf_seektozero
                0x20023b00       0x94 C:/ISIS/workspace/ycube/GlobusSatProject/..//hal/hcc/lib\libHCCD.a(safefat.o)
                0x20023b00                cf_seektozero
 .text.cf_create
                0x20023b94      0x3a8 C:/ISIS/workspace/ycube/GlobusSatProject/..//hal/hcc/lib\libHCCD.a(safefat.o)
                0x20023b94                cf_create
 .text.cf_copyclustercontent
                0x20023f3c      0x128 C:/ISIS/workspace/ycube/GlobusSatProject/..//hal/hcc/lib\libHCCD.a(safefat.o)
                0x20023f3c                cf_copyclustercontent
 .text.cf_copycfn
                0x20024064      0x4bc C:/ISIS/workspace/ycube/GlobusSatProject/..//hal/hcc/lib\libHCCD.a(safefat.o)
                0x20024064                cf_copycfn
 .text.cf_remove
                0x20024520      0x344 C:/ISIS/workspace/ycube/GlobusSatProject/..//hal/hcc/lib\libHCCD.a(safefat.o)
                0x20024520                cf_remove
 .text.cf_setclusternew
                0x20024864       0xf0 C:/ISIS/workspace/ycube/GlobusSatProject/..//hal/hcc/lib\libHCCD.a(safefat.o)
                0x20024864                cf_setclusternew
 .text.cf_flush
                0x20024954       0x58 C:/ISIS/workspace/ycube/GlobusSatProject/..//hal/hcc/lib\libHCCD.a(safefat.o)
                0x20024954                cf_flush
 .text.cf_getcluster
                0x200249ac      0x1b4 C:/ISIS/workspace/ycube/GlobusSatProject/..//hal/hcc/lib\libHCCD.a(safefat.o)
                0x200249ac                cf_getcluster
 .text.cf_setnextcluster
                0x20024b60      0x194 C:/ISIS/workspace/ycube/GlobusSatProject/..//hal/hcc/lib\libHCCD.a(safefat.o)
                0x20024b60                cf_setnextcluster
 .text.cf_getpositions
                0x20024cf4       0xbc C:/ISIS/workspace/ycube/GlobusSatProject/..//hal/hcc/lib\libHCCD.a(safefat.o)
                0x20024cf4                cf_getpositions
 .text.cf_setpositions
                0x20024db0       0xb0 C:/ISIS/workspace/ycube/GlobusSatProject/..//hal/hcc/lib\libHCCD.a(safefat.o)
                0x20024db0                cf_setpositions
 .text.cf_opensyncafile
                0x20024e60      0x150 C:/ISIS/workspace/ycube/GlobusSatProject/..//hal/hcc/lib\libHCCD.a(safefat.o)
                0x20024e60                cf_opensyncafile
 .text.cf_reloadcfo
                0x20024fb0       0xd8 C:/ISIS/workspace/ycube/GlobusSatProject/..//hal/hcc/lib\libHCCD.a(safefat.o)
                0x20024fb0                cf_reloadcfo
 .text.mcipdc_cmd
                0x20025088      0x22c C:/ISIS/workspace/ycube/GlobusSatProject/..//hal/hcc/lib\libHCCD.a(atmel_mcipdc.o)
 .text.mcipdc_stop
                0x200252b4       0xfc C:/ISIS/workspace/ycube/GlobusSatProject/..//hal/hcc/lib\libHCCD.a(atmel_mcipdc.o)
                0x200252b4                mcipdc_stop
 .text.mcipdc_read
                0x200253b0      0x27c C:/ISIS/workspace/ycube/GlobusSatProject/..//hal/hcc/lib\libHCCD.a(atmel_mcipdc.o)
 .text.mcipdc_write
                0x2002562c      0x298 C:/ISIS/workspace/ycube/GlobusSatProject/..//hal/hcc/lib\libHCCD.a(atmel_mcipdc.o)
 .text.mcipdc_readsector
                0x200258c4       0x9c C:/ISIS/workspace/ycube/GlobusSatProject/..//hal/hcc/lib\libHCCD.a(atmel_mcipdc.o)
                0x200258c4                mcipdc_readsector
 .text.mcipdc_readmultiplesector
                0x20025960      0x124 C:/ISIS/workspace/ycube/GlobusSatProject/..//hal/hcc/lib\libHCCD.a(atmel_mcipdc.o)
                0x20025960                mcipdc_readmultiplesector
 .text.mcipdc_writesector
                0x20025a84       0x90 C:/ISIS/workspace/ycube/GlobusSatProject/..//hal/hcc/lib\libHCCD.a(atmel_mcipdc.o)
                0x20025a84                mcipdc_writesector
 .text.mcipdc_writemultiplesector
                0x20025b14      0x120 C:/ISIS/workspace/ycube/GlobusSatProject/..//hal/hcc/lib\libHCCD.a(atmel_mcipdc.o)
                0x20025b14                mcipdc_writemultiplesector
 .text.mcipdc_set_speed
                0x20025c34       0xb0 C:/ISIS/workspace/ycube/GlobusSatProject/..//hal/hcc/lib\libHCCD.a(atmel_mcipdc.o)
 .text.mcipdc_get_speed
                0x20025ce4       0x48 C:/ISIS/workspace/ycube/GlobusSatProject/..//hal/hcc/lib\libHCCD.a(atmel_mcipdc.o)
 .text._get_csd_bits
                0x20025d2c      0x14c C:/ISIS/workspace/ycube/GlobusSatProject/..//hal/hcc/lib\libHCCD.a(atmel_mcipdc.o)
 .text.mcipdc_initcard
                0x20025e78      0x8f4 C:/ISIS/workspace/ycube/GlobusSatProject/..//hal/hcc/lib\libHCCD.a(atmel_mcipdc.o)
 .text.mcipdc_getstatus
                0x2002676c       0xe8 C:/ISIS/workspace/ycube/GlobusSatProject/..//hal/hcc/lib\libHCCD.a(atmel_mcipdc.o)
 .text.mcipdc_getphy
                0x20026854       0x90 C:/ISIS/workspace/ycube/GlobusSatProject/..//hal/hcc/lib\libHCCD.a(atmel_mcipdc.o)
 .text.mcipdc_release
                0x200268e4       0x50 C:/ISIS/workspace/ycube/GlobusSatProject/..//hal/hcc/lib\libHCCD.a(atmel_mcipdc.o)
 .text.atmel_mcipdc_initfunc
                0x20026934      0x160 C:/ISIS/workspace/ycube/GlobusSatProject/..//hal/hcc/lib\libHCCD.a(atmel_mcipdc.o)
                0x20026934                atmel_mcipdc_initfunc
 .text.oal_task_get_id
                0x20026a94       0x18 C:/ISIS/workspace/ycube/GlobusSatProject/..//hal/hcc/lib\libHCCD.a(oalp_task.o)
                0x20026a94                oal_task_get_id
 .text.oal_mutex_create
                0x20026aac       0x54 C:/ISIS/workspace/ycube/GlobusSatProject/..//hal/hcc/lib\libHCCD.a(oalp_mutex.o)
                0x20026aac                oal_mutex_create
 .text.oal_mutex_delete
                0x20026b00       0x30 C:/ISIS/workspace/ycube/GlobusSatProject/..//hal/hcc/lib\libHCCD.a(oalp_mutex.o)
                0x20026b00                oal_mutex_delete
 .text.oal_mutex_get
                0x20026b30       0x58 C:/ISIS/workspace/ycube/GlobusSatProject/..//hal/hcc/lib\libHCCD.a(oalp_mutex.o)
                0x20026b30                oal_mutex_get
 .text.oal_mutex_put
                0x20026b88       0x58 C:/ISIS/workspace/ycube/GlobusSatProject/..//hal/hcc/lib\libHCCD.a(oalp_mutex.o)
                0x20026b88                oal_mutex_put
 .text.mcipdc_hw_init
                0x20026be0       0xe8 C:/ISIS/workspace/ycube/GlobusSatProject/..//hal/hcc/lib\libHCCD.a(atmel_mcipdc_hw.o)
                0x20026be0                mcipdc_hw_init
 .text.mcipdc_hw_delete
                0x20026cc8       0x78 C:/ISIS/workspace/ycube/GlobusSatProject/..//hal/hcc/lib\libHCCD.a(atmel_mcipdc_hw.o)
                0x20026cc8                mcipdc_hw_delete
 .text.mcipdc_hw_card_plugged
                0x20026d40       0x1c C:/ISIS/workspace/ycube/GlobusSatProject/..//hal/hcc/lib\libHCCD.a(atmel_mcipdc_hw.o)
                0x20026d40                mcipdc_hw_card_plugged
 .text.mcipdc_hw_card_writeprotect
                0x20026d5c       0x1c C:/ISIS/workspace/ycube/GlobusSatProject/..//hal/hcc/lib\libHCCD.a(atmel_mcipdc_hw.o)
                0x20026d5c                mcipdc_hw_card_writeprotect
 .text.psp_getrand
                0x20026d78      0x14c C:/ISIS/workspace/ycube/GlobusSatProject/..//hal/hcc/lib\libHCCD.a(psp_rand.o)
                0x20026d78                psp_getrand
 .text.psp_getcurrenttimedate
                0x20026ec4       0x8c C:/ISIS/workspace/ycube/GlobusSatProject/..//hal/hcc/lib\libHCCD.a(psp_rtc.o)
                0x20026ec4                psp_getcurrenttimedate
 .text._hcc_get_buf_dsc
                0x20026f50       0x8c C:/ISIS/workspace/ycube/GlobusSatProject/..//hal/hcc/lib\libHCCD.a(hcc_mem.o)
 .text._hcc_check_free_pages
                0x20026fdc      0x18c C:/ISIS/workspace/ycube/GlobusSatProject/..//hal/hcc/lib\libHCCD.a(hcc_mem.o)
 .text._hcc_mark_pages
                0x20027168      0x158 C:/ISIS/workspace/ycube/GlobusSatProject/..//hal/hcc/lib\libHCCD.a(hcc_mem.o)
 .text._hcc_clear_lock_dsc
                0x200272c0       0x80 C:/ISIS/workspace/ycube/GlobusSatProject/..//hal/hcc/lib\libHCCD.a(hcc_mem.o)
 .text._hcc_lock_access
                0x20027340      0x128 C:/ISIS/workspace/ycube/GlobusSatProject/..//hal/hcc/lib\libHCCD.a(hcc_mem.o)
 .text._hcc_unlock_access
                0x20027468       0x30 C:/ISIS/workspace/ycube/GlobusSatProject/..//hal/hcc/lib\libHCCD.a(hcc_mem.o)
 .text.hcc_mem_alloc
                0x20027498      0x454 C:/ISIS/workspace/ycube/GlobusSatProject/..//hal/hcc/lib\libHCCD.a(hcc_mem.o)
                0x20027498                hcc_mem_alloc
 .text.hcc_mem_free
                0x200278ec      0x178 C:/ISIS/workspace/ycube/GlobusSatProject/..//hal/hcc/lib\libHCCD.a(hcc_mem.o)
                0x200278ec                hcc_mem_free
 .text.hcc_mem_add
                0x20027a64      0x3b0 C:/ISIS/workspace/ycube/GlobusSatProject/..//hal/hcc/lib\libHCCD.a(hcc_mem.o)
                0x20027a64                hcc_mem_add
 .text.hcc_mem_init
                0x20027e14      0x164 C:/ISIS/workspace/ycube/GlobusSatProject/..//hal/hcc/lib\libHCCD.a(hcc_mem.o)
                0x20027e14                hcc_mem_init
 .text.hcc_mem_delete
                0x20027f78       0x94 C:/ISIS/workspace/ycube/GlobusSatProject/..//hal/hcc/lib\libHCCD.a(hcc_mem.o)
                0x20027f78                hcc_mem_delete
 .text.hcc_mem_buf_alloc
                0x2002800c       0xe4 C:/ISIS/workspace/ycube/GlobusSatProject/..//hal/hcc/lib\libHCCD.a(psp_hcc_mem.o)
                0x2002800c                hcc_mem_buf_alloc
 .text.hcc_mem_buf_free
                0x200280f0       0x6c C:/ISIS/workspace/ycube/GlobusSatProject/..//hal/hcc/lib\libHCCD.a(psp_hcc_mem.o)
                0x200280f0                hcc_mem_buf_free
 .text.IsisSolarPanelv2_initialize
                0x2002815c      0x118 C:/ISIS/workspace/ycube/GlobusSatProject/..//satellite-subsystems/satellite-subsystems/lib\libSatelliteSubsystemsD.a(IsisSolarPanelv2.o)
                0x2002815c                IsisSolarPanelv2_initialize
 .text.IsisSolarPanelv2_getTemperature
                0x20028274       0xfc C:/ISIS/workspace/ycube/GlobusSatProject/..//satellite-subsystems/satellite-subsystems/lib\libSatelliteSubsystemsD.a(IsisSolarPanelv2.o)
                0x20028274                IsisSolarPanelv2_getTemperature
 .text._Reset   0x20028370       0x20 C:/ISIS/workspace/ycube/GlobusSatProject/..//satellite-subsystems/satellite-subsystems/lib\libSatelliteSubsystemsD.a(IsisSolarPanelv2.o)
 .text._WaitForStartup
                0x20028390       0xa0 C:/ISIS/workspace/ycube/GlobusSatProject/..//satellite-subsystems/satellite-subsystems/lib\libSatelliteSubsystemsD.a(IsisSolarPanelv2.o)
 .text._AssignAllChannels
                0x20028430       0x90 C:/ISIS/workspace/ycube/GlobusSatProject/..//satellite-subsystems/satellite-subsystems/lib\libSatelliteSubsystemsD.a(IsisSolarPanelv2.o)
 .text._AssignThisChannel
                0x200284c0       0xe8 C:/ISIS/workspace/ycube/GlobusSatProject/..//satellite-subsystems/satellite-subsystems/lib\libSatelliteSubsystemsD.a(IsisSolarPanelv2.o)
 .text._InitiateConversion
                0x200285a8       0xac C:/ISIS/workspace/ycube/GlobusSatProject/..//satellite-subsystems/satellite-subsystems/lib\libSatelliteSubsystemsD.a(IsisSolarPanelv2.o)
 .text._WaitForConversionComplete
                0x20028654      0x110 C:/ISIS/workspace/ycube/GlobusSatProject/..//satellite-subsystems/satellite-subsystems/lib\libSatelliteSubsystemsD.a(IsisSolarPanelv2.o)
 .text._ReadResult
                0x20028764      0x158 C:/ISIS/workspace/ycube/GlobusSatProject/..//satellite-subsystems/satellite-subsystems/lib\libSatelliteSubsystemsD.a(IsisSolarPanelv2.o)
 .text._ExtractByte
                0x200288bc       0x38 C:/ISIS/workspace/ycube/GlobusSatProject/..//satellite-subsystems/satellite-subsystems/lib\libSatelliteSubsystemsD.a(IsisSolarPanelv2.o)
 .text._ExtendSign
                0x200288f4       0x6c C:/ISIS/workspace/ycube/GlobusSatProject/..//satellite-subsystems/satellite-subsystems/lib\libSatelliteSubsystemsD.a(IsisSolarPanelv2.o)
 .text._PinsInit
                0x20028960       0x68 C:/ISIS/workspace/ycube/GlobusSatProject/..//satellite-subsystems/satellite-subsystems/lib\libSatelliteSubsystemsD.a(IsisSolarPanelv2.o)
 .text._SpiWriteRead
                0x200289c8       0x70 C:/ISIS/workspace/ycube/GlobusSatProject/..//satellite-subsystems/satellite-subsystems/lib\libSatelliteSubsystemsD.a(IsisSolarPanelv2.o)
 .text.ISIS_ANTS_REV2_Init
                0x20028a38       0xc4 C:/ISIS/workspace/ycube/GlobusSatProject/..//satellite-subsystems/satellite-subsystems/lib\libSatelliteSubsystemsD.a(isis_ants_rev2.o)
                0x20028a38                ISIS_ANTS_REV2_Init
 .text.isis_ants_rev2__arm
                0x20028afc       0x98 C:/ISIS/workspace/ycube/GlobusSatProject/..//satellite-subsystems/satellite-subsystems/lib\libSatelliteSubsystemsD.a(isis_ants_rev2.o)
                0x20028afc                isis_ants_rev2__arm
 .text.isis_ants_rev2__cancel_deploy
                0x20028b94       0x98 C:/ISIS/workspace/ycube/GlobusSatProject/..//satellite-subsystems/satellite-subsystems/lib\libSatelliteSubsystemsD.a(isis_ants_rev2.o)
                0x20028b94                isis_ants_rev2__cancel_deploy
 .text.isis_ants_rev2__disarm
                0x20028c2c       0x98 C:/ISIS/workspace/ycube/GlobusSatProject/..//satellite-subsystems/satellite-subsystems/lib\libSatelliteSubsystemsD.a(isis_ants_rev2.o)
                0x20028c2c                isis_ants_rev2__disarm
 .text.isis_ants_rev2__get_status
                0x20028cc4       0xa8 C:/ISIS/workspace/ycube/GlobusSatProject/..//satellite-subsystems/satellite-subsystems/lib\libSatelliteSubsystemsD.a(isis_ants_rev2.o)
                0x20028cc4                isis_ants_rev2__get_status
 .text.isis_ants_rev2__get_uptime
                0x20028d6c       0xa8 C:/ISIS/workspace/ycube/GlobusSatProject/..//satellite-subsystems/satellite-subsystems/lib\libSatelliteSubsystemsD.a(isis_ants_rev2.o)
                0x20028d6c                isis_ants_rev2__get_uptime
 .text.isis_ants_rev2__reset
                0x20028e14       0x98 C:/ISIS/workspace/ycube/GlobusSatProject/..//satellite-subsystems/satellite-subsystems/lib\libSatelliteSubsystemsD.a(isis_ants_rev2.o)
                0x20028e14                isis_ants_rev2__reset
 .text.isis_ants_rev2__start_auto_deploy
                0x20028eac       0xb0 C:/ISIS/workspace/ycube/GlobusSatProject/..//satellite-subsystems/satellite-subsystems/lib\libSatelliteSubsystemsD.a(isis_ants_rev2.o)
                0x20028eac                isis_ants_rev2__start_auto_deploy
 .text._ISIS_ANTS_REV2_I2C_Send
                0x20028f5c       0x8c C:/ISIS/workspace/ycube/GlobusSatProject/..//satellite-subsystems/satellite-subsystems/lib\libSatelliteSubsystemsD.a(isis_ants_rev2.o)
 .text.ISIS_VU_E_Init
                0x20028fe8       0xe4 C:/ISIS/workspace/ycube/GlobusSatProject/..//satellite-subsystems/satellite-subsystems/lib\libSatelliteSubsystemsD.a(isis_vu_e.o)
                0x20028fe8                ISIS_VU_E_Init
 .text.isis_vu_e__get_frame
                0x200290cc       0x84 C:/ISIS/workspace/ycube/GlobusSatProject/..//satellite-subsystems/satellite-subsystems/lib\libSatelliteSubsystemsD.a(isis_vu_e.o)
                0x200290cc                isis_vu_e__get_frame
 .text.isis_vu_e__get_frame_variable
                0x20029150      0x190 C:/ISIS/workspace/ycube/GlobusSatProject/..//satellite-subsystems/satellite-subsystems/lib\libSatelliteSubsystemsD.a(isis_vu_e.o)
                0x20029150                isis_vu_e__get_frame_variable
 .text.isis_vu_e__get_frame_count
                0x200292e0       0xb8 C:/ISIS/workspace/ycube/GlobusSatProject/..//satellite-subsystems/satellite-subsystems/lib\libSatelliteSubsystemsD.a(isis_vu_e.o)
                0x200292e0                isis_vu_e__get_frame_count
 .text.isis_vu_e__get_rx_telemetry
                0x20029398       0xb8 C:/ISIS/workspace/ycube/GlobusSatProject/..//satellite-subsystems/satellite-subsystems/lib\libSatelliteSubsystemsD.a(isis_vu_e.o)