Archive member included because of file (symbol)

C:/ISIS/workspace/ycube/GlobusSatProject/..//hal/hal/lib\libHALD.a(SPI.o)
                              ./src/InitSystem.o (SPI_start)
C:/ISIS/workspace/ycube/GlobusSatProject/..//hal/hal/lib\libHALD.a(I2C.o)
                              ./src/SubSystemModules/Communication/SubsystemCommands/Maintanence_Commands.o (I2C_write)
C:/ISIS/workspace/ycube/GlobusSatProject/..//hal/hal/lib\libHALD.a(ADC.o)
                              ./src/SubSystemModules/Housekepping/TelemetryCollector.o (ADC_ConvertRaw10bitToMillivolt)
C:/ISIS/workspace/ycube/GlobusSatProject/..//hal/hal/lib\libHALD.a(FRAM.o)
                              ./src/SubSystemModules/Communication/SubsystemCommands/Maintanence_Commands.o (FRAM_start)
C:/ISIS/workspace/ycube/GlobusSatProject/..//hal/hal/lib\libHALD.a(Time.o)
                              ./src/InitSystem.o (Time_start)
C:/ISIS/workspace/ycube/GlobusSatProject/..//hal/hal/lib\libHALD.a(WatchDogTimerNoOS.o)
                              ./src/main.o (WDT_start)
C:/ISIS/workspace/ycube/GlobusSatProject/..//hal/hal/lib\libHALD.a(RTT.o)
                              C:/ISIS/workspace/ycube/GlobusSatProject/..//hal/hal/lib\libHALD.a(Time.o) (RTT_start)
C:/ISIS/workspace/ycube/GlobusSatProject/..//hal/hal/lib\libHALD.a(RTC.o)
                              C:/ISIS/workspace/ycube/GlobusSatProject/..//hal/hal/lib\libHALD.a(Time.o) (RTC_getTime)
C:/ISIS/workspace/ycube/GlobusSatProject/..//hal/hal/lib\libHALD.a(WatchDogTimerOS.o)
                              ./src/TestingDemos/MainTest.o (WDT_startWatchdogKickTask)
C:/ISIS/workspace/ycube/GlobusSatProject/..//hal/hal/lib\libHALD.a(fprintf.o)
                              ./src/TLM_management.o (f_puts)
C:/ISIS/workspace/ycube/GlobusSatProject/..//hal/hal/lib\libHALD.a(util.o)
                              ./src/TestingDemos/EpsTestingDemo.o (UTIL_DbguGetInteger)
C:/ISIS/workspace/ycube/GlobusSatProject/..//hal/hal/lib\libHALD.a(LED.o)
                              C:/ISIS/workspace/ycube/GlobusSatProject/..//hal/hal/lib\libHALD.a(WatchDogTimerOS.o) (LED_toggle)
C:/ISIS/workspace/ycube/GlobusSatProject/..//hal/hcc/lib\libHCCD.a(fat_m.o)
                              ./src/TLM_management.o (fm_initvolume)
C:/ISIS/workspace/ycube/GlobusSatProject/..//hal/hcc/lib\libHCCD.a(fat.o)
                              C:/ISIS/workspace/ycube/GlobusSatProject/..//hal/hcc/lib\libHCCD.a(fat_m.o) (fn_getdcwd)
C:/ISIS/workspace/ycube/GlobusSatProject/..//hal/hcc/lib\libHCCD.a(fat_common.o)
                              C:/ISIS/workspace/ycube/GlobusSatProject/..//hal/hcc/lib\libHCCD.a(fat.o) (p_filesystem)
C:/ISIS/workspace/ycube/GlobusSatProject/..//hal/hcc/lib\libHCCD.a(safefat.o)
                              C:/ISIS/workspace/ycube/GlobusSatProject/..//hal/hcc/lib\libHCCD.a(fat.o) (s_subdir)
C:/ISIS/workspace/ycube/GlobusSatProject/..//hal/hcc/lib\libHCCD.a(atmel_mcipdc.o)
                              ./src/TLM_management.o (atmel_mcipdc_initfunc)
C:/ISIS/workspace/ycube/GlobusSatProject/..//hal/hcc/lib\libHCCD.a(oalp_task.o)
                              C:/ISIS/workspace/ycube/GlobusSatProject/..//hal/hcc/lib\libHCCD.a(fat_common.o) (oal_task_get_id)
C:/ISIS/workspace/ycube/GlobusSatProject/..//hal/hcc/lib\libHCCD.a(oalp_mutex.o)
                              C:/ISIS/workspace/ycube/GlobusSatProject/..//hal/hcc/lib\libHCCD.a(fat_common.o) (oal_mutex_create)
C:/ISIS/workspace/ycube/GlobusSatProject/..//hal/hcc/lib\libHCCD.a(atmel_mcipdc_hw.o)
                              C:/ISIS/workspace/ycube/GlobusSatProject/..//hal/hcc/lib\libHCCD.a(atmel_mcipdc.o) (mcipdc_hw_init)
C:/ISIS/workspace/ycube/GlobusSatProject/..//hal/hcc/lib\libHCCD.a(psp_rand.o)
                              C:/ISIS/workspace/ycube/GlobusSatProject/..//hal/hcc/lib\libHCCD.a(fat_common.o) (psp_getrand)
C:/ISIS/workspace/ycube/GlobusSatProject/..//hal/hcc/lib\libHCCD.a(psp_rtc.o)
                              C:/ISIS/workspace/ycube/GlobusSatProject/..//hal/hcc/lib\libHCCD.a(fat_common.o) (psp_getcurrenttimedate)
C:/ISIS/workspace/ycube/GlobusSatProject/..//hal/hcc/lib\libHCCD.a(hcc_mem.o)
                              C:/ISIS/workspace/ycube/GlobusSatProject/..//hal/hcc/lib\libHCCD.a(atmel_mcipdc.o) (hcc_mem_alloc)
C:/ISIS/workspace/ycube/GlobusSatProject/..//hal/hcc/lib\libHCCD.a(psp_hcc_mem.o)
                              C:/ISIS/workspace/ycube/GlobusSatProject/..//hal/hcc/lib\libHCCD.a(hcc_mem.o) (hcc_mem_buf_alloc)
C:/ISIS/workspace/ycube/GlobusSatProject/..//satellite-subsystems/satellite-subsystems/lib\libSatelliteSubsystemsD.a(IsisAntS.o)
                              ./src/SubSystemModules/Communication/TRXVU.o (IsisAntS_initialize)
C:/ISIS/workspace/ycube/GlobusSatProject/..//satellite-subsystems/satellite-subsystems/lib\libSatelliteSubsystemsD.a(IsisTRXVU.o)
                              ./src/TestingDemos/TrxvuTestingDemo.o (IsisTrxvu_initialize)
[...]
Memory Configuration

Name             Origin             Length             Attributes
sram0            0x00200000         0x00004000         w !xr
sram1            0x00300000         0x00004000         w !xr
sdram            0x20000000         0x02000000         w !xr
*default*        0x00000000         0xffffffff

Linker script and memory map

LOAD c:/isis/application/toolchain/bin/../lib/gcc/arm-none-eabi/4.7.4/../../../../arm-none-eabi/lib\libc.a
LOAD ./src/TestingDemos/CommandsTestingDemo.o
LOAD ./src/TestingDemos/EpsTestingDemo.o
LOAD ./src/TestingDemos/FileSystemTestingDemo.o
LOAD ./src/TestingDemos/MainTest.o
LOAD ./src/TestingDemos/MaintenanceTestingDemo.o
LOAD ./src/TestingDemos/TelemetryTestingDemo.o
LOAD ./src/TestingDemos/TrxvuTestingDemo.o
LOAD ./src/SubSystemModules/PowerManagment/EPS.o
LOAD ./src/SubSystemModules/PowerManagment/EPSOperationModes.o
LOAD ./src/SubSystemModules/Maintenance/Maintenance.o
LOAD ./src/SubSystemModules/Housekepping/TelemetryCollector.o
LOAD ./src/SubSystemModules/Communication/SubsystemCommands/EPS_Commands.o
LOAD ./src/SubSystemModules/Communication/SubsystemCommands/FS_Commands.o
LOAD ./src/SubSystemModules/Communication/SubsystemCommands/Maintanence_Commands.o
LOAD ./src/SubSystemModules/Communication/SubsystemCommands/TRXVU_Commands.o
LOAD ./src/SubSystemModules/Communication/AckHandler.o
LOAD ./src/SubSystemModules/Communication/CommandDictionary.o
LOAD ./src/SubSystemModules/Communication/SatCommandHandler.o
LOAD ./src/SubSystemModules/Communication/TRXVU.o
LOAD ./src/InitSystem.o
LOAD ./src/TLM_management.o
LOAD ./src/main.o
LOAD ./src/utils.o
LOAD C:/ISIS/workspace/ycube/GlobusSatProject/..//hal/hal/lib\libHALD.a
LOAD C:/ISIS/workspace/ycube/GlobusSatProject/..//hal/hcc/lib\libHCCD.a
LOAD C:/ISIS/workspace/ycube/GlobusSatProject/..//satellite-subsystems/satellite-subsystems/lib\libSatelliteSubsystemsD.a
LOAD C:/ISIS/workspace/ycube/GlobusSatProject/..//hal/freertos/lib\libFreeRTOSD.a
LOAD C:/ISIS/workspace/ycube/GlobusSatProject/..//hal/at91/lib\libAt91D.a
START GROUP
LOAD c:/isis/application/toolchain/bin/../lib/gcc/arm-none-eabi/4.7.4\libgcc.a
LOAD c:/isis/application/toolchain/bin/../lib/gcc/arm-none-eabi/4.7.4/../../../../arm-none-eabi/lib\libg.a
LOAD c:/isis/application/toolchain/bin/../lib/gcc/arm-none-eabi/4.7.4/../../../../arm-none-eabi/lib\libc.a
END GROUP

.fixed          0x20000000    0x476e4
                0x20000000                . = ALIGN (0x4)
                0x20000000                _sfixed = .
 *(.startup)
 .startup       0x20000000      0x184 C:/ISIS/workspace/ycube/GlobusSatProject/..//hal/at91/lib\libAt91D.a(board_cstartup.o)
                0x20000000                entry
 *(.text)
 .text          0x20000184       0x64 C:/ISIS/workspace/ycube/GlobusSatProject/..//hal/at91/lib\libAt91D.a(cp15_asm.o)
                0x20000184                _readControlRegister
                0x20000190                _writeControlRegister
                0x20000198                _waitForInterrupt
                0x200001a4                _writeTTB
                0x200001ac                _writeDomain
                0x200001b4                _writeITLBLockdown
                0x200001bc                _prefetchICacheLine
                0x200001c4                _flushDCache
                0x200001d0                _flushWriteBuffer
                0x200001dc                _invalidateIDTLBs
 .text          0x200001e8      0x114 c:/isis/application/toolchain/bin/../lib/gcc/arm-none-eabi/4.7.4\libgcc.a(_udivsi3.o)
                0x200001e8                __aeabi_uidiv
                0x200001e8                __udivsi3
                0x200002dc                __aeabi_uidivmod
 .text          0x200002fc      0x148 c:/isis/application/toolchain/bin/../lib/gcc/arm-none-eabi/4.7.4\libgcc.a(_divsi3.o)
                0x200002fc                __divsi3
                0x200002fc                __aeabi_idiv
                0x20000424                __aeabi_idivmod
 .text          0x20000444        0x4 c:/isis/application/toolchain/bin/../lib/gcc/arm-none-eabi/4.7.4\libgcc.a(_dvmd_tls.o)
                0x20000444                __aeabi_idiv0
                0x20000444                __aeabi_ldiv0
 .text          0x20000448      0x41c c:/isis/application/toolchain/bin/../lib/gcc/arm-none-eabi/4.7.4\libgcc.a(_arm_addsubdf3.o)
                0x20000448                __aeabi_drsub
                0x20000450                __aeabi_dsub
                0x20000450                __subdf3
                0x20000454                __aeabi_dadd
                0x20000454                __adddf3
                0x20000764                __floatunsidf
                0x20000764                __aeabi_ui2d
                0x20000788                __floatsidf
                0x20000788                __aeabi_i2d
                0x200007b0                __aeabi_f2d
                0x200007b0                __extendsfdf2
                0x200007f0                __floatundidf
                0x200007f0                __aeabi_ul2d
                0x20000804                __floatdidf
                0x20000804                __aeabi_l2d
 .text          0x20000864      0x49c c:/isis/application/toolchain/bin/../lib/gcc/arm-none-eabi/4.7.4\libgcc.a(_arm_muldivdf3.o)
                0x20000864                __aeabi_dmul
                0x20000864                __muldf3
                0x20000af4                __divdf3
                0x20000af4                __aeabi_ddiv
 .text          0x20000d00       0xa0 c:/isis/application/toolchain/bin/../lib/gcc/arm-none-eabi/4.7.4\libgcc.a(_arm_truncdfsf2.o)
                0x20000d00                __truncdfsf2
                0x20000d00                __aeabi_d2f
 .text          0x20000da0      0x2ac c:/isis/application/toolchain/bin/../lib/gcc/arm-none-eabi/4.7.4\libgcc.a(_arm_addsubsf3.o)
                0x20000da0                __aeabi_frsub
                0x20000da8                __subsf3
                0x20000da8                __aeabi_fsub
                0x20000dac                __aeabi_fadd
                0x20000dac                __addsf3
                0x20000f68                __aeabi_ui2f
                0x20000f68                __floatunsisf
                0x20000f70                __aeabi_i2f
                0x20000f70                __floatsisf
                0x20000f90                __aeabi_ul2f
                0x20000f90                __floatundisf
                0x20000fa0                __aeabi_l2f
                0x20000fa0                __floatdisf
 .text          0x2000104c      0x2f8 c:/isis/application/toolchain/bin/../lib/gcc/arm-none-eabi/4.7.4\libgcc.a(_arm_muldivsf3.o)
                0x2000104c                __mulsf3
                0x2000104c                __aeabi_fmul
                0x200011e4                __aeabi_fdiv
                0x200011e4                __divsf3
 .text          0x20001344      0x114 c:/isis/application/toolchain/bin/../lib/gcc/arm-none-eabi/4.7.4\libgcc.a(_arm_cmpsf2.o)
                0x20001344                __gesf2
                0x20001344                __gtsf2
                0x2000134c                __lesf2
                0x2000134c                __ltsf2
                0x20001354                __nesf2
                0x20001354                __eqsf2
                0x20001354                __cmpsf2
                0x200013b8                __aeabi_cfrcmple
                0x200013c8                __aeabi_cfcmpeq
                0x200013c8                __aeabi_cfcmple
                0x200013e0                __aeabi_fcmpeq
                0x200013f8                __aeabi_fcmplt
                0x20001410                __aeabi_fcmple
                0x20001428                __aeabi_fcmpge
                0x20001440                __aeabi_fcmpgt
 .text          0x20001458       0x54 c:/isis/application/toolchain/bin/../lib/gcc/arm-none-eabi/4.7.4\libgcc.a(_arm_fixunssfsi.o)
                0x20001458                __fixunssfsi
                0x20001458                __aeabi_f2uiz
 .text          0x200014ac      0x144 c:/isis/application/toolchain/bin/../lib/gcc/arm-none-eabi/4.7.4\libgcc.a(_arm_cmpdf2.o)
                0x200014ac                __gtdf2
                0x200014ac                __gedf2
                0x200014b4                __ltdf2
                0x200014b4                __ledf2
                0x200014bc                __nedf2
                0x200014bc                __eqdf2
                0x200014bc                __cmpdf2
                0x20001544                __aeabi_cdrcmple
                0x20001560                __aeabi_cdcmpeq
                0x20001560                __aeabi_cdcmple
                0x20001578                __aeabi_dcmpeq
                0x20001590                __aeabi_dcmplt
                0x200015a8                __aeabi_dcmple
                0x200015c0                __aeabi_dcmpge
                0x200015d8                __aeabi_dcmpgt
 .text          0x200015f0       0x5c c:/isis/application/toolchain/bin/../lib/gcc/arm-none-eabi/4.7.4\libgcc.a(_arm_fixdfsi.o)
                0x200015f0                __aeabi_d2iz
                0x200015f0                __fixdfsi
 .text          0x2000164c       0x54 c:/isis/application/toolchain/bin/../lib/gcc/arm-none-eabi/4.7.4\libgcc.a(_arm_fixunsdfsi.o)
                0x2000164c                __aeabi_d2uiz
                0x2000164c                __fixunsdfsi
 .text          0x200016a0       0x3c c:/isis/application/toolchain/bin/../lib/gcc/arm-none-eabi/4.7.4\libgcc.a(_aeabi_uldivmod.o)
                0x200016a0                __aeabi_uldivmod
 .text          0x200016dc       0x84 c:/isis/application/toolchain/bin/../lib/gcc/arm-none-eabi/4.7.4\libgcc.a(bpabi.o)
                0x200016dc                __gnu_ldivmod_helper
                0x20001720                __gnu_uldivmod_helper
 .text          0x20001760      0x4f0 c:/isis/application/toolchain/bin/../lib/gcc/arm-none-eabi/4.7.4\libgcc.a(_divdi3.o)
                0x20001760                __divdi3
 .text          0x20001c50      0x488 c:/isis/application/toolchain/bin/../lib/gcc/arm-none-eabi/4.7.4\libgcc.a(_udivdi3.o)
                0x20001c50                __udivdi3
 .text          0x200020d8       0x48 c:/isis/application/toolchain/bin/../lib/gcc/arm-none-eabi/4.7.4\libgcc.a(_clzsi2.o)
                0x200020d8                __clzsi2
 *(.text*)
 .text.TestActUponCommand
                0x20002120      0x114 ./src/TestingDemos/CommandsTestingDemo.o
                0x20002120                TestActUponCommand
 .text.TestAssmbleCommand
                0x20002234      0x134 ./src/TestingDemos/CommandsTestingDemo.o
                0x20002234                TestAssmbleCommand
 .text.TestGetDelayedCommand
                0x20002368       0xa0 ./src/TestingDemos/CommandsTestingDemo.o
                0x20002368                TestGetDelayedCommand
 .text.TestAddDelayedCommand
                0x20002408       0xbc ./src/TestingDemos/CommandsTestingDemo.o
                0x20002408                TestAddDelayedCommand
 .text.TestGetDelayedCommandBufferCount
                0x200024c4       0x54 ./src/TestingDemos/CommandsTestingDemo.o
                0x200024c4                TestGetDelayedCommandBufferCount
 .text.TestGetOnlineCommand
                0x20002518       0xc8 ./src/TestingDemos/CommandsTestingDemo.o
                0x20002518                TestGetOnlineCommand
 .text.TestDeleteDelayedCommandByIndex
                0x200025e0      0x1c0 ./src/TestingDemos/CommandsTestingDemo.o
                0x200025e0                TestDeleteDelayedCommandByIndex
 .text.TestDeleteDelayedBuffer
                0x200027a0      0x140 ./src/TestingDemos/CommandsTestingDemo.o
                0x200027a0                TestDeleteDelayedBuffer
 .text.selectAndExecuteCommandsDemoTest
                0x200028e0      0x174 ./src/TestingDemos/CommandsTestingDemo.o
                0x200028e0                selectAndExecuteCommandsDemoTest
 .text.MainCommandsTestBench
                0x20002a54       0x44 ./src/TestingDemos/CommandsTestingDemo.o
                0x20002a54                MainCommandsTestBench
 .text.TestEpsConditioning
                0x20002a98      0x1e8 ./src/TestingDemos/EpsTestingDemo.o
                0x20002a98                TestEpsConditioning
 .text.TestGetBatteryVoltage
                0x20002c80       0x64 ./src/TestingDemos/EpsTestingDemo.o
                0x20002c80                TestGetBatteryVoltage
 .text.TestUpdateThreshVoltages
                0x20002ce4      0x170 ./src/TestingDemos/EpsTestingDemo.o
                0x20002ce4                TestUpdateThreshVoltages
 .text.TestGetThreshVoltages
                0x20002e54       0xb0 ./src/TestingDemos/EpsTestingDemo.o
                0x20002e54                TestGetThreshVoltages
 .text.TestUpdateAlpha
                0x20002f04       0xc0 ./src/TestingDemos/EpsTestingDemo.o
                0x20002f04                TestUpdateAlpha
 .text.TestGetAlpha
                0x20002fc4       0x78 ./src/TestingDemos/EpsTestingDemo.o
                0x20002fc4                TestGetAlpha
 .text.TestRestoreDefaultAlpha
                0x2000303c       0xf4 ./src/TestingDemos/EpsTestingDemo.o
                0x2000303c                TestRestoreDefaultAlpha
 .text.TestRestoreDefaultThresholdVoltages
                0x20003130      0x154 ./src/TestingDemos/EpsTestingDemo.o
                0x20003130                TestRestoreDefaultThresholdVoltages
 .text.GetHeaterValues
                0x20003284       0xb0 ./src/TestingDemos/EpsTestingDemo.o
                0x20003284                GetHeaterValues
 .text.SetHeaterValues
                0x20003334      0x104 ./src/TestingDemos/EpsTestingDemo.o
                0x20003334                SetHeaterValues
 .text.selectAndExecuteEpsDemoTest
                0x20003438      0x1b0 ./src/TestingDemos/EpsTestingDemo.o
                0x20003438                selectAndExecuteEpsDemoTest
 .text.MainEpsTestBench
                0x200035e8       0x40 ./src/TestingDemos/EpsTestingDemo.o
                0x200035e8                MainEpsTestBench
 .text.TestListFiles
                0x20003628      0x198 ./src/TestingDemos/FileSystemTestingDemo.o
                0x20003628                TestListFiles
 .text.TestListAllFiles
                0x200037c0       0xf8 ./src/TestingDemos/FileSystemTestingDemo.o
                0x200037c0                TestListAllFiles
 .text.TestLOGTLM
                0x200038b8      0x110 ./src/TestingDemos/FileSystemTestingDemo.o
                0x200038b8                TestLOGTLM
 .text.TestEPSTLM
                0x200039c8       0xa8 ./src/TestingDemos/FileSystemTestingDemo.o
                0x200039c8                TestEPSTLM
 .text.TestReadTimeRangeTLMRes
                0x20003a70      0x210 ./src/TestingDemos/FileSystemTestingDemo.o
                0x20003a70                TestReadTimeRangeTLMRes
 .text.TestReadTimeRangeTLM
                0x20003c80      0x178 ./src/TestingDemos/FileSystemTestingDemo.o
                0x20003c80                TestReadTimeRangeTLM
 .text.GenerateWODTLM
                0x20003df8       0xd0 ./src/TestingDemos/FileSystemTestingDemo.o
                0x20003df8                GenerateWODTLM
 .text.DeleteOldFiles
                0x20003ec8      0x148 ./src/TestingDemos/FileSystemTestingDemo.o
                0x20003ec8                DeleteOldFiles
 .text.createSingleDayTLM
                0x20004010       0xa4 ./src/TestingDemos/FileSystemTestingDemo.o
                0x20004010                createSingleDayTLM
 .text.copyTLMFile
                0x200040b4      0x2b8 ./src/TestingDemos/FileSystemTestingDemo.o
                0x200040b4                copyTLMFile
 .text.TestWODTLM
                0x2000436c       0xa8 ./src/TestingDemos/FileSystemTestingDemo.o
                0x2000436c                TestWODTLM
 .text.TestDeleteFiels
                0x20004414      0x2b8 ./src/TestingDemos/FileSystemTestingDemo.o
                0x20004414                TestDeleteFiels
 .text.TestReadMultiFiels
                0x200046cc      0x2ac ./src/TestingDemos/FileSystemTestingDemo.o
                0x200046cc                TestReadMultiFiels
 .text.TestTRXVUTLM
                0x20004978      0x11c ./src/TestingDemos/FileSystemTestingDemo.o
                0x20004978                TestTRXVUTLM
 .text.FullSDTest
                0x20004a94      0x130 ./src/TestingDemos/FileSystemTestingDemo.o
                0x20004a94                FullSDTest
 .text.LogErrorRateTest
                0x20004bc4      0x11c ./src/TestingDemos/FileSystemTestingDemo.o
                0x20004bc4                LogErrorRateTest
 .text.deleteMonth
                0x20004ce0       0x78 ./src/TestingDemos/FileSystemTestingDemo.o
                0x20004ce0                deleteMonth
 .text.deleteYear
                0x20004d58       0xb0 ./src/TestingDemos/FileSystemTestingDemo.o
                0x20004d58                deleteYear
 .text.writeFileOnScreen
                0x20004e08      0x120 ./src/TestingDemos/FileSystemTestingDemo.o
                0x20004e08                writeFileOnScreen
 .text.mashoo   0x20004f28       0x7c ./src/TestingDemos/FileSystemTestingDemo.o
                0x20004f28                mashoo
 .text.selectAndExecuteFSTest
                0x20004fa4      0x298 ./src/TestingDemos/FileSystemTestingDemo.o
                0x20004fa4                selectAndExecuteFSTest
 .text.MainFileSystemTestBench
                0x2000523c       0x44 ./src/TestingDemos/FileSystemTestingDemo.o
                0x2000523c                MainFileSystemTestBench
 .text.selectAndExecuteTest
                0x20005280      0x168 ./src/TestingDemos/MainTest.o
                0x20005280                selectAndExecuteTest
 .text.taskTesting
                0x200053e8       0x28 ./src/TestingDemos/MainTest.o
                0x200053e8                taskTesting
 .text.printSDINfo
                0x20005410       0x84 ./src/TestingDemos/MaintenanceTestingDemo.o
                0x20005410                printSDINfo
 .text.changeFirstActivation
                0x20005494       0x84 ./src/TestingDemos/MaintenanceTestingDemo.o
                0x20005494                changeFirstActivation
 .text.selectAndExecuteMaintenanceDemoTest
                0x20005518      0x19c ./src/TestingDemos/MaintenanceTestingDemo.o
                0x20005518                selectAndExecuteMaintenanceDemoTest
 .text.MainMaintenanceTestBench
                0x200056b4       0x40 ./src/TestingDemos/MaintenanceTestingDemo.o
                0x200056b4                MainMaintenanceTestBench
 .text.MainTelemetryTestBench
                0x200056f4       0x1c ./src/TestingDemos/TelemetryTestingDemo.o
                0x200056f4                MainTelemetryTestBench
 .text.TestInitTrxvu
                0x20005710       0x54 ./src/TestingDemos/TrxvuTestingDemo.o
                0x20005710                TestInitTrxvu
 .text.TestInitTrxvuWithDifferentFrameLengths
                0x20005764      0x134 ./src/TestingDemos/TrxvuTestingDemo.o
                0x20005764                TestInitTrxvuWithDifferentFrameLengths
 .text.TestTrxvuLogic
                0x20005898       0xd4 ./src/TestingDemos/TrxvuTestingDemo.o
                0x20005898                TestTrxvuLogic
 .text.TestCheckTransmitionAllowed
                0x2000596c       0xa4 ./src/TestingDemos/TrxvuTestingDemo.o
                0x2000596c                TestCheckTransmitionAllowed
 .text.TestLoopSPL
                0x20005a10       0xc4 ./src/TestingDemos/TrxvuTestingDemo.o
                0x20005a10                TestLoopSPL
 .text.TestSendDumpAbortRequest
                0x20005ad4       0x24 ./src/TestingDemos/TrxvuTestingDemo.o
                0x20005ad4                TestSendDumpAbortRequest
 .text.TestTransmitDummySplPacket
                0x20005af8       0xc0 ./src/TestingDemos/TrxvuTestingDemo.o
                0x20005af8                TestTransmitDummySplPacket
 .text.TestTransmitSplPacket
                0x20005bb8      0x1ec ./src/TestingDemos/TrxvuTestingDemo.o
                0x20005bb8                TestTransmitSplPacket
 .text.TestExitDump
                0x20005da4       0x1c ./src/TestingDemos/TrxvuTestingDemo.o
                0x20005da4                TestExitDump
 .text.TestDumpTelemetry
                0x20005dc0       0x9c ./src/TestingDemos/TrxvuTestingDemo.o
                0x20005dc0                TestDumpTelemetry
 .text.TestRestoreDefaultBeaconParameters
                0x20005e5c       0x1c ./src/TestingDemos/TrxvuTestingDemo.o
                0x20005e5c                TestRestoreDefaultBeaconParameters
 .text.TestChooseDefaultBeaconCycle
                0x20005e78       0xe0 ./src/TestingDemos/TrxvuTestingDemo.o
                0x20005e78                TestChooseDefaultBeaconCycle
 .text.TestBeaconLogic
                0x20005f58       0xdc ./src/TestingDemos/TrxvuTestingDemo.o
                0x20005f58                TestBeaconLogic
 .text.TestMuteTrxvu
                0x20006034       0x9c ./src/TestingDemos/TrxvuTestingDemo.o
                0x20006034                TestMuteTrxvu
 .text.TestUnMuteTrxvu
                0x200060d0       0x30 ./src/TestingDemos/TrxvuTestingDemo.o
                0x200060d0                TestUnMuteTrxvu
 .text.TestGetNumberOfFramesInBuffer
                0x20006100       0x54 ./src/TestingDemos/TrxvuTestingDemo.o
                0x20006100                TestGetNumberOfFramesInBuffer
 .text.TestSetTrxvuBitrate
                0x20006154       0xf0 ./src/TestingDemos/TrxvuTestingDemo.o
                0x20006154                TestSetTrxvuBitrate
 .text.TestGetTrxvuBitrate
                0x20006244       0xb0 ./src/TestingDemos/TrxvuTestingDemo.o
                0x20006244                TestGetTrxvuBitrate
 .text.TestTransmitDataAsSPL_Packet
                0x200062f4      0x114 ./src/TestingDemos/TrxvuTestingDemo.o
                0x200062f4                TestTransmitDataAsSPL_Packet
 .text.selectAndExecuteTrxvuDemoTest
                0x20006408      0x2ac ./src/TestingDemos/TrxvuTestingDemo.o
                0x20006408                selectAndExecuteTrxvuDemoTest
 .text.MainTrxvuTestBench
                0x200066b4       0x44 ./src/TestingDemos/TrxvuTestingDemo.o
                0x200066b4                MainTrxvuTestBench
 .text.GetBatteryVoltage
                0x200066f8       0x38 ./src/SubSystemModules/PowerManagment/EPS.o
                0x200066f8                GetBatteryVoltage
 .text.EPS_Init
                0x20006730       0xb8 ./src/SubSystemModules/PowerManagment/EPS.o
                0x20006730                EPS_Init
 .text.EPS_Conditioning
                0x200067e8      0x1c4 ./src/SubSystemModules/PowerManagment/EPS.o
                0x200067e8                EPS_Conditioning
 .text.UpdateAlpha
                0x200069ac       0xd8 ./src/SubSystemModules/PowerManagment/EPS.o
                0x200069ac                UpdateAlpha
 .text.UpdateThresholdVoltages
                0x20006a84      0x218 ./src/SubSystemModules/PowerManagment/EPS.o
                0x20006a84                UpdateThresholdVoltages
 .text.GetThresholdVoltages
                0x20006c9c       0x80 ./src/SubSystemModules/PowerManagment/EPS.o
                0x20006c9c                GetThresholdVoltages
 .text.GetAlpha
                0x20006d1c       0x7c ./src/SubSystemModules/PowerManagment/EPS.o
                0x20006d1c                GetAlpha
 .text.RestoreDefaultThresholdVoltages
                0x20006d98       0x74 ./src/SubSystemModules/PowerManagment/EPS.o
                0x20006d98                RestoreDefaultThresholdVoltages
 .text.CMDGetHeaterValues
                0x20006e0c       0x24 ./src/SubSystemModules/PowerManagment/EPS.o
                0x20006e0c                CMDGetHeaterValues
 .text.CMDSetHeaterValues
                0x20006e30       0x58 ./src/SubSystemModules/PowerManagment/EPS.o
                0x20006e30                CMDSetHeaterValues
 .text.EnterFullMode
                0x20006e88       0x44 ./src/SubSystemModules/PowerManagment/EPSOperationModes.o
                0x20006e88                EnterFullMode
 .text.EnterCruiseMode
                0x20006ecc       0x44 ./src/SubSystemModules/PowerManagment/EPSOperationModes.o
                0x20006ecc                EnterCruiseMode
 .text.EnterSafeMode
                0x20006f10       0x44 ./src/SubSystemModules/PowerManagment/EPSOperationModes.o
                0x20006f10                EnterSafeMode
 .text.EnterCriticalMode
                0x20006f54       0x44 ./src/SubSystemModules/PowerManagment/EPSOperationModes.o
                0x20006f54                EnterCriticalMode
 .text.GetSystemState
                0x20006f98       0x24 ./src/SubSystemModules/PowerManagment/EPSOperationModes.o
                0x20006f98                GetSystemState
 .text.GetSystemChannelState
                0x20006fbc       0x24 ./src/SubSystemModules/PowerManagment/EPSOperationModes.o
                0x20006fbc                GetSystemChannelState
 .text.EpsGetLowVoltageFlag
                0x20006fe0       0x24 ./src/SubSystemModules/PowerManagment/EPSOperationModes.o
                0x20006fe0                EpsGetLowVoltageFlag
 .text.EpsSetLowVoltageFlag
                0x20007004       0x2c ./src/SubSystemModules/PowerManagment/EPSOperationModes.o
                0x20007004                EpsSetLowVoltageFlag
 .text.CheckExecutionTime
                0x20007030       0x80 ./src/SubSystemModules/Maintenance/Maintenance.o
                0x20007030                CheckExecutionTime
 .text.SaveSatTimeInFRAM
                0x200070b0       0x44 ./src/SubSystemModules/Maintenance/Maintenance.o
                0x200070b0                SaveSatTimeInFRAM
 .text.WakeupFromResetCMD
                0x200070f4      0x120 ./src/SubSystemModules/Maintenance/Maintenance.o
                0x200070f4                WakeupFromResetCMD
 .text.ResetGroundCommWDT
                0x20007214       0x1c ./src/SubSystemModules/Maintenance/Maintenance.o
                0x20007214                ResetGroundCommWDT
 .text.findMinMaxDate
                0x20007230       0xdc ./src/SubSystemModules/Maintenance/Maintenance.o
                0x20007230                findMinMaxDate
 .text.DeleteOldFiels
                0x2000730c       0xf0 ./src/SubSystemModules/Maintenance/Maintenance.o
                0x2000730c                DeleteOldFiels
 .text.HardResetMCU
                0x200073fc       0x24 ./src/SubSystemModules/Maintenance/Maintenance.o
                0x200073fc                HardResetMCU
 .text.InitSavePeriodTimes
                0x20007420       0x78 ./src/SubSystemModules/Housekepping/TelemetryCollector.o
                0x20007420                InitSavePeriodTimes
 .text.CMD_GetTLMPeriodTimes
                0x20007498       0x38 ./src/SubSystemModules/Housekepping/TelemetryCollector.o
                0x20007498                CMD_GetTLMPeriodTimes
 .text.CMD_SetTLMPeriodTimes
                0x200074d0      0x17c ./src/SubSystemModules/Housekepping/TelemetryCollector.o
                0x200074d0                CMD_SetTLMPeriodTimes
 .text.TelemetryCollectorLogic
                0x2000764c      0x208 ./src/SubSystemModules/Housekepping/TelemetryCollector.o
                0x2000764c                TelemetryCollectorLogic
 .text.TelemetrySaveEPS
                0x20007854       0x18 ./src/SubSystemModules/Housekepping/TelemetryCollector.o
                0x20007854                TelemetrySaveEPS
 .text.TelemetrySaveTRXVU
                0x2000786c       0x94 ./src/SubSystemModules/Housekepping/TelemetryCollector.o
                0x2000786c                TelemetrySaveTRXVU
 .text.TelemetrySaveANT
                0x20007900       0xa4 ./src/SubSystemModules/Housekepping/TelemetryCollector.o
                0x20007900                TelemetrySaveANT
 .text.TelemetrySaveSolarPanels
                0x200079a4      0x228 ./src/SubSystemModules/Housekepping/TelemetryCollector.o
                0x200079a4                TelemetrySaveSolarPanels
 .text.TelemetrySaveWOD
                0x20007bcc       0x48 ./src/SubSystemModules/Housekepping/TelemetryCollector.o
                0x20007bcc                TelemetrySaveWOD
 .text.GetCurrentWODTelemetry
                0x20007c14      0x74c ./src/SubSystemModules/Housekepping/TelemetryCollector.o
                0x20007c14                GetCurrentWODTelemetry
 .text.CMD_EPS_ResetWDT
                0x20008360       0x48 ./src/SubSystemModules/Communication/SubsystemCommands/EPS_Commands.o
                0x20008360                CMD_EPS_ResetWDT
 .text.CMD_DeleteTLM
                0x200083a8      0x1d8 ./src/SubSystemModules/Communication/SubsystemCommands/FS_Commands.o
                0x200083a8                CMD_DeleteTLM
 .text.CMD_DeleteAllFiles
                0x20008580       0x38 ./src/SubSystemModules/Communication/SubsystemCommands/FS_Commands.o
                0x20008580                CMD_DeleteAllFiles
 .text.CMD_GetLastFS_Error
                0x200085b8       0x4c ./src/SubSystemModules/Communication/SubsystemCommands/FS_Commands.o
                0x200085b8                CMD_GetLastFS_Error
 .text.CMD_GenericI2C
                0x20008604      0x144 ./src/SubSystemModules/Communication/SubsystemCommands/Maintanence_Commands.o
                0x20008604                CMD_GenericI2C
 .text.CMD_FRAM_ReadAndTransmitt
                0x20008748       0xe8 ./src/SubSystemModules/Communication/SubsystemCommands/Maintanence_Commands.o
                0x20008748                CMD_FRAM_ReadAndTransmitt
 .text.CMD_FRAM_WriteAndTransmitt
                0x20008830      0x11c ./src/SubSystemModules/Communication/SubsystemCommands/Maintanence_Commands.o
                0x20008830                CMD_FRAM_WriteAndTransmitt
 .text.CMD_FRAM_ReStart
                0x2000894c       0x4c ./src/SubSystemModules/Communication/SubsystemCommands/Maintanence_Commands.o
                0x2000894c                CMD_FRAM_ReStart
 .text.CMD_UpdateSatTime
                0x20008998       0xa4 ./src/SubSystemModules/Communication/SubsystemCommands/Maintanence_Commands.o
                0x20008998                CMD_UpdateSatTime
 .text.CMD_GetSatUptime
                0x20008a3c       0x48 ./src/SubSystemModules/Communication/SubsystemCommands/Maintanence_Commands.o
                0x20008a3c                CMD_GetSatUptime
 .text.CMD_ResetComponent
                0x20008a84      0x290 ./src/SubSystemModules/Communication/SubsystemCommands/Maintanence_Commands.o
                0x20008a84                CMD_ResetComponent
 .text.DumpTask
                0x20008d14      0x310 ./src/SubSystemModules/Communication/SubsystemCommands/TRXVU_Commands.o
                0x20008d14                DumpTask
 .text.CMD_AntennaDeploy
                0x20009024       0xec ./src/SubSystemModules/Communication/SubsystemCommands/TRXVU_Commands.o
                0x20009024                CMD_AntennaDeploy
 .text.CMD_StartDump
                0x20009110      0x224 ./src/SubSystemModules/Communication/SubsystemCommands/TRXVU_Commands.o
                0x20009110                CMD_StartDump
 .text.CMD_SendDumpAbortRequest
                0x20009334       0x38 ./src/SubSystemModules/Communication/SubsystemCommands/TRXVU_Commands.o
                0x20009334                CMD_SendDumpAbortRequest
 .text.CMD_ForceDumpAbort
                0x2000936c       0x3c ./src/SubSystemModules/Communication/SubsystemCommands/TRXVU_Commands.o
                0x2000936c                CMD_ForceDumpAbort
 .text.CMD_SetTransponder
                0x200093a8      0x148 ./src/SubSystemModules/Communication/SubsystemCommands/TRXVU_Commands.o
                0x200093a8                CMD_SetTransponder
 .text.CMD_SetRSSITransponder
                0x200094f0       0x90 ./src/SubSystemModules/Communication/SubsystemCommands/TRXVU_Commands.o
                0x200094f0                CMD_SetRSSITransponder
 .text.CMD_MuteTRXVU
                0x20009580       0xc4 ./src/SubSystemModules/Communication/SubsystemCommands/TRXVU_Commands.o
                0x20009580                CMD_MuteTRXVU
 .text.CMD_SetIdleState
                0x20009644       0x94 ./src/SubSystemModules/Communication/SubsystemCommands/TRXVU_Commands.o
                0x20009644                CMD_SetIdleState
 .text.CMD_UnMuteTRXVU
                0x200096d8       0x38 ./src/SubSystemModules/Communication/SubsystemCommands/TRXVU_Commands.o
                0x200096d8                CMD_UnMuteTRXVU
 .text.CMD_GetBaudRate
                0x20009710       0x68 ./src/SubSystemModules/Communication/SubsystemCommands/TRXVU_Commands.o
                0x20009710                CMD_GetBaudRate
 .text.CMD_TrasmitBeacon
                0x20009778       0x48 ./src/SubSystemModules/Communication/SubsystemCommands/TRXVU_Commands.o
                0x20009778                CMD_TrasmitBeacon
 .text.CMD_GetBeaconInterval
                0x200097c0       0x6c ./src/SubSystemModules/Communication/SubsystemCommands/TRXVU_Commands.o
                0x200097c0                CMD_GetBeaconInterval
 .text.CMD_SetBaudRate
                0x2000982c       0x60 ./src/SubSystemModules/Communication/SubsystemCommands/TRXVU_Commands.o
                0x2000982c                CMD_SetBaudRate
 .text.CMD_GetTxUptime
                0x2000988c       0x64 ./src/SubSystemModules/Communication/SubsystemCommands/TRXVU_Commands.o
                0x2000988c                CMD_GetTxUptime
 .text.CMD_GetRxUptime
                0x200098f0       0x64 ./src/SubSystemModules/Communication/SubsystemCommands/TRXVU_Commands.o
                0x200098f0                CMD_GetRxUptime
 .text.CMD_GetNumOfOnlineCommands
                0x20009954       0x64 ./src/SubSystemModules/Communication/SubsystemCommands/TRXVU_Commands.o
                0x20009954                CMD_GetNumOfOnlineCommands
 .text.CMD_AntSetArmStatus
                0x200099b8       0xa0 ./src/SubSystemModules/Communication/SubsystemCommands/TRXVU_Commands.o
                0x200099b8                CMD_AntSetArmStatus
 .text.CMD_AntGetArmStatus
                0x20009a58       0x70 ./src/SubSystemModules/Communication/SubsystemCommands/TRXVU_Commands.o
                0x20009a58                CMD_AntGetArmStatus
 .text.CMD_AntGetUptime
                0x20009ac8       0x78 ./src/SubSystemModules/Communication/SubsystemCommands/TRXVU_Commands.o
                0x20009ac8                CMD_AntGetUptime
 .text.CMD_StopReDeployment
                0x20009b40       0xac ./src/SubSystemModules/Communication/SubsystemCommands/TRXVU_Commands.o
                0x20009b40                CMD_StopReDeployment
 .text.CMD_AntCancelDeployment
                0x20009bec       0x68 ./src/SubSystemModules/Communication/SubsystemCommands/TRXVU_Commands.o
                0x20009bec                CMD_AntCancelDeployment
 .text.SendAckPacket
                0x20009c54       0xe4 ./src/SubSystemModules/Communication/AckHandler.o
                0x20009c54                SendAckPacket
 .text.trxvu_command_router
                0x20009d38      0x548 ./src/SubSystemModules/Communication/CommandDictionary.o
                0x20009d38                trxvu_command_router
 .text.eps_command_router
                0x2000a280       0xdc ./src/SubSystemModules/Communication/CommandDictionary.o
                0x2000a280                eps_command_router
 .text.telemetry_command_router
                0x2000a35c      0x1f4 ./src/SubSystemModules/Communication/CommandDictionary.o
                0x2000a35c                telemetry_command_router
 .text.managment_command_router
                0x2000a550      0x12c ./src/SubSystemModules/Communication/CommandDictionary.o
                0x2000a550                managment_command_router
 .text.filesystem_command_router
                0x2000a67c       0x24 ./src/SubSystemModules/Communication/CommandDictionary.o
                0x2000a67c                filesystem_command_router
 .text.ParseDataToCommand
                0x2000a6a0      0x1ac ./src/SubSystemModules/Communication/SatCommandHandler.o
                0x2000a6a0                ParseDataToCommand
 .text.AssembleCommand
                0x2000a84c      0x148 ./src/SubSystemModules/Communication/SatCommandHandler.o
                0x2000a84c                AssembleCommand
 .text.GetDelayedCommand
                0x2000a994       0x24 ./src/SubSystemModules/Communication/SatCommandHandler.o
                0x2000a994                GetDelayedCommand
 .text.AddDelayedCommand
                0x2000a9b8       0x24 ./src/SubSystemModules/Communication/SatCommandHandler.o
                0x2000a9b8                AddDelayedCommand
 .text.GetDelayedCommandBufferCount
                0x2000a9dc       0x50 ./src/SubSystemModules/Communication/SatCommandHandler.o
                0x2000a9dc                GetDelayedCommandBufferCount
 .text.GetDelayedCommandByIndex
                0x2000aa2c       0x28 ./src/SubSystemModules/Communication/SatCommandHandler.o
                0x2000aa2c                GetDelayedCommandByIndex
 .text.DeleteDelayedCommandByIndex
                0x2000aa54       0x24 ./src/SubSystemModules/Communication/SatCommandHandler.o
                0x2000aa54                DeleteDelayedCommandByIndex
 .text.DeleteDelayedBuffer
                0x2000aa78       0x1c ./src/SubSystemModules/Communication/SatCommandHandler.o
                0x2000aa78                DeleteDelayedBuffer
 .text.ActUponCommand
                0x2000aa94      0x108 ./src/SubSystemModules/Communication/SatCommandHandler.o
                0x2000aa94                ActUponCommand
 .text.setMuteEndTime
                0x2000ab9c       0x40 ./src/SubSystemModules/Communication/TRXVU.o
                0x2000ab9c                setMuteEndTime
 .text.getMuteEndTime
                0x2000abdc       0x44 ./src/SubSystemModules/Communication/TRXVU.o
                0x2000abdc                getMuteEndTime
 .text.setTransponderEndTime
                0x2000ac20       0x40 ./src/SubSystemModules/Communication/TRXVU.o
                0x2000ac20                setTransponderEndTime
 .text.getTransponderEndTime
                0x2000ac60       0x44 ./src/SubSystemModules/Communication/TRXVU.o
                0x2000ac60                getTransponderEndTime
 .text.setTransponderRSSIinFRAM
                0x2000aca4       0x44 ./src/SubSystemModules/Communication/TRXVU.o
                0x2000aca4                setTransponderRSSIinFRAM
 .text.getTransponderRSSIFromFRAM
                0x2000ace8       0x4c ./src/SubSystemModules/Communication/TRXVU.o
                0x2000ace8                getTransponderRSSIFromFRAM
 .text.InitTxModule
                0x2000ad34       0x68 ./src/SubSystemModules/Communication/TRXVU.o
                0x2000ad34                InitTxModule
 .text.CMD_SetBeaconInterval
                0x2000ad9c       0xdc ./src/SubSystemModules/Communication/TRXVU.o
                0x2000ad9c                CMD_SetBeaconInterval
 .text.InitBeaconParams
                0x2000ae78       0x3c ./src/SubSystemModules/Communication/TRXVU.o
                0x2000ae78                InitBeaconParams
 .text.InitSemaphores
                0x2000aeb4       0x98 ./src/SubSystemModules/Communication/TRXVU.o
                0x2000aeb4                InitSemaphores
 .text.InitTrxvu
                0x2000af4c       0xec ./src/SubSystemModules/Communication/TRXVU.o
                0x2000af4c                InitTrxvu
 .text.checkIdleFinish
                0x2000b038       0x68 ./src/SubSystemModules/Communication/TRXVU.o
                0x2000b038                checkIdleFinish
 .text.checkTransponderFinish
                0x2000b0a0       0x98 ./src/SubSystemModules/Communication/TRXVU.o
                0x2000b0a0                checkTransponderFinish
 .text.checkTransponderStart
                0x2000b138       0x50 ./src/SubSystemModules/Communication/TRXVU.o
                0x2000b138                checkTransponderStart
 .text.turnOnTransponder
                0x2000b188       0xa0 ./src/SubSystemModules/Communication/TRXVU.o
                0x2000b188                turnOnTransponder
 .text.SetRSSITransponder
                0x2000b228       0x80 ./src/SubSystemModules/Communication/TRXVU.o
                0x2000b228                SetRSSITransponder
 .text.TRX_Logic
                0x2000b2a8       0xd4 ./src/SubSystemModules/Communication/TRXVU.o
                0x2000b2a8                TRX_Logic
 .text.GetNumberOfFramesInBuffer
                0x2000b37c       0x5c ./src/SubSystemModules/Communication/TRXVU.o
                0x2000b37c                GetNumberOfFramesInBuffer
 .text.GetOnlineCommand
                0x2000b3d8      0x17c ./src/SubSystemModules/Communication/TRXVU.o
                0x2000b3d8                GetOnlineCommand
 .text.CheckTransmitionAllowed
                0x2000b554       0xc0 ./src/SubSystemModules/Communication/TRXVU.o
                0x2000b554                CheckTransmitionAllowed
 .text.FinishDump
                0x2000b614       0xf0 ./src/SubSystemModules/Communication/TRXVU.o
                0x2000b614                FinishDump
 .text.AbortDump
                0x2000b704       0x34 ./src/SubSystemModules/Communication/TRXVU.o
                0x2000b704                AbortDump
 .text.SendDumpAbortRequest
                0x2000b738       0x6c ./src/SubSystemModules/Communication/TRXVU.o
                0x2000b738                SendDumpAbortRequest
 .text.CheckDumpAbort
                0x2000b7a4       0x6c ./src/SubSystemModules/Communication/TRXVU.o
                0x2000b7a4                CheckDumpAbort
 .text.BeaconLogic
                0x2000b810      0x1b8 ./src/SubSystemModules/Communication/TRXVU.o
                0x2000b810                BeaconLogic
 .text.SetIdleState
                0x2000b9c8      0x144 ./src/SubSystemModules/Communication/TRXVU.o
                0x2000b9c8                SetIdleState
 .text.muteTRXVU
                0x2000bb0c       0x74 ./src/SubSystemModules/Communication/TRXVU.o
                0x2000bb0c                muteTRXVU
 .text.UnMuteTRXVU
                0x2000bb80       0x14 ./src/SubSystemModules/Communication/TRXVU.o
                0x2000bb80                UnMuteTRXVU
 .text.TransmitDataAsSPL_Packet
                0x2000bb94      0x114 ./src/SubSystemModules/Communication/TRXVU.o
                0x2000bb94                TransmitDataAsSPL_Packet
 .text.TransmitSplPacket
                0x2000bca8      0x1cc ./src/SubSystemModules/Communication/TRXVU.o
                0x2000bca8                TransmitSplPacket
 .text.isFirstActivation
                0x2000be74       0x38 ./src/InitSystem.o
                0x2000be74                isFirstActivation
 .text.WriteDefaultValuesToFRAM
                0x2000beac      0x1e8 ./src/InitSystem.o
                0x2000beac                WriteDefaultValuesToFRAM
 .text.StartFRAM
                0x2000c094       0x2c ./src/InitSystem.o
                0x2000c094                StartFRAM
 .text.StartI2C
                0x2000c0c0       0x38 ./src/InitSystem.o
                0x2000c0c0                StartI2C
 .text.StartSPI
                0x2000c0f8       0x34 ./src/InitSystem.o
                0x2000c0f8                StartSPI
 .text.StartTIME
                0x2000c12c       0xbc ./src/InitSystem.o
                0x2000c12c                StartTIME
 .text.DeploySystem
                0x2000c1e8      0x1a4 ./src/InitSystem.o
                0x2000c1e8                DeploySystem
 .text.InitSubsystems
                0x2000c38c       0x60 ./src/InitSystem.o
                0x2000c38c                InitSubsystems
 .text.CMD_getInfoImage
                0x2000c3ec      0x158 ./src/TLM_management.o
                0x2000c3ec                CMD_getInfoImage
 .text.CMD_getDataImage
                0x2000c544      0x218 ./src/TLM_management.o
                0x2000c544                CMD_getDataImage
 .text.delete_allTMFilesFromSD
                0x2000c75c       0x8c ./src/TLM_management.o
                0x2000c75c                delete_allTMFilesFromSD
 .text.deleteTLMFiles
                0x2000c7e8       0x94 ./src/TLM_management.o
                0x2000c7e8                deleteTLMFiles
 .text.deleteTLMFile
                0x2000c87c       0xcc ./src/TLM_management.o
                0x2000c87c                deleteTLMFile
 .text.deleteTLMbyMonth
                0x2000c948       0xac ./src/TLM_management.o
                0x2000c948                deleteTLMbyMonth
 .text.deleteDirectory
                0x2000c9f4      0x158 ./src/TLM_management.o
                0x2000c9f4                deleteDirectory
 .text.InitializeFS
                0x2000cb4c      0x100 ./src/TLM_management.o
                0x2000cb4c                InitializeFS
 .text.calculateFileName
                0x2000cc4c      0x130 ./src/TLM_management.o
                0x2000cc4c                calculateFileName
 .text.getTlmTypeInfo
                0x2000cd7c      0x230 ./src/TLM_management.o
                0x2000cd7c                getTlmTypeInfo
 .text.write2File
                0x2000cfac      0x1dc ./src/TLM_management.o
                0x2000cfac                write2File
 .text.printTLM
                0x2000d188      0x490 ./src/TLM_management.o
                0x2000d188                printTLM
 .text.readTLMFile
                0x2000d618      0x328 ./src/TLM_management.o
                0x2000d618                readTLMFile
 .text.readTLMFiles
                0x2000d940       0xdc ./src/TLM_management.o
                0x2000d940                readTLMFiles
 .text.readTLMFileTimeRange
                0x2000da1c      0x2f0 ./src/TLM_management.o
                0x2000da1c                readTLMFileTimeRange
 .text.DeInitializeFS
                0x2000dd0c       0x38 ./src/TLM_management.o
                0x2000dd0c                DeInitializeFS
 .text.main     0x2000dd44       0x98 ./src/main.o
                0x2000dd44                main
 .text.timeU2time
                0x2000dddc       0xbc ./src/utils.o
                0x2000dddc                timeU2time
 .text.logError
                0x2000de98      0x134 ./src/utils.o
                0x2000de98                logError
 .text.clearPDCtransfers
                0x2000dfcc       0xe8 C:/ISIS/workspace/ycube/GlobusSatProject/..//hal/hal/lib\libHALD.a(SPI.o)
 .text.SPI_start
                0x2000e0b4      0x4b0 C:/ISIS/workspace/ycube/GlobusSatProject/..//hal/hal/lib\libHALD.a(SPI.o)
                0x2000e0b4                SPI_start
 .text.SPI_stop
                0x2000e564      0x244 C:/ISIS/workspace/ycube/GlobusSatProject/..//hal/hal/lib\libHALD.a(SPI.o)
                0x2000e564                SPI_stop
 .text.SPI_queueTransfer
                0x2000e7a8      0x1cc C:/ISIS/workspace/ycube/GlobusSatProject/..//hal/hal/lib\libHALD.a(SPI.o)
                0x2000e7a8                SPI_queueTransfer
 .text.SPI_internalCallback
                0x2000e974       0x64 C:/ISIS/workspace/ycube/GlobusSatProject/..//hal/hal/lib\libHALD.a(SPI.o)
 .text.SPI_writeRead
                0x2000e9d8      0x1c0 C:/ISIS/workspace/ycube/GlobusSatProject/..//hal/hal/lib\libHALD.a(SPI.o)
                0x2000e9d8                SPI_writeRead
 .text.waitForTransfer
                0x2000eb98       0x78 C:/ISIS/workspace/ycube/GlobusSatProject/..//hal/hal/lib\libHALD.a(SPI.o)
 .text.SPI_getDriverState
                0x2000ec10       0x58 C:/ISIS/workspace/ycube/GlobusSatProject/..//hal/hal/lib\libHALD.a(SPI.o)
                0x2000ec10                SPI_getDriverState
 .text.validateTransferParameters
                0x2000ec68      0x10c C:/ISIS/workspace/ycube/GlobusSatProject/..//hal/hal/lib\libHALD.a(I2C.o)
 .text.I2C_queueTransfer
                0x2000ed74       0xfc C:/ISIS/workspace/ycube/GlobusSatProject/..//hal/hal/lib\libHALD.a(I2C.o)
                0x2000ed74                I2C_queueTransfer
 .text.I2C_internalCallback
                0x2000ee70       0x64 C:/ISIS/workspace/ycube/GlobusSatProject/..//hal/hal/lib\libHALD.a(I2C.o)
 .text.I2C_doBlockingTransfer
                0x2000eed4      0x180 C:/ISIS/workspace/ycube/GlobusSatProject/..//hal/hal/lib\libHALD.a(I2C.o)
 .text.I2C_write
                0x2000f054      0x110 C:/ISIS/workspace/ycube/GlobusSatProject/..//hal/hal/lib\libHALD.a(I2C.o)
                0x2000f054                I2C_write
 .text.I2C_read
                0x2000f164      0x110 C:/ISIS/workspace/ycube/GlobusSatProject/..//hal/hal/lib\libHALD.a(I2C.o)
                0x2000f164                I2C_read
 .text.I2C_writeRead
                0x2000f274      0x17c C:/ISIS/workspace/ycube/GlobusSatProject/..//hal/hal/lib\libHALD.a(I2C.o)
                0x2000f274                I2C_writeRead
 .text.I2C_start
                0x2000f3f0      0x2e8 C:/ISIS/workspace/ycube/GlobusSatProject/..//hal/hal/lib\libHALD.a(I2C.o)
                0x2000f3f0                I2C_start
 .text.I2C_stop
                0x2000f6d8      0x184 C:/ISIS/workspace/ycube/GlobusSatProject/..//hal/hal/lib\libHALD.a(I2C.o)
                0x2000f6d8                I2C_stop
 .text.I2C_setTransferTimeout
                0x2000f85c       0x48 C:/ISIS/workspace/ycube/GlobusSatProject/..//hal/hal/lib\libHALD.a(I2C.o)
                0x2000f85c                I2C_setTransferTimeout
 .text.ADC_ConvertRaw10bitToMillivolt
                0x2000f8a4       0x50 C:/ISIS/workspace/ycube/GlobusSatProject/..//hal/hal/lib\libHALD.a(ADC.o)
                0x2000f8a4                ADC_ConvertRaw10bitToMillivolt
 .text.ADC_SingleShot
                0x2000f8f4      0x230 C:/ISIS/workspace/ycube/GlobusSatProject/..//hal/hal/lib\libHALD.a(ADC.o)
                0x2000f8f4                ADC_SingleShot
 .text.FRAM_start
                0x2000fb24      0x120 C:/ISIS/workspace/ycube/GlobusSatProject/..//hal/hal/lib\libHALD.a(FRAM.o)
                0x2000fb24                FRAM_start
 .text.FRAM_stop
                0x2000fc44       0x6c C:/ISIS/workspace/ycube/GlobusSatProject/..//hal/hal/lib\libHALD.a(FRAM.o)
                0x2000fc44                FRAM_stop
 .text.FRAM_dummyCallback
                0x2000fcb0       0x24 C:/ISIS/workspace/ycube/GlobusSatProject/..//hal/hal/lib\libHALD.a(FRAM.o)
                0x2000fcb0                FRAM_dummyCallback
 .text.FRAM_unlockingCallback
                0x2000fcd4       0x64 C:/ISIS/workspace/ycube/GlobusSatProject/..//hal/hal/lib\libHALD.a(FRAM.o)
                0x2000fcd4                FRAM_unlockingCallback
 .text.doBlockingTransfer
                0x2000fd38       0x78 C:/ISIS/workspace/ycube/GlobusSatProject/..//hal/hal/lib\libHALD.a(FRAM.o)
 .text.FRAM_writePacket
                0x2000fdb0      0x134 C:/ISIS/workspace/ycube/GlobusSatProject/..//hal/hal/lib\libHALD.a(FRAM.o)
 .text.FRAM_write
                0x2000fee4      0x1e0 C:/ISIS/workspace/ycube/GlobusSatProject/..//hal/hal/lib\libHALD.a(FRAM.o)
                0x2000fee4                FRAM_write
 .text.FRAM_readPacket
                0x200100c4       0xf0 C:/ISIS/workspace/ycube/GlobusSatProject/..//hal/hal/lib\libHALD.a(FRAM.o)
 .text.FRAM_read
                0x200101b4      0x1ec C:/ISIS/workspace/ycube/GlobusSatProject/..//hal/hal/lib\libHALD.a(FRAM.o)
                0x200101b4                FRAM_read
 .text.Time_start
                0x200103a0      0x170 C:/ISIS/workspace/ycube/GlobusSatProject/..//hal/hal/lib\libHALD.a(Time.o)
                0x200103a0                Time_start
 .text.taskTimeSync
                0x20010510       0x64 C:/ISIS/workspace/ycube/GlobusSatProject/..//hal/hal/lib\libHALD.a(Time.o)
 .text.Time_convertEpochToTime
                0x20010574      0x100 C:/ISIS/workspace/ycube/GlobusSatProject/..//hal/hal/lib\libHALD.a(Time.o)
                0x20010574                Time_convertEpochToTime
 .text.Time_calculateSecondsOfYear
                0x20010674       0xd8 C:/ISIS/workspace/ycube/GlobusSatProject/..//hal/hal/lib\libHALD.a(Time.o)
 .text.Time_set
                0x2001074c       0xd8 C:/ISIS/workspace/ycube/GlobusSatProject/..//hal/hal/lib\libHALD.a(Time.o)
                0x2001074c                Time_set
 .text.Time_isLeapYear
                0x20010824       0x98 C:/ISIS/workspace/ycube/GlobusSatProject/..//hal/hal/lib\libHALD.a(Time.o)
                0x20010824                Time_isLeapYear
 .text.Time_get
                0x200108bc      0x478 C:/ISIS/workspace/ycube/GlobusSatProject/..//hal/hal/lib\libHALD.a(Time.o)
                0x200108bc                Time_get
 .text.Time_getUnixEpoch
                0x20010d34      0x108 C:/ISIS/workspace/ycube/GlobusSatProject/..//hal/hal/lib\libHALD.a(Time.o)
                0x20010d34                Time_getUnixEpoch
 .text.Time_secondsOfYearToTime
                0x20010e3c      0x33c C:/ISIS/workspace/ycube/GlobusSatProject/..//hal/hal/lib\libHALD.a(Time.o)
 .text.Time_setUnixEpoch
                0x20011178       0x54 C:/ISIS/workspace/ycube/GlobusSatProject/..//hal/hal/lib\libHALD.a(Time.o)
                0x20011178                Time_setUnixEpoch
 .text.Time_getUptimeSeconds
                0x200111cc       0x28 C:/ISIS/workspace/ycube/GlobusSatProject/..//hal/hal/lib\libHALD.a(Time.o)
                0x200111cc                Time_getUptimeSeconds
 .text.Time_sync
                0x200111f4      0x1a8 C:/ISIS/workspace/ycube/GlobusSatProject/..//hal/hal/lib\libHALD.a(Time.o)
                0x200111f4                Time_sync
 .text.Time_syncIfNeeded
                0x2001139c       0xac C:/ISIS/workspace/ycube/GlobusSatProject/..//hal/hal/lib\libHALD.a(Time.o)
                0x2001139c                Time_syncIfNeeded
 .text.WDT_start
                0x20011448       0x48 C:/ISIS/workspace/ycube/GlobusSatProject/..//hal/hal/lib\libHALD.a(WatchDogTimerNoOS.o)
                0x20011448                WDT_start
 .text.RTT_start
                0x20011490       0x24 C:/ISIS/workspace/ycube/GlobusSatProject/..//hal/hal/lib\libHALD.a(RTT.o)
                0x20011490                RTT_start
 .text.RTT_GetTime
                0x200114b4       0x24 C:/ISIS/workspace/ycube/GlobusSatProject/..//hal/hal/lib\libHALD.a(RTT.o)
                0x200114b4                RTT_GetTime
 .text.RTC_start
                0x200114d8       0x3c C:/ISIS/workspace/ycube/GlobusSatProject/..//hal/hal/lib\libHALD.a(RTC.o)
                0x200114d8                RTC_start
 .text.RTC_setTime
                0x20011514      0x2a4 C:/ISIS/workspace/ycube/GlobusSatProject/..//hal/hal/lib\libHALD.a(RTC.o)
                0x20011514                RTC_setTime
 .text.RTC_getTime
                0x200117b8      0x230 C:/ISIS/workspace/ycube/GlobusSatProject/..//hal/hal/lib\libHALD.a(RTC.o)
                0x200117b8                RTC_getTime
 .text.RTC_checkTimeValid
                0x200119e8       0xd8 C:/ISIS/workspace/ycube/GlobusSatProject/..//hal/hal/lib\libHALD.a(RTC.o)
                0x200119e8                RTC_checkTimeValid
 .text.WDT_startWatchdogKickTask
                0x20011ac0       0xb4 C:/ISIS/workspace/ycube/GlobusSatProject/..//hal/hal/lib\libHALD.a(WatchDogTimerOS.o)
                0x20011ac0                WDT_startWatchdogKickTask
 .text.WDT_forceKickEveryNms
                0x20011b74       0x50 C:/ISIS/workspace/ycube/GlobusSatProject/..//hal/hal/lib\libHALD.a(WatchDogTimerOS.o)
                0x20011b74                WDT_forceKickEveryNms
 .text.f_puts   0x20011bc4       0x80 C:/ISIS/workspace/ycube/GlobusSatProject/..//hal/hal/lib\libHALD.a(fprintf.o)
                0x20011bc4                f_puts
 .text.UTIL_DbguGetInteger
                0x20011c44      0x168 C:/ISIS/workspace/ycube/GlobusSatProject/..//hal/hal/lib\libHALD.a(util.o)
                0x20011c44                UTIL_DbguGetInteger
 .text.UTIL_DbguGetIntegerMinMax
                0x20011dac       0xa4 C:/ISIS/workspace/ycube/GlobusSatProject/..//hal/hal/lib\libHALD.a(util.o)
                0x20011dac                UTIL_DbguGetIntegerMinMax
 .text.LED_glow
                0x20011e50       0x58 C:/ISIS/workspace/ycube/GlobusSatProject/..//hal/hal/lib\libHALD.a(LED.o)
                0x20011e50                LED_glow
 .text.LED_dark
                0x20011ea8       0x58 C:/ISIS/workspace/ycube/GlobusSatProject/..//hal/hal/lib\libHALD.a(LED.o)
                0x20011ea8                LED_dark
 .text.LED_toggle
                0x20011f00       0x50 C:/ISIS/workspace/ycube/GlobusSatProject/..//hal/hal/lib\libHALD.a(LED.o)
                0x20011f00                LED_toggle
 .text.fm_initvolume
                0x20011f50       0x70 C:/ISIS/workspace/ycube/GlobusSatProject/..//hal/hcc/lib\libHCCD.a(fat_m.o)
                0x20011f50                fm_initvolume
 .text.fm_delvolume
                0x20011fc0       0x60 C:/ISIS/workspace/ycube/GlobusSatProject/..//hal/hcc/lib\libHCCD.a(fat_m.o)
                0x20011fc0                fm_delvolume
 .text.fm_getdrive
                0x20012020       0x70 C:/ISIS/workspace/ycube/GlobusSatProject/..//hal/hcc/lib\libHCCD.a(fat_m.o)
                0x20012020                fm_getdrive
 .text.fm_getfreespace
                0x20012090       0x68 C:/ISIS/workspace/ycube/GlobusSatProject/..//hal/hcc/lib\libHCCD.a(fat_m.o)
                0x20012090                fm_getfreespace
 .text.fm_mkdir
                0x200120f8       0x60 C:/ISIS/workspace/ycube/GlobusSatProject/..//hal/hcc/lib\libHCCD.a(fat_m.o)
                0x200120f8                fm_mkdir
 .text.fm_rmdir
                0x20012158       0x60 C:/ISIS/workspace/ycube/GlobusSatProject/..//hal/hcc/lib\libHCCD.a(fat_m.o)
                0x20012158                fm_rmdir
 .text.fm_findfirst
                0x200121b8       0x68 C:/ISIS/workspace/ycube/GlobusSatProject/..//hal/hcc/lib\libHCCD.a(fat_m.o)
                0x200121b8                fm_findfirst
 .text.fm_findnext
                0x20012220       0x60 C:/ISIS/workspace/ycube/GlobusSatProject/..//hal/hcc/lib\libHCCD.a(fat_m.o)
                0x20012220                fm_findnext
 .text.fm_close
                0x20012280       0x60 C:/ISIS/workspace/ycube/GlobusSatProject/..//hal/hcc/lib\libHCCD.a(fat_m.o)
                0x20012280                fm_close
 .text.fm_flush
                0x200122e0       0x60 C:/ISIS/workspace/ycube/GlobusSatProject/..//hal/hcc/lib\libHCCD.a(fat_m.o)
                0x200122e0                fm_flush
 .text.fm_open  0x20012340       0x68 C:/ISIS/workspace/ycube/GlobusSatProject/..//hal/hcc/lib\libHCCD.a(fat_m.o)
                0x20012340                fm_open
 .text.fm_read  0x200123a8       0x7c C:/ISIS/workspace/ycube/GlobusSatProject/..//hal/hcc/lib\libHCCD.a(fat_m.o)
                0x200123a8                fm_read
 .text.fm_write
                0x20012424       0x7c C:/ISIS/workspace/ycube/GlobusSatProject/..//hal/hcc/lib\libHCCD.a(fat_m.o)
                0x20012424                fm_write
 .text.fm_seek  0x200124a0       0x70 C:/ISIS/workspace/ycube/GlobusSatProject/..//hal/hcc/lib\libHCCD.a(fat_m.o)
                0x200124a0                fm_seek
 .text.fm_tell  0x20012510       0x60 C:/ISIS/workspace/ycube/GlobusSatProject/..//hal/hcc/lib\libHCCD.a(fat_m.o)
                0x20012510                fm_tell
 .text.fm_putc  0x20012570       0x68 C:/ISIS/workspace/ycube/GlobusSatProject/..//hal/hcc/lib\libHCCD.a(fat_m.o)
                0x20012570                fm_putc
 .text.fm_rewind
                0x200125d8       0x60 C:/ISIS/workspace/ycube/GlobusSatProject/..//hal/hcc/lib\libHCCD.a(fat_m.o)
                0x200125d8                fm_rewind
 .text.fm_delete
                0x20012638       0x64 C:/ISIS/workspace/ycube/GlobusSatProject/..//hal/hcc/lib\libHCCD.a(fat_m.o)
                0x20012638                fm_delete
 .text.fm_getlasterror
                0x2001269c       0x40 C:/ISIS/workspace/ycube/GlobusSatProject/..//hal/hcc/lib\libHCCD.a(fat_m.o)
                0x2001269c                fm_getlasterror
 .text._f_invalidatedir
                0x200126dc       0x28 C:/ISIS/workspace/ycube/GlobusSatProject/..//hal/hcc/lib\libHCCD.a(fat.o)
                0x200126dc                _f_invalidatedir
 .text._f_getdirsector
                0x20012704       0x88 C:/ISIS/workspace/ycube/GlobusSatProject/..//hal/hcc/lib\libHCCD.a(fat.o)
                0x20012704                _f_getdirsector
 .text._f_writedirsector
                0x2001278c       0x74 C:/ISIS/workspace/ycube/GlobusSatProject/..//hal/hcc/lib\libHCCD.a(fat.o)
                0x2001278c                _f_writedirsector
 .text._f_checknameinv
                0x20012800      0x180 C:/ISIS/workspace/ycube/GlobusSatProject/..//hal/hcc/lib\libHCCD.a(fat.o)
 .text._f_checkname
                0x20012980       0x7c C:/ISIS/workspace/ycube/GlobusSatProject/..//hal/hcc/lib\libHCCD.a(fat.o)
 .text._f_checknamewc
                0x200129fc       0xf8 C:/ISIS/workspace/ycube/GlobusSatProject/..//hal/hcc/lib\libHCCD.a(fat.o)
 .text._f_setnameext
                0x20012af4      0x300 C:/ISIS/workspace/ycube/GlobusSatProject/..//hal/hcc/lib\libHCCD.a(fat.o)
 .text._f_setfsname
                0x20012df4      0x584 C:/ISIS/workspace/ycube/GlobusSatProject/..//hal/hcc/lib\libHCCD.a(fat.o)
 .text._f_findfile
                0x20013378      0x30c C:/ISIS/workspace/ycube/GlobusSatProject/..//hal/hcc/lib\libHCCD.a(fat.o)
 .text._f_cmp_wname
                0x20013684      0x274 C:/ISIS/workspace/ycube/GlobusSatProject/..//hal/hcc/lib\libHCCD.a(fat.o)
 .text._f_to_string
                0x200138f8      0x130 C:/ISIS/workspace/ycube/GlobusSatProject/..//hal/hcc/lib\libHCCD.a(fat.o)
 .text._f_findfilewc
                0x20013a28      0x278 C:/ISIS/workspace/ycube/GlobusSatProject/..//hal/hcc/lib\libHCCD.a(fat.o)
 .text._f_getfilename
                0x20013ca0      0x20c C:/ISIS/workspace/ycube/GlobusSatProject/..//hal/hcc/lib\libHCCD.a(fat.o)
 .text._f_findpath
                0x20013eac      0x35c C:/ISIS/workspace/ycube/GlobusSatProject/..//hal/hcc/lib\libHCCD.a(fat.o)
 .text.fn_getdcwd
                0x20014208      0x1e0 C:/ISIS/workspace/ycube/GlobusSatProject/..//hal/hcc/lib\libHCCD.a(fat.o)
                0x20014208                fn_getdcwd
 .text.fn_findfirst
                0x200143e8      0x13c C:/ISIS/workspace/ycube/GlobusSatProject/..//hal/hcc/lib\libHCCD.a(fat.o)
                0x200143e8                fn_findfirst
 .text.fn_findnext
                0x20014524      0x360 C:/ISIS/workspace/ycube/GlobusSatProject/..//hal/hcc/lib\libHCCD.a(fat.o)
                0x20014524                fn_findnext
 .text._f_lock_resfile
                0x20014884       0x6c C:/ISIS/workspace/ycube/GlobusSatProject/..//hal/hcc/lib\libHCCD.a(fat.o)
 .text._f_unlock_resfile
                0x200148f0       0x40 C:/ISIS/workspace/ycube/GlobusSatProject/..//hal/hcc/lib\libHCCD.a(fat.o)
 .text._f_getintfile
                0x20014930      0x124 C:/ISIS/workspace/ycube/GlobusSatProject/..//hal/hcc/lib\libHCCD.a(fat.o)
 .text._f_addentry
                0x20014a54      0x540 C:/ISIS/workspace/ycube/GlobusSatProject/..//hal/hcc/lib\libHCCD.a(fat.o)
 .text.fn_mkdir
                0x20014f94      0x75c C:/ISIS/workspace/ycube/GlobusSatProject/..//hal/hcc/lib\libHCCD.a(fat.o)
                0x20014f94                fn_mkdir
 .text.fn_open_sub
                0x200156f0     0x1698 C:/ISIS/workspace/ycube/GlobusSatProject/..//hal/hcc/lib\libHCCD.a(fat.o)
 .text.fn_open  0x20016d88       0x44 C:/ISIS/workspace/ycube/GlobusSatProject/..//hal/hcc/lib\libHCCD.a(fat.o)
                0x20016d88                fn_open
 .text.fn_delete
                0x20016dcc      0x490 C:/ISIS/workspace/ycube/GlobusSatProject/..//hal/hcc/lib\libHCCD.a(fat.o)
                0x20016dcc                fn_delete
 .text.fn_rmdir
                0x2001725c      0x5ac C:/ISIS/workspace/ycube/GlobusSatProject/..//hal/hcc/lib\libHCCD.a(fat.o)
                0x2001725c                fn_rmdir
 .text.fn_init  0x20017808      0x2dc C:/ISIS/workspace/ycube/GlobusSatProject/..//hal/hcc/lib\libHCCD.a(fat_common.o)
                0x20017808                fn_init
 .text.fn_start
                0x20017ae4       0x1c C:/ISIS/workspace/ycube/GlobusSatProject/..//hal/hcc/lib\libHCCD.a(fat_common.o)
                0x20017ae4                fn_start
 .text.fsn_delete
                0x20017b00       0xc8 C:/ISIS/workspace/ycube/GlobusSatProject/..//hal/hcc/lib\libHCCD.a(fat_common.o)
                0x20017b00                fsn_delete
 .text._f_get16bitl
                0x20017bc8       0x4c C:/ISIS/workspace/ycube/GlobusSatProject/..//hal/hcc/lib\libHCCD.a(fat_common.o)
                0x20017bc8                _f_get16bitl
 .text._f_set16bitl
                0x20017c14       0x54 C:/ISIS/workspace/ycube/GlobusSatProject/..//hal/hcc/lib\libHCCD.a(fat_common.o)
                0x20017c14                _f_set16bitl
 .text._f_get32bitl
                0x20017c68       0x68 C:/ISIS/workspace/ycube/GlobusSatProject/..//hal/hcc/lib\libHCCD.a(fat_common.o)
                0x20017c68                _f_get32bitl
 .text._f_set32bitl
                0x20017cd0       0x78 C:/ISIS/workspace/ycube/GlobusSatProject/..//hal/hcc/lib\libHCCD.a(fat_common.o)
                0x20017cd0                _f_set32bitl
 .text._get8bit
                0x20017d48       0xa0 C:/ISIS/workspace/ycube/GlobusSatProject/..//hal/hcc/lib\libHCCD.a(fat_common.o)
 .text._get16bitl
                0x20017de8       0x40 C:/ISIS/workspace/ycube/GlobusSatProject/..//hal/hcc/lib\libHCCD.a(fat_common.o)
 .text._get32bitl
                0x20017e28       0x3c C:/ISIS/workspace/ycube/GlobusSatProject/..//hal/hcc/lib\libHCCD.a(fat_common.o)
 .text._f_setcardremoved
                0x20017e64       0x94 C:/ISIS/workspace/ycube/GlobusSatProject/..//hal/hcc/lib\libHCCD.a(fat_common.o)
 .text._f_checkstatus
                0x20017ef8      0x104 C:/ISIS/workspace/ycube/GlobusSatProject/..//hal/hcc/lib\libHCCD.a(fat_common.o)
                0x20017ef8                _f_checkstatus
 .text._f_drvgetphy
                0x20017ffc      0x114 C:/ISIS/workspace/ycube/GlobusSatProject/..//hal/hcc/lib\libHCCD.a(fat_common.o)
 .text._f_drvwritesector
                0x20018110       0xdc C:/ISIS/workspace/ycube/GlobusSatProject/..//hal/hcc/lib\libHCCD.a(fat_common.o)
 .text._f_drvreadsector
                0x200181ec       0xa8 C:/ISIS/workspace/ycube/GlobusSatProject/..//hal/hcc/lib\libHCCD.a(fat_common.o)
 .text._f_writesector
                0x20018294      0x23c C:/ISIS/workspace/ycube/GlobusSatProject/..//hal/hcc/lib\libHCCD.a(fat_common.o)
                0x20018294                _f_writesector
 .text._f_readsector
                0x200184d0      0x1dc C:/ISIS/workspace/ycube/GlobusSatProject/..//hal/hcc/lib\libHCCD.a(fat_common.o)
                0x200184d0                _f_readsector
 .text._f_getmaxcluster
                0x200186ac       0x94 C:/ISIS/workspace/ycube/GlobusSatProject/..//hal/hcc/lib\libHCCD.a(fat_common.o)
                0x200186ac                _f_getmaxcluster
 .text._getsectorfromcluster
                0x20018740       0x68 C:/ISIS/workspace/ycube/GlobusSatProject/..//hal/hcc/lib\libHCCD.a(fat_common.o)
 .text._f_buildsectors
                0x200187a8      0x268 C:/ISIS/workspace/ycube/GlobusSatProject/..//hal/hcc/lib\libHCCD.a(fat_common.o)
 .text._f_getbootrecord
                0x20018a10      0x5e4 C:/ISIS/workspace/ycube/GlobusSatProject/..//hal/hcc/lib\libHCCD.a(fat_common.o)
 .text._f_readbootrecord
                0x20018ff4      0x4f8 C:/ISIS/workspace/ycube/GlobusSatProject/..//hal/hcc/lib\libHCCD.a(fat_common.o)
 .text._f_flushcffiles
                0x200194ec      0x17c C:/ISIS/workspace/ycube/GlobusSatProject/..//hal/hcc/lib\libHCCD.a(fat_common.o)
                0x200194ec                _f_flushcffiles
 .text._f_fatcache_flush
                0x20019668      0x270 C:/ISIS/workspace/ycube/GlobusSatProject/..//hal/hcc/lib\libHCCD.a(fat_common.o)
                0x20019668                _f_fatcache_flush
 .text._f_writefatsector
                0x200198d8      0x100 C:/ISIS/workspace/ycube/GlobusSatProject/..//hal/hcc/lib\libHCCD.a(fat_common.o)
                0x200198d8                _f_writefatsector
 .text._f_getfatsector
                0x200199d8      0x3bc C:/ISIS/workspace/ycube/GlobusSatProject/..//hal/hcc/lib\libHCCD.a(fat_common.o)
 .text._f_setclustervalue
                0x20019d94      0x490 C:/ISIS/workspace/ycube/GlobusSatProject/..//hal/hcc/lib\libHCCD.a(fat_common.o)
                0x20019d94                _f_setclustervalue
 .text._f_getclustervalue
                0x2001a224      0x388 C:/ISIS/workspace/ycube/GlobusSatProject/..//hal/hcc/lib\libHCCD.a(fat_common.o)
                0x2001a224                _f_getclustervalue
 .text._f_close_drive_files
                0x2001a5ac       0xac C:/ISIS/workspace/ycube/GlobusSatProject/..//hal/hcc/lib\libHCCD.a(fat_common.o)
 .text._f_inc_mount_count
                0x2001a658       0xa4 C:/ISIS/workspace/ycube/GlobusSatProject/..//hal/hcc/lib\libHCCD.a(fat_common.o)
 .text._f_getvolume
                0x2001a6fc      0x2f8 C:/ISIS/workspace/ycube/GlobusSatProject/..//hal/hcc/lib\libHCCD.a(fat_common.o)
                0x2001a6fc                _f_getvolume
 .text.fn_createdriver
                0x2001a9f4      0x118 C:/ISIS/workspace/ycube/GlobusSatProject/..//hal/hcc/lib\libHCCD.a(fat_common.o)
                0x2001a9f4                fn_createdriver
 .text.fn_initvolume
                0x2001ab0c      0x12c C:/ISIS/workspace/ycube/GlobusSatProject/..//hal/hcc/lib\libHCCD.a(fat_common.o)
                0x2001ab0c                fn_initvolume
 .text.fn_releasedriver
                0x2001ac38       0xf4 C:/ISIS/workspace/ycube/GlobusSatProject/..//hal/hcc/lib\libHCCD.a(fat_common.o)
                0x2001ac38                fn_releasedriver
 .text.fn_initvolumepartition_sub
                0x2001ad2c       0xe0 C:/ISIS/workspace/ycube/GlobusSatProject/..//hal/hcc/lib\libHCCD.a(fat_common.o)
 .text.fn_initvolumepartition
                0x2001ae0c       0xac C:/ISIS/workspace/ycube/GlobusSatProject/..//hal/hcc/lib\libHCCD.a(fat_common.o)
                0x2001ae0c                fn_initvolumepartition
 .text.fn_delvolume
                0x2001aeb8      0x194 C:/ISIS/workspace/ycube/GlobusSatProject/..//hal/hcc/lib\libHCCD.a(fat_common.o)
                0x2001aeb8                fn_delvolume
 .text._f_clustertopos
                0x2001b04c       0xf8 C:/ISIS/workspace/ycube/GlobusSatProject/..//hal/hcc/lib\libHCCD.a(fat_common.o)
                0x2001b04c                _f_clustertopos
 .text._f_getcurrsector
                0x2001b144      0x6c8 C:/ISIS/workspace/ycube/GlobusSatProject/..//hal/hcc/lib\libHCCD.a(fat_common.o)
                0x2001b144                _f_getcurrsector
 .text._f_getdecluster
                0x2001b80c       0x90 C:/ISIS/workspace/ycube/GlobusSatProject/..//hal/hcc/lib\libHCCD.a(fat_common.o)
                0x2001b80c                _f_getdecluster
 .text._f_setdecluster
                0x2001b89c       0x8c C:/ISIS/workspace/ycube/GlobusSatProject/..//hal/hcc/lib\libHCCD.a(fat_common.o)
                0x2001b89c                _f_setdecluster
 .text.fn_getdrive
                0x2001b928       0x30 C:/ISIS/workspace/ycube/GlobusSatProject/..//hal/hcc/lib\libHCCD.a(fat_common.o)
                0x2001b928                fn_getdrive
 .text._f_getcurrenttimedate
                0x2001b958      0x138 C:/ISIS/workspace/ycube/GlobusSatProject/..//hal/hcc/lib\libHCCD.a(fat_common.o)
                0x2001b958                _f_getcurrenttimedate
 .text._f_initentry
                0x2001ba90       0xa0 C:/ISIS/workspace/ycube/GlobusSatProject/..//hal/hcc/lib\libHCCD.a(fat_common.o)
                0x2001ba90                _f_initentry
 .text._f_alloccluster
                0x2001bb30      0x344 C:/ISIS/workspace/ycube/GlobusSatProject/..//hal/hcc/lib\libHCCD.a(fat_common.o)
                0x2001bb30                _f_alloccluster
 .text._f_dobadblock
                0x2001be74      0x2cc C:/ISIS/workspace/ycube/GlobusSatProject/..//hal/hcc/lib\libHCCD.a(fat_common.o)
                0x2001be74                _f_dobadblock
 .text._f_checklocked
                0x2001c140       0xe4 C:/ISIS/workspace/ycube/GlobusSatProject/..//hal/hcc/lib\libHCCD.a(fat_common.o)
                0x2001c140                _f_checklocked
 .text._f_checkappendlocked
                0x2001c224      0x110 C:/ISIS/workspace/ycube/GlobusSatProject/..//hal/hcc/lib\libHCCD.a(fat_common.o)
                0x2001c224                _f_checkappendlocked
 .text._f_setsyncafile
                0x2001c334      0x114 C:/ISIS/workspace/ycube/GlobusSatProject/..//hal/hcc/lib\libHCCD.a(fat_common.o)
                0x2001c334                _f_setsyncafile
 .text._f_syncfiles
                0x2001c448      0x128 C:/ISIS/workspace/ycube/GlobusSatProject/..//hal/hcc/lib\libHCCD.a(fat_common.o)
                0x2001c448                _f_syncfiles
 .text._f_syncfilescontent
                0x2001c570      0x15c C:/ISIS/workspace/ycube/GlobusSatProject/..//hal/hcc/lib\libHCCD.a(fat_common.o)
 .text.fn_getfreespace
                0x2001c6cc      0x4c0 C:/ISIS/workspace/ycube/GlobusSatProject/..//hal/hcc/lib\libHCCD.a(fat_common.o)
                0x2001c6cc                fn_getfreespace
 .text._f_emptywritecache
                0x2001cb8c      0x4a4 C:/ISIS/workspace/ycube/GlobusSatProject/..//hal/hcc/lib\libHCCD.a(fat_common.o)
 .text._f_allocnextcluster
                0x2001d030      0x54c C:/ISIS/workspace/ycube/GlobusSatProject/..//hal/hcc/lib\libHCCD.a(fat_common.o)
 .text._f_emptywritebuffer
                0x2001d57c      0x20c C:/ISIS/workspace/ycube/GlobusSatProject/..//hal/hcc/lib\libHCCD.a(fat_common.o)
 .text._f_writezeros
                0x2001d788       0xf0 C:/ISIS/workspace/ycube/GlobusSatProject/..//hal/hcc/lib\libHCCD.a(fat_common.o)
                0x2001d788                _f_writezeros
 .text._f_extend_file
                0x2001d878      0x570 C:/ISIS/workspace/ycube/GlobusSatProject/..//hal/hcc/lib\libHCCD.a(fat_common.o)
 .text._f_fseek
                0x2001dde8      0x9bc C:/ISIS/workspace/ycube/GlobusSatProject/..//hal/hcc/lib\libHCCD.a(fat_common.o)
                0x2001dde8                _f_fseek
 .text._f_removechain
                0x2001e7a4      0x104 C:/ISIS/workspace/ycube/GlobusSatProject/..//hal/hcc/lib\libHCCD.a(fat_common.o)
                0x2001e7a4                _f_removechain
 .text._f_updatefileentry
                0x2001e8a8      0x1cc C:/ISIS/workspace/ycube/GlobusSatProject/..//hal/hcc/lib\libHCCD.a(fat_common.o)
 .text._f_checkreadlocked
                0x2001ea74      0x1bc C:/ISIS/workspace/ycube/GlobusSatProject/..//hal/hcc/lib\libHCCD.a(fat_common.o)
                0x2001ea74                _f_checkreadlocked
 .text._f_check_handle
                0x2001ec30       0x98 C:/ISIS/workspace/ycube/GlobusSatProject/..//hal/hcc/lib\libHCCD.a(fat_common.o)
                0x2001ec30                _f_check_handle
 .text._f_removesyncafile
                0x2001ecc8      0x1ec C:/ISIS/workspace/ycube/GlobusSatProject/..//hal/hcc/lib\libHCCD.a(fat_common.o)
 .text.fn_close
                0x2001eeb4      0x3f8 C:/ISIS/workspace/ycube/GlobusSatProject/..//hal/hcc/lib\libHCCD.a(fat_common.o)
                0x2001eeb4                fn_close
 .text.fn_flush
                0x2001f2ac      0x374 C:/ISIS/workspace/ycube/GlobusSatProject/..//hal/hcc/lib\libHCCD.a(fat_common.o)
                0x2001f2ac                fn_flush
 .text.fn_read  0x2001f620      0x690 C:/ISIS/workspace/ycube/GlobusSatProject/..//hal/hcc/lib\libHCCD.a(fat_common.o)
                0x2001f620                fn_read
 .text._f_abortwrite
                0x2001fcb0      0x100 C:/ISIS/workspace/ycube/GlobusSatProject/..//hal/hcc/lib\libHCCD.a(fat_common.o)
 .text._f_checkwritecluster
                0x2001fdb0       0xe4 C:/ISIS/workspace/ycube/GlobusSatProject/..//hal/hcc/lib\libHCCD.a(fat_common.o)
 .text.fn_write
                0x2001fe94      0x8a8 C:/ISIS/workspace/ycube/GlobusSatProject/..//hal/hcc/lib\libHCCD.a(fat_common.o)
                0x2001fe94                fn_write
 .text.fn_seek  0x2002073c      0x270 C:/ISIS/workspace/ycube/GlobusSatProject/..//hal/hcc/lib\libHCCD.a(fat_common.o)
                0x2002073c                fn_seek
 .text.fn_tell  0x200209ac      0x19c C:/ISIS/workspace/ycube/GlobusSatProject/..//hal/hcc/lib\libHCCD.a(fat_common.o)
                0x200209ac                fn_tell
 .text.fn_rewind
                0x20020b48       0x38 C:/ISIS/workspace/ycube/GlobusSatProject/..//hal/hcc/lib\libHCCD.a(fat_common.o)
                0x20020b48                fn_rewind
 .text.fn_putc  0x20020b80       0x68 C:/ISIS/workspace/ycube/GlobusSatProject/..//hal/hcc/lib\libHCCD.a(fat_common.o)
                0x20020b80                fn_putc
 .text.f_enterFS
                0x20020be8      0x1c0 C:/ISIS/workspace/ycube/GlobusSatProject/..//hal/hcc/lib\libHCCD.a(fat_common.o)
                0x20020be8                f_enterFS
 .text.f_releaseFS
                0x20020da8       0xb0 C:/ISIS/workspace/ycube/GlobusSatProject/..//hal/hcc/lib\libHCCD.a(fat_common.o)
                0x20020da8                f_releaseFS
 .text.fnGetTask
                0x20020e58       0xfc C:/ISIS/workspace/ycube/GlobusSatProject/..//hal/hcc/lib\libHCCD.a(fat_common.o)
                0x20020e58                fnGetTask
 .text._f_mutex_get
                0x20020f54       0x98 C:/ISIS/workspace/ycube/GlobusSatProject/..//hal/hcc/lib\libHCCD.a(fat_common.o)
                0x20020f54                _f_mutex_get
 .text._f_mutex_put
                0x20020fec       0x54 C:/ISIS/workspace/ycube/GlobusSatProject/..//hal/hcc/lib\libHCCD.a(fat_common.o)
                0x20020fec                _f_mutex_put
 .text._fn_initseekdivisor
                0x20021040      0x158 C:/ISIS/workspace/ycube/GlobusSatProject/..//hal/hcc/lib\libHCCD.a(fat_common.o)
                0x20021040                _fn_initseekdivisor
 .text._fn_updateseekpos
                0x20021198       0xc4 C:/ISIS/workspace/ycube/GlobusSatProject/..//hal/hcc/lib\libHCCD.a(fat_common.o)
 .text._f_findopensize
                0x2002125c       0x2c C:/ISIS/workspace/ycube/GlobusSatProject/..//hal/hcc/lib\libHCCD.a(fat_common.o)
                0x2002125c                _f_findopensize
 .text.fn_setlasterror
                0x20021288       0x34 C:/ISIS/workspace/ycube/GlobusSatProject/..//hal/hcc/lib\libHCCD.a(fat_common.o)
                0x20021288                fn_setlasterror
 .text.fn_setlasterror_noret
                0x200212bc       0x2c C:/ISIS/workspace/ycube/GlobusSatProject/..//hal/hcc/lib\libHCCD.a(fat_common.o)
                0x200212bc                fn_setlasterror_noret
 .text._s_checkzeroclusteratend
                0x200212e8       0xf8 C:/ISIS/workspace/ycube/GlobusSatProject/..//hal/hcc/lib\libHCCD.a(safefat.o)
 .text._s_clearclustercontent
                0x200213e0      0x108 C:/ISIS/workspace/ycube/GlobusSatProject/..//hal/hcc/lib\libHCCD.a(safefat.o)
 .text._s_clearclustercontentdir
                0x200214e8      0x19c C:/ISIS/workspace/ycube/GlobusSatProject/..//hal/hcc/lib\libHCCD.a(safefat.o)
 .text._s_writedirsector
                0x20021684       0xd0 C:/ISIS/workspace/ycube/GlobusSatProject/..//hal/hcc/lib\libHCCD.a(safefat.o)
 .text._s_getdirsector
                0x20021754      0x100 C:/ISIS/workspace/ycube/GlobusSatProject/..//hal/hcc/lib\libHCCD.a(safefat.o)
 .text._s_addentry
                0x20021854      0x394 C:/ISIS/workspace/ycube/GlobusSatProject/..//hal/hcc/lib\libHCCD.a(safefat.o)
 .text._s_findfile
                0x20021be8      0x33c C:/ISIS/workspace/ycube/GlobusSatProject/..//hal/hcc/lib\libHCCD.a(safefat.o)
 .text._s_findsubdir
                0x20021f24      0x248 C:/ISIS/workspace/ycube/GlobusSatProject/..//hal/hcc/lib\libHCCD.a(safefat.o)
 .text._s_createfile
                0x2002216c      0x190 C:/ISIS/workspace/ycube/GlobusSatProject/..//hal/hcc/lib\libHCCD.a(safefat.o)
 .text._s_findsaffile
                0x200222fc      0x1b8 C:/ISIS/workspace/ycube/GlobusSatProject/..//hal/hcc/lib\libHCCD.a(safefat.o)
 .text._s_open  0x200224b4       0xe4 C:/ISIS/workspace/ycube/GlobusSatProject/..//hal/hcc/lib\libHCCD.a(safefat.o)
 .text._s_open_saf
                0x20022598       0xe8 C:/ISIS/workspace/ycube/GlobusSatProject/..//hal/hcc/lib\libHCCD.a(safefat.o)
 .text._s_flush
                0x20022680       0x84 C:/ISIS/workspace/ycube/GlobusSatProject/..//hal/hcc/lib\libHCCD.a(safefat.o)
 .text._s_allocnextcluster
                0x20022704      0x13c C:/ISIS/workspace/ycube/GlobusSatProject/..//hal/hcc/lib\libHCCD.a(safefat.o)
 .text._s_getnextsector
                0x20022840       0xdc C:/ISIS/workspace/ycube/GlobusSatProject/..//hal/hcc/lib\libHCCD.a(safefat.o)
 .text._s_seek  0x2002291c      0x1e8 C:/ISIS/workspace/ycube/GlobusSatProject/..//hal/hcc/lib\libHCCD.a(safefat.o)
 .text._s_get_len
                0x20022b04      0x10c C:/ISIS/workspace/ycube/GlobusSatProject/..//hal/hcc/lib\libHCCD.a(safefat.o)
 .text._s_set_len
                0x20022c10       0xb4 C:/ISIS/workspace/ycube/GlobusSatProject/..//hal/hcc/lib\libHCCD.a(safefat.o)
 .text.safe_fix_filelengths
                0x20022cc4       0xcc C:/ISIS/workspace/ycube/GlobusSatProject/..//hal/hcc/lib\libHCCD.a(safefat.o)
                0x20022cc4                safe_fix_filelengths
 .text._s_read  0x20022d90      0x228 C:/ISIS/workspace/ycube/GlobusSatProject/..//hal/hcc/lib\libHCCD.a(safefat.o)
 .text._s_write
                0x20022fb8      0x384 C:/ISIS/workspace/ycube/GlobusSatProject/..//hal/hcc/lib\libHCCD.a(safefat.o)
 .text._s_restoreclusters
                0x2002333c      0x270 C:/ISIS/workspace/ycube/GlobusSatProject/..//hal/hcc/lib\libHCCD.a(safefat.o)
                0x2002333c                _s_restoreclusters
 .text._s_findrestore
                0x200235ac      0x18c C:/ISIS/workspace/ycube/GlobusSatProject/..//hal/hcc/lib\libHCCD.a(safefat.o)
 .text._s_cmd_writede
                0x20023738       0xd8 C:/ISIS/workspace/ycube/GlobusSatProject/..//hal/hcc/lib\libHCCD.a(safefat.o)
 .text._s_cmd_setcluster
                0x20023810       0x88 C:/ISIS/workspace/ycube/GlobusSatProject/..//hal/hcc/lib\libHCCD.a(safefat.o)
 .text._s_cmd_deletechain
                0x20023898      0x100 C:/ISIS/workspace/ycube/GlobusSatProject/..//hal/hcc/lib\libHCCD.a(safefat.o)
 .text._s_cmd_validatecfn
                0x20023998      0x308 C:/ISIS/workspace/ycube/GlobusSatProject/..//hal/hcc/lib\libHCCD.a(safefat.o)
 .text._s_cmd_seteof
                0x20023ca0      0x3c4 C:/ISIS/workspace/ycube/GlobusSatProject/..//hal/hcc/lib\libHCCD.a(safefat.o)
 .text.safe_docommands
                0x20024064      0x56c C:/ISIS/workspace/ycube/GlobusSatProject/..//hal/hcc/lib\libHCCD.a(safefat.o)
                0x20024064                safe_docommands
 .text.safe_entercommand
                0x200245d0       0x68 C:/ISIS/workspace/ycube/GlobusSatProject/..//hal/hcc/lib\libHCCD.a(safefat.o)
                0x200245d0                safe_entercommand
 .text.safe_ready
                0x20024638       0xf4 C:/ISIS/workspace/ycube/GlobusSatProject/..//hal/hcc/lib\libHCCD.a(safefat.o)
                0x20024638                safe_ready
 .text.safe_copycfn
                0x2002472c       0xb8 C:/ISIS/workspace/ycube/GlobusSatProject/..//hal/hcc/lib\libHCCD.a(safefat.o)
                0x2002472c                safe_copycfn
 .text.safe_cfremove
                0x200247e4       0xb8 C:/ISIS/workspace/ycube/GlobusSatProject/..//hal/hcc/lib\libHCCD.a(safefat.o)
                0x200247e4                safe_cfremove
 .text.safe_writede
                0x2002489c      0x104 C:/ISIS/workspace/ycube/GlobusSatProject/..//hal/hcc/lib\libHCCD.a(safefat.o)
                0x2002489c                safe_writede
 .text.safe_setcluster
                0x200249a0       0xcc C:/ISIS/workspace/ycube/GlobusSatProject/..//hal/hcc/lib\libHCCD.a(safefat.o)
                0x200249a0                safe_setcluster
 .text.safe_deletechain
                0x20024a6c      0x1c8 C:/ISIS/workspace/ycube/GlobusSatProject/..//hal/hcc/lib\libHCCD.a(safefat.o)
                0x20024a6c                safe_deletechain
 .text.safe_cfclose
                0x20024c34      0x104 C:/ISIS/workspace/ycube/GlobusSatProject/..//hal/hcc/lib\libHCCD.a(safefat.o)
                0x20024c34                safe_cfclose
 .text.safe_cfflush
                0x20024d38      0x124 C:/ISIS/workspace/ycube/GlobusSatProject/..//hal/hcc/lib\libHCCD.a(safefat.o)
                0x20024d38                safe_cfflush
 .text.safe_reset
                0x20024e5c       0x78 C:/ISIS/workspace/ycube/GlobusSatProject/..//hal/hcc/lib\libHCCD.a(safefat.o)
                0x20024e5c                safe_reset
 .text.safe_loadcommands
                0x20024ed4       0x78 C:/ISIS/workspace/ycube/GlobusSatProject/..//hal/hcc/lib\libHCCD.a(safefat.o)
                0x20024ed4                safe_loadcommands
 .text.safe_poweron
                0x20024f4c      0x1fc C:/ISIS/workspace/ycube/GlobusSatProject/..//hal/hcc/lib\libHCCD.a(safefat.o)
                0x20024f4c                safe_poweron
 .text.cf_getname
                0x20025148       0xc0 C:/ISIS/workspace/ycube/GlobusSatProject/..//hal/hcc/lib\libHCCD.a(safefat.o)
 .text.cf_copyclusterchain
                0x20025208      0x138 C:/ISIS/workspace/ycube/GlobusSatProject/..//hal/hcc/lib\libHCCD.a(safefat.o)
 .text.cf_seektozero
                0x20025340       0x94 C:/ISIS/workspace/ycube/GlobusSatProject/..//hal/hcc/lib\libHCCD.a(safefat.o)
                0x20025340                cf_seektozero
 .text.cf_create
                0x200253d4      0x3a8 C:/ISIS/workspace/ycube/GlobusSatProject/..//hal/hcc/lib\libHCCD.a(safefat.o)
                0x200253d4                cf_create
 .text.cf_copyclustercontent
                0x2002577c      0x128 C:/ISIS/workspace/ycube/GlobusSatProject/..//hal/hcc/lib\libHCCD.a(safefat.o)
                0x2002577c                cf_copyclustercontent
 .text.cf_copycfn
                0x200258a4      0x4bc C:/ISIS/workspace/ycube/GlobusSatProject/..//hal/hcc/lib\libHCCD.a(safefat.o)
                0x200258a4                cf_copycfn
 .text.cf_remove
                0x20025d60      0x344 C:/ISIS/workspace/ycube/GlobusSatProject/..//hal/hcc/lib\libHCCD.a(safefat.o)
                0x20025d60                cf_remove
 .text.cf_setclusternew
                0x200260a4       0xf0 C:/ISIS/workspace/ycube/GlobusSatProject/..//hal/hcc/lib\libHCCD.a(safefat.o)
                0x200260a4                cf_setclusternew
 .text.cf_flush
                0x20026194       0x58 C:/ISIS/workspace/ycube/GlobusSatProject/..//hal/hcc/lib\libHCCD.a(safefat.o)
                0x20026194                cf_flush
 .text.cf_getcluster
                0x200261ec      0x1b4 C:/ISIS/workspace/ycube/GlobusSatProject/..//hal/hcc/lib\libHCCD.a(safefat.o)
                0x200261ec                cf_getcluster
 .text.cf_setnextcluster
                0x200263a0      0x194 C:/ISIS/workspace/ycube/GlobusSatProject/..//hal/hcc/lib\libHCCD.a(safefat.o)
                0x200263a0                cf_setnextcluster
 .text.cf_getpositions
                0x20026534       0xbc C:/ISIS/workspace/ycube/GlobusSatProject/..//hal/hcc/lib\libHCCD.a(safefat.o)
                0x20026534                cf_getpositions
 .text.cf_setpositions
                0x200265f0       0xb0 C:/ISIS/workspace/ycube/GlobusSatProject/..//hal/hcc/lib\libHCCD.a(safefat.o)
                0x200265f0                cf_setpositions
 .text.cf_opensyncafile
                0x200266a0      0x150 C:/ISIS/workspace/ycube/GlobusSatProject/..//hal/hcc/lib\libHCCD.a(safefat.o)
                0x200266a0                cf_opensyncafile
 .text.cf_reloadcfo
                0x200267f0       0xd8 C:/ISIS/workspace/ycube/GlobusSatProject/..//hal/hcc/lib\libHCCD.a(safefat.o)
                0x200267f0                cf_reloadcfo
 .text.mcipdc_cmd
                0x200268c8      0x22c C:/ISIS/workspace/ycube/GlobusSatProject/..//hal/hcc/lib\libHCCD.a(atmel_mcipdc.o)
 .text.mcipdc_stop
                0x20026af4       0xfc C:/ISIS/workspace/ycube/GlobusSatProject/..//hal/hcc/lib\libHCCD.a(atmel_mcipdc.o)
                0x20026af4                mcipdc_stop
 .text.mcipdc_read
                0x20026bf0      0x27c C:/ISIS/workspace/ycube/GlobusSatProject/..//hal/hcc/lib\libHCCD.a(atmel_mcipdc.o)
 .text.mcipdc_write
                0x20026e6c      0x298 C:/ISIS/workspace/ycube/GlobusSatProject/..//hal/hcc/lib\libHCCD.a(atmel_mcipdc.o)
 .text.mcipdc_readsector
                0x20027104       0x9c C:/ISIS/workspace/ycube/GlobusSatProject/..//hal/hcc/lib\libHCCD.a(atmel_mcipdc.o)
                0x20027104                mcipdc_readsector
 .text.mcipdc_readmultiplesector
                0x200271a0      0x124 C:/ISIS/workspace/ycube/GlobusSatProject/..//hal/hcc/lib\libHCCD.a(atmel_mcipdc.o)
                0x200271a0                mcipdc_readmultiplesector
 .text.mcipdc_writesector
                0x200272c4       0x90 C:/ISIS/workspace/ycube/GlobusSatProject/..//hal/hcc/lib\libHCCD.a(atmel_mcipdc.o)
                0x200272c4                mcipdc_writesector
 .text.mcipdc_writemultiplesector
                0x20027354      0x120 C:/ISIS/workspace/ycube/GlobusSatProject/..//hal/hcc/lib\libHCCD.a(atmel_mcipdc.o)
                0x20027354                mcipdc_writemultiplesector
 .text.mcipdc_set_speed
                0x20027474       0xb0 C:/ISIS/workspace/ycube/GlobusSatProject/..//hal/hcc/lib\libHCCD.a(atmel_mcipdc.o)
 .text.mcipdc_get_speed
                0x20027524       0x48 C:/ISIS/workspace/ycube/GlobusSatProject/..//hal/hcc/lib\libHCCD.a(atmel_mcipdc.o)
 .text._get_csd_bits
                0x2002756c      0x14c C:/ISIS/workspace/ycube/GlobusSatProject/..//hal/hcc/lib\libHCCD.a(atmel_mcipdc.o)
 .text.mcipdc_initcard
                0x200276b8      0x8f4 C:/ISIS/workspace/ycube/GlobusSatProject/..//hal/hcc/lib\libHCCD.a(atmel_mcipdc.o)
 .text.mcipdc_getstatus
                0x20027fac       0xe8 C:/ISIS/workspace/ycube/GlobusSatProject/..//hal/hcc/lib\libHCCD.a(atmel_mcipdc.o)
 .text.mcipdc_getphy
                0x20028094       0x90 C:/ISIS/workspace/ycube/GlobusSatProject/..//hal/hcc/lib\libHCCD.a(atmel_mcipdc.o)
 .text.mcipdc_release
                0x20028124       0x50 C:/ISIS/workspace/ycube/GlobusSatProject/..//hal/hcc/lib\libHCCD.a(atmel_mcipdc.o)
 .text.atmel_mcipdc_initfunc
                0x20028174      0x160 C:/ISIS/workspace/ycube/GlobusSatProject/..//hal/hcc/lib\libHCCD.a(atmel_mcipdc.o)
                0x20028174                atmel_mcipdc_initfunc
 .text.oal_task_get_id
                0x200282d4       0x18 C:/ISIS/workspace/ycube/GlobusSatProject/..//hal/hcc/lib\libHCCD.a(oalp_task.o)
                0x200282d4                oal_task_get_id
 .text.oal_mutex_create
                0x200282ec       0x54 C:/ISIS/workspace/ycube/GlobusSatProject/..//hal/hcc/lib\libHCCD.a(oalp_mutex.o)
                0x200282ec                oal_mutex_create
 .text.oal_mutex_delete
                0x20028340       0x30 C:/ISIS/workspace/ycube/GlobusSatProject/..//hal/hcc/lib\libHCCD.a(oalp_mutex.o)
                0x20028340                oal_mutex_delete
 .text.oal_mutex_get
                0x20028370       0x58 C:/ISIS/workspace/ycube/GlobusSatProject/..//hal/hcc/lib\libHCCD.a(oalp_mutex.o)
                0x20028370                oal_mutex_get
 .text.oal_mutex_put
                0x200283c8       0x58 C:/ISIS/workspace/ycube/GlobusSatProject/..//hal/hcc/lib\libHCCD.a(oalp_mutex.o)
                0x200283c8                oal_mutex_put
 .text.mcipdc_hw_init
                0x20028420       0xe8 C:/ISIS/workspace/ycube/GlobusSatProject/..//hal/hcc/lib\libHCCD.a(atmel_mcipdc_hw.o)
                0x20028420                mcipdc_hw_init
 .text.mcipdc_hw_delete
                0x20028508       0x78 C:/ISIS/workspace/ycube/GlobusSatProject/..//hal/hcc/lib\libHCCD.a(atmel_mcipdc_hw.o)
                0x20028508                mcipdc_hw_delete
 .text.mcipdc_hw_card_plugged
                0x20028580       0x1c C:/ISIS/workspace/ycube/GlobusSatProject/..//hal/hcc/lib\libHCCD.a(atmel_mcipdc_hw.o)
                0x20028580                mcipdc_hw_card_plugged
 .text.mcipdc_hw_card_writeprotect
                0x2002859c       0x1c C:/ISIS/workspace/ycube/GlobusSatProject/..//hal/hcc/lib\libHCCD.a(atmel_mcipdc_hw.o)
                0x2002859c                mcipdc_hw_card_writeprotect
 .text.psp_getcurrenttimedate
                0x200285b8       0x8c C:/ISIS/workspace/ycube/GlobusSatProject/..//hal/hcc/lib\libHCCD.a(psp_rtc.o)
                0x200285b8                psp_getcurrenttimedate
 .text._hcc_get_buf_dsc
                0x20028644       0x8c C:/ISIS/workspace/ycube/GlobusSatProject/..//hal/hcc/lib\libHCCD.a(hcc_mem.o)
 .text._hcc_check_free_pages