Archive member included because of file (symbol)

C:/ISIS/workspace_ycube/GlobusSatProject/..//hal/hal/lib\libHALD.a(I2C.o)
                              ./src/SubSystemModules/Communication/SubsystemCommands/Maintanence_Commands.o (I2C_write)
C:/ISIS/workspace_ycube/GlobusSatProject/..//hal/hal/lib\libHALD.a(SPI.o)
                              ./src/InitSystem.o (SPI_start)
C:/ISIS/workspace_ycube/GlobusSatProject/..//hal/hal/lib\libHALD.a(FRAM.o)
                              ./src/SubSystemModules/Communication/SubsystemCommands/Maintanence_Commands.o (FRAM_start)
C:/ISIS/workspace_ycube/GlobusSatProject/..//hal/hal/lib\libHALD.a(Time.o)
                              ./src/InitSystem.o (Time_start)
C:/ISIS/workspace_ycube/GlobusSatProject/..//hal/hal/lib\libHALD.a(WatchDogTimerNoOS.o)
                              ./src/main.o (WDT_start)
C:/ISIS/workspace_ycube/GlobusSatProject/..//hal/hal/lib\libHALD.a(WatchDogTimerOS.o)
                              ./src/TestingDemos/MainTest.o (WDT_startWatchdogKickTask)
C:/ISIS/workspace_ycube/GlobusSatProject/..//hal/hal/lib\libHALD.a(util.o)
                              ./src/TestingDemos/EpsTestingDemo.o (UTIL_DbguGetInteger)
C:/ISIS/workspace_ycube/GlobusSatProject/..//hal/hal/lib\libHALD.a(LED.o)
                              C:/ISIS/workspace_ycube/GlobusSatProject/..//hal/hal/lib\libHALD.a(WatchDogTimerOS.o) (LED_toggle)
C:/ISIS/workspace_ycube/GlobusSatProject/..//hal/hal/lib\libHALD.a(RTC.o)
                              C:/ISIS/workspace_ycube/GlobusSatProject/..//hal/hal/lib\libHALD.a(Time.o) (RTC_getTime)
C:/ISIS/workspace_ycube/GlobusSatProject/..//hal/hal/lib\libHALD.a(RTT.o)
                              C:/ISIS/workspace_ycube/GlobusSatProject/..//hal/hal/lib\libHALD.a(Time.o) (RTT_start)
C:/ISIS/workspace_ycube/GlobusSatProject/..//hal/hcc/lib\libHCCD.a(fat_common.o)
                              ./src/TLM_management.o (fn_init)
C:/ISIS/workspace_ycube/GlobusSatProject/..//hal/hcc/lib\libHCCD.a(fat_m.o)
                              ./src/TLM_management.o (fm_initvolume)
C:/ISIS/workspace_ycube/GlobusSatProject/..//hal/hcc/lib\libHCCD.a(safefat.o)
                              C:/ISIS/workspace_ycube/GlobusSatProject/..//hal/hcc/lib\libHCCD.a(fat_common.o) (safe_fix_filelengths)
C:/ISIS/workspace_ycube/GlobusSatProject/..//hal/hcc/lib\libHCCD.a(atmel_mcipdc.o)
                              ./src/TLM_management.o (atmel_mcipdc_initfunc)
C:/ISIS/workspace_ycube/GlobusSatProject/..//hal/hcc/lib\libHCCD.a(oalp_mutex.o)
                              C:/ISIS/workspace_ycube/GlobusSatProject/..//hal/hcc/lib\libHCCD.a(fat_common.o) (oal_mutex_create)
C:/ISIS/workspace_ycube/GlobusSatProject/..//hal/hcc/lib\libHCCD.a(oalp_task.o)
                              C:/ISIS/workspace_ycube/GlobusSatProject/..//hal/hcc/lib\libHCCD.a(fat_common.o) (oal_task_get_id)
C:/ISIS/workspace_ycube/GlobusSatProject/..//hal/hcc/lib\libHCCD.a(atmel_mcipdc_hw.o)
                              C:/ISIS/workspace_ycube/GlobusSatProject/..//hal/hcc/lib\libHCCD.a(atmel_mcipdc.o) (mcipdc_hw_init)
C:/ISIS/workspace_ycube/GlobusSatProject/..//hal/hcc/lib\libHCCD.a(psp_rand.o)
                              C:/ISIS/workspace_ycube/GlobusSatProject/..//hal/hcc/lib\libHCCD.a(fat_common.o) (psp_getrand)
C:/ISIS/workspace_ycube/GlobusSatProject/..//hal/hcc/lib\libHCCD.a(psp_rtc.o)
                              C:/ISIS/workspace_ycube/GlobusSatProject/..//hal/hcc/lib\libHCCD.a(fat_common.o) (psp_getcurrenttimedate)
C:/ISIS/workspace_ycube/GlobusSatProject/..//hal/hcc/lib\libHCCD.a(hcc_mem.o)
                              C:/ISIS/workspace_ycube/GlobusSatProject/..//hal/hcc/lib\libHCCD.a(atmel_mcipdc.o) (hcc_mem_alloc)
C:/ISIS/workspace_ycube/GlobusSatProject/..//hal/hcc/lib\libHCCD.a(fat.o)
                              C:/ISIS/workspace_ycube/GlobusSatProject/..//hal/hcc/lib\libHCCD.a(fat_common.o) (_f_getdirsector)
C:/ISIS/workspace_ycube/GlobusSatProject/..//hal/hcc/lib\libHCCD.a(psp_hcc_mem.o)
                              C:/ISIS/workspace_ycube/GlobusSatProject/..//hal/hcc/lib\libHCCD.a(hcc_mem.o) (hcc_mem_buf_alloc)
C:/ISIS/workspace_ycube/satellite-subsystems/satellite-subsystems/lib\libSatelliteSubsystemsD.a(IsisAntS.o)
                              ./src/SubSystemModules/Communication/TRXVU.o (IsisAntS_initialize)
C:/ISIS/workspace_ycube/satellite-subsystems/satellite-subsystems/lib\libSatelliteSubsystemsD.a(IsisSolarPanelv2.o)
                              ./src/SubSystemModules/PowerManagment/EPS.o (IsisSolarPanelv2_initialize)
C:/ISIS/workspace_ycube/satellite-subsystems/satellite-subsystems/lib\libSatelliteSubsystemsD.a(IsisTRXVU.o)
                              ./src/TestingDemos/TrxvuTestingDemo.o (IsisTrxvu_initialize)
C:/ISIS/workspace_ycube/satellite-subsystems/satellite-subsystems/lib\libSatelliteSubsystemsD.a(isis_eps_driver.o)
                              ./src/SubSystemModules/PowerManagment/EPS.o (ISIS_EPS_Init)
[...]
Memory Configuration

Name             Origin             Length             Attributes
sram0            0x00200000         0x00004000         w !xr
sram1            0x00300000         0x00004000         w !xr
sdram            0x20000000         0x02000000         w !xr
*default*        0x00000000         0xffffffff

Linker script and memory map

LOAD c:/isis/application/toolchain/bin/../lib/gcc/arm-none-eabi/4.7.4/../../../../arm-none-eabi/lib\libc.a
LOAD ./src/TestingDemos/CommandsTestingDemo.o
LOAD ./src/TestingDemos/EpsTestingDemo.o
LOAD ./src/TestingDemos/FileSystemTestingDemo.o
LOAD ./src/TestingDemos/MainTest.o
LOAD ./src/TestingDemos/MaintenanceTestingDemo.o
LOAD ./src/TestingDemos/TelemetryTestingDemo.o
LOAD ./src/TestingDemos/TrxvuTestingDemo.o
LOAD ./src/SubSystemModules/PowerManagment/EPS.o
LOAD ./src/SubSystemModules/PowerManagment/EPSOperationModes.o
LOAD ./src/SubSystemModules/Maintenance/Maintenance.o
LOAD ./src/SubSystemModules/Housekepping/TelemetryCollector.o
LOAD ./src/SubSystemModules/Communication/SubsystemCommands/EPS_Commands.o
LOAD ./src/SubSystemModules/Communication/SubsystemCommands/FS_Commands.o
LOAD ./src/SubSystemModules/Communication/SubsystemCommands/Maintanence_Commands.o
LOAD ./src/SubSystemModules/Communication/SubsystemCommands/TRXVU_Commands.o
LOAD ./src/SubSystemModules/Communication/AckHandler.o
LOAD ./src/SubSystemModules/Communication/CommandDictionary.o
LOAD ./src/SubSystemModules/Communication/SatCommandHandler.o
LOAD ./src/SubSystemModules/Communication/TRXVU.o
LOAD ./src/InitSystem.o
LOAD ./src/TLM_management.o
LOAD ./src/main.o
LOAD ./src/utils.o
LOAD C:/ISIS/workspace_ycube/GlobusSatProject/..//hal/hal/lib\libHALD.a
LOAD C:/ISIS/workspace_ycube/GlobusSatProject/..//hal/hcc/lib\libHCCD.a
LOAD C:/ISIS/workspace_ycube/satellite-subsystems/satellite-subsystems/lib\libSatelliteSubsystemsD.a
LOAD C:/ISIS/workspace_ycube/GlobusSatProject/..//hal/freertos/lib\libFreeRTOSD.a
LOAD C:/ISIS/workspace_ycube/GlobusSatProject/..//hal/at91/lib\libAt91D.a
START GROUP
LOAD c:/isis/application/toolchain/bin/../lib/gcc/arm-none-eabi/4.7.4\libgcc.a
LOAD c:/isis/application/toolchain/bin/../lib/gcc/arm-none-eabi/4.7.4/../../../../arm-none-eabi/lib\libg.a
LOAD c:/isis/application/toolchain/bin/../lib/gcc/arm-none-eabi/4.7.4/../../../../arm-none-eabi/lib\libc.a
END GROUP

.fixed          0x20000000    0x3d288
                0x20000000                . = ALIGN (0x4)
                0x20000000                _sfixed = .
 *(.startup)
 .startup       0x20000000      0x14c C:/ISIS/workspace_ycube/GlobusSatProject/..//hal/at91/lib\libAt91D.a(board_cstartup.o)
                0x20000000                entry
 *(.text)
 .text          0x2000014c       0x64 C:/ISIS/workspace_ycube/GlobusSatProject/..//hal/at91/lib\libAt91D.a(cp15_asm.o)
                0x2000014c                _readControlRegister
                0x20000158                _writeControlRegister
                0x20000160                _waitForInterrupt
                0x2000016c                _writeTTB
                0x20000174                _writeDomain
                0x2000017c                _writeITLBLockdown
                0x20000184                _prefetchICacheLine
                0x2000018c                _flushDCache
                0x20000198                _flushWriteBuffer
                0x200001a4                _invalidateIDTLBs
 .text          0x200001b0      0x114 c:/isis/application/toolchain/bin/../lib/gcc/arm-none-eabi/4.7.4\libgcc.a(_udivsi3.o)
                0x200001b0                __aeabi_uidiv
                0x200001b0                __udivsi3
                0x200002a4                __aeabi_uidivmod
 .text          0x200002c4      0x148 c:/isis/application/toolchain/bin/../lib/gcc/arm-none-eabi/4.7.4\libgcc.a(_divsi3.o)
                0x200002c4                __divsi3
                0x200002c4                __aeabi_idiv
                0x200003ec                __aeabi_idivmod
 .text          0x2000040c        0x4 c:/isis/application/toolchain/bin/../lib/gcc/arm-none-eabi/4.7.4\libgcc.a(_dvmd_tls.o)
                0x2000040c                __aeabi_idiv0
                0x2000040c                __aeabi_ldiv0
 .text          0x20000410      0x41c c:/isis/application/toolchain/bin/../lib/gcc/arm-none-eabi/4.7.4\libgcc.a(_arm_addsubdf3.o)
                0x20000410                __aeabi_drsub
                0x20000418                __aeabi_dsub
                0x20000418                __subdf3
                0x2000041c                __aeabi_dadd
                0x2000041c                __adddf3
                0x2000072c                __floatunsidf
                0x2000072c                __aeabi_ui2d
                0x20000750                __floatsidf
                0x20000750                __aeabi_i2d
                0x20000778                __aeabi_f2d
                0x20000778                __extendsfdf2
                0x200007b8                __floatundidf
                0x200007b8                __aeabi_ul2d
                0x200007cc                __floatdidf
                0x200007cc                __aeabi_l2d
 .text          0x2000082c      0x49c c:/isis/application/toolchain/bin/../lib/gcc/arm-none-eabi/4.7.4\libgcc.a(_arm_muldivdf3.o)
                0x2000082c                __aeabi_dmul
                0x2000082c                __muldf3
                0x20000abc                __divdf3
                0x20000abc                __aeabi_ddiv
 .text          0x20000cc8      0x144 c:/isis/application/toolchain/bin/../lib/gcc/arm-none-eabi/4.7.4\libgcc.a(_arm_cmpdf2.o)
                0x20000cc8                __gtdf2
                0x20000cc8                __gedf2
                0x20000cd0                __ltdf2
                0x20000cd0                __ledf2
                0x20000cd8                __nedf2
                0x20000cd8                __eqdf2
                0x20000cd8                __cmpdf2
                0x20000d60                __aeabi_cdrcmple
                0x20000d7c                __aeabi_cdcmpeq
                0x20000d7c                __aeabi_cdcmple
                0x20000d94                __aeabi_dcmpeq
                0x20000dac                __aeabi_dcmplt
                0x20000dc4                __aeabi_dcmple
                0x20000ddc                __aeabi_dcmpge
                0x20000df4                __aeabi_dcmpgt
 .text          0x20000e0c      0x2ac c:/isis/application/toolchain/bin/../lib/gcc/arm-none-eabi/4.7.4\libgcc.a(_arm_addsubsf3.o)
                0x20000e0c                __aeabi_frsub
                0x20000e14                __subsf3
                0x20000e14                __aeabi_fsub
                0x20000e18                __aeabi_fadd
                0x20000e18                __addsf3
                0x20000fd4                __aeabi_ui2f
                0x20000fd4                __floatunsisf
                0x20000fdc                __aeabi_i2f
                0x20000fdc                __floatsisf
                0x20000ffc                __aeabi_ul2f
                0x20000ffc                __floatundisf
                0x2000100c                __aeabi_l2f
                0x2000100c                __floatdisf
 .text          0x200010b8      0x2f8 c:/isis/application/toolchain/bin/../lib/gcc/arm-none-eabi/4.7.4\libgcc.a(_arm_muldivsf3.o)
                0x200010b8                __mulsf3
                0x200010b8                __aeabi_fmul
                0x20001250                __aeabi_fdiv
                0x20001250                __divsf3
 .text          0x200013b0      0x114 c:/isis/application/toolchain/bin/../lib/gcc/arm-none-eabi/4.7.4\libgcc.a(_arm_cmpsf2.o)
                0x200013b0                __gesf2
                0x200013b0                __gtsf2
                0x200013b8                __lesf2
                0x200013b8                __ltsf2
                0x200013c0                __nesf2
                0x200013c0                __eqsf2
                0x200013c0                __cmpsf2
                0x20001424                __aeabi_cfrcmple
                0x20001434                __aeabi_cfcmpeq
                0x20001434                __aeabi_cfcmple
                0x2000144c                __aeabi_fcmpeq
                0x20001464                __aeabi_fcmplt
                0x2000147c                __aeabi_fcmple
                0x20001494                __aeabi_fcmpge
                0x200014ac                __aeabi_fcmpgt
 .text          0x200014c4       0x54 c:/isis/application/toolchain/bin/../lib/gcc/arm-none-eabi/4.7.4\libgcc.a(_arm_fixunssfsi.o)
                0x200014c4                __fixunssfsi
                0x200014c4                __aeabi_f2uiz
 .text          0x20001518       0x5c c:/isis/application/toolchain/bin/../lib/gcc/arm-none-eabi/4.7.4\libgcc.a(_arm_fixdfsi.o)
                0x20001518                __aeabi_d2iz
                0x20001518                __fixdfsi
 .text          0x20001574       0x3c c:/isis/application/toolchain/bin/../lib/gcc/arm-none-eabi/4.7.4\libgcc.a(_aeabi_uldivmod.o)
                0x20001574                __aeabi_uldivmod
 .text          0x200015b0       0x84 c:/isis/application/toolchain/bin/../lib/gcc/arm-none-eabi/4.7.4\libgcc.a(bpabi.o)
                0x200015b0                __gnu_ldivmod_helper
                0x200015f4                __gnu_uldivmod_helper
 .text          0x20001634      0x4f0 c:/isis/application/toolchain/bin/../lib/gcc/arm-none-eabi/4.7.4\libgcc.a(_divdi3.o)
                0x20001634                __divdi3
 .text          0x20001b24      0x488 c:/isis/application/toolchain/bin/../lib/gcc/arm-none-eabi/4.7.4\libgcc.a(_udivdi3.o)
                0x20001b24                __udivdi3
 .text          0x20001fac       0x48 c:/isis/application/toolchain/bin/../lib/gcc/arm-none-eabi/4.7.4\libgcc.a(_clzsi2.o)
                0x20001fac                __clzsi2
 *(.text*)
 .text.TestActUponCommand
                0x20001ff4      0x114 ./src/TestingDemos/CommandsTestingDemo.o
                0x20001ff4                TestActUponCommand
 .text.TestAssmbleCommand
                0x20002108      0x14c ./src/TestingDemos/CommandsTestingDemo.o
                0x20002108                TestAssmbleCommand
 .text.TestGetDelayedCommand
                0x20002254       0xa0 ./src/TestingDemos/CommandsTestingDemo.o
                0x20002254                TestGetDelayedCommand
 .text.TestAddDelayedCommand
                0x200022f4       0xd0 ./src/TestingDemos/CommandsTestingDemo.o
                0x200022f4                TestAddDelayedCommand
 .text.TestGetDelayedCommandBufferCount
                0x200023c4       0x54 ./src/TestingDemos/CommandsTestingDemo.o
                0x200023c4                TestGetDelayedCommandBufferCount
 .text.TestGetOnlineCommand
                0x20002418       0xc8 ./src/TestingDemos/CommandsTestingDemo.o
                0x20002418                TestGetOnlineCommand
 .text.TestDeleteDelayedCommandByIndex
                0x200024e0      0x1c0 ./src/TestingDemos/CommandsTestingDemo.o
                0x200024e0                TestDeleteDelayedCommandByIndex
 .text.TestDeleteDelayedBuffer
                0x200026a0      0x140 ./src/TestingDemos/CommandsTestingDemo.o
                0x200026a0                TestDeleteDelayedBuffer
 .text.selectAndExecuteCommandsDemoTest
                0x200027e0      0x170 ./src/TestingDemos/CommandsTestingDemo.o
                0x200027e0                selectAndExecuteCommandsDemoTest
 .text.MainCommandsTestBench
                0x20002950       0x44 ./src/TestingDemos/CommandsTestingDemo.o
                0x20002950                MainCommandsTestBench
 .text.TestEpsConditioning
                0x20002994      0x1e8 ./src/TestingDemos/EpsTestingDemo.o
                0x20002994                TestEpsConditioning
 .text.TestGetBatteryVoltage
                0x20002b7c       0x64 ./src/TestingDemos/EpsTestingDemo.o
                0x20002b7c                TestGetBatteryVoltage
 .text.TestUpdateThreshVoltages
                0x20002be0      0x170 ./src/TestingDemos/EpsTestingDemo.o
                0x20002be0                TestUpdateThreshVoltages
 .text.TestGetThreshVoltages
                0x20002d50       0xb0 ./src/TestingDemos/EpsTestingDemo.o
                0x20002d50                TestGetThreshVoltages
 .text.TestUpdateAlpha
                0x20002e00       0xc0 ./src/TestingDemos/EpsTestingDemo.o
                0x20002e00                TestUpdateAlpha
 .text.TestGetAlpha
                0x20002ec0       0x78 ./src/TestingDemos/EpsTestingDemo.o
                0x20002ec0                TestGetAlpha
 .text.TestRestoreDefaultAlpha
                0x20002f38       0xf4 ./src/TestingDemos/EpsTestingDemo.o
                0x20002f38                TestRestoreDefaultAlpha
 .text.TestRestoreDefaultThresholdVoltages
                0x2000302c      0x154 ./src/TestingDemos/EpsTestingDemo.o
                0x2000302c                TestRestoreDefaultThresholdVoltages
 .text.GetHeaterValues
                0x20003180       0xe0 ./src/TestingDemos/EpsTestingDemo.o
                0x20003180                GetHeaterValues
 .text.SetHeaterValues
                0x20003260      0x134 ./src/TestingDemos/EpsTestingDemo.o
                0x20003260                SetHeaterValues
 .text.selectAndExecuteEpsDemoTest
                0x20003394      0x1ac ./src/TestingDemos/EpsTestingDemo.o
                0x20003394                selectAndExecuteEpsDemoTest
 .text.MainEpsTestBench
                0x20003540       0x40 ./src/TestingDemos/EpsTestingDemo.o
                0x20003540                MainEpsTestBench
 .text.TestlistFiels
                0x20003580       0xa8 ./src/TestingDemos/FileSystemTestingDemo.o
                0x20003580                TestlistFiels
 .text.TestLOGTLM
                0x20003628      0x110 ./src/TestingDemos/FileSystemTestingDemo.o
                0x20003628                TestLOGTLM
 .text.TestEPSTLM
                0x20003738       0xa8 ./src/TestingDemos/FileSystemTestingDemo.o
                0x20003738                TestEPSTLM
 .text.TestReadTimeRangeTLMRes
                0x200037e0      0x210 ./src/TestingDemos/FileSystemTestingDemo.o
                0x200037e0                TestReadTimeRangeTLMRes
 .text.TestReadTimeRangeTLM
                0x200039f0      0x178 ./src/TestingDemos/FileSystemTestingDemo.o
                0x200039f0                TestReadTimeRangeTLM
 .text.GenerateWODTLM
                0x20003b68       0xd0 ./src/TestingDemos/FileSystemTestingDemo.o
                0x20003b68                GenerateWODTLM
 .text.DeleteOldFiles
                0x20003c38      0x294 ./src/TestingDemos/FileSystemTestingDemo.o
                0x20003c38                DeleteOldFiles
 .text.CreateFiles4DeleteTest
                0x20003ecc      0x100 ./src/TestingDemos/FileSystemTestingDemo.o
                0x20003ecc                CreateFiles4DeleteTest
 .text.TestWODTLM
                0x20003fcc       0xa8 ./src/TestingDemos/FileSystemTestingDemo.o
                0x20003fcc                TestWODTLM
 .text.TestDeleteFiels
                0x20004074      0x2b8 ./src/TestingDemos/FileSystemTestingDemo.o
                0x20004074                TestDeleteFiels
 .text.TestReadMultiFiels
                0x2000432c      0x2ac ./src/TestingDemos/FileSystemTestingDemo.o
                0x2000432c                TestReadMultiFiels
 .text.TestTRXVUTLM
                0x200045d8      0x11c ./src/TestingDemos/FileSystemTestingDemo.o
                0x200045d8                TestTRXVUTLM
 .text.FullSDTest
                0x200046f4      0x174 ./src/TestingDemos/FileSystemTestingDemo.o
                0x200046f4                FullSDTest
 .text.LogErrorRateTest
                0x20004868      0x108 ./src/TestingDemos/FileSystemTestingDemo.o
                0x20004868                LogErrorRateTest
 .text.selectAndExecuteFSTest
                0x20004970      0x21c ./src/TestingDemos/FileSystemTestingDemo.o
                0x20004970                selectAndExecuteFSTest
 .text.MainFileSystemTestBench
                0x20004b8c       0x44 ./src/TestingDemos/FileSystemTestingDemo.o
                0x20004b8c                MainFileSystemTestBench
 .text.selectAndExecuteTest
                0x20004bd0      0x164 ./src/TestingDemos/MainTest.o
                0x20004bd0                selectAndExecuteTest
 .text.taskTesting
                0x20004d34       0x28 ./src/TestingDemos/MainTest.o
                0x20004d34                taskTesting
 .text.printSDINfo
                0x20004d5c       0x84 ./src/TestingDemos/MaintenanceTestingDemo.o
                0x20004d5c                printSDINfo
 .text.changeFirstActivation
                0x20004de0       0x84 ./src/TestingDemos/MaintenanceTestingDemo.o
                0x20004de0                changeFirstActivation
 .text.selectAndExecuteMaintenanceDemoTest
                0x20004e64      0x198 ./src/TestingDemos/MaintenanceTestingDemo.o
                0x20004e64                selectAndExecuteMaintenanceDemoTest
 .text.MainMaintenanceTestBench
                0x20004ffc       0x40 ./src/TestingDemos/MaintenanceTestingDemo.o
                0x20004ffc                MainMaintenanceTestBench
 .text.MainTelemetryTestBench
                0x2000503c       0x1c ./src/TestingDemos/TelemetryTestingDemo.o
                0x2000503c                MainTelemetryTestBench
 .text.TestInitTrxvu
                0x20005058       0x54 ./src/TestingDemos/TrxvuTestingDemo.o
                0x20005058                TestInitTrxvu
 .text.TestInitTrxvuWithDifferentFrameLengths
                0x200050ac      0x134 ./src/TestingDemos/TrxvuTestingDemo.o
                0x200050ac                TestInitTrxvuWithDifferentFrameLengths
 .text.TestTrxvuLogic
                0x200051e0       0xd4 ./src/TestingDemos/TrxvuTestingDemo.o
                0x200051e0                TestTrxvuLogic
 .text.TestCheckTransmitionAllowed
                0x200052b4       0xa4 ./src/TestingDemos/TrxvuTestingDemo.o
                0x200052b4                TestCheckTransmitionAllowed
 .text.TestSendDumpAbortRequest
                0x20005358       0x24 ./src/TestingDemos/TrxvuTestingDemo.o
                0x20005358                TestSendDumpAbortRequest
 .text.TestTransmitDummySplPacket
                0x2000537c       0xd4 ./src/TestingDemos/TrxvuTestingDemo.o
                0x2000537c                TestTransmitDummySplPacket
 .text.TestTransmitSplPacket
                0x20005450      0x1f8 ./src/TestingDemos/TrxvuTestingDemo.o
                0x20005450                TestTransmitSplPacket
 .text.TestExitDump
                0x20005648       0x1c ./src/TestingDemos/TrxvuTestingDemo.o
                0x20005648                TestExitDump
 .text.TestDumpTelemetry
                0x20005664       0xb0 ./src/TestingDemos/TrxvuTestingDemo.o
                0x20005664                TestDumpTelemetry
 .text.TestRestoreDefaultBeaconParameters
                0x20005714       0x1c ./src/TestingDemos/TrxvuTestingDemo.o
                0x20005714                TestRestoreDefaultBeaconParameters
 .text.TestChooseDefaultBeaconCycle
                0x20005730       0xe0 ./src/TestingDemos/TrxvuTestingDemo.o
                0x20005730                TestChooseDefaultBeaconCycle
 .text.TestBeaconLogic
                0x20005810       0xd8 ./src/TestingDemos/TrxvuTestingDemo.o
                0x20005810                TestBeaconLogic
 .text.TestMuteTrxvu
                0x200058e8       0x9c ./src/TestingDemos/TrxvuTestingDemo.o
                0x200058e8                TestMuteTrxvu
 .text.TestUnMuteTrxvu
                0x20005984       0x30 ./src/TestingDemos/TrxvuTestingDemo.o
                0x20005984                TestUnMuteTrxvu
 .text.TestGetNumberOfFramesInBuffer
                0x200059b4       0x54 ./src/TestingDemos/TrxvuTestingDemo.o
                0x200059b4                TestGetNumberOfFramesInBuffer
 .text.TestSetTrxvuBitrate
                0x20005a08       0xf0 ./src/TestingDemos/TrxvuTestingDemo.o
                0x20005a08                TestSetTrxvuBitrate
 .text.TestGetTrxvuBitrate
                0x20005af8       0xb0 ./src/TestingDemos/TrxvuTestingDemo.o
                0x20005af8                TestGetTrxvuBitrate
 .text.TestTransmitDataAsSPL_Packet
                0x20005ba8      0x114 ./src/TestingDemos/TrxvuTestingDemo.o
                0x20005ba8                TestTransmitDataAsSPL_Packet
 .text.selectAndExecuteTrxvuDemoTest
                0x20005cbc      0x28c ./src/TestingDemos/TrxvuTestingDemo.o
                0x20005cbc                selectAndExecuteTrxvuDemoTest
 .text.MainTrxvuTestBench
                0x20005f48       0x44 ./src/TestingDemos/TrxvuTestingDemo.o
                0x20005f48                MainTrxvuTestBench
 .text.GetBatteryVoltage
                0x20005f8c       0x64 ./src/SubSystemModules/PowerManagment/EPS.o
                0x20005f8c                GetBatteryVoltage
 .text.EPS_Init
                0x20005ff0       0xe0 ./src/SubSystemModules/PowerManagment/EPS.o
                0x20005ff0                EPS_Init
 .text.EPS_Conditioning
                0x200060d0      0x1c4 ./src/SubSystemModules/PowerManagment/EPS.o
                0x200060d0                EPS_Conditioning
 .text.UpdateAlpha
                0x20006294       0xc8 ./src/SubSystemModules/PowerManagment/EPS.o
                0x20006294                UpdateAlpha
 .text.UpdateThresholdVoltages
                0x2000635c      0x204 ./src/SubSystemModules/PowerManagment/EPS.o
                0x2000635c                UpdateThresholdVoltages
 .text.GetThresholdVoltages
                0x20006560       0x70 ./src/SubSystemModules/PowerManagment/EPS.o
                0x20006560                GetThresholdVoltages
 .text.GetAlpha
                0x200065d0       0x6c ./src/SubSystemModules/PowerManagment/EPS.o
                0x200065d0                GetAlpha
 .text.RestoreDefaultThresholdVoltages
                0x2000663c       0x6c ./src/SubSystemModules/PowerManagment/EPS.o
                0x2000663c                RestoreDefaultThresholdVoltages
 .text.EnterFullMode
                0x200066a8       0x44 ./src/SubSystemModules/PowerManagment/EPSOperationModes.o
                0x200066a8                EnterFullMode
 .text.EnterCruiseMode
                0x200066ec       0x44 ./src/SubSystemModules/PowerManagment/EPSOperationModes.o
                0x200066ec                EnterCruiseMode
 .text.EnterSafeMode
                0x20006730       0x44 ./src/SubSystemModules/PowerManagment/EPSOperationModes.o
                0x20006730                EnterSafeMode
 .text.EnterCriticalMode
                0x20006774       0x44 ./src/SubSystemModules/PowerManagment/EPSOperationModes.o
                0x20006774                EnterCriticalMode
 .text.GetSystemState
                0x200067b8       0x24 ./src/SubSystemModules/PowerManagment/EPSOperationModes.o
                0x200067b8                GetSystemState
 .text.GetSystemChannelState
                0x200067dc       0x24 ./src/SubSystemModules/PowerManagment/EPSOperationModes.o
                0x200067dc                GetSystemChannelState
 .text.EpsGetLowVoltageFlag
                0x20006800       0x24 ./src/SubSystemModules/PowerManagment/EPSOperationModes.o
                0x20006800                EpsGetLowVoltageFlag
 .text.EpsSetLowVoltageFlag
                0x20006824       0x2c ./src/SubSystemModules/PowerManagment/EPSOperationModes.o
                0x20006824                EpsSetLowVoltageFlag
 .text.CheckExecutionTime
                0x20006850       0x78 ./src/SubSystemModules/Maintenance/Maintenance.o
                0x20006850                CheckExecutionTime
 .text.SaveSatTimeInFRAM
                0x200068c8       0x44 ./src/SubSystemModules/Maintenance/Maintenance.o
                0x200068c8                SaveSatTimeInFRAM
 .text.WakeupFromResetCMD
                0x2000690c      0x120 ./src/SubSystemModules/Maintenance/Maintenance.o
                0x2000690c                WakeupFromResetCMD
 .text.ResetGroundCommWDT
                0x20006a2c       0x1c ./src/SubSystemModules/Maintenance/Maintenance.o
                0x20006a2c                ResetGroundCommWDT
 .text.DeleteOldFiels
                0x20006a48      0x33c ./src/SubSystemModules/Maintenance/Maintenance.o
                0x20006a48                DeleteOldFiels
 .text.InitSavePeriodTimes
                0x20006d84       0xc0 ./src/SubSystemModules/Housekepping/TelemetryCollector.o
                0x20006d84                InitSavePeriodTimes
 .text.TelemetryCollectorLogic
                0x20006e44      0x1f0 ./src/SubSystemModules/Housekepping/TelemetryCollector.o
                0x20006e44                TelemetryCollectorLogic
 .text.TelemetrySaveEPS
                0x20007034       0xf4 ./src/SubSystemModules/Housekepping/TelemetryCollector.o
                0x20007034                TelemetrySaveEPS
 .text.TelemetrySaveTRXVU
                0x20007128       0x84 ./src/SubSystemModules/Housekepping/TelemetryCollector.o
                0x20007128                TelemetrySaveTRXVU
 .text.TelemetrySaveANT
                0x200071ac       0xa4 ./src/SubSystemModules/Housekepping/TelemetryCollector.o
                0x200071ac                TelemetrySaveANT
 .text.TelemetrySaveSolarPanels
                0x20007250      0x1c4 ./src/SubSystemModules/Housekepping/TelemetryCollector.o
                0x20007250                TelemetrySaveSolarPanels
 .text.TelemetrySaveWOD
                0x20007414       0xa0 ./src/SubSystemModules/Housekepping/TelemetryCollector.o
                0x20007414                TelemetrySaveWOD
 .text.GetCurrentWODTelemetry
                0x200074b4      0x4b0 ./src/SubSystemModules/Housekepping/TelemetryCollector.o
                0x200074b4                GetCurrentWODTelemetry
 .text.CMD_DeleteTLM
                0x20007964      0x1f4 ./src/SubSystemModules/Communication/SubsystemCommands/FS_Commands.o
                0x20007964                CMD_DeleteTLM
 .text.CMD_GenericI2C
                0x20007b58      0x150 ./src/SubSystemModules/Communication/SubsystemCommands/Maintanence_Commands.o
                0x20007b58                CMD_GenericI2C
 .text.CMD_FRAM_ReadAndTransmitt
                0x20007ca8      0x100 ./src/SubSystemModules/Communication/SubsystemCommands/Maintanence_Commands.o
                0x20007ca8                CMD_FRAM_ReadAndTransmitt
 .text.CMD_FRAM_WriteAndTransmitt
                0x20007da8      0x124 ./src/SubSystemModules/Communication/SubsystemCommands/Maintanence_Commands.o
                0x20007da8                CMD_FRAM_WriteAndTransmitt
 .text.CMD_UpdateSatTime
                0x20007ecc       0xa0 ./src/SubSystemModules/Communication/SubsystemCommands/Maintanence_Commands.o
                0x20007ecc                CMD_UpdateSatTime
 .text.CMD_ResetComponent
                0x20007f6c      0x2a4 ./src/SubSystemModules/Communication/SubsystemCommands/Maintanence_Commands.o
                0x20007f6c                CMD_ResetComponent
 .text.DumpTask
                0x20008210      0x2cc ./src/SubSystemModules/Communication/SubsystemCommands/TRXVU_Commands.o
                0x20008210                DumpTask
 .text.CMD_AntennaDeploy
                0x200084dc       0xcc ./src/SubSystemModules/Communication/SubsystemCommands/TRXVU_Commands.o
                0x200084dc                CMD_AntennaDeploy
 .text.CMD_StartDump
                0x200085a8      0x1ec ./src/SubSystemModules/Communication/SubsystemCommands/TRXVU_Commands.o
                0x200085a8                CMD_StartDump
 .text.CMD_SendDumpAbortRequest
                0x20008794       0x38 ./src/SubSystemModules/Communication/SubsystemCommands/TRXVU_Commands.o
                0x20008794                CMD_SendDumpAbortRequest
 .text.CMD_ForceDumpAbort
                0x200087cc       0x3c ./src/SubSystemModules/Communication/SubsystemCommands/TRXVU_Commands.o
                0x200087cc                CMD_ForceDumpAbort
 .text.CMD_MuteTRXVU
                0x20008808       0x7c ./src/SubSystemModules/Communication/SubsystemCommands/TRXVU_Commands.o
                0x20008808                CMD_MuteTRXVU
 .text.CMD_SetIdleState
                0x20008884       0x94 ./src/SubSystemModules/Communication/SubsystemCommands/TRXVU_Commands.o
                0x20008884                CMD_SetIdleState
 .text.CMD_UnMuteTRXVU
                0x20008918       0x38 ./src/SubSystemModules/Communication/SubsystemCommands/TRXVU_Commands.o
                0x20008918                CMD_UnMuteTRXVU
 .text.CMD_GetBaudRate
                0x20008950       0x68 ./src/SubSystemModules/Communication/SubsystemCommands/TRXVU_Commands.o
                0x20008950                CMD_GetBaudRate
 .text.CMD_GetBeaconInterval
                0x200089b8       0x6c ./src/SubSystemModules/Communication/SubsystemCommands/TRXVU_Commands.o
                0x200089b8                CMD_GetBeaconInterval
 .text.CMD_SetBaudRate
                0x20008a24       0x60 ./src/SubSystemModules/Communication/SubsystemCommands/TRXVU_Commands.o
                0x20008a24                CMD_SetBaudRate
 .text.CMD_GetTxUptime
                0x20008a84       0x64 ./src/SubSystemModules/Communication/SubsystemCommands/TRXVU_Commands.o
                0x20008a84                CMD_GetTxUptime
 .text.CMD_GetRxUptime
                0x20008ae8       0x64 ./src/SubSystemModules/Communication/SubsystemCommands/TRXVU_Commands.o
                0x20008ae8                CMD_GetRxUptime
 .text.CMD_GetNumOfOnlineCommands
                0x20008b4c       0x64 ./src/SubSystemModules/Communication/SubsystemCommands/TRXVU_Commands.o
                0x20008b4c                CMD_GetNumOfOnlineCommands
 .text.CMD_AntSetArmStatus
                0x20008bb0       0xa0 ./src/SubSystemModules/Communication/SubsystemCommands/TRXVU_Commands.o
                0x20008bb0                CMD_AntSetArmStatus
 .text.CMD_AntGetArmStatus
                0x20008c50       0x70 ./src/SubSystemModules/Communication/SubsystemCommands/TRXVU_Commands.o
                0x20008c50                CMD_AntGetArmStatus
 .text.CMD_AntGetUptime
                0x20008cc0       0x78 ./src/SubSystemModules/Communication/SubsystemCommands/TRXVU_Commands.o
                0x20008cc0                CMD_AntGetUptime
 .text.CMD_StopReDeployment
                0x20008d38       0x9c ./src/SubSystemModules/Communication/SubsystemCommands/TRXVU_Commands.o
                0x20008d38                CMD_StopReDeployment
 .text.CMD_AntCancelDeployment
                0x20008dd4       0x68 ./src/SubSystemModules/Communication/SubsystemCommands/TRXVU_Commands.o
                0x20008dd4                CMD_AntCancelDeployment
 .text.SendAckPacket
                0x20008e3c       0xe0 ./src/SubSystemModules/Communication/AckHandler.o
                0x20008e3c                SendAckPacket
 .text.trxvu_command_router
                0x20008f1c      0x50c ./src/SubSystemModules/Communication/CommandDictionary.o
                0x20008f1c                trxvu_command_router
 .text.eps_command_router
                0x20009428       0x88 ./src/SubSystemModules/Communication/CommandDictionary.o
                0x20009428                eps_command_router
 .text.telemetry_command_router
                0x200094b0       0x90 ./src/SubSystemModules/Communication/CommandDictionary.o
                0x200094b0                telemetry_command_router
 .text.managment_command_router
                0x20009540       0xfc ./src/SubSystemModules/Communication/CommandDictionary.o
                0x20009540                managment_command_router
 .text.filesystem_command_router
                0x2000963c       0x24 ./src/SubSystemModules/Communication/CommandDictionary.o
                0x2000963c                filesystem_command_router
 .text.ParseDataToCommand
                0x20009660      0x1ac ./src/SubSystemModules/Communication/SatCommandHandler.o
                0x20009660                ParseDataToCommand
 .text.AssembleCommand
                0x2000980c      0x150 ./src/SubSystemModules/Communication/SatCommandHandler.o
                0x2000980c                AssembleCommand
 .text.GetDelayedCommand
                0x2000995c       0x24 ./src/SubSystemModules/Communication/SatCommandHandler.o
                0x2000995c                GetDelayedCommand
 .text.AddDelayedCommand
                0x20009980       0x24 ./src/SubSystemModules/Communication/SatCommandHandler.o
                0x20009980                AddDelayedCommand
 .text.GetDelayedCommandBufferCount
                0x200099a4       0x50 ./src/SubSystemModules/Communication/SatCommandHandler.o
                0x200099a4                GetDelayedCommandBufferCount
 .text.GetDelayedCommandByIndex
                0x200099f4       0x28 ./src/SubSystemModules/Communication/SatCommandHandler.o
                0x200099f4                GetDelayedCommandByIndex
 .text.DeleteDelayedCommandByIndex
                0x20009a1c       0x24 ./src/SubSystemModules/Communication/SatCommandHandler.o
                0x20009a1c                DeleteDelayedCommandByIndex
 .text.DeleteDelayedBuffer
                0x20009a40       0x1c ./src/SubSystemModules/Communication/SatCommandHandler.o
                0x20009a40                DeleteDelayedBuffer
 .text.ActUponCommand
                0x20009a5c       0xb4 ./src/SubSystemModules/Communication/SatCommandHandler.o
                0x20009a5c                ActUponCommand
 .text.InitTxModule
                0x20009b10       0x68 ./src/SubSystemModules/Communication/TRXVU.o
                0x20009b10                InitTxModule
 .text.CMD_SetBeaconInterval
                0x20009b78       0x98 ./src/SubSystemModules/Communication/TRXVU.o
                0x20009b78                CMD_SetBeaconInterval
 .text.InitBeaconParams
                0x20009c10       0x3c ./src/SubSystemModules/Communication/TRXVU.o
                0x20009c10                InitBeaconParams
 .text.InitSemaphores
                0x20009c4c       0x98 ./src/SubSystemModules/Communication/TRXVU.o
                0x20009c4c                InitSemaphores
 .text.InitTrxvu
                0x20009ce4      0x110 ./src/SubSystemModules/Communication/TRXVU.o
                0x20009ce4                InitTrxvu
 .text.checkIdleFinish
                0x20009df4       0x68 ./src/SubSystemModules/Communication/TRXVU.o
                0x20009df4                checkIdleFinish
 .text.TRX_Logic
                0x20009e5c       0xc4 ./src/SubSystemModules/Communication/TRXVU.o
                0x20009e5c                TRX_Logic
 .text.GetNumberOfFramesInBuffer
                0x20009f20       0x54 ./src/SubSystemModules/Communication/TRXVU.o
                0x20009f20                GetNumberOfFramesInBuffer
 .text.GetOnlineCommand
                0x20009f74      0x128 ./src/SubSystemModules/Communication/TRXVU.o
                0x20009f74                GetOnlineCommand
 .text.CheckTransmitionAllowed
                0x2000a09c       0xc4 ./src/SubSystemModules/Communication/TRXVU.o
                0x2000a09c                CheckTransmitionAllowed
 .text.FinishDump
                0x2000a160       0xa8 ./src/SubSystemModules/Communication/TRXVU.o
                0x2000a160                FinishDump
 .text.AbortDump
                0x2000a208       0x34 ./src/SubSystemModules/Communication/TRXVU.o
                0x2000a208                AbortDump
 .text.SendDumpAbortRequest
                0x2000a23c       0xc0 ./src/SubSystemModules/Communication/TRXVU.o
                0x2000a23c                SendDumpAbortRequest
 .text.BeaconLogic
                0x2000a2fc      0x1e0 ./src/SubSystemModules/Communication/TRXVU.o
                0x2000a2fc                BeaconLogic
 .text.SetIdleState
                0x2000a4dc       0xa8 ./src/SubSystemModules/Communication/TRXVU.o
                0x2000a4dc                SetIdleState
 .text.muteTRXVU
                0x2000a584       0x70 ./src/SubSystemModules/Communication/TRXVU.o
                0x2000a584                muteTRXVU
 .text.UnMuteTRXVU
                0x2000a5f4       0x24 ./src/SubSystemModules/Communication/TRXVU.o
                0x2000a5f4                UnMuteTRXVU
 .text.TransmitDataAsSPL_Packet
                0x2000a618      0x104 ./src/SubSystemModules/Communication/TRXVU.o
                0x2000a618                TransmitDataAsSPL_Packet
 .text.TransmitSplPacket
                0x2000a71c      0x1b4 ./src/SubSystemModules/Communication/TRXVU.o
                0x2000a71c                TransmitSplPacket
 .text.isFirstActivation
                0x2000a8d0       0x38 ./src/InitSystem.o
                0x2000a8d0                isFirstActivation
 .text.WriteDefaultValuesToFRAM
                0x2000a908      0x1c0 ./src/InitSystem.o
                0x2000a908                WriteDefaultValuesToFRAM
 .text.StartFRAM
                0x2000aac8       0x24 ./src/InitSystem.o
                0x2000aac8                StartFRAM
 .text.StartI2C
                0x2000aaec       0x30 ./src/InitSystem.o
                0x2000aaec                StartI2C
 .text.StartSPI
                0x2000ab1c       0x2c ./src/InitSystem.o
                0x2000ab1c                StartSPI
 .text.StartTIME
                0x2000ab48       0xb0 ./src/InitSystem.o
                0x2000ab48                StartTIME
 .text.DeploySystem
                0x2000abf8      0x140 ./src/InitSystem.o
                0x2000abf8                DeploySystem
 .text.InitSubsystems
                0x2000ad38       0x48 ./src/InitSystem.o
                0x2000ad38                InitSubsystems
 .text.delete_allTMFilesFromSD
                0x2000ad80       0x58 ./src/TLM_management.o
                0x2000ad80                delete_allTMFilesFromSD
 .text.deleteTLMFiles
                0x2000add8       0x94 ./src/TLM_management.o
                0x2000add8                deleteTLMFiles
 .text.deleteTLMFile
                0x2000ae6c       0xc0 ./src/TLM_management.o
                0x2000ae6c                deleteTLMFile
 .text.InitializeFS
                0x2000af2c       0xd0 ./src/TLM_management.o
                0x2000af2c                InitializeFS
 .text.calculateFileName
                0x2000affc      0x108 ./src/TLM_management.o
                0x2000affc                calculateFileName
 .text.getTlmTypeInfo
                0x2000b104      0x230 ./src/TLM_management.o
                0x2000b104                getTlmTypeInfo
 .text.write2File
                0x2000b334      0x150 ./src/TLM_management.o
                0x2000b334                write2File
 .text.printTLM
                0x2000b484      0x648 ./src/TLM_management.o
                0x2000b484                printTLM
 .text.readTLMFile
                0x2000bacc      0x2f4 ./src/TLM_management.o
                0x2000bacc                readTLMFile
 .text.readTLMFiles
                0x2000bdc0       0xac ./src/TLM_management.o
                0x2000bdc0                readTLMFiles
 .text.readTLMFileTimeRange
                0x2000be6c      0x2e8 ./src/TLM_management.o
                0x2000be6c                readTLMFileTimeRange
 .text.DeInitializeFS
                0x2000c154       0x14 ./src/TLM_management.o
                0x2000c154                DeInitializeFS
 .text.main     0x2000c168       0x98 ./src/main.o
                0x2000c168                main
 .text.timeU2time
                0x2000c200       0xbc ./src/utils.o
                0x2000c200                timeU2time
 .text.logError
                0x2000c2bc      0x138 ./src/utils.o
                0x2000c2bc                logError
 .text.validateTransferParameters
                0x2000c3f4      0x10c C:/ISIS/workspace_ycube/GlobusSatProject/..//hal/hal/lib\libHALD.a(I2C.o)
 .text.I2C_queueTransfer
                0x2000c500       0xfc C:/ISIS/workspace_ycube/GlobusSatProject/..//hal/hal/lib\libHALD.a(I2C.o)
                0x2000c500                I2C_queueTransfer
 .text.I2C_internalCallback
                0x2000c5fc       0x64 C:/ISIS/workspace_ycube/GlobusSatProject/..//hal/hal/lib\libHALD.a(I2C.o)
 .text.I2C_doBlockingTransfer
                0x2000c660      0x180 C:/ISIS/workspace_ycube/GlobusSatProject/..//hal/hal/lib\libHALD.a(I2C.o)
 .text.I2C_write
                0x2000c7e0      0x110 C:/ISIS/workspace_ycube/GlobusSatProject/..//hal/hal/lib\libHALD.a(I2C.o)
                0x2000c7e0                I2C_write
 .text.I2C_read
                0x2000c8f0      0x110 C:/ISIS/workspace_ycube/GlobusSatProject/..//hal/hal/lib\libHALD.a(I2C.o)
                0x2000c8f0                I2C_read
 .text.I2C_writeRead
                0x2000ca00      0x17c C:/ISIS/workspace_ycube/GlobusSatProject/..//hal/hal/lib\libHALD.a(I2C.o)
                0x2000ca00                I2C_writeRead
 .text.I2C_start
                0x2000cb7c      0x2e8 C:/ISIS/workspace_ycube/GlobusSatProject/..//hal/hal/lib\libHALD.a(I2C.o)
                0x2000cb7c                I2C_start
 .text.I2C_stop
                0x2000ce64      0x184 C:/ISIS/workspace_ycube/GlobusSatProject/..//hal/hal/lib\libHALD.a(I2C.o)
                0x2000ce64                I2C_stop
 .text.I2C_setTransferTimeout
                0x2000cfe8       0x48 C:/ISIS/workspace_ycube/GlobusSatProject/..//hal/hal/lib\libHALD.a(I2C.o)
                0x2000cfe8                I2C_setTransferTimeout
 .text.clearPDCtransfers
                0x2000d030       0xe8 C:/ISIS/workspace_ycube/GlobusSatProject/..//hal/hal/lib\libHALD.a(SPI.o)
 .text.SPI_start
                0x2000d118      0x4b0 C:/ISIS/workspace_ycube/GlobusSatProject/..//hal/hal/lib\libHALD.a(SPI.o)
                0x2000d118                SPI_start
 .text.SPI_stop
                0x2000d5c8      0x244 C:/ISIS/workspace_ycube/GlobusSatProject/..//hal/hal/lib\libHALD.a(SPI.o)
                0x2000d5c8                SPI_stop
 .text.SPI_queueTransfer
                0x2000d80c      0x1cc C:/ISIS/workspace_ycube/GlobusSatProject/..//hal/hal/lib\libHALD.a(SPI.o)
                0x2000d80c                SPI_queueTransfer
 .text.SPI_internalCallback
                0x2000d9d8       0x64 C:/ISIS/workspace_ycube/GlobusSatProject/..//hal/hal/lib\libHALD.a(SPI.o)
 .text.SPI_writeRead
                0x2000da3c      0x1c0 C:/ISIS/workspace_ycube/GlobusSatProject/..//hal/hal/lib\libHALD.a(SPI.o)
                0x2000da3c                SPI_writeRead
 .text.waitForTransfer
                0x2000dbfc       0x78 C:/ISIS/workspace_ycube/GlobusSatProject/..//hal/hal/lib\libHALD.a(SPI.o)
 .text.SPI_getDriverState
                0x2000dc74       0x58 C:/ISIS/workspace_ycube/GlobusSatProject/..//hal/hal/lib\libHALD.a(SPI.o)
                0x2000dc74                SPI_getDriverState
 .text.FRAM_start
                0x2000dccc      0x120 C:/ISIS/workspace_ycube/GlobusSatProject/..//hal/hal/lib\libHALD.a(FRAM.o)
                0x2000dccc                FRAM_start
 .text.FRAM_dummyCallback
                0x2000ddec       0x24 C:/ISIS/workspace_ycube/GlobusSatProject/..//hal/hal/lib\libHALD.a(FRAM.o)
                0x2000ddec                FRAM_dummyCallback
 .text.FRAM_unlockingCallback
                0x2000de10       0x64 C:/ISIS/workspace_ycube/GlobusSatProject/..//hal/hal/lib\libHALD.a(FRAM.o)
                0x2000de10                FRAM_unlockingCallback
 .text.doBlockingTransfer
                0x2000de74       0x78 C:/ISIS/workspace_ycube/GlobusSatProject/..//hal/hal/lib\libHALD.a(FRAM.o)
 .text.FRAM_writePacket
                0x2000deec      0x144 C:/ISIS/workspace_ycube/GlobusSatProject/..//hal/hal/lib\libHALD.a(FRAM.o)
 .text.FRAM_write
                0x2000e030      0x1d8 C:/ISIS/workspace_ycube/GlobusSatProject/..//hal/hal/lib\libHALD.a(FRAM.o)
                0x2000e030                FRAM_write
 .text.FRAM_readPacket
                0x2000e208       0xf0 C:/ISIS/workspace_ycube/GlobusSatProject/..//hal/hal/lib\libHALD.a(FRAM.o)
 .text.FRAM_read
                0x2000e2f8      0x1e4 C:/ISIS/workspace_ycube/GlobusSatProject/..//hal/hal/lib\libHALD.a(FRAM.o)
                0x2000e2f8                FRAM_read
 .text.Time_start
                0x2000e4dc      0x150 C:/ISIS/workspace_ycube/GlobusSatProject/..//hal/hal/lib\libHALD.a(Time.o)
                0x2000e4dc                Time_start
 .text.taskTimeSync
                0x2000e62c       0x38 C:/ISIS/workspace_ycube/GlobusSatProject/..//hal/hal/lib\libHALD.a(Time.o)
 .text.Time_convertEpochToTime
                0x2000e664       0xf4 C:/ISIS/workspace_ycube/GlobusSatProject/..//hal/hal/lib\libHALD.a(Time.o)
                0x2000e664                Time_convertEpochToTime
 .text.Time_populateSecondsOfYear
                0x2000e758      0x188 C:/ISIS/workspace_ycube/GlobusSatProject/..//hal/hal/lib\libHALD.a(Time.o)
 .text.Time_set
                0x2000e8e0      0x110 C:/ISIS/workspace_ycube/GlobusSatProject/..//hal/hal/lib\libHALD.a(Time.o)
                0x2000e8e0                Time_set
 .text.Time_isLeapYear
                0x2000e9f0       0x98 C:/ISIS/workspace_ycube/GlobusSatProject/..//hal/hal/lib\libHALD.a(Time.o)
                0x2000e9f0                Time_isLeapYear
 .text.Time_get
                0x2000ea88      0x410 C:/ISIS/workspace_ycube/GlobusSatProject/..//hal/hal/lib\libHALD.a(Time.o)
                0x2000ea88                Time_get
 .text.Time_getUnixEpoch
                0x2000ee98       0xf4 C:/ISIS/workspace_ycube/GlobusSatProject/..//hal/hal/lib\libHALD.a(Time.o)
                0x2000ee98                Time_getUnixEpoch
 .text.Time_secondsOfYearToTime
                0x2000ef8c      0x328 C:/ISIS/workspace_ycube/GlobusSatProject/..//hal/hal/lib\libHALD.a(Time.o)
 .text.Time_setUnixEpoch
                0x2000f2b4       0x54 C:/ISIS/workspace_ycube/GlobusSatProject/..//hal/hal/lib\libHALD.a(Time.o)
                0x2000f2b4                Time_setUnixEpoch
 .text.Time_getUptimeSeconds
                0x2000f308       0x28 C:/ISIS/workspace_ycube/GlobusSatProject/..//hal/hal/lib\libHALD.a(Time.o)
                0x2000f308                Time_getUptimeSeconds
 .text.Time_sync
                0x2000f330      0x2d8 C:/ISIS/workspace_ycube/GlobusSatProject/..//hal/hal/lib\libHALD.a(Time.o)
                0x2000f330                Time_sync
 .text.Time_syncIfNeeded
                0x2000f608       0x90 C:/ISIS/workspace_ycube/GlobusSatProject/..//hal/hal/lib\libHALD.a(Time.o)
                0x2000f608                Time_syncIfNeeded
 .text.Time_setSyncInterval
                0x2000f698       0x38 C:/ISIS/workspace_ycube/GlobusSatProject/..//hal/hal/lib\libHALD.a(Time.o)
                0x2000f698                Time_setSyncInterval
 .text.WDT_start
                0x2000f6d0       0x48 C:/ISIS/workspace_ycube/GlobusSatProject/..//hal/hal/lib\libHALD.a(WatchDogTimerNoOS.o)
                0x2000f6d0                WDT_start
 .text.WDT_startWatchdogKickTask
                0x2000f718       0xb4 C:/ISIS/workspace_ycube/GlobusSatProject/..//hal/hal/lib\libHALD.a(WatchDogTimerOS.o)
                0x2000f718                WDT_startWatchdogKickTask
 .text.WDT_forceKickEveryNms
                0x2000f7cc       0x50 C:/ISIS/workspace_ycube/GlobusSatProject/..//hal/hal/lib\libHALD.a(WatchDogTimerOS.o)
                0x2000f7cc                WDT_forceKickEveryNms
 .text.UTIL_DbguGetInteger
                0x2000f81c      0x12c C:/ISIS/workspace_ycube/GlobusSatProject/..//hal/hal/lib\libHALD.a(util.o)
                0x2000f81c                UTIL_DbguGetInteger
 .text.UTIL_DbguGetIntegerMinMax
                0x2000f948       0xa4 C:/ISIS/workspace_ycube/GlobusSatProject/..//hal/hal/lib\libHALD.a(util.o)
                0x2000f948                UTIL_DbguGetIntegerMinMax
 .text.LED_glow
                0x2000f9ec       0x58 C:/ISIS/workspace_ycube/GlobusSatProject/..//hal/hal/lib\libHALD.a(LED.o)
                0x2000f9ec                LED_glow
 .text.LED_dark
                0x2000fa44       0x58 C:/ISIS/workspace_ycube/GlobusSatProject/..//hal/hal/lib\libHALD.a(LED.o)
                0x2000fa44                LED_dark
 .text.LED_toggle
                0x2000fa9c       0x50 C:/ISIS/workspace_ycube/GlobusSatProject/..//hal/hal/lib\libHALD.a(LED.o)
                0x2000fa9c                LED_toggle
 .text.RTC_start
                0x2000faec       0x3c C:/ISIS/workspace_ycube/GlobusSatProject/..//hal/hal/lib\libHALD.a(RTC.o)
                0x2000faec                RTC_start
 .text.RTC_setTime
                0x2000fb28      0x2a4 C:/ISIS/workspace_ycube/GlobusSatProject/..//hal/hal/lib\libHALD.a(RTC.o)
                0x2000fb28                RTC_setTime
 .text.RTC_getTime
                0x2000fdcc      0x224 C:/ISIS/workspace_ycube/GlobusSatProject/..//hal/hal/lib\libHALD.a(RTC.o)
                0x2000fdcc                RTC_getTime
 .text.RTC_checkTimeValid
                0x2000fff0       0xdc C:/ISIS/workspace_ycube/GlobusSatProject/..//hal/hal/lib\libHALD.a(RTC.o)
                0x2000fff0                RTC_checkTimeValid
 .text.RTT_start
                0x200100cc       0x24 C:/ISIS/workspace_ycube/GlobusSatProject/..//hal/hal/lib\libHALD.a(RTT.o)
                0x200100cc                RTT_start
 .text.fn_init  0x200100f0      0x2dc C:/ISIS/workspace_ycube/GlobusSatProject/..//hal/hcc/lib\libHCCD.a(fat_common.o)
                0x200100f0                fn_init
 .text._f_get16bitl
                0x200103cc       0x4c C:/ISIS/workspace_ycube/GlobusSatProject/..//hal/hcc/lib\libHCCD.a(fat_common.o)
                0x200103cc                _f_get16bitl
 .text._f_set16bitl
                0x20010418       0x54 C:/ISIS/workspace_ycube/GlobusSatProject/..//hal/hcc/lib\libHCCD.a(fat_common.o)
                0x20010418                _f_set16bitl
 .text._f_get32bitl
                0x2001046c       0x68 C:/ISIS/workspace_ycube/GlobusSatProject/..//hal/hcc/lib\libHCCD.a(fat_common.o)
                0x2001046c                _f_get32bitl
 .text._f_set32bitl
                0x200104d4       0x78 C:/ISIS/workspace_ycube/GlobusSatProject/..//hal/hcc/lib\libHCCD.a(fat_common.o)
                0x200104d4                _f_set32bitl
 .text._get8bit
                0x2001054c       0xa0 C:/ISIS/workspace_ycube/GlobusSatProject/..//hal/hcc/lib\libHCCD.a(fat_common.o)
 .text._get16bitl
                0x200105ec       0x40 C:/ISIS/workspace_ycube/GlobusSatProject/..//hal/hcc/lib\libHCCD.a(fat_common.o)
 .text._get32bitl
                0x2001062c       0x3c C:/ISIS/workspace_ycube/GlobusSatProject/..//hal/hcc/lib\libHCCD.a(fat_common.o)
 .text._f_setcardremoved
                0x20010668       0x94 C:/ISIS/workspace_ycube/GlobusSatProject/..//hal/hcc/lib\libHCCD.a(fat_common.o)
 .text._f_checkstatus
                0x200106fc      0x104 C:/ISIS/workspace_ycube/GlobusSatProject/..//hal/hcc/lib\libHCCD.a(fat_common.o)
                0x200106fc                _f_checkstatus
 .text._f_drvgetphy
                0x20010800      0x114 C:/ISIS/workspace_ycube/GlobusSatProject/..//hal/hcc/lib\libHCCD.a(fat_common.o)
 .text._f_drvwritesector
                0x20010914       0xdc C:/ISIS/workspace_ycube/GlobusSatProject/..//hal/hcc/lib\libHCCD.a(fat_common.o)
 .text._f_drvreadsector
                0x200109f0       0xa8 C:/ISIS/workspace_ycube/GlobusSatProject/..//hal/hcc/lib\libHCCD.a(fat_common.o)
 .text._f_writesector
                0x20010a98      0x23c C:/ISIS/workspace_ycube/GlobusSatProject/..//hal/hcc/lib\libHCCD.a(fat_common.o)
                0x20010a98                _f_writesector
 .text._f_readsector
                0x20010cd4      0x1dc C:/ISIS/workspace_ycube/GlobusSatProject/..//hal/hcc/lib\libHCCD.a(fat_common.o)
                0x20010cd4                _f_readsector
 .text._f_getmaxcluster
                0x20010eb0       0x94 C:/ISIS/workspace_ycube/GlobusSatProject/..//hal/hcc/lib\libHCCD.a(fat_common.o)
                0x20010eb0                _f_getmaxcluster
 .text._getsectorfromcluster
                0x20010f44       0x68 C:/ISIS/workspace_ycube/GlobusSatProject/..//hal/hcc/lib\libHCCD.a(fat_common.o)
 .text._f_buildsectors
                0x20010fac      0x268 C:/ISIS/workspace_ycube/GlobusSatProject/..//hal/hcc/lib\libHCCD.a(fat_common.o)
 .text._f_getbootrecord
                0x20011214      0x5e4 C:/ISIS/workspace_ycube/GlobusSatProject/..//hal/hcc/lib\libHCCD.a(fat_common.o)
 .text._f_readbootrecord
                0x200117f8      0x4f8 C:/ISIS/workspace_ycube/GlobusSatProject/..//hal/hcc/lib\libHCCD.a(fat_common.o)
 .text._f_flushcffiles
                0x20011cf0      0x17c C:/ISIS/workspace_ycube/GlobusSatProject/..//hal/hcc/lib\libHCCD.a(fat_common.o)
                0x20011cf0                _f_flushcffiles
 .text._f_fatcache_flush
                0x20011e6c      0x270 C:/ISIS/workspace_ycube/GlobusSatProject/..//hal/hcc/lib\libHCCD.a(fat_common.o)
                0x20011e6c                _f_fatcache_flush
 .text._f_writefatsector
                0x200120dc      0x100 C:/ISIS/workspace_ycube/GlobusSatProject/..//hal/hcc/lib\libHCCD.a(fat_common.o)
                0x200120dc                _f_writefatsector
 .text._f_getfatsector
                0x200121dc      0x3bc C:/ISIS/workspace_ycube/GlobusSatProject/..//hal/hcc/lib\libHCCD.a(fat_common.o)
 .text._f_setclustervalue
                0x20012598      0x490 C:/ISIS/workspace_ycube/GlobusSatProject/..//hal/hcc/lib\libHCCD.a(fat_common.o)
                0x20012598                _f_setclustervalue
 .text._f_getclustervalue
                0x20012a28      0x388 C:/ISIS/workspace_ycube/GlobusSatProject/..//hal/hcc/lib\libHCCD.a(fat_common.o)
                0x20012a28                _f_getclustervalue
 .text._f_close_drive_files
                0x20012db0       0xac C:/ISIS/workspace_ycube/GlobusSatProject/..//hal/hcc/lib\libHCCD.a(fat_common.o)
 .text._f_inc_mount_count
                0x20012e5c       0xa4 C:/ISIS/workspace_ycube/GlobusSatProject/..//hal/hcc/lib\libHCCD.a(fat_common.o)
 .text._f_getvolume
                0x20012f00      0x2f8 C:/ISIS/workspace_ycube/GlobusSatProject/..//hal/hcc/lib\libHCCD.a(fat_common.o)
                0x20012f00                _f_getvolume
 .text.fn_createdriver
                0x200131f8      0x118 C:/ISIS/workspace_ycube/GlobusSatProject/..//hal/hcc/lib\libHCCD.a(fat_common.o)
                0x200131f8                fn_createdriver
 .text.fn_initvolume
                0x20013310      0x12c C:/ISIS/workspace_ycube/GlobusSatProject/..//hal/hcc/lib\libHCCD.a(fat_common.o)
                0x20013310                fn_initvolume
 .text.fn_initvolumepartition_sub
                0x2001343c       0xe0 C:/ISIS/workspace_ycube/GlobusSatProject/..//hal/hcc/lib\libHCCD.a(fat_common.o)
 .text.fn_initvolumepartition
                0x2001351c       0xac C:/ISIS/workspace_ycube/GlobusSatProject/..//hal/hcc/lib\libHCCD.a(fat_common.o)
                0x2001351c                fn_initvolumepartition
 .text._f_clustertopos
                0x200135c8       0xf8 C:/ISIS/workspace_ycube/GlobusSatProject/..//hal/hcc/lib\libHCCD.a(fat_common.o)
                0x200135c8                _f_clustertopos
 .text._f_getcurrsector
                0x200136c0      0x6c8 C:/ISIS/workspace_ycube/GlobusSatProject/..//hal/hcc/lib\libHCCD.a(fat_common.o)
                0x200136c0                _f_getcurrsector
 .text._f_getdecluster
                0x20013d88       0x90 C:/ISIS/workspace_ycube/GlobusSatProject/..//hal/hcc/lib\libHCCD.a(fat_common.o)
                0x20013d88                _f_getdecluster
 .text._f_setdecluster
                0x20013e18       0x8c C:/ISIS/workspace_ycube/GlobusSatProject/..//hal/hcc/lib\libHCCD.a(fat_common.o)
                0x20013e18                _f_setdecluster
 .text.fn_getdrive
                0x20013ea4       0x30 C:/ISIS/workspace_ycube/GlobusSatProject/..//hal/hcc/lib\libHCCD.a(fat_common.o)
                0x20013ea4                fn_getdrive
 .text._f_getcurrenttimedate
                0x20013ed4      0x138 C:/ISIS/workspace_ycube/GlobusSatProject/..//hal/hcc/lib\libHCCD.a(fat_common.o)
                0x20013ed4                _f_getcurrenttimedate
 .text._f_initentry
                0x2001400c       0xa0 C:/ISIS/workspace_ycube/GlobusSatProject/..//hal/hcc/lib\libHCCD.a(fat_common.o)
                0x2001400c                _f_initentry
 .text._f_alloccluster
                0x200140ac      0x344 C:/ISIS/workspace_ycube/GlobusSatProject/..//hal/hcc/lib\libHCCD.a(fat_common.o)
                0x200140ac                _f_alloccluster
 .text._f_dobadblock
                0x200143f0      0x2cc C:/ISIS/workspace_ycube/GlobusSatProject/..//hal/hcc/lib\libHCCD.a(fat_common.o)
                0x200143f0                _f_dobadblock
 .text._f_checklocked
                0x200146bc       0xe4 C:/ISIS/workspace_ycube/GlobusSatProject/..//hal/hcc/lib\libHCCD.a(fat_common.o)
                0x200146bc                _f_checklocked
 .text._f_checkappendlocked
                0x200147a0      0x110 C:/ISIS/workspace_ycube/GlobusSatProject/..//hal/hcc/lib\libHCCD.a(fat_common.o)
                0x200147a0                _f_checkappendlocked
 .text._f_setsyncafile
                0x200148b0      0x114 C:/ISIS/workspace_ycube/GlobusSatProject/..//hal/hcc/lib\libHCCD.a(fat_common.o)
                0x200148b0                _f_setsyncafile
 .text._f_syncfiles
                0x200149c4      0x128 C:/ISIS/workspace_ycube/GlobusSatProject/..//hal/hcc/lib\libHCCD.a(fat_common.o)
                0x200149c4                _f_syncfiles
 .text._f_syncfilescontent
                0x20014aec      0x15c C:/ISIS/workspace_ycube/GlobusSatProject/..//hal/hcc/lib\libHCCD.a(fat_common.o)
 .text.fn_getfreespace
                0x20014c48      0x4c0 C:/ISIS/workspace_ycube/GlobusSatProject/..//hal/hcc/lib\libHCCD.a(fat_common.o)
                0x20014c48                fn_getfreespace
 .text._f_emptywritecache
                0x20015108      0x4a4 C:/ISIS/workspace_ycube/GlobusSatProject/..//hal/hcc/lib\libHCCD.a(fat_common.o)
 .text._f_allocnextcluster
                0x200155ac      0x54c C:/ISIS/workspace_ycube/GlobusSatProject/..//hal/hcc/lib\libHCCD.a(fat_common.o)
 .text._f_emptywritebuffer
                0x20015af8      0x20c C:/ISIS/workspace_ycube/GlobusSatProject/..//hal/hcc/lib\libHCCD.a(fat_common.o)
 .text._f_writezeros
                0x20015d04       0xf0 C:/ISIS/workspace_ycube/GlobusSatProject/..//hal/hcc/lib\libHCCD.a(fat_common.o)
                0x20015d04                _f_writezeros
 .text._f_extend_file
                0x20015df4      0x570 C:/ISIS/workspace_ycube/GlobusSatProject/..//hal/hcc/lib\libHCCD.a(fat_common.o)
 .text._f_fseek
                0x20016364      0x9bc C:/ISIS/workspace_ycube/GlobusSatProject/..//hal/hcc/lib\libHCCD.a(fat_common.o)
                0x20016364                _f_fseek
 .text._f_removechain
                0x20016d20      0x104 C:/ISIS/workspace_ycube/GlobusSatProject/..//hal/hcc/lib\libHCCD.a(fat_common.o)
                0x20016d20                _f_removechain
 .text._f_updatefileentry
                0x20016e24      0x1cc C:/ISIS/workspace_ycube/GlobusSatProject/..//hal/hcc/lib\libHCCD.a(fat_common.o)
 .text._f_checkreadlocked
                0x20016ff0      0x1bc C:/ISIS/workspace_ycube/GlobusSatProject/..//hal/hcc/lib\libHCCD.a(fat_common.o)
                0x20016ff0                _f_checkreadlocked
 .text._f_check_handle
                0x200171ac       0x98 C:/ISIS/workspace_ycube/GlobusSatProject/..//hal/hcc/lib\libHCCD.a(fat_common.o)
                0x200171ac                _f_check_handle
 .text._f_removesyncafile
                0x20017244      0x1ec C:/ISIS/workspace_ycube/GlobusSatProject/..//hal/hcc/lib\libHCCD.a(fat_common.o)
 .text.fn_close
                0x20017430      0x3f8 C:/ISIS/workspace_ycube/GlobusSatProject/..//hal/hcc/lib\libHCCD.a(fat_common.o)
                0x20017430                fn_close
 .text.fn_flush
                0x20017828      0x374 C:/ISIS/workspace_ycube/GlobusSatProject/..//hal/hcc/lib\libHCCD.a(fat_common.o)
                0x20017828                fn_flush
 .text.fn_read  0x20017b9c      0x690 C:/ISIS/workspace_ycube/GlobusSatProject/..//hal/hcc/lib\libHCCD.a(fat_common.o)
                0x20017b9c                fn_read
 .text._f_abortwrite
                0x2001822c      0x100 C:/ISIS/workspace_ycube/GlobusSatProject/..//hal/hcc/lib\libHCCD.a(fat_common.o)
 .text._f_checkwritecluster
                0x2001832c       0xe4 C:/ISIS/workspace_ycube/GlobusSatProject/..//hal/hcc/lib\libHCCD.a(fat_common.o)
 .text.fn_write
                0x20018410      0x8a8 C:/ISIS/workspace_ycube/GlobusSatProject/..//hal/hcc/lib\libHCCD.a(fat_common.o)
                0x20018410                fn_write
 .text.f_enterFS
                0x20018cb8      0x1c0 C:/ISIS/workspace_ycube/GlobusSatProject/..//hal/hcc/lib\libHCCD.a(fat_common.o)
                0x20018cb8                f_enterFS
 .text.fnGetTask
                0x20018e78       0xfc C:/ISIS/workspace_ycube/GlobusSatProject/..//hal/hcc/lib\libHCCD.a(fat_common.o)
                0x20018e78                fnGetTask
 .text._f_mutex_get
                0x20018f74       0x98 C:/ISIS/workspace_ycube/GlobusSatProject/..//hal/hcc/lib\libHCCD.a(fat_common.o)
                0x20018f74                _f_mutex_get
 .text._f_mutex_put
                0x2001900c       0x54 C:/ISIS/workspace_ycube/GlobusSatProject/..//hal/hcc/lib\libHCCD.a(fat_common.o)
                0x2001900c                _f_mutex_put
 .text._fn_initseekdivisor
                0x20019060      0x158 C:/ISIS/workspace_ycube/GlobusSatProject/..//hal/hcc/lib\libHCCD.a(fat_common.o)
                0x20019060                _fn_initseekdivisor
 .text._fn_updateseekpos
                0x200191b8       0xc4 C:/ISIS/workspace_ycube/GlobusSatProject/..//hal/hcc/lib\libHCCD.a(fat_common.o)
 .text._f_findopensize
                0x2001927c       0x2c C:/ISIS/workspace_ycube/GlobusSatProject/..//hal/hcc/lib\libHCCD.a(fat_common.o)
                0x2001927c                _f_findopensize
 .text.fn_setlasterror
                0x200192a8       0x34 C:/ISIS/workspace_ycube/GlobusSatProject/..//hal/hcc/lib\libHCCD.a(fat_common.o)
                0x200192a8                fn_setlasterror
 .text.fn_setlasterror_noret
                0x200192dc       0x2c C:/ISIS/workspace_ycube/GlobusSatProject/..//hal/hcc/lib\libHCCD.a(fat_common.o)
                0x200192dc                fn_setlasterror_noret
 .text.fm_initvolume
                0x20019308       0x70 C:/ISIS/workspace_ycube/GlobusSatProject/..//hal/hcc/lib\libHCCD.a(fat_m.o)
                0x20019308                fm_initvolume
 .text.fm_getdrive
                0x20019378       0x70 C:/ISIS/workspace_ycube/GlobusSatProject/..//hal/hcc/lib\libHCCD.a(fat_m.o)
                0x20019378                fm_getdrive
 .text.fm_getfreespace
                0x200193e8       0x68 C:/ISIS/workspace_ycube/GlobusSatProject/..//hal/hcc/lib\libHCCD.a(fat_m.o)
                0x200193e8                fm_getfreespace
 .text.fm_findfirst
                0x20019450       0x68 C:/ISIS/workspace_ycube/GlobusSatProject/..//hal/hcc/lib\libHCCD.a(fat_m.o)
                0x20019450                fm_findfirst
 .text.fm_findnext
                0x200194b8       0x60 C:/ISIS/workspace_ycube/GlobusSatProject/..//hal/hcc/lib\libHCCD.a(fat_m.o)
                0x200194b8                fm_findnext
 .text.fm_close
                0x20019518       0x60 C:/ISIS/workspace_ycube/GlobusSatProject/..//hal/hcc/lib\libHCCD.a(fat_m.o)
                0x20019518                fm_close
 .text.fm_flush
                0x20019578       0x60 C:/ISIS/workspace_ycube/GlobusSatProject/..//hal/hcc/lib\libHCCD.a(fat_m.o)
                0x20019578                fm_flush
 .text.fm_open  0x200195d8       0x68 C:/ISIS/workspace_ycube/GlobusSatProject/..//hal/hcc/lib\libHCCD.a(fat_m.o)
                0x200195d8                fm_open
 .text.fm_read  0x20019640       0x7c C:/ISIS/workspace_ycube/GlobusSatProject/..//hal/hcc/lib\libHCCD.a(fat_m.o)
                0x20019640                fm_read
 .text.fm_write
                0x200196bc       0x7c C:/ISIS/workspace_ycube/GlobusSatProject/..//hal/hcc/lib\libHCCD.a(fat_m.o)
                0x200196bc                fm_write
 .text.fm_delete
                0x20019738       0x64 C:/ISIS/workspace_ycube/GlobusSatProject/..//hal/hcc/lib\libHCCD.a(fat_m.o)
                0x20019738                fm_delete
 .text.fm_getlasterror
                0x2001979c       0x40 C:/ISIS/workspace_ycube/GlobusSatProject/..//hal/hcc/lib\libHCCD.a(fat_m.o)
                0x2001979c                fm_getlasterror
 .text._s_checkzeroclusteratend
                0x200197dc       0xf8 C:/ISIS/workspace_ycube/GlobusSatProject/..//hal/hcc/lib\libHCCD.a(safefat.o)
 .text._s_clearclustercontent
                0x200198d4      0x108 C:/ISIS/workspace_ycube/GlobusSatProject/..//hal/hcc/lib\libHCCD.a(safefat.o)
 .text._s_clearclustercontentdir
                0x200199dc      0x19c C:/ISIS/workspace_ycube/GlobusSatProject/..//hal/hcc/lib\libHCCD.a(safefat.o)
 .text._s_writedirsector
                0x20019b78       0xd0 C:/ISIS/workspace_ycube/GlobusSatProject/..//hal/hcc/lib\libHCCD.a(safefat.o)
 .text._s_getdirsector
                0x20019c48      0x100 C:/ISIS/workspace_ycube/GlobusSatProject/..//hal/hcc/lib\libHCCD.a(safefat.o)
 .text._s_addentry
                0x20019d48      0x394 C:/ISIS/workspace_ycube/GlobusSatProject/..//hal/hcc/lib\libHCCD.a(safefat.o)
 .text._s_findfile
                0x2001a0dc      0x33c C:/ISIS/workspace_ycube/GlobusSatProject/..//hal/hcc/lib\libHCCD.a(safefat.o)
 .text._s_findsubdir
                0x2001a418      0x248 C:/ISIS/workspace_ycube/GlobusSatProject/..//hal/hcc/lib\libHCCD.a(safefat.o)
 .text._s_createfile
                0x2001a660      0x190 C:/ISIS/workspace_ycube/GlobusSatProject/..//hal/hcc/lib\libHCCD.a(safefat.o)
 .text._s_findsaffile
                0x2001a7f0      0x1b8 C:/ISIS/workspace_ycube/GlobusSatProject/..//hal/hcc/lib\libHCCD.a(safefat.o)
 .text._s_open  0x2001a9a8       0xe4 C:/ISIS/workspace_ycube/GlobusSatProject/..//hal/hcc/lib\libHCCD.a(safefat.o)
 .text._s_open_saf
                0x2001aa8c       0xe8 C:/ISIS/workspace_ycube/GlobusSatProject/..//hal/hcc/lib\libHCCD.a(safefat.o)
 .text._s_flush
                0x2001ab74       0x84 C:/ISIS/workspace_ycube/GlobusSatProject/..//hal/hcc/lib\libHCCD.a(safefat.o)
 .text._s_allocnextcluster
                0x2001abf8      0x13c C:/ISIS/workspace_ycube/GlobusSatProject/..//hal/hcc/lib\libHCCD.a(safefat.o)
 .text._s_getnextsector
                0x2001ad34       0xdc C:/ISIS/workspace_ycube/GlobusSatProject/..//hal/hcc/lib\libHCCD.a(safefat.o)
 .text._s_seek  0x2001ae10      0x1e8 C:/ISIS/workspace_ycube/GlobusSatProject/..//hal/hcc/lib\libHCCD.a(safefat.o)
 .text._s_read  0x2001aff8      0x228 C:/ISIS/workspace_ycube/GlobusSatProject/..//hal/hcc/lib\libHCCD.a(safefat.o)
 .text._s_write
                0x2001b220      0x384 C:/ISIS/workspace_ycube/GlobusSatProject/..//hal/hcc/lib\libHCCD.a(safefat.o)
 .text._s_restoreclusters
                0x2001b5a4      0x270 C:/ISIS/workspace_ycube/GlobusSatProject/..//hal/hcc/lib\libHCCD.a(safefat.o)
                0x2001b5a4                _s_restoreclusters
 .text._s_findrestore
                0x2001b814      0x18c C:/ISIS/workspace_ycube/GlobusSatProject/..//hal/hcc/lib\libHCCD.a(safefat.o)
 .text._s_cmd_writede
                0x2001b9a0       0xd8 C:/ISIS/workspace_ycube/GlobusSatProject/..//hal/hcc/lib\libHCCD.a(safefat.o)
 .text._s_cmd_setcluster
                0x2001ba78       0x88 C:/ISIS/workspace_ycube/GlobusSatProject/..//hal/hcc/lib\libHCCD.a(safefat.o)
 .text._s_cmd_deletechain
                0x2001bb00      0x100 C:/ISIS/workspace_ycube/GlobusSatProject/..//hal/hcc/lib\libHCCD.a(safefat.o)
 .text._s_cmd_validatecfn
                0x2001bc00      0x308 C:/ISIS/workspace_ycube/GlobusSatProject/..//hal/hcc/lib\libHCCD.a(safefat.o)
 .text._s_cmd_seteof
                0x2001bf08      0x3c4 C:/ISIS/workspace_ycube/GlobusSatProject/..//hal/hcc/lib\libHCCD.a(safefat.o)
 .text.safe_docommands
                0x2001c2cc      0x56c C:/ISIS/workspace_ycube/GlobusSatProject/..//hal/hcc/lib\libHCCD.a(safefat.o)
                0x2001c2cc                safe_docommands
 .text.safe_entercommand
                0x2001c838       0x68 C:/ISIS/workspace_ycube/GlobusSatProject/..//hal/hcc/lib\libHCCD.a(safefat.o)
                0x2001c838                safe_entercommand
 .text.safe_ready
                0x2001c8a0       0xf4 C:/ISIS/workspace_ycube/GlobusSatProject/..//hal/hcc/lib\libHCCD.a(safefat.o)
                0x2001c8a0                safe_ready
 .text.safe_copycfn
                0x2001c994       0xb8 C:/ISIS/workspace_ycube/GlobusSatProject/..//hal/hcc/lib\libHCCD.a(safefat.o)
                0x2001c994                safe_copycfn
 .text.safe_cfremove
                0x2001ca4c       0xb8 C:/ISIS/workspace_ycube/GlobusSatProject/..//hal/hcc/lib\libHCCD.a(safefat.o)
                0x2001ca4c                safe_cfremove
 .text.safe_writede
                0x2001cb04      0x104 C:/ISIS/workspace_ycube/GlobusSatProject/..//hal/hcc/lib\libHCCD.a(safefat.o)
                0x2001cb04                safe_writede
 .text.safe_setcluster
                0x2001cc08       0xcc C:/ISIS/workspace_ycube/GlobusSatProject/..//hal/hcc/lib\libHCCD.a(safefat.o)
                0x2001cc08                safe_setcluster
 .text.safe_deletechain
                0x2001ccd4      0x1c8 C:/ISIS/workspace_ycube/GlobusSatProject/..//hal/hcc/lib\libHCCD.a(safefat.o)
                0x2001ccd4                safe_deletechain
 .text.safe_cfclose
                0x2001ce9c      0x104 C:/ISIS/workspace_ycube/GlobusSatProject/..//hal/hcc/lib\libHCCD.a(safefat.o)
                0x2001ce9c                safe_cfclose
 .text.safe_cfflush
                0x2001cfa0      0x124 C:/ISIS/workspace_ycube/GlobusSatProject/..//hal/hcc/lib\libHCCD.a(safefat.o)
                0x2001cfa0                safe_cfflush
 .text.safe_reset
                0x2001d0c4       0x78 C:/ISIS/workspace_ycube/GlobusSatProject/..//hal/hcc/lib\libHCCD.a(safefat.o)
                0x2001d0c4                safe_reset
 .text.safe_loadcommands
                0x2001d13c       0x78 C:/ISIS/workspace_ycube/GlobusSatProject/..//hal/hcc/lib\libHCCD.a(safefat.o)
                0x2001d13c                safe_loadcommands
 .text.safe_poweron
                0x2001d1b4      0x1fc C:/ISIS/workspace_ycube/GlobusSatProject/..//hal/hcc/lib\libHCCD.a(safefat.o)
                0x2001d1b4                safe_poweron
 .text.cf_getname
                0x2001d3b0       0xc0 C:/ISIS/workspace_ycube/GlobusSatProject/..//hal/hcc/lib\libHCCD.a(safefat.o)
 .text.cf_copyclusterchain
                0x2001d470      0x138 C:/ISIS/workspace_ycube/GlobusSatProject/..//hal/hcc/lib\libHCCD.a(safefat.o)
 .text.cf_seektozero
                0x2001d5a8       0x94 C:/ISIS/workspace_ycube/GlobusSatProject/..//hal/hcc/lib\libHCCD.a(safefat.o)
                0x2001d5a8                cf_seektozero
 .text.cf_create
                0x2001d63c      0x3a8 C:/ISIS/workspace_ycube/GlobusSatProject/..//hal/hcc/lib\libHCCD.a(safefat.o)
                0x2001d63c                cf_create
 .text.cf_copyclustercontent
                0x2001d9e4      0x128 C:/ISIS/workspace_ycube/GlobusSatProject/..//hal/hcc/lib\libHCCD.a(safefat.o)
                0x2001d9e4                cf_copyclustercontent
 .text.cf_copycfn
                0x2001db0c      0x4bc C:/ISIS/workspace_ycube/GlobusSatProject/..//hal/hcc/lib\libHCCD.a(safefat.o)
                0x2001db0c                cf_copycfn
 .text.cf_remove
                0x2001dfc8      0x344 C:/ISIS/workspace_ycube/GlobusSatProject/..//hal/hcc/lib\libHCCD.a(safefat.o)
                0x2001dfc8                cf_remove
 .text.cf_setclusternew
                0x2001e30c       0xf0 C:/ISIS/workspace_ycube/GlobusSatProject/..//hal/hcc/lib\libHCCD.a(safefat.o)
                0x2001e30c                cf_setclusternew
 .text.cf_flush
                0x2001e3fc       0x58 C:/ISIS/workspace_ycube/GlobusSatProject/..//hal/hcc/lib\libHCCD.a(safefat.o)
                0x2001e3fc                cf_flush
 .text.cf_getcluster
                0x2001e454      0x1b4 C:/ISIS/workspace_ycube/GlobusSatProject/..//hal/hcc/lib\libHCCD.a(safefat.o)
                0x2001e454                cf_getcluster
 .text.cf_setnextcluster
                0x2001e608      0x194 C:/ISIS/workspace_ycube/GlobusSatProject/..//hal/hcc/lib\libHCCD.a(safefat.o)
                0x2001e608                cf_setnextcluster
 .text.cf_getpositions
                0x2001e79c       0xbc C:/ISIS/workspace_ycube/GlobusSatProject/..//hal/hcc/lib\libHCCD.a(safefat.o)
                0x2001e79c                cf_getpositions
 .text.cf_setpositions
                0x2001e858       0xb0 C:/ISIS/workspace_ycube/GlobusSatProject/..//hal/hcc/lib\libHCCD.a(safefat.o)
                0x2001e858                cf_setpositions
 .text.cf_opensyncafile
                0x2001e908      0x150 C:/ISIS/workspace_ycube/GlobusSatProject/..//hal/hcc/lib\libHCCD.a(safefat.o)
                0x2001e908                cf_opensyncafile
 .text.cf_reloadcfo
                0x2001ea58       0xd8 C:/ISIS/workspace_ycube/GlobusSatProject/..//hal/hcc/lib\libHCCD.a(safefat.o)
                0x2001ea58                cf_reloadcfo
 .text.mcipdc_cmd
                0x2001eb30      0x22c C:/ISIS/workspace_ycube/GlobusSatProject/..//hal/hcc/lib\libHCCD.a(atmel_mcipdc.o)
 .text.mcipdc_stop
                0x2001ed5c       0xfc C:/ISIS/workspace_ycube/GlobusSatProject/..//hal/hcc/lib\libHCCD.a(atmel_mcipdc.o)
                0x2001ed5c                mcipdc_stop
 .text.mcipdc_read
                0x2001ee58      0x27c C:/ISIS/workspace_ycube/GlobusSatProject/..//hal/hcc/lib\libHCCD.a(atmel_mcipdc.o)
 .text.mcipdc_write
                0x2001f0d4      0x298 C:/ISIS/workspace_ycube/GlobusSatProject/..//hal/hcc/lib\libHCCD.a(atmel_mcipdc.o)
 .text.mcipdc_readsector
                0x2001f36c       0x9c C:/ISIS/workspace_ycube/GlobusSatProject/..//hal/hcc/lib\libHCCD.a(atmel_mcipdc.o)
                0x2001f36c                mcipdc_readsector
 .text.mcipdc_readmultiplesector
                0x2001f408      0x124 C:/ISIS/workspace_ycube/GlobusSatProject/..//hal/hcc/lib\libHCCD.a(atmel_mcipdc.o)
                0x2001f408                mcipdc_readmultiplesector
 .text.mcipdc_writesector
                0x2001f52c       0x90 C:/ISIS/workspace_ycube/GlobusSatProject/..//hal/hcc/lib\libHCCD.a(atmel_mcipdc.o)
                0x2001f52c                mcipdc_writesector
 .text.mcipdc_writemultiplesector
                0x2001f5bc      0x120 C:/ISIS/workspace_ycube/GlobusSatProject/..//hal/hcc/lib\libHCCD.a(atmel_mcipdc.o)
                0x2001f5bc                mcipdc_writemultiplesector
 .text.mcipdc_set_speed
                0x2001f6dc       0xb0 C:/ISIS/workspace_ycube/GlobusSatProject/..//hal/hcc/lib\libHCCD.a(atmel_mcipdc.o)
 .text.mcipdc_get_speed
                0x2001f78c       0x48 C:/ISIS/workspace_ycube/GlobusSatProject/..//hal/hcc/lib\libHCCD.a(atmel_mcipdc.o)
 .text._get_csd_bits
                0x2001f7d4      0x14c C:/ISIS/workspace_ycube/GlobusSatProject/..//hal/hcc/lib\libHCCD.a(atmel_mcipdc.o)
 .text.mcipdc_initcard
                0x2001f920      0x8f4 C:/ISIS/workspace_ycube/GlobusSatProject/..//hal/hcc/lib\libHCCD.a(atmel_mcipdc.o)
 .text.mcipdc_getstatus
                0x20020214       0xe8 C:/ISIS/workspace_ycube/GlobusSatProject/..//hal/hcc/lib\libHCCD.a(atmel_mcipdc.o)
 .text.mcipdc_getphy
                0x200202fc       0x90 C:/ISIS/workspace_ycube/GlobusSatProject/..//hal/hcc/lib\libHCCD.a(atmel_mcipdc.o)
 .text.mcipdc_release
                0x2002038c       0x50 C:/ISIS/workspace_ycube/GlobusSatProject/..//hal/hcc/lib\libHCCD.a(atmel_mcipdc.o)
 .text.atmel_mcipdc_initfunc
                0x200203dc      0x160 C:/ISIS/workspace_ycube/GlobusSatProject/..//hal/hcc/lib\libHCCD.a(atmel_mcipdc.o)
                0x200203dc                atmel_mcipdc_initfunc
 .text.oal_mutex_create
                0x2002053c       0x54 C:/ISIS/workspace_ycube/GlobusSatProject/..//hal/hcc/lib\libHCCD.a(oalp_mutex.o)
                0x2002053c                oal_mutex_create
 .text.oal_mutex_delete
                0x20020590       0x30 C:/ISIS/workspace_ycube/GlobusSatProject/..//hal/hcc/lib\libHCCD.a(oalp_mutex.o)
                0x20020590                oal_mutex_delete
 .text.oal_mutex_get
                0x200205c0       0x58 C:/ISIS/workspace_ycube/GlobusSatProject/..//hal/hcc/lib\libHCCD.a(oalp_mutex.o)
                0x200205c0                oal_mutex_get
 .text.oal_mutex_put
                0x20020618       0x58 C:/ISIS/workspace_ycube/GlobusSatProject/..//hal/hcc/lib\libHCCD.a(oalp_mutex.o)
                0x20020618                oal_mutex_put
 .text.oal_task_get_id
                0x20020670       0x18 C:/ISIS/workspace_ycube/GlobusSatProject/..//hal/hcc/lib\libHCCD.a(oalp_task.o)
                0x20020670                oal_task_get_id
 .text.mcipdc_hw_init
                0x20020688       0xe8 C:/ISIS/workspace_ycube/GlobusSatProject/..//hal/hcc/lib\libHCCD.a(atmel_mcipdc_hw.o)
                0x20020688                mcipdc_hw_init
 .text.mcipdc_hw_delete
                0x20020770       0x78 C:/ISIS/workspace_ycube/GlobusSatProject/..//hal/hcc/lib\libHCCD.a(atmel_mcipdc_hw.o)
                0x20020770                mcipdc_hw_delete
 .text.mcipdc_hw_card_plugged
                0x200207e8       0x1c C:/ISIS/workspace_ycube/GlobusSatProject/..//hal/hcc/lib\libHCCD.a(atmel_mcipdc_hw.o)
                0x200207e8                mcipdc_hw_card_plugged
 .text.mcipdc_hw_card_writeprotect
                0x20020804       0x1c C:/ISIS/workspace_ycube/GlobusSatProject/..//hal/hcc/lib\libHCCD.a(atmel_mcipdc_hw.o)
                0x20020804                mcipdc_hw_card_writeprotect
 .text.psp_getcurrenttimedate
                0x20020820       0x8c C:/ISIS/workspace_ycube/GlobusSatProject/..//hal/hcc/lib\libHCCD.a(psp_rtc.o)
                0x20020820                psp_getcurrenttimedate
 .text._hcc_get_buf_dsc
                0x200208ac       0x8c C:/ISIS/workspace_ycube/GlobusSatProject/..//hal/hcc/lib\libHCCD.a(hcc_mem.o)
 .text._hcc_check_free_pages
                0x20020938      0x18c C:/ISIS/workspace_ycube/GlobusSatProject/..//hal/hcc/lib\libHCCD.a(hcc_mem.o)
 .text._hcc_mark_pages
                0x20020ac4      0x158 C:/ISIS/workspace_ycube/GlobusSatProject/..//hal/hcc/lib\libHCCD.a(hcc_mem.o)
 .text._hcc_clear_lock_dsc
                0x20020c1c       0x80 C:/ISIS/workspace_ycube/GlobusSatProject/..//hal/hcc/lib\libHCCD.a(hcc_mem.o)
 .text._hcc_lock_access
                0x20020c9c      0x128 C:/ISIS/workspace_ycube/GlobusSatProject/..//hal/hcc/lib\libHCCD.a(hcc_mem.o)
 .text._hcc_unlock_access
                0x20020dc4       0x30 C:/ISIS/workspace_ycube/GlobusSatProject/..//hal/hcc/lib\libHCCD.a(hcc_mem.o)
 .text.hcc_mem_alloc
                0x20020df4      0x454 C:/ISIS/workspace_ycube/GlobusSatProject/..//hal/hcc/lib\libHCCD.a(hcc_mem.o)
                0x20020df4                hcc_mem_alloc
 .text.hcc_mem_free
                0x20021248      0x178 C:/ISIS/workspace_ycube/GlobusSatProject/..//hal/hcc/lib\libHCCD.a(hcc_mem.o)
                0x20021248                hcc_mem_free
 .text.hcc_mem_add
                0x200213c0      0x3b0 C:/ISIS/workspace_ycube/GlobusSatProject/..//hal/hcc/lib\libHCCD.a(hcc_mem.o)
                0x200213c0                hcc_mem_add
 .text.hcc_mem_init
                0x20021770      0x164 C:/ISIS/workspace_ycube/GlobusSatProject/..//hal/hcc/lib\libHCCD.a(hcc_mem.o)
                0x20021770                hcc_mem_init
 .text._f_invalidatedir
                0x200218d4       0x28 C:/ISIS/workspace_ycube/GlobusSatProject/..//hal/hcc/lib\libHCCD.a(fat.o)
                0x200218d4                _f_invalidatedir
 .text._f_getdirsector
                0x200218fc       0x88 C:/ISIS/workspace_ycube/GlobusSatProject/..//hal/hcc/lib\libHCCD.a(fat.o)
                0x200218fc                _f_getdirsector
 .text._f_writedirsector
                0x20021984       0x74 C:/ISIS/workspace_ycube/GlobusSatProject/..//hal/hcc/lib\libHCCD.a(fat.o)
                0x20021984                _f_writedirsector
 .text._f_checknameinv
                0x200219f8      0x180 C:/ISIS/workspace_ycube/GlobusSatProject/..//hal/hcc/lib\libHCCD.a(fat.o)
 .text._f_checkname
                0x20021b78       0x7c C:/ISIS/workspace_ycube/GlobusSatProject/..//hal/hcc/lib\libHCCD.a(fat.o)
 .text._f_checknamewc
                0x20021bf4       0xf8 C:/ISIS/workspace_ycube/GlobusSatProject/..//hal/hcc/lib\libHCCD.a(fat.o)
 .text._f_setnameext
                0x20021cec      0x300 C:/ISIS/workspace_ycube/GlobusSatProject/..//hal/hcc/lib\libHCCD.a(fat.o)
 .text._f_setfsname
                0x20021fec      0x584 C:/ISIS/workspace_ycube/GlobusSatProject/..//hal/hcc/lib\libHCCD.a(fat.o)
 .text._f_findfile
                0x20022570      0x30c C:/ISIS/workspace_ycube/GlobusSatProject/..//hal/hcc/lib\libHCCD.a(fat.o)
 .text._f_cmp_wname
                0x2002287c      0x274 C:/ISIS/workspace_ycube/GlobusSatProject/..//hal/hcc/lib\libHCCD.a(fat.o)
 .text._f_to_string
                0x20022af0      0x130 C:/ISIS/workspace_ycube/GlobusSatProject/..//hal/hcc/lib\libHCCD.a(fat.o)
 .text._f_findfilewc
                0x20022c20      0x278 C:/ISIS/workspace_ycube/GlobusSatProject/..//hal/hcc/lib\libHCCD.a(fat.o)
 .text._f_getfilename
                0x20022e98      0x20c C:/ISIS/workspace_ycube/GlobusSatProject/..//hal/hcc/lib\libHCCD.a(fat.o)
 .text._f_findpath
                0x200230a4      0x35c C:/ISIS/workspace_ycube/GlobusSatProject/..//hal/hcc/lib\libHCCD.a(fat.o)
 .text.fn_getdcwd
                0x20023400      0x1e0 C:/ISIS/workspace_ycube/GlobusSatProject/..//hal/hcc/lib\libHCCD.a(fat.o)
                0x20023400                fn_getdcwd
 .text.fn_findfirst
                0x200235e0      0x13c C:/ISIS/workspace_ycube/GlobusSatProject/..//hal/hcc/lib\libHCCD.a(fat.o)
                0x200235e0                fn_findfirst
 .text.fn_findnext
                0x2002371c      0x360 C:/ISIS/workspace_ycube/GlobusSatProject/..//hal/hcc/lib\libHCCD.a(fat.o)
                0x2002371c                fn_findnext
 .text._f_lock_resfile
                0x20023a7c       0x6c C:/ISIS/workspace_ycube/GlobusSatProject/..//hal/hcc/lib\libHCCD.a(fat.o)
 .text._f_unlock_resfile
                0x20023ae8       0x40 C:/ISIS/workspace_ycube/GlobusSatProject/..//hal/hcc/lib\libHCCD.a(fat.o)
 .text._f_getintfile
                0x20023b28      0x124 C:/ISIS/workspace_ycube/GlobusSatProject/..//hal/hcc/lib\libHCCD.a(fat.o)
 .text._f_addentry
                0x20023c4c      0x540 C:/ISIS/workspace_ycube/GlobusSatProject/..//hal/hcc/lib\libHCCD.a(fat.o)
 .text.fn_open_sub
                0x2002418c     0x1698 C:/ISIS/workspace_ycube/GlobusSatProject/..//hal/hcc/lib\libHCCD.a(fat.o)
 .text.fn_open  0x20025824       0x44 C:/ISIS/workspace_ycube/GlobusSatProject/..//hal/hcc/lib\libHCCD.a(fat.o)
                0x20025824                fn_open
 .text.fn_delete
                0x20025868      0x490 C:/ISIS/workspace_ycube/GlobusSatProject/..//hal/hcc/lib\libHCCD.a(fat.o)
                0x20025868                fn_delete
 .text.hcc_mem_buf_alloc
                0x20025cf8       0xe4 C:/ISIS/workspace_ycube/GlobusSatProject/..//hal/hcc/lib\libHCCD.a(psp_hcc_mem.o)
                0x20025cf8                hcc_mem_buf_alloc
 .text.makeAntStransfer
                0x20025ddc       0x4c C:/ISIS/workspace_ycube/satellite-subsystems/satellite-subsystems/lib\libSatelliteSubsystemsD.a(IsisAntS.o)
 .text.checkInputsValid
                0x20025e28       0x7c C:/ISIS/workspace_ycube/satellite-subsystems/satellite-subsystems/lib\libSatelliteSubsystemsD.a(IsisAntS.o)
 .text.IsisAntS_initialize
                0x20025ea4      0x26c C:/ISIS/workspace_ycube/satellite-subsystems/satellite-subsystems/lib\libSatelliteSubsystemsD.a(IsisAntS.o)
                0x20025ea4                IsisAntS_initialize
 .text.IsisAntS_setArmStatus
                0x20026110      0x104 C:/ISIS/workspace_ycube/satellite-subsystems/satellite-subsystems/lib\libSatelliteSubsystemsD.a(IsisAntS.o)
                0x20026110                IsisAntS_setArmStatus
 .text.IsisAntS_getStatusData
                0x20026214      0x120 C:/ISIS/workspace_ycube/satellite-subsystems/satellite-subsystems/lib\libSatelliteSubsystemsD.a(IsisAntS.o)
                0x20026214                IsisAntS_getStatusData
 .text.IsisAntS_getUptime
                0x20026334      0x120 C:/ISIS/workspace_ycube/satellite-subsystems/satellite-subsystems/lib\libSatelliteSubsystemsD.a(IsisAntS.o)
                0x20026334                IsisAntS_getUptime
 .text.IsisAntS_getAlltelemetry
                0x20026454      0x120 C:/ISIS/workspace_ycube/satellite-subsystems/satellite-subsystems/lib\libSatelliteSubsystemsD.a(IsisAntS.o)
                0x20026454                IsisAntS_getAlltelemetry
 .text.IsisAntS_reset
                0x20026574      0x104 C:/ISIS/workspace_ycube/satellite-subsystems/satellite-subsystems/lib\libSatelliteSubsystemsD.a(IsisAntS.o)
                0x20026574                IsisAntS_reset
 .text.IsisAntS_cancelDeployment
                0x20026678      0x104 C:/ISIS/workspace_ycube/satellite-subsystems/satellite-subsystems/lib\libSatelliteSubsystemsD.a(IsisAntS.o)
                0x20026678                IsisAntS_cancelDeployment
 .text.IsisAntS_autoDeployment
                0x2002677c      0x114 C:/ISIS/workspace_ycube/satellite-subsystems/satellite-subsystems/lib\libSatelliteSubsystemsD.a(IsisAntS.o)
                0x2002677c                IsisAntS_autoDeployment
 .text.IsisSolarPanelv2_initialize
                0x20026890       0xb4 C:/ISIS/workspace_ycube/satellite-subsystems/satellite-subsystems/lib\libSatelliteSubsystemsD.a(IsisSolarPanelv2.o)
                0x20026890                IsisSolarPanelv2_initialize
 .text.IsisSolarPanelv2_getTemperature
                0x20026944       0xc8 C:/ISIS/workspace_ycube/satellite-subsystems/satellite-subsystems/lib\libSatelliteSubsystemsD.a(IsisSolarPanelv2.o)
                0x20026944                IsisSolarPanelv2_getTemperature
 .text.IsisSolarPanelv2_getState
                0x20026a0c       0x24 C:/ISIS/workspace_ycube/satellite-subsystems/satellite-subsystems/lib\libSatelliteSubsystemsD.a(IsisSolarPanelv2.o)
                0x20026a0c                IsisSolarPanelv2_getState
 .text._Reset   0x20026a30       0x20 C:/ISIS/workspace_ycube/satellite-subsystems/satellite-subsystems/lib\libSatelliteSubsystemsD.a(IsisSolarPanelv2.o)
 .text._WaitForStartup
                0x20026a50       0x90 C:/ISIS/workspace_ycube/satellite-subsystems/satellite-subsystems/lib\libSatelliteSubsystemsD.a(IsisSolarPanelv2.o)
 .text._AssignAllChannels
                0x20026ae0       0x90 C:/ISIS/workspace_ycube/satellite-subsystems/satellite-subsystems/lib\libSatelliteSubsystemsD.a(IsisSolarPanelv2.o)
 .text._AssignThisChannel
                0x20026b70       0xe8 C:/ISIS/workspace_ycube/satellite-subsystems/satellite-subsystems/lib\libSatelliteSubsystemsD.a(IsisSolarPanelv2.o)
 .text._InitiateConversion
                0x20026c58       0xac C:/ISIS/workspace_ycube/satellite-subsystems/satellite-subsystems/lib\libSatelliteSubsystemsD.a(IsisSolarPanelv2.o)
 .text._WaitForConversionComplete
                0x20026d04      0x100 C:/ISIS/workspace_ycube/satellite-subsystems/satellite-subsystems/lib\libSatelliteSubsystemsD.a(IsisSolarPanelv2.o)
 .text._ReadResult
                0x20026e04      0x158 C:/ISIS/workspace_ycube/satellite-subsystems/satellite-subsystems/lib\libSatelliteSubsystemsD.a(IsisSolarPanelv2.o)
 .text._ExtractByte
                0x20026f5c       0x38 C:/ISIS/workspace_ycube/satellite-subsystems/satellite-subsystems/lib\libSatelliteSubsystemsD.a(IsisSolarPanelv2.o)
 .text._ExtendSign
                0x20026f94       0x6c C:/ISIS/workspace_ycube/satellite-subsystems/satellite-subsystems/lib\libSatelliteSubsystemsD.a(IsisSolarPanelv2.o)
 .text._PinsInit
                0x20027000       0x50 C:/ISIS/workspace_ycube/satellite-subsystems/satellite-subsystems/lib\libSatelliteSubsystemsD.a(IsisSolarPanelv2.o)
 .text._SpiWriteRead
                0x20027050       0x70 C:/ISIS/workspace_ycube/satellite-subsystems/satellite-subsystems/lib\libSatelliteSubsystemsD.a(IsisSolarPanelv2.o)
 .text.IsisTrxvu_initialize
                0x200270c0      0x2f4 C:/ISIS/workspace_ycube/satellite-subsystems/satellite-subsystems/lib\libSatelliteSubsystemsD.a(IsisTRXVU.o)
                0x200270c0                IsisTrxvu_initialize
 .text.makeTRXVUtransfer
                0x200273b4       0x44 C:/ISIS/workspace_ycube/satellite-subsystems/satellite-subsystems/lib\libSatelliteSubsystemsD.a(IsisTRXVU.o)
 .text.IsisTrxvu_componentSoftReset
                0x200273f8       0x6c C:/ISIS/workspace_ycube/satellite-subsystems/satellite-subsystems/lib\libSatelliteSubsystemsD.a(IsisTRXVU.o)
                0x200273f8                IsisTrxvu_componentSoftReset
 .text.IsisTrxvu_componentHardReset
                0x20027464       0xc8 C:/ISIS/workspace_ycube/satellite-subsystems/satellite-subsystems/lib\libSatelliteSubsystemsD.a(IsisTRXVU.o)
                0x20027464                IsisTrxvu_componentHardReset
 .text.IsisTrxvu_softReset
                0x2002752c       0x74 C:/ISIS/workspace_ycube/satellite-subsystems/satellite-subsystems/lib\libSatelliteSubsystemsD.a(IsisTRXVU.o)
                0x2002752c                IsisTrxvu_softReset
 .text.IsisTrxvu_hardReset
                0x200275a0       0x74 C:/ISIS/workspace_ycube/satellite-subsystems/satellite-subsystems/lib\libSatelliteSubsystemsD.a(IsisTRXVU.o)
                0x200275a0                IsisTrxvu_hardReset
 .text.IsisTrxvu_tcSendAX25DefClSign
                0x20027614       0xec C:/ISIS/workspace_ycube/satellite-subsystems/satellite-subsystems/lib\libSatelliteSubsystemsD.a(IsisTRXVU.o)
                0x20027614                IsisTrxvu_tcSendAX25DefClSign
 .text.IsisTrxvu_tcSetIdlestate
                0x20027700       0xa4 C:/ISIS/workspace_ycube/satellite-subsystems/satellite-subsystems/lib\libSatelliteSubsystemsD.a(IsisTRXVU.o)
                0x20027700                IsisTrxvu_tcSetIdlestate
 .text.IsisTrxvu_tcSetAx25Bitrate
                0x200277a4       0xc4 C:/ISIS/workspace_ycube/satellite-subsystems/satellite-subsystems/lib\libSatelliteSubsystemsD.a(IsisTRXVU.o)
                0x200277a4                IsisTrxvu_tcSetAx25Bitrate
 .text.IsisTrxvu_tcGetUptime
                0x20027868       0xa0 C:/ISIS/workspace_ycube/satellite-subsystems/satellite-subsystems/lib\libSatelliteSubsystemsD.a(IsisTRXVU.o)
                0x20027868                IsisTrxvu_tcGetUptime
 .text.IsisTrxvu_tcGetState
                0x20027908       0xd0 C:/ISIS/workspace_ycube/satellite-subsystems/satellite-subsystems/lib\libSatelliteSubsystemsD.a(IsisTRXVU.o)
                0x20027908                IsisTrxvu_tcGetState
 .text.IsisTrxvu_tcGetTelemetryAll
                0x200279d8       0xd0 C:/ISIS/workspace_ycube/satellite-subsystems/satellite-subsystems/lib\libSatelliteSubsystemsD.a(IsisTRXVU.o)
                0x200279d8                IsisTrxvu_tcGetTelemetryAll
 .text.IsisTrxvu_tcGetLastTxTelemetry
                0x20027aa8       0xe4 C:/ISIS/workspace_ycube/satellite-subsystems/satellite-subsystems/lib\libSatelliteSubsystemsD.a(IsisTRXVU.o)
                0x20027aa8                IsisTrxvu_tcGetLastTxTelemetry
 .text.IsisTrxvu_rcGetFrameCount
                0x20027b8c       0xa0 C:/ISIS/workspace_ycube/satellite-subsystems/satellite-subsystems/lib\libSatelliteSubsystemsD.a(IsisTRXVU.o)
                0x20027b8c                IsisTrxvu_rcGetFrameCount
 .text.IsisTrxvu_rcGetCommandFrame
                0x20027c2c      0x2d8 C:/ISIS/workspace_ycube/satellite-subsystems/satellite-subsystems/lib\libSatelliteSubsystemsD.a(IsisTRXVU.o)
                0x20027c2c                IsisTrxvu_rcGetCommandFrame
 .text.IsisTrxvu_rcGetTelemetryAll
                0x20027f04       0xd0 C:/ISIS/workspace_ycube/satellite-subsystems/satellite-subsystems/lib\libSatelliteSubsystemsD.a(IsisTRXVU.o)
                0x20027f04                IsisTrxvu_rcGetTelemetryAll
 .text.IsisTrxvu_rcGetUptime
                0x20027fd4       0xa0 C:/ISIS/workspace_ycube/satellite-subsystems/satellite-subsystems/lib\libSatelliteSubsystemsD.a(IsisTRXVU.o)
                0x20027fd4                IsisTrxvu_rcGetUptime
 .text.ISIS_EPS_Init
                0x20028074       0xc8 C:/ISIS/workspace_ycube/satellite-subsystems/satellite-subsystems/lib\libSatelliteSubsystemsD.a(isis_eps_driver.o)
                0x20028074                ISIS_EPS_Init
 .text.isis_eps__reset__tmtc
                0x2002813c       0xe8 C:/ISIS/workspace_ycube/satellite-subsystems/satellite-subsystems/lib\libSatelliteSubsystemsD.a(isis_eps_driver.o)
                0x2002813c                isis_eps__reset__tmtc