Archive member included because of file (symbol)

C:/ISIS/workspace/ycube/GlobusSatProject/..//hal/hal/lib\libHALD.a(SPI.o)
                              ./src/InitSystem.o (SPI_start)
C:/ISIS/workspace/ycube/GlobusSatProject/..//hal/hal/lib\libHALD.a(I2C.o)
                              ./src/SubSystemModules/Payload/payload_drivers.o (I2C_write)
C:/ISIS/workspace/ycube/GlobusSatProject/..//hal/hal/lib\libHALD.a(ADC.o)
                              ./src/SubSystemModules/Housekepping/TelemetryCollector.o (ADC_ConvertRaw10bitToMillivolt)
C:/ISIS/workspace/ycube/GlobusSatProject/..//hal/hal/lib\libHALD.a(FRAM.o)
                              ./src/SubSystemModules/Communication/SubsystemCommands/Maintanence_Commands.o (FRAM_start)
C:/ISIS/workspace/ycube/GlobusSatProject/..//hal/hal/lib\libHALD.a(Time.o)
                              ./src/InitSystem.o (Time_start)
C:/ISIS/workspace/ycube/GlobusSatProject/..//hal/hal/lib\libHALD.a(WatchDogTimerNoOS.o)
                              ./src/main.o (WDT_start)
C:/ISIS/workspace/ycube/GlobusSatProject/..//hal/hal/lib\libHALD.a(RTT.o)
                              C:/ISIS/workspace/ycube/GlobusSatProject/..//hal/hal/lib\libHALD.a(Time.o) (RTT_start)
C:/ISIS/workspace/ycube/GlobusSatProject/..//hal/hal/lib\libHALD.a(RTC.o)
                              C:/ISIS/workspace/ycube/GlobusSatProject/..//hal/hal/lib\libHALD.a(Time.o) (RTC_getTime)
C:/ISIS/workspace/ycube/GlobusSatProject/..//hal/hal/lib\libHALD.a(WatchDogTimerOS.o)
                              ./src/TestingDemos/MainTest.o (WDT_startWatchdogKickTask)
C:/ISIS/workspace/ycube/GlobusSatProject/..//hal/hal/lib\libHALD.a(fprintf.o)
                              ./src/TLM_management.o (f_puts)
C:/ISIS/workspace/ycube/GlobusSatProject/..//hal/hal/lib\libHALD.a(util.o)
                              ./src/TestingDemos/CommandsTestingDemo.o (UTIL_DbguGetIntegerMinMax)
C:/ISIS/workspace/ycube/GlobusSatProject/..//hal/hal/lib\libHALD.a(LED.o)
                              C:/ISIS/workspace/ycube/GlobusSatProject/..//hal/hal/lib\libHALD.a(WatchDogTimerOS.o) (LED_toggle)
C:/ISIS/workspace/ycube/GlobusSatProject/..//hal/hcc/lib\libHCCD.a(fat_m.o)
                              ./src/TLM_management.o (fm_initvolume)
C:/ISIS/workspace/ycube/GlobusSatProject/..//hal/hcc/lib\libHCCD.a(fat.o)
                              C:/ISIS/workspace/ycube/GlobusSatProject/..//hal/hcc/lib\libHCCD.a(fat_m.o) (fn_getdcwd)
C:/ISIS/workspace/ycube/GlobusSatProject/..//hal/hcc/lib\libHCCD.a(fat_common.o)
                              C:/ISIS/workspace/ycube/GlobusSatProject/..//hal/hcc/lib\libHCCD.a(fat.o) (p_filesystem)
C:/ISIS/workspace/ycube/GlobusSatProject/..//hal/hcc/lib\libHCCD.a(safefat.o)
                              C:/ISIS/workspace/ycube/GlobusSatProject/..//hal/hcc/lib\libHCCD.a(fat.o) (s_subdir)
C:/ISIS/workspace/ycube/GlobusSatProject/..//hal/hcc/lib\libHCCD.a(atmel_mcipdc.o)
                              ./src/TLM_management.o (atmel_mcipdc_initfunc)
C:/ISIS/workspace/ycube/GlobusSatProject/..//hal/hcc/lib\libHCCD.a(oalp_task.o)
                              C:/ISIS/workspace/ycube/GlobusSatProject/..//hal/hcc/lib\libHCCD.a(fat_common.o) (oal_task_get_id)
C:/ISIS/workspace/ycube/GlobusSatProject/..//hal/hcc/lib\libHCCD.a(oalp_mutex.o)
                              C:/ISIS/workspace/ycube/GlobusSatProject/..//hal/hcc/lib\libHCCD.a(fat_common.o) (oal_mutex_create)
C:/ISIS/workspace/ycube/GlobusSatProject/..//hal/hcc/lib\libHCCD.a(atmel_mcipdc_hw.o)
                              C:/ISIS/workspace/ycube/GlobusSatProject/..//hal/hcc/lib\libHCCD.a(atmel_mcipdc.o) (mcipdc_hw_init)
C:/ISIS/workspace/ycube/GlobusSatProject/..//hal/hcc/lib\libHCCD.a(psp_rand.o)
                              C:/ISIS/workspace/ycube/GlobusSatProject/..//hal/hcc/lib\libHCCD.a(fat_common.o) (psp_getrand)
C:/ISIS/workspace/ycube/GlobusSatProject/..//hal/hcc/lib\libHCCD.a(psp_rtc.o)
                              C:/ISIS/workspace/ycube/GlobusSatProject/..//hal/hcc/lib\libHCCD.a(fat_common.o) (psp_getcurrenttimedate)
C:/ISIS/workspace/ycube/GlobusSatProject/..//hal/hcc/lib\libHCCD.a(hcc_mem.o)
                              C:/ISIS/workspace/ycube/GlobusSatProject/..//hal/hcc/lib\libHCCD.a(atmel_mcipdc.o) (hcc_mem_alloc)
C:/ISIS/workspace/ycube/GlobusSatProject/..//hal/hcc/lib\libHCCD.a(psp_hcc_mem.o)
                              C:/ISIS/workspace/ycube/GlobusSatProject/..//hal/hcc/lib\libHCCD.a(hcc_mem.o) (hcc_mem_buf_alloc)
C:/ISIS/workspace/ycube/GlobusSatProject/..//satellite-subsystems/satellite-subsystems/lib\libSatelliteSubsystemsD.a(IsisTRXVU.o)
                              ./src/SubSystemModules/Communication/TRXVU.o (IsisTrxvu_initialize)
C:/ISIS/workspace/ycube/GlobusSatProject/..//satellite-subsystems/satellite-subsystems/lib\libSatelliteSubsystemsD.a(IsisSolarPanelv2.o)
                              ./src/SubSystemModules/Housekepping/TelemetryCollector.o (IsisSolarPanelv2_getTemperature)
[...]
Memory Configuration

Name             Origin             Length             Attributes
sram0            0x00200000         0x00004000         w !xr
sram1            0x00300000         0x00004000         w !xr
sdram            0x20000000         0x02000000         w !xr
*default*        0x00000000         0xffffffff

Linker script and memory map

LOAD c:/isis/application/toolchain/bin/../lib/gcc/arm-none-eabi/4.7.4/../../../../arm-none-eabi/lib\libc.a
LOAD ./src/TestingDemos/CommandsTestingDemo.o
LOAD ./src/TestingDemos/EpsTestingDemo.o
LOAD ./src/TestingDemos/FileSystemTestingDemo.o
LOAD ./src/TestingDemos/MainTest.o
LOAD ./src/TestingDemos/MaintenanceTestingDemo.o
LOAD ./src/TestingDemos/TelemetryTestingDemo.o
LOAD ./src/TestingDemos/TrxvuTestingDemo.o
LOAD ./src/SubSystemModules/PowerManagment/EPS.o
LOAD ./src/SubSystemModules/PowerManagment/EPSOperationModes.o
LOAD ./src/SubSystemModules/Payload/payload_drivers.o
LOAD ./src/SubSystemModules/Maintenance/Maintenance.o
LOAD ./src/SubSystemModules/Housekepping/NamesLogic.o
LOAD ./src/SubSystemModules/Housekepping/RAMTelemetry.o
LOAD ./src/SubSystemModules/Housekepping/TelemetryCollector.o
LOAD ./src/SubSystemModules/Communication/SubsystemCommands/EPS_Commands.o
LOAD ./src/SubSystemModules/Communication/SubsystemCommands/FS_Commands.o
LOAD ./src/SubSystemModules/Communication/SubsystemCommands/Maintanence_Commands.o
LOAD ./src/SubSystemModules/Communication/SubsystemCommands/TRXVU_Commands.o
LOAD ./src/SubSystemModules/Communication/AckHandler.o
LOAD ./src/SubSystemModules/Communication/CommandDictionary.o
LOAD ./src/SubSystemModules/Communication/HashSecuredCMD.o
LOAD ./src/SubSystemModules/Communication/SatCommandHandler.o
LOAD ./src/SubSystemModules/Communication/TRXVU.o
LOAD ./src/InitSystem.o
LOAD ./src/TLM_management.o
LOAD ./src/main.o
LOAD ./src/utils.o
LOAD C:/ISIS/workspace/ycube/GlobusSatProject/..//hal/hal/lib\libHALD.a
LOAD C:/ISIS/workspace/ycube/GlobusSatProject/..//hal/hcc/lib\libHCCD.a
LOAD C:/ISIS/workspace/ycube/GlobusSatProject/..//satellite-subsystems/satellite-subsystems/lib\libSatelliteSubsystemsD.a
LOAD C:/ISIS/workspace/ycube/GlobusSatProject/..//hal/freertos/lib\libFreeRTOSD.a
LOAD C:/ISIS/workspace/ycube/GlobusSatProject/..//hal/at91/lib\libAt91D.a
START GROUP
LOAD c:/isis/application/toolchain/bin/../lib/gcc/arm-none-eabi/4.7.4\libgcc.a
LOAD c:/isis/application/toolchain/bin/../lib/gcc/arm-none-eabi/4.7.4/../../../../arm-none-eabi/lib\libg.a
LOAD c:/isis/application/toolchain/bin/../lib/gcc/arm-none-eabi/4.7.4/../../../../arm-none-eabi/lib\libc.a
END GROUP

.fixed          0x20000000    0x4b330
                0x20000000                . = ALIGN (0x4)
                0x20000000                _sfixed = .
 *(.startup)
 .startup       0x20000000      0x184 C:/ISIS/workspace/ycube/GlobusSatProject/..//hal/at91/lib\libAt91D.a(board_cstartup.o)
                0x20000000                entry
 *(.text)
 .text          0x20000184       0x64 C:/ISIS/workspace/ycube/GlobusSatProject/..//hal/at91/lib\libAt91D.a(cp15_asm.o)
                0x20000184                _readControlRegister
                0x20000190                _writeControlRegister
                0x20000198                _waitForInterrupt
                0x200001a4                _writeTTB
                0x200001ac                _writeDomain
                0x200001b4                _writeITLBLockdown
                0x200001bc                _prefetchICacheLine
                0x200001c4                _flushDCache
                0x200001d0                _flushWriteBuffer
                0x200001dc                _invalidateIDTLBs
 .text          0x200001e8      0x114 c:/isis/application/toolchain/bin/../lib/gcc/arm-none-eabi/4.7.4\libgcc.a(_udivsi3.o)
                0x200001e8                __aeabi_uidiv
                0x200001e8                __udivsi3
                0x200002dc                __aeabi_uidivmod
 .text          0x200002fc      0x148 c:/isis/application/toolchain/bin/../lib/gcc/arm-none-eabi/4.7.4\libgcc.a(_divsi3.o)
                0x200002fc                __divsi3
                0x200002fc                __aeabi_idiv
                0x20000424                __aeabi_idivmod
 .text          0x20000444        0x4 c:/isis/application/toolchain/bin/../lib/gcc/arm-none-eabi/4.7.4\libgcc.a(_dvmd_tls.o)
                0x20000444                __aeabi_idiv0
                0x20000444                __aeabi_ldiv0
 .text          0x20000448      0x41c c:/isis/application/toolchain/bin/../lib/gcc/arm-none-eabi/4.7.4\libgcc.a(_arm_addsubdf3.o)
                0x20000448                __aeabi_drsub
                0x20000450                __aeabi_dsub
                0x20000450                __subdf3
                0x20000454                __aeabi_dadd
                0x20000454                __adddf3
                0x20000764                __floatunsidf
                0x20000764                __aeabi_ui2d
                0x20000788                __floatsidf
                0x20000788                __aeabi_i2d
                0x200007b0                __aeabi_f2d
                0x200007b0                __extendsfdf2
                0x200007f0                __floatundidf
                0x200007f0                __aeabi_ul2d
                0x20000804                __floatdidf
                0x20000804                __aeabi_l2d
 .text          0x20000864      0x49c c:/isis/application/toolchain/bin/../lib/gcc/arm-none-eabi/4.7.4\libgcc.a(_arm_muldivdf3.o)
                0x20000864                __aeabi_dmul
                0x20000864                __muldf3
                0x20000af4                __divdf3
                0x20000af4                __aeabi_ddiv
 .text          0x20000d00      0x144 c:/isis/application/toolchain/bin/../lib/gcc/arm-none-eabi/4.7.4\libgcc.a(_arm_cmpdf2.o)
                0x20000d00                __gtdf2
                0x20000d00                __gedf2
                0x20000d08                __ltdf2
                0x20000d08                __ledf2
                0x20000d10                __nedf2
                0x20000d10                __eqdf2
                0x20000d10                __cmpdf2
                0x20000d98                __aeabi_cdrcmple
                0x20000db4                __aeabi_cdcmpeq
                0x20000db4                __aeabi_cdcmple
                0x20000dcc                __aeabi_dcmpeq
                0x20000de4                __aeabi_dcmplt
                0x20000dfc                __aeabi_dcmple
                0x20000e14                __aeabi_dcmpge
                0x20000e2c                __aeabi_dcmpgt
 .text          0x20000e44       0x5c c:/isis/application/toolchain/bin/../lib/gcc/arm-none-eabi/4.7.4\libgcc.a(_arm_fixdfsi.o)
                0x20000e44                __aeabi_d2iz
                0x20000e44                __fixdfsi
 .text          0x20000ea0       0x3c c:/isis/application/toolchain/bin/../lib/gcc/arm-none-eabi/4.7.4\libgcc.a(_aeabi_uldivmod.o)
                0x20000ea0                __aeabi_uldivmod
 .text          0x20000edc       0x84 c:/isis/application/toolchain/bin/../lib/gcc/arm-none-eabi/4.7.4\libgcc.a(bpabi.o)
                0x20000edc                __gnu_ldivmod_helper
                0x20000f20                __gnu_uldivmod_helper
 .text          0x20000f60      0x4f0 c:/isis/application/toolchain/bin/../lib/gcc/arm-none-eabi/4.7.4\libgcc.a(_divdi3.o)
                0x20000f60                __divdi3
 .text          0x20001450      0x488 c:/isis/application/toolchain/bin/../lib/gcc/arm-none-eabi/4.7.4\libgcc.a(_udivdi3.o)
                0x20001450                __udivdi3
 .text          0x200018d8       0x48 c:/isis/application/toolchain/bin/../lib/gcc/arm-none-eabi/4.7.4\libgcc.a(_clzsi2.o)
                0x200018d8                __clzsi2
 *(.text*)
 .text.EPS_Init
                0x20001920       0x1c ./src/SubSystemModules/PowerManagment/EPS.o
                0x20001920                EPS_Init
 .text.EPS_Conditioning
                0x2000193c       0x1c ./src/SubSystemModules/PowerManagment/EPS.o
                0x2000193c                EPS_Conditioning
 .text.UpdateAlpha
                0x20001958       0x24 ./src/SubSystemModules/PowerManagment/EPS.o
                0x20001958                UpdateAlpha
 .text.CMDGetHeaterValues
                0x2000197c       0x24 ./src/SubSystemModules/PowerManagment/EPS.o
                0x2000197c                CMDGetHeaterValues
 .text.CMDSetHeaterValues
                0x200019a0       0x24 ./src/SubSystemModules/PowerManagment/EPS.o
                0x200019a0                CMDSetHeaterValues
 .text.PayloadOperations
                0x200019c4      0x124 ./src/SubSystemModules/PowerManagment/EPSOperationModes.o
                0x200019c4                PayloadOperations
 .text.Payload_Safety_IN_Maintenance
                0x20001ae8       0x60 ./src/SubSystemModules/PowerManagment/EPSOperationModes.o
                0x20001ae8                Payload_Safety_IN_Maintenance
 .text.DoesPayloadChannelOn
                0x20001b48       0x20 ./src/SubSystemModules/PowerManagment/EPSOperationModes.o
                0x20001b48                DoesPayloadChannelOn
 .text.EpsGetLowVoltageFlag
                0x20001b68       0x24 ./src/SubSystemModules/PowerManagment/EPSOperationModes.o
                0x20001b68                EpsGetLowVoltageFlag
 .text.payloadRead
                0x20001b8c       0xbc ./src/SubSystemModules/Payload/payload_drivers.o
                0x20001b8c                payloadRead
 .text.payloadSendCommand
                0x20001c48       0x70 ./src/SubSystemModules/Payload/payload_drivers.o
                0x20001c48                payloadSendCommand
 .text.payloadReadEnvironment
                0x20001cb8      0x2d0 ./src/SubSystemModules/Payload/payload_drivers.o
                0x20001cb8                payloadReadEnvironment
 .text.payloadReadEvents
                0x20001f88      0x1e8 ./src/SubSystemModules/Payload/payload_drivers.o
                0x20001f88                payloadReadEvents
 .text.CheckExecutionTime
                0x20002170       0x80 ./src/SubSystemModules/Maintenance/Maintenance.o
                0x20002170                CheckExecutionTime
 .text.SaveSatTimeInFRAM
                0x200021f0       0x44 ./src/SubSystemModules/Maintenance/Maintenance.o
                0x200021f0                SaveSatTimeInFRAM
 .text.WakeupFromResetCMD
                0x20002234      0x120 ./src/SubSystemModules/Maintenance/Maintenance.o
                0x20002234                WakeupFromResetCMD
 .text.ResetGroundCommWDT
                0x20002354       0x1c ./src/SubSystemModules/Maintenance/Maintenance.o
                0x20002354                ResetGroundCommWDT
 .text.IsGroundCommunicationWDTKick
                0x20002370       0x78 ./src/SubSystemModules/Maintenance/Maintenance.o
                0x20002370                IsGroundCommunicationWDTKick
 .text.GetGsWdtKickTime
                0x200023e8       0x38 ./src/SubSystemModules/Maintenance/Maintenance.o
                0x200023e8                GetGsWdtKickTime
 .text.findMinMaxDate
                0x20002420       0xdc ./src/SubSystemModules/Maintenance/Maintenance.o
                0x20002420                findMinMaxDate
 .text.DeleteOldFiels
                0x200024fc       0xf0 ./src/SubSystemModules/Maintenance/Maintenance.o
                0x200024fc                DeleteOldFiels
 .text.CheckDeployAnt
                0x200025ec       0x84 ./src/SubSystemModules/Maintenance/Maintenance.o
                0x200025ec                CheckDeployAnt
 .text.HardResetMCU
                0x20002670       0x18 ./src/SubSystemModules/Maintenance/Maintenance.o
                0x20002670                HardResetMCU
 .text.Maintenance
                0x20002688       0xa8 ./src/SubSystemModules/Maintenance/Maintenance.o
                0x20002688                Maintenance
 .text.GetRandomName
                0x20002730       0x7c ./src/SubSystemModules/Housekepping/NamesLogic.o
                0x20002730                GetRandomName
 .text.ResetRamTlm
                0x200027ac       0xe4 ./src/SubSystemModules/Housekepping/RAMTelemetry.o
                0x200027ac                ResetRamTlm
 .text.inc      0x20002890       0x4c ./src/SubSystemModules/Housekepping/RAMTelemetry.o
                0x20002890                inc
 .text.dec      0x200028dc       0x48 ./src/SubSystemModules/Housekepping/RAMTelemetry.o
                0x200028dc                dec
 .text.saveTlmToRam
                0x20002924      0x28c ./src/SubSystemModules/Housekepping/RAMTelemetry.o
                0x20002924                saveTlmToRam
 .text.getTlm   0x20002bb0      0x350 ./src/SubSystemModules/Housekepping/RAMTelemetry.o
                0x20002bb0                getTlm
 .text.getRange
                0x20002f00      0x1dc ./src/SubSystemModules/Housekepping/RAMTelemetry.o
                0x20002f00                getRange
 .text.InitSavePeriodTimes
                0x200030dc       0xa4 ./src/SubSystemModules/Housekepping/TelemetryCollector.o
                0x200030dc                InitSavePeriodTimes
 .text.CMD_GetTLMPeriodTimes
                0x20003180       0x38 ./src/SubSystemModules/Housekepping/TelemetryCollector.o
                0x20003180                CMD_GetTLMPeriodTimes
 .text.CMD_SetTLMPeriodTimes
                0x200031b8      0x1dc ./src/SubSystemModules/Housekepping/TelemetryCollector.o
                0x200031b8                CMD_SetTLMPeriodTimes
 .text.TelemetryCollectorLogic
                0x20003394      0x2c8 ./src/SubSystemModules/Housekepping/TelemetryCollector.o
                0x20003394                TelemetryCollectorLogic
 .text.TelemetrySaveEPS
                0x2000365c       0x18 ./src/SubSystemModules/Housekepping/TelemetryCollector.o
                0x2000365c                TelemetrySaveEPS
 .text.TelemetrySaveTRXVU
                0x20003674       0x94 ./src/SubSystemModules/Housekepping/TelemetryCollector.o
                0x20003674                TelemetrySaveTRXVU
 .text.TelemetrySaveANT
                0x20003708       0x14 ./src/SubSystemModules/Housekepping/TelemetryCollector.o
                0x20003708                TelemetrySaveANT
 .text.TelemetrySaveSolarPanels
                0x2000371c      0x22c ./src/SubSystemModules/Housekepping/TelemetryCollector.o
                0x2000371c                TelemetrySaveSolarPanels
 .text.TelemetrySaveWOD
                0x20003948       0x5c ./src/SubSystemModules/Housekepping/TelemetryCollector.o
                0x20003948                TelemetrySaveWOD
 .text.TelemetrySaveRADFET
                0x200039a4       0xd4 ./src/SubSystemModules/Housekepping/TelemetryCollector.o
                0x200039a4                TelemetrySaveRADFET
 .text.TelemetrySavePayloadEvents
                0x20003a78       0xf0 ./src/SubSystemModules/Housekepping/TelemetryCollector.o
                0x20003a78                TelemetrySavePayloadEvents
 .text.GetCurrentWODTelemetry
                0x20003b68      0x448 ./src/SubSystemModules/Housekepping/TelemetryCollector.o
                0x20003b68                GetCurrentWODTelemetry
 .text.CMD_EPS_ResetWDT
                0x20003fb0       0x24 ./src/SubSystemModules/Communication/SubsystemCommands/EPS_Commands.o
                0x20003fb0                CMD_EPS_ResetWDT
 .text.CMD_Change_Payload_State_INFRAM
                0x20003fd4       0x8c ./src/SubSystemModules/Communication/SubsystemCommands/EPS_Commands.o
                0x20003fd4                CMD_Change_Payload_State_INFRAM
 .text.CMD_Payload_Operations
                0x20004060       0xa8 ./src/SubSystemModules/Communication/SubsystemCommands/EPS_Commands.o
                0x20004060                CMD_Payload_Operations
 .text.CMD_DeleteTLM
                0x20004108      0x1a0 ./src/SubSystemModules/Communication/SubsystemCommands/FS_Commands.o
                0x20004108                CMD_DeleteTLM
 .text.CMD_DeleteAllFiles
                0x200042a8       0x38 ./src/SubSystemModules/Communication/SubsystemCommands/FS_Commands.o
                0x200042a8                CMD_DeleteAllFiles
 .text.CMD_GetLastFS_Error
                0x200042e0       0x4c ./src/SubSystemModules/Communication/SubsystemCommands/FS_Commands.o
                0x200042e0                CMD_GetLastFS_Error
 .text.CMD_Get_TLM_Info
                0x2000432c      0x1ac ./src/SubSystemModules/Communication/SubsystemCommands/FS_Commands.o
                0x2000432c                CMD_Get_TLM_Info
 .text.CMD_Switch_SD_Card
                0x200044d8       0xcc ./src/SubSystemModules/Communication/SubsystemCommands/FS_Commands.o
                0x200044d8                CMD_Switch_SD_Card
 .text.CMD_Format_SD_Card
                0x200045a4       0xa4 ./src/SubSystemModules/Communication/SubsystemCommands/FS_Commands.o
                0x200045a4                CMD_Format_SD_Card
 .text.CMD_GenericI2C
                0x20004648       0xc8 ./src/SubSystemModules/Communication/SubsystemCommands/Maintanence_Commands.o
                0x20004648                CMD_GenericI2C
 .text.CMD_FRAM_ReadAndTransmitt
                0x20004710       0xe8 ./src/SubSystemModules/Communication/SubsystemCommands/Maintanence_Commands.o
                0x20004710                CMD_FRAM_ReadAndTransmitt
 .text.CMD_FRAM_WriteAndTransmitt
                0x200047f8       0xfc ./src/SubSystemModules/Communication/SubsystemCommands/Maintanence_Commands.o
                0x200047f8                CMD_FRAM_WriteAndTransmitt
 .text.CMD_FRAM_ReStart
                0x200048f4       0x4c ./src/SubSystemModules/Communication/SubsystemCommands/Maintanence_Commands.o
                0x200048f4                CMD_FRAM_ReStart
 .text.CMD_UpdateSatTime
                0x20004940       0xa4 ./src/SubSystemModules/Communication/SubsystemCommands/Maintanence_Commands.o
                0x20004940                CMD_UpdateSatTime
 .text.CMD_GetDevInfo
                0x200049e4       0x5c ./src/SubSystemModules/Communication/SubsystemCommands/Maintanence_Commands.o
                0x200049e4                CMD_GetDevInfo
 .text.CMD_GetSatUptime
                0x20004a40       0x48 ./src/SubSystemModules/Communication/SubsystemCommands/Maintanence_Commands.o
                0x20004a40                CMD_GetSatUptime
 .text.CMD_ResetComponent
                0x20004a88      0x1dc ./src/SubSystemModules/Communication/SubsystemCommands/Maintanence_Commands.o
                0x20004a88                CMD_ResetComponent
 .text.DumpTask
                0x20004c64      0x310 ./src/SubSystemModules/Communication/SubsystemCommands/TRXVU_Commands.o
                0x20004c64                DumpTask
 .text.DumpRamTask
                0x20004f74      0x104 ./src/SubSystemModules/Communication/SubsystemCommands/TRXVU_Commands.o
                0x20004f74                DumpRamTask
 .text.CMD_AntennaDeploy
                0x20005078       0x24 ./src/SubSystemModules/Communication/SubsystemCommands/TRXVU_Commands.o
                0x20005078                CMD_AntennaDeploy
 .text.CMD_StartDump
                0x2000509c      0x200 ./src/SubSystemModules/Communication/SubsystemCommands/TRXVU_Commands.o
                0x2000509c                CMD_StartDump
 .text.CMD_SendDumpAbortRequest
                0x2000529c       0x38 ./src/SubSystemModules/Communication/SubsystemCommands/TRXVU_Commands.o
                0x2000529c                CMD_SendDumpAbortRequest
 .text.CMD_SetTransponder
                0x200052d4      0x110 ./src/SubSystemModules/Communication/SubsystemCommands/TRXVU_Commands.o
                0x200052d4                CMD_SetTransponder
 .text.CMD_SetRSSITransponder
                0x200053e4       0x90 ./src/SubSystemModules/Communication/SubsystemCommands/TRXVU_Commands.o
                0x200053e4                CMD_SetRSSITransponder
 .text.CMD_MuteTRXVU
                0x20005474       0xc4 ./src/SubSystemModules/Communication/SubsystemCommands/TRXVU_Commands.o
                0x20005474                CMD_MuteTRXVU
 .text.CMD_SetIdleState
                0x20005538       0x94 ./src/SubSystemModules/Communication/SubsystemCommands/TRXVU_Commands.o
                0x20005538                CMD_SetIdleState
 .text.CMD_UnMuteTRXVU
                0x200055cc       0x38 ./src/SubSystemModules/Communication/SubsystemCommands/TRXVU_Commands.o
                0x200055cc                CMD_UnMuteTRXVU
 .text.CMD_GetBaudRate
                0x20005604       0x68 ./src/SubSystemModules/Communication/SubsystemCommands/TRXVU_Commands.o
                0x20005604                CMD_GetBaudRate
 .text.CMD_TrasmitBeacon
                0x2000566c       0x48 ./src/SubSystemModules/Communication/SubsystemCommands/TRXVU_Commands.o
                0x2000566c                CMD_TrasmitBeacon
 .text.CMD_GetBeaconInterval
                0x200056b4       0x6c ./src/SubSystemModules/Communication/SubsystemCommands/TRXVU_Commands.o
                0x200056b4                CMD_GetBeaconInterval
 .text.CMD_SetBaudRate
                0x20005720       0x60 ./src/SubSystemModules/Communication/SubsystemCommands/TRXVU_Commands.o
                0x20005720                CMD_SetBaudRate
 .text.CMD_GetTxUptime
                0x20005780       0x64 ./src/SubSystemModules/Communication/SubsystemCommands/TRXVU_Commands.o
                0x20005780                CMD_GetTxUptime
 .text.CMD_GetRxUptime
                0x200057e4       0x64 ./src/SubSystemModules/Communication/SubsystemCommands/TRXVU_Commands.o
                0x200057e4                CMD_GetRxUptime
 .text.CMD_GetNumOfOnlineCommands
                0x20005848       0x64 ./src/SubSystemModules/Communication/SubsystemCommands/TRXVU_Commands.o
                0x20005848                CMD_GetNumOfOnlineCommands
 .text.CMD_SecurePing
                0x200058ac       0x6c ./src/SubSystemModules/Communication/SubsystemCommands/TRXVU_Commands.o
                0x200058ac                CMD_SecurePing
 .text.CMD_AntSetArmStatus
                0x20005918       0x3c ./src/SubSystemModules/Communication/SubsystemCommands/TRXVU_Commands.o
                0x20005918                CMD_AntSetArmStatus
 .text.CMD_AntGetArmStatus
                0x20005954       0x48 ./src/SubSystemModules/Communication/SubsystemCommands/TRXVU_Commands.o
                0x20005954                CMD_AntGetArmStatus
 .text.CMD_AntGetUptime
                0x2000599c       0x50 ./src/SubSystemModules/Communication/SubsystemCommands/TRXVU_Commands.o
                0x2000599c                CMD_AntGetUptime
 .text.CMD_StopReDeployment
                0x200059ec       0x34 ./src/SubSystemModules/Communication/SubsystemCommands/TRXVU_Commands.o
                0x200059ec                CMD_StopReDeployment
 .text.CMD_AntCancelDeployment
                0x20005a20       0x2c ./src/SubSystemModules/Communication/SubsystemCommands/TRXVU_Commands.o
                0x20005a20                CMD_AntCancelDeployment
 .text.CMD_DumpRamTLM
                0x20005a4c      0x180 ./src/SubSystemModules/Communication/SubsystemCommands/TRXVU_Commands.o
                0x20005a4c                CMD_DumpRamTLM
 .text.SendAckPacket
                0x20005bcc       0xfc ./src/SubSystemModules/Communication/AckHandler.o
                0x20005bcc                SendAckPacket
 .text.trxvu_command_router
                0x20005cc8      0x564 ./src/SubSystemModules/Communication/CommandDictionary.o
                0x20005cc8                trxvu_command_router
 .text.eps_command_router
                0x2000622c      0x10c ./src/SubSystemModules/Communication/CommandDictionary.o
                0x2000622c                eps_command_router
 .text.telemetry_command_router
                0x20006338      0x23c ./src/SubSystemModules/Communication/CommandDictionary.o
                0x20006338                telemetry_command_router
 .text.managment_command_router
                0x20006574      0x144 ./src/SubSystemModules/Communication/CommandDictionary.o
                0x20006574                managment_command_router
 .text.filesystem_command_router
                0x200066b8       0x24 ./src/SubSystemModules/Communication/CommandDictionary.o
                0x200066b8                filesystem_command_router
 .text.sha256_transform
                0x200066dc      0x4b8 ./src/SubSystemModules/Communication/HashSecuredCMD.o
                0x200066dc                sha256_transform
 .text.sha256_init
                0x20006b94       0xb8 ./src/SubSystemModules/Communication/HashSecuredCMD.o
                0x20006b94                sha256_init
 .text.sha256_update
                0x20006c4c       0xc8 ./src/SubSystemModules/Communication/HashSecuredCMD.o
                0x20006c4c                sha256_update
 .text.sha256_final
                0x20006d14      0x470 ./src/SubSystemModules/Communication/HashSecuredCMD.o
                0x20006d14                sha256_final
 .text.ParseDataToCommand
                0x20007184      0x1ac ./src/SubSystemModules/Communication/SatCommandHandler.o
                0x20007184                ParseDataToCommand
 .text.AssembleCommand
                0x20007330      0x148 ./src/SubSystemModules/Communication/SatCommandHandler.o
                0x20007330                AssembleCommand
 .text.ActUponCommand
                0x20007478      0x108 ./src/SubSystemModules/Communication/SatCommandHandler.o
                0x20007478                ActUponCommand
 .text.setMuteEndTime
                0x20007580       0x40 ./src/SubSystemModules/Communication/TRXVU.o
                0x20007580                setMuteEndTime
 .text.getMuteEndTime
                0x200075c0       0x44 ./src/SubSystemModules/Communication/TRXVU.o
                0x200075c0                getMuteEndTime
 .text.setTransponderEndTime
                0x20007604       0x40 ./src/SubSystemModules/Communication/TRXVU.o
                0x20007604                setTransponderEndTime
 .text.getTransponderEndTime
                0x20007644       0x44 ./src/SubSystemModules/Communication/TRXVU.o
                0x20007644                getTransponderEndTime
 .text.setTransponderRSSIinFRAM
                0x20007688       0x44 ./src/SubSystemModules/Communication/TRXVU.o
                0x20007688                setTransponderRSSIinFRAM
 .text.getTransponderRSSIFromFRAM
                0x200076cc       0x4c ./src/SubSystemModules/Communication/TRXVU.o
                0x200076cc                getTransponderRSSIFromFRAM
 .text.InitTxModule
                0x20007718       0x68 ./src/SubSystemModules/Communication/TRXVU.o
                0x20007718                InitTxModule
 .text.CMD_SetBeaconInterval
                0x20007780       0xdc ./src/SubSystemModules/Communication/TRXVU.o
                0x20007780                CMD_SetBeaconInterval
 .text.InitBeaconParams
                0x2000785c       0x3c ./src/SubSystemModules/Communication/TRXVU.o
                0x2000785c                InitBeaconParams
 .text.InitSemaphores
                0x20007898       0x98 ./src/SubSystemModules/Communication/TRXVU.o
                0x20007898                InitSemaphores
 .text.InitTrxvu
                0x20007930      0x108 ./src/SubSystemModules/Communication/TRXVU.o
                0x20007930                InitTrxvu
 .text.checkIdleFinish
                0x20007a38       0x68 ./src/SubSystemModules/Communication/TRXVU.o
                0x20007a38                checkIdleFinish
 .text.checkTransponderFinish
                0x20007aa0       0x50 ./src/SubSystemModules/Communication/TRXVU.o
                0x20007aa0                checkTransponderFinish
 .text.checkTransponderStart
                0x20007af0       0x50 ./src/SubSystemModules/Communication/TRXVU.o
                0x20007af0                checkTransponderStart
 .text.turnOnTransponder
                0x20007b40       0xa0 ./src/SubSystemModules/Communication/TRXVU.o
                0x20007b40                turnOnTransponder
 .text.turnOffTransponder
                0x20007be0       0x90 ./src/SubSystemModules/Communication/TRXVU.o
                0x20007be0                turnOffTransponder
 .text.SetRSSITransponder
                0x20007c70       0x80 ./src/SubSystemModules/Communication/TRXVU.o
                0x20007c70                SetRSSITransponder
 .text.TRX_Logic
                0x20007cf0       0xe4 ./src/SubSystemModules/Communication/TRXVU.o
                0x20007cf0                TRX_Logic
 .text.GetNumberOfFramesInBuffer
                0x20007dd4       0x94 ./src/SubSystemModules/Communication/TRXVU.o
                0x20007dd4                GetNumberOfFramesInBuffer
 .text.GetOnlineCommand
                0x20007e68      0x1a4 ./src/SubSystemModules/Communication/TRXVU.o
                0x20007e68                GetOnlineCommand
 .text.CheckTransmitionAllowed
                0x2000800c       0xc0 ./src/SubSystemModules/Communication/TRXVU.o
                0x2000800c                CheckTransmitionAllowed
 .text.FinishDump
                0x200080cc       0xf0 ./src/SubSystemModules/Communication/TRXVU.o
                0x200080cc                FinishDump
 .text.SendDumpAbortRequest
                0x200081bc       0x6c ./src/SubSystemModules/Communication/TRXVU.o
                0x200081bc                SendDumpAbortRequest
 .text.CheckDumpAbort
                0x20008228       0x6c ./src/SubSystemModules/Communication/TRXVU.o
                0x20008228                CheckDumpAbort
 .text.BeaconLogic
                0x20008294      0x1d0 ./src/SubSystemModules/Communication/TRXVU.o
                0x20008294                BeaconLogic
 .text.SetIdleState
                0x20008464      0x144 ./src/SubSystemModules/Communication/TRXVU.o
                0x20008464                SetIdleState
 .text.muteTRXVU
                0x200085a8       0x74 ./src/SubSystemModules/Communication/TRXVU.o
                0x200085a8                muteTRXVU
 .text.UnMuteTRXVU
                0x2000861c       0x14 ./src/SubSystemModules/Communication/TRXVU.o
                0x2000861c                UnMuteTRXVU
 .text.TransmitDataAsSPL_Packet
                0x20008630      0x12c ./src/SubSystemModules/Communication/TRXVU.o
                0x20008630                TransmitDataAsSPL_Packet
 .text.Hash256  0x2000875c       0x7c ./src/SubSystemModules/Communication/TRXVU.o
                0x2000875c                Hash256
 .text.CMD_Hash256
                0x200087d8      0x238 ./src/SubSystemModules/Communication/TRXVU.o
                0x200087d8                CMD_Hash256
 .text.TransmitSplPacket
                0x20008a10      0x124 ./src/SubSystemModules/Communication/TRXVU.o
                0x20008a10                TransmitSplPacket
 .text.ChangeTrxvuConfigValues
                0x20008b34       0x1c ./src/SubSystemModules/Communication/TRXVU.o
                0x20008b34                ChangeTrxvuConfigValues
 .text.isFirstActivation
                0x20008b50       0x38 ./src/InitSystem.o
                0x20008b50                isFirstActivation
 .text.WriteDefaultValuesToFRAM
                0x20008b88      0x2b8 ./src/InitSystem.o
                0x20008b88                WriteDefaultValuesToFRAM
 .text.StartFRAM
                0x20008e40       0x64 ./src/InitSystem.o
                0x20008e40                StartFRAM
 .text.StartI2C
                0x20008ea4       0x38 ./src/InitSystem.o
                0x20008ea4                StartI2C
 .text.StartSPI
                0x20008edc       0x34 ./src/InitSystem.o
                0x20008edc                StartSPI
 .text.StartTIME
                0x20008f10       0xbc ./src/InitSystem.o
                0x20008f10                StartTIME
 .text.DeploySystem
                0x20008fcc      0x1b8 ./src/InitSystem.o
                0x20008fcc                DeploySystem
 .text.InitSubsystems
                0x20009184       0x64 ./src/InitSystem.o
                0x20009184                InitSubsystems
 .text.CMD_getInfoImage
                0x200091e8      0x158 ./src/TLM_management.o
                0x200091e8                CMD_getInfoImage
 .text.CMD_getDataImage
                0x20009340      0x218 ./src/TLM_management.o
                0x20009340                CMD_getDataImage
 .text.delete_allTMFilesFromSD
                0x20009558       0x8c ./src/TLM_management.o
                0x20009558                delete_allTMFilesFromSD
 .text.deleteTLMFiles
                0x200095e4       0x94 ./src/TLM_management.o
                0x200095e4                deleteTLMFiles
 .text.deleteTLMFile
                0x20009678       0xcc ./src/TLM_management.o
                0x20009678                deleteTLMFile
 .text.deleteTLMbyMonth
                0x20009744       0xac ./src/TLM_management.o
                0x20009744                deleteTLMbyMonth
 .text.deleteDirectory
                0x200097f0      0x158 ./src/TLM_management.o
                0x200097f0                deleteDirectory
 .text.InitializeFS
                0x20009948       0xec ./src/TLM_management.o
                0x20009948                InitializeFS
 .text.calculateFileName
                0x20009a34      0x130 ./src/TLM_management.o
                0x20009a34                calculateFileName
 .text.getTlmTypeInfo
                0x20009b64      0x264 ./src/TLM_management.o
                0x20009b64                getTlmTypeInfo
 .text.write2File
                0x20009dc8      0x1dc ./src/TLM_management.o
                0x20009dc8                write2File
 .text.printTLM
                0x20009fa4       0x24 ./src/TLM_management.o
                0x20009fa4                printTLM
 .text.readTLMFile
                0x20009fc8      0x328 ./src/TLM_management.o
                0x20009fc8                readTLMFile
 .text.readTLMFiles
                0x2000a2f0       0xdc ./src/TLM_management.o
                0x2000a2f0                readTLMFiles
 .text.readTLMFileTimeRange
                0x2000a3cc      0x2f0 ./src/TLM_management.o
                0x2000a3cc                readTLMFileTimeRange
 .text.DeInitializeFS
                0x2000a6bc       0x38 ./src/TLM_management.o
                0x2000a6bc                DeInitializeFS
 .text.taskMain
                0x2000a6f4       0x80 ./src/main.o
                0x2000a6f4                taskMain
 .text.main     0x2000a774       0x98 ./src/main.o
                0x2000a774                main
 .text.timeU2time
                0x2000a80c       0xbc ./src/utils.o
                0x2000a80c                timeU2time
 .text.logError
                0x2000a8c8      0x148 ./src/utils.o
                0x2000a8c8                logError
 .text.clearPDCtransfers
                0x2000aa10       0xe8 C:/ISIS/workspace/ycube/GlobusSatProject/..//hal/hal/lib\libHALD.a(SPI.o)
 .text.SPI_start
                0x2000aaf8      0x4b0 C:/ISIS/workspace/ycube/GlobusSatProject/..//hal/hal/lib\libHALD.a(SPI.o)
                0x2000aaf8                SPI_start
 .text.SPI_stop
                0x2000afa8      0x244 C:/ISIS/workspace/ycube/GlobusSatProject/..//hal/hal/lib\libHALD.a(SPI.o)
                0x2000afa8                SPI_stop
 .text.SPI_queueTransfer
                0x2000b1ec      0x1cc C:/ISIS/workspace/ycube/GlobusSatProject/..//hal/hal/lib\libHALD.a(SPI.o)
                0x2000b1ec                SPI_queueTransfer
 .text.SPI_internalCallback
                0x2000b3b8       0x64 C:/ISIS/workspace/ycube/GlobusSatProject/..//hal/hal/lib\libHALD.a(SPI.o)
 .text.SPI_writeRead
                0x2000b41c      0x1c0 C:/ISIS/workspace/ycube/GlobusSatProject/..//hal/hal/lib\libHALD.a(SPI.o)
                0x2000b41c                SPI_writeRead
 .text.waitForTransfer
                0x2000b5dc       0x78 C:/ISIS/workspace/ycube/GlobusSatProject/..//hal/hal/lib\libHALD.a(SPI.o)
 .text.SPI_getDriverState
                0x2000b654       0x58 C:/ISIS/workspace/ycube/GlobusSatProject/..//hal/hal/lib\libHALD.a(SPI.o)
                0x2000b654                SPI_getDriverState
 .text.validateTransferParameters
                0x2000b6ac      0x10c C:/ISIS/workspace/ycube/GlobusSatProject/..//hal/hal/lib\libHALD.a(I2C.o)
 .text.I2C_queueTransfer
                0x2000b7b8       0xfc C:/ISIS/workspace/ycube/GlobusSatProject/..//hal/hal/lib\libHALD.a(I2C.o)
                0x2000b7b8                I2C_queueTransfer
 .text.I2C_internalCallback
                0x2000b8b4       0x64 C:/ISIS/workspace/ycube/GlobusSatProject/..//hal/hal/lib\libHALD.a(I2C.o)
 .text.I2C_doBlockingTransfer
                0x2000b918      0x180 C:/ISIS/workspace/ycube/GlobusSatProject/..//hal/hal/lib\libHALD.a(I2C.o)
 .text.I2C_write
                0x2000ba98      0x110 C:/ISIS/workspace/ycube/GlobusSatProject/..//hal/hal/lib\libHALD.a(I2C.o)
                0x2000ba98                I2C_write
 .text.I2C_read
                0x2000bba8      0x110 C:/ISIS/workspace/ycube/GlobusSatProject/..//hal/hal/lib\libHALD.a(I2C.o)
                0x2000bba8                I2C_read
 .text.I2C_writeRead
                0x2000bcb8      0x17c C:/ISIS/workspace/ycube/GlobusSatProject/..//hal/hal/lib\libHALD.a(I2C.o)
                0x2000bcb8                I2C_writeRead
 .text.I2C_start
                0x2000be34      0x2e8 C:/ISIS/workspace/ycube/GlobusSatProject/..//hal/hal/lib\libHALD.a(I2C.o)
                0x2000be34                I2C_start
 .text.I2C_stop
                0x2000c11c      0x184 C:/ISIS/workspace/ycube/GlobusSatProject/..//hal/hal/lib\libHALD.a(I2C.o)
                0x2000c11c                I2C_stop
 .text.I2C_setTransferTimeout
                0x2000c2a0       0x48 C:/ISIS/workspace/ycube/GlobusSatProject/..//hal/hal/lib\libHALD.a(I2C.o)
                0x2000c2a0                I2C_setTransferTimeout
 .text.ADC_ConvertRaw10bitToMillivolt
                0x2000c2e8       0x50 C:/ISIS/workspace/ycube/GlobusSatProject/..//hal/hal/lib\libHALD.a(ADC.o)
                0x2000c2e8                ADC_ConvertRaw10bitToMillivolt
 .text.ADC_SingleShot
                0x2000c338      0x230 C:/ISIS/workspace/ycube/GlobusSatProject/..//hal/hal/lib\libHALD.a(ADC.o)
                0x2000c338                ADC_SingleShot
 .text.FRAM_start
                0x2000c568      0x120 C:/ISIS/workspace/ycube/GlobusSatProject/..//hal/hal/lib\libHALD.a(FRAM.o)
                0x2000c568                FRAM_start
 .text.FRAM_stop
                0x2000c688       0x6c C:/ISIS/workspace/ycube/GlobusSatProject/..//hal/hal/lib\libHALD.a(FRAM.o)
                0x2000c688                FRAM_stop
 .text.FRAM_dummyCallback
                0x2000c6f4       0x24 C:/ISIS/workspace/ycube/GlobusSatProject/..//hal/hal/lib\libHALD.a(FRAM.o)
                0x2000c6f4                FRAM_dummyCallback
 .text.FRAM_unlockingCallback
                0x2000c718       0x64 C:/ISIS/workspace/ycube/GlobusSatProject/..//hal/hal/lib\libHALD.a(FRAM.o)
                0x2000c718                FRAM_unlockingCallback
 .text.doBlockingTransfer
                0x2000c77c       0x78 C:/ISIS/workspace/ycube/GlobusSatProject/..//hal/hal/lib\libHALD.a(FRAM.o)
 .text.FRAM_writePacket
                0x2000c7f4      0x134 C:/ISIS/workspace/ycube/GlobusSatProject/..//hal/hal/lib\libHALD.a(FRAM.o)
 .text.FRAM_write
                0x2000c928      0x1e0 C:/ISIS/workspace/ycube/GlobusSatProject/..//hal/hal/lib\libHALD.a(FRAM.o)
                0x2000c928                FRAM_write
 .text.FRAM_readPacket
                0x2000cb08       0xf0 C:/ISIS/workspace/ycube/GlobusSatProject/..//hal/hal/lib\libHALD.a(FRAM.o)
 .text.FRAM_read
                0x2000cbf8      0x1ec C:/ISIS/workspace/ycube/GlobusSatProject/..//hal/hal/lib\libHALD.a(FRAM.o)
                0x2000cbf8                FRAM_read
 .text.Time_start
                0x2000cde4      0x170 C:/ISIS/workspace/ycube/GlobusSatProject/..//hal/hal/lib\libHALD.a(Time.o)
                0x2000cde4                Time_start
 .text.taskTimeSync
                0x2000cf54       0x64 C:/ISIS/workspace/ycube/GlobusSatProject/..//hal/hal/lib\libHALD.a(Time.o)
 .text.Time_convertEpochToTime
                0x2000cfb8      0x100 C:/ISIS/workspace/ycube/GlobusSatProject/..//hal/hal/lib\libHALD.a(Time.o)
                0x2000cfb8                Time_convertEpochToTime
 .text.Time_calculateSecondsOfYear
                0x2000d0b8       0xd8 C:/ISIS/workspace/ycube/GlobusSatProject/..//hal/hal/lib\libHALD.a(Time.o)
 .text.Time_set
                0x2000d190       0xd8 C:/ISIS/workspace/ycube/GlobusSatProject/..//hal/hal/lib\libHALD.a(Time.o)
                0x2000d190                Time_set
 .text.Time_isLeapYear
                0x2000d268       0x98 C:/ISIS/workspace/ycube/GlobusSatProject/..//hal/hal/lib\libHALD.a(Time.o)
                0x2000d268                Time_isLeapYear
 .text.Time_get
                0x2000d300      0x478 C:/ISIS/workspace/ycube/GlobusSatProject/..//hal/hal/lib\libHALD.a(Time.o)
                0x2000d300                Time_get
 .text.Time_getUnixEpoch
                0x2000d778      0x108 C:/ISIS/workspace/ycube/GlobusSatProject/..//hal/hal/lib\libHALD.a(Time.o)
                0x2000d778                Time_getUnixEpoch
 .text.Time_secondsOfYearToTime
                0x2000d880      0x33c C:/ISIS/workspace/ycube/GlobusSatProject/..//hal/hal/lib\libHALD.a(Time.o)
 .text.Time_setUnixEpoch
                0x2000dbbc       0x54 C:/ISIS/workspace/ycube/GlobusSatProject/..//hal/hal/lib\libHALD.a(Time.o)
                0x2000dbbc                Time_setUnixEpoch
 .text.Time_getUptimeSeconds
                0x2000dc10       0x28 C:/ISIS/workspace/ycube/GlobusSatProject/..//hal/hal/lib\libHALD.a(Time.o)
                0x2000dc10                Time_getUptimeSeconds
 .text.Time_sync
                0x2000dc38      0x1a8 C:/ISIS/workspace/ycube/GlobusSatProject/..//hal/hal/lib\libHALD.a(Time.o)
                0x2000dc38                Time_sync
 .text.Time_syncIfNeeded
                0x2000dde0       0xac C:/ISIS/workspace/ycube/GlobusSatProject/..//hal/hal/lib\libHALD.a(Time.o)
                0x2000dde0                Time_syncIfNeeded
 .text.WDT_start
                0x2000de8c       0x48 C:/ISIS/workspace/ycube/GlobusSatProject/..//hal/hal/lib\libHALD.a(WatchDogTimerNoOS.o)
                0x2000de8c                WDT_start
 .text.RTT_start
                0x2000ded4       0x24 C:/ISIS/workspace/ycube/GlobusSatProject/..//hal/hal/lib\libHALD.a(RTT.o)
                0x2000ded4                RTT_start
 .text.RTT_GetTime
                0x2000def8       0x24 C:/ISIS/workspace/ycube/GlobusSatProject/..//hal/hal/lib\libHALD.a(RTT.o)
                0x2000def8                RTT_GetTime
 .text.RTC_start
                0x2000df1c       0x3c C:/ISIS/workspace/ycube/GlobusSatProject/..//hal/hal/lib\libHALD.a(RTC.o)
                0x2000df1c                RTC_start
 .text.RTC_setTime
                0x2000df58      0x2a4 C:/ISIS/workspace/ycube/GlobusSatProject/..//hal/hal/lib\libHALD.a(RTC.o)
                0x2000df58                RTC_setTime
 .text.RTC_getTime
                0x2000e1fc      0x230 C:/ISIS/workspace/ycube/GlobusSatProject/..//hal/hal/lib\libHALD.a(RTC.o)
                0x2000e1fc                RTC_getTime
 .text.RTC_checkTimeValid
                0x2000e42c       0xd8 C:/ISIS/workspace/ycube/GlobusSatProject/..//hal/hal/lib\libHALD.a(RTC.o)
                0x2000e42c                RTC_checkTimeValid
 .text.WDT_startWatchdogKickTask
                0x2000e504       0xb4 C:/ISIS/workspace/ycube/GlobusSatProject/..//hal/hal/lib\libHALD.a(WatchDogTimerOS.o)
                0x2000e504                WDT_startWatchdogKickTask
 .text.WDT_forceKickEveryNms
                0x2000e5b8       0x50 C:/ISIS/workspace/ycube/GlobusSatProject/..//hal/hal/lib\libHALD.a(WatchDogTimerOS.o)
                0x2000e5b8                WDT_forceKickEveryNms
 .text.f_puts   0x2000e608       0x80 C:/ISIS/workspace/ycube/GlobusSatProject/..//hal/hal/lib\libHALD.a(fprintf.o)
                0x2000e608                f_puts
 .text.LED_glow
                0x2000e688       0x58 C:/ISIS/workspace/ycube/GlobusSatProject/..//hal/hal/lib\libHALD.a(LED.o)
                0x2000e688                LED_glow
 .text.LED_dark
                0x2000e6e0       0x58 C:/ISIS/workspace/ycube/GlobusSatProject/..//hal/hal/lib\libHALD.a(LED.o)
                0x2000e6e0                LED_dark
 .text.LED_toggle
                0x2000e738       0x50 C:/ISIS/workspace/ycube/GlobusSatProject/..//hal/hal/lib\libHALD.a(LED.o)
                0x2000e738                LED_toggle
 .text.fm_initvolume
                0x2000e788       0x70 C:/ISIS/workspace/ycube/GlobusSatProject/..//hal/hcc/lib\libHCCD.a(fat_m.o)
                0x2000e788                fm_initvolume
 .text.fm_delvolume
                0x2000e7f8       0x60 C:/ISIS/workspace/ycube/GlobusSatProject/..//hal/hcc/lib\libHCCD.a(fat_m.o)
                0x2000e7f8                fm_delvolume
 .text.fm_format
                0x2000e858       0x68 C:/ISIS/workspace/ycube/GlobusSatProject/..//hal/hcc/lib\libHCCD.a(fat_m.o)
                0x2000e858                fm_format
 .text.fm_getdrive
                0x2000e8c0       0x70 C:/ISIS/workspace/ycube/GlobusSatProject/..//hal/hcc/lib\libHCCD.a(fat_m.o)
                0x2000e8c0                fm_getdrive
 .text.fm_getfreespace
                0x2000e930       0x68 C:/ISIS/workspace/ycube/GlobusSatProject/..//hal/hcc/lib\libHCCD.a(fat_m.o)
                0x2000e930                fm_getfreespace
 .text.fm_mkdir
                0x2000e998       0x60 C:/ISIS/workspace/ycube/GlobusSatProject/..//hal/hcc/lib\libHCCD.a(fat_m.o)
                0x2000e998                fm_mkdir
 .text.fm_rmdir
                0x2000e9f8       0x60 C:/ISIS/workspace/ycube/GlobusSatProject/..//hal/hcc/lib\libHCCD.a(fat_m.o)
                0x2000e9f8                fm_rmdir
 .text.fm_findfirst
                0x2000ea58       0x68 C:/ISIS/workspace/ycube/GlobusSatProject/..//hal/hcc/lib\libHCCD.a(fat_m.o)
                0x2000ea58                fm_findfirst
 .text.fm_findnext
                0x2000eac0       0x60 C:/ISIS/workspace/ycube/GlobusSatProject/..//hal/hcc/lib\libHCCD.a(fat_m.o)
                0x2000eac0                fm_findnext
 .text.fm_close
                0x2000eb20       0x60 C:/ISIS/workspace/ycube/GlobusSatProject/..//hal/hcc/lib\libHCCD.a(fat_m.o)
                0x2000eb20                fm_close
 .text.fm_flush
                0x2000eb80       0x60 C:/ISIS/workspace/ycube/GlobusSatProject/..//hal/hcc/lib\libHCCD.a(fat_m.o)
                0x2000eb80                fm_flush
 .text.fm_open  0x2000ebe0       0x68 C:/ISIS/workspace/ycube/GlobusSatProject/..//hal/hcc/lib\libHCCD.a(fat_m.o)
                0x2000ebe0                fm_open
 .text.fm_read  0x2000ec48       0x7c C:/ISIS/workspace/ycube/GlobusSatProject/..//hal/hcc/lib\libHCCD.a(fat_m.o)
                0x2000ec48                fm_read
 .text.fm_write
                0x2000ecc4       0x7c C:/ISIS/workspace/ycube/GlobusSatProject/..//hal/hcc/lib\libHCCD.a(fat_m.o)
                0x2000ecc4                fm_write
 .text.fm_seek  0x2000ed40       0x70 C:/ISIS/workspace/ycube/GlobusSatProject/..//hal/hcc/lib\libHCCD.a(fat_m.o)
                0x2000ed40                fm_seek
 .text.fm_tell  0x2000edb0       0x60 C:/ISIS/workspace/ycube/GlobusSatProject/..//hal/hcc/lib\libHCCD.a(fat_m.o)
                0x2000edb0                fm_tell
 .text.fm_putc  0x2000ee10       0x68 C:/ISIS/workspace/ycube/GlobusSatProject/..//hal/hcc/lib\libHCCD.a(fat_m.o)
                0x2000ee10                fm_putc
 .text.fm_rewind
                0x2000ee78       0x60 C:/ISIS/workspace/ycube/GlobusSatProject/..//hal/hcc/lib\libHCCD.a(fat_m.o)
                0x2000ee78                fm_rewind
 .text.fm_delete
                0x2000eed8       0x64 C:/ISIS/workspace/ycube/GlobusSatProject/..//hal/hcc/lib\libHCCD.a(fat_m.o)
                0x2000eed8                fm_delete
 .text.fm_getlasterror
                0x2000ef3c       0x40 C:/ISIS/workspace/ycube/GlobusSatProject/..//hal/hcc/lib\libHCCD.a(fat_m.o)
                0x2000ef3c                fm_getlasterror
 .text._f_invalidatedir
                0x2000ef7c       0x28 C:/ISIS/workspace/ycube/GlobusSatProject/..//hal/hcc/lib\libHCCD.a(fat.o)
                0x2000ef7c                _f_invalidatedir
 .text._f_getdirsector
                0x2000efa4       0x88 C:/ISIS/workspace/ycube/GlobusSatProject/..//hal/hcc/lib\libHCCD.a(fat.o)
                0x2000efa4                _f_getdirsector
 .text._f_writedirsector
                0x2000f02c       0x74 C:/ISIS/workspace/ycube/GlobusSatProject/..//hal/hcc/lib\libHCCD.a(fat.o)
                0x2000f02c                _f_writedirsector
 .text._f_checknameinv
                0x2000f0a0      0x180 C:/ISIS/workspace/ycube/GlobusSatProject/..//hal/hcc/lib\libHCCD.a(fat.o)
 .text._f_checkname
                0x2000f220       0x7c C:/ISIS/workspace/ycube/GlobusSatProject/..//hal/hcc/lib\libHCCD.a(fat.o)
 .text._f_checknamewc
                0x2000f29c       0xf8 C:/ISIS/workspace/ycube/GlobusSatProject/..//hal/hcc/lib\libHCCD.a(fat.o)
 .text._f_setnameext
                0x2000f394      0x300 C:/ISIS/workspace/ycube/GlobusSatProject/..//hal/hcc/lib\libHCCD.a(fat.o)
 .text._f_setfsname
                0x2000f694      0x584 C:/ISIS/workspace/ycube/GlobusSatProject/..//hal/hcc/lib\libHCCD.a(fat.o)
 .text._f_findfile
                0x2000fc18      0x30c C:/ISIS/workspace/ycube/GlobusSatProject/..//hal/hcc/lib\libHCCD.a(fat.o)
 .text._f_cmp_wname
                0x2000ff24      0x274 C:/ISIS/workspace/ycube/GlobusSatProject/..//hal/hcc/lib\libHCCD.a(fat.o)
 .text._f_to_string
                0x20010198      0x130 C:/ISIS/workspace/ycube/GlobusSatProject/..//hal/hcc/lib\libHCCD.a(fat.o)
 .text._f_findfilewc
                0x200102c8      0x278 C:/ISIS/workspace/ycube/GlobusSatProject/..//hal/hcc/lib\libHCCD.a(fat.o)
 .text._f_getfilename
                0x20010540      0x20c C:/ISIS/workspace/ycube/GlobusSatProject/..//hal/hcc/lib\libHCCD.a(fat.o)
 .text._f_findpath
                0x2001074c      0x35c C:/ISIS/workspace/ycube/GlobusSatProject/..//hal/hcc/lib\libHCCD.a(fat.o)
 .text.fn_getdcwd
                0x20010aa8      0x1e0 C:/ISIS/workspace/ycube/GlobusSatProject/..//hal/hcc/lib\libHCCD.a(fat.o)
                0x20010aa8                fn_getdcwd
 .text.fn_findfirst
                0x20010c88      0x13c C:/ISIS/workspace/ycube/GlobusSatProject/..//hal/hcc/lib\libHCCD.a(fat.o)
                0x20010c88                fn_findfirst
 .text.fn_findnext
                0x20010dc4      0x360 C:/ISIS/workspace/ycube/GlobusSatProject/..//hal/hcc/lib\libHCCD.a(fat.o)
                0x20010dc4                fn_findnext
 .text._f_lock_resfile
                0x20011124       0x6c C:/ISIS/workspace/ycube/GlobusSatProject/..//hal/hcc/lib\libHCCD.a(fat.o)
 .text._f_unlock_resfile
                0x20011190       0x40 C:/ISIS/workspace/ycube/GlobusSatProject/..//hal/hcc/lib\libHCCD.a(fat.o)
 .text._f_getintfile
                0x200111d0      0x124 C:/ISIS/workspace/ycube/GlobusSatProject/..//hal/hcc/lib\libHCCD.a(fat.o)
 .text._f_addentry
                0x200112f4      0x540 C:/ISIS/workspace/ycube/GlobusSatProject/..//hal/hcc/lib\libHCCD.a(fat.o)
 .text.fn_mkdir
                0x20011834      0x75c C:/ISIS/workspace/ycube/GlobusSatProject/..//hal/hcc/lib\libHCCD.a(fat.o)
                0x20011834                fn_mkdir
 .text.fn_open_sub
                0x20011f90     0x1698 C:/ISIS/workspace/ycube/GlobusSatProject/..//hal/hcc/lib\libHCCD.a(fat.o)
 .text.fn_open  0x20013628       0x44 C:/ISIS/workspace/ycube/GlobusSatProject/..//hal/hcc/lib\libHCCD.a(fat.o)
                0x20013628                fn_open
 .text.fn_delete
                0x2001366c      0x490 C:/ISIS/workspace/ycube/GlobusSatProject/..//hal/hcc/lib\libHCCD.a(fat.o)
                0x2001366c                fn_delete
 .text.fn_rmdir
                0x20013afc      0x5ac C:/ISIS/workspace/ycube/GlobusSatProject/..//hal/hcc/lib\libHCCD.a(fat.o)
                0x20013afc                fn_rmdir
 .text.fn_init  0x200140a8      0x2dc C:/ISIS/workspace/ycube/GlobusSatProject/..//hal/hcc/lib\libHCCD.a(fat_common.o)
                0x200140a8                fn_init
 .text.fn_start
                0x20014384       0x1c C:/ISIS/workspace/ycube/GlobusSatProject/..//hal/hcc/lib\libHCCD.a(fat_common.o)
                0x20014384                fn_start
 .text.fsn_delete
                0x200143a0       0xc8 C:/ISIS/workspace/ycube/GlobusSatProject/..//hal/hcc/lib\libHCCD.a(fat_common.o)
                0x200143a0                fsn_delete
 .text._f_get16bitl
                0x20014468       0x4c C:/ISIS/workspace/ycube/GlobusSatProject/..//hal/hcc/lib\libHCCD.a(fat_common.o)
                0x20014468                _f_get16bitl
 .text._f_set16bitl
                0x200144b4       0x54 C:/ISIS/workspace/ycube/GlobusSatProject/..//hal/hcc/lib\libHCCD.a(fat_common.o)
                0x200144b4                _f_set16bitl
 .text._f_get32bitl
                0x20014508       0x68 C:/ISIS/workspace/ycube/GlobusSatProject/..//hal/hcc/lib\libHCCD.a(fat_common.o)
                0x20014508                _f_get32bitl
 .text._f_set32bitl
                0x20014570       0x78 C:/ISIS/workspace/ycube/GlobusSatProject/..//hal/hcc/lib\libHCCD.a(fat_common.o)
                0x20014570                _f_set32bitl
 .text._get8bit
                0x200145e8       0xa0 C:/ISIS/workspace/ycube/GlobusSatProject/..//hal/hcc/lib\libHCCD.a(fat_common.o)
 .text._get16bitl
                0x20014688       0x40 C:/ISIS/workspace/ycube/GlobusSatProject/..//hal/hcc/lib\libHCCD.a(fat_common.o)
 .text._get32bitl
                0x200146c8       0x3c C:/ISIS/workspace/ycube/GlobusSatProject/..//hal/hcc/lib\libHCCD.a(fat_common.o)
 .text._set8bitzero
                0x20014704       0x6c C:/ISIS/workspace/ycube/GlobusSatProject/..//hal/hcc/lib\libHCCD.a(fat_common.o)
 .text._set8bit
                0x20014770       0xa0 C:/ISIS/workspace/ycube/GlobusSatProject/..//hal/hcc/lib\libHCCD.a(fat_common.o)
 .text._set16bitl
                0x20014810       0x3c C:/ISIS/workspace/ycube/GlobusSatProject/..//hal/hcc/lib\libHCCD.a(fat_common.o)
 .text._set32bitl
                0x2001484c       0x34 C:/ISIS/workspace/ycube/GlobusSatProject/..//hal/hcc/lib\libHCCD.a(fat_common.o)
 .text._f_setcardremoved
                0x20014880       0x94 C:/ISIS/workspace/ycube/GlobusSatProject/..//hal/hcc/lib\libHCCD.a(fat_common.o)
 .text._f_checkstatus
                0x20014914      0x104 C:/ISIS/workspace/ycube/GlobusSatProject/..//hal/hcc/lib\libHCCD.a(fat_common.o)
                0x20014914                _f_checkstatus
 .text._f_drvgetphy
                0x20014a18      0x114 C:/ISIS/workspace/ycube/GlobusSatProject/..//hal/hcc/lib\libHCCD.a(fat_common.o)
 .text._f_drvwritesector
                0x20014b2c       0xdc C:/ISIS/workspace/ycube/GlobusSatProject/..//hal/hcc/lib\libHCCD.a(fat_common.o)
 .text._f_drvreadsector
                0x20014c08       0xa8 C:/ISIS/workspace/ycube/GlobusSatProject/..//hal/hcc/lib\libHCCD.a(fat_common.o)
 .text._f_writesector
                0x20014cb0      0x23c C:/ISIS/workspace/ycube/GlobusSatProject/..//hal/hcc/lib\libHCCD.a(fat_common.o)
                0x20014cb0                _f_writesector
 .text._f_readsector
                0x20014eec      0x1dc C:/ISIS/workspace/ycube/GlobusSatProject/..//hal/hcc/lib\libHCCD.a(fat_common.o)
                0x20014eec                _f_readsector
 .text._f_getmaxcluster
                0x200150c8       0x94 C:/ISIS/workspace/ycube/GlobusSatProject/..//hal/hcc/lib\libHCCD.a(fat_common.o)
                0x200150c8                _f_getmaxcluster
 .text._getsectorfromcluster
                0x2001515c       0x68 C:/ISIS/workspace/ycube/GlobusSatProject/..//hal/hcc/lib\libHCCD.a(fat_common.o)
 .text._f_buildsectors
                0x200151c4      0x268 C:/ISIS/workspace/ycube/GlobusSatProject/..//hal/hcc/lib\libHCCD.a(fat_common.o)
 .text._f_getbootrecord
                0x2001542c      0x5e4 C:/ISIS/workspace/ycube/GlobusSatProject/..//hal/hcc/lib\libHCCD.a(fat_common.o)
 .text._f_readbootrecord
                0x20015a10      0x4f8 C:/ISIS/workspace/ycube/GlobusSatProject/..//hal/hcc/lib\libHCCD.a(fat_common.o)
 .text._f_writebootrecord
                0x20015f08      0x5e4 C:/ISIS/workspace/ycube/GlobusSatProject/..//hal/hcc/lib\libHCCD.a(fat_common.o)
 .text._f_flushcffiles
                0x200164ec      0x17c C:/ISIS/workspace/ycube/GlobusSatProject/..//hal/hcc/lib\libHCCD.a(fat_common.o)
                0x200164ec                _f_flushcffiles
 .text._f_fatcache_flush
                0x20016668      0x270 C:/ISIS/workspace/ycube/GlobusSatProject/..//hal/hcc/lib\libHCCD.a(fat_common.o)
                0x20016668                _f_fatcache_flush
 .text._f_writefatsector
                0x200168d8      0x100 C:/ISIS/workspace/ycube/GlobusSatProject/..//hal/hcc/lib\libHCCD.a(fat_common.o)
                0x200168d8                _f_writefatsector
 .text._f_getfatsector
                0x200169d8      0x3bc C:/ISIS/workspace/ycube/GlobusSatProject/..//hal/hcc/lib\libHCCD.a(fat_common.o)
 .text._f_setclustervalue
                0x20016d94      0x490 C:/ISIS/workspace/ycube/GlobusSatProject/..//hal/hcc/lib\libHCCD.a(fat_common.o)
                0x20016d94                _f_setclustervalue
 .text._f_getclustervalue
                0x20017224      0x388 C:/ISIS/workspace/ycube/GlobusSatProject/..//hal/hcc/lib\libHCCD.a(fat_common.o)
                0x20017224                _f_getclustervalue
 .text._f_close_drive_files
                0x200175ac       0xac C:/ISIS/workspace/ycube/GlobusSatProject/..//hal/hcc/lib\libHCCD.a(fat_common.o)
 .text._f_inc_mount_count
                0x20017658       0xa4 C:/ISIS/workspace/ycube/GlobusSatProject/..//hal/hcc/lib\libHCCD.a(fat_common.o)
 .text._f_getvolume
                0x200176fc      0x2f8 C:/ISIS/workspace/ycube/GlobusSatProject/..//hal/hcc/lib\libHCCD.a(fat_common.o)
                0x200176fc                _f_getvolume
 .text.fn_createdriver
                0x200179f4      0x118 C:/ISIS/workspace/ycube/GlobusSatProject/..//hal/hcc/lib\libHCCD.a(fat_common.o)
                0x200179f4                fn_createdriver
 .text.fn_initvolume
                0x20017b0c      0x12c C:/ISIS/workspace/ycube/GlobusSatProject/..//hal/hcc/lib\libHCCD.a(fat_common.o)
                0x20017b0c                fn_initvolume
 .text.fn_releasedriver
                0x20017c38       0xf4 C:/ISIS/workspace/ycube/GlobusSatProject/..//hal/hcc/lib\libHCCD.a(fat_common.o)
                0x20017c38                fn_releasedriver
 .text.fn_initvolumepartition_sub
                0x20017d2c       0xe0 C:/ISIS/workspace/ycube/GlobusSatProject/..//hal/hcc/lib\libHCCD.a(fat_common.o)
 .text.fn_initvolumepartition
                0x20017e0c       0xac C:/ISIS/workspace/ycube/GlobusSatProject/..//hal/hcc/lib\libHCCD.a(fat_common.o)
                0x20017e0c                fn_initvolumepartition
 .text.fn_delvolume
                0x20017eb8      0x194 C:/ISIS/workspace/ycube/GlobusSatProject/..//hal/hcc/lib\libHCCD.a(fat_common.o)
                0x20017eb8                fn_delvolume
 .text._f_clustertopos
                0x2001804c       0xf8 C:/ISIS/workspace/ycube/GlobusSatProject/..//hal/hcc/lib\libHCCD.a(fat_common.o)
                0x2001804c                _f_clustertopos
 .text._f_prepareformat
                0x20018144      0x8b8 C:/ISIS/workspace/ycube/GlobusSatProject/..//hal/hcc/lib\libHCCD.a(fat_common.o)
 .text._f_resetfatentries
                0x200189fc      0x410 C:/ISIS/workspace/ycube/GlobusSatProject/..//hal/hcc/lib\libHCCD.a(fat_common.o)
 .text._f_resetrootdir
                0x20018e0c       0xcc C:/ISIS/workspace/ycube/GlobusSatProject/..//hal/hcc/lib\libHCCD.a(fat_common.o)
 .text._f_postformat
                0x20018ed8      0x178 C:/ISIS/workspace/ycube/GlobusSatProject/..//hal/hcc/lib\libHCCD.a(fat_common.o)
 .text.fn_format
                0x20019050      0x148 C:/ISIS/workspace/ycube/GlobusSatProject/..//hal/hcc/lib\libHCCD.a(fat_common.o)
                0x20019050                fn_format
 .text._f_getcurrsector
                0x20019198      0x6c8 C:/ISIS/workspace/ycube/GlobusSatProject/..//hal/hcc/lib\libHCCD.a(fat_common.o)
                0x20019198                _f_getcurrsector
 .text._f_getdecluster
                0x20019860       0x90 C:/ISIS/workspace/ycube/GlobusSatProject/..//hal/hcc/lib\libHCCD.a(fat_common.o)
                0x20019860                _f_getdecluster
 .text._f_setdecluster
                0x200198f0       0x8c C:/ISIS/workspace/ycube/GlobusSatProject/..//hal/hcc/lib\libHCCD.a(fat_common.o)
                0x200198f0                _f_setdecluster
 .text.fn_getdrive
                0x2001997c       0x30 C:/ISIS/workspace/ycube/GlobusSatProject/..//hal/hcc/lib\libHCCD.a(fat_common.o)
                0x2001997c                fn_getdrive
 .text._f_getcurrenttimedate
                0x200199ac      0x138 C:/ISIS/workspace/ycube/GlobusSatProject/..//hal/hcc/lib\libHCCD.a(fat_common.o)
                0x200199ac                _f_getcurrenttimedate
 .text._f_initentry
                0x20019ae4       0xa0 C:/ISIS/workspace/ycube/GlobusSatProject/..//hal/hcc/lib\libHCCD.a(fat_common.o)
                0x20019ae4                _f_initentry
 .text._f_alloccluster
                0x20019b84      0x344 C:/ISIS/workspace/ycube/GlobusSatProject/..//hal/hcc/lib\libHCCD.a(fat_common.o)
                0x20019b84                _f_alloccluster
 .text._f_dobadblock
                0x20019ec8      0x2cc C:/ISIS/workspace/ycube/GlobusSatProject/..//hal/hcc/lib\libHCCD.a(fat_common.o)
                0x20019ec8                _f_dobadblock
 .text._f_checklocked
                0x2001a194       0xe4 C:/ISIS/workspace/ycube/GlobusSatProject/..//hal/hcc/lib\libHCCD.a(fat_common.o)
                0x2001a194                _f_checklocked
 .text._f_checkappendlocked
                0x2001a278      0x110 C:/ISIS/workspace/ycube/GlobusSatProject/..//hal/hcc/lib\libHCCD.a(fat_common.o)
                0x2001a278                _f_checkappendlocked
 .text._f_setsyncafile
                0x2001a388      0x114 C:/ISIS/workspace/ycube/GlobusSatProject/..//hal/hcc/lib\libHCCD.a(fat_common.o)
                0x2001a388                _f_setsyncafile
 .text._f_syncfiles
                0x2001a49c      0x128 C:/ISIS/workspace/ycube/GlobusSatProject/..//hal/hcc/lib\libHCCD.a(fat_common.o)
                0x2001a49c                _f_syncfiles
 .text._f_syncfilescontent
                0x2001a5c4      0x15c C:/ISIS/workspace/ycube/GlobusSatProject/..//hal/hcc/lib\libHCCD.a(fat_common.o)
 .text.fn_getfreespace
                0x2001a720      0x4c0 C:/ISIS/workspace/ycube/GlobusSatProject/..//hal/hcc/lib\libHCCD.a(fat_common.o)
                0x2001a720                fn_getfreespace
 .text._f_emptywritecache
                0x2001abe0      0x4a4 C:/ISIS/workspace/ycube/GlobusSatProject/..//hal/hcc/lib\libHCCD.a(fat_common.o)
 .text._f_allocnextcluster
                0x2001b084      0x54c C:/ISIS/workspace/ycube/GlobusSatProject/..//hal/hcc/lib\libHCCD.a(fat_common.o)
 .text._f_emptywritebuffer
                0x2001b5d0      0x20c C:/ISIS/workspace/ycube/GlobusSatProject/..//hal/hcc/lib\libHCCD.a(fat_common.o)
 .text._f_writezeros
                0x2001b7dc       0xf0 C:/ISIS/workspace/ycube/GlobusSatProject/..//hal/hcc/lib\libHCCD.a(fat_common.o)
                0x2001b7dc                _f_writezeros
 .text._f_extend_file
                0x2001b8cc      0x570 C:/ISIS/workspace/ycube/GlobusSatProject/..//hal/hcc/lib\libHCCD.a(fat_common.o)
 .text._f_fseek
                0x2001be3c      0x9bc C:/ISIS/workspace/ycube/GlobusSatProject/..//hal/hcc/lib\libHCCD.a(fat_common.o)
                0x2001be3c                _f_fseek
 .text._f_removechain
                0x2001c7f8      0x104 C:/ISIS/workspace/ycube/GlobusSatProject/..//hal/hcc/lib\libHCCD.a(fat_common.o)
                0x2001c7f8                _f_removechain
 .text._f_updatefileentry
                0x2001c8fc      0x1cc C:/ISIS/workspace/ycube/GlobusSatProject/..//hal/hcc/lib\libHCCD.a(fat_common.o)
 .text._f_checkreadlocked
                0x2001cac8      0x1bc C:/ISIS/workspace/ycube/GlobusSatProject/..//hal/hcc/lib\libHCCD.a(fat_common.o)
                0x2001cac8                _f_checkreadlocked
 .text._f_check_handle
                0x2001cc84       0x98 C:/ISIS/workspace/ycube/GlobusSatProject/..//hal/hcc/lib\libHCCD.a(fat_common.o)
                0x2001cc84                _f_check_handle
 .text._f_removesyncafile
                0x2001cd1c      0x1ec C:/ISIS/workspace/ycube/GlobusSatProject/..//hal/hcc/lib\libHCCD.a(fat_common.o)
 .text.fn_close
                0x2001cf08      0x3f8 C:/ISIS/workspace/ycube/GlobusSatProject/..//hal/hcc/lib\libHCCD.a(fat_common.o)
                0x2001cf08                fn_close
 .text.fn_flush
                0x2001d300      0x374 C:/ISIS/workspace/ycube/GlobusSatProject/..//hal/hcc/lib\libHCCD.a(fat_common.o)
                0x2001d300                fn_flush
 .text.fn_read  0x2001d674      0x690 C:/ISIS/workspace/ycube/GlobusSatProject/..//hal/hcc/lib\libHCCD.a(fat_common.o)
                0x2001d674                fn_read
 .text._f_abortwrite
                0x2001dd04      0x100 C:/ISIS/workspace/ycube/GlobusSatProject/..//hal/hcc/lib\libHCCD.a(fat_common.o)
 .text._f_checkwritecluster
                0x2001de04       0xe4 C:/ISIS/workspace/ycube/GlobusSatProject/..//hal/hcc/lib\libHCCD.a(fat_common.o)
 .text.fn_write
                0x2001dee8      0x8a8 C:/ISIS/workspace/ycube/GlobusSatProject/..//hal/hcc/lib\libHCCD.a(fat_common.o)
                0x2001dee8                fn_write
 .text.fn_seek  0x2001e790      0x270 C:/ISIS/workspace/ycube/GlobusSatProject/..//hal/hcc/lib\libHCCD.a(fat_common.o)
                0x2001e790                fn_seek
 .text.fn_tell  0x2001ea00      0x19c C:/ISIS/workspace/ycube/GlobusSatProject/..//hal/hcc/lib\libHCCD.a(fat_common.o)
                0x2001ea00                fn_tell
 .text.fn_rewind
                0x2001eb9c       0x38 C:/ISIS/workspace/ycube/GlobusSatProject/..//hal/hcc/lib\libHCCD.a(fat_common.o)
                0x2001eb9c                fn_rewind
 .text.fn_putc  0x2001ebd4       0x68 C:/ISIS/workspace/ycube/GlobusSatProject/..//hal/hcc/lib\libHCCD.a(fat_common.o)
                0x2001ebd4                fn_putc
 .text.f_enterFS
                0x2001ec3c      0x1c0 C:/ISIS/workspace/ycube/GlobusSatProject/..//hal/hcc/lib\libHCCD.a(fat_common.o)
                0x2001ec3c                f_enterFS
 .text.f_releaseFS
                0x2001edfc       0xb0 C:/ISIS/workspace/ycube/GlobusSatProject/..//hal/hcc/lib\libHCCD.a(fat_common.o)
                0x2001edfc                f_releaseFS
 .text.fnGetTask
                0x2001eeac       0xfc C:/ISIS/workspace/ycube/GlobusSatProject/..//hal/hcc/lib\libHCCD.a(fat_common.o)
                0x2001eeac                fnGetTask
 .text._f_mutex_get
                0x2001efa8       0x98 C:/ISIS/workspace/ycube/GlobusSatProject/..//hal/hcc/lib\libHCCD.a(fat_common.o)
                0x2001efa8                _f_mutex_get
 .text._f_mutex_put
                0x2001f040       0x54 C:/ISIS/workspace/ycube/GlobusSatProject/..//hal/hcc/lib\libHCCD.a(fat_common.o)
                0x2001f040                _f_mutex_put
 .text._fn_initseekdivisor
                0x2001f094      0x158 C:/ISIS/workspace/ycube/GlobusSatProject/..//hal/hcc/lib\libHCCD.a(fat_common.o)
                0x2001f094                _fn_initseekdivisor
 .text._fn_updateseekpos
                0x2001f1ec       0xc4 C:/ISIS/workspace/ycube/GlobusSatProject/..//hal/hcc/lib\libHCCD.a(fat_common.o)
 .text._f_findopensize
                0x2001f2b0       0x2c C:/ISIS/workspace/ycube/GlobusSatProject/..//hal/hcc/lib\libHCCD.a(fat_common.o)
                0x2001f2b0                _f_findopensize
 .text.fn_setlasterror
                0x2001f2dc       0x34 C:/ISIS/workspace/ycube/GlobusSatProject/..//hal/hcc/lib\libHCCD.a(fat_common.o)
                0x2001f2dc                fn_setlasterror
 .text.fn_setlasterror_noret
                0x2001f310       0x2c C:/ISIS/workspace/ycube/GlobusSatProject/..//hal/hcc/lib\libHCCD.a(fat_common.o)
                0x2001f310                fn_setlasterror_noret
 .text._s_checkzeroclusteratend
                0x2001f33c       0xf8 C:/ISIS/workspace/ycube/GlobusSatProject/..//hal/hcc/lib\libHCCD.a(safefat.o)
 .text._s_clearclustercontent
                0x2001f434      0x108 C:/ISIS/workspace/ycube/GlobusSatProject/..//hal/hcc/lib\libHCCD.a(safefat.o)
 .text._s_clearclustercontentdir
                0x2001f53c      0x19c C:/ISIS/workspace/ycube/GlobusSatProject/..//hal/hcc/lib\libHCCD.a(safefat.o)
 .text._s_writedirsector
                0x2001f6d8       0xd0 C:/ISIS/workspace/ycube/GlobusSatProject/..//hal/hcc/lib\libHCCD.a(safefat.o)
 .text._s_getdirsector
                0x2001f7a8      0x100 C:/ISIS/workspace/ycube/GlobusSatProject/..//hal/hcc/lib\libHCCD.a(safefat.o)
 .text._s_addentry
                0x2001f8a8      0x394 C:/ISIS/workspace/ycube/GlobusSatProject/..//hal/hcc/lib\libHCCD.a(safefat.o)
 .text._s_findfile
                0x2001fc3c      0x33c C:/ISIS/workspace/ycube/GlobusSatProject/..//hal/hcc/lib\libHCCD.a(safefat.o)
 .text._s_findsubdir
                0x2001ff78      0x248 C:/ISIS/workspace/ycube/GlobusSatProject/..//hal/hcc/lib\libHCCD.a(safefat.o)
 .text._s_createfile
                0x200201c0      0x190 C:/ISIS/workspace/ycube/GlobusSatProject/..//hal/hcc/lib\libHCCD.a(safefat.o)
 .text._s_findsaffile
                0x20020350      0x1b8 C:/ISIS/workspace/ycube/GlobusSatProject/..//hal/hcc/lib\libHCCD.a(safefat.o)
 .text._s_open  0x20020508       0xe4 C:/ISIS/workspace/ycube/GlobusSatProject/..//hal/hcc/lib\libHCCD.a(safefat.o)
 .text._s_open_saf
                0x200205ec       0xe8 C:/ISIS/workspace/ycube/GlobusSatProject/..//hal/hcc/lib\libHCCD.a(safefat.o)
 .text._s_flush
                0x200206d4       0x84 C:/ISIS/workspace/ycube/GlobusSatProject/..//hal/hcc/lib\libHCCD.a(safefat.o)
 .text._s_allocnextcluster
                0x20020758      0x13c C:/ISIS/workspace/ycube/GlobusSatProject/..//hal/hcc/lib\libHCCD.a(safefat.o)
 .text._s_getnextsector
                0x20020894       0xdc C:/ISIS/workspace/ycube/GlobusSatProject/..//hal/hcc/lib\libHCCD.a(safefat.o)
 .text._s_seek  0x20020970      0x1e8 C:/ISIS/workspace/ycube/GlobusSatProject/..//hal/hcc/lib\libHCCD.a(safefat.o)
 .text._s_get_len
                0x20020b58      0x10c C:/ISIS/workspace/ycube/GlobusSatProject/..//hal/hcc/lib\libHCCD.a(safefat.o)
 .text._s_set_len
                0x20020c64       0xb4 C:/ISIS/workspace/ycube/GlobusSatProject/..//hal/hcc/lib\libHCCD.a(safefat.o)
 .text.safe_fix_filelengths
                0x20020d18       0xcc C:/ISIS/workspace/ycube/GlobusSatProject/..//hal/hcc/lib\libHCCD.a(safefat.o)
                0x20020d18                safe_fix_filelengths
 .text._s_read  0x20020de4      0x228 C:/ISIS/workspace/ycube/GlobusSatProject/..//hal/hcc/lib\libHCCD.a(safefat.o)
 .text._s_write
                0x2002100c      0x384 C:/ISIS/workspace/ycube/GlobusSatProject/..//hal/hcc/lib\libHCCD.a(safefat.o)
 .text._s_restoreclusters
                0x20021390      0x270 C:/ISIS/workspace/ycube/GlobusSatProject/..//hal/hcc/lib\libHCCD.a(safefat.o)
                0x20021390                _s_restoreclusters
 .text._s_findrestore
                0x20021600      0x18c C:/ISIS/workspace/ycube/GlobusSatProject/..//hal/hcc/lib\libHCCD.a(safefat.o)
 .text._s_cmd_writede
                0x2002178c       0xd8 C:/ISIS/workspace/ycube/GlobusSatProject/..//hal/hcc/lib\libHCCD.a(safefat.o)
 .text._s_cmd_setcluster
                0x20021864       0x88 C:/ISIS/workspace/ycube/GlobusSatProject/..//hal/hcc/lib\libHCCD.a(safefat.o)
 .text._s_cmd_deletechain
                0x200218ec      0x100 C:/ISIS/workspace/ycube/GlobusSatProject/..//hal/hcc/lib\libHCCD.a(safefat.o)
 .text._s_cmd_validatecfn
                0x200219ec      0x308 C:/ISIS/workspace/ycube/GlobusSatProject/..//hal/hcc/lib\libHCCD.a(safefat.o)
 .text._s_cmd_seteof
                0x20021cf4      0x3c4 C:/ISIS/workspace/ycube/GlobusSatProject/..//hal/hcc/lib\libHCCD.a(safefat.o)
 .text.safe_docommands
                0x200220b8      0x56c C:/ISIS/workspace/ycube/GlobusSatProject/..//hal/hcc/lib\libHCCD.a(safefat.o)
                0x200220b8                safe_docommands
 .text.safe_entercommand
                0x20022624       0x68 C:/ISIS/workspace/ycube/GlobusSatProject/..//hal/hcc/lib\libHCCD.a(safefat.o)
                0x20022624                safe_entercommand
 .text.safe_ready
                0x2002268c       0xf4 C:/ISIS/workspace/ycube/GlobusSatProject/..//hal/hcc/lib\libHCCD.a(safefat.o)
                0x2002268c                safe_ready
 .text.safe_copycfn
                0x20022780       0xb8 C:/ISIS/workspace/ycube/GlobusSatProject/..//hal/hcc/lib\libHCCD.a(safefat.o)
                0x20022780                safe_copycfn
 .text.safe_cfremove
                0x20022838       0xb8 C:/ISIS/workspace/ycube/GlobusSatProject/..//hal/hcc/lib\libHCCD.a(safefat.o)
                0x20022838                safe_cfremove
 .text.safe_writede
                0x200228f0      0x104 C:/ISIS/workspace/ycube/GlobusSatProject/..//hal/hcc/lib\libHCCD.a(safefat.o)
                0x200228f0                safe_writede
 .text.safe_setcluster
                0x200229f4       0xcc C:/ISIS/workspace/ycube/GlobusSatProject/..//hal/hcc/lib\libHCCD.a(safefat.o)
                0x200229f4                safe_setcluster
 .text.safe_deletechain
                0x20022ac0      0x1c8 C:/ISIS/workspace/ycube/GlobusSatProject/..//hal/hcc/lib\libHCCD.a(safefat.o)
                0x20022ac0                safe_deletechain
 .text.safe_cfclose
                0x20022c88      0x104 C:/ISIS/workspace/ycube/GlobusSatProject/..//hal/hcc/lib\libHCCD.a(safefat.o)
                0x20022c88                safe_cfclose
 .text.safe_cfflush
                0x20022d8c      0x124 C:/ISIS/workspace/ycube/GlobusSatProject/..//hal/hcc/lib\libHCCD.a(safefat.o)
                0x20022d8c                safe_cfflush
 .text.safe_reset
                0x20022eb0       0x78 C:/ISIS/workspace/ycube/GlobusSatProject/..//hal/hcc/lib\libHCCD.a(safefat.o)
                0x20022eb0                safe_reset
 .text.safe_loadcommands
                0x20022f28       0x78 C:/ISIS/workspace/ycube/GlobusSatProject/..//hal/hcc/lib\libHCCD.a(safefat.o)
                0x20022f28                safe_loadcommands
 .text.safe_poweron
                0x20022fa0      0x1fc C:/ISIS/workspace/ycube/GlobusSatProject/..//hal/hcc/lib\libHCCD.a(safefat.o)
                0x20022fa0                safe_poweron
 .text.cf_getname
                0x2002319c       0xc0 C:/ISIS/workspace/ycube/GlobusSatProject/..//hal/hcc/lib\libHCCD.a(safefat.o)
 .text.cf_copyclusterchain
                0x2002325c      0x138 C:/ISIS/workspace/ycube/GlobusSatProject/..//hal/hcc/lib\libHCCD.a(safefat.o)
 .text.cf_seektozero
                0x20023394       0x94 C:/ISIS/workspace/ycube/GlobusSatProject/..//hal/hcc/lib\libHCCD.a(safefat.o)
                0x20023394                cf_seektozero
 .text.cf_create
                0x20023428      0x3a8 C:/ISIS/workspace/ycube/GlobusSatProject/..//hal/hcc/lib\libHCCD.a(safefat.o)
                0x20023428                cf_create
 .text.cf_copyclustercontent
                0x200237d0      0x128 C:/ISIS/workspace/ycube/GlobusSatProject/..//hal/hcc/lib\libHCCD.a(safefat.o)
                0x200237d0                cf_copyclustercontent
 .text.cf_copycfn
                0x200238f8      0x4bc C:/ISIS/workspace/ycube/GlobusSatProject/..//hal/hcc/lib\libHCCD.a(safefat.o)
                0x200238f8                cf_copycfn
 .text.cf_remove
                0x20023db4      0x344 C:/ISIS/workspace/ycube/GlobusSatProject/..//hal/hcc/lib\libHCCD.a(safefat.o)
                0x20023db4                cf_remove
 .text.cf_setclusternew
                0x200240f8       0xf0 C:/ISIS/workspace/ycube/GlobusSatProject/..//hal/hcc/lib\libHCCD.a(safefat.o)
                0x200240f8                cf_setclusternew
 .text.cf_flush
                0x200241e8       0x58 C:/ISIS/workspace/ycube/GlobusSatProject/..//hal/hcc/lib\libHCCD.a(safefat.o)
                0x200241e8                cf_flush
 .text.cf_getcluster
                0x20024240      0x1b4 C:/ISIS/workspace/ycube/GlobusSatProject/..//hal/hcc/lib\libHCCD.a(safefat.o)
                0x20024240                cf_getcluster
 .text.cf_setnextcluster
                0x200243f4      0x194 C:/ISIS/workspace/ycube/GlobusSatProject/..//hal/hcc/lib\libHCCD.a(safefat.o)
                0x200243f4                cf_setnextcluster
 .text.cf_getpositions
                0x20024588       0xbc C:/ISIS/workspace/ycube/GlobusSatProject/..//hal/hcc/lib\libHCCD.a(safefat.o)
                0x20024588                cf_getpositions
 .text.cf_setpositions
                0x20024644       0xb0 C:/ISIS/workspace/ycube/GlobusSatProject/..//hal/hcc/lib\libHCCD.a(safefat.o)
                0x20024644                cf_setpositions
 .text.cf_opensyncafile
                0x200246f4      0x150 C:/ISIS/workspace/ycube/GlobusSatProject/..//hal/hcc/lib\libHCCD.a(safefat.o)
                0x200246f4                cf_opensyncafile
 .text.cf_reloadcfo
                0x20024844       0xd8 C:/ISIS/workspace/ycube/GlobusSatProject/..//hal/hcc/lib\libHCCD.a(safefat.o)
                0x20024844                cf_reloadcfo
 .text.mcipdc_cmd
                0x2002491c      0x22c C:/ISIS/workspace/ycube/GlobusSatProject/..//hal/hcc/lib\libHCCD.a(atmel_mcipdc.o)
 .text.mcipdc_stop
                0x20024b48       0xfc C:/ISIS/workspace/ycube/GlobusSatProject/..//hal/hcc/lib\libHCCD.a(atmel_mcipdc.o)
                0x20024b48                mcipdc_stop
 .text.mcipdc_read
                0x20024c44      0x27c C:/ISIS/workspace/ycube/GlobusSatProject/..//hal/hcc/lib\libHCCD.a(atmel_mcipdc.o)
 .text.mcipdc_write
                0x20024ec0      0x298 C:/ISIS/workspace/ycube/GlobusSatProject/..//hal/hcc/lib\libHCCD.a(atmel_mcipdc.o)
 .text.mcipdc_readsector
                0x20025158       0x9c C:/ISIS/workspace/ycube/GlobusSatProject/..//hal/hcc/lib\libHCCD.a(atmel_mcipdc.o)
                0x20025158                mcipdc_readsector
 .text.mcipdc_readmultiplesector
                0x200251f4      0x124 C:/ISIS/workspace/ycube/GlobusSatProject/..//hal/hcc/lib\libHCCD.a(atmel_mcipdc.o)
                0x200251f4                mcipdc_readmultiplesector
 .text.mcipdc_writesector
                0x20025318       0x90 C:/ISIS/workspace/ycube/GlobusSatProject/..//hal/hcc/lib\libHCCD.a(atmel_mcipdc.o)
                0x20025318                mcipdc_writesector
 .text.mcipdc_writemultiplesector
                0x200253a8      0x120 C:/ISIS/workspace/ycube/GlobusSatProject/..//hal/hcc/lib\libHCCD.a(atmel_mcipdc.o)
                0x200253a8                mcipdc_writemultiplesector
 .text.mcipdc_set_speed
                0x200254c8       0xb0 C:/ISIS/workspace/ycube/GlobusSatProject/..//hal/hcc/lib\libHCCD.a(atmel_mcipdc.o)
 .text.mcipdc_get_speed
                0x20025578       0x48 C:/ISIS/workspace/ycube/GlobusSatProject/..//hal/hcc/lib\libHCCD.a(atmel_mcipdc.o)
 .text._get_csd_bits
                0x200255c0      0x14c C:/ISIS/workspace/ycube/GlobusSatProject/..//hal/hcc/lib\libHCCD.a(atmel_mcipdc.o)
 .text.mcipdc_initcard
                0x2002570c      0x8f4 C:/ISIS/workspace/ycube/GlobusSatProject/..//hal/hcc/lib\libHCCD.a(atmel_mcipdc.o)
 .text.mcipdc_getstatus
                0x20026000       0xe8 C:/ISIS/workspace/ycube/GlobusSatProject/..//hal/hcc/lib\libHCCD.a(atmel_mcipdc.o)
 .text.mcipdc_getphy
                0x200260e8       0x90 C:/ISIS/workspace/ycube/GlobusSatProject/..//hal/hcc/lib\libHCCD.a(atmel_mcipdc.o)
 .text.mcipdc_release
                0x20026178       0x50 C:/ISIS/workspace/ycube/GlobusSatProject/..//hal/hcc/lib\libHCCD.a(atmel_mcipdc.o)
 .text.atmel_mcipdc_initfunc
                0x200261c8      0x160 C:/ISIS/workspace/ycube/GlobusSatProject/..//hal/hcc/lib\libHCCD.a(atmel_mcipdc.o)
                0x200261c8                atmel_mcipdc_initfunc
 .text.oal_task_get_id
                0x20026328       0x18 C:/ISIS/workspace/ycube/GlobusSatProject/..//hal/hcc/lib\libHCCD.a(oalp_task.o)
                0x20026328                oal_task_get_id
 .text.oal_mutex_create
                0x20026340       0x54 C:/ISIS/workspace/ycube/GlobusSatProject/..//hal/hcc/lib\libHCCD.a(oalp_mutex.o)
                0x20026340                oal_mutex_create
 .text.oal_mutex_delete
                0x20026394       0x30 C:/ISIS/workspace/ycube/GlobusSatProject/..//hal/hcc/lib\libHCCD.a(oalp_mutex.o)
                0x20026394                oal_mutex_delete
 .text.oal_mutex_get
                0x200263c4       0x58 C:/ISIS/workspace/ycube/GlobusSatProject/..//hal/hcc/lib\libHCCD.a(oalp_mutex.o)
                0x200263c4                oal_mutex_get
 .text.oal_mutex_put
                0x2002641c       0x58 C:/ISIS/workspace/ycube/GlobusSatProject/..//hal/hcc/lib\libHCCD.a(oalp_mutex.o)
                0x2002641c                oal_mutex_put
 .text.mcipdc_hw_init
                0x20026474       0xe8 C:/ISIS/workspace/ycube/GlobusSatProject/..//hal/hcc/lib\libHCCD.a(atmel_mcipdc_hw.o)
                0x20026474                mcipdc_hw_init
 .text.mcipdc_hw_delete
                0x2002655c       0x78 C:/ISIS/workspace/ycube/GlobusSatProject/..//hal/hcc/lib\libHCCD.a(atmel_mcipdc_hw.o)
                0x2002655c                mcipdc_hw_delete
 .text.mcipdc_hw_card_plugged
                0x200265d4       0x1c C:/ISIS/workspace/ycube/GlobusSatProject/..//hal/hcc/lib\libHCCD.a(atmel_mcipdc_hw.o)
                0x200265d4                mcipdc_hw_card_plugged
 .text.mcipdc_hw_card_writeprotect
                0x200265f0       0x1c C:/ISIS/workspace/ycube/GlobusSatProject/..//hal/hcc/lib\libHCCD.a(atmel_mcipdc_hw.o)
                0x200265f0                mcipdc_hw_card_writeprotect
 .text.psp_getrand
                0x2002660c      0x14c C:/ISIS/workspace/ycube/GlobusSatProject/..//hal/hcc/lib\libHCCD.a(psp_rand.o)
                0x2002660c                psp_getrand
 .text.psp_getcurrenttimedate
                0x20026758       0x8c C:/ISIS/workspace/ycube/GlobusSatProject/..//hal/hcc/lib\libHCCD.a(psp_rtc.o)
                0x20026758                psp_getcurrenttimedate
 .text._hcc_get_buf_dsc
                0x200267e4       0x8c C:/ISIS/workspace/ycube/GlobusSatProject/..//hal/hcc/lib\libHCCD.a(hcc_mem.o)
 .text._hcc_check_free_pages
                0x20026870      0x18c C:/ISIS/workspace/ycube/GlobusSatProject/..//hal/hcc/lib\libHCCD.a(hcc_mem.o)
 .text._hcc_mark_pages
                0x200269fc      0x158 C:/ISIS/workspace/ycube/GlobusSatProject/..//hal/hcc/lib\libHCCD.a(hcc_mem.o)
 .text._hcc_clear_lock_dsc
                0x20026b54       0x80 C:/ISIS/workspace/ycube/GlobusSatProject/..//hal/hcc/lib\libHCCD.a(hcc_mem.o)
 .text._hcc_lock_access
                0x20026bd4      0x128 C:/ISIS/workspace/ycube/GlobusSatProject/..//hal/hcc/lib\libHCCD.a(hcc_mem.o)
 .text._hcc_unlock_access
                0x20026cfc       0x30 C:/ISIS/workspace/ycube/GlobusSatProject/..//hal/hcc/lib\libHCCD.a(hcc_mem.o)
 .text.hcc_mem_alloc
                0x20026d2c      0x454 C:/ISIS/workspace/ycube/GlobusSatProject/..//hal/hcc/lib\libHCCD.a(hcc_mem.o)
                0x20026d2c                hcc_mem_alloc
 .text.hcc_mem_free
                0x20027180      0x178 C:/ISIS/workspace/ycube/GlobusSatProject/..//hal/hcc/lib\libHCCD.a(hcc_mem.o)
                0x20027180                hcc_mem_free
 .text.hcc_mem_add
                0x200272f8      0x3b0 C:/ISIS/workspace/ycube/GlobusSatProject/..//hal/hcc/lib\libHCCD.a(hcc_mem.o)
                0x200272f8                hcc_mem_add
 .text.hcc_mem_init
                0x200276a8      0x164 C:/ISIS/workspace/ycube/GlobusSatProject/..//hal/hcc/lib\libHCCD.a(hcc_mem.o)
                0x200276a8                hcc_mem_init
 .text.hcc_mem_delete
                0x2002780c       0x94 C:/ISIS/workspace/ycube/GlobusSatProject/..//hal/hcc/lib\libHCCD.a(hcc_mem.o)
                0x2002780c                hcc_mem_delete
 .text.hcc_mem_buf_alloc
                0x200278a0       0xe4 C:/ISIS/workspace/ycube/GlobusSatProject/..//hal/hcc/lib\libHCCD.a(psp_hcc_mem.o)
                0x200278a0                hcc_mem_buf_alloc
 .text.hcc_mem_buf_free
                0x20027984       0x6c C:/ISIS/workspace/ycube/GlobusSatProject/..//hal/hcc/lib\libHCCD.a(psp_hcc_mem.o)
                0x20027984                hcc_mem_buf_free
 .text.IsisTrxvu_initialize
                0x200279f0      0x2f4 C:/ISIS/workspace/ycube/GlobusSatProject/..//satellite-subsystems/satellite-subsystems/lib\libSatelliteSubsystemsD.a(IsisTRXVU.o)
                0x200279f0                IsisTrxvu_initialize
 .text.makeTRXVUtransfer
                0x20027ce4       0x44 C:/ISIS/workspace/ycube/GlobusSatProject/..//satellite-subsystems/satellite-subsystems/lib\libSatelliteSubsystemsD.a(IsisTRXVU.o)
 .text.IsisTrxvu_componentSoftReset
                0x20027d28       0x6c C:/ISIS/workspace/ycube/GlobusSatProject/..//satellite-subsystems/satellite-subsystems/lib\libSatelliteSubsystemsD.a(IsisTRXVU.o)
                0x20027d28                IsisTrxvu_componentSoftReset
 .text.IsisTrxvu_componentHardReset
                0x20027d94       0xc8 C:/ISIS/workspace/ycube/GlobusSatProject/..//satellite-subsystems/satellite-subsystems/lib\libSatelliteSubsystemsD.a(IsisTRXVU.o)
                0x20027d94                IsisTrxvu_componentHardReset
 .text.IsisTrxvu_softReset
                0x20027e5c       0x74 C:/ISIS/workspace/ycube/GlobusSatProject/..//satellite-subsystems/satellite-subsystems/lib\libSatelliteSubsystemsD.a(IsisTRXVU.o)
                0x20027e5c                IsisTrxvu_softReset
 .text.IsisTrxvu_hardReset
                0x20027ed0       0x74 C:/ISIS/workspace/ycube/GlobusSatProject/..//satellite-subsystems/satellite-subsystems/lib\libSatelliteSubsystemsD.a(IsisTRXVU.o)
                0x20027ed0                IsisTrxvu_hardReset
 .text.IsisTrxvu_tcSendAX25DefClSign
                0x20027f44       0xec C:/ISIS/workspace/ycube/GlobusSatProject/..//satellite-subsystems/satellite-subsystems/lib\libSatelliteSubsystemsD.a(IsisTRXVU.o)
                0x20027f44                IsisTrxvu_tcSendAX25DefClSign
 .text.IsisTrxvu_tcSetIdlestate
                0x20028030       0xa4 C:/ISIS/workspace/ycube/GlobusSatProject/..//satellite-subsystems/satellite-subsystems/lib\libSatelliteSubsystemsD.a(IsisTRXVU.o)
                0x20028030                IsisTrxvu_tcSetIdlestate
 .text.IsisTrxvu_tcSetAx25Bitrate
                0x200280d4       0xc4 C:/ISIS/workspace/ycube/GlobusSatProject/..//satellite-subsystems/satellite-subsystems/lib\libSatelliteSubsystemsD.a(IsisTRXVU.o)
                0x200280d4                IsisTrxvu_tcSetAx25Bitrate
 .text.IsisTrxvu_tcGetUptime
                0x20028198       0xa0 C:/ISIS/workspace/ycube/GlobusSatProject/..//satellite-subsystems/satellite-subsystems/lib\libSatelliteSubsystemsD.a(IsisTRXVU.o)
                0x20028198                IsisTrxvu_tcGetUptime
 .text.IsisTrxvu_tcGetState
                0x20028238       0xd0 C:/ISIS/workspace/ycube/GlobusSatProject/..//satellite-subsystems/satellite-subsystems/lib\libSatelliteSubsystemsD.a(IsisTRXVU.o)
                0x20028238                IsisTrxvu_tcGetState
 .text.IsisTrxvu_tcGetTelemetryAll
                0x20028308       0xd0 C:/ISIS/workspace/ycube/GlobusSatProject/..//satellite-subsystems/satellite-subsystems/lib\libSatelliteSubsystemsD.a(IsisTRXVU.o)
                0x20028308                IsisTrxvu_tcGetTelemetryAll
 .text.IsisTrxvu_rcGetFrameCount
                0x200283d8       0xa0 C:/ISIS/workspace/ycube/GlobusSatProject/..//satellite-subsystems/satellite-subsystems/lib\libSatelliteSubsystemsD.a(IsisTRXVU.o)
                0x200283d8                IsisTrxvu_rcGetFrameCount
 .text.IsisTrxvu_rcGetCommandFrame
                0x20028478      0x2d8 C:/ISIS/workspace/ycube/GlobusSatProject/..//satellite-subsystems/satellite-subsystems/lib\libSatelliteSubsystemsD.a(IsisTRXVU.o)
                0x20028478                IsisTrxvu_rcGetCommandFrame
 .text.IsisTrxvu_rcGetTelemetryAll
                0x20028750       0xd0 C:/ISIS/workspace/ycube/GlobusSatProject/..//satellite-subsystems/satellite-subsystems/lib\libSatelliteSubsystemsD.a(IsisTRXVU.o)
                0x20028750                IsisTrxvu_rcGetTelemetryAll
 .text.IsisTrxvu_rcGetUptime
                0x20028820       0xa0 C:/ISIS/workspace/ycube/GlobusSatProject/..//satellite-subsystems/satellite-subsystems/lib\libSatelliteSubsystemsD.a(IsisTRXVU.o)
                0x20028820                IsisTrxvu_rcGetUptime
 .text.IsisSolarPanelv2_getTemperature
                0x200288c0       0xc8 C:/ISIS/workspace/ycube/GlobusSatProject/..//satellite-subsystems/satellite-subsystems/lib\libSatelliteSubsystemsD.a(IsisSolarPanelv2.o)
                0x200288c0                IsisSolarPanelv2_getTemperature
 .text.IsisSolarPanelv2_getState
                0x20028988       0x24 C:/ISIS/workspace/ycube/GlobusSatProject/..//satellite-subsystems/satellite-subsystems/lib\libSatelliteSubsystemsD.a(IsisSolarPanelv2.o)
                0x20028988                IsisSolarPanelv2_getState
 .text._InitiateConversion
                0x200289ac       0xac C:/ISIS/workspace/ycube/GlobusSatProject/..//satellite-subsystems/satellite-subsystems/lib\libSatelliteSubsystemsD.a(IsisSolarPanelv2.o)
 .text._WaitForConversionComplete
                0x20028a58      0x110 C:/ISIS/workspace/ycube/GlobusSatProject/..//satellite-subsystems/satellite-subsystems/lib\libSatelliteSubsystemsD.a(IsisSolarPanelv2.o)
 .text._ReadResult
                0x20028b68      0x158 C:/ISIS/workspace/ycube/GlobusSatProject/..//satellite-subsystems/satellite-subsystems/lib\libSatelliteSubsystemsD.a(IsisSolarPanelv2.o)
 .text._ExtractByte
                0x20028cc0       0x38 C:/ISIS/workspace/ycube/GlobusSatProject/..//satellite-subsystems/satellite-subsystems/lib\libSatelliteSubsystemsD.a(IsisSolarPanelv2.o)
 .text._ExtendSign
                0x20028cf8       0x6c C:/ISIS/workspace/ycube/GlobusSatProject/..//satellite-subsystems/satellite-subsystems/lib\libSatelliteSubsystemsD.a(IsisSolarPanelv2.o)
 .text._SpiWriteRead
                0x20028d64       0x70 C:/ISIS/workspace/ycube/GlobusSatProject/..//satellite-subsystems/satellite-subsystems/lib\libSatelliteSubsystemsD.a(IsisSolarPanelv2.o)
 .text.makeTRXCommonTransfer
                0x20028dd4       0x34 C:/ISIS/workspace/ycube/GlobusSatProject/..//satellite-subsystems/satellite-subsystems/lib\libSatelliteSubsystemsD.a(IsisTRXCommon.o)
 .text.IsisTrxCommon_componentReset
                0x20028e08       0x68 C:/ISIS/workspace/ycube/GlobusSatProject/..//satellite-subsystems/satellite-subsystems/lib\libSatelliteSubsystemsD.a(IsisTRXCommon.o)
                0x20028e08                IsisTrxCommon_componentReset
 .text.IsisTrxCommon_TxSendAX25DefClSign
                0x20028e70       0xf4 C:/ISIS/workspace/ycube/GlobusSatProject/..//satellite-subsystems/satellite-subsystems/lib\libSatelliteSubsystemsD.a(IsisTRXCommon.o)
                0x20028e70                IsisTrxCommon_TxSendAX25DefClSign
 .text.IsisTrxCommon_TxSetIdlestate
                0x20028f64       0x78 C:/ISIS/workspace/ycube/GlobusSatProject/..//satellite-subsystems/satellite-subsystems/lib\libSatelliteSubsystemsD.a(IsisTRXCommon.o)
                0x20028f64                IsisTrxCommon_TxSetIdlestate
 .text.IsisTrxCommon_TxSetAx25Bitrate
                0x20028fdc       0x78 C:/ISIS/workspace/ycube/GlobusSatProject/..//satellite-subsystems/satellite-subsystems/lib\libSatelliteSubsystemsD.a(IsisTRXCommon.o)
                0x20028fdc                IsisTrxCommon_TxSetAx25Bitrate
 .text.IsisTrxCommon_RxGetFrameCount
                0x20029054       0x8c C:/ISIS/workspace/ycube/GlobusSatProject/..//satellite-subsystems/satellite-subsystems/lib\libSatelliteSubsystemsD.a(IsisTRXCommon.o)
                0x20029054                IsisTrxCommon_RxGetFrameCount
 .text.IsisTrxCommon_GetUptime
                0x200290e0       0x8c C:/ISIS/workspace/ycube/GlobusSatProject/..//satellite-subsystems/satellite-subsystems/lib\libSatelliteSubsystemsD.a(IsisTRXCommon.o)
                0x200290e0                IsisTrxCommon_GetUptime
 .text.xQueueGenericReset
                0x2002916c      0x150 C:/ISIS/workspace/ycube/GlobusSatProject/..//hal/freertos/lib\libFreeRTOSD.a(queue.o)
                0x2002916c                xQueueGenericReset
 .text.xQueueGenericCreate
                0x200292bc      0x108 C:/ISIS/workspace/ycube/GlobusSatProject/..//hal/freertos/lib\libFreeRTOSD.a(queue.o)
                0x200292bc                xQueueGenericCreate
 .text.xQueueCreateMutex