Archive member included because of file (symbol)

C:/ISIS/workspace_ycube/GlobusSatProject/..//hal/hal/lib\libHALD.a(I2C.o)
                              ./src/SubSystemModules/Communication/SubsystemCommands/Maintanence_Commands.o (I2C_write)
C:/ISIS/workspace_ycube/GlobusSatProject/..//hal/hal/lib\libHALD.a(SPI.o)
                              ./src/InitSystem.o (SPI_start)
C:/ISIS/workspace_ycube/GlobusSatProject/..//hal/hal/lib\libHALD.a(FRAM.o)
                              ./src/SubSystemModules/Communication/SubsystemCommands/Maintanence_Commands.o (FRAM_start)
C:/ISIS/workspace_ycube/GlobusSatProject/..//hal/hal/lib\libHALD.a(Time.o)
                              ./src/InitSystem.o (Time_start)
C:/ISIS/workspace_ycube/GlobusSatProject/..//hal/hal/lib\libHALD.a(WatchDogTimerNoOS.o)
                              ./src/main.o (WDT_start)
C:/ISIS/workspace_ycube/GlobusSatProject/..//hal/hal/lib\libHALD.a(WatchDogTimerOS.o)
                              ./src/TestingDemos/MainTest.o (WDT_startWatchdogKickTask)
C:/ISIS/workspace_ycube/GlobusSatProject/..//hal/hal/lib\libHALD.a(fprintf.o)
                              ./src/TLM_management.o (f_puts)
C:/ISIS/workspace_ycube/GlobusSatProject/..//hal/hal/lib\libHALD.a(util.o)
                              ./src/TestingDemos/EpsTestingDemo.o (UTIL_DbguGetInteger)
C:/ISIS/workspace_ycube/GlobusSatProject/..//hal/hal/lib\libHALD.a(LED.o)
                              C:/ISIS/workspace_ycube/GlobusSatProject/..//hal/hal/lib\libHALD.a(WatchDogTimerOS.o) (LED_toggle)
C:/ISIS/workspace_ycube/GlobusSatProject/..//hal/hal/lib\libHALD.a(RTC.o)
                              C:/ISIS/workspace_ycube/GlobusSatProject/..//hal/hal/lib\libHALD.a(Time.o) (RTC_getTime)
C:/ISIS/workspace_ycube/GlobusSatProject/..//hal/hal/lib\libHALD.a(RTT.o)
                              C:/ISIS/workspace_ycube/GlobusSatProject/..//hal/hal/lib\libHALD.a(Time.o) (RTT_start)
C:/ISIS/workspace_ycube/GlobusSatProject/..//hal/hcc/lib\libHCCD.a(fat_common.o)
                              ./src/TLM_management.o (fn_init)
C:/ISIS/workspace_ycube/GlobusSatProject/..//hal/hcc/lib\libHCCD.a(fat_m.o)
                              ./src/TLM_management.o (fm_initvolume)
C:/ISIS/workspace_ycube/GlobusSatProject/..//hal/hcc/lib\libHCCD.a(safefat.o)
                              C:/ISIS/workspace_ycube/GlobusSatProject/..//hal/hcc/lib\libHCCD.a(fat_common.o) (safe_fix_filelengths)
C:/ISIS/workspace_ycube/GlobusSatProject/..//hal/hcc/lib\libHCCD.a(atmel_mcipdc.o)
                              ./src/TLM_management.o (atmel_mcipdc_initfunc)
C:/ISIS/workspace_ycube/GlobusSatProject/..//hal/hcc/lib\libHCCD.a(oalp_mutex.o)
                              C:/ISIS/workspace_ycube/GlobusSatProject/..//hal/hcc/lib\libHCCD.a(fat_common.o) (oal_mutex_create)
C:/ISIS/workspace_ycube/GlobusSatProject/..//hal/hcc/lib\libHCCD.a(oalp_task.o)
                              C:/ISIS/workspace_ycube/GlobusSatProject/..//hal/hcc/lib\libHCCD.a(fat_common.o) (oal_task_get_id)
C:/ISIS/workspace_ycube/GlobusSatProject/..//hal/hcc/lib\libHCCD.a(atmel_mcipdc_hw.o)
                              C:/ISIS/workspace_ycube/GlobusSatProject/..//hal/hcc/lib\libHCCD.a(atmel_mcipdc.o) (mcipdc_hw_init)
C:/ISIS/workspace_ycube/GlobusSatProject/..//hal/hcc/lib\libHCCD.a(psp_rand.o)
                              C:/ISIS/workspace_ycube/GlobusSatProject/..//hal/hcc/lib\libHCCD.a(fat_common.o) (psp_getrand)
C:/ISIS/workspace_ycube/GlobusSatProject/..//hal/hcc/lib\libHCCD.a(psp_rtc.o)
                              C:/ISIS/workspace_ycube/GlobusSatProject/..//hal/hcc/lib\libHCCD.a(fat_common.o) (psp_getcurrenttimedate)
C:/ISIS/workspace_ycube/GlobusSatProject/..//hal/hcc/lib\libHCCD.a(hcc_mem.o)
                              C:/ISIS/workspace_ycube/GlobusSatProject/..//hal/hcc/lib\libHCCD.a(atmel_mcipdc.o) (hcc_mem_alloc)
C:/ISIS/workspace_ycube/GlobusSatProject/..//hal/hcc/lib\libHCCD.a(fat.o)
                              C:/ISIS/workspace_ycube/GlobusSatProject/..//hal/hcc/lib\libHCCD.a(fat_common.o) (_f_getdirsector)
C:/ISIS/workspace_ycube/GlobusSatProject/..//hal/hcc/lib\libHCCD.a(psp_hcc_mem.o)
                              C:/ISIS/workspace_ycube/GlobusSatProject/..//hal/hcc/lib\libHCCD.a(hcc_mem.o) (hcc_mem_buf_alloc)
C:/ISIS/workspace_ycube/satellite-subsystems/satellite-subsystems/lib\libSatelliteSubsystemsD.a(IsisAntS.o)
                              ./src/SubSystemModules/Communication/TRXVU.o (IsisAntS_initialize)
C:/ISIS/workspace_ycube/satellite-subsystems/satellite-subsystems/lib\libSatelliteSubsystemsD.a(IsisSolarPanelv2.o)
                              ./src/SubSystemModules/PowerManagment/EPS.o (IsisSolarPanelv2_initialize)
C:/ISIS/workspace_ycube/satellite-subsystems/satellite-subsystems/lib\libSatelliteSubsystemsD.a(IsisTRXVU.o)
                              ./src/TestingDemos/TrxvuTestingDemo.o (IsisTrxvu_initialize)
[...]
Memory Configuration

Name             Origin             Length             Attributes
sram0            0x00200000         0x00004000         w !xr
sram1            0x00300000         0x00004000         w !xr
sdram            0x20000000         0x02000000         w !xr
*default*        0x00000000         0xffffffff

Linker script and memory map

LOAD c:/isis/application/toolchain/bin/../lib/gcc/arm-none-eabi/4.7.4/../../../../arm-none-eabi/lib\libc.a
LOAD ./src/TestingDemos/CommandsTestingDemo.o
LOAD ./src/TestingDemos/EpsTestingDemo.o
LOAD ./src/TestingDemos/FileSystemTestingDemo.o
LOAD ./src/TestingDemos/MainTest.o
LOAD ./src/TestingDemos/MaintenanceTestingDemo.o
LOAD ./src/TestingDemos/TelemetryTestingDemo.o
LOAD ./src/TestingDemos/TrxvuTestingDemo.o
LOAD ./src/SubSystemModules/PowerManagment/EPS.o
LOAD ./src/SubSystemModules/PowerManagment/EPSOperationModes.o
LOAD ./src/SubSystemModules/Maintenance/Maintenance.o
LOAD ./src/SubSystemModules/Housekepping/TelemetryCollector.o
LOAD ./src/SubSystemModules/Communication/SubsystemCommands/EPS_Commands.o
LOAD ./src/SubSystemModules/Communication/SubsystemCommands/FS_Commands.o
LOAD ./src/SubSystemModules/Communication/SubsystemCommands/Maintanence_Commands.o
LOAD ./src/SubSystemModules/Communication/SubsystemCommands/TRXVU_Commands.o
LOAD ./src/SubSystemModules/Communication/AckHandler.o
LOAD ./src/SubSystemModules/Communication/CommandDictionary.o
LOAD ./src/SubSystemModules/Communication/SatCommandHandler.o
LOAD ./src/SubSystemModules/Communication/TRXVU.o
LOAD ./src/InitSystem.o
LOAD ./src/TLM_management.o
LOAD ./src/main.o
LOAD ./src/utils.o
LOAD C:/ISIS/workspace_ycube/GlobusSatProject/..//hal/hal/lib\libHALD.a
LOAD C:/ISIS/workspace_ycube/GlobusSatProject/..//hal/hcc/lib\libHCCD.a
LOAD C:/ISIS/workspace_ycube/satellite-subsystems/satellite-subsystems/lib\libSatelliteSubsystemsD.a
LOAD C:/ISIS/workspace_ycube/GlobusSatProject/..//hal/freertos/lib\libFreeRTOSD.a
LOAD C:/ISIS/workspace_ycube/GlobusSatProject/..//hal/at91/lib\libAt91D.a
START GROUP
LOAD c:/isis/application/toolchain/bin/../lib/gcc/arm-none-eabi/4.7.4\libgcc.a
LOAD c:/isis/application/toolchain/bin/../lib/gcc/arm-none-eabi/4.7.4/../../../../arm-none-eabi/lib\libg.a
LOAD c:/isis/application/toolchain/bin/../lib/gcc/arm-none-eabi/4.7.4/../../../../arm-none-eabi/lib\libc.a
END GROUP

.fixed          0x20000000    0x38b18
                0x20000000                . = ALIGN (0x4)
                0x20000000                _sfixed = .
 *(.startup)
 .startup       0x20000000      0x14c C:/ISIS/workspace_ycube/GlobusSatProject/..//hal/at91/lib\libAt91D.a(board_cstartup.o)
                0x20000000                entry
 *(.text)
 .text          0x2000014c       0x64 C:/ISIS/workspace_ycube/GlobusSatProject/..//hal/at91/lib\libAt91D.a(cp15_asm.o)
                0x2000014c                _readControlRegister
                0x20000158                _writeControlRegister
                0x20000160                _waitForInterrupt
                0x2000016c                _writeTTB
                0x20000174                _writeDomain
                0x2000017c                _writeITLBLockdown
                0x20000184                _prefetchICacheLine
                0x2000018c                _flushDCache
                0x20000198                _flushWriteBuffer
                0x200001a4                _invalidateIDTLBs
 .text          0x200001b0      0x114 c:/isis/application/toolchain/bin/../lib/gcc/arm-none-eabi/4.7.4\libgcc.a(_udivsi3.o)
                0x200001b0                __aeabi_uidiv
                0x200001b0                __udivsi3
                0x200002a4                __aeabi_uidivmod
 .text          0x200002c4      0x148 c:/isis/application/toolchain/bin/../lib/gcc/arm-none-eabi/4.7.4\libgcc.a(_divsi3.o)
                0x200002c4                __divsi3
                0x200002c4                __aeabi_idiv
                0x200003ec                __aeabi_idivmod
 .text          0x2000040c        0x4 c:/isis/application/toolchain/bin/../lib/gcc/arm-none-eabi/4.7.4\libgcc.a(_dvmd_tls.o)
                0x2000040c                __aeabi_idiv0
                0x2000040c                __aeabi_ldiv0
 .text          0x20000410      0x41c c:/isis/application/toolchain/bin/../lib/gcc/arm-none-eabi/4.7.4\libgcc.a(_arm_addsubdf3.o)
                0x20000410                __aeabi_drsub
                0x20000418                __aeabi_dsub
                0x20000418                __subdf3
                0x2000041c                __aeabi_dadd
                0x2000041c                __adddf3
                0x2000072c                __floatunsidf
                0x2000072c                __aeabi_ui2d
                0x20000750                __floatsidf
                0x20000750                __aeabi_i2d
                0x20000778                __aeabi_f2d
                0x20000778                __extendsfdf2
                0x200007b8                __floatundidf
                0x200007b8                __aeabi_ul2d
                0x200007cc                __floatdidf
                0x200007cc                __aeabi_l2d
 .text          0x2000082c      0x49c c:/isis/application/toolchain/bin/../lib/gcc/arm-none-eabi/4.7.4\libgcc.a(_arm_muldivdf3.o)
                0x2000082c                __aeabi_dmul
                0x2000082c                __muldf3
                0x20000abc                __divdf3
                0x20000abc                __aeabi_ddiv
 .text          0x20000cc8      0x144 c:/isis/application/toolchain/bin/../lib/gcc/arm-none-eabi/4.7.4\libgcc.a(_arm_cmpdf2.o)
                0x20000cc8                __gtdf2
                0x20000cc8                __gedf2
                0x20000cd0                __ltdf2
                0x20000cd0                __ledf2
                0x20000cd8                __nedf2
                0x20000cd8                __eqdf2
                0x20000cd8                __cmpdf2
                0x20000d60                __aeabi_cdrcmple
                0x20000d7c                __aeabi_cdcmpeq
                0x20000d7c                __aeabi_cdcmple
                0x20000d94                __aeabi_dcmpeq
                0x20000dac                __aeabi_dcmplt
                0x20000dc4                __aeabi_dcmple
                0x20000ddc                __aeabi_dcmpge
                0x20000df4                __aeabi_dcmpgt
 .text          0x20000e0c      0x2ac c:/isis/application/toolchain/bin/../lib/gcc/arm-none-eabi/4.7.4\libgcc.a(_arm_addsubsf3.o)
                0x20000e0c                __aeabi_frsub
                0x20000e14                __subsf3
                0x20000e14                __aeabi_fsub
                0x20000e18                __aeabi_fadd
                0x20000e18                __addsf3
                0x20000fd4                __aeabi_ui2f
                0x20000fd4                __floatunsisf
                0x20000fdc                __aeabi_i2f
                0x20000fdc                __floatsisf
                0x20000ffc                __aeabi_ul2f
                0x20000ffc                __floatundisf
                0x2000100c                __aeabi_l2f
                0x2000100c                __floatdisf
 .text          0x200010b8      0x2f8 c:/isis/application/toolchain/bin/../lib/gcc/arm-none-eabi/4.7.4\libgcc.a(_arm_muldivsf3.o)
                0x200010b8                __mulsf3
                0x200010b8                __aeabi_fmul
                0x20001250                __aeabi_fdiv
                0x20001250                __divsf3
 .text          0x200013b0      0x114 c:/isis/application/toolchain/bin/../lib/gcc/arm-none-eabi/4.7.4\libgcc.a(_arm_cmpsf2.o)
                0x200013b0                __gesf2
                0x200013b0                __gtsf2
                0x200013b8                __lesf2
                0x200013b8                __ltsf2
                0x200013c0                __nesf2
                0x200013c0                __eqsf2
                0x200013c0                __cmpsf2
                0x20001424                __aeabi_cfrcmple
                0x20001434                __aeabi_cfcmpeq
                0x20001434                __aeabi_cfcmple
                0x2000144c                __aeabi_fcmpeq
                0x20001464                __aeabi_fcmplt
                0x2000147c                __aeabi_fcmple
                0x20001494                __aeabi_fcmpge
                0x200014ac                __aeabi_fcmpgt
 .text          0x200014c4       0x54 c:/isis/application/toolchain/bin/../lib/gcc/arm-none-eabi/4.7.4\libgcc.a(_arm_fixunssfsi.o)
                0x200014c4                __fixunssfsi
                0x200014c4                __aeabi_f2uiz
 .text          0x20001518       0x5c c:/isis/application/toolchain/bin/../lib/gcc/arm-none-eabi/4.7.4\libgcc.a(_arm_fixdfsi.o)
                0x20001518                __aeabi_d2iz
                0x20001518                __fixdfsi
 .text          0x20001574       0x3c c:/isis/application/toolchain/bin/../lib/gcc/arm-none-eabi/4.7.4\libgcc.a(_aeabi_uldivmod.o)
                0x20001574                __aeabi_uldivmod
 .text          0x200015b0       0x84 c:/isis/application/toolchain/bin/../lib/gcc/arm-none-eabi/4.7.4\libgcc.a(bpabi.o)
                0x200015b0                __gnu_ldivmod_helper
                0x200015f4                __gnu_uldivmod_helper
 .text          0x20001634      0x4f0 c:/isis/application/toolchain/bin/../lib/gcc/arm-none-eabi/4.7.4\libgcc.a(_divdi3.o)
                0x20001634                __divdi3
 .text          0x20001b24      0x488 c:/isis/application/toolchain/bin/../lib/gcc/arm-none-eabi/4.7.4\libgcc.a(_udivdi3.o)
                0x20001b24                __udivdi3
 .text          0x20001fac       0x48 c:/isis/application/toolchain/bin/../lib/gcc/arm-none-eabi/4.7.4\libgcc.a(_clzsi2.o)
                0x20001fac                __clzsi2
 *(.text*)
 .text.GetBatteryVoltage
                0x20001ff4       0x6c ./src/SubSystemModules/PowerManagment/EPS.o
                0x20001ff4                GetBatteryVoltage
 .text.EPS_Init
                0x20002060       0xf0 ./src/SubSystemModules/PowerManagment/EPS.o
                0x20002060                EPS_Init
 .text.EPS_Conditioning
                0x20002150      0x1c4 ./src/SubSystemModules/PowerManagment/EPS.o
                0x20002150                EPS_Conditioning
 .text.UpdateAlpha
                0x20002314       0xd8 ./src/SubSystemModules/PowerManagment/EPS.o
                0x20002314                UpdateAlpha
 .text.GetThresholdVoltages
                0x200023ec       0x80 ./src/SubSystemModules/PowerManagment/EPS.o
                0x200023ec                GetThresholdVoltages
 .text.GetAlpha
                0x2000246c       0x7c ./src/SubSystemModules/PowerManagment/EPS.o
                0x2000246c                GetAlpha
 .text.CMDGetHeaterValues
                0x200024e8      0x234 ./src/SubSystemModules/PowerManagment/EPS.o
                0x200024e8                CMDGetHeaterValues
 .text.CMDSetHeaterValues
                0x2000271c      0x200 ./src/SubSystemModules/PowerManagment/EPS.o
                0x2000271c                CMDSetHeaterValues
 .text.EnterFullMode
                0x2000291c       0x44 ./src/SubSystemModules/PowerManagment/EPSOperationModes.o
                0x2000291c                EnterFullMode
 .text.EnterCruiseMode
                0x20002960       0x44 ./src/SubSystemModules/PowerManagment/EPSOperationModes.o
                0x20002960                EnterCruiseMode
 .text.EnterSafeMode
                0x200029a4       0x44 ./src/SubSystemModules/PowerManagment/EPSOperationModes.o
                0x200029a4                EnterSafeMode
 .text.EnterCriticalMode
                0x200029e8       0x44 ./src/SubSystemModules/PowerManagment/EPSOperationModes.o
                0x200029e8                EnterCriticalMode
 .text.EpsGetLowVoltageFlag
                0x20002a2c       0x24 ./src/SubSystemModules/PowerManagment/EPSOperationModes.o
                0x20002a2c                EpsGetLowVoltageFlag
 .text.EpsSetLowVoltageFlag
                0x20002a50       0x2c ./src/SubSystemModules/PowerManagment/EPSOperationModes.o
                0x20002a50                EpsSetLowVoltageFlag
 .text.CheckExecutionTime
                0x20002a7c       0x80 ./src/SubSystemModules/Maintenance/Maintenance.o
                0x20002a7c                CheckExecutionTime
 .text.SaveSatTimeInFRAM
                0x20002afc       0x44 ./src/SubSystemModules/Maintenance/Maintenance.o
                0x20002afc                SaveSatTimeInFRAM
 .text.WakeupFromResetCMD
                0x20002b40      0x120 ./src/SubSystemModules/Maintenance/Maintenance.o
                0x20002b40                WakeupFromResetCMD
 .text.ResetGroundCommWDT
                0x20002c60       0x1c ./src/SubSystemModules/Maintenance/Maintenance.o
                0x20002c60                ResetGroundCommWDT
 .text.IsGroundCommunicationWDTKick
                0x20002c7c       0x78 ./src/SubSystemModules/Maintenance/Maintenance.o
                0x20002c7c                IsGroundCommunicationWDTKick
 .text.GetGsWdtKickTime
                0x20002cf4       0x38 ./src/SubSystemModules/Maintenance/Maintenance.o
                0x20002cf4                GetGsWdtKickTime
 .text.DeleteOldFiels
                0x20002d2c      0x344 ./src/SubSystemModules/Maintenance/Maintenance.o
                0x20002d2c                DeleteOldFiels
 .text.DeployAnt
                0x20003070       0x6c ./src/SubSystemModules/Maintenance/Maintenance.o
                0x20003070                DeployAnt
 .text.Maintenance
                0x200030dc       0x40 ./src/SubSystemModules/Maintenance/Maintenance.o
                0x200030dc                Maintenance
 .text.InitSavePeriodTimes
                0x2000311c       0xf0 ./src/SubSystemModules/Housekepping/TelemetryCollector.o
                0x2000311c                InitSavePeriodTimes
 .text.CMD_GetTLMPeriodTimes
                0x2000320c       0x38 ./src/SubSystemModules/Housekepping/TelemetryCollector.o
                0x2000320c                CMD_GetTLMPeriodTimes
 .text.CMD_SetTLMPeriodTimes
                0x20003244      0x17c ./src/SubSystemModules/Housekepping/TelemetryCollector.o
                0x20003244                CMD_SetTLMPeriodTimes
 .text.TelemetryCollectorLogic
                0x200033c0      0x208 ./src/SubSystemModules/Housekepping/TelemetryCollector.o
                0x200033c0                TelemetryCollectorLogic
 .text.TelemetrySaveEPS
                0x200035c8       0x54 ./src/SubSystemModules/Housekepping/TelemetryCollector.o
                0x200035c8                TelemetrySaveEPS
 .text.TelemetrySaveTRXVU
                0x2000361c       0x94 ./src/SubSystemModules/Housekepping/TelemetryCollector.o
                0x2000361c                TelemetrySaveTRXVU
 .text.TelemetrySaveANT
                0x200036b0       0xa4 ./src/SubSystemModules/Housekepping/TelemetryCollector.o
                0x200036b0                TelemetrySaveANT
 .text.TelemetrySaveSolarPanels
                0x20003754      0x228 ./src/SubSystemModules/Housekepping/TelemetryCollector.o
                0x20003754                TelemetrySaveSolarPanels
 .text.TelemetrySaveWOD
                0x2000397c       0xd0 ./src/SubSystemModules/Housekepping/TelemetryCollector.o
                0x2000397c                TelemetrySaveWOD
 .text.GetCurrentWODTelemetry
                0x20003a4c      0x5c4 ./src/SubSystemModules/Housekepping/TelemetryCollector.o
                0x20003a4c                GetCurrentWODTelemetry
 .text.CMD_EPS_ResetWDT
                0x20004010       0x54 ./src/SubSystemModules/Communication/SubsystemCommands/EPS_Commands.o
                0x20004010                CMD_EPS_ResetWDT
 .text.CMD_DeleteTLM
                0x20004064      0x1d8 ./src/SubSystemModules/Communication/SubsystemCommands/FS_Commands.o
                0x20004064                CMD_DeleteTLM
 .text.CMD_DeleteAllFiles
                0x2000423c       0x38 ./src/SubSystemModules/Communication/SubsystemCommands/FS_Commands.o
                0x2000423c                CMD_DeleteAllFiles
 .text.CMD_GetLastFS_Error
                0x20004274       0x4c ./src/SubSystemModules/Communication/SubsystemCommands/FS_Commands.o
                0x20004274                CMD_GetLastFS_Error
 .text.CMD_GenericI2C
                0x200042c0      0x144 ./src/SubSystemModules/Communication/SubsystemCommands/Maintanence_Commands.o
                0x200042c0                CMD_GenericI2C
 .text.CMD_FRAM_ReadAndTransmitt
                0x20004404      0x118 ./src/SubSystemModules/Communication/SubsystemCommands/Maintanence_Commands.o
                0x20004404                CMD_FRAM_ReadAndTransmitt
 .text.CMD_FRAM_WriteAndTransmitt
                0x2000451c      0x110 ./src/SubSystemModules/Communication/SubsystemCommands/Maintanence_Commands.o
                0x2000451c                CMD_FRAM_WriteAndTransmitt
 .text.CMD_FRAM_ReStart
                0x2000462c       0x4c ./src/SubSystemModules/Communication/SubsystemCommands/Maintanence_Commands.o
                0x2000462c                CMD_FRAM_ReStart
 .text.CMD_UpdateSatTime
                0x20004678       0xa0 ./src/SubSystemModules/Communication/SubsystemCommands/Maintanence_Commands.o
                0x20004678                CMD_UpdateSatTime
 .text.CMD_GetSatUptime
                0x20004718       0x48 ./src/SubSystemModules/Communication/SubsystemCommands/Maintanence_Commands.o
                0x20004718                CMD_GetSatUptime
 .text.CMD_ResetComponent
                0x20004760      0x294 ./src/SubSystemModules/Communication/SubsystemCommands/Maintanence_Commands.o
                0x20004760                CMD_ResetComponent
 .text.DumpTask
                0x200049f4      0x2e4 ./src/SubSystemModules/Communication/SubsystemCommands/TRXVU_Commands.o
                0x200049f4                DumpTask
 .text.CMD_AntennaDeploy
                0x20004cd8       0xec ./src/SubSystemModules/Communication/SubsystemCommands/TRXVU_Commands.o
                0x20004cd8                CMD_AntennaDeploy
 .text.CMD_StartDump
                0x20004dc4      0x1e0 ./src/SubSystemModules/Communication/SubsystemCommands/TRXVU_Commands.o
                0x20004dc4                CMD_StartDump
 .text.CMD_SendDumpAbortRequest
                0x20004fa4       0x38 ./src/SubSystemModules/Communication/SubsystemCommands/TRXVU_Commands.o
                0x20004fa4                CMD_SendDumpAbortRequest
 .text.CMD_ForceDumpAbort
                0x20004fdc       0x3c ./src/SubSystemModules/Communication/SubsystemCommands/TRXVU_Commands.o
                0x20004fdc                CMD_ForceDumpAbort
 .text.CMD_SetTransponder
                0x20005018      0x120 ./src/SubSystemModules/Communication/SubsystemCommands/TRXVU_Commands.o
                0x20005018                CMD_SetTransponder
 .text.CMD_SetRSSITransponder
                0x20005138       0x90 ./src/SubSystemModules/Communication/SubsystemCommands/TRXVU_Commands.o
                0x20005138                CMD_SetRSSITransponder
 .text.CMD_MuteTRXVU
                0x200051c8       0x7c ./src/SubSystemModules/Communication/SubsystemCommands/TRXVU_Commands.o
                0x200051c8                CMD_MuteTRXVU
 .text.CMD_SetIdleState
                0x20005244       0xc8 ./src/SubSystemModules/Communication/SubsystemCommands/TRXVU_Commands.o
                0x20005244                CMD_SetIdleState
 .text.CMD_UnMuteTRXVU
                0x2000530c       0x38 ./src/SubSystemModules/Communication/SubsystemCommands/TRXVU_Commands.o
                0x2000530c                CMD_UnMuteTRXVU
 .text.CMD_GetBaudRate
                0x20005344       0x68 ./src/SubSystemModules/Communication/SubsystemCommands/TRXVU_Commands.o
                0x20005344                CMD_GetBaudRate
 .text.CMD_TrasmitBeacon
                0x200053ac       0x48 ./src/SubSystemModules/Communication/SubsystemCommands/TRXVU_Commands.o
                0x200053ac                CMD_TrasmitBeacon
 .text.CMD_GetBeaconInterval
                0x200053f4       0x6c ./src/SubSystemModules/Communication/SubsystemCommands/TRXVU_Commands.o
                0x200053f4                CMD_GetBeaconInterval
 .text.CMD_SetBaudRate
                0x20005460       0x60 ./src/SubSystemModules/Communication/SubsystemCommands/TRXVU_Commands.o
                0x20005460                CMD_SetBaudRate
 .text.CMD_GetTxUptime
                0x200054c0       0x64 ./src/SubSystemModules/Communication/SubsystemCommands/TRXVU_Commands.o
                0x200054c0                CMD_GetTxUptime
 .text.CMD_GetRxUptime
                0x20005524       0x64 ./src/SubSystemModules/Communication/SubsystemCommands/TRXVU_Commands.o
                0x20005524                CMD_GetRxUptime
 .text.CMD_GetNumOfOnlineCommands
                0x20005588       0x64 ./src/SubSystemModules/Communication/SubsystemCommands/TRXVU_Commands.o
                0x20005588                CMD_GetNumOfOnlineCommands
 .text.CMD_AntSetArmStatus
                0x200055ec       0xa0 ./src/SubSystemModules/Communication/SubsystemCommands/TRXVU_Commands.o
                0x200055ec                CMD_AntSetArmStatus
 .text.CMD_AntGetArmStatus
                0x2000568c       0x70 ./src/SubSystemModules/Communication/SubsystemCommands/TRXVU_Commands.o
                0x2000568c                CMD_AntGetArmStatus
 .text.CMD_AntGetUptime
                0x200056fc       0x78 ./src/SubSystemModules/Communication/SubsystemCommands/TRXVU_Commands.o
                0x200056fc                CMD_AntGetUptime
 .text.CMD_StopReDeployment
                0x20005774       0xac ./src/SubSystemModules/Communication/SubsystemCommands/TRXVU_Commands.o
                0x20005774                CMD_StopReDeployment
 .text.CMD_AntCancelDeployment
                0x20005820       0x68 ./src/SubSystemModules/Communication/SubsystemCommands/TRXVU_Commands.o
                0x20005820                CMD_AntCancelDeployment
 .text.SendAckPacket
                0x20005888       0xe4 ./src/SubSystemModules/Communication/AckHandler.o
                0x20005888                SendAckPacket
 .text.trxvu_command_router
                0x2000596c      0x548 ./src/SubSystemModules/Communication/CommandDictionary.o
                0x2000596c                trxvu_command_router
 .text.eps_command_router
                0x20005eb4       0xdc ./src/SubSystemModules/Communication/CommandDictionary.o
                0x20005eb4                eps_command_router
 .text.telemetry_command_router
                0x20005f90      0x1f4 ./src/SubSystemModules/Communication/CommandDictionary.o
                0x20005f90                telemetry_command_router
 .text.managment_command_router
                0x20006184      0x12c ./src/SubSystemModules/Communication/CommandDictionary.o
                0x20006184                managment_command_router
 .text.filesystem_command_router
                0x200062b0       0x24 ./src/SubSystemModules/Communication/CommandDictionary.o
                0x200062b0                filesystem_command_router
 .text.ParseDataToCommand
                0x200062d4      0x1ac ./src/SubSystemModules/Communication/SatCommandHandler.o
                0x200062d4                ParseDataToCommand
 .text.AssembleCommand
                0x20006480      0x14c ./src/SubSystemModules/Communication/SatCommandHandler.o
                0x20006480                AssembleCommand
 .text.ActUponCommand
                0x200065cc       0xb4 ./src/SubSystemModules/Communication/SatCommandHandler.o
                0x200065cc                ActUponCommand
 .text.InitTxModule
                0x20006680       0x68 ./src/SubSystemModules/Communication/TRXVU.o
                0x20006680                InitTxModule
 .text.CMD_SetBeaconInterval
                0x200066e8       0xdc ./src/SubSystemModules/Communication/TRXVU.o
                0x200066e8                CMD_SetBeaconInterval
 .text.InitBeaconParams
                0x200067c4       0x3c ./src/SubSystemModules/Communication/TRXVU.o
                0x200067c4                InitBeaconParams
 .text.InitSemaphores
                0x20006800       0x98 ./src/SubSystemModules/Communication/TRXVU.o
                0x20006800                InitSemaphores
 .text.InitTrxvu
                0x20006898      0x128 ./src/SubSystemModules/Communication/TRXVU.o
                0x20006898                InitTrxvu
 .text.checkIdleFinish
                0x200069c0       0x68 ./src/SubSystemModules/Communication/TRXVU.o
                0x200069c0                checkIdleFinish
 .text.checkTransponderFinish
                0x20006a28       0x84 ./src/SubSystemModules/Communication/TRXVU.o
                0x20006a28                checkTransponderFinish
 .text.TRX_Logic
                0x20006aac       0xd4 ./src/SubSystemModules/Communication/TRXVU.o
                0x20006aac                TRX_Logic
 .text.GetNumberOfFramesInBuffer
                0x20006b80       0x5c ./src/SubSystemModules/Communication/TRXVU.o
                0x20006b80                GetNumberOfFramesInBuffer
 .text.GetOnlineCommand
                0x20006bdc      0x140 ./src/SubSystemModules/Communication/TRXVU.o
                0x20006bdc                GetOnlineCommand
 .text.CheckTransmitionAllowed
                0x20006d1c       0xc4 ./src/SubSystemModules/Communication/TRXVU.o
                0x20006d1c                CheckTransmitionAllowed
 .text.FinishDump
                0x20006de0       0xf0 ./src/SubSystemModules/Communication/TRXVU.o
                0x20006de0                FinishDump
 .text.AbortDump
                0x20006ed0       0x34 ./src/SubSystemModules/Communication/TRXVU.o
                0x20006ed0                AbortDump
 .text.SendDumpAbortRequest
                0x20006f04       0x6c ./src/SubSystemModules/Communication/TRXVU.o
                0x20006f04                SendDumpAbortRequest
 .text.CheckDumpAbort
                0x20006f70       0x6c ./src/SubSystemModules/Communication/TRXVU.o
                0x20006f70                CheckDumpAbort
 .text.BeaconLogic
                0x20006fdc      0x24c ./src/SubSystemModules/Communication/TRXVU.o
                0x20006fdc                BeaconLogic
 .text.SetIdleState
                0x20007228       0xb8 ./src/SubSystemModules/Communication/TRXVU.o
                0x20007228                SetIdleState
 .text.muteTRXVU
                0x200072e0       0x78 ./src/SubSystemModules/Communication/TRXVU.o
                0x200072e0                muteTRXVU
 .text.UnMuteTRXVU
                0x20007358       0x24 ./src/SubSystemModules/Communication/TRXVU.o
                0x20007358                UnMuteTRXVU
 .text.TransmitDataAsSPL_Packet
                0x2000737c      0x114 ./src/SubSystemModules/Communication/TRXVU.o
                0x2000737c                TransmitDataAsSPL_Packet
 .text.TransmitSplPacket
                0x20007490       0xf0 ./src/SubSystemModules/Communication/TRXVU.o
                0x20007490                TransmitSplPacket
 .text.isFirstActivation
                0x20007580       0x38 ./src/InitSystem.o
                0x20007580                isFirstActivation
 .text.WriteDefaultValuesToFRAM
                0x200075b8      0x1c0 ./src/InitSystem.o
                0x200075b8                WriteDefaultValuesToFRAM
 .text.StartFRAM
                0x20007778       0x2c ./src/InitSystem.o
                0x20007778                StartFRAM
 .text.StartI2C
                0x200077a4       0x38 ./src/InitSystem.o
                0x200077a4                StartI2C
 .text.StartSPI
                0x200077dc       0x34 ./src/InitSystem.o
                0x200077dc                StartSPI
 .text.StartTIME
                0x20007810       0xb8 ./src/InitSystem.o
                0x20007810                StartTIME
 .text.DeploySystem
                0x200078c8      0x148 ./src/InitSystem.o
                0x200078c8                DeploySystem
 .text.InitSubsystems
                0x20007a10       0x48 ./src/InitSystem.o
                0x20007a10                InitSubsystems
 .text.CMD_getInfoImage
                0x20007a58      0x16c ./src/TLM_management.o
                0x20007a58                CMD_getInfoImage
 .text.CMD_getDataImage
                0x20007bc4      0x1cc ./src/TLM_management.o
                0x20007bc4                CMD_getDataImage
 .text.delete_allTMFilesFromSD
                0x20007d90       0xa0 ./src/TLM_management.o
                0x20007d90                delete_allTMFilesFromSD
 .text.deleteTLMFiles
                0x20007e30       0x94 ./src/TLM_management.o
                0x20007e30                deleteTLMFiles
 .text.deleteTLMFile
                0x20007ec4       0xc0 ./src/TLM_management.o
                0x20007ec4                deleteTLMFile
 .text.InitializeFS
                0x20007f84       0xf0 ./src/TLM_management.o
                0x20007f84                InitializeFS
 .text.calculateFileName
                0x20008074      0x108 ./src/TLM_management.o
                0x20008074                calculateFileName
 .text.getTlmTypeInfo
                0x2000817c      0x230 ./src/TLM_management.o
                0x2000817c                getTlmTypeInfo
 .text.write2File
                0x200083ac      0x190 ./src/TLM_management.o
                0x200083ac                write2File
 .text.printTLM
                0x2000853c       0x24 ./src/TLM_management.o
                0x2000853c                printTLM
 .text.readTLMFile
                0x20008560      0x374 ./src/TLM_management.o
                0x20008560                readTLMFile
 .text.readTLMFiles
                0x200088d4       0xd4 ./src/TLM_management.o
                0x200088d4                readTLMFiles
 .text.readTLMFileTimeRange
                0x200089a8      0x334 ./src/TLM_management.o
                0x200089a8                readTLMFileTimeRange
 .text.DeInitializeFS
                0x20008cdc       0x14 ./src/TLM_management.o
                0x20008cdc                DeInitializeFS
 .text.taskMain
                0x20008cf0       0x34 ./src/main.o
                0x20008cf0                taskMain
 .text.main     0x20008d24       0x98 ./src/main.o
                0x20008d24                main
 .text.timeU2time
                0x20008dbc       0xbc ./src/utils.o
                0x20008dbc                timeU2time
 .text.logError
                0x20008e78      0x134 ./src/utils.o
                0x20008e78                logError
 .text.validateTransferParameters
                0x20008fac      0x10c C:/ISIS/workspace_ycube/GlobusSatProject/..//hal/hal/lib\libHALD.a(I2C.o)
 .text.I2C_queueTransfer
                0x200090b8       0xfc C:/ISIS/workspace_ycube/GlobusSatProject/..//hal/hal/lib\libHALD.a(I2C.o)
                0x200090b8                I2C_queueTransfer
 .text.I2C_internalCallback
                0x200091b4       0x64 C:/ISIS/workspace_ycube/GlobusSatProject/..//hal/hal/lib\libHALD.a(I2C.o)
 .text.I2C_doBlockingTransfer
                0x20009218      0x180 C:/ISIS/workspace_ycube/GlobusSatProject/..//hal/hal/lib\libHALD.a(I2C.o)
 .text.I2C_write
                0x20009398      0x110 C:/ISIS/workspace_ycube/GlobusSatProject/..//hal/hal/lib\libHALD.a(I2C.o)
                0x20009398                I2C_write
 .text.I2C_read
                0x200094a8      0x110 C:/ISIS/workspace_ycube/GlobusSatProject/..//hal/hal/lib\libHALD.a(I2C.o)
                0x200094a8                I2C_read
 .text.I2C_writeRead
                0x200095b8      0x17c C:/ISIS/workspace_ycube/GlobusSatProject/..//hal/hal/lib\libHALD.a(I2C.o)
                0x200095b8                I2C_writeRead
 .text.I2C_start
                0x20009734      0x2e8 C:/ISIS/workspace_ycube/GlobusSatProject/..//hal/hal/lib\libHALD.a(I2C.o)
                0x20009734                I2C_start
 .text.I2C_stop
                0x20009a1c      0x184 C:/ISIS/workspace_ycube/GlobusSatProject/..//hal/hal/lib\libHALD.a(I2C.o)
                0x20009a1c                I2C_stop
 .text.I2C_setTransferTimeout
                0x20009ba0       0x48 C:/ISIS/workspace_ycube/GlobusSatProject/..//hal/hal/lib\libHALD.a(I2C.o)
                0x20009ba0                I2C_setTransferTimeout
 .text.clearPDCtransfers
                0x20009be8       0xe8 C:/ISIS/workspace_ycube/GlobusSatProject/..//hal/hal/lib\libHALD.a(SPI.o)
 .text.SPI_start
                0x20009cd0      0x4b0 C:/ISIS/workspace_ycube/GlobusSatProject/..//hal/hal/lib\libHALD.a(SPI.o)
                0x20009cd0                SPI_start
 .text.SPI_stop
                0x2000a180      0x244 C:/ISIS/workspace_ycube/GlobusSatProject/..//hal/hal/lib\libHALD.a(SPI.o)
                0x2000a180                SPI_stop
 .text.SPI_queueTransfer
                0x2000a3c4      0x1cc C:/ISIS/workspace_ycube/GlobusSatProject/..//hal/hal/lib\libHALD.a(SPI.o)
                0x2000a3c4                SPI_queueTransfer
 .text.SPI_internalCallback
                0x2000a590       0x64 C:/ISIS/workspace_ycube/GlobusSatProject/..//hal/hal/lib\libHALD.a(SPI.o)
 .text.SPI_writeRead
                0x2000a5f4      0x1c0 C:/ISIS/workspace_ycube/GlobusSatProject/..//hal/hal/lib\libHALD.a(SPI.o)
                0x2000a5f4                SPI_writeRead
 .text.waitForTransfer
                0x2000a7b4       0x78 C:/ISIS/workspace_ycube/GlobusSatProject/..//hal/hal/lib\libHALD.a(SPI.o)
 .text.SPI_getDriverState
                0x2000a82c       0x58 C:/ISIS/workspace_ycube/GlobusSatProject/..//hal/hal/lib\libHALD.a(SPI.o)
                0x2000a82c                SPI_getDriverState
 .text.FRAM_start
                0x2000a884      0x120 C:/ISIS/workspace_ycube/GlobusSatProject/..//hal/hal/lib\libHALD.a(FRAM.o)
                0x2000a884                FRAM_start
 .text.FRAM_stop
                0x2000a9a4       0x6c C:/ISIS/workspace_ycube/GlobusSatProject/..//hal/hal/lib\libHALD.a(FRAM.o)
                0x2000a9a4                FRAM_stop
 .text.FRAM_dummyCallback
                0x2000aa10       0x24 C:/ISIS/workspace_ycube/GlobusSatProject/..//hal/hal/lib\libHALD.a(FRAM.o)
                0x2000aa10                FRAM_dummyCallback
 .text.FRAM_unlockingCallback
                0x2000aa34       0x64 C:/ISIS/workspace_ycube/GlobusSatProject/..//hal/hal/lib\libHALD.a(FRAM.o)
                0x2000aa34                FRAM_unlockingCallback
 .text.doBlockingTransfer
                0x2000aa98       0x78 C:/ISIS/workspace_ycube/GlobusSatProject/..//hal/hal/lib\libHALD.a(FRAM.o)
 .text.FRAM_writePacket
                0x2000ab10      0x144 C:/ISIS/workspace_ycube/GlobusSatProject/..//hal/hal/lib\libHALD.a(FRAM.o)
 .text.FRAM_write
                0x2000ac54      0x1d8 C:/ISIS/workspace_ycube/GlobusSatProject/..//hal/hal/lib\libHALD.a(FRAM.o)
                0x2000ac54                FRAM_write
 .text.FRAM_readPacket
                0x2000ae2c       0xf0 C:/ISIS/workspace_ycube/GlobusSatProject/..//hal/hal/lib\libHALD.a(FRAM.o)
 .text.FRAM_read
                0x2000af1c      0x1e4 C:/ISIS/workspace_ycube/GlobusSatProject/..//hal/hal/lib\libHALD.a(FRAM.o)
                0x2000af1c                FRAM_read
 .text.Time_start
                0x2000b100      0x150 C:/ISIS/workspace_ycube/GlobusSatProject/..//hal/hal/lib\libHALD.a(Time.o)
                0x2000b100                Time_start
 .text.taskTimeSync
                0x2000b250       0x38 C:/ISIS/workspace_ycube/GlobusSatProject/..//hal/hal/lib\libHALD.a(Time.o)
 .text.Time_convertEpochToTime
                0x2000b288       0xf4 C:/ISIS/workspace_ycube/GlobusSatProject/..//hal/hal/lib\libHALD.a(Time.o)
                0x2000b288                Time_convertEpochToTime
 .text.Time_populateSecondsOfYear
                0x2000b37c      0x188 C:/ISIS/workspace_ycube/GlobusSatProject/..//hal/hal/lib\libHALD.a(Time.o)
 .text.Time_set
                0x2000b504      0x110 C:/ISIS/workspace_ycube/GlobusSatProject/..//hal/hal/lib\libHALD.a(Time.o)
                0x2000b504                Time_set
 .text.Time_isLeapYear
                0x2000b614       0x98 C:/ISIS/workspace_ycube/GlobusSatProject/..//hal/hal/lib\libHALD.a(Time.o)
                0x2000b614                Time_isLeapYear
 .text.Time_get
                0x2000b6ac      0x410 C:/ISIS/workspace_ycube/GlobusSatProject/..//hal/hal/lib\libHALD.a(Time.o)
                0x2000b6ac                Time_get
 .text.Time_getUnixEpoch
                0x2000babc       0xf4 C:/ISIS/workspace_ycube/GlobusSatProject/..//hal/hal/lib\libHALD.a(Time.o)
                0x2000babc                Time_getUnixEpoch
 .text.Time_secondsOfYearToTime
                0x2000bbb0      0x328 C:/ISIS/workspace_ycube/GlobusSatProject/..//hal/hal/lib\libHALD.a(Time.o)
 .text.Time_setUnixEpoch
                0x2000bed8       0x54 C:/ISIS/workspace_ycube/GlobusSatProject/..//hal/hal/lib\libHALD.a(Time.o)
                0x2000bed8                Time_setUnixEpoch
 .text.Time_getUptimeSeconds
                0x2000bf2c       0x28 C:/ISIS/workspace_ycube/GlobusSatProject/..//hal/hal/lib\libHALD.a(Time.o)
                0x2000bf2c                Time_getUptimeSeconds
 .text.Time_sync
                0x2000bf54      0x2d8 C:/ISIS/workspace_ycube/GlobusSatProject/..//hal/hal/lib\libHALD.a(Time.o)
                0x2000bf54                Time_sync
 .text.Time_syncIfNeeded
                0x2000c22c       0x90 C:/ISIS/workspace_ycube/GlobusSatProject/..//hal/hal/lib\libHALD.a(Time.o)
                0x2000c22c                Time_syncIfNeeded
 .text.Time_setSyncInterval
                0x2000c2bc       0x38 C:/ISIS/workspace_ycube/GlobusSatProject/..//hal/hal/lib\libHALD.a(Time.o)
                0x2000c2bc                Time_setSyncInterval
 .text.WDT_start
                0x2000c2f4       0x48 C:/ISIS/workspace_ycube/GlobusSatProject/..//hal/hal/lib\libHALD.a(WatchDogTimerNoOS.o)
                0x2000c2f4                WDT_start
 .text.WDT_startWatchdogKickTask
                0x2000c33c       0xb4 C:/ISIS/workspace_ycube/GlobusSatProject/..//hal/hal/lib\libHALD.a(WatchDogTimerOS.o)
                0x2000c33c                WDT_startWatchdogKickTask
 .text.WDT_forceKickEveryNms
                0x2000c3f0       0x50 C:/ISIS/workspace_ycube/GlobusSatProject/..//hal/hal/lib\libHALD.a(WatchDogTimerOS.o)
                0x2000c3f0                WDT_forceKickEveryNms
 .text.f_puts   0x2000c440       0x80 C:/ISIS/workspace_ycube/GlobusSatProject/..//hal/hal/lib\libHALD.a(fprintf.o)
                0x2000c440                f_puts
 .text.LED_glow
                0x2000c4c0       0x58 C:/ISIS/workspace_ycube/GlobusSatProject/..//hal/hal/lib\libHALD.a(LED.o)
                0x2000c4c0                LED_glow
 .text.LED_dark
                0x2000c518       0x58 C:/ISIS/workspace_ycube/GlobusSatProject/..//hal/hal/lib\libHALD.a(LED.o)
                0x2000c518                LED_dark
 .text.LED_toggle
                0x2000c570       0x50 C:/ISIS/workspace_ycube/GlobusSatProject/..//hal/hal/lib\libHALD.a(LED.o)
                0x2000c570                LED_toggle
 .text.RTC_start
                0x2000c5c0       0x3c C:/ISIS/workspace_ycube/GlobusSatProject/..//hal/hal/lib\libHALD.a(RTC.o)
                0x2000c5c0                RTC_start
 .text.RTC_setTime
                0x2000c5fc      0x2a4 C:/ISIS/workspace_ycube/GlobusSatProject/..//hal/hal/lib\libHALD.a(RTC.o)
                0x2000c5fc                RTC_setTime
 .text.RTC_getTime
                0x2000c8a0      0x224 C:/ISIS/workspace_ycube/GlobusSatProject/..//hal/hal/lib\libHALD.a(RTC.o)
                0x2000c8a0                RTC_getTime
 .text.RTC_checkTimeValid
                0x2000cac4       0xdc C:/ISIS/workspace_ycube/GlobusSatProject/..//hal/hal/lib\libHALD.a(RTC.o)
                0x2000cac4                RTC_checkTimeValid
 .text.RTT_start
                0x2000cba0       0x24 C:/ISIS/workspace_ycube/GlobusSatProject/..//hal/hal/lib\libHALD.a(RTT.o)
                0x2000cba0                RTT_start
 .text.fn_init  0x2000cbc4      0x2dc C:/ISIS/workspace_ycube/GlobusSatProject/..//hal/hcc/lib\libHCCD.a(fat_common.o)
                0x2000cbc4                fn_init
 .text._f_get16bitl
                0x2000cea0       0x4c C:/ISIS/workspace_ycube/GlobusSatProject/..//hal/hcc/lib\libHCCD.a(fat_common.o)
                0x2000cea0                _f_get16bitl
 .text._f_set16bitl
                0x2000ceec       0x54 C:/ISIS/workspace_ycube/GlobusSatProject/..//hal/hcc/lib\libHCCD.a(fat_common.o)
                0x2000ceec                _f_set16bitl
 .text._f_get32bitl
                0x2000cf40       0x68 C:/ISIS/workspace_ycube/GlobusSatProject/..//hal/hcc/lib\libHCCD.a(fat_common.o)
                0x2000cf40                _f_get32bitl
 .text._f_set32bitl
                0x2000cfa8       0x78 C:/ISIS/workspace_ycube/GlobusSatProject/..//hal/hcc/lib\libHCCD.a(fat_common.o)
                0x2000cfa8                _f_set32bitl
 .text._get8bit
                0x2000d020       0xa0 C:/ISIS/workspace_ycube/GlobusSatProject/..//hal/hcc/lib\libHCCD.a(fat_common.o)
 .text._get16bitl
                0x2000d0c0       0x40 C:/ISIS/workspace_ycube/GlobusSatProject/..//hal/hcc/lib\libHCCD.a(fat_common.o)
 .text._get32bitl
                0x2000d100       0x3c C:/ISIS/workspace_ycube/GlobusSatProject/..//hal/hcc/lib\libHCCD.a(fat_common.o)
 .text._f_setcardremoved
                0x2000d13c       0x94 C:/ISIS/workspace_ycube/GlobusSatProject/..//hal/hcc/lib\libHCCD.a(fat_common.o)
 .text._f_checkstatus
                0x2000d1d0      0x104 C:/ISIS/workspace_ycube/GlobusSatProject/..//hal/hcc/lib\libHCCD.a(fat_common.o)
                0x2000d1d0                _f_checkstatus
 .text._f_drvgetphy
                0x2000d2d4      0x114 C:/ISIS/workspace_ycube/GlobusSatProject/..//hal/hcc/lib\libHCCD.a(fat_common.o)
 .text._f_drvwritesector
                0x2000d3e8       0xdc C:/ISIS/workspace_ycube/GlobusSatProject/..//hal/hcc/lib\libHCCD.a(fat_common.o)
 .text._f_drvreadsector
                0x2000d4c4       0xa8 C:/ISIS/workspace_ycube/GlobusSatProject/..//hal/hcc/lib\libHCCD.a(fat_common.o)
 .text._f_writesector
                0x2000d56c      0x23c C:/ISIS/workspace_ycube/GlobusSatProject/..//hal/hcc/lib\libHCCD.a(fat_common.o)
                0x2000d56c                _f_writesector
 .text._f_readsector
                0x2000d7a8      0x1dc C:/ISIS/workspace_ycube/GlobusSatProject/..//hal/hcc/lib\libHCCD.a(fat_common.o)
                0x2000d7a8                _f_readsector
 .text._f_getmaxcluster
                0x2000d984       0x94 C:/ISIS/workspace_ycube/GlobusSatProject/..//hal/hcc/lib\libHCCD.a(fat_common.o)
                0x2000d984                _f_getmaxcluster
 .text._getsectorfromcluster
                0x2000da18       0x68 C:/ISIS/workspace_ycube/GlobusSatProject/..//hal/hcc/lib\libHCCD.a(fat_common.o)
 .text._f_buildsectors
                0x2000da80      0x268 C:/ISIS/workspace_ycube/GlobusSatProject/..//hal/hcc/lib\libHCCD.a(fat_common.o)
 .text._f_getbootrecord
                0x2000dce8      0x5e4 C:/ISIS/workspace_ycube/GlobusSatProject/..//hal/hcc/lib\libHCCD.a(fat_common.o)
 .text._f_readbootrecord
                0x2000e2cc      0x4f8 C:/ISIS/workspace_ycube/GlobusSatProject/..//hal/hcc/lib\libHCCD.a(fat_common.o)
 .text._f_flushcffiles
                0x2000e7c4      0x17c C:/ISIS/workspace_ycube/GlobusSatProject/..//hal/hcc/lib\libHCCD.a(fat_common.o)
                0x2000e7c4                _f_flushcffiles
 .text._f_fatcache_flush
                0x2000e940      0x270 C:/ISIS/workspace_ycube/GlobusSatProject/..//hal/hcc/lib\libHCCD.a(fat_common.o)
                0x2000e940                _f_fatcache_flush
 .text._f_writefatsector
                0x2000ebb0      0x100 C:/ISIS/workspace_ycube/GlobusSatProject/..//hal/hcc/lib\libHCCD.a(fat_common.o)
                0x2000ebb0                _f_writefatsector
 .text._f_getfatsector
                0x2000ecb0      0x3bc C:/ISIS/workspace_ycube/GlobusSatProject/..//hal/hcc/lib\libHCCD.a(fat_common.o)
 .text._f_setclustervalue
                0x2000f06c      0x490 C:/ISIS/workspace_ycube/GlobusSatProject/..//hal/hcc/lib\libHCCD.a(fat_common.o)
                0x2000f06c                _f_setclustervalue
 .text._f_getclustervalue
                0x2000f4fc      0x388 C:/ISIS/workspace_ycube/GlobusSatProject/..//hal/hcc/lib\libHCCD.a(fat_common.o)
                0x2000f4fc                _f_getclustervalue
 .text._f_close_drive_files
                0x2000f884       0xac C:/ISIS/workspace_ycube/GlobusSatProject/..//hal/hcc/lib\libHCCD.a(fat_common.o)
 .text._f_inc_mount_count
                0x2000f930       0xa4 C:/ISIS/workspace_ycube/GlobusSatProject/..//hal/hcc/lib\libHCCD.a(fat_common.o)
 .text._f_getvolume
                0x2000f9d4      0x2f8 C:/ISIS/workspace_ycube/GlobusSatProject/..//hal/hcc/lib\libHCCD.a(fat_common.o)
                0x2000f9d4                _f_getvolume
 .text.fn_createdriver
                0x2000fccc      0x118 C:/ISIS/workspace_ycube/GlobusSatProject/..//hal/hcc/lib\libHCCD.a(fat_common.o)
                0x2000fccc                fn_createdriver
 .text.fn_initvolume
                0x2000fde4      0x12c C:/ISIS/workspace_ycube/GlobusSatProject/..//hal/hcc/lib\libHCCD.a(fat_common.o)
                0x2000fde4                fn_initvolume
 .text.fn_initvolumepartition_sub
                0x2000ff10       0xe0 C:/ISIS/workspace_ycube/GlobusSatProject/..//hal/hcc/lib\libHCCD.a(fat_common.o)
 .text.fn_initvolumepartition
                0x2000fff0       0xac C:/ISIS/workspace_ycube/GlobusSatProject/..//hal/hcc/lib\libHCCD.a(fat_common.o)
                0x2000fff0                fn_initvolumepartition
 .text._f_clustertopos
                0x2001009c       0xf8 C:/ISIS/workspace_ycube/GlobusSatProject/..//hal/hcc/lib\libHCCD.a(fat_common.o)
                0x2001009c                _f_clustertopos
 .text._f_getcurrsector
                0x20010194      0x6c8 C:/ISIS/workspace_ycube/GlobusSatProject/..//hal/hcc/lib\libHCCD.a(fat_common.o)
                0x20010194                _f_getcurrsector
 .text._f_getdecluster
                0x2001085c       0x90 C:/ISIS/workspace_ycube/GlobusSatProject/..//hal/hcc/lib\libHCCD.a(fat_common.o)
                0x2001085c                _f_getdecluster
 .text._f_setdecluster
                0x200108ec       0x8c C:/ISIS/workspace_ycube/GlobusSatProject/..//hal/hcc/lib\libHCCD.a(fat_common.o)
                0x200108ec                _f_setdecluster
 .text.fn_getdrive
                0x20010978       0x30 C:/ISIS/workspace_ycube/GlobusSatProject/..//hal/hcc/lib\libHCCD.a(fat_common.o)
                0x20010978                fn_getdrive
 .text._f_getcurrenttimedate
                0x200109a8      0x138 C:/ISIS/workspace_ycube/GlobusSatProject/..//hal/hcc/lib\libHCCD.a(fat_common.o)
                0x200109a8                _f_getcurrenttimedate
 .text._f_initentry
                0x20010ae0       0xa0 C:/ISIS/workspace_ycube/GlobusSatProject/..//hal/hcc/lib\libHCCD.a(fat_common.o)
                0x20010ae0                _f_initentry
 .text._f_alloccluster
                0x20010b80      0x344 C:/ISIS/workspace_ycube/GlobusSatProject/..//hal/hcc/lib\libHCCD.a(fat_common.o)
                0x20010b80                _f_alloccluster
 .text._f_dobadblock
                0x20010ec4      0x2cc C:/ISIS/workspace_ycube/GlobusSatProject/..//hal/hcc/lib\libHCCD.a(fat_common.o)
                0x20010ec4                _f_dobadblock
 .text._f_checklocked
                0x20011190       0xe4 C:/ISIS/workspace_ycube/GlobusSatProject/..//hal/hcc/lib\libHCCD.a(fat_common.o)
                0x20011190                _f_checklocked
 .text._f_checkappendlocked
                0x20011274      0x110 C:/ISIS/workspace_ycube/GlobusSatProject/..//hal/hcc/lib\libHCCD.a(fat_common.o)
                0x20011274                _f_checkappendlocked
 .text._f_setsyncafile
                0x20011384      0x114 C:/ISIS/workspace_ycube/GlobusSatProject/..//hal/hcc/lib\libHCCD.a(fat_common.o)
                0x20011384                _f_setsyncafile
 .text._f_syncfiles
                0x20011498      0x128 C:/ISIS/workspace_ycube/GlobusSatProject/..//hal/hcc/lib\libHCCD.a(fat_common.o)
                0x20011498                _f_syncfiles
 .text._f_syncfilescontent
                0x200115c0      0x15c C:/ISIS/workspace_ycube/GlobusSatProject/..//hal/hcc/lib\libHCCD.a(fat_common.o)
 .text.fn_getfreespace
                0x2001171c      0x4c0 C:/ISIS/workspace_ycube/GlobusSatProject/..//hal/hcc/lib\libHCCD.a(fat_common.o)
                0x2001171c                fn_getfreespace
 .text._f_emptywritecache
                0x20011bdc      0x4a4 C:/ISIS/workspace_ycube/GlobusSatProject/..//hal/hcc/lib\libHCCD.a(fat_common.o)
 .text._f_allocnextcluster
                0x20012080      0x54c C:/ISIS/workspace_ycube/GlobusSatProject/..//hal/hcc/lib\libHCCD.a(fat_common.o)
 .text._f_emptywritebuffer
                0x200125cc      0x20c C:/ISIS/workspace_ycube/GlobusSatProject/..//hal/hcc/lib\libHCCD.a(fat_common.o)
 .text._f_writezeros
                0x200127d8       0xf0 C:/ISIS/workspace_ycube/GlobusSatProject/..//hal/hcc/lib\libHCCD.a(fat_common.o)
                0x200127d8                _f_writezeros
 .text._f_extend_file
                0x200128c8      0x570 C:/ISIS/workspace_ycube/GlobusSatProject/..//hal/hcc/lib\libHCCD.a(fat_common.o)
 .text._f_fseek
                0x20012e38      0x9bc C:/ISIS/workspace_ycube/GlobusSatProject/..//hal/hcc/lib\libHCCD.a(fat_common.o)
                0x20012e38                _f_fseek
 .text._f_removechain
                0x200137f4      0x104 C:/ISIS/workspace_ycube/GlobusSatProject/..//hal/hcc/lib\libHCCD.a(fat_common.o)
                0x200137f4                _f_removechain
 .text._f_updatefileentry
                0x200138f8      0x1cc C:/ISIS/workspace_ycube/GlobusSatProject/..//hal/hcc/lib\libHCCD.a(fat_common.o)
 .text._f_checkreadlocked
                0x20013ac4      0x1bc C:/ISIS/workspace_ycube/GlobusSatProject/..//hal/hcc/lib\libHCCD.a(fat_common.o)
                0x20013ac4                _f_checkreadlocked
 .text._f_check_handle
                0x20013c80       0x98 C:/ISIS/workspace_ycube/GlobusSatProject/..//hal/hcc/lib\libHCCD.a(fat_common.o)
                0x20013c80                _f_check_handle
 .text._f_removesyncafile
                0x20013d18      0x1ec C:/ISIS/workspace_ycube/GlobusSatProject/..//hal/hcc/lib\libHCCD.a(fat_common.o)
 .text.fn_close
                0x20013f04      0x3f8 C:/ISIS/workspace_ycube/GlobusSatProject/..//hal/hcc/lib\libHCCD.a(fat_common.o)
                0x20013f04                fn_close
 .text.fn_flush
                0x200142fc      0x374 C:/ISIS/workspace_ycube/GlobusSatProject/..//hal/hcc/lib\libHCCD.a(fat_common.o)
                0x200142fc                fn_flush
 .text.fn_read  0x20014670      0x690 C:/ISIS/workspace_ycube/GlobusSatProject/..//hal/hcc/lib\libHCCD.a(fat_common.o)
                0x20014670                fn_read
 .text._f_abortwrite
                0x20014d00      0x100 C:/ISIS/workspace_ycube/GlobusSatProject/..//hal/hcc/lib\libHCCD.a(fat_common.o)
 .text._f_checkwritecluster
                0x20014e00       0xe4 C:/ISIS/workspace_ycube/GlobusSatProject/..//hal/hcc/lib\libHCCD.a(fat_common.o)
 .text.fn_write
                0x20014ee4      0x8a8 C:/ISIS/workspace_ycube/GlobusSatProject/..//hal/hcc/lib\libHCCD.a(fat_common.o)
                0x20014ee4                fn_write
 .text.fn_seek  0x2001578c      0x270 C:/ISIS/workspace_ycube/GlobusSatProject/..//hal/hcc/lib\libHCCD.a(fat_common.o)
                0x2001578c                fn_seek
 .text.fn_tell  0x200159fc      0x19c C:/ISIS/workspace_ycube/GlobusSatProject/..//hal/hcc/lib\libHCCD.a(fat_common.o)
                0x200159fc                fn_tell
 .text.fn_rewind
                0x20015b98       0x38 C:/ISIS/workspace_ycube/GlobusSatProject/..//hal/hcc/lib\libHCCD.a(fat_common.o)
                0x20015b98                fn_rewind
 .text.fn_putc  0x20015bd0       0x68 C:/ISIS/workspace_ycube/GlobusSatProject/..//hal/hcc/lib\libHCCD.a(fat_common.o)
                0x20015bd0                fn_putc
 .text.f_enterFS
                0x20015c38      0x1c0 C:/ISIS/workspace_ycube/GlobusSatProject/..//hal/hcc/lib\libHCCD.a(fat_common.o)
                0x20015c38                f_enterFS
 .text.f_releaseFS
                0x20015df8       0xb0 C:/ISIS/workspace_ycube/GlobusSatProject/..//hal/hcc/lib\libHCCD.a(fat_common.o)
                0x20015df8                f_releaseFS
 .text.fnGetTask
                0x20015ea8       0xfc C:/ISIS/workspace_ycube/GlobusSatProject/..//hal/hcc/lib\libHCCD.a(fat_common.o)
                0x20015ea8                fnGetTask
 .text._f_mutex_get
                0x20015fa4       0x98 C:/ISIS/workspace_ycube/GlobusSatProject/..//hal/hcc/lib\libHCCD.a(fat_common.o)
                0x20015fa4                _f_mutex_get
 .text._f_mutex_put
                0x2001603c       0x54 C:/ISIS/workspace_ycube/GlobusSatProject/..//hal/hcc/lib\libHCCD.a(fat_common.o)
                0x2001603c                _f_mutex_put
 .text._fn_initseekdivisor
                0x20016090      0x158 C:/ISIS/workspace_ycube/GlobusSatProject/..//hal/hcc/lib\libHCCD.a(fat_common.o)
                0x20016090                _fn_initseekdivisor
 .text._fn_updateseekpos
                0x200161e8       0xc4 C:/ISIS/workspace_ycube/GlobusSatProject/..//hal/hcc/lib\libHCCD.a(fat_common.o)
 .text._f_findopensize
                0x200162ac       0x2c C:/ISIS/workspace_ycube/GlobusSatProject/..//hal/hcc/lib\libHCCD.a(fat_common.o)
                0x200162ac                _f_findopensize
 .text.fn_setlasterror
                0x200162d8       0x34 C:/ISIS/workspace_ycube/GlobusSatProject/..//hal/hcc/lib\libHCCD.a(fat_common.o)
                0x200162d8                fn_setlasterror
 .text.fn_setlasterror_noret
                0x2001630c       0x2c C:/ISIS/workspace_ycube/GlobusSatProject/..//hal/hcc/lib\libHCCD.a(fat_common.o)
                0x2001630c                fn_setlasterror_noret
 .text.fm_initvolume
                0x20016338       0x70 C:/ISIS/workspace_ycube/GlobusSatProject/..//hal/hcc/lib\libHCCD.a(fat_m.o)
                0x20016338                fm_initvolume
 .text.fm_getdrive
                0x200163a8       0x70 C:/ISIS/workspace_ycube/GlobusSatProject/..//hal/hcc/lib\libHCCD.a(fat_m.o)
                0x200163a8                fm_getdrive
 .text.fm_getfreespace
                0x20016418       0x68 C:/ISIS/workspace_ycube/GlobusSatProject/..//hal/hcc/lib\libHCCD.a(fat_m.o)
                0x20016418                fm_getfreespace
 .text.fm_findfirst
                0x20016480       0x68 C:/ISIS/workspace_ycube/GlobusSatProject/..//hal/hcc/lib\libHCCD.a(fat_m.o)
                0x20016480                fm_findfirst
 .text.fm_findnext
                0x200164e8       0x60 C:/ISIS/workspace_ycube/GlobusSatProject/..//hal/hcc/lib\libHCCD.a(fat_m.o)
                0x200164e8                fm_findnext
 .text.fm_close
                0x20016548       0x60 C:/ISIS/workspace_ycube/GlobusSatProject/..//hal/hcc/lib\libHCCD.a(fat_m.o)
                0x20016548                fm_close
 .text.fm_flush
                0x200165a8       0x60 C:/ISIS/workspace_ycube/GlobusSatProject/..//hal/hcc/lib\libHCCD.a(fat_m.o)
                0x200165a8                fm_flush
 .text.fm_open  0x20016608       0x68 C:/ISIS/workspace_ycube/GlobusSatProject/..//hal/hcc/lib\libHCCD.a(fat_m.o)
                0x20016608                fm_open
 .text.fm_read  0x20016670       0x7c C:/ISIS/workspace_ycube/GlobusSatProject/..//hal/hcc/lib\libHCCD.a(fat_m.o)
                0x20016670                fm_read
 .text.fm_write
                0x200166ec       0x7c C:/ISIS/workspace_ycube/GlobusSatProject/..//hal/hcc/lib\libHCCD.a(fat_m.o)
                0x200166ec                fm_write
 .text.fm_seek  0x20016768       0x70 C:/ISIS/workspace_ycube/GlobusSatProject/..//hal/hcc/lib\libHCCD.a(fat_m.o)
                0x20016768                fm_seek
 .text.fm_tell  0x200167d8       0x60 C:/ISIS/workspace_ycube/GlobusSatProject/..//hal/hcc/lib\libHCCD.a(fat_m.o)
                0x200167d8                fm_tell
 .text.fm_putc  0x20016838       0x68 C:/ISIS/workspace_ycube/GlobusSatProject/..//hal/hcc/lib\libHCCD.a(fat_m.o)
                0x20016838                fm_putc
 .text.fm_rewind
                0x200168a0       0x60 C:/ISIS/workspace_ycube/GlobusSatProject/..//hal/hcc/lib\libHCCD.a(fat_m.o)
                0x200168a0                fm_rewind
 .text.fm_delete
                0x20016900       0x64 C:/ISIS/workspace_ycube/GlobusSatProject/..//hal/hcc/lib\libHCCD.a(fat_m.o)
                0x20016900                fm_delete
 .text.fm_getlasterror
                0x20016964       0x40 C:/ISIS/workspace_ycube/GlobusSatProject/..//hal/hcc/lib\libHCCD.a(fat_m.o)
                0x20016964                fm_getlasterror
 .text._s_checkzeroclusteratend
                0x200169a4       0xf8 C:/ISIS/workspace_ycube/GlobusSatProject/..//hal/hcc/lib\libHCCD.a(safefat.o)
 .text._s_clearclustercontent
                0x20016a9c      0x108 C:/ISIS/workspace_ycube/GlobusSatProject/..//hal/hcc/lib\libHCCD.a(safefat.o)
 .text._s_clearclustercontentdir
                0x20016ba4      0x19c C:/ISIS/workspace_ycube/GlobusSatProject/..//hal/hcc/lib\libHCCD.a(safefat.o)
 .text._s_writedirsector
                0x20016d40       0xd0 C:/ISIS/workspace_ycube/GlobusSatProject/..//hal/hcc/lib\libHCCD.a(safefat.o)
 .text._s_getdirsector
                0x20016e10      0x100 C:/ISIS/workspace_ycube/GlobusSatProject/..//hal/hcc/lib\libHCCD.a(safefat.o)
 .text._s_addentry
                0x20016f10      0x394 C:/ISIS/workspace_ycube/GlobusSatProject/..//hal/hcc/lib\libHCCD.a(safefat.o)
 .text._s_findfile
                0x200172a4      0x33c C:/ISIS/workspace_ycube/GlobusSatProject/..//hal/hcc/lib\libHCCD.a(safefat.o)
 .text._s_findsubdir
                0x200175e0      0x248 C:/ISIS/workspace_ycube/GlobusSatProject/..//hal/hcc/lib\libHCCD.a(safefat.o)
 .text._s_createfile
                0x20017828      0x190 C:/ISIS/workspace_ycube/GlobusSatProject/..//hal/hcc/lib\libHCCD.a(safefat.o)
 .text._s_findsaffile
                0x200179b8      0x1b8 C:/ISIS/workspace_ycube/GlobusSatProject/..//hal/hcc/lib\libHCCD.a(safefat.o)
 .text._s_open  0x20017b70       0xe4 C:/ISIS/workspace_ycube/GlobusSatProject/..//hal/hcc/lib\libHCCD.a(safefat.o)
 .text._s_open_saf
                0x20017c54       0xe8 C:/ISIS/workspace_ycube/GlobusSatProject/..//hal/hcc/lib\libHCCD.a(safefat.o)
 .text._s_flush
                0x20017d3c       0x84 C:/ISIS/workspace_ycube/GlobusSatProject/..//hal/hcc/lib\libHCCD.a(safefat.o)
 .text._s_allocnextcluster
                0x20017dc0      0x13c C:/ISIS/workspace_ycube/GlobusSatProject/..//hal/hcc/lib\libHCCD.a(safefat.o)
 .text._s_getnextsector
                0x20017efc       0xdc C:/ISIS/workspace_ycube/GlobusSatProject/..//hal/hcc/lib\libHCCD.a(safefat.o)
 .text._s_seek  0x20017fd8      0x1e8 C:/ISIS/workspace_ycube/GlobusSatProject/..//hal/hcc/lib\libHCCD.a(safefat.o)
 .text._s_read  0x200181c0      0x228 C:/ISIS/workspace_ycube/GlobusSatProject/..//hal/hcc/lib\libHCCD.a(safefat.o)
 .text._s_write
                0x200183e8      0x384 C:/ISIS/workspace_ycube/GlobusSatProject/..//hal/hcc/lib\libHCCD.a(safefat.o)
 .text._s_restoreclusters
                0x2001876c      0x270 C:/ISIS/workspace_ycube/GlobusSatProject/..//hal/hcc/lib\libHCCD.a(safefat.o)
                0x2001876c                _s_restoreclusters
 .text._s_findrestore
                0x200189dc      0x18c C:/ISIS/workspace_ycube/GlobusSatProject/..//hal/hcc/lib\libHCCD.a(safefat.o)
 .text._s_cmd_writede
                0x20018b68       0xd8 C:/ISIS/workspace_ycube/GlobusSatProject/..//hal/hcc/lib\libHCCD.a(safefat.o)
 .text._s_cmd_setcluster
                0x20018c40       0x88 C:/ISIS/workspace_ycube/GlobusSatProject/..//hal/hcc/lib\libHCCD.a(safefat.o)
 .text._s_cmd_deletechain
                0x20018cc8      0x100 C:/ISIS/workspace_ycube/GlobusSatProject/..//hal/hcc/lib\libHCCD.a(safefat.o)
 .text._s_cmd_validatecfn
                0x20018dc8      0x308 C:/ISIS/workspace_ycube/GlobusSatProject/..//hal/hcc/lib\libHCCD.a(safefat.o)
 .text._s_cmd_seteof
                0x200190d0      0x3c4 C:/ISIS/workspace_ycube/GlobusSatProject/..//hal/hcc/lib\libHCCD.a(safefat.o)
 .text.safe_docommands
                0x20019494      0x56c C:/ISIS/workspace_ycube/GlobusSatProject/..//hal/hcc/lib\libHCCD.a(safefat.o)
                0x20019494                safe_docommands
 .text.safe_entercommand
                0x20019a00       0x68 C:/ISIS/workspace_ycube/GlobusSatProject/..//hal/hcc/lib\libHCCD.a(safefat.o)
                0x20019a00                safe_entercommand
 .text.safe_ready
                0x20019a68       0xf4 C:/ISIS/workspace_ycube/GlobusSatProject/..//hal/hcc/lib\libHCCD.a(safefat.o)
                0x20019a68                safe_ready
 .text.safe_copycfn
                0x20019b5c       0xb8 C:/ISIS/workspace_ycube/GlobusSatProject/..//hal/hcc/lib\libHCCD.a(safefat.o)
                0x20019b5c                safe_copycfn
 .text.safe_cfremove
                0x20019c14       0xb8 C:/ISIS/workspace_ycube/GlobusSatProject/..//hal/hcc/lib\libHCCD.a(safefat.o)
                0x20019c14                safe_cfremove
 .text.safe_writede
                0x20019ccc      0x104 C:/ISIS/workspace_ycube/GlobusSatProject/..//hal/hcc/lib\libHCCD.a(safefat.o)
                0x20019ccc                safe_writede
 .text.safe_setcluster
                0x20019dd0       0xcc C:/ISIS/workspace_ycube/GlobusSatProject/..//hal/hcc/lib\libHCCD.a(safefat.o)
                0x20019dd0                safe_setcluster
 .text.safe_deletechain
                0x20019e9c      0x1c8 C:/ISIS/workspace_ycube/GlobusSatProject/..//hal/hcc/lib\libHCCD.a(safefat.o)
                0x20019e9c                safe_deletechain
 .text.safe_cfclose
                0x2001a064      0x104 C:/ISIS/workspace_ycube/GlobusSatProject/..//hal/hcc/lib\libHCCD.a(safefat.o)
                0x2001a064                safe_cfclose
 .text.safe_cfflush
                0x2001a168      0x124 C:/ISIS/workspace_ycube/GlobusSatProject/..//hal/hcc/lib\libHCCD.a(safefat.o)
                0x2001a168                safe_cfflush
 .text.safe_reset
                0x2001a28c       0x78 C:/ISIS/workspace_ycube/GlobusSatProject/..//hal/hcc/lib\libHCCD.a(safefat.o)
                0x2001a28c                safe_reset
 .text.safe_loadcommands
                0x2001a304       0x78 C:/ISIS/workspace_ycube/GlobusSatProject/..//hal/hcc/lib\libHCCD.a(safefat.o)
                0x2001a304                safe_loadcommands
 .text.safe_poweron
                0x2001a37c      0x1fc C:/ISIS/workspace_ycube/GlobusSatProject/..//hal/hcc/lib\libHCCD.a(safefat.o)
                0x2001a37c                safe_poweron
 .text.cf_getname
                0x2001a578       0xc0 C:/ISIS/workspace_ycube/GlobusSatProject/..//hal/hcc/lib\libHCCD.a(safefat.o)
 .text.cf_copyclusterchain
                0x2001a638      0x138 C:/ISIS/workspace_ycube/GlobusSatProject/..//hal/hcc/lib\libHCCD.a(safefat.o)
 .text.cf_seektozero
                0x2001a770       0x94 C:/ISIS/workspace_ycube/GlobusSatProject/..//hal/hcc/lib\libHCCD.a(safefat.o)
                0x2001a770                cf_seektozero
 .text.cf_create
                0x2001a804      0x3a8 C:/ISIS/workspace_ycube/GlobusSatProject/..//hal/hcc/lib\libHCCD.a(safefat.o)
                0x2001a804                cf_create
 .text.cf_copyclustercontent
                0x2001abac      0x128 C:/ISIS/workspace_ycube/GlobusSatProject/..//hal/hcc/lib\libHCCD.a(safefat.o)
                0x2001abac                cf_copyclustercontent
 .text.cf_copycfn
                0x2001acd4      0x4bc C:/ISIS/workspace_ycube/GlobusSatProject/..//hal/hcc/lib\libHCCD.a(safefat.o)
                0x2001acd4                cf_copycfn
 .text.cf_remove
                0x2001b190      0x344 C:/ISIS/workspace_ycube/GlobusSatProject/..//hal/hcc/lib\libHCCD.a(safefat.o)
                0x2001b190                cf_remove
 .text.cf_setclusternew
                0x2001b4d4       0xf0 C:/ISIS/workspace_ycube/GlobusSatProject/..//hal/hcc/lib\libHCCD.a(safefat.o)
                0x2001b4d4                cf_setclusternew
 .text.cf_flush
                0x2001b5c4       0x58 C:/ISIS/workspace_ycube/GlobusSatProject/..//hal/hcc/lib\libHCCD.a(safefat.o)
                0x2001b5c4                cf_flush
 .text.cf_getcluster
                0x2001b61c      0x1b4 C:/ISIS/workspace_ycube/GlobusSatProject/..//hal/hcc/lib\libHCCD.a(safefat.o)
                0x2001b61c                cf_getcluster
 .text.cf_setnextcluster
                0x2001b7d0      0x194 C:/ISIS/workspace_ycube/GlobusSatProject/..//hal/hcc/lib\libHCCD.a(safefat.o)
                0x2001b7d0                cf_setnextcluster
 .text.cf_getpositions
                0x2001b964       0xbc C:/ISIS/workspace_ycube/GlobusSatProject/..//hal/hcc/lib\libHCCD.a(safefat.o)
                0x2001b964                cf_getpositions
 .text.cf_setpositions
                0x2001ba20       0xb0 C:/ISIS/workspace_ycube/GlobusSatProject/..//hal/hcc/lib\libHCCD.a(safefat.o)
                0x2001ba20                cf_setpositions
 .text.cf_opensyncafile
                0x2001bad0      0x150 C:/ISIS/workspace_ycube/GlobusSatProject/..//hal/hcc/lib\libHCCD.a(safefat.o)
                0x2001bad0                cf_opensyncafile
 .text.cf_reloadcfo
                0x2001bc20       0xd8 C:/ISIS/workspace_ycube/GlobusSatProject/..//hal/hcc/lib\libHCCD.a(safefat.o)
                0x2001bc20                cf_reloadcfo
 .text.mcipdc_cmd
                0x2001bcf8      0x22c C:/ISIS/workspace_ycube/GlobusSatProject/..//hal/hcc/lib\libHCCD.a(atmel_mcipdc.o)
 .text.mcipdc_stop
                0x2001bf24       0xfc C:/ISIS/workspace_ycube/GlobusSatProject/..//hal/hcc/lib\libHCCD.a(atmel_mcipdc.o)
                0x2001bf24                mcipdc_stop
 .text.mcipdc_read
                0x2001c020      0x27c C:/ISIS/workspace_ycube/GlobusSatProject/..//hal/hcc/lib\libHCCD.a(atmel_mcipdc.o)
 .text.mcipdc_write
                0x2001c29c      0x298 C:/ISIS/workspace_ycube/GlobusSatProject/..//hal/hcc/lib\libHCCD.a(atmel_mcipdc.o)
 .text.mcipdc_readsector
                0x2001c534       0x9c C:/ISIS/workspace_ycube/GlobusSatProject/..//hal/hcc/lib\libHCCD.a(atmel_mcipdc.o)
                0x2001c534                mcipdc_readsector
 .text.mcipdc_readmultiplesector
                0x2001c5d0      0x124 C:/ISIS/workspace_ycube/GlobusSatProject/..//hal/hcc/lib\libHCCD.a(atmel_mcipdc.o)
                0x2001c5d0                mcipdc_readmultiplesector
 .text.mcipdc_writesector
                0x2001c6f4       0x90 C:/ISIS/workspace_ycube/GlobusSatProject/..//hal/hcc/lib\libHCCD.a(atmel_mcipdc.o)
                0x2001c6f4                mcipdc_writesector
 .text.mcipdc_writemultiplesector
                0x2001c784      0x120 C:/ISIS/workspace_ycube/GlobusSatProject/..//hal/hcc/lib\libHCCD.a(atmel_mcipdc.o)
                0x2001c784                mcipdc_writemultiplesector
 .text.mcipdc_set_speed
                0x2001c8a4       0xb0 C:/ISIS/workspace_ycube/GlobusSatProject/..//hal/hcc/lib\libHCCD.a(atmel_mcipdc.o)
 .text.mcipdc_get_speed
                0x2001c954       0x48 C:/ISIS/workspace_ycube/GlobusSatProject/..//hal/hcc/lib\libHCCD.a(atmel_mcipdc.o)
 .text._get_csd_bits
                0x2001c99c      0x14c C:/ISIS/workspace_ycube/GlobusSatProject/..//hal/hcc/lib\libHCCD.a(atmel_mcipdc.o)
 .text.mcipdc_initcard
                0x2001cae8      0x8f4 C:/ISIS/workspace_ycube/GlobusSatProject/..//hal/hcc/lib\libHCCD.a(atmel_mcipdc.o)
 .text.mcipdc_getstatus
                0x2001d3dc       0xe8 C:/ISIS/workspace_ycube/GlobusSatProject/..//hal/hcc/lib\libHCCD.a(atmel_mcipdc.o)
 .text.mcipdc_getphy
                0x2001d4c4       0x90 C:/ISIS/workspace_ycube/GlobusSatProject/..//hal/hcc/lib\libHCCD.a(atmel_mcipdc.o)
 .text.mcipdc_release
                0x2001d554       0x50 C:/ISIS/workspace_ycube/GlobusSatProject/..//hal/hcc/lib\libHCCD.a(atmel_mcipdc.o)
 .text.atmel_mcipdc_initfunc
                0x2001d5a4      0x160 C:/ISIS/workspace_ycube/GlobusSatProject/..//hal/hcc/lib\libHCCD.a(atmel_mcipdc.o)
                0x2001d5a4                atmel_mcipdc_initfunc
 .text.oal_mutex_create
                0x2001d704       0x54 C:/ISIS/workspace_ycube/GlobusSatProject/..//hal/hcc/lib\libHCCD.a(oalp_mutex.o)
                0x2001d704                oal_mutex_create
 .text.oal_mutex_delete
                0x2001d758       0x30 C:/ISIS/workspace_ycube/GlobusSatProject/..//hal/hcc/lib\libHCCD.a(oalp_mutex.o)
                0x2001d758                oal_mutex_delete
 .text.oal_mutex_get
                0x2001d788       0x58 C:/ISIS/workspace_ycube/GlobusSatProject/..//hal/hcc/lib\libHCCD.a(oalp_mutex.o)
                0x2001d788                oal_mutex_get
 .text.oal_mutex_put
                0x2001d7e0       0x58 C:/ISIS/workspace_ycube/GlobusSatProject/..//hal/hcc/lib\libHCCD.a(oalp_mutex.o)
                0x2001d7e0                oal_mutex_put
 .text.oal_task_get_id
                0x2001d838       0x18 C:/ISIS/workspace_ycube/GlobusSatProject/..//hal/hcc/lib\libHCCD.a(oalp_task.o)
                0x2001d838                oal_task_get_id
 .text.mcipdc_hw_init
                0x2001d850       0xe8 C:/ISIS/workspace_ycube/GlobusSatProject/..//hal/hcc/lib\libHCCD.a(atmel_mcipdc_hw.o)
                0x2001d850                mcipdc_hw_init
 .text.mcipdc_hw_delete
                0x2001d938       0x78 C:/ISIS/workspace_ycube/GlobusSatProject/..//hal/hcc/lib\libHCCD.a(atmel_mcipdc_hw.o)
                0x2001d938                mcipdc_hw_delete
 .text.mcipdc_hw_card_plugged
                0x2001d9b0       0x1c C:/ISIS/workspace_ycube/GlobusSatProject/..//hal/hcc/lib\libHCCD.a(atmel_mcipdc_hw.o)
                0x2001d9b0                mcipdc_hw_card_plugged
 .text.mcipdc_hw_card_writeprotect
                0x2001d9cc       0x1c C:/ISIS/workspace_ycube/GlobusSatProject/..//hal/hcc/lib\libHCCD.a(atmel_mcipdc_hw.o)
                0x2001d9cc                mcipdc_hw_card_writeprotect
 .text.psp_getcurrenttimedate
                0x2001d9e8       0x8c C:/ISIS/workspace_ycube/GlobusSatProject/..//hal/hcc/lib\libHCCD.a(psp_rtc.o)
                0x2001d9e8                psp_getcurrenttimedate
 .text._hcc_get_buf_dsc
                0x2001da74       0x8c C:/ISIS/workspace_ycube/GlobusSatProject/..//hal/hcc/lib\libHCCD.a(hcc_mem.o)
 .text._hcc_check_free_pages
                0x2001db00      0x18c C:/ISIS/workspace_ycube/GlobusSatProject/..//hal/hcc/lib\libHCCD.a(hcc_mem.o)
 .text._hcc_mark_pages
                0x2001dc8c      0x158 C:/ISIS/workspace_ycube/GlobusSatProject/..//hal/hcc/lib\libHCCD.a(hcc_mem.o)
 .text._hcc_clear_lock_dsc
                0x2001dde4       0x80 C:/ISIS/workspace_ycube/GlobusSatProject/..//hal/hcc/lib\libHCCD.a(hcc_mem.o)
 .text._hcc_lock_access
                0x2001de64      0x128 C:/ISIS/workspace_ycube/GlobusSatProject/..//hal/hcc/lib\libHCCD.a(hcc_mem.o)
 .text._hcc_unlock_access
                0x2001df8c       0x30 C:/ISIS/workspace_ycube/GlobusSatProject/..//hal/hcc/lib\libHCCD.a(hcc_mem.o)
 .text.hcc_mem_alloc
                0x2001dfbc      0x454 C:/ISIS/workspace_ycube/GlobusSatProject/..//hal/hcc/lib\libHCCD.a(hcc_mem.o)
                0x2001dfbc                hcc_mem_alloc
 .text.hcc_mem_free
                0x2001e410      0x178 C:/ISIS/workspace_ycube/GlobusSatProject/..//hal/hcc/lib\libHCCD.a(hcc_mem.o)
                0x2001e410                hcc_mem_free
 .text.hcc_mem_add
                0x2001e588      0x3b0 C:/ISIS/workspace_ycube/GlobusSatProject/..//hal/hcc/lib\libHCCD.a(hcc_mem.o)
                0x2001e588                hcc_mem_add
 .text.hcc_mem_init
                0x2001e938      0x164 C:/ISIS/workspace_ycube/GlobusSatProject/..//hal/hcc/lib\libHCCD.a(hcc_mem.o)
                0x2001e938                hcc_mem_init
 .text._f_invalidatedir
                0x2001ea9c       0x28 C:/ISIS/workspace_ycube/GlobusSatProject/..//hal/hcc/lib\libHCCD.a(fat.o)
                0x2001ea9c                _f_invalidatedir
 .text._f_getdirsector
                0x2001eac4       0x88 C:/ISIS/workspace_ycube/GlobusSatProject/..//hal/hcc/lib\libHCCD.a(fat.o)
                0x2001eac4                _f_getdirsector
 .text._f_writedirsector
                0x2001eb4c       0x74 C:/ISIS/workspace_ycube/GlobusSatProject/..//hal/hcc/lib\libHCCD.a(fat.o)
                0x2001eb4c                _f_writedirsector
 .text._f_checknameinv
                0x2001ebc0      0x180 C:/ISIS/workspace_ycube/GlobusSatProject/..//hal/hcc/lib\libHCCD.a(fat.o)
 .text._f_checkname
                0x2001ed40       0x7c C:/ISIS/workspace_ycube/GlobusSatProject/..//hal/hcc/lib\libHCCD.a(fat.o)
 .text._f_checknamewc
                0x2001edbc       0xf8 C:/ISIS/workspace_ycube/GlobusSatProject/..//hal/hcc/lib\libHCCD.a(fat.o)
 .text._f_setnameext
                0x2001eeb4      0x300 C:/ISIS/workspace_ycube/GlobusSatProject/..//hal/hcc/lib\libHCCD.a(fat.o)
 .text._f_setfsname
                0x2001f1b4      0x584 C:/ISIS/workspace_ycube/GlobusSatProject/..//hal/hcc/lib\libHCCD.a(fat.o)
 .text._f_findfile
                0x2001f738      0x30c C:/ISIS/workspace_ycube/GlobusSatProject/..//hal/hcc/lib\libHCCD.a(fat.o)
 .text._f_cmp_wname
                0x2001fa44      0x274 C:/ISIS/workspace_ycube/GlobusSatProject/..//hal/hcc/lib\libHCCD.a(fat.o)
 .text._f_to_string
                0x2001fcb8      0x130 C:/ISIS/workspace_ycube/GlobusSatProject/..//hal/hcc/lib\libHCCD.a(fat.o)
 .text._f_findfilewc
                0x2001fde8      0x278 C:/ISIS/workspace_ycube/GlobusSatProject/..//hal/hcc/lib\libHCCD.a(fat.o)
 .text._f_getfilename
                0x20020060      0x20c C:/ISIS/workspace_ycube/GlobusSatProject/..//hal/hcc/lib\libHCCD.a(fat.o)
 .text._f_findpath
                0x2002026c      0x35c C:/ISIS/workspace_ycube/GlobusSatProject/..//hal/hcc/lib\libHCCD.a(fat.o)
 .text.fn_getdcwd
                0x200205c8      0x1e0 C:/ISIS/workspace_ycube/GlobusSatProject/..//hal/hcc/lib\libHCCD.a(fat.o)
                0x200205c8                fn_getdcwd
 .text.fn_findfirst
                0x200207a8      0x13c C:/ISIS/workspace_ycube/GlobusSatProject/..//hal/hcc/lib\libHCCD.a(fat.o)
                0x200207a8                fn_findfirst
 .text.fn_findnext
                0x200208e4      0x360 C:/ISIS/workspace_ycube/GlobusSatProject/..//hal/hcc/lib\libHCCD.a(fat.o)
                0x200208e4                fn_findnext
 .text._f_lock_resfile
                0x20020c44       0x6c C:/ISIS/workspace_ycube/GlobusSatProject/..//hal/hcc/lib\libHCCD.a(fat.o)
 .text._f_unlock_resfile
                0x20020cb0       0x40 C:/ISIS/workspace_ycube/GlobusSatProject/..//hal/hcc/lib\libHCCD.a(fat.o)
 .text._f_getintfile
                0x20020cf0      0x124 C:/ISIS/workspace_ycube/GlobusSatProject/..//hal/hcc/lib\libHCCD.a(fat.o)
 .text._f_addentry
                0x20020e14      0x540 C:/ISIS/workspace_ycube/GlobusSatProject/..//hal/hcc/lib\libHCCD.a(fat.o)
 .text.fn_open_sub
                0x20021354     0x1698 C:/ISIS/workspace_ycube/GlobusSatProject/..//hal/hcc/lib\libHCCD.a(fat.o)
 .text.fn_open  0x200229ec       0x44 C:/ISIS/workspace_ycube/GlobusSatProject/..//hal/hcc/lib\libHCCD.a(fat.o)
                0x200229ec                fn_open
 .text.fn_delete
                0x20022a30      0x490 C:/ISIS/workspace_ycube/GlobusSatProject/..//hal/hcc/lib\libHCCD.a(fat.o)
                0x20022a30                fn_delete
 .text.hcc_mem_buf_alloc
                0x20022ec0       0xe4 C:/ISIS/workspace_ycube/GlobusSatProject/..//hal/hcc/lib\libHCCD.a(psp_hcc_mem.o)
                0x20022ec0                hcc_mem_buf_alloc
 .text.makeAntStransfer
                0x20022fa4       0x4c C:/ISIS/workspace_ycube/satellite-subsystems/satellite-subsystems/lib\libSatelliteSubsystemsD.a(IsisAntS.o)
 .text.checkInputsValid
                0x20022ff0       0x7c C:/ISIS/workspace_ycube/satellite-subsystems/satellite-subsystems/lib\libSatelliteSubsystemsD.a(IsisAntS.o)
 .text.IsisAntS_initialize
                0x2002306c      0x26c C:/ISIS/workspace_ycube/satellite-subsystems/satellite-subsystems/lib\libSatelliteSubsystemsD.a(IsisAntS.o)
                0x2002306c                IsisAntS_initialize
 .text.IsisAntS_setArmStatus
                0x200232d8      0x104 C:/ISIS/workspace_ycube/satellite-subsystems/satellite-subsystems/lib\libSatelliteSubsystemsD.a(IsisAntS.o)
                0x200232d8                IsisAntS_setArmStatus
 .text.IsisAntS_getStatusData
                0x200233dc      0x120 C:/ISIS/workspace_ycube/satellite-subsystems/satellite-subsystems/lib\libSatelliteSubsystemsD.a(IsisAntS.o)
                0x200233dc                IsisAntS_getStatusData
 .text.IsisAntS_getUptime
                0x200234fc      0x120 C:/ISIS/workspace_ycube/satellite-subsystems/satellite-subsystems/lib\libSatelliteSubsystemsD.a(IsisAntS.o)
                0x200234fc                IsisAntS_getUptime
 .text.IsisAntS_getAlltelemetry
                0x2002361c      0x120 C:/ISIS/workspace_ycube/satellite-subsystems/satellite-subsystems/lib\libSatelliteSubsystemsD.a(IsisAntS.o)
                0x2002361c                IsisAntS_getAlltelemetry
 .text.IsisAntS_reset
                0x2002373c      0x104 C:/ISIS/workspace_ycube/satellite-subsystems/satellite-subsystems/lib\libSatelliteSubsystemsD.a(IsisAntS.o)
                0x2002373c                IsisAntS_reset
 .text.IsisAntS_cancelDeployment
                0x20023840      0x104 C:/ISIS/workspace_ycube/satellite-subsystems/satellite-subsystems/lib\libSatelliteSubsystemsD.a(IsisAntS.o)
                0x20023840                IsisAntS_cancelDeployment
 .text.IsisAntS_autoDeployment
                0x20023944      0x114 C:/ISIS/workspace_ycube/satellite-subsystems/satellite-subsystems/lib\libSatelliteSubsystemsD.a(IsisAntS.o)
                0x20023944                IsisAntS_autoDeployment
 .text.IsisSolarPanelv2_initialize
                0x20023a58       0xb4 C:/ISIS/workspace_ycube/satellite-subsystems/satellite-subsystems/lib\libSatelliteSubsystemsD.a(IsisSolarPanelv2.o)
                0x20023a58                IsisSolarPanelv2_initialize
 .text.IsisSolarPanelv2_getTemperature
                0x20023b0c       0xc8 C:/ISIS/workspace_ycube/satellite-subsystems/satellite-subsystems/lib\libSatelliteSubsystemsD.a(IsisSolarPanelv2.o)
                0x20023b0c                IsisSolarPanelv2_getTemperature
 .text.IsisSolarPanelv2_getState
                0x20023bd4       0x24 C:/ISIS/workspace_ycube/satellite-subsystems/satellite-subsystems/lib\libSatelliteSubsystemsD.a(IsisSolarPanelv2.o)
                0x20023bd4                IsisSolarPanelv2_getState
 .text._Reset   0x20023bf8       0x20 C:/ISIS/workspace_ycube/satellite-subsystems/satellite-subsystems/lib\libSatelliteSubsystemsD.a(IsisSolarPanelv2.o)
 .text._WaitForStartup
                0x20023c18       0x90 C:/ISIS/workspace_ycube/satellite-subsystems/satellite-subsystems/lib\libSatelliteSubsystemsD.a(IsisSolarPanelv2.o)
 .text._AssignAllChannels
                0x20023ca8       0x90 C:/ISIS/workspace_ycube/satellite-subsystems/satellite-subsystems/lib\libSatelliteSubsystemsD.a(IsisSolarPanelv2.o)
 .text._AssignThisChannel
                0x20023d38       0xe8 C:/ISIS/workspace_ycube/satellite-subsystems/satellite-subsystems/lib\libSatelliteSubsystemsD.a(IsisSolarPanelv2.o)
 .text._InitiateConversion
                0x20023e20       0xac C:/ISIS/workspace_ycube/satellite-subsystems/satellite-subsystems/lib\libSatelliteSubsystemsD.a(IsisSolarPanelv2.o)
 .text._WaitForConversionComplete
                0x20023ecc      0x100 C:/ISIS/workspace_ycube/satellite-subsystems/satellite-subsystems/lib\libSatelliteSubsystemsD.a(IsisSolarPanelv2.o)
 .text._ReadResult
                0x20023fcc      0x158 C:/ISIS/workspace_ycube/satellite-subsystems/satellite-subsystems/lib\libSatelliteSubsystemsD.a(IsisSolarPanelv2.o)
 .text._ExtractByte
                0x20024124       0x38 C:/ISIS/workspace_ycube/satellite-subsystems/satellite-subsystems/lib\libSatelliteSubsystemsD.a(IsisSolarPanelv2.o)
 .text._ExtendSign
                0x2002415c       0x6c C:/ISIS/workspace_ycube/satellite-subsystems/satellite-subsystems/lib\libSatelliteSubsystemsD.a(IsisSolarPanelv2.o)
 .text._PinsInit
                0x200241c8       0x50 C:/ISIS/workspace_ycube/satellite-subsystems/satellite-subsystems/lib\libSatelliteSubsystemsD.a(IsisSolarPanelv2.o)
 .text._SpiWriteRead
                0x20024218       0x70 C:/ISIS/workspace_ycube/satellite-subsystems/satellite-subsystems/lib\libSatelliteSubsystemsD.a(IsisSolarPanelv2.o)
 .text.IsisTrxvu_initialize
                0x20024288      0x2f4 C:/ISIS/workspace_ycube/satellite-subsystems/satellite-subsystems/lib\libSatelliteSubsystemsD.a(IsisTRXVU.o)
                0x20024288                IsisTrxvu_initialize
 .text.makeTRXVUtransfer
                0x2002457c       0x44 C:/ISIS/workspace_ycube/satellite-subsystems/satellite-subsystems/lib\libSatelliteSubsystemsD.a(IsisTRXVU.o)
 .text.IsisTrxvu_componentSoftReset
                0x200245c0       0x6c C:/ISIS/workspace_ycube/satellite-subsystems/satellite-subsystems/lib\libSatelliteSubsystemsD.a(IsisTRXVU.o)
                0x200245c0                IsisTrxvu_componentSoftReset
 .text.IsisTrxvu_componentHardReset
                0x2002462c       0xc8 C:/ISIS/workspace_ycube/satellite-subsystems/satellite-subsystems/lib\libSatelliteSubsystemsD.a(IsisTRXVU.o)
                0x2002462c                IsisTrxvu_componentHardReset
 .text.IsisTrxvu_softReset
                0x200246f4       0x74 C:/ISIS/workspace_ycube/satellite-subsystems/satellite-subsystems/lib\libSatelliteSubsystemsD.a(IsisTRXVU.o)
                0x200246f4                IsisTrxvu_softReset
 .text.IsisTrxvu_hardReset
                0x20024768       0x74 C:/ISIS/workspace_ycube/satellite-subsystems/satellite-subsystems/lib\libSatelliteSubsystemsD.a(IsisTRXVU.o)
                0x20024768                IsisTrxvu_hardReset
 .text.IsisTrxvu_tcSendAX25DefClSign
                0x200247dc       0xec C:/ISIS/workspace_ycube/satellite-subsystems/satellite-subsystems/lib\libSatelliteSubsystemsD.a(IsisTRXVU.o)
                0x200247dc                IsisTrxvu_tcSendAX25DefClSign
 .text.IsisTrxvu_tcSetIdlestate
                0x200248c8       0xa4 C:/ISIS/workspace_ycube/satellite-subsystems/satellite-subsystems/lib\libSatelliteSubsystemsD.a(IsisTRXVU.o)
                0x200248c8                IsisTrxvu_tcSetIdlestate
 .text.IsisTrxvu_tcSetAx25Bitrate
                0x2002496c       0xc4 C:/ISIS/workspace_ycube/satellite-subsystems/satellite-subsystems/lib\libSatelliteSubsystemsD.a(IsisTRXVU.o)
                0x2002496c                IsisTrxvu_tcSetAx25Bitrate
 .text.IsisTrxvu_tcGetUptime
                0x20024a30       0xa0 C:/ISIS/workspace_ycube/satellite-subsystems/satellite-subsystems/lib\libSatelliteSubsystemsD.a(IsisTRXVU.o)
                0x20024a30                IsisTrxvu_tcGetUptime
 .text.IsisTrxvu_tcGetState
                0x20024ad0       0xd0 C:/ISIS/workspace_ycube/satellite-subsystems/satellite-subsystems/lib\libSatelliteSubsystemsD.a(IsisTRXVU.o)
                0x20024ad0                IsisTrxvu_tcGetState
 .text.IsisTrxvu_tcGetTelemetryAll
                0x20024ba0       0xd0 C:/ISIS/workspace_ycube/satellite-subsystems/satellite-subsystems/lib\libSatelliteSubsystemsD.a(IsisTRXVU.o)
                0x20024ba0                IsisTrxvu_tcGetTelemetryAll
 .text.IsisTrxvu_rcGetFrameCount
                0x20024c70       0xa0 C:/ISIS/workspace_ycube/satellite-subsystems/satellite-subsystems/lib\libSatelliteSubsystemsD.a(IsisTRXVU.o)
                0x20024c70                IsisTrxvu_rcGetFrameCount
 .text.IsisTrxvu_rcGetCommandFrame
                0x20024d10      0x2d8 C:/ISIS/workspace_ycube/satellite-subsystems/satellite-subsystems/lib\libSatelliteSubsystemsD.a(IsisTRXVU.o)
                0x20024d10                IsisTrxvu_rcGetCommandFrame
 .text.IsisTrxvu_rcGetTelemetryAll
                0x20024fe8       0xd0 C:/ISIS/workspace_ycube/satellite-subsystems/satellite-subsystems/lib\libSatelliteSubsystemsD.a(IsisTRXVU.o)
                0x20024fe8                IsisTrxvu_rcGetTelemetryAll
 .text.IsisTrxvu_rcGetUptime
                0x200250b8       0xa0 C:/ISIS/workspace_ycube/satellite-subsystems/satellite-subsystems/lib\libSatelliteSubsystemsD.a(IsisTRXVU.o)
                0x200250b8                IsisTrxvu_rcGetUptime
 .text.ISIS_EPS_Init
                0x20025158       0xc8 C:/ISIS/workspace_ycube/satellite-subsystems/satellite-subsystems/lib\libSatelliteSubsystemsD.a(isis_eps_driver.o)
                0x20025158                ISIS_EPS_Init
 .text.isis_eps__reset__tmtc
                0x20025220       0xe8 C:/ISIS/workspace_ycube/satellite-subsystems/satellite-subsystems/lib\libSatelliteSubsystemsD.a(isis_eps_driver.o)
                0x20025220                isis_eps__reset__tmtc
 .text.isis_eps__watchdog__tm
                0x20025308       0xac C:/ISIS/workspace_ycube/satellite-subsystems/satellite-subsystems/lib\libSatelliteSubsystemsD.a(isis_eps_driver.o)
                0x20025308                isis_eps__watchdog__tm
 .text.isis_eps__getparameter__tmtc
                0x200253b4       0xe8 C:/ISIS/workspace_ycube/satellite-subsystems/satellite-subsystems/lib\libSatelliteSubsystemsD.a(isis_eps_driver.o)
                0x200253b4                isis_eps__getparameter__tmtc
 .text.isis_eps__setparameter__tmtc
                0x2002549c       0xe8 C:/ISIS/workspace_ycube/satellite-subsystems/satellite-subsystems/lib\libSatelliteSubsystemsD.a(isis_eps_driver.o)
                0x2002549c                isis_eps__setparameter__tmtc
 .text.isis_eps__gethousekeepingeng__tm
                0x20025584       0xac C:/ISIS/workspace_ycube/satellite-subsystems/satellite-subsystems/lib\libSatelliteSubsystemsD.a(isis_eps_driver.o)
                0x20025584                isis_eps__gethousekeepingeng__tm
 .text.isis_eps__gethousekeepingengincdb__tm
                0x20025630       0xac C:/ISIS/workspace_ycube/satellite-subsystems/satellite-subsystems/lib\libSatelliteSubsystemsD.a(isis_eps_driver.o)
                0x20025630                isis_eps__gethousekeepingengincdb__tm
 .text._I2C_Send
                0x200256dc       0x78 C:/ISIS/workspace_ycube/satellite-subsystems/satellite-subsystems/lib\libSatelliteSubsystemsD.a(isis_eps_driver.o)
 .text.makeTRXCommonTransfer
                0x20025754       0x34 C:/ISIS/workspace_ycube/satellite-subsystems/satellite-subsystems/lib\libSatelliteSubsystemsD.a(IsisTRXCommon.o)
 .text.IsisTrxCommon_componentReset
                0x20025788       0x68 C:/ISIS/workspace_ycube/satellite-subsystems/satellite-subsystems/lib\libSatelliteSubsystemsD.a(IsisTRXCommon.o)
                0x20025788                IsisTrxCommon_componentReset
 .text.IsisTrxCommon_TxSendAX25DefClSign
                0x200257f0       0xf4 C:/ISIS/workspace_ycube/satellite-subsystems/satellite-subsystems/lib\libSatelliteSubsystemsD.a(IsisTRXCommon.o)
                0x200257f0                IsisTrxCommon_TxSendAX25DefClSign
 .text.IsisTrxCommon_TxSetIdlestate
                0x200258e4       0x78 C:/ISIS/workspace_ycube/satellite-subsystems/satellite-subsystems/lib\libSatelliteSubsystemsD.a(IsisTRXCommon.o)
                0x200258e4                IsisTrxCommon_TxSetIdlestate
 .text.IsisTrxCommon_TxSetAx25Bitrate
                0x2002595c       0x78 C:/ISIS/workspace_ycube/satellite-subsystems/satellite-subsystems/lib\libSatelliteSubsystemsD.a(IsisTRXCommon.o)
                0x2002595c                IsisTrxCommon_TxSetAx25Bitrate
 .text.IsisTrxCommon_RxGetFrameCount
                0x200259d4       0x8c C:/ISIS/workspace_ycube/satellite-subsystems/satellite-subsystems/lib\libSatelliteSubsystemsD.a(IsisTRXCommon.o)
                0x200259d4                IsisTrxCommon_RxGetFrameCount
 .text.IsisTrxCommon_GetUptime
                0x20025a60       0x8c C:/ISIS/workspace_ycube/satellite-subsystems/satellite-subsystems/lib\libSatelliteSubsystemsD.a(IsisTRXCommon.o)
                0x20025a60                IsisTrxCommon_GetUptime
 .text.xQueueGenericReset
                0x20025aec      0x150 C:/ISIS/workspace_ycube/GlobusSatProject/..//hal/freertos/lib\libFreeRTOSD.a(queue.o)
                0x20025aec                xQueueGenericReset
 .text.xQueueGenericCreate
                0x20025c3c      0x108 C:/ISIS/workspace_ycube/GlobusSatProject/..//hal/freertos/lib\libFreeRTOSD.a(queue.o)
                0x20025c3c                xQueueGenericCreate
 .text.xQueueCreateMutex
                0x20025d44      0x11c C:/ISIS/workspace_ycube/GlobusSatProject/..//hal/freertos/lib\libFreeRTOSD.a(queue.o)
                0x20025d44                xQueueCreateMutex
 .text.xQueueGenericSend
                0x20025e60      0x298 C:/ISIS/workspace_ycube/GlobusSatProject/..//hal/freertos/lib\libFreeRTOSD.a(queue.o)
                0x20025e60                xQueueGenericSend
 .text.xQueueGenericSendFromISR
                0x200260f8      0x1e0 C:/ISIS/workspace_ycube/GlobusSatProject/..//hal/freertos/lib\libFreeRTOSD.a(queue.o)
                0x200260f8                xQueueGenericSendFromISR
 .text.xQueueGenericReceive
                0x200262d8      0x2cc C:/ISIS/workspace_ycube/GlobusSatProject/..//hal/freertos/lib\libFreeRTOSD.a(queue.o)
                0x200262d8                xQueueGenericReceive
 .text.uxQueueMessagesWaiting
                0x200265a4       0x6c C:/ISIS/workspace_ycube/GlobusSatProject/..//hal/freertos/lib\libFreeRTOSD.a(queue.o)
                0x200265a4                uxQueueMessagesWaiting
 .text.vQueueDelete
                0x20026610       0x78 C:/ISIS/workspace_ycube/GlobusSatProject/..//hal/freertos/lib\libFreeRTOSD.a(queue.o)
                0x20026610                vQueueDelete
 .text.prvCopyDataToQueue
                0x20026688      0x190 C:/ISIS/workspace_ycube/GlobusSatProject/..//hal/freertos/lib\libFreeRTOSD.a(queue.o)
 .text.prvCopyDataFromQueue
                0x20026818       0x90 C:/ISIS/workspace_ycube/GlobusSatProject/..//hal/freertos/lib\libFreeRTOSD.a(queue.o)
 .text.prvUnlockQueue
                0x200268a8      0x130 C:/ISIS/workspace_ycube/GlobusSatProject/..//hal/freertos/lib\libFreeRTOSD.a(queue.o)
 .text.prvIsQueueEmpty
                0x200269d8       0x4c C:/ISIS/workspace_ycube/GlobusSatProject/..//hal/freertos/lib\libFreeRTOSD.a(queue.o)
 .text.prvIsQueueFull
                0x20026a24       0x54 C:/ISIS/workspace_ycube/GlobusSatProject/..//hal/freertos/lib\libFreeRTOSD.a(queue.o)
 .text.vQueueUnregisterQueue
                0x20026a78       0x80 C:/ISIS/workspace_ycube/GlobusSatProject/..//hal/freertos/lib\libFreeRTOSD.a(queue.o)
                0x20026a78                vQueueUnregisterQueue
 .text.vQueueWaitForMessageRestricted
                0x20026af8       0x90 C:/ISIS/workspace_ycube/GlobusSatProject/..//hal/freertos/lib\libFreeRTOSD.a(queue.o)
                0x20026af8                vQueueWaitForMessageRestricted
 .text.prvNotifyQueueSetContainer
                0x20026b88      0x108 C:/ISIS/workspace_ycube/GlobusSatProject/..//hal/freertos/lib\libFreeRTOSD.a(queue.o)
 .text.xTaskGenericCreate
                0x20026c90      0x2ac C:/ISIS/workspace_ycube/GlobusSatProject/..//hal/freertos/lib\libFreeRTOSD.a(tasks.o)
                0x20026c90                xTaskGenericCreate
 .text.vTaskDelete
                0x20026f3c       0xe8 C:/ISIS/workspace_ycube/GlobusSatProject/..//hal/freertos/lib\libFreeRTOSD.a(tasks.o)
                0x20026f3c                vTaskDelete
 .text.vTaskDelay
                0x20027024       0x80 C:/ISIS/workspace_ycube/GlobusSatProject/..//hal/freertos/lib\libFreeRTOSD.a(tasks.o)
                0x20027024                vTaskDelay
 .text.vTaskStartScheduler
                0x200270a4      0x104 C:/ISIS/workspace_ycube/GlobusSatProject/..//hal/freertos/lib\libFreeRTOSD.a(tasks.o)
                0x200270a4                vTaskStartScheduler
 .text.vTaskSuspendAll
                0x200271a8       0x2c C:/ISIS/workspace_ycube/GlobusSatProject/..//hal/freertos/lib\libFreeRTOSD.a(tasks.o)
                0x200271a8                vTaskSuspendAll
 .text.xTaskResumeAll
                0x200271d4      0x1f4 C:/ISIS/workspace_ycube/GlobusSatProject/..//hal/freertos/lib\libFreeRTOSD.a(tasks.o)
                0x200271d4                xTaskResumeAll
 .text.xTaskGetTickCount
                0x200273c8       0x34 C:/ISIS/workspace_ycube/GlobusSatProject/..//hal/freertos/lib\libFreeRTOSD.a(tasks.o)
                0x200273c8                xTaskGetTickCount
 .text.xTaskIncrementTick
                0x200273fc      0x298 C:/ISIS/workspace_ycube/GlobusSatProject/..//hal/freertos/lib\libFreeRTOSD.a(tasks.o)
                0x200273fc                xTaskIncrementTick
 .text.vTaskSwitchContext