Archive member included because of file (symbol)

C:/ISIS/workspace/ycube/GlobusSatProject/..//hal/hal/lib\libHALD.a(SPI.o)
                              ./src/InitSystem.o (SPI_start)
C:/ISIS/workspace/ycube/GlobusSatProject/..//hal/hal/lib\libHALD.a(I2C.o)
                              ./src/SubSystemModules/Housekepping/Payload.o (I2C_write)
C:/ISIS/workspace/ycube/GlobusSatProject/..//hal/hal/lib\libHALD.a(ADC.o)
                              ./src/SubSystemModules/Housekepping/TelemetryCollector.o (ADC_ConvertRaw10bitToMillivolt)
C:/ISIS/workspace/ycube/GlobusSatProject/..//hal/hal/lib\libHALD.a(FRAM.o)
                              ./src/SubSystemModules/Communication/SubsystemCommands/Maintanence_Commands.o (FRAM_start)
C:/ISIS/workspace/ycube/GlobusSatProject/..//hal/hal/lib\libHALD.a(Time.o)
                              ./src/InitSystem.o (Time_start)
C:/ISIS/workspace/ycube/GlobusSatProject/..//hal/hal/lib\libHALD.a(WatchDogTimerNoOS.o)
                              ./src/main.o (WDT_start)
C:/ISIS/workspace/ycube/GlobusSatProject/..//hal/hal/lib\libHALD.a(RTT.o)
                              C:/ISIS/workspace/ycube/GlobusSatProject/..//hal/hal/lib\libHALD.a(Time.o) (RTT_start)
C:/ISIS/workspace/ycube/GlobusSatProject/..//hal/hal/lib\libHALD.a(RTC.o)
                              C:/ISIS/workspace/ycube/GlobusSatProject/..//hal/hal/lib\libHALD.a(Time.o) (RTC_getTime)
C:/ISIS/workspace/ycube/GlobusSatProject/..//hal/hal/lib\libHALD.a(WatchDogTimerOS.o)
                              ./src/TestingDemos/MainTest.o (WDT_startWatchdogKickTask)
C:/ISIS/workspace/ycube/GlobusSatProject/..//hal/hal/lib\libHALD.a(fprintf.o)
                              ./src/TLM_management.o (f_puts)
C:/ISIS/workspace/ycube/GlobusSatProject/..//hal/hal/lib\libHALD.a(util.o)
                              ./src/TestingDemos/CommandsTestingDemo.o (UTIL_DbguGetIntegerMinMax)
C:/ISIS/workspace/ycube/GlobusSatProject/..//hal/hal/lib\libHALD.a(LED.o)
                              C:/ISIS/workspace/ycube/GlobusSatProject/..//hal/hal/lib\libHALD.a(WatchDogTimerOS.o) (LED_toggle)
C:/ISIS/workspace/ycube/GlobusSatProject/..//hal/hcc/lib\libHCCD.a(fat_m.o)
                              ./src/TLM_management.o (fm_initvolume)
C:/ISIS/workspace/ycube/GlobusSatProject/..//hal/hcc/lib\libHCCD.a(fat.o)
                              C:/ISIS/workspace/ycube/GlobusSatProject/..//hal/hcc/lib\libHCCD.a(fat_m.o) (fn_getdcwd)
C:/ISIS/workspace/ycube/GlobusSatProject/..//hal/hcc/lib\libHCCD.a(fat_common.o)
                              C:/ISIS/workspace/ycube/GlobusSatProject/..//hal/hcc/lib\libHCCD.a(fat.o) (p_filesystem)
C:/ISIS/workspace/ycube/GlobusSatProject/..//hal/hcc/lib\libHCCD.a(safefat.o)
                              C:/ISIS/workspace/ycube/GlobusSatProject/..//hal/hcc/lib\libHCCD.a(fat.o) (s_subdir)
C:/ISIS/workspace/ycube/GlobusSatProject/..//hal/hcc/lib\libHCCD.a(atmel_mcipdc.o)
                              ./src/TLM_management.o (atmel_mcipdc_initfunc)
C:/ISIS/workspace/ycube/GlobusSatProject/..//hal/hcc/lib\libHCCD.a(oalp_task.o)
                              C:/ISIS/workspace/ycube/GlobusSatProject/..//hal/hcc/lib\libHCCD.a(fat_common.o) (oal_task_get_id)
C:/ISIS/workspace/ycube/GlobusSatProject/..//hal/hcc/lib\libHCCD.a(oalp_mutex.o)
                              C:/ISIS/workspace/ycube/GlobusSatProject/..//hal/hcc/lib\libHCCD.a(fat_common.o) (oal_mutex_create)
C:/ISIS/workspace/ycube/GlobusSatProject/..//hal/hcc/lib\libHCCD.a(atmel_mcipdc_hw.o)
                              C:/ISIS/workspace/ycube/GlobusSatProject/..//hal/hcc/lib\libHCCD.a(atmel_mcipdc.o) (mcipdc_hw_init)
C:/ISIS/workspace/ycube/GlobusSatProject/..//hal/hcc/lib\libHCCD.a(psp_rand.o)
                              C:/ISIS/workspace/ycube/GlobusSatProject/..//hal/hcc/lib\libHCCD.a(fat_common.o) (psp_getrand)
C:/ISIS/workspace/ycube/GlobusSatProject/..//hal/hcc/lib\libHCCD.a(psp_rtc.o)
                              C:/ISIS/workspace/ycube/GlobusSatProject/..//hal/hcc/lib\libHCCD.a(fat_common.o) (psp_getcurrenttimedate)
C:/ISIS/workspace/ycube/GlobusSatProject/..//hal/hcc/lib\libHCCD.a(hcc_mem.o)
                              C:/ISIS/workspace/ycube/GlobusSatProject/..//hal/hcc/lib\libHCCD.a(atmel_mcipdc.o) (hcc_mem_alloc)
C:/ISIS/workspace/ycube/GlobusSatProject/..//hal/hcc/lib\libHCCD.a(psp_hcc_mem.o)
                              C:/ISIS/workspace/ycube/GlobusSatProject/..//hal/hcc/lib\libHCCD.a(hcc_mem.o) (hcc_mem_buf_alloc)
C:/ISIS/workspace/ycube/GlobusSatProject/..//satellite-subsystems/satellite-subsystems/lib\libSatelliteSubsystemsD.a(IsisSolarPanelv2.o)
                              ./src/SubSystemModules/PowerManagment/EPS.o (IsisSolarPanelv2_initialize)
C:/ISIS/workspace/ycube/GlobusSatProject/..//satellite-subsystems/satellite-subsystems/lib\libSatelliteSubsystemsD.a(isis_ants_rev2.o)
                              ./src/SubSystemModules/Communication/TRXVU.o (ISIS_ANTS_REV2_Init)
[...]
Memory Configuration

Name             Origin             Length             Attributes
sram0            0x00200000         0x00004000         w !xr
sram1            0x00300000         0x00004000         w !xr
sdram            0x20000000         0x02000000         w !xr
*default*        0x00000000         0xffffffff

Linker script and memory map

LOAD c:/isis/application/toolchain/bin/../lib/gcc/arm-none-eabi/4.7.4/../../../../arm-none-eabi/lib\libc.a
LOAD ./src/TestingDemos/CommandsTestingDemo.o
LOAD ./src/TestingDemos/EpsTestingDemo.o
LOAD ./src/TestingDemos/FileSystemTestingDemo.o
LOAD ./src/TestingDemos/MainTest.o
LOAD ./src/TestingDemos/MaintenanceTestingDemo.o
LOAD ./src/TestingDemos/TelemetryTestingDemo.o
LOAD ./src/TestingDemos/TrxvuTestingDemo.o
LOAD ./src/SubSystemModules/PowerManagment/EPS.o
LOAD ./src/SubSystemModules/PowerManagment/EPSOperationModes.o
LOAD ./src/SubSystemModules/Maintenance/Maintenance.o
LOAD ./src/SubSystemModules/Housekepping/Payload.o
LOAD ./src/SubSystemModules/Housekepping/RAMTelemetry.o
LOAD ./src/SubSystemModules/Housekepping/TelemetryCollector.o
LOAD ./src/SubSystemModules/Communication/SubsystemCommands/EPS_Commands.o
LOAD ./src/SubSystemModules/Communication/SubsystemCommands/FS_Commands.o
LOAD ./src/SubSystemModules/Communication/SubsystemCommands/Maintanence_Commands.o
LOAD ./src/SubSystemModules/Communication/SubsystemCommands/TRXVU_Commands.o
LOAD ./src/SubSystemModules/Communication/AckHandler.o
LOAD ./src/SubSystemModules/Communication/CommandDictionary.o
LOAD ./src/SubSystemModules/Communication/HashSecuredCMD.o
LOAD ./src/SubSystemModules/Communication/SatCommandHandler.o
LOAD ./src/SubSystemModules/Communication/TRXVU.o
LOAD ./src/InitSystem.o
LOAD ./src/TLM_management.o
LOAD ./src/main.o
LOAD ./src/utils.o
LOAD C:/ISIS/workspace/ycube/GlobusSatProject/..//hal/hal/lib\libHALD.a
LOAD C:/ISIS/workspace/ycube/GlobusSatProject/..//hal/hcc/lib\libHCCD.a
LOAD C:/ISIS/workspace/ycube/GlobusSatProject/..//satellite-subsystems/satellite-subsystems/lib\libSatelliteSubsystemsD.a
LOAD C:/ISIS/workspace/ycube/GlobusSatProject/..//hal/freertos/lib\libFreeRTOSD.a
LOAD C:/ISIS/workspace/ycube/GlobusSatProject/..//hal/at91/lib\libAt91D.a
START GROUP
LOAD c:/isis/application/toolchain/bin/../lib/gcc/arm-none-eabi/4.7.4\libgcc.a
LOAD c:/isis/application/toolchain/bin/../lib/gcc/arm-none-eabi/4.7.4/../../../../arm-none-eabi/lib\libg.a
LOAD c:/isis/application/toolchain/bin/../lib/gcc/arm-none-eabi/4.7.4/../../../../arm-none-eabi/lib\libc.a
END GROUP

.fixed          0x20000000    0x4dcc4
                0x20000000                . = ALIGN (0x4)
                0x20000000                _sfixed = .
 *(.startup)
 .startup       0x20000000      0x184 C:/ISIS/workspace/ycube/GlobusSatProject/..//hal/at91/lib\libAt91D.a(board_cstartup.o)
                0x20000000                entry
 *(.text)
 .text          0x20000184       0x64 C:/ISIS/workspace/ycube/GlobusSatProject/..//hal/at91/lib\libAt91D.a(cp15_asm.o)
                0x20000184                _readControlRegister
                0x20000190                _writeControlRegister
                0x20000198                _waitForInterrupt
                0x200001a4                _writeTTB
                0x200001ac                _writeDomain
                0x200001b4                _writeITLBLockdown
                0x200001bc                _prefetchICacheLine
                0x200001c4                _flushDCache
                0x200001d0                _flushWriteBuffer
                0x200001dc                _invalidateIDTLBs
 .text          0x200001e8      0x114 c:/isis/application/toolchain/bin/../lib/gcc/arm-none-eabi/4.7.4\libgcc.a(_udivsi3.o)
                0x200001e8                __aeabi_uidiv
                0x200001e8                __udivsi3
                0x200002dc                __aeabi_uidivmod
 .text          0x200002fc      0x148 c:/isis/application/toolchain/bin/../lib/gcc/arm-none-eabi/4.7.4\libgcc.a(_divsi3.o)
                0x200002fc                __divsi3
                0x200002fc                __aeabi_idiv
                0x20000424                __aeabi_idivmod
 .text          0x20000444        0x4 c:/isis/application/toolchain/bin/../lib/gcc/arm-none-eabi/4.7.4\libgcc.a(_dvmd_tls.o)
                0x20000444                __aeabi_idiv0
                0x20000444                __aeabi_ldiv0
 .text          0x20000448      0x41c c:/isis/application/toolchain/bin/../lib/gcc/arm-none-eabi/4.7.4\libgcc.a(_arm_addsubdf3.o)
                0x20000448                __aeabi_drsub
                0x20000450                __aeabi_dsub
                0x20000450                __subdf3
                0x20000454                __aeabi_dadd
                0x20000454                __adddf3
                0x20000764                __floatunsidf
                0x20000764                __aeabi_ui2d
                0x20000788                __floatsidf
                0x20000788                __aeabi_i2d
                0x200007b0                __aeabi_f2d
                0x200007b0                __extendsfdf2
                0x200007f0                __floatundidf
                0x200007f0                __aeabi_ul2d
                0x20000804                __floatdidf
                0x20000804                __aeabi_l2d
 .text          0x20000864      0x2ac c:/isis/application/toolchain/bin/../lib/gcc/arm-none-eabi/4.7.4\libgcc.a(_arm_addsubsf3.o)
                0x20000864                __aeabi_frsub
                0x2000086c                __subsf3
                0x2000086c                __aeabi_fsub
                0x20000870                __aeabi_fadd
                0x20000870                __addsf3
                0x20000a2c                __aeabi_ui2f
                0x20000a2c                __floatunsisf
                0x20000a34                __aeabi_i2f
                0x20000a34                __floatsisf
                0x20000a54                __aeabi_ul2f
                0x20000a54                __floatundisf
                0x20000a64                __aeabi_l2f
                0x20000a64                __floatdisf
 .text          0x20000b10      0x2f8 c:/isis/application/toolchain/bin/../lib/gcc/arm-none-eabi/4.7.4\libgcc.a(_arm_muldivsf3.o)
                0x20000b10                __mulsf3
                0x20000b10                __aeabi_fmul
                0x20000ca8                __aeabi_fdiv
                0x20000ca8                __divsf3
 .text          0x20000e08      0x114 c:/isis/application/toolchain/bin/../lib/gcc/arm-none-eabi/4.7.4\libgcc.a(_arm_cmpsf2.o)
                0x20000e08                __gesf2
                0x20000e08                __gtsf2
                0x20000e10                __lesf2
                0x20000e10                __ltsf2
                0x20000e18                __nesf2
                0x20000e18                __eqsf2
                0x20000e18                __cmpsf2
                0x20000e7c                __aeabi_cfrcmple
                0x20000e8c                __aeabi_cfcmpeq
                0x20000e8c                __aeabi_cfcmple
                0x20000ea4                __aeabi_fcmpeq
                0x20000ebc                __aeabi_fcmplt
                0x20000ed4                __aeabi_fcmple
                0x20000eec                __aeabi_fcmpge
                0x20000f04                __aeabi_fcmpgt
 .text          0x20000f1c       0x54 c:/isis/application/toolchain/bin/../lib/gcc/arm-none-eabi/4.7.4\libgcc.a(_arm_fixunssfsi.o)
                0x20000f1c                __fixunssfsi
                0x20000f1c                __aeabi_f2uiz
 .text          0x20000f70      0x49c c:/isis/application/toolchain/bin/../lib/gcc/arm-none-eabi/4.7.4\libgcc.a(_arm_muldivdf3.o)
                0x20000f70                __aeabi_dmul
                0x20000f70                __muldf3
                0x20001200                __divdf3
                0x20001200                __aeabi_ddiv
 .text          0x2000140c      0x144 c:/isis/application/toolchain/bin/../lib/gcc/arm-none-eabi/4.7.4\libgcc.a(_arm_cmpdf2.o)
                0x2000140c                __gtdf2
                0x2000140c                __gedf2
                0x20001414                __ltdf2
                0x20001414                __ledf2
                0x2000141c                __nedf2
                0x2000141c                __eqdf2
                0x2000141c                __cmpdf2
                0x200014a4                __aeabi_cdrcmple
                0x200014c0                __aeabi_cdcmpeq
                0x200014c0                __aeabi_cdcmple
                0x200014d8                __aeabi_dcmpeq
                0x200014f0                __aeabi_dcmplt
                0x20001508                __aeabi_dcmple
                0x20001520                __aeabi_dcmpge
                0x20001538                __aeabi_dcmpgt
 .text          0x20001550       0x5c c:/isis/application/toolchain/bin/../lib/gcc/arm-none-eabi/4.7.4\libgcc.a(_arm_fixdfsi.o)
                0x20001550                __aeabi_d2iz
                0x20001550                __fixdfsi
 .text          0x200015ac       0x54 c:/isis/application/toolchain/bin/../lib/gcc/arm-none-eabi/4.7.4\libgcc.a(_arm_fixunsdfsi.o)
                0x200015ac                __aeabi_d2uiz
                0x200015ac                __fixunsdfsi
 .text          0x20001600       0xa0 c:/isis/application/toolchain/bin/../lib/gcc/arm-none-eabi/4.7.4\libgcc.a(_arm_truncdfsf2.o)
                0x20001600                __truncdfsf2
                0x20001600                __aeabi_d2f
 .text          0x200016a0       0x3c c:/isis/application/toolchain/bin/../lib/gcc/arm-none-eabi/4.7.4\libgcc.a(_aeabi_uldivmod.o)
                0x200016a0                __aeabi_uldivmod
 .text          0x200016dc       0x84 c:/isis/application/toolchain/bin/../lib/gcc/arm-none-eabi/4.7.4\libgcc.a(bpabi.o)
                0x200016dc                __gnu_ldivmod_helper
                0x20001720                __gnu_uldivmod_helper
 .text          0x20001760      0x4f0 c:/isis/application/toolchain/bin/../lib/gcc/arm-none-eabi/4.7.4\libgcc.a(_divdi3.o)
                0x20001760                __divdi3
 .text          0x20001c50      0x488 c:/isis/application/toolchain/bin/../lib/gcc/arm-none-eabi/4.7.4\libgcc.a(_udivdi3.o)
                0x20001c50                __udivdi3
 .text          0x200020d8       0x48 c:/isis/application/toolchain/bin/../lib/gcc/arm-none-eabi/4.7.4\libgcc.a(_clzsi2.o)
                0x200020d8                __clzsi2
 *(.text*)
 .text.TestActUponCommand
                0x20002120      0x114 ./src/TestingDemos/CommandsTestingDemo.o
                0x20002120                TestActUponCommand
 .text.TestAssmbleCommand
                0x20002234      0x134 ./src/TestingDemos/CommandsTestingDemo.o
                0x20002234                TestAssmbleCommand
 .text.TestGetDelayedCommand
                0x20002368       0xa0 ./src/TestingDemos/CommandsTestingDemo.o
                0x20002368                TestGetDelayedCommand
 .text.TestAddDelayedCommand
                0x20002408       0xbc ./src/TestingDemos/CommandsTestingDemo.o
                0x20002408                TestAddDelayedCommand
 .text.TestGetDelayedCommandBufferCount
                0x200024c4       0x54 ./src/TestingDemos/CommandsTestingDemo.o
                0x200024c4                TestGetDelayedCommandBufferCount
 .text.TestGetOnlineCommand
                0x20002518       0xc8 ./src/TestingDemos/CommandsTestingDemo.o
                0x20002518                TestGetOnlineCommand
 .text.TestDeleteDelayedCommandByIndex
                0x200025e0      0x1c0 ./src/TestingDemos/CommandsTestingDemo.o
                0x200025e0                TestDeleteDelayedCommandByIndex
 .text.TestDeleteDelayedBuffer
                0x200027a0      0x140 ./src/TestingDemos/CommandsTestingDemo.o
                0x200027a0                TestDeleteDelayedBuffer
 .text.selectAndExecuteCommandsDemoTest
                0x200028e0      0x174 ./src/TestingDemos/CommandsTestingDemo.o
                0x200028e0                selectAndExecuteCommandsDemoTest
 .text.MainCommandsTestBench
                0x20002a54       0x44 ./src/TestingDemos/CommandsTestingDemo.o
                0x20002a54                MainCommandsTestBench
 .text.TestEpsConditioning
                0x20002a98      0x1e8 ./src/TestingDemos/EpsTestingDemo.o
                0x20002a98                TestEpsConditioning
 .text.TestGetBatteryVoltage
                0x20002c80       0x64 ./src/TestingDemos/EpsTestingDemo.o
                0x20002c80                TestGetBatteryVoltage
 .text.TestUpdateThreshVoltages
                0x20002ce4      0x170 ./src/TestingDemos/EpsTestingDemo.o
                0x20002ce4                TestUpdateThreshVoltages
 .text.TestGetThreshVoltages
                0x20002e54       0xb0 ./src/TestingDemos/EpsTestingDemo.o
                0x20002e54                TestGetThreshVoltages
 .text.TestUpdateAlpha
                0x20002f04       0xc0 ./src/TestingDemos/EpsTestingDemo.o
                0x20002f04                TestUpdateAlpha
 .text.TestGetAlpha
                0x20002fc4       0x78 ./src/TestingDemos/EpsTestingDemo.o
                0x20002fc4                TestGetAlpha
 .text.TestRestoreDefaultAlpha
                0x2000303c       0xf4 ./src/TestingDemos/EpsTestingDemo.o
                0x2000303c                TestRestoreDefaultAlpha
 .text.TestRestoreDefaultThresholdVoltages
                0x20003130      0x154 ./src/TestingDemos/EpsTestingDemo.o
                0x20003130                TestRestoreDefaultThresholdVoltages
 .text.GetHeaterValues
                0x20003284       0xe0 ./src/TestingDemos/EpsTestingDemo.o
                0x20003284                GetHeaterValues
 .text.SetHeaterValues
                0x20003364       0x1c ./src/TestingDemos/EpsTestingDemo.o
                0x20003364                SetHeaterValues
 .text.selectAndExecuteEpsDemoTest
                0x20003380      0x1b0 ./src/TestingDemos/EpsTestingDemo.o
                0x20003380                selectAndExecuteEpsDemoTest
 .text.MainEpsTestBench
                0x20003530       0x40 ./src/TestingDemos/EpsTestingDemo.o
                0x20003530                MainEpsTestBench
 .text.TestListFiles
                0x20003570      0x198 ./src/TestingDemos/FileSystemTestingDemo.o
                0x20003570                TestListFiles
 .text.TestListAllFiles
                0x20003708      0x134 ./src/TestingDemos/FileSystemTestingDemo.o
                0x20003708                TestListAllFiles
 .text.TestLOGTLM
                0x2000383c      0x110 ./src/TestingDemos/FileSystemTestingDemo.o
                0x2000383c                TestLOGTLM
 .text.TestEPSTLM
                0x2000394c       0xa8 ./src/TestingDemos/FileSystemTestingDemo.o
                0x2000394c                TestEPSTLM
 .text.TestReadTimeRangeTLMRes
                0x200039f4      0x210 ./src/TestingDemos/FileSystemTestingDemo.o
                0x200039f4                TestReadTimeRangeTLMRes
 .text.TestReadTimeRangeTLM
                0x20003c04      0x178 ./src/TestingDemos/FileSystemTestingDemo.o
                0x20003c04                TestReadTimeRangeTLM
 .text.GenerateWODTLM
                0x20003d7c       0xd0 ./src/TestingDemos/FileSystemTestingDemo.o
                0x20003d7c                GenerateWODTLM
 .text.DeleteOldFiles
                0x20003e4c      0x148 ./src/TestingDemos/FileSystemTestingDemo.o
                0x20003e4c                DeleteOldFiles
 .text.createSingleDayTLM
                0x20003f94       0xb0 ./src/TestingDemos/FileSystemTestingDemo.o
                0x20003f94                createSingleDayTLM
 .text.printLastError
                0x20004044       0x38 ./src/TestingDemos/FileSystemTestingDemo.o
                0x20004044                printLastError
 .text.copyTLMFile
                0x2000407c      0x2ac ./src/TestingDemos/FileSystemTestingDemo.o
                0x2000407c                copyTLMFile
 .text.TestWODTLM
                0x20004328       0xa8 ./src/TestingDemos/FileSystemTestingDemo.o
                0x20004328                TestWODTLM
 .text.TestDeleteFiels
                0x200043d0      0x2b8 ./src/TestingDemos/FileSystemTestingDemo.o
                0x200043d0                TestDeleteFiels
 .text.TestReadMultiFiels
                0x20004688      0x2ac ./src/TestingDemos/FileSystemTestingDemo.o
                0x20004688                TestReadMultiFiels
 .text.TestTRXVUTLM
                0x20004934      0x11c ./src/TestingDemos/FileSystemTestingDemo.o
                0x20004934                TestTRXVUTLM
 .text.FullSDTest
                0x20004a50      0x19c ./src/TestingDemos/FileSystemTestingDemo.o
                0x20004a50                FullSDTest
 .text.LogErrorRateTest
                0x20004bec      0x148 ./src/TestingDemos/FileSystemTestingDemo.o
                0x20004bec                LogErrorRateTest
 .text.deleteMonth
                0x20004d34       0x78 ./src/TestingDemos/FileSystemTestingDemo.o
                0x20004d34                deleteMonth
 .text.deleteYear
                0x20004dac       0xb0 ./src/TestingDemos/FileSystemTestingDemo.o
                0x20004dac                deleteYear
 .text.readFileTest
                0x20004e5c       0x88 ./src/TestingDemos/FileSystemTestingDemo.o
                0x20004e5c                readFileTest
 .text.writeFileOnScreen
                0x20004ee4       0xcc ./src/TestingDemos/FileSystemTestingDemo.o
                0x20004ee4                writeFileOnScreen
 .text.GetExtraData
                0x20004fb0       0x4c ./src/TestingDemos/FileSystemTestingDemo.o
                0x20004fb0                GetExtraData
 .text.showFreeSapce
                0x20004ffc      0x110 ./src/TestingDemos/FileSystemTestingDemo.o
                0x20004ffc                showFreeSapce
 .text.SwitchSDCardTest
                0x2000510c       0x98 ./src/TestingDemos/FileSystemTestingDemo.o
                0x2000510c                SwitchSDCardTest
 .text.FormatSDTest
                0x200051a4       0x9c ./src/TestingDemos/FileSystemTestingDemo.o
                0x200051a4                FormatSDTest
 .text.showFreeSpaceHeap
                0x20005240       0xa4 ./src/TestingDemos/FileSystemTestingDemo.o
                0x20005240                showFreeSpaceHeap
 .text.selectAndExecuteFSTest
                0x200052e4      0x344 ./src/TestingDemos/FileSystemTestingDemo.o
                0x200052e4                selectAndExecuteFSTest
 .text.MainFileSystemTestBench
                0x20005628       0x44 ./src/TestingDemos/FileSystemTestingDemo.o
                0x20005628                MainFileSystemTestBench
 .text.selectAndExecuteTest
                0x2000566c      0x168 ./src/TestingDemos/MainTest.o
                0x2000566c                selectAndExecuteTest
 .text.taskTesting
                0x200057d4       0x28 ./src/TestingDemos/MainTest.o
                0x200057d4                taskTesting
 .text.printSDINfo
                0x200057fc       0x84 ./src/TestingDemos/MaintenanceTestingDemo.o
                0x200057fc                printSDINfo
 .text.changeFirstActivation
                0x20005880       0x84 ./src/TestingDemos/MaintenanceTestingDemo.o
                0x20005880                changeFirstActivation
 .text.selectAndExecuteMaintenanceDemoTest
                0x20005904      0x19c ./src/TestingDemos/MaintenanceTestingDemo.o
                0x20005904                selectAndExecuteMaintenanceDemoTest
 .text.MainMaintenanceTestBench
                0x20005aa0       0x40 ./src/TestingDemos/MaintenanceTestingDemo.o
                0x20005aa0                MainMaintenanceTestBench
 .text.savePacketsInRam
                0x20005ae0      0x104 ./src/TestingDemos/TelemetryTestingDemo.o
                0x20005ae0                savePacketsInRam
 .text.checkPacket
                0x20005be4       0xa4 ./src/TestingDemos/TelemetryTestingDemo.o
                0x20005be4                checkPacket
 .text.singleTlmWodTest
                0x20005c88       0xa0 ./src/TestingDemos/TelemetryTestingDemo.o
                0x20005c88                singleTlmWodTest
 .text.singleTLMLogTest
                0x20005d28       0xb8 ./src/TestingDemos/TelemetryTestingDemo.o
                0x20005d28                singleTLMLogTest
 .text.singleTlmLogTestHelp
                0x20005de0       0x4c ./src/TestingDemos/TelemetryTestingDemo.o
                0x20005de0                singleTlmLogTestHelp
 .text.saveNGetMultipleTlmTest
                0x20005e2c      0x1e0 ./src/TestingDemos/TelemetryTestingDemo.o
                0x20005e2c                saveNGetMultipleTlmTest
 .text.saveMultipleNGetSomeTlmTest
                0x2000600c      0x25c ./src/TestingDemos/TelemetryTestingDemo.o
                0x2000600c                saveMultipleNGetSomeTlmTest
 .text.getWodMinMaxTest
                0x20006268      0x130 ./src/TestingDemos/TelemetryTestingDemo.o
                0x20006268                getWodMinMaxTest
 .text.tlmTest  0x20006398      0x1ec ./src/TestingDemos/TelemetryTestingDemo.o
                0x20006398                tlmTest
 .text.saveNGetLog
                0x20006584      0x19c ./src/TestingDemos/TelemetryTestingDemo.o
                0x20006584                saveNGetLog
 .text.PrintStaticSize
                0x20006720       0x20 ./src/TestingDemos/TelemetryTestingDemo.o
                0x20006720                PrintStaticSize
 .text.MainTelemetryTestBench
                0x20006740      0x12c ./src/TestingDemos/TelemetryTestingDemo.o
                0x20006740                MainTelemetryTestBench
 .text.TestInitTrxvu
                0x2000686c       0x54 ./src/TestingDemos/TrxvuTestingDemo.o
                0x2000686c                TestInitTrxvu
 .text.TestInitTrxvuWithDifferentFrameLengths
                0x200068c0       0x1c ./src/TestingDemos/TrxvuTestingDemo.o
                0x200068c0                TestInitTrxvuWithDifferentFrameLengths
 .text.TestTrxvuLogic
                0x200068dc       0xd4 ./src/TestingDemos/TrxvuTestingDemo.o
                0x200068dc                TestTrxvuLogic
 .text.TestCheckTransmitionAllowed
                0x200069b0       0xa4 ./src/TestingDemos/TrxvuTestingDemo.o
                0x200069b0                TestCheckTransmitionAllowed
 .text.TestLoopSPL
                0x20006a54       0xc4 ./src/TestingDemos/TrxvuTestingDemo.o
                0x20006a54                TestLoopSPL
 .text.TestSendDumpAbortRequest
                0x20006b18       0x24 ./src/TestingDemos/TrxvuTestingDemo.o
                0x20006b18                TestSendDumpAbortRequest
 .text.TestTransmitDummySplPacket
                0x20006b3c       0xc0 ./src/TestingDemos/TrxvuTestingDemo.o
                0x20006b3c                TestTransmitDummySplPacket
 .text.TestTransmitSplPacket
                0x20006bfc      0x1ec ./src/TestingDemos/TrxvuTestingDemo.o
                0x20006bfc                TestTransmitSplPacket
 .text.TestExitDump
                0x20006de8       0x1c ./src/TestingDemos/TrxvuTestingDemo.o
                0x20006de8                TestExitDump
 .text.TestDumpTelemetry
                0x20006e04       0x9c ./src/TestingDemos/TrxvuTestingDemo.o
                0x20006e04                TestDumpTelemetry
 .text.TestRestoreDefaultBeaconParameters
                0x20006ea0       0x1c ./src/TestingDemos/TrxvuTestingDemo.o
                0x20006ea0                TestRestoreDefaultBeaconParameters
 .text.TestChooseDefaultBeaconCycle
                0x20006ebc       0xe0 ./src/TestingDemos/TrxvuTestingDemo.o
                0x20006ebc                TestChooseDefaultBeaconCycle
 .text.TestBeaconLogic
                0x20006f9c       0xdc ./src/TestingDemos/TrxvuTestingDemo.o
                0x20006f9c                TestBeaconLogic
 .text.TestMuteTrxvu
                0x20007078       0x9c ./src/TestingDemos/TrxvuTestingDemo.o
                0x20007078                TestMuteTrxvu
 .text.TestUnMuteTrxvu
                0x20007114       0x30 ./src/TestingDemos/TrxvuTestingDemo.o
                0x20007114                TestUnMuteTrxvu
 .text.TestGetNumberOfFramesInBuffer
                0x20007144       0x54 ./src/TestingDemos/TrxvuTestingDemo.o
                0x20007144                TestGetNumberOfFramesInBuffer
 .text.TestSetTrxvuBitrate
                0x20007198       0xf4 ./src/TestingDemos/TrxvuTestingDemo.o
                0x20007198                TestSetTrxvuBitrate
 .text.testSecuredCMD
                0x2000728c      0x190 ./src/TestingDemos/TrxvuTestingDemo.o
                0x2000728c                testSecuredCMD
 .text.Hash256  0x2000741c       0x84 ./src/TestingDemos/TrxvuTestingDemo.o
                0x2000741c                Hash256
 .text.Dummy_CMD_Hash256
                0x200074a0      0x478 ./src/TestingDemos/TrxvuTestingDemo.o
                0x200074a0                Dummy_CMD_Hash256
 .text.CMD_Hash256
                0x20007918      0x2d0 ./src/TestingDemos/TrxvuTestingDemo.o
                0x20007918                CMD_Hash256
 .text.TestForDummy_sat_packet
                0x20007be8       0xc8 ./src/TestingDemos/TrxvuTestingDemo.o
                0x20007be8                TestForDummy_sat_packet
 .text.Secured_CMD_TEST
                0x20007cb0       0xbc ./src/TestingDemos/TrxvuTestingDemo.o
                0x20007cb0                Secured_CMD_TEST
 .text.dumpRamTest
                0x20007d6c       0x78 ./src/TestingDemos/TrxvuTestingDemo.o
                0x20007d6c                dumpRamTest
 .text.TestGetTrxvuBitrate
                0x20007de4       0x1c ./src/TestingDemos/TrxvuTestingDemo.o
                0x20007de4                TestGetTrxvuBitrate
 .text.TestTransmitDataAsSPL_Packet
                0x20007e00      0x114 ./src/TestingDemos/TrxvuTestingDemo.o
                0x20007e00                TestTransmitDataAsSPL_Packet
 .text.selectAndExecuteTrxvuDemoTest
                0x20007f14      0x31c ./src/TestingDemos/TrxvuTestingDemo.o
                0x20007f14                selectAndExecuteTrxvuDemoTest
 .text.MainTrxvuTestBench
                0x20008230       0x44 ./src/TestingDemos/TrxvuTestingDemo.o
                0x20008230                MainTrxvuTestBench
 .text.GetBatteryVoltage
                0x20008274       0x44 ./src/SubSystemModules/PowerManagment/EPS.o
                0x20008274                GetBatteryVoltage
 .text.EPS_Init
                0x200082b8      0x124 ./src/SubSystemModules/PowerManagment/EPS.o
                0x200082b8                EPS_Init
 .text.EPS_Conditioning
                0x200083dc      0x1c4 ./src/SubSystemModules/PowerManagment/EPS.o
                0x200083dc                EPS_Conditioning
 .text.UpdateAlpha
                0x200085a0       0xd8 ./src/SubSystemModules/PowerManagment/EPS.o
                0x200085a0                UpdateAlpha
 .text.UpdateThresholdVoltages
                0x20008678      0x218 ./src/SubSystemModules/PowerManagment/EPS.o
                0x20008678                UpdateThresholdVoltages
 .text.GetThresholdVoltages
                0x20008890       0x80 ./src/SubSystemModules/PowerManagment/EPS.o
                0x20008890                GetThresholdVoltages
 .text.GetAlpha
                0x20008910       0x7c ./src/SubSystemModules/PowerManagment/EPS.o
                0x20008910                GetAlpha
 .text.RestoreDefaultThresholdVoltages
                0x2000898c       0x74 ./src/SubSystemModules/PowerManagment/EPS.o
                0x2000898c                RestoreDefaultThresholdVoltages
 .text.CMDGetHeaterValues
                0x20008a00      0x1f8 ./src/SubSystemModules/PowerManagment/EPS.o
                0x20008a00                CMDGetHeaterValues
 .text.CMDSetHeaterValues
                0x20008bf8      0x204 ./src/SubSystemModules/PowerManagment/EPS.o
                0x20008bf8                CMDSetHeaterValues
 .text.EnterFullMode
                0x20008dfc       0x5c ./src/SubSystemModules/PowerManagment/EPSOperationModes.o
                0x20008dfc                EnterFullMode
 .text.EnterCruiseMode
                0x20008e58       0x58 ./src/SubSystemModules/PowerManagment/EPSOperationModes.o
                0x20008e58                EnterCruiseMode
 .text.EnterSafeMode
                0x20008eb0       0x5c ./src/SubSystemModules/PowerManagment/EPSOperationModes.o
                0x20008eb0                EnterSafeMode
 .text.EnterCriticalMode
                0x20008f0c       0x5c ./src/SubSystemModules/PowerManagment/EPSOperationModes.o
                0x20008f0c                EnterCriticalMode
 .text.PayloadOperations
                0x20008f68       0x28 ./src/SubSystemModules/PowerManagment/EPSOperationModes.o
                0x20008f68                PayloadOperations
 .text.GetSystemState
                0x20008f90       0x24 ./src/SubSystemModules/PowerManagment/EPSOperationModes.o
                0x20008f90                GetSystemState
 .text.GetSystemChannelState
                0x20008fb4       0x24 ./src/SubSystemModules/PowerManagment/EPSOperationModes.o
                0x20008fb4                GetSystemChannelState
 .text.EpsGetLowVoltageFlag
                0x20008fd8       0x24 ./src/SubSystemModules/PowerManagment/EPSOperationModes.o
                0x20008fd8                EpsGetLowVoltageFlag
 .text.EpsSetLowVoltageFlag
                0x20008ffc       0x2c ./src/SubSystemModules/PowerManagment/EPSOperationModes.o
                0x20008ffc                EpsSetLowVoltageFlag
 .text.CheckExecutionTime
                0x20009028       0x80 ./src/SubSystemModules/Maintenance/Maintenance.o
                0x20009028                CheckExecutionTime
 .text.SaveSatTimeInFRAM
                0x200090a8       0x44 ./src/SubSystemModules/Maintenance/Maintenance.o
                0x200090a8                SaveSatTimeInFRAM
 .text.WakeupFromResetCMD
                0x200090ec      0x120 ./src/SubSystemModules/Maintenance/Maintenance.o
                0x200090ec                WakeupFromResetCMD
 .text.ResetGroundCommWDT
                0x2000920c       0x1c ./src/SubSystemModules/Maintenance/Maintenance.o
                0x2000920c                ResetGroundCommWDT
 .text.findMinMaxDate
                0x20009228       0xdc ./src/SubSystemModules/Maintenance/Maintenance.o
                0x20009228                findMinMaxDate
 .text.DeleteOldFiels
                0x20009304       0xf0 ./src/SubSystemModules/Maintenance/Maintenance.o
                0x20009304                DeleteOldFiels
 .text.HardResetMCU
                0x200093f4       0x3c ./src/SubSystemModules/Maintenance/Maintenance.o
                0x200093f4                HardResetMCU
 .text.get_radfet_data
                0x20009430       0x4c ./src/SubSystemModules/Housekepping/Payload.o
                0x20009430                get_radfet_data
 .text.get_sel_data
                0x2000947c       0xc8 ./src/SubSystemModules/Housekepping/Payload.o
                0x2000947c                get_sel_data
 .text.get_seu_data
                0x20009544       0x38 ./src/SubSystemModules/Housekepping/Payload.o
                0x20009544                get_seu_data
 .text.ResetRamTlm
                0x2000957c      0x104 ./src/SubSystemModules/Housekepping/RAMTelemetry.o
                0x2000957c                ResetRamTlm
 .text.inc      0x20009680       0x4c ./src/SubSystemModules/Housekepping/RAMTelemetry.o
                0x20009680                inc
 .text.dec      0x200096cc       0x48 ./src/SubSystemModules/Housekepping/RAMTelemetry.o
                0x200096cc                dec
 .text.saveTlmToRam
                0x20009714      0x304 ./src/SubSystemModules/Housekepping/RAMTelemetry.o
                0x20009714                saveTlmToRam
 .text.getTlm   0x20009a18      0x210 ./src/SubSystemModules/Housekepping/RAMTelemetry.o
                0x20009a18                getTlm
 .text.getRange
                0x20009c28      0x204 ./src/SubSystemModules/Housekepping/RAMTelemetry.o
                0x20009c28                getRange
 .text.InitSavePeriodTimes
                0x20009e2c       0xb8 ./src/SubSystemModules/Housekepping/TelemetryCollector.o
                0x20009e2c                InitSavePeriodTimes
 .text.CMD_GetTLMPeriodTimes
                0x20009ee4       0x38 ./src/SubSystemModules/Housekepping/TelemetryCollector.o
                0x20009ee4                CMD_GetTLMPeriodTimes
 .text.CMD_SetTLMPeriodTimes
                0x20009f1c      0x204 ./src/SubSystemModules/Housekepping/TelemetryCollector.o
                0x20009f1c                CMD_SetTLMPeriodTimes
 .text.TelemetryCollectorLogic
                0x2000a120      0x328 ./src/SubSystemModules/Housekepping/TelemetryCollector.o
                0x2000a120                TelemetryCollectorLogic
 .text.TelemetrySaveEPS
                0x2000a448       0x54 ./src/SubSystemModules/Housekepping/TelemetryCollector.o
                0x2000a448                TelemetrySaveEPS
 .text.TelemetrySaveTRXVU
                0x2000a49c       0x94 ./src/SubSystemModules/Housekepping/TelemetryCollector.o
                0x2000a49c                TelemetrySaveTRXVU
 .text.TelemetrySaveANT
                0x2000a530       0x5c ./src/SubSystemModules/Housekepping/TelemetryCollector.o
                0x2000a530                TelemetrySaveANT
 .text.TelemetrySaveSolarPanels
                0x2000a58c      0x22c ./src/SubSystemModules/Housekepping/TelemetryCollector.o
                0x2000a58c                TelemetrySaveSolarPanels
 .text.TelemetrySaveWOD
                0x2000a7b8       0x5c ./src/SubSystemModules/Housekepping/TelemetryCollector.o
                0x2000a7b8                TelemetrySaveWOD
 .text.TelemetrySaveRADFET
                0x2000a814       0x54 ./src/SubSystemModules/Housekepping/TelemetryCollector.o
                0x2000a814                TelemetrySaveRADFET
 .text.TelemetrySaveSEL
                0x2000a868       0x84 ./src/SubSystemModules/Housekepping/TelemetryCollector.o
                0x2000a868                TelemetrySaveSEL
 .text.TelemetrySaveSEU
                0x2000a8ec       0x54 ./src/SubSystemModules/Housekepping/TelemetryCollector.o
                0x2000a8ec                TelemetrySaveSEU
 .text.GetCurrentWODTelemetry
                0x2000a940      0x7e0 ./src/SubSystemModules/Housekepping/TelemetryCollector.o
                0x2000a940                GetCurrentWODTelemetry
 .text.CMD_EPS_ResetWDT
                0x2000b120       0x58 ./src/SubSystemModules/Communication/SubsystemCommands/EPS_Commands.o
                0x2000b120                CMD_EPS_ResetWDT
 .text.CMD_DeleteTLM
                0x2000b178      0x1d8 ./src/SubSystemModules/Communication/SubsystemCommands/FS_Commands.o
                0x2000b178                CMD_DeleteTLM
 .text.CMD_DeleteAllFiles
                0x2000b350       0x38 ./src/SubSystemModules/Communication/SubsystemCommands/FS_Commands.o
                0x2000b350                CMD_DeleteAllFiles
 .text.CMD_GetLastFS_Error
                0x2000b388       0x4c ./src/SubSystemModules/Communication/SubsystemCommands/FS_Commands.o
                0x2000b388                CMD_GetLastFS_Error
 .text.CMD_Get_TLM_Info
                0x2000b3d4      0x1b0 ./src/SubSystemModules/Communication/SubsystemCommands/FS_Commands.o
                0x2000b3d4                CMD_Get_TLM_Info
 .text.CMD_Switch_SD_Card
                0x2000b584       0xb8 ./src/SubSystemModules/Communication/SubsystemCommands/FS_Commands.o
                0x2000b584                CMD_Switch_SD_Card
 .text.CMD_Format_SD_Card
                0x2000b63c       0x80 ./src/SubSystemModules/Communication/SubsystemCommands/FS_Commands.o
                0x2000b63c                CMD_Format_SD_Card
 .text.CMD_GenericI2C
                0x2000b6bc      0x144 ./src/SubSystemModules/Communication/SubsystemCommands/Maintanence_Commands.o
                0x2000b6bc                CMD_GenericI2C
 .text.CMD_FRAM_ReadAndTransmitt
                0x2000b800       0xe8 ./src/SubSystemModules/Communication/SubsystemCommands/Maintanence_Commands.o
                0x2000b800                CMD_FRAM_ReadAndTransmitt
 .text.CMD_FRAM_WriteAndTransmitt
                0x2000b8e8      0x11c ./src/SubSystemModules/Communication/SubsystemCommands/Maintanence_Commands.o
                0x2000b8e8                CMD_FRAM_WriteAndTransmitt
 .text.CMD_FRAM_ReStart
                0x2000ba04       0x4c ./src/SubSystemModules/Communication/SubsystemCommands/Maintanence_Commands.o
                0x2000ba04                CMD_FRAM_ReStart
 .text.CMD_UpdateSatTime
                0x2000ba50       0xa4 ./src/SubSystemModules/Communication/SubsystemCommands/Maintanence_Commands.o
                0x2000ba50                CMD_UpdateSatTime
 .text.CMD_GetSatUptime
                0x2000baf4       0x48 ./src/SubSystemModules/Communication/SubsystemCommands/Maintanence_Commands.o
                0x2000baf4                CMD_GetSatUptime
 .text.CMD_ResetComponent
                0x2000bb3c      0x274 ./src/SubSystemModules/Communication/SubsystemCommands/Maintanence_Commands.o
                0x2000bb3c                CMD_ResetComponent
 .text.DumpTask
                0x2000bdb0      0x310 ./src/SubSystemModules/Communication/SubsystemCommands/TRXVU_Commands.o
                0x2000bdb0                DumpTask
 .text.DumpRamTask
                0x2000c0c0      0x394 ./src/SubSystemModules/Communication/SubsystemCommands/TRXVU_Commands.o
                0x2000c0c0                DumpRamTask
 .text.CMD_AntennaDeploy
                0x2000c454       0x8c ./src/SubSystemModules/Communication/SubsystemCommands/TRXVU_Commands.o
                0x2000c454                CMD_AntennaDeploy
 .text.CMD_StartDump
                0x2000c4e0      0x224 ./src/SubSystemModules/Communication/SubsystemCommands/TRXVU_Commands.o
                0x2000c4e0                CMD_StartDump
 .text.CMD_SendDumpAbortRequest
                0x2000c704       0x38 ./src/SubSystemModules/Communication/SubsystemCommands/TRXVU_Commands.o
                0x2000c704                CMD_SendDumpAbortRequest
 .text.CMD_ForceDumpAbort
                0x2000c73c       0x3c ./src/SubSystemModules/Communication/SubsystemCommands/TRXVU_Commands.o
                0x2000c73c                CMD_ForceDumpAbort
 .text.CMD_SetTransponder
                0x2000c778      0x110 ./src/SubSystemModules/Communication/SubsystemCommands/TRXVU_Commands.o
                0x2000c778                CMD_SetTransponder
 .text.CMD_SetRSSITransponder
                0x2000c888       0x90 ./src/SubSystemModules/Communication/SubsystemCommands/TRXVU_Commands.o
                0x2000c888                CMD_SetRSSITransponder
 .text.CMD_MuteTRXVU
                0x2000c918       0xc4 ./src/SubSystemModules/Communication/SubsystemCommands/TRXVU_Commands.o
                0x2000c918                CMD_MuteTRXVU
 .text.CMD_SetIdleState
                0x2000c9dc       0x94 ./src/SubSystemModules/Communication/SubsystemCommands/TRXVU_Commands.o
                0x2000c9dc                CMD_SetIdleState
 .text.CMD_UnMuteTRXVU
                0x2000ca70       0x38 ./src/SubSystemModules/Communication/SubsystemCommands/TRXVU_Commands.o
                0x2000ca70                CMD_UnMuteTRXVU
 .text.CMD_GetBaudRate
                0x2000caa8       0x6c ./src/SubSystemModules/Communication/SubsystemCommands/TRXVU_Commands.o
                0x2000caa8                CMD_GetBaudRate
 .text.CMD_TrasmitBeacon
                0x2000cb14       0x48 ./src/SubSystemModules/Communication/SubsystemCommands/TRXVU_Commands.o
                0x2000cb14                CMD_TrasmitBeacon
 .text.CMD_GetBeaconInterval
                0x2000cb5c       0x6c ./src/SubSystemModules/Communication/SubsystemCommands/TRXVU_Commands.o
                0x2000cb5c                CMD_GetBeaconInterval
 .text.CMD_SetBaudRate
                0x2000cbc8       0x64 ./src/SubSystemModules/Communication/SubsystemCommands/TRXVU_Commands.o
                0x2000cbc8                CMD_SetBaudRate
 .text.CMD_GetTxUptime
                0x2000cc2c       0x68 ./src/SubSystemModules/Communication/SubsystemCommands/TRXVU_Commands.o
                0x2000cc2c                CMD_GetTxUptime
 .text.CMD_GetRxUptime
                0x2000cc94       0x68 ./src/SubSystemModules/Communication/SubsystemCommands/TRXVU_Commands.o
                0x2000cc94                CMD_GetRxUptime
 .text.CMD_GetNumOfOnlineCommands
                0x2000ccfc       0x68 ./src/SubSystemModules/Communication/SubsystemCommands/TRXVU_Commands.o
                0x2000ccfc                CMD_GetNumOfOnlineCommands
 .text.CMD_AntSetArmStatus
                0x2000cd64       0x3c ./src/SubSystemModules/Communication/SubsystemCommands/TRXVU_Commands.o
                0x2000cd64                CMD_AntSetArmStatus
 .text.CMD_AntGetArmStatus
                0x2000cda0       0x60 ./src/SubSystemModules/Communication/SubsystemCommands/TRXVU_Commands.o
                0x2000cda0                CMD_AntGetArmStatus
 .text.CMD_AntGetUptime
                0x2000ce00       0x68 ./src/SubSystemModules/Communication/SubsystemCommands/TRXVU_Commands.o
                0x2000ce00                CMD_AntGetUptime
 .text.CMD_StopReDeployment
                0x2000ce68       0x74 ./src/SubSystemModules/Communication/SubsystemCommands/TRXVU_Commands.o
                0x2000ce68                CMD_StopReDeployment
 .text.CMD_AntCancelDeployment
                0x2000cedc       0x58 ./src/SubSystemModules/Communication/SubsystemCommands/TRXVU_Commands.o
                0x2000cedc                CMD_AntCancelDeployment
 .text.CMD_DumpRamTLM
                0x2000cf34      0x180 ./src/SubSystemModules/Communication/SubsystemCommands/TRXVU_Commands.o
                0x2000cf34                CMD_DumpRamTLM
 .text.SendAckPacket
                0x2000d0b4       0xe4 ./src/SubSystemModules/Communication/AckHandler.o
                0x2000d0b4                SendAckPacket
 .text.trxvu_command_router
                0x2000d198      0x578 ./src/SubSystemModules/Communication/CommandDictionary.o
                0x2000d198                trxvu_command_router
 .text.eps_command_router
                0x2000d710       0xdc ./src/SubSystemModules/Communication/CommandDictionary.o
                0x2000d710                eps_command_router
 .text.telemetry_command_router
                0x2000d7ec      0x23c ./src/SubSystemModules/Communication/CommandDictionary.o
                0x2000d7ec                telemetry_command_router
 .text.managment_command_router
                0x2000da28      0x12c ./src/SubSystemModules/Communication/CommandDictionary.o
                0x2000da28                managment_command_router
 .text.filesystem_command_router
                0x2000db54       0x24 ./src/SubSystemModules/Communication/CommandDictionary.o
                0x2000db54                filesystem_command_router
 .text.sha256_transform
                0x2000db78      0x4b8 ./src/SubSystemModules/Communication/HashSecuredCMD.o
                0x2000db78                sha256_transform
 .text.sha256_init
                0x2000e030       0xb8 ./src/SubSystemModules/Communication/HashSecuredCMD.o
                0x2000e030                sha256_init
 .text.sha256_update
                0x2000e0e8       0xc8 ./src/SubSystemModules/Communication/HashSecuredCMD.o
                0x2000e0e8                sha256_update
 .text.sha256_final
                0x2000e1b0      0x470 ./src/SubSystemModules/Communication/HashSecuredCMD.o
                0x2000e1b0                sha256_final
 .text.ParseDataToCommand
                0x2000e620      0x1ac ./src/SubSystemModules/Communication/SatCommandHandler.o
                0x2000e620                ParseDataToCommand
 .text.AssembleCommand
                0x2000e7cc      0x148 ./src/SubSystemModules/Communication/SatCommandHandler.o
                0x2000e7cc                AssembleCommand
 .text.GetDelayedCommand
                0x2000e914       0x24 ./src/SubSystemModules/Communication/SatCommandHandler.o
                0x2000e914                GetDelayedCommand
 .text.AddDelayedCommand
                0x2000e938       0x24 ./src/SubSystemModules/Communication/SatCommandHandler.o
                0x2000e938                AddDelayedCommand
 .text.GetDelayedCommandBufferCount
                0x2000e95c       0x50 ./src/SubSystemModules/Communication/SatCommandHandler.o
                0x2000e95c                GetDelayedCommandBufferCount
 .text.GetDelayedCommandByIndex
                0x2000e9ac       0x28 ./src/SubSystemModules/Communication/SatCommandHandler.o
                0x2000e9ac                GetDelayedCommandByIndex
 .text.DeleteDelayedCommandByIndex
                0x2000e9d4       0x24 ./src/SubSystemModules/Communication/SatCommandHandler.o
                0x2000e9d4                DeleteDelayedCommandByIndex
 .text.DeleteDelayedBuffer
                0x2000e9f8       0x1c ./src/SubSystemModules/Communication/SatCommandHandler.o
                0x2000e9f8                DeleteDelayedBuffer
 .text.ActUponCommand
                0x2000ea14      0x108 ./src/SubSystemModules/Communication/SatCommandHandler.o
                0x2000ea14                ActUponCommand
 .text.setMuteEndTime
                0x2000eb1c       0x40 ./src/SubSystemModules/Communication/TRXVU.o
                0x2000eb1c                setMuteEndTime
 .text.getMuteEndTime
                0x2000eb5c       0x44 ./src/SubSystemModules/Communication/TRXVU.o
                0x2000eb5c                getMuteEndTime
 .text.setTransponderEndTime
                0x2000eba0       0x40 ./src/SubSystemModules/Communication/TRXVU.o
                0x2000eba0                setTransponderEndTime
 .text.getTransponderEndTime
                0x2000ebe0       0x44 ./src/SubSystemModules/Communication/TRXVU.o
                0x2000ebe0                getTransponderEndTime
 .text.setTransponderRSSIinFRAM
                0x2000ec24       0x44 ./src/SubSystemModules/Communication/TRXVU.o
                0x2000ec24                setTransponderRSSIinFRAM
 .text.getTransponderRSSIFromFRAM
                0x2000ec68       0x4c ./src/SubSystemModules/Communication/TRXVU.o
                0x2000ec68                getTransponderRSSIFromFRAM
 .text.InitTxModule
                0x2000ecb4       0x68 ./src/SubSystemModules/Communication/TRXVU.o
                0x2000ecb4                InitTxModule
 .text.CMD_SetBeaconInterval
                0x2000ed1c       0xdc ./src/SubSystemModules/Communication/TRXVU.o
                0x2000ed1c                CMD_SetBeaconInterval
 .text.InitBeaconParams
                0x2000edf8       0x3c ./src/SubSystemModules/Communication/TRXVU.o
                0x2000edf8                InitBeaconParams
 .text.InitSemaphores
                0x2000ee34       0x98 ./src/SubSystemModules/Communication/TRXVU.o
                0x2000ee34                InitSemaphores
 .text.InitTrxvu
                0x2000eecc      0x100 ./src/SubSystemModules/Communication/TRXVU.o
                0x2000eecc                InitTrxvu
 .text.checkIdleFinish
                0x2000efcc       0x68 ./src/SubSystemModules/Communication/TRXVU.o
                0x2000efcc                checkIdleFinish
 .text.checkTransponderFinish
                0x2000f034       0x50 ./src/SubSystemModules/Communication/TRXVU.o
                0x2000f034                checkTransponderFinish
 .text.checkTransponderStart
                0x2000f084       0x50 ./src/SubSystemModules/Communication/TRXVU.o
                0x2000f084                checkTransponderStart
 .text.turnOnTransponder
                0x2000f0d4       0xa0 ./src/SubSystemModules/Communication/TRXVU.o
                0x2000f0d4                turnOnTransponder
 .text.turnOffTransponder
                0x2000f174       0x90 ./src/SubSystemModules/Communication/TRXVU.o
                0x2000f174                turnOffTransponder
 .text.SetRSSITransponder
                0x2000f204       0x80 ./src/SubSystemModules/Communication/TRXVU.o
                0x2000f204                SetRSSITransponder
 .text.TRX_Logic
                0x2000f284       0xd4 ./src/SubSystemModules/Communication/TRXVU.o
                0x2000f284                TRX_Logic
 .text.GetNumberOfFramesInBuffer
                0x2000f358       0x5c ./src/SubSystemModules/Communication/TRXVU.o
                0x2000f358                GetNumberOfFramesInBuffer
 .text.GetOnlineCommand
                0x2000f3b4      0x184 ./src/SubSystemModules/Communication/TRXVU.o
                0x2000f3b4                GetOnlineCommand
 .text.CheckTransmitionAllowed
                0x2000f538       0xc0 ./src/SubSystemModules/Communication/TRXVU.o
                0x2000f538                CheckTransmitionAllowed
 .text.FinishDump
                0x2000f5f8       0xf0 ./src/SubSystemModules/Communication/TRXVU.o
                0x2000f5f8                FinishDump
 .text.AbortDump
                0x2000f6e8       0x34 ./src/SubSystemModules/Communication/TRXVU.o
                0x2000f6e8                AbortDump
 .text.SendDumpAbortRequest
                0x2000f71c       0x6c ./src/SubSystemModules/Communication/TRXVU.o
                0x2000f71c                SendDumpAbortRequest
 .text.CheckDumpAbort
                0x2000f788       0x6c ./src/SubSystemModules/Communication/TRXVU.o
                0x2000f788                CheckDumpAbort
 .text.BeaconLogic
                0x2000f7f4      0x184 ./src/SubSystemModules/Communication/TRXVU.o
                0x2000f7f4                BeaconLogic
 .text.SetIdleState
                0x2000f978      0x144 ./src/SubSystemModules/Communication/TRXVU.o
                0x2000f978                SetIdleState
 .text.muteTRXVU
                0x2000fabc       0x74 ./src/SubSystemModules/Communication/TRXVU.o
                0x2000fabc                muteTRXVU
 .text.UnMuteTRXVU
                0x2000fb30       0x14 ./src/SubSystemModules/Communication/TRXVU.o
                0x2000fb30                UnMuteTRXVU
 .text.TransmitDataAsSPL_Packet
                0x2000fb44      0x114 ./src/SubSystemModules/Communication/TRXVU.o
                0x2000fb44                TransmitDataAsSPL_Packet
 .text.TransmitSplPacket
                0x2000fc58      0x1cc ./src/SubSystemModules/Communication/TRXVU.o
                0x2000fc58                TransmitSplPacket
 .text.isFirstActivation
                0x2000fe24       0x38 ./src/InitSystem.o
                0x2000fe24                isFirstActivation
 .text.WriteDefaultValuesToFRAM
                0x2000fe5c      0x2ac ./src/InitSystem.o
                0x2000fe5c                WriteDefaultValuesToFRAM
 .text.StartFRAM
                0x20010108       0x64 ./src/InitSystem.o
                0x20010108                StartFRAM
 .text.StartI2C
                0x2001016c       0x38 ./src/InitSystem.o
                0x2001016c                StartI2C
 .text.StartSPI
                0x200101a4       0x34 ./src/InitSystem.o
                0x200101a4                StartSPI
 .text.StartTIME
                0x200101d8       0xbc ./src/InitSystem.o
                0x200101d8                StartTIME
 .text.DeploySystem
                0x20010294      0x1b4 ./src/InitSystem.o
                0x20010294                DeploySystem
 .text.InitSubsystems
                0x20010448       0x64 ./src/InitSystem.o
                0x20010448                InitSubsystems
 .text.CMD_getInfoImage
                0x200104ac      0x158 ./src/TLM_management.o
                0x200104ac                CMD_getInfoImage
 .text.CMD_getDataImage
                0x20010604      0x218 ./src/TLM_management.o
                0x20010604                CMD_getDataImage
 .text.delete_allTMFilesFromSD
                0x2001081c       0x8c ./src/TLM_management.o
                0x2001081c                delete_allTMFilesFromSD
 .text.deleteTLMFiles
                0x200108a8       0x94 ./src/TLM_management.o
                0x200108a8                deleteTLMFiles
 .text.deleteTLMFile
                0x2001093c       0xcc ./src/TLM_management.o
                0x2001093c                deleteTLMFile
 .text.deleteTLMbyMonth
                0x20010a08       0xac ./src/TLM_management.o
                0x20010a08                deleteTLMbyMonth
 .text.deleteDirectory
                0x20010ab4      0x158 ./src/TLM_management.o
                0x20010ab4                deleteDirectory
 .text.InitializeFS
                0x20010c0c       0xec ./src/TLM_management.o
                0x20010c0c                InitializeFS
 .text.calculateFileName
                0x20010cf8      0x130 ./src/TLM_management.o
                0x20010cf8                calculateFileName
 .text.getTlmTypeInfo
                0x20010e28      0x294 ./src/TLM_management.o
                0x20010e28                getTlmTypeInfo
 .text.write2File
                0x200110bc      0x1dc ./src/TLM_management.o
                0x200110bc                write2File
 .text.printTLM
                0x20011298      0x490 ./src/TLM_management.o
                0x20011298                printTLM
 .text.readTLMFile
                0x20011728      0x328 ./src/TLM_management.o
                0x20011728                readTLMFile
 .text.readTLMFiles
                0x20011a50       0xdc ./src/TLM_management.o
                0x20011a50                readTLMFiles
 .text.readTLMFileTimeRange
                0x20011b2c      0x2f0 ./src/TLM_management.o
                0x20011b2c                readTLMFileTimeRange
 .text.DeInitializeFS
                0x20011e1c       0x38 ./src/TLM_management.o
                0x20011e1c                DeInitializeFS
 .text.main     0x20011e54       0x98 ./src/main.o
                0x20011e54                main
 .text.timeU2time
                0x20011eec       0xbc ./src/utils.o
                0x20011eec                timeU2time
 .text.logError
                0x20011fa8      0x148 ./src/utils.o
                0x20011fa8                logError
 .text.clearPDCtransfers
                0x200120f0       0xe8 C:/ISIS/workspace/ycube/GlobusSatProject/..//hal/hal/lib\libHALD.a(SPI.o)
 .text.SPI_start
                0x200121d8      0x4b0 C:/ISIS/workspace/ycube/GlobusSatProject/..//hal/hal/lib\libHALD.a(SPI.o)
                0x200121d8                SPI_start
 .text.SPI_stop
                0x20012688      0x244 C:/ISIS/workspace/ycube/GlobusSatProject/..//hal/hal/lib\libHALD.a(SPI.o)
                0x20012688                SPI_stop
 .text.SPI_queueTransfer
                0x200128cc      0x1cc C:/ISIS/workspace/ycube/GlobusSatProject/..//hal/hal/lib\libHALD.a(SPI.o)
                0x200128cc                SPI_queueTransfer
 .text.SPI_internalCallback
                0x20012a98       0x64 C:/ISIS/workspace/ycube/GlobusSatProject/..//hal/hal/lib\libHALD.a(SPI.o)
 .text.SPI_writeRead
                0x20012afc      0x1c0 C:/ISIS/workspace/ycube/GlobusSatProject/..//hal/hal/lib\libHALD.a(SPI.o)
                0x20012afc                SPI_writeRead
 .text.waitForTransfer
                0x20012cbc       0x78 C:/ISIS/workspace/ycube/GlobusSatProject/..//hal/hal/lib\libHALD.a(SPI.o)
 .text.SPI_getDriverState
                0x20012d34       0x58 C:/ISIS/workspace/ycube/GlobusSatProject/..//hal/hal/lib\libHALD.a(SPI.o)
                0x20012d34                SPI_getDriverState
 .text.validateTransferParameters
                0x20012d8c      0x10c C:/ISIS/workspace/ycube/GlobusSatProject/..//hal/hal/lib\libHALD.a(I2C.o)
 .text.I2C_queueTransfer
                0x20012e98       0xfc C:/ISIS/workspace/ycube/GlobusSatProject/..//hal/hal/lib\libHALD.a(I2C.o)
                0x20012e98                I2C_queueTransfer
 .text.I2C_internalCallback
                0x20012f94       0x64 C:/ISIS/workspace/ycube/GlobusSatProject/..//hal/hal/lib\libHALD.a(I2C.o)
 .text.I2C_doBlockingTransfer
                0x20012ff8      0x180 C:/ISIS/workspace/ycube/GlobusSatProject/..//hal/hal/lib\libHALD.a(I2C.o)
 .text.I2C_write
                0x20013178      0x110 C:/ISIS/workspace/ycube/GlobusSatProject/..//hal/hal/lib\libHALD.a(I2C.o)
                0x20013178                I2C_write
 .text.I2C_read
                0x20013288      0x110 C:/ISIS/workspace/ycube/GlobusSatProject/..//hal/hal/lib\libHALD.a(I2C.o)
                0x20013288                I2C_read
 .text.I2C_writeRead
                0x20013398      0x17c C:/ISIS/workspace/ycube/GlobusSatProject/..//hal/hal/lib\libHALD.a(I2C.o)
                0x20013398                I2C_writeRead
 .text.I2C_start
                0x20013514      0x2e8 C:/ISIS/workspace/ycube/GlobusSatProject/..//hal/hal/lib\libHALD.a(I2C.o)
                0x20013514                I2C_start
 .text.I2C_stop
                0x200137fc      0x184 C:/ISIS/workspace/ycube/GlobusSatProject/..//hal/hal/lib\libHALD.a(I2C.o)
                0x200137fc                I2C_stop
 .text.I2C_setTransferTimeout
                0x20013980       0x48 C:/ISIS/workspace/ycube/GlobusSatProject/..//hal/hal/lib\libHALD.a(I2C.o)
                0x20013980                I2C_setTransferTimeout
 .text.ADC_ConvertRaw10bitToMillivolt
                0x200139c8       0x50 C:/ISIS/workspace/ycube/GlobusSatProject/..//hal/hal/lib\libHALD.a(ADC.o)
                0x200139c8                ADC_ConvertRaw10bitToMillivolt
 .text.ADC_SingleShot
                0x20013a18      0x230 C:/ISIS/workspace/ycube/GlobusSatProject/..//hal/hal/lib\libHALD.a(ADC.o)
                0x20013a18                ADC_SingleShot
 .text.FRAM_start
                0x20013c48      0x120 C:/ISIS/workspace/ycube/GlobusSatProject/..//hal/hal/lib\libHALD.a(FRAM.o)
                0x20013c48                FRAM_start
 .text.FRAM_stop
                0x20013d68       0x6c C:/ISIS/workspace/ycube/GlobusSatProject/..//hal/hal/lib\libHALD.a(FRAM.o)
                0x20013d68                FRAM_stop
 .text.FRAM_dummyCallback
                0x20013dd4       0x24 C:/ISIS/workspace/ycube/GlobusSatProject/..//hal/hal/lib\libHALD.a(FRAM.o)
                0x20013dd4                FRAM_dummyCallback
 .text.FRAM_unlockingCallback
                0x20013df8       0x64 C:/ISIS/workspace/ycube/GlobusSatProject/..//hal/hal/lib\libHALD.a(FRAM.o)
                0x20013df8                FRAM_unlockingCallback
 .text.doBlockingTransfer
                0x20013e5c       0x78 C:/ISIS/workspace/ycube/GlobusSatProject/..//hal/hal/lib\libHALD.a(FRAM.o)
 .text.FRAM_writePacket
                0x20013ed4      0x134 C:/ISIS/workspace/ycube/GlobusSatProject/..//hal/hal/lib\libHALD.a(FRAM.o)
 .text.FRAM_write
                0x20014008      0x1e0 C:/ISIS/workspace/ycube/GlobusSatProject/..//hal/hal/lib\libHALD.a(FRAM.o)
                0x20014008                FRAM_write
 .text.FRAM_readPacket
                0x200141e8       0xf0 C:/ISIS/workspace/ycube/GlobusSatProject/..//hal/hal/lib\libHALD.a(FRAM.o)
 .text.FRAM_read
                0x200142d8      0x1ec C:/ISIS/workspace/ycube/GlobusSatProject/..//hal/hal/lib\libHALD.a(FRAM.o)
                0x200142d8                FRAM_read
 .text.Time_start
                0x200144c4      0x170 C:/ISIS/workspace/ycube/GlobusSatProject/..//hal/hal/lib\libHALD.a(Time.o)
                0x200144c4                Time_start
 .text.taskTimeSync
                0x20014634       0x64 C:/ISIS/workspace/ycube/GlobusSatProject/..//hal/hal/lib\libHALD.a(Time.o)
 .text.Time_convertEpochToTime
                0x20014698      0x100 C:/ISIS/workspace/ycube/GlobusSatProject/..//hal/hal/lib\libHALD.a(Time.o)
                0x20014698                Time_convertEpochToTime
 .text.Time_calculateSecondsOfYear
                0x20014798       0xd8 C:/ISIS/workspace/ycube/GlobusSatProject/..//hal/hal/lib\libHALD.a(Time.o)
 .text.Time_set
                0x20014870       0xd8 C:/ISIS/workspace/ycube/GlobusSatProject/..//hal/hal/lib\libHALD.a(Time.o)
                0x20014870                Time_set
 .text.Time_isLeapYear
                0x20014948       0x98 C:/ISIS/workspace/ycube/GlobusSatProject/..//hal/hal/lib\libHALD.a(Time.o)
                0x20014948                Time_isLeapYear
 .text.Time_get
                0x200149e0      0x478 C:/ISIS/workspace/ycube/GlobusSatProject/..//hal/hal/lib\libHALD.a(Time.o)
                0x200149e0                Time_get
 .text.Time_getUnixEpoch
                0x20014e58      0x108 C:/ISIS/workspace/ycube/GlobusSatProject/..//hal/hal/lib\libHALD.a(Time.o)
                0x20014e58                Time_getUnixEpoch
 .text.Time_secondsOfYearToTime
                0x20014f60      0x33c C:/ISIS/workspace/ycube/GlobusSatProject/..//hal/hal/lib\libHALD.a(Time.o)
 .text.Time_setUnixEpoch
                0x2001529c       0x54 C:/ISIS/workspace/ycube/GlobusSatProject/..//hal/hal/lib\libHALD.a(Time.o)
                0x2001529c                Time_setUnixEpoch
 .text.Time_getUptimeSeconds
                0x200152f0       0x28 C:/ISIS/workspace/ycube/GlobusSatProject/..//hal/hal/lib\libHALD.a(Time.o)
                0x200152f0                Time_getUptimeSeconds
 .text.Time_sync
                0x20015318      0x1a8 C:/ISIS/workspace/ycube/GlobusSatProject/..//hal/hal/lib\libHALD.a(Time.o)
                0x20015318                Time_sync
 .text.Time_syncIfNeeded
                0x200154c0       0xac C:/ISIS/workspace/ycube/GlobusSatProject/..//hal/hal/lib\libHALD.a(Time.o)
                0x200154c0                Time_syncIfNeeded
 .text.WDT_start
                0x2001556c       0x48 C:/ISIS/workspace/ycube/GlobusSatProject/..//hal/hal/lib\libHALD.a(WatchDogTimerNoOS.o)
                0x2001556c                WDT_start
 .text.RTT_start
                0x200155b4       0x24 C:/ISIS/workspace/ycube/GlobusSatProject/..//hal/hal/lib\libHALD.a(RTT.o)
                0x200155b4                RTT_start
 .text.RTT_GetTime
                0x200155d8       0x24 C:/ISIS/workspace/ycube/GlobusSatProject/..//hal/hal/lib\libHALD.a(RTT.o)
                0x200155d8                RTT_GetTime
 .text.RTC_start
                0x200155fc       0x3c C:/ISIS/workspace/ycube/GlobusSatProject/..//hal/hal/lib\libHALD.a(RTC.o)
                0x200155fc                RTC_start
 .text.RTC_setTime
                0x20015638      0x2a4 C:/ISIS/workspace/ycube/GlobusSatProject/..//hal/hal/lib\libHALD.a(RTC.o)
                0x20015638                RTC_setTime
 .text.RTC_getTime
                0x200158dc      0x230 C:/ISIS/workspace/ycube/GlobusSatProject/..//hal/hal/lib\libHALD.a(RTC.o)
                0x200158dc                RTC_getTime
 .text.RTC_checkTimeValid
                0x20015b0c       0xd8 C:/ISIS/workspace/ycube/GlobusSatProject/..//hal/hal/lib\libHALD.a(RTC.o)
                0x20015b0c                RTC_checkTimeValid
 .text.WDT_startWatchdogKickTask
                0x20015be4       0xb4 C:/ISIS/workspace/ycube/GlobusSatProject/..//hal/hal/lib\libHALD.a(WatchDogTimerOS.o)
                0x20015be4                WDT_startWatchdogKickTask
 .text.WDT_forceKickEveryNms
                0x20015c98       0x50 C:/ISIS/workspace/ycube/GlobusSatProject/..//hal/hal/lib\libHALD.a(WatchDogTimerOS.o)
                0x20015c98                WDT_forceKickEveryNms
 .text.f_puts   0x20015ce8       0x80 C:/ISIS/workspace/ycube/GlobusSatProject/..//hal/hal/lib\libHALD.a(fprintf.o)
                0x20015ce8                f_puts
 .text.UTIL_DbguGetInteger
                0x20015d68      0x168 C:/ISIS/workspace/ycube/GlobusSatProject/..//hal/hal/lib\libHALD.a(util.o)
                0x20015d68                UTIL_DbguGetInteger
 .text.UTIL_DbguGetIntegerMinMax
                0x20015ed0       0xa4 C:/ISIS/workspace/ycube/GlobusSatProject/..//hal/hal/lib\libHALD.a(util.o)
                0x20015ed0                UTIL_DbguGetIntegerMinMax
 .text.LED_glow
                0x20015f74       0x58 C:/ISIS/workspace/ycube/GlobusSatProject/..//hal/hal/lib\libHALD.a(LED.o)
                0x20015f74                LED_glow
 .text.LED_dark
                0x20015fcc       0x58 C:/ISIS/workspace/ycube/GlobusSatProject/..//hal/hal/lib\libHALD.a(LED.o)
                0x20015fcc                LED_dark
 .text.LED_toggle
                0x20016024       0x50 C:/ISIS/workspace/ycube/GlobusSatProject/..//hal/hal/lib\libHALD.a(LED.o)
                0x20016024                LED_toggle
 .text.fm_initvolume
                0x20016074       0x70 C:/ISIS/workspace/ycube/GlobusSatProject/..//hal/hcc/lib\libHCCD.a(fat_m.o)
                0x20016074                fm_initvolume
 .text.fm_delvolume
                0x200160e4       0x60 C:/ISIS/workspace/ycube/GlobusSatProject/..//hal/hcc/lib\libHCCD.a(fat_m.o)
                0x200160e4                fm_delvolume
 .text.fm_format
                0x20016144       0x68 C:/ISIS/workspace/ycube/GlobusSatProject/..//hal/hcc/lib\libHCCD.a(fat_m.o)
                0x20016144                fm_format
 .text.fm_getdrive
                0x200161ac       0x70 C:/ISIS/workspace/ycube/GlobusSatProject/..//hal/hcc/lib\libHCCD.a(fat_m.o)
                0x200161ac                fm_getdrive
 .text.fm_getfreespace
                0x2001621c       0x68 C:/ISIS/workspace/ycube/GlobusSatProject/..//hal/hcc/lib\libHCCD.a(fat_m.o)
                0x2001621c                fm_getfreespace
 .text.fm_mkdir
                0x20016284       0x60 C:/ISIS/workspace/ycube/GlobusSatProject/..//hal/hcc/lib\libHCCD.a(fat_m.o)
                0x20016284                fm_mkdir
 .text.fm_rmdir
                0x200162e4       0x60 C:/ISIS/workspace/ycube/GlobusSatProject/..//hal/hcc/lib\libHCCD.a(fat_m.o)
                0x200162e4                fm_rmdir
 .text.fm_findfirst
                0x20016344       0x68 C:/ISIS/workspace/ycube/GlobusSatProject/..//hal/hcc/lib\libHCCD.a(fat_m.o)
                0x20016344                fm_findfirst
 .text.fm_findnext
                0x200163ac       0x60 C:/ISIS/workspace/ycube/GlobusSatProject/..//hal/hcc/lib\libHCCD.a(fat_m.o)
                0x200163ac                fm_findnext
 .text.fm_close
                0x2001640c       0x60 C:/ISIS/workspace/ycube/GlobusSatProject/..//hal/hcc/lib\libHCCD.a(fat_m.o)
                0x2001640c                fm_close
 .text.fm_flush
                0x2001646c       0x60 C:/ISIS/workspace/ycube/GlobusSatProject/..//hal/hcc/lib\libHCCD.a(fat_m.o)
                0x2001646c                fm_flush
 .text.fm_open  0x200164cc       0x68 C:/ISIS/workspace/ycube/GlobusSatProject/..//hal/hcc/lib\libHCCD.a(fat_m.o)
                0x200164cc                fm_open
 .text.fm_read  0x20016534       0x7c C:/ISIS/workspace/ycube/GlobusSatProject/..//hal/hcc/lib\libHCCD.a(fat_m.o)
                0x20016534                fm_read
 .text.fm_write
                0x200165b0       0x7c C:/ISIS/workspace/ycube/GlobusSatProject/..//hal/hcc/lib\libHCCD.a(fat_m.o)
                0x200165b0                fm_write
 .text.fm_seek  0x2001662c       0x70 C:/ISIS/workspace/ycube/GlobusSatProject/..//hal/hcc/lib\libHCCD.a(fat_m.o)
                0x2001662c                fm_seek
 .text.fm_tell  0x2001669c       0x60 C:/ISIS/workspace/ycube/GlobusSatProject/..//hal/hcc/lib\libHCCD.a(fat_m.o)
                0x2001669c                fm_tell
 .text.fm_putc  0x200166fc       0x68 C:/ISIS/workspace/ycube/GlobusSatProject/..//hal/hcc/lib\libHCCD.a(fat_m.o)
                0x200166fc                fm_putc
 .text.fm_rewind
                0x20016764       0x60 C:/ISIS/workspace/ycube/GlobusSatProject/..//hal/hcc/lib\libHCCD.a(fat_m.o)
                0x20016764                fm_rewind
 .text.fm_delete
                0x200167c4       0x64 C:/ISIS/workspace/ycube/GlobusSatProject/..//hal/hcc/lib\libHCCD.a(fat_m.o)
                0x200167c4                fm_delete
 .text.fm_getlasterror
                0x20016828       0x40 C:/ISIS/workspace/ycube/GlobusSatProject/..//hal/hcc/lib\libHCCD.a(fat_m.o)
                0x20016828                fm_getlasterror
 .text._f_invalidatedir
                0x20016868       0x28 C:/ISIS/workspace/ycube/GlobusSatProject/..//hal/hcc/lib\libHCCD.a(fat.o)
                0x20016868                _f_invalidatedir
 .text._f_getdirsector
                0x20016890       0x88 C:/ISIS/workspace/ycube/GlobusSatProject/..//hal/hcc/lib\libHCCD.a(fat.o)
                0x20016890                _f_getdirsector
 .text._f_writedirsector
                0x20016918       0x74 C:/ISIS/workspace/ycube/GlobusSatProject/..//hal/hcc/lib\libHCCD.a(fat.o)
                0x20016918                _f_writedirsector
 .text._f_checknameinv
                0x2001698c      0x180 C:/ISIS/workspace/ycube/GlobusSatProject/..//hal/hcc/lib\libHCCD.a(fat.o)
 .text._f_checkname
                0x20016b0c       0x7c C:/ISIS/workspace/ycube/GlobusSatProject/..//hal/hcc/lib\libHCCD.a(fat.o)
 .text._f_checknamewc
                0x20016b88       0xf8 C:/ISIS/workspace/ycube/GlobusSatProject/..//hal/hcc/lib\libHCCD.a(fat.o)
 .text._f_setnameext
                0x20016c80      0x300 C:/ISIS/workspace/ycube/GlobusSatProject/..//hal/hcc/lib\libHCCD.a(fat.o)
 .text._f_setfsname
                0x20016f80      0x584 C:/ISIS/workspace/ycube/GlobusSatProject/..//hal/hcc/lib\libHCCD.a(fat.o)
 .text._f_findfile
                0x20017504      0x30c C:/ISIS/workspace/ycube/GlobusSatProject/..//hal/hcc/lib\libHCCD.a(fat.o)
 .text._f_cmp_wname
                0x20017810      0x274 C:/ISIS/workspace/ycube/GlobusSatProject/..//hal/hcc/lib\libHCCD.a(fat.o)
 .text._f_to_string
                0x20017a84      0x130 C:/ISIS/workspace/ycube/GlobusSatProject/..//hal/hcc/lib\libHCCD.a(fat.o)
 .text._f_findfilewc
                0x20017bb4      0x278 C:/ISIS/workspace/ycube/GlobusSatProject/..//hal/hcc/lib\libHCCD.a(fat.o)
 .text._f_getfilename
                0x20017e2c      0x20c C:/ISIS/workspace/ycube/GlobusSatProject/..//hal/hcc/lib\libHCCD.a(fat.o)
 .text._f_findpath
                0x20018038      0x35c C:/ISIS/workspace/ycube/GlobusSatProject/..//hal/hcc/lib\libHCCD.a(fat.o)
 .text.fn_getdcwd
                0x20018394      0x1e0 C:/ISIS/workspace/ycube/GlobusSatProject/..//hal/hcc/lib\libHCCD.a(fat.o)
                0x20018394                fn_getdcwd
 .text.fn_findfirst
                0x20018574      0x13c C:/ISIS/workspace/ycube/GlobusSatProject/..//hal/hcc/lib\libHCCD.a(fat.o)
                0x20018574                fn_findfirst
 .text.fn_findnext
                0x200186b0      0x360 C:/ISIS/workspace/ycube/GlobusSatProject/..//hal/hcc/lib\libHCCD.a(fat.o)
                0x200186b0                fn_findnext
 .text._f_lock_resfile
                0x20018a10       0x6c C:/ISIS/workspace/ycube/GlobusSatProject/..//hal/hcc/lib\libHCCD.a(fat.o)
 .text._f_unlock_resfile
                0x20018a7c       0x40 C:/ISIS/workspace/ycube/GlobusSatProject/..//hal/hcc/lib\libHCCD.a(fat.o)
 .text._f_getintfile
                0x20018abc      0x124 C:/ISIS/workspace/ycube/GlobusSatProject/..//hal/hcc/lib\libHCCD.a(fat.o)
 .text._f_addentry
                0x20018be0      0x540 C:/ISIS/workspace/ycube/GlobusSatProject/..//hal/hcc/lib\libHCCD.a(fat.o)
 .text.fn_mkdir
                0x20019120      0x75c C:/ISIS/workspace/ycube/GlobusSatProject/..//hal/hcc/lib\libHCCD.a(fat.o)
                0x20019120                fn_mkdir
 .text.fn_open_sub
                0x2001987c     0x1698 C:/ISIS/workspace/ycube/GlobusSatProject/..//hal/hcc/lib\libHCCD.a(fat.o)
 .text.fn_open  0x2001af14       0x44 C:/ISIS/workspace/ycube/GlobusSatProject/..//hal/hcc/lib\libHCCD.a(fat.o)
                0x2001af14                fn_open
 .text.fn_delete
                0x2001af58      0x490 C:/ISIS/workspace/ycube/GlobusSatProject/..//hal/hcc/lib\libHCCD.a(fat.o)
                0x2001af58                fn_delete
 .text.fn_rmdir
                0x2001b3e8      0x5ac C:/ISIS/workspace/ycube/GlobusSatProject/..//hal/hcc/lib\libHCCD.a(fat.o)
                0x2001b3e8                fn_rmdir
 .text.fn_init  0x2001b994      0x2dc C:/ISIS/workspace/ycube/GlobusSatProject/..//hal/hcc/lib\libHCCD.a(fat_common.o)
                0x2001b994                fn_init
 .text.fn_start
                0x2001bc70       0x1c C:/ISIS/workspace/ycube/GlobusSatProject/..//hal/hcc/lib\libHCCD.a(fat_common.o)
                0x2001bc70                fn_start
 .text.fsn_delete
                0x2001bc8c       0xc8 C:/ISIS/workspace/ycube/GlobusSatProject/..//hal/hcc/lib\libHCCD.a(fat_common.o)
                0x2001bc8c                fsn_delete
 .text._f_get16bitl
                0x2001bd54       0x4c C:/ISIS/workspace/ycube/GlobusSatProject/..//hal/hcc/lib\libHCCD.a(fat_common.o)
                0x2001bd54                _f_get16bitl
 .text._f_set16bitl
                0x2001bda0       0x54 C:/ISIS/workspace/ycube/GlobusSatProject/..//hal/hcc/lib\libHCCD.a(fat_common.o)
                0x2001bda0                _f_set16bitl
 .text._f_get32bitl
                0x2001bdf4       0x68 C:/ISIS/workspace/ycube/GlobusSatProject/..//hal/hcc/lib\libHCCD.a(fat_common.o)
                0x2001bdf4                _f_get32bitl
 .text._f_set32bitl
                0x2001be5c       0x78 C:/ISIS/workspace/ycube/GlobusSatProject/..//hal/hcc/lib\libHCCD.a(fat_common.o)
                0x2001be5c                _f_set32bitl
 .text._get8bit
                0x2001bed4       0xa0 C:/ISIS/workspace/ycube/GlobusSatProject/..//hal/hcc/lib\libHCCD.a(fat_common.o)
 .text._get16bitl
                0x2001bf74       0x40 C:/ISIS/workspace/ycube/GlobusSatProject/..//hal/hcc/lib\libHCCD.a(fat_common.o)
 .text._get32bitl
                0x2001bfb4       0x3c C:/ISIS/workspace/ycube/GlobusSatProject/..//hal/hcc/lib\libHCCD.a(fat_common.o)
 .text._set8bitzero
                0x2001bff0       0x6c C:/ISIS/workspace/ycube/GlobusSatProject/..//hal/hcc/lib\libHCCD.a(fat_common.o)
 .text._set8bit
                0x2001c05c       0xa0 C:/ISIS/workspace/ycube/GlobusSatProject/..//hal/hcc/lib\libHCCD.a(fat_common.o)
 .text._set16bitl
                0x2001c0fc       0x3c C:/ISIS/workspace/ycube/GlobusSatProject/..//hal/hcc/lib\libHCCD.a(fat_common.o)
 .text._set32bitl
                0x2001c138       0x34 C:/ISIS/workspace/ycube/GlobusSatProject/..//hal/hcc/lib\libHCCD.a(fat_common.o)
 .text._f_setcardremoved
                0x2001c16c       0x94 C:/ISIS/workspace/ycube/GlobusSatProject/..//hal/hcc/lib\libHCCD.a(fat_common.o)
 .text._f_checkstatus
                0x2001c200      0x104 C:/ISIS/workspace/ycube/GlobusSatProject/..//hal/hcc/lib\libHCCD.a(fat_common.o)
                0x2001c200                _f_checkstatus
 .text._f_drvgetphy
                0x2001c304      0x114 C:/ISIS/workspace/ycube/GlobusSatProject/..//hal/hcc/lib\libHCCD.a(fat_common.o)
 .text._f_drvwritesector
                0x2001c418       0xdc C:/ISIS/workspace/ycube/GlobusSatProject/..//hal/hcc/lib\libHCCD.a(fat_common.o)
 .text._f_drvreadsector
                0x2001c4f4       0xa8 C:/ISIS/workspace/ycube/GlobusSatProject/..//hal/hcc/lib\libHCCD.a(fat_common.o)
 .text._f_writesector
                0x2001c59c      0x23c C:/ISIS/workspace/ycube/GlobusSatProject/..//hal/hcc/lib\libHCCD.a(fat_common.o)
                0x2001c59c                _f_writesector
 .text._f_readsector
                0x2001c7d8      0x1dc C:/ISIS/workspace/ycube/GlobusSatProject/..//hal/hcc/lib\libHCCD.a(fat_common.o)
                0x2001c7d8                _f_readsector
 .text._f_getmaxcluster
                0x2001c9b4       0x94 C:/ISIS/workspace/ycube/GlobusSatProject/..//hal/hcc/lib\libHCCD.a(fat_common.o)
                0x2001c9b4                _f_getmaxcluster
 .text._getsectorfromcluster
                0x2001ca48       0x68 C:/ISIS/workspace/ycube/GlobusSatProject/..//hal/hcc/lib\libHCCD.a(fat_common.o)
 .text._f_buildsectors
                0x2001cab0      0x268 C:/ISIS/workspace/ycube/GlobusSatProject/..//hal/hcc/lib\libHCCD.a(fat_common.o)
 .text._f_getbootrecord
                0x2001cd18      0x5e4 C:/ISIS/workspace/ycube/GlobusSatProject/..//hal/hcc/lib\libHCCD.a(fat_common.o)
 .text._f_readbootrecord
                0x2001d2fc      0x4f8 C:/ISIS/workspace/ycube/GlobusSatProject/..//hal/hcc/lib\libHCCD.a(fat_common.o)
 .text._f_writebootrecord
                0x2001d7f4      0x5e4 C:/ISIS/workspace/ycube/GlobusSatProject/..//hal/hcc/lib\libHCCD.a(fat_common.o)
 .text._f_flushcffiles
                0x2001ddd8      0x17c C:/ISIS/workspace/ycube/GlobusSatProject/..//hal/hcc/lib\libHCCD.a(fat_common.o)
                0x2001ddd8                _f_flushcffiles
 .text._f_fatcache_flush
                0x2001df54      0x270 C:/ISIS/workspace/ycube/GlobusSatProject/..//hal/hcc/lib\libHCCD.a(fat_common.o)
                0x2001df54                _f_fatcache_flush
 .text._f_writefatsector
                0x2001e1c4      0x100 C:/ISIS/workspace/ycube/GlobusSatProject/..//hal/hcc/lib\libHCCD.a(fat_common.o)
                0x2001e1c4                _f_writefatsector
 .text._f_getfatsector
                0x2001e2c4      0x3bc C:/ISIS/workspace/ycube/GlobusSatProject/..//hal/hcc/lib\libHCCD.a(fat_common.o)
 .text._f_setclustervalue
                0x2001e680      0x490 C:/ISIS/workspace/ycube/GlobusSatProject/..//hal/hcc/lib\libHCCD.a(fat_common.o)
                0x2001e680                _f_setclustervalue
 .text._f_getclustervalue
                0x2001eb10      0x388 C:/ISIS/workspace/ycube/GlobusSatProject/..//hal/hcc/lib\libHCCD.a(fat_common.o)
                0x2001eb10                _f_getclustervalue
 .text._f_close_drive_files
                0x2001ee98       0xac C:/ISIS/workspace/ycube/GlobusSatProject/..//hal/hcc/lib\libHCCD.a(fat_common.o)
 .text._f_inc_mount_count
                0x2001ef44       0xa4 C:/ISIS/workspace/ycube/GlobusSatProject/..//hal/hcc/lib\libHCCD.a(fat_common.o)
 .text._f_getvolume
                0x2001efe8      0x2f8 C:/ISIS/workspace/ycube/GlobusSatProject/..//hal/hcc/lib\libHCCD.a(fat_common.o)
                0x2001efe8                _f_getvolume
 .text.fn_createdriver
                0x2001f2e0      0x118 C:/ISIS/workspace/ycube/GlobusSatProject/..//hal/hcc/lib\libHCCD.a(fat_common.o)
                0x2001f2e0                fn_createdriver
 .text.fn_initvolume
                0x2001f3f8      0x12c C:/ISIS/workspace/ycube/GlobusSatProject/..//hal/hcc/lib\libHCCD.a(fat_common.o)
                0x2001f3f8                fn_initvolume
 .text.fn_releasedriver
                0x2001f524       0xf4 C:/ISIS/workspace/ycube/GlobusSatProject/..//hal/hcc/lib\libHCCD.a(fat_common.o)
                0x2001f524                fn_releasedriver
 .text.fn_initvolumepartition_sub
                0x2001f618       0xe0 C:/ISIS/workspace/ycube/GlobusSatProject/..//hal/hcc/lib\libHCCD.a(fat_common.o)
 .text.fn_initvolumepartition
                0x2001f6f8       0xac C:/ISIS/workspace/ycube/GlobusSatProject/..//hal/hcc/lib\libHCCD.a(fat_common.o)
                0x2001f6f8                fn_initvolumepartition
 .text.fn_delvolume
                0x2001f7a4      0x194 C:/ISIS/workspace/ycube/GlobusSatProject/..//hal/hcc/lib\libHCCD.a(fat_common.o)
                0x2001f7a4                fn_delvolume
 .text._f_clustertopos
                0x2001f938       0xf8 C:/ISIS/workspace/ycube/GlobusSatProject/..//hal/hcc/lib\libHCCD.a(fat_common.o)
                0x2001f938                _f_clustertopos
 .text._f_prepareformat
                0x2001fa30      0x8b8 C:/ISIS/workspace/ycube/GlobusSatProject/..//hal/hcc/lib\libHCCD.a(fat_common.o)
 .text._f_resetfatentries
                0x200202e8      0x410 C:/ISIS/workspace/ycube/GlobusSatProject/..//hal/hcc/lib\libHCCD.a(fat_common.o)
 .text._f_resetrootdir
                0x200206f8       0xcc C:/ISIS/workspace/ycube/GlobusSatProject/..//hal/hcc/lib\libHCCD.a(fat_common.o)
 .text._f_postformat
                0x200207c4      0x178 C:/ISIS/workspace/ycube/GlobusSatProject/..//hal/hcc/lib\libHCCD.a(fat_common.o)
 .text.fn_format
                0x2002093c      0x148 C:/ISIS/workspace/ycube/GlobusSatProject/..//hal/hcc/lib\libHCCD.a(fat_common.o)
                0x2002093c                fn_format
 .text._f_getcurrsector
                0x20020a84      0x6c8 C:/ISIS/workspace/ycube/GlobusSatProject/..//hal/hcc/lib\libHCCD.a(fat_common.o)
                0x20020a84                _f_getcurrsector
 .text._f_getdecluster
                0x2002114c       0x90 C:/ISIS/workspace/ycube/GlobusSatProject/..//hal/hcc/lib\libHCCD.a(fat_common.o)
                0x2002114c                _f_getdecluster
 .text._f_setdecluster
                0x200211dc       0x8c C:/ISIS/workspace/ycube/GlobusSatProject/..//hal/hcc/lib\libHCCD.a(fat_common.o)
                0x200211dc                _f_setdecluster
 .text.fn_getdrive
                0x20021268       0x30 C:/ISIS/workspace/ycube/GlobusSatProject/..//hal/hcc/lib\libHCCD.a(fat_common.o)
                0x20021268                fn_getdrive
 .text._f_getcurrenttimedate
                0x20021298      0x138 C:/ISIS/workspace/ycube/GlobusSatProject/..//hal/hcc/lib\libHCCD.a(fat_common.o)
                0x20021298                _f_getcurrenttimedate
 .text._f_initentry
                0x200213d0       0xa0 C:/ISIS/workspace/ycube/GlobusSatProject/..//hal/hcc/lib\libHCCD.a(fat_common.o)
                0x200213d0                _f_initentry
 .text._f_alloccluster
                0x20021470      0x344 C:/ISIS/workspace/ycube/GlobusSatProject/..//hal/hcc/lib\libHCCD.a(fat_common.o)
                0x20021470                _f_alloccluster
 .text._f_dobadblock
                0x200217b4      0x2cc C:/ISIS/workspace/ycube/GlobusSatProject/..//hal/hcc/lib\libHCCD.a(fat_common.o)
                0x200217b4                _f_dobadblock
 .text._f_checklocked
                0x20021a80       0xe4 C:/ISIS/workspace/ycube/GlobusSatProject/..//hal/hcc/lib\libHCCD.a(fat_common.o)
                0x20021a80                _f_checklocked
 .text._f_checkappendlocked
                0x20021b64      0x110 C:/ISIS/workspace/ycube/GlobusSatProject/..//hal/hcc/lib\libHCCD.a(fat_common.o)
                0x20021b64                _f_checkappendlocked
 .text._f_setsyncafile
                0x20021c74      0x114 C:/ISIS/workspace/ycube/GlobusSatProject/..//hal/hcc/lib\libHCCD.a(fat_common.o)
                0x20021c74                _f_setsyncafile
 .text._f_syncfiles
                0x20021d88      0x128 C:/ISIS/workspace/ycube/GlobusSatProject/..//hal/hcc/lib\libHCCD.a(fat_common.o)
                0x20021d88                _f_syncfiles
 .text._f_syncfilescontent
                0x20021eb0      0x15c C:/ISIS/workspace/ycube/GlobusSatProject/..//hal/hcc/lib\libHCCD.a(fat_common.o)
 .text.fn_getfreespace
                0x2002200c      0x4c0 C:/ISIS/workspace/ycube/GlobusSatProject/..//hal/hcc/lib\libHCCD.a(fat_common.o)
                0x2002200c                fn_getfreespace
 .text._f_emptywritecache
                0x200224cc      0x4a4 C:/ISIS/workspace/ycube/GlobusSatProject/..//hal/hcc/lib\libHCCD.a(fat_common.o)
 .text._f_allocnextcluster
                0x20022970      0x54c C:/ISIS/workspace/ycube/GlobusSatProject/..//hal/hcc/lib\libHCCD.a(fat_common.o)
 .text._f_emptywritebuffer
                0x20022ebc      0x20c C:/ISIS/workspace/ycube/GlobusSatProject/..//hal/hcc/lib\libHCCD.a(fat_common.o)
 .text._f_writezeros
                0x200230c8       0xf0 C:/ISIS/workspace/ycube/GlobusSatProject/..//hal/hcc/lib\libHCCD.a(fat_common.o)
                0x200230c8                _f_writezeros
 .text._f_extend_file
                0x200231b8      0x570 C:/ISIS/workspace/ycube/GlobusSatProject/..//hal/hcc/lib\libHCCD.a(fat_common.o)
 .text._f_fseek
                0x20023728      0x9bc C:/ISIS/workspace/ycube/GlobusSatProject/..//hal/hcc/lib\libHCCD.a(fat_common.o)
                0x20023728                _f_fseek
 .text._f_removechain
                0x200240e4      0x104 C:/ISIS/workspace/ycube/GlobusSatProject/..//hal/hcc/lib\libHCCD.a(fat_common.o)
                0x200240e4                _f_removechain
 .text._f_updatefileentry
                0x200241e8      0x1cc C:/ISIS/workspace/ycube/GlobusSatProject/..//hal/hcc/lib\libHCCD.a(fat_common.o)
 .text._f_checkreadlocked
                0x200243b4      0x1bc C:/ISIS/workspace/ycube/GlobusSatProject/..//hal/hcc/lib\libHCCD.a(fat_common.o)
                0x200243b4                _f_checkreadlocked
 .text._f_check_handle
                0x20024570       0x98 C:/ISIS/workspace/ycube/GlobusSatProject/..//hal/hcc/lib\libHCCD.a(fat_common.o)
                0x20024570                _f_check_handle
 .text._f_removesyncafile
                0x20024608      0x1ec C:/ISIS/workspace/ycube/GlobusSatProject/..//hal/hcc/lib\libHCCD.a(fat_common.o)
 .text.fn_close
                0x200247f4      0x3f8 C:/ISIS/workspace/ycube/GlobusSatProject/..//hal/hcc/lib\libHCCD.a(fat_common.o)
                0x200247f4                fn_close
 .text.fn_flush
                0x20024bec      0x374 C:/ISIS/workspace/ycube/GlobusSatProject/..//hal/hcc/lib\libHCCD.a(fat_common.o)
                0x20024bec                fn_flush
 .text.fn_read  0x20024f60      0x690 C:/ISIS/workspace/ycube/GlobusSatProject/..//hal/hcc/lib\libHCCD.a(fat_common.o)
                0x20024f60                fn_read
 .text._f_abortwrite
                0x200255f0      0x100 C:/ISIS/workspace/ycube/GlobusSatProject/..//hal/hcc/lib\libHCCD.a(fat_common.o)
 .text._f_checkwritecluster
                0x200256f0       0xe4 C:/ISIS/workspace/ycube/GlobusSatProject/..//hal/hcc/lib\libHCCD.a(fat_common.o)
 .text.fn_write
                0x200257d4      0x8a8 C:/ISIS/workspace/ycube/GlobusSatProject/..//hal/hcc/lib\libHCCD.a(fat_common.o)
                0x200257d4                fn_write
 .text.fn_seek  0x2002607c      0x270 C:/ISIS/workspace/ycube/GlobusSatProject/..//hal/hcc/lib\libHCCD.a(fat_common.o)
                0x2002607c                fn_seek
 .text.fn_tell  0x200262ec      0x19c C:/ISIS/workspace/ycube/GlobusSatProject/..//hal/hcc/lib\libHCCD.a(fat_common.o)
                0x200262ec                fn_tell
 .text.fn_rewind
                0x20026488       0x38 C:/ISIS/workspace/ycube/GlobusSatProject/..//hal/hcc/lib\libHCCD.a(fat_common.o)
                0x20026488                fn_rewind
 .text.fn_putc  0x200264c0       0x68 C:/ISIS/workspace/ycube/GlobusSatProject/..//hal/hcc/lib\libHCCD.a(fat_common.o)
                0x200264c0                fn_putc
 .text.f_enterFS
                0x20026528      0x1c0 C:/ISIS/workspace/ycube/GlobusSatProject/..//hal/hcc/lib\libHCCD.a(fat_common.o)
                0x20026528                f_enterFS
 .text.f_releaseFS
                0x200266e8       0xb0 C:/ISIS/workspace/ycube/GlobusSatProject/..//hal/hcc/lib\libHCCD.a(fat_common.o)
                0x200266e8                f_releaseFS
 .text.fnGetTask
                0x20026798       0xfc C:/ISIS/workspace/ycube/GlobusSatProject/..//hal/hcc/lib\libHCCD.a(fat_common.o)
                0x20026798                fnGetTask
 .text._f_mutex_get
                0x20026894       0x98 C:/ISIS/workspace/ycube/GlobusSatProject/..//hal/hcc/lib\libHCCD.a(fat_common.o)
                0x20026894                _f_mutex_get
 .text._f_mutex_put
                0x2002692c       0x54 C:/ISIS/workspace/ycube/GlobusSatProject/..//hal/hcc/lib\libHCCD.a(fat_common.o)
                0x2002692c                _f_mutex_put
 .text._fn_initseekdivisor
                0x20026980      0x158 C:/ISIS/workspace/ycube/GlobusSatProject/..//hal/hcc/lib\libHCCD.a(fat_common.o)
                0x20026980                _fn_initseekdivisor
 .text._fn_updateseekpos
                0x20026ad8       0xc4 C:/ISIS/workspace/ycube/GlobusSatProject/..//hal/hcc/lib\libHCCD.a(fat_common.o)
 .text._f_findopensize
                0x20026b9c       0x2c C:/ISIS/workspace/ycube/GlobusSatProject/..//hal/hcc/lib\libHCCD.a(fat_common.o)
                0x20026b9c                _f_findopensize
 .text.fn_setlasterror
                0x20026bc8       0x34 C:/ISIS/workspace/ycube/GlobusSatProject/..//hal/hcc/lib\libHCCD.a(fat_common.o)
                0x20026bc8                fn_setlasterror
 .text.fn_setlasterror_noret
                0x20026bfc       0x2c C:/ISIS/workspace/ycube/GlobusSatProject/..//hal/hcc/lib\libHCCD.a(fat_common.o)
                0x20026bfc                fn_setlasterror_noret
 .text._s_checkzeroclusteratend
                0x20026c28       0xf8 C:/ISIS/workspace/ycube/GlobusSatProject/..//hal/hcc/lib\libHCCD.a(safefat.o)
 .text._s_clearclustercontent
                0x20026d20      0x108 C:/ISIS/workspace/ycube/GlobusSatProject/..//hal/hcc/lib\libHCCD.a(safefat.o)
 .text._s_clearclustercontentdir
                0x20026e28      0x19c C:/ISIS/workspace/ycube/GlobusSatProject/..//hal/hcc/lib\libHCCD.a(safefat.o)
 .text._s_writedirsector
                0x20026fc4       0xd0 C:/ISIS/workspace/ycube/GlobusSatProject/..//hal/hcc/lib\libHCCD.a(safefat.o)
 .text._s_getdirsector
                0x20027094      0x100 C:/ISIS/workspace/ycube/GlobusSatProject/..//hal/hcc/lib\libHCCD.a(safefat.o)
 .text._s_addentry
                0x20027194      0x394 C:/ISIS/workspace/ycube/GlobusSatProject/..//hal/hcc/lib\libHCCD.a(safefat.o)
 .text._s_findfile
                0x20027528      0x33c C:/ISIS/workspace/ycube/GlobusSatProject/..//hal/hcc/lib\libHCCD.a(safefat.o)
 .text._s_findsubdir
                0x20027864      0x248 C:/ISIS/workspace/ycube/GlobusSatProject/..//hal/hcc/lib\libHCCD.a(safefat.o)
 .text._s_createfile
                0x20027aac      0x190 C:/ISIS/workspace/ycube/GlobusSatProject/..//hal/hcc/lib\libHCCD.a(safefat.o)
 .text._s_findsaffile
                0x20027c3c      0x1b8 C:/ISIS/workspace/ycube/GlobusSatProject/..//hal/hcc/lib\libHCCD.a(safefat.o)
 .text._s_open  0x20027df4       0xe4 C:/ISIS/workspace/ycube/GlobusSatProject/..//hal/hcc/lib\libHCCD.a(safefat.o)
 .text._s_open_saf
                0x20027ed8       0xe8 C:/ISIS/workspace/ycube/GlobusSatProject/..//hal/hcc/lib\libHCCD.a(safefat.o)
 .text._s_flush
                0x20027fc0       0x84 C:/ISIS/workspace/ycube/GlobusSatProject/..//hal/hcc/lib\libHCCD.a(safefat.o)
 .text._s_allocnextcluster
                0x20028044      0x13c C:/ISIS/workspace/ycube/GlobusSatProject/..//hal/hcc/lib\libHCCD.a(safefat.o)
 .text._s_getnextsector
                0x20028180       0xdc C:/ISIS/workspace/ycube/GlobusSatProject/..//hal/hcc/lib\libHCCD.a(safefat.o)
 .text._s_seek  0x2002825c      0x1e8 C:/ISIS/workspace/ycube/GlobusSatProject/..//hal/hcc/lib\libHCCD.a(safefat.o)
 .text._s_get_len
                0x20028444      0x10c C:/ISIS/workspace/ycube/GlobusSatProject/..//hal/hcc/lib\libHCCD.a(safefat.o)
 .text._s_set_len
                0x20028550       0xb4 C:/ISIS/workspace/ycube/GlobusSatProject/..//hal/hcc/lib\libHCCD.a(safefat.o)
 .text.safe_fix_filelengths
                0x20028604       0xcc C:/ISIS/workspace/ycube/GlobusSatProject/..//hal/hcc/lib\libHCCD.a(safefat.o)
                0x20028604                safe_fix_filelengths
 .text._s_read  0x200286d0      0x228 C:/ISIS/workspace/ycube/GlobusSatProject/..//hal/hcc/lib\libHCCD.a(safefat.o)
 .text._s_write
                0x200288f8      0x384 C:/ISIS/workspace/ycube/GlobusSatProject/..//hal/hcc/lib\libHCCD.a(safefat.o)
 .text._s_restoreclusters
                0x20028c7c      0x270 C:/ISIS/workspace/ycube/GlobusSatProject/..//hal/hcc/lib\libHCCD.a(safefat.o)
                0x20028c7c                _s_restoreclusters
 .text._s_findrestore
                0x20028eec      0x18c C:/ISIS/workspace/ycube/GlobusSatProject/..//hal/hcc/lib\libHCCD.a(safefat.o)
 .text._s_cmd_writede
                0x20029078       0xd8 C:/ISIS/workspace/ycube/GlobusSatProject/..//hal/hcc/lib\libHCCD.a(safefat.o)
 .text._s_cmd_setcluster
                0x20029150       0x88 C:/ISIS/workspace/ycube/GlobusSatProject/..//hal/hcc/lib\libHCCD.a(safefat.o)
 .text._s_cmd_deletechain
                0x200291d8      0x100 C:/ISIS/workspace/ycube/GlobusSatProject/..//hal/hcc/lib\libHCCD.a(safefat.o)
 .text._s_cmd_validatecfn
                0x200292d8      0x308 C:/ISIS/workspace/ycube/GlobusSatProject/..//hal/hcc/lib\libHCCD.a(safefat.o)
 .text._s_cmd_seteof
                0x200295e0      0x3c4 C:/ISIS/workspace/ycube/GlobusSatProject/..//hal/hcc/lib\libHCCD.a(safefat.o)
 .text.safe_docommands
                0x200299a4      0x56c C:/ISIS/workspace/ycube/GlobusSatProject/..//hal/hcc/lib\libHCCD.a(safefat.o)
                0x200299a4                safe_docommands
 .text.safe_entercommand
                0x20029f10       0x68 C:/ISIS/workspace/ycube/GlobusSatProject/..//hal/hcc/lib\libHCCD.a(safefat.o)
                0x20029f10                safe_entercommand
 .text.safe_ready
                0x20029f78       0xf4 C:/ISIS/workspace/ycube/GlobusSatProject/..//hal/hcc/lib\libHCCD.a(safefat.o)
                0x20029f78                safe_ready
 .text.safe_copycfn
                0x2002a06c       0xb8 C:/ISIS/workspace/ycube/GlobusSatProject/..//hal/hcc/lib\libHCCD.a(safefat.o)