Archive member included because of file (symbol)

C:/ISIS/workspace_ycube/GlobusSatProject/..//hal/hal/lib\libHALD.a(I2C.o)
                              ./src/SubSystemModules/Communication/SubsystemCommands/Maintanence_Commands.o (I2C_write)
C:/ISIS/workspace_ycube/GlobusSatProject/..//hal/hal/lib\libHALD.a(SPI.o)
                              ./src/InitSystem.o (SPI_start)
C:/ISIS/workspace_ycube/GlobusSatProject/..//hal/hal/lib\libHALD.a(FRAM.o)
                              ./src/SubSystemModules/Communication/SubsystemCommands/Maintanence_Commands.o (FRAM_start)
C:/ISIS/workspace_ycube/GlobusSatProject/..//hal/hal/lib\libHALD.a(Time.o)
                              ./src/InitSystem.o (Time_start)
C:/ISIS/workspace_ycube/GlobusSatProject/..//hal/hal/lib\libHALD.a(WatchDogTimerNoOS.o)
                              ./src/main.o (WDT_start)
C:/ISIS/workspace_ycube/GlobusSatProject/..//hal/hal/lib\libHALD.a(WatchDogTimerOS.o)
                              ./src/TestingDemos/MainTest.o (WDT_startWatchdogKickTask)
C:/ISIS/workspace_ycube/GlobusSatProject/..//hal/hal/lib\libHALD.a(util.o)
                              ./src/TestingDemos/EpsTestingDemo.o (UTIL_DbguGetInteger)
C:/ISIS/workspace_ycube/GlobusSatProject/..//hal/hal/lib\libHALD.a(LED.o)
                              C:/ISIS/workspace_ycube/GlobusSatProject/..//hal/hal/lib\libHALD.a(WatchDogTimerOS.o) (LED_toggle)
C:/ISIS/workspace_ycube/GlobusSatProject/..//hal/hal/lib\libHALD.a(RTC.o)
                              C:/ISIS/workspace_ycube/GlobusSatProject/..//hal/hal/lib\libHALD.a(Time.o) (RTC_getTime)
C:/ISIS/workspace_ycube/GlobusSatProject/..//hal/hal/lib\libHALD.a(RTT.o)
                              C:/ISIS/workspace_ycube/GlobusSatProject/..//hal/hal/lib\libHALD.a(Time.o) (RTT_start)
C:/ISIS/workspace_ycube/GlobusSatProject/..//hal/hcc/lib\libHCCD.a(fat_common.o)
                              ./src/TLM_management.o (fn_init)
C:/ISIS/workspace_ycube/GlobusSatProject/..//hal/hcc/lib\libHCCD.a(fat_m.o)
                              ./src/TLM_management.o (fm_initvolume)
C:/ISIS/workspace_ycube/GlobusSatProject/..//hal/hcc/lib\libHCCD.a(safefat.o)
                              C:/ISIS/workspace_ycube/GlobusSatProject/..//hal/hcc/lib\libHCCD.a(fat_common.o) (safe_fix_filelengths)
C:/ISIS/workspace_ycube/GlobusSatProject/..//hal/hcc/lib\libHCCD.a(atmel_mcipdc.o)
                              ./src/TLM_management.o (atmel_mcipdc_initfunc)
C:/ISIS/workspace_ycube/GlobusSatProject/..//hal/hcc/lib\libHCCD.a(oalp_mutex.o)
                              C:/ISIS/workspace_ycube/GlobusSatProject/..//hal/hcc/lib\libHCCD.a(fat_common.o) (oal_mutex_create)
C:/ISIS/workspace_ycube/GlobusSatProject/..//hal/hcc/lib\libHCCD.a(oalp_task.o)
                              C:/ISIS/workspace_ycube/GlobusSatProject/..//hal/hcc/lib\libHCCD.a(fat_common.o) (oal_task_get_id)
C:/ISIS/workspace_ycube/GlobusSatProject/..//hal/hcc/lib\libHCCD.a(atmel_mcipdc_hw.o)
                              C:/ISIS/workspace_ycube/GlobusSatProject/..//hal/hcc/lib\libHCCD.a(atmel_mcipdc.o) (mcipdc_hw_init)
C:/ISIS/workspace_ycube/GlobusSatProject/..//hal/hcc/lib\libHCCD.a(psp_rand.o)
                              C:/ISIS/workspace_ycube/GlobusSatProject/..//hal/hcc/lib\libHCCD.a(fat_common.o) (psp_getrand)
C:/ISIS/workspace_ycube/GlobusSatProject/..//hal/hcc/lib\libHCCD.a(psp_rtc.o)
                              C:/ISIS/workspace_ycube/GlobusSatProject/..//hal/hcc/lib\libHCCD.a(fat_common.o) (psp_getcurrenttimedate)
C:/ISIS/workspace_ycube/GlobusSatProject/..//hal/hcc/lib\libHCCD.a(hcc_mem.o)
                              C:/ISIS/workspace_ycube/GlobusSatProject/..//hal/hcc/lib\libHCCD.a(atmel_mcipdc.o) (hcc_mem_alloc)
C:/ISIS/workspace_ycube/GlobusSatProject/..//hal/hcc/lib\libHCCD.a(fat.o)
                              C:/ISIS/workspace_ycube/GlobusSatProject/..//hal/hcc/lib\libHCCD.a(fat_common.o) (_f_getdirsector)
C:/ISIS/workspace_ycube/GlobusSatProject/..//hal/hcc/lib\libHCCD.a(psp_hcc_mem.o)
                              C:/ISIS/workspace_ycube/GlobusSatProject/..//hal/hcc/lib\libHCCD.a(hcc_mem.o) (hcc_mem_buf_alloc)
C:/ISIS/workspace_ycube/satellite-subsystems/satellite-subsystems/lib\libSatelliteSubsystemsD.a(IsisAntS.o)
                              ./src/SubSystemModules/Communication/TRXVU.o (IsisAntS_initialize)
C:/ISIS/workspace_ycube/satellite-subsystems/satellite-subsystems/lib\libSatelliteSubsystemsD.a(IsisSolarPanelv2.o)
                              ./src/SubSystemModules/PowerManagment/EPS.o (IsisSolarPanelv2_initialize)
C:/ISIS/workspace_ycube/satellite-subsystems/satellite-subsystems/lib\libSatelliteSubsystemsD.a(IsisTRXVU.o)
                              ./src/TestingDemos/TrxvuTestingDemo.o (IsisTrxvu_initialize)
C:/ISIS/workspace_ycube/satellite-subsystems/satellite-subsystems/lib\libSatelliteSubsystemsD.a(isis_eps_driver.o)
                              ./src/SubSystemModules/PowerManagment/EPS.o (ISIS_EPS_Init)
[...]
Memory Configuration

Name             Origin             Length             Attributes
sram0            0x00200000         0x00004000         w !xr
sram1            0x00300000         0x00004000         w !xr
sdram            0x20000000         0x02000000         w !xr
*default*        0x00000000         0xffffffff

Linker script and memory map

LOAD c:/isis/application/toolchain/bin/../lib/gcc/arm-none-eabi/4.7.4/../../../../arm-none-eabi/lib\libc.a
LOAD ./src/TestingDemos/CommandsTestingDemo.o
LOAD ./src/TestingDemos/EpsTestingDemo.o
LOAD ./src/TestingDemos/FileSystemTestingDemo.o
LOAD ./src/TestingDemos/MainTest.o
LOAD ./src/TestingDemos/MaintenanceTestingDemo.o
LOAD ./src/TestingDemos/TelemetryTestingDemo.o
LOAD ./src/TestingDemos/TrxvuTestingDemo.o
LOAD ./src/SubSystemModules/PowerManagment/EPS.o
LOAD ./src/SubSystemModules/PowerManagment/EPSOperationModes.o
LOAD ./src/SubSystemModules/Maintenance/Maintenance.o
LOAD ./src/SubSystemModules/Housekepping/TelemetryCollector.o
LOAD ./src/SubSystemModules/Communication/SubsystemCommands/EPS_Commands.o
LOAD ./src/SubSystemModules/Communication/SubsystemCommands/FS_Commands.o
LOAD ./src/SubSystemModules/Communication/SubsystemCommands/Maintanence_Commands.o
LOAD ./src/SubSystemModules/Communication/SubsystemCommands/TRXVU_Commands.o
LOAD ./src/SubSystemModules/Communication/AckHandler.o
LOAD ./src/SubSystemModules/Communication/CommandDictionary.o
LOAD ./src/SubSystemModules/Communication/SatCommandHandler.o
LOAD ./src/SubSystemModules/Communication/TRXVU.o
LOAD ./src/InitSystem.o
LOAD ./src/TLM_management.o
LOAD ./src/main.o
LOAD ./src/utils.o
LOAD C:/ISIS/workspace_ycube/GlobusSatProject/..//hal/hal/lib\libHALD.a
LOAD C:/ISIS/workspace_ycube/GlobusSatProject/..//hal/hcc/lib\libHCCD.a
LOAD C:/ISIS/workspace_ycube/satellite-subsystems/satellite-subsystems/lib\libSatelliteSubsystemsD.a
LOAD C:/ISIS/workspace_ycube/GlobusSatProject/..//hal/freertos/lib\libFreeRTOSD.a
LOAD C:/ISIS/workspace_ycube/GlobusSatProject/..//hal/at91/lib\libAt91D.a
START GROUP
LOAD c:/isis/application/toolchain/bin/../lib/gcc/arm-none-eabi/4.7.4\libgcc.a
LOAD c:/isis/application/toolchain/bin/../lib/gcc/arm-none-eabi/4.7.4/../../../../arm-none-eabi/lib\libg.a
LOAD c:/isis/application/toolchain/bin/../lib/gcc/arm-none-eabi/4.7.4/../../../../arm-none-eabi/lib\libc.a
END GROUP

.fixed          0x20000000    0x3da58
                0x20000000                . = ALIGN (0x4)
                0x20000000                _sfixed = .
 *(.startup)
 .startup       0x20000000      0x14c C:/ISIS/workspace_ycube/GlobusSatProject/..//hal/at91/lib\libAt91D.a(board_cstartup.o)
                0x20000000                entry
 *(.text)
 .text          0x2000014c       0x64 C:/ISIS/workspace_ycube/GlobusSatProject/..//hal/at91/lib\libAt91D.a(cp15_asm.o)
                0x2000014c                _readControlRegister
                0x20000158                _writeControlRegister
                0x20000160                _waitForInterrupt
                0x2000016c                _writeTTB
                0x20000174                _writeDomain
                0x2000017c                _writeITLBLockdown
                0x20000184                _prefetchICacheLine
                0x2000018c                _flushDCache
                0x20000198                _flushWriteBuffer
                0x200001a4                _invalidateIDTLBs
 .text          0x200001b0      0x114 c:/isis/application/toolchain/bin/../lib/gcc/arm-none-eabi/4.7.4\libgcc.a(_udivsi3.o)
                0x200001b0                __aeabi_uidiv
                0x200001b0                __udivsi3
                0x200002a4                __aeabi_uidivmod
 .text          0x200002c4      0x148 c:/isis/application/toolchain/bin/../lib/gcc/arm-none-eabi/4.7.4\libgcc.a(_divsi3.o)
                0x200002c4                __divsi3
                0x200002c4                __aeabi_idiv
                0x200003ec                __aeabi_idivmod
 .text          0x2000040c        0x4 c:/isis/application/toolchain/bin/../lib/gcc/arm-none-eabi/4.7.4\libgcc.a(_dvmd_tls.o)
                0x2000040c                __aeabi_idiv0
                0x2000040c                __aeabi_ldiv0
 .text          0x20000410      0x41c c:/isis/application/toolchain/bin/../lib/gcc/arm-none-eabi/4.7.4\libgcc.a(_arm_addsubdf3.o)
                0x20000410                __aeabi_drsub
                0x20000418                __aeabi_dsub
                0x20000418                __subdf3
                0x2000041c                __aeabi_dadd
                0x2000041c                __adddf3
                0x2000072c                __floatunsidf
                0x2000072c                __aeabi_ui2d
                0x20000750                __floatsidf
                0x20000750                __aeabi_i2d
                0x20000778                __aeabi_f2d
                0x20000778                __extendsfdf2
                0x200007b8                __floatundidf
                0x200007b8                __aeabi_ul2d
                0x200007cc                __floatdidf
                0x200007cc                __aeabi_l2d
 .text          0x2000082c      0x49c c:/isis/application/toolchain/bin/../lib/gcc/arm-none-eabi/4.7.4\libgcc.a(_arm_muldivdf3.o)
                0x2000082c                __aeabi_dmul
                0x2000082c                __muldf3
                0x20000abc                __divdf3
                0x20000abc                __aeabi_ddiv
 .text          0x20000cc8      0x144 c:/isis/application/toolchain/bin/../lib/gcc/arm-none-eabi/4.7.4\libgcc.a(_arm_cmpdf2.o)
                0x20000cc8                __gtdf2
                0x20000cc8                __gedf2
                0x20000cd0                __ltdf2
                0x20000cd0                __ledf2
                0x20000cd8                __nedf2
                0x20000cd8                __eqdf2
                0x20000cd8                __cmpdf2
                0x20000d60                __aeabi_cdrcmple
                0x20000d7c                __aeabi_cdcmpeq
                0x20000d7c                __aeabi_cdcmple
                0x20000d94                __aeabi_dcmpeq
                0x20000dac                __aeabi_dcmplt
                0x20000dc4                __aeabi_dcmple
                0x20000ddc                __aeabi_dcmpge
                0x20000df4                __aeabi_dcmpgt
 .text          0x20000e0c      0x2ac c:/isis/application/toolchain/bin/../lib/gcc/arm-none-eabi/4.7.4\libgcc.a(_arm_addsubsf3.o)
                0x20000e0c                __aeabi_frsub
                0x20000e14                __subsf3
                0x20000e14                __aeabi_fsub
                0x20000e18                __aeabi_fadd
                0x20000e18                __addsf3
                0x20000fd4                __aeabi_ui2f
                0x20000fd4                __floatunsisf
                0x20000fdc                __aeabi_i2f
                0x20000fdc                __floatsisf
                0x20000ffc                __aeabi_ul2f
                0x20000ffc                __floatundisf
                0x2000100c                __aeabi_l2f
                0x2000100c                __floatdisf
 .text          0x200010b8      0x2f8 c:/isis/application/toolchain/bin/../lib/gcc/arm-none-eabi/4.7.4\libgcc.a(_arm_muldivsf3.o)
                0x200010b8                __mulsf3
                0x200010b8                __aeabi_fmul
                0x20001250                __aeabi_fdiv
                0x20001250                __divsf3
 .text          0x200013b0      0x114 c:/isis/application/toolchain/bin/../lib/gcc/arm-none-eabi/4.7.4\libgcc.a(_arm_cmpsf2.o)
                0x200013b0                __gesf2
                0x200013b0                __gtsf2
                0x200013b8                __lesf2
                0x200013b8                __ltsf2
                0x200013c0                __nesf2
                0x200013c0                __eqsf2
                0x200013c0                __cmpsf2
                0x20001424                __aeabi_cfrcmple
                0x20001434                __aeabi_cfcmpeq
                0x20001434                __aeabi_cfcmple
                0x2000144c                __aeabi_fcmpeq
                0x20001464                __aeabi_fcmplt
                0x2000147c                __aeabi_fcmple
                0x20001494                __aeabi_fcmpge
                0x200014ac                __aeabi_fcmpgt
 .text          0x200014c4       0x54 c:/isis/application/toolchain/bin/../lib/gcc/arm-none-eabi/4.7.4\libgcc.a(_arm_fixunssfsi.o)
                0x200014c4                __fixunssfsi
                0x200014c4                __aeabi_f2uiz
 .text          0x20001518       0x5c c:/isis/application/toolchain/bin/../lib/gcc/arm-none-eabi/4.7.4\libgcc.a(_arm_fixdfsi.o)
                0x20001518                __aeabi_d2iz
                0x20001518                __fixdfsi
 .text          0x20001574       0x3c c:/isis/application/toolchain/bin/../lib/gcc/arm-none-eabi/4.7.4\libgcc.a(_aeabi_uldivmod.o)
                0x20001574                __aeabi_uldivmod
 .text          0x200015b0       0x84 c:/isis/application/toolchain/bin/../lib/gcc/arm-none-eabi/4.7.4\libgcc.a(bpabi.o)
                0x200015b0                __gnu_ldivmod_helper
                0x200015f4                __gnu_uldivmod_helper
 .text          0x20001634      0x4f0 c:/isis/application/toolchain/bin/../lib/gcc/arm-none-eabi/4.7.4\libgcc.a(_divdi3.o)
                0x20001634                __divdi3
 .text          0x20001b24      0x488 c:/isis/application/toolchain/bin/../lib/gcc/arm-none-eabi/4.7.4\libgcc.a(_udivdi3.o)
                0x20001b24                __udivdi3
 .text          0x20001fac       0x48 c:/isis/application/toolchain/bin/../lib/gcc/arm-none-eabi/4.7.4\libgcc.a(_clzsi2.o)
                0x20001fac                __clzsi2
 *(.text*)
 .text.TestActUponCommand
                0x20001ff4      0x114 ./src/TestingDemos/CommandsTestingDemo.o
                0x20001ff4                TestActUponCommand
 .text.TestAssmbleCommand
                0x20002108      0x14c ./src/TestingDemos/CommandsTestingDemo.o
                0x20002108                TestAssmbleCommand
 .text.TestGetDelayedCommand
                0x20002254       0xa0 ./src/TestingDemos/CommandsTestingDemo.o
                0x20002254                TestGetDelayedCommand
 .text.TestAddDelayedCommand
                0x200022f4       0xd0 ./src/TestingDemos/CommandsTestingDemo.o
                0x200022f4                TestAddDelayedCommand
 .text.TestGetDelayedCommandBufferCount
                0x200023c4       0x54 ./src/TestingDemos/CommandsTestingDemo.o
                0x200023c4                TestGetDelayedCommandBufferCount
 .text.TestGetOnlineCommand
                0x20002418       0xc8 ./src/TestingDemos/CommandsTestingDemo.o
                0x20002418                TestGetOnlineCommand
 .text.TestDeleteDelayedCommandByIndex
                0x200024e0      0x1c0 ./src/TestingDemos/CommandsTestingDemo.o
                0x200024e0                TestDeleteDelayedCommandByIndex
 .text.TestDeleteDelayedBuffer
                0x200026a0      0x140 ./src/TestingDemos/CommandsTestingDemo.o
                0x200026a0                TestDeleteDelayedBuffer
 .text.selectAndExecuteCommandsDemoTest
                0x200027e0      0x170 ./src/TestingDemos/CommandsTestingDemo.o
                0x200027e0                selectAndExecuteCommandsDemoTest
 .text.MainCommandsTestBench
                0x20002950       0x44 ./src/TestingDemos/CommandsTestingDemo.o
                0x20002950                MainCommandsTestBench
 .text.TestEpsConditioning
                0x20002994      0x1e8 ./src/TestingDemos/EpsTestingDemo.o
                0x20002994                TestEpsConditioning
 .text.TestGetBatteryVoltage
                0x20002b7c       0x64 ./src/TestingDemos/EpsTestingDemo.o
                0x20002b7c                TestGetBatteryVoltage
 .text.TestUpdateThreshVoltages
                0x20002be0      0x170 ./src/TestingDemos/EpsTestingDemo.o
                0x20002be0                TestUpdateThreshVoltages
 .text.TestGetThreshVoltages
                0x20002d50       0xb0 ./src/TestingDemos/EpsTestingDemo.o
                0x20002d50                TestGetThreshVoltages
 .text.TestUpdateAlpha
                0x20002e00       0xc0 ./src/TestingDemos/EpsTestingDemo.o
                0x20002e00                TestUpdateAlpha
 .text.TestGetAlpha
                0x20002ec0       0x78 ./src/TestingDemos/EpsTestingDemo.o
                0x20002ec0                TestGetAlpha
 .text.TestRestoreDefaultAlpha
                0x20002f38       0xf4 ./src/TestingDemos/EpsTestingDemo.o
                0x20002f38                TestRestoreDefaultAlpha
 .text.TestRestoreDefaultThresholdVoltages
                0x2000302c      0x154 ./src/TestingDemos/EpsTestingDemo.o
                0x2000302c                TestRestoreDefaultThresholdVoltages
 .text.GetHeaterValues
                0x20003180       0xe0 ./src/TestingDemos/EpsTestingDemo.o
                0x20003180                GetHeaterValues
 .text.SetHeaterValues
                0x20003260      0x134 ./src/TestingDemos/EpsTestingDemo.o
                0x20003260                SetHeaterValues
 .text.selectAndExecuteEpsDemoTest
                0x20003394      0x1ac ./src/TestingDemos/EpsTestingDemo.o
                0x20003394                selectAndExecuteEpsDemoTest
 .text.MainEpsTestBench
                0x20003540       0x40 ./src/TestingDemos/EpsTestingDemo.o
                0x20003540                MainEpsTestBench
 .text.TestlistFiels
                0x20003580       0xc0 ./src/TestingDemos/FileSystemTestingDemo.o
                0x20003580                TestlistFiels
 .text.TestLOGTLM
                0x20003640      0x110 ./src/TestingDemos/FileSystemTestingDemo.o
                0x20003640                TestLOGTLM
 .text.TestEPSTLM
                0x20003750       0xa8 ./src/TestingDemos/FileSystemTestingDemo.o
                0x20003750                TestEPSTLM
 .text.TestReadTimeRangeTLMRes
                0x200037f8      0x210 ./src/TestingDemos/FileSystemTestingDemo.o
                0x200037f8                TestReadTimeRangeTLMRes
 .text.TestReadTimeRangeTLM
                0x20003a08      0x178 ./src/TestingDemos/FileSystemTestingDemo.o
                0x20003a08                TestReadTimeRangeTLM
 .text.GenerateWODTLM
                0x20003b80       0xd0 ./src/TestingDemos/FileSystemTestingDemo.o
                0x20003b80                GenerateWODTLM
 .text.DeleteOldFiles
                0x20003c50      0x294 ./src/TestingDemos/FileSystemTestingDemo.o
                0x20003c50                DeleteOldFiles
 .text.CreateFiles4DeleteTest
                0x20003ee4      0x100 ./src/TestingDemos/FileSystemTestingDemo.o
                0x20003ee4                CreateFiles4DeleteTest
 .text.TestWODTLM
                0x20003fe4       0xa8 ./src/TestingDemos/FileSystemTestingDemo.o
                0x20003fe4                TestWODTLM
 .text.TestDeleteFiels
                0x2000408c      0x2b8 ./src/TestingDemos/FileSystemTestingDemo.o
                0x2000408c                TestDeleteFiels
 .text.TestReadMultiFiels
                0x20004344      0x2ac ./src/TestingDemos/FileSystemTestingDemo.o
                0x20004344                TestReadMultiFiels
 .text.TestTRXVUTLM
                0x200045f0      0x11c ./src/TestingDemos/FileSystemTestingDemo.o
                0x200045f0                TestTRXVUTLM
 .text.FullSDTest
                0x2000470c       0xd4 ./src/TestingDemos/FileSystemTestingDemo.o
                0x2000470c                FullSDTest
 .text.LogErrorRateTest
                0x200047e0      0x108 ./src/TestingDemos/FileSystemTestingDemo.o
                0x200047e0                LogErrorRateTest
 .text.selectAndExecuteFSTest
                0x200048e8      0x21c ./src/TestingDemos/FileSystemTestingDemo.o
                0x200048e8                selectAndExecuteFSTest
 .text.MainFileSystemTestBench
                0x20004b04       0x44 ./src/TestingDemos/FileSystemTestingDemo.o
                0x20004b04                MainFileSystemTestBench
 .text.selectAndExecuteTest
                0x20004b48      0x164 ./src/TestingDemos/MainTest.o
                0x20004b48                selectAndExecuteTest
 .text.taskTesting
                0x20004cac       0x28 ./src/TestingDemos/MainTest.o
                0x20004cac                taskTesting
 .text.printSDINfo
                0x20004cd4       0x84 ./src/TestingDemos/MaintenanceTestingDemo.o
                0x20004cd4                printSDINfo
 .text.changeFirstActivation
                0x20004d58       0x84 ./src/TestingDemos/MaintenanceTestingDemo.o
                0x20004d58                changeFirstActivation
 .text.selectAndExecuteMaintenanceDemoTest
                0x20004ddc      0x198 ./src/TestingDemos/MaintenanceTestingDemo.o
                0x20004ddc                selectAndExecuteMaintenanceDemoTest
 .text.MainMaintenanceTestBench
                0x20004f74       0x40 ./src/TestingDemos/MaintenanceTestingDemo.o
                0x20004f74                MainMaintenanceTestBench
 .text.MainTelemetryTestBench
                0x20004fb4       0x1c ./src/TestingDemos/TelemetryTestingDemo.o
                0x20004fb4                MainTelemetryTestBench
 .text.TestInitTrxvu
                0x20004fd0       0x54 ./src/TestingDemos/TrxvuTestingDemo.o
                0x20004fd0                TestInitTrxvu
 .text.TestInitTrxvuWithDifferentFrameLengths
                0x20005024      0x134 ./src/TestingDemos/TrxvuTestingDemo.o
                0x20005024                TestInitTrxvuWithDifferentFrameLengths
 .text.TestTrxvuLogic
                0x20005158       0xd4 ./src/TestingDemos/TrxvuTestingDemo.o
                0x20005158                TestTrxvuLogic
 .text.TestCheckTransmitionAllowed
                0x2000522c       0xa4 ./src/TestingDemos/TrxvuTestingDemo.o
                0x2000522c                TestCheckTransmitionAllowed
 .text.TestSendDumpAbortRequest
                0x200052d0       0x24 ./src/TestingDemos/TrxvuTestingDemo.o
                0x200052d0                TestSendDumpAbortRequest
 .text.TestTransmitDummySplPacket
                0x200052f4       0xd4 ./src/TestingDemos/TrxvuTestingDemo.o
                0x200052f4                TestTransmitDummySplPacket
 .text.TestTransmitSplPacket
                0x200053c8      0x1f8 ./src/TestingDemos/TrxvuTestingDemo.o
                0x200053c8                TestTransmitSplPacket
 .text.TestExitDump
                0x200055c0       0x1c ./src/TestingDemos/TrxvuTestingDemo.o
                0x200055c0                TestExitDump
 .text.TestDumpTelemetry
                0x200055dc       0xb0 ./src/TestingDemos/TrxvuTestingDemo.o
                0x200055dc                TestDumpTelemetry
 .text.TestRestoreDefaultBeaconParameters
                0x2000568c       0x1c ./src/TestingDemos/TrxvuTestingDemo.o
                0x2000568c                TestRestoreDefaultBeaconParameters
 .text.TestChooseDefaultBeaconCycle
                0x200056a8       0xe0 ./src/TestingDemos/TrxvuTestingDemo.o
                0x200056a8                TestChooseDefaultBeaconCycle
 .text.TestBeaconLogic
                0x20005788       0xd8 ./src/TestingDemos/TrxvuTestingDemo.o
                0x20005788                TestBeaconLogic
 .text.TestMuteTrxvu
                0x20005860       0x9c ./src/TestingDemos/TrxvuTestingDemo.o
                0x20005860                TestMuteTrxvu
 .text.TestUnMuteTrxvu
                0x200058fc       0x30 ./src/TestingDemos/TrxvuTestingDemo.o
                0x200058fc                TestUnMuteTrxvu
 .text.TestGetNumberOfFramesInBuffer
                0x2000592c       0x54 ./src/TestingDemos/TrxvuTestingDemo.o
                0x2000592c                TestGetNumberOfFramesInBuffer
 .text.TestSetTrxvuBitrate
                0x20005980       0xf0 ./src/TestingDemos/TrxvuTestingDemo.o
                0x20005980                TestSetTrxvuBitrate
 .text.TestGetTrxvuBitrate
                0x20005a70       0xb0 ./src/TestingDemos/TrxvuTestingDemo.o
                0x20005a70                TestGetTrxvuBitrate
 .text.TestTransmitDataAsSPL_Packet
                0x20005b20      0x114 ./src/TestingDemos/TrxvuTestingDemo.o
                0x20005b20                TestTransmitDataAsSPL_Packet
 .text.selectAndExecuteTrxvuDemoTest
                0x20005c34      0x28c ./src/TestingDemos/TrxvuTestingDemo.o
                0x20005c34                selectAndExecuteTrxvuDemoTest
 .text.MainTrxvuTestBench
                0x20005ec0       0x44 ./src/TestingDemos/TrxvuTestingDemo.o
                0x20005ec0                MainTrxvuTestBench
 .text.GetBatteryVoltage
                0x20005f04       0x64 ./src/SubSystemModules/PowerManagment/EPS.o
                0x20005f04                GetBatteryVoltage
 .text.EPS_Init
                0x20005f68       0xe0 ./src/SubSystemModules/PowerManagment/EPS.o
                0x20005f68                EPS_Init
 .text.EPS_Conditioning
                0x20006048      0x1c4 ./src/SubSystemModules/PowerManagment/EPS.o
                0x20006048                EPS_Conditioning
 .text.UpdateAlpha
                0x2000620c       0xc8 ./src/SubSystemModules/PowerManagment/EPS.o
                0x2000620c                UpdateAlpha
 .text.UpdateThresholdVoltages
                0x200062d4      0x204 ./src/SubSystemModules/PowerManagment/EPS.o
                0x200062d4                UpdateThresholdVoltages
 .text.GetThresholdVoltages
                0x200064d8       0x70 ./src/SubSystemModules/PowerManagment/EPS.o
                0x200064d8                GetThresholdVoltages
 .text.GetAlpha
                0x20006548       0x6c ./src/SubSystemModules/PowerManagment/EPS.o
                0x20006548                GetAlpha
 .text.RestoreDefaultThresholdVoltages
                0x200065b4       0x6c ./src/SubSystemModules/PowerManagment/EPS.o
                0x200065b4                RestoreDefaultThresholdVoltages
 .text.CMDGetHeaterValues
                0x20006620      0x234 ./src/SubSystemModules/PowerManagment/EPS.o
                0x20006620                CMDGetHeaterValues
 .text.CMDSetHeaterValues
                0x20006854      0x200 ./src/SubSystemModules/PowerManagment/EPS.o
                0x20006854                CMDSetHeaterValues
 .text.EnterFullMode
                0x20006a54       0x44 ./src/SubSystemModules/PowerManagment/EPSOperationModes.o
                0x20006a54                EnterFullMode
 .text.EnterCruiseMode
                0x20006a98       0x44 ./src/SubSystemModules/PowerManagment/EPSOperationModes.o
                0x20006a98                EnterCruiseMode
 .text.EnterSafeMode
                0x20006adc       0x44 ./src/SubSystemModules/PowerManagment/EPSOperationModes.o
                0x20006adc                EnterSafeMode
 .text.EnterCriticalMode
                0x20006b20       0x44 ./src/SubSystemModules/PowerManagment/EPSOperationModes.o
                0x20006b20                EnterCriticalMode
 .text.GetSystemState
                0x20006b64       0x24 ./src/SubSystemModules/PowerManagment/EPSOperationModes.o
                0x20006b64                GetSystemState
 .text.GetSystemChannelState
                0x20006b88       0x24 ./src/SubSystemModules/PowerManagment/EPSOperationModes.o
                0x20006b88                GetSystemChannelState
 .text.EpsGetLowVoltageFlag
                0x20006bac       0x24 ./src/SubSystemModules/PowerManagment/EPSOperationModes.o
                0x20006bac                EpsGetLowVoltageFlag
 .text.EpsSetLowVoltageFlag
                0x20006bd0       0x2c ./src/SubSystemModules/PowerManagment/EPSOperationModes.o
                0x20006bd0                EpsSetLowVoltageFlag
 .text.CheckExecutionTime
                0x20006bfc       0x78 ./src/SubSystemModules/Maintenance/Maintenance.o
                0x20006bfc                CheckExecutionTime
 .text.SaveSatTimeInFRAM
                0x20006c74       0x44 ./src/SubSystemModules/Maintenance/Maintenance.o
                0x20006c74                SaveSatTimeInFRAM
 .text.WakeupFromResetCMD
                0x20006cb8      0x120 ./src/SubSystemModules/Maintenance/Maintenance.o
                0x20006cb8                WakeupFromResetCMD
 .text.ResetGroundCommWDT
                0x20006dd8       0x1c ./src/SubSystemModules/Maintenance/Maintenance.o
                0x20006dd8                ResetGroundCommWDT
 .text.DeleteOldFiels
                0x20006df4      0x33c ./src/SubSystemModules/Maintenance/Maintenance.o
                0x20006df4                DeleteOldFiels
 .text.InitSavePeriodTimes
                0x20007130       0xc0 ./src/SubSystemModules/Housekepping/TelemetryCollector.o
                0x20007130                InitSavePeriodTimes
 .text.TelemetryCollectorLogic
                0x200071f0      0x1f0 ./src/SubSystemModules/Housekepping/TelemetryCollector.o
                0x200071f0                TelemetryCollectorLogic
 .text.TelemetrySaveEPS
                0x200073e0       0x4c ./src/SubSystemModules/Housekepping/TelemetryCollector.o
                0x200073e0                TelemetrySaveEPS
 .text.TelemetrySaveTRXVU
                0x2000742c       0x84 ./src/SubSystemModules/Housekepping/TelemetryCollector.o
                0x2000742c                TelemetrySaveTRXVU
 .text.TelemetrySaveANT
                0x200074b0       0xa4 ./src/SubSystemModules/Housekepping/TelemetryCollector.o
                0x200074b0                TelemetrySaveANT
 .text.TelemetrySaveSolarPanels
                0x20007554      0x1c4 ./src/SubSystemModules/Housekepping/TelemetryCollector.o
                0x20007554                TelemetrySaveSolarPanels
 .text.TelemetrySaveWOD
                0x20007718       0xd0 ./src/SubSystemModules/Housekepping/TelemetryCollector.o
                0x20007718                TelemetrySaveWOD
 .text.GetCurrentWODTelemetry
                0x200077e8      0x5b8 ./src/SubSystemModules/Housekepping/TelemetryCollector.o
                0x200077e8                GetCurrentWODTelemetry
 .text.CMD_DeleteTLM
                0x20007da0      0x1f4 ./src/SubSystemModules/Communication/SubsystemCommands/FS_Commands.o
                0x20007da0                CMD_DeleteTLM
 .text.CMD_GenericI2C
                0x20007f94      0x150 ./src/SubSystemModules/Communication/SubsystemCommands/Maintanence_Commands.o
                0x20007f94                CMD_GenericI2C
 .text.CMD_FRAM_ReadAndTransmitt
                0x200080e4      0x110 ./src/SubSystemModules/Communication/SubsystemCommands/Maintanence_Commands.o
                0x200080e4                CMD_FRAM_ReadAndTransmitt
 .text.CMD_FRAM_WriteAndTransmitt
                0x200081f4      0x124 ./src/SubSystemModules/Communication/SubsystemCommands/Maintanence_Commands.o
                0x200081f4                CMD_FRAM_WriteAndTransmitt
 .text.CMD_UpdateSatTime
                0x20008318       0xa0 ./src/SubSystemModules/Communication/SubsystemCommands/Maintanence_Commands.o
                0x20008318                CMD_UpdateSatTime
 .text.CMD_ResetComponent
                0x200083b8      0x270 ./src/SubSystemModules/Communication/SubsystemCommands/Maintanence_Commands.o
                0x200083b8                CMD_ResetComponent
 .text.DumpTask
                0x20008628      0x2dc ./src/SubSystemModules/Communication/SubsystemCommands/TRXVU_Commands.o
                0x20008628                DumpTask
 .text.CMD_AntennaDeploy
                0x20008904       0xcc ./src/SubSystemModules/Communication/SubsystemCommands/TRXVU_Commands.o
                0x20008904                CMD_AntennaDeploy
 .text.CMD_StartDump
                0x200089d0      0x200 ./src/SubSystemModules/Communication/SubsystemCommands/TRXVU_Commands.o
                0x200089d0                CMD_StartDump
 .text.CMD_SendDumpAbortRequest
                0x20008bd0       0x38 ./src/SubSystemModules/Communication/SubsystemCommands/TRXVU_Commands.o
                0x20008bd0                CMD_SendDumpAbortRequest
 .text.CMD_ForceDumpAbort
                0x20008c08       0x3c ./src/SubSystemModules/Communication/SubsystemCommands/TRXVU_Commands.o
                0x20008c08                CMD_ForceDumpAbort
 .text.CMD_SetTransponder
                0x20008c44      0x120 ./src/SubSystemModules/Communication/SubsystemCommands/TRXVU_Commands.o
                0x20008c44                CMD_SetTransponder
 .text.CMD_SetRSSITransponder
                0x20008d64       0x90 ./src/SubSystemModules/Communication/SubsystemCommands/TRXVU_Commands.o
                0x20008d64                CMD_SetRSSITransponder
 .text.CMD_MuteTRXVU
                0x20008df4       0x7c ./src/SubSystemModules/Communication/SubsystemCommands/TRXVU_Commands.o
                0x20008df4                CMD_MuteTRXVU
 .text.CMD_SetIdleState
                0x20008e70       0xc8 ./src/SubSystemModules/Communication/SubsystemCommands/TRXVU_Commands.o
                0x20008e70                CMD_SetIdleState
 .text.CMD_UnMuteTRXVU
                0x20008f38       0x38 ./src/SubSystemModules/Communication/SubsystemCommands/TRXVU_Commands.o
                0x20008f38                CMD_UnMuteTRXVU
 .text.CMD_GetBaudRate
                0x20008f70       0x68 ./src/SubSystemModules/Communication/SubsystemCommands/TRXVU_Commands.o
                0x20008f70                CMD_GetBaudRate
 .text.CMD_GetBeaconInterval
                0x20008fd8       0x6c ./src/SubSystemModules/Communication/SubsystemCommands/TRXVU_Commands.o
                0x20008fd8                CMD_GetBeaconInterval
 .text.CMD_SetBaudRate
                0x20009044       0x60 ./src/SubSystemModules/Communication/SubsystemCommands/TRXVU_Commands.o
                0x20009044                CMD_SetBaudRate
 .text.CMD_GetTxUptime
                0x200090a4       0x64 ./src/SubSystemModules/Communication/SubsystemCommands/TRXVU_Commands.o
                0x200090a4                CMD_GetTxUptime
 .text.CMD_GetRxUptime
                0x20009108       0x64 ./src/SubSystemModules/Communication/SubsystemCommands/TRXVU_Commands.o
                0x20009108                CMD_GetRxUptime
 .text.CMD_GetNumOfOnlineCommands
                0x2000916c       0x64 ./src/SubSystemModules/Communication/SubsystemCommands/TRXVU_Commands.o
                0x2000916c                CMD_GetNumOfOnlineCommands
 .text.CMD_AntSetArmStatus
                0x200091d0       0xa0 ./src/SubSystemModules/Communication/SubsystemCommands/TRXVU_Commands.o
                0x200091d0                CMD_AntSetArmStatus
 .text.CMD_AntGetArmStatus
                0x20009270       0x70 ./src/SubSystemModules/Communication/SubsystemCommands/TRXVU_Commands.o
                0x20009270                CMD_AntGetArmStatus
 .text.CMD_AntGetUptime
                0x200092e0       0x78 ./src/SubSystemModules/Communication/SubsystemCommands/TRXVU_Commands.o
                0x200092e0                CMD_AntGetUptime
 .text.CMD_StopReDeployment
                0x20009358       0x9c ./src/SubSystemModules/Communication/SubsystemCommands/TRXVU_Commands.o
                0x20009358                CMD_StopReDeployment
 .text.CMD_AntCancelDeployment
                0x200093f4       0x68 ./src/SubSystemModules/Communication/SubsystemCommands/TRXVU_Commands.o
                0x200093f4                CMD_AntCancelDeployment
 .text.SendAckPacket
                0x2000945c       0xe0 ./src/SubSystemModules/Communication/AckHandler.o
                0x2000945c                SendAckPacket
 .text.trxvu_command_router
                0x2000953c      0x534 ./src/SubSystemModules/Communication/CommandDictionary.o
                0x2000953c                trxvu_command_router
 .text.eps_command_router
                0x20009a70       0xc0 ./src/SubSystemModules/Communication/CommandDictionary.o
                0x20009a70                eps_command_router
 .text.telemetry_command_router
                0x20009b30       0x90 ./src/SubSystemModules/Communication/CommandDictionary.o
                0x20009b30                telemetry_command_router
 .text.managment_command_router
                0x20009bc0       0xfc ./src/SubSystemModules/Communication/CommandDictionary.o
                0x20009bc0                managment_command_router
 .text.filesystem_command_router
                0x20009cbc       0x24 ./src/SubSystemModules/Communication/CommandDictionary.o
                0x20009cbc                filesystem_command_router
 .text.ParseDataToCommand
                0x20009ce0      0x1ac ./src/SubSystemModules/Communication/SatCommandHandler.o
                0x20009ce0                ParseDataToCommand
 .text.AssembleCommand
                0x20009e8c      0x170 ./src/SubSystemModules/Communication/SatCommandHandler.o
                0x20009e8c                AssembleCommand
 .text.GetDelayedCommand
                0x20009ffc       0x24 ./src/SubSystemModules/Communication/SatCommandHandler.o
                0x20009ffc                GetDelayedCommand
 .text.AddDelayedCommand
                0x2000a020       0x24 ./src/SubSystemModules/Communication/SatCommandHandler.o
                0x2000a020                AddDelayedCommand
 .text.GetDelayedCommandBufferCount
                0x2000a044       0x50 ./src/SubSystemModules/Communication/SatCommandHandler.o
                0x2000a044                GetDelayedCommandBufferCount
 .text.GetDelayedCommandByIndex
                0x2000a094       0x28 ./src/SubSystemModules/Communication/SatCommandHandler.o
                0x2000a094                GetDelayedCommandByIndex
 .text.DeleteDelayedCommandByIndex
                0x2000a0bc       0x24 ./src/SubSystemModules/Communication/SatCommandHandler.o
                0x2000a0bc                DeleteDelayedCommandByIndex
 .text.DeleteDelayedBuffer
                0x2000a0e0       0x1c ./src/SubSystemModules/Communication/SatCommandHandler.o
                0x2000a0e0                DeleteDelayedBuffer
 .text.ActUponCommand
                0x2000a0fc       0xb4 ./src/SubSystemModules/Communication/SatCommandHandler.o
                0x2000a0fc                ActUponCommand
 .text.InitTxModule
                0x2000a1b0       0x68 ./src/SubSystemModules/Communication/TRXVU.o
                0x2000a1b0                InitTxModule
 .text.CMD_SetBeaconInterval
                0x2000a218       0xdc ./src/SubSystemModules/Communication/TRXVU.o
                0x2000a218                CMD_SetBeaconInterval
 .text.InitBeaconParams
                0x2000a2f4       0x3c ./src/SubSystemModules/Communication/TRXVU.o
                0x2000a2f4                InitBeaconParams
 .text.InitSemaphores
                0x2000a330       0x98 ./src/SubSystemModules/Communication/TRXVU.o
                0x2000a330                InitSemaphores
 .text.InitTrxvu
                0x2000a3c8      0x110 ./src/SubSystemModules/Communication/TRXVU.o
                0x2000a3c8                InitTrxvu
 .text.checkIdleFinish
                0x2000a4d8       0x68 ./src/SubSystemModules/Communication/TRXVU.o
                0x2000a4d8                checkIdleFinish
 .text.checkTransponderFinish
                0x2000a540       0x84 ./src/SubSystemModules/Communication/TRXVU.o
                0x2000a540                checkTransponderFinish
 .text.TRX_Logic
                0x2000a5c4       0xc8 ./src/SubSystemModules/Communication/TRXVU.o
                0x2000a5c4                TRX_Logic
 .text.GetNumberOfFramesInBuffer
                0x2000a68c       0x54 ./src/SubSystemModules/Communication/TRXVU.o
                0x2000a68c                GetNumberOfFramesInBuffer
 .text.GetOnlineCommand
                0x2000a6e0      0x128 ./src/SubSystemModules/Communication/TRXVU.o
                0x2000a6e0                GetOnlineCommand
 .text.CheckTransmitionAllowed
                0x2000a808       0xc4 ./src/SubSystemModules/Communication/TRXVU.o
                0x2000a808                CheckTransmitionAllowed
 .text.FinishDump
                0x2000a8cc       0xf4 ./src/SubSystemModules/Communication/TRXVU.o
                0x2000a8cc                FinishDump
 .text.AbortDump
                0x2000a9c0       0x34 ./src/SubSystemModules/Communication/TRXVU.o
                0x2000a9c0                AbortDump
 .text.SendDumpAbortRequest
                0x2000a9f4       0x64 ./src/SubSystemModules/Communication/TRXVU.o
                0x2000a9f4                SendDumpAbortRequest
 .text.CheckDumpAbort
                0x2000aa58       0x6c ./src/SubSystemModules/Communication/TRXVU.o
                0x2000aa58                CheckDumpAbort
 .text.BeaconLogic
                0x2000aac4      0x210 ./src/SubSystemModules/Communication/TRXVU.o
                0x2000aac4                BeaconLogic
 .text.SetIdleState
                0x2000acd4       0xa8 ./src/SubSystemModules/Communication/TRXVU.o
                0x2000acd4                SetIdleState
 .text.muteTRXVU
                0x2000ad7c       0x70 ./src/SubSystemModules/Communication/TRXVU.o
                0x2000ad7c                muteTRXVU
 .text.UnMuteTRXVU
                0x2000adec       0x24 ./src/SubSystemModules/Communication/TRXVU.o
                0x2000adec                UnMuteTRXVU
 .text.TransmitDataAsSPL_Packet
                0x2000ae10      0x104 ./src/SubSystemModules/Communication/TRXVU.o
                0x2000ae10                TransmitDataAsSPL_Packet
 .text.TransmitSplPacket
                0x2000af14      0x1b8 ./src/SubSystemModules/Communication/TRXVU.o
                0x2000af14                TransmitSplPacket
 .text.isFirstActivation
                0x2000b0cc       0x38 ./src/InitSystem.o
                0x2000b0cc                isFirstActivation
 .text.WriteDefaultValuesToFRAM
                0x2000b104      0x1c0 ./src/InitSystem.o
                0x2000b104                WriteDefaultValuesToFRAM
 .text.StartFRAM
                0x2000b2c4       0x24 ./src/InitSystem.o
                0x2000b2c4                StartFRAM
 .text.StartI2C
                0x2000b2e8       0x30 ./src/InitSystem.o
                0x2000b2e8                StartI2C
 .text.StartSPI
                0x2000b318       0x2c ./src/InitSystem.o
                0x2000b318                StartSPI
 .text.StartTIME
                0x2000b344       0xb0 ./src/InitSystem.o
                0x2000b344                StartTIME
 .text.DeploySystem
                0x2000b3f4      0x140 ./src/InitSystem.o
                0x2000b3f4                DeploySystem
 .text.InitSubsystems
                0x2000b534       0x48 ./src/InitSystem.o
                0x2000b534                InitSubsystems
 .text.delete_allTMFilesFromSD
                0x2000b57c       0xa0 ./src/TLM_management.o
                0x2000b57c                delete_allTMFilesFromSD
 .text.deleteTLMFiles
                0x2000b61c       0x94 ./src/TLM_management.o
                0x2000b61c                deleteTLMFiles
 .text.deleteTLMFile
                0x2000b6b0       0xc0 ./src/TLM_management.o
                0x2000b6b0                deleteTLMFile
 .text.InitializeFS
                0x2000b770       0xd0 ./src/TLM_management.o
                0x2000b770                InitializeFS
 .text.calculateFileName
                0x2000b840      0x108 ./src/TLM_management.o
                0x2000b840                calculateFileName
 .text.getTlmTypeInfo
                0x2000b948      0x230 ./src/TLM_management.o
                0x2000b948                getTlmTypeInfo
 .text.write2File
                0x2000bb78      0x150 ./src/TLM_management.o
                0x2000bb78                write2File
 .text.printTLM
                0x2000bcc8      0x648 ./src/TLM_management.o
                0x2000bcc8                printTLM
 .text.readTLMFile
                0x2000c310      0x32c ./src/TLM_management.o
                0x2000c310                readTLMFile
 .text.readTLMFiles
                0x2000c63c       0xc8 ./src/TLM_management.o
                0x2000c63c                readTLMFiles
 .text.readTLMFileTimeRange
                0x2000c704      0x2f8 ./src/TLM_management.o
                0x2000c704                readTLMFileTimeRange
 .text.DeInitializeFS
                0x2000c9fc       0x14 ./src/TLM_management.o
                0x2000c9fc                DeInitializeFS
 .text.main     0x2000ca10       0x98 ./src/main.o
                0x2000ca10                main
 .text.timeU2time
                0x2000caa8       0xbc ./src/utils.o
                0x2000caa8                timeU2time
 .text.logError
                0x2000cb64      0x138 ./src/utils.o
                0x2000cb64                logError
 .text.validateTransferParameters
                0x2000cc9c      0x10c C:/ISIS/workspace_ycube/GlobusSatProject/..//hal/hal/lib\libHALD.a(I2C.o)
 .text.I2C_queueTransfer
                0x2000cda8       0xfc C:/ISIS/workspace_ycube/GlobusSatProject/..//hal/hal/lib\libHALD.a(I2C.o)
                0x2000cda8                I2C_queueTransfer
 .text.I2C_internalCallback
                0x2000cea4       0x64 C:/ISIS/workspace_ycube/GlobusSatProject/..//hal/hal/lib\libHALD.a(I2C.o)
 .text.I2C_doBlockingTransfer
                0x2000cf08      0x180 C:/ISIS/workspace_ycube/GlobusSatProject/..//hal/hal/lib\libHALD.a(I2C.o)
 .text.I2C_write
                0x2000d088      0x110 C:/ISIS/workspace_ycube/GlobusSatProject/..//hal/hal/lib\libHALD.a(I2C.o)
                0x2000d088                I2C_write
 .text.I2C_read
                0x2000d198      0x110 C:/ISIS/workspace_ycube/GlobusSatProject/..//hal/hal/lib\libHALD.a(I2C.o)
                0x2000d198                I2C_read
 .text.I2C_writeRead
                0x2000d2a8      0x17c C:/ISIS/workspace_ycube/GlobusSatProject/..//hal/hal/lib\libHALD.a(I2C.o)
                0x2000d2a8                I2C_writeRead
 .text.I2C_start
                0x2000d424      0x2e8 C:/ISIS/workspace_ycube/GlobusSatProject/..//hal/hal/lib\libHALD.a(I2C.o)
                0x2000d424                I2C_start
 .text.I2C_stop
                0x2000d70c      0x184 C:/ISIS/workspace_ycube/GlobusSatProject/..//hal/hal/lib\libHALD.a(I2C.o)
                0x2000d70c                I2C_stop
 .text.I2C_setTransferTimeout
                0x2000d890       0x48 C:/ISIS/workspace_ycube/GlobusSatProject/..//hal/hal/lib\libHALD.a(I2C.o)
                0x2000d890                I2C_setTransferTimeout
 .text.clearPDCtransfers
                0x2000d8d8       0xe8 C:/ISIS/workspace_ycube/GlobusSatProject/..//hal/hal/lib\libHALD.a(SPI.o)
 .text.SPI_start
                0x2000d9c0      0x4b0 C:/ISIS/workspace_ycube/GlobusSatProject/..//hal/hal/lib\libHALD.a(SPI.o)
                0x2000d9c0                SPI_start
 .text.SPI_stop
                0x2000de70      0x244 C:/ISIS/workspace_ycube/GlobusSatProject/..//hal/hal/lib\libHALD.a(SPI.o)
                0x2000de70                SPI_stop
 .text.SPI_queueTransfer
                0x2000e0b4      0x1cc C:/ISIS/workspace_ycube/GlobusSatProject/..//hal/hal/lib\libHALD.a(SPI.o)
                0x2000e0b4                SPI_queueTransfer
 .text.SPI_internalCallback
                0x2000e280       0x64 C:/ISIS/workspace_ycube/GlobusSatProject/..//hal/hal/lib\libHALD.a(SPI.o)
 .text.SPI_writeRead
                0x2000e2e4      0x1c0 C:/ISIS/workspace_ycube/GlobusSatProject/..//hal/hal/lib\libHALD.a(SPI.o)
                0x2000e2e4                SPI_writeRead
 .text.waitForTransfer
                0x2000e4a4       0x78 C:/ISIS/workspace_ycube/GlobusSatProject/..//hal/hal/lib\libHALD.a(SPI.o)
 .text.SPI_getDriverState
                0x2000e51c       0x58 C:/ISIS/workspace_ycube/GlobusSatProject/..//hal/hal/lib\libHALD.a(SPI.o)
                0x2000e51c                SPI_getDriverState
 .text.FRAM_start
                0x2000e574      0x120 C:/ISIS/workspace_ycube/GlobusSatProject/..//hal/hal/lib\libHALD.a(FRAM.o)
                0x2000e574                FRAM_start
 .text.FRAM_dummyCallback
                0x2000e694       0x24 C:/ISIS/workspace_ycube/GlobusSatProject/..//hal/hal/lib\libHALD.a(FRAM.o)
                0x2000e694                FRAM_dummyCallback
 .text.FRAM_unlockingCallback
                0x2000e6b8       0x64 C:/ISIS/workspace_ycube/GlobusSatProject/..//hal/hal/lib\libHALD.a(FRAM.o)
                0x2000e6b8                FRAM_unlockingCallback
 .text.doBlockingTransfer
                0x2000e71c       0x78 C:/ISIS/workspace_ycube/GlobusSatProject/..//hal/hal/lib\libHALD.a(FRAM.o)
 .text.FRAM_writePacket
                0x2000e794      0x144 C:/ISIS/workspace_ycube/GlobusSatProject/..//hal/hal/lib\libHALD.a(FRAM.o)
 .text.FRAM_write
                0x2000e8d8      0x1d8 C:/ISIS/workspace_ycube/GlobusSatProject/..//hal/hal/lib\libHALD.a(FRAM.o)
                0x2000e8d8                FRAM_write
 .text.FRAM_readPacket
                0x2000eab0       0xf0 C:/ISIS/workspace_ycube/GlobusSatProject/..//hal/hal/lib\libHALD.a(FRAM.o)
 .text.FRAM_read
                0x2000eba0      0x1e4 C:/ISIS/workspace_ycube/GlobusSatProject/..//hal/hal/lib\libHALD.a(FRAM.o)
                0x2000eba0                FRAM_read
 .text.Time_start
                0x2000ed84      0x150 C:/ISIS/workspace_ycube/GlobusSatProject/..//hal/hal/lib\libHALD.a(Time.o)
                0x2000ed84                Time_start
 .text.taskTimeSync
                0x2000eed4       0x38 C:/ISIS/workspace_ycube/GlobusSatProject/..//hal/hal/lib\libHALD.a(Time.o)
 .text.Time_convertEpochToTime
                0x2000ef0c       0xf4 C:/ISIS/workspace_ycube/GlobusSatProject/..//hal/hal/lib\libHALD.a(Time.o)
                0x2000ef0c                Time_convertEpochToTime
 .text.Time_populateSecondsOfYear
                0x2000f000      0x188 C:/ISIS/workspace_ycube/GlobusSatProject/..//hal/hal/lib\libHALD.a(Time.o)
 .text.Time_set
                0x2000f188      0x110 C:/ISIS/workspace_ycube/GlobusSatProject/..//hal/hal/lib\libHALD.a(Time.o)
                0x2000f188                Time_set
 .text.Time_isLeapYear
                0x2000f298       0x98 C:/ISIS/workspace_ycube/GlobusSatProject/..//hal/hal/lib\libHALD.a(Time.o)
                0x2000f298                Time_isLeapYear
 .text.Time_get
                0x2000f330      0x410 C:/ISIS/workspace_ycube/GlobusSatProject/..//hal/hal/lib\libHALD.a(Time.o)
                0x2000f330                Time_get
 .text.Time_getUnixEpoch
                0x2000f740       0xf4 C:/ISIS/workspace_ycube/GlobusSatProject/..//hal/hal/lib\libHALD.a(Time.o)
                0x2000f740                Time_getUnixEpoch
 .text.Time_secondsOfYearToTime
                0x2000f834      0x328 C:/ISIS/workspace_ycube/GlobusSatProject/..//hal/hal/lib\libHALD.a(Time.o)
 .text.Time_setUnixEpoch
                0x2000fb5c       0x54 C:/ISIS/workspace_ycube/GlobusSatProject/..//hal/hal/lib\libHALD.a(Time.o)
                0x2000fb5c                Time_setUnixEpoch
 .text.Time_getUptimeSeconds
                0x2000fbb0       0x28 C:/ISIS/workspace_ycube/GlobusSatProject/..//hal/hal/lib\libHALD.a(Time.o)
                0x2000fbb0                Time_getUptimeSeconds
 .text.Time_sync
                0x2000fbd8      0x2d8 C:/ISIS/workspace_ycube/GlobusSatProject/..//hal/hal/lib\libHALD.a(Time.o)
                0x2000fbd8                Time_sync
 .text.Time_syncIfNeeded
                0x2000feb0       0x90 C:/ISIS/workspace_ycube/GlobusSatProject/..//hal/hal/lib\libHALD.a(Time.o)
                0x2000feb0                Time_syncIfNeeded
 .text.Time_setSyncInterval
                0x2000ff40       0x38 C:/ISIS/workspace_ycube/GlobusSatProject/..//hal/hal/lib\libHALD.a(Time.o)
                0x2000ff40                Time_setSyncInterval
 .text.WDT_start
                0x2000ff78       0x48 C:/ISIS/workspace_ycube/GlobusSatProject/..//hal/hal/lib\libHALD.a(WatchDogTimerNoOS.o)
                0x2000ff78                WDT_start
 .text.WDT_startWatchdogKickTask
                0x2000ffc0       0xb4 C:/ISIS/workspace_ycube/GlobusSatProject/..//hal/hal/lib\libHALD.a(WatchDogTimerOS.o)
                0x2000ffc0                WDT_startWatchdogKickTask
 .text.WDT_forceKickEveryNms
                0x20010074       0x50 C:/ISIS/workspace_ycube/GlobusSatProject/..//hal/hal/lib\libHALD.a(WatchDogTimerOS.o)
                0x20010074                WDT_forceKickEveryNms
 .text.UTIL_DbguGetInteger
                0x200100c4      0x12c C:/ISIS/workspace_ycube/GlobusSatProject/..//hal/hal/lib\libHALD.a(util.o)
                0x200100c4                UTIL_DbguGetInteger
 .text.UTIL_DbguGetIntegerMinMax
                0x200101f0       0xa4 C:/ISIS/workspace_ycube/GlobusSatProject/..//hal/hal/lib\libHALD.a(util.o)
                0x200101f0                UTIL_DbguGetIntegerMinMax
 .text.LED_glow
                0x20010294       0x58 C:/ISIS/workspace_ycube/GlobusSatProject/..//hal/hal/lib\libHALD.a(LED.o)
                0x20010294                LED_glow
 .text.LED_dark
                0x200102ec       0x58 C:/ISIS/workspace_ycube/GlobusSatProject/..//hal/hal/lib\libHALD.a(LED.o)
                0x200102ec                LED_dark
 .text.LED_toggle
                0x20010344       0x50 C:/ISIS/workspace_ycube/GlobusSatProject/..//hal/hal/lib\libHALD.a(LED.o)
                0x20010344                LED_toggle
 .text.RTC_start
                0x20010394       0x3c C:/ISIS/workspace_ycube/GlobusSatProject/..//hal/hal/lib\libHALD.a(RTC.o)
                0x20010394                RTC_start
 .text.RTC_setTime
                0x200103d0      0x2a4 C:/ISIS/workspace_ycube/GlobusSatProject/..//hal/hal/lib\libHALD.a(RTC.o)
                0x200103d0                RTC_setTime
 .text.RTC_getTime
                0x20010674      0x224 C:/ISIS/workspace_ycube/GlobusSatProject/..//hal/hal/lib\libHALD.a(RTC.o)
                0x20010674                RTC_getTime
 .text.RTC_checkTimeValid
                0x20010898       0xdc C:/ISIS/workspace_ycube/GlobusSatProject/..//hal/hal/lib\libHALD.a(RTC.o)
                0x20010898                RTC_checkTimeValid
 .text.RTT_start
                0x20010974       0x24 C:/ISIS/workspace_ycube/GlobusSatProject/..//hal/hal/lib\libHALD.a(RTT.o)
                0x20010974                RTT_start
 .text.fn_init  0x20010998      0x2dc C:/ISIS/workspace_ycube/GlobusSatProject/..//hal/hcc/lib\libHCCD.a(fat_common.o)
                0x20010998                fn_init
 .text._f_get16bitl
                0x20010c74       0x4c C:/ISIS/workspace_ycube/GlobusSatProject/..//hal/hcc/lib\libHCCD.a(fat_common.o)
                0x20010c74                _f_get16bitl
 .text._f_set16bitl
                0x20010cc0       0x54 C:/ISIS/workspace_ycube/GlobusSatProject/..//hal/hcc/lib\libHCCD.a(fat_common.o)
                0x20010cc0                _f_set16bitl
 .text._f_get32bitl
                0x20010d14       0x68 C:/ISIS/workspace_ycube/GlobusSatProject/..//hal/hcc/lib\libHCCD.a(fat_common.o)
                0x20010d14                _f_get32bitl
 .text._f_set32bitl
                0x20010d7c       0x78 C:/ISIS/workspace_ycube/GlobusSatProject/..//hal/hcc/lib\libHCCD.a(fat_common.o)
                0x20010d7c                _f_set32bitl
 .text._get8bit
                0x20010df4       0xa0 C:/ISIS/workspace_ycube/GlobusSatProject/..//hal/hcc/lib\libHCCD.a(fat_common.o)
 .text._get16bitl
                0x20010e94       0x40 C:/ISIS/workspace_ycube/GlobusSatProject/..//hal/hcc/lib\libHCCD.a(fat_common.o)
 .text._get32bitl
                0x20010ed4       0x3c C:/ISIS/workspace_ycube/GlobusSatProject/..//hal/hcc/lib\libHCCD.a(fat_common.o)
 .text._f_setcardremoved
                0x20010f10       0x94 C:/ISIS/workspace_ycube/GlobusSatProject/..//hal/hcc/lib\libHCCD.a(fat_common.o)
 .text._f_checkstatus
                0x20010fa4      0x104 C:/ISIS/workspace_ycube/GlobusSatProject/..//hal/hcc/lib\libHCCD.a(fat_common.o)
                0x20010fa4                _f_checkstatus
 .text._f_drvgetphy
                0x200110a8      0x114 C:/ISIS/workspace_ycube/GlobusSatProject/..//hal/hcc/lib\libHCCD.a(fat_common.o)
 .text._f_drvwritesector
                0x200111bc       0xdc C:/ISIS/workspace_ycube/GlobusSatProject/..//hal/hcc/lib\libHCCD.a(fat_common.o)
 .text._f_drvreadsector
                0x20011298       0xa8 C:/ISIS/workspace_ycube/GlobusSatProject/..//hal/hcc/lib\libHCCD.a(fat_common.o)
 .text._f_writesector
                0x20011340      0x23c C:/ISIS/workspace_ycube/GlobusSatProject/..//hal/hcc/lib\libHCCD.a(fat_common.o)
                0x20011340                _f_writesector
 .text._f_readsector
                0x2001157c      0x1dc C:/ISIS/workspace_ycube/GlobusSatProject/..//hal/hcc/lib\libHCCD.a(fat_common.o)
                0x2001157c                _f_readsector
 .text._f_getmaxcluster
                0x20011758       0x94 C:/ISIS/workspace_ycube/GlobusSatProject/..//hal/hcc/lib\libHCCD.a(fat_common.o)
                0x20011758                _f_getmaxcluster
 .text._getsectorfromcluster
                0x200117ec       0x68 C:/ISIS/workspace_ycube/GlobusSatProject/..//hal/hcc/lib\libHCCD.a(fat_common.o)
 .text._f_buildsectors
                0x20011854      0x268 C:/ISIS/workspace_ycube/GlobusSatProject/..//hal/hcc/lib\libHCCD.a(fat_common.o)
 .text._f_getbootrecord
                0x20011abc      0x5e4 C:/ISIS/workspace_ycube/GlobusSatProject/..//hal/hcc/lib\libHCCD.a(fat_common.o)
 .text._f_readbootrecord
                0x200120a0      0x4f8 C:/ISIS/workspace_ycube/GlobusSatProject/..//hal/hcc/lib\libHCCD.a(fat_common.o)
 .text._f_flushcffiles
                0x20012598      0x17c C:/ISIS/workspace_ycube/GlobusSatProject/..//hal/hcc/lib\libHCCD.a(fat_common.o)
                0x20012598                _f_flushcffiles
 .text._f_fatcache_flush
                0x20012714      0x270 C:/ISIS/workspace_ycube/GlobusSatProject/..//hal/hcc/lib\libHCCD.a(fat_common.o)
                0x20012714                _f_fatcache_flush
 .text._f_writefatsector
                0x20012984      0x100 C:/ISIS/workspace_ycube/GlobusSatProject/..//hal/hcc/lib\libHCCD.a(fat_common.o)
                0x20012984                _f_writefatsector
 .text._f_getfatsector
                0x20012a84      0x3bc C:/ISIS/workspace_ycube/GlobusSatProject/..//hal/hcc/lib\libHCCD.a(fat_common.o)
 .text._f_setclustervalue
                0x20012e40      0x490 C:/ISIS/workspace_ycube/GlobusSatProject/..//hal/hcc/lib\libHCCD.a(fat_common.o)
                0x20012e40                _f_setclustervalue
 .text._f_getclustervalue
                0x200132d0      0x388 C:/ISIS/workspace_ycube/GlobusSatProject/..//hal/hcc/lib\libHCCD.a(fat_common.o)
                0x200132d0                _f_getclustervalue
 .text._f_close_drive_files
                0x20013658       0xac C:/ISIS/workspace_ycube/GlobusSatProject/..//hal/hcc/lib\libHCCD.a(fat_common.o)
 .text._f_inc_mount_count
                0x20013704       0xa4 C:/ISIS/workspace_ycube/GlobusSatProject/..//hal/hcc/lib\libHCCD.a(fat_common.o)
 .text._f_getvolume
                0x200137a8      0x2f8 C:/ISIS/workspace_ycube/GlobusSatProject/..//hal/hcc/lib\libHCCD.a(fat_common.o)
                0x200137a8                _f_getvolume
 .text.fn_createdriver
                0x20013aa0      0x118 C:/ISIS/workspace_ycube/GlobusSatProject/..//hal/hcc/lib\libHCCD.a(fat_common.o)
                0x20013aa0                fn_createdriver
 .text.fn_initvolume
                0x20013bb8      0x12c C:/ISIS/workspace_ycube/GlobusSatProject/..//hal/hcc/lib\libHCCD.a(fat_common.o)
                0x20013bb8                fn_initvolume
 .text.fn_initvolumepartition_sub
                0x20013ce4       0xe0 C:/ISIS/workspace_ycube/GlobusSatProject/..//hal/hcc/lib\libHCCD.a(fat_common.o)
 .text.fn_initvolumepartition
                0x20013dc4       0xac C:/ISIS/workspace_ycube/GlobusSatProject/..//hal/hcc/lib\libHCCD.a(fat_common.o)
                0x20013dc4                fn_initvolumepartition
 .text._f_clustertopos
                0x20013e70       0xf8 C:/ISIS/workspace_ycube/GlobusSatProject/..//hal/hcc/lib\libHCCD.a(fat_common.o)
                0x20013e70                _f_clustertopos
 .text._f_getcurrsector
                0x20013f68      0x6c8 C:/ISIS/workspace_ycube/GlobusSatProject/..//hal/hcc/lib\libHCCD.a(fat_common.o)
                0x20013f68                _f_getcurrsector
 .text._f_getdecluster
                0x20014630       0x90 C:/ISIS/workspace_ycube/GlobusSatProject/..//hal/hcc/lib\libHCCD.a(fat_common.o)
                0x20014630                _f_getdecluster
 .text._f_setdecluster
                0x200146c0       0x8c C:/ISIS/workspace_ycube/GlobusSatProject/..//hal/hcc/lib\libHCCD.a(fat_common.o)
                0x200146c0                _f_setdecluster
 .text.fn_getdrive
                0x2001474c       0x30 C:/ISIS/workspace_ycube/GlobusSatProject/..//hal/hcc/lib\libHCCD.a(fat_common.o)
                0x2001474c                fn_getdrive
 .text._f_getcurrenttimedate
                0x2001477c      0x138 C:/ISIS/workspace_ycube/GlobusSatProject/..//hal/hcc/lib\libHCCD.a(fat_common.o)
                0x2001477c                _f_getcurrenttimedate
 .text._f_initentry
                0x200148b4       0xa0 C:/ISIS/workspace_ycube/GlobusSatProject/..//hal/hcc/lib\libHCCD.a(fat_common.o)
                0x200148b4                _f_initentry
 .text._f_alloccluster
                0x20014954      0x344 C:/ISIS/workspace_ycube/GlobusSatProject/..//hal/hcc/lib\libHCCD.a(fat_common.o)
                0x20014954                _f_alloccluster
 .text._f_dobadblock
                0x20014c98      0x2cc C:/ISIS/workspace_ycube/GlobusSatProject/..//hal/hcc/lib\libHCCD.a(fat_common.o)
                0x20014c98                _f_dobadblock
 .text._f_checklocked
                0x20014f64       0xe4 C:/ISIS/workspace_ycube/GlobusSatProject/..//hal/hcc/lib\libHCCD.a(fat_common.o)
                0x20014f64                _f_checklocked
 .text._f_checkappendlocked
                0x20015048      0x110 C:/ISIS/workspace_ycube/GlobusSatProject/..//hal/hcc/lib\libHCCD.a(fat_common.o)
                0x20015048                _f_checkappendlocked
 .text._f_setsyncafile
                0x20015158      0x114 C:/ISIS/workspace_ycube/GlobusSatProject/..//hal/hcc/lib\libHCCD.a(fat_common.o)
                0x20015158                _f_setsyncafile
 .text._f_syncfiles
                0x2001526c      0x128 C:/ISIS/workspace_ycube/GlobusSatProject/..//hal/hcc/lib\libHCCD.a(fat_common.o)
                0x2001526c                _f_syncfiles
 .text._f_syncfilescontent
                0x20015394      0x15c C:/ISIS/workspace_ycube/GlobusSatProject/..//hal/hcc/lib\libHCCD.a(fat_common.o)
 .text.fn_getfreespace
                0x200154f0      0x4c0 C:/ISIS/workspace_ycube/GlobusSatProject/..//hal/hcc/lib\libHCCD.a(fat_common.o)
                0x200154f0                fn_getfreespace
 .text._f_emptywritecache
                0x200159b0      0x4a4 C:/ISIS/workspace_ycube/GlobusSatProject/..//hal/hcc/lib\libHCCD.a(fat_common.o)
 .text._f_allocnextcluster
                0x20015e54      0x54c C:/ISIS/workspace_ycube/GlobusSatProject/..//hal/hcc/lib\libHCCD.a(fat_common.o)
 .text._f_emptywritebuffer
                0x200163a0      0x20c C:/ISIS/workspace_ycube/GlobusSatProject/..//hal/hcc/lib\libHCCD.a(fat_common.o)
 .text._f_writezeros
                0x200165ac       0xf0 C:/ISIS/workspace_ycube/GlobusSatProject/..//hal/hcc/lib\libHCCD.a(fat_common.o)
                0x200165ac                _f_writezeros
 .text._f_extend_file
                0x2001669c      0x570 C:/ISIS/workspace_ycube/GlobusSatProject/..//hal/hcc/lib\libHCCD.a(fat_common.o)
 .text._f_fseek
                0x20016c0c      0x9bc C:/ISIS/workspace_ycube/GlobusSatProject/..//hal/hcc/lib\libHCCD.a(fat_common.o)
                0x20016c0c                _f_fseek
 .text._f_removechain
                0x200175c8      0x104 C:/ISIS/workspace_ycube/GlobusSatProject/..//hal/hcc/lib\libHCCD.a(fat_common.o)
                0x200175c8                _f_removechain
 .text._f_updatefileentry
                0x200176cc      0x1cc C:/ISIS/workspace_ycube/GlobusSatProject/..//hal/hcc/lib\libHCCD.a(fat_common.o)
 .text._f_checkreadlocked
                0x20017898      0x1bc C:/ISIS/workspace_ycube/GlobusSatProject/..//hal/hcc/lib\libHCCD.a(fat_common.o)
                0x20017898                _f_checkreadlocked
 .text._f_check_handle
                0x20017a54       0x98 C:/ISIS/workspace_ycube/GlobusSatProject/..//hal/hcc/lib\libHCCD.a(fat_common.o)
                0x20017a54                _f_check_handle
 .text._f_removesyncafile
                0x20017aec      0x1ec C:/ISIS/workspace_ycube/GlobusSatProject/..//hal/hcc/lib\libHCCD.a(fat_common.o)
 .text.fn_close
                0x20017cd8      0x3f8 C:/ISIS/workspace_ycube/GlobusSatProject/..//hal/hcc/lib\libHCCD.a(fat_common.o)
                0x20017cd8                fn_close
 .text.fn_flush
                0x200180d0      0x374 C:/ISIS/workspace_ycube/GlobusSatProject/..//hal/hcc/lib\libHCCD.a(fat_common.o)
                0x200180d0                fn_flush
 .text.fn_read  0x20018444      0x690 C:/ISIS/workspace_ycube/GlobusSatProject/..//hal/hcc/lib\libHCCD.a(fat_common.o)
                0x20018444                fn_read
 .text._f_abortwrite
                0x20018ad4      0x100 C:/ISIS/workspace_ycube/GlobusSatProject/..//hal/hcc/lib\libHCCD.a(fat_common.o)
 .text._f_checkwritecluster
                0x20018bd4       0xe4 C:/ISIS/workspace_ycube/GlobusSatProject/..//hal/hcc/lib\libHCCD.a(fat_common.o)
 .text.fn_write
                0x20018cb8      0x8a8 C:/ISIS/workspace_ycube/GlobusSatProject/..//hal/hcc/lib\libHCCD.a(fat_common.o)
                0x20018cb8                fn_write
 .text.f_enterFS
                0x20019560      0x1c0 C:/ISIS/workspace_ycube/GlobusSatProject/..//hal/hcc/lib\libHCCD.a(fat_common.o)
                0x20019560                f_enterFS
 .text.f_releaseFS
                0x20019720       0xb0 C:/ISIS/workspace_ycube/GlobusSatProject/..//hal/hcc/lib\libHCCD.a(fat_common.o)
                0x20019720                f_releaseFS
 .text.fnGetTask
                0x200197d0       0xfc C:/ISIS/workspace_ycube/GlobusSatProject/..//hal/hcc/lib\libHCCD.a(fat_common.o)
                0x200197d0                fnGetTask
 .text._f_mutex_get
                0x200198cc       0x98 C:/ISIS/workspace_ycube/GlobusSatProject/..//hal/hcc/lib\libHCCD.a(fat_common.o)
                0x200198cc                _f_mutex_get
 .text._f_mutex_put
                0x20019964       0x54 C:/ISIS/workspace_ycube/GlobusSatProject/..//hal/hcc/lib\libHCCD.a(fat_common.o)
                0x20019964                _f_mutex_put
 .text._fn_initseekdivisor
                0x200199b8      0x158 C:/ISIS/workspace_ycube/GlobusSatProject/..//hal/hcc/lib\libHCCD.a(fat_common.o)
                0x200199b8                _fn_initseekdivisor
 .text._fn_updateseekpos
                0x20019b10       0xc4 C:/ISIS/workspace_ycube/GlobusSatProject/..//hal/hcc/lib\libHCCD.a(fat_common.o)
 .text._f_findopensize
                0x20019bd4       0x2c C:/ISIS/workspace_ycube/GlobusSatProject/..//hal/hcc/lib\libHCCD.a(fat_common.o)
                0x20019bd4                _f_findopensize
 .text.fn_setlasterror
                0x20019c00       0x34 C:/ISIS/workspace_ycube/GlobusSatProject/..//hal/hcc/lib\libHCCD.a(fat_common.o)
                0x20019c00                fn_setlasterror
 .text.fn_setlasterror_noret
                0x20019c34       0x2c C:/ISIS/workspace_ycube/GlobusSatProject/..//hal/hcc/lib\libHCCD.a(fat_common.o)
                0x20019c34                fn_setlasterror_noret
 .text.fm_initvolume
                0x20019c60       0x70 C:/ISIS/workspace_ycube/GlobusSatProject/..//hal/hcc/lib\libHCCD.a(fat_m.o)
                0x20019c60                fm_initvolume
 .text.fm_getdrive
                0x20019cd0       0x70 C:/ISIS/workspace_ycube/GlobusSatProject/..//hal/hcc/lib\libHCCD.a(fat_m.o)
                0x20019cd0                fm_getdrive
 .text.fm_getfreespace
                0x20019d40       0x68 C:/ISIS/workspace_ycube/GlobusSatProject/..//hal/hcc/lib\libHCCD.a(fat_m.o)
                0x20019d40                fm_getfreespace
 .text.fm_findfirst
                0x20019da8       0x68 C:/ISIS/workspace_ycube/GlobusSatProject/..//hal/hcc/lib\libHCCD.a(fat_m.o)
                0x20019da8                fm_findfirst
 .text.fm_findnext
                0x20019e10       0x60 C:/ISIS/workspace_ycube/GlobusSatProject/..//hal/hcc/lib\libHCCD.a(fat_m.o)
                0x20019e10                fm_findnext
 .text.fm_close
                0x20019e70       0x60 C:/ISIS/workspace_ycube/GlobusSatProject/..//hal/hcc/lib\libHCCD.a(fat_m.o)
                0x20019e70                fm_close
 .text.fm_flush
                0x20019ed0       0x60 C:/ISIS/workspace_ycube/GlobusSatProject/..//hal/hcc/lib\libHCCD.a(fat_m.o)
                0x20019ed0                fm_flush
 .text.fm_open  0x20019f30       0x68 C:/ISIS/workspace_ycube/GlobusSatProject/..//hal/hcc/lib\libHCCD.a(fat_m.o)
                0x20019f30                fm_open
 .text.fm_read  0x20019f98       0x7c C:/ISIS/workspace_ycube/GlobusSatProject/..//hal/hcc/lib\libHCCD.a(fat_m.o)
                0x20019f98                fm_read
 .text.fm_write
                0x2001a014       0x7c C:/ISIS/workspace_ycube/GlobusSatProject/..//hal/hcc/lib\libHCCD.a(fat_m.o)
                0x2001a014                fm_write
 .text.fm_delete
                0x2001a090       0x64 C:/ISIS/workspace_ycube/GlobusSatProject/..//hal/hcc/lib\libHCCD.a(fat_m.o)
                0x2001a090                fm_delete
 .text.fm_getlasterror
                0x2001a0f4       0x40 C:/ISIS/workspace_ycube/GlobusSatProject/..//hal/hcc/lib\libHCCD.a(fat_m.o)
                0x2001a0f4                fm_getlasterror
 .text._s_checkzeroclusteratend
                0x2001a134       0xf8 C:/ISIS/workspace_ycube/GlobusSatProject/..//hal/hcc/lib\libHCCD.a(safefat.o)
 .text._s_clearclustercontent
                0x2001a22c      0x108 C:/ISIS/workspace_ycube/GlobusSatProject/..//hal/hcc/lib\libHCCD.a(safefat.o)
 .text._s_clearclustercontentdir
                0x2001a334      0x19c C:/ISIS/workspace_ycube/GlobusSatProject/..//hal/hcc/lib\libHCCD.a(safefat.o)
 .text._s_writedirsector
                0x2001a4d0       0xd0 C:/ISIS/workspace_ycube/GlobusSatProject/..//hal/hcc/lib\libHCCD.a(safefat.o)
 .text._s_getdirsector
                0x2001a5a0      0x100 C:/ISIS/workspace_ycube/GlobusSatProject/..//hal/hcc/lib\libHCCD.a(safefat.o)
 .text._s_addentry
                0x2001a6a0      0x394 C:/ISIS/workspace_ycube/GlobusSatProject/..//hal/hcc/lib\libHCCD.a(safefat.o)
 .text._s_findfile
                0x2001aa34      0x33c C:/ISIS/workspace_ycube/GlobusSatProject/..//hal/hcc/lib\libHCCD.a(safefat.o)
 .text._s_findsubdir
                0x2001ad70      0x248 C:/ISIS/workspace_ycube/GlobusSatProject/..//hal/hcc/lib\libHCCD.a(safefat.o)
 .text._s_createfile
                0x2001afb8      0x190 C:/ISIS/workspace_ycube/GlobusSatProject/..//hal/hcc/lib\libHCCD.a(safefat.o)
 .text._s_findsaffile
                0x2001b148      0x1b8 C:/ISIS/workspace_ycube/GlobusSatProject/..//hal/hcc/lib\libHCCD.a(safefat.o)
 .text._s_open  0x2001b300       0xe4 C:/ISIS/workspace_ycube/GlobusSatProject/..//hal/hcc/lib\libHCCD.a(safefat.o)
 .text._s_open_saf
                0x2001b3e4       0xe8 C:/ISIS/workspace_ycube/GlobusSatProject/..//hal/hcc/lib\libHCCD.a(safefat.o)
 .text._s_flush
                0x2001b4cc       0x84 C:/ISIS/workspace_ycube/GlobusSatProject/..//hal/hcc/lib\libHCCD.a(safefat.o)
 .text._s_allocnextcluster
                0x2001b550      0x13c C:/ISIS/workspace_ycube/GlobusSatProject/..//hal/hcc/lib\libHCCD.a(safefat.o)
 .text._s_getnextsector
                0x2001b68c       0xdc C:/ISIS/workspace_ycube/GlobusSatProject/..//hal/hcc/lib\libHCCD.a(safefat.o)
 .text._s_seek  0x2001b768      0x1e8 C:/ISIS/workspace_ycube/GlobusSatProject/..//hal/hcc/lib\libHCCD.a(safefat.o)
 .text._s_read  0x2001b950      0x228 C:/ISIS/workspace_ycube/GlobusSatProject/..//hal/hcc/lib\libHCCD.a(safefat.o)
 .text._s_write
                0x2001bb78      0x384 C:/ISIS/workspace_ycube/GlobusSatProject/..//hal/hcc/lib\libHCCD.a(safefat.o)
 .text._s_restoreclusters
                0x2001befc      0x270 C:/ISIS/workspace_ycube/GlobusSatProject/..//hal/hcc/lib\libHCCD.a(safefat.o)
                0x2001befc                _s_restoreclusters
 .text._s_findrestore
                0x2001c16c      0x18c C:/ISIS/workspace_ycube/GlobusSatProject/..//hal/hcc/lib\libHCCD.a(safefat.o)
 .text._s_cmd_writede
                0x2001c2f8       0xd8 C:/ISIS/workspace_ycube/GlobusSatProject/..//hal/hcc/lib\libHCCD.a(safefat.o)
 .text._s_cmd_setcluster
                0x2001c3d0       0x88 C:/ISIS/workspace_ycube/GlobusSatProject/..//hal/hcc/lib\libHCCD.a(safefat.o)
 .text._s_cmd_deletechain
                0x2001c458      0x100 C:/ISIS/workspace_ycube/GlobusSatProject/..//hal/hcc/lib\libHCCD.a(safefat.o)
 .text._s_cmd_validatecfn
                0x2001c558      0x308 C:/ISIS/workspace_ycube/GlobusSatProject/..//hal/hcc/lib\libHCCD.a(safefat.o)
 .text._s_cmd_seteof
                0x2001c860      0x3c4 C:/ISIS/workspace_ycube/GlobusSatProject/..//hal/hcc/lib\libHCCD.a(safefat.o)
 .text.safe_docommands
                0x2001cc24      0x56c C:/ISIS/workspace_ycube/GlobusSatProject/..//hal/hcc/lib\libHCCD.a(safefat.o)
                0x2001cc24                safe_docommands
 .text.safe_entercommand
                0x2001d190       0x68 C:/ISIS/workspace_ycube/GlobusSatProject/..//hal/hcc/lib\libHCCD.a(safefat.o)
                0x2001d190                safe_entercommand
 .text.safe_ready
                0x2001d1f8       0xf4 C:/ISIS/workspace_ycube/GlobusSatProject/..//hal/hcc/lib\libHCCD.a(safefat.o)
                0x2001d1f8                safe_ready
 .text.safe_copycfn
                0x2001d2ec       0xb8 C:/ISIS/workspace_ycube/GlobusSatProject/..//hal/hcc/lib\libHCCD.a(safefat.o)
                0x2001d2ec                safe_copycfn
 .text.safe_cfremove
                0x2001d3a4       0xb8 C:/ISIS/workspace_ycube/GlobusSatProject/..//hal/hcc/lib\libHCCD.a(safefat.o)
                0x2001d3a4                safe_cfremove
 .text.safe_writede
                0x2001d45c      0x104 C:/ISIS/workspace_ycube/GlobusSatProject/..//hal/hcc/lib\libHCCD.a(safefat.o)
                0x2001d45c                safe_writede
 .text.safe_setcluster
                0x2001d560       0xcc C:/ISIS/workspace_ycube/GlobusSatProject/..//hal/hcc/lib\libHCCD.a(safefat.o)
                0x2001d560                safe_setcluster
 .text.safe_deletechain
                0x2001d62c      0x1c8 C:/ISIS/workspace_ycube/GlobusSatProject/..//hal/hcc/lib\libHCCD.a(safefat.o)
                0x2001d62c                safe_deletechain
 .text.safe_cfclose
                0x2001d7f4      0x104 C:/ISIS/workspace_ycube/GlobusSatProject/..//hal/hcc/lib\libHCCD.a(safefat.o)
                0x2001d7f4                safe_cfclose
 .text.safe_cfflush
                0x2001d8f8      0x124 C:/ISIS/workspace_ycube/GlobusSatProject/..//hal/hcc/lib\libHCCD.a(safefat.o)
                0x2001d8f8                safe_cfflush
 .text.safe_reset
                0x2001da1c       0x78 C:/ISIS/workspace_ycube/GlobusSatProject/..//hal/hcc/lib\libHCCD.a(safefat.o)
                0x2001da1c                safe_reset
 .text.safe_loadcommands
                0x2001da94       0x78 C:/ISIS/workspace_ycube/GlobusSatProject/..//hal/hcc/lib\libHCCD.a(safefat.o)
                0x2001da94                safe_loadcommands
 .text.safe_poweron
                0x2001db0c      0x1fc C:/ISIS/workspace_ycube/GlobusSatProject/..//hal/hcc/lib\libHCCD.a(safefat.o)
                0x2001db0c                safe_poweron
 .text.cf_getname
                0x2001dd08       0xc0 C:/ISIS/workspace_ycube/GlobusSatProject/..//hal/hcc/lib\libHCCD.a(safefat.o)
 .text.cf_copyclusterchain
                0x2001ddc8      0x138 C:/ISIS/workspace_ycube/GlobusSatProject/..//hal/hcc/lib\libHCCD.a(safefat.o)
 .text.cf_seektozero
                0x2001df00       0x94 C:/ISIS/workspace_ycube/GlobusSatProject/..//hal/hcc/lib\libHCCD.a(safefat.o)
                0x2001df00                cf_seektozero
 .text.cf_create
                0x2001df94      0x3a8 C:/ISIS/workspace_ycube/GlobusSatProject/..//hal/hcc/lib\libHCCD.a(safefat.o)
                0x2001df94                cf_create
 .text.cf_copyclustercontent
                0x2001e33c      0x128 C:/ISIS/workspace_ycube/GlobusSatProject/..//hal/hcc/lib\libHCCD.a(safefat.o)
                0x2001e33c                cf_copyclustercontent
 .text.cf_copycfn
                0x2001e464      0x4bc C:/ISIS/workspace_ycube/GlobusSatProject/..//hal/hcc/lib\libHCCD.a(safefat.o)
                0x2001e464                cf_copycfn
 .text.cf_remove
                0x2001e920      0x344 C:/ISIS/workspace_ycube/GlobusSatProject/..//hal/hcc/lib\libHCCD.a(safefat.o)
                0x2001e920                cf_remove
 .text.cf_setclusternew
                0x2001ec64       0xf0 C:/ISIS/workspace_ycube/GlobusSatProject/..//hal/hcc/lib\libHCCD.a(safefat.o)
                0x2001ec64                cf_setclusternew
 .text.cf_flush
                0x2001ed54       0x58 C:/ISIS/workspace_ycube/GlobusSatProject/..//hal/hcc/lib\libHCCD.a(safefat.o)
                0x2001ed54                cf_flush
 .text.cf_getcluster
                0x2001edac      0x1b4 C:/ISIS/workspace_ycube/GlobusSatProject/..//hal/hcc/lib\libHCCD.a(safefat.o)
                0x2001edac                cf_getcluster
 .text.cf_setnextcluster
                0x2001ef60      0x194 C:/ISIS/workspace_ycube/GlobusSatProject/..//hal/hcc/lib\libHCCD.a(safefat.o)
                0x2001ef60                cf_setnextcluster
 .text.cf_getpositions
                0x2001f0f4       0xbc C:/ISIS/workspace_ycube/GlobusSatProject/..//hal/hcc/lib\libHCCD.a(safefat.o)
                0x2001f0f4                cf_getpositions
 .text.cf_setpositions
                0x2001f1b0       0xb0 C:/ISIS/workspace_ycube/GlobusSatProject/..//hal/hcc/lib\libHCCD.a(safefat.o)
                0x2001f1b0                cf_setpositions
 .text.cf_opensyncafile
                0x2001f260      0x150 C:/ISIS/workspace_ycube/GlobusSatProject/..//hal/hcc/lib\libHCCD.a(safefat.o)
                0x2001f260                cf_opensyncafile
 .text.cf_reloadcfo
                0x2001f3b0       0xd8 C:/ISIS/workspace_ycube/GlobusSatProject/..//hal/hcc/lib\libHCCD.a(safefat.o)
                0x2001f3b0                cf_reloadcfo
 .text.mcipdc_cmd
                0x2001f488      0x22c C:/ISIS/workspace_ycube/GlobusSatProject/..//hal/hcc/lib\libHCCD.a(atmel_mcipdc.o)
 .text.mcipdc_stop
                0x2001f6b4       0xfc C:/ISIS/workspace_ycube/GlobusSatProject/..//hal/hcc/lib\libHCCD.a(atmel_mcipdc.o)
                0x2001f6b4                mcipdc_stop
 .text.mcipdc_read
                0x2001f7b0      0x27c C:/ISIS/workspace_ycube/GlobusSatProject/..//hal/hcc/lib\libHCCD.a(atmel_mcipdc.o)
 .text.mcipdc_write
                0x2001fa2c      0x298 C:/ISIS/workspace_ycube/GlobusSatProject/..//hal/hcc/lib\libHCCD.a(atmel_mcipdc.o)
 .text.mcipdc_readsector
                0x2001fcc4       0x9c C:/ISIS/workspace_ycube/GlobusSatProject/..//hal/hcc/lib\libHCCD.a(atmel_mcipdc.o)
                0x2001fcc4                mcipdc_readsector
 .text.mcipdc_readmultiplesector
                0x2001fd60      0x124 C:/ISIS/workspace_ycube/GlobusSatProject/..//hal/hcc/lib\libHCCD.a(atmel_mcipdc.o)
                0x2001fd60                mcipdc_readmultiplesector
 .text.mcipdc_writesector
                0x2001fe84       0x90 C:/ISIS/workspace_ycube/GlobusSatProject/..//hal/hcc/lib\libHCCD.a(atmel_mcipdc.o)
                0x2001fe84                mcipdc_writesector
 .text.mcipdc_writemultiplesector
                0x2001ff14      0x120 C:/ISIS/workspace_ycube/GlobusSatProject/..//hal/hcc/lib\libHCCD.a(atmel_mcipdc.o)
                0x2001ff14                mcipdc_writemultiplesector
 .text.mcipdc_set_speed
                0x20020034       0xb0 C:/ISIS/workspace_ycube/GlobusSatProject/..//hal/hcc/lib\libHCCD.a(atmel_mcipdc.o)
 .text.mcipdc_get_speed
                0x200200e4       0x48 C:/ISIS/workspace_ycube/GlobusSatProject/..//hal/hcc/lib\libHCCD.a(atmel_mcipdc.o)
 .text._get_csd_bits
                0x2002012c      0x14c C:/ISIS/workspace_ycube/GlobusSatProject/..//hal/hcc/lib\libHCCD.a(atmel_mcipdc.o)
 .text.mcipdc_initcard
                0x20020278      0x8f4 C:/ISIS/workspace_ycube/GlobusSatProject/..//hal/hcc/lib\libHCCD.a(atmel_mcipdc.o)
 .text.mcipdc_getstatus
                0x20020b6c       0xe8 C:/ISIS/workspace_ycube/GlobusSatProject/..//hal/hcc/lib\libHCCD.a(atmel_mcipdc.o)
 .text.mcipdc_getphy
                0x20020c54       0x90 C:/ISIS/workspace_ycube/GlobusSatProject/..//hal/hcc/lib\libHCCD.a(atmel_mcipdc.o)
 .text.mcipdc_release
                0x20020ce4       0x50 C:/ISIS/workspace_ycube/GlobusSatProject/..//hal/hcc/lib\libHCCD.a(atmel_mcipdc.o)
 .text.atmel_mcipdc_initfunc
                0x20020d34      0x160 C:/ISIS/workspace_ycube/GlobusSatProject/..//hal/hcc/lib\libHCCD.a(atmel_mcipdc.o)
                0x20020d34                atmel_mcipdc_initfunc
 .text.oal_mutex_create
                0x20020e94       0x54 C:/ISIS/workspace_ycube/GlobusSatProject/..//hal/hcc/lib\libHCCD.a(oalp_mutex.o)
                0x20020e94                oal_mutex_create
 .text.oal_mutex_delete
                0x20020ee8       0x30 C:/ISIS/workspace_ycube/GlobusSatProject/..//hal/hcc/lib\libHCCD.a(oalp_mutex.o)
                0x20020ee8                oal_mutex_delete
 .text.oal_mutex_get
                0x20020f18       0x58 C:/ISIS/workspace_ycube/GlobusSatProject/..//hal/hcc/lib\libHCCD.a(oalp_mutex.o)
                0x20020f18                oal_mutex_get
 .text.oal_mutex_put
                0x20020f70       0x58 C:/ISIS/workspace_ycube/GlobusSatProject/..//hal/hcc/lib\libHCCD.a(oalp_mutex.o)
                0x20020f70                oal_mutex_put
 .text.oal_task_get_id
                0x20020fc8       0x18 C:/ISIS/workspace_ycube/GlobusSatProject/..//hal/hcc/lib\libHCCD.a(oalp_task.o)
                0x20020fc8                oal_task_get_id
 .text.mcipdc_hw_init
                0x20020fe0       0xe8 C:/ISIS/workspace_ycube/GlobusSatProject/..//hal/hcc/lib\libHCCD.a(atmel_mcipdc_hw.o)
                0x20020fe0                mcipdc_hw_init
 .text.mcipdc_hw_delete
                0x200210c8       0x78 C:/ISIS/workspace_ycube/GlobusSatProject/..//hal/hcc/lib\libHCCD.a(atmel_mcipdc_hw.o)
                0x200210c8                mcipdc_hw_delete
 .text.mcipdc_hw_card_plugged
                0x20021140       0x1c C:/ISIS/workspace_ycube/GlobusSatProject/..//hal/hcc/lib\libHCCD.a(atmel_mcipdc_hw.o)
                0x20021140                mcipdc_hw_card_plugged
 .text.mcipdc_hw_card_writeprotect
                0x2002115c       0x1c C:/ISIS/workspace_ycube/GlobusSatProject/..//hal/hcc/lib\libHCCD.a(atmel_mcipdc_hw.o)
                0x2002115c                mcipdc_hw_card_writeprotect
 .text.psp_getcurrenttimedate
                0x20021178       0x8c C:/ISIS/workspace_ycube/GlobusSatProject/..//hal/hcc/lib\libHCCD.a(psp_rtc.o)
                0x20021178                psp_getcurrenttimedate
 .text._hcc_get_buf_dsc
                0x20021204       0x8c C:/ISIS/workspace_ycube/GlobusSatProject/..//hal/hcc/lib\libHCCD.a(hcc_mem.o)
 .text._hcc_check_free_pages
                0x20021290      0x18c C:/ISIS/workspace_ycube/GlobusSatProject/..//hal/hcc/lib\libHCCD.a(hcc_mem.o)
 .text._hcc_mark_pages
                0x2002141c      0x158 C:/ISIS/workspace_ycube/GlobusSatProject/..//hal/hcc/lib\libHCCD.a(hcc_mem.o)
 .text._hcc_clear_lock_dsc
                0x20021574       0x80 C:/ISIS/workspace_ycube/GlobusSatProject/..//hal/hcc/lib\libHCCD.a(hcc_mem.o)
 .text._hcc_lock_access
                0x200215f4      0x128 C:/ISIS/workspace_ycube/GlobusSatProject/..//hal/hcc/lib\libHCCD.a(hcc_mem.o)
 .text._hcc_unlock_access
                0x2002171c       0x30 C:/ISIS/workspace_ycube/GlobusSatProject/..//hal/hcc/lib\libHCCD.a(hcc_mem.o)
 .text.hcc_mem_alloc
                0x2002174c      0x454 C:/ISIS/workspace_ycube/GlobusSatProject/..//hal/hcc/lib\libHCCD.a(hcc_mem.o)
                0x2002174c                hcc_mem_alloc
 .text.hcc_mem_free
                0x20021ba0      0x178 C:/ISIS/workspace_ycube/GlobusSatProject/..//hal/hcc/lib\libHCCD.a(hcc_mem.o)
                0x20021ba0                hcc_mem_free
 .text.hcc_mem_add
                0x20021d18      0x3b0 C:/ISIS/workspace_ycube/GlobusSatProject/..//hal/hcc/lib\libHCCD.a(hcc_mem.o)
                0x20021d18                hcc_mem_add
 .text.hcc_mem_init
                0x200220c8      0x164 C:/ISIS/workspace_ycube/GlobusSatProject/..//hal/hcc/lib\libHCCD.a(hcc_mem.o)
                0x200220c8                hcc_mem_init
 .text._f_invalidatedir
                0x2002222c       0x28 C:/ISIS/workspace_ycube/GlobusSatProject/..//hal/hcc/lib\libHCCD.a(fat.o)
                0x2002222c                _f_invalidatedir
 .text._f_getdirsector
                0x20022254       0x88 C:/ISIS/workspace_ycube/GlobusSatProject/..//hal/hcc/lib\libHCCD.a(fat.o)
                0x20022254                _f_getdirsector
 .text._f_writedirsector
                0x200222dc       0x74 C:/ISIS/workspace_ycube/GlobusSatProject/..//hal/hcc/lib\libHCCD.a(fat.o)
                0x200222dc                _f_writedirsector
 .text._f_checknameinv
                0x20022350      0x180 C:/ISIS/workspace_ycube/GlobusSatProject/..//hal/hcc/lib\libHCCD.a(fat.o)
 .text._f_checkname
                0x200224d0       0x7c C:/ISIS/workspace_ycube/GlobusSatProject/..//hal/hcc/lib\libHCCD.a(fat.o)
 .text._f_checknamewc
                0x2002254c       0xf8 C:/ISIS/workspace_ycube/GlobusSatProject/..//hal/hcc/lib\libHCCD.a(fat.o)
 .text._f_setnameext
                0x20022644      0x300 C:/ISIS/workspace_ycube/GlobusSatProject/..//hal/hcc/lib\libHCCD.a(fat.o)
 .text._f_setfsname
                0x20022944      0x584 C:/ISIS/workspace_ycube/GlobusSatProject/..//hal/hcc/lib\libHCCD.a(fat.o)
 .text._f_findfile
                0x20022ec8      0x30c C:/ISIS/workspace_ycube/GlobusSatProject/..//hal/hcc/lib\libHCCD.a(fat.o)
 .text._f_cmp_wname
                0x200231d4      0x274 C:/ISIS/workspace_ycube/GlobusSatProject/..//hal/hcc/lib\libHCCD.a(fat.o)
 .text._f_to_string
                0x20023448      0x130 C:/ISIS/workspace_ycube/GlobusSatProject/..//hal/hcc/lib\libHCCD.a(fat.o)
 .text._f_findfilewc
                0x20023578      0x278 C:/ISIS/workspace_ycube/GlobusSatProject/..//hal/hcc/lib\libHCCD.a(fat.o)
 .text._f_getfilename
                0x200237f0      0x20c C:/ISIS/workspace_ycube/GlobusSatProject/..//hal/hcc/lib\libHCCD.a(fat.o)
 .text._f_findpath
                0x200239fc      0x35c C:/ISIS/workspace_ycube/GlobusSatProject/..//hal/hcc/lib\libHCCD.a(fat.o)
 .text.fn_getdcwd
                0x20023d58      0x1e0 C:/ISIS/workspace_ycube/GlobusSatProject/..//hal/hcc/lib\libHCCD.a(fat.o)
                0x20023d58                fn_getdcwd
 .text.fn_findfirst
                0x20023f38      0x13c C:/ISIS/workspace_ycube/GlobusSatProject/..//hal/hcc/lib\libHCCD.a(fat.o)
                0x20023f38                fn_findfirst
 .text.fn_findnext
                0x20024074      0x360 C:/ISIS/workspace_ycube/GlobusSatProject/..//hal/hcc/lib\libHCCD.a(fat.o)
                0x20024074                fn_findnext
 .text._f_lock_resfile
                0x200243d4       0x6c C:/ISIS/workspace_ycube/GlobusSatProject/..//hal/hcc/lib\libHCCD.a(fat.o)
 .text._f_unlock_resfile
                0x20024440       0x40 C:/ISIS/workspace_ycube/GlobusSatProject/..//hal/hcc/lib\libHCCD.a(fat.o)
 .text._f_getintfile
                0x20024480      0x124 C:/ISIS/workspace_ycube/GlobusSatProject/..//hal/hcc/lib\libHCCD.a(fat.o)
 .text._f_addentry
                0x200245a4      0x540 C:/ISIS/workspace_ycube/GlobusSatProject/..//hal/hcc/lib\libHCCD.a(fat.o)
 .text.fn_open_sub
                0x20024ae4     0x1698 C:/ISIS/workspace_ycube/GlobusSatProject/..//hal/hcc/lib\libHCCD.a(fat.o)
 .text.fn_open  0x2002617c       0x44 C:/ISIS/workspace_ycube/GlobusSatProject/..//hal/hcc/lib\libHCCD.a(fat.o)
                0x2002617c                fn_open
 .text.fn_delete
                0x200261c0      0x490 C:/ISIS/workspace_ycube/GlobusSatProject/..//hal/hcc/lib\libHCCD.a(fat.o)
                0x200261c0                fn_delete
 .text.hcc_mem_buf_alloc
                0x20026650       0xe4 C:/ISIS/workspace_ycube/GlobusSatProject/..//hal/hcc/lib\libHCCD.a(psp_hcc_mem.o)
                0x20026650                hcc_mem_buf_alloc
 .text.makeAntStransfer
                0x20026734       0x4c C:/ISIS/workspace_ycube/satellite-subsystems/satellite-subsystems/lib\libSatelliteSubsystemsD.a(IsisAntS.o)
 .text.checkInputsValid
                0x20026780       0x7c C:/ISIS/workspace_ycube/satellite-subsystems/satellite-subsystems/lib\libSatelliteSubsystemsD.a(IsisAntS.o)
 .text.IsisAntS_initialize
                0x200267fc      0x26c C:/ISIS/workspace_ycube/satellite-subsystems/satellite-subsystems/lib\libSatelliteSubsystemsD.a(IsisAntS.o)
                0x200267fc                IsisAntS_initialize
 .text.IsisAntS_setArmStatus
                0x20026a68      0x104 C:/ISIS/workspace_ycube/satellite-subsystems/satellite-subsystems/lib\libSatelliteSubsystemsD.a(IsisAntS.o)
                0x20026a68                IsisAntS_setArmStatus
 .text.IsisAntS_getStatusData
                0x20026b6c      0x120 C:/ISIS/workspace_ycube/satellite-subsystems/satellite-subsystems/lib\libSatelliteSubsystemsD.a(IsisAntS.o)
                0x20026b6c                IsisAntS_getStatusData
 .text.IsisAntS_getUptime
                0x20026c8c      0x120 C:/ISIS/workspace_ycube/satellite-subsystems/satellite-subsystems/lib\libSatelliteSubsystemsD.a(IsisAntS.o)
                0x20026c8c                IsisAntS_getUptime
 .text.IsisAntS_getAlltelemetry
                0x20026dac      0x120 C:/ISIS/workspace_ycube/satellite-subsystems/satellite-subsystems/lib\libSatelliteSubsystemsD.a(IsisAntS.o)
                0x20026dac                IsisAntS_getAlltelemetry
 .text.IsisAntS_reset
                0x20026ecc      0x104 C:/ISIS/workspace_ycube/satellite-subsystems/satellite-subsystems/lib\libSatelliteSubsystemsD.a(IsisAntS.o)
                0x20026ecc                IsisAntS_reset
 .text.IsisAntS_cancelDeployment
                0x20026fd0      0x104 C:/ISIS/workspace_ycube/satellite-subsystems/satellite-subsystems/lib\libSatelliteSubsystemsD.a(IsisAntS.o)
                0x20026fd0                IsisAntS_cancelDeployment
 .text.IsisAntS_autoDeployment
                0x200270d4      0x114 C:/ISIS/workspace_ycube/satellite-subsystems/satellite-subsystems/lib\libSatelliteSubsystemsD.a(IsisAntS.o)
                0x200270d4                IsisAntS_autoDeployment
 .text.IsisSolarPanelv2_initialize
                0x200271e8       0xb4 C:/ISIS/workspace_ycube/satellite-subsystems/satellite-subsystems/lib\libSatelliteSubsystemsD.a(IsisSolarPanelv2.o)
                0x200271e8                IsisSolarPanelv2_initialize
 .text.IsisSolarPanelv2_getTemperature
                0x2002729c       0xc8 C:/ISIS/workspace_ycube/satellite-subsystems/satellite-subsystems/lib\libSatelliteSubsystemsD.a(IsisSolarPanelv2.o)
                0x2002729c                IsisSolarPanelv2_getTemperature
 .text.IsisSolarPanelv2_getState
                0x20027364       0x24 C:/ISIS/workspace_ycube/satellite-subsystems/satellite-subsystems/lib\libSatelliteSubsystemsD.a(IsisSolarPanelv2.o)
                0x20027364                IsisSolarPanelv2_getState
 .text._Reset   0x20027388       0x20 C:/ISIS/workspace_ycube/satellite-subsystems/satellite-subsystems/lib\libSatelliteSubsystemsD.a(IsisSolarPanelv2.o)
 .text._WaitForStartup
                0x200273a8       0x90 C:/ISIS/workspace_ycube/satellite-subsystems/satellite-subsystems/lib\libSatelliteSubsystemsD.a(IsisSolarPanelv2.o)
 .text._AssignAllChannels
                0x20027438       0x90 C:/ISIS/workspace_ycube/satellite-subsystems/satellite-subsystems/lib\libSatelliteSubsystemsD.a(IsisSolarPanelv2.o)
 .text._AssignThisChannel
                0x200274c8       0xe8 C:/ISIS/workspace_ycube/satellite-subsystems/satellite-subsystems/lib\libSatelliteSubsystemsD.a(IsisSolarPanelv2.o)
 .text._InitiateConversion
                0x200275b0       0xac C:/ISIS/workspace_ycube/satellite-subsystems/satellite-subsystems/lib\libSatelliteSubsystemsD.a(IsisSolarPanelv2.o)
 .text._WaitForConversionComplete
                0x2002765c      0x100 C:/ISIS/workspace_ycube/satellite-subsystems/satellite-subsystems/lib\libSatelliteSubsystemsD.a(IsisSolarPanelv2.o)
 .text._ReadResult
                0x2002775c      0x158 C:/ISIS/workspace_ycube/satellite-subsystems/satellite-subsystems/lib\libSatelliteSubsystemsD.a(IsisSolarPanelv2.o)
 .text._ExtractByte
                0x200278b4       0x38 C:/ISIS/workspace_ycube/satellite-subsystems/satellite-subsystems/lib\libSatelliteSubsystemsD.a(IsisSolarPanelv2.o)
 .text._ExtendSign
                0x200278ec       0x6c C:/ISIS/workspace_ycube/satellite-subsystems/satellite-subsystems/lib\libSatelliteSubsystemsD.a(IsisSolarPanelv2.o)
 .text._PinsInit
                0x20027958       0x50 C:/ISIS/workspace_ycube/satellite-subsystems/satellite-subsystems/lib\libSatelliteSubsystemsD.a(IsisSolarPanelv2.o)
 .text._SpiWriteRead
                0x200279a8       0x70 C:/ISIS/workspace_ycube/satellite-subsystems/satellite-subsystems/lib\libSatelliteSubsystemsD.a(IsisSolarPanelv2.o)
 .text.IsisTrxvu_initialize
                0x20027a18      0x2f4 C:/ISIS/workspace_ycube/satellite-subsystems/satellite-subsystems/lib\libSatelliteSubsystemsD.a(IsisTRXVU.o)
                0x20027a18                IsisTrxvu_initialize
 .text.makeTRXVUtransfer
                0x20027d0c       0x44 C:/ISIS/workspace_ycube/satellite-subsystems/satellite-subsystems/lib\libSatelliteSubsystemsD.a(IsisTRXVU.o)
 .text.IsisTrxvu_componentSoftReset
                0x20027d50       0x6c C:/ISIS/workspace_ycube/satellite-subsystems/satellite-subsystems/lib\libSatelliteSubsystemsD.a(IsisTRXVU.o)
                0x20027d50                IsisTrxvu_componentSoftReset
 .text.IsisTrxvu_componentHardReset
                0x20027dbc       0xc8 C:/ISIS/workspace_ycube/satellite-subsystems/satellite-subsystems/lib\libSatelliteSubsystemsD.a(IsisTRXVU.o)
                0x20027dbc                IsisTrxvu_componentHardReset
 .text.IsisTrxvu_softReset
                0x20027e84       0x74 C:/ISIS/workspace_ycube/satellite-subsystems/satellite-subsystems/lib\libSatelliteSubsystemsD.a(IsisTRXVU.o)
                0x20027e84                IsisTrxvu_softReset
 .text.IsisTrxvu_hardReset
                0x20027ef8       0x74 C:/ISIS/workspace_ycube/satellite-subsystems/satellite-subsystems/lib\libSatelliteSubsystemsD.a(IsisTRXVU.o)
                0x20027ef8                IsisTrxvu_hardReset
 .text.IsisTrxvu_tcSendAX25DefClSign
                0x20027f6c       0xec C:/ISIS/workspace_ycube/satellite-subsystems/satellite-subsystems/lib\libSatelliteSubsystemsD.a(IsisTRXVU.o)
                0x20027f6c                IsisTrxvu_tcSendAX25DefClSign
 .text.IsisTrxvu_tcSetIdlestate
                0x20028058       0xa4 C:/ISIS/workspace_ycube/satellite-subsystems/satellite-subsystems/lib\libSatelliteSubsystemsD.a(IsisTRXVU.o)
                0x20028058                IsisTrxvu_tcSetIdlestate
 .text.IsisTrxvu_tcSetAx25Bitrate
                0x200280fc       0xc4 C:/ISIS/workspace_ycube/satellite-subsystems/satellite-subsystems/lib\libSatelliteSubsystemsD.a(IsisTRXVU.o)
                0x200280fc                IsisTrxvu_tcSetAx25Bitrate
 .text.IsisTrxvu_tcGetUptime
                0x200281c0       0xa0 C:/ISIS/workspace_ycube/satellite-subsystems/satellite-subsystems/lib\libSatelliteSubsystemsD.a(IsisTRXVU.o)
                0x200281c0                IsisTrxvu_tcGetUptime
 .text.IsisTrxvu_tcGetState
                0x20028260       0xd0 C:/ISIS/workspace_ycube/satellite-subsystems/satellite-subsystems/lib\libSatelliteSubsystemsD.a(IsisTRXVU.o)
                0x20028260                IsisTrxvu_tcGetState
 .text.IsisTrxvu_tcGetTelemetryAll
                0x20028330       0xd0 C:/ISIS/workspace_ycube/satellite-subsystems/satellite-subsystems/lib\libSatelliteSubsystemsD.a(IsisTRXVU.o)
                0x20028330                IsisTrxvu_tcGetTelemetryAll
 .text.IsisTrxvu_tcGetLastTxTelemetry
                0x20028400       0xe4 C:/ISIS/workspace_ycube/satellite-subsystems/satellite-subsystems/lib\libSatelliteSubsystemsD.a(IsisTRXVU.o)
                0x20028400                IsisTrxvu_tcGetLastTxTelemetry
 .text.IsisTrxvu_rcGetFrameCount
                0x200284e4       0xa0 C:/ISIS/workspace_ycube/satellite-subsystems/satellite-subsystems/lib\libSatelliteSubsystemsD.a(IsisTRXVU.o)