Archive member included because of file (symbol)

C:/ISIS/workspace/ycube/GlobusSatProject/..//hal/hal/lib\libHALD.a(SPI.o)
                              ./src/InitSystem.o (SPI_start)
C:/ISIS/workspace/ycube/GlobusSatProject/..//hal/hal/lib\libHALD.a(I2C.o)
                              ./src/SubSystemModules/Communication/SubsystemCommands/Maintanence_Commands.o (I2C_write)
C:/ISIS/workspace/ycube/GlobusSatProject/..//hal/hal/lib\libHALD.a(ADC.o)
                              ./src/SubSystemModules/Housekepping/TelemetryCollector.o (ADC_ConvertRaw10bitToMillivolt)
C:/ISIS/workspace/ycube/GlobusSatProject/..//hal/hal/lib\libHALD.a(FRAM.o)
                              ./src/SubSystemModules/Communication/SubsystemCommands/Maintanence_Commands.o (FRAM_start)
C:/ISIS/workspace/ycube/GlobusSatProject/..//hal/hal/lib\libHALD.a(Time.o)
                              ./src/InitSystem.o (Time_start)
C:/ISIS/workspace/ycube/GlobusSatProject/..//hal/hal/lib\libHALD.a(WatchDogTimerNoOS.o)
                              ./src/main.o (WDT_start)
C:/ISIS/workspace/ycube/GlobusSatProject/..//hal/hal/lib\libHALD.a(RTT.o)
                              C:/ISIS/workspace/ycube/GlobusSatProject/..//hal/hal/lib\libHALD.a(Time.o) (RTT_start)
C:/ISIS/workspace/ycube/GlobusSatProject/..//hal/hal/lib\libHALD.a(RTC.o)
                              C:/ISIS/workspace/ycube/GlobusSatProject/..//hal/hal/lib\libHALD.a(Time.o) (RTC_getTime)
C:/ISIS/workspace/ycube/GlobusSatProject/..//hal/hal/lib\libHALD.a(WatchDogTimerOS.o)
                              ./src/TestingDemos/MainTest.o (WDT_startWatchdogKickTask)
C:/ISIS/workspace/ycube/GlobusSatProject/..//hal/hal/lib\libHALD.a(fprintf.o)
                              ./src/TLM_management.o (f_puts)
C:/ISIS/workspace/ycube/GlobusSatProject/..//hal/hal/lib\libHALD.a(util.o)
                              ./src/TestingDemos/EpsTestingDemo.o (UTIL_DbguGetInteger)
C:/ISIS/workspace/ycube/GlobusSatProject/..//hal/hal/lib\libHALD.a(LED.o)
                              C:/ISIS/workspace/ycube/GlobusSatProject/..//hal/hal/lib\libHALD.a(WatchDogTimerOS.o) (LED_toggle)
C:/ISIS/workspace/ycube/GlobusSatProject/..//hal/hcc/lib\libHCCD.a(fat_m.o)
                              ./src/TLM_management.o (fm_initvolume)
C:/ISIS/workspace/ycube/GlobusSatProject/..//hal/hcc/lib\libHCCD.a(fat.o)
                              C:/ISIS/workspace/ycube/GlobusSatProject/..//hal/hcc/lib\libHCCD.a(fat_m.o) (fn_getdcwd)
C:/ISIS/workspace/ycube/GlobusSatProject/..//hal/hcc/lib\libHCCD.a(fat_common.o)
                              C:/ISIS/workspace/ycube/GlobusSatProject/..//hal/hcc/lib\libHCCD.a(fat.o) (p_filesystem)
C:/ISIS/workspace/ycube/GlobusSatProject/..//hal/hcc/lib\libHCCD.a(safefat.o)
                              C:/ISIS/workspace/ycube/GlobusSatProject/..//hal/hcc/lib\libHCCD.a(fat.o) (s_subdir)
C:/ISIS/workspace/ycube/GlobusSatProject/..//hal/hcc/lib\libHCCD.a(atmel_mcipdc.o)
                              ./src/TLM_management.o (atmel_mcipdc_initfunc)
C:/ISIS/workspace/ycube/GlobusSatProject/..//hal/hcc/lib\libHCCD.a(oalp_task.o)
                              C:/ISIS/workspace/ycube/GlobusSatProject/..//hal/hcc/lib\libHCCD.a(fat_common.o) (oal_task_get_id)
C:/ISIS/workspace/ycube/GlobusSatProject/..//hal/hcc/lib\libHCCD.a(oalp_mutex.o)
                              C:/ISIS/workspace/ycube/GlobusSatProject/..//hal/hcc/lib\libHCCD.a(fat_common.o) (oal_mutex_create)
C:/ISIS/workspace/ycube/GlobusSatProject/..//hal/hcc/lib\libHCCD.a(atmel_mcipdc_hw.o)
                              C:/ISIS/workspace/ycube/GlobusSatProject/..//hal/hcc/lib\libHCCD.a(atmel_mcipdc.o) (mcipdc_hw_init)
C:/ISIS/workspace/ycube/GlobusSatProject/..//hal/hcc/lib\libHCCD.a(psp_rand.o)
                              C:/ISIS/workspace/ycube/GlobusSatProject/..//hal/hcc/lib\libHCCD.a(fat_common.o) (psp_getrand)
C:/ISIS/workspace/ycube/GlobusSatProject/..//hal/hcc/lib\libHCCD.a(psp_rtc.o)
                              C:/ISIS/workspace/ycube/GlobusSatProject/..//hal/hcc/lib\libHCCD.a(fat_common.o) (psp_getcurrenttimedate)
C:/ISIS/workspace/ycube/GlobusSatProject/..//hal/hcc/lib\libHCCD.a(hcc_mem.o)
                              C:/ISIS/workspace/ycube/GlobusSatProject/..//hal/hcc/lib\libHCCD.a(atmel_mcipdc.o) (hcc_mem_alloc)
C:/ISIS/workspace/ycube/GlobusSatProject/..//hal/hcc/lib\libHCCD.a(psp_hcc_mem.o)
                              C:/ISIS/workspace/ycube/GlobusSatProject/..//hal/hcc/lib\libHCCD.a(hcc_mem.o) (hcc_mem_buf_alloc)
C:/ISIS/workspace/ycube/GlobusSatProject/..//satellite-subsystems/satellite-subsystems/lib\libSatelliteSubsystemsD.a(IsisAntS.o)
                              ./src/SubSystemModules/Communication/TRXVU.o (IsisAntS_initialize)
C:/ISIS/workspace/ycube/GlobusSatProject/..//satellite-subsystems/satellite-subsystems/lib\libSatelliteSubsystemsD.a(IsisTRXVU.o)
                              ./src/TestingDemos/TrxvuTestingDemo.o (IsisTrxvu_initialize)
[...]
Memory Configuration

Name             Origin             Length             Attributes
sram0            0x00200000         0x00004000         w !xr
sram1            0x00300000         0x00004000         w !xr
sdram            0x20000000         0x02000000         w !xr
*default*        0x00000000         0xffffffff

Linker script and memory map

LOAD c:/isis/application/toolchain/bin/../lib/gcc/arm-none-eabi/4.7.4/../../../../arm-none-eabi/lib\libc.a
LOAD ./src/TestingDemos/CommandsTestingDemo.o
LOAD ./src/TestingDemos/EpsTestingDemo.o
LOAD ./src/TestingDemos/FileSystemTestingDemo.o
LOAD ./src/TestingDemos/MainTest.o
LOAD ./src/TestingDemos/MaintenanceTestingDemo.o
LOAD ./src/TestingDemos/TelemetryTestingDemo.o
LOAD ./src/TestingDemos/TrxvuTestingDemo.o
LOAD ./src/SubSystemModules/PowerManagment/EPS.o
LOAD ./src/SubSystemModules/PowerManagment/EPSOperationModes.o
LOAD ./src/SubSystemModules/Maintenance/Maintenance.o
LOAD ./src/SubSystemModules/Housekepping/TelemetryCollector.o
LOAD ./src/SubSystemModules/Communication/SubsystemCommands/EPS_Commands.o
LOAD ./src/SubSystemModules/Communication/SubsystemCommands/FS_Commands.o
LOAD ./src/SubSystemModules/Communication/SubsystemCommands/Maintanence_Commands.o
LOAD ./src/SubSystemModules/Communication/SubsystemCommands/TRXVU_Commands.o
LOAD ./src/SubSystemModules/Communication/AckHandler.o
LOAD ./src/SubSystemModules/Communication/CommandDictionary.o
LOAD ./src/SubSystemModules/Communication/SatCommandHandler.o
LOAD ./src/SubSystemModules/Communication/TRXVU.o
LOAD ./src/InitSystem.o
LOAD ./src/TLM_management.o
LOAD ./src/main.o
LOAD ./src/utils.o
LOAD C:/ISIS/workspace/ycube/GlobusSatProject/..//hal/hal/lib\libHALD.a
LOAD C:/ISIS/workspace/ycube/GlobusSatProject/..//hal/hcc/lib\libHCCD.a
LOAD C:/ISIS/workspace/ycube/GlobusSatProject/..//satellite-subsystems/satellite-subsystems/lib\libSatelliteSubsystemsD.a
LOAD C:/ISIS/workspace/ycube/GlobusSatProject/..//hal/freertos/lib\libFreeRTOSD.a
LOAD C:/ISIS/workspace/ycube/GlobusSatProject/..//hal/at91/lib\libAt91D.a
START GROUP
LOAD c:/isis/application/toolchain/bin/../lib/gcc/arm-none-eabi/4.7.4\libgcc.a
LOAD c:/isis/application/toolchain/bin/../lib/gcc/arm-none-eabi/4.7.4/../../../../arm-none-eabi/lib\libg.a
LOAD c:/isis/application/toolchain/bin/../lib/gcc/arm-none-eabi/4.7.4/../../../../arm-none-eabi/lib\libc.a
END GROUP

.fixed          0x20000000    0x47624
                0x20000000                . = ALIGN (0x4)
                0x20000000                _sfixed = .
 *(.startup)
 .startup       0x20000000      0x184 C:/ISIS/workspace/ycube/GlobusSatProject/..//hal/at91/lib\libAt91D.a(board_cstartup.o)
                0x20000000                entry
 *(.text)
 .text          0x20000184       0x64 C:/ISIS/workspace/ycube/GlobusSatProject/..//hal/at91/lib\libAt91D.a(cp15_asm.o)
                0x20000184                _readControlRegister
                0x20000190                _writeControlRegister
                0x20000198                _waitForInterrupt
                0x200001a4                _writeTTB
                0x200001ac                _writeDomain
                0x200001b4                _writeITLBLockdown
                0x200001bc                _prefetchICacheLine
                0x200001c4                _flushDCache
                0x200001d0                _flushWriteBuffer
                0x200001dc                _invalidateIDTLBs
 .text          0x200001e8      0x114 c:/isis/application/toolchain/bin/../lib/gcc/arm-none-eabi/4.7.4\libgcc.a(_udivsi3.o)
                0x200001e8                __aeabi_uidiv
                0x200001e8                __udivsi3
                0x200002dc                __aeabi_uidivmod
 .text          0x200002fc      0x148 c:/isis/application/toolchain/bin/../lib/gcc/arm-none-eabi/4.7.4\libgcc.a(_divsi3.o)
                0x200002fc                __divsi3
                0x200002fc                __aeabi_idiv
                0x20000424                __aeabi_idivmod
 .text          0x20000444        0x4 c:/isis/application/toolchain/bin/../lib/gcc/arm-none-eabi/4.7.4\libgcc.a(_dvmd_tls.o)
                0x20000444                __aeabi_idiv0
                0x20000444                __aeabi_ldiv0
 .text          0x20000448      0x41c c:/isis/application/toolchain/bin/../lib/gcc/arm-none-eabi/4.7.4\libgcc.a(_arm_addsubdf3.o)
                0x20000448                __aeabi_drsub
                0x20000450                __aeabi_dsub
                0x20000450                __subdf3
                0x20000454                __aeabi_dadd
                0x20000454                __adddf3
                0x20000764                __floatunsidf
                0x20000764                __aeabi_ui2d
                0x20000788                __floatsidf
                0x20000788                __aeabi_i2d
                0x200007b0                __aeabi_f2d
                0x200007b0                __extendsfdf2
                0x200007f0                __floatundidf
                0x200007f0                __aeabi_ul2d
                0x20000804                __floatdidf
                0x20000804                __aeabi_l2d
 .text          0x20000864      0x49c c:/isis/application/toolchain/bin/../lib/gcc/arm-none-eabi/4.7.4\libgcc.a(_arm_muldivdf3.o)
                0x20000864                __aeabi_dmul
                0x20000864                __muldf3
                0x20000af4                __divdf3
                0x20000af4                __aeabi_ddiv
 .text          0x20000d00       0xa0 c:/isis/application/toolchain/bin/../lib/gcc/arm-none-eabi/4.7.4\libgcc.a(_arm_truncdfsf2.o)
                0x20000d00                __truncdfsf2
                0x20000d00                __aeabi_d2f
 .text          0x20000da0      0x2ac c:/isis/application/toolchain/bin/../lib/gcc/arm-none-eabi/4.7.4\libgcc.a(_arm_addsubsf3.o)
                0x20000da0                __aeabi_frsub
                0x20000da8                __subsf3
                0x20000da8                __aeabi_fsub
                0x20000dac                __aeabi_fadd
                0x20000dac                __addsf3
                0x20000f68                __aeabi_ui2f
                0x20000f68                __floatunsisf
                0x20000f70                __aeabi_i2f
                0x20000f70                __floatsisf
                0x20000f90                __aeabi_ul2f
                0x20000f90                __floatundisf
                0x20000fa0                __aeabi_l2f
                0x20000fa0                __floatdisf
 .text          0x2000104c      0x2f8 c:/isis/application/toolchain/bin/../lib/gcc/arm-none-eabi/4.7.4\libgcc.a(_arm_muldivsf3.o)
                0x2000104c                __mulsf3
                0x2000104c                __aeabi_fmul
                0x200011e4                __aeabi_fdiv
                0x200011e4                __divsf3
 .text          0x20001344      0x114 c:/isis/application/toolchain/bin/../lib/gcc/arm-none-eabi/4.7.4\libgcc.a(_arm_cmpsf2.o)
                0x20001344                __gesf2
                0x20001344                __gtsf2
                0x2000134c                __lesf2
                0x2000134c                __ltsf2
                0x20001354                __nesf2
                0x20001354                __eqsf2
                0x20001354                __cmpsf2
                0x200013b8                __aeabi_cfrcmple
                0x200013c8                __aeabi_cfcmpeq
                0x200013c8                __aeabi_cfcmple
                0x200013e0                __aeabi_fcmpeq
                0x200013f8                __aeabi_fcmplt
                0x20001410                __aeabi_fcmple
                0x20001428                __aeabi_fcmpge
                0x20001440                __aeabi_fcmpgt
 .text          0x20001458       0x54 c:/isis/application/toolchain/bin/../lib/gcc/arm-none-eabi/4.7.4\libgcc.a(_arm_fixunssfsi.o)
                0x20001458                __fixunssfsi
                0x20001458                __aeabi_f2uiz
 .text          0x200014ac      0x144 c:/isis/application/toolchain/bin/../lib/gcc/arm-none-eabi/4.7.4\libgcc.a(_arm_cmpdf2.o)
                0x200014ac                __gtdf2
                0x200014ac                __gedf2
                0x200014b4                __ltdf2
                0x200014b4                __ledf2
                0x200014bc                __nedf2
                0x200014bc                __eqdf2
                0x200014bc                __cmpdf2
                0x20001544                __aeabi_cdrcmple
                0x20001560                __aeabi_cdcmpeq
                0x20001560                __aeabi_cdcmple
                0x20001578                __aeabi_dcmpeq
                0x20001590                __aeabi_dcmplt
                0x200015a8                __aeabi_dcmple
                0x200015c0                __aeabi_dcmpge
                0x200015d8                __aeabi_dcmpgt
 .text          0x200015f0       0x5c c:/isis/application/toolchain/bin/../lib/gcc/arm-none-eabi/4.7.4\libgcc.a(_arm_fixdfsi.o)
                0x200015f0                __aeabi_d2iz
                0x200015f0                __fixdfsi
 .text          0x2000164c       0x54 c:/isis/application/toolchain/bin/../lib/gcc/arm-none-eabi/4.7.4\libgcc.a(_arm_fixunsdfsi.o)
                0x2000164c                __aeabi_d2uiz
                0x2000164c                __fixunsdfsi
 .text          0x200016a0       0x3c c:/isis/application/toolchain/bin/../lib/gcc/arm-none-eabi/4.7.4\libgcc.a(_aeabi_uldivmod.o)
                0x200016a0                __aeabi_uldivmod
 .text          0x200016dc       0x84 c:/isis/application/toolchain/bin/../lib/gcc/arm-none-eabi/4.7.4\libgcc.a(bpabi.o)
                0x200016dc                __gnu_ldivmod_helper
                0x20001720                __gnu_uldivmod_helper
 .text          0x20001760      0x4f0 c:/isis/application/toolchain/bin/../lib/gcc/arm-none-eabi/4.7.4\libgcc.a(_divdi3.o)
                0x20001760                __divdi3
 .text          0x20001c50      0x488 c:/isis/application/toolchain/bin/../lib/gcc/arm-none-eabi/4.7.4\libgcc.a(_udivdi3.o)
                0x20001c50                __udivdi3
 .text          0x200020d8       0x48 c:/isis/application/toolchain/bin/../lib/gcc/arm-none-eabi/4.7.4\libgcc.a(_clzsi2.o)
                0x200020d8                __clzsi2
 *(.text*)
 .text.TestActUponCommand
                0x20002120      0x114 ./src/TestingDemos/CommandsTestingDemo.o
                0x20002120                TestActUponCommand
 .text.TestAssmbleCommand
                0x20002234      0x134 ./src/TestingDemos/CommandsTestingDemo.o
                0x20002234                TestAssmbleCommand
 .text.TestGetDelayedCommand
                0x20002368       0xa0 ./src/TestingDemos/CommandsTestingDemo.o
                0x20002368                TestGetDelayedCommand
 .text.TestAddDelayedCommand
                0x20002408       0xbc ./src/TestingDemos/CommandsTestingDemo.o
                0x20002408                TestAddDelayedCommand
 .text.TestGetDelayedCommandBufferCount
                0x200024c4       0x54 ./src/TestingDemos/CommandsTestingDemo.o
                0x200024c4                TestGetDelayedCommandBufferCount
 .text.TestGetOnlineCommand
                0x20002518       0xc8 ./src/TestingDemos/CommandsTestingDemo.o
                0x20002518                TestGetOnlineCommand
 .text.TestDeleteDelayedCommandByIndex
                0x200025e0      0x1c0 ./src/TestingDemos/CommandsTestingDemo.o
                0x200025e0                TestDeleteDelayedCommandByIndex
 .text.TestDeleteDelayedBuffer
                0x200027a0      0x140 ./src/TestingDemos/CommandsTestingDemo.o
                0x200027a0                TestDeleteDelayedBuffer
 .text.selectAndExecuteCommandsDemoTest
                0x200028e0      0x174 ./src/TestingDemos/CommandsTestingDemo.o
                0x200028e0                selectAndExecuteCommandsDemoTest
 .text.MainCommandsTestBench
                0x20002a54       0x44 ./src/TestingDemos/CommandsTestingDemo.o
                0x20002a54                MainCommandsTestBench
 .text.TestEpsConditioning
                0x20002a98      0x1e8 ./src/TestingDemos/EpsTestingDemo.o
                0x20002a98                TestEpsConditioning
 .text.TestGetBatteryVoltage
                0x20002c80       0x64 ./src/TestingDemos/EpsTestingDemo.o
                0x20002c80                TestGetBatteryVoltage
 .text.TestUpdateThreshVoltages
                0x20002ce4      0x170 ./src/TestingDemos/EpsTestingDemo.o
                0x20002ce4                TestUpdateThreshVoltages
 .text.TestGetThreshVoltages
                0x20002e54       0xb0 ./src/TestingDemos/EpsTestingDemo.o
                0x20002e54                TestGetThreshVoltages
 .text.TestUpdateAlpha
                0x20002f04       0xc0 ./src/TestingDemos/EpsTestingDemo.o
                0x20002f04                TestUpdateAlpha
 .text.TestGetAlpha
                0x20002fc4       0x78 ./src/TestingDemos/EpsTestingDemo.o
                0x20002fc4                TestGetAlpha
 .text.TestRestoreDefaultAlpha
                0x2000303c       0xf4 ./src/TestingDemos/EpsTestingDemo.o
                0x2000303c                TestRestoreDefaultAlpha
 .text.TestRestoreDefaultThresholdVoltages
                0x20003130      0x154 ./src/TestingDemos/EpsTestingDemo.o
                0x20003130                TestRestoreDefaultThresholdVoltages
 .text.GetHeaterValues
                0x20003284       0xb0 ./src/TestingDemos/EpsTestingDemo.o
                0x20003284                GetHeaterValues
 .text.SetHeaterValues
                0x20003334      0x104 ./src/TestingDemos/EpsTestingDemo.o
                0x20003334                SetHeaterValues
 .text.selectAndExecuteEpsDemoTest
                0x20003438      0x1b0 ./src/TestingDemos/EpsTestingDemo.o
                0x20003438                selectAndExecuteEpsDemoTest
 .text.MainEpsTestBench
                0x200035e8       0x40 ./src/TestingDemos/EpsTestingDemo.o
                0x200035e8                MainEpsTestBench
 .text.TestListFiles
                0x20003628      0x198 ./src/TestingDemos/FileSystemTestingDemo.o
                0x20003628                TestListFiles
 .text.TestListAllFiles
                0x200037c0       0xf8 ./src/TestingDemos/FileSystemTestingDemo.o
                0x200037c0                TestListAllFiles
 .text.TestLOGTLM
                0x200038b8      0x110 ./src/TestingDemos/FileSystemTestingDemo.o
                0x200038b8                TestLOGTLM
 .text.TestEPSTLM
                0x200039c8       0xa8 ./src/TestingDemos/FileSystemTestingDemo.o
                0x200039c8                TestEPSTLM
 .text.TestReadTimeRangeTLMRes
                0x20003a70      0x210 ./src/TestingDemos/FileSystemTestingDemo.o
                0x20003a70                TestReadTimeRangeTLMRes
 .text.TestReadTimeRangeTLM
                0x20003c80      0x178 ./src/TestingDemos/FileSystemTestingDemo.o
                0x20003c80                TestReadTimeRangeTLM
 .text.GenerateWODTLM
                0x20003df8       0xd0 ./src/TestingDemos/FileSystemTestingDemo.o
                0x20003df8                GenerateWODTLM
 .text.DeleteOldFiles
                0x20003ec8      0x148 ./src/TestingDemos/FileSystemTestingDemo.o
                0x20003ec8                DeleteOldFiles
 .text.createSingleDayTLM
                0x20004010       0xa4 ./src/TestingDemos/FileSystemTestingDemo.o
                0x20004010                createSingleDayTLM
 .text.copyTLMFile
                0x200040b4      0x2b8 ./src/TestingDemos/FileSystemTestingDemo.o
                0x200040b4                copyTLMFile
 .text.TestWODTLM
                0x2000436c       0xa8 ./src/TestingDemos/FileSystemTestingDemo.o
                0x2000436c                TestWODTLM
 .text.TestDeleteFiels
                0x20004414      0x2b8 ./src/TestingDemos/FileSystemTestingDemo.o
                0x20004414                TestDeleteFiels
 .text.TestReadMultiFiels
                0x200046cc      0x2ac ./src/TestingDemos/FileSystemTestingDemo.o
                0x200046cc                TestReadMultiFiels
 .text.TestTRXVUTLM
                0x20004978      0x11c ./src/TestingDemos/FileSystemTestingDemo.o
                0x20004978                TestTRXVUTLM
 .text.FullSDTest
                0x20004a94      0x130 ./src/TestingDemos/FileSystemTestingDemo.o
                0x20004a94                FullSDTest
 .text.LogErrorRateTest
                0x20004bc4      0x11c ./src/TestingDemos/FileSystemTestingDemo.o
                0x20004bc4                LogErrorRateTest
 .text.deleteMonth
                0x20004ce0       0x78 ./src/TestingDemos/FileSystemTestingDemo.o
                0x20004ce0                deleteMonth
 .text.deleteYear
                0x20004d58       0xb0 ./src/TestingDemos/FileSystemTestingDemo.o
                0x20004d58                deleteYear
 .text.writeFileOnScreen
                0x20004e08      0x16c ./src/TestingDemos/FileSystemTestingDemo.o
                0x20004e08                writeFileOnScreen
 .text.selectAndExecuteFSTest
                0x20004f74      0x278 ./src/TestingDemos/FileSystemTestingDemo.o
                0x20004f74                selectAndExecuteFSTest
 .text.MainFileSystemTestBench
                0x200051ec       0x44 ./src/TestingDemos/FileSystemTestingDemo.o
                0x200051ec                MainFileSystemTestBench
 .text.selectAndExecuteTest
                0x20005230      0x168 ./src/TestingDemos/MainTest.o
                0x20005230                selectAndExecuteTest
 .text.taskTesting
                0x20005398       0x28 ./src/TestingDemos/MainTest.o
                0x20005398                taskTesting
 .text.printSDINfo
                0x200053c0       0x84 ./src/TestingDemos/MaintenanceTestingDemo.o
                0x200053c0                printSDINfo
 .text.changeFirstActivation
                0x20005444       0x84 ./src/TestingDemos/MaintenanceTestingDemo.o
                0x20005444                changeFirstActivation
 .text.selectAndExecuteMaintenanceDemoTest
                0x200054c8      0x19c ./src/TestingDemos/MaintenanceTestingDemo.o
                0x200054c8                selectAndExecuteMaintenanceDemoTest
 .text.MainMaintenanceTestBench
                0x20005664       0x40 ./src/TestingDemos/MaintenanceTestingDemo.o
                0x20005664                MainMaintenanceTestBench
 .text.MainTelemetryTestBench
                0x200056a4       0x1c ./src/TestingDemos/TelemetryTestingDemo.o
                0x200056a4                MainTelemetryTestBench
 .text.TestInitTrxvu
                0x200056c0       0x54 ./src/TestingDemos/TrxvuTestingDemo.o
                0x200056c0                TestInitTrxvu
 .text.TestInitTrxvuWithDifferentFrameLengths
                0x20005714      0x134 ./src/TestingDemos/TrxvuTestingDemo.o
                0x20005714                TestInitTrxvuWithDifferentFrameLengths
 .text.TestTrxvuLogic
                0x20005848       0xd4 ./src/TestingDemos/TrxvuTestingDemo.o
                0x20005848                TestTrxvuLogic
 .text.TestCheckTransmitionAllowed
                0x2000591c       0xa4 ./src/TestingDemos/TrxvuTestingDemo.o
                0x2000591c                TestCheckTransmitionAllowed
 .text.TestLoopSPL
                0x200059c0       0xc4 ./src/TestingDemos/TrxvuTestingDemo.o
                0x200059c0                TestLoopSPL
 .text.TestSendDumpAbortRequest
                0x20005a84       0x24 ./src/TestingDemos/TrxvuTestingDemo.o
                0x20005a84                TestSendDumpAbortRequest
 .text.TestTransmitDummySplPacket
                0x20005aa8       0xc0 ./src/TestingDemos/TrxvuTestingDemo.o
                0x20005aa8                TestTransmitDummySplPacket
 .text.TestTransmitSplPacket
                0x20005b68      0x1ec ./src/TestingDemos/TrxvuTestingDemo.o
                0x20005b68                TestTransmitSplPacket
 .text.TestExitDump
                0x20005d54       0x1c ./src/TestingDemos/TrxvuTestingDemo.o
                0x20005d54                TestExitDump
 .text.TestDumpTelemetry
                0x20005d70       0x9c ./src/TestingDemos/TrxvuTestingDemo.o
                0x20005d70                TestDumpTelemetry
 .text.TestRestoreDefaultBeaconParameters
                0x20005e0c       0x1c ./src/TestingDemos/TrxvuTestingDemo.o
                0x20005e0c                TestRestoreDefaultBeaconParameters
 .text.TestChooseDefaultBeaconCycle
                0x20005e28       0xe0 ./src/TestingDemos/TrxvuTestingDemo.o
                0x20005e28                TestChooseDefaultBeaconCycle
 .text.TestBeaconLogic
                0x20005f08       0xdc ./src/TestingDemos/TrxvuTestingDemo.o
                0x20005f08                TestBeaconLogic
 .text.TestMuteTrxvu
                0x20005fe4       0x9c ./src/TestingDemos/TrxvuTestingDemo.o
                0x20005fe4                TestMuteTrxvu
 .text.TestUnMuteTrxvu
                0x20006080       0x30 ./src/TestingDemos/TrxvuTestingDemo.o
                0x20006080                TestUnMuteTrxvu
 .text.TestGetNumberOfFramesInBuffer
                0x200060b0       0x54 ./src/TestingDemos/TrxvuTestingDemo.o
                0x200060b0                TestGetNumberOfFramesInBuffer
 .text.TestSetTrxvuBitrate
                0x20006104       0xf0 ./src/TestingDemos/TrxvuTestingDemo.o
                0x20006104                TestSetTrxvuBitrate
 .text.TestGetTrxvuBitrate
                0x200061f4       0xb0 ./src/TestingDemos/TrxvuTestingDemo.o
                0x200061f4                TestGetTrxvuBitrate
 .text.TestTransmitDataAsSPL_Packet
                0x200062a4      0x114 ./src/TestingDemos/TrxvuTestingDemo.o
                0x200062a4                TestTransmitDataAsSPL_Packet
 .text.selectAndExecuteTrxvuDemoTest
                0x200063b8      0x2ac ./src/TestingDemos/TrxvuTestingDemo.o
                0x200063b8                selectAndExecuteTrxvuDemoTest
 .text.MainTrxvuTestBench
                0x20006664       0x44 ./src/TestingDemos/TrxvuTestingDemo.o
                0x20006664                MainTrxvuTestBench
 .text.GetBatteryVoltage
                0x200066a8       0x38 ./src/SubSystemModules/PowerManagment/EPS.o
                0x200066a8                GetBatteryVoltage
 .text.EPS_Init
                0x200066e0       0xb8 ./src/SubSystemModules/PowerManagment/EPS.o
                0x200066e0                EPS_Init
 .text.EPS_Conditioning
                0x20006798      0x1c4 ./src/SubSystemModules/PowerManagment/EPS.o
                0x20006798                EPS_Conditioning
 .text.UpdateAlpha
                0x2000695c       0xd8 ./src/SubSystemModules/PowerManagment/EPS.o
                0x2000695c                UpdateAlpha
 .text.UpdateThresholdVoltages
                0x20006a34      0x218 ./src/SubSystemModules/PowerManagment/EPS.o
                0x20006a34                UpdateThresholdVoltages
 .text.GetThresholdVoltages
                0x20006c4c       0x80 ./src/SubSystemModules/PowerManagment/EPS.o
                0x20006c4c                GetThresholdVoltages
 .text.GetAlpha
                0x20006ccc       0x7c ./src/SubSystemModules/PowerManagment/EPS.o
                0x20006ccc                GetAlpha
 .text.RestoreDefaultThresholdVoltages
                0x20006d48       0x74 ./src/SubSystemModules/PowerManagment/EPS.o
                0x20006d48                RestoreDefaultThresholdVoltages
 .text.CMDGetHeaterValues
                0x20006dbc       0x24 ./src/SubSystemModules/PowerManagment/EPS.o
                0x20006dbc                CMDGetHeaterValues
 .text.CMDSetHeaterValues
                0x20006de0       0x58 ./src/SubSystemModules/PowerManagment/EPS.o
                0x20006de0                CMDSetHeaterValues
 .text.EnterFullMode
                0x20006e38       0x44 ./src/SubSystemModules/PowerManagment/EPSOperationModes.o
                0x20006e38                EnterFullMode
 .text.EnterCruiseMode
                0x20006e7c       0x44 ./src/SubSystemModules/PowerManagment/EPSOperationModes.o
                0x20006e7c                EnterCruiseMode
 .text.EnterSafeMode
                0x20006ec0       0x44 ./src/SubSystemModules/PowerManagment/EPSOperationModes.o
                0x20006ec0                EnterSafeMode
 .text.EnterCriticalMode
                0x20006f04       0x44 ./src/SubSystemModules/PowerManagment/EPSOperationModes.o
                0x20006f04                EnterCriticalMode
 .text.GetSystemState
                0x20006f48       0x24 ./src/SubSystemModules/PowerManagment/EPSOperationModes.o
                0x20006f48                GetSystemState
 .text.GetSystemChannelState
                0x20006f6c       0x24 ./src/SubSystemModules/PowerManagment/EPSOperationModes.o
                0x20006f6c                GetSystemChannelState
 .text.EpsGetLowVoltageFlag
                0x20006f90       0x24 ./src/SubSystemModules/PowerManagment/EPSOperationModes.o
                0x20006f90                EpsGetLowVoltageFlag
 .text.EpsSetLowVoltageFlag
                0x20006fb4       0x2c ./src/SubSystemModules/PowerManagment/EPSOperationModes.o
                0x20006fb4                EpsSetLowVoltageFlag
 .text.CheckExecutionTime
                0x20006fe0       0x80 ./src/SubSystemModules/Maintenance/Maintenance.o
                0x20006fe0                CheckExecutionTime
 .text.SaveSatTimeInFRAM
                0x20007060       0x44 ./src/SubSystemModules/Maintenance/Maintenance.o
                0x20007060                SaveSatTimeInFRAM
 .text.WakeupFromResetCMD
                0x200070a4      0x120 ./src/SubSystemModules/Maintenance/Maintenance.o
                0x200070a4                WakeupFromResetCMD
 .text.ResetGroundCommWDT
                0x200071c4       0x1c ./src/SubSystemModules/Maintenance/Maintenance.o
                0x200071c4                ResetGroundCommWDT
 .text.findMinMonth
                0x200071e0       0xa4 ./src/SubSystemModules/Maintenance/Maintenance.o
                0x200071e0                findMinMonth
 .text.DeleteOldFiels
                0x20007284       0xec ./src/SubSystemModules/Maintenance/Maintenance.o
                0x20007284                DeleteOldFiels
 .text.HardResetMCU
                0x20007370       0x24 ./src/SubSystemModules/Maintenance/Maintenance.o
                0x20007370                HardResetMCU
 .text.InitSavePeriodTimes
                0x20007394       0x78 ./src/SubSystemModules/Housekepping/TelemetryCollector.o
                0x20007394                InitSavePeriodTimes
 .text.CMD_GetTLMPeriodTimes
                0x2000740c       0x38 ./src/SubSystemModules/Housekepping/TelemetryCollector.o
                0x2000740c                CMD_GetTLMPeriodTimes
 .text.CMD_SetTLMPeriodTimes
                0x20007444      0x17c ./src/SubSystemModules/Housekepping/TelemetryCollector.o
                0x20007444                CMD_SetTLMPeriodTimes
 .text.TelemetryCollectorLogic
                0x200075c0      0x208 ./src/SubSystemModules/Housekepping/TelemetryCollector.o
                0x200075c0                TelemetryCollectorLogic
 .text.TelemetrySaveEPS
                0x200077c8       0x18 ./src/SubSystemModules/Housekepping/TelemetryCollector.o
                0x200077c8                TelemetrySaveEPS
 .text.TelemetrySaveTRXVU
                0x200077e0       0x94 ./src/SubSystemModules/Housekepping/TelemetryCollector.o
                0x200077e0                TelemetrySaveTRXVU
 .text.TelemetrySaveANT
                0x20007874       0xa4 ./src/SubSystemModules/Housekepping/TelemetryCollector.o
                0x20007874                TelemetrySaveANT
 .text.TelemetrySaveSolarPanels
                0x20007918      0x228 ./src/SubSystemModules/Housekepping/TelemetryCollector.o
                0x20007918                TelemetrySaveSolarPanels
 .text.TelemetrySaveWOD
                0x20007b40       0x48 ./src/SubSystemModules/Housekepping/TelemetryCollector.o
                0x20007b40                TelemetrySaveWOD
 .text.GetCurrentWODTelemetry
                0x20007b88      0x74c ./src/SubSystemModules/Housekepping/TelemetryCollector.o
                0x20007b88                GetCurrentWODTelemetry
 .text.CMD_EPS_ResetWDT
                0x200082d4       0x48 ./src/SubSystemModules/Communication/SubsystemCommands/EPS_Commands.o
                0x200082d4                CMD_EPS_ResetWDT
 .text.CMD_DeleteTLM
                0x2000831c      0x1d8 ./src/SubSystemModules/Communication/SubsystemCommands/FS_Commands.o
                0x2000831c                CMD_DeleteTLM
 .text.CMD_DeleteAllFiles
                0x200084f4       0x38 ./src/SubSystemModules/Communication/SubsystemCommands/FS_Commands.o
                0x200084f4                CMD_DeleteAllFiles
 .text.CMD_GetLastFS_Error
                0x2000852c       0x4c ./src/SubSystemModules/Communication/SubsystemCommands/FS_Commands.o
                0x2000852c                CMD_GetLastFS_Error
 .text.CMD_GenericI2C
                0x20008578      0x144 ./src/SubSystemModules/Communication/SubsystemCommands/Maintanence_Commands.o
                0x20008578                CMD_GenericI2C
 .text.CMD_FRAM_ReadAndTransmitt
                0x200086bc       0xe8 ./src/SubSystemModules/Communication/SubsystemCommands/Maintanence_Commands.o
                0x200086bc                CMD_FRAM_ReadAndTransmitt
 .text.CMD_FRAM_WriteAndTransmitt
                0x200087a4      0x11c ./src/SubSystemModules/Communication/SubsystemCommands/Maintanence_Commands.o
                0x200087a4                CMD_FRAM_WriteAndTransmitt
 .text.CMD_FRAM_ReStart
                0x200088c0       0x4c ./src/SubSystemModules/Communication/SubsystemCommands/Maintanence_Commands.o
                0x200088c0                CMD_FRAM_ReStart
 .text.CMD_UpdateSatTime
                0x2000890c       0xa4 ./src/SubSystemModules/Communication/SubsystemCommands/Maintanence_Commands.o
                0x2000890c                CMD_UpdateSatTime
 .text.CMD_GetSatUptime
                0x200089b0       0x48 ./src/SubSystemModules/Communication/SubsystemCommands/Maintanence_Commands.o
                0x200089b0                CMD_GetSatUptime
 .text.CMD_ResetComponent
                0x200089f8      0x290 ./src/SubSystemModules/Communication/SubsystemCommands/Maintanence_Commands.o
                0x200089f8                CMD_ResetComponent
 .text.DumpTask
                0x20008c88      0x310 ./src/SubSystemModules/Communication/SubsystemCommands/TRXVU_Commands.o
                0x20008c88                DumpTask
 .text.CMD_AntennaDeploy
                0x20008f98       0xec ./src/SubSystemModules/Communication/SubsystemCommands/TRXVU_Commands.o
                0x20008f98                CMD_AntennaDeploy
 .text.CMD_StartDump
                0x20009084      0x224 ./src/SubSystemModules/Communication/SubsystemCommands/TRXVU_Commands.o
                0x20009084                CMD_StartDump
 .text.CMD_SendDumpAbortRequest
                0x200092a8       0x38 ./src/SubSystemModules/Communication/SubsystemCommands/TRXVU_Commands.o
                0x200092a8                CMD_SendDumpAbortRequest
 .text.CMD_ForceDumpAbort
                0x200092e0       0x3c ./src/SubSystemModules/Communication/SubsystemCommands/TRXVU_Commands.o
                0x200092e0                CMD_ForceDumpAbort
 .text.CMD_SetTransponder
                0x2000931c      0x148 ./src/SubSystemModules/Communication/SubsystemCommands/TRXVU_Commands.o
                0x2000931c                CMD_SetTransponder
 .text.CMD_SetRSSITransponder
                0x20009464       0x90 ./src/SubSystemModules/Communication/SubsystemCommands/TRXVU_Commands.o
                0x20009464                CMD_SetRSSITransponder
 .text.CMD_MuteTRXVU
                0x200094f4       0xc4 ./src/SubSystemModules/Communication/SubsystemCommands/TRXVU_Commands.o
                0x200094f4                CMD_MuteTRXVU
 .text.CMD_SetIdleState
                0x200095b8       0x94 ./src/SubSystemModules/Communication/SubsystemCommands/TRXVU_Commands.o
                0x200095b8                CMD_SetIdleState
 .text.CMD_UnMuteTRXVU
                0x2000964c       0x38 ./src/SubSystemModules/Communication/SubsystemCommands/TRXVU_Commands.o
                0x2000964c                CMD_UnMuteTRXVU
 .text.CMD_GetBaudRate
                0x20009684       0x68 ./src/SubSystemModules/Communication/SubsystemCommands/TRXVU_Commands.o
                0x20009684                CMD_GetBaudRate
 .text.CMD_TrasmitBeacon
                0x200096ec       0x48 ./src/SubSystemModules/Communication/SubsystemCommands/TRXVU_Commands.o
                0x200096ec                CMD_TrasmitBeacon
 .text.CMD_GetBeaconInterval
                0x20009734       0x6c ./src/SubSystemModules/Communication/SubsystemCommands/TRXVU_Commands.o
                0x20009734                CMD_GetBeaconInterval
 .text.CMD_SetBaudRate
                0x200097a0       0x60 ./src/SubSystemModules/Communication/SubsystemCommands/TRXVU_Commands.o
                0x200097a0                CMD_SetBaudRate
 .text.CMD_GetTxUptime
                0x20009800       0x64 ./src/SubSystemModules/Communication/SubsystemCommands/TRXVU_Commands.o
                0x20009800                CMD_GetTxUptime
 .text.CMD_GetRxUptime
                0x20009864       0x64 ./src/SubSystemModules/Communication/SubsystemCommands/TRXVU_Commands.o
                0x20009864                CMD_GetRxUptime
 .text.CMD_GetNumOfOnlineCommands
                0x200098c8       0x64 ./src/SubSystemModules/Communication/SubsystemCommands/TRXVU_Commands.o
                0x200098c8                CMD_GetNumOfOnlineCommands
 .text.CMD_AntSetArmStatus
                0x2000992c       0xa0 ./src/SubSystemModules/Communication/SubsystemCommands/TRXVU_Commands.o
                0x2000992c                CMD_AntSetArmStatus
 .text.CMD_AntGetArmStatus
                0x200099cc       0x70 ./src/SubSystemModules/Communication/SubsystemCommands/TRXVU_Commands.o
                0x200099cc                CMD_AntGetArmStatus
 .text.CMD_AntGetUptime
                0x20009a3c       0x78 ./src/SubSystemModules/Communication/SubsystemCommands/TRXVU_Commands.o
                0x20009a3c                CMD_AntGetUptime
 .text.CMD_StopReDeployment
                0x20009ab4       0xac ./src/SubSystemModules/Communication/SubsystemCommands/TRXVU_Commands.o
                0x20009ab4                CMD_StopReDeployment
 .text.CMD_AntCancelDeployment
                0x20009b60       0x68 ./src/SubSystemModules/Communication/SubsystemCommands/TRXVU_Commands.o
                0x20009b60                CMD_AntCancelDeployment
 .text.SendAckPacket
                0x20009bc8       0xe4 ./src/SubSystemModules/Communication/AckHandler.o
                0x20009bc8                SendAckPacket
 .text.trxvu_command_router
                0x20009cac      0x548 ./src/SubSystemModules/Communication/CommandDictionary.o
                0x20009cac                trxvu_command_router
 .text.eps_command_router
                0x2000a1f4       0xdc ./src/SubSystemModules/Communication/CommandDictionary.o
                0x2000a1f4                eps_command_router
 .text.telemetry_command_router
                0x2000a2d0      0x1f4 ./src/SubSystemModules/Communication/CommandDictionary.o
                0x2000a2d0                telemetry_command_router
 .text.managment_command_router
                0x2000a4c4      0x12c ./src/SubSystemModules/Communication/CommandDictionary.o
                0x2000a4c4                managment_command_router
 .text.filesystem_command_router
                0x2000a5f0       0x24 ./src/SubSystemModules/Communication/CommandDictionary.o
                0x2000a5f0                filesystem_command_router
 .text.ParseDataToCommand
                0x2000a614      0x1ac ./src/SubSystemModules/Communication/SatCommandHandler.o
                0x2000a614                ParseDataToCommand
 .text.AssembleCommand
                0x2000a7c0      0x148 ./src/SubSystemModules/Communication/SatCommandHandler.o
                0x2000a7c0                AssembleCommand
 .text.GetDelayedCommand
                0x2000a908       0x24 ./src/SubSystemModules/Communication/SatCommandHandler.o
                0x2000a908                GetDelayedCommand
 .text.AddDelayedCommand
                0x2000a92c       0x24 ./src/SubSystemModules/Communication/SatCommandHandler.o
                0x2000a92c                AddDelayedCommand
 .text.GetDelayedCommandBufferCount
                0x2000a950       0x50 ./src/SubSystemModules/Communication/SatCommandHandler.o
                0x2000a950                GetDelayedCommandBufferCount
 .text.GetDelayedCommandByIndex
                0x2000a9a0       0x28 ./src/SubSystemModules/Communication/SatCommandHandler.o
                0x2000a9a0                GetDelayedCommandByIndex
 .text.DeleteDelayedCommandByIndex
                0x2000a9c8       0x24 ./src/SubSystemModules/Communication/SatCommandHandler.o
                0x2000a9c8                DeleteDelayedCommandByIndex
 .text.DeleteDelayedBuffer
                0x2000a9ec       0x1c ./src/SubSystemModules/Communication/SatCommandHandler.o
                0x2000a9ec                DeleteDelayedBuffer
 .text.ActUponCommand
                0x2000aa08      0x108 ./src/SubSystemModules/Communication/SatCommandHandler.o
                0x2000aa08                ActUponCommand
 .text.setMuteEndTime
                0x2000ab10       0x40 ./src/SubSystemModules/Communication/TRXVU.o
                0x2000ab10                setMuteEndTime
 .text.getMuteEndTime
                0x2000ab50       0x44 ./src/SubSystemModules/Communication/TRXVU.o
                0x2000ab50                getMuteEndTime
 .text.setTransponderEndTime
                0x2000ab94       0x40 ./src/SubSystemModules/Communication/TRXVU.o
                0x2000ab94                setTransponderEndTime
 .text.getTransponderEndTime
                0x2000abd4       0x44 ./src/SubSystemModules/Communication/TRXVU.o
                0x2000abd4                getTransponderEndTime
 .text.setTransponderRSSIinFRAM
                0x2000ac18       0x44 ./src/SubSystemModules/Communication/TRXVU.o
                0x2000ac18                setTransponderRSSIinFRAM
 .text.getTransponderRSSIFromFRAM
                0x2000ac5c       0x4c ./src/SubSystemModules/Communication/TRXVU.o
                0x2000ac5c                getTransponderRSSIFromFRAM
 .text.InitTxModule
                0x2000aca8       0x68 ./src/SubSystemModules/Communication/TRXVU.o
                0x2000aca8                InitTxModule
 .text.CMD_SetBeaconInterval
                0x2000ad10       0xdc ./src/SubSystemModules/Communication/TRXVU.o
                0x2000ad10                CMD_SetBeaconInterval
 .text.InitBeaconParams
                0x2000adec       0x3c ./src/SubSystemModules/Communication/TRXVU.o
                0x2000adec                InitBeaconParams
 .text.InitSemaphores
                0x2000ae28       0x98 ./src/SubSystemModules/Communication/TRXVU.o
                0x2000ae28                InitSemaphores
 .text.InitTrxvu
                0x2000aec0       0xec ./src/SubSystemModules/Communication/TRXVU.o
                0x2000aec0                InitTrxvu
 .text.checkIdleFinish
                0x2000afac       0x68 ./src/SubSystemModules/Communication/TRXVU.o
                0x2000afac                checkIdleFinish
 .text.checkTransponderFinish
                0x2000b014       0x98 ./src/SubSystemModules/Communication/TRXVU.o
                0x2000b014                checkTransponderFinish
 .text.checkTransponderStart
                0x2000b0ac       0x50 ./src/SubSystemModules/Communication/TRXVU.o
                0x2000b0ac                checkTransponderStart
 .text.turnOnTransponder
                0x2000b0fc       0xa0 ./src/SubSystemModules/Communication/TRXVU.o
                0x2000b0fc                turnOnTransponder
 .text.SetRSSITransponder
                0x2000b19c       0x80 ./src/SubSystemModules/Communication/TRXVU.o
                0x2000b19c                SetRSSITransponder
 .text.TRX_Logic
                0x2000b21c       0xd4 ./src/SubSystemModules/Communication/TRXVU.o
                0x2000b21c                TRX_Logic
 .text.GetNumberOfFramesInBuffer
                0x2000b2f0       0x5c ./src/SubSystemModules/Communication/TRXVU.o
                0x2000b2f0                GetNumberOfFramesInBuffer
 .text.GetOnlineCommand
                0x2000b34c      0x17c ./src/SubSystemModules/Communication/TRXVU.o
                0x2000b34c                GetOnlineCommand
 .text.CheckTransmitionAllowed
                0x2000b4c8       0xc0 ./src/SubSystemModules/Communication/TRXVU.o
                0x2000b4c8                CheckTransmitionAllowed
 .text.FinishDump
                0x2000b588       0xf0 ./src/SubSystemModules/Communication/TRXVU.o
                0x2000b588                FinishDump
 .text.AbortDump
                0x2000b678       0x34 ./src/SubSystemModules/Communication/TRXVU.o
                0x2000b678                AbortDump
 .text.SendDumpAbortRequest
                0x2000b6ac       0x6c ./src/SubSystemModules/Communication/TRXVU.o
                0x2000b6ac                SendDumpAbortRequest
 .text.CheckDumpAbort
                0x2000b718       0x6c ./src/SubSystemModules/Communication/TRXVU.o
                0x2000b718                CheckDumpAbort
 .text.BeaconLogic
                0x2000b784      0x1b8 ./src/SubSystemModules/Communication/TRXVU.o
                0x2000b784                BeaconLogic
 .text.SetIdleState
                0x2000b93c      0x144 ./src/SubSystemModules/Communication/TRXVU.o
                0x2000b93c                SetIdleState
 .text.muteTRXVU
                0x2000ba80       0x74 ./src/SubSystemModules/Communication/TRXVU.o
                0x2000ba80                muteTRXVU
 .text.UnMuteTRXVU
                0x2000baf4       0x14 ./src/SubSystemModules/Communication/TRXVU.o
                0x2000baf4                UnMuteTRXVU
 .text.TransmitDataAsSPL_Packet
                0x2000bb08      0x114 ./src/SubSystemModules/Communication/TRXVU.o
                0x2000bb08                TransmitDataAsSPL_Packet
 .text.TransmitSplPacket
                0x2000bc1c      0x1cc ./src/SubSystemModules/Communication/TRXVU.o
                0x2000bc1c                TransmitSplPacket
 .text.isFirstActivation
                0x2000bde8       0x38 ./src/InitSystem.o
                0x2000bde8                isFirstActivation
 .text.WriteDefaultValuesToFRAM
                0x2000be20      0x1e8 ./src/InitSystem.o
                0x2000be20                WriteDefaultValuesToFRAM
 .text.StartFRAM
                0x2000c008       0x2c ./src/InitSystem.o
                0x2000c008                StartFRAM
 .text.StartI2C
                0x2000c034       0x38 ./src/InitSystem.o
                0x2000c034                StartI2C
 .text.StartSPI
                0x2000c06c       0x34 ./src/InitSystem.o
                0x2000c06c                StartSPI
 .text.StartTIME
                0x2000c0a0       0xbc ./src/InitSystem.o
                0x2000c0a0                StartTIME
 .text.DeploySystem
                0x2000c15c      0x1a4 ./src/InitSystem.o
                0x2000c15c                DeploySystem
 .text.InitSubsystems
                0x2000c300       0x60 ./src/InitSystem.o
                0x2000c300                InitSubsystems
 .text.CMD_getInfoImage
                0x2000c360      0x158 ./src/TLM_management.o
                0x2000c360                CMD_getInfoImage
 .text.CMD_getDataImage
                0x2000c4b8      0x218 ./src/TLM_management.o
                0x2000c4b8                CMD_getDataImage
 .text.delete_allTMFilesFromSD
                0x2000c6d0       0x8c ./src/TLM_management.o
                0x2000c6d0                delete_allTMFilesFromSD
 .text.deleteTLMFiles
                0x2000c75c       0x94 ./src/TLM_management.o
                0x2000c75c                deleteTLMFiles
 .text.deleteTLMFile
                0x2000c7f0       0xcc ./src/TLM_management.o
                0x2000c7f0                deleteTLMFile
 .text.deleteTLMbyMonth
                0x2000c8bc       0xac ./src/TLM_management.o
                0x2000c8bc                deleteTLMbyMonth
 .text.deleteDirectory
                0x2000c968      0x158 ./src/TLM_management.o
                0x2000c968                deleteDirectory
 .text.InitializeFS
                0x2000cac0      0x100 ./src/TLM_management.o
                0x2000cac0                InitializeFS
 .text.calculateFileName
                0x2000cbc0      0x130 ./src/TLM_management.o
                0x2000cbc0                calculateFileName
 .text.getTlmTypeInfo
                0x2000ccf0      0x230 ./src/TLM_management.o
                0x2000ccf0                getTlmTypeInfo
 .text.write2File
                0x2000cf20      0x1dc ./src/TLM_management.o
                0x2000cf20                write2File
 .text.printTLM
                0x2000d0fc      0x490 ./src/TLM_management.o
                0x2000d0fc                printTLM
 .text.readTLMFile
                0x2000d58c      0x328 ./src/TLM_management.o
                0x2000d58c                readTLMFile
 .text.readTLMFiles
                0x2000d8b4       0xdc ./src/TLM_management.o
                0x2000d8b4                readTLMFiles
 .text.readTLMFileTimeRange
                0x2000d990      0x2f0 ./src/TLM_management.o
                0x2000d990                readTLMFileTimeRange
 .text.DeInitializeFS
                0x2000dc80       0x38 ./src/TLM_management.o
                0x2000dc80                DeInitializeFS
 .text.main     0x2000dcb8       0x98 ./src/main.o
                0x2000dcb8                main
 .text.timeU2time
                0x2000dd50       0xbc ./src/utils.o
                0x2000dd50                timeU2time
 .text.logError
                0x2000de0c      0x134 ./src/utils.o
                0x2000de0c                logError
 .text.clearPDCtransfers
                0x2000df40       0xe8 C:/ISIS/workspace/ycube/GlobusSatProject/..//hal/hal/lib\libHALD.a(SPI.o)
 .text.SPI_start
                0x2000e028      0x4b0 C:/ISIS/workspace/ycube/GlobusSatProject/..//hal/hal/lib\libHALD.a(SPI.o)
                0x2000e028                SPI_start
 .text.SPI_stop
                0x2000e4d8      0x244 C:/ISIS/workspace/ycube/GlobusSatProject/..//hal/hal/lib\libHALD.a(SPI.o)
                0x2000e4d8                SPI_stop
 .text.SPI_queueTransfer
                0x2000e71c      0x1cc C:/ISIS/workspace/ycube/GlobusSatProject/..//hal/hal/lib\libHALD.a(SPI.o)
                0x2000e71c                SPI_queueTransfer
 .text.SPI_internalCallback
                0x2000e8e8       0x64 C:/ISIS/workspace/ycube/GlobusSatProject/..//hal/hal/lib\libHALD.a(SPI.o)
 .text.SPI_writeRead
                0x2000e94c      0x1c0 C:/ISIS/workspace/ycube/GlobusSatProject/..//hal/hal/lib\libHALD.a(SPI.o)
                0x2000e94c                SPI_writeRead
 .text.waitForTransfer
                0x2000eb0c       0x78 C:/ISIS/workspace/ycube/GlobusSatProject/..//hal/hal/lib\libHALD.a(SPI.o)
 .text.SPI_getDriverState
                0x2000eb84       0x58 C:/ISIS/workspace/ycube/GlobusSatProject/..//hal/hal/lib\libHALD.a(SPI.o)
                0x2000eb84                SPI_getDriverState
 .text.validateTransferParameters
                0x2000ebdc      0x10c C:/ISIS/workspace/ycube/GlobusSatProject/..//hal/hal/lib\libHALD.a(I2C.o)
 .text.I2C_queueTransfer
                0x2000ece8       0xfc C:/ISIS/workspace/ycube/GlobusSatProject/..//hal/hal/lib\libHALD.a(I2C.o)
                0x2000ece8                I2C_queueTransfer
 .text.I2C_internalCallback
                0x2000ede4       0x64 C:/ISIS/workspace/ycube/GlobusSatProject/..//hal/hal/lib\libHALD.a(I2C.o)
 .text.I2C_doBlockingTransfer
                0x2000ee48      0x180 C:/ISIS/workspace/ycube/GlobusSatProject/..//hal/hal/lib\libHALD.a(I2C.o)
 .text.I2C_write
                0x2000efc8      0x110 C:/ISIS/workspace/ycube/GlobusSatProject/..//hal/hal/lib\libHALD.a(I2C.o)
                0x2000efc8                I2C_write
 .text.I2C_read
                0x2000f0d8      0x110 C:/ISIS/workspace/ycube/GlobusSatProject/..//hal/hal/lib\libHALD.a(I2C.o)
                0x2000f0d8                I2C_read
 .text.I2C_writeRead
                0x2000f1e8      0x17c C:/ISIS/workspace/ycube/GlobusSatProject/..//hal/hal/lib\libHALD.a(I2C.o)
                0x2000f1e8                I2C_writeRead
 .text.I2C_start
                0x2000f364      0x2e8 C:/ISIS/workspace/ycube/GlobusSatProject/..//hal/hal/lib\libHALD.a(I2C.o)
                0x2000f364                I2C_start
 .text.I2C_stop
                0x2000f64c      0x184 C:/ISIS/workspace/ycube/GlobusSatProject/..//hal/hal/lib\libHALD.a(I2C.o)
                0x2000f64c                I2C_stop
 .text.I2C_setTransferTimeout
                0x2000f7d0       0x48 C:/ISIS/workspace/ycube/GlobusSatProject/..//hal/hal/lib\libHALD.a(I2C.o)
                0x2000f7d0                I2C_setTransferTimeout
 .text.ADC_ConvertRaw10bitToMillivolt
                0x2000f818       0x50 C:/ISIS/workspace/ycube/GlobusSatProject/..//hal/hal/lib\libHALD.a(ADC.o)
                0x2000f818                ADC_ConvertRaw10bitToMillivolt
 .text.ADC_SingleShot
                0x2000f868      0x230 C:/ISIS/workspace/ycube/GlobusSatProject/..//hal/hal/lib\libHALD.a(ADC.o)
                0x2000f868                ADC_SingleShot
 .text.FRAM_start
                0x2000fa98      0x120 C:/ISIS/workspace/ycube/GlobusSatProject/..//hal/hal/lib\libHALD.a(FRAM.o)
                0x2000fa98                FRAM_start
 .text.FRAM_stop
                0x2000fbb8       0x6c C:/ISIS/workspace/ycube/GlobusSatProject/..//hal/hal/lib\libHALD.a(FRAM.o)
                0x2000fbb8                FRAM_stop
 .text.FRAM_dummyCallback
                0x2000fc24       0x24 C:/ISIS/workspace/ycube/GlobusSatProject/..//hal/hal/lib\libHALD.a(FRAM.o)
                0x2000fc24                FRAM_dummyCallback
 .text.FRAM_unlockingCallback
                0x2000fc48       0x64 C:/ISIS/workspace/ycube/GlobusSatProject/..//hal/hal/lib\libHALD.a(FRAM.o)
                0x2000fc48                FRAM_unlockingCallback
 .text.doBlockingTransfer
                0x2000fcac       0x78 C:/ISIS/workspace/ycube/GlobusSatProject/..//hal/hal/lib\libHALD.a(FRAM.o)
 .text.FRAM_writePacket
                0x2000fd24      0x134 C:/ISIS/workspace/ycube/GlobusSatProject/..//hal/hal/lib\libHALD.a(FRAM.o)
 .text.FRAM_write
                0x2000fe58      0x1e0 C:/ISIS/workspace/ycube/GlobusSatProject/..//hal/hal/lib\libHALD.a(FRAM.o)
                0x2000fe58                FRAM_write
 .text.FRAM_readPacket
                0x20010038       0xf0 C:/ISIS/workspace/ycube/GlobusSatProject/..//hal/hal/lib\libHALD.a(FRAM.o)
 .text.FRAM_read
                0x20010128      0x1ec C:/ISIS/workspace/ycube/GlobusSatProject/..//hal/hal/lib\libHALD.a(FRAM.o)
                0x20010128                FRAM_read
 .text.Time_start
                0x20010314      0x170 C:/ISIS/workspace/ycube/GlobusSatProject/..//hal/hal/lib\libHALD.a(Time.o)
                0x20010314                Time_start
 .text.taskTimeSync
                0x20010484       0x64 C:/ISIS/workspace/ycube/GlobusSatProject/..//hal/hal/lib\libHALD.a(Time.o)
 .text.Time_convertEpochToTime
                0x200104e8      0x100 C:/ISIS/workspace/ycube/GlobusSatProject/..//hal/hal/lib\libHALD.a(Time.o)
                0x200104e8                Time_convertEpochToTime
 .text.Time_calculateSecondsOfYear
                0x200105e8       0xd8 C:/ISIS/workspace/ycube/GlobusSatProject/..//hal/hal/lib\libHALD.a(Time.o)
 .text.Time_set
                0x200106c0       0xd8 C:/ISIS/workspace/ycube/GlobusSatProject/..//hal/hal/lib\libHALD.a(Time.o)
                0x200106c0                Time_set
 .text.Time_isLeapYear
                0x20010798       0x98 C:/ISIS/workspace/ycube/GlobusSatProject/..//hal/hal/lib\libHALD.a(Time.o)
                0x20010798                Time_isLeapYear
 .text.Time_get
                0x20010830      0x478 C:/ISIS/workspace/ycube/GlobusSatProject/..//hal/hal/lib\libHALD.a(Time.o)
                0x20010830                Time_get
 .text.Time_getUnixEpoch
                0x20010ca8      0x108 C:/ISIS/workspace/ycube/GlobusSatProject/..//hal/hal/lib\libHALD.a(Time.o)
                0x20010ca8                Time_getUnixEpoch
 .text.Time_secondsOfYearToTime
                0x20010db0      0x33c C:/ISIS/workspace/ycube/GlobusSatProject/..//hal/hal/lib\libHALD.a(Time.o)
 .text.Time_setUnixEpoch
                0x200110ec       0x54 C:/ISIS/workspace/ycube/GlobusSatProject/..//hal/hal/lib\libHALD.a(Time.o)
                0x200110ec                Time_setUnixEpoch
 .text.Time_getUptimeSeconds
                0x20011140       0x28 C:/ISIS/workspace/ycube/GlobusSatProject/..//hal/hal/lib\libHALD.a(Time.o)
                0x20011140                Time_getUptimeSeconds
 .text.Time_sync
                0x20011168      0x1a8 C:/ISIS/workspace/ycube/GlobusSatProject/..//hal/hal/lib\libHALD.a(Time.o)
                0x20011168                Time_sync
 .text.Time_syncIfNeeded
                0x20011310       0xac C:/ISIS/workspace/ycube/GlobusSatProject/..//hal/hal/lib\libHALD.a(Time.o)
                0x20011310                Time_syncIfNeeded
 .text.WDT_start
                0x200113bc       0x48 C:/ISIS/workspace/ycube/GlobusSatProject/..//hal/hal/lib\libHALD.a(WatchDogTimerNoOS.o)
                0x200113bc                WDT_start
 .text.RTT_start
                0x20011404       0x24 C:/ISIS/workspace/ycube/GlobusSatProject/..//hal/hal/lib\libHALD.a(RTT.o)
                0x20011404                RTT_start
 .text.RTT_GetTime
                0x20011428       0x24 C:/ISIS/workspace/ycube/GlobusSatProject/..//hal/hal/lib\libHALD.a(RTT.o)
                0x20011428                RTT_GetTime
 .text.RTC_start
                0x2001144c       0x3c C:/ISIS/workspace/ycube/GlobusSatProject/..//hal/hal/lib\libHALD.a(RTC.o)
                0x2001144c                RTC_start
 .text.RTC_setTime
                0x20011488      0x2a4 C:/ISIS/workspace/ycube/GlobusSatProject/..//hal/hal/lib\libHALD.a(RTC.o)
                0x20011488                RTC_setTime
 .text.RTC_getTime
                0x2001172c      0x230 C:/ISIS/workspace/ycube/GlobusSatProject/..//hal/hal/lib\libHALD.a(RTC.o)
                0x2001172c                RTC_getTime
 .text.RTC_checkTimeValid
                0x2001195c       0xd8 C:/ISIS/workspace/ycube/GlobusSatProject/..//hal/hal/lib\libHALD.a(RTC.o)
                0x2001195c                RTC_checkTimeValid
 .text.WDT_startWatchdogKickTask
                0x20011a34       0xb4 C:/ISIS/workspace/ycube/GlobusSatProject/..//hal/hal/lib\libHALD.a(WatchDogTimerOS.o)
                0x20011a34                WDT_startWatchdogKickTask
 .text.WDT_forceKickEveryNms
                0x20011ae8       0x50 C:/ISIS/workspace/ycube/GlobusSatProject/..//hal/hal/lib\libHALD.a(WatchDogTimerOS.o)
                0x20011ae8                WDT_forceKickEveryNms
 .text.f_puts   0x20011b38       0x80 C:/ISIS/workspace/ycube/GlobusSatProject/..//hal/hal/lib\libHALD.a(fprintf.o)
                0x20011b38                f_puts
 .text.UTIL_DbguGetInteger
                0x20011bb8      0x168 C:/ISIS/workspace/ycube/GlobusSatProject/..//hal/hal/lib\libHALD.a(util.o)
                0x20011bb8                UTIL_DbguGetInteger
 .text.UTIL_DbguGetIntegerMinMax
                0x20011d20       0xa4 C:/ISIS/workspace/ycube/GlobusSatProject/..//hal/hal/lib\libHALD.a(util.o)
                0x20011d20                UTIL_DbguGetIntegerMinMax
 .text.LED_glow
                0x20011dc4       0x58 C:/ISIS/workspace/ycube/GlobusSatProject/..//hal/hal/lib\libHALD.a(LED.o)
                0x20011dc4                LED_glow
 .text.LED_dark
                0x20011e1c       0x58 C:/ISIS/workspace/ycube/GlobusSatProject/..//hal/hal/lib\libHALD.a(LED.o)
                0x20011e1c                LED_dark
 .text.LED_toggle
                0x20011e74       0x50 C:/ISIS/workspace/ycube/GlobusSatProject/..//hal/hal/lib\libHALD.a(LED.o)
                0x20011e74                LED_toggle
 .text.fm_initvolume
                0x20011ec4       0x70 C:/ISIS/workspace/ycube/GlobusSatProject/..//hal/hcc/lib\libHCCD.a(fat_m.o)
                0x20011ec4                fm_initvolume
 .text.fm_delvolume
                0x20011f34       0x60 C:/ISIS/workspace/ycube/GlobusSatProject/..//hal/hcc/lib\libHCCD.a(fat_m.o)
                0x20011f34                fm_delvolume
 .text.fm_getdrive
                0x20011f94       0x70 C:/ISIS/workspace/ycube/GlobusSatProject/..//hal/hcc/lib\libHCCD.a(fat_m.o)
                0x20011f94                fm_getdrive
 .text.fm_getfreespace
                0x20012004       0x68 C:/ISIS/workspace/ycube/GlobusSatProject/..//hal/hcc/lib\libHCCD.a(fat_m.o)
                0x20012004                fm_getfreespace
 .text.fm_mkdir
                0x2001206c       0x60 C:/ISIS/workspace/ycube/GlobusSatProject/..//hal/hcc/lib\libHCCD.a(fat_m.o)
                0x2001206c                fm_mkdir
 .text.fm_rmdir
                0x200120cc       0x60 C:/ISIS/workspace/ycube/GlobusSatProject/..//hal/hcc/lib\libHCCD.a(fat_m.o)
                0x200120cc                fm_rmdir
 .text.fm_findfirst
                0x2001212c       0x68 C:/ISIS/workspace/ycube/GlobusSatProject/..//hal/hcc/lib\libHCCD.a(fat_m.o)
                0x2001212c                fm_findfirst
 .text.fm_findnext
                0x20012194       0x60 C:/ISIS/workspace/ycube/GlobusSatProject/..//hal/hcc/lib\libHCCD.a(fat_m.o)
                0x20012194                fm_findnext
 .text.fm_close
                0x200121f4       0x60 C:/ISIS/workspace/ycube/GlobusSatProject/..//hal/hcc/lib\libHCCD.a(fat_m.o)
                0x200121f4                fm_close
 .text.fm_flush
                0x20012254       0x60 C:/ISIS/workspace/ycube/GlobusSatProject/..//hal/hcc/lib\libHCCD.a(fat_m.o)
                0x20012254                fm_flush
 .text.fm_open  0x200122b4       0x68 C:/ISIS/workspace/ycube/GlobusSatProject/..//hal/hcc/lib\libHCCD.a(fat_m.o)
                0x200122b4                fm_open
 .text.fm_read  0x2001231c       0x7c C:/ISIS/workspace/ycube/GlobusSatProject/..//hal/hcc/lib\libHCCD.a(fat_m.o)
                0x2001231c                fm_read
 .text.fm_write
                0x20012398       0x7c C:/ISIS/workspace/ycube/GlobusSatProject/..//hal/hcc/lib\libHCCD.a(fat_m.o)
                0x20012398                fm_write
 .text.fm_seek  0x20012414       0x70 C:/ISIS/workspace/ycube/GlobusSatProject/..//hal/hcc/lib\libHCCD.a(fat_m.o)
                0x20012414                fm_seek
 .text.fm_tell  0x20012484       0x60 C:/ISIS/workspace/ycube/GlobusSatProject/..//hal/hcc/lib\libHCCD.a(fat_m.o)
                0x20012484                fm_tell
 .text.fm_putc  0x200124e4       0x68 C:/ISIS/workspace/ycube/GlobusSatProject/..//hal/hcc/lib\libHCCD.a(fat_m.o)
                0x200124e4                fm_putc
 .text.fm_rewind
                0x2001254c       0x60 C:/ISIS/workspace/ycube/GlobusSatProject/..//hal/hcc/lib\libHCCD.a(fat_m.o)
                0x2001254c                fm_rewind
 .text.fm_delete
                0x200125ac       0x64 C:/ISIS/workspace/ycube/GlobusSatProject/..//hal/hcc/lib\libHCCD.a(fat_m.o)
                0x200125ac                fm_delete
 .text.fm_getlasterror
                0x20012610       0x40 C:/ISIS/workspace/ycube/GlobusSatProject/..//hal/hcc/lib\libHCCD.a(fat_m.o)
                0x20012610                fm_getlasterror
 .text._f_invalidatedir
                0x20012650       0x28 C:/ISIS/workspace/ycube/GlobusSatProject/..//hal/hcc/lib\libHCCD.a(fat.o)
                0x20012650                _f_invalidatedir
 .text._f_getdirsector
                0x20012678       0x88 C:/ISIS/workspace/ycube/GlobusSatProject/..//hal/hcc/lib\libHCCD.a(fat.o)
                0x20012678                _f_getdirsector
 .text._f_writedirsector
                0x20012700       0x74 C:/ISIS/workspace/ycube/GlobusSatProject/..//hal/hcc/lib\libHCCD.a(fat.o)
                0x20012700                _f_writedirsector
 .text._f_checknameinv
                0x20012774      0x180 C:/ISIS/workspace/ycube/GlobusSatProject/..//hal/hcc/lib\libHCCD.a(fat.o)
 .text._f_checkname
                0x200128f4       0x7c C:/ISIS/workspace/ycube/GlobusSatProject/..//hal/hcc/lib\libHCCD.a(fat.o)
 .text._f_checknamewc
                0x20012970       0xf8 C:/ISIS/workspace/ycube/GlobusSatProject/..//hal/hcc/lib\libHCCD.a(fat.o)
 .text._f_setnameext
                0x20012a68      0x300 C:/ISIS/workspace/ycube/GlobusSatProject/..//hal/hcc/lib\libHCCD.a(fat.o)
 .text._f_setfsname
                0x20012d68      0x584 C:/ISIS/workspace/ycube/GlobusSatProject/..//hal/hcc/lib\libHCCD.a(fat.o)
 .text._f_findfile
                0x200132ec      0x30c C:/ISIS/workspace/ycube/GlobusSatProject/..//hal/hcc/lib\libHCCD.a(fat.o)
 .text._f_cmp_wname
                0x200135f8      0x274 C:/ISIS/workspace/ycube/GlobusSatProject/..//hal/hcc/lib\libHCCD.a(fat.o)
 .text._f_to_string
                0x2001386c      0x130 C:/ISIS/workspace/ycube/GlobusSatProject/..//hal/hcc/lib\libHCCD.a(fat.o)
 .text._f_findfilewc
                0x2001399c      0x278 C:/ISIS/workspace/ycube/GlobusSatProject/..//hal/hcc/lib\libHCCD.a(fat.o)
 .text._f_getfilename
                0x20013c14      0x20c C:/ISIS/workspace/ycube/GlobusSatProject/..//hal/hcc/lib\libHCCD.a(fat.o)
 .text._f_findpath
                0x20013e20      0x35c C:/ISIS/workspace/ycube/GlobusSatProject/..//hal/hcc/lib\libHCCD.a(fat.o)
 .text.fn_getdcwd
                0x2001417c      0x1e0 C:/ISIS/workspace/ycube/GlobusSatProject/..//hal/hcc/lib\libHCCD.a(fat.o)
                0x2001417c                fn_getdcwd
 .text.fn_findfirst
                0x2001435c      0x13c C:/ISIS/workspace/ycube/GlobusSatProject/..//hal/hcc/lib\libHCCD.a(fat.o)
                0x2001435c                fn_findfirst
 .text.fn_findnext
                0x20014498      0x360 C:/ISIS/workspace/ycube/GlobusSatProject/..//hal/hcc/lib\libHCCD.a(fat.o)
                0x20014498                fn_findnext
 .text._f_lock_resfile
                0x200147f8       0x6c C:/ISIS/workspace/ycube/GlobusSatProject/..//hal/hcc/lib\libHCCD.a(fat.o)
 .text._f_unlock_resfile
                0x20014864       0x40 C:/ISIS/workspace/ycube/GlobusSatProject/..//hal/hcc/lib\libHCCD.a(fat.o)
 .text._f_getintfile
                0x200148a4      0x124 C:/ISIS/workspace/ycube/GlobusSatProject/..//hal/hcc/lib\libHCCD.a(fat.o)
 .text._f_addentry
                0x200149c8      0x540 C:/ISIS/workspace/ycube/GlobusSatProject/..//hal/hcc/lib\libHCCD.a(fat.o)
 .text.fn_mkdir
                0x20014f08      0x75c C:/ISIS/workspace/ycube/GlobusSatProject/..//hal/hcc/lib\libHCCD.a(fat.o)
                0x20014f08                fn_mkdir
 .text.fn_open_sub
                0x20015664     0x1698 C:/ISIS/workspace/ycube/GlobusSatProject/..//hal/hcc/lib\libHCCD.a(fat.o)
 .text.fn_open  0x20016cfc       0x44 C:/ISIS/workspace/ycube/GlobusSatProject/..//hal/hcc/lib\libHCCD.a(fat.o)
                0x20016cfc                fn_open
 .text.fn_delete
                0x20016d40      0x490 C:/ISIS/workspace/ycube/GlobusSatProject/..//hal/hcc/lib\libHCCD.a(fat.o)
                0x20016d40                fn_delete
 .text.fn_rmdir
                0x200171d0      0x5ac C:/ISIS/workspace/ycube/GlobusSatProject/..//hal/hcc/lib\libHCCD.a(fat.o)
                0x200171d0                fn_rmdir
 .text.fn_init  0x2001777c      0x2dc C:/ISIS/workspace/ycube/GlobusSatProject/..//hal/hcc/lib\libHCCD.a(fat_common.o)
                0x2001777c                fn_init
 .text.fn_start
                0x20017a58       0x1c C:/ISIS/workspace/ycube/GlobusSatProject/..//hal/hcc/lib\libHCCD.a(fat_common.o)
                0x20017a58                fn_start
 .text.fsn_delete
                0x20017a74       0xc8 C:/ISIS/workspace/ycube/GlobusSatProject/..//hal/hcc/lib\libHCCD.a(fat_common.o)
                0x20017a74                fsn_delete
 .text._f_get16bitl
                0x20017b3c       0x4c C:/ISIS/workspace/ycube/GlobusSatProject/..//hal/hcc/lib\libHCCD.a(fat_common.o)
                0x20017b3c                _f_get16bitl
 .text._f_set16bitl
                0x20017b88       0x54 C:/ISIS/workspace/ycube/GlobusSatProject/..//hal/hcc/lib\libHCCD.a(fat_common.o)
                0x20017b88                _f_set16bitl
 .text._f_get32bitl
                0x20017bdc       0x68 C:/ISIS/workspace/ycube/GlobusSatProject/..//hal/hcc/lib\libHCCD.a(fat_common.o)
                0x20017bdc                _f_get32bitl
 .text._f_set32bitl
                0x20017c44       0x78 C:/ISIS/workspace/ycube/GlobusSatProject/..//hal/hcc/lib\libHCCD.a(fat_common.o)
                0x20017c44                _f_set32bitl
 .text._get8bit
                0x20017cbc       0xa0 C:/ISIS/workspace/ycube/GlobusSatProject/..//hal/hcc/lib\libHCCD.a(fat_common.o)
 .text._get16bitl
                0x20017d5c       0x40 C:/ISIS/workspace/ycube/GlobusSatProject/..//hal/hcc/lib\libHCCD.a(fat_common.o)
 .text._get32bitl
                0x20017d9c       0x3c C:/ISIS/workspace/ycube/GlobusSatProject/..//hal/hcc/lib\libHCCD.a(fat_common.o)
 .text._f_setcardremoved
                0x20017dd8       0x94 C:/ISIS/workspace/ycube/GlobusSatProject/..//hal/hcc/lib\libHCCD.a(fat_common.o)
 .text._f_checkstatus
                0x20017e6c      0x104 C:/ISIS/workspace/ycube/GlobusSatProject/..//hal/hcc/lib\libHCCD.a(fat_common.o)
                0x20017e6c                _f_checkstatus
 .text._f_drvgetphy
                0x20017f70      0x114 C:/ISIS/workspace/ycube/GlobusSatProject/..//hal/hcc/lib\libHCCD.a(fat_common.o)
 .text._f_drvwritesector
                0x20018084       0xdc C:/ISIS/workspace/ycube/GlobusSatProject/..//hal/hcc/lib\libHCCD.a(fat_common.o)
 .text._f_drvreadsector
                0x20018160       0xa8 C:/ISIS/workspace/ycube/GlobusSatProject/..//hal/hcc/lib\libHCCD.a(fat_common.o)
 .text._f_writesector
                0x20018208      0x23c C:/ISIS/workspace/ycube/GlobusSatProject/..//hal/hcc/lib\libHCCD.a(fat_common.o)
                0x20018208                _f_writesector
 .text._f_readsector
                0x20018444      0x1dc C:/ISIS/workspace/ycube/GlobusSatProject/..//hal/hcc/lib\libHCCD.a(fat_common.o)
                0x20018444                _f_readsector
 .text._f_getmaxcluster
                0x20018620       0x94 C:/ISIS/workspace/ycube/GlobusSatProject/..//hal/hcc/lib\libHCCD.a(fat_common.o)
                0x20018620                _f_getmaxcluster
 .text._getsectorfromcluster
                0x200186b4       0x68 C:/ISIS/workspace/ycube/GlobusSatProject/..//hal/hcc/lib\libHCCD.a(fat_common.o)
 .text._f_buildsectors
                0x2001871c      0x268 C:/ISIS/workspace/ycube/GlobusSatProject/..//hal/hcc/lib\libHCCD.a(fat_common.o)
 .text._f_getbootrecord
                0x20018984      0x5e4 C:/ISIS/workspace/ycube/GlobusSatProject/..//hal/hcc/lib\libHCCD.a(fat_common.o)
 .text._f_readbootrecord
                0x20018f68      0x4f8 C:/ISIS/workspace/ycube/GlobusSatProject/..//hal/hcc/lib\libHCCD.a(fat_common.o)
 .text._f_flushcffiles
                0x20019460      0x17c C:/ISIS/workspace/ycube/GlobusSatProject/..//hal/hcc/lib\libHCCD.a(fat_common.o)
                0x20019460                _f_flushcffiles
 .text._f_fatcache_flush
                0x200195dc      0x270 C:/ISIS/workspace/ycube/GlobusSatProject/..//hal/hcc/lib\libHCCD.a(fat_common.o)
                0x200195dc                _f_fatcache_flush
 .text._f_writefatsector
                0x2001984c      0x100 C:/ISIS/workspace/ycube/GlobusSatProject/..//hal/hcc/lib\libHCCD.a(fat_common.o)
                0x2001984c                _f_writefatsector
 .text._f_getfatsector
                0x2001994c      0x3bc C:/ISIS/workspace/ycube/GlobusSatProject/..//hal/hcc/lib\libHCCD.a(fat_common.o)
 .text._f_setclustervalue
                0x20019d08      0x490 C:/ISIS/workspace/ycube/GlobusSatProject/..//hal/hcc/lib\libHCCD.a(fat_common.o)
                0x20019d08                _f_setclustervalue
 .text._f_getclustervalue
                0x2001a198      0x388 C:/ISIS/workspace/ycube/GlobusSatProject/..//hal/hcc/lib\libHCCD.a(fat_common.o)
                0x2001a198                _f_getclustervalue
 .text._f_close_drive_files
                0x2001a520       0xac C:/ISIS/workspace/ycube/GlobusSatProject/..//hal/hcc/lib\libHCCD.a(fat_common.o)
 .text._f_inc_mount_count
                0x2001a5cc       0xa4 C:/ISIS/workspace/ycube/GlobusSatProject/..//hal/hcc/lib\libHCCD.a(fat_common.o)
 .text._f_getvolume
                0x2001a670      0x2f8 C:/ISIS/workspace/ycube/GlobusSatProject/..//hal/hcc/lib\libHCCD.a(fat_common.o)
                0x2001a670                _f_getvolume
 .text.fn_createdriver
                0x2001a968      0x118 C:/ISIS/workspace/ycube/GlobusSatProject/..//hal/hcc/lib\libHCCD.a(fat_common.o)
                0x2001a968                fn_createdriver
 .text.fn_initvolume
                0x2001aa80      0x12c C:/ISIS/workspace/ycube/GlobusSatProject/..//hal/hcc/lib\libHCCD.a(fat_common.o)
                0x2001aa80                fn_initvolume
 .text.fn_releasedriver
                0x2001abac       0xf4 C:/ISIS/workspace/ycube/GlobusSatProject/..//hal/hcc/lib\libHCCD.a(fat_common.o)
                0x2001abac                fn_releasedriver
 .text.fn_initvolumepartition_sub
                0x2001aca0       0xe0 C:/ISIS/workspace/ycube/GlobusSatProject/..//hal/hcc/lib\libHCCD.a(fat_common.o)
 .text.fn_initvolumepartition
                0x2001ad80       0xac C:/ISIS/workspace/ycube/GlobusSatProject/..//hal/hcc/lib\libHCCD.a(fat_common.o)
                0x2001ad80                fn_initvolumepartition
 .text.fn_delvolume
                0x2001ae2c      0x194 C:/ISIS/workspace/ycube/GlobusSatProject/..//hal/hcc/lib\libHCCD.a(fat_common.o)
                0x2001ae2c                fn_delvolume
 .text._f_clustertopos
                0x2001afc0       0xf8 C:/ISIS/workspace/ycube/GlobusSatProject/..//hal/hcc/lib\libHCCD.a(fat_common.o)
                0x2001afc0                _f_clustertopos
 .text._f_getcurrsector
                0x2001b0b8      0x6c8 C:/ISIS/workspace/ycube/GlobusSatProject/..//hal/hcc/lib\libHCCD.a(fat_common.o)
                0x2001b0b8                _f_getcurrsector
 .text._f_getdecluster
                0x2001b780       0x90 C:/ISIS/workspace/ycube/GlobusSatProject/..//hal/hcc/lib\libHCCD.a(fat_common.o)
                0x2001b780                _f_getdecluster
 .text._f_setdecluster
                0x2001b810       0x8c C:/ISIS/workspace/ycube/GlobusSatProject/..//hal/hcc/lib\libHCCD.a(fat_common.o)
                0x2001b810                _f_setdecluster
 .text.fn_getdrive
                0x2001b89c       0x30 C:/ISIS/workspace/ycube/GlobusSatProject/..//hal/hcc/lib\libHCCD.a(fat_common.o)
                0x2001b89c                fn_getdrive
 .text._f_getcurrenttimedate
                0x2001b8cc      0x138 C:/ISIS/workspace/ycube/GlobusSatProject/..//hal/hcc/lib\libHCCD.a(fat_common.o)
                0x2001b8cc                _f_getcurrenttimedate
 .text._f_initentry
                0x2001ba04       0xa0 C:/ISIS/workspace/ycube/GlobusSatProject/..//hal/hcc/lib\libHCCD.a(fat_common.o)
                0x2001ba04                _f_initentry
 .text._f_alloccluster
                0x2001baa4      0x344 C:/ISIS/workspace/ycube/GlobusSatProject/..//hal/hcc/lib\libHCCD.a(fat_common.o)
                0x2001baa4                _f_alloccluster
 .text._f_dobadblock
                0x2001bde8      0x2cc C:/ISIS/workspace/ycube/GlobusSatProject/..//hal/hcc/lib\libHCCD.a(fat_common.o)
                0x2001bde8                _f_dobadblock
 .text._f_checklocked
                0x2001c0b4       0xe4 C:/ISIS/workspace/ycube/GlobusSatProject/..//hal/hcc/lib\libHCCD.a(fat_common.o)
                0x2001c0b4                _f_checklocked
 .text._f_checkappendlocked
                0x2001c198      0x110 C:/ISIS/workspace/ycube/GlobusSatProject/..//hal/hcc/lib\libHCCD.a(fat_common.o)
                0x2001c198                _f_checkappendlocked
 .text._f_setsyncafile
                0x2001c2a8      0x114 C:/ISIS/workspace/ycube/GlobusSatProject/..//hal/hcc/lib\libHCCD.a(fat_common.o)
                0x2001c2a8                _f_setsyncafile
 .text._f_syncfiles
                0x2001c3bc      0x128 C:/ISIS/workspace/ycube/GlobusSatProject/..//hal/hcc/lib\libHCCD.a(fat_common.o)
                0x2001c3bc                _f_syncfiles
 .text._f_syncfilescontent
                0x2001c4e4      0x15c C:/ISIS/workspace/ycube/GlobusSatProject/..//hal/hcc/lib\libHCCD.a(fat_common.o)
 .text.fn_getfreespace
                0x2001c640      0x4c0 C:/ISIS/workspace/ycube/GlobusSatProject/..//hal/hcc/lib\libHCCD.a(fat_common.o)
                0x2001c640                fn_getfreespace
 .text._f_emptywritecache
                0x2001cb00      0x4a4 C:/ISIS/workspace/ycube/GlobusSatProject/..//hal/hcc/lib\libHCCD.a(fat_common.o)
 .text._f_allocnextcluster
                0x2001cfa4      0x54c C:/ISIS/workspace/ycube/GlobusSatProject/..//hal/hcc/lib\libHCCD.a(fat_common.o)
 .text._f_emptywritebuffer
                0x2001d4f0      0x20c C:/ISIS/workspace/ycube/GlobusSatProject/..//hal/hcc/lib\libHCCD.a(fat_common.o)
 .text._f_writezeros
                0x2001d6fc       0xf0 C:/ISIS/workspace/ycube/GlobusSatProject/..//hal/hcc/lib\libHCCD.a(fat_common.o)
                0x2001d6fc                _f_writezeros
 .text._f_extend_file
                0x2001d7ec      0x570 C:/ISIS/workspace/ycube/GlobusSatProject/..//hal/hcc/lib\libHCCD.a(fat_common.o)
 .text._f_fseek
                0x2001dd5c      0x9bc C:/ISIS/workspace/ycube/GlobusSatProject/..//hal/hcc/lib\libHCCD.a(fat_common.o)
                0x2001dd5c                _f_fseek
 .text._f_removechain
                0x2001e718      0x104 C:/ISIS/workspace/ycube/GlobusSatProject/..//hal/hcc/lib\libHCCD.a(fat_common.o)
                0x2001e718                _f_removechain
 .text._f_updatefileentry
                0x2001e81c      0x1cc C:/ISIS/workspace/ycube/GlobusSatProject/..//hal/hcc/lib\libHCCD.a(fat_common.o)
 .text._f_checkreadlocked
                0x2001e9e8      0x1bc C:/ISIS/workspace/ycube/GlobusSatProject/..//hal/hcc/lib\libHCCD.a(fat_common.o)
                0x2001e9e8                _f_checkreadlocked
 .text._f_check_handle
                0x2001eba4       0x98 C:/ISIS/workspace/ycube/GlobusSatProject/..//hal/hcc/lib\libHCCD.a(fat_common.o)
                0x2001eba4                _f_check_handle
 .text._f_removesyncafile
                0x2001ec3c      0x1ec C:/ISIS/workspace/ycube/GlobusSatProject/..//hal/hcc/lib\libHCCD.a(fat_common.o)
 .text.fn_close
                0x2001ee28      0x3f8 C:/ISIS/workspace/ycube/GlobusSatProject/..//hal/hcc/lib\libHCCD.a(fat_common.o)
                0x2001ee28                fn_close
 .text.fn_flush
                0x2001f220      0x374 C:/ISIS/workspace/ycube/GlobusSatProject/..//hal/hcc/lib\libHCCD.a(fat_common.o)
                0x2001f220                fn_flush
 .text.fn_read  0x2001f594      0x690 C:/ISIS/workspace/ycube/GlobusSatProject/..//hal/hcc/lib\libHCCD.a(fat_common.o)
                0x2001f594                fn_read
 .text._f_abortwrite
                0x2001fc24      0x100 C:/ISIS/workspace/ycube/GlobusSatProject/..//hal/hcc/lib\libHCCD.a(fat_common.o)
 .text._f_checkwritecluster
                0x2001fd24       0xe4 C:/ISIS/workspace/ycube/GlobusSatProject/..//hal/hcc/lib\libHCCD.a(fat_common.o)
 .text.fn_write
                0x2001fe08      0x8a8 C:/ISIS/workspace/ycube/GlobusSatProject/..//hal/hcc/lib\libHCCD.a(fat_common.o)
                0x2001fe08                fn_write
 .text.fn_seek  0x200206b0      0x270 C:/ISIS/workspace/ycube/GlobusSatProject/..//hal/hcc/lib\libHCCD.a(fat_common.o)
                0x200206b0                fn_seek
 .text.fn_tell  0x20020920      0x19c C:/ISIS/workspace/ycube/GlobusSatProject/..//hal/hcc/lib\libHCCD.a(fat_common.o)
                0x20020920                fn_tell
 .text.fn_rewind
                0x20020abc       0x38 C:/ISIS/workspace/ycube/GlobusSatProject/..//hal/hcc/lib\libHCCD.a(fat_common.o)
                0x20020abc                fn_rewind
 .text.fn_putc  0x20020af4       0x68 C:/ISIS/workspace/ycube/GlobusSatProject/..//hal/hcc/lib\libHCCD.a(fat_common.o)
                0x20020af4                fn_putc
 .text.f_enterFS
                0x20020b5c      0x1c0 C:/ISIS/workspace/ycube/GlobusSatProject/..//hal/hcc/lib\libHCCD.a(fat_common.o)
                0x20020b5c                f_enterFS
 .text.f_releaseFS
                0x20020d1c       0xb0 C:/ISIS/workspace/ycube/GlobusSatProject/..//hal/hcc/lib\libHCCD.a(fat_common.o)
                0x20020d1c                f_releaseFS
 .text.fnGetTask
                0x20020dcc       0xfc C:/ISIS/workspace/ycube/GlobusSatProject/..//hal/hcc/lib\libHCCD.a(fat_common.o)
                0x20020dcc                fnGetTask
 .text._f_mutex_get
                0x20020ec8       0x98 C:/ISIS/workspace/ycube/GlobusSatProject/..//hal/hcc/lib\libHCCD.a(fat_common.o)
                0x20020ec8                _f_mutex_get
 .text._f_mutex_put
                0x20020f60       0x54 C:/ISIS/workspace/ycube/GlobusSatProject/..//hal/hcc/lib\libHCCD.a(fat_common.o)
                0x20020f60                _f_mutex_put
 .text._fn_initseekdivisor
                0x20020fb4      0x158 C:/ISIS/workspace/ycube/GlobusSatProject/..//hal/hcc/lib\libHCCD.a(fat_common.o)
                0x20020fb4                _fn_initseekdivisor
 .text._fn_updateseekpos
                0x2002110c       0xc4 C:/ISIS/workspace/ycube/GlobusSatProject/..//hal/hcc/lib\libHCCD.a(fat_common.o)
 .text._f_findopensize
                0x200211d0       0x2c C:/ISIS/workspace/ycube/GlobusSatProject/..//hal/hcc/lib\libHCCD.a(fat_common.o)
                0x200211d0                _f_findopensize
 .text.fn_setlasterror
                0x200211fc       0x34 C:/ISIS/workspace/ycube/GlobusSatProject/..//hal/hcc/lib\libHCCD.a(fat_common.o)
                0x200211fc                fn_setlasterror
 .text.fn_setlasterror_noret
                0x20021230       0x2c C:/ISIS/workspace/ycube/GlobusSatProject/..//hal/hcc/lib\libHCCD.a(fat_common.o)
                0x20021230                fn_setlasterror_noret
 .text._s_checkzeroclusteratend
                0x2002125c       0xf8 C:/ISIS/workspace/ycube/GlobusSatProject/..//hal/hcc/lib\libHCCD.a(safefat.o)
 .text._s_clearclustercontent
                0x20021354      0x108 C:/ISIS/workspace/ycube/GlobusSatProject/..//hal/hcc/lib\libHCCD.a(safefat.o)
 .text._s_clearclustercontentdir
                0x2002145c      0x19c C:/ISIS/workspace/ycube/GlobusSatProject/..//hal/hcc/lib\libHCCD.a(safefat.o)
 .text._s_writedirsector
                0x200215f8       0xd0 C:/ISIS/workspace/ycube/GlobusSatProject/..//hal/hcc/lib\libHCCD.a(safefat.o)
 .text._s_getdirsector
                0x200216c8      0x100 C:/ISIS/workspace/ycube/GlobusSatProject/..//hal/hcc/lib\libHCCD.a(safefat.o)
 .text._s_addentry
                0x200217c8      0x394 C:/ISIS/workspace/ycube/GlobusSatProject/..//hal/hcc/lib\libHCCD.a(safefat.o)
 .text._s_findfile
                0x20021b5c      0x33c C:/ISIS/workspace/ycube/GlobusSatProject/..//hal/hcc/lib\libHCCD.a(safefat.o)
 .text._s_findsubdir
                0x20021e98      0x248 C:/ISIS/workspace/ycube/GlobusSatProject/..//hal/hcc/lib\libHCCD.a(safefat.o)
 .text._s_createfile
                0x200220e0      0x190 C:/ISIS/workspace/ycube/GlobusSatProject/..//hal/hcc/lib\libHCCD.a(safefat.o)
 .text._s_findsaffile
                0x20022270      0x1b8 C:/ISIS/workspace/ycube/GlobusSatProject/..//hal/hcc/lib\libHCCD.a(safefat.o)
 .text._s_open  0x20022428       0xe4 C:/ISIS/workspace/ycube/GlobusSatProject/..//hal/hcc/lib\libHCCD.a(safefat.o)
 .text._s_open_saf
                0x2002250c       0xe8 C:/ISIS/workspace/ycube/GlobusSatProject/..//hal/hcc/lib\libHCCD.a(safefat.o)
 .text._s_flush
                0x200225f4       0x84 C:/ISIS/workspace/ycube/GlobusSatProject/..//hal/hcc/lib\libHCCD.a(safefat.o)
 .text._s_allocnextcluster
                0x20022678      0x13c C:/ISIS/workspace/ycube/GlobusSatProject/..//hal/hcc/lib\libHCCD.a(safefat.o)
 .text._s_getnextsector
                0x200227b4       0xdc C:/ISIS/workspace/ycube/GlobusSatProject/..//hal/hcc/lib\libHCCD.a(safefat.o)
 .text._s_seek  0x20022890      0x1e8 C:/ISIS/workspace/ycube/GlobusSatProject/..//hal/hcc/lib\libHCCD.a(safefat.o)
 .text._s_get_len
                0x20022a78      0x10c C:/ISIS/workspace/ycube/GlobusSatProject/..//hal/hcc/lib\libHCCD.a(safefat.o)
 .text._s_set_len
                0x20022b84       0xb4 C:/ISIS/workspace/ycube/GlobusSatProject/..//hal/hcc/lib\libHCCD.a(safefat.o)
 .text.safe_fix_filelengths
                0x20022c38       0xcc C:/ISIS/workspace/ycube/GlobusSatProject/..//hal/hcc/lib\libHCCD.a(safefat.o)
                0x20022c38                safe_fix_filelengths
 .text._s_read  0x20022d04      0x228 C:/ISIS/workspace/ycube/GlobusSatProject/..//hal/hcc/lib\libHCCD.a(safefat.o)
 .text._s_write
                0x20022f2c      0x384 C:/ISIS/workspace/ycube/GlobusSatProject/..//hal/hcc/lib\libHCCD.a(safefat.o)
 .text._s_restoreclusters
                0x200232b0      0x270 C:/ISIS/workspace/ycube/GlobusSatProject/..//hal/hcc/lib\libHCCD.a(safefat.o)
                0x200232b0                _s_restoreclusters
 .text._s_findrestore
                0x20023520      0x18c C:/ISIS/workspace/ycube/GlobusSatProject/..//hal/hcc/lib\libHCCD.a(safefat.o)
 .text._s_cmd_writede
                0x200236ac       0xd8 C:/ISIS/workspace/ycube/GlobusSatProject/..//hal/hcc/lib\libHCCD.a(safefat.o)
 .text._s_cmd_setcluster
                0x20023784       0x88 C:/ISIS/workspace/ycube/GlobusSatProject/..//hal/hcc/lib\libHCCD.a(safefat.o)
 .text._s_cmd_deletechain
                0x2002380c      0x100 C:/ISIS/workspace/ycube/GlobusSatProject/..//hal/hcc/lib\libHCCD.a(safefat.o)
 .text._s_cmd_validatecfn
                0x2002390c      0x308 C:/ISIS/workspace/ycube/GlobusSatProject/..//hal/hcc/lib\libHCCD.a(safefat.o)
 .text._s_cmd_seteof
                0x20023c14      0x3c4 C:/ISIS/workspace/ycube/GlobusSatProject/..//hal/hcc/lib\libHCCD.a(safefat.o)
 .text.safe_docommands
                0x20023fd8      0x56c C:/ISIS/workspace/ycube/GlobusSatProject/..//hal/hcc/lib\libHCCD.a(safefat.o)
                0x20023fd8                safe_docommands
 .text.safe_entercommand
                0x20024544       0x68 C:/ISIS/workspace/ycube/GlobusSatProject/..//hal/hcc/lib\libHCCD.a(safefat.o)
                0x20024544                safe_entercommand
 .text.safe_ready
                0x200245ac       0xf4 C:/ISIS/workspace/ycube/GlobusSatProject/..//hal/hcc/lib\libHCCD.a(safefat.o)
                0x200245ac                safe_ready
 .text.safe_copycfn
                0x200246a0       0xb8 C:/ISIS/workspace/ycube/GlobusSatProject/..//hal/hcc/lib\libHCCD.a(safefat.o)
                0x200246a0                safe_copycfn
 .text.safe_cfremove
                0x20024758       0xb8 C:/ISIS/workspace/ycube/GlobusSatProject/..//hal/hcc/lib\libHCCD.a(safefat.o)
                0x20024758                safe_cfremove
 .text.safe_writede
                0x20024810      0x104 C:/ISIS/workspace/ycube/GlobusSatProject/..//hal/hcc/lib\libHCCD.a(safefat.o)
                0x20024810                safe_writede
 .text.safe_setcluster
                0x20024914       0xcc C:/ISIS/workspace/ycube/GlobusSatProject/..//hal/hcc/lib\libHCCD.a(safefat.o)
                0x20024914                safe_setcluster
 .text.safe_deletechain
                0x200249e0      0x1c8 C:/ISIS/workspace/ycube/GlobusSatProject/..//hal/hcc/lib\libHCCD.a(safefat.o)
                0x200249e0                safe_deletechain
 .text.safe_cfclose
                0x20024ba8      0x104 C:/ISIS/workspace/ycube/GlobusSatProject/..//hal/hcc/lib\libHCCD.a(safefat.o)
                0x20024ba8                safe_cfclose
 .text.safe_cfflush
                0x20024cac      0x124 C:/ISIS/workspace/ycube/GlobusSatProject/..//hal/hcc/lib\libHCCD.a(safefat.o)
                0x20024cac                safe_cfflush
 .text.safe_reset
                0x20024dd0       0x78 C:/ISIS/workspace/ycube/GlobusSatProject/..//hal/hcc/lib\libHCCD.a(safefat.o)
                0x20024dd0                safe_reset
 .text.safe_loadcommands
                0x20024e48       0x78 C:/ISIS/workspace/ycube/GlobusSatProject/..//hal/hcc/lib\libHCCD.a(safefat.o)
                0x20024e48                safe_loadcommands
 .text.safe_poweron
                0x20024ec0      0x1fc C:/ISIS/workspace/ycube/GlobusSatProject/..//hal/hcc/lib\libHCCD.a(safefat.o)
                0x20024ec0                safe_poweron
 .text.cf_getname
                0x200250bc       0xc0 C:/ISIS/workspace/ycube/GlobusSatProject/..//hal/hcc/lib\libHCCD.a(safefat.o)
 .text.cf_copyclusterchain
                0x2002517c      0x138 C:/ISIS/workspace/ycube/GlobusSatProject/..//hal/hcc/lib\libHCCD.a(safefat.o)
 .text.cf_seektozero
                0x200252b4       0x94 C:/ISIS/workspace/ycube/GlobusSatProject/..//hal/hcc/lib\libHCCD.a(safefat.o)
                0x200252b4                cf_seektozero
 .text.cf_create
                0x20025348      0x3a8 C:/ISIS/workspace/ycube/GlobusSatProject/..//hal/hcc/lib\libHCCD.a(safefat.o)
                0x20025348                cf_create
 .text.cf_copyclustercontent
                0x200256f0      0x128 C:/ISIS/workspace/ycube/GlobusSatProject/..//hal/hcc/lib\libHCCD.a(safefat.o)
                0x200256f0                cf_copyclustercontent
 .text.cf_copycfn
                0x20025818      0x4bc C:/ISIS/workspace/ycube/GlobusSatProject/..//hal/hcc/lib\libHCCD.a(safefat.o)
                0x20025818                cf_copycfn
 .text.cf_remove
                0x20025cd4      0x344 C:/ISIS/workspace/ycube/GlobusSatProject/..//hal/hcc/lib\libHCCD.a(safefat.o)
                0x20025cd4                cf_remove
 .text.cf_setclusternew
                0x20026018       0xf0 C:/ISIS/workspace/ycube/GlobusSatProject/..//hal/hcc/lib\libHCCD.a(safefat.o)
                0x20026018                cf_setclusternew
 .text.cf_flush
                0x20026108       0x58 C:/ISIS/workspace/ycube/GlobusSatProject/..//hal/hcc/lib\libHCCD.a(safefat.o)
                0x20026108                cf_flush
 .text.cf_getcluster
                0x20026160      0x1b4 C:/ISIS/workspace/ycube/GlobusSatProject/..//hal/hcc/lib\libHCCD.a(safefat.o)
                0x20026160                cf_getcluster
 .text.cf_setnextcluster
                0x20026314      0x194 C:/ISIS/workspace/ycube/GlobusSatProject/..//hal/hcc/lib\libHCCD.a(safefat.o)
                0x20026314                cf_setnextcluster
 .text.cf_getpositions
                0x200264a8       0xbc C:/ISIS/workspace/ycube/GlobusSatProject/..//hal/hcc/lib\libHCCD.a(safefat.o)
                0x200264a8                cf_getpositions
 .text.cf_setpositions
                0x20026564       0xb0 C:/ISIS/workspace/ycube/GlobusSatProject/..//hal/hcc/lib\libHCCD.a(safefat.o)
                0x20026564                cf_setpositions
 .text.cf_opensyncafile
                0x20026614      0x150 C:/ISIS/workspace/ycube/GlobusSatProject/..//hal/hcc/lib\libHCCD.a(safefat.o)
                0x20026614                cf_opensyncafile
 .text.cf_reloadcfo
                0x20026764       0xd8 C:/ISIS/workspace/ycube/GlobusSatProject/..//hal/hcc/lib\libHCCD.a(safefat.o)
                0x20026764                cf_reloadcfo
 .text.mcipdc_cmd
                0x2002683c      0x22c C:/ISIS/workspace/ycube/GlobusSatProject/..//hal/hcc/lib\libHCCD.a(atmel_mcipdc.o)
 .text.mcipdc_stop
                0x20026a68       0xfc C:/ISIS/workspace/ycube/GlobusSatProject/..//hal/hcc/lib\libHCCD.a(atmel_mcipdc.o)
                0x20026a68                mcipdc_stop
 .text.mcipdc_read
                0x20026b64      0x27c C:/ISIS/workspace/ycube/GlobusSatProject/..//hal/hcc/lib\libHCCD.a(atmel_mcipdc.o)
 .text.mcipdc_write
                0x20026de0      0x298 C:/ISIS/workspace/ycube/GlobusSatProject/..//hal/hcc/lib\libHCCD.a(atmel_mcipdc.o)
 .text.mcipdc_readsector
                0x20027078       0x9c C:/ISIS/workspace/ycube/GlobusSatProject/..//hal/hcc/lib\libHCCD.a(atmel_mcipdc.o)
                0x20027078                mcipdc_readsector
 .text.mcipdc_readmultiplesector
                0x20027114      0x124 C:/ISIS/workspace/ycube/GlobusSatProject/..//hal/hcc/lib\libHCCD.a(atmel_mcipdc.o)
                0x20027114                mcipdc_readmultiplesector
 .text.mcipdc_writesector
                0x20027238       0x90 C:/ISIS/workspace/ycube/GlobusSatProject/..//hal/hcc/lib\libHCCD.a(atmel_mcipdc.o)
                0x20027238                mcipdc_writesector
 .text.mcipdc_writemultiplesector
                0x200272c8      0x120 C:/ISIS/workspace/ycube/GlobusSatProject/..//hal/hcc/lib\libHCCD.a(atmel_mcipdc.o)
                0x200272c8                mcipdc_writemultiplesector
 .text.mcipdc_set_speed
                0x200273e8       0xb0 C:/ISIS/workspace/ycube/GlobusSatProject/..//hal/hcc/lib\libHCCD.a(atmel_mcipdc.o)
 .text.mcipdc_get_speed
                0x20027498       0x48 C:/ISIS/workspace/ycube/GlobusSatProject/..//hal/hcc/lib\libHCCD.a(atmel_mcipdc.o)
 .text._get_csd_bits
                0x200274e0      0x14c C:/ISIS/workspace/ycube/GlobusSatProject/..//hal/hcc/lib\libHCCD.a(atmel_mcipdc.o)
 .text.mcipdc_initcard
                0x2002762c      0x8f4 C:/ISIS/workspace/ycube/GlobusSatProject/..//hal/hcc/lib\libHCCD.a(atmel_mcipdc.o)
 .text.mcipdc_getstatus
                0x20027f20       0xe8 C:/ISIS/workspace/ycube/GlobusSatProject/..//hal/hcc/lib\libHCCD.a(atmel_mcipdc.o)
 .text.mcipdc_getphy
                0x20028008       0x90 C:/ISIS/workspace/ycube/GlobusSatProject/..//hal/hcc/lib\libHCCD.a(atmel_mcipdc.o)
 .text.mcipdc_release
                0x20028098       0x50 C:/ISIS/workspace/ycube/GlobusSatProject/..//hal/hcc/lib\libHCCD.a(atmel_mcipdc.o)
 .text.atmel_mcipdc_initfunc
                0x200280e8      0x160 C:/ISIS/workspace/ycube/GlobusSatProject/..//hal/hcc/lib\libHCCD.a(atmel_mcipdc.o)
                0x200280e8                atmel_mcipdc_initfunc
 .text.oal_task_get_id
                0x20028248       0x18 C:/ISIS/workspace/ycube/GlobusSatProject/..//hal/hcc/lib\libHCCD.a(oalp_task.o)
                0x20028248                oal_task_get_id
 .text.oal_mutex_create
                0x20028260       0x54 C:/ISIS/workspace/ycube/GlobusSatProject/..//hal/hcc/lib\libHCCD.a(oalp_mutex.o)
                0x20028260                oal_mutex_create
 .text.oal_mutex_delete
                0x200282b4       0x30 C:/ISIS/workspace/ycube/GlobusSatProject/..//hal/hcc/lib\libHCCD.a(oalp_mutex.o)
                0x200282b4                oal_mutex_delete
 .text.oal_mutex_get
                0x200282e4       0x58 C:/ISIS/workspace/ycube/GlobusSatProject/..//hal/hcc/lib\libHCCD.a(oalp_mutex.o)
                0x200282e4                oal_mutex_get
 .text.oal_mutex_put
                0x2002833c       0x58 C:/ISIS/workspace/ycube/GlobusSatProject/..//hal/hcc/lib\libHCCD.a(oalp_mutex.o)
                0x2002833c                oal_mutex_put
 .text.mcipdc_hw_init
                0x20028394       0xe8 C:/ISIS/workspace/ycube/GlobusSatProject/..//hal/hcc/lib\libHCCD.a(atmel_mcipdc_hw.o)
                0x20028394                mcipdc_hw_init
 .text.mcipdc_hw_delete
                0x2002847c       0x78 C:/ISIS/workspace/ycube/GlobusSatProject/..//hal/hcc/lib\libHCCD.a(atmel_mcipdc_hw.o)
                0x2002847c                mcipdc_hw_delete
 .text.mcipdc_hw_card_plugged
                0x200284f4       0x1c C:/ISIS/workspace/ycube/GlobusSatProject/..//hal/hcc/lib\libHCCD.a(atmel_mcipdc_hw.o)
                0x200284f4                mcipdc_hw_card_plugged
 .text.mcipdc_hw_card_writeprotect
                0x20028510       0x1c C:/ISIS/workspace/ycube/GlobusSatProject/..//hal/hcc/lib\libHCCD.a(atmel_mcipdc_hw.o)
                0x20028510                mcipdc_hw_card_writeprotect
 .text.psp_getcurrenttimedate
                0x2002852c       0x8c C:/ISIS/workspace/ycube/GlobusSatProject/..//hal/hcc/lib\libHCCD.a(psp_rtc.o)
                0x2002852c                psp_getcurrenttimedate
 .text._hcc_get_buf_dsc
                0x200285b8       0x8c C:/ISIS/workspace/ycube/GlobusSatProject/..//hal/hcc/lib\libHCCD.a(hcc_mem.o)
 .text._hcc_check_free_pages
                0x20028644      0x18c C:/ISIS/workspace/ycube/GlobusSatProject/..//hal/hcc/lib\libHCCD.a(hcc_mem.o)
 .text._hcc_mark_pages