Archive member included because of file (symbol)

C:/ISIS/workspace/ycube/GlobusSatProject/..//hal/hal/lib\libHALD.a(SPI.o)
                              ./src/InitSystem.o (SPI_start)
C:/ISIS/workspace/ycube/GlobusSatProject/..//hal/hal/lib\libHALD.a(I2C.o)
                              ./src/SubSystemModules/Payload/payload_drivers.o (I2C_write)
C:/ISIS/workspace/ycube/GlobusSatProject/..//hal/hal/lib\libHALD.a(ADC.o)
                              ./src/SubSystemModules/Housekepping/TelemetryCollector.o (ADC_ConvertRaw10bitToMillivolt)
C:/ISIS/workspace/ycube/GlobusSatProject/..//hal/hal/lib\libHALD.a(FRAM.o)
                              ./src/SubSystemModules/Communication/SubsystemCommands/Maintanence_Commands.o (FRAM_start)
C:/ISIS/workspace/ycube/GlobusSatProject/..//hal/hal/lib\libHALD.a(Time.o)
                              ./src/InitSystem.o (Time_start)
C:/ISIS/workspace/ycube/GlobusSatProject/..//hal/hal/lib\libHALD.a(WatchDogTimerNoOS.o)
                              ./src/main.o (WDT_start)
C:/ISIS/workspace/ycube/GlobusSatProject/..//hal/hal/lib\libHALD.a(RTT.o)
                              C:/ISIS/workspace/ycube/GlobusSatProject/..//hal/hal/lib\libHALD.a(Time.o) (RTT_start)
C:/ISIS/workspace/ycube/GlobusSatProject/..//hal/hal/lib\libHALD.a(RTC.o)
                              C:/ISIS/workspace/ycube/GlobusSatProject/..//hal/hal/lib\libHALD.a(Time.o) (RTC_getTime)
C:/ISIS/workspace/ycube/GlobusSatProject/..//hal/hal/lib\libHALD.a(WatchDogTimerOS.o)
                              ./src/TestingDemos/MainTest.o (WDT_startWatchdogKickTask)
C:/ISIS/workspace/ycube/GlobusSatProject/..//hal/hal/lib\libHALD.a(fprintf.o)
                              ./src/TLM_management.o (f_puts)
C:/ISIS/workspace/ycube/GlobusSatProject/..//hal/hal/lib\libHALD.a(util.o)
                              ./src/TestingDemos/CommandsTestingDemo.o (UTIL_DbguGetIntegerMinMax)
C:/ISIS/workspace/ycube/GlobusSatProject/..//hal/hal/lib\libHALD.a(LED.o)
                              C:/ISIS/workspace/ycube/GlobusSatProject/..//hal/hal/lib\libHALD.a(WatchDogTimerOS.o) (LED_toggle)
C:/ISIS/workspace/ycube/GlobusSatProject/..//hal/hcc/lib\libHCCD.a(fat_m.o)
                              ./src/TLM_management.o (fm_initvolume)
C:/ISIS/workspace/ycube/GlobusSatProject/..//hal/hcc/lib\libHCCD.a(fat.o)
                              C:/ISIS/workspace/ycube/GlobusSatProject/..//hal/hcc/lib\libHCCD.a(fat_m.o) (fn_getdcwd)
C:/ISIS/workspace/ycube/GlobusSatProject/..//hal/hcc/lib\libHCCD.a(fat_common.o)
                              C:/ISIS/workspace/ycube/GlobusSatProject/..//hal/hcc/lib\libHCCD.a(fat.o) (p_filesystem)
C:/ISIS/workspace/ycube/GlobusSatProject/..//hal/hcc/lib\libHCCD.a(safefat.o)
                              C:/ISIS/workspace/ycube/GlobusSatProject/..//hal/hcc/lib\libHCCD.a(fat.o) (s_subdir)
C:/ISIS/workspace/ycube/GlobusSatProject/..//hal/hcc/lib\libHCCD.a(atmel_mcipdc.o)
                              ./src/TLM_management.o (atmel_mcipdc_initfunc)
C:/ISIS/workspace/ycube/GlobusSatProject/..//hal/hcc/lib\libHCCD.a(oalp_task.o)
                              C:/ISIS/workspace/ycube/GlobusSatProject/..//hal/hcc/lib\libHCCD.a(fat_common.o) (oal_task_get_id)
C:/ISIS/workspace/ycube/GlobusSatProject/..//hal/hcc/lib\libHCCD.a(oalp_mutex.o)
                              C:/ISIS/workspace/ycube/GlobusSatProject/..//hal/hcc/lib\libHCCD.a(fat_common.o) (oal_mutex_create)
C:/ISIS/workspace/ycube/GlobusSatProject/..//hal/hcc/lib\libHCCD.a(atmel_mcipdc_hw.o)
                              C:/ISIS/workspace/ycube/GlobusSatProject/..//hal/hcc/lib\libHCCD.a(atmel_mcipdc.o) (mcipdc_hw_init)
C:/ISIS/workspace/ycube/GlobusSatProject/..//hal/hcc/lib\libHCCD.a(psp_rand.o)
                              C:/ISIS/workspace/ycube/GlobusSatProject/..//hal/hcc/lib\libHCCD.a(fat_common.o) (psp_getrand)
C:/ISIS/workspace/ycube/GlobusSatProject/..//hal/hcc/lib\libHCCD.a(psp_rtc.o)
                              C:/ISIS/workspace/ycube/GlobusSatProject/..//hal/hcc/lib\libHCCD.a(fat_common.o) (psp_getcurrenttimedate)
C:/ISIS/workspace/ycube/GlobusSatProject/..//hal/hcc/lib\libHCCD.a(hcc_mem.o)
                              C:/ISIS/workspace/ycube/GlobusSatProject/..//hal/hcc/lib\libHCCD.a(atmel_mcipdc.o) (hcc_mem_alloc)
C:/ISIS/workspace/ycube/GlobusSatProject/..//hal/hcc/lib\libHCCD.a(psp_hcc_mem.o)
                              C:/ISIS/workspace/ycube/GlobusSatProject/..//hal/hcc/lib\libHCCD.a(hcc_mem.o) (hcc_mem_buf_alloc)
C:/ISIS/workspace/ycube/GlobusSatProject/..//satellite-subsystems/satellite-subsystems/lib\libSatelliteSubsystemsD.a(IsisTRXVU.o)
                              ./src/SubSystemModules/Communication/TRXVU.o (IsisTrxvu_initialize)
C:/ISIS/workspace/ycube/GlobusSatProject/..//satellite-subsystems/satellite-subsystems/lib\libSatelliteSubsystemsD.a(IsisSolarPanelv2.o)
                              ./src/SubSystemModules/Housekepping/TelemetryCollector.o (IsisSolarPanelv2_getTemperature)
[...]
Memory Configuration

Name             Origin             Length             Attributes
sram0            0x00200000         0x00004000         w !xr
sram1            0x00300000         0x00004000         w !xr
sdram            0x20000000         0x02000000         w !xr
*default*        0x00000000         0xffffffff

Linker script and memory map

LOAD c:/isis/application/toolchain/bin/../lib/gcc/arm-none-eabi/4.7.4/../../../../arm-none-eabi/lib\libc.a
LOAD ./src/TestingDemos/CommandsTestingDemo.o
LOAD ./src/TestingDemos/EpsTestingDemo.o
LOAD ./src/TestingDemos/FileSystemTestingDemo.o
LOAD ./src/TestingDemos/MainTest.o
LOAD ./src/TestingDemos/MaintenanceTestingDemo.o
LOAD ./src/TestingDemos/TelemetryTestingDemo.o
LOAD ./src/TestingDemos/TrxvuTestingDemo.o
LOAD ./src/SubSystemModules/PowerManagment/EPS.o
LOAD ./src/SubSystemModules/PowerManagment/EPSOperationModes.o
LOAD ./src/SubSystemModules/Payload/payload_drivers.o
LOAD ./src/SubSystemModules/Maintenance/Maintenance.o
LOAD ./src/SubSystemModules/Housekepping/NamesLogic.o
LOAD ./src/SubSystemModules/Housekepping/RAMTelemetry.o
LOAD ./src/SubSystemModules/Housekepping/TelemetryCollector.o
LOAD ./src/SubSystemModules/Communication/SubsystemCommands/EPS_Commands.o
LOAD ./src/SubSystemModules/Communication/SubsystemCommands/FS_Commands.o
LOAD ./src/SubSystemModules/Communication/SubsystemCommands/Maintanence_Commands.o
LOAD ./src/SubSystemModules/Communication/SubsystemCommands/TRXVU_Commands.o
LOAD ./src/SubSystemModules/Communication/AckHandler.o
LOAD ./src/SubSystemModules/Communication/CommandDictionary.o
LOAD ./src/SubSystemModules/Communication/HashSecuredCMD.o
LOAD ./src/SubSystemModules/Communication/SatCommandHandler.o
LOAD ./src/SubSystemModules/Communication/TRXVU.o
LOAD ./src/InitSystem.o
LOAD ./src/TLM_management.o
LOAD ./src/main.o
LOAD ./src/utils.o
LOAD C:/ISIS/workspace/ycube/GlobusSatProject/..//hal/hal/lib\libHALD.a
LOAD C:/ISIS/workspace/ycube/GlobusSatProject/..//hal/hcc/lib\libHCCD.a
LOAD C:/ISIS/workspace/ycube/GlobusSatProject/..//satellite-subsystems/satellite-subsystems/lib\libSatelliteSubsystemsD.a
LOAD C:/ISIS/workspace/ycube/GlobusSatProject/..//hal/freertos/lib\libFreeRTOSD.a
LOAD C:/ISIS/workspace/ycube/GlobusSatProject/..//hal/at91/lib\libAt91D.a
START GROUP
LOAD c:/isis/application/toolchain/bin/../lib/gcc/arm-none-eabi/4.7.4\libgcc.a
LOAD c:/isis/application/toolchain/bin/../lib/gcc/arm-none-eabi/4.7.4/../../../../arm-none-eabi/lib\libg.a
LOAD c:/isis/application/toolchain/bin/../lib/gcc/arm-none-eabi/4.7.4/../../../../arm-none-eabi/lib\libc.a
END GROUP

.fixed          0x20000000    0x5960c
                0x20000000                . = ALIGN (0x4)
                0x20000000                _sfixed = .
 *(.startup)
 .startup       0x20000000      0x184 C:/ISIS/workspace/ycube/GlobusSatProject/..//hal/at91/lib\libAt91D.a(board_cstartup.o)
                0x20000000                entry
 *(.text)
 .text          0x20000184       0x64 C:/ISIS/workspace/ycube/GlobusSatProject/..//hal/at91/lib\libAt91D.a(cp15_asm.o)
                0x20000184                _readControlRegister
                0x20000190                _writeControlRegister
                0x20000198                _waitForInterrupt
                0x200001a4                _writeTTB
                0x200001ac                _writeDomain
                0x200001b4                _writeITLBLockdown
                0x200001bc                _prefetchICacheLine
                0x200001c4                _flushDCache
                0x200001d0                _flushWriteBuffer
                0x200001dc                _invalidateIDTLBs
 .text          0x200001e8      0x114 c:/isis/application/toolchain/bin/../lib/gcc/arm-none-eabi/4.7.4\libgcc.a(_udivsi3.o)
                0x200001e8                __aeabi_uidiv
                0x200001e8                __udivsi3
                0x200002dc                __aeabi_uidivmod
 .text          0x200002fc      0x148 c:/isis/application/toolchain/bin/../lib/gcc/arm-none-eabi/4.7.4\libgcc.a(_divsi3.o)
                0x200002fc                __divsi3
                0x200002fc                __aeabi_idiv
                0x20000424                __aeabi_idivmod
 .text          0x20000444        0x4 c:/isis/application/toolchain/bin/../lib/gcc/arm-none-eabi/4.7.4\libgcc.a(_dvmd_tls.o)
                0x20000444                __aeabi_idiv0
                0x20000444                __aeabi_ldiv0
 .text          0x20000448      0x41c c:/isis/application/toolchain/bin/../lib/gcc/arm-none-eabi/4.7.4\libgcc.a(_arm_addsubdf3.o)
                0x20000448                __aeabi_drsub
                0x20000450                __aeabi_dsub
                0x20000450                __subdf3
                0x20000454                __aeabi_dadd
                0x20000454                __adddf3
                0x20000764                __floatunsidf
                0x20000764                __aeabi_ui2d
                0x20000788                __floatsidf
                0x20000788                __aeabi_i2d
                0x200007b0                __aeabi_f2d
                0x200007b0                __extendsfdf2
                0x200007f0                __floatundidf
                0x200007f0                __aeabi_ul2d
                0x20000804                __floatdidf
                0x20000804                __aeabi_l2d
 .text          0x20000864      0x49c c:/isis/application/toolchain/bin/../lib/gcc/arm-none-eabi/4.7.4\libgcc.a(_arm_muldivdf3.o)
                0x20000864                __aeabi_dmul
                0x20000864                __muldf3
                0x20000af4                __divdf3
                0x20000af4                __aeabi_ddiv
 .text          0x20000d00       0xa0 c:/isis/application/toolchain/bin/../lib/gcc/arm-none-eabi/4.7.4\libgcc.a(_arm_truncdfsf2.o)
                0x20000d00                __truncdfsf2
                0x20000d00                __aeabi_d2f
 .text          0x20000da0      0x144 c:/isis/application/toolchain/bin/../lib/gcc/arm-none-eabi/4.7.4\libgcc.a(_arm_cmpdf2.o)
                0x20000da0                __gtdf2
                0x20000da0                __gedf2
                0x20000da8                __ltdf2
                0x20000da8                __ledf2
                0x20000db0                __nedf2
                0x20000db0                __eqdf2
                0x20000db0                __cmpdf2
                0x20000e38                __aeabi_cdrcmple
                0x20000e54                __aeabi_cdcmpeq
                0x20000e54                __aeabi_cdcmple
                0x20000e6c                __aeabi_dcmpeq
                0x20000e84                __aeabi_dcmplt
                0x20000e9c                __aeabi_dcmple
                0x20000eb4                __aeabi_dcmpge
                0x20000ecc                __aeabi_dcmpgt
 .text          0x20000ee4       0x5c c:/isis/application/toolchain/bin/../lib/gcc/arm-none-eabi/4.7.4\libgcc.a(_arm_fixdfsi.o)
                0x20000ee4                __aeabi_d2iz
                0x20000ee4                __fixdfsi
 .text          0x20000f40       0x54 c:/isis/application/toolchain/bin/../lib/gcc/arm-none-eabi/4.7.4\libgcc.a(_arm_fixunsdfsi.o)
                0x20000f40                __aeabi_d2uiz
                0x20000f40                __fixunsdfsi
 .text          0x20000f94       0x3c c:/isis/application/toolchain/bin/../lib/gcc/arm-none-eabi/4.7.4\libgcc.a(_aeabi_uldivmod.o)
                0x20000f94                __aeabi_uldivmod
 .text          0x20000fd0       0x84 c:/isis/application/toolchain/bin/../lib/gcc/arm-none-eabi/4.7.4\libgcc.a(bpabi.o)
                0x20000fd0                __gnu_ldivmod_helper
                0x20001014                __gnu_uldivmod_helper
 .text          0x20001054      0x4f0 c:/isis/application/toolchain/bin/../lib/gcc/arm-none-eabi/4.7.4\libgcc.a(_divdi3.o)
                0x20001054                __divdi3
 .text          0x20001544      0x488 c:/isis/application/toolchain/bin/../lib/gcc/arm-none-eabi/4.7.4\libgcc.a(_udivdi3.o)
                0x20001544                __udivdi3
 .text          0x200019cc       0x48 c:/isis/application/toolchain/bin/../lib/gcc/arm-none-eabi/4.7.4\libgcc.a(_clzsi2.o)
                0x200019cc                __clzsi2
 *(.text*)
 .text.TestActUponCommand
                0x20001a14      0x114 ./src/TestingDemos/CommandsTestingDemo.o
                0x20001a14                TestActUponCommand
 .text.TestAssmbleCommand
                0x20001b28      0x14c ./src/TestingDemos/CommandsTestingDemo.o
                0x20001b28                TestAssmbleCommand
 .text.TestGetDelayedCommand
                0x20001c74       0xa0 ./src/TestingDemos/CommandsTestingDemo.o
                0x20001c74                TestGetDelayedCommand
 .text.TestAddDelayedCommand
                0x20001d14       0xbc ./src/TestingDemos/CommandsTestingDemo.o
                0x20001d14                TestAddDelayedCommand
 .text.TestGetDelayedCommandBufferCount
                0x20001dd0       0x54 ./src/TestingDemos/CommandsTestingDemo.o
                0x20001dd0                TestGetDelayedCommandBufferCount
 .text.TestGetOnlineCommand
                0x20001e24       0xc8 ./src/TestingDemos/CommandsTestingDemo.o
                0x20001e24                TestGetOnlineCommand
 .text.TestDeleteDelayedCommandByIndex
                0x20001eec      0x1c0 ./src/TestingDemos/CommandsTestingDemo.o
                0x20001eec                TestDeleteDelayedCommandByIndex
 .text.TestDeleteDelayedBuffer
                0x200020ac      0x140 ./src/TestingDemos/CommandsTestingDemo.o
                0x200020ac                TestDeleteDelayedBuffer
 .text.selectAndExecuteCommandsDemoTest
                0x200021ec      0x174 ./src/TestingDemos/CommandsTestingDemo.o
                0x200021ec                selectAndExecuteCommandsDemoTest
 .text.MainCommandsTestBench
                0x20002360       0x44 ./src/TestingDemos/CommandsTestingDemo.o
                0x20002360                MainCommandsTestBench
 .text.TestEpsConditioning
                0x200023a4      0x1e8 ./src/TestingDemos/EpsTestingDemo.o
                0x200023a4                TestEpsConditioning
 .text.TestGetBatteryVoltage
                0x2000258c       0x64 ./src/TestingDemos/EpsTestingDemo.o
                0x2000258c                TestGetBatteryVoltage
 .text.TestUpdateThreshVoltages
                0x200025f0      0x170 ./src/TestingDemos/EpsTestingDemo.o
                0x200025f0                TestUpdateThreshVoltages
 .text.TestGetThreshVoltages
                0x20002760       0xb0 ./src/TestingDemos/EpsTestingDemo.o
                0x20002760                TestGetThreshVoltages
 .text.TestUpdateAlpha
                0x20002810       0xc0 ./src/TestingDemos/EpsTestingDemo.o
                0x20002810                TestUpdateAlpha
 .text.TestGetAlpha
                0x200028d0       0x78 ./src/TestingDemos/EpsTestingDemo.o
                0x200028d0                TestGetAlpha
 .text.TestRestoreDefaultAlpha
                0x20002948       0xf4 ./src/TestingDemos/EpsTestingDemo.o
                0x20002948                TestRestoreDefaultAlpha
 .text.TestRestoreDefaultThresholdVoltages
                0x20002a3c      0x154 ./src/TestingDemos/EpsTestingDemo.o
                0x20002a3c                TestRestoreDefaultThresholdVoltages
 .text.GetHeaterValues
                0x20002b90       0x24 ./src/TestingDemos/EpsTestingDemo.o
                0x20002b90                GetHeaterValues
 .text.SetHeaterValues
                0x20002bb4       0x1c ./src/TestingDemos/EpsTestingDemo.o
                0x20002bb4                SetHeaterValues
 .text.selectAndExecuteEpsDemoTest
                0x20002bd0      0x1b0 ./src/TestingDemos/EpsTestingDemo.o
                0x20002bd0                selectAndExecuteEpsDemoTest
 .text.MainEpsTestBench
                0x20002d80       0x40 ./src/TestingDemos/EpsTestingDemo.o
                0x20002d80                MainEpsTestBench
 .text.TestListFiles
                0x20002dc0      0x198 ./src/TestingDemos/FileSystemTestingDemo.o
                0x20002dc0                TestListFiles
 .text.TestListAllFiles
                0x20002f58      0x134 ./src/TestingDemos/FileSystemTestingDemo.o
                0x20002f58                TestListAllFiles
 .text.TestLOGTLM
                0x2000308c      0x110 ./src/TestingDemos/FileSystemTestingDemo.o
                0x2000308c                TestLOGTLM
 .text.TestEPSTLM
                0x2000319c       0xa8 ./src/TestingDemos/FileSystemTestingDemo.o
                0x2000319c                TestEPSTLM
 .text.TestReadTimeRangeTLMRes
                0x20003244      0x210 ./src/TestingDemos/FileSystemTestingDemo.o
                0x20003244                TestReadTimeRangeTLMRes
 .text.TestReadTimeRangeTLM
                0x20003454      0x178 ./src/TestingDemos/FileSystemTestingDemo.o
                0x20003454                TestReadTimeRangeTLM
 .text.GenerateWODTLM
                0x200035cc       0xd0 ./src/TestingDemos/FileSystemTestingDemo.o
                0x200035cc                GenerateWODTLM
 .text.DeleteOldFiles
                0x2000369c      0x148 ./src/TestingDemos/FileSystemTestingDemo.o
                0x2000369c                DeleteOldFiles
 .text.createSingleDayTLM
                0x200037e4       0xb0 ./src/TestingDemos/FileSystemTestingDemo.o
                0x200037e4                createSingleDayTLM
 .text.printLastError
                0x20003894       0x38 ./src/TestingDemos/FileSystemTestingDemo.o
                0x20003894                printLastError
 .text.copyTLMFile
                0x200038cc      0x2ac ./src/TestingDemos/FileSystemTestingDemo.o
                0x200038cc                copyTLMFile
 .text.TestWODTLM
                0x20003b78       0xa8 ./src/TestingDemos/FileSystemTestingDemo.o
                0x20003b78                TestWODTLM
 .text.TestDeleteFiels
                0x20003c20      0x2b8 ./src/TestingDemos/FileSystemTestingDemo.o
                0x20003c20                TestDeleteFiels
 .text.TestReadMultiFiels
                0x20003ed8      0x2ac ./src/TestingDemos/FileSystemTestingDemo.o
                0x20003ed8                TestReadMultiFiels
 .text.TestTRXVUTLM
                0x20004184      0x11c ./src/TestingDemos/FileSystemTestingDemo.o
                0x20004184                TestTRXVUTLM
 .text.FullSDTest
                0x200042a0      0x19c ./src/TestingDemos/FileSystemTestingDemo.o
                0x200042a0                FullSDTest
 .text.LogErrorRateTest
                0x2000443c      0x148 ./src/TestingDemos/FileSystemTestingDemo.o
                0x2000443c                LogErrorRateTest
 .text.deleteMonth
                0x20004584       0x78 ./src/TestingDemos/FileSystemTestingDemo.o
                0x20004584                deleteMonth
 .text.deleteYear
                0x200045fc       0xb0 ./src/TestingDemos/FileSystemTestingDemo.o
                0x200045fc                deleteYear
 .text.readFileTest
                0x200046ac       0x88 ./src/TestingDemos/FileSystemTestingDemo.o
                0x200046ac                readFileTest
 .text.writeFileOnScreen
                0x20004734       0xcc ./src/TestingDemos/FileSystemTestingDemo.o
                0x20004734                writeFileOnScreen
 .text.GetExtraData
                0x20004800       0x4c ./src/TestingDemos/FileSystemTestingDemo.o
                0x20004800                GetExtraData
 .text.showFreeSapce
                0x2000484c      0x110 ./src/TestingDemos/FileSystemTestingDemo.o
                0x2000484c                showFreeSapce
 .text.SwitchSDCardTest
                0x2000495c       0x98 ./src/TestingDemos/FileSystemTestingDemo.o
                0x2000495c                SwitchSDCardTest
 .text.FormatSDTest
                0x200049f4       0x9c ./src/TestingDemos/FileSystemTestingDemo.o
                0x200049f4                FormatSDTest
 .text.showFreeSpaceHeap
                0x20004a90       0xa4 ./src/TestingDemos/FileSystemTestingDemo.o
                0x20004a90                showFreeSpaceHeap
 .text.selectAndExecuteFSTest
                0x20004b34      0x344 ./src/TestingDemos/FileSystemTestingDemo.o
                0x20004b34                selectAndExecuteFSTest
 .text.MainFileSystemTestBench
                0x20004e78       0x44 ./src/TestingDemos/FileSystemTestingDemo.o
                0x20004e78                MainFileSystemTestBench
 .text.selectAndExecuteTest
                0x20004ebc      0x168 ./src/TestingDemos/MainTest.o
                0x20004ebc                selectAndExecuteTest
 .text.taskTesting
                0x20005024       0x28 ./src/TestingDemos/MainTest.o
                0x20005024                taskTesting
 .text.printSDINfo
                0x2000504c       0x84 ./src/TestingDemos/MaintenanceTestingDemo.o
                0x2000504c                printSDINfo
 .text.changeFirstActivation
                0x200050d0       0x84 ./src/TestingDemos/MaintenanceTestingDemo.o
                0x200050d0                changeFirstActivation
 .text.selectAndExecuteMaintenanceDemoTest
                0x20005154      0x19c ./src/TestingDemos/MaintenanceTestingDemo.o
                0x20005154                selectAndExecuteMaintenanceDemoTest
 .text.MainMaintenanceTestBench
                0x200052f0       0x40 ./src/TestingDemos/MaintenanceTestingDemo.o
                0x200052f0                MainMaintenanceTestBench
 .text.savePacketsInRam
                0x20005330      0x104 ./src/TestingDemos/TelemetryTestingDemo.o
                0x20005330                savePacketsInRam
 .text.checkPacket
                0x20005434       0xa4 ./src/TestingDemos/TelemetryTestingDemo.o
                0x20005434                checkPacket
 .text.singleTlmWodTest
                0x200054d8       0x90 ./src/TestingDemos/TelemetryTestingDemo.o
                0x200054d8                singleTlmWodTest
 .text.singleTLMLogTest
                0x20005568       0xa8 ./src/TestingDemos/TelemetryTestingDemo.o
                0x20005568                singleTLMLogTest
 .text.singleTlmLogTestHelp
                0x20005610       0x4c ./src/TestingDemos/TelemetryTestingDemo.o
                0x20005610                singleTlmLogTestHelp
 .text.saveNGetMultipleTlmTest
                0x2000565c      0x1d4 ./src/TestingDemos/TelemetryTestingDemo.o
                0x2000565c                saveNGetMultipleTlmTest
 .text.saveMultipleNGetSomeTlmTest
                0x20005830      0x23c ./src/TestingDemos/TelemetryTestingDemo.o
                0x20005830                saveMultipleNGetSomeTlmTest
 .text.getWodMinMaxTest
                0x20005a6c      0x130 ./src/TestingDemos/TelemetryTestingDemo.o
                0x20005a6c                getWodMinMaxTest
 .text.tlmTest  0x20005b9c      0x1dc ./src/TestingDemos/TelemetryTestingDemo.o
                0x20005b9c                tlmTest
 .text.saveNGetLog
                0x20005d78      0x18c ./src/TestingDemos/TelemetryTestingDemo.o
                0x20005d78                saveNGetLog
 .text.PrintStaticSize
                0x20005f04       0x20 ./src/TestingDemos/TelemetryTestingDemo.o
                0x20005f04                PrintStaticSize
 .text.MainTelemetryTestBench
                0x20005f24      0x128 ./src/TestingDemos/TelemetryTestingDemo.o
                0x20005f24                MainTelemetryTestBench
 .text.TestInitTrxvu
                0x2000604c       0x54 ./src/TestingDemos/TrxvuTestingDemo.o
                0x2000604c                TestInitTrxvu
 .text.TestInitTrxvuWithDifferentFrameLengths
                0x200060a0       0x1c ./src/TestingDemos/TrxvuTestingDemo.o
                0x200060a0                TestInitTrxvuWithDifferentFrameLengths
 .text.TestTrxvuLogic
                0x200060bc       0xfc ./src/TestingDemos/TrxvuTestingDemo.o
                0x200060bc                TestTrxvuLogic
 .text.TestCheckTransmitionAllowed
                0x200061b8       0xa4 ./src/TestingDemos/TrxvuTestingDemo.o
                0x200061b8                TestCheckTransmitionAllowed
 .text.TestLoopSPL
                0x2000625c       0xc4 ./src/TestingDemos/TrxvuTestingDemo.o
                0x2000625c                TestLoopSPL
 .text.TestSendDumpAbortRequest
                0x20006320       0x24 ./src/TestingDemos/TrxvuTestingDemo.o
                0x20006320                TestSendDumpAbortRequest
 .text.TestTransmitDummySplPacket
                0x20006344       0xc0 ./src/TestingDemos/TrxvuTestingDemo.o
                0x20006344                TestTransmitDummySplPacket
 .text.TestTransmitSplPacket
                0x20006404      0x1ec ./src/TestingDemos/TrxvuTestingDemo.o
                0x20006404                TestTransmitSplPacket
 .text.TestExitDump
                0x200065f0       0x1c ./src/TestingDemos/TrxvuTestingDemo.o
                0x200065f0                TestExitDump
 .text.TestDumpTelemetry
                0x2000660c       0x9c ./src/TestingDemos/TrxvuTestingDemo.o
                0x2000660c                TestDumpTelemetry
 .text.TestRestoreDefaultBeaconParameters
                0x200066a8       0x1c ./src/TestingDemos/TrxvuTestingDemo.o
                0x200066a8                TestRestoreDefaultBeaconParameters
 .text.TestChooseDefaultBeaconCycle
                0x200066c4       0xe0 ./src/TestingDemos/TrxvuTestingDemo.o
                0x200066c4                TestChooseDefaultBeaconCycle
 .text.TestBeaconLogic
                0x200067a4       0xdc ./src/TestingDemos/TrxvuTestingDemo.o
                0x200067a4                TestBeaconLogic
 .text.TestMuteTrxvu
                0x20006880       0x9c ./src/TestingDemos/TrxvuTestingDemo.o
                0x20006880                TestMuteTrxvu
 .text.TestUnMuteTrxvu
                0x2000691c       0x30 ./src/TestingDemos/TrxvuTestingDemo.o
                0x2000691c                TestUnMuteTrxvu
 .text.TestGetNumberOfFramesInBuffer
                0x2000694c       0x54 ./src/TestingDemos/TrxvuTestingDemo.o
                0x2000694c                TestGetNumberOfFramesInBuffer
 .text.TestSetTrxvuBitrate
                0x200069a0       0xf0 ./src/TestingDemos/TrxvuTestingDemo.o
                0x200069a0                TestSetTrxvuBitrate
 .text.testSecuredCMD
                0x20006a90      0x190 ./src/TestingDemos/TrxvuTestingDemo.o
                0x20006a90                testSecuredCMD
 .text.Dummy_CMD_Hash256
                0x20006c20      0x478 ./src/TestingDemos/TrxvuTestingDemo.o
                0x20006c20                Dummy_CMD_Hash256
 .text.TestForDummy_sat_packet
                0x20007098       0xc8 ./src/TestingDemos/TrxvuTestingDemo.o
                0x20007098                TestForDummy_sat_packet
 .text.Secured_CMD_TEST
                0x20007160       0xbc ./src/TestingDemos/TrxvuTestingDemo.o
                0x20007160                Secured_CMD_TEST
 .text.dumpRamTest
                0x2000721c       0x78 ./src/TestingDemos/TrxvuTestingDemo.o
                0x2000721c                dumpRamTest
 .text.TestGetTrxvuBitrate
                0x20007294       0x1c ./src/TestingDemos/TrxvuTestingDemo.o
                0x20007294                TestGetTrxvuBitrate
 .text.TestTransmitDataAsSPL_Packet
                0x200072b0      0x118 ./src/TestingDemos/TrxvuTestingDemo.o
                0x200072b0                TestTransmitDataAsSPL_Packet
 .text.selectAndExecuteTrxvuDemoTest
                0x200073c8      0x31c ./src/TestingDemos/TrxvuTestingDemo.o
                0x200073c8                selectAndExecuteTrxvuDemoTest
 .text.MainTrxvuTestBench
                0x200076e4       0x44 ./src/TestingDemos/TrxvuTestingDemo.o
                0x200076e4                MainTrxvuTestBench
 .text.GetBatteryVoltage
                0x20007728       0x24 ./src/SubSystemModules/PowerManagment/EPS.o
                0x20007728                GetBatteryVoltage
 .text.EPS_Init
                0x2000774c       0x1c ./src/SubSystemModules/PowerManagment/EPS.o
                0x2000774c                EPS_Init
 .text.EPS_Conditioning
                0x20007768       0x1c ./src/SubSystemModules/PowerManagment/EPS.o
                0x20007768                EPS_Conditioning
 .text.UpdateAlpha
                0x20007784       0x24 ./src/SubSystemModules/PowerManagment/EPS.o
                0x20007784                UpdateAlpha
 .text.UpdateThresholdVoltages
                0x200077a8      0x218 ./src/SubSystemModules/PowerManagment/EPS.o
                0x200077a8                UpdateThresholdVoltages
 .text.GetThresholdVoltages
                0x200079c0       0x80 ./src/SubSystemModules/PowerManagment/EPS.o
                0x200079c0                GetThresholdVoltages
 .text.GetAlpha
                0x20007a40       0x7c ./src/SubSystemModules/PowerManagment/EPS.o
                0x20007a40                GetAlpha
 .text.RestoreDefaultThresholdVoltages
                0x20007abc       0x74 ./src/SubSystemModules/PowerManagment/EPS.o
                0x20007abc                RestoreDefaultThresholdVoltages
 .text.CMDGetHeaterValues
                0x20007b30       0x24 ./src/SubSystemModules/PowerManagment/EPS.o
                0x20007b30                CMDGetHeaterValues
 .text.CMDSetHeaterValues
                0x20007b54       0x24 ./src/SubSystemModules/PowerManagment/EPS.o
                0x20007b54                CMDSetHeaterValues
 .text.PayloadOperations
                0x20007b78      0x124 ./src/SubSystemModules/PowerManagment/EPSOperationModes.o
                0x20007b78                PayloadOperations
 .text.DoesPayloadChannelOn
                0x20007c9c       0x20 ./src/SubSystemModules/PowerManagment/EPSOperationModes.o
                0x20007c9c                DoesPayloadChannelOn
 .text.GetSystemState
                0x20007cbc       0x24 ./src/SubSystemModules/PowerManagment/EPSOperationModes.o
                0x20007cbc                GetSystemState
 .text.GetSystemChannelState
                0x20007ce0       0x24 ./src/SubSystemModules/PowerManagment/EPSOperationModes.o
                0x20007ce0                GetSystemChannelState
 .text.EpsGetLowVoltageFlag
                0x20007d04       0x24 ./src/SubSystemModules/PowerManagment/EPSOperationModes.o
                0x20007d04                EpsGetLowVoltageFlag
 .text.payloadRead
                0x20007d28       0xbc ./src/SubSystemModules/Payload/payload_drivers.o
                0x20007d28                payloadRead
 .text.payloadSendCommand
                0x20007de4       0x70 ./src/SubSystemModules/Payload/payload_drivers.o
                0x20007de4                payloadSendCommand
 .text.payloadReadEnvironment
                0x20007e54      0x2d0 ./src/SubSystemModules/Payload/payload_drivers.o
                0x20007e54                payloadReadEnvironment
 .text.payloadReadEvents
                0x20008124      0x1e8 ./src/SubSystemModules/Payload/payload_drivers.o
                0x20008124                payloadReadEvents
 .text.CheckExecutionTime
                0x2000830c       0x80 ./src/SubSystemModules/Maintenance/Maintenance.o
                0x2000830c                CheckExecutionTime
 .text.SaveSatTimeInFRAM
                0x2000838c       0x44 ./src/SubSystemModules/Maintenance/Maintenance.o
                0x2000838c                SaveSatTimeInFRAM
 .text.WakeupFromResetCMD
                0x200083d0      0x120 ./src/SubSystemModules/Maintenance/Maintenance.o
                0x200083d0                WakeupFromResetCMD
 .text.ResetGroundCommWDT
                0x200084f0       0x1c ./src/SubSystemModules/Maintenance/Maintenance.o
                0x200084f0                ResetGroundCommWDT
 .text.findMinMaxDate
                0x2000850c       0xdc ./src/SubSystemModules/Maintenance/Maintenance.o
                0x2000850c                findMinMaxDate
 .text.DeleteOldFiels
                0x200085e8       0xf0 ./src/SubSystemModules/Maintenance/Maintenance.o
                0x200085e8                DeleteOldFiels
 .text.HardResetMCU
                0x200086d8       0x18 ./src/SubSystemModules/Maintenance/Maintenance.o
                0x200086d8                HardResetMCU
 .text.GetRandomName
                0x200086f0       0x7c ./src/SubSystemModules/Housekepping/NamesLogic.o
                0x200086f0                GetRandomName
 .text.ResetRamTlm
                0x2000876c       0xe4 ./src/SubSystemModules/Housekepping/RAMTelemetry.o
                0x2000876c                ResetRamTlm
 .text.inc      0x20008850       0x4c ./src/SubSystemModules/Housekepping/RAMTelemetry.o
                0x20008850                inc
 .text.dec      0x2000889c       0x48 ./src/SubSystemModules/Housekepping/RAMTelemetry.o
                0x2000889c                dec
 .text.saveTlmToRam
                0x200088e4      0x28c ./src/SubSystemModules/Housekepping/RAMTelemetry.o
                0x200088e4                saveTlmToRam
 .text.getTlm   0x20008b70      0x3c4 ./src/SubSystemModules/Housekepping/RAMTelemetry.o
                0x20008b70                getTlm
 .text.getRange
                0x20008f34      0x1dc ./src/SubSystemModules/Housekepping/RAMTelemetry.o
                0x20008f34                getRange
 .text.InitSavePeriodTimes
                0x20009110       0xa4 ./src/SubSystemModules/Housekepping/TelemetryCollector.o
                0x20009110                InitSavePeriodTimes
 .text.CMD_GetTLMPeriodTimes
                0x200091b4       0x38 ./src/SubSystemModules/Housekepping/TelemetryCollector.o
                0x200091b4                CMD_GetTLMPeriodTimes
 .text.CMD_SetTLMPeriodTimes
                0x200091ec      0x1dc ./src/SubSystemModules/Housekepping/TelemetryCollector.o
                0x200091ec                CMD_SetTLMPeriodTimes
 .text.TelemetryCollectorLogic
                0x200093c8      0x2c8 ./src/SubSystemModules/Housekepping/TelemetryCollector.o
                0x200093c8                TelemetryCollectorLogic
 .text.TelemetrySaveEPS
                0x20009690       0x18 ./src/SubSystemModules/Housekepping/TelemetryCollector.o
                0x20009690                TelemetrySaveEPS
 .text.TelemetrySaveTRXVU
                0x200096a8       0x94 ./src/SubSystemModules/Housekepping/TelemetryCollector.o
                0x200096a8                TelemetrySaveTRXVU
 .text.TelemetrySaveANT
                0x2000973c       0x14 ./src/SubSystemModules/Housekepping/TelemetryCollector.o
                0x2000973c                TelemetrySaveANT
 .text.TelemetrySaveSolarPanels
                0x20009750      0x22c ./src/SubSystemModules/Housekepping/TelemetryCollector.o
                0x20009750                TelemetrySaveSolarPanels
 .text.TelemetrySaveWOD
                0x2000997c       0x5c ./src/SubSystemModules/Housekepping/TelemetryCollector.o
                0x2000997c                TelemetrySaveWOD
 .text.TelemetrySaveRADFET
                0x200099d8       0xd4 ./src/SubSystemModules/Housekepping/TelemetryCollector.o
                0x200099d8                TelemetrySaveRADFET
 .text.TelemetrySavePayloadEvents
                0x20009aac       0xf0 ./src/SubSystemModules/Housekepping/TelemetryCollector.o
                0x20009aac                TelemetrySavePayloadEvents
 .text.GetCurrentWODTelemetry
                0x20009b9c      0x448 ./src/SubSystemModules/Housekepping/TelemetryCollector.o
                0x20009b9c                GetCurrentWODTelemetry
 .text.CMD_EPS_ResetWDT
                0x20009fe4       0x24 ./src/SubSystemModules/Communication/SubsystemCommands/EPS_Commands.o
                0x20009fe4                CMD_EPS_ResetWDT
 .text.CMD_Change_Payload_State_INFRAM
                0x2000a008       0x8c ./src/SubSystemModules/Communication/SubsystemCommands/EPS_Commands.o
                0x2000a008                CMD_Change_Payload_State_INFRAM
 .text.CMD_Payload_Operations
                0x2000a094       0xa8 ./src/SubSystemModules/Communication/SubsystemCommands/EPS_Commands.o
                0x2000a094                CMD_Payload_Operations
 .text.CMD_DeleteTLM
                0x2000a13c      0x1a0 ./src/SubSystemModules/Communication/SubsystemCommands/FS_Commands.o
                0x2000a13c                CMD_DeleteTLM
 .text.CMD_DeleteAllFiles
                0x2000a2dc       0x38 ./src/SubSystemModules/Communication/SubsystemCommands/FS_Commands.o
                0x2000a2dc                CMD_DeleteAllFiles
 .text.CMD_GetLastFS_Error
                0x2000a314       0x4c ./src/SubSystemModules/Communication/SubsystemCommands/FS_Commands.o
                0x2000a314                CMD_GetLastFS_Error
 .text.CMD_Get_TLM_Info
                0x2000a360      0x204 ./src/SubSystemModules/Communication/SubsystemCommands/FS_Commands.o
                0x2000a360                CMD_Get_TLM_Info
 .text.CMD_Switch_SD_Card
                0x2000a564       0xcc ./src/SubSystemModules/Communication/SubsystemCommands/FS_Commands.o
                0x2000a564                CMD_Switch_SD_Card
 .text.CMD_Format_SD_Card
                0x2000a630       0xa4 ./src/SubSystemModules/Communication/SubsystemCommands/FS_Commands.o
                0x2000a630                CMD_Format_SD_Card
 .text.CMD_GenericI2C
                0x2000a6d4       0xc8 ./src/SubSystemModules/Communication/SubsystemCommands/Maintanence_Commands.o
                0x2000a6d4                CMD_GenericI2C
 .text.CMD_FRAM_ReadAndTransmitt
                0x2000a79c       0xe8 ./src/SubSystemModules/Communication/SubsystemCommands/Maintanence_Commands.o
                0x2000a79c                CMD_FRAM_ReadAndTransmitt
 .text.CMD_FRAM_WriteAndTransmitt
                0x2000a884       0xfc ./src/SubSystemModules/Communication/SubsystemCommands/Maintanence_Commands.o
                0x2000a884                CMD_FRAM_WriteAndTransmitt
 .text.CMD_FRAM_ReStart
                0x2000a980       0x4c ./src/SubSystemModules/Communication/SubsystemCommands/Maintanence_Commands.o
                0x2000a980                CMD_FRAM_ReStart
 .text.CMD_UpdateSatTime
                0x2000a9cc       0xa4 ./src/SubSystemModules/Communication/SubsystemCommands/Maintanence_Commands.o
                0x2000a9cc                CMD_UpdateSatTime
 .text.CMD_GetDevInfo
                0x2000aa70       0x5c ./src/SubSystemModules/Communication/SubsystemCommands/Maintanence_Commands.o
                0x2000aa70                CMD_GetDevInfo
 .text.CMD_GetSatUptime
                0x2000aacc       0x48 ./src/SubSystemModules/Communication/SubsystemCommands/Maintanence_Commands.o
                0x2000aacc                CMD_GetSatUptime
 .text.CMD_ResetComponent
                0x2000ab14      0x1dc ./src/SubSystemModules/Communication/SubsystemCommands/Maintanence_Commands.o
                0x2000ab14                CMD_ResetComponent
 .text.DumpTask
                0x2000acf0      0x310 ./src/SubSystemModules/Communication/SubsystemCommands/TRXVU_Commands.o
                0x2000acf0                DumpTask
 .text.DumpRamTask
                0x2000b000      0x104 ./src/SubSystemModules/Communication/SubsystemCommands/TRXVU_Commands.o
                0x2000b000                DumpRamTask
 .text.CMD_AntennaDeploy
                0x2000b104       0x24 ./src/SubSystemModules/Communication/SubsystemCommands/TRXVU_Commands.o
                0x2000b104                CMD_AntennaDeploy
 .text.CMD_StartDump
                0x2000b128      0x200 ./src/SubSystemModules/Communication/SubsystemCommands/TRXVU_Commands.o
                0x2000b128                CMD_StartDump
 .text.CMD_SendDumpAbortRequest
                0x2000b328       0x38 ./src/SubSystemModules/Communication/SubsystemCommands/TRXVU_Commands.o
                0x2000b328                CMD_SendDumpAbortRequest
 .text.CMD_SetTransponder
                0x2000b360      0x110 ./src/SubSystemModules/Communication/SubsystemCommands/TRXVU_Commands.o
                0x2000b360                CMD_SetTransponder
 .text.CMD_SetRSSITransponder
                0x2000b470       0x90 ./src/SubSystemModules/Communication/SubsystemCommands/TRXVU_Commands.o
                0x2000b470                CMD_SetRSSITransponder
 .text.CMD_MuteTRXVU
                0x2000b500       0xc4 ./src/SubSystemModules/Communication/SubsystemCommands/TRXVU_Commands.o
                0x2000b500                CMD_MuteTRXVU
 .text.CMD_SetIdleState
                0x2000b5c4       0x94 ./src/SubSystemModules/Communication/SubsystemCommands/TRXVU_Commands.o
                0x2000b5c4                CMD_SetIdleState
 .text.CMD_UnMuteTRXVU
                0x2000b658       0x38 ./src/SubSystemModules/Communication/SubsystemCommands/TRXVU_Commands.o
                0x2000b658                CMD_UnMuteTRXVU
 .text.CMD_GetBaudRate
                0x2000b690       0x68 ./src/SubSystemModules/Communication/SubsystemCommands/TRXVU_Commands.o
                0x2000b690                CMD_GetBaudRate
 .text.CMD_TrasmitBeacon
                0x2000b6f8       0x48 ./src/SubSystemModules/Communication/SubsystemCommands/TRXVU_Commands.o
                0x2000b6f8                CMD_TrasmitBeacon
 .text.CMD_GetBeaconInterval
                0x2000b740       0x6c ./src/SubSystemModules/Communication/SubsystemCommands/TRXVU_Commands.o
                0x2000b740                CMD_GetBeaconInterval
 .text.CMD_SetBaudRate
                0x2000b7ac       0x60 ./src/SubSystemModules/Communication/SubsystemCommands/TRXVU_Commands.o
                0x2000b7ac                CMD_SetBaudRate
 .text.CMD_GetTxUptime
                0x2000b80c       0x64 ./src/SubSystemModules/Communication/SubsystemCommands/TRXVU_Commands.o
                0x2000b80c                CMD_GetTxUptime
 .text.CMD_GetRxUptime
                0x2000b870       0x64 ./src/SubSystemModules/Communication/SubsystemCommands/TRXVU_Commands.o
                0x2000b870                CMD_GetRxUptime
 .text.CMD_GetNumOfOnlineCommands
                0x2000b8d4       0x64 ./src/SubSystemModules/Communication/SubsystemCommands/TRXVU_Commands.o
                0x2000b8d4                CMD_GetNumOfOnlineCommands
 .text.CMD_SecurePing
                0x2000b938       0x6c ./src/SubSystemModules/Communication/SubsystemCommands/TRXVU_Commands.o
                0x2000b938                CMD_SecurePing
 .text.CMD_AntSetArmStatus
                0x2000b9a4       0x3c ./src/SubSystemModules/Communication/SubsystemCommands/TRXVU_Commands.o
                0x2000b9a4                CMD_AntSetArmStatus
 .text.CMD_AntGetArmStatus
                0x2000b9e0       0x48 ./src/SubSystemModules/Communication/SubsystemCommands/TRXVU_Commands.o
                0x2000b9e0                CMD_AntGetArmStatus
 .text.CMD_AntGetUptime
                0x2000ba28       0x50 ./src/SubSystemModules/Communication/SubsystemCommands/TRXVU_Commands.o
                0x2000ba28                CMD_AntGetUptime
 .text.CMD_StopReDeployment
                0x2000ba78       0x34 ./src/SubSystemModules/Communication/SubsystemCommands/TRXVU_Commands.o
                0x2000ba78                CMD_StopReDeployment
 .text.CMD_AntCancelDeployment
                0x2000baac       0x2c ./src/SubSystemModules/Communication/SubsystemCommands/TRXVU_Commands.o
                0x2000baac                CMD_AntCancelDeployment
 .text.CMD_DumpRamTLM
                0x2000bad8      0x180 ./src/SubSystemModules/Communication/SubsystemCommands/TRXVU_Commands.o
                0x2000bad8                CMD_DumpRamTLM
 .text.SendAckPacket
                0x2000bc58       0xfc ./src/SubSystemModules/Communication/AckHandler.o
                0x2000bc58                SendAckPacket
 .text.trxvu_command_router
                0x2000bd54      0x564 ./src/SubSystemModules/Communication/CommandDictionary.o
                0x2000bd54                trxvu_command_router
 .text.eps_command_router
                0x2000c2b8      0x10c ./src/SubSystemModules/Communication/CommandDictionary.o
                0x2000c2b8                eps_command_router
 .text.telemetry_command_router
                0x2000c3c4      0x23c ./src/SubSystemModules/Communication/CommandDictionary.o
                0x2000c3c4                telemetry_command_router
 .text.managment_command_router
                0x2000c600      0x144 ./src/SubSystemModules/Communication/CommandDictionary.o
                0x2000c600                managment_command_router
 .text.filesystem_command_router
                0x2000c744       0x24 ./src/SubSystemModules/Communication/CommandDictionary.o
                0x2000c744                filesystem_command_router
 .text.sha256_transform
                0x2000c768      0x4b8 ./src/SubSystemModules/Communication/HashSecuredCMD.o
                0x2000c768                sha256_transform
 .text.sha256_init
                0x2000cc20       0xb8 ./src/SubSystemModules/Communication/HashSecuredCMD.o
                0x2000cc20                sha256_init
 .text.sha256_update
                0x2000ccd8       0xc8 ./src/SubSystemModules/Communication/HashSecuredCMD.o
                0x2000ccd8                sha256_update
 .text.sha256_final
                0x2000cda0      0x470 ./src/SubSystemModules/Communication/HashSecuredCMD.o
                0x2000cda0                sha256_final
 .text.ParseDataToCommand
                0x2000d210      0x1ac ./src/SubSystemModules/Communication/SatCommandHandler.o
                0x2000d210                ParseDataToCommand
 .text.AssembleCommand
                0x2000d3bc      0x148 ./src/SubSystemModules/Communication/SatCommandHandler.o
                0x2000d3bc                AssembleCommand
 .text.GetDelayedCommand
                0x2000d504       0x24 ./src/SubSystemModules/Communication/SatCommandHandler.o
                0x2000d504                GetDelayedCommand
 .text.AddDelayedCommand
                0x2000d528       0x24 ./src/SubSystemModules/Communication/SatCommandHandler.o
                0x2000d528                AddDelayedCommand
 .text.GetDelayedCommandBufferCount
                0x2000d54c       0x50 ./src/SubSystemModules/Communication/SatCommandHandler.o
                0x2000d54c                GetDelayedCommandBufferCount
 .text.GetDelayedCommandByIndex
                0x2000d59c       0x28 ./src/SubSystemModules/Communication/SatCommandHandler.o
                0x2000d59c                GetDelayedCommandByIndex
 .text.DeleteDelayedCommandByIndex
                0x2000d5c4       0x24 ./src/SubSystemModules/Communication/SatCommandHandler.o
                0x2000d5c4                DeleteDelayedCommandByIndex
 .text.DeleteDelayedBuffer
                0x2000d5e8       0x1c ./src/SubSystemModules/Communication/SatCommandHandler.o
                0x2000d5e8                DeleteDelayedBuffer
 .text.ActUponCommand
                0x2000d604      0x108 ./src/SubSystemModules/Communication/SatCommandHandler.o
                0x2000d604                ActUponCommand
 .text.setMuteEndTime
                0x2000d70c       0x40 ./src/SubSystemModules/Communication/TRXVU.o
                0x2000d70c                setMuteEndTime
 .text.getMuteEndTime
                0x2000d74c       0x44 ./src/SubSystemModules/Communication/TRXVU.o
                0x2000d74c                getMuteEndTime
 .text.setTransponderEndTime
                0x2000d790       0x40 ./src/SubSystemModules/Communication/TRXVU.o
                0x2000d790                setTransponderEndTime
 .text.getTransponderEndTime
                0x2000d7d0       0x44 ./src/SubSystemModules/Communication/TRXVU.o
                0x2000d7d0                getTransponderEndTime
 .text.setTransponderRSSIinFRAM
                0x2000d814       0x44 ./src/SubSystemModules/Communication/TRXVU.o
                0x2000d814                setTransponderRSSIinFRAM
 .text.getTransponderRSSIFromFRAM
                0x2000d858       0x4c ./src/SubSystemModules/Communication/TRXVU.o
                0x2000d858                getTransponderRSSIFromFRAM
 .text.InitTxModule
                0x2000d8a4       0x68 ./src/SubSystemModules/Communication/TRXVU.o
                0x2000d8a4                InitTxModule
 .text.CMD_SetBeaconInterval
                0x2000d90c       0xdc ./src/SubSystemModules/Communication/TRXVU.o
                0x2000d90c                CMD_SetBeaconInterval
 .text.InitBeaconParams
                0x2000d9e8       0x3c ./src/SubSystemModules/Communication/TRXVU.o
                0x2000d9e8                InitBeaconParams
 .text.InitSemaphores
                0x2000da24       0x98 ./src/SubSystemModules/Communication/TRXVU.o
                0x2000da24                InitSemaphores
 .text.InitTrxvu
                0x2000dabc      0x108 ./src/SubSystemModules/Communication/TRXVU.o
                0x2000dabc                InitTrxvu
 .text.checkIdleFinish
                0x2000dbc4       0x68 ./src/SubSystemModules/Communication/TRXVU.o
                0x2000dbc4                checkIdleFinish
 .text.checkTransponderFinish
                0x2000dc2c       0x50 ./src/SubSystemModules/Communication/TRXVU.o
                0x2000dc2c                checkTransponderFinish
 .text.checkTransponderStart
                0x2000dc7c       0x50 ./src/SubSystemModules/Communication/TRXVU.o
                0x2000dc7c                checkTransponderStart
 .text.turnOnTransponder
                0x2000dccc       0xa0 ./src/SubSystemModules/Communication/TRXVU.o
                0x2000dccc                turnOnTransponder
 .text.turnOffTransponder
                0x2000dd6c       0x90 ./src/SubSystemModules/Communication/TRXVU.o
                0x2000dd6c                turnOffTransponder
 .text.SetRSSITransponder
                0x2000ddfc       0x80 ./src/SubSystemModules/Communication/TRXVU.o
                0x2000ddfc                SetRSSITransponder
 .text.TRX_Logic
                0x2000de7c       0xe4 ./src/SubSystemModules/Communication/TRXVU.o
                0x2000de7c                TRX_Logic
 .text.GetNumberOfFramesInBuffer
                0x2000df60       0x94 ./src/SubSystemModules/Communication/TRXVU.o
                0x2000df60                GetNumberOfFramesInBuffer
 .text.GetOnlineCommand
                0x2000dff4      0x1a4 ./src/SubSystemModules/Communication/TRXVU.o
                0x2000dff4                GetOnlineCommand
 .text.CheckTransmitionAllowed
                0x2000e198       0xc0 ./src/SubSystemModules/Communication/TRXVU.o
                0x2000e198                CheckTransmitionAllowed
 .text.FinishDump
                0x2000e258       0xf0 ./src/SubSystemModules/Communication/TRXVU.o
                0x2000e258                FinishDump
 .text.SendDumpAbortRequest
                0x2000e348       0x6c ./src/SubSystemModules/Communication/TRXVU.o
                0x2000e348                SendDumpAbortRequest
 .text.CheckDumpAbort
                0x2000e3b4       0x6c ./src/SubSystemModules/Communication/TRXVU.o
                0x2000e3b4                CheckDumpAbort
 .text.BeaconLogic
                0x2000e420      0x1d0 ./src/SubSystemModules/Communication/TRXVU.o
                0x2000e420                BeaconLogic
 .text.SetIdleState
                0x2000e5f0      0x144 ./src/SubSystemModules/Communication/TRXVU.o
                0x2000e5f0                SetIdleState
 .text.muteTRXVU
                0x2000e734       0x74 ./src/SubSystemModules/Communication/TRXVU.o
                0x2000e734                muteTRXVU
 .text.UnMuteTRXVU
                0x2000e7a8       0x14 ./src/SubSystemModules/Communication/TRXVU.o
                0x2000e7a8                UnMuteTRXVU
 .text.TransmitDataAsSPL_Packet
                0x2000e7bc      0x12c ./src/SubSystemModules/Communication/TRXVU.o
                0x2000e7bc                TransmitDataAsSPL_Packet
 .text.Hash256  0x2000e8e8       0x7c ./src/SubSystemModules/Communication/TRXVU.o
                0x2000e8e8                Hash256
 .text.CMD_Hash256
                0x2000e964      0x238 ./src/SubSystemModules/Communication/TRXVU.o
                0x2000e964                CMD_Hash256
 .text.TransmitSplPacket
                0x2000eb9c      0x1cc ./src/SubSystemModules/Communication/TRXVU.o
                0x2000eb9c                TransmitSplPacket
 .text.ChangeTrxvuConfigValues
                0x2000ed68       0x1c ./src/SubSystemModules/Communication/TRXVU.o
                0x2000ed68                ChangeTrxvuConfigValues
 .text.isFirstActivation
                0x2000ed84       0x38 ./src/InitSystem.o
                0x2000ed84                isFirstActivation
 .text.WriteDefaultValuesToFRAM
                0x2000edbc      0x2b8 ./src/InitSystem.o
                0x2000edbc                WriteDefaultValuesToFRAM
 .text.StartFRAM
                0x2000f074       0x64 ./src/InitSystem.o
                0x2000f074                StartFRAM
 .text.StartI2C
                0x2000f0d8       0x38 ./src/InitSystem.o
                0x2000f0d8                StartI2C
 .text.StartSPI
                0x2000f110       0x34 ./src/InitSystem.o
                0x2000f110                StartSPI
 .text.StartTIME
                0x2000f144       0xbc ./src/InitSystem.o
                0x2000f144                StartTIME
 .text.DeploySystem
                0x2000f200      0x1b8 ./src/InitSystem.o
                0x2000f200                DeploySystem
 .text.InitSubsystems
                0x2000f3b8       0x64 ./src/InitSystem.o
                0x2000f3b8                InitSubsystems
 .text.CMD_getInfoImage
                0x2000f41c      0x158 ./src/TLM_management.o
                0x2000f41c                CMD_getInfoImage
 .text.CMD_getDataImage
                0x2000f574      0x218 ./src/TLM_management.o
                0x2000f574                CMD_getDataImage
 .text.delete_allTMFilesFromSD
                0x2000f78c       0x8c ./src/TLM_management.o
                0x2000f78c                delete_allTMFilesFromSD
 .text.deleteTLMFiles
                0x2000f818       0x94 ./src/TLM_management.o
                0x2000f818                deleteTLMFiles
 .text.deleteTLMFile
                0x2000f8ac       0xcc ./src/TLM_management.o
                0x2000f8ac                deleteTLMFile
 .text.deleteTLMbyMonth
                0x2000f978       0xac ./src/TLM_management.o
                0x2000f978                deleteTLMbyMonth
 .text.deleteDirectory
                0x2000fa24      0x158 ./src/TLM_management.o
                0x2000fa24                deleteDirectory
 .text.InitializeFS
                0x2000fb7c       0xec ./src/TLM_management.o
                0x2000fb7c                InitializeFS
 .text.calculateFileName
                0x2000fc68      0x130 ./src/TLM_management.o
                0x2000fc68                calculateFileName
 .text.getTlmTypeInfo
                0x2000fd98      0x264 ./src/TLM_management.o
                0x2000fd98                getTlmTypeInfo
 .text.write2File
                0x2000fffc      0x1dc ./src/TLM_management.o
                0x2000fffc                write2File
 .text.printTLM
                0x200101d8      0x310 ./src/TLM_management.o
                0x200101d8                printTLM
 .text.readTLMFile
                0x200104e8      0x328 ./src/TLM_management.o
                0x200104e8                readTLMFile
 .text.readTLMFiles
                0x20010810       0xdc ./src/TLM_management.o
                0x20010810                readTLMFiles
 .text.readTLMFileTimeRange
                0x200108ec      0x2f0 ./src/TLM_management.o
                0x200108ec                readTLMFileTimeRange
 .text.DeInitializeFS
                0x20010bdc       0x38 ./src/TLM_management.o
                0x20010bdc                DeInitializeFS
 .text.main     0x20010c14       0x98 ./src/main.o
                0x20010c14                main
 .text.timeU2time
                0x20010cac       0xbc ./src/utils.o
                0x20010cac                timeU2time
 .text.logError
                0x20010d68      0x148 ./src/utils.o
                0x20010d68                logError
 .text.clearPDCtransfers
                0x20010eb0       0xe8 C:/ISIS/workspace/ycube/GlobusSatProject/..//hal/hal/lib\libHALD.a(SPI.o)
 .text.SPI_start
                0x20010f98      0x4b0 C:/ISIS/workspace/ycube/GlobusSatProject/..//hal/hal/lib\libHALD.a(SPI.o)
                0x20010f98                SPI_start
 .text.SPI_stop
                0x20011448      0x244 C:/ISIS/workspace/ycube/GlobusSatProject/..//hal/hal/lib\libHALD.a(SPI.o)
                0x20011448                SPI_stop
 .text.SPI_queueTransfer
                0x2001168c      0x1cc C:/ISIS/workspace/ycube/GlobusSatProject/..//hal/hal/lib\libHALD.a(SPI.o)
                0x2001168c                SPI_queueTransfer
 .text.SPI_internalCallback
                0x20011858       0x64 C:/ISIS/workspace/ycube/GlobusSatProject/..//hal/hal/lib\libHALD.a(SPI.o)
 .text.SPI_writeRead
                0x200118bc      0x1c0 C:/ISIS/workspace/ycube/GlobusSatProject/..//hal/hal/lib\libHALD.a(SPI.o)
                0x200118bc                SPI_writeRead
 .text.waitForTransfer
                0x20011a7c       0x78 C:/ISIS/workspace/ycube/GlobusSatProject/..//hal/hal/lib\libHALD.a(SPI.o)
 .text.SPI_getDriverState
                0x20011af4       0x58 C:/ISIS/workspace/ycube/GlobusSatProject/..//hal/hal/lib\libHALD.a(SPI.o)
                0x20011af4                SPI_getDriverState
 .text.validateTransferParameters
                0x20011b4c      0x10c C:/ISIS/workspace/ycube/GlobusSatProject/..//hal/hal/lib\libHALD.a(I2C.o)
 .text.I2C_queueTransfer
                0x20011c58       0xfc C:/ISIS/workspace/ycube/GlobusSatProject/..//hal/hal/lib\libHALD.a(I2C.o)
                0x20011c58                I2C_queueTransfer
 .text.I2C_internalCallback
                0x20011d54       0x64 C:/ISIS/workspace/ycube/GlobusSatProject/..//hal/hal/lib\libHALD.a(I2C.o)
 .text.I2C_doBlockingTransfer
                0x20011db8      0x180 C:/ISIS/workspace/ycube/GlobusSatProject/..//hal/hal/lib\libHALD.a(I2C.o)
 .text.I2C_write
                0x20011f38      0x110 C:/ISIS/workspace/ycube/GlobusSatProject/..//hal/hal/lib\libHALD.a(I2C.o)
                0x20011f38                I2C_write
 .text.I2C_read
                0x20012048      0x110 C:/ISIS/workspace/ycube/GlobusSatProject/..//hal/hal/lib\libHALD.a(I2C.o)
                0x20012048                I2C_read
 .text.I2C_writeRead
                0x20012158      0x17c C:/ISIS/workspace/ycube/GlobusSatProject/..//hal/hal/lib\libHALD.a(I2C.o)
                0x20012158                I2C_writeRead
 .text.I2C_start
                0x200122d4      0x2e8 C:/ISIS/workspace/ycube/GlobusSatProject/..//hal/hal/lib\libHALD.a(I2C.o)
                0x200122d4                I2C_start
 .text.I2C_stop
                0x200125bc      0x184 C:/ISIS/workspace/ycube/GlobusSatProject/..//hal/hal/lib\libHALD.a(I2C.o)
                0x200125bc                I2C_stop
 .text.I2C_setTransferTimeout
                0x20012740       0x48 C:/ISIS/workspace/ycube/GlobusSatProject/..//hal/hal/lib\libHALD.a(I2C.o)
                0x20012740                I2C_setTransferTimeout
 .text.ADC_ConvertRaw10bitToMillivolt
                0x20012788       0x50 C:/ISIS/workspace/ycube/GlobusSatProject/..//hal/hal/lib\libHALD.a(ADC.o)
                0x20012788                ADC_ConvertRaw10bitToMillivolt
 .text.ADC_SingleShot
                0x200127d8      0x230 C:/ISIS/workspace/ycube/GlobusSatProject/..//hal/hal/lib\libHALD.a(ADC.o)
                0x200127d8                ADC_SingleShot
 .text.FRAM_start
                0x20012a08      0x120 C:/ISIS/workspace/ycube/GlobusSatProject/..//hal/hal/lib\libHALD.a(FRAM.o)
                0x20012a08                FRAM_start
 .text.FRAM_stop
                0x20012b28       0x6c C:/ISIS/workspace/ycube/GlobusSatProject/..//hal/hal/lib\libHALD.a(FRAM.o)
                0x20012b28                FRAM_stop
 .text.FRAM_dummyCallback
                0x20012b94       0x24 C:/ISIS/workspace/ycube/GlobusSatProject/..//hal/hal/lib\libHALD.a(FRAM.o)
                0x20012b94                FRAM_dummyCallback
 .text.FRAM_unlockingCallback
                0x20012bb8       0x64 C:/ISIS/workspace/ycube/GlobusSatProject/..//hal/hal/lib\libHALD.a(FRAM.o)
                0x20012bb8                FRAM_unlockingCallback
 .text.doBlockingTransfer
                0x20012c1c       0x78 C:/ISIS/workspace/ycube/GlobusSatProject/..//hal/hal/lib\libHALD.a(FRAM.o)
 .text.FRAM_writePacket
                0x20012c94      0x134 C:/ISIS/workspace/ycube/GlobusSatProject/..//hal/hal/lib\libHALD.a(FRAM.o)
 .text.FRAM_write
                0x20012dc8      0x1e0 C:/ISIS/workspace/ycube/GlobusSatProject/..//hal/hal/lib\libHALD.a(FRAM.o)
                0x20012dc8                FRAM_write
 .text.FRAM_readPacket
                0x20012fa8       0xf0 C:/ISIS/workspace/ycube/GlobusSatProject/..//hal/hal/lib\libHALD.a(FRAM.o)
 .text.FRAM_read
                0x20013098      0x1ec C:/ISIS/workspace/ycube/GlobusSatProject/..//hal/hal/lib\libHALD.a(FRAM.o)
                0x20013098                FRAM_read
 .text.Time_start
                0x20013284      0x170 C:/ISIS/workspace/ycube/GlobusSatProject/..//hal/hal/lib\libHALD.a(Time.o)
                0x20013284                Time_start
 .text.taskTimeSync
                0x200133f4       0x64 C:/ISIS/workspace/ycube/GlobusSatProject/..//hal/hal/lib\libHALD.a(Time.o)
 .text.Time_convertEpochToTime
                0x20013458      0x100 C:/ISIS/workspace/ycube/GlobusSatProject/..//hal/hal/lib\libHALD.a(Time.o)
                0x20013458                Time_convertEpochToTime
 .text.Time_calculateSecondsOfYear
                0x20013558       0xd8 C:/ISIS/workspace/ycube/GlobusSatProject/..//hal/hal/lib\libHALD.a(Time.o)
 .text.Time_set
                0x20013630       0xd8 C:/ISIS/workspace/ycube/GlobusSatProject/..//hal/hal/lib\libHALD.a(Time.o)
                0x20013630                Time_set
 .text.Time_isLeapYear
                0x20013708       0x98 C:/ISIS/workspace/ycube/GlobusSatProject/..//hal/hal/lib\libHALD.a(Time.o)
                0x20013708                Time_isLeapYear
 .text.Time_get
                0x200137a0      0x478 C:/ISIS/workspace/ycube/GlobusSatProject/..//hal/hal/lib\libHALD.a(Time.o)
                0x200137a0                Time_get
 .text.Time_getUnixEpoch
                0x20013c18      0x108 C:/ISIS/workspace/ycube/GlobusSatProject/..//hal/hal/lib\libHALD.a(Time.o)
                0x20013c18                Time_getUnixEpoch
 .text.Time_secondsOfYearToTime
                0x20013d20      0x33c C:/ISIS/workspace/ycube/GlobusSatProject/..//hal/hal/lib\libHALD.a(Time.o)
 .text.Time_setUnixEpoch
                0x2001405c       0x54 C:/ISIS/workspace/ycube/GlobusSatProject/..//hal/hal/lib\libHALD.a(Time.o)
                0x2001405c                Time_setUnixEpoch
 .text.Time_getUptimeSeconds
                0x200140b0       0x28 C:/ISIS/workspace/ycube/GlobusSatProject/..//hal/hal/lib\libHALD.a(Time.o)
                0x200140b0                Time_getUptimeSeconds
 .text.Time_sync
                0x200140d8      0x1a8 C:/ISIS/workspace/ycube/GlobusSatProject/..//hal/hal/lib\libHALD.a(Time.o)
                0x200140d8                Time_sync
 .text.Time_syncIfNeeded
                0x20014280       0xac C:/ISIS/workspace/ycube/GlobusSatProject/..//hal/hal/lib\libHALD.a(Time.o)
                0x20014280                Time_syncIfNeeded
 .text.WDT_start
                0x2001432c       0x48 C:/ISIS/workspace/ycube/GlobusSatProject/..//hal/hal/lib\libHALD.a(WatchDogTimerNoOS.o)
                0x2001432c                WDT_start
 .text.RTT_start
                0x20014374       0x24 C:/ISIS/workspace/ycube/GlobusSatProject/..//hal/hal/lib\libHALD.a(RTT.o)
                0x20014374                RTT_start
 .text.RTT_GetTime
                0x20014398       0x24 C:/ISIS/workspace/ycube/GlobusSatProject/..//hal/hal/lib\libHALD.a(RTT.o)
                0x20014398                RTT_GetTime
 .text.RTC_start
                0x200143bc       0x3c C:/ISIS/workspace/ycube/GlobusSatProject/..//hal/hal/lib\libHALD.a(RTC.o)
                0x200143bc                RTC_start
 .text.RTC_setTime
                0x200143f8      0x2a4 C:/ISIS/workspace/ycube/GlobusSatProject/..//hal/hal/lib\libHALD.a(RTC.o)
                0x200143f8                RTC_setTime
 .text.RTC_getTime
                0x2001469c      0x230 C:/ISIS/workspace/ycube/GlobusSatProject/..//hal/hal/lib\libHALD.a(RTC.o)
                0x2001469c                RTC_getTime
 .text.RTC_checkTimeValid
                0x200148cc       0xd8 C:/ISIS/workspace/ycube/GlobusSatProject/..//hal/hal/lib\libHALD.a(RTC.o)
                0x200148cc                RTC_checkTimeValid
 .text.WDT_startWatchdogKickTask
                0x200149a4       0xb4 C:/ISIS/workspace/ycube/GlobusSatProject/..//hal/hal/lib\libHALD.a(WatchDogTimerOS.o)
                0x200149a4                WDT_startWatchdogKickTask
 .text.WDT_forceKickEveryNms
                0x20014a58       0x50 C:/ISIS/workspace/ycube/GlobusSatProject/..//hal/hal/lib\libHALD.a(WatchDogTimerOS.o)
                0x20014a58                WDT_forceKickEveryNms
 .text.f_puts   0x20014aa8       0x80 C:/ISIS/workspace/ycube/GlobusSatProject/..//hal/hal/lib\libHALD.a(fprintf.o)
                0x20014aa8                f_puts
 .text.UTIL_DbguGetInteger
                0x20014b28      0x168 C:/ISIS/workspace/ycube/GlobusSatProject/..//hal/hal/lib\libHALD.a(util.o)
                0x20014b28                UTIL_DbguGetInteger
 .text.UTIL_DbguGetIntegerMinMax
                0x20014c90       0xa4 C:/ISIS/workspace/ycube/GlobusSatProject/..//hal/hal/lib\libHALD.a(util.o)
                0x20014c90                UTIL_DbguGetIntegerMinMax
 .text.LED_glow
                0x20014d34       0x58 C:/ISIS/workspace/ycube/GlobusSatProject/..//hal/hal/lib\libHALD.a(LED.o)
                0x20014d34                LED_glow
 .text.LED_dark
                0x20014d8c       0x58 C:/ISIS/workspace/ycube/GlobusSatProject/..//hal/hal/lib\libHALD.a(LED.o)
                0x20014d8c                LED_dark
 .text.LED_toggle
                0x20014de4       0x50 C:/ISIS/workspace/ycube/GlobusSatProject/..//hal/hal/lib\libHALD.a(LED.o)
                0x20014de4                LED_toggle
 .text.fm_initvolume
                0x20014e34       0x70 C:/ISIS/workspace/ycube/GlobusSatProject/..//hal/hcc/lib\libHCCD.a(fat_m.o)
                0x20014e34                fm_initvolume
 .text.fm_delvolume
                0x20014ea4       0x60 C:/ISIS/workspace/ycube/GlobusSatProject/..//hal/hcc/lib\libHCCD.a(fat_m.o)
                0x20014ea4                fm_delvolume
 .text.fm_format
                0x20014f04       0x68 C:/ISIS/workspace/ycube/GlobusSatProject/..//hal/hcc/lib\libHCCD.a(fat_m.o)
                0x20014f04                fm_format
 .text.fm_getdrive
                0x20014f6c       0x70 C:/ISIS/workspace/ycube/GlobusSatProject/..//hal/hcc/lib\libHCCD.a(fat_m.o)
                0x20014f6c                fm_getdrive
 .text.fm_getfreespace
                0x20014fdc       0x68 C:/ISIS/workspace/ycube/GlobusSatProject/..//hal/hcc/lib\libHCCD.a(fat_m.o)
                0x20014fdc                fm_getfreespace
 .text.fm_mkdir
                0x20015044       0x60 C:/ISIS/workspace/ycube/GlobusSatProject/..//hal/hcc/lib\libHCCD.a(fat_m.o)
                0x20015044                fm_mkdir
 .text.fm_rmdir
                0x200150a4       0x60 C:/ISIS/workspace/ycube/GlobusSatProject/..//hal/hcc/lib\libHCCD.a(fat_m.o)
                0x200150a4                fm_rmdir
 .text.fm_findfirst
                0x20015104       0x68 C:/ISIS/workspace/ycube/GlobusSatProject/..//hal/hcc/lib\libHCCD.a(fat_m.o)
                0x20015104                fm_findfirst
 .text.fm_findnext
                0x2001516c       0x60 C:/ISIS/workspace/ycube/GlobusSatProject/..//hal/hcc/lib\libHCCD.a(fat_m.o)
                0x2001516c                fm_findnext
 .text.fm_close
                0x200151cc       0x60 C:/ISIS/workspace/ycube/GlobusSatProject/..//hal/hcc/lib\libHCCD.a(fat_m.o)
                0x200151cc                fm_close
 .text.fm_flush
                0x2001522c       0x60 C:/ISIS/workspace/ycube/GlobusSatProject/..//hal/hcc/lib\libHCCD.a(fat_m.o)
                0x2001522c                fm_flush
 .text.fm_open  0x2001528c       0x68 C:/ISIS/workspace/ycube/GlobusSatProject/..//hal/hcc/lib\libHCCD.a(fat_m.o)
                0x2001528c                fm_open
 .text.fm_read  0x200152f4       0x7c C:/ISIS/workspace/ycube/GlobusSatProject/..//hal/hcc/lib\libHCCD.a(fat_m.o)
                0x200152f4                fm_read
 .text.fm_write
                0x20015370       0x7c C:/ISIS/workspace/ycube/GlobusSatProject/..//hal/hcc/lib\libHCCD.a(fat_m.o)
                0x20015370                fm_write
 .text.fm_seek  0x200153ec       0x70 C:/ISIS/workspace/ycube/GlobusSatProject/..//hal/hcc/lib\libHCCD.a(fat_m.o)
                0x200153ec                fm_seek
 .text.fm_tell  0x2001545c       0x60 C:/ISIS/workspace/ycube/GlobusSatProject/..//hal/hcc/lib\libHCCD.a(fat_m.o)
                0x2001545c                fm_tell
 .text.fm_putc  0x200154bc       0x68 C:/ISIS/workspace/ycube/GlobusSatProject/..//hal/hcc/lib\libHCCD.a(fat_m.o)
                0x200154bc                fm_putc
 .text.fm_rewind
                0x20015524       0x60 C:/ISIS/workspace/ycube/GlobusSatProject/..//hal/hcc/lib\libHCCD.a(fat_m.o)
                0x20015524                fm_rewind
 .text.fm_delete
                0x20015584       0x64 C:/ISIS/workspace/ycube/GlobusSatProject/..//hal/hcc/lib\libHCCD.a(fat_m.o)
                0x20015584                fm_delete
 .text.fm_getlasterror
                0x200155e8       0x40 C:/ISIS/workspace/ycube/GlobusSatProject/..//hal/hcc/lib\libHCCD.a(fat_m.o)
                0x200155e8                fm_getlasterror
 .text._f_invalidatedir
                0x20015628       0x28 C:/ISIS/workspace/ycube/GlobusSatProject/..//hal/hcc/lib\libHCCD.a(fat.o)
                0x20015628                _f_invalidatedir
 .text._f_getdirsector
                0x20015650       0x88 C:/ISIS/workspace/ycube/GlobusSatProject/..//hal/hcc/lib\libHCCD.a(fat.o)
                0x20015650                _f_getdirsector
 .text._f_writedirsector
                0x200156d8       0x74 C:/ISIS/workspace/ycube/GlobusSatProject/..//hal/hcc/lib\libHCCD.a(fat.o)
                0x200156d8                _f_writedirsector
 .text._f_checknameinv
                0x2001574c      0x180 C:/ISIS/workspace/ycube/GlobusSatProject/..//hal/hcc/lib\libHCCD.a(fat.o)
 .text._f_checkname
                0x200158cc       0x7c C:/ISIS/workspace/ycube/GlobusSatProject/..//hal/hcc/lib\libHCCD.a(fat.o)
 .text._f_checknamewc
                0x20015948       0xf8 C:/ISIS/workspace/ycube/GlobusSatProject/..//hal/hcc/lib\libHCCD.a(fat.o)
 .text._f_setnameext
                0x20015a40      0x300 C:/ISIS/workspace/ycube/GlobusSatProject/..//hal/hcc/lib\libHCCD.a(fat.o)
 .text._f_setfsname
                0x20015d40      0x584 C:/ISIS/workspace/ycube/GlobusSatProject/..//hal/hcc/lib\libHCCD.a(fat.o)
 .text._f_findfile
                0x200162c4      0x30c C:/ISIS/workspace/ycube/GlobusSatProject/..//hal/hcc/lib\libHCCD.a(fat.o)
 .text._f_cmp_wname
                0x200165d0      0x274 C:/ISIS/workspace/ycube/GlobusSatProject/..//hal/hcc/lib\libHCCD.a(fat.o)
 .text._f_to_string
                0x20016844      0x130 C:/ISIS/workspace/ycube/GlobusSatProject/..//hal/hcc/lib\libHCCD.a(fat.o)
 .text._f_findfilewc
                0x20016974      0x278 C:/ISIS/workspace/ycube/GlobusSatProject/..//hal/hcc/lib\libHCCD.a(fat.o)
 .text._f_getfilename
                0x20016bec      0x20c C:/ISIS/workspace/ycube/GlobusSatProject/..//hal/hcc/lib\libHCCD.a(fat.o)
 .text._f_findpath
                0x20016df8      0x35c C:/ISIS/workspace/ycube/GlobusSatProject/..//hal/hcc/lib\libHCCD.a(fat.o)
 .text.fn_getdcwd
                0x20017154      0x1e0 C:/ISIS/workspace/ycube/GlobusSatProject/..//hal/hcc/lib\libHCCD.a(fat.o)
                0x20017154                fn_getdcwd
 .text.fn_findfirst
                0x20017334      0x13c C:/ISIS/workspace/ycube/GlobusSatProject/..//hal/hcc/lib\libHCCD.a(fat.o)
                0x20017334                fn_findfirst
 .text.fn_findnext
                0x20017470      0x360 C:/ISIS/workspace/ycube/GlobusSatProject/..//hal/hcc/lib\libHCCD.a(fat.o)
                0x20017470                fn_findnext
 .text._f_lock_resfile
                0x200177d0       0x6c C:/ISIS/workspace/ycube/GlobusSatProject/..//hal/hcc/lib\libHCCD.a(fat.o)
 .text._f_unlock_resfile
                0x2001783c       0x40 C:/ISIS/workspace/ycube/GlobusSatProject/..//hal/hcc/lib\libHCCD.a(fat.o)
 .text._f_getintfile
                0x2001787c      0x124 C:/ISIS/workspace/ycube/GlobusSatProject/..//hal/hcc/lib\libHCCD.a(fat.o)
 .text._f_addentry
                0x200179a0      0x540 C:/ISIS/workspace/ycube/GlobusSatProject/..//hal/hcc/lib\libHCCD.a(fat.o)
 .text.fn_mkdir
                0x20017ee0      0x75c C:/ISIS/workspace/ycube/GlobusSatProject/..//hal/hcc/lib\libHCCD.a(fat.o)
                0x20017ee0                fn_mkdir
 .text.fn_open_sub
                0x2001863c     0x1698 C:/ISIS/workspace/ycube/GlobusSatProject/..//hal/hcc/lib\libHCCD.a(fat.o)
 .text.fn_open  0x20019cd4       0x44 C:/ISIS/workspace/ycube/GlobusSatProject/..//hal/hcc/lib\libHCCD.a(fat.o)
                0x20019cd4                fn_open
 .text.fn_delete
                0x20019d18      0x490 C:/ISIS/workspace/ycube/GlobusSatProject/..//hal/hcc/lib\libHCCD.a(fat.o)
                0x20019d18                fn_delete
 .text.fn_rmdir
                0x2001a1a8      0x5ac C:/ISIS/workspace/ycube/GlobusSatProject/..//hal/hcc/lib\libHCCD.a(fat.o)
                0x2001a1a8                fn_rmdir
 .text.fn_init  0x2001a754      0x2dc C:/ISIS/workspace/ycube/GlobusSatProject/..//hal/hcc/lib\libHCCD.a(fat_common.o)
                0x2001a754                fn_init
 .text.fn_start
                0x2001aa30       0x1c C:/ISIS/workspace/ycube/GlobusSatProject/..//hal/hcc/lib\libHCCD.a(fat_common.o)
                0x2001aa30                fn_start
 .text.fsn_delete
                0x2001aa4c       0xc8 C:/ISIS/workspace/ycube/GlobusSatProject/..//hal/hcc/lib\libHCCD.a(fat_common.o)
                0x2001aa4c                fsn_delete
 .text._f_get16bitl
                0x2001ab14       0x4c C:/ISIS/workspace/ycube/GlobusSatProject/..//hal/hcc/lib\libHCCD.a(fat_common.o)
                0x2001ab14                _f_get16bitl
 .text._f_set16bitl
                0x2001ab60       0x54 C:/ISIS/workspace/ycube/GlobusSatProject/..//hal/hcc/lib\libHCCD.a(fat_common.o)
                0x2001ab60                _f_set16bitl
 .text._f_get32bitl
                0x2001abb4       0x68 C:/ISIS/workspace/ycube/GlobusSatProject/..//hal/hcc/lib\libHCCD.a(fat_common.o)
                0x2001abb4                _f_get32bitl
 .text._f_set32bitl
                0x2001ac1c       0x78 C:/ISIS/workspace/ycube/GlobusSatProject/..//hal/hcc/lib\libHCCD.a(fat_common.o)
                0x2001ac1c                _f_set32bitl
 .text._get8bit
                0x2001ac94       0xa0 C:/ISIS/workspace/ycube/GlobusSatProject/..//hal/hcc/lib\libHCCD.a(fat_common.o)
 .text._get16bitl
                0x2001ad34       0x40 C:/ISIS/workspace/ycube/GlobusSatProject/..//hal/hcc/lib\libHCCD.a(fat_common.o)
 .text._get32bitl
                0x2001ad74       0x3c C:/ISIS/workspace/ycube/GlobusSatProject/..//hal/hcc/lib\libHCCD.a(fat_common.o)
 .text._set8bitzero
                0x2001adb0       0x6c C:/ISIS/workspace/ycube/GlobusSatProject/..//hal/hcc/lib\libHCCD.a(fat_common.o)
 .text._set8bit
                0x2001ae1c       0xa0 C:/ISIS/workspace/ycube/GlobusSatProject/..//hal/hcc/lib\libHCCD.a(fat_common.o)
 .text._set16bitl
                0x2001aebc       0x3c C:/ISIS/workspace/ycube/GlobusSatProject/..//hal/hcc/lib\libHCCD.a(fat_common.o)
 .text._set32bitl
                0x2001aef8       0x34 C:/ISIS/workspace/ycube/GlobusSatProject/..//hal/hcc/lib\libHCCD.a(fat_common.o)
 .text._f_setcardremoved
                0x2001af2c       0x94 C:/ISIS/workspace/ycube/GlobusSatProject/..//hal/hcc/lib\libHCCD.a(fat_common.o)
 .text._f_checkstatus
                0x2001afc0      0x104 C:/ISIS/workspace/ycube/GlobusSatProject/..//hal/hcc/lib\libHCCD.a(fat_common.o)
                0x2001afc0                _f_checkstatus
 .text._f_drvgetphy
                0x2001b0c4      0x114 C:/ISIS/workspace/ycube/GlobusSatProject/..//hal/hcc/lib\libHCCD.a(fat_common.o)
 .text._f_drvwritesector
                0x2001b1d8       0xdc C:/ISIS/workspace/ycube/GlobusSatProject/..//hal/hcc/lib\libHCCD.a(fat_common.o)
 .text._f_drvreadsector
                0x2001b2b4       0xa8 C:/ISIS/workspace/ycube/GlobusSatProject/..//hal/hcc/lib\libHCCD.a(fat_common.o)
 .text._f_writesector
                0x2001b35c      0x23c C:/ISIS/workspace/ycube/GlobusSatProject/..//hal/hcc/lib\libHCCD.a(fat_common.o)
                0x2001b35c                _f_writesector
 .text._f_readsector
                0x2001b598      0x1dc C:/ISIS/workspace/ycube/GlobusSatProject/..//hal/hcc/lib\libHCCD.a(fat_common.o)
                0x2001b598                _f_readsector
 .text._f_getmaxcluster
                0x2001b774       0x94 C:/ISIS/workspace/ycube/GlobusSatProject/..//hal/hcc/lib\libHCCD.a(fat_common.o)
                0x2001b774                _f_getmaxcluster
 .text._getsectorfromcluster
                0x2001b808       0x68 C:/ISIS/workspace/ycube/GlobusSatProject/..//hal/hcc/lib\libHCCD.a(fat_common.o)
 .text._f_buildsectors
                0x2001b870      0x268 C:/ISIS/workspace/ycube/GlobusSatProject/..//hal/hcc/lib\libHCCD.a(fat_common.o)
 .text._f_getbootrecord
                0x2001bad8      0x5e4 C:/ISIS/workspace/ycube/GlobusSatProject/..//hal/hcc/lib\libHCCD.a(fat_common.o)
 .text._f_readbootrecord
                0x2001c0bc      0x4f8 C:/ISIS/workspace/ycube/GlobusSatProject/..//hal/hcc/lib\libHCCD.a(fat_common.o)
 .text._f_writebootrecord
                0x2001c5b4      0x5e4 C:/ISIS/workspace/ycube/GlobusSatProject/..//hal/hcc/lib\libHCCD.a(fat_common.o)
 .text._f_flushcffiles
                0x2001cb98      0x17c C:/ISIS/workspace/ycube/GlobusSatProject/..//hal/hcc/lib\libHCCD.a(fat_common.o)
                0x2001cb98                _f_flushcffiles
 .text._f_fatcache_flush
                0x2001cd14      0x270 C:/ISIS/workspace/ycube/GlobusSatProject/..//hal/hcc/lib\libHCCD.a(fat_common.o)
                0x2001cd14                _f_fatcache_flush
 .text._f_writefatsector
                0x2001cf84      0x100 C:/ISIS/workspace/ycube/GlobusSatProject/..//hal/hcc/lib\libHCCD.a(fat_common.o)
                0x2001cf84                _f_writefatsector
 .text._f_getfatsector
                0x2001d084      0x3bc C:/ISIS/workspace/ycube/GlobusSatProject/..//hal/hcc/lib\libHCCD.a(fat_common.o)
 .text._f_setclustervalue
                0x2001d440      0x490 C:/ISIS/workspace/ycube/GlobusSatProject/..//hal/hcc/lib\libHCCD.a(fat_common.o)
                0x2001d440                _f_setclustervalue
 .text._f_getclustervalue
                0x2001d8d0      0x388 C:/ISIS/workspace/ycube/GlobusSatProject/..//hal/hcc/lib\libHCCD.a(fat_common.o)
                0x2001d8d0                _f_getclustervalue
 .text._f_close_drive_files
                0x2001dc58       0xac C:/ISIS/workspace/ycube/GlobusSatProject/..//hal/hcc/lib\libHCCD.a(fat_common.o)
 .text._f_inc_mount_count
                0x2001dd04       0xa4 C:/ISIS/workspace/ycube/GlobusSatProject/..//hal/hcc/lib\libHCCD.a(fat_common.o)
 .text._f_getvolume
                0x2001dda8      0x2f8 C:/ISIS/workspace/ycube/GlobusSatProject/..//hal/hcc/lib\libHCCD.a(fat_common.o)
                0x2001dda8                _f_getvolume
 .text.fn_createdriver
                0x2001e0a0      0x118 C:/ISIS/workspace/ycube/GlobusSatProject/..//hal/hcc/lib\libHCCD.a(fat_common.o)
                0x2001e0a0                fn_createdriver
 .text.fn_initvolume
                0x2001e1b8      0x12c C:/ISIS/workspace/ycube/GlobusSatProject/..//hal/hcc/lib\libHCCD.a(fat_common.o)
                0x2001e1b8                fn_initvolume
 .text.fn_releasedriver
                0x2001e2e4       0xf4 C:/ISIS/workspace/ycube/GlobusSatProject/..//hal/hcc/lib\libHCCD.a(fat_common.o)
                0x2001e2e4                fn_releasedriver
 .text.fn_initvolumepartition_sub
                0x2001e3d8       0xe0 C:/ISIS/workspace/ycube/GlobusSatProject/..//hal/hcc/lib\libHCCD.a(fat_common.o)
 .text.fn_initvolumepartition
                0x2001e4b8       0xac C:/ISIS/workspace/ycube/GlobusSatProject/..//hal/hcc/lib\libHCCD.a(fat_common.o)
                0x2001e4b8                fn_initvolumepartition
 .text.fn_delvolume
                0x2001e564      0x194 C:/ISIS/workspace/ycube/GlobusSatProject/..//hal/hcc/lib\libHCCD.a(fat_common.o)
                0x2001e564                fn_delvolume
 .text._f_clustertopos
                0x2001e6f8       0xf8 C:/ISIS/workspace/ycube/GlobusSatProject/..//hal/hcc/lib\libHCCD.a(fat_common.o)
                0x2001e6f8                _f_clustertopos
 .text._f_prepareformat
                0x2001e7f0      0x8b8 C:/ISIS/workspace/ycube/GlobusSatProject/..//hal/hcc/lib\libHCCD.a(fat_common.o)
 .text._f_resetfatentries
                0x2001f0a8      0x410 C:/ISIS/workspace/ycube/GlobusSatProject/..//hal/hcc/lib\libHCCD.a(fat_common.o)
 .text._f_resetrootdir
                0x2001f4b8       0xcc C:/ISIS/workspace/ycube/GlobusSatProject/..//hal/hcc/lib\libHCCD.a(fat_common.o)
 .text._f_postformat
                0x2001f584      0x178 C:/ISIS/workspace/ycube/GlobusSatProject/..//hal/hcc/lib\libHCCD.a(fat_common.o)
 .text.fn_format
                0x2001f6fc      0x148 C:/ISIS/workspace/ycube/GlobusSatProject/..//hal/hcc/lib\libHCCD.a(fat_common.o)
                0x2001f6fc                fn_format
 .text._f_getcurrsector
                0x2001f844      0x6c8 C:/ISIS/workspace/ycube/GlobusSatProject/..//hal/hcc/lib\libHCCD.a(fat_common.o)
                0x2001f844                _f_getcurrsector
 .text._f_getdecluster
                0x2001ff0c       0x90 C:/ISIS/workspace/ycube/GlobusSatProject/..//hal/hcc/lib\libHCCD.a(fat_common.o)
                0x2001ff0c                _f_getdecluster
 .text._f_setdecluster
                0x2001ff9c       0x8c C:/ISIS/workspace/ycube/GlobusSatProject/..//hal/hcc/lib\libHCCD.a(fat_common.o)
                0x2001ff9c                _f_setdecluster
 .text.fn_getdrive
                0x20020028       0x30 C:/ISIS/workspace/ycube/GlobusSatProject/..//hal/hcc/lib\libHCCD.a(fat_common.o)
                0x20020028                fn_getdrive
 .text._f_getcurrenttimedate
                0x20020058      0x138 C:/ISIS/workspace/ycube/GlobusSatProject/..//hal/hcc/lib\libHCCD.a(fat_common.o)
                0x20020058                _f_getcurrenttimedate
 .text._f_initentry
                0x20020190       0xa0 C:/ISIS/workspace/ycube/GlobusSatProject/..//hal/hcc/lib\libHCCD.a(fat_common.o)
                0x20020190                _f_initentry
 .text._f_alloccluster
                0x20020230      0x344 C:/ISIS/workspace/ycube/GlobusSatProject/..//hal/hcc/lib\libHCCD.a(fat_common.o)
                0x20020230                _f_alloccluster
 .text._f_dobadblock
                0x20020574      0x2cc C:/ISIS/workspace/ycube/GlobusSatProject/..//hal/hcc/lib\libHCCD.a(fat_common.o)
                0x20020574                _f_dobadblock
 .text._f_checklocked
                0x20020840       0xe4 C:/ISIS/workspace/ycube/GlobusSatProject/..//hal/hcc/lib\libHCCD.a(fat_common.o)
                0x20020840                _f_checklocked
 .text._f_checkappendlocked
                0x20020924      0x110 C:/ISIS/workspace/ycube/GlobusSatProject/..//hal/hcc/lib\libHCCD.a(fat_common.o)
                0x20020924                _f_checkappendlocked
 .text._f_setsyncafile
                0x20020a34      0x114 C:/ISIS/workspace/ycube/GlobusSatProject/..//hal/hcc/lib\libHCCD.a(fat_common.o)
                0x20020a34                _f_setsyncafile
 .text._f_syncfiles
                0x20020b48      0x128 C:/ISIS/workspace/ycube/GlobusSatProject/..//hal/hcc/lib\libHCCD.a(fat_common.o)
                0x20020b48                _f_syncfiles
 .text._f_syncfilescontent
                0x20020c70      0x15c C:/ISIS/workspace/ycube/GlobusSatProject/..//hal/hcc/lib\libHCCD.a(fat_common.o)
 .text.fn_getfreespace
                0x20020dcc      0x4c0 C:/ISIS/workspace/ycube/GlobusSatProject/..//hal/hcc/lib\libHCCD.a(fat_common.o)
                0x20020dcc                fn_getfreespace
 .text._f_emptywritecache
                0x2002128c      0x4a4 C:/ISIS/workspace/ycube/GlobusSatProject/..//hal/hcc/lib\libHCCD.a(fat_common.o)
 .text._f_allocnextcluster
                0x20021730      0x54c C:/ISIS/workspace/ycube/GlobusSatProject/..//hal/hcc/lib\libHCCD.a(fat_common.o)
 .text._f_emptywritebuffer
                0x20021c7c      0x20c C:/ISIS/workspace/ycube/GlobusSatProject/..//hal/hcc/lib\libHCCD.a(fat_common.o)
 .text._f_writezeros
                0x20021e88       0xf0 C:/ISIS/workspace/ycube/GlobusSatProject/..//hal/hcc/lib\libHCCD.a(fat_common.o)
                0x20021e88                _f_writezeros
 .text._f_extend_file
                0x20021f78      0x570 C:/ISIS/workspace/ycube/GlobusSatProject/..//hal/hcc/lib\libHCCD.a(fat_common.o)
 .text._f_fseek
                0x200224e8      0x9bc C:/ISIS/workspace/ycube/GlobusSatProject/..//hal/hcc/lib\libHCCD.a(fat_common.o)
                0x200224e8                _f_fseek
 .text._f_removechain
                0x20022ea4      0x104 C:/ISIS/workspace/ycube/GlobusSatProject/..//hal/hcc/lib\libHCCD.a(fat_common.o)
                0x20022ea4                _f_removechain
 .text._f_updatefileentry
                0x20022fa8      0x1cc C:/ISIS/workspace/ycube/GlobusSatProject/..//hal/hcc/lib\libHCCD.a(fat_common.o)
 .text._f_checkreadlocked
                0x20023174      0x1bc C:/ISIS/workspace/ycube/GlobusSatProject/..//hal/hcc/lib\libHCCD.a(fat_common.o)
                0x20023174                _f_checkreadlocked
 .text._f_check_handle
                0x20023330       0x98 C:/ISIS/workspace/ycube/GlobusSatProject/..//hal/hcc/lib\libHCCD.a(fat_common.o)
                0x20023330                _f_check_handle
 .text._f_removesyncafile
                0x200233c8      0x1ec C:/ISIS/workspace/ycube/GlobusSatProject/..//hal/hcc/lib\libHCCD.a(fat_common.o)
 .text.fn_close
                0x200235b4      0x3f8 C:/ISIS/workspace/ycube/GlobusSatProject/..//hal/hcc/lib\libHCCD.a(fat_common.o)
                0x200235b4                fn_close
 .text.fn_flush
                0x200239ac      0x374 C:/ISIS/workspace/ycube/GlobusSatProject/..//hal/hcc/lib\libHCCD.a(fat_common.o)
                0x200239ac                fn_flush
 .text.fn_read  0x20023d20      0x690 C:/ISIS/workspace/ycube/GlobusSatProject/..//hal/hcc/lib\libHCCD.a(fat_common.o)
                0x20023d20                fn_read
 .text._f_abortwrite
                0x200243b0      0x100 C:/ISIS/workspace/ycube/GlobusSatProject/..//hal/hcc/lib\libHCCD.a(fat_common.o)
 .text._f_checkwritecluster
                0x200244b0       0xe4 C:/ISIS/workspace/ycube/GlobusSatProject/..//hal/hcc/lib\libHCCD.a(fat_common.o)
 .text.fn_write
                0x20024594      0x8a8 C:/ISIS/workspace/ycube/GlobusSatProject/..//hal/hcc/lib\libHCCD.a(fat_common.o)
                0x20024594                fn_write
 .text.fn_seek  0x20024e3c      0x270 C:/ISIS/workspace/ycube/GlobusSatProject/..//hal/hcc/lib\libHCCD.a(fat_common.o)
                0x20024e3c                fn_seek
 .text.fn_tell  0x200250ac      0x19c C:/ISIS/workspace/ycube/GlobusSatProject/..//hal/hcc/lib\libHCCD.a(fat_common.o)
                0x200250ac                fn_tell
 .text.fn_rewind
                0x20025248       0x38 C:/ISIS/workspace/ycube/GlobusSatProject/..//hal/hcc/lib\libHCCD.a(fat_common.o)
                0x20025248                fn_rewind
 .text.fn_putc  0x20025280       0x68 C:/ISIS/workspace/ycube/GlobusSatProject/..//hal/hcc/lib\libHCCD.a(fat_common.o)
                0x20025280                fn_putc
 .text.f_enterFS
                0x200252e8      0x1c0 C:/ISIS/workspace/ycube/GlobusSatProject/..//hal/hcc/lib\libHCCD.a(fat_common.o)
                0x200252e8                f_enterFS
 .text.f_releaseFS
                0x200254a8       0xb0 C:/ISIS/workspace/ycube/GlobusSatProject/..//hal/hcc/lib\libHCCD.a(fat_common.o)
                0x200254a8                f_releaseFS
 .text.fnGetTask
                0x20025558       0xfc C:/ISIS/workspace/ycube/GlobusSatProject/..//hal/hcc/lib\libHCCD.a(fat_common.o)
                0x20025558                fnGetTask
 .text._f_mutex_get
                0x20025654       0x98 C:/ISIS/workspace/ycube/GlobusSatProject/..//hal/hcc/lib\libHCCD.a(fat_common.o)
                0x20025654                _f_mutex_get
 .text._f_mutex_put
                0x200256ec       0x54 C:/ISIS/workspace/ycube/GlobusSatProject/..//hal/hcc/lib\libHCCD.a(fat_common.o)
                0x200256ec                _f_mutex_put
 .text._fn_initseekdivisor
                0x20025740      0x158 C:/ISIS/workspace/ycube/GlobusSatProject/..//hal/hcc/lib\libHCCD.a(fat_common.o)
                0x20025740                _fn_initseekdivisor
 .text._fn_updateseekpos
                0x20025898       0xc4 C:/ISIS/workspace/ycube/GlobusSatProject/..//hal/hcc/lib\libHCCD.a(fat_common.o)
 .text._f_findopensize
                0x2002595c       0x2c C:/ISIS/workspace/ycube/GlobusSatProject/..//hal/hcc/lib\libHCCD.a(fat_common.o)
                0x2002595c                _f_findopensize
 .text.fn_setlasterror
                0x20025988       0x34 C:/ISIS/workspace/ycube/GlobusSatProject/..//hal/hcc/lib\libHCCD.a(fat_common.o)
                0x20025988                fn_setlasterror
 .text.fn_setlasterror_noret
                0x200259bc       0x2c C:/ISIS/workspace/ycube/GlobusSatProject/..//hal/hcc/lib\libHCCD.a(fat_common.o)
                0x200259bc                fn_setlasterror_noret
 .text._s_checkzeroclusteratend
                0x200259e8       0xf8 C:/ISIS/workspace/ycube/GlobusSatProject/..//hal/hcc/lib\libHCCD.a(safefat.o)
 .text._s_clearclustercontent
                0x20025ae0      0x108 C:/ISIS/workspace/ycube/GlobusSatProject/..//hal/hcc/lib\libHCCD.a(safefat.o)
 .text._s_clearclustercontentdir
                0x20025be8      0x19c C:/ISIS/workspace/ycube/GlobusSatProject/..//hal/hcc/lib\libHCCD.a(safefat.o)
 .text._s_writedirsector
                0x20025d84       0xd0 C:/ISIS/workspace/ycube/GlobusSatProject/..//hal/hcc/lib\libHCCD.a(safefat.o)
 .text._s_getdirsector
                0x20025e54      0x100 C:/ISIS/workspace/ycube/GlobusSatProject/..//hal/hcc/lib\libHCCD.a(safefat.o)
 .text._s_addentry
                0x20025f54      0x394 C:/ISIS/workspace/ycube/GlobusSatProject/..//hal/hcc/lib\libHCCD.a(safefat.o)
 .text._s_findfile
                0x200262e8      0x33c C:/ISIS/workspace/ycube/GlobusSatProject/..//hal/hcc/lib\libHCCD.a(safefat.o)
 .text._s_findsubdir
                0x20026624      0x248 C:/ISIS/workspace/ycube/GlobusSatProject/..//hal/hcc/lib\libHCCD.a(safefat.o)
 .text._s_createfile
                0x2002686c      0x190 C:/ISIS/workspace/ycube/GlobusSatProject/..//hal/hcc/lib\libHCCD.a(safefat.o)
 .text._s_findsaffile
                0x200269fc      0x1b8 C:/ISIS/workspace/ycube/GlobusSatProject/..//hal/hcc/lib\libHCCD.a(safefat.o)
 .text._s_open  0x20026bb4       0xe4 C:/ISIS/workspace/ycube/GlobusSatProject/..//hal/hcc/lib\libHCCD.a(safefat.o)
 .text._s_open_saf
                0x20026c98       0xe8 C:/ISIS/workspace/ycube/GlobusSatProject/..//hal/hcc/lib\libHCCD.a(safefat.o)
 .text._s_flush
                0x20026d80       0x84 C:/ISIS/workspace/ycube/GlobusSatProject/..//hal/hcc/lib\libHCCD.a(safefat.o)
 .text._s_allocnextcluster
                0x20026e04      0x13c C:/ISIS/workspace/ycube/GlobusSatProject/..//hal/hcc/lib\libHCCD.a(safefat.o)
 .text._s_getnextsector
                0x20026f40       0xdc C:/ISIS/workspace/ycube/GlobusSatProject/..//hal/hcc/lib\libHCCD.a(safefat.o)
 .text._s_seek  0x2002701c      0x1e8 C:/ISIS/workspace/ycube/GlobusSatProject/..//hal/hcc/lib\libHCCD.a(safefat.o)
 .text._s_get_len
                0x20027204      0x10c C:/ISIS/workspace/ycube/GlobusSatProject/..//hal/hcc/lib\libHCCD.a(safefat.o)
 .text._s_set_len
                0x20027310       0xb4 C:/ISIS/workspace/ycube/GlobusSatProject/..//hal/hcc/lib\libHCCD.a(safefat.o)
 .text.safe_fix_filelengths
                0x200273c4       0xcc C:/ISIS/workspace/ycube/GlobusSatProject/..//hal/hcc/lib\libHCCD.a(safefat.o)
                0x200273c4                safe_fix_filelengths
 .text._s_read  0x20027490      0x228 C:/ISIS/workspace/ycube/GlobusSatProject/..//hal/hcc/lib\libHCCD.a(safefat.o)
 .text._s_write
                0x200276b8      0x384 C:/ISIS/workspace/ycube/GlobusSatProject/..//hal/hcc/lib\libHCCD.a(safefat.o)
 .text._s_restoreclusters
                0x20027a3c      0x270 C:/ISIS/workspace/ycube/GlobusSatProject/..//hal/hcc/lib\libHCCD.a(safefat.o)
                0x20027a3c                _s_restoreclusters
 .text._s_findrestore
                0x20027cac      0x18c C:/ISIS/workspace/ycube/GlobusSatProject/..//hal/hcc/lib\libHCCD.a(safefat.o)
 .text._s_cmd_writede
                0x20027e38       0xd8 C:/ISIS/workspace/ycube/GlobusSatProject/..//hal/hcc/lib\libHCCD.a(safefat.o)
 .text._s_cmd_setcluster
                0x20027f10       0x88 C:/ISIS/workspace/ycube/GlobusSatProject/..//hal/hcc/lib\libHCCD.a(safefat.o)
 .text._s_cmd_deletechain
                0x20027f98      0x100 C:/ISIS/workspace/ycube/GlobusSatProject/..//hal/hcc/lib\libHCCD.a(safefat.o)
 .text._s_cmd_validatecfn
                0x20028098      0x308 C:/ISIS/workspace/ycube/GlobusSatProject/..//hal/hcc/lib\libHCCD.a(safefat.o)
 .text._s_cmd_seteof
                0x200283a0      0x3c4 C:/ISIS/workspace/ycube/GlobusSatProject/..//hal/hcc/lib\libHCCD.a(safefat.o)
 .text.safe_docommands
                0x20028764      0x56c C:/ISIS/workspace/ycube/GlobusSatProject/..//hal/hcc/lib\libHCCD.a(safefat.o)
                0x20028764                safe_docommands
 .text.safe_entercommand
                0x20028cd0       0x68 C:/ISIS/workspace/ycube/GlobusSatProject/..//hal/hcc/lib\libHCCD.a(safefat.o)
                0x20028cd0                safe_entercommand
 .text.safe_ready
                0x20028d38       0xf4 C:/ISIS/workspace/ycube/GlobusSatProject/..//hal/hcc/lib\libHCCD.a(safefat.o)
                0x20028d38                safe_ready
 .text.safe_copycfn
                0x20028e2c       0xb8 C:/ISIS/workspace/ycube/GlobusSatProject/..//hal/hcc/lib\libHCCD.a(safefat.o)
                0x20028e2c                safe_copycfn
 .text.safe_cfremove
                0x20028ee4       0xb8 C:/ISIS/workspace/ycube/GlobusSatProject/..//hal/hcc/lib\libHCCD.a(safefat.o)
                0x20028ee4                safe_cfremove
 .text.safe_writede
                0x20028f9c      0x104 C:/ISIS/workspace/ycube/GlobusSatProject/..//hal/hcc/lib\libHCCD.a(safefat.o)
                0x20028f9c                safe_writede
 .text.safe_setcluster
                0x200290a0       0xcc C:/ISIS/workspace/ycube/GlobusSatProject/..//hal/hcc/lib\libHCCD.a(safefat.o)
                0x200290a0                safe_setcluster
 .text.safe_deletechain
                0x2002916c      0x1c8 C:/ISIS/workspace/ycube/GlobusSatProject/..//hal/hcc/lib\libHCCD.a(safefat.o)
                0x2002916c                safe_deletechain
 .text.safe_cfclose
                0x20029334      0x104 C:/ISIS/workspace/ycube/GlobusSatProject/..//hal/hcc/lib\libHCCD.a(safefat.o)
                0x20029334                safe_cfclose
 .text.safe_cfflush
                0x20029438      0x124 C:/ISIS/workspace/ycube/GlobusSatProject/..//hal/hcc/lib\libHCCD.a(safefat.o)
                0x20029438                safe_cfflush
 .text.safe_reset
                0x2002955c       0x78 C:/ISIS/workspace/ycube/GlobusSatProject/..//hal/hcc/lib\libHCCD.a(safefat.o)
                0x2002955c                safe_reset
 .text.safe_loadcommands
                0x200295d4       0x78 C:/ISIS/workspace/ycube/GlobusSatProject/..//hal/hcc/lib\libHCCD.a(safefat.o)
                0x200295d4                safe_loadcommands
 .text.safe_poweron
                0x2002964c      0x1fc C:/ISIS/workspace/ycube/GlobusSatProject/..//hal/hcc/lib\libHCCD.a(safefat.o)
                0x2002964c                safe_poweron
 .text.cf_getname
                0x20029848       0xc0 C:/ISIS/workspace/ycube/GlobusSatProject/..//hal/hcc/lib\libHCCD.a(safefat.o)
 .text.cf_copyclusterchain
                0x20029908      0x138 C:/ISIS/workspace/ycube/GlobusSatProject/..//hal/hcc/lib\libHCCD.a(safefat.o)
 .text.cf_seektozero