Archive member included because of file (symbol)

C:/ISIS/workspace_ycube/GlobusSatProject/..//hal/hal/lib\libHALD.a(I2C.o)
                              ./src/SubSystemModules/Communication/SubsystemCommands/Maintanence_Commands.o (I2C_write)
C:/ISIS/workspace_ycube/GlobusSatProject/..//hal/hal/lib\libHALD.a(SPI.o)
                              ./src/InitSystem.o (SPI_start)
C:/ISIS/workspace_ycube/GlobusSatProject/..//hal/hal/lib\libHALD.a(FRAM.o)
                              ./src/SubSystemModules/Communication/SubsystemCommands/Maintanence_Commands.o (FRAM_start)
C:/ISIS/workspace_ycube/GlobusSatProject/..//hal/hal/lib\libHALD.a(Time.o)
                              ./src/InitSystem.o (Time_start)
C:/ISIS/workspace_ycube/GlobusSatProject/..//hal/hal/lib\libHALD.a(WatchDogTimerNoOS.o)
                              ./src/main.o (WDT_start)
C:/ISIS/workspace_ycube/GlobusSatProject/..//hal/hal/lib\libHALD.a(WatchDogTimerOS.o)
                              ./src/TestingDemos/MainTest.o (WDT_startWatchdogKickTask)
C:/ISIS/workspace_ycube/GlobusSatProject/..//hal/hal/lib\libHALD.a(util.o)
                              ./src/TestingDemos/EpsTestingDemo.o (UTIL_DbguGetInteger)
C:/ISIS/workspace_ycube/GlobusSatProject/..//hal/hal/lib\libHALD.a(LED.o)
                              C:/ISIS/workspace_ycube/GlobusSatProject/..//hal/hal/lib\libHALD.a(WatchDogTimerOS.o) (LED_toggle)
C:/ISIS/workspace_ycube/GlobusSatProject/..//hal/hal/lib\libHALD.a(RTC.o)
                              C:/ISIS/workspace_ycube/GlobusSatProject/..//hal/hal/lib\libHALD.a(Time.o) (RTC_getTime)
C:/ISIS/workspace_ycube/GlobusSatProject/..//hal/hal/lib\libHALD.a(RTT.o)
                              C:/ISIS/workspace_ycube/GlobusSatProject/..//hal/hal/lib\libHALD.a(Time.o) (RTT_start)
C:/ISIS/workspace_ycube/GlobusSatProject/..//hal/hcc/lib\libHCCD.a(fat_common.o)
                              ./src/TLM_management.o (fn_init)
C:/ISIS/workspace_ycube/GlobusSatProject/..//hal/hcc/lib\libHCCD.a(fat_m.o)
                              ./src/TLM_management.o (fm_initvolume)
C:/ISIS/workspace_ycube/GlobusSatProject/..//hal/hcc/lib\libHCCD.a(safefat.o)
                              C:/ISIS/workspace_ycube/GlobusSatProject/..//hal/hcc/lib\libHCCD.a(fat_common.o) (safe_fix_filelengths)
C:/ISIS/workspace_ycube/GlobusSatProject/..//hal/hcc/lib\libHCCD.a(atmel_mcipdc.o)
                              ./src/TLM_management.o (atmel_mcipdc_initfunc)
C:/ISIS/workspace_ycube/GlobusSatProject/..//hal/hcc/lib\libHCCD.a(oalp_mutex.o)
                              C:/ISIS/workspace_ycube/GlobusSatProject/..//hal/hcc/lib\libHCCD.a(fat_common.o) (oal_mutex_create)
C:/ISIS/workspace_ycube/GlobusSatProject/..//hal/hcc/lib\libHCCD.a(oalp_task.o)
                              C:/ISIS/workspace_ycube/GlobusSatProject/..//hal/hcc/lib\libHCCD.a(fat_common.o) (oal_task_get_id)
C:/ISIS/workspace_ycube/GlobusSatProject/..//hal/hcc/lib\libHCCD.a(atmel_mcipdc_hw.o)
                              C:/ISIS/workspace_ycube/GlobusSatProject/..//hal/hcc/lib\libHCCD.a(atmel_mcipdc.o) (mcipdc_hw_init)
C:/ISIS/workspace_ycube/GlobusSatProject/..//hal/hcc/lib\libHCCD.a(psp_rand.o)
                              C:/ISIS/workspace_ycube/GlobusSatProject/..//hal/hcc/lib\libHCCD.a(fat_common.o) (psp_getrand)
C:/ISIS/workspace_ycube/GlobusSatProject/..//hal/hcc/lib\libHCCD.a(psp_rtc.o)
                              C:/ISIS/workspace_ycube/GlobusSatProject/..//hal/hcc/lib\libHCCD.a(fat_common.o) (psp_getcurrenttimedate)
C:/ISIS/workspace_ycube/GlobusSatProject/..//hal/hcc/lib\libHCCD.a(hcc_mem.o)
                              C:/ISIS/workspace_ycube/GlobusSatProject/..//hal/hcc/lib\libHCCD.a(atmel_mcipdc.o) (hcc_mem_alloc)
C:/ISIS/workspace_ycube/GlobusSatProject/..//hal/hcc/lib\libHCCD.a(fat.o)
                              C:/ISIS/workspace_ycube/GlobusSatProject/..//hal/hcc/lib\libHCCD.a(fat_common.o) (_f_getdirsector)
C:/ISIS/workspace_ycube/GlobusSatProject/..//hal/hcc/lib\libHCCD.a(psp_hcc_mem.o)
                              C:/ISIS/workspace_ycube/GlobusSatProject/..//hal/hcc/lib\libHCCD.a(hcc_mem.o) (hcc_mem_buf_alloc)
C:/ISIS/workspace_ycube/satellite-subsystems/satellite-subsystems/lib\libSatelliteSubsystemsD.a(IsisAntS.o)
                              ./src/SubSystemModules/Communication/TRXVU.o (IsisAntS_initialize)
C:/ISIS/workspace_ycube/satellite-subsystems/satellite-subsystems/lib\libSatelliteSubsystemsD.a(IsisSolarPanelv2.o)
                              ./src/SubSystemModules/PowerManagment/EPS.o (IsisSolarPanelv2_initialize)
C:/ISIS/workspace_ycube/satellite-subsystems/satellite-subsystems/lib\libSatelliteSubsystemsD.a(IsisTRXVU.o)
                              ./src/TestingDemos/TrxvuTestingDemo.o (IsisTrxvu_initialize)
C:/ISIS/workspace_ycube/satellite-subsystems/satellite-subsystems/lib\libSatelliteSubsystemsD.a(isis_eps_driver.o)
                              ./src/SubSystemModules/PowerManagment/EPS.o (ISIS_EPS_Init)
[...]
Memory Configuration

Name             Origin             Length             Attributes
sram0            0x00200000         0x00004000         w !xr
sram1            0x00300000         0x00004000         w !xr
sdram            0x20000000         0x02000000         w !xr
*default*        0x00000000         0xffffffff

Linker script and memory map

LOAD c:/isis/application/toolchain/bin/../lib/gcc/arm-none-eabi/4.7.4/../../../../arm-none-eabi/lib\libc.a
LOAD ./src/TestingDemos/CommandsTestingDemo.o
LOAD ./src/TestingDemos/EpsTestingDemo.o
LOAD ./src/TestingDemos/FileSystemTestingDemo.o
LOAD ./src/TestingDemos/MainTest.o
LOAD ./src/TestingDemos/MaintenanceTestingDemo.o
LOAD ./src/TestingDemos/TelemetryTestingDemo.o
LOAD ./src/TestingDemos/TrxvuTestingDemo.o
LOAD ./src/SubSystemModules/PowerManagment/EPS.o
LOAD ./src/SubSystemModules/PowerManagment/EPSOperationModes.o
LOAD ./src/SubSystemModules/Maintenance/Maintenance.o
LOAD ./src/SubSystemModules/Housekepping/TelemetryCollector.o
LOAD ./src/SubSystemModules/Communication/SubsystemCommands/EPS_Commands.o
LOAD ./src/SubSystemModules/Communication/SubsystemCommands/FS_Commands.o
LOAD ./src/SubSystemModules/Communication/SubsystemCommands/Maintanence_Commands.o
LOAD ./src/SubSystemModules/Communication/SubsystemCommands/TRXVU_Commands.o
LOAD ./src/SubSystemModules/Communication/AckHandler.o
LOAD ./src/SubSystemModules/Communication/CommandDictionary.o
LOAD ./src/SubSystemModules/Communication/SatCommandHandler.o
LOAD ./src/SubSystemModules/Communication/TRXVU.o
LOAD ./src/InitSystem.o
LOAD ./src/TLM_management.o
LOAD ./src/main.o
LOAD ./src/utils.o
LOAD C:/ISIS/workspace_ycube/GlobusSatProject/..//hal/hal/lib\libHALD.a
LOAD C:/ISIS/workspace_ycube/GlobusSatProject/..//hal/hcc/lib\libHCCD.a
LOAD C:/ISIS/workspace_ycube/satellite-subsystems/satellite-subsystems/lib\libSatelliteSubsystemsD.a
LOAD C:/ISIS/workspace_ycube/GlobusSatProject/..//hal/freertos/lib\libFreeRTOSD.a
LOAD C:/ISIS/workspace_ycube/GlobusSatProject/..//hal/at91/lib\libAt91D.a
START GROUP
LOAD c:/isis/application/toolchain/bin/../lib/gcc/arm-none-eabi/4.7.4\libgcc.a
LOAD c:/isis/application/toolchain/bin/../lib/gcc/arm-none-eabi/4.7.4/../../../../arm-none-eabi/lib\libg.a
LOAD c:/isis/application/toolchain/bin/../lib/gcc/arm-none-eabi/4.7.4/../../../../arm-none-eabi/lib\libc.a
END GROUP

.fixed          0x20000000    0x37998
                0x20000000                . = ALIGN (0x4)
                0x20000000                _sfixed = .
 *(.startup)
 .startup       0x20000000      0x14c C:/ISIS/workspace_ycube/GlobusSatProject/..//hal/at91/lib\libAt91D.a(board_cstartup.o)
                0x20000000                entry
 *(.text)
 .text          0x2000014c       0x64 C:/ISIS/workspace_ycube/GlobusSatProject/..//hal/at91/lib\libAt91D.a(cp15_asm.o)
                0x2000014c                _readControlRegister
                0x20000158                _writeControlRegister
                0x20000160                _waitForInterrupt
                0x2000016c                _writeTTB
                0x20000174                _writeDomain
                0x2000017c                _writeITLBLockdown
                0x20000184                _prefetchICacheLine
                0x2000018c                _flushDCache
                0x20000198                _flushWriteBuffer
                0x200001a4                _invalidateIDTLBs
 .text          0x200001b0      0x114 c:/isis/application/toolchain/bin/../lib/gcc/arm-none-eabi/4.7.4\libgcc.a(_udivsi3.o)
                0x200001b0                __aeabi_uidiv
                0x200001b0                __udivsi3
                0x200002a4                __aeabi_uidivmod
 .text          0x200002c4      0x148 c:/isis/application/toolchain/bin/../lib/gcc/arm-none-eabi/4.7.4\libgcc.a(_divsi3.o)
                0x200002c4                __divsi3
                0x200002c4                __aeabi_idiv
                0x200003ec                __aeabi_idivmod
 .text          0x2000040c        0x4 c:/isis/application/toolchain/bin/../lib/gcc/arm-none-eabi/4.7.4\libgcc.a(_dvmd_tls.o)
                0x2000040c                __aeabi_idiv0
                0x2000040c                __aeabi_ldiv0
 .text          0x20000410      0x41c c:/isis/application/toolchain/bin/../lib/gcc/arm-none-eabi/4.7.4\libgcc.a(_arm_addsubdf3.o)
                0x20000410                __aeabi_drsub
                0x20000418                __aeabi_dsub
                0x20000418                __subdf3
                0x2000041c                __aeabi_dadd
                0x2000041c                __adddf3
                0x2000072c                __floatunsidf
                0x2000072c                __aeabi_ui2d
                0x20000750                __floatsidf
                0x20000750                __aeabi_i2d
                0x20000778                __aeabi_f2d
                0x20000778                __extendsfdf2
                0x200007b8                __floatundidf
                0x200007b8                __aeabi_ul2d
                0x200007cc                __floatdidf
                0x200007cc                __aeabi_l2d
 .text          0x2000082c      0x49c c:/isis/application/toolchain/bin/../lib/gcc/arm-none-eabi/4.7.4\libgcc.a(_arm_muldivdf3.o)
                0x2000082c                __aeabi_dmul
                0x2000082c                __muldf3
                0x20000abc                __divdf3
                0x20000abc                __aeabi_ddiv
 .text          0x20000cc8      0x144 c:/isis/application/toolchain/bin/../lib/gcc/arm-none-eabi/4.7.4\libgcc.a(_arm_cmpdf2.o)
                0x20000cc8                __gtdf2
                0x20000cc8                __gedf2
                0x20000cd0                __ltdf2
                0x20000cd0                __ledf2
                0x20000cd8                __nedf2
                0x20000cd8                __eqdf2
                0x20000cd8                __cmpdf2
                0x20000d60                __aeabi_cdrcmple
                0x20000d7c                __aeabi_cdcmpeq
                0x20000d7c                __aeabi_cdcmple
                0x20000d94                __aeabi_dcmpeq
                0x20000dac                __aeabi_dcmplt
                0x20000dc4                __aeabi_dcmple
                0x20000ddc                __aeabi_dcmpge
                0x20000df4                __aeabi_dcmpgt
 .text          0x20000e0c      0x2ac c:/isis/application/toolchain/bin/../lib/gcc/arm-none-eabi/4.7.4\libgcc.a(_arm_addsubsf3.o)
                0x20000e0c                __aeabi_frsub
                0x20000e14                __subsf3
                0x20000e14                __aeabi_fsub
                0x20000e18                __aeabi_fadd
                0x20000e18                __addsf3
                0x20000fd4                __aeabi_ui2f
                0x20000fd4                __floatunsisf
                0x20000fdc                __aeabi_i2f
                0x20000fdc                __floatsisf
                0x20000ffc                __aeabi_ul2f
                0x20000ffc                __floatundisf
                0x2000100c                __aeabi_l2f
                0x2000100c                __floatdisf
 .text          0x200010b8      0x2f8 c:/isis/application/toolchain/bin/../lib/gcc/arm-none-eabi/4.7.4\libgcc.a(_arm_muldivsf3.o)
                0x200010b8                __mulsf3
                0x200010b8                __aeabi_fmul
                0x20001250                __aeabi_fdiv
                0x20001250                __divsf3
 .text          0x200013b0      0x114 c:/isis/application/toolchain/bin/../lib/gcc/arm-none-eabi/4.7.4\libgcc.a(_arm_cmpsf2.o)
                0x200013b0                __gesf2
                0x200013b0                __gtsf2
                0x200013b8                __lesf2
                0x200013b8                __ltsf2
                0x200013c0                __nesf2
                0x200013c0                __eqsf2
                0x200013c0                __cmpsf2
                0x20001424                __aeabi_cfrcmple
                0x20001434                __aeabi_cfcmpeq
                0x20001434                __aeabi_cfcmple
                0x2000144c                __aeabi_fcmpeq
                0x20001464                __aeabi_fcmplt
                0x2000147c                __aeabi_fcmple
                0x20001494                __aeabi_fcmpge
                0x200014ac                __aeabi_fcmpgt
 .text          0x200014c4       0x54 c:/isis/application/toolchain/bin/../lib/gcc/arm-none-eabi/4.7.4\libgcc.a(_arm_fixunssfsi.o)
                0x200014c4                __fixunssfsi
                0x200014c4                __aeabi_f2uiz
 .text          0x20001518       0x5c c:/isis/application/toolchain/bin/../lib/gcc/arm-none-eabi/4.7.4\libgcc.a(_arm_fixdfsi.o)
                0x20001518                __aeabi_d2iz
                0x20001518                __fixdfsi
 .text          0x20001574       0x3c c:/isis/application/toolchain/bin/../lib/gcc/arm-none-eabi/4.7.4\libgcc.a(_aeabi_uldivmod.o)
                0x20001574                __aeabi_uldivmod
 .text          0x200015b0       0x84 c:/isis/application/toolchain/bin/../lib/gcc/arm-none-eabi/4.7.4\libgcc.a(bpabi.o)
                0x200015b0                __gnu_ldivmod_helper
                0x200015f4                __gnu_uldivmod_helper
 .text          0x20001634      0x4f0 c:/isis/application/toolchain/bin/../lib/gcc/arm-none-eabi/4.7.4\libgcc.a(_divdi3.o)
                0x20001634                __divdi3
 .text          0x20001b24      0x488 c:/isis/application/toolchain/bin/../lib/gcc/arm-none-eabi/4.7.4\libgcc.a(_udivdi3.o)
                0x20001b24                __udivdi3
 .text          0x20001fac       0x48 c:/isis/application/toolchain/bin/../lib/gcc/arm-none-eabi/4.7.4\libgcc.a(_clzsi2.o)
                0x20001fac                __clzsi2
 *(.text*)
 .text.GetBatteryVoltage
                0x20001ff4       0x6c ./src/SubSystemModules/PowerManagment/EPS.o
                0x20001ff4                GetBatteryVoltage
 .text.EPS_Init
                0x20002060       0xf0 ./src/SubSystemModules/PowerManagment/EPS.o
                0x20002060                EPS_Init
 .text.EPS_Conditioning
                0x20002150      0x1c4 ./src/SubSystemModules/PowerManagment/EPS.o
                0x20002150                EPS_Conditioning
 .text.UpdateAlpha
                0x20002314       0xd8 ./src/SubSystemModules/PowerManagment/EPS.o
                0x20002314                UpdateAlpha
 .text.GetThresholdVoltages
                0x200023ec       0x80 ./src/SubSystemModules/PowerManagment/EPS.o
                0x200023ec                GetThresholdVoltages
 .text.GetAlpha
                0x2000246c       0x7c ./src/SubSystemModules/PowerManagment/EPS.o
                0x2000246c                GetAlpha
 .text.CMDGetHeaterValues
                0x200024e8      0x234 ./src/SubSystemModules/PowerManagment/EPS.o
                0x200024e8                CMDGetHeaterValues
 .text.CMDSetHeaterValues
                0x2000271c      0x200 ./src/SubSystemModules/PowerManagment/EPS.o
                0x2000271c                CMDSetHeaterValues
 .text.EnterFullMode
                0x2000291c       0x44 ./src/SubSystemModules/PowerManagment/EPSOperationModes.o
                0x2000291c                EnterFullMode
 .text.EnterCruiseMode
                0x20002960       0x44 ./src/SubSystemModules/PowerManagment/EPSOperationModes.o
                0x20002960                EnterCruiseMode
 .text.EnterSafeMode
                0x200029a4       0x44 ./src/SubSystemModules/PowerManagment/EPSOperationModes.o
                0x200029a4                EnterSafeMode
 .text.EnterCriticalMode
                0x200029e8       0x44 ./src/SubSystemModules/PowerManagment/EPSOperationModes.o
                0x200029e8                EnterCriticalMode
 .text.EpsGetLowVoltageFlag
                0x20002a2c       0x24 ./src/SubSystemModules/PowerManagment/EPSOperationModes.o
                0x20002a2c                EpsGetLowVoltageFlag
 .text.EpsSetLowVoltageFlag
                0x20002a50       0x2c ./src/SubSystemModules/PowerManagment/EPSOperationModes.o
                0x20002a50                EpsSetLowVoltageFlag
 .text.CheckExecutionTime
                0x20002a7c       0x80 ./src/SubSystemModules/Maintenance/Maintenance.o
                0x20002a7c                CheckExecutionTime
 .text.SaveSatTimeInFRAM
                0x20002afc       0x44 ./src/SubSystemModules/Maintenance/Maintenance.o
                0x20002afc                SaveSatTimeInFRAM
 .text.WakeupFromResetCMD
                0x20002b40      0x120 ./src/SubSystemModules/Maintenance/Maintenance.o
                0x20002b40                WakeupFromResetCMD
 .text.ResetGroundCommWDT
                0x20002c60       0x1c ./src/SubSystemModules/Maintenance/Maintenance.o
                0x20002c60                ResetGroundCommWDT
 .text.IsGroundCommunicationWDTKick
                0x20002c7c       0x78 ./src/SubSystemModules/Maintenance/Maintenance.o
                0x20002c7c                IsGroundCommunicationWDTKick
 .text.GetGsWdtKickTime
                0x20002cf4       0x38 ./src/SubSystemModules/Maintenance/Maintenance.o
                0x20002cf4                GetGsWdtKickTime
 .text.DeleteOldFiels
                0x20002d2c      0x344 ./src/SubSystemModules/Maintenance/Maintenance.o
                0x20002d2c                DeleteOldFiels
 .text.DeployAnt
                0x20003070       0x6c ./src/SubSystemModules/Maintenance/Maintenance.o
                0x20003070                DeployAnt
 .text.Maintenance
                0x200030dc       0x40 ./src/SubSystemModules/Maintenance/Maintenance.o
                0x200030dc                Maintenance
 .text.InitSavePeriodTimes
                0x2000311c       0xc0 ./src/SubSystemModules/Housekepping/TelemetryCollector.o
                0x2000311c                InitSavePeriodTimes
 .text.TelemetryCollectorLogic
                0x200031dc      0x208 ./src/SubSystemModules/Housekepping/TelemetryCollector.o
                0x200031dc                TelemetryCollectorLogic
 .text.TelemetrySaveEPS
                0x200033e4       0x54 ./src/SubSystemModules/Housekepping/TelemetryCollector.o
                0x200033e4                TelemetrySaveEPS
 .text.TelemetrySaveTRXVU
                0x20003438       0x94 ./src/SubSystemModules/Housekepping/TelemetryCollector.o
                0x20003438                TelemetrySaveTRXVU
 .text.TelemetrySaveANT
                0x200034cc       0xa4 ./src/SubSystemModules/Housekepping/TelemetryCollector.o
                0x200034cc                TelemetrySaveANT
 .text.TelemetrySaveSolarPanels
                0x20003570      0x1c4 ./src/SubSystemModules/Housekepping/TelemetryCollector.o
                0x20003570                TelemetrySaveSolarPanels
 .text.TelemetrySaveWOD
                0x20003734       0xd0 ./src/SubSystemModules/Housekepping/TelemetryCollector.o
                0x20003734                TelemetrySaveWOD
 .text.GetCurrentWODTelemetry
                0x20003804      0x5c4 ./src/SubSystemModules/Housekepping/TelemetryCollector.o
                0x20003804                GetCurrentWODTelemetry
 .text.CMD_DeleteTLM
                0x20003dc8      0x1f4 ./src/SubSystemModules/Communication/SubsystemCommands/FS_Commands.o
                0x20003dc8                CMD_DeleteTLM
 .text.CMD_GenericI2C
                0x20003fbc      0x150 ./src/SubSystemModules/Communication/SubsystemCommands/Maintanence_Commands.o
                0x20003fbc                CMD_GenericI2C
 .text.CMD_FRAM_ReadAndTransmitt
                0x2000410c      0x110 ./src/SubSystemModules/Communication/SubsystemCommands/Maintanence_Commands.o
                0x2000410c                CMD_FRAM_ReadAndTransmitt
 .text.CMD_FRAM_WriteAndTransmitt
                0x2000421c      0x124 ./src/SubSystemModules/Communication/SubsystemCommands/Maintanence_Commands.o
                0x2000421c                CMD_FRAM_WriteAndTransmitt
 .text.CMD_UpdateSatTime
                0x20004340       0xa0 ./src/SubSystemModules/Communication/SubsystemCommands/Maintanence_Commands.o
                0x20004340                CMD_UpdateSatTime
 .text.CMD_ResetComponent
                0x200043e0      0x294 ./src/SubSystemModules/Communication/SubsystemCommands/Maintanence_Commands.o
                0x200043e0                CMD_ResetComponent
 .text.DumpTask
                0x20004674      0x2e4 ./src/SubSystemModules/Communication/SubsystemCommands/TRXVU_Commands.o
                0x20004674                DumpTask
 .text.CMD_AntennaDeploy
                0x20004958       0xec ./src/SubSystemModules/Communication/SubsystemCommands/TRXVU_Commands.o
                0x20004958                CMD_AntennaDeploy
 .text.CMD_StartDump
                0x20004a44      0x200 ./src/SubSystemModules/Communication/SubsystemCommands/TRXVU_Commands.o
                0x20004a44                CMD_StartDump
 .text.CMD_SendDumpAbortRequest
                0x20004c44       0x38 ./src/SubSystemModules/Communication/SubsystemCommands/TRXVU_Commands.o
                0x20004c44                CMD_SendDumpAbortRequest
 .text.CMD_ForceDumpAbort
                0x20004c7c       0x3c ./src/SubSystemModules/Communication/SubsystemCommands/TRXVU_Commands.o
                0x20004c7c                CMD_ForceDumpAbort
 .text.CMD_SetTransponder
                0x20004cb8      0x120 ./src/SubSystemModules/Communication/SubsystemCommands/TRXVU_Commands.o
                0x20004cb8                CMD_SetTransponder
 .text.CMD_SetRSSITransponder
                0x20004dd8       0x90 ./src/SubSystemModules/Communication/SubsystemCommands/TRXVU_Commands.o
                0x20004dd8                CMD_SetRSSITransponder
 .text.CMD_MuteTRXVU
                0x20004e68       0x7c ./src/SubSystemModules/Communication/SubsystemCommands/TRXVU_Commands.o
                0x20004e68                CMD_MuteTRXVU
 .text.CMD_SetIdleState
                0x20004ee4       0xc8 ./src/SubSystemModules/Communication/SubsystemCommands/TRXVU_Commands.o
                0x20004ee4                CMD_SetIdleState
 .text.CMD_UnMuteTRXVU
                0x20004fac       0x38 ./src/SubSystemModules/Communication/SubsystemCommands/TRXVU_Commands.o
                0x20004fac                CMD_UnMuteTRXVU
 .text.CMD_GetBaudRate
                0x20004fe4       0x68 ./src/SubSystemModules/Communication/SubsystemCommands/TRXVU_Commands.o
                0x20004fe4                CMD_GetBaudRate
 .text.CMD_GetBeaconInterval
                0x2000504c       0x6c ./src/SubSystemModules/Communication/SubsystemCommands/TRXVU_Commands.o
                0x2000504c                CMD_GetBeaconInterval
 .text.CMD_SetBaudRate
                0x200050b8       0x60 ./src/SubSystemModules/Communication/SubsystemCommands/TRXVU_Commands.o
                0x200050b8                CMD_SetBaudRate
 .text.CMD_GetTxUptime
                0x20005118       0x64 ./src/SubSystemModules/Communication/SubsystemCommands/TRXVU_Commands.o
                0x20005118                CMD_GetTxUptime
 .text.CMD_GetRxUptime
                0x2000517c       0x64 ./src/SubSystemModules/Communication/SubsystemCommands/TRXVU_Commands.o
                0x2000517c                CMD_GetRxUptime
 .text.CMD_GetNumOfOnlineCommands
                0x200051e0       0x64 ./src/SubSystemModules/Communication/SubsystemCommands/TRXVU_Commands.o
                0x200051e0                CMD_GetNumOfOnlineCommands
 .text.CMD_AntSetArmStatus
                0x20005244       0xa0 ./src/SubSystemModules/Communication/SubsystemCommands/TRXVU_Commands.o
                0x20005244                CMD_AntSetArmStatus
 .text.CMD_AntGetArmStatus
                0x200052e4       0x70 ./src/SubSystemModules/Communication/SubsystemCommands/TRXVU_Commands.o
                0x200052e4                CMD_AntGetArmStatus
 .text.CMD_AntGetUptime
                0x20005354       0x78 ./src/SubSystemModules/Communication/SubsystemCommands/TRXVU_Commands.o
                0x20005354                CMD_AntGetUptime
 .text.CMD_StopReDeployment
                0x200053cc       0xac ./src/SubSystemModules/Communication/SubsystemCommands/TRXVU_Commands.o
                0x200053cc                CMD_StopReDeployment
 .text.CMD_AntCancelDeployment
                0x20005478       0x68 ./src/SubSystemModules/Communication/SubsystemCommands/TRXVU_Commands.o
                0x20005478                CMD_AntCancelDeployment
 .text.SendAckPacket
                0x200054e0       0xe0 ./src/SubSystemModules/Communication/AckHandler.o
                0x200054e0                SendAckPacket
 .text.trxvu_command_router
                0x200055c0      0x534 ./src/SubSystemModules/Communication/CommandDictionary.o
                0x200055c0                trxvu_command_router
 .text.eps_command_router
                0x20005af4       0xc0 ./src/SubSystemModules/Communication/CommandDictionary.o
                0x20005af4                eps_command_router
 .text.telemetry_command_router
                0x20005bb4       0x90 ./src/SubSystemModules/Communication/CommandDictionary.o
                0x20005bb4                telemetry_command_router
 .text.managment_command_router
                0x20005c44       0xfc ./src/SubSystemModules/Communication/CommandDictionary.o
                0x20005c44                managment_command_router
 .text.filesystem_command_router
                0x20005d40       0x24 ./src/SubSystemModules/Communication/CommandDictionary.o
                0x20005d40                filesystem_command_router
 .text.ParseDataToCommand
                0x20005d64      0x1ac ./src/SubSystemModules/Communication/SatCommandHandler.o
                0x20005d64                ParseDataToCommand
 .text.AssembleCommand
                0x20005f10      0x178 ./src/SubSystemModules/Communication/SatCommandHandler.o
                0x20005f10                AssembleCommand
 .text.ActUponCommand
                0x20006088       0xb4 ./src/SubSystemModules/Communication/SatCommandHandler.o
                0x20006088                ActUponCommand
 .text.InitTxModule
                0x2000613c       0x68 ./src/SubSystemModules/Communication/TRXVU.o
                0x2000613c                InitTxModule
 .text.CMD_SetBeaconInterval
                0x200061a4       0xdc ./src/SubSystemModules/Communication/TRXVU.o
                0x200061a4                CMD_SetBeaconInterval
 .text.InitBeaconParams
                0x20006280       0x3c ./src/SubSystemModules/Communication/TRXVU.o
                0x20006280                InitBeaconParams
 .text.InitSemaphores
                0x200062bc       0x98 ./src/SubSystemModules/Communication/TRXVU.o
                0x200062bc                InitSemaphores
 .text.InitTrxvu
                0x20006354      0x128 ./src/SubSystemModules/Communication/TRXVU.o
                0x20006354                InitTrxvu
 .text.checkIdleFinish
                0x2000647c       0x68 ./src/SubSystemModules/Communication/TRXVU.o
                0x2000647c                checkIdleFinish
 .text.checkTransponderFinish
                0x200064e4       0x84 ./src/SubSystemModules/Communication/TRXVU.o
                0x200064e4                checkTransponderFinish
 .text.TRX_Logic
                0x20006568       0xd0 ./src/SubSystemModules/Communication/TRXVU.o
                0x20006568                TRX_Logic
 .text.GetNumberOfFramesInBuffer
                0x20006638       0x5c ./src/SubSystemModules/Communication/TRXVU.o
                0x20006638                GetNumberOfFramesInBuffer
 .text.GetOnlineCommand
                0x20006694      0x140 ./src/SubSystemModules/Communication/TRXVU.o
                0x20006694                GetOnlineCommand
 .text.CheckTransmitionAllowed
                0x200067d4       0xc4 ./src/SubSystemModules/Communication/TRXVU.o
                0x200067d4                CheckTransmitionAllowed
 .text.FinishDump
                0x20006898       0xe8 ./src/SubSystemModules/Communication/TRXVU.o
                0x20006898                FinishDump
 .text.AbortDump
                0x20006980       0x34 ./src/SubSystemModules/Communication/TRXVU.o
                0x20006980                AbortDump
 .text.SendDumpAbortRequest
                0x200069b4       0x6c ./src/SubSystemModules/Communication/TRXVU.o
                0x200069b4                SendDumpAbortRequest
 .text.CheckDumpAbort
                0x20006a20       0x6c ./src/SubSystemModules/Communication/TRXVU.o
                0x20006a20                CheckDumpAbort
 .text.BeaconLogic
                0x20006a8c      0x230 ./src/SubSystemModules/Communication/TRXVU.o
                0x20006a8c                BeaconLogic
 .text.SetIdleState
                0x20006cbc       0xb8 ./src/SubSystemModules/Communication/TRXVU.o
                0x20006cbc                SetIdleState
 .text.muteTRXVU
                0x20006d74       0x78 ./src/SubSystemModules/Communication/TRXVU.o
                0x20006d74                muteTRXVU
 .text.UnMuteTRXVU
                0x20006dec       0x24 ./src/SubSystemModules/Communication/TRXVU.o
                0x20006dec                UnMuteTRXVU
 .text.TransmitDataAsSPL_Packet
                0x20006e10      0x104 ./src/SubSystemModules/Communication/TRXVU.o
                0x20006e10                TransmitDataAsSPL_Packet
 .text.TransmitSplPacket
                0x20006f14      0x100 ./src/SubSystemModules/Communication/TRXVU.o
                0x20006f14                TransmitSplPacket
 .text.isFirstActivation
                0x20007014       0x38 ./src/InitSystem.o
                0x20007014                isFirstActivation
 .text.WriteDefaultValuesToFRAM
                0x2000704c      0x1c0 ./src/InitSystem.o
                0x2000704c                WriteDefaultValuesToFRAM
 .text.StartFRAM
                0x2000720c       0x2c ./src/InitSystem.o
                0x2000720c                StartFRAM
 .text.StartI2C
                0x20007238       0x38 ./src/InitSystem.o
                0x20007238                StartI2C
 .text.StartSPI
                0x20007270       0x34 ./src/InitSystem.o
                0x20007270                StartSPI
 .text.StartTIME
                0x200072a4       0xb8 ./src/InitSystem.o
                0x200072a4                StartTIME
 .text.DeploySystem
                0x2000735c      0x148 ./src/InitSystem.o
                0x2000735c                DeploySystem
 .text.InitSubsystems
                0x200074a4       0x48 ./src/InitSystem.o
                0x200074a4                InitSubsystems
 .text.delete_allTMFilesFromSD
                0x200074ec       0xa0 ./src/TLM_management.o
                0x200074ec                delete_allTMFilesFromSD
 .text.deleteTLMFiles
                0x2000758c       0x94 ./src/TLM_management.o
                0x2000758c                deleteTLMFiles
 .text.deleteTLMFile
                0x20007620       0xc0 ./src/TLM_management.o
                0x20007620                deleteTLMFile
 .text.InitializeFS
                0x200076e0       0xf0 ./src/TLM_management.o
                0x200076e0                InitializeFS
 .text.calculateFileName
                0x200077d0      0x108 ./src/TLM_management.o
                0x200077d0                calculateFileName
 .text.getTlmTypeInfo
                0x200078d8      0x230 ./src/TLM_management.o
                0x200078d8                getTlmTypeInfo
 .text.write2File
                0x20007b08      0x190 ./src/TLM_management.o
                0x20007b08                write2File
 .text.printTLM
                0x20007c98       0x24 ./src/TLM_management.o
                0x20007c98                printTLM
 .text.readTLMFile
                0x20007cbc      0x330 ./src/TLM_management.o
                0x20007cbc                readTLMFile
 .text.readTLMFiles
                0x20007fec       0xd4 ./src/TLM_management.o
                0x20007fec                readTLMFiles
 .text.readTLMFileTimeRange
                0x200080c0      0x2e4 ./src/TLM_management.o
                0x200080c0                readTLMFileTimeRange
 .text.DeInitializeFS
                0x200083a4       0x14 ./src/TLM_management.o
                0x200083a4                DeInitializeFS
 .text.taskMain
                0x200083b8       0x34 ./src/main.o
                0x200083b8                taskMain
 .text.main     0x200083ec       0x98 ./src/main.o
                0x200083ec                main
 .text.timeU2time
                0x20008484       0xbc ./src/utils.o
                0x20008484                timeU2time
 .text.logError
                0x20008540      0x134 ./src/utils.o
                0x20008540                logError
 .text.validateTransferParameters
                0x20008674      0x10c C:/ISIS/workspace_ycube/GlobusSatProject/..//hal/hal/lib\libHALD.a(I2C.o)
 .text.I2C_queueTransfer
                0x20008780       0xfc C:/ISIS/workspace_ycube/GlobusSatProject/..//hal/hal/lib\libHALD.a(I2C.o)
                0x20008780                I2C_queueTransfer
 .text.I2C_internalCallback
                0x2000887c       0x64 C:/ISIS/workspace_ycube/GlobusSatProject/..//hal/hal/lib\libHALD.a(I2C.o)
 .text.I2C_doBlockingTransfer
                0x200088e0      0x180 C:/ISIS/workspace_ycube/GlobusSatProject/..//hal/hal/lib\libHALD.a(I2C.o)
 .text.I2C_write
                0x20008a60      0x110 C:/ISIS/workspace_ycube/GlobusSatProject/..//hal/hal/lib\libHALD.a(I2C.o)
                0x20008a60                I2C_write
 .text.I2C_read
                0x20008b70      0x110 C:/ISIS/workspace_ycube/GlobusSatProject/..//hal/hal/lib\libHALD.a(I2C.o)
                0x20008b70                I2C_read
 .text.I2C_writeRead
                0x20008c80      0x17c C:/ISIS/workspace_ycube/GlobusSatProject/..//hal/hal/lib\libHALD.a(I2C.o)
                0x20008c80                I2C_writeRead
 .text.I2C_start
                0x20008dfc      0x2e8 C:/ISIS/workspace_ycube/GlobusSatProject/..//hal/hal/lib\libHALD.a(I2C.o)
                0x20008dfc                I2C_start
 .text.I2C_stop
                0x200090e4      0x184 C:/ISIS/workspace_ycube/GlobusSatProject/..//hal/hal/lib\libHALD.a(I2C.o)
                0x200090e4                I2C_stop
 .text.I2C_setTransferTimeout
                0x20009268       0x48 C:/ISIS/workspace_ycube/GlobusSatProject/..//hal/hal/lib\libHALD.a(I2C.o)
                0x20009268                I2C_setTransferTimeout
 .text.clearPDCtransfers
                0x200092b0       0xe8 C:/ISIS/workspace_ycube/GlobusSatProject/..//hal/hal/lib\libHALD.a(SPI.o)
 .text.SPI_start
                0x20009398      0x4b0 C:/ISIS/workspace_ycube/GlobusSatProject/..//hal/hal/lib\libHALD.a(SPI.o)
                0x20009398                SPI_start
 .text.SPI_stop
                0x20009848      0x244 C:/ISIS/workspace_ycube/GlobusSatProject/..//hal/hal/lib\libHALD.a(SPI.o)
                0x20009848                SPI_stop
 .text.SPI_queueTransfer
                0x20009a8c      0x1cc C:/ISIS/workspace_ycube/GlobusSatProject/..//hal/hal/lib\libHALD.a(SPI.o)
                0x20009a8c                SPI_queueTransfer
 .text.SPI_internalCallback
                0x20009c58       0x64 C:/ISIS/workspace_ycube/GlobusSatProject/..//hal/hal/lib\libHALD.a(SPI.o)
 .text.SPI_writeRead
                0x20009cbc      0x1c0 C:/ISIS/workspace_ycube/GlobusSatProject/..//hal/hal/lib\libHALD.a(SPI.o)
                0x20009cbc                SPI_writeRead
 .text.waitForTransfer
                0x20009e7c       0x78 C:/ISIS/workspace_ycube/GlobusSatProject/..//hal/hal/lib\libHALD.a(SPI.o)
 .text.SPI_getDriverState
                0x20009ef4       0x58 C:/ISIS/workspace_ycube/GlobusSatProject/..//hal/hal/lib\libHALD.a(SPI.o)
                0x20009ef4                SPI_getDriverState
 .text.FRAM_start
                0x20009f4c      0x120 C:/ISIS/workspace_ycube/GlobusSatProject/..//hal/hal/lib\libHALD.a(FRAM.o)
                0x20009f4c                FRAM_start
 .text.FRAM_dummyCallback
                0x2000a06c       0x24 C:/ISIS/workspace_ycube/GlobusSatProject/..//hal/hal/lib\libHALD.a(FRAM.o)
                0x2000a06c                FRAM_dummyCallback
 .text.FRAM_unlockingCallback
                0x2000a090       0x64 C:/ISIS/workspace_ycube/GlobusSatProject/..//hal/hal/lib\libHALD.a(FRAM.o)
                0x2000a090                FRAM_unlockingCallback
 .text.doBlockingTransfer
                0x2000a0f4       0x78 C:/ISIS/workspace_ycube/GlobusSatProject/..//hal/hal/lib\libHALD.a(FRAM.o)
 .text.FRAM_writePacket
                0x2000a16c      0x144 C:/ISIS/workspace_ycube/GlobusSatProject/..//hal/hal/lib\libHALD.a(FRAM.o)
 .text.FRAM_write
                0x2000a2b0      0x1d8 C:/ISIS/workspace_ycube/GlobusSatProject/..//hal/hal/lib\libHALD.a(FRAM.o)
                0x2000a2b0                FRAM_write
 .text.FRAM_readPacket
                0x2000a488       0xf0 C:/ISIS/workspace_ycube/GlobusSatProject/..//hal/hal/lib\libHALD.a(FRAM.o)
 .text.FRAM_read
                0x2000a578      0x1e4 C:/ISIS/workspace_ycube/GlobusSatProject/..//hal/hal/lib\libHALD.a(FRAM.o)
                0x2000a578                FRAM_read
 .text.Time_start
                0x2000a75c      0x150 C:/ISIS/workspace_ycube/GlobusSatProject/..//hal/hal/lib\libHALD.a(Time.o)
                0x2000a75c                Time_start
 .text.taskTimeSync
                0x2000a8ac       0x38 C:/ISIS/workspace_ycube/GlobusSatProject/..//hal/hal/lib\libHALD.a(Time.o)
 .text.Time_convertEpochToTime
                0x2000a8e4       0xf4 C:/ISIS/workspace_ycube/GlobusSatProject/..//hal/hal/lib\libHALD.a(Time.o)
                0x2000a8e4                Time_convertEpochToTime
 .text.Time_populateSecondsOfYear
                0x2000a9d8      0x188 C:/ISIS/workspace_ycube/GlobusSatProject/..//hal/hal/lib\libHALD.a(Time.o)
 .text.Time_set
                0x2000ab60      0x110 C:/ISIS/workspace_ycube/GlobusSatProject/..//hal/hal/lib\libHALD.a(Time.o)
                0x2000ab60                Time_set
 .text.Time_isLeapYear
                0x2000ac70       0x98 C:/ISIS/workspace_ycube/GlobusSatProject/..//hal/hal/lib\libHALD.a(Time.o)
                0x2000ac70                Time_isLeapYear
 .text.Time_get
                0x2000ad08      0x410 C:/ISIS/workspace_ycube/GlobusSatProject/..//hal/hal/lib\libHALD.a(Time.o)
                0x2000ad08                Time_get
 .text.Time_getUnixEpoch
                0x2000b118       0xf4 C:/ISIS/workspace_ycube/GlobusSatProject/..//hal/hal/lib\libHALD.a(Time.o)
                0x2000b118                Time_getUnixEpoch
 .text.Time_secondsOfYearToTime
                0x2000b20c      0x328 C:/ISIS/workspace_ycube/GlobusSatProject/..//hal/hal/lib\libHALD.a(Time.o)
 .text.Time_setUnixEpoch
                0x2000b534       0x54 C:/ISIS/workspace_ycube/GlobusSatProject/..//hal/hal/lib\libHALD.a(Time.o)
                0x2000b534                Time_setUnixEpoch
 .text.Time_getUptimeSeconds
                0x2000b588       0x28 C:/ISIS/workspace_ycube/GlobusSatProject/..//hal/hal/lib\libHALD.a(Time.o)
                0x2000b588                Time_getUptimeSeconds
 .text.Time_sync
                0x2000b5b0      0x2d8 C:/ISIS/workspace_ycube/GlobusSatProject/..//hal/hal/lib\libHALD.a(Time.o)
                0x2000b5b0                Time_sync
 .text.Time_syncIfNeeded
                0x2000b888       0x90 C:/ISIS/workspace_ycube/GlobusSatProject/..//hal/hal/lib\libHALD.a(Time.o)
                0x2000b888                Time_syncIfNeeded
 .text.Time_setSyncInterval
                0x2000b918       0x38 C:/ISIS/workspace_ycube/GlobusSatProject/..//hal/hal/lib\libHALD.a(Time.o)
                0x2000b918                Time_setSyncInterval
 .text.WDT_start
                0x2000b950       0x48 C:/ISIS/workspace_ycube/GlobusSatProject/..//hal/hal/lib\libHALD.a(WatchDogTimerNoOS.o)
                0x2000b950                WDT_start
 .text.WDT_startWatchdogKickTask
                0x2000b998       0xb4 C:/ISIS/workspace_ycube/GlobusSatProject/..//hal/hal/lib\libHALD.a(WatchDogTimerOS.o)
                0x2000b998                WDT_startWatchdogKickTask
 .text.WDT_forceKickEveryNms
                0x2000ba4c       0x50 C:/ISIS/workspace_ycube/GlobusSatProject/..//hal/hal/lib\libHALD.a(WatchDogTimerOS.o)
                0x2000ba4c                WDT_forceKickEveryNms
 .text.LED_glow
                0x2000ba9c       0x58 C:/ISIS/workspace_ycube/GlobusSatProject/..//hal/hal/lib\libHALD.a(LED.o)
                0x2000ba9c                LED_glow
 .text.LED_dark
                0x2000baf4       0x58 C:/ISIS/workspace_ycube/GlobusSatProject/..//hal/hal/lib\libHALD.a(LED.o)
                0x2000baf4                LED_dark
 .text.LED_toggle
                0x2000bb4c       0x50 C:/ISIS/workspace_ycube/GlobusSatProject/..//hal/hal/lib\libHALD.a(LED.o)
                0x2000bb4c                LED_toggle
 .text.RTC_start
                0x2000bb9c       0x3c C:/ISIS/workspace_ycube/GlobusSatProject/..//hal/hal/lib\libHALD.a(RTC.o)
                0x2000bb9c                RTC_start
 .text.RTC_setTime
                0x2000bbd8      0x2a4 C:/ISIS/workspace_ycube/GlobusSatProject/..//hal/hal/lib\libHALD.a(RTC.o)
                0x2000bbd8                RTC_setTime
 .text.RTC_getTime
                0x2000be7c      0x224 C:/ISIS/workspace_ycube/GlobusSatProject/..//hal/hal/lib\libHALD.a(RTC.o)
                0x2000be7c                RTC_getTime
 .text.RTC_checkTimeValid
                0x2000c0a0       0xdc C:/ISIS/workspace_ycube/GlobusSatProject/..//hal/hal/lib\libHALD.a(RTC.o)
                0x2000c0a0                RTC_checkTimeValid
 .text.RTT_start
                0x2000c17c       0x24 C:/ISIS/workspace_ycube/GlobusSatProject/..//hal/hal/lib\libHALD.a(RTT.o)
                0x2000c17c                RTT_start
 .text.fn_init  0x2000c1a0      0x2dc C:/ISIS/workspace_ycube/GlobusSatProject/..//hal/hcc/lib\libHCCD.a(fat_common.o)
                0x2000c1a0                fn_init
 .text._f_get16bitl
                0x2000c47c       0x4c C:/ISIS/workspace_ycube/GlobusSatProject/..//hal/hcc/lib\libHCCD.a(fat_common.o)
                0x2000c47c                _f_get16bitl
 .text._f_set16bitl
                0x2000c4c8       0x54 C:/ISIS/workspace_ycube/GlobusSatProject/..//hal/hcc/lib\libHCCD.a(fat_common.o)
                0x2000c4c8                _f_set16bitl
 .text._f_get32bitl
                0x2000c51c       0x68 C:/ISIS/workspace_ycube/GlobusSatProject/..//hal/hcc/lib\libHCCD.a(fat_common.o)
                0x2000c51c                _f_get32bitl
 .text._f_set32bitl
                0x2000c584       0x78 C:/ISIS/workspace_ycube/GlobusSatProject/..//hal/hcc/lib\libHCCD.a(fat_common.o)
                0x2000c584                _f_set32bitl
 .text._get8bit
                0x2000c5fc       0xa0 C:/ISIS/workspace_ycube/GlobusSatProject/..//hal/hcc/lib\libHCCD.a(fat_common.o)
 .text._get16bitl
                0x2000c69c       0x40 C:/ISIS/workspace_ycube/GlobusSatProject/..//hal/hcc/lib\libHCCD.a(fat_common.o)
 .text._get32bitl
                0x2000c6dc       0x3c C:/ISIS/workspace_ycube/GlobusSatProject/..//hal/hcc/lib\libHCCD.a(fat_common.o)
 .text._f_setcardremoved
                0x2000c718       0x94 C:/ISIS/workspace_ycube/GlobusSatProject/..//hal/hcc/lib\libHCCD.a(fat_common.o)
 .text._f_checkstatus
                0x2000c7ac      0x104 C:/ISIS/workspace_ycube/GlobusSatProject/..//hal/hcc/lib\libHCCD.a(fat_common.o)
                0x2000c7ac                _f_checkstatus
 .text._f_drvgetphy
                0x2000c8b0      0x114 C:/ISIS/workspace_ycube/GlobusSatProject/..//hal/hcc/lib\libHCCD.a(fat_common.o)
 .text._f_drvwritesector
                0x2000c9c4       0xdc C:/ISIS/workspace_ycube/GlobusSatProject/..//hal/hcc/lib\libHCCD.a(fat_common.o)
 .text._f_drvreadsector
                0x2000caa0       0xa8 C:/ISIS/workspace_ycube/GlobusSatProject/..//hal/hcc/lib\libHCCD.a(fat_common.o)
 .text._f_writesector
                0x2000cb48      0x23c C:/ISIS/workspace_ycube/GlobusSatProject/..//hal/hcc/lib\libHCCD.a(fat_common.o)
                0x2000cb48                _f_writesector
 .text._f_readsector
                0x2000cd84      0x1dc C:/ISIS/workspace_ycube/GlobusSatProject/..//hal/hcc/lib\libHCCD.a(fat_common.o)
                0x2000cd84                _f_readsector
 .text._f_getmaxcluster
                0x2000cf60       0x94 C:/ISIS/workspace_ycube/GlobusSatProject/..//hal/hcc/lib\libHCCD.a(fat_common.o)
                0x2000cf60                _f_getmaxcluster
 .text._getsectorfromcluster
                0x2000cff4       0x68 C:/ISIS/workspace_ycube/GlobusSatProject/..//hal/hcc/lib\libHCCD.a(fat_common.o)
 .text._f_buildsectors
                0x2000d05c      0x268 C:/ISIS/workspace_ycube/GlobusSatProject/..//hal/hcc/lib\libHCCD.a(fat_common.o)
 .text._f_getbootrecord
                0x2000d2c4      0x5e4 C:/ISIS/workspace_ycube/GlobusSatProject/..//hal/hcc/lib\libHCCD.a(fat_common.o)
 .text._f_readbootrecord
                0x2000d8a8      0x4f8 C:/ISIS/workspace_ycube/GlobusSatProject/..//hal/hcc/lib\libHCCD.a(fat_common.o)
 .text._f_flushcffiles
                0x2000dda0      0x17c C:/ISIS/workspace_ycube/GlobusSatProject/..//hal/hcc/lib\libHCCD.a(fat_common.o)
                0x2000dda0                _f_flushcffiles
 .text._f_fatcache_flush
                0x2000df1c      0x270 C:/ISIS/workspace_ycube/GlobusSatProject/..//hal/hcc/lib\libHCCD.a(fat_common.o)
                0x2000df1c                _f_fatcache_flush
 .text._f_writefatsector
                0x2000e18c      0x100 C:/ISIS/workspace_ycube/GlobusSatProject/..//hal/hcc/lib\libHCCD.a(fat_common.o)
                0x2000e18c                _f_writefatsector
 .text._f_getfatsector
                0x2000e28c      0x3bc C:/ISIS/workspace_ycube/GlobusSatProject/..//hal/hcc/lib\libHCCD.a(fat_common.o)
 .text._f_setclustervalue
                0x2000e648      0x490 C:/ISIS/workspace_ycube/GlobusSatProject/..//hal/hcc/lib\libHCCD.a(fat_common.o)
                0x2000e648                _f_setclustervalue
 .text._f_getclustervalue
                0x2000ead8      0x388 C:/ISIS/workspace_ycube/GlobusSatProject/..//hal/hcc/lib\libHCCD.a(fat_common.o)
                0x2000ead8                _f_getclustervalue
 .text._f_close_drive_files
                0x2000ee60       0xac C:/ISIS/workspace_ycube/GlobusSatProject/..//hal/hcc/lib\libHCCD.a(fat_common.o)
 .text._f_inc_mount_count
                0x2000ef0c       0xa4 C:/ISIS/workspace_ycube/GlobusSatProject/..//hal/hcc/lib\libHCCD.a(fat_common.o)
 .text._f_getvolume
                0x2000efb0      0x2f8 C:/ISIS/workspace_ycube/GlobusSatProject/..//hal/hcc/lib\libHCCD.a(fat_common.o)
                0x2000efb0                _f_getvolume
 .text.fn_createdriver
                0x2000f2a8      0x118 C:/ISIS/workspace_ycube/GlobusSatProject/..//hal/hcc/lib\libHCCD.a(fat_common.o)
                0x2000f2a8                fn_createdriver
 .text.fn_initvolume
                0x2000f3c0      0x12c C:/ISIS/workspace_ycube/GlobusSatProject/..//hal/hcc/lib\libHCCD.a(fat_common.o)
                0x2000f3c0                fn_initvolume
 .text.fn_initvolumepartition_sub
                0x2000f4ec       0xe0 C:/ISIS/workspace_ycube/GlobusSatProject/..//hal/hcc/lib\libHCCD.a(fat_common.o)
 .text.fn_initvolumepartition
                0x2000f5cc       0xac C:/ISIS/workspace_ycube/GlobusSatProject/..//hal/hcc/lib\libHCCD.a(fat_common.o)
                0x2000f5cc                fn_initvolumepartition
 .text._f_clustertopos
                0x2000f678       0xf8 C:/ISIS/workspace_ycube/GlobusSatProject/..//hal/hcc/lib\libHCCD.a(fat_common.o)
                0x2000f678                _f_clustertopos
 .text._f_getcurrsector
                0x2000f770      0x6c8 C:/ISIS/workspace_ycube/GlobusSatProject/..//hal/hcc/lib\libHCCD.a(fat_common.o)
                0x2000f770                _f_getcurrsector
 .text._f_getdecluster
                0x2000fe38       0x90 C:/ISIS/workspace_ycube/GlobusSatProject/..//hal/hcc/lib\libHCCD.a(fat_common.o)
                0x2000fe38                _f_getdecluster
 .text._f_setdecluster
                0x2000fec8       0x8c C:/ISIS/workspace_ycube/GlobusSatProject/..//hal/hcc/lib\libHCCD.a(fat_common.o)
                0x2000fec8                _f_setdecluster
 .text.fn_getdrive
                0x2000ff54       0x30 C:/ISIS/workspace_ycube/GlobusSatProject/..//hal/hcc/lib\libHCCD.a(fat_common.o)
                0x2000ff54                fn_getdrive
 .text._f_getcurrenttimedate
                0x2000ff84      0x138 C:/ISIS/workspace_ycube/GlobusSatProject/..//hal/hcc/lib\libHCCD.a(fat_common.o)
                0x2000ff84                _f_getcurrenttimedate
 .text._f_initentry
                0x200100bc       0xa0 C:/ISIS/workspace_ycube/GlobusSatProject/..//hal/hcc/lib\libHCCD.a(fat_common.o)
                0x200100bc                _f_initentry
 .text._f_alloccluster
                0x2001015c      0x344 C:/ISIS/workspace_ycube/GlobusSatProject/..//hal/hcc/lib\libHCCD.a(fat_common.o)
                0x2001015c                _f_alloccluster
 .text._f_dobadblock
                0x200104a0      0x2cc C:/ISIS/workspace_ycube/GlobusSatProject/..//hal/hcc/lib\libHCCD.a(fat_common.o)
                0x200104a0                _f_dobadblock
 .text._f_checklocked
                0x2001076c       0xe4 C:/ISIS/workspace_ycube/GlobusSatProject/..//hal/hcc/lib\libHCCD.a(fat_common.o)
                0x2001076c                _f_checklocked
 .text._f_checkappendlocked
                0x20010850      0x110 C:/ISIS/workspace_ycube/GlobusSatProject/..//hal/hcc/lib\libHCCD.a(fat_common.o)
                0x20010850                _f_checkappendlocked
 .text._f_setsyncafile
                0x20010960      0x114 C:/ISIS/workspace_ycube/GlobusSatProject/..//hal/hcc/lib\libHCCD.a(fat_common.o)
                0x20010960                _f_setsyncafile
 .text._f_syncfiles
                0x20010a74      0x128 C:/ISIS/workspace_ycube/GlobusSatProject/..//hal/hcc/lib\libHCCD.a(fat_common.o)
                0x20010a74                _f_syncfiles
 .text._f_syncfilescontent
                0x20010b9c      0x15c C:/ISIS/workspace_ycube/GlobusSatProject/..//hal/hcc/lib\libHCCD.a(fat_common.o)
 .text.fn_getfreespace
                0x20010cf8      0x4c0 C:/ISIS/workspace_ycube/GlobusSatProject/..//hal/hcc/lib\libHCCD.a(fat_common.o)
                0x20010cf8                fn_getfreespace
 .text._f_emptywritecache
                0x200111b8      0x4a4 C:/ISIS/workspace_ycube/GlobusSatProject/..//hal/hcc/lib\libHCCD.a(fat_common.o)
 .text._f_allocnextcluster
                0x2001165c      0x54c C:/ISIS/workspace_ycube/GlobusSatProject/..//hal/hcc/lib\libHCCD.a(fat_common.o)
 .text._f_emptywritebuffer
                0x20011ba8      0x20c C:/ISIS/workspace_ycube/GlobusSatProject/..//hal/hcc/lib\libHCCD.a(fat_common.o)
 .text._f_writezeros
                0x20011db4       0xf0 C:/ISIS/workspace_ycube/GlobusSatProject/..//hal/hcc/lib\libHCCD.a(fat_common.o)
                0x20011db4                _f_writezeros
 .text._f_extend_file
                0x20011ea4      0x570 C:/ISIS/workspace_ycube/GlobusSatProject/..//hal/hcc/lib\libHCCD.a(fat_common.o)
 .text._f_fseek
                0x20012414      0x9bc C:/ISIS/workspace_ycube/GlobusSatProject/..//hal/hcc/lib\libHCCD.a(fat_common.o)
                0x20012414                _f_fseek
 .text._f_removechain
                0x20012dd0      0x104 C:/ISIS/workspace_ycube/GlobusSatProject/..//hal/hcc/lib\libHCCD.a(fat_common.o)
                0x20012dd0                _f_removechain
 .text._f_updatefileentry
                0x20012ed4      0x1cc C:/ISIS/workspace_ycube/GlobusSatProject/..//hal/hcc/lib\libHCCD.a(fat_common.o)
 .text._f_checkreadlocked
                0x200130a0      0x1bc C:/ISIS/workspace_ycube/GlobusSatProject/..//hal/hcc/lib\libHCCD.a(fat_common.o)
                0x200130a0                _f_checkreadlocked
 .text._f_check_handle
                0x2001325c       0x98 C:/ISIS/workspace_ycube/GlobusSatProject/..//hal/hcc/lib\libHCCD.a(fat_common.o)
                0x2001325c                _f_check_handle
 .text._f_removesyncafile
                0x200132f4      0x1ec C:/ISIS/workspace_ycube/GlobusSatProject/..//hal/hcc/lib\libHCCD.a(fat_common.o)
 .text.fn_close
                0x200134e0      0x3f8 C:/ISIS/workspace_ycube/GlobusSatProject/..//hal/hcc/lib\libHCCD.a(fat_common.o)
                0x200134e0                fn_close
 .text.fn_flush
                0x200138d8      0x374 C:/ISIS/workspace_ycube/GlobusSatProject/..//hal/hcc/lib\libHCCD.a(fat_common.o)
                0x200138d8                fn_flush
 .text.fn_read  0x20013c4c      0x690 C:/ISIS/workspace_ycube/GlobusSatProject/..//hal/hcc/lib\libHCCD.a(fat_common.o)
                0x20013c4c                fn_read
 .text._f_abortwrite
                0x200142dc      0x100 C:/ISIS/workspace_ycube/GlobusSatProject/..//hal/hcc/lib\libHCCD.a(fat_common.o)
 .text._f_checkwritecluster
                0x200143dc       0xe4 C:/ISIS/workspace_ycube/GlobusSatProject/..//hal/hcc/lib\libHCCD.a(fat_common.o)
 .text.fn_write
                0x200144c0      0x8a8 C:/ISIS/workspace_ycube/GlobusSatProject/..//hal/hcc/lib\libHCCD.a(fat_common.o)
                0x200144c0                fn_write
 .text.f_enterFS
                0x20014d68      0x1c0 C:/ISIS/workspace_ycube/GlobusSatProject/..//hal/hcc/lib\libHCCD.a(fat_common.o)
                0x20014d68                f_enterFS
 .text.f_releaseFS
                0x20014f28       0xb0 C:/ISIS/workspace_ycube/GlobusSatProject/..//hal/hcc/lib\libHCCD.a(fat_common.o)
                0x20014f28                f_releaseFS
 .text.fnGetTask
                0x20014fd8       0xfc C:/ISIS/workspace_ycube/GlobusSatProject/..//hal/hcc/lib\libHCCD.a(fat_common.o)
                0x20014fd8                fnGetTask
 .text._f_mutex_get
                0x200150d4       0x98 C:/ISIS/workspace_ycube/GlobusSatProject/..//hal/hcc/lib\libHCCD.a(fat_common.o)
                0x200150d4                _f_mutex_get
 .text._f_mutex_put
                0x2001516c       0x54 C:/ISIS/workspace_ycube/GlobusSatProject/..//hal/hcc/lib\libHCCD.a(fat_common.o)
                0x2001516c                _f_mutex_put
 .text._fn_initseekdivisor
                0x200151c0      0x158 C:/ISIS/workspace_ycube/GlobusSatProject/..//hal/hcc/lib\libHCCD.a(fat_common.o)
                0x200151c0                _fn_initseekdivisor
 .text._fn_updateseekpos
                0x20015318       0xc4 C:/ISIS/workspace_ycube/GlobusSatProject/..//hal/hcc/lib\libHCCD.a(fat_common.o)
 .text._f_findopensize
                0x200153dc       0x2c C:/ISIS/workspace_ycube/GlobusSatProject/..//hal/hcc/lib\libHCCD.a(fat_common.o)
                0x200153dc                _f_findopensize
 .text.fn_setlasterror
                0x20015408       0x34 C:/ISIS/workspace_ycube/GlobusSatProject/..//hal/hcc/lib\libHCCD.a(fat_common.o)
                0x20015408                fn_setlasterror
 .text.fn_setlasterror_noret
                0x2001543c       0x2c C:/ISIS/workspace_ycube/GlobusSatProject/..//hal/hcc/lib\libHCCD.a(fat_common.o)
                0x2001543c                fn_setlasterror_noret
 .text.fm_initvolume
                0x20015468       0x70 C:/ISIS/workspace_ycube/GlobusSatProject/..//hal/hcc/lib\libHCCD.a(fat_m.o)
                0x20015468                fm_initvolume
 .text.fm_getdrive
                0x200154d8       0x70 C:/ISIS/workspace_ycube/GlobusSatProject/..//hal/hcc/lib\libHCCD.a(fat_m.o)
                0x200154d8                fm_getdrive
 .text.fm_getfreespace
                0x20015548       0x68 C:/ISIS/workspace_ycube/GlobusSatProject/..//hal/hcc/lib\libHCCD.a(fat_m.o)
                0x20015548                fm_getfreespace
 .text.fm_findfirst
                0x200155b0       0x68 C:/ISIS/workspace_ycube/GlobusSatProject/..//hal/hcc/lib\libHCCD.a(fat_m.o)
                0x200155b0                fm_findfirst
 .text.fm_findnext
                0x20015618       0x60 C:/ISIS/workspace_ycube/GlobusSatProject/..//hal/hcc/lib\libHCCD.a(fat_m.o)
                0x20015618                fm_findnext
 .text.fm_close
                0x20015678       0x60 C:/ISIS/workspace_ycube/GlobusSatProject/..//hal/hcc/lib\libHCCD.a(fat_m.o)
                0x20015678                fm_close
 .text.fm_flush
                0x200156d8       0x60 C:/ISIS/workspace_ycube/GlobusSatProject/..//hal/hcc/lib\libHCCD.a(fat_m.o)
                0x200156d8                fm_flush
 .text.fm_open  0x20015738       0x68 C:/ISIS/workspace_ycube/GlobusSatProject/..//hal/hcc/lib\libHCCD.a(fat_m.o)
                0x20015738                fm_open
 .text.fm_read  0x200157a0       0x7c C:/ISIS/workspace_ycube/GlobusSatProject/..//hal/hcc/lib\libHCCD.a(fat_m.o)
                0x200157a0                fm_read
 .text.fm_write
                0x2001581c       0x7c C:/ISIS/workspace_ycube/GlobusSatProject/..//hal/hcc/lib\libHCCD.a(fat_m.o)
                0x2001581c                fm_write
 .text.fm_delete
                0x20015898       0x64 C:/ISIS/workspace_ycube/GlobusSatProject/..//hal/hcc/lib\libHCCD.a(fat_m.o)
                0x20015898                fm_delete
 .text.fm_getlasterror
                0x200158fc       0x40 C:/ISIS/workspace_ycube/GlobusSatProject/..//hal/hcc/lib\libHCCD.a(fat_m.o)
                0x200158fc                fm_getlasterror
 .text._s_checkzeroclusteratend
                0x2001593c       0xf8 C:/ISIS/workspace_ycube/GlobusSatProject/..//hal/hcc/lib\libHCCD.a(safefat.o)
 .text._s_clearclustercontent
                0x20015a34      0x108 C:/ISIS/workspace_ycube/GlobusSatProject/..//hal/hcc/lib\libHCCD.a(safefat.o)
 .text._s_clearclustercontentdir
                0x20015b3c      0x19c C:/ISIS/workspace_ycube/GlobusSatProject/..//hal/hcc/lib\libHCCD.a(safefat.o)
 .text._s_writedirsector
                0x20015cd8       0xd0 C:/ISIS/workspace_ycube/GlobusSatProject/..//hal/hcc/lib\libHCCD.a(safefat.o)
 .text._s_getdirsector
                0x20015da8      0x100 C:/ISIS/workspace_ycube/GlobusSatProject/..//hal/hcc/lib\libHCCD.a(safefat.o)
 .text._s_addentry
                0x20015ea8      0x394 C:/ISIS/workspace_ycube/GlobusSatProject/..//hal/hcc/lib\libHCCD.a(safefat.o)
 .text._s_findfile
                0x2001623c      0x33c C:/ISIS/workspace_ycube/GlobusSatProject/..//hal/hcc/lib\libHCCD.a(safefat.o)
 .text._s_findsubdir
                0x20016578      0x248 C:/ISIS/workspace_ycube/GlobusSatProject/..//hal/hcc/lib\libHCCD.a(safefat.o)
 .text._s_createfile
                0x200167c0      0x190 C:/ISIS/workspace_ycube/GlobusSatProject/..//hal/hcc/lib\libHCCD.a(safefat.o)
 .text._s_findsaffile
                0x20016950      0x1b8 C:/ISIS/workspace_ycube/GlobusSatProject/..//hal/hcc/lib\libHCCD.a(safefat.o)
 .text._s_open  0x20016b08       0xe4 C:/ISIS/workspace_ycube/GlobusSatProject/..//hal/hcc/lib\libHCCD.a(safefat.o)
 .text._s_open_saf
                0x20016bec       0xe8 C:/ISIS/workspace_ycube/GlobusSatProject/..//hal/hcc/lib\libHCCD.a(safefat.o)
 .text._s_flush
                0x20016cd4       0x84 C:/ISIS/workspace_ycube/GlobusSatProject/..//hal/hcc/lib\libHCCD.a(safefat.o)
 .text._s_allocnextcluster
                0x20016d58      0x13c C:/ISIS/workspace_ycube/GlobusSatProject/..//hal/hcc/lib\libHCCD.a(safefat.o)
 .text._s_getnextsector
                0x20016e94       0xdc C:/ISIS/workspace_ycube/GlobusSatProject/..//hal/hcc/lib\libHCCD.a(safefat.o)
 .text._s_seek  0x20016f70      0x1e8 C:/ISIS/workspace_ycube/GlobusSatProject/..//hal/hcc/lib\libHCCD.a(safefat.o)
 .text._s_read  0x20017158      0x228 C:/ISIS/workspace_ycube/GlobusSatProject/..//hal/hcc/lib\libHCCD.a(safefat.o)
 .text._s_write
                0x20017380      0x384 C:/ISIS/workspace_ycube/GlobusSatProject/..//hal/hcc/lib\libHCCD.a(safefat.o)
 .text._s_restoreclusters
                0x20017704      0x270 C:/ISIS/workspace_ycube/GlobusSatProject/..//hal/hcc/lib\libHCCD.a(safefat.o)
                0x20017704                _s_restoreclusters
 .text._s_findrestore
                0x20017974      0x18c C:/ISIS/workspace_ycube/GlobusSatProject/..//hal/hcc/lib\libHCCD.a(safefat.o)
 .text._s_cmd_writede
                0x20017b00       0xd8 C:/ISIS/workspace_ycube/GlobusSatProject/..//hal/hcc/lib\libHCCD.a(safefat.o)
 .text._s_cmd_setcluster
                0x20017bd8       0x88 C:/ISIS/workspace_ycube/GlobusSatProject/..//hal/hcc/lib\libHCCD.a(safefat.o)
 .text._s_cmd_deletechain
                0x20017c60      0x100 C:/ISIS/workspace_ycube/GlobusSatProject/..//hal/hcc/lib\libHCCD.a(safefat.o)
 .text._s_cmd_validatecfn
                0x20017d60      0x308 C:/ISIS/workspace_ycube/GlobusSatProject/..//hal/hcc/lib\libHCCD.a(safefat.o)
 .text._s_cmd_seteof
                0x20018068      0x3c4 C:/ISIS/workspace_ycube/GlobusSatProject/..//hal/hcc/lib\libHCCD.a(safefat.o)
 .text.safe_docommands
                0x2001842c      0x56c C:/ISIS/workspace_ycube/GlobusSatProject/..//hal/hcc/lib\libHCCD.a(safefat.o)
                0x2001842c                safe_docommands
 .text.safe_entercommand
                0x20018998       0x68 C:/ISIS/workspace_ycube/GlobusSatProject/..//hal/hcc/lib\libHCCD.a(safefat.o)
                0x20018998                safe_entercommand
 .text.safe_ready
                0x20018a00       0xf4 C:/ISIS/workspace_ycube/GlobusSatProject/..//hal/hcc/lib\libHCCD.a(safefat.o)
                0x20018a00                safe_ready
 .text.safe_copycfn
                0x20018af4       0xb8 C:/ISIS/workspace_ycube/GlobusSatProject/..//hal/hcc/lib\libHCCD.a(safefat.o)
                0x20018af4                safe_copycfn
 .text.safe_cfremove
                0x20018bac       0xb8 C:/ISIS/workspace_ycube/GlobusSatProject/..//hal/hcc/lib\libHCCD.a(safefat.o)
                0x20018bac                safe_cfremove
 .text.safe_writede
                0x20018c64      0x104 C:/ISIS/workspace_ycube/GlobusSatProject/..//hal/hcc/lib\libHCCD.a(safefat.o)
                0x20018c64                safe_writede
 .text.safe_setcluster
                0x20018d68       0xcc C:/ISIS/workspace_ycube/GlobusSatProject/..//hal/hcc/lib\libHCCD.a(safefat.o)
                0x20018d68                safe_setcluster
 .text.safe_deletechain
                0x20018e34      0x1c8 C:/ISIS/workspace_ycube/GlobusSatProject/..//hal/hcc/lib\libHCCD.a(safefat.o)
                0x20018e34                safe_deletechain
 .text.safe_cfclose
                0x20018ffc      0x104 C:/ISIS/workspace_ycube/GlobusSatProject/..//hal/hcc/lib\libHCCD.a(safefat.o)
                0x20018ffc                safe_cfclose
 .text.safe_cfflush
                0x20019100      0x124 C:/ISIS/workspace_ycube/GlobusSatProject/..//hal/hcc/lib\libHCCD.a(safefat.o)
                0x20019100                safe_cfflush
 .text.safe_reset
                0x20019224       0x78 C:/ISIS/workspace_ycube/GlobusSatProject/..//hal/hcc/lib\libHCCD.a(safefat.o)
                0x20019224                safe_reset
 .text.safe_loadcommands
                0x2001929c       0x78 C:/ISIS/workspace_ycube/GlobusSatProject/..//hal/hcc/lib\libHCCD.a(safefat.o)
                0x2001929c                safe_loadcommands
 .text.safe_poweron
                0x20019314      0x1fc C:/ISIS/workspace_ycube/GlobusSatProject/..//hal/hcc/lib\libHCCD.a(safefat.o)
                0x20019314                safe_poweron
 .text.cf_getname
                0x20019510       0xc0 C:/ISIS/workspace_ycube/GlobusSatProject/..//hal/hcc/lib\libHCCD.a(safefat.o)
 .text.cf_copyclusterchain
                0x200195d0      0x138 C:/ISIS/workspace_ycube/GlobusSatProject/..//hal/hcc/lib\libHCCD.a(safefat.o)
 .text.cf_seektozero
                0x20019708       0x94 C:/ISIS/workspace_ycube/GlobusSatProject/..//hal/hcc/lib\libHCCD.a(safefat.o)
                0x20019708                cf_seektozero
 .text.cf_create
                0x2001979c      0x3a8 C:/ISIS/workspace_ycube/GlobusSatProject/..//hal/hcc/lib\libHCCD.a(safefat.o)
                0x2001979c                cf_create
 .text.cf_copyclustercontent
                0x20019b44      0x128 C:/ISIS/workspace_ycube/GlobusSatProject/..//hal/hcc/lib\libHCCD.a(safefat.o)
                0x20019b44                cf_copyclustercontent
 .text.cf_copycfn
                0x20019c6c      0x4bc C:/ISIS/workspace_ycube/GlobusSatProject/..//hal/hcc/lib\libHCCD.a(safefat.o)
                0x20019c6c                cf_copycfn
 .text.cf_remove
                0x2001a128      0x344 C:/ISIS/workspace_ycube/GlobusSatProject/..//hal/hcc/lib\libHCCD.a(safefat.o)
                0x2001a128                cf_remove
 .text.cf_setclusternew
                0x2001a46c       0xf0 C:/ISIS/workspace_ycube/GlobusSatProject/..//hal/hcc/lib\libHCCD.a(safefat.o)
                0x2001a46c                cf_setclusternew
 .text.cf_flush
                0x2001a55c       0x58 C:/ISIS/workspace_ycube/GlobusSatProject/..//hal/hcc/lib\libHCCD.a(safefat.o)
                0x2001a55c                cf_flush
 .text.cf_getcluster
                0x2001a5b4      0x1b4 C:/ISIS/workspace_ycube/GlobusSatProject/..//hal/hcc/lib\libHCCD.a(safefat.o)
                0x2001a5b4                cf_getcluster
 .text.cf_setnextcluster
                0x2001a768      0x194 C:/ISIS/workspace_ycube/GlobusSatProject/..//hal/hcc/lib\libHCCD.a(safefat.o)
                0x2001a768                cf_setnextcluster
 .text.cf_getpositions
                0x2001a8fc       0xbc C:/ISIS/workspace_ycube/GlobusSatProject/..//hal/hcc/lib\libHCCD.a(safefat.o)
                0x2001a8fc                cf_getpositions
 .text.cf_setpositions
                0x2001a9b8       0xb0 C:/ISIS/workspace_ycube/GlobusSatProject/..//hal/hcc/lib\libHCCD.a(safefat.o)
                0x2001a9b8                cf_setpositions
 .text.cf_opensyncafile
                0x2001aa68      0x150 C:/ISIS/workspace_ycube/GlobusSatProject/..//hal/hcc/lib\libHCCD.a(safefat.o)
                0x2001aa68                cf_opensyncafile
 .text.cf_reloadcfo
                0x2001abb8       0xd8 C:/ISIS/workspace_ycube/GlobusSatProject/..//hal/hcc/lib\libHCCD.a(safefat.o)
                0x2001abb8                cf_reloadcfo
 .text.mcipdc_cmd
                0x2001ac90      0x22c C:/ISIS/workspace_ycube/GlobusSatProject/..//hal/hcc/lib\libHCCD.a(atmel_mcipdc.o)
 .text.mcipdc_stop
                0x2001aebc       0xfc C:/ISIS/workspace_ycube/GlobusSatProject/..//hal/hcc/lib\libHCCD.a(atmel_mcipdc.o)
                0x2001aebc                mcipdc_stop
 .text.mcipdc_read
                0x2001afb8      0x27c C:/ISIS/workspace_ycube/GlobusSatProject/..//hal/hcc/lib\libHCCD.a(atmel_mcipdc.o)
 .text.mcipdc_write
                0x2001b234      0x298 C:/ISIS/workspace_ycube/GlobusSatProject/..//hal/hcc/lib\libHCCD.a(atmel_mcipdc.o)
 .text.mcipdc_readsector
                0x2001b4cc       0x9c C:/ISIS/workspace_ycube/GlobusSatProject/..//hal/hcc/lib\libHCCD.a(atmel_mcipdc.o)
                0x2001b4cc                mcipdc_readsector
 .text.mcipdc_readmultiplesector
                0x2001b568      0x124 C:/ISIS/workspace_ycube/GlobusSatProject/..//hal/hcc/lib\libHCCD.a(atmel_mcipdc.o)
                0x2001b568                mcipdc_readmultiplesector
 .text.mcipdc_writesector
                0x2001b68c       0x90 C:/ISIS/workspace_ycube/GlobusSatProject/..//hal/hcc/lib\libHCCD.a(atmel_mcipdc.o)
                0x2001b68c                mcipdc_writesector
 .text.mcipdc_writemultiplesector
                0x2001b71c      0x120 C:/ISIS/workspace_ycube/GlobusSatProject/..//hal/hcc/lib\libHCCD.a(atmel_mcipdc.o)
                0x2001b71c                mcipdc_writemultiplesector
 .text.mcipdc_set_speed
                0x2001b83c       0xb0 C:/ISIS/workspace_ycube/GlobusSatProject/..//hal/hcc/lib\libHCCD.a(atmel_mcipdc.o)
 .text.mcipdc_get_speed
                0x2001b8ec       0x48 C:/ISIS/workspace_ycube/GlobusSatProject/..//hal/hcc/lib\libHCCD.a(atmel_mcipdc.o)
 .text._get_csd_bits
                0x2001b934      0x14c C:/ISIS/workspace_ycube/GlobusSatProject/..//hal/hcc/lib\libHCCD.a(atmel_mcipdc.o)
 .text.mcipdc_initcard
                0x2001ba80      0x8f4 C:/ISIS/workspace_ycube/GlobusSatProject/..//hal/hcc/lib\libHCCD.a(atmel_mcipdc.o)
 .text.mcipdc_getstatus
                0x2001c374       0xe8 C:/ISIS/workspace_ycube/GlobusSatProject/..//hal/hcc/lib\libHCCD.a(atmel_mcipdc.o)
 .text.mcipdc_getphy
                0x2001c45c       0x90 C:/ISIS/workspace_ycube/GlobusSatProject/..//hal/hcc/lib\libHCCD.a(atmel_mcipdc.o)
 .text.mcipdc_release
                0x2001c4ec       0x50 C:/ISIS/workspace_ycube/GlobusSatProject/..//hal/hcc/lib\libHCCD.a(atmel_mcipdc.o)
 .text.atmel_mcipdc_initfunc
                0x2001c53c      0x160 C:/ISIS/workspace_ycube/GlobusSatProject/..//hal/hcc/lib\libHCCD.a(atmel_mcipdc.o)
                0x2001c53c                atmel_mcipdc_initfunc
 .text.oal_mutex_create
                0x2001c69c       0x54 C:/ISIS/workspace_ycube/GlobusSatProject/..//hal/hcc/lib\libHCCD.a(oalp_mutex.o)
                0x2001c69c                oal_mutex_create
 .text.oal_mutex_delete
                0x2001c6f0       0x30 C:/ISIS/workspace_ycube/GlobusSatProject/..//hal/hcc/lib\libHCCD.a(oalp_mutex.o)
                0x2001c6f0                oal_mutex_delete
 .text.oal_mutex_get
                0x2001c720       0x58 C:/ISIS/workspace_ycube/GlobusSatProject/..//hal/hcc/lib\libHCCD.a(oalp_mutex.o)
                0x2001c720                oal_mutex_get
 .text.oal_mutex_put
                0x2001c778       0x58 C:/ISIS/workspace_ycube/GlobusSatProject/..//hal/hcc/lib\libHCCD.a(oalp_mutex.o)
                0x2001c778                oal_mutex_put
 .text.oal_task_get_id
                0x2001c7d0       0x18 C:/ISIS/workspace_ycube/GlobusSatProject/..//hal/hcc/lib\libHCCD.a(oalp_task.o)
                0x2001c7d0                oal_task_get_id
 .text.mcipdc_hw_init
                0x2001c7e8       0xe8 C:/ISIS/workspace_ycube/GlobusSatProject/..//hal/hcc/lib\libHCCD.a(atmel_mcipdc_hw.o)
                0x2001c7e8                mcipdc_hw_init
 .text.mcipdc_hw_delete
                0x2001c8d0       0x78 C:/ISIS/workspace_ycube/GlobusSatProject/..//hal/hcc/lib\libHCCD.a(atmel_mcipdc_hw.o)
                0x2001c8d0                mcipdc_hw_delete
 .text.mcipdc_hw_card_plugged
                0x2001c948       0x1c C:/ISIS/workspace_ycube/GlobusSatProject/..//hal/hcc/lib\libHCCD.a(atmel_mcipdc_hw.o)
                0x2001c948                mcipdc_hw_card_plugged
 .text.mcipdc_hw_card_writeprotect
                0x2001c964       0x1c C:/ISIS/workspace_ycube/GlobusSatProject/..//hal/hcc/lib\libHCCD.a(atmel_mcipdc_hw.o)
                0x2001c964                mcipdc_hw_card_writeprotect
 .text.psp_getcurrenttimedate
                0x2001c980       0x8c C:/ISIS/workspace_ycube/GlobusSatProject/..//hal/hcc/lib\libHCCD.a(psp_rtc.o)
                0x2001c980                psp_getcurrenttimedate
 .text._hcc_get_buf_dsc
                0x2001ca0c       0x8c C:/ISIS/workspace_ycube/GlobusSatProject/..//hal/hcc/lib\libHCCD.a(hcc_mem.o)
 .text._hcc_check_free_pages
                0x2001ca98      0x18c C:/ISIS/workspace_ycube/GlobusSatProject/..//hal/hcc/lib\libHCCD.a(hcc_mem.o)
 .text._hcc_mark_pages
                0x2001cc24      0x158 C:/ISIS/workspace_ycube/GlobusSatProject/..//hal/hcc/lib\libHCCD.a(hcc_mem.o)
 .text._hcc_clear_lock_dsc
                0x2001cd7c       0x80 C:/ISIS/workspace_ycube/GlobusSatProject/..//hal/hcc/lib\libHCCD.a(hcc_mem.o)
 .text._hcc_lock_access
                0x2001cdfc      0x128 C:/ISIS/workspace_ycube/GlobusSatProject/..//hal/hcc/lib\libHCCD.a(hcc_mem.o)
 .text._hcc_unlock_access
                0x2001cf24       0x30 C:/ISIS/workspace_ycube/GlobusSatProject/..//hal/hcc/lib\libHCCD.a(hcc_mem.o)
 .text.hcc_mem_alloc
                0x2001cf54      0x454 C:/ISIS/workspace_ycube/GlobusSatProject/..//hal/hcc/lib\libHCCD.a(hcc_mem.o)
                0x2001cf54                hcc_mem_alloc
 .text.hcc_mem_free
                0x2001d3a8      0x178 C:/ISIS/workspace_ycube/GlobusSatProject/..//hal/hcc/lib\libHCCD.a(hcc_mem.o)
                0x2001d3a8                hcc_mem_free
 .text.hcc_mem_add
                0x2001d520      0x3b0 C:/ISIS/workspace_ycube/GlobusSatProject/..//hal/hcc/lib\libHCCD.a(hcc_mem.o)
                0x2001d520                hcc_mem_add
 .text.hcc_mem_init
                0x2001d8d0      0x164 C:/ISIS/workspace_ycube/GlobusSatProject/..//hal/hcc/lib\libHCCD.a(hcc_mem.o)
                0x2001d8d0                hcc_mem_init
 .text._f_invalidatedir
                0x2001da34       0x28 C:/ISIS/workspace_ycube/GlobusSatProject/..//hal/hcc/lib\libHCCD.a(fat.o)
                0x2001da34                _f_invalidatedir
 .text._f_getdirsector
                0x2001da5c       0x88 C:/ISIS/workspace_ycube/GlobusSatProject/..//hal/hcc/lib\libHCCD.a(fat.o)
                0x2001da5c                _f_getdirsector
 .text._f_writedirsector
                0x2001dae4       0x74 C:/ISIS/workspace_ycube/GlobusSatProject/..//hal/hcc/lib\libHCCD.a(fat.o)
                0x2001dae4                _f_writedirsector
 .text._f_checknameinv
                0x2001db58      0x180 C:/ISIS/workspace_ycube/GlobusSatProject/..//hal/hcc/lib\libHCCD.a(fat.o)
 .text._f_checkname
                0x2001dcd8       0x7c C:/ISIS/workspace_ycube/GlobusSatProject/..//hal/hcc/lib\libHCCD.a(fat.o)
 .text._f_checknamewc
                0x2001dd54       0xf8 C:/ISIS/workspace_ycube/GlobusSatProject/..//hal/hcc/lib\libHCCD.a(fat.o)
 .text._f_setnameext
                0x2001de4c      0x300 C:/ISIS/workspace_ycube/GlobusSatProject/..//hal/hcc/lib\libHCCD.a(fat.o)
 .text._f_setfsname
                0x2001e14c      0x584 C:/ISIS/workspace_ycube/GlobusSatProject/..//hal/hcc/lib\libHCCD.a(fat.o)
 .text._f_findfile
                0x2001e6d0      0x30c C:/ISIS/workspace_ycube/GlobusSatProject/..//hal/hcc/lib\libHCCD.a(fat.o)
 .text._f_cmp_wname
                0x2001e9dc      0x274 C:/ISIS/workspace_ycube/GlobusSatProject/..//hal/hcc/lib\libHCCD.a(fat.o)
 .text._f_to_string
                0x2001ec50      0x130 C:/ISIS/workspace_ycube/GlobusSatProject/..//hal/hcc/lib\libHCCD.a(fat.o)
 .text._f_findfilewc
                0x2001ed80      0x278 C:/ISIS/workspace_ycube/GlobusSatProject/..//hal/hcc/lib\libHCCD.a(fat.o)
 .text._f_getfilename
                0x2001eff8      0x20c C:/ISIS/workspace_ycube/GlobusSatProject/..//hal/hcc/lib\libHCCD.a(fat.o)
 .text._f_findpath
                0x2001f204      0x35c C:/ISIS/workspace_ycube/GlobusSatProject/..//hal/hcc/lib\libHCCD.a(fat.o)
 .text.fn_getdcwd
                0x2001f560      0x1e0 C:/ISIS/workspace_ycube/GlobusSatProject/..//hal/hcc/lib\libHCCD.a(fat.o)
                0x2001f560                fn_getdcwd
 .text.fn_findfirst
                0x2001f740      0x13c C:/ISIS/workspace_ycube/GlobusSatProject/..//hal/hcc/lib\libHCCD.a(fat.o)
                0x2001f740                fn_findfirst
 .text.fn_findnext
                0x2001f87c      0x360 C:/ISIS/workspace_ycube/GlobusSatProject/..//hal/hcc/lib\libHCCD.a(fat.o)
                0x2001f87c                fn_findnext
 .text._f_lock_resfile
                0x2001fbdc       0x6c C:/ISIS/workspace_ycube/GlobusSatProject/..//hal/hcc/lib\libHCCD.a(fat.o)
 .text._f_unlock_resfile
                0x2001fc48       0x40 C:/ISIS/workspace_ycube/GlobusSatProject/..//hal/hcc/lib\libHCCD.a(fat.o)
 .text._f_getintfile
                0x2001fc88      0x124 C:/ISIS/workspace_ycube/GlobusSatProject/..//hal/hcc/lib\libHCCD.a(fat.o)
 .text._f_addentry
                0x2001fdac      0x540 C:/ISIS/workspace_ycube/GlobusSatProject/..//hal/hcc/lib\libHCCD.a(fat.o)
 .text.fn_open_sub
                0x200202ec     0x1698 C:/ISIS/workspace_ycube/GlobusSatProject/..//hal/hcc/lib\libHCCD.a(fat.o)
 .text.fn_open  0x20021984       0x44 C:/ISIS/workspace_ycube/GlobusSatProject/..//hal/hcc/lib\libHCCD.a(fat.o)
                0x20021984                fn_open
 .text.fn_delete
                0x200219c8      0x490 C:/ISIS/workspace_ycube/GlobusSatProject/..//hal/hcc/lib\libHCCD.a(fat.o)
                0x200219c8                fn_delete
 .text.hcc_mem_buf_alloc
                0x20021e58       0xe4 C:/ISIS/workspace_ycube/GlobusSatProject/..//hal/hcc/lib\libHCCD.a(psp_hcc_mem.o)
                0x20021e58                hcc_mem_buf_alloc
 .text.makeAntStransfer
                0x20021f3c       0x4c C:/ISIS/workspace_ycube/satellite-subsystems/satellite-subsystems/lib\libSatelliteSubsystemsD.a(IsisAntS.o)
 .text.checkInputsValid
                0x20021f88       0x7c C:/ISIS/workspace_ycube/satellite-subsystems/satellite-subsystems/lib\libSatelliteSubsystemsD.a(IsisAntS.o)
 .text.IsisAntS_initialize
                0x20022004      0x26c C:/ISIS/workspace_ycube/satellite-subsystems/satellite-subsystems/lib\libSatelliteSubsystemsD.a(IsisAntS.o)
                0x20022004                IsisAntS_initialize
 .text.IsisAntS_setArmStatus
                0x20022270      0x104 C:/ISIS/workspace_ycube/satellite-subsystems/satellite-subsystems/lib\libSatelliteSubsystemsD.a(IsisAntS.o)
                0x20022270                IsisAntS_setArmStatus
 .text.IsisAntS_getStatusData
                0x20022374      0x120 C:/ISIS/workspace_ycube/satellite-subsystems/satellite-subsystems/lib\libSatelliteSubsystemsD.a(IsisAntS.o)
                0x20022374                IsisAntS_getStatusData
 .text.IsisAntS_getUptime
                0x20022494      0x120 C:/ISIS/workspace_ycube/satellite-subsystems/satellite-subsystems/lib\libSatelliteSubsystemsD.a(IsisAntS.o)
                0x20022494                IsisAntS_getUptime
 .text.IsisAntS_getAlltelemetry
                0x200225b4      0x120 C:/ISIS/workspace_ycube/satellite-subsystems/satellite-subsystems/lib\libSatelliteSubsystemsD.a(IsisAntS.o)
                0x200225b4                IsisAntS_getAlltelemetry
 .text.IsisAntS_reset
                0x200226d4      0x104 C:/ISIS/workspace_ycube/satellite-subsystems/satellite-subsystems/lib\libSatelliteSubsystemsD.a(IsisAntS.o)
                0x200226d4                IsisAntS_reset
 .text.IsisAntS_cancelDeployment
                0x200227d8      0x104 C:/ISIS/workspace_ycube/satellite-subsystems/satellite-subsystems/lib\libSatelliteSubsystemsD.a(IsisAntS.o)
                0x200227d8                IsisAntS_cancelDeployment
 .text.IsisAntS_autoDeployment
                0x200228dc      0x114 C:/ISIS/workspace_ycube/satellite-subsystems/satellite-subsystems/lib\libSatelliteSubsystemsD.a(IsisAntS.o)
                0x200228dc                IsisAntS_autoDeployment
 .text.IsisSolarPanelv2_initialize
                0x200229f0       0xb4 C:/ISIS/workspace_ycube/satellite-subsystems/satellite-subsystems/lib\libSatelliteSubsystemsD.a(IsisSolarPanelv2.o)
                0x200229f0                IsisSolarPanelv2_initialize
 .text.IsisSolarPanelv2_getTemperature
                0x20022aa4       0xc8 C:/ISIS/workspace_ycube/satellite-subsystems/satellite-subsystems/lib\libSatelliteSubsystemsD.a(IsisSolarPanelv2.o)
                0x20022aa4                IsisSolarPanelv2_getTemperature
 .text.IsisSolarPanelv2_getState
                0x20022b6c       0x24 C:/ISIS/workspace_ycube/satellite-subsystems/satellite-subsystems/lib\libSatelliteSubsystemsD.a(IsisSolarPanelv2.o)
                0x20022b6c                IsisSolarPanelv2_getState
 .text._Reset   0x20022b90       0x20 C:/ISIS/workspace_ycube/satellite-subsystems/satellite-subsystems/lib\libSatelliteSubsystemsD.a(IsisSolarPanelv2.o)
 .text._WaitForStartup
                0x20022bb0       0x90 C:/ISIS/workspace_ycube/satellite-subsystems/satellite-subsystems/lib\libSatelliteSubsystemsD.a(IsisSolarPanelv2.o)
 .text._AssignAllChannels
                0x20022c40       0x90 C:/ISIS/workspace_ycube/satellite-subsystems/satellite-subsystems/lib\libSatelliteSubsystemsD.a(IsisSolarPanelv2.o)
 .text._AssignThisChannel
                0x20022cd0       0xe8 C:/ISIS/workspace_ycube/satellite-subsystems/satellite-subsystems/lib\libSatelliteSubsystemsD.a(IsisSolarPanelv2.o)
 .text._InitiateConversion
                0x20022db8       0xac C:/ISIS/workspace_ycube/satellite-subsystems/satellite-subsystems/lib\libSatelliteSubsystemsD.a(IsisSolarPanelv2.o)
 .text._WaitForConversionComplete
                0x20022e64      0x100 C:/ISIS/workspace_ycube/satellite-subsystems/satellite-subsystems/lib\libSatelliteSubsystemsD.a(IsisSolarPanelv2.o)
 .text._ReadResult
                0x20022f64      0x158 C:/ISIS/workspace_ycube/satellite-subsystems/satellite-subsystems/lib\libSatelliteSubsystemsD.a(IsisSolarPanelv2.o)
 .text._ExtractByte
                0x200230bc       0x38 C:/ISIS/workspace_ycube/satellite-subsystems/satellite-subsystems/lib\libSatelliteSubsystemsD.a(IsisSolarPanelv2.o)
 .text._ExtendSign
                0x200230f4       0x6c C:/ISIS/workspace_ycube/satellite-subsystems/satellite-subsystems/lib\libSatelliteSubsystemsD.a(IsisSolarPanelv2.o)
 .text._PinsInit
                0x20023160       0x50 C:/ISIS/workspace_ycube/satellite-subsystems/satellite-subsystems/lib\libSatelliteSubsystemsD.a(IsisSolarPanelv2.o)
 .text._SpiWriteRead
                0x200231b0       0x70 C:/ISIS/workspace_ycube/satellite-subsystems/satellite-subsystems/lib\libSatelliteSubsystemsD.a(IsisSolarPanelv2.o)
 .text.IsisTrxvu_initialize
                0x20023220      0x2f4 C:/ISIS/workspace_ycube/satellite-subsystems/satellite-subsystems/lib\libSatelliteSubsystemsD.a(IsisTRXVU.o)
                0x20023220                IsisTrxvu_initialize
 .text.makeTRXVUtransfer
                0x20023514       0x44 C:/ISIS/workspace_ycube/satellite-subsystems/satellite-subsystems/lib\libSatelliteSubsystemsD.a(IsisTRXVU.o)
 .text.IsisTrxvu_componentSoftReset
                0x20023558       0x6c C:/ISIS/workspace_ycube/satellite-subsystems/satellite-subsystems/lib\libSatelliteSubsystemsD.a(IsisTRXVU.o)
                0x20023558                IsisTrxvu_componentSoftReset
 .text.IsisTrxvu_componentHardReset
                0x200235c4       0xc8 C:/ISIS/workspace_ycube/satellite-subsystems/satellite-subsystems/lib\libSatelliteSubsystemsD.a(IsisTRXVU.o)
                0x200235c4                IsisTrxvu_componentHardReset
 .text.IsisTrxvu_softReset
                0x2002368c       0x74 C:/ISIS/workspace_ycube/satellite-subsystems/satellite-subsystems/lib\libSatelliteSubsystemsD.a(IsisTRXVU.o)
                0x2002368c                IsisTrxvu_softReset
 .text.IsisTrxvu_hardReset
                0x20023700       0x74 C:/ISIS/workspace_ycube/satellite-subsystems/satellite-subsystems/lib\libSatelliteSubsystemsD.a(IsisTRXVU.o)
                0x20023700                IsisTrxvu_hardReset
 .text.IsisTrxvu_tcSendAX25DefClSign
                0x20023774       0xec C:/ISIS/workspace_ycube/satellite-subsystems/satellite-subsystems/lib\libSatelliteSubsystemsD.a(IsisTRXVU.o)
                0x20023774                IsisTrxvu_tcSendAX25DefClSign
 .text.IsisTrxvu_tcSetIdlestate
                0x20023860       0xa4 C:/ISIS/workspace_ycube/satellite-subsystems/satellite-subsystems/lib\libSatelliteSubsystemsD.a(IsisTRXVU.o)
                0x20023860                IsisTrxvu_tcSetIdlestate
 .text.IsisTrxvu_tcSetAx25Bitrate
                0x20023904       0xc4 C:/ISIS/workspace_ycube/satellite-subsystems/satellite-subsystems/lib\libSatelliteSubsystemsD.a(IsisTRXVU.o)
                0x20023904                IsisTrxvu_tcSetAx25Bitrate
 .text.IsisTrxvu_tcGetUptime
                0x200239c8       0xa0 C:/ISIS/workspace_ycube/satellite-subsystems/satellite-subsystems/lib\libSatelliteSubsystemsD.a(IsisTRXVU.o)
                0x200239c8                IsisTrxvu_tcGetUptime
 .text.IsisTrxvu_tcGetState
                0x20023a68       0xd0 C:/ISIS/workspace_ycube/satellite-subsystems/satellite-subsystems/lib\libSatelliteSubsystemsD.a(IsisTRXVU.o)
                0x20023a68                IsisTrxvu_tcGetState
 .text.IsisTrxvu_tcGetTelemetryAll
                0x20023b38       0xd0 C:/ISIS/workspace_ycube/satellite-subsystems/satellite-subsystems/lib\libSatelliteSubsystemsD.a(IsisTRXVU.o)
                0x20023b38                IsisTrxvu_tcGetTelemetryAll
 .text.IsisTrxvu_rcGetFrameCount
                0x20023c08       0xa0 C:/ISIS/workspace_ycube/satellite-subsystems/satellite-subsystems/lib\libSatelliteSubsystemsD.a(IsisTRXVU.o)
                0x20023c08                IsisTrxvu_rcGetFrameCount
 .text.IsisTrxvu_rcGetCommandFrame
                0x20023ca8      0x2d8 C:/ISIS/workspace_ycube/satellite-subsystems/satellite-subsystems/lib\libSatelliteSubsystemsD.a(IsisTRXVU.o)
                0x20023ca8                IsisTrxvu_rcGetCommandFrame
 .text.IsisTrxvu_rcGetTelemetryAll
                0x20023f80       0xd0 C:/ISIS/workspace_ycube/satellite-subsystems/satellite-subsystems/lib\libSatelliteSubsystemsD.a(IsisTRXVU.o)
                0x20023f80                IsisTrxvu_rcGetTelemetryAll
 .text.IsisTrxvu_rcGetUptime
                0x20024050       0xa0 C:/ISIS/workspace_ycube/satellite-subsystems/satellite-subsystems/lib\libSatelliteSubsystemsD.a(IsisTRXVU.o)
                0x20024050                IsisTrxvu_rcGetUptime
 .text.ISIS_EPS_Init
                0x200240f0       0xc8 C:/ISIS/workspace_ycube/satellite-subsystems/satellite-subsystems/lib\libSatelliteSubsystemsD.a(isis_eps_driver.o)
                0x200240f0                ISIS_EPS_Init
 .text.isis_eps__reset__tmtc
                0x200241b8       0xe8 C:/ISIS/workspace_ycube/satellite-subsystems/satellite-subsystems/lib\libSatelliteSubsystemsD.a(isis_eps_driver.o)
                0x200241b8                isis_eps__reset__tmtc
 .text.isis_eps__watchdog__tm
                0x200242a0       0xac C:/ISIS/workspace_ycube/satellite-subsystems/satellite-subsystems/lib\libSatelliteSubsystemsD.a(isis_eps_driver.o)
                0x200242a0                isis_eps__watchdog__tm
 .text.isis_eps__getparameter__tmtc
                0x2002434c       0xe8 C:/ISIS/workspace_ycube/satellite-subsystems/satellite-subsystems/lib\libSatelliteSubsystemsD.a(isis_eps_driver.o)
                0x2002434c                isis_eps__getparameter__tmtc
 .text.isis_eps__setparameter__tmtc
                0x20024434       0xe8 C:/ISIS/workspace_ycube/satellite-subsystems/satellite-subsystems/lib\libSatelliteSubsystemsD.a(isis_eps_driver.o)
                0x20024434                isis_eps__setparameter__tmtc
 .text.isis_eps__gethousekeepingeng__tm
                0x2002451c       0xac C:/ISIS/workspace_ycube/satellite-subsystems/satellite-subsystems/lib\libSatelliteSubsystemsD.a(isis_eps_driver.o)
                0x2002451c                isis_eps__gethousekeepingeng__tm
 .text.isis_eps__gethousekeepingengincdb__tm
                0x200245c8       0xac C:/ISIS/workspace_ycube/satellite-subsystems/satellite-subsystems/lib\libSatelliteSubsystemsD.a(isis_eps_driver.o)
                0x200245c8                isis_eps__gethousekeepingengincdb__tm
 .text._I2C_Send
                0x20024674       0x78 C:/ISIS/workspace_ycube/satellite-subsystems/satellite-subsystems/lib\libSatelliteSubsystemsD.a(isis_eps_driver.o)
 .text.makeTRXCommonTransfer
                0x200246ec       0x34 C:/ISIS/workspace_ycube/satellite-subsystems/satellite-subsystems/lib\libSatelliteSubsystemsD.a(IsisTRXCommon.o)
 .text.IsisTrxCommon_componentReset
                0x20024720       0x68 C:/ISIS/workspace_ycube/satellite-subsystems/satellite-subsystems/lib\libSatelliteSubsystemsD.a(IsisTRXCommon.o)
                0x20024720                IsisTrxCommon_componentReset
 .text.IsisTrxCommon_TxSendAX25DefClSign
                0x20024788       0xf4 C:/ISIS/workspace_ycube/satellite-subsystems/satellite-subsystems/lib\libSatelliteSubsystemsD.a(IsisTRXCommon.o)
                0x20024788                IsisTrxCommon_TxSendAX25DefClSign
 .text.IsisTrxCommon_TxSetIdlestate
                0x2002487c       0x78 C:/ISIS/workspace_ycube/satellite-subsystems/satellite-subsystems/lib\libSatelliteSubsystemsD.a(IsisTRXCommon.o)
                0x2002487c                IsisTrxCommon_TxSetIdlestate
 .text.IsisTrxCommon_TxSetAx25Bitrate
                0x200248f4       0x78 C:/ISIS/workspace_ycube/satellite-subsystems/satellite-subsystems/lib\libSatelliteSubsystemsD.a(IsisTRXCommon.o)
                0x200248f4                IsisTrxCommon_TxSetAx25Bitrate
 .text.IsisTrxCommon_RxGetFrameCount
                0x2002496c       0x8c C:/ISIS/workspace_ycube/satellite-subsystems/satellite-subsystems/lib\libSatelliteSubsystemsD.a(IsisTRXCommon.o)
                0x2002496c                IsisTrxCommon_RxGetFrameCount
 .text.IsisTrxCommon_GetUptime
                0x200249f8       0x8c C:/ISIS/workspace_ycube/satellite-subsystems/satellite-subsystems/lib\libSatelliteSubsystemsD.a(IsisTRXCommon.o)
                0x200249f8                IsisTrxCommon_GetUptime
 .text.xQueueGenericReset
                0x20024a84      0x150 C:/ISIS/workspace_ycube/GlobusSatProject/..//hal/freertos/lib\libFreeRTOSD.a(queue.o)
                0x20024a84                xQueueGenericReset
 .text.xQueueGenericCreate
                0x20024bd4      0x108 C:/ISIS/workspace_ycube/GlobusSatProject/..//hal/freertos/lib\libFreeRTOSD.a(queue.o)
                0x20024bd4                xQueueGenericCreate
 .text.xQueueCreateMutex
                0x20024cdc      0x11c C:/ISIS/workspace_ycube/GlobusSatProject/..//hal/freertos/lib\libFreeRTOSD.a(queue.o)
                0x20024cdc                xQueueCreateMutex
 .text.xQueueGenericSend
                0x20024df8      0x298 C:/ISIS/workspace_ycube/GlobusSatProject/..//hal/freertos/lib\libFreeRTOSD.a(queue.o)
                0x20024df8                xQueueGenericSend
 .text.xQueueGenericSendFromISR
                0x20025090      0x1e0 C:/ISIS/workspace_ycube/GlobusSatProject/..//hal/freertos/lib\libFreeRTOSD.a(queue.o)
                0x20025090                xQueueGenericSendFromISR
 .text.xQueueGenericReceive
                0x20025270      0x2cc C:/ISIS/workspace_ycube/GlobusSatProject/..//hal/freertos/lib\libFreeRTOSD.a(queue.o)
                0x20025270                xQueueGenericReceive
 .text.uxQueueMessagesWaiting
                0x2002553c       0x6c C:/ISIS/workspace_ycube/GlobusSatProject/..//hal/freertos/lib\libFreeRTOSD.a(queue.o)
                0x2002553c                uxQueueMessagesWaiting
 .text.vQueueDelete
                0x200255a8       0x78 C:/ISIS/workspace_ycube/GlobusSatProject/..//hal/freertos/lib\libFreeRTOSD.a(queue.o)
                0x200255a8                vQueueDelete
 .text.prvCopyDataToQueue
                0x20025620      0x190 C:/ISIS/workspace_ycube/GlobusSatProject/..//hal/freertos/lib\libFreeRTOSD.a(queue.o)
 .text.prvCopyDataFromQueue
                0x200257b0       0x90 C:/ISIS/workspace_ycube/GlobusSatProject/..//hal/freertos/lib\libFreeRTOSD.a(queue.o)
 .text.prvUnlockQueue
                0x20025840      0x130 C:/ISIS/workspace_ycube/GlobusSatProject/..//hal/freertos/lib\libFreeRTOSD.a(queue.o)
 .text.prvIsQueueEmpty
                0x20025970       0x4c C:/ISIS/workspace_ycube/GlobusSatProject/..//hal/freertos/lib\libFreeRTOSD.a(queue.o)
 .text.prvIsQueueFull
                0x200259bc       0x54 C:/ISIS/workspace_ycube/GlobusSatProject/..//hal/freertos/lib\libFreeRTOSD.a(queue.o)
 .text.vQueueUnregisterQueue
                0x20025a10       0x80 C:/ISIS/workspace_ycube/GlobusSatProject/..//hal/freertos/lib\libFreeRTOSD.a(queue.o)
                0x20025a10                vQueueUnregisterQueue
 .text.vQueueWaitForMessageRestricted
                0x20025a90       0x90 C:/ISIS/workspace_ycube/GlobusSatProject/..//hal/freertos/lib\libFreeRTOSD.a(queue.o)
                0x20025a90                vQueueWaitForMessageRestricted
 .text.prvNotifyQueueSetContainer
                0x20025b20      0x108 C:/ISIS/workspace_ycube/GlobusSatProject/..//hal/freertos/lib\libFreeRTOSD.a(queue.o)
 .text.xTaskGenericCreate
                0x20025c28      0x2ac C:/ISIS/workspace_ycube/GlobusSatProject/..//hal/freertos/lib\libFreeRTOSD.a(tasks.o)
                0x20025c28                xTaskGenericCreate
 .text.vTaskDelete
                0x20025ed4       0xe8 C:/ISIS/workspace_ycube/GlobusSatProject/..//hal/freertos/lib\libFreeRTOSD.a(tasks.o)
                0x20025ed4                vTaskDelete
 .text.vTaskDelay
                0x20025fbc       0x80 C:/ISIS/workspace_ycube/GlobusSatProject/..//hal/freertos/lib\libFreeRTOSD.a(tasks.o)
                0x20025fbc                vTaskDelay
 .text.vTaskStartScheduler
                0x2002603c      0x104 C:/ISIS/workspace_ycube/GlobusSatProject/..//hal/freertos/lib\libFreeRTOSD.a(tasks.o)
                0x2002603c                vTaskStartScheduler
 .text.vTaskSuspendAll
                0x20026140       0x2c C:/ISIS/workspace_ycube/GlobusSatProject/..//hal/freertos/lib\libFreeRTOSD.a(tasks.o)
                0x20026140                vTaskSuspendAll
 .text.xTaskResumeAll
                0x2002616c      0x1f4 C:/ISIS/workspace_ycube/GlobusSatProject/..//hal/freertos/lib\libFreeRTOSD.a(tasks.o)
                0x2002616c                xTaskResumeAll
 .text.xTaskGetTickCount
                0x20026360       0x34 C:/ISIS/workspace_ycube/GlobusSatProject/..//hal/freertos/lib\libFreeRTOSD.a(tasks.o)
                0x20026360                xTaskGetTickCount
 .text.xTaskIncrementTick
                0x20026394      0x298 C:/ISIS/workspace_ycube/GlobusSatProject/..//hal/freertos/lib\libFreeRTOSD.a(tasks.o)
                0x20026394                xTaskIncrementTick
 .text.vTaskSwitchContext
                0x2002662c      0x1a4 C:/ISIS/workspace_ycube/GlobusSatProject/..//hal/freertos/lib\libFreeRTOSD.a(tasks.o)
                0x2002662c                vTaskSwitchContext
 .text.vTaskPlaceOnEventList
                0x200267d0       0xcc C:/ISIS/workspace_ycube/GlobusSatProject/..//hal/freertos/lib\libFreeRTOSD.a(tasks.o)
                0x200267d0                vTaskPlaceOnEventList
 .text.vTaskPlaceOnEventListRestricted
                0x2002689c       0xa4 C:/ISIS/workspace_ycube/GlobusSatProject/..//hal/freertos/lib\libFreeRTOSD.a(tasks.o)
                0x2002689c                vTaskPlaceOnEventListRestricted
 .text.xTaskRemoveFromEventList
                0x20026940      0x160 C:/ISIS/workspace_ycube/GlobusSatProject/..//hal/freertos/lib\libFreeRTOSD.a(tasks.o)
                0x20026940                xTaskRemoveFromEventList
 .text.vTaskSetTimeOutState
                0x20026aa0       0x78 C:/ISIS/workspace_ycube/GlobusSatProject/..//hal/freertos/lib\libFreeRTOSD.a(tasks.o)
                0x20026aa0                vTaskSetTimeOutState
 .text.xTaskCheckForTimeOut
                0x20026b18      0x158 C:/ISIS/workspace_ycube/GlobusSatProject/..//hal/freertos/lib\libFreeRTOSD.a(tasks.o)
                0x20026b18                xTaskCheckForTimeOut
 .text.vTaskMissedYield
                0x20026c70       0x24 C:/ISIS/workspace_ycube/GlobusSatProject/..//hal/freertos/lib\libFreeRTOSD.a(tasks.o)
                0x20026c70                vTaskMissedYield
 .text.prvIdleTask
                0x20026c94       0x20 C:/ISIS/workspace_ycube/GlobusSatProject/..//hal/freertos/lib\libFreeRTOSD.a(tasks.o)
 .text.prvInitialiseTCBVariables
                0x20026cb4      0x450 C:/ISIS/workspace_ycube/GlobusSatProject/..//hal/freertos/lib\libFreeRTOSD.a(tasks.o)
 .text.prvInitialiseTaskLists
                0x20027104       0xbc C:/ISIS/workspace_ycube/GlobusSatProject/..//hal/freertos/lib\libFreeRTOSD.a(tasks.o)
 .text.prvCheckTasksWaitingTermination
                0x200271c0       0xbc C:/ISIS/workspace_ycube/GlobusSatProject/..//hal/freertos/lib\libFreeRTOSD.a(tasks.o)
 .text.prvAddCurrentTaskToDelayedList
                0x2002727c       0xb4 C:/ISIS/workspace_ycube/GlobusSatProject/..//hal/freertos/lib\libFreeRTOSD.a(tasks.o)
 .text.prvAllocateTCBAndStack
                0x20027330       0xb4 C:/ISIS/workspace_ycube/GlobusSatProject/..//hal/freertos/lib\libFreeRTOSD.a(tasks.o)
 .text.prvDeleteTCB
                0x200273e4       0x30 C:/ISIS/workspace_ycube/GlobusSatProject/..//hal/freertos/lib\libFreeRTOSD.a(tasks.o)
 .text.xTaskGetCurrentTaskHandle
                0x20027414       0x30 C:/ISIS/workspace_ycube/GlobusSatProject/..//hal/freertos/lib\libFreeRTOSD.a(tasks.o)
                0x20027414                xTaskGetCurrentTaskHandle
 .text.xTaskGetSchedulerState
                0x20027444       0x68 C:/ISIS/workspace_ycube/GlobusSatProject/..//hal/freertos/lib\libFreeRTOSD.a(tasks.o)
                0x20027444                xTaskGetSchedulerState
 .text.vTaskPriorityInherit
                0x200274ac      0x148 C:/ISIS/workspace_ycube/GlobusSatProject/..//hal/freertos/lib\libFreeRTOSD.a(tasks.o)
                0x200274ac                vTaskPriorityInherit
 .text.vTaskPriorityDisinherit
                0x200275f4       0xdc C:/ISIS/workspace_ycube/GlobusSatProject/..//hal/freertos/lib\libFreeRTOSD.a(tasks.o)
                0x200275f4                vTaskPriorityDisinherit
 .text.xTimerCreateTimerTask