Archive member included because of file (symbol)

C:/ISIS/workspace_ycube/ycube/GlobusSatProject/..//hal/hal/lib\libHALD.a(SPI.o)
                              ./src/InitSystem.o (SPI_start)
C:/ISIS/workspace_ycube/ycube/GlobusSatProject/..//hal/hal/lib\libHALD.a(I2C.o)
                              ./src/SubSystemModules/Payload/payload_drivers.o (I2C_write)
C:/ISIS/workspace_ycube/ycube/GlobusSatProject/..//hal/hal/lib\libHALD.a(ADC.o)
                              ./src/SubSystemModules/Housekepping/TelemetryCollector.o (ADC_ConvertRaw10bitToMillivolt)
C:/ISIS/workspace_ycube/ycube/GlobusSatProject/..//hal/hal/lib\libHALD.a(FRAM.o)
                              ./src/SubSystemModules/Communication/SubsystemCommands/Maintanence_Commands.o (FRAM_start)
C:/ISIS/workspace_ycube/ycube/GlobusSatProject/..//hal/hal/lib\libHALD.a(Time.o)
                              ./src/InitSystem.o (Time_start)
C:/ISIS/workspace_ycube/ycube/GlobusSatProject/..//hal/hal/lib\libHALD.a(WatchDogTimerNoOS.o)
                              ./src/main.o (WDT_start)
C:/ISIS/workspace_ycube/ycube/GlobusSatProject/..//hal/hal/lib\libHALD.a(RTT.o)
                              C:/ISIS/workspace_ycube/ycube/GlobusSatProject/..//hal/hal/lib\libHALD.a(Time.o) (RTT_start)
C:/ISIS/workspace_ycube/ycube/GlobusSatProject/..//hal/hal/lib\libHALD.a(RTC.o)
                              C:/ISIS/workspace_ycube/ycube/GlobusSatProject/..//hal/hal/lib\libHALD.a(Time.o) (RTC_getTime)
C:/ISIS/workspace_ycube/ycube/GlobusSatProject/..//hal/hal/lib\libHALD.a(WatchDogTimerOS.o)
                              ./src/TestingDemos/MainTest.o (WDT_startWatchdogKickTask)
C:/ISIS/workspace_ycube/ycube/GlobusSatProject/..//hal/hal/lib\libHALD.a(fprintf.o)
                              ./src/TLM_management.o (f_puts)
C:/ISIS/workspace_ycube/ycube/GlobusSatProject/..//hal/hal/lib\libHALD.a(util.o)
                              ./src/TestingDemos/CommandsTestingDemo.o (UTIL_DbguGetIntegerMinMax)
C:/ISIS/workspace_ycube/ycube/GlobusSatProject/..//hal/hal/lib\libHALD.a(LED.o)
                              C:/ISIS/workspace_ycube/ycube/GlobusSatProject/..//hal/hal/lib\libHALD.a(WatchDogTimerOS.o) (LED_toggle)
C:/ISIS/workspace_ycube/ycube/GlobusSatProject/..//hal/hcc/lib\libHCCD.a(fat_m.o)
                              ./src/TLM_management.o (fm_initvolume)
C:/ISIS/workspace_ycube/ycube/GlobusSatProject/..//hal/hcc/lib\libHCCD.a(fat.o)
                              C:/ISIS/workspace_ycube/ycube/GlobusSatProject/..//hal/hcc/lib\libHCCD.a(fat_m.o) (fn_getdcwd)
C:/ISIS/workspace_ycube/ycube/GlobusSatProject/..//hal/hcc/lib\libHCCD.a(fat_common.o)
                              C:/ISIS/workspace_ycube/ycube/GlobusSatProject/..//hal/hcc/lib\libHCCD.a(fat.o) (p_filesystem)
C:/ISIS/workspace_ycube/ycube/GlobusSatProject/..//hal/hcc/lib\libHCCD.a(safefat.o)
                              C:/ISIS/workspace_ycube/ycube/GlobusSatProject/..//hal/hcc/lib\libHCCD.a(fat.o) (s_subdir)
C:/ISIS/workspace_ycube/ycube/GlobusSatProject/..//hal/hcc/lib\libHCCD.a(atmel_mcipdc.o)
                              ./src/TLM_management.o (atmel_mcipdc_initfunc)
C:/ISIS/workspace_ycube/ycube/GlobusSatProject/..//hal/hcc/lib\libHCCD.a(oalp_task.o)
                              C:/ISIS/workspace_ycube/ycube/GlobusSatProject/..//hal/hcc/lib\libHCCD.a(fat_common.o) (oal_task_get_id)
C:/ISIS/workspace_ycube/ycube/GlobusSatProject/..//hal/hcc/lib\libHCCD.a(oalp_mutex.o)
                              C:/ISIS/workspace_ycube/ycube/GlobusSatProject/..//hal/hcc/lib\libHCCD.a(fat_common.o) (oal_mutex_create)
C:/ISIS/workspace_ycube/ycube/GlobusSatProject/..//hal/hcc/lib\libHCCD.a(atmel_mcipdc_hw.o)
                              C:/ISIS/workspace_ycube/ycube/GlobusSatProject/..//hal/hcc/lib\libHCCD.a(atmel_mcipdc.o) (mcipdc_hw_init)
C:/ISIS/workspace_ycube/ycube/GlobusSatProject/..//hal/hcc/lib\libHCCD.a(psp_rand.o)
                              C:/ISIS/workspace_ycube/ycube/GlobusSatProject/..//hal/hcc/lib\libHCCD.a(fat_common.o) (psp_getrand)
C:/ISIS/workspace_ycube/ycube/GlobusSatProject/..//hal/hcc/lib\libHCCD.a(psp_rtc.o)
                              C:/ISIS/workspace_ycube/ycube/GlobusSatProject/..//hal/hcc/lib\libHCCD.a(fat_common.o) (psp_getcurrenttimedate)
C:/ISIS/workspace_ycube/ycube/GlobusSatProject/..//hal/hcc/lib\libHCCD.a(hcc_mem.o)
                              C:/ISIS/workspace_ycube/ycube/GlobusSatProject/..//hal/hcc/lib\libHCCD.a(atmel_mcipdc.o) (hcc_mem_alloc)
C:/ISIS/workspace_ycube/ycube/GlobusSatProject/..//hal/hcc/lib\libHCCD.a(psp_hcc_mem.o)
                              C:/ISIS/workspace_ycube/ycube/GlobusSatProject/..//hal/hcc/lib\libHCCD.a(hcc_mem.o) (hcc_mem_buf_alloc)
C:/ISIS/workspace_ycube/ycube/GlobusSatProject/..//satellite-subsystems/satellite-subsystems/lib\libSatelliteSubsystemsD.a(IsisSolarPanelv2.o)
                              ./src/SubSystemModules/PowerManagment/EPS.o (IsisSolarPanelv2_initialize)
[...]
Memory Configuration

Name             Origin             Length             Attributes
sram0            0x00200000         0x00004000         w !xr
sram1            0x00300000         0x00004000         w !xr
sdram            0x20000000         0x02000000         w !xr
*default*        0x00000000         0xffffffff

Linker script and memory map

LOAD c:/isis/application/toolchain/bin/../lib/gcc/arm-none-eabi/4.7.4/../../../../arm-none-eabi/lib\libc.a
LOAD ./src/TestingDemos/CommandsTestingDemo.o
LOAD ./src/TestingDemos/EpsTestingDemo.o
LOAD ./src/TestingDemos/FileSystemTestingDemo.o
LOAD ./src/TestingDemos/MainTest.o
LOAD ./src/TestingDemos/MaintenanceTestingDemo.o
LOAD ./src/TestingDemos/TelemetryTestingDemo.o
LOAD ./src/TestingDemos/TrxvuTestingDemo.o
LOAD ./src/SubSystemModules/PowerManagment/EPS.o
LOAD ./src/SubSystemModules/PowerManagment/EPSOperationModes.o
LOAD ./src/SubSystemModules/Payload/payload_drivers.o
LOAD ./src/SubSystemModules/Maintenance/Maintenance.o
LOAD ./src/SubSystemModules/Housekepping/NamesLogic.o
LOAD ./src/SubSystemModules/Housekepping/RAMTelemetry.o
LOAD ./src/SubSystemModules/Housekepping/TelemetryCollector.o
LOAD ./src/SubSystemModules/Communication/SubsystemCommands/EPS_Commands.o
LOAD ./src/SubSystemModules/Communication/SubsystemCommands/FS_Commands.o
LOAD ./src/SubSystemModules/Communication/SubsystemCommands/Maintanence_Commands.o
LOAD ./src/SubSystemModules/Communication/SubsystemCommands/TRXVU_Commands.o
LOAD ./src/SubSystemModules/Communication/AckHandler.o
LOAD ./src/SubSystemModules/Communication/CommandDictionary.o
LOAD ./src/SubSystemModules/Communication/HashSecuredCMD.o
LOAD ./src/SubSystemModules/Communication/SatCommandHandler.o
LOAD ./src/SubSystemModules/Communication/TRXVU.o
LOAD ./src/InitSystem.o
LOAD ./src/TLM_management.o
LOAD ./src/main.o
LOAD ./src/utils.o
LOAD C:/ISIS/workspace_ycube/ycube/GlobusSatProject/..//hal/hal/lib\libHALD.a
LOAD C:/ISIS/workspace_ycube/ycube/GlobusSatProject/..//hal/hcc/lib\libHCCD.a
LOAD C:/ISIS/workspace_ycube/ycube/GlobusSatProject/..//satellite-subsystems/satellite-subsystems/lib\libSatelliteSubsystemsD.a
LOAD C:/ISIS/workspace_ycube/ycube/GlobusSatProject/..//hal/freertos/lib\libFreeRTOSD.a
LOAD C:/ISIS/workspace_ycube/ycube/GlobusSatProject/..//hal/at91/lib\libAt91D.a
START GROUP
LOAD c:/isis/application/toolchain/bin/../lib/gcc/arm-none-eabi/4.7.4\libgcc.a
LOAD c:/isis/application/toolchain/bin/../lib/gcc/arm-none-eabi/4.7.4/../../../../arm-none-eabi/lib\libg.a
LOAD c:/isis/application/toolchain/bin/../lib/gcc/arm-none-eabi/4.7.4/../../../../arm-none-eabi/lib\libc.a
END GROUP

.fixed          0x20000000    0x405a0
                0x20000000                . = ALIGN (0x4)
                0x20000000                _sfixed = .
 *(.startup)
 .startup       0x20000000      0x184 C:/ISIS/workspace_ycube/ycube/GlobusSatProject/..//hal/at91/lib\libAt91D.a(board_cstartup.o)
                0x20000000                entry
 *(.text)
 .text          0x20000184       0x64 C:/ISIS/workspace_ycube/ycube/GlobusSatProject/..//hal/at91/lib\libAt91D.a(cp15_asm.o)
                0x20000184                _readControlRegister
                0x20000190                _writeControlRegister
                0x20000198                _waitForInterrupt
                0x200001a4                _writeTTB
                0x200001ac                _writeDomain
                0x200001b4                _writeITLBLockdown
                0x200001bc                _prefetchICacheLine
                0x200001c4                _flushDCache
                0x200001d0                _flushWriteBuffer
                0x200001dc                _invalidateIDTLBs
 .text          0x200001e8      0x114 c:/isis/application/toolchain/bin/../lib/gcc/arm-none-eabi/4.7.4\libgcc.a(_udivsi3.o)
                0x200001e8                __aeabi_uidiv
                0x200001e8                __udivsi3
                0x200002dc                __aeabi_uidivmod
 .text          0x200002fc      0x148 c:/isis/application/toolchain/bin/../lib/gcc/arm-none-eabi/4.7.4\libgcc.a(_divsi3.o)
                0x200002fc                __divsi3
                0x200002fc                __aeabi_idiv
                0x20000424                __aeabi_idivmod
 .text          0x20000444        0x4 c:/isis/application/toolchain/bin/../lib/gcc/arm-none-eabi/4.7.4\libgcc.a(_dvmd_tls.o)
                0x20000444                __aeabi_idiv0
                0x20000444                __aeabi_ldiv0
 .text          0x20000448      0x41c c:/isis/application/toolchain/bin/../lib/gcc/arm-none-eabi/4.7.4\libgcc.a(_arm_addsubdf3.o)
                0x20000448                __aeabi_drsub
                0x20000450                __aeabi_dsub
                0x20000450                __subdf3
                0x20000454                __aeabi_dadd
                0x20000454                __adddf3
                0x20000764                __floatunsidf
                0x20000764                __aeabi_ui2d
                0x20000788                __floatsidf
                0x20000788                __aeabi_i2d
                0x200007b0                __aeabi_f2d
                0x200007b0                __extendsfdf2
                0x200007f0                __floatundidf
                0x200007f0                __aeabi_ul2d
                0x20000804                __floatdidf
                0x20000804                __aeabi_l2d
 .text          0x20000864      0x49c c:/isis/application/toolchain/bin/../lib/gcc/arm-none-eabi/4.7.4\libgcc.a(_arm_muldivdf3.o)
                0x20000864                __aeabi_dmul
                0x20000864                __muldf3
                0x20000af4                __divdf3
                0x20000af4                __aeabi_ddiv
 .text          0x20000d00      0x2ac c:/isis/application/toolchain/bin/../lib/gcc/arm-none-eabi/4.7.4\libgcc.a(_arm_addsubsf3.o)
                0x20000d00                __aeabi_frsub
                0x20000d08                __subsf3
                0x20000d08                __aeabi_fsub
                0x20000d0c                __aeabi_fadd
                0x20000d0c                __addsf3
                0x20000ec8                __aeabi_ui2f
                0x20000ec8                __floatunsisf
                0x20000ed0                __aeabi_i2f
                0x20000ed0                __floatsisf
                0x20000ef0                __aeabi_ul2f
                0x20000ef0                __floatundisf
                0x20000f00                __aeabi_l2f
                0x20000f00                __floatdisf
 .text          0x20000fac      0x2f8 c:/isis/application/toolchain/bin/../lib/gcc/arm-none-eabi/4.7.4\libgcc.a(_arm_muldivsf3.o)
                0x20000fac                __mulsf3
                0x20000fac                __aeabi_fmul
                0x20001144                __aeabi_fdiv
                0x20001144                __divsf3
 .text          0x200012a4      0x114 c:/isis/application/toolchain/bin/../lib/gcc/arm-none-eabi/4.7.4\libgcc.a(_arm_cmpsf2.o)
                0x200012a4                __gesf2
                0x200012a4                __gtsf2
                0x200012ac                __lesf2
                0x200012ac                __ltsf2
                0x200012b4                __nesf2
                0x200012b4                __eqsf2
                0x200012b4                __cmpsf2
                0x20001318                __aeabi_cfrcmple
                0x20001328                __aeabi_cfcmpeq
                0x20001328                __aeabi_cfcmple
                0x20001340                __aeabi_fcmpeq
                0x20001358                __aeabi_fcmplt
                0x20001370                __aeabi_fcmple
                0x20001388                __aeabi_fcmpge
                0x200013a0                __aeabi_fcmpgt
 .text          0x200013b8       0x54 c:/isis/application/toolchain/bin/../lib/gcc/arm-none-eabi/4.7.4\libgcc.a(_arm_fixunssfsi.o)
                0x200013b8                __fixunssfsi
                0x200013b8                __aeabi_f2uiz
 .text          0x2000140c      0x144 c:/isis/application/toolchain/bin/../lib/gcc/arm-none-eabi/4.7.4\libgcc.a(_arm_cmpdf2.o)
                0x2000140c                __gtdf2
                0x2000140c                __gedf2
                0x20001414                __ltdf2
                0x20001414                __ledf2
                0x2000141c                __nedf2
                0x2000141c                __eqdf2
                0x2000141c                __cmpdf2
                0x200014a4                __aeabi_cdrcmple
                0x200014c0                __aeabi_cdcmpeq
                0x200014c0                __aeabi_cdcmple
                0x200014d8                __aeabi_dcmpeq
                0x200014f0                __aeabi_dcmplt
                0x20001508                __aeabi_dcmple
                0x20001520                __aeabi_dcmpge
                0x20001538                __aeabi_dcmpgt
 .text          0x20001550       0x5c c:/isis/application/toolchain/bin/../lib/gcc/arm-none-eabi/4.7.4\libgcc.a(_arm_fixdfsi.o)
                0x20001550                __aeabi_d2iz
                0x20001550                __fixdfsi
 .text          0x200015ac       0x3c c:/isis/application/toolchain/bin/../lib/gcc/arm-none-eabi/4.7.4\libgcc.a(_aeabi_uldivmod.o)
                0x200015ac                __aeabi_uldivmod
 .text          0x200015e8       0x84 c:/isis/application/toolchain/bin/../lib/gcc/arm-none-eabi/4.7.4\libgcc.a(bpabi.o)
                0x200015e8                __gnu_ldivmod_helper
                0x2000162c                __gnu_uldivmod_helper
 .text          0x2000166c      0x4f0 c:/isis/application/toolchain/bin/../lib/gcc/arm-none-eabi/4.7.4\libgcc.a(_divdi3.o)
                0x2000166c                __divdi3
 .text          0x20001b5c      0x488 c:/isis/application/toolchain/bin/../lib/gcc/arm-none-eabi/4.7.4\libgcc.a(_udivdi3.o)
                0x20001b5c                __udivdi3
 .text          0x20001fe4       0x48 c:/isis/application/toolchain/bin/../lib/gcc/arm-none-eabi/4.7.4\libgcc.a(_clzsi2.o)
                0x20001fe4                __clzsi2
 *(.text*)
 .text.GetBatteryVoltage
                0x2000202c       0x44 ./src/SubSystemModules/PowerManagment/EPS.o
                0x2000202c                GetBatteryVoltage
 .text.EPS_Init
                0x20002070      0x13c ./src/SubSystemModules/PowerManagment/EPS.o
                0x20002070                EPS_Init
 .text.EPS_Conditioning
                0x200021ac      0x1c4 ./src/SubSystemModules/PowerManagment/EPS.o
                0x200021ac                EPS_Conditioning
 .text.UpdateAlpha
                0x20002370       0xd8 ./src/SubSystemModules/PowerManagment/EPS.o
                0x20002370                UpdateAlpha
 .text.GetThresholdVoltages
                0x20002448       0x80 ./src/SubSystemModules/PowerManagment/EPS.o
                0x20002448                GetThresholdVoltages
 .text.GetAlpha
                0x200024c8       0x7c ./src/SubSystemModules/PowerManagment/EPS.o
                0x200024c8                GetAlpha
 .text.CMDGetHeaterValues
                0x20002544      0x1f8 ./src/SubSystemModules/PowerManagment/EPS.o
                0x20002544                CMDGetHeaterValues
 .text.CMDSetHeaterValues
                0x2000273c      0x204 ./src/SubSystemModules/PowerManagment/EPS.o
                0x2000273c                CMDSetHeaterValues
 .text.EnterFullMode
                0x20002940       0x50 ./src/SubSystemModules/PowerManagment/EPSOperationModes.o
                0x20002940                EnterFullMode
 .text.EnterCruiseMode
                0x20002990       0x4c ./src/SubSystemModules/PowerManagment/EPSOperationModes.o
                0x20002990                EnterCruiseMode
 .text.EnterSafeMode
                0x200029dc       0x50 ./src/SubSystemModules/PowerManagment/EPSOperationModes.o
                0x200029dc                EnterSafeMode
 .text.EnterCriticalMode
                0x20002a2c       0x50 ./src/SubSystemModules/PowerManagment/EPSOperationModes.o
                0x20002a2c                EnterCriticalMode
 .text.PayloadOperations
                0x20002a7c      0x1a4 ./src/SubSystemModules/PowerManagment/EPSOperationModes.o
                0x20002a7c                PayloadOperations
 .text.Payload_Safety
                0x20002c20       0xb0 ./src/SubSystemModules/PowerManagment/EPSOperationModes.o
                0x20002c20                Payload_Safety
 .text.Payload_Safety_IN_Maintenance
                0x20002cd0       0x60 ./src/SubSystemModules/PowerManagment/EPSOperationModes.o
                0x20002cd0                Payload_Safety_IN_Maintenance
 .text.DoesPayloadChannelOn
                0x20002d30       0xa4 ./src/SubSystemModules/PowerManagment/EPSOperationModes.o
                0x20002d30                DoesPayloadChannelOn
 .text.EpsGetLowVoltageFlag
                0x20002dd4       0x24 ./src/SubSystemModules/PowerManagment/EPSOperationModes.o
                0x20002dd4                EpsGetLowVoltageFlag
 .text.EpsSetLowVoltageFlag
                0x20002df8       0x2c ./src/SubSystemModules/PowerManagment/EPSOperationModes.o
                0x20002df8                EpsSetLowVoltageFlag
 .text.payloadRead
                0x20002e24       0xbc ./src/SubSystemModules/Payload/payload_drivers.o
                0x20002e24                payloadRead
 .text.payloadSendCommand
                0x20002ee0       0x70 ./src/SubSystemModules/Payload/payload_drivers.o
                0x20002ee0                payloadSendCommand
 .text.payloadReadEnvironment
                0x20002f50      0x2d0 ./src/SubSystemModules/Payload/payload_drivers.o
                0x20002f50                payloadReadEnvironment
 .text.payloadReadEvents
                0x20003220      0x1e8 ./src/SubSystemModules/Payload/payload_drivers.o
                0x20003220                payloadReadEvents
 .text.CheckExecutionTime
                0x20003408       0x80 ./src/SubSystemModules/Maintenance/Maintenance.o
                0x20003408                CheckExecutionTime
 .text.SaveSatTimeInFRAM
                0x20003488       0x44 ./src/SubSystemModules/Maintenance/Maintenance.o
                0x20003488                SaveSatTimeInFRAM
 .text.WakeupFromResetCMD
                0x200034cc      0x120 ./src/SubSystemModules/Maintenance/Maintenance.o
                0x200034cc                WakeupFromResetCMD
 .text.ResetGroundCommWDT
                0x200035ec       0x1c ./src/SubSystemModules/Maintenance/Maintenance.o
                0x200035ec                ResetGroundCommWDT
 .text.IsGroundCommunicationWDTKick
                0x20003608       0x78 ./src/SubSystemModules/Maintenance/Maintenance.o
                0x20003608                IsGroundCommunicationWDTKick
 .text.GetGsWdtKickTime
                0x20003680       0x38 ./src/SubSystemModules/Maintenance/Maintenance.o
                0x20003680                GetGsWdtKickTime
 .text.findMinMaxDate
                0x200036b8       0xdc ./src/SubSystemModules/Maintenance/Maintenance.o
                0x200036b8                findMinMaxDate
 .text.DeleteOldFiels
                0x20003794       0xf0 ./src/SubSystemModules/Maintenance/Maintenance.o
                0x20003794                DeleteOldFiels
 .text.CheckDeployAnt
                0x20003884       0x84 ./src/SubSystemModules/Maintenance/Maintenance.o
                0x20003884                CheckDeployAnt
 .text.HardResetMCU
                0x20003908       0x3c ./src/SubSystemModules/Maintenance/Maintenance.o
                0x20003908                HardResetMCU
 .text.Maintenance
                0x20003944       0xa8 ./src/SubSystemModules/Maintenance/Maintenance.o
                0x20003944                Maintenance
 .text.GetRandomName
                0x200039ec       0x80 ./src/SubSystemModules/Housekepping/NamesLogic.o
                0x200039ec                GetRandomName
 .text.ResetRamTlm
                0x20003a6c       0xe4 ./src/SubSystemModules/Housekepping/RAMTelemetry.o
                0x20003a6c                ResetRamTlm
 .text.inc      0x20003b50       0x4c ./src/SubSystemModules/Housekepping/RAMTelemetry.o
                0x20003b50                inc
 .text.dec      0x20003b9c       0x48 ./src/SubSystemModules/Housekepping/RAMTelemetry.o
                0x20003b9c                dec
 .text.saveTlmToRam
                0x20003be4      0x28c ./src/SubSystemModules/Housekepping/RAMTelemetry.o
                0x20003be4                saveTlmToRam
 .text.getTlm   0x20003e70      0x350 ./src/SubSystemModules/Housekepping/RAMTelemetry.o
                0x20003e70                getTlm
 .text.getRange
                0x200041c0      0x1dc ./src/SubSystemModules/Housekepping/RAMTelemetry.o
                0x200041c0                getRange
 .text.InitSavePeriodTimes
                0x2000439c       0xa4 ./src/SubSystemModules/Housekepping/TelemetryCollector.o
                0x2000439c                InitSavePeriodTimes
 .text.CMD_GetTLMPeriodTimes
                0x20004440       0x38 ./src/SubSystemModules/Housekepping/TelemetryCollector.o
                0x20004440                CMD_GetTLMPeriodTimes
 .text.CMD_SetTLMPeriodTimes
                0x20004478      0x1dc ./src/SubSystemModules/Housekepping/TelemetryCollector.o
                0x20004478                CMD_SetTLMPeriodTimes
 .text.TelemetryCollectorLogic
                0x20004654      0x208 ./src/SubSystemModules/Housekepping/TelemetryCollector.o
                0x20004654                TelemetryCollectorLogic
 .text.TelemetrySaveEPS
                0x2000485c       0x54 ./src/SubSystemModules/Housekepping/TelemetryCollector.o
                0x2000485c                TelemetrySaveEPS
 .text.TelemetrySaveTRXVU
                0x200048b0       0x94 ./src/SubSystemModules/Housekepping/TelemetryCollector.o
                0x200048b0                TelemetrySaveTRXVU
 .text.TelemetrySaveWOD
                0x20004944       0x5c ./src/SubSystemModules/Housekepping/TelemetryCollector.o
                0x20004944                TelemetrySaveWOD
 .text.TelemetrySaveRADFET
                0x200049a0       0xd4 ./src/SubSystemModules/Housekepping/TelemetryCollector.o
                0x200049a0                TelemetrySaveRADFET
 .text.TelemetrySavePayloadEvents
                0x20004a74       0xf0 ./src/SubSystemModules/Housekepping/TelemetryCollector.o
                0x20004a74                TelemetrySavePayloadEvents
 .text.GetCurrentWODTelemetry
                0x20004b64      0x808 ./src/SubSystemModules/Housekepping/TelemetryCollector.o
                0x20004b64                GetCurrentWODTelemetry
 .text.CMD_EPS_ResetWDT
                0x2000536c       0x58 ./src/SubSystemModules/Communication/SubsystemCommands/EPS_Commands.o
                0x2000536c                CMD_EPS_ResetWDT
 .text.CMD_Change_Payload_State_INFRAM
                0x200053c4       0x8c ./src/SubSystemModules/Communication/SubsystemCommands/EPS_Commands.o
                0x200053c4                CMD_Change_Payload_State_INFRAM
 .text.CMD_Payload_Operations
                0x20005450       0xa8 ./src/SubSystemModules/Communication/SubsystemCommands/EPS_Commands.o
                0x20005450                CMD_Payload_Operations
 .text.CMD_DeleteTLM
                0x200054f8      0x1a0 ./src/SubSystemModules/Communication/SubsystemCommands/FS_Commands.o
                0x200054f8                CMD_DeleteTLM
 .text.CMD_DeleteAllFiles
                0x20005698       0x38 ./src/SubSystemModules/Communication/SubsystemCommands/FS_Commands.o
                0x20005698                CMD_DeleteAllFiles
 .text.CMD_GetLastFS_Error
                0x200056d0       0x4c ./src/SubSystemModules/Communication/SubsystemCommands/FS_Commands.o
                0x200056d0                CMD_GetLastFS_Error
 .text.CMD_Get_TLM_Info
                0x2000571c      0x16c ./src/SubSystemModules/Communication/SubsystemCommands/FS_Commands.o
                0x2000571c                CMD_Get_TLM_Info
 .text.CMD_Switch_SD_Card
                0x20005888       0xcc ./src/SubSystemModules/Communication/SubsystemCommands/FS_Commands.o
                0x20005888                CMD_Switch_SD_Card
 .text.CMD_Format_SD_Card
                0x20005954       0xa4 ./src/SubSystemModules/Communication/SubsystemCommands/FS_Commands.o
                0x20005954                CMD_Format_SD_Card
 .text.CMD_GenericI2C
                0x200059f8      0x144 ./src/SubSystemModules/Communication/SubsystemCommands/Maintanence_Commands.o
                0x200059f8                CMD_GenericI2C
 .text.CMD_FRAM_ReadAndTransmitt
                0x20005b3c       0xe8 ./src/SubSystemModules/Communication/SubsystemCommands/Maintanence_Commands.o
                0x20005b3c                CMD_FRAM_ReadAndTransmitt
 .text.CMD_FRAM_WriteAndTransmitt
                0x20005c24       0xfc ./src/SubSystemModules/Communication/SubsystemCommands/Maintanence_Commands.o
                0x20005c24                CMD_FRAM_WriteAndTransmitt
 .text.CMD_FRAM_ReStart
                0x20005d20       0x4c ./src/SubSystemModules/Communication/SubsystemCommands/Maintanence_Commands.o
                0x20005d20                CMD_FRAM_ReStart
 .text.CMD_UpdateSatTime
                0x20005d6c       0xa4 ./src/SubSystemModules/Communication/SubsystemCommands/Maintanence_Commands.o
                0x20005d6c                CMD_UpdateSatTime
 .text.CMD_GetSatUptime
                0x20005e10       0x48 ./src/SubSystemModules/Communication/SubsystemCommands/Maintanence_Commands.o
                0x20005e10                CMD_GetSatUptime
 .text.CMD_ResetComponent
                0x20005e58      0x274 ./src/SubSystemModules/Communication/SubsystemCommands/Maintanence_Commands.o
                0x20005e58                CMD_ResetComponent
 .text.DumpTask
                0x200060cc      0x310 ./src/SubSystemModules/Communication/SubsystemCommands/TRXVU_Commands.o
                0x200060cc                DumpTask
 .text.DumpRamTask
                0x200063dc      0x104 ./src/SubSystemModules/Communication/SubsystemCommands/TRXVU_Commands.o
                0x200063dc                DumpRamTask
 .text.CMD_AntennaDeploy
                0x200064e0       0x8c ./src/SubSystemModules/Communication/SubsystemCommands/TRXVU_Commands.o
                0x200064e0                CMD_AntennaDeploy
 .text.CMD_StartDump
                0x2000656c      0x200 ./src/SubSystemModules/Communication/SubsystemCommands/TRXVU_Commands.o
                0x2000656c                CMD_StartDump
 .text.CMD_SendDumpAbortRequest
                0x2000676c       0x38 ./src/SubSystemModules/Communication/SubsystemCommands/TRXVU_Commands.o
                0x2000676c                CMD_SendDumpAbortRequest
 .text.CMD_ForceDumpAbort
                0x200067a4       0x3c ./src/SubSystemModules/Communication/SubsystemCommands/TRXVU_Commands.o
                0x200067a4                CMD_ForceDumpAbort
 .text.CMD_SetTransponder
                0x200067e0      0x110 ./src/SubSystemModules/Communication/SubsystemCommands/TRXVU_Commands.o
                0x200067e0                CMD_SetTransponder
 .text.CMD_SetRSSITransponder
                0x200068f0       0x90 ./src/SubSystemModules/Communication/SubsystemCommands/TRXVU_Commands.o
                0x200068f0                CMD_SetRSSITransponder
 .text.CMD_MuteTRXVU
                0x20006980       0xc4 ./src/SubSystemModules/Communication/SubsystemCommands/TRXVU_Commands.o
                0x20006980                CMD_MuteTRXVU
 .text.CMD_SetIdleState
                0x20006a44       0x94 ./src/SubSystemModules/Communication/SubsystemCommands/TRXVU_Commands.o
                0x20006a44                CMD_SetIdleState
 .text.CMD_UnMuteTRXVU
                0x20006ad8       0x38 ./src/SubSystemModules/Communication/SubsystemCommands/TRXVU_Commands.o
                0x20006ad8                CMD_UnMuteTRXVU
 .text.CMD_GetBaudRate
                0x20006b10       0x6c ./src/SubSystemModules/Communication/SubsystemCommands/TRXVU_Commands.o
                0x20006b10                CMD_GetBaudRate
 .text.CMD_TrasmitBeacon
                0x20006b7c       0x48 ./src/SubSystemModules/Communication/SubsystemCommands/TRXVU_Commands.o
                0x20006b7c                CMD_TrasmitBeacon
 .text.CMD_GetBeaconInterval
                0x20006bc4       0x6c ./src/SubSystemModules/Communication/SubsystemCommands/TRXVU_Commands.o
                0x20006bc4                CMD_GetBeaconInterval
 .text.CMD_SetBaudRate
                0x20006c30       0x64 ./src/SubSystemModules/Communication/SubsystemCommands/TRXVU_Commands.o
                0x20006c30                CMD_SetBaudRate
 .text.CMD_GetTxUptime
                0x20006c94       0x68 ./src/SubSystemModules/Communication/SubsystemCommands/TRXVU_Commands.o
                0x20006c94                CMD_GetTxUptime
 .text.CMD_GetRxUptime
                0x20006cfc       0x68 ./src/SubSystemModules/Communication/SubsystemCommands/TRXVU_Commands.o
                0x20006cfc                CMD_GetRxUptime
 .text.CMD_GetNumOfOnlineCommands
                0x20006d64       0x68 ./src/SubSystemModules/Communication/SubsystemCommands/TRXVU_Commands.o
                0x20006d64                CMD_GetNumOfOnlineCommands
 .text.CMD_SecurePing
                0x20006dcc       0x68 ./src/SubSystemModules/Communication/SubsystemCommands/TRXVU_Commands.o
                0x20006dcc                CMD_SecurePing
 .text.CMD_AntSetArmStatus
                0x20006e34       0x3c ./src/SubSystemModules/Communication/SubsystemCommands/TRXVU_Commands.o
                0x20006e34                CMD_AntSetArmStatus
 .text.CMD_AntGetArmStatus
                0x20006e70       0x60 ./src/SubSystemModules/Communication/SubsystemCommands/TRXVU_Commands.o
                0x20006e70                CMD_AntGetArmStatus
 .text.CMD_AntGetUptime
                0x20006ed0       0x68 ./src/SubSystemModules/Communication/SubsystemCommands/TRXVU_Commands.o
                0x20006ed0                CMD_AntGetUptime
 .text.CMD_StopReDeployment
                0x20006f38       0x74 ./src/SubSystemModules/Communication/SubsystemCommands/TRXVU_Commands.o
                0x20006f38                CMD_StopReDeployment
 .text.CMD_AntCancelDeployment
                0x20006fac       0x58 ./src/SubSystemModules/Communication/SubsystemCommands/TRXVU_Commands.o
                0x20006fac                CMD_AntCancelDeployment
 .text.CMD_DumpRamTLM
                0x20007004      0x180 ./src/SubSystemModules/Communication/SubsystemCommands/TRXVU_Commands.o
                0x20007004                CMD_DumpRamTLM
 .text.SendAckPacket
                0x20007184       0xfc ./src/SubSystemModules/Communication/AckHandler.o
                0x20007184                SendAckPacket
 .text.trxvu_command_router
                0x20007280      0x578 ./src/SubSystemModules/Communication/CommandDictionary.o
                0x20007280                trxvu_command_router
 .text.eps_command_router
                0x200077f8      0x10c ./src/SubSystemModules/Communication/CommandDictionary.o
                0x200077f8                eps_command_router
 .text.telemetry_command_router
                0x20007904      0x23c ./src/SubSystemModules/Communication/CommandDictionary.o
                0x20007904                telemetry_command_router
 .text.managment_command_router
                0x20007b40      0x12c ./src/SubSystemModules/Communication/CommandDictionary.o
                0x20007b40                managment_command_router
 .text.filesystem_command_router
                0x20007c6c       0x24 ./src/SubSystemModules/Communication/CommandDictionary.o
                0x20007c6c                filesystem_command_router
 .text.sha256_transform
                0x20007c90      0x4b8 ./src/SubSystemModules/Communication/HashSecuredCMD.o
                0x20007c90                sha256_transform
 .text.sha256_init
                0x20008148       0xb8 ./src/SubSystemModules/Communication/HashSecuredCMD.o
                0x20008148                sha256_init
 .text.sha256_update
                0x20008200       0xc8 ./src/SubSystemModules/Communication/HashSecuredCMD.o
                0x20008200                sha256_update
 .text.sha256_final
                0x200082c8      0x470 ./src/SubSystemModules/Communication/HashSecuredCMD.o
                0x200082c8                sha256_final
 .text.ParseDataToCommand
                0x20008738      0x1ac ./src/SubSystemModules/Communication/SatCommandHandler.o
                0x20008738                ParseDataToCommand
 .text.AssembleCommand
                0x200088e4      0x148 ./src/SubSystemModules/Communication/SatCommandHandler.o
                0x200088e4                AssembleCommand
 .text.ActUponCommand
                0x20008a2c      0x108 ./src/SubSystemModules/Communication/SatCommandHandler.o
                0x20008a2c                ActUponCommand
 .text.setMuteEndTime
                0x20008b34       0x40 ./src/SubSystemModules/Communication/TRXVU.o
                0x20008b34                setMuteEndTime
 .text.getMuteEndTime
                0x20008b74       0x44 ./src/SubSystemModules/Communication/TRXVU.o
                0x20008b74                getMuteEndTime
 .text.setTransponderEndTime
                0x20008bb8       0x40 ./src/SubSystemModules/Communication/TRXVU.o
                0x20008bb8                setTransponderEndTime
 .text.getTransponderEndTime
                0x20008bf8       0x44 ./src/SubSystemModules/Communication/TRXVU.o
                0x20008bf8                getTransponderEndTime
 .text.setTransponderRSSIinFRAM
                0x20008c3c       0x44 ./src/SubSystemModules/Communication/TRXVU.o
                0x20008c3c                setTransponderRSSIinFRAM
 .text.getTransponderRSSIFromFRAM
                0x20008c80       0x4c ./src/SubSystemModules/Communication/TRXVU.o
                0x20008c80                getTransponderRSSIFromFRAM
 .text.InitTxModule
                0x20008ccc       0x68 ./src/SubSystemModules/Communication/TRXVU.o
                0x20008ccc                InitTxModule
 .text.CMD_SetBeaconInterval
                0x20008d34       0xdc ./src/SubSystemModules/Communication/TRXVU.o
                0x20008d34                CMD_SetBeaconInterval
 .text.InitBeaconParams
                0x20008e10       0x3c ./src/SubSystemModules/Communication/TRXVU.o
                0x20008e10                InitBeaconParams
 .text.InitSemaphores
                0x20008e4c       0x98 ./src/SubSystemModules/Communication/TRXVU.o
                0x20008e4c                InitSemaphores
 .text.InitTrxvu
                0x20008ee4       0xe4 ./src/SubSystemModules/Communication/TRXVU.o
                0x20008ee4                InitTrxvu
 .text.checkIdleFinish
                0x20008fc8       0x68 ./src/SubSystemModules/Communication/TRXVU.o
                0x20008fc8                checkIdleFinish
 .text.checkTransponderFinish
                0x20009030       0x50 ./src/SubSystemModules/Communication/TRXVU.o
                0x20009030                checkTransponderFinish
 .text.checkTransponderStart
                0x20009080       0x50 ./src/SubSystemModules/Communication/TRXVU.o
                0x20009080                checkTransponderStart
 .text.turnOnTransponder
                0x200090d0       0xa0 ./src/SubSystemModules/Communication/TRXVU.o
                0x200090d0                turnOnTransponder
 .text.turnOffTransponder
                0x20009170       0x90 ./src/SubSystemModules/Communication/TRXVU.o
                0x20009170                turnOffTransponder
 .text.SetRSSITransponder
                0x20009200       0x80 ./src/SubSystemModules/Communication/TRXVU.o
                0x20009200                SetRSSITransponder
 .text.TRX_Logic
                0x20009280       0xe4 ./src/SubSystemModules/Communication/TRXVU.o
                0x20009280                TRX_Logic
 .text.GetNumberOfFramesInBuffer
                0x20009364       0x94 ./src/SubSystemModules/Communication/TRXVU.o
                0x20009364                GetNumberOfFramesInBuffer
 .text.GetOnlineCommand
                0x200093f8      0x1d0 ./src/SubSystemModules/Communication/TRXVU.o
                0x200093f8                GetOnlineCommand
 .text.CheckTransmitionAllowed
                0x200095c8       0xc0 ./src/SubSystemModules/Communication/TRXVU.o
                0x200095c8                CheckTransmitionAllowed
 .text.FinishDump
                0x20009688       0xf0 ./src/SubSystemModules/Communication/TRXVU.o
                0x20009688                FinishDump
 .text.AbortDump
                0x20009778       0x34 ./src/SubSystemModules/Communication/TRXVU.o
                0x20009778                AbortDump
 .text.SendDumpAbortRequest
                0x200097ac       0x6c ./src/SubSystemModules/Communication/TRXVU.o
                0x200097ac                SendDumpAbortRequest
 .text.CheckDumpAbort
                0x20009818       0x6c ./src/SubSystemModules/Communication/TRXVU.o
                0x20009818                CheckDumpAbort
 .text.BeaconLogic
                0x20009884      0x19c ./src/SubSystemModules/Communication/TRXVU.o
                0x20009884                BeaconLogic
 .text.SetIdleState
                0x20009a20      0x144 ./src/SubSystemModules/Communication/TRXVU.o
                0x20009a20                SetIdleState
 .text.muteTRXVU
                0x20009b64       0x74 ./src/SubSystemModules/Communication/TRXVU.o
                0x20009b64                muteTRXVU
 .text.UnMuteTRXVU
                0x20009bd8       0x14 ./src/SubSystemModules/Communication/TRXVU.o
                0x20009bd8                UnMuteTRXVU
 .text.TransmitDataAsSPL_Packet
                0x20009bec      0x12c ./src/SubSystemModules/Communication/TRXVU.o
                0x20009bec                TransmitDataAsSPL_Packet
 .text.Hash256  0x20009d18       0x7c ./src/SubSystemModules/Communication/TRXVU.o
                0x20009d18                Hash256
 .text.CMD_Hash256
                0x20009d94      0x2e0 ./src/SubSystemModules/Communication/TRXVU.o
                0x20009d94                CMD_Hash256
 .text.TransmitSplPacket
                0x2000a074      0x124 ./src/SubSystemModules/Communication/TRXVU.o
                0x2000a074                TransmitSplPacket
 .text.ChangeTxConfigValues
                0x2000a198       0xb8 ./src/SubSystemModules/Communication/TRXVU.o
                0x2000a198                ChangeTxConfigValues
 .text.isFirstActivation
                0x2000a250       0x38 ./src/InitSystem.o
                0x2000a250                isFirstActivation
 .text.WriteDefaultValuesToFRAM
                0x2000a288      0x2c0 ./src/InitSystem.o
                0x2000a288                WriteDefaultValuesToFRAM
 .text.StartFRAM
                0x2000a548       0x64 ./src/InitSystem.o
                0x2000a548                StartFRAM
 .text.StartI2C
                0x2000a5ac       0x38 ./src/InitSystem.o
                0x2000a5ac                StartI2C
 .text.StartSPI
                0x2000a5e4       0x34 ./src/InitSystem.o
                0x2000a5e4                StartSPI
 .text.StartTIME
                0x2000a618       0xbc ./src/InitSystem.o
                0x2000a618                StartTIME
 .text.DeploySystem
                0x2000a6d4      0x1b4 ./src/InitSystem.o
                0x2000a6d4                DeploySystem
 .text.InitSubsystems
                0x2000a888       0x64 ./src/InitSystem.o
                0x2000a888                InitSubsystems
 .text.CMD_getInfoImage
                0x2000a8ec      0x158 ./src/TLM_management.o
                0x2000a8ec                CMD_getInfoImage
 .text.CMD_getDataImage
                0x2000aa44      0x218 ./src/TLM_management.o
                0x2000aa44                CMD_getDataImage
 .text.delete_allTMFilesFromSD
                0x2000ac5c       0x8c ./src/TLM_management.o
                0x2000ac5c                delete_allTMFilesFromSD
 .text.deleteTLMFiles
                0x2000ace8       0x94 ./src/TLM_management.o
                0x2000ace8                deleteTLMFiles
 .text.deleteTLMFile
                0x2000ad7c       0xcc ./src/TLM_management.o
                0x2000ad7c                deleteTLMFile
 .text.deleteTLMbyMonth
                0x2000ae48       0xac ./src/TLM_management.o
                0x2000ae48                deleteTLMbyMonth
 .text.deleteDirectory
                0x2000aef4      0x158 ./src/TLM_management.o
                0x2000aef4                deleteDirectory
 .text.InitializeFS
                0x2000b04c       0xec ./src/TLM_management.o
                0x2000b04c                InitializeFS
 .text.calculateFileName
                0x2000b138      0x130 ./src/TLM_management.o
                0x2000b138                calculateFileName
 .text.getTlmTypeInfo
                0x2000b268      0x264 ./src/TLM_management.o
                0x2000b268                getTlmTypeInfo
 .text.write2File
                0x2000b4cc      0x1dc ./src/TLM_management.o
                0x2000b4cc                write2File
 .text.printTLM
                0x2000b6a8       0x24 ./src/TLM_management.o
                0x2000b6a8                printTLM
 .text.readTLMFile
                0x2000b6cc      0x328 ./src/TLM_management.o
                0x2000b6cc                readTLMFile
 .text.readTLMFiles
                0x2000b9f4       0xdc ./src/TLM_management.o
                0x2000b9f4                readTLMFiles
 .text.readTLMFileTimeRange
                0x2000bad0      0x2f0 ./src/TLM_management.o
                0x2000bad0                readTLMFileTimeRange
 .text.DeInitializeFS
                0x2000bdc0       0x38 ./src/TLM_management.o
                0x2000bdc0                DeInitializeFS
 .text.taskMain
                0x2000bdf8       0x90 ./src/main.o
                0x2000bdf8                taskMain
 .text.main     0x2000be88       0x98 ./src/main.o
                0x2000be88                main
 .text.timeU2time
                0x2000bf20       0xbc ./src/utils.o
                0x2000bf20                timeU2time
 .text.logError
                0x2000bfdc      0x148 ./src/utils.o
                0x2000bfdc                logError
 .text.clearPDCtransfers
                0x2000c124       0xe8 C:/ISIS/workspace_ycube/ycube/GlobusSatProject/..//hal/hal/lib\libHALD.a(SPI.o)
 .text.SPI_start
                0x2000c20c      0x4b0 C:/ISIS/workspace_ycube/ycube/GlobusSatProject/..//hal/hal/lib\libHALD.a(SPI.o)
                0x2000c20c                SPI_start
 .text.SPI_stop
                0x2000c6bc      0x244 C:/ISIS/workspace_ycube/ycube/GlobusSatProject/..//hal/hal/lib\libHALD.a(SPI.o)
                0x2000c6bc                SPI_stop
 .text.SPI_queueTransfer
                0x2000c900      0x1cc C:/ISIS/workspace_ycube/ycube/GlobusSatProject/..//hal/hal/lib\libHALD.a(SPI.o)
                0x2000c900                SPI_queueTransfer
 .text.SPI_internalCallback
                0x2000cacc       0x64 C:/ISIS/workspace_ycube/ycube/GlobusSatProject/..//hal/hal/lib\libHALD.a(SPI.o)
 .text.SPI_writeRead
                0x2000cb30      0x1c0 C:/ISIS/workspace_ycube/ycube/GlobusSatProject/..//hal/hal/lib\libHALD.a(SPI.o)
                0x2000cb30                SPI_writeRead
 .text.waitForTransfer
                0x2000ccf0       0x78 C:/ISIS/workspace_ycube/ycube/GlobusSatProject/..//hal/hal/lib\libHALD.a(SPI.o)
 .text.SPI_getDriverState
                0x2000cd68       0x58 C:/ISIS/workspace_ycube/ycube/GlobusSatProject/..//hal/hal/lib\libHALD.a(SPI.o)
                0x2000cd68                SPI_getDriverState
 .text.validateTransferParameters
                0x2000cdc0      0x10c C:/ISIS/workspace_ycube/ycube/GlobusSatProject/..//hal/hal/lib\libHALD.a(I2C.o)
 .text.I2C_queueTransfer
                0x2000cecc       0xfc C:/ISIS/workspace_ycube/ycube/GlobusSatProject/..//hal/hal/lib\libHALD.a(I2C.o)
                0x2000cecc                I2C_queueTransfer
 .text.I2C_internalCallback
                0x2000cfc8       0x64 C:/ISIS/workspace_ycube/ycube/GlobusSatProject/..//hal/hal/lib\libHALD.a(I2C.o)
 .text.I2C_doBlockingTransfer
                0x2000d02c      0x180 C:/ISIS/workspace_ycube/ycube/GlobusSatProject/..//hal/hal/lib\libHALD.a(I2C.o)
 .text.I2C_write
                0x2000d1ac      0x110 C:/ISIS/workspace_ycube/ycube/GlobusSatProject/..//hal/hal/lib\libHALD.a(I2C.o)
                0x2000d1ac                I2C_write
 .text.I2C_read
                0x2000d2bc      0x110 C:/ISIS/workspace_ycube/ycube/GlobusSatProject/..//hal/hal/lib\libHALD.a(I2C.o)
                0x2000d2bc                I2C_read
 .text.I2C_writeRead
                0x2000d3cc      0x17c C:/ISIS/workspace_ycube/ycube/GlobusSatProject/..//hal/hal/lib\libHALD.a(I2C.o)
                0x2000d3cc                I2C_writeRead
 .text.I2C_start
                0x2000d548      0x2e8 C:/ISIS/workspace_ycube/ycube/GlobusSatProject/..//hal/hal/lib\libHALD.a(I2C.o)
                0x2000d548                I2C_start
 .text.I2C_stop
                0x2000d830      0x184 C:/ISIS/workspace_ycube/ycube/GlobusSatProject/..//hal/hal/lib\libHALD.a(I2C.o)
                0x2000d830                I2C_stop
 .text.I2C_setTransferTimeout
                0x2000d9b4       0x48 C:/ISIS/workspace_ycube/ycube/GlobusSatProject/..//hal/hal/lib\libHALD.a(I2C.o)
                0x2000d9b4                I2C_setTransferTimeout
 .text.ADC_ConvertRaw10bitToMillivolt
                0x2000d9fc       0x50 C:/ISIS/workspace_ycube/ycube/GlobusSatProject/..//hal/hal/lib\libHALD.a(ADC.o)
                0x2000d9fc                ADC_ConvertRaw10bitToMillivolt
 .text.ADC_SingleShot
                0x2000da4c      0x230 C:/ISIS/workspace_ycube/ycube/GlobusSatProject/..//hal/hal/lib\libHALD.a(ADC.o)
                0x2000da4c                ADC_SingleShot
 .text.FRAM_start
                0x2000dc7c      0x120 C:/ISIS/workspace_ycube/ycube/GlobusSatProject/..//hal/hal/lib\libHALD.a(FRAM.o)
                0x2000dc7c                FRAM_start
 .text.FRAM_stop
                0x2000dd9c       0x6c C:/ISIS/workspace_ycube/ycube/GlobusSatProject/..//hal/hal/lib\libHALD.a(FRAM.o)
                0x2000dd9c                FRAM_stop
 .text.FRAM_dummyCallback
                0x2000de08       0x24 C:/ISIS/workspace_ycube/ycube/GlobusSatProject/..//hal/hal/lib\libHALD.a(FRAM.o)
                0x2000de08                FRAM_dummyCallback
 .text.FRAM_unlockingCallback
                0x2000de2c       0x64 C:/ISIS/workspace_ycube/ycube/GlobusSatProject/..//hal/hal/lib\libHALD.a(FRAM.o)
                0x2000de2c                FRAM_unlockingCallback
 .text.doBlockingTransfer
                0x2000de90       0x78 C:/ISIS/workspace_ycube/ycube/GlobusSatProject/..//hal/hal/lib\libHALD.a(FRAM.o)
 .text.FRAM_writePacket
                0x2000df08      0x134 C:/ISIS/workspace_ycube/ycube/GlobusSatProject/..//hal/hal/lib\libHALD.a(FRAM.o)
 .text.FRAM_write
                0x2000e03c      0x1e0 C:/ISIS/workspace_ycube/ycube/GlobusSatProject/..//hal/hal/lib\libHALD.a(FRAM.o)
                0x2000e03c                FRAM_write
 .text.FRAM_readPacket
                0x2000e21c       0xf0 C:/ISIS/workspace_ycube/ycube/GlobusSatProject/..//hal/hal/lib\libHALD.a(FRAM.o)
 .text.FRAM_read
                0x2000e30c      0x1ec C:/ISIS/workspace_ycube/ycube/GlobusSatProject/..//hal/hal/lib\libHALD.a(FRAM.o)
                0x2000e30c                FRAM_read
 .text.Time_start
                0x2000e4f8      0x170 C:/ISIS/workspace_ycube/ycube/GlobusSatProject/..//hal/hal/lib\libHALD.a(Time.o)
                0x2000e4f8                Time_start
 .text.taskTimeSync
                0x2000e668       0x64 C:/ISIS/workspace_ycube/ycube/GlobusSatProject/..//hal/hal/lib\libHALD.a(Time.o)
 .text.Time_convertEpochToTime
                0x2000e6cc      0x100 C:/ISIS/workspace_ycube/ycube/GlobusSatProject/..//hal/hal/lib\libHALD.a(Time.o)
                0x2000e6cc                Time_convertEpochToTime
 .text.Time_calculateSecondsOfYear
                0x2000e7cc       0xd8 C:/ISIS/workspace_ycube/ycube/GlobusSatProject/..//hal/hal/lib\libHALD.a(Time.o)
 .text.Time_set
                0x2000e8a4       0xd8 C:/ISIS/workspace_ycube/ycube/GlobusSatProject/..//hal/hal/lib\libHALD.a(Time.o)
                0x2000e8a4                Time_set
 .text.Time_isLeapYear
                0x2000e97c       0x98 C:/ISIS/workspace_ycube/ycube/GlobusSatProject/..//hal/hal/lib\libHALD.a(Time.o)
                0x2000e97c                Time_isLeapYear
 .text.Time_get
                0x2000ea14      0x478 C:/ISIS/workspace_ycube/ycube/GlobusSatProject/..//hal/hal/lib\libHALD.a(Time.o)
                0x2000ea14                Time_get
 .text.Time_getUnixEpoch
                0x2000ee8c      0x108 C:/ISIS/workspace_ycube/ycube/GlobusSatProject/..//hal/hal/lib\libHALD.a(Time.o)
                0x2000ee8c                Time_getUnixEpoch
 .text.Time_secondsOfYearToTime
                0x2000ef94      0x33c C:/ISIS/workspace_ycube/ycube/GlobusSatProject/..//hal/hal/lib\libHALD.a(Time.o)
 .text.Time_setUnixEpoch
                0x2000f2d0       0x54 C:/ISIS/workspace_ycube/ycube/GlobusSatProject/..//hal/hal/lib\libHALD.a(Time.o)
                0x2000f2d0                Time_setUnixEpoch
 .text.Time_getUptimeSeconds
                0x2000f324       0x28 C:/ISIS/workspace_ycube/ycube/GlobusSatProject/..//hal/hal/lib\libHALD.a(Time.o)
                0x2000f324                Time_getUptimeSeconds
 .text.Time_sync
                0x2000f34c      0x1a8 C:/ISIS/workspace_ycube/ycube/GlobusSatProject/..//hal/hal/lib\libHALD.a(Time.o)
                0x2000f34c                Time_sync
 .text.Time_syncIfNeeded
                0x2000f4f4       0xac C:/ISIS/workspace_ycube/ycube/GlobusSatProject/..//hal/hal/lib\libHALD.a(Time.o)
                0x2000f4f4                Time_syncIfNeeded
 .text.WDT_start
                0x2000f5a0       0x48 C:/ISIS/workspace_ycube/ycube/GlobusSatProject/..//hal/hal/lib\libHALD.a(WatchDogTimerNoOS.o)
                0x2000f5a0                WDT_start
 .text.RTT_start
                0x2000f5e8       0x24 C:/ISIS/workspace_ycube/ycube/GlobusSatProject/..//hal/hal/lib\libHALD.a(RTT.o)
                0x2000f5e8                RTT_start
 .text.RTT_GetTime
                0x2000f60c       0x24 C:/ISIS/workspace_ycube/ycube/GlobusSatProject/..//hal/hal/lib\libHALD.a(RTT.o)
                0x2000f60c                RTT_GetTime
 .text.RTC_start
                0x2000f630       0x3c C:/ISIS/workspace_ycube/ycube/GlobusSatProject/..//hal/hal/lib\libHALD.a(RTC.o)
                0x2000f630                RTC_start
 .text.RTC_setTime
                0x2000f66c      0x2a4 C:/ISIS/workspace_ycube/ycube/GlobusSatProject/..//hal/hal/lib\libHALD.a(RTC.o)
                0x2000f66c                RTC_setTime
 .text.RTC_getTime
                0x2000f910      0x230 C:/ISIS/workspace_ycube/ycube/GlobusSatProject/..//hal/hal/lib\libHALD.a(RTC.o)
                0x2000f910                RTC_getTime
 .text.RTC_checkTimeValid
                0x2000fb40       0xd8 C:/ISIS/workspace_ycube/ycube/GlobusSatProject/..//hal/hal/lib\libHALD.a(RTC.o)
                0x2000fb40                RTC_checkTimeValid
 .text.WDT_startWatchdogKickTask
                0x2000fc18       0xb4 C:/ISIS/workspace_ycube/ycube/GlobusSatProject/..//hal/hal/lib\libHALD.a(WatchDogTimerOS.o)
                0x2000fc18                WDT_startWatchdogKickTask
 .text.WDT_forceKickEveryNms
                0x2000fccc       0x50 C:/ISIS/workspace_ycube/ycube/GlobusSatProject/..//hal/hal/lib\libHALD.a(WatchDogTimerOS.o)
                0x2000fccc                WDT_forceKickEveryNms
 .text.f_puts   0x2000fd1c       0x80 C:/ISIS/workspace_ycube/ycube/GlobusSatProject/..//hal/hal/lib\libHALD.a(fprintf.o)
                0x2000fd1c                f_puts
 .text.LED_glow
                0x2000fd9c       0x58 C:/ISIS/workspace_ycube/ycube/GlobusSatProject/..//hal/hal/lib\libHALD.a(LED.o)
                0x2000fd9c                LED_glow
 .text.LED_dark
                0x2000fdf4       0x58 C:/ISIS/workspace_ycube/ycube/GlobusSatProject/..//hal/hal/lib\libHALD.a(LED.o)
                0x2000fdf4                LED_dark
 .text.LED_toggle
                0x2000fe4c       0x50 C:/ISIS/workspace_ycube/ycube/GlobusSatProject/..//hal/hal/lib\libHALD.a(LED.o)
                0x2000fe4c                LED_toggle
 .text.fm_initvolume
                0x2000fe9c       0x70 C:/ISIS/workspace_ycube/ycube/GlobusSatProject/..//hal/hcc/lib\libHCCD.a(fat_m.o)
                0x2000fe9c                fm_initvolume
 .text.fm_delvolume
                0x2000ff0c       0x60 C:/ISIS/workspace_ycube/ycube/GlobusSatProject/..//hal/hcc/lib\libHCCD.a(fat_m.o)
                0x2000ff0c                fm_delvolume
 .text.fm_format
                0x2000ff6c       0x68 C:/ISIS/workspace_ycube/ycube/GlobusSatProject/..//hal/hcc/lib\libHCCD.a(fat_m.o)
                0x2000ff6c                fm_format
 .text.fm_getdrive
                0x2000ffd4       0x70 C:/ISIS/workspace_ycube/ycube/GlobusSatProject/..//hal/hcc/lib\libHCCD.a(fat_m.o)
                0x2000ffd4                fm_getdrive
 .text.fm_getfreespace
                0x20010044       0x68 C:/ISIS/workspace_ycube/ycube/GlobusSatProject/..//hal/hcc/lib\libHCCD.a(fat_m.o)
                0x20010044                fm_getfreespace
 .text.fm_mkdir
                0x200100ac       0x60 C:/ISIS/workspace_ycube/ycube/GlobusSatProject/..//hal/hcc/lib\libHCCD.a(fat_m.o)
                0x200100ac                fm_mkdir
 .text.fm_rmdir
                0x2001010c       0x60 C:/ISIS/workspace_ycube/ycube/GlobusSatProject/..//hal/hcc/lib\libHCCD.a(fat_m.o)
                0x2001010c                fm_rmdir
 .text.fm_findfirst
                0x2001016c       0x68 C:/ISIS/workspace_ycube/ycube/GlobusSatProject/..//hal/hcc/lib\libHCCD.a(fat_m.o)
                0x2001016c                fm_findfirst
 .text.fm_findnext
                0x200101d4       0x60 C:/ISIS/workspace_ycube/ycube/GlobusSatProject/..//hal/hcc/lib\libHCCD.a(fat_m.o)
                0x200101d4                fm_findnext
 .text.fm_close
                0x20010234       0x60 C:/ISIS/workspace_ycube/ycube/GlobusSatProject/..//hal/hcc/lib\libHCCD.a(fat_m.o)
                0x20010234                fm_close
 .text.fm_flush
                0x20010294       0x60 C:/ISIS/workspace_ycube/ycube/GlobusSatProject/..//hal/hcc/lib\libHCCD.a(fat_m.o)
                0x20010294                fm_flush
 .text.fm_open  0x200102f4       0x68 C:/ISIS/workspace_ycube/ycube/GlobusSatProject/..//hal/hcc/lib\libHCCD.a(fat_m.o)
                0x200102f4                fm_open
 .text.fm_read  0x2001035c       0x7c C:/ISIS/workspace_ycube/ycube/GlobusSatProject/..//hal/hcc/lib\libHCCD.a(fat_m.o)
                0x2001035c                fm_read
 .text.fm_write
                0x200103d8       0x7c C:/ISIS/workspace_ycube/ycube/GlobusSatProject/..//hal/hcc/lib\libHCCD.a(fat_m.o)
                0x200103d8                fm_write
 .text.fm_seek  0x20010454       0x70 C:/ISIS/workspace_ycube/ycube/GlobusSatProject/..//hal/hcc/lib\libHCCD.a(fat_m.o)
                0x20010454                fm_seek
 .text.fm_tell  0x200104c4       0x60 C:/ISIS/workspace_ycube/ycube/GlobusSatProject/..//hal/hcc/lib\libHCCD.a(fat_m.o)
                0x200104c4                fm_tell
 .text.fm_putc  0x20010524       0x68 C:/ISIS/workspace_ycube/ycube/GlobusSatProject/..//hal/hcc/lib\libHCCD.a(fat_m.o)
                0x20010524                fm_putc
 .text.fm_rewind
                0x2001058c       0x60 C:/ISIS/workspace_ycube/ycube/GlobusSatProject/..//hal/hcc/lib\libHCCD.a(fat_m.o)
                0x2001058c                fm_rewind
 .text.fm_delete
                0x200105ec       0x64 C:/ISIS/workspace_ycube/ycube/GlobusSatProject/..//hal/hcc/lib\libHCCD.a(fat_m.o)
                0x200105ec                fm_delete
 .text.fm_getlasterror
                0x20010650       0x40 C:/ISIS/workspace_ycube/ycube/GlobusSatProject/..//hal/hcc/lib\libHCCD.a(fat_m.o)
                0x20010650                fm_getlasterror
 .text._f_invalidatedir
                0x20010690       0x28 C:/ISIS/workspace_ycube/ycube/GlobusSatProject/..//hal/hcc/lib\libHCCD.a(fat.o)
                0x20010690                _f_invalidatedir
 .text._f_getdirsector
                0x200106b8       0x88 C:/ISIS/workspace_ycube/ycube/GlobusSatProject/..//hal/hcc/lib\libHCCD.a(fat.o)
                0x200106b8                _f_getdirsector
 .text._f_writedirsector
                0x20010740       0x74 C:/ISIS/workspace_ycube/ycube/GlobusSatProject/..//hal/hcc/lib\libHCCD.a(fat.o)
                0x20010740                _f_writedirsector
 .text._f_checknameinv
                0x200107b4      0x180 C:/ISIS/workspace_ycube/ycube/GlobusSatProject/..//hal/hcc/lib\libHCCD.a(fat.o)
 .text._f_checkname
                0x20010934       0x7c C:/ISIS/workspace_ycube/ycube/GlobusSatProject/..//hal/hcc/lib\libHCCD.a(fat.o)
 .text._f_checknamewc
                0x200109b0       0xf8 C:/ISIS/workspace_ycube/ycube/GlobusSatProject/..//hal/hcc/lib\libHCCD.a(fat.o)
 .text._f_setnameext
                0x20010aa8      0x300 C:/ISIS/workspace_ycube/ycube/GlobusSatProject/..//hal/hcc/lib\libHCCD.a(fat.o)
 .text._f_setfsname
                0x20010da8      0x584 C:/ISIS/workspace_ycube/ycube/GlobusSatProject/..//hal/hcc/lib\libHCCD.a(fat.o)
 .text._f_findfile
                0x2001132c      0x30c C:/ISIS/workspace_ycube/ycube/GlobusSatProject/..//hal/hcc/lib\libHCCD.a(fat.o)
 .text._f_cmp_wname
                0x20011638      0x274 C:/ISIS/workspace_ycube/ycube/GlobusSatProject/..//hal/hcc/lib\libHCCD.a(fat.o)
 .text._f_to_string
                0x200118ac      0x130 C:/ISIS/workspace_ycube/ycube/GlobusSatProject/..//hal/hcc/lib\libHCCD.a(fat.o)
 .text._f_findfilewc
                0x200119dc      0x278 C:/ISIS/workspace_ycube/ycube/GlobusSatProject/..//hal/hcc/lib\libHCCD.a(fat.o)
 .text._f_getfilename
                0x20011c54      0x20c C:/ISIS/workspace_ycube/ycube/GlobusSatProject/..//hal/hcc/lib\libHCCD.a(fat.o)
 .text._f_findpath
                0x20011e60      0x35c C:/ISIS/workspace_ycube/ycube/GlobusSatProject/..//hal/hcc/lib\libHCCD.a(fat.o)
 .text.fn_getdcwd
                0x200121bc      0x1e0 C:/ISIS/workspace_ycube/ycube/GlobusSatProject/..//hal/hcc/lib\libHCCD.a(fat.o)
                0x200121bc                fn_getdcwd
 .text.fn_findfirst
                0x2001239c      0x13c C:/ISIS/workspace_ycube/ycube/GlobusSatProject/..//hal/hcc/lib\libHCCD.a(fat.o)
                0x2001239c                fn_findfirst
 .text.fn_findnext
                0x200124d8      0x360 C:/ISIS/workspace_ycube/ycube/GlobusSatProject/..//hal/hcc/lib\libHCCD.a(fat.o)
                0x200124d8                fn_findnext
 .text._f_lock_resfile
                0x20012838       0x6c C:/ISIS/workspace_ycube/ycube/GlobusSatProject/..//hal/hcc/lib\libHCCD.a(fat.o)
 .text._f_unlock_resfile
                0x200128a4       0x40 C:/ISIS/workspace_ycube/ycube/GlobusSatProject/..//hal/hcc/lib\libHCCD.a(fat.o)
 .text._f_getintfile
                0x200128e4      0x124 C:/ISIS/workspace_ycube/ycube/GlobusSatProject/..//hal/hcc/lib\libHCCD.a(fat.o)
 .text._f_addentry
                0x20012a08      0x540 C:/ISIS/workspace_ycube/ycube/GlobusSatProject/..//hal/hcc/lib\libHCCD.a(fat.o)
 .text.fn_mkdir
                0x20012f48      0x75c C:/ISIS/workspace_ycube/ycube/GlobusSatProject/..//hal/hcc/lib\libHCCD.a(fat.o)
                0x20012f48                fn_mkdir
 .text.fn_open_sub
                0x200136a4     0x1698 C:/ISIS/workspace_ycube/ycube/GlobusSatProject/..//hal/hcc/lib\libHCCD.a(fat.o)
 .text.fn_open  0x20014d3c       0x44 C:/ISIS/workspace_ycube/ycube/GlobusSatProject/..//hal/hcc/lib\libHCCD.a(fat.o)
                0x20014d3c                fn_open
 .text.fn_delete
                0x20014d80      0x490 C:/ISIS/workspace_ycube/ycube/GlobusSatProject/..//hal/hcc/lib\libHCCD.a(fat.o)
                0x20014d80                fn_delete
 .text.fn_rmdir
                0x20015210      0x5ac C:/ISIS/workspace_ycube/ycube/GlobusSatProject/..//hal/hcc/lib\libHCCD.a(fat.o)
                0x20015210                fn_rmdir
 .text.fn_init  0x200157bc      0x2dc C:/ISIS/workspace_ycube/ycube/GlobusSatProject/..//hal/hcc/lib\libHCCD.a(fat_common.o)
                0x200157bc                fn_init
 .text.fn_start
                0x20015a98       0x1c C:/ISIS/workspace_ycube/ycube/GlobusSatProject/..//hal/hcc/lib\libHCCD.a(fat_common.o)
                0x20015a98                fn_start
 .text.fsn_delete
                0x20015ab4       0xc8 C:/ISIS/workspace_ycube/ycube/GlobusSatProject/..//hal/hcc/lib\libHCCD.a(fat_common.o)
                0x20015ab4                fsn_delete
 .text._f_get16bitl
                0x20015b7c       0x4c C:/ISIS/workspace_ycube/ycube/GlobusSatProject/..//hal/hcc/lib\libHCCD.a(fat_common.o)
                0x20015b7c                _f_get16bitl
 .text._f_set16bitl
                0x20015bc8       0x54 C:/ISIS/workspace_ycube/ycube/GlobusSatProject/..//hal/hcc/lib\libHCCD.a(fat_common.o)
                0x20015bc8                _f_set16bitl
 .text._f_get32bitl
                0x20015c1c       0x68 C:/ISIS/workspace_ycube/ycube/GlobusSatProject/..//hal/hcc/lib\libHCCD.a(fat_common.o)
                0x20015c1c                _f_get32bitl
 .text._f_set32bitl
                0x20015c84       0x78 C:/ISIS/workspace_ycube/ycube/GlobusSatProject/..//hal/hcc/lib\libHCCD.a(fat_common.o)
                0x20015c84                _f_set32bitl
 .text._get8bit
                0x20015cfc       0xa0 C:/ISIS/workspace_ycube/ycube/GlobusSatProject/..//hal/hcc/lib\libHCCD.a(fat_common.o)
 .text._get16bitl
                0x20015d9c       0x40 C:/ISIS/workspace_ycube/ycube/GlobusSatProject/..//hal/hcc/lib\libHCCD.a(fat_common.o)
 .text._get32bitl
                0x20015ddc       0x3c C:/ISIS/workspace_ycube/ycube/GlobusSatProject/..//hal/hcc/lib\libHCCD.a(fat_common.o)
 .text._set8bitzero
                0x20015e18       0x6c C:/ISIS/workspace_ycube/ycube/GlobusSatProject/..//hal/hcc/lib\libHCCD.a(fat_common.o)
 .text._set8bit
                0x20015e84       0xa0 C:/ISIS/workspace_ycube/ycube/GlobusSatProject/..//hal/hcc/lib\libHCCD.a(fat_common.o)
 .text._set16bitl
                0x20015f24       0x3c C:/ISIS/workspace_ycube/ycube/GlobusSatProject/..//hal/hcc/lib\libHCCD.a(fat_common.o)
 .text._set32bitl
                0x20015f60       0x34 C:/ISIS/workspace_ycube/ycube/GlobusSatProject/..//hal/hcc/lib\libHCCD.a(fat_common.o)
 .text._f_setcardremoved
                0x20015f94       0x94 C:/ISIS/workspace_ycube/ycube/GlobusSatProject/..//hal/hcc/lib\libHCCD.a(fat_common.o)
 .text._f_checkstatus
                0x20016028      0x104 C:/ISIS/workspace_ycube/ycube/GlobusSatProject/..//hal/hcc/lib\libHCCD.a(fat_common.o)
                0x20016028                _f_checkstatus
 .text._f_drvgetphy
                0x2001612c      0x114 C:/ISIS/workspace_ycube/ycube/GlobusSatProject/..//hal/hcc/lib\libHCCD.a(fat_common.o)
 .text._f_drvwritesector
                0x20016240       0xdc C:/ISIS/workspace_ycube/ycube/GlobusSatProject/..//hal/hcc/lib\libHCCD.a(fat_common.o)
 .text._f_drvreadsector
                0x2001631c       0xa8 C:/ISIS/workspace_ycube/ycube/GlobusSatProject/..//hal/hcc/lib\libHCCD.a(fat_common.o)
 .text._f_writesector
                0x200163c4      0x23c C:/ISIS/workspace_ycube/ycube/GlobusSatProject/..//hal/hcc/lib\libHCCD.a(fat_common.o)
                0x200163c4                _f_writesector
 .text._f_readsector
                0x20016600      0x1dc C:/ISIS/workspace_ycube/ycube/GlobusSatProject/..//hal/hcc/lib\libHCCD.a(fat_common.o)
                0x20016600                _f_readsector
 .text._f_getmaxcluster
                0x200167dc       0x94 C:/ISIS/workspace_ycube/ycube/GlobusSatProject/..//hal/hcc/lib\libHCCD.a(fat_common.o)
                0x200167dc                _f_getmaxcluster
 .text._getsectorfromcluster
                0x20016870       0x68 C:/ISIS/workspace_ycube/ycube/GlobusSatProject/..//hal/hcc/lib\libHCCD.a(fat_common.o)
 .text._f_buildsectors
                0x200168d8      0x268 C:/ISIS/workspace_ycube/ycube/GlobusSatProject/..//hal/hcc/lib\libHCCD.a(fat_common.o)
 .text._f_getbootrecord
                0x20016b40      0x5e4 C:/ISIS/workspace_ycube/ycube/GlobusSatProject/..//hal/hcc/lib\libHCCD.a(fat_common.o)
 .text._f_readbootrecord
                0x20017124      0x4f8 C:/ISIS/workspace_ycube/ycube/GlobusSatProject/..//hal/hcc/lib\libHCCD.a(fat_common.o)
 .text._f_writebootrecord
                0x2001761c      0x5e4 C:/ISIS/workspace_ycube/ycube/GlobusSatProject/..//hal/hcc/lib\libHCCD.a(fat_common.o)
 .text._f_flushcffiles
                0x20017c00      0x17c C:/ISIS/workspace_ycube/ycube/GlobusSatProject/..//hal/hcc/lib\libHCCD.a(fat_common.o)
                0x20017c00                _f_flushcffiles
 .text._f_fatcache_flush
                0x20017d7c      0x270 C:/ISIS/workspace_ycube/ycube/GlobusSatProject/..//hal/hcc/lib\libHCCD.a(fat_common.o)
                0x20017d7c                _f_fatcache_flush
 .text._f_writefatsector
                0x20017fec      0x100 C:/ISIS/workspace_ycube/ycube/GlobusSatProject/..//hal/hcc/lib\libHCCD.a(fat_common.o)
                0x20017fec                _f_writefatsector
 .text._f_getfatsector
                0x200180ec      0x3bc C:/ISIS/workspace_ycube/ycube/GlobusSatProject/..//hal/hcc/lib\libHCCD.a(fat_common.o)
 .text._f_setclustervalue
                0x200184a8      0x490 C:/ISIS/workspace_ycube/ycube/GlobusSatProject/..//hal/hcc/lib\libHCCD.a(fat_common.o)
                0x200184a8                _f_setclustervalue
 .text._f_getclustervalue
                0x20018938      0x388 C:/ISIS/workspace_ycube/ycube/GlobusSatProject/..//hal/hcc/lib\libHCCD.a(fat_common.o)
                0x20018938                _f_getclustervalue
 .text._f_close_drive_files
                0x20018cc0       0xac C:/ISIS/workspace_ycube/ycube/GlobusSatProject/..//hal/hcc/lib\libHCCD.a(fat_common.o)
 .text._f_inc_mount_count
                0x20018d6c       0xa4 C:/ISIS/workspace_ycube/ycube/GlobusSatProject/..//hal/hcc/lib\libHCCD.a(fat_common.o)
 .text._f_getvolume
                0x20018e10      0x2f8 C:/ISIS/workspace_ycube/ycube/GlobusSatProject/..//hal/hcc/lib\libHCCD.a(fat_common.o)
                0x20018e10                _f_getvolume
 .text.fn_createdriver
                0x20019108      0x118 C:/ISIS/workspace_ycube/ycube/GlobusSatProject/..//hal/hcc/lib\libHCCD.a(fat_common.o)
                0x20019108                fn_createdriver
 .text.fn_initvolume
                0x20019220      0x12c C:/ISIS/workspace_ycube/ycube/GlobusSatProject/..//hal/hcc/lib\libHCCD.a(fat_common.o)
                0x20019220                fn_initvolume
 .text.fn_releasedriver
                0x2001934c       0xf4 C:/ISIS/workspace_ycube/ycube/GlobusSatProject/..//hal/hcc/lib\libHCCD.a(fat_common.o)
                0x2001934c                fn_releasedriver
 .text.fn_initvolumepartition_sub
                0x20019440       0xe0 C:/ISIS/workspace_ycube/ycube/GlobusSatProject/..//hal/hcc/lib\libHCCD.a(fat_common.o)
 .text.fn_initvolumepartition
                0x20019520       0xac C:/ISIS/workspace_ycube/ycube/GlobusSatProject/..//hal/hcc/lib\libHCCD.a(fat_common.o)
                0x20019520                fn_initvolumepartition
 .text.fn_delvolume
                0x200195cc      0x194 C:/ISIS/workspace_ycube/ycube/GlobusSatProject/..//hal/hcc/lib\libHCCD.a(fat_common.o)
                0x200195cc                fn_delvolume
 .text._f_clustertopos
                0x20019760       0xf8 C:/ISIS/workspace_ycube/ycube/GlobusSatProject/..//hal/hcc/lib\libHCCD.a(fat_common.o)
                0x20019760                _f_clustertopos
 .text._f_prepareformat
                0x20019858      0x8b8 C:/ISIS/workspace_ycube/ycube/GlobusSatProject/..//hal/hcc/lib\libHCCD.a(fat_common.o)
 .text._f_resetfatentries
                0x2001a110      0x410 C:/ISIS/workspace_ycube/ycube/GlobusSatProject/..//hal/hcc/lib\libHCCD.a(fat_common.o)
 .text._f_resetrootdir
                0x2001a520       0xcc C:/ISIS/workspace_ycube/ycube/GlobusSatProject/..//hal/hcc/lib\libHCCD.a(fat_common.o)
 .text._f_postformat
                0x2001a5ec      0x178 C:/ISIS/workspace_ycube/ycube/GlobusSatProject/..//hal/hcc/lib\libHCCD.a(fat_common.o)
 .text.fn_format
                0x2001a764      0x148 C:/ISIS/workspace_ycube/ycube/GlobusSatProject/..//hal/hcc/lib\libHCCD.a(fat_common.o)
                0x2001a764                fn_format
 .text._f_getcurrsector
                0x2001a8ac      0x6c8 C:/ISIS/workspace_ycube/ycube/GlobusSatProject/..//hal/hcc/lib\libHCCD.a(fat_common.o)
                0x2001a8ac                _f_getcurrsector
 .text._f_getdecluster
                0x2001af74       0x90 C:/ISIS/workspace_ycube/ycube/GlobusSatProject/..//hal/hcc/lib\libHCCD.a(fat_common.o)
                0x2001af74                _f_getdecluster
 .text._f_setdecluster
                0x2001b004       0x8c C:/ISIS/workspace_ycube/ycube/GlobusSatProject/..//hal/hcc/lib\libHCCD.a(fat_common.o)
                0x2001b004                _f_setdecluster
 .text.fn_getdrive
                0x2001b090       0x30 C:/ISIS/workspace_ycube/ycube/GlobusSatProject/..//hal/hcc/lib\libHCCD.a(fat_common.o)
                0x2001b090                fn_getdrive
 .text._f_getcurrenttimedate
                0x2001b0c0      0x138 C:/ISIS/workspace_ycube/ycube/GlobusSatProject/..//hal/hcc/lib\libHCCD.a(fat_common.o)
                0x2001b0c0                _f_getcurrenttimedate
 .text._f_initentry
                0x2001b1f8       0xa0 C:/ISIS/workspace_ycube/ycube/GlobusSatProject/..//hal/hcc/lib\libHCCD.a(fat_common.o)
                0x2001b1f8                _f_initentry
 .text._f_alloccluster
                0x2001b298      0x344 C:/ISIS/workspace_ycube/ycube/GlobusSatProject/..//hal/hcc/lib\libHCCD.a(fat_common.o)
                0x2001b298                _f_alloccluster
 .text._f_dobadblock
                0x2001b5dc      0x2cc C:/ISIS/workspace_ycube/ycube/GlobusSatProject/..//hal/hcc/lib\libHCCD.a(fat_common.o)
                0x2001b5dc                _f_dobadblock
 .text._f_checklocked
                0x2001b8a8       0xe4 C:/ISIS/workspace_ycube/ycube/GlobusSatProject/..//hal/hcc/lib\libHCCD.a(fat_common.o)
                0x2001b8a8                _f_checklocked
 .text._f_checkappendlocked
                0x2001b98c      0x110 C:/ISIS/workspace_ycube/ycube/GlobusSatProject/..//hal/hcc/lib\libHCCD.a(fat_common.o)
                0x2001b98c                _f_checkappendlocked
 .text._f_setsyncafile
                0x2001ba9c      0x114 C:/ISIS/workspace_ycube/ycube/GlobusSatProject/..//hal/hcc/lib\libHCCD.a(fat_common.o)
                0x2001ba9c                _f_setsyncafile
 .text._f_syncfiles
                0x2001bbb0      0x128 C:/ISIS/workspace_ycube/ycube/GlobusSatProject/..//hal/hcc/lib\libHCCD.a(fat_common.o)
                0x2001bbb0                _f_syncfiles
 .text._f_syncfilescontent
                0x2001bcd8      0x15c C:/ISIS/workspace_ycube/ycube/GlobusSatProject/..//hal/hcc/lib\libHCCD.a(fat_common.o)
 .text.fn_getfreespace
                0x2001be34      0x4c0 C:/ISIS/workspace_ycube/ycube/GlobusSatProject/..//hal/hcc/lib\libHCCD.a(fat_common.o)
                0x2001be34                fn_getfreespace
 .text._f_emptywritecache
                0x2001c2f4      0x4a4 C:/ISIS/workspace_ycube/ycube/GlobusSatProject/..//hal/hcc/lib\libHCCD.a(fat_common.o)
 .text._f_allocnextcluster
                0x2001c798      0x54c C:/ISIS/workspace_ycube/ycube/GlobusSatProject/..//hal/hcc/lib\libHCCD.a(fat_common.o)
 .text._f_emptywritebuffer
                0x2001cce4      0x20c C:/ISIS/workspace_ycube/ycube/GlobusSatProject/..//hal/hcc/lib\libHCCD.a(fat_common.o)
 .text._f_writezeros
                0x2001cef0       0xf0 C:/ISIS/workspace_ycube/ycube/GlobusSatProject/..//hal/hcc/lib\libHCCD.a(fat_common.o)
                0x2001cef0                _f_writezeros
 .text._f_extend_file
                0x2001cfe0      0x570 C:/ISIS/workspace_ycube/ycube/GlobusSatProject/..//hal/hcc/lib\libHCCD.a(fat_common.o)
 .text._f_fseek
                0x2001d550      0x9bc C:/ISIS/workspace_ycube/ycube/GlobusSatProject/..//hal/hcc/lib\libHCCD.a(fat_common.o)
                0x2001d550                _f_fseek
 .text._f_removechain
                0x2001df0c      0x104 C:/ISIS/workspace_ycube/ycube/GlobusSatProject/..//hal/hcc/lib\libHCCD.a(fat_common.o)
                0x2001df0c                _f_removechain
 .text._f_updatefileentry
                0x2001e010      0x1cc C:/ISIS/workspace_ycube/ycube/GlobusSatProject/..//hal/hcc/lib\libHCCD.a(fat_common.o)
 .text._f_checkreadlocked
                0x2001e1dc      0x1bc C:/ISIS/workspace_ycube/ycube/GlobusSatProject/..//hal/hcc/lib\libHCCD.a(fat_common.o)
                0x2001e1dc                _f_checkreadlocked
 .text._f_check_handle
                0x2001e398       0x98 C:/ISIS/workspace_ycube/ycube/GlobusSatProject/..//hal/hcc/lib\libHCCD.a(fat_common.o)
                0x2001e398                _f_check_handle
 .text._f_removesyncafile
                0x2001e430      0x1ec C:/ISIS/workspace_ycube/ycube/GlobusSatProject/..//hal/hcc/lib\libHCCD.a(fat_common.o)
 .text.fn_close
                0x2001e61c      0x3f8 C:/ISIS/workspace_ycube/ycube/GlobusSatProject/..//hal/hcc/lib\libHCCD.a(fat_common.o)
                0x2001e61c                fn_close
 .text.fn_flush
                0x2001ea14      0x374 C:/ISIS/workspace_ycube/ycube/GlobusSatProject/..//hal/hcc/lib\libHCCD.a(fat_common.o)
                0x2001ea14                fn_flush
 .text.fn_read  0x2001ed88      0x690 C:/ISIS/workspace_ycube/ycube/GlobusSatProject/..//hal/hcc/lib\libHCCD.a(fat_common.o)
                0x2001ed88                fn_read
 .text._f_abortwrite
                0x2001f418      0x100 C:/ISIS/workspace_ycube/ycube/GlobusSatProject/..//hal/hcc/lib\libHCCD.a(fat_common.o)
 .text._f_checkwritecluster
                0x2001f518       0xe4 C:/ISIS/workspace_ycube/ycube/GlobusSatProject/..//hal/hcc/lib\libHCCD.a(fat_common.o)
 .text.fn_write
                0x2001f5fc      0x8a8 C:/ISIS/workspace_ycube/ycube/GlobusSatProject/..//hal/hcc/lib\libHCCD.a(fat_common.o)
                0x2001f5fc                fn_write
 .text.fn_seek  0x2001fea4      0x270 C:/ISIS/workspace_ycube/ycube/GlobusSatProject/..//hal/hcc/lib\libHCCD.a(fat_common.o)
                0x2001fea4                fn_seek
 .text.fn_tell  0x20020114      0x19c C:/ISIS/workspace_ycube/ycube/GlobusSatProject/..//hal/hcc/lib\libHCCD.a(fat_common.o)
                0x20020114                fn_tell
 .text.fn_rewind
                0x200202b0       0x38 C:/ISIS/workspace_ycube/ycube/GlobusSatProject/..//hal/hcc/lib\libHCCD.a(fat_common.o)
                0x200202b0                fn_rewind
 .text.fn_putc  0x200202e8       0x68 C:/ISIS/workspace_ycube/ycube/GlobusSatProject/..//hal/hcc/lib\libHCCD.a(fat_common.o)
                0x200202e8                fn_putc
 .text.f_enterFS
                0x20020350      0x1c0 C:/ISIS/workspace_ycube/ycube/GlobusSatProject/..//hal/hcc/lib\libHCCD.a(fat_common.o)
                0x20020350                f_enterFS
 .text.f_releaseFS
                0x20020510       0xb0 C:/ISIS/workspace_ycube/ycube/GlobusSatProject/..//hal/hcc/lib\libHCCD.a(fat_common.o)
                0x20020510                f_releaseFS
 .text.fnGetTask
                0x200205c0       0xfc C:/ISIS/workspace_ycube/ycube/GlobusSatProject/..//hal/hcc/lib\libHCCD.a(fat_common.o)
                0x200205c0                fnGetTask
 .text._f_mutex_get
                0x200206bc       0x98 C:/ISIS/workspace_ycube/ycube/GlobusSatProject/..//hal/hcc/lib\libHCCD.a(fat_common.o)
                0x200206bc                _f_mutex_get
 .text._f_mutex_put
                0x20020754       0x54 C:/ISIS/workspace_ycube/ycube/GlobusSatProject/..//hal/hcc/lib\libHCCD.a(fat_common.o)
                0x20020754                _f_mutex_put
 .text._fn_initseekdivisor
                0x200207a8      0x158 C:/ISIS/workspace_ycube/ycube/GlobusSatProject/..//hal/hcc/lib\libHCCD.a(fat_common.o)
                0x200207a8                _fn_initseekdivisor
 .text._fn_updateseekpos
                0x20020900       0xc4 C:/ISIS/workspace_ycube/ycube/GlobusSatProject/..//hal/hcc/lib\libHCCD.a(fat_common.o)
 .text._f_findopensize
                0x200209c4       0x2c C:/ISIS/workspace_ycube/ycube/GlobusSatProject/..//hal/hcc/lib\libHCCD.a(fat_common.o)
                0x200209c4                _f_findopensize
 .text.fn_setlasterror
                0x200209f0       0x34 C:/ISIS/workspace_ycube/ycube/GlobusSatProject/..//hal/hcc/lib\libHCCD.a(fat_common.o)
                0x200209f0                fn_setlasterror
 .text.fn_setlasterror_noret
                0x20020a24       0x2c C:/ISIS/workspace_ycube/ycube/GlobusSatProject/..//hal/hcc/lib\libHCCD.a(fat_common.o)
                0x20020a24                fn_setlasterror_noret
 .text._s_checkzeroclusteratend
                0x20020a50       0xf8 C:/ISIS/workspace_ycube/ycube/GlobusSatProject/..//hal/hcc/lib\libHCCD.a(safefat.o)
 .text._s_clearclustercontent
                0x20020b48      0x108 C:/ISIS/workspace_ycube/ycube/GlobusSatProject/..//hal/hcc/lib\libHCCD.a(safefat.o)
 .text._s_clearclustercontentdir
                0x20020c50      0x19c C:/ISIS/workspace_ycube/ycube/GlobusSatProject/..//hal/hcc/lib\libHCCD.a(safefat.o)
 .text._s_writedirsector
                0x20020dec       0xd0 C:/ISIS/workspace_ycube/ycube/GlobusSatProject/..//hal/hcc/lib\libHCCD.a(safefat.o)
 .text._s_getdirsector
                0x20020ebc      0x100 C:/ISIS/workspace_ycube/ycube/GlobusSatProject/..//hal/hcc/lib\libHCCD.a(safefat.o)
 .text._s_addentry
                0x20020fbc      0x394 C:/ISIS/workspace_ycube/ycube/GlobusSatProject/..//hal/hcc/lib\libHCCD.a(safefat.o)
 .text._s_findfile
                0x20021350      0x33c C:/ISIS/workspace_ycube/ycube/GlobusSatProject/..//hal/hcc/lib\libHCCD.a(safefat.o)
 .text._s_findsubdir
                0x2002168c      0x248 C:/ISIS/workspace_ycube/ycube/GlobusSatProject/..//hal/hcc/lib\libHCCD.a(safefat.o)
 .text._s_createfile
                0x200218d4      0x190 C:/ISIS/workspace_ycube/ycube/GlobusSatProject/..//hal/hcc/lib\libHCCD.a(safefat.o)
 .text._s_findsaffile
                0x20021a64      0x1b8 C:/ISIS/workspace_ycube/ycube/GlobusSatProject/..//hal/hcc/lib\libHCCD.a(safefat.o)
 .text._s_open  0x20021c1c       0xe4 C:/ISIS/workspace_ycube/ycube/GlobusSatProject/..//hal/hcc/lib\libHCCD.a(safefat.o)
 .text._s_open_saf
                0x20021d00       0xe8 C:/ISIS/workspace_ycube/ycube/GlobusSatProject/..//hal/hcc/lib\libHCCD.a(safefat.o)
 .text._s_flush
                0x20021de8       0x84 C:/ISIS/workspace_ycube/ycube/GlobusSatProject/..//hal/hcc/lib\libHCCD.a(safefat.o)
 .text._s_allocnextcluster
                0x20021e6c      0x13c C:/ISIS/workspace_ycube/ycube/GlobusSatProject/..//hal/hcc/lib\libHCCD.a(safefat.o)
 .text._s_getnextsector
                0x20021fa8       0xdc C:/ISIS/workspace_ycube/ycube/GlobusSatProject/..//hal/hcc/lib\libHCCD.a(safefat.o)
 .text._s_seek  0x20022084      0x1e8 C:/ISIS/workspace_ycube/ycube/GlobusSatProject/..//hal/hcc/lib\libHCCD.a(safefat.o)
 .text._s_get_len
                0x2002226c      0x10c C:/ISIS/workspace_ycube/ycube/GlobusSatProject/..//hal/hcc/lib\libHCCD.a(safefat.o)
 .text._s_set_len
                0x20022378       0xb4 C:/ISIS/workspace_ycube/ycube/GlobusSatProject/..//hal/hcc/lib\libHCCD.a(safefat.o)
 .text.safe_fix_filelengths
                0x2002242c       0xcc C:/ISIS/workspace_ycube/ycube/GlobusSatProject/..//hal/hcc/lib\libHCCD.a(safefat.o)
                0x2002242c                safe_fix_filelengths
 .text._s_read  0x200224f8      0x228 C:/ISIS/workspace_ycube/ycube/GlobusSatProject/..//hal/hcc/lib\libHCCD.a(safefat.o)
 .text._s_write
                0x20022720      0x384 C:/ISIS/workspace_ycube/ycube/GlobusSatProject/..//hal/hcc/lib\libHCCD.a(safefat.o)
 .text._s_restoreclusters
                0x20022aa4      0x270 C:/ISIS/workspace_ycube/ycube/GlobusSatProject/..//hal/hcc/lib\libHCCD.a(safefat.o)
                0x20022aa4                _s_restoreclusters
 .text._s_findrestore
                0x20022d14      0x18c C:/ISIS/workspace_ycube/ycube/GlobusSatProject/..//hal/hcc/lib\libHCCD.a(safefat.o)
 .text._s_cmd_writede
                0x20022ea0       0xd8 C:/ISIS/workspace_ycube/ycube/GlobusSatProject/..//hal/hcc/lib\libHCCD.a(safefat.o)
 .text._s_cmd_setcluster
                0x20022f78       0x88 C:/ISIS/workspace_ycube/ycube/GlobusSatProject/..//hal/hcc/lib\libHCCD.a(safefat.o)
 .text._s_cmd_deletechain
                0x20023000      0x100 C:/ISIS/workspace_ycube/ycube/GlobusSatProject/..//hal/hcc/lib\libHCCD.a(safefat.o)
 .text._s_cmd_validatecfn
                0x20023100      0x308 C:/ISIS/workspace_ycube/ycube/GlobusSatProject/..//hal/hcc/lib\libHCCD.a(safefat.o)
 .text._s_cmd_seteof
                0x20023408      0x3c4 C:/ISIS/workspace_ycube/ycube/GlobusSatProject/..//hal/hcc/lib\libHCCD.a(safefat.o)
 .text.safe_docommands
                0x200237cc      0x56c C:/ISIS/workspace_ycube/ycube/GlobusSatProject/..//hal/hcc/lib\libHCCD.a(safefat.o)
                0x200237cc                safe_docommands
 .text.safe_entercommand
                0x20023d38       0x68 C:/ISIS/workspace_ycube/ycube/GlobusSatProject/..//hal/hcc/lib\libHCCD.a(safefat.o)
                0x20023d38                safe_entercommand
 .text.safe_ready
                0x20023da0       0xf4 C:/ISIS/workspace_ycube/ycube/GlobusSatProject/..//hal/hcc/lib\libHCCD.a(safefat.o)
                0x20023da0                safe_ready
 .text.safe_copycfn
                0x20023e94       0xb8 C:/ISIS/workspace_ycube/ycube/GlobusSatProject/..//hal/hcc/lib\libHCCD.a(safefat.o)
                0x20023e94                safe_copycfn
 .text.safe_cfremove
                0x20023f4c       0xb8 C:/ISIS/workspace_ycube/ycube/GlobusSatProject/..//hal/hcc/lib\libHCCD.a(safefat.o)
                0x20023f4c                safe_cfremove
 .text.safe_writede
                0x20024004      0x104 C:/ISIS/workspace_ycube/ycube/GlobusSatProject/..//hal/hcc/lib\libHCCD.a(safefat.o)
                0x20024004                safe_writede
 .text.safe_setcluster
                0x20024108       0xcc C:/ISIS/workspace_ycube/ycube/GlobusSatProject/..//hal/hcc/lib\libHCCD.a(safefat.o)
                0x20024108                safe_setcluster
 .text.safe_deletechain
                0x200241d4      0x1c8 C:/ISIS/workspace_ycube/ycube/GlobusSatProject/..//hal/hcc/lib\libHCCD.a(safefat.o)
                0x200241d4                safe_deletechain
 .text.safe_cfclose
                0x2002439c      0x104 C:/ISIS/workspace_ycube/ycube/GlobusSatProject/..//hal/hcc/lib\libHCCD.a(safefat.o)
                0x2002439c                safe_cfclose
 .text.safe_cfflush
                0x200244a0      0x124 C:/ISIS/workspace_ycube/ycube/GlobusSatProject/..//hal/hcc/lib\libHCCD.a(safefat.o)
                0x200244a0                safe_cfflush
 .text.safe_reset
                0x200245c4       0x78 C:/ISIS/workspace_ycube/ycube/GlobusSatProject/..//hal/hcc/lib\libHCCD.a(safefat.o)
                0x200245c4                safe_reset
 .text.safe_loadcommands
                0x2002463c       0x78 C:/ISIS/workspace_ycube/ycube/GlobusSatProject/..//hal/hcc/lib\libHCCD.a(safefat.o)
                0x2002463c                safe_loadcommands
 .text.safe_poweron
                0x200246b4      0x1fc C:/ISIS/workspace_ycube/ycube/GlobusSatProject/..//hal/hcc/lib\libHCCD.a(safefat.o)
                0x200246b4                safe_poweron
 .text.cf_getname
                0x200248b0       0xc0 C:/ISIS/workspace_ycube/ycube/GlobusSatProject/..//hal/hcc/lib\libHCCD.a(safefat.o)
 .text.cf_copyclusterchain
                0x20024970      0x138 C:/ISIS/workspace_ycube/ycube/GlobusSatProject/..//hal/hcc/lib\libHCCD.a(safefat.o)
 .text.cf_seektozero
                0x20024aa8       0x94 C:/ISIS/workspace_ycube/ycube/GlobusSatProject/..//hal/hcc/lib\libHCCD.a(safefat.o)
                0x20024aa8                cf_seektozero
 .text.cf_create
                0x20024b3c      0x3a8 C:/ISIS/workspace_ycube/ycube/GlobusSatProject/..//hal/hcc/lib\libHCCD.a(safefat.o)
                0x20024b3c                cf_create
 .text.cf_copyclustercontent
                0x20024ee4      0x128 C:/ISIS/workspace_ycube/ycube/GlobusSatProject/..//hal/hcc/lib\libHCCD.a(safefat.o)
                0x20024ee4                cf_copyclustercontent
 .text.cf_copycfn
                0x2002500c      0x4bc C:/ISIS/workspace_ycube/ycube/GlobusSatProject/..//hal/hcc/lib\libHCCD.a(safefat.o)
                0x2002500c                cf_copycfn
 .text.cf_remove
                0x200254c8      0x344 C:/ISIS/workspace_ycube/ycube/GlobusSatProject/..//hal/hcc/lib\libHCCD.a(safefat.o)
                0x200254c8                cf_remove
 .text.cf_setclusternew
                0x2002580c       0xf0 C:/ISIS/workspace_ycube/ycube/GlobusSatProject/..//hal/hcc/lib\libHCCD.a(safefat.o)
                0x2002580c                cf_setclusternew
 .text.cf_flush
                0x200258fc       0x58 C:/ISIS/workspace_ycube/ycube/GlobusSatProject/..//hal/hcc/lib\libHCCD.a(safefat.o)
                0x200258fc                cf_flush
 .text.cf_getcluster
                0x20025954      0x1b4 C:/ISIS/workspace_ycube/ycube/GlobusSatProject/..//hal/hcc/lib\libHCCD.a(safefat.o)
                0x20025954                cf_getcluster
 .text.cf_setnextcluster
                0x20025b08      0x194 C:/ISIS/workspace_ycube/ycube/GlobusSatProject/..//hal/hcc/lib\libHCCD.a(safefat.o)
                0x20025b08                cf_setnextcluster
 .text.cf_getpositions
                0x20025c9c       0xbc C:/ISIS/workspace_ycube/ycube/GlobusSatProject/..//hal/hcc/lib\libHCCD.a(safefat.o)
                0x20025c9c                cf_getpositions
 .text.cf_setpositions
                0x20025d58       0xb0 C:/ISIS/workspace_ycube/ycube/GlobusSatProject/..//hal/hcc/lib\libHCCD.a(safefat.o)
                0x20025d58                cf_setpositions
 .text.cf_opensyncafile
                0x20025e08      0x150 C:/ISIS/workspace_ycube/ycube/GlobusSatProject/..//hal/hcc/lib\libHCCD.a(safefat.o)
                0x20025e08                cf_opensyncafile
 .text.cf_reloadcfo
                0x20025f58       0xd8 C:/ISIS/workspace_ycube/ycube/GlobusSatProject/..//hal/hcc/lib\libHCCD.a(safefat.o)
                0x20025f58                cf_reloadcfo
 .text.mcipdc_cmd
                0x20026030      0x22c C:/ISIS/workspace_ycube/ycube/GlobusSatProject/..//hal/hcc/lib\libHCCD.a(atmel_mcipdc.o)
 .text.mcipdc_stop
                0x2002625c       0xfc C:/ISIS/workspace_ycube/ycube/GlobusSatProject/..//hal/hcc/lib\libHCCD.a(atmel_mcipdc.o)
                0x2002625c                mcipdc_stop
 .text.mcipdc_read
                0x20026358      0x27c C:/ISIS/workspace_ycube/ycube/GlobusSatProject/..//hal/hcc/lib\libHCCD.a(atmel_mcipdc.o)
 .text.mcipdc_write
                0x200265d4      0x298 C:/ISIS/workspace_ycube/ycube/GlobusSatProject/..//hal/hcc/lib\libHCCD.a(atmel_mcipdc.o)
 .text.mcipdc_readsector
                0x2002686c       0x9c C:/ISIS/workspace_ycube/ycube/GlobusSatProject/..//hal/hcc/lib\libHCCD.a(atmel_mcipdc.o)
                0x2002686c                mcipdc_readsector
 .text.mcipdc_readmultiplesector
                0x20026908      0x124 C:/ISIS/workspace_ycube/ycube/GlobusSatProject/..//hal/hcc/lib\libHCCD.a(atmel_mcipdc.o)
                0x20026908                mcipdc_readmultiplesector
 .text.mcipdc_writesector
                0x20026a2c       0x90 C:/ISIS/workspace_ycube/ycube/GlobusSatProject/..//hal/hcc/lib\libHCCD.a(atmel_mcipdc.o)
                0x20026a2c                mcipdc_writesector
 .text.mcipdc_writemultiplesector
                0x20026abc      0x120 C:/ISIS/workspace_ycube/ycube/GlobusSatProject/..//hal/hcc/lib\libHCCD.a(atmel_mcipdc.o)
                0x20026abc                mcipdc_writemultiplesector
 .text.mcipdc_set_speed
                0x20026bdc       0xb0 C:/ISIS/workspace_ycube/ycube/GlobusSatProject/..//hal/hcc/lib\libHCCD.a(atmel_mcipdc.o)
 .text.mcipdc_get_speed
                0x20026c8c       0x48 C:/ISIS/workspace_ycube/ycube/GlobusSatProject/..//hal/hcc/lib\libHCCD.a(atmel_mcipdc.o)
 .text._get_csd_bits
                0x20026cd4      0x14c C:/ISIS/workspace_ycube/ycube/GlobusSatProject/..//hal/hcc/lib\libHCCD.a(atmel_mcipdc.o)
 .text.mcipdc_initcard
                0x20026e20      0x8f4 C:/ISIS/workspace_ycube/ycube/GlobusSatProject/..//hal/hcc/lib\libHCCD.a(atmel_mcipdc.o)
 .text.mcipdc_getstatus
                0x20027714       0xe8 C:/ISIS/workspace_ycube/ycube/GlobusSatProject/..//hal/hcc/lib\libHCCD.a(atmel_mcipdc.o)
 .text.mcipdc_getphy
                0x200277fc       0x90 C:/ISIS/workspace_ycube/ycube/GlobusSatProject/..//hal/hcc/lib\libHCCD.a(atmel_mcipdc.o)
 .text.mcipdc_release
                0x2002788c       0x50 C:/ISIS/workspace_ycube/ycube/GlobusSatProject/..//hal/hcc/lib\libHCCD.a(atmel_mcipdc.o)
 .text.atmel_mcipdc_initfunc
                0x200278dc      0x160 C:/ISIS/workspace_ycube/ycube/GlobusSatProject/..//hal/hcc/lib\libHCCD.a(atmel_mcipdc.o)
                0x200278dc                atmel_mcipdc_initfunc
 .text.oal_task_get_id
                0x20027a3c       0x18 C:/ISIS/workspace_ycube/ycube/GlobusSatProject/..//hal/hcc/lib\libHCCD.a(oalp_task.o)
                0x20027a3c                oal_task_get_id
 .text.oal_mutex_create
                0x20027a54       0x54 C:/ISIS/workspace_ycube/ycube/GlobusSatProject/..//hal/hcc/lib\libHCCD.a(oalp_mutex.o)
                0x20027a54                oal_mutex_create
 .text.oal_mutex_delete
                0x20027aa8       0x30 C:/ISIS/workspace_ycube/ycube/GlobusSatProject/..//hal/hcc/lib\libHCCD.a(oalp_mutex.o)
                0x20027aa8                oal_mutex_delete
 .text.oal_mutex_get
                0x20027ad8       0x58 C:/ISIS/workspace_ycube/ycube/GlobusSatProject/..//hal/hcc/lib\libHCCD.a(oalp_mutex.o)
                0x20027ad8                oal_mutex_get
 .text.oal_mutex_put
                0x20027b30       0x58 C:/ISIS/workspace_ycube/ycube/GlobusSatProject/..//hal/hcc/lib\libHCCD.a(oalp_mutex.o)
                0x20027b30                oal_mutex_put
 .text.mcipdc_hw_init
                0x20027b88       0xe8 C:/ISIS/workspace_ycube/ycube/GlobusSatProject/..//hal/hcc/lib\libHCCD.a(atmel_mcipdc_hw.o)
                0x20027b88                mcipdc_hw_init
 .text.mcipdc_hw_delete
                0x20027c70       0x78 C:/ISIS/workspace_ycube/ycube/GlobusSatProject/..//hal/hcc/lib\libHCCD.a(atmel_mcipdc_hw.o)
                0x20027c70                mcipdc_hw_delete
 .text.mcipdc_hw_card_plugged
                0x20027ce8       0x1c C:/ISIS/workspace_ycube/ycube/GlobusSatProject/..//hal/hcc/lib\libHCCD.a(atmel_mcipdc_hw.o)
                0x20027ce8                mcipdc_hw_card_plugged
 .text.mcipdc_hw_card_writeprotect
                0x20027d04       0x1c C:/ISIS/workspace_ycube/ycube/GlobusSatProject/..//hal/hcc/lib\libHCCD.a(atmel_mcipdc_hw.o)
                0x20027d04                mcipdc_hw_card_writeprotect
 .text.psp_getrand
                0x20027d20      0x14c C:/ISIS/workspace_ycube/ycube/GlobusSatProject/..//hal/hcc/lib\libHCCD.a(psp_rand.o)
                0x20027d20                psp_getrand
 .text.psp_getcurrenttimedate
                0x20027e6c       0x8c C:/ISIS/workspace_ycube/ycube/GlobusSatProject/..//hal/hcc/lib\libHCCD.a(psp_rtc.o)
                0x20027e6c                psp_getcurrenttimedate
 .text._hcc_get_buf_dsc
                0x20027ef8       0x8c C:/ISIS/workspace_ycube/ycube/GlobusSatProject/..//hal/hcc/lib\libHCCD.a(hcc_mem.o)
 .text._hcc_check_free_pages
                0x20027f84      0x18c C:/ISIS/workspace_ycube/ycube/GlobusSatProject/..//hal/hcc/lib\libHCCD.a(hcc_mem.o)
 .text._hcc_mark_pages
                0x20028110      0x158 C:/ISIS/workspace_ycube/ycube/GlobusSatProject/..//hal/hcc/lib\libHCCD.a(hcc_mem.o)
 .text._hcc_clear_lock_dsc
                0x20028268       0x80 C:/ISIS/workspace_ycube/ycube/GlobusSatProject/..//hal/hcc/lib\libHCCD.a(hcc_mem.o)
 .text._hcc_lock_access
                0x200282e8      0x128 C:/ISIS/workspace_ycube/ycube/GlobusSatProject/..//hal/hcc/lib\libHCCD.a(hcc_mem.o)
 .text._hcc_unlock_access
                0x20028410       0x30 C:/ISIS/workspace_ycube/ycube/GlobusSatProject/..//hal/hcc/lib\libHCCD.a(hcc_mem.o)
 .text.hcc_mem_alloc
                0x20028440      0x454 C:/ISIS/workspace_ycube/ycube/GlobusSatProject/..//hal/hcc/lib\libHCCD.a(hcc_mem.o)
                0x20028440                hcc_mem_alloc
 .text.hcc_mem_free
                0x20028894      0x178 C:/ISIS/workspace_ycube/ycube/GlobusSatProject/..//hal/hcc/lib\libHCCD.a(hcc_mem.o)
                0x20028894                hcc_mem_free
 .text.hcc_mem_add
                0x20028a0c      0x3b0 C:/ISIS/workspace_ycube/ycube/GlobusSatProject/..//hal/hcc/lib\libHCCD.a(hcc_mem.o)
                0x20028a0c                hcc_mem_add
 .text.hcc_mem_init
                0x20028dbc      0x164 C:/ISIS/workspace_ycube/ycube/GlobusSatProject/..//hal/hcc/lib\libHCCD.a(hcc_mem.o)
                0x20028dbc                hcc_mem_init
 .text.hcc_mem_delete
                0x20028f20       0x94 C:/ISIS/workspace_ycube/ycube/GlobusSatProject/..//hal/hcc/lib\libHCCD.a(hcc_mem.o)
                0x20028f20                hcc_mem_delete
 .text.hcc_mem_buf_alloc
                0x20028fb4       0xe4 C:/ISIS/workspace_ycube/ycube/GlobusSatProject/..//hal/hcc/lib\libHCCD.a(psp_hcc_mem.o)
                0x20028fb4                hcc_mem_buf_alloc
 .text.hcc_mem_buf_free
                0x20029098       0x6c C:/ISIS/workspace_ycube/ycube/GlobusSatProject/..//hal/hcc/lib\libHCCD.a(psp_hcc_mem.o)
                0x20029098                hcc_mem_buf_free
 .text.IsisSolarPanelv2_initialize
                0x20029104      0x118 C:/ISIS/workspace_ycube/ycube/GlobusSatProject/..//satellite-subsystems/satellite-subsystems/lib\libSatelliteSubsystemsD.a(IsisSolarPanelv2.o)
                0x20029104                IsisSolarPanelv2_initialize
 .text.IsisSolarPanelv2_getTemperature
                0x2002921c       0xfc C:/ISIS/workspace_ycube/ycube/GlobusSatProject/..//satellite-subsystems/satellite-subsystems/lib\libSatelliteSubsystemsD.a(IsisSolarPanelv2.o)
                0x2002921c                IsisSolarPanelv2_getTemperature
 .text._Reset   0x20029318       0x20 C:/ISIS/workspace_ycube/ycube/GlobusSatProject/..//satellite-subsystems/satellite-subsystems/lib\libSatelliteSubsystemsD.a(IsisSolarPanelv2.o)
 .text._WaitForStartup
                0x20029338       0xa0 C:/ISIS/workspace_ycube/ycube/GlobusSatProject/..//satellite-subsystems/satellite-subsystems/lib\libSatelliteSubsystemsD.a(IsisSolarPanelv2.o)
 .text._AssignAllChannels
                0x200293d8       0x90 C:/ISIS/workspace_ycube/ycube/GlobusSatProject/..//satellite-subsystems/satellite-subsystems/lib\libSatelliteSubsystemsD.a(IsisSolarPanelv2.o)
 .text._AssignThisChannel
                0x20029468       0xe8 C:/ISIS/workspace_ycube/ycube/GlobusSatProject/..//satellite-subsystems/satellite-subsystems/lib\libSatelliteSubsystemsD.a(IsisSolarPanelv2.o)
 .text._InitiateConversion
                0x20029550       0xac C:/ISIS/workspace_ycube/ycube/GlobusSatProject/..//satellite-subsystems/satellite-subsystems/lib\libSatelliteSubsystemsD.a(IsisSolarPanelv2.o)
 .text._WaitForConversionComplete
                0x200295fc      0x110 C:/ISIS/workspace_ycube/ycube/GlobusSatProject/..//satellite-subsystems/satellite-subsystems/lib\libSatelliteSubsystemsD.a(IsisSolarPanelv2.o)
 .text._ReadResult
                0x2002970c      0x158 C:/ISIS/workspace_ycube/ycube/GlobusSatProject/..//satellite-subsystems/satellite-subsystems/lib\libSatelliteSubsystemsD.a(IsisSolarPanelv2.o)
 .text._ExtractByte
                0x20029864       0x38 C:/ISIS/workspace_ycube/ycube/GlobusSatProject/..//satellite-subsystems/satellite-subsystems/lib\libSatelliteSubsystemsD.a(IsisSolarPanelv2.o)
 .text._ExtendSign
                0x2002989c       0x6c C:/ISIS/workspace_ycube/ycube/GlobusSatProject/..//satellite-subsystems/satellite-subsystems/lib\libSatelliteSubsystemsD.a(IsisSolarPanelv2.o)
 .text._PinsInit
                0x20029908       0x68 C:/ISIS/workspace_ycube/ycube/GlobusSatProject/..//satellite-subsystems/satellite-subsystems/lib\libSatelliteSubsystemsD.a(IsisSolarPanelv2.o)
 .text._SpiWriteRead
                0x20029970       0x70 C:/ISIS/workspace_ycube/ycube/GlobusSatProject/..//satellite-subsystems/satellite-subsystems/lib\libSatelliteSubsystemsD.a(IsisSolarPanelv2.o)
 .text.ISIS_ANTS_REV2_Init