Archive member included because of file (symbol)

c:/isis/application/toolchain/bin/../lib/gcc/arm-none-eabi/4.7.4/../../../../arm-none-eabi/lib\libc_s.a(lib_a-vfprintf_float.o)
                              (_printf_float)
c:/isis/application/toolchain/bin/../lib/gcc/arm-none-eabi/4.7.4/../../../../arm-none-eabi/lib\libc_s.a(lib_a-vfprintf_i.o)
                              c:/isis/application/toolchain/bin/../lib/gcc/arm-none-eabi/4.7.4/../../../../arm-none-eabi/lib\libc_s.a(lib_a-vfprintf_float.o) (_printf_common)
c:/isis/application/toolchain/bin/../lib/gcc/arm-none-eabi/4.7.4/../../../../arm-none-eabi/lib\libc_s.a(lib_a-vfscanf_float.o)
                              (_scanf_float)
c:/isis/application/toolchain/bin/../lib/gcc/arm-none-eabi/4.7.4/../../../../arm-none-eabi/lib\libc_s.a(lib_a-dtoa.o)
                              c:/isis/application/toolchain/bin/../lib/gcc/arm-none-eabi/4.7.4/../../../../arm-none-eabi/lib\libc_s.a(lib_a-vfprintf_float.o) (_dtoa_r)
c:/isis/application/toolchain/bin/../lib/gcc/arm-none-eabi/4.7.4/../../../../arm-none-eabi/lib\libc_s.a(lib_a-locale.o)
                              c:/isis/application/toolchain/bin/../lib/gcc/arm-none-eabi/4.7.4/../../../../arm-none-eabi/lib\libc_s.a(lib_a-vfprintf_float.o) (_localeconv_r)
c:/isis/application/toolchain/bin/../lib/gcc/arm-none-eabi/4.7.4/../../../../arm-none-eabi/lib\libc_s.a(lib_a-malloc.o)
                              c:/isis/application/toolchain/bin/../lib/gcc/arm-none-eabi/4.7.4/../../../../arm-none-eabi/lib\libc_s.a(lib_a-dtoa.o) (malloc)
c:/isis/application/toolchain/bin/../lib/gcc/arm-none-eabi/4.7.4/../../../../arm-none-eabi/lib\libc_s.a(lib_a-mallocr.o)
                              c:/isis/application/toolchain/bin/../lib/gcc/arm-none-eabi/4.7.4/../../../../arm-none-eabi/lib\libc_s.a(lib_a-malloc.o) (_malloc_r)
c:/isis/application/toolchain/bin/../lib/gcc/arm-none-eabi/4.7.4/../../../../arm-none-eabi/lib\libc_s.a(lib_a-memcpy.o)
                              c:/isis/application/toolchain/bin/../lib/gcc/arm-none-eabi/4.7.4/../../../../arm-none-eabi/lib\libc_s.a(lib_a-dtoa.o) (memcpy)
c:/isis/application/toolchain/bin/../lib/gcc/arm-none-eabi/4.7.4/../../../../arm-none-eabi/lib\libc_s.a(lib_a-mprec.o)
                              c:/isis/application/toolchain/bin/../lib/gcc/arm-none-eabi/4.7.4/../../../../arm-none-eabi/lib\libc_s.a(lib_a-dtoa.o) (_Balloc)
c:/isis/application/toolchain/bin/../lib/gcc/arm-none-eabi/4.7.4/../../../../arm-none-eabi/lib\libc_s.a(lib_a-s_fpclassify.o)
                              c:/isis/application/toolchain/bin/../lib/gcc/arm-none-eabi/4.7.4/../../../../arm-none-eabi/lib\libc_s.a(lib_a-vfprintf_float.o) (__fpclassifyd)
c:/isis/application/toolchain/bin/../lib/gcc/arm-none-eabi/4.7.4/../../../../arm-none-eabi/lib\libc_s.a(lib_a-sbrkr.o)
                              c:/isis/application/toolchain/bin/../lib/gcc/arm-none-eabi/4.7.4/../../../../arm-none-eabi/lib\libc_s.a(lib_a-mallocr.o) (_sbrk_r)
c:/isis/application/toolchain/bin/../lib/gcc/arm-none-eabi/4.7.4/../../../../arm-none-eabi/lib\libc_s.a(lib_a-sf_nan.o)
                              c:/isis/application/toolchain/bin/../lib/gcc/arm-none-eabi/4.7.4/../../../../arm-none-eabi/lib\libc_s.a(lib_a-vfscanf_float.o) (nanf)
c:/isis/application/toolchain/bin/../lib/gcc/arm-none-eabi/4.7.4/../../../../arm-none-eabi/lib\libc_s.a(lib_a-sprintf.o)
                              c:/isis/application/toolchain/bin/../lib/gcc/arm-none-eabi/4.7.4/../../../../arm-none-eabi/lib\libc_s.a(lib_a-vfscanf_float.o) (sprintf)
c:/isis/application/toolchain/bin/../lib/gcc/arm-none-eabi/4.7.4/../../../../arm-none-eabi/lib\libc_s.a(lib_a-strcmp.o)
                              c:/isis/application/toolchain/bin/../lib/gcc/arm-none-eabi/4.7.4/../../../../arm-none-eabi/lib\libc_s.a(lib_a-locale.o) (strcmp)
c:/isis/application/toolchain/bin/../lib/gcc/arm-none-eabi/4.7.4/../../../../arm-none-eabi/lib\libc_s.a(lib_a-strlen.o)
                              c:/isis/application/toolchain/bin/../lib/gcc/arm-none-eabi/4.7.4/../../../../arm-none-eabi/lib\libc_s.a(lib_a-vfprintf_float.o) (strlen)
c:/isis/application/toolchain/bin/../lib/gcc/arm-none-eabi/4.7.4/../../../../arm-none-eabi/lib\libc_s.a(lib_a-strtod.o)
                              c:/isis/application/toolchain/bin/../lib/gcc/arm-none-eabi/4.7.4/../../../../arm-none-eabi/lib\libc_s.a(lib_a-vfscanf_float.o) (_strtod_r)
c:/isis/application/toolchain/bin/../lib/gcc/arm-none-eabi/4.7.4/../../../../arm-none-eabi/lib\libc_s.a(lib_a-strtol.o)
                              c:/isis/application/toolchain/bin/../lib/gcc/arm-none-eabi/4.7.4/../../../../arm-none-eabi/lib\libc_s.a(lib_a-vfscanf_float.o) (_strtol_r)
c:/isis/application/toolchain/bin/../lib/gcc/arm-none-eabi/4.7.4/../../../../arm-none-eabi/lib\libc_s.a(lib_a-svfprintf.o)
[...]
Memory Configuration

Name             Origin             Length             Attributes
sram0            0x00200000         0x00004000         w !xr
sram1            0x00300000         0x00004000         w !xr
sdram            0x20000000         0x02000000         w !xr
*default*        0x00000000         0xffffffff

Linker script and memory map

LOAD c:/isis/application/toolchain/bin/../lib/gcc/arm-none-eabi/4.7.4/../../../../arm-none-eabi/lib\libc_s.a
LOAD ./src/TestingDemos/CommandsTestingDemo.o
LOAD ./src/TestingDemos/EpsTestingDemo.o
LOAD ./src/TestingDemos/FileSystemTestingDemo.o
LOAD ./src/TestingDemos/MainTest.o
LOAD ./src/TestingDemos/MaintenanceTestingDemo.o
LOAD ./src/TestingDemos/TelemetryTestingDemo.o
LOAD ./src/TestingDemos/TrxvuTestingDemo.o
LOAD ./src/SubSystemModules/PowerManagment/EPS.o
LOAD ./src/SubSystemModules/PowerManagment/EPSOperationModes.o
LOAD ./src/SubSystemModules/Maintenance/Maintenance.o
LOAD ./src/SubSystemModules/Housekepping/TelemetryCollector.o
LOAD ./src/SubSystemModules/Communication/SubsystemCommands/EPS_Commands.o
LOAD ./src/SubSystemModules/Communication/SubsystemCommands/FS_Commands.o
LOAD ./src/SubSystemModules/Communication/SubsystemCommands/Maintanence_Commands.o
LOAD ./src/SubSystemModules/Communication/SubsystemCommands/TRXVU_Commands.o
LOAD ./src/SubSystemModules/Communication/AckHandler.o
LOAD ./src/SubSystemModules/Communication/CommandDictionary.o
LOAD ./src/SubSystemModules/Communication/SatCommandHandler.o
LOAD ./src/SubSystemModules/Communication/TRXVU.o
LOAD ./src/InitSystem.o
LOAD ./src/TLM_management.o
LOAD ./src/main.o
LOAD ./src/utils.o
LOAD C:/ISIS/workspace_ycube/GlobusSatProject/..//hal/hal/lib\libHALD.a
LOAD C:/ISIS/workspace_ycube/GlobusSatProject/..//hal/hcc/lib\libHCCD.a
LOAD C:/ISIS/workspace_ycube/satellite-subsystems/satellite-subsystems/lib\libSatelliteSubsystemsD.a
LOAD C:/ISIS/workspace_ycube/GlobusSatProject/..//hal/freertos/lib\libFreeRTOSD.a
LOAD C:/ISIS/workspace_ycube/GlobusSatProject/..//hal/at91/lib\libAt91D.a
START GROUP
LOAD c:/isis/application/toolchain/bin/../lib/gcc/arm-none-eabi/4.7.4\libgcc.a
LOAD c:/isis/application/toolchain/bin/../lib/gcc/arm-none-eabi/4.7.4/../../../../arm-none-eabi/lib\libc_s.a
END GROUP

.fixed          0x20000000    0x35f40
                0x20000000                . = ALIGN (0x4)
                0x20000000                _sfixed = .
 *(.startup)
 .startup       0x20000000      0x134 C:/ISIS/workspace_ycube/GlobusSatProject/..//hal/at91/lib\libAt91D.a(board_cstartup.o)
                0x20000000                entry
 *(.text)
 .text          0x20000134       0x64 C:/ISIS/workspace_ycube/GlobusSatProject/..//hal/at91/lib\libAt91D.a(cp15_asm.o)
                0x20000134                _readControlRegister
                0x20000140                _writeControlRegister
                0x20000148                _waitForInterrupt
                0x20000154                _writeTTB
                0x2000015c                _writeDomain
                0x20000164                _writeITLBLockdown
                0x2000016c                _prefetchICacheLine
                0x20000174                _flushDCache
                0x20000180                _flushWriteBuffer
                0x2000018c                _invalidateIDTLBs
 .text          0x20000198      0x114 c:/isis/application/toolchain/bin/../lib/gcc/arm-none-eabi/4.7.4\libgcc.a(_udivsi3.o)
                0x20000198                __aeabi_uidiv
                0x20000198                __udivsi3
                0x2000028c                __aeabi_uidivmod
 .text          0x200002ac      0x148 c:/isis/application/toolchain/bin/../lib/gcc/arm-none-eabi/4.7.4\libgcc.a(_divsi3.o)
                0x200002ac                __divsi3
                0x200002ac                __aeabi_idiv
                0x200003d4                __aeabi_idivmod
 .text          0x200003f4        0x4 c:/isis/application/toolchain/bin/../lib/gcc/arm-none-eabi/4.7.4\libgcc.a(_dvmd_tls.o)
                0x200003f4                __aeabi_idiv0
                0x200003f4                __aeabi_ldiv0
 .text          0x200003f8      0x41c c:/isis/application/toolchain/bin/../lib/gcc/arm-none-eabi/4.7.4\libgcc.a(_arm_addsubdf3.o)
                0x200003f8                __aeabi_drsub
                0x20000400                __aeabi_dsub
                0x20000400                __subdf3
                0x20000404                __aeabi_dadd
                0x20000404                __adddf3
                0x20000714                __floatunsidf
                0x20000714                __aeabi_ui2d
                0x20000738                __floatsidf
                0x20000738                __aeabi_i2d
                0x20000760                __aeabi_f2d
                0x20000760                __extendsfdf2
                0x200007a0                __floatundidf
                0x200007a0                __aeabi_ul2d
                0x200007b4                __floatdidf
                0x200007b4                __aeabi_l2d
 .text          0x20000814      0x49c c:/isis/application/toolchain/bin/../lib/gcc/arm-none-eabi/4.7.4\libgcc.a(_arm_muldivdf3.o)
                0x20000814                __aeabi_dmul
                0x20000814                __muldf3
                0x20000aa4                __divdf3
                0x20000aa4                __aeabi_ddiv
 .text          0x20000cb0      0x144 c:/isis/application/toolchain/bin/../lib/gcc/arm-none-eabi/4.7.4\libgcc.a(_arm_cmpdf2.o)
                0x20000cb0                __gtdf2
                0x20000cb0                __gedf2
                0x20000cb8                __ltdf2
                0x20000cb8                __ledf2
                0x20000cc0                __nedf2
                0x20000cc0                __eqdf2
                0x20000cc0                __cmpdf2
                0x20000d48                __aeabi_cdrcmple
                0x20000d64                __aeabi_cdcmpeq
                0x20000d64                __aeabi_cdcmple
                0x20000d7c                __aeabi_dcmpeq
                0x20000d94                __aeabi_dcmplt
                0x20000dac                __aeabi_dcmple
                0x20000dc4                __aeabi_dcmpge
                0x20000ddc                __aeabi_dcmpgt
 .text          0x20000df4       0x5c c:/isis/application/toolchain/bin/../lib/gcc/arm-none-eabi/4.7.4\libgcc.a(_arm_fixdfsi.o)
                0x20000df4                __aeabi_d2iz
                0x20000df4                __fixdfsi
 .text          0x20000e50       0x54 c:/isis/application/toolchain/bin/../lib/gcc/arm-none-eabi/4.7.4\libgcc.a(_arm_fixunsdfsi.o)
                0x20000e50                __aeabi_d2uiz
                0x20000e50                __fixunsdfsi
 .text          0x20000ea4       0xa0 c:/isis/application/toolchain/bin/../lib/gcc/arm-none-eabi/4.7.4\libgcc.a(_arm_truncdfsf2.o)
                0x20000ea4                __truncdfsf2
                0x20000ea4                __aeabi_d2f
 .text          0x20000f44      0x2ac c:/isis/application/toolchain/bin/../lib/gcc/arm-none-eabi/4.7.4\libgcc.a(_arm_addsubsf3.o)
                0x20000f44                __aeabi_frsub
                0x20000f4c                __subsf3
                0x20000f4c                __aeabi_fsub
                0x20000f50                __aeabi_fadd
                0x20000f50                __addsf3
                0x2000110c                __aeabi_ui2f
                0x2000110c                __floatunsisf
                0x20001114                __aeabi_i2f
                0x20001114                __floatsisf
                0x20001134                __aeabi_ul2f
                0x20001134                __floatundisf
                0x20001144                __aeabi_l2f
                0x20001144                __floatdisf
 .text          0x200011f0      0x2f8 c:/isis/application/toolchain/bin/../lib/gcc/arm-none-eabi/4.7.4\libgcc.a(_arm_muldivsf3.o)
                0x200011f0                __mulsf3
                0x200011f0                __aeabi_fmul
                0x20001388                __aeabi_fdiv
                0x20001388                __divsf3
 .text          0x200014e8      0x114 c:/isis/application/toolchain/bin/../lib/gcc/arm-none-eabi/4.7.4\libgcc.a(_arm_cmpsf2.o)
                0x200014e8                __gesf2
                0x200014e8                __gtsf2
                0x200014f0                __lesf2
                0x200014f0                __ltsf2
                0x200014f8                __nesf2
                0x200014f8                __eqsf2
                0x200014f8                __cmpsf2
                0x2000155c                __aeabi_cfrcmple
                0x2000156c                __aeabi_cfcmpeq
                0x2000156c                __aeabi_cfcmple
                0x20001584                __aeabi_fcmpeq
                0x2000159c                __aeabi_fcmplt
                0x200015b4                __aeabi_fcmple
                0x200015cc                __aeabi_fcmpge
                0x200015e4                __aeabi_fcmpgt
 .text          0x200015fc       0x54 c:/isis/application/toolchain/bin/../lib/gcc/arm-none-eabi/4.7.4\libgcc.a(_arm_fixunssfsi.o)
                0x200015fc                __fixunssfsi
                0x200015fc                __aeabi_f2uiz
 *(.text*)
 .text.__cvt    0x20001650      0x138 c:/isis/application/toolchain/bin/../lib/gcc/arm-none-eabi/4.7.4/../../../../arm-none-eabi/lib\libc_s.a(lib_a-vfprintf_float.o)
                0x20001650                __cvt
 .text.__exponent
                0x20001788       0xa8 c:/isis/application/toolchain/bin/../lib/gcc/arm-none-eabi/4.7.4/../../../../arm-none-eabi/lib\libc_s.a(lib_a-vfprintf_float.o)
                0x20001788                __exponent
 .text._printf_float
                0x20001830      0x7dc c:/isis/application/toolchain/bin/../lib/gcc/arm-none-eabi/4.7.4/../../../../arm-none-eabi/lib\libc_s.a(lib_a-vfprintf_float.o)
                0x20001830                _printf_float
 .text._printf_common
                0x2000200c      0x174 c:/isis/application/toolchain/bin/../lib/gcc/arm-none-eabi/4.7.4/../../../../arm-none-eabi/lib\libc_s.a(lib_a-vfprintf_i.o)
                0x2000200c                _printf_common
 .text._printf_i
                0x20002180      0x3c4 c:/isis/application/toolchain/bin/../lib/gcc/arm-none-eabi/4.7.4/../../../../arm-none-eabi/lib\libc_s.a(lib_a-vfprintf_i.o)
                0x20002180                _printf_i
 .text._scanf_float
                0x20002544      0x5f4 c:/isis/application/toolchain/bin/../lib/gcc/arm-none-eabi/4.7.4/../../../../arm-none-eabi/lib\libc_s.a(lib_a-vfscanf_float.o)
                0x20002544                _scanf_float
 .text.quorem   0x20002b38      0x1ac c:/isis/application/toolchain/bin/../lib/gcc/arm-none-eabi/4.7.4/../../../../arm-none-eabi/lib\libc_s.a(lib_a-dtoa.o)
 .text._dtoa_r  0x20002ce4     0x1268 c:/isis/application/toolchain/bin/../lib/gcc/arm-none-eabi/4.7.4/../../../../arm-none-eabi/lib\libc_s.a(lib_a-dtoa.o)
                0x20002ce4                _dtoa_r
 .text._localeconv_r
                0x20003f4c        0xc c:/isis/application/toolchain/bin/../lib/gcc/arm-none-eabi/4.7.4/../../../../arm-none-eabi/lib\libc_s.a(lib_a-locale.o)
                0x20003f4c                _localeconv_r
 .text.malloc   0x20003f58       0x20 c:/isis/application/toolchain/bin/../lib/gcc/arm-none-eabi/4.7.4/../../../../arm-none-eabi/lib\libc_s.a(lib_a-malloc.o)
                0x20003f58                malloc
 .text.free     0x20003f78       0x20 c:/isis/application/toolchain/bin/../lib/gcc/arm-none-eabi/4.7.4/../../../../arm-none-eabi/lib\libc_s.a(lib_a-malloc.o)
                0x20003f78                free
 .text._malloc_r
                0x20003f98       0xfc c:/isis/application/toolchain/bin/../lib/gcc/arm-none-eabi/4.7.4/../../../../arm-none-eabi/lib\libc_s.a(lib_a-mallocr.o)
                0x20003f98                _malloc_r
 .text.memcpy   0x20004094       0x20 c:/isis/application/toolchain/bin/../lib/gcc/arm-none-eabi/4.7.4/../../../../arm-none-eabi/lib\libc_s.a(lib_a-memcpy.o)
                0x20004094                memcpy
 .text._Balloc  0x200040b4       0xcc c:/isis/application/toolchain/bin/../lib/gcc/arm-none-eabi/4.7.4/../../../../arm-none-eabi/lib\libc_s.a(lib_a-mprec.o)
                0x200040b4                _Balloc
 .text._Bfree   0x20004180       0x5c c:/isis/application/toolchain/bin/../lib/gcc/arm-none-eabi/4.7.4/../../../../arm-none-eabi/lib\libc_s.a(lib_a-mprec.o)
                0x20004180                _Bfree
 .text.__multadd
                0x200041dc       0xbc c:/isis/application/toolchain/bin/../lib/gcc/arm-none-eabi/4.7.4/../../../../arm-none-eabi/lib\libc_s.a(lib_a-mprec.o)
                0x200041dc                __multadd
 .text.__s2b    0x20004298       0xd8 c:/isis/application/toolchain/bin/../lib/gcc/arm-none-eabi/4.7.4/../../../../arm-none-eabi/lib\libc_s.a(lib_a-mprec.o)
                0x20004298                __s2b
 .text.__hi0bits
                0x20004370       0x58 c:/isis/application/toolchain/bin/../lib/gcc/arm-none-eabi/4.7.4/../../../../arm-none-eabi/lib\libc_s.a(lib_a-mprec.o)
                0x20004370                __hi0bits
 .text.__lo0bits
                0x200043c8       0x94 c:/isis/application/toolchain/bin/../lib/gcc/arm-none-eabi/4.7.4/../../../../arm-none-eabi/lib\libc_s.a(lib_a-mprec.o)
                0x200043c8                __lo0bits
 .text.__i2b    0x2000445c       0x24 c:/isis/application/toolchain/bin/../lib/gcc/arm-none-eabi/4.7.4/../../../../arm-none-eabi/lib\libc_s.a(lib_a-mprec.o)
                0x2000445c                __i2b
 .text.__multiply
                0x20004480      0x1ac c:/isis/application/toolchain/bin/../lib/gcc/arm-none-eabi/4.7.4/../../../../arm-none-eabi/lib\libc_s.a(lib_a-mprec.o)
                0x20004480                __multiply
 .text.__pow5mult
                0x2000462c      0x10c c:/isis/application/toolchain/bin/../lib/gcc/arm-none-eabi/4.7.4/../../../../arm-none-eabi/lib\libc_s.a(lib_a-mprec.o)
                0x2000462c                __pow5mult
 .text.__lshift
                0x20004738       0xf0 c:/isis/application/toolchain/bin/../lib/gcc/arm-none-eabi/4.7.4/../../../../arm-none-eabi/lib\libc_s.a(lib_a-mprec.o)
                0x20004738                __lshift
 .text.__mcmp   0x20004828       0x60 c:/isis/application/toolchain/bin/../lib/gcc/arm-none-eabi/4.7.4/../../../../arm-none-eabi/lib\libc_s.a(lib_a-mprec.o)
                0x20004828                __mcmp
 .text.__mdiff  0x20004888      0x128 c:/isis/application/toolchain/bin/../lib/gcc/arm-none-eabi/4.7.4/../../../../arm-none-eabi/lib\libc_s.a(lib_a-mprec.o)
                0x20004888                __mdiff
 .text.__ulp    0x200049b0       0x5c c:/isis/application/toolchain/bin/../lib/gcc/arm-none-eabi/4.7.4/../../../../arm-none-eabi/lib\libc_s.a(lib_a-mprec.o)
                0x200049b0                __ulp
 .text.__b2d    0x20004a0c       0xc8 c:/isis/application/toolchain/bin/../lib/gcc/arm-none-eabi/4.7.4/../../../../arm-none-eabi/lib\libc_s.a(lib_a-mprec.o)
                0x20004a0c                __b2d
 .text.__d2b    0x20004ad4       0xfc c:/isis/application/toolchain/bin/../lib/gcc/arm-none-eabi/4.7.4/../../../../arm-none-eabi/lib\libc_s.a(lib_a-mprec.o)
                0x20004ad4                __d2b
 .text.__ratio  0x20004bd0       0x70 c:/isis/application/toolchain/bin/../lib/gcc/arm-none-eabi/4.7.4/../../../../arm-none-eabi/lib\libc_s.a(lib_a-mprec.o)
                0x20004bd0                __ratio
 .text.__copybits
                0x20004c40       0x4c c:/isis/application/toolchain/bin/../lib/gcc/arm-none-eabi/4.7.4/../../../../arm-none-eabi/lib\libc_s.a(lib_a-mprec.o)
                0x20004c40                __copybits
 .text.__any_on
                0x20004c8c       0x7c c:/isis/application/toolchain/bin/../lib/gcc/arm-none-eabi/4.7.4/../../../../arm-none-eabi/lib\libc_s.a(lib_a-mprec.o)
                0x20004c8c                __any_on
 .text.__fpclassifyd
                0x20004d08       0x6c c:/isis/application/toolchain/bin/../lib/gcc/arm-none-eabi/4.7.4/../../../../arm-none-eabi/lib\libc_s.a(lib_a-s_fpclassify.o)
                0x20004d08                __fpclassifyd
 .text._sbrk_r  0x20004d74       0x3c c:/isis/application/toolchain/bin/../lib/gcc/arm-none-eabi/4.7.4/../../../../arm-none-eabi/lib\libc_s.a(lib_a-sbrkr.o)
                0x20004d74                _sbrk_r
 .text.nanf     0x20004db0        0xc c:/isis/application/toolchain/bin/../lib/gcc/arm-none-eabi/4.7.4/../../../../arm-none-eabi/lib\libc_s.a(lib_a-sf_nan.o)
                0x20004db0                nanf
 .text.sprintf  0x20004dbc       0x6c c:/isis/application/toolchain/bin/../lib/gcc/arm-none-eabi/4.7.4/../../../../arm-none-eabi/lib\libc_s.a(lib_a-sprintf.o)
                0x20004dbc                siprintf
                0x20004dbc                sprintf
 .text.strlen   0x20004e28       0x1c c:/isis/application/toolchain/bin/../lib/gcc/arm-none-eabi/4.7.4/../../../../arm-none-eabi/lib\libc_s.a(lib_a-strlen.o)
                0x20004e28                strlen
 .text.match    0x20004e44       0x54 c:/isis/application/toolchain/bin/../lib/gcc/arm-none-eabi/4.7.4/../../../../arm-none-eabi/lib\libc_s.a(lib_a-strtod.o)
 .text._strtod_r
                0x20004e98     0x1168 c:/isis/application/toolchain/bin/../lib/gcc/arm-none-eabi/4.7.4/../../../../arm-none-eabi/lib\libc_s.a(lib_a-strtod.o)
                0x20004e98                _strtod_r
 .text._strtol_r
                0x20006000      0x1b8 c:/isis/application/toolchain/bin/../lib/gcc/arm-none-eabi/4.7.4/../../../../arm-none-eabi/lib\libc_s.a(lib_a-strtol.o)
                0x20006000                _strtol_r
 .text.__ssputc_r
                0x200061b8      0x10c c:/isis/application/toolchain/bin/../lib/gcc/arm-none-eabi/4.7.4/../../../../arm-none-eabi/lib\libc_s.a(lib_a-svfprintf.o)
                0x200061b8                __ssputc_r
 .text._svfprintf_r
                0x200062c4      0x328 c:/isis/application/toolchain/bin/../lib/gcc/arm-none-eabi/4.7.4/../../../../arm-none-eabi/lib\libc_s.a(lib_a-svfprintf.o)
                0x200062c4                _svfiprintf_r
                0x200062c4                _svfprintf_r
 .text._calloc_r
                0x200065ec       0x2c c:/isis/application/toolchain/bin/../lib/gcc/arm-none-eabi/4.7.4/../../../../arm-none-eabi/lib\libc_s.a(lib_a-callocr.o)
                0x200065ec                _calloc_r
 .text._free_r  0x20006618      0x108 c:/isis/application/toolchain/bin/../lib/gcc/arm-none-eabi/4.7.4/../../../../arm-none-eabi/lib\libc_s.a(lib_a-freer.o)
                0x20006618                _free_r
 .text.rshift   0x20006720       0xb0 c:/isis/application/toolchain/bin/../lib/gcc/arm-none-eabi/4.7.4/../../../../arm-none-eabi/lib\libc_s.a(lib_a-gdtoa-gethex.o)
 .text.htinit.constprop.0
                0x200067d0       0x34 c:/isis/application/toolchain/bin/../lib/gcc/arm-none-eabi/4.7.4/../../../../arm-none-eabi/lib\libc_s.a(lib_a-gdtoa-gethex.o)
 .text.__hexdig_init
                0x20006804       0x38 c:/isis/application/toolchain/bin/../lib/gcc/arm-none-eabi/4.7.4/../../../../arm-none-eabi/lib\libc_s.a(lib_a-gdtoa-gethex.o)
                0x20006804                __hexdig_init
 .text.__gethex
                0x2000683c      0x6cc c:/isis/application/toolchain/bin/../lib/gcc/arm-none-eabi/4.7.4/../../../../arm-none-eabi/lib\libc_s.a(lib_a-gdtoa-gethex.o)
                0x2000683c                __gethex
 .text.L_shift  0x20006f08       0x38 c:/isis/application/toolchain/bin/../lib/gcc/arm-none-eabi/4.7.4/../../../../arm-none-eabi/lib\libc_s.a(lib_a-gdtoa-hexnan.o)
 .text.__hexnan
                0x20006f40      0x1d8 c:/isis/application/toolchain/bin/../lib/gcc/arm-none-eabi/4.7.4/../../../../arm-none-eabi/lib\libc_s.a(lib_a-gdtoa-hexnan.o)
                0x20006f40                __hexnan
 .text.memchr   0x20007118       0x34 c:/isis/application/toolchain/bin/../lib/gcc/arm-none-eabi/4.7.4/../../../../arm-none-eabi/lib\libc_s.a(lib_a-memchr.o)
                0x20007118                memchr
 .text.memset   0x2000714c       0x1c c:/isis/application/toolchain/bin/../lib/gcc/arm-none-eabi/4.7.4/../../../../arm-none-eabi/lib\libc_s.a(lib_a-memset.o)
                0x2000714c                memset
 .text._realloc_r
                0x20007168       0x80 c:/isis/application/toolchain/bin/../lib/gcc/arm-none-eabi/4.7.4/../../../../arm-none-eabi/lib\libc_s.a(lib_a-reallocr.o)
                0x20007168                _realloc_r
 .text.strncmp  0x200071e8       0x64 c:/isis/application/toolchain/bin/../lib/gcc/arm-none-eabi/4.7.4/../../../../arm-none-eabi/lib\libc_s.a(lib_a-strncmp.o)
                0x200071e8                strncmp
 .text._malloc_usable_size_r
                0x2000724c       0x1c c:/isis/application/toolchain/bin/../lib/gcc/arm-none-eabi/4.7.4/../../../../arm-none-eabi/lib\libc_s.a(lib_a-msizer.o)
                0x2000724c                _malloc_usable_size_r
 .text.TestActUponCommand
                0x20007268      0x114 ./src/TestingDemos/CommandsTestingDemo.o
                0x20007268                TestActUponCommand
 .text.TestAssmbleCommand
                0x2000737c      0x14c ./src/TestingDemos/CommandsTestingDemo.o
                0x2000737c                TestAssmbleCommand
 .text.TestGetDelayedCommand
                0x200074c8       0xa0 ./src/TestingDemos/CommandsTestingDemo.o
                0x200074c8                TestGetDelayedCommand
 .text.TestAddDelayedCommand
                0x20007568       0xd0 ./src/TestingDemos/CommandsTestingDemo.o
                0x20007568                TestAddDelayedCommand
 .text.TestGetDelayedCommandBufferCount
                0x20007638       0x54 ./src/TestingDemos/CommandsTestingDemo.o
                0x20007638                TestGetDelayedCommandBufferCount
 .text.TestGetOnlineCommand
                0x2000768c       0xc8 ./src/TestingDemos/CommandsTestingDemo.o
                0x2000768c                TestGetOnlineCommand
 .text.TestDeleteDelayedCommandByIndex
                0x20007754      0x1c0 ./src/TestingDemos/CommandsTestingDemo.o
                0x20007754                TestDeleteDelayedCommandByIndex
 .text.TestDeleteDelayedBuffer
                0x20007914      0x140 ./src/TestingDemos/CommandsTestingDemo.o
                0x20007914                TestDeleteDelayedBuffer
 .text.selectAndExecuteCommandsDemoTest
                0x20007a54      0x170 ./src/TestingDemos/CommandsTestingDemo.o
                0x20007a54                selectAndExecuteCommandsDemoTest
 .text.MainCommandsTestBench
                0x20007bc4       0x44 ./src/TestingDemos/CommandsTestingDemo.o
                0x20007bc4                MainCommandsTestBench
 .text.TestEpsConditioning
                0x20007c08      0x1e8 ./src/TestingDemos/EpsTestingDemo.o
                0x20007c08                TestEpsConditioning
 .text.TestGetBatteryVoltage
                0x20007df0       0x64 ./src/TestingDemos/EpsTestingDemo.o
                0x20007df0                TestGetBatteryVoltage
 .text.TestUpdateThreshVoltages
                0x20007e54      0x170 ./src/TestingDemos/EpsTestingDemo.o
                0x20007e54                TestUpdateThreshVoltages
 .text.TestGetThreshVoltages
                0x20007fc4       0xb0 ./src/TestingDemos/EpsTestingDemo.o
                0x20007fc4                TestGetThreshVoltages
 .text.TestUpdateAlpha
                0x20008074       0xd0 ./src/TestingDemos/EpsTestingDemo.o
                0x20008074                TestUpdateAlpha
 .text.TestGetAlpha
                0x20008144       0x78 ./src/TestingDemos/EpsTestingDemo.o
                0x20008144                TestGetAlpha
 .text.TestRestoreDefaultAlpha
                0x200081bc       0xfc ./src/TestingDemos/EpsTestingDemo.o
                0x200081bc                TestRestoreDefaultAlpha
 .text.TestRestoreDefaultThresholdVoltages
                0x200082b8      0x154 ./src/TestingDemos/EpsTestingDemo.o
                0x200082b8                TestRestoreDefaultThresholdVoltages
 .text.selectAndExecuteEpsDemoTest
                0x2000840c      0x174 ./src/TestingDemos/EpsTestingDemo.o
                0x2000840c                selectAndExecuteEpsDemoTest
 .text.MainEpsTestBench
                0x20008580       0x40 ./src/TestingDemos/EpsTestingDemo.o
                0x20008580                MainEpsTestBench
 .text.TestlistFiels
                0x200085c0       0xa8 ./src/TestingDemos/FileSystemTestingDemo.o
                0x200085c0                TestlistFiels
 .text.TestLOGTLM
                0x20008668      0x110 ./src/TestingDemos/FileSystemTestingDemo.o
                0x20008668                TestLOGTLM
 .text.TestReadTimeRangeTLMRes
                0x20008778      0x210 ./src/TestingDemos/FileSystemTestingDemo.o
                0x20008778                TestReadTimeRangeTLMRes
 .text.TestReadTimeRangeTLM
                0x20008988      0x178 ./src/TestingDemos/FileSystemTestingDemo.o
                0x20008988                TestReadTimeRangeTLM
 .text.TestWODTLM
                0x20008b00       0xa8 ./src/TestingDemos/FileSystemTestingDemo.o
                0x20008b00                TestWODTLM
 .text.TestDeleteFiels
                0x20008ba8      0x2b8 ./src/TestingDemos/FileSystemTestingDemo.o
                0x20008ba8                TestDeleteFiels
 .text.TestReadMultiFiels
                0x20008e60      0x2ac ./src/TestingDemos/FileSystemTestingDemo.o
                0x20008e60                TestReadMultiFiels
 .text.TestTRXVUTLM
                0x2000910c      0x11c ./src/TestingDemos/FileSystemTestingDemo.o
                0x2000910c                TestTRXVUTLM
 .text.selectAndExecuteFSTest
                0x20009228      0x174 ./src/TestingDemos/FileSystemTestingDemo.o
                0x20009228                selectAndExecuteFSTest
 .text.MainFileSystemTestBench
                0x2000939c       0x44 ./src/TestingDemos/FileSystemTestingDemo.o
                0x2000939c                MainFileSystemTestBench
 .text.selectAndExecuteTest
                0x200093e0      0x164 ./src/TestingDemos/MainTest.o
                0x200093e0                selectAndExecuteTest
 .text.taskTesting
                0x20009544       0x28 ./src/TestingDemos/MainTest.o
                0x20009544                taskTesting
 .text.changeFirstActivation
                0x2000956c       0x84 ./src/TestingDemos/MaintenanceTestingDemo.o
                0x2000956c                changeFirstActivation
 .text.selectAndExecuteMaintenanceDemoTest
                0x200095f0      0x17c ./src/TestingDemos/MaintenanceTestingDemo.o
                0x200095f0                selectAndExecuteMaintenanceDemoTest
 .text.MainMaintenanceTestBench
                0x2000976c       0x40 ./src/TestingDemos/MaintenanceTestingDemo.o
                0x2000976c                MainMaintenanceTestBench
 .text.MainTelemetryTestBench
                0x200097ac       0x1c ./src/TestingDemos/TelemetryTestingDemo.o
                0x200097ac                MainTelemetryTestBench
 .text.TestInitTrxvu
                0x200097c8       0x54 ./src/TestingDemos/TrxvuTestingDemo.o
                0x200097c8                TestInitTrxvu
 .text.TestInitTrxvuWithDifferentFrameLengths
                0x2000981c      0x134 ./src/TestingDemos/TrxvuTestingDemo.o
                0x2000981c                TestInitTrxvuWithDifferentFrameLengths
 .text.TestTrxvuLogic
                0x20009950       0xd4 ./src/TestingDemos/TrxvuTestingDemo.o
                0x20009950                TestTrxvuLogic
 .text.TestCheckTransmitionAllowed
                0x20009a24       0xa4 ./src/TestingDemos/TrxvuTestingDemo.o
                0x20009a24                TestCheckTransmitionAllowed
 .text.TestSendDumpAbortRequest
                0x20009ac8       0x24 ./src/TestingDemos/TrxvuTestingDemo.o
                0x20009ac8                TestSendDumpAbortRequest
 .text.TestTransmitDummySplPacket
                0x20009aec       0xd4 ./src/TestingDemos/TrxvuTestingDemo.o
                0x20009aec                TestTransmitDummySplPacket
 .text.TestTransmitSplPacket
                0x20009bc0      0x1f8 ./src/TestingDemos/TrxvuTestingDemo.o
                0x20009bc0                TestTransmitSplPacket
 .text.TestExitDump
                0x20009db8       0x18 ./src/TestingDemos/TrxvuTestingDemo.o
                0x20009db8                TestExitDump
 .text.TestDumpTelemetry
                0x20009dd0       0xf8 ./src/TestingDemos/TrxvuTestingDemo.o
                0x20009dd0                TestDumpTelemetry
 .text.TestRestoreDefaultBeaconParameters
                0x20009ec8       0x1c ./src/TestingDemos/TrxvuTestingDemo.o
                0x20009ec8                TestRestoreDefaultBeaconParameters
 .text.TestChooseDefaultBeaconCycle
                0x20009ee4       0xe0 ./src/TestingDemos/TrxvuTestingDemo.o
                0x20009ee4                TestChooseDefaultBeaconCycle
 .text.TestBeaconLogic
                0x20009fc4       0xd8 ./src/TestingDemos/TrxvuTestingDemo.o
                0x20009fc4                TestBeaconLogic
 .text.TestMuteTrxvu
                0x2000a09c       0x9c ./src/TestingDemos/TrxvuTestingDemo.o
                0x2000a09c                TestMuteTrxvu
 .text.TestUnMuteTrxvu
                0x2000a138       0x30 ./src/TestingDemos/TrxvuTestingDemo.o
                0x2000a138                TestUnMuteTrxvu
 .text.TestGetNumberOfFramesInBuffer
                0x2000a168       0x54 ./src/TestingDemos/TrxvuTestingDemo.o
                0x2000a168                TestGetNumberOfFramesInBuffer
 .text.TestSetTrxvuBitrate
                0x2000a1bc       0xf0 ./src/TestingDemos/TrxvuTestingDemo.o
                0x2000a1bc                TestSetTrxvuBitrate
 .text.TestGetTrxvuBitrate
                0x2000a2ac       0xb0 ./src/TestingDemos/TrxvuTestingDemo.o
                0x2000a2ac                TestGetTrxvuBitrate
 .text.TestTransmitDataAsSPL_Packet
                0x2000a35c      0x114 ./src/TestingDemos/TrxvuTestingDemo.o
                0x2000a35c                TestTransmitDataAsSPL_Packet
 .text.selectAndExecuteTrxvuDemoTest
                0x2000a470      0x28c ./src/TestingDemos/TrxvuTestingDemo.o
                0x2000a470                selectAndExecuteTrxvuDemoTest
 .text.MainTrxvuTestBench
                0x2000a6fc       0x44 ./src/TestingDemos/TrxvuTestingDemo.o
                0x2000a6fc                MainTrxvuTestBench
 .text.GetBatteryVoltage
                0x2000a740       0x64 ./src/SubSystemModules/PowerManagment/EPS.o
                0x2000a740                GetBatteryVoltage
 .text.EPS_Init
                0x2000a7a4       0xe0 ./src/SubSystemModules/PowerManagment/EPS.o
                0x2000a7a4                EPS_Init
 .text.EPS_Conditioning
                0x2000a884      0x1c4 ./src/SubSystemModules/PowerManagment/EPS.o
                0x2000a884                EPS_Conditioning
 .text.UpdateAlpha
                0x2000aa48       0xa8 ./src/SubSystemModules/PowerManagment/EPS.o
                0x2000aa48                UpdateAlpha
 .text.UpdateThresholdVoltages
                0x2000aaf0      0x204 ./src/SubSystemModules/PowerManagment/EPS.o
                0x2000aaf0                UpdateThresholdVoltages
 .text.GetThresholdVoltages
                0x2000acf4       0x70 ./src/SubSystemModules/PowerManagment/EPS.o
                0x2000acf4                GetThresholdVoltages
 .text.GetAlpha
                0x2000ad64       0x6c ./src/SubSystemModules/PowerManagment/EPS.o
                0x2000ad64                GetAlpha
 .text.RestoreDefaultAlpha
                0x2000add0       0x50 ./src/SubSystemModules/PowerManagment/EPS.o
                0x2000add0                RestoreDefaultAlpha
 .text.RestoreDefaultThresholdVoltages
                0x2000ae20       0x6c ./src/SubSystemModules/PowerManagment/EPS.o
                0x2000ae20                RestoreDefaultThresholdVoltages
 .text.EnterFullMode
                0x2000ae8c       0x44 ./src/SubSystemModules/PowerManagment/EPSOperationModes.o
                0x2000ae8c                EnterFullMode
 .text.EnterCruiseMode
                0x2000aed0       0x44 ./src/SubSystemModules/PowerManagment/EPSOperationModes.o
                0x2000aed0                EnterCruiseMode
 .text.EnterSafeMode
                0x2000af14       0x44 ./src/SubSystemModules/PowerManagment/EPSOperationModes.o
                0x2000af14                EnterSafeMode
 .text.EnterCriticalMode
                0x2000af58       0x44 ./src/SubSystemModules/PowerManagment/EPSOperationModes.o
                0x2000af58                EnterCriticalMode
 .text.GetSystemState
                0x2000af9c       0x24 ./src/SubSystemModules/PowerManagment/EPSOperationModes.o
                0x2000af9c                GetSystemState
 .text.GetSystemChannelState
                0x2000afc0       0x24 ./src/SubSystemModules/PowerManagment/EPSOperationModes.o
                0x2000afc0                GetSystemChannelState
 .text.EpsGetLowVoltageFlag
                0x2000afe4       0x24 ./src/SubSystemModules/PowerManagment/EPSOperationModes.o
                0x2000afe4                EpsGetLowVoltageFlag
 .text.EpsSetLowVoltageFlag
                0x2000b008       0x2c ./src/SubSystemModules/PowerManagment/EPSOperationModes.o
                0x2000b008                EpsSetLowVoltageFlag
 .text.CheckExecutionTime
                0x2000b034       0x78 ./src/SubSystemModules/Maintenance/Maintenance.o
                0x2000b034                CheckExecutionTime
 .text.SaveSatTimeInFRAM
                0x2000b0ac       0x44 ./src/SubSystemModules/Maintenance/Maintenance.o
                0x2000b0ac                SaveSatTimeInFRAM
 .text.WakeupFromResetCMD
                0x2000b0f0      0x120 ./src/SubSystemModules/Maintenance/Maintenance.o
                0x2000b0f0                WakeupFromResetCMD
 .text.ResetGroundCommWDT
                0x2000b210       0x1c ./src/SubSystemModules/Maintenance/Maintenance.o
                0x2000b210                ResetGroundCommWDT
 .text.InitSavePeriodTimes
                0x2000b22c       0xc0 ./src/SubSystemModules/Housekepping/TelemetryCollector.o
                0x2000b22c                InitSavePeriodTimes
 .text.TelemetryCollectorLogic
                0x2000b2ec      0x1f0 ./src/SubSystemModules/Housekepping/TelemetryCollector.o
                0x2000b2ec                TelemetryCollectorLogic
 .text.TelemetrySaveEPS
                0x2000b4dc       0xf4 ./src/SubSystemModules/Housekepping/TelemetryCollector.o
                0x2000b4dc                TelemetrySaveEPS
 .text.TelemetrySaveTRXVU
                0x2000b5d0       0x84 ./src/SubSystemModules/Housekepping/TelemetryCollector.o
                0x2000b5d0                TelemetrySaveTRXVU
 .text.TelemetrySaveANT
                0x2000b654       0xa4 ./src/SubSystemModules/Housekepping/TelemetryCollector.o
                0x2000b654                TelemetrySaveANT
 .text.TelemetrySaveSolarPanels
                0x2000b6f8      0x1c4 ./src/SubSystemModules/Housekepping/TelemetryCollector.o
                0x2000b6f8                TelemetrySaveSolarPanels
 .text.TelemetrySaveWOD
                0x2000b8bc       0xa0 ./src/SubSystemModules/Housekepping/TelemetryCollector.o
                0x2000b8bc                TelemetrySaveWOD
 .text.GetCurrentWODTelemetry
                0x2000b95c      0x4b0 ./src/SubSystemModules/Housekepping/TelemetryCollector.o
                0x2000b95c                GetCurrentWODTelemetry
 .text.CMD_ResetComponent
                0x2000be0c      0x258 ./src/SubSystemModules/Communication/SubsystemCommands/Maintanence_Commands.o
                0x2000be0c                CMD_ResetComponent
 .text.DumpTask
                0x2000c064      0x2dc ./src/SubSystemModules/Communication/SubsystemCommands/TRXVU_Commands.o
                0x2000c064                DumpTask
 .text.CMD_StartDump
                0x2000c340      0x1a8 ./src/SubSystemModules/Communication/SubsystemCommands/TRXVU_Commands.o
                0x2000c340                CMD_StartDump
 .text.CMD_SendDumpAbortRequest
                0x2000c4e8       0x24 ./src/SubSystemModules/Communication/SubsystemCommands/TRXVU_Commands.o
                0x2000c4e8                CMD_SendDumpAbortRequest
 .text.CMD_ForceDumpAbort
                0x2000c50c       0x24 ./src/SubSystemModules/Communication/SubsystemCommands/TRXVU_Commands.o
                0x2000c50c                CMD_ForceDumpAbort
 .text.CMD_MuteTRXVU
                0x2000c530       0x5c ./src/SubSystemModules/Communication/SubsystemCommands/TRXVU_Commands.o
                0x2000c530                CMD_MuteTRXVU
 .text.CMD_SetIdleState
                0x2000c58c       0x70 ./src/SubSystemModules/Communication/SubsystemCommands/TRXVU_Commands.o
                0x2000c58c                CMD_SetIdleState
 .text.CMD_UnMuteTRXVU
                0x2000c5fc       0x24 ./src/SubSystemModules/Communication/SubsystemCommands/TRXVU_Commands.o
                0x2000c5fc                CMD_UnMuteTRXVU
 .text.CMD_GetBaudRate
                0x2000c620       0x78 ./src/SubSystemModules/Communication/SubsystemCommands/TRXVU_Commands.o
                0x2000c620                CMD_GetBaudRate
 .text.CMD_GetBeaconInterval
                0x2000c698       0x60 ./src/SubSystemModules/Communication/SubsystemCommands/TRXVU_Commands.o
                0x2000c698                CMD_GetBeaconInterval
 .text.CMD_SetBaudRate
                0x2000c6f8       0x3c ./src/SubSystemModules/Communication/SubsystemCommands/TRXVU_Commands.o
                0x2000c6f8                CMD_SetBaudRate
 .text.CMD_GetTxUptime
                0x2000c734       0x58 ./src/SubSystemModules/Communication/SubsystemCommands/TRXVU_Commands.o
                0x2000c734                CMD_GetTxUptime
 .text.CMD_GetRxUptime
                0x2000c78c       0x58 ./src/SubSystemModules/Communication/SubsystemCommands/TRXVU_Commands.o
                0x2000c78c                CMD_GetRxUptime
 .text.CMD_GetNumOfDelayedCommands
                0x2000c7e4       0x54 ./src/SubSystemModules/Communication/SubsystemCommands/TRXVU_Commands.o
                0x2000c7e4                CMD_GetNumOfDelayedCommands
 .text.CMD_GetNumOfOnlineCommands
                0x2000c838       0x58 ./src/SubSystemModules/Communication/SubsystemCommands/TRXVU_Commands.o
                0x2000c838                CMD_GetNumOfOnlineCommands
 .text.CMD_DeleteDelyedCmdByID
                0x2000c890       0x5c ./src/SubSystemModules/Communication/SubsystemCommands/TRXVU_Commands.o
                0x2000c890                CMD_DeleteDelyedCmdByID
 .text.CMD_DeleteAllDelyedBuffer
                0x2000c8ec       0x30 ./src/SubSystemModules/Communication/SubsystemCommands/TRXVU_Commands.o
                0x2000c8ec                CMD_DeleteAllDelyedBuffer
 .text.CMD_AntSetArmStatus
                0x2000c91c       0x80 ./src/SubSystemModules/Communication/SubsystemCommands/TRXVU_Commands.o
                0x2000c91c                CMD_AntSetArmStatus
 .text.CMD_AntGetArmStatus
                0x2000c99c       0x64 ./src/SubSystemModules/Communication/SubsystemCommands/TRXVU_Commands.o
                0x2000c99c                CMD_AntGetArmStatus
 .text.CMD_AntGetUptime
                0x2000ca00       0x6c ./src/SubSystemModules/Communication/SubsystemCommands/TRXVU_Commands.o
                0x2000ca00                CMD_AntGetUptime
 .text.CMD_AntCancelDeployment
                0x2000ca6c       0x48 ./src/SubSystemModules/Communication/SubsystemCommands/TRXVU_Commands.o
                0x2000ca6c                CMD_AntCancelDeployment
 .text.SendAckPacket
                0x2000cab4       0xe0 ./src/SubSystemModules/Communication/AckHandler.o
                0x2000cab4                SendAckPacket
 .text.trxvu_command_router
                0x2000cb94      0x4f8 ./src/SubSystemModules/Communication/CommandDictionary.o
                0x2000cb94                trxvu_command_router
 .text.eps_command_router
                0x2000d08c       0x94 ./src/SubSystemModules/Communication/CommandDictionary.o
                0x2000d08c                eps_command_router
 .text.telemetry_command_router
                0x2000d120       0x24 ./src/SubSystemModules/Communication/CommandDictionary.o
                0x2000d120                telemetry_command_router
 .text.managment_command_router
                0x2000d144       0x30 ./src/SubSystemModules/Communication/CommandDictionary.o
                0x2000d144                managment_command_router
 .text.filesystem_command_router
                0x2000d174       0x24 ./src/SubSystemModules/Communication/CommandDictionary.o
                0x2000d174                filesystem_command_router
 .text.ParseDataToCommand
                0x2000d198      0x184 ./src/SubSystemModules/Communication/SatCommandHandler.o
                0x2000d198                ParseDataToCommand
 .text.AssembleCommand
                0x2000d31c      0x150 ./src/SubSystemModules/Communication/SatCommandHandler.o
                0x2000d31c                AssembleCommand
 .text.GetDelayedCommand
                0x2000d46c       0x24 ./src/SubSystemModules/Communication/SatCommandHandler.o
                0x2000d46c                GetDelayedCommand
 .text.AddDelayedCommand
                0x2000d490       0x24 ./src/SubSystemModules/Communication/SatCommandHandler.o
                0x2000d490                AddDelayedCommand
 .text.GetDelayedCommandBufferCount
                0x2000d4b4       0x50 ./src/SubSystemModules/Communication/SatCommandHandler.o
                0x2000d4b4                GetDelayedCommandBufferCount
 .text.GetDelayedCommandByIndex
                0x2000d504       0x28 ./src/SubSystemModules/Communication/SatCommandHandler.o
                0x2000d504                GetDelayedCommandByIndex
 .text.DeleteDelayedCommandByIndex
                0x2000d52c       0x24 ./src/SubSystemModules/Communication/SatCommandHandler.o
                0x2000d52c                DeleteDelayedCommandByIndex
 .text.DeleteDelayedBuffer
                0x2000d550       0x1c ./src/SubSystemModules/Communication/SatCommandHandler.o
                0x2000d550                DeleteDelayedBuffer
 .text.ActUponCommand
                0x2000d56c       0xd0 ./src/SubSystemModules/Communication/SatCommandHandler.o
                0x2000d56c                ActUponCommand
 .text.InitTxModule
                0x2000d63c       0x68 ./src/SubSystemModules/Communication/TRXVU.o
                0x2000d63c                InitTxModule
 .text.CMD_SetBeaconInterval
                0x2000d6a4       0x98 ./src/SubSystemModules/Communication/TRXVU.o
                0x2000d6a4                CMD_SetBeaconInterval
 .text.InitBeaconParams
                0x2000d73c       0x3c ./src/SubSystemModules/Communication/TRXVU.o
                0x2000d73c                InitBeaconParams
 .text.InitSemaphores
                0x2000d778       0x98 ./src/SubSystemModules/Communication/TRXVU.o
                0x2000d778                InitSemaphores
 .text.InitTrxvu
                0x2000d810      0x110 ./src/SubSystemModules/Communication/TRXVU.o
                0x2000d810                InitTrxvu
 .text.checkIdleFinish
                0x2000d920       0x68 ./src/SubSystemModules/Communication/TRXVU.o
                0x2000d920                checkIdleFinish
 .text.TRX_Logic
                0x2000d988       0xc8 ./src/SubSystemModules/Communication/TRXVU.o
                0x2000d988                TRX_Logic
 .text.GetNumberOfFramesInBuffer
                0x2000da50       0x54 ./src/SubSystemModules/Communication/TRXVU.o
                0x2000da50                GetNumberOfFramesInBuffer
 .text.GetOnlineCommand
                0x2000daa4      0x128 ./src/SubSystemModules/Communication/TRXVU.o
                0x2000daa4                GetOnlineCommand
 .text.CheckTransmitionAllowed
                0x2000dbcc       0xc4 ./src/SubSystemModules/Communication/TRXVU.o
                0x2000dbcc                CheckTransmitionAllowed
 .text.FinishDump
                0x2000dc90       0xe8 ./src/SubSystemModules/Communication/TRXVU.o
                0x2000dc90                FinishDump
 .text.AbortDump
                0x2000dd78       0x30 ./src/SubSystemModules/Communication/TRXVU.o
                0x2000dd78                AbortDump
 .text.SendDumpAbortRequest
                0x2000dda8       0xc0 ./src/SubSystemModules/Communication/TRXVU.o
                0x2000dda8                SendDumpAbortRequest
 .text.BeaconLogic
                0x2000de68      0x1e0 ./src/SubSystemModules/Communication/TRXVU.o
                0x2000de68                BeaconLogic
 .text.SetIdleState
                0x2000e048       0xac ./src/SubSystemModules/Communication/TRXVU.o
                0x2000e048                SetIdleState
 .text.muteTRXVU
                0x2000e0f4       0x70 ./src/SubSystemModules/Communication/TRXVU.o
                0x2000e0f4                muteTRXVU
 .text.UnMuteTRXVU
                0x2000e164       0x24 ./src/SubSystemModules/Communication/TRXVU.o
                0x2000e164                UnMuteTRXVU
 .text.TransmitDataAsSPL_Packet
                0x2000e188      0x104 ./src/SubSystemModules/Communication/TRXVU.o
                0x2000e188                TransmitDataAsSPL_Packet
 .text.TransmitSplPacket
                0x2000e28c      0x1b4 ./src/SubSystemModules/Communication/TRXVU.o
                0x2000e28c                TransmitSplPacket
 .text.isFirstActivation
                0x2000e440       0x38 ./src/InitSystem.o
                0x2000e440                isFirstActivation
 .text.WriteDefaultValuesToFRAM
                0x2000e478      0x17c ./src/InitSystem.o
                0x2000e478                WriteDefaultValuesToFRAM
 .text.StartFRAM
                0x2000e5f4       0x24 ./src/InitSystem.o
                0x2000e5f4                StartFRAM
 .text.StartI2C
                0x2000e618       0x30 ./src/InitSystem.o
                0x2000e618                StartI2C
 .text.StartSPI
                0x2000e648       0x2c ./src/InitSystem.o
                0x2000e648                StartSPI
 .text.StartTIME
                0x2000e674       0xb0 ./src/InitSystem.o
                0x2000e674                StartTIME
 .text.DeploySystem
                0x2000e724      0x130 ./src/InitSystem.o
                0x2000e724                DeploySystem
 .text.InitSubsystems
                0x2000e854       0x48 ./src/InitSystem.o
                0x2000e854                InitSubsystems
 .text.delete_allTMFilesFromSD
                0x2000e89c       0x58 ./src/TLM_management.o
                0x2000e89c                delete_allTMFilesFromSD
 .text.deleteTLMFiles
                0x2000e8f4       0x6c ./src/TLM_management.o
                0x2000e8f4                deleteTLMFiles
 .text.deleteTLMFile
                0x2000e960       0xb8 ./src/TLM_management.o
                0x2000e960                deleteTLMFile
 .text.InitializeFS
                0x2000ea18       0xd0 ./src/TLM_management.o
                0x2000ea18                InitializeFS
 .text.calculateFileName
                0x2000eae8      0x108 ./src/TLM_management.o
                0x2000eae8                calculateFileName
 .text.getTlmTypeInfo
                0x2000ebf0      0x230 ./src/TLM_management.o
                0x2000ebf0                getTlmTypeInfo
 .text.write2File
                0x2000ee20      0x150 ./src/TLM_management.o
                0x2000ee20                write2File
 .text.printTLM
                0x2000ef70      0x598 ./src/TLM_management.o
                0x2000ef70                printTLM
 .text.readTLMFile
                0x2000f508      0x2e0 ./src/TLM_management.o
                0x2000f508                readTLMFile
 .text.readTLMFiles
                0x2000f7e8       0x84 ./src/TLM_management.o
                0x2000f7e8                readTLMFiles
 .text.readTLMFileTimeRange
                0x2000f86c      0x2e8 ./src/TLM_management.o
                0x2000f86c                readTLMFileTimeRange
 .text.DeInitializeFS
                0x2000fb54       0x14 ./src/TLM_management.o
                0x2000fb54                DeInitializeFS
 .text.main     0x2000fb68       0xa0 ./src/main.o
                0x2000fb68                main
 .text.timeU2time
                0x2000fc08       0xbc ./src/utils.o
                0x2000fc08                timeU2time
 .text.logError
                0x2000fcc4       0x84 ./src/utils.o
                0x2000fcc4                logError
 .text.validateTransferParameters
                0x2000fd48      0x10c C:/ISIS/workspace_ycube/GlobusSatProject/..//hal/hal/lib\libHALD.a(I2C.o)
 .text.I2C_queueTransfer
                0x2000fe54       0xe8 C:/ISIS/workspace_ycube/GlobusSatProject/..//hal/hal/lib\libHALD.a(I2C.o)
                0x2000fe54                I2C_queueTransfer
 .text.I2C_internalCallback
                0x2000ff3c       0x64 C:/ISIS/workspace_ycube/GlobusSatProject/..//hal/hal/lib\libHALD.a(I2C.o)
 .text.I2C_doBlockingTransfer
                0x2000ffa0      0x160 C:/ISIS/workspace_ycube/GlobusSatProject/..//hal/hal/lib\libHALD.a(I2C.o)
 .text.I2C_writeRead
                0x20010100      0x180 C:/ISIS/workspace_ycube/GlobusSatProject/..//hal/hal/lib\libHALD.a(I2C.o)
                0x20010100                I2C_writeRead
 .text.I2C_start
                0x20010280      0x2e8 C:/ISIS/workspace_ycube/GlobusSatProject/..//hal/hal/lib\libHALD.a(I2C.o)
                0x20010280                I2C_start
 .text.I2C_stop
                0x20010568      0x184 C:/ISIS/workspace_ycube/GlobusSatProject/..//hal/hal/lib\libHALD.a(I2C.o)
                0x20010568                I2C_stop
 .text.I2C_setTransferTimeout
                0x200106ec       0x48 C:/ISIS/workspace_ycube/GlobusSatProject/..//hal/hal/lib\libHALD.a(I2C.o)
                0x200106ec                I2C_setTransferTimeout
 .text.clearPDCtransfers
                0x20010734       0xdc C:/ISIS/workspace_ycube/GlobusSatProject/..//hal/hal/lib\libHALD.a(SPI.o)
 .text.SPI_start
                0x20010810      0x4c0 C:/ISIS/workspace_ycube/GlobusSatProject/..//hal/hal/lib\libHALD.a(SPI.o)
                0x20010810                SPI_start
 .text.SPI_stop
                0x20010cd0      0x22c C:/ISIS/workspace_ycube/GlobusSatProject/..//hal/hal/lib\libHALD.a(SPI.o)
                0x20010cd0                SPI_stop
 .text.SPI_queueTransfer
                0x20010efc      0x190 C:/ISIS/workspace_ycube/GlobusSatProject/..//hal/hal/lib\libHALD.a(SPI.o)
                0x20010efc                SPI_queueTransfer
 .text.SPI_internalCallback
                0x2001108c       0x64 C:/ISIS/workspace_ycube/GlobusSatProject/..//hal/hal/lib\libHALD.a(SPI.o)
 .text.SPI_writeRead
                0x200110f0      0x188 C:/ISIS/workspace_ycube/GlobusSatProject/..//hal/hal/lib\libHALD.a(SPI.o)
                0x200110f0                SPI_writeRead
 .text.waitForTransfer
                0x20011278       0x68 C:/ISIS/workspace_ycube/GlobusSatProject/..//hal/hal/lib\libHALD.a(SPI.o)
 .text.SPI_getDriverState
                0x200112e0       0x58 C:/ISIS/workspace_ycube/GlobusSatProject/..//hal/hal/lib\libHALD.a(SPI.o)
                0x200112e0                SPI_getDriverState
 .text.FRAM_start
                0x20011338       0xf4 C:/ISIS/workspace_ycube/GlobusSatProject/..//hal/hal/lib\libHALD.a(FRAM.o)
                0x20011338                FRAM_start
 .text.FRAM_dummyCallback
                0x2001142c       0x24 C:/ISIS/workspace_ycube/GlobusSatProject/..//hal/hal/lib\libHALD.a(FRAM.o)
                0x2001142c                FRAM_dummyCallback
 .text.FRAM_unlockingCallback
                0x20011450       0x78 C:/ISIS/workspace_ycube/GlobusSatProject/..//hal/hal/lib\libHALD.a(FRAM.o)
                0x20011450                FRAM_unlockingCallback
 .text.doBlockingTransfer
                0x200114c8       0x88 C:/ISIS/workspace_ycube/GlobusSatProject/..//hal/hal/lib\libHALD.a(FRAM.o)
 .text.FRAM_writePacket
                0x20011550      0x148 C:/ISIS/workspace_ycube/GlobusSatProject/..//hal/hal/lib\libHALD.a(FRAM.o)
 .text.FRAM_write
                0x20011698      0x1c8 C:/ISIS/workspace_ycube/GlobusSatProject/..//hal/hal/lib\libHALD.a(FRAM.o)
                0x20011698                FRAM_write
 .text.FRAM_readPacket
                0x20011860      0x114 C:/ISIS/workspace_ycube/GlobusSatProject/..//hal/hal/lib\libHALD.a(FRAM.o)
 .text.FRAM_read
                0x20011974      0x1d4 C:/ISIS/workspace_ycube/GlobusSatProject/..//hal/hal/lib\libHALD.a(FRAM.o)
                0x20011974                FRAM_read
 .text.Time_start
                0x20011b48      0x150 C:/ISIS/workspace_ycube/GlobusSatProject/..//hal/hal/lib\libHALD.a(Time.o)
                0x20011b48                Time_start
 .text.taskTimeSync
                0x20011c98       0x38 C:/ISIS/workspace_ycube/GlobusSatProject/..//hal/hal/lib\libHALD.a(Time.o)
 .text.Time_set
                0x20011cd0      0x278 C:/ISIS/workspace_ycube/GlobusSatProject/..//hal/hal/lib\libHALD.a(Time.o)
                0x20011cd0                Time_set
 .text.Time_isLeapYear
                0x20011f48       0x98 C:/ISIS/workspace_ycube/GlobusSatProject/..//hal/hal/lib\libHALD.a(Time.o)
                0x20011f48                Time_isLeapYear
 .text.Time_get
                0x20011fe0      0x410 C:/ISIS/workspace_ycube/GlobusSatProject/..//hal/hal/lib\libHALD.a(Time.o)
                0x20011fe0                Time_get
 .text.Time_getUnixEpoch
                0x200123f0       0xf4 C:/ISIS/workspace_ycube/GlobusSatProject/..//hal/hal/lib\libHALD.a(Time.o)
                0x200123f0                Time_getUnixEpoch
 .text.secondsOfYearToTime
                0x200124e4      0x328 C:/ISIS/workspace_ycube/GlobusSatProject/..//hal/hal/lib\libHALD.a(Time.o)
 .text.Time_setUnixEpoch
                0x2001280c      0x100 C:/ISIS/workspace_ycube/GlobusSatProject/..//hal/hal/lib\libHALD.a(Time.o)
                0x2001280c                Time_setUnixEpoch
 .text.Time_sync
                0x2001290c      0x2b8 C:/ISIS/workspace_ycube/GlobusSatProject/..//hal/hal/lib\libHALD.a(Time.o)
                0x2001290c                Time_sync
 .text.Time_syncIfNeeded
                0x20012bc4       0x70 C:/ISIS/workspace_ycube/GlobusSatProject/..//hal/hal/lib\libHALD.a(Time.o)
                0x20012bc4                Time_syncIfNeeded
 .text.Time_setSyncInterval
                0x20012c34       0x38 C:/ISIS/workspace_ycube/GlobusSatProject/..//hal/hal/lib\libHALD.a(Time.o)
                0x20012c34                Time_setSyncInterval
 .text.WDT_start
                0x20012c6c       0x48 C:/ISIS/workspace_ycube/GlobusSatProject/..//hal/hal/lib\libHALD.a(WatchDogTimerNoOS.o)
                0x20012c6c                WDT_start
 .text.WDT_startWatchdogKickTask
                0x20012cb4       0xb4 C:/ISIS/workspace_ycube/GlobusSatProject/..//hal/hal/lib\libHALD.a(WatchDogTimerOS.o)
                0x20012cb4                WDT_startWatchdogKickTask
 .text.WDT_forceKickEveryNms
                0x20012d68       0x50 C:/ISIS/workspace_ycube/GlobusSatProject/..//hal/hal/lib\libHALD.a(WatchDogTimerOS.o)
                0x20012d68                WDT_forceKickEveryNms
 .text.UTIL_DbguGetInteger
                0x20012db8      0x124 C:/ISIS/workspace_ycube/GlobusSatProject/..//hal/hal/lib\libHALD.a(util.o)
                0x20012db8                UTIL_DbguGetInteger
 .text.UTIL_DbguGetIntegerMinMax
                0x20012edc       0xa4 C:/ISIS/workspace_ycube/GlobusSatProject/..//hal/hal/lib\libHALD.a(util.o)
                0x20012edc                UTIL_DbguGetIntegerMinMax
 .text.LED_glow
                0x20012f80       0x58 C:/ISIS/workspace_ycube/GlobusSatProject/..//hal/hal/lib\libHALD.a(LED.o)
                0x20012f80                LED_glow
 .text.LED_dark
                0x20012fd8       0x58 C:/ISIS/workspace_ycube/GlobusSatProject/..//hal/hal/lib\libHALD.a(LED.o)
                0x20012fd8                LED_dark
 .text.LED_toggle
                0x20013030       0x50 C:/ISIS/workspace_ycube/GlobusSatProject/..//hal/hal/lib\libHALD.a(LED.o)
                0x20013030                LED_toggle
 .text.RTC_start
                0x20013080       0x3c C:/ISIS/workspace_ycube/GlobusSatProject/..//hal/hal/lib\libHALD.a(RTC.o)
                0x20013080                RTC_start
 .text.RTC_setTime
                0x200130bc      0x2a4 C:/ISIS/workspace_ycube/GlobusSatProject/..//hal/hal/lib\libHALD.a(RTC.o)
                0x200130bc                RTC_setTime
 .text.RTC_getTime
                0x20013360      0x224 C:/ISIS/workspace_ycube/GlobusSatProject/..//hal/hal/lib\libHALD.a(RTC.o)
                0x20013360                RTC_getTime
 .text.RTC_checkTimeValid
                0x20013584       0xdc C:/ISIS/workspace_ycube/GlobusSatProject/..//hal/hal/lib\libHALD.a(RTC.o)
                0x20013584                RTC_checkTimeValid
 .text.RTT_start
                0x20013660       0x24 C:/ISIS/workspace_ycube/GlobusSatProject/..//hal/hal/lib\libHALD.a(RTT.o)
                0x20013660                RTT_start
 .text.fn_init  0x20013684      0x2e0 C:/ISIS/workspace_ycube/GlobusSatProject/..//hal/hcc/lib\libHCCD.a(fat_common.o)
                0x20013684                fn_init
 .text._f_get16bitl
                0x20013964       0x4c C:/ISIS/workspace_ycube/GlobusSatProject/..//hal/hcc/lib\libHCCD.a(fat_common.o)
                0x20013964                _f_get16bitl
 .text._f_set16bitl
                0x200139b0       0x54 C:/ISIS/workspace_ycube/GlobusSatProject/..//hal/hcc/lib\libHCCD.a(fat_common.o)
                0x200139b0                _f_set16bitl
 .text._f_get32bitl
                0x20013a04       0x68 C:/ISIS/workspace_ycube/GlobusSatProject/..//hal/hcc/lib\libHCCD.a(fat_common.o)
                0x20013a04                _f_get32bitl
 .text._f_set32bitl
                0x20013a6c       0x78 C:/ISIS/workspace_ycube/GlobusSatProject/..//hal/hcc/lib\libHCCD.a(fat_common.o)
                0x20013a6c                _f_set32bitl
 .text._get8bit
                0x20013ae4       0xa0 C:/ISIS/workspace_ycube/GlobusSatProject/..//hal/hcc/lib\libHCCD.a(fat_common.o)
 .text._get16bitl
                0x20013b84       0x40 C:/ISIS/workspace_ycube/GlobusSatProject/..//hal/hcc/lib\libHCCD.a(fat_common.o)
 .text._get32bitl
                0x20013bc4       0x3c C:/ISIS/workspace_ycube/GlobusSatProject/..//hal/hcc/lib\libHCCD.a(fat_common.o)
 .text._f_setcardremoved
                0x20013c00       0x94 C:/ISIS/workspace_ycube/GlobusSatProject/..//hal/hcc/lib\libHCCD.a(fat_common.o)
 .text._f_checkstatus
                0x20013c94      0x104 C:/ISIS/workspace_ycube/GlobusSatProject/..//hal/hcc/lib\libHCCD.a(fat_common.o)
                0x20013c94                _f_checkstatus
 .text._f_drvgetphy
                0x20013d98      0x114 C:/ISIS/workspace_ycube/GlobusSatProject/..//hal/hcc/lib\libHCCD.a(fat_common.o)
 .text._f_drvwritesector
                0x20013eac       0xdc C:/ISIS/workspace_ycube/GlobusSatProject/..//hal/hcc/lib\libHCCD.a(fat_common.o)
 .text._f_drvreadsector
                0x20013f88       0xa8 C:/ISIS/workspace_ycube/GlobusSatProject/..//hal/hcc/lib\libHCCD.a(fat_common.o)
 .text._f_writesector
                0x20014030      0x23c C:/ISIS/workspace_ycube/GlobusSatProject/..//hal/hcc/lib\libHCCD.a(fat_common.o)
                0x20014030                _f_writesector
 .text._f_readsector
                0x2001426c      0x1dc C:/ISIS/workspace_ycube/GlobusSatProject/..//hal/hcc/lib\libHCCD.a(fat_common.o)
                0x2001426c                _f_readsector
 .text._f_getmaxcluster
                0x20014448       0x94 C:/ISIS/workspace_ycube/GlobusSatProject/..//hal/hcc/lib\libHCCD.a(fat_common.o)
                0x20014448                _f_getmaxcluster
 .text._getsectorfromcluster
                0x200144dc       0x68 C:/ISIS/workspace_ycube/GlobusSatProject/..//hal/hcc/lib\libHCCD.a(fat_common.o)
 .text._f_buildsectors
                0x20014544      0x268 C:/ISIS/workspace_ycube/GlobusSatProject/..//hal/hcc/lib\libHCCD.a(fat_common.o)
 .text._f_getbootrecord
                0x200147ac      0x5e4 C:/ISIS/workspace_ycube/GlobusSatProject/..//hal/hcc/lib\libHCCD.a(fat_common.o)
 .text._f_readbootrecord
                0x20014d90      0x4f8 C:/ISIS/workspace_ycube/GlobusSatProject/..//hal/hcc/lib\libHCCD.a(fat_common.o)
 .text._f_flushcffiles
                0x20015288      0x17c C:/ISIS/workspace_ycube/GlobusSatProject/..//hal/hcc/lib\libHCCD.a(fat_common.o)
                0x20015288                _f_flushcffiles
 .text._f_fatcache_flush
                0x20015404      0x270 C:/ISIS/workspace_ycube/GlobusSatProject/..//hal/hcc/lib\libHCCD.a(fat_common.o)
                0x20015404                _f_fatcache_flush
 .text._f_writefatsector
                0x20015674      0x100 C:/ISIS/workspace_ycube/GlobusSatProject/..//hal/hcc/lib\libHCCD.a(fat_common.o)
                0x20015674                _f_writefatsector
 .text._f_getfatsector
                0x20015774      0x3bc C:/ISIS/workspace_ycube/GlobusSatProject/..//hal/hcc/lib\libHCCD.a(fat_common.o)
 .text._f_setclustervalue
                0x20015b30      0x490 C:/ISIS/workspace_ycube/GlobusSatProject/..//hal/hcc/lib\libHCCD.a(fat_common.o)
                0x20015b30                _f_setclustervalue
 .text._f_getclustervalue
                0x20015fc0      0x388 C:/ISIS/workspace_ycube/GlobusSatProject/..//hal/hcc/lib\libHCCD.a(fat_common.o)
                0x20015fc0                _f_getclustervalue
 .text._f_close_drive_files
                0x20016348       0xac C:/ISIS/workspace_ycube/GlobusSatProject/..//hal/hcc/lib\libHCCD.a(fat_common.o)
 .text._f_inc_mount_count
                0x200163f4       0xa4 C:/ISIS/workspace_ycube/GlobusSatProject/..//hal/hcc/lib\libHCCD.a(fat_common.o)
 .text._f_getvolume
                0x20016498      0x2f8 C:/ISIS/workspace_ycube/GlobusSatProject/..//hal/hcc/lib\libHCCD.a(fat_common.o)
                0x20016498                _f_getvolume
 .text.fn_createdriver
                0x20016790      0x118 C:/ISIS/workspace_ycube/GlobusSatProject/..//hal/hcc/lib\libHCCD.a(fat_common.o)
                0x20016790                fn_createdriver
 .text.fn_initvolume
                0x200168a8      0x12c C:/ISIS/workspace_ycube/GlobusSatProject/..//hal/hcc/lib\libHCCD.a(fat_common.o)
                0x200168a8                fn_initvolume
 .text.fn_initvolumepartition_sub
                0x200169d4       0xe0 C:/ISIS/workspace_ycube/GlobusSatProject/..//hal/hcc/lib\libHCCD.a(fat_common.o)
 .text.fn_initvolumepartition
                0x20016ab4       0xac C:/ISIS/workspace_ycube/GlobusSatProject/..//hal/hcc/lib\libHCCD.a(fat_common.o)
                0x20016ab4                fn_initvolumepartition
 .text._f_clustertopos
                0x20016b60       0xf8 C:/ISIS/workspace_ycube/GlobusSatProject/..//hal/hcc/lib\libHCCD.a(fat_common.o)
                0x20016b60                _f_clustertopos
 .text._f_getcurrsector
                0x20016c58      0x6c8 C:/ISIS/workspace_ycube/GlobusSatProject/..//hal/hcc/lib\libHCCD.a(fat_common.o)
                0x20016c58                _f_getcurrsector
 .text._f_getdecluster
                0x20017320       0x90 C:/ISIS/workspace_ycube/GlobusSatProject/..//hal/hcc/lib\libHCCD.a(fat_common.o)
                0x20017320                _f_getdecluster
 .text._f_setdecluster
                0x200173b0       0x8c C:/ISIS/workspace_ycube/GlobusSatProject/..//hal/hcc/lib\libHCCD.a(fat_common.o)
                0x200173b0                _f_setdecluster
 .text.fn_getdrive
                0x2001743c       0x30 C:/ISIS/workspace_ycube/GlobusSatProject/..//hal/hcc/lib\libHCCD.a(fat_common.o)
                0x2001743c                fn_getdrive
 .text._f_getcurrenttimedate
                0x2001746c      0x138 C:/ISIS/workspace_ycube/GlobusSatProject/..//hal/hcc/lib\libHCCD.a(fat_common.o)
                0x2001746c                _f_getcurrenttimedate
 .text._f_initentry
                0x200175a4       0xa0 C:/ISIS/workspace_ycube/GlobusSatProject/..//hal/hcc/lib\libHCCD.a(fat_common.o)
                0x200175a4                _f_initentry
 .text._f_alloccluster
                0x20017644      0x344 C:/ISIS/workspace_ycube/GlobusSatProject/..//hal/hcc/lib\libHCCD.a(fat_common.o)
                0x20017644                _f_alloccluster
 .text._f_dobadblock
                0x20017988      0x2cc C:/ISIS/workspace_ycube/GlobusSatProject/..//hal/hcc/lib\libHCCD.a(fat_common.o)
                0x20017988                _f_dobadblock
 .text._f_checklocked
                0x20017c54       0xe4 C:/ISIS/workspace_ycube/GlobusSatProject/..//hal/hcc/lib\libHCCD.a(fat_common.o)
                0x20017c54                _f_checklocked
 .text._f_checkappendlocked
                0x20017d38      0x110 C:/ISIS/workspace_ycube/GlobusSatProject/..//hal/hcc/lib\libHCCD.a(fat_common.o)
                0x20017d38                _f_checkappendlocked
 .text._f_setsyncafile
                0x20017e48      0x114 C:/ISIS/workspace_ycube/GlobusSatProject/..//hal/hcc/lib\libHCCD.a(fat_common.o)
                0x20017e48                _f_setsyncafile
 .text._f_syncfiles
                0x20017f5c      0x128 C:/ISIS/workspace_ycube/GlobusSatProject/..//hal/hcc/lib\libHCCD.a(fat_common.o)
                0x20017f5c                _f_syncfiles
 .text._f_syncfilescontent
                0x20018084      0x15c C:/ISIS/workspace_ycube/GlobusSatProject/..//hal/hcc/lib\libHCCD.a(fat_common.o)
 .text.fn_getfreespace
                0x200181e0      0x4c0 C:/ISIS/workspace_ycube/GlobusSatProject/..//hal/hcc/lib\libHCCD.a(fat_common.o)
                0x200181e0                fn_getfreespace
 .text._f_emptywritecache
                0x200186a0      0x4a4 C:/ISIS/workspace_ycube/GlobusSatProject/..//hal/hcc/lib\libHCCD.a(fat_common.o)
 .text._f_allocnextcluster
                0x20018b44      0x54c C:/ISIS/workspace_ycube/GlobusSatProject/..//hal/hcc/lib\libHCCD.a(fat_common.o)
 .text._f_emptywritebuffer
                0x20019090      0x20c C:/ISIS/workspace_ycube/GlobusSatProject/..//hal/hcc/lib\libHCCD.a(fat_common.o)
 .text._f_writezeros
                0x2001929c       0xf0 C:/ISIS/workspace_ycube/GlobusSatProject/..//hal/hcc/lib\libHCCD.a(fat_common.o)
                0x2001929c                _f_writezeros
 .text._f_extend_file
                0x2001938c      0x570 C:/ISIS/workspace_ycube/GlobusSatProject/..//hal/hcc/lib\libHCCD.a(fat_common.o)
 .text._f_fseek
                0x200198fc      0x9bc C:/ISIS/workspace_ycube/GlobusSatProject/..//hal/hcc/lib\libHCCD.a(fat_common.o)
                0x200198fc                _f_fseek
 .text._f_removechain
                0x2001a2b8      0x104 C:/ISIS/workspace_ycube/GlobusSatProject/..//hal/hcc/lib\libHCCD.a(fat_common.o)
                0x2001a2b8                _f_removechain
 .text._f_updatefileentry
                0x2001a3bc      0x1cc C:/ISIS/workspace_ycube/GlobusSatProject/..//hal/hcc/lib\libHCCD.a(fat_common.o)
 .text._f_checkreadlocked
                0x2001a588      0x1bc C:/ISIS/workspace_ycube/GlobusSatProject/..//hal/hcc/lib\libHCCD.a(fat_common.o)
                0x2001a588                _f_checkreadlocked
 .text._f_check_handle
                0x2001a744       0x98 C:/ISIS/workspace_ycube/GlobusSatProject/..//hal/hcc/lib\libHCCD.a(fat_common.o)
                0x2001a744                _f_check_handle
 .text._f_removesyncafile
                0x2001a7dc      0x1ec C:/ISIS/workspace_ycube/GlobusSatProject/..//hal/hcc/lib\libHCCD.a(fat_common.o)
 .text.fn_close
                0x2001a9c8      0x3f8 C:/ISIS/workspace_ycube/GlobusSatProject/..//hal/hcc/lib\libHCCD.a(fat_common.o)
                0x2001a9c8                fn_close
 .text.fn_flush
                0x2001adc0      0x374 C:/ISIS/workspace_ycube/GlobusSatProject/..//hal/hcc/lib\libHCCD.a(fat_common.o)
                0x2001adc0                fn_flush
 .text.fn_read  0x2001b134      0x690 C:/ISIS/workspace_ycube/GlobusSatProject/..//hal/hcc/lib\libHCCD.a(fat_common.o)
                0x2001b134                fn_read
 .text._f_abortwrite
                0x2001b7c4      0x100 C:/ISIS/workspace_ycube/GlobusSatProject/..//hal/hcc/lib\libHCCD.a(fat_common.o)
 .text._f_checkwritecluster
                0x2001b8c4       0xe4 C:/ISIS/workspace_ycube/GlobusSatProject/..//hal/hcc/lib\libHCCD.a(fat_common.o)
 .text.fn_write
                0x2001b9a8      0x8a8 C:/ISIS/workspace_ycube/GlobusSatProject/..//hal/hcc/lib\libHCCD.a(fat_common.o)
                0x2001b9a8                fn_write
 .text.f_enterFS
                0x2001c250      0x1c0 C:/ISIS/workspace_ycube/GlobusSatProject/..//hal/hcc/lib\libHCCD.a(fat_common.o)
                0x2001c250                f_enterFS
 .text.fnGetTask
                0x2001c410       0xfc C:/ISIS/workspace_ycube/GlobusSatProject/..//hal/hcc/lib\libHCCD.a(fat_common.o)
                0x2001c410                fnGetTask
 .text._f_mutex_get
                0x2001c50c       0x98 C:/ISIS/workspace_ycube/GlobusSatProject/..//hal/hcc/lib\libHCCD.a(fat_common.o)
                0x2001c50c                _f_mutex_get
 .text._f_mutex_put
                0x2001c5a4       0x54 C:/ISIS/workspace_ycube/GlobusSatProject/..//hal/hcc/lib\libHCCD.a(fat_common.o)
                0x2001c5a4                _f_mutex_put
 .text._fn_initseekdivisor
                0x2001c5f8      0x158 C:/ISIS/workspace_ycube/GlobusSatProject/..//hal/hcc/lib\libHCCD.a(fat_common.o)
                0x2001c5f8                _fn_initseekdivisor
 .text._fn_updateseekpos
                0x2001c750       0xc4 C:/ISIS/workspace_ycube/GlobusSatProject/..//hal/hcc/lib\libHCCD.a(fat_common.o)
 .text._f_findopensize
                0x2001c814       0x2c C:/ISIS/workspace_ycube/GlobusSatProject/..//hal/hcc/lib\libHCCD.a(fat_common.o)
                0x2001c814                _f_findopensize
 .text.fn_setlasterror
                0x2001c840       0x34 C:/ISIS/workspace_ycube/GlobusSatProject/..//hal/hcc/lib\libHCCD.a(fat_common.o)
                0x2001c840                fn_setlasterror
 .text.fn_setlasterror_noret
                0x2001c874       0x2c C:/ISIS/workspace_ycube/GlobusSatProject/..//hal/hcc/lib\libHCCD.a(fat_common.o)
                0x2001c874                fn_setlasterror_noret
 .text.fm_initvolume
                0x2001c8a0       0x70 C:/ISIS/workspace_ycube/GlobusSatProject/..//hal/hcc/lib\libHCCD.a(fat_m.o)
                0x2001c8a0                fm_initvolume
 .text.fm_getdrive
                0x2001c910       0x70 C:/ISIS/workspace_ycube/GlobusSatProject/..//hal/hcc/lib\libHCCD.a(fat_m.o)
                0x2001c910                fm_getdrive
 .text.fm_getfreespace
                0x2001c980       0x68 C:/ISIS/workspace_ycube/GlobusSatProject/..//hal/hcc/lib\libHCCD.a(fat_m.o)
                0x2001c980                fm_getfreespace
 .text.fm_findfirst
                0x2001c9e8       0x68 C:/ISIS/workspace_ycube/GlobusSatProject/..//hal/hcc/lib\libHCCD.a(fat_m.o)
                0x2001c9e8                fm_findfirst
 .text.fm_findnext
                0x2001ca50       0x60 C:/ISIS/workspace_ycube/GlobusSatProject/..//hal/hcc/lib\libHCCD.a(fat_m.o)
                0x2001ca50                fm_findnext
 .text.fm_close
                0x2001cab0       0x60 C:/ISIS/workspace_ycube/GlobusSatProject/..//hal/hcc/lib\libHCCD.a(fat_m.o)
                0x2001cab0                fm_close
 .text.fm_flush
                0x2001cb10       0x60 C:/ISIS/workspace_ycube/GlobusSatProject/..//hal/hcc/lib\libHCCD.a(fat_m.o)
                0x2001cb10                fm_flush
 .text.fm_open  0x2001cb70       0x68 C:/ISIS/workspace_ycube/GlobusSatProject/..//hal/hcc/lib\libHCCD.a(fat_m.o)
                0x2001cb70                fm_open
 .text.fm_read  0x2001cbd8       0x7c C:/ISIS/workspace_ycube/GlobusSatProject/..//hal/hcc/lib\libHCCD.a(fat_m.o)
                0x2001cbd8                fm_read
 .text.fm_write
                0x2001cc54       0x7c C:/ISIS/workspace_ycube/GlobusSatProject/..//hal/hcc/lib\libHCCD.a(fat_m.o)
                0x2001cc54                fm_write
 .text.fm_delete
                0x2001ccd0       0x64 C:/ISIS/workspace_ycube/GlobusSatProject/..//hal/hcc/lib\libHCCD.a(fat_m.o)
                0x2001ccd0                fm_delete
 .text._s_checkzeroclusteratend
                0x2001cd34       0xf8 C:/ISIS/workspace_ycube/GlobusSatProject/..//hal/hcc/lib\libHCCD.a(safefat.o)
 .text._s_clearclustercontent
                0x2001ce2c      0x108 C:/ISIS/workspace_ycube/GlobusSatProject/..//hal/hcc/lib\libHCCD.a(safefat.o)
 .text._s_clearclustercontentdir
                0x2001cf34      0x19c C:/ISIS/workspace_ycube/GlobusSatProject/..//hal/hcc/lib\libHCCD.a(safefat.o)
 .text._s_writedirsector
                0x2001d0d0       0xd0 C:/ISIS/workspace_ycube/GlobusSatProject/..//hal/hcc/lib\libHCCD.a(safefat.o)
 .text._s_getdirsector
                0x2001d1a0      0x100 C:/ISIS/workspace_ycube/GlobusSatProject/..//hal/hcc/lib\libHCCD.a(safefat.o)
 .text._s_addentry
                0x2001d2a0      0x394 C:/ISIS/workspace_ycube/GlobusSatProject/..//hal/hcc/lib\libHCCD.a(safefat.o)
 .text._s_findfile
                0x2001d634      0x33c C:/ISIS/workspace_ycube/GlobusSatProject/..//hal/hcc/lib\libHCCD.a(safefat.o)
 .text._s_findsubdir
                0x2001d970      0x248 C:/ISIS/workspace_ycube/GlobusSatProject/..//hal/hcc/lib\libHCCD.a(safefat.o)
 .text._s_createfile
                0x2001dbb8      0x190 C:/ISIS/workspace_ycube/GlobusSatProject/..//hal/hcc/lib\libHCCD.a(safefat.o)
 .text._s_findsaffile
                0x2001dd48      0x1b8 C:/ISIS/workspace_ycube/GlobusSatProject/..//hal/hcc/lib\libHCCD.a(safefat.o)
 .text._s_open  0x2001df00       0xe4 C:/ISIS/workspace_ycube/GlobusSatProject/..//hal/hcc/lib\libHCCD.a(safefat.o)
 .text._s_open_saf
                0x2001dfe4       0xe8 C:/ISIS/workspace_ycube/GlobusSatProject/..//hal/hcc/lib\libHCCD.a(safefat.o)
 .text._s_flush
                0x2001e0cc       0x84 C:/ISIS/workspace_ycube/GlobusSatProject/..//hal/hcc/lib\libHCCD.a(safefat.o)
 .text._s_allocnextcluster
                0x2001e150      0x13c C:/ISIS/workspace_ycube/GlobusSatProject/..//hal/hcc/lib\libHCCD.a(safefat.o)
 .text._s_getnextsector
                0x2001e28c       0xdc C:/ISIS/workspace_ycube/GlobusSatProject/..//hal/hcc/lib\libHCCD.a(safefat.o)
 .text._s_seek  0x2001e368      0x1e8 C:/ISIS/workspace_ycube/GlobusSatProject/..//hal/hcc/lib\libHCCD.a(safefat.o)
 .text._s_read  0x2001e550      0x228 C:/ISIS/workspace_ycube/GlobusSatProject/..//hal/hcc/lib\libHCCD.a(safefat.o)
 .text._s_write
                0x2001e778      0x384 C:/ISIS/workspace_ycube/GlobusSatProject/..//hal/hcc/lib\libHCCD.a(safefat.o)
 .text._s_restoreclusters
                0x2001eafc      0x270 C:/ISIS/workspace_ycube/GlobusSatProject/..//hal/hcc/lib\libHCCD.a(safefat.o)
                0x2001eafc                _s_restoreclusters
 .text._s_findrestore
                0x2001ed6c      0x18c C:/ISIS/workspace_ycube/GlobusSatProject/..//hal/hcc/lib\libHCCD.a(safefat.o)
 .text._s_cmd_writede
                0x2001eef8       0xd8 C:/ISIS/workspace_ycube/GlobusSatProject/..//hal/hcc/lib\libHCCD.a(safefat.o)
 .text._s_cmd_setcluster
                0x2001efd0       0x88 C:/ISIS/workspace_ycube/GlobusSatProject/..//hal/hcc/lib\libHCCD.a(safefat.o)
 .text._s_cmd_deletechain
                0x2001f058      0x100 C:/ISIS/workspace_ycube/GlobusSatProject/..//hal/hcc/lib\libHCCD.a(safefat.o)
 .text._s_cmd_validatecfn
                0x2001f158      0x308 C:/ISIS/workspace_ycube/GlobusSatProject/..//hal/hcc/lib\libHCCD.a(safefat.o)
 .text._s_cmd_seteof
                0x2001f460      0x3c4 C:/ISIS/workspace_ycube/GlobusSatProject/..//hal/hcc/lib\libHCCD.a(safefat.o)
 .text.safe_docommands
                0x2001f824      0x56c C:/ISIS/workspace_ycube/GlobusSatProject/..//hal/hcc/lib\libHCCD.a(safefat.o)
                0x2001f824                safe_docommands
 .text.safe_entercommand
                0x2001fd90       0x68 C:/ISIS/workspace_ycube/GlobusSatProject/..//hal/hcc/lib\libHCCD.a(safefat.o)
                0x2001fd90                safe_entercommand
 .text.safe_ready
                0x2001fdf8       0xf4 C:/ISIS/workspace_ycube/GlobusSatProject/..//hal/hcc/lib\libHCCD.a(safefat.o)
                0x2001fdf8                safe_ready
 .text.safe_copycfn
                0x2001feec       0xb8 C:/ISIS/workspace_ycube/GlobusSatProject/..//hal/hcc/lib\libHCCD.a(safefat.o)
                0x2001feec                safe_copycfn
 .text.safe_cfremove
                0x2001ffa4       0xb8 C:/ISIS/workspace_ycube/GlobusSatProject/..//hal/hcc/lib\libHCCD.a(safefat.o)
                0x2001ffa4                safe_cfremove
 .text.safe_writede
                0x2002005c      0x104 C:/ISIS/workspace_ycube/GlobusSatProject/..//hal/hcc/lib\libHCCD.a(safefat.o)
                0x2002005c                safe_writede
 .text.safe_setcluster
                0x20020160       0xcc C:/ISIS/workspace_ycube/GlobusSatProject/..//hal/hcc/lib\libHCCD.a(safefat.o)
                0x20020160                safe_setcluster
 .text.safe_deletechain
                0x2002022c      0x1c8 C:/ISIS/workspace_ycube/GlobusSatProject/..//hal/hcc/lib\libHCCD.a(safefat.o)
                0x2002022c                safe_deletechain
 .text.safe_cfclose
                0x200203f4      0x104 C:/ISIS/workspace_ycube/GlobusSatProject/..//hal/hcc/lib\libHCCD.a(safefat.o)
                0x200203f4                safe_cfclose
 .text.safe_cfflush
                0x200204f8      0x124 C:/ISIS/workspace_ycube/GlobusSatProject/..//hal/hcc/lib\libHCCD.a(safefat.o)
                0x200204f8                safe_cfflush
 .text.safe_reset
                0x2002061c       0x78 C:/ISIS/workspace_ycube/GlobusSatProject/..//hal/hcc/lib\libHCCD.a(safefat.o)
                0x2002061c                safe_reset
 .text.safe_loadcommands
                0x20020694       0x78 C:/ISIS/workspace_ycube/GlobusSatProject/..//hal/hcc/lib\libHCCD.a(safefat.o)
                0x20020694                safe_loadcommands
 .text.safe_poweron
                0x2002070c      0x1fc C:/ISIS/workspace_ycube/GlobusSatProject/..//hal/hcc/lib\libHCCD.a(safefat.o)
                0x2002070c                safe_poweron
 .text.cf_getname
                0x20020908       0xc0 C:/ISIS/workspace_ycube/GlobusSatProject/..//hal/hcc/lib\libHCCD.a(safefat.o)
 .text.cf_copyclusterchain
                0x200209c8      0x138 C:/ISIS/workspace_ycube/GlobusSatProject/..//hal/hcc/lib\libHCCD.a(safefat.o)
 .text.cf_seektozero
                0x20020b00       0x94 C:/ISIS/workspace_ycube/GlobusSatProject/..//hal/hcc/lib\libHCCD.a(safefat.o)
                0x20020b00                cf_seektozero
 .text.cf_create
                0x20020b94      0x3a8 C:/ISIS/workspace_ycube/GlobusSatProject/..//hal/hcc/lib\libHCCD.a(safefat.o)
                0x20020b94                cf_create
 .text.cf_copyclustercontent
                0x20020f3c      0x128 C:/ISIS/workspace_ycube/GlobusSatProject/..//hal/hcc/lib\libHCCD.a(safefat.o)
                0x20020f3c                cf_copyclustercontent
 .text.cf_copycfn
                0x20021064      0x4bc C:/ISIS/workspace_ycube/GlobusSatProject/..//hal/hcc/lib\libHCCD.a(safefat.o)
                0x20021064                cf_copycfn
 .text.cf_remove
                0x20021520      0x344 C:/ISIS/workspace_ycube/GlobusSatProject/..//hal/hcc/lib\libHCCD.a(safefat.o)
                0x20021520                cf_remove
 .text.cf_setclusternew
                0x20021864       0xf0 C:/ISIS/workspace_ycube/GlobusSatProject/..//hal/hcc/lib\libHCCD.a(safefat.o)
                0x20021864                cf_setclusternew
 .text.cf_flush
                0x20021954       0x58 C:/ISIS/workspace_ycube/GlobusSatProject/..//hal/hcc/lib\libHCCD.a(safefat.o)
                0x20021954                cf_flush
 .text.cf_getcluster
                0x200219ac      0x1b4 C:/ISIS/workspace_ycube/GlobusSatProject/..//hal/hcc/lib\libHCCD.a(safefat.o)
                0x200219ac                cf_getcluster
 .text.cf_setnextcluster
                0x20021b60      0x194 C:/ISIS/workspace_ycube/GlobusSatProject/..//hal/hcc/lib\libHCCD.a(safefat.o)
                0x20021b60                cf_setnextcluster
 .text.cf_getpositions
                0x20021cf4       0xbc C:/ISIS/workspace_ycube/GlobusSatProject/..//hal/hcc/lib\libHCCD.a(safefat.o)
                0x20021cf4                cf_getpositions
 .text.cf_setpositions
                0x20021db0       0xb0 C:/ISIS/workspace_ycube/GlobusSatProject/..//hal/hcc/lib\libHCCD.a(safefat.o)
                0x20021db0                cf_setpositions
 .text.cf_opensyncafile
                0x20021e60      0x150 C:/ISIS/workspace_ycube/GlobusSatProject/..//hal/hcc/lib\libHCCD.a(safefat.o)
                0x20021e60                cf_opensyncafile
 .text.cf_reloadcfo
                0x20021fb0       0xd8 C:/ISIS/workspace_ycube/GlobusSatProject/..//hal/hcc/lib\libHCCD.a(safefat.o)
                0x20021fb0                cf_reloadcfo
 .text.mcipdc_cmd
                0x20022088      0x22c C:/ISIS/workspace_ycube/GlobusSatProject/..//hal/hcc/lib\libHCCD.a(atmel_mcipdc.o)
 .text.mcipdc_stop
                0x200222b4       0xfc C:/ISIS/workspace_ycube/GlobusSatProject/..//hal/hcc/lib\libHCCD.a(atmel_mcipdc.o)
                0x200222b4                mcipdc_stop
 .text.mcipdc_read
                0x200223b0      0x27c C:/ISIS/workspace_ycube/GlobusSatProject/..//hal/hcc/lib\libHCCD.a(atmel_mcipdc.o)
 .text.mcipdc_write
                0x2002262c      0x298 C:/ISIS/workspace_ycube/GlobusSatProject/..//hal/hcc/lib\libHCCD.a(atmel_mcipdc.o)
 .text.mcipdc_readsector
                0x200228c4       0x9c C:/ISIS/workspace_ycube/GlobusSatProject/..//hal/hcc/lib\libHCCD.a(atmel_mcipdc.o)
                0x200228c4                mcipdc_readsector
 .text.mcipdc_readmultiplesector
                0x20022960      0x124 C:/ISIS/workspace_ycube/GlobusSatProject/..//hal/hcc/lib\libHCCD.a(atmel_mcipdc.o)
                0x20022960                mcipdc_readmultiplesector
 .text.mcipdc_writesector
                0x20022a84       0x90 C:/ISIS/workspace_ycube/GlobusSatProject/..//hal/hcc/lib\libHCCD.a(atmel_mcipdc.o)
                0x20022a84                mcipdc_writesector
 .text.mcipdc_writemultiplesector
                0x20022b14      0x120 C:/ISIS/workspace_ycube/GlobusSatProject/..//hal/hcc/lib\libHCCD.a(atmel_mcipdc.o)
                0x20022b14                mcipdc_writemultiplesector
 .text.mcipdc_set_speed
                0x20022c34       0xb0 C:/ISIS/workspace_ycube/GlobusSatProject/..//hal/hcc/lib\libHCCD.a(atmel_mcipdc.o)
 .text.mcipdc_get_speed
                0x20022ce4       0x48 C:/ISIS/workspace_ycube/GlobusSatProject/..//hal/hcc/lib\libHCCD.a(atmel_mcipdc.o)
 .text._get_csd_bits
                0x20022d2c      0x14c C:/ISIS/workspace_ycube/GlobusSatProject/..//hal/hcc/lib\libHCCD.a(atmel_mcipdc.o)
 .text.mcipdc_initcard
                0x20022e78      0x8f4 C:/ISIS/workspace_ycube/GlobusSatProject/..//hal/hcc/lib\libHCCD.a(atmel_mcipdc.o)
 .text.mcipdc_getstatus
                0x2002376c       0xe8 C:/ISIS/workspace_ycube/GlobusSatProject/..//hal/hcc/lib\libHCCD.a(atmel_mcipdc.o)
 .text.mcipdc_getphy
                0x20023854       0x90 C:/ISIS/workspace_ycube/GlobusSatProject/..//hal/hcc/lib\libHCCD.a(atmel_mcipdc.o)
 .text.mcipdc_release
                0x200238e4       0x50 C:/ISIS/workspace_ycube/GlobusSatProject/..//hal/hcc/lib\libHCCD.a(atmel_mcipdc.o)
 .text.atmel_mcipdc_initfunc
                0x20023934      0x160 C:/ISIS/workspace_ycube/GlobusSatProject/..//hal/hcc/lib\libHCCD.a(atmel_mcipdc.o)
                0x20023934                atmel_mcipdc_initfunc
 .text.oal_mutex_create
                0x20023a94       0x54 C:/ISIS/workspace_ycube/GlobusSatProject/..//hal/hcc/lib\libHCCD.a(oalp_mutex.o)
                0x20023a94                oal_mutex_create
 .text.oal_mutex_delete
                0x20023ae8       0x30 C:/ISIS/workspace_ycube/GlobusSatProject/..//hal/hcc/lib\libHCCD.a(oalp_mutex.o)
                0x20023ae8                oal_mutex_delete
 .text.oal_mutex_get
                0x20023b18       0x58 C:/ISIS/workspace_ycube/GlobusSatProject/..//hal/hcc/lib\libHCCD.a(oalp_mutex.o)
                0x20023b18                oal_mutex_get
 .text.oal_mutex_put
                0x20023b70       0x58 C:/ISIS/workspace_ycube/GlobusSatProject/..//hal/hcc/lib\libHCCD.a(oalp_mutex.o)
                0x20023b70                oal_mutex_put
 .text.oal_task_get_id
                0x20023bc8       0x18 C:/ISIS/workspace_ycube/GlobusSatProject/..//hal/hcc/lib\libHCCD.a(oalp_task.o)
                0x20023bc8                oal_task_get_id
 .text.mcipdc_hw_init
                0x20023be0       0xe8 C:/ISIS/workspace_ycube/GlobusSatProject/..//hal/hcc/lib\libHCCD.a(atmel_mcipdc_hw.o)
                0x20023be0                mcipdc_hw_init
 .text.mcipdc_hw_delete
                0x20023cc8       0x78 C:/ISIS/workspace_ycube/GlobusSatProject/..//hal/hcc/lib\libHCCD.a(atmel_mcipdc_hw.o)
                0x20023cc8                mcipdc_hw_delete
 .text.mcipdc_hw_card_plugged
                0x20023d40       0x1c C:/ISIS/workspace_ycube/GlobusSatProject/..//hal/hcc/lib\libHCCD.a(atmel_mcipdc_hw.o)
                0x20023d40                mcipdc_hw_card_plugged
 .text.mcipdc_hw_card_writeprotect
                0x20023d5c       0x1c C:/ISIS/workspace_ycube/GlobusSatProject/..//hal/hcc/lib\libHCCD.a(atmel_mcipdc_hw.o)
                0x20023d5c                mcipdc_hw_card_writeprotect
 .text.psp_getcurrenttimedate
                0x20023d78       0x8c C:/ISIS/workspace_ycube/GlobusSatProject/..//hal/hcc/lib\libHCCD.a(psp_rtc.o)
                0x20023d78                psp_getcurrenttimedate
 .text._hcc_get_buf_dsc
                0x20023e04       0x8c C:/ISIS/workspace_ycube/GlobusSatProject/..//hal/hcc/lib\libHCCD.a(hcc_mem.o)
 .text._hcc_check_free_pages
                0x20023e90      0x18c C:/ISIS/workspace_ycube/GlobusSatProject/..//hal/hcc/lib\libHCCD.a(hcc_mem.o)
 .text._hcc_mark_pages
                0x2002401c      0x158 C:/ISIS/workspace_ycube/GlobusSatProject/..//hal/hcc/lib\libHCCD.a(hcc_mem.o)
 .text._hcc_clear_lock_dsc
                0x20024174       0x80 C:/ISIS/workspace_ycube/GlobusSatProject/..//hal/hcc/lib\libHCCD.a(hcc_mem.o)
 .text._hcc_lock_access
                0x200241f4      0x128 C:/ISIS/workspace_ycube/GlobusSatProject/..//hal/hcc/lib\libHCCD.a(hcc_mem.o)
 .text._hcc_unlock_access
                0x2002431c       0x30 C:/ISIS/workspace_ycube/GlobusSatProject/..//hal/hcc/lib\libHCCD.a(hcc_mem.o)
 .text.hcc_mem_alloc
                0x2002434c      0x454 C:/ISIS/workspace_ycube/GlobusSatProject/..//hal/hcc/lib\libHCCD.a(hcc_mem.o)
                0x2002434c                hcc_mem_alloc
 .text.hcc_mem_free
                0x200247a0      0x178 C:/ISIS/workspace_ycube/GlobusSatProject/..//hal/hcc/lib\libHCCD.a(hcc_mem.o)
                0x200247a0                hcc_mem_free
 .text.hcc_mem_add
                0x20024918      0x3b0 C:/ISIS/workspace_ycube/GlobusSatProject/..//hal/hcc/lib\libHCCD.a(hcc_mem.o)
                0x20024918                hcc_mem_add
 .text.hcc_mem_init
                0x20024cc8      0x164 C:/ISIS/workspace_ycube/GlobusSatProject/..//hal/hcc/lib\libHCCD.a(hcc_mem.o)
                0x20024cc8                hcc_mem_init
 .text._f_invalidatedir
                0x20024e2c       0x28 C:/ISIS/workspace_ycube/GlobusSatProject/..//hal/hcc/lib\libHCCD.a(fat.o)
                0x20024e2c                _f_invalidatedir
 .text._f_getdirsector
                0x20024e54       0x88 C:/ISIS/workspace_ycube/GlobusSatProject/..//hal/hcc/lib\libHCCD.a(fat.o)
                0x20024e54                _f_getdirsector
 .text._f_writedirsector
                0x20024edc       0x74 C:/ISIS/workspace_ycube/GlobusSatProject/..//hal/hcc/lib\libHCCD.a(fat.o)
                0x20024edc                _f_writedirsector
 .text._f_checknameinv
                0x20024f50      0x180 C:/ISIS/workspace_ycube/GlobusSatProject/..//hal/hcc/lib\libHCCD.a(fat.o)
 .text._f_checkname
                0x200250d0       0x7c C:/ISIS/workspace_ycube/GlobusSatProject/..//hal/hcc/lib\libHCCD.a(fat.o)
 .text._f_checknamewc
                0x2002514c       0xf8 C:/ISIS/workspace_ycube/GlobusSatProject/..//hal/hcc/lib\libHCCD.a(fat.o)
 .text._f_setnameext
                0x20025244      0x300 C:/ISIS/workspace_ycube/GlobusSatProject/..//hal/hcc/lib\libHCCD.a(fat.o)
 .text._f_setfsname
                0x20025544      0x584 C:/ISIS/workspace_ycube/GlobusSatProject/..//hal/hcc/lib\libHCCD.a(fat.o)
 .text._f_findfile
                0x20025ac8      0x30c C:/ISIS/workspace_ycube/GlobusSatProject/..//hal/hcc/lib\libHCCD.a(fat.o)
 .text._f_cmp_wname
                0x20025dd4      0x274 C:/ISIS/workspace_ycube/GlobusSatProject/..//hal/hcc/lib\libHCCD.a(fat.o)
 .text._f_to_string
                0x20026048      0x130 C:/ISIS/workspace_ycube/GlobusSatProject/..//hal/hcc/lib\libHCCD.a(fat.o)
 .text._f_findfilewc
                0x20026178      0x278 C:/ISIS/workspace_ycube/GlobusSatProject/..//hal/hcc/lib\libHCCD.a(fat.o)
 .text._f_getfilename
                0x200263f0      0x20c C:/ISIS/workspace_ycube/GlobusSatProject/..//hal/hcc/lib\libHCCD.a(fat.o)
 .text._f_findpath
                0x200265fc      0x35c C:/ISIS/workspace_ycube/GlobusSatProject/..//hal/hcc/lib\libHCCD.a(fat.o)
 .text.fn_getdcwd
                0x20026958      0x1e0 C:/ISIS/workspace_ycube/GlobusSatProject/..//hal/hcc/lib\libHCCD.a(fat.o)
                0x20026958                fn_getdcwd
 .text.fn_findfirst
                0x20026b38      0x13c C:/ISIS/workspace_ycube/GlobusSatProject/..//hal/hcc/lib\libHCCD.a(fat.o)
                0x20026b38                fn_findfirst
 .text.fn_findnext
                0x20026c74      0x360 C:/ISIS/workspace_ycube/GlobusSatProject/..//hal/hcc/lib\libHCCD.a(fat.o)
                0x20026c74                fn_findnext
 .text._f_lock_resfile
                0x20026fd4       0x6c C:/ISIS/workspace_ycube/GlobusSatProject/..//hal/hcc/lib\libHCCD.a(fat.o)
 .text._f_unlock_resfile
                0x20027040       0x40 C:/ISIS/workspace_ycube/GlobusSatProject/..//hal/hcc/lib\libHCCD.a(fat.o)
 .text._f_getintfile
                0x20027080      0x124 C:/ISIS/workspace_ycube/GlobusSatProject/..//hal/hcc/lib\libHCCD.a(fat.o)
 .text._f_addentry
                0x200271a4      0x540 C:/ISIS/workspace_ycube/GlobusSatProject/..//hal/hcc/lib\libHCCD.a(fat.o)
 .text.fn_open_sub
                0x200276e4     0x1698 C:/ISIS/workspace_ycube/GlobusSatProject/..//hal/hcc/lib\libHCCD.a(fat.o)
 .text.fn_open  0x20028d7c       0x44 C:/ISIS/workspace_ycube/GlobusSatProject/..//hal/hcc/lib\libHCCD.a(fat.o)
                0x20028d7c                fn_open
 .text.fn_delete
                0x20028dc0      0x490 C:/ISIS/workspace_ycube/GlobusSatProject/..//hal/hcc/lib\libHCCD.a(fat.o)
                0x20028dc0                fn_delete
 .text.hcc_mem_buf_alloc
                0x20029250       0xe4 C:/ISIS/workspace_ycube/GlobusSatProject/..//hal/hcc/lib\libHCCD.a(psp_hcc_mem.o)
                0x20029250                hcc_mem_buf_alloc
 .text.makeAntStransfer
                0x20029334       0x4c C:/ISIS/workspace_ycube/satellite-subsystems/satellite-subsystems/lib\libSatelliteSubsystemsD.a(IsisAntS.o)
 .text.checkInputsValid
                0x20029380       0x7c C:/ISIS/workspace_ycube/satellite-subsystems/satellite-subsystems/lib\libSatelliteSubsystemsD.a(IsisAntS.o)
 .text.IsisAntS_initialize
                0x200293fc      0x26c C:/ISIS/workspace_ycube/satellite-subsystems/satellite-subsystems/lib\libSatelliteSubsystemsD.a(IsisAntS.o)
                0x200293fc                IsisAntS_initialize
 .text.IsisAntS_setArmStatus
                0x20029668      0x104 C:/ISIS/workspace_ycube/satellite-subsystems/satellite-subsystems/lib\libSatelliteSubsystemsD.a(IsisAntS.o)
                0x20029668                IsisAntS_setArmStatus
 .text.IsisAntS_getStatusData
                0x2002976c      0x120 C:/ISIS/workspace_ycube/satellite-subsystems/satellite-subsystems/lib\libSatelliteSubsystemsD.a(IsisAntS.o)
                0x2002976c                IsisAntS_getStatusData
 .text.IsisAntS_getUptime
                0x2002988c      0x120 C:/ISIS/workspace_ycube/satellite-subsystems/satellite-subsystems/lib\libSatelliteSubsystemsD.a(IsisAntS.o)
                0x2002988c                IsisAntS_getUptime
 .text.IsisAntS_getAlltelemetry
                0x200299ac      0x120 C:/ISIS/workspace_ycube/satellite-subsystems/satellite-subsystems/lib\libSatelliteSubsystemsD.a(IsisAntS.o)
                0x200299ac                IsisAntS_getAlltelemetry
 .text.IsisAntS_reset
                0x20029acc      0x104 C:/ISIS/workspace_ycube/satellite-subsystems/satellite-subsystems/lib\libSatelliteSubsystemsD.a(IsisAntS.o)