Archive member included because of file (symbol)

C:/ISIS/workspace_ycube/GlobusSatProject/..//hal/hal/lib\libHALD.a(I2C.o)
                              ./src/SubSystemModules/Communication/SubsystemCommands/Maintanence_Commands.o (I2C_write)
C:/ISIS/workspace_ycube/GlobusSatProject/..//hal/hal/lib\libHALD.a(SPI.o)
                              ./src/InitSystem.o (SPI_start)
C:/ISIS/workspace_ycube/GlobusSatProject/..//hal/hal/lib\libHALD.a(FRAM.o)
                              ./src/SubSystemModules/Communication/SubsystemCommands/Maintanence_Commands.o (FRAM_start)
C:/ISIS/workspace_ycube/GlobusSatProject/..//hal/hal/lib\libHALD.a(Time.o)
                              ./src/InitSystem.o (Time_start)
C:/ISIS/workspace_ycube/GlobusSatProject/..//hal/hal/lib\libHALD.a(WatchDogTimerNoOS.o)
                              ./src/main.o (WDT_start)
C:/ISIS/workspace_ycube/GlobusSatProject/..//hal/hal/lib\libHALD.a(WatchDogTimerOS.o)
                              ./src/TestingDemos/MainTest.o (WDT_startWatchdogKickTask)
C:/ISIS/workspace_ycube/GlobusSatProject/..//hal/hal/lib\libHALD.a(fprintf.o)
                              ./src/TLM_management.o (f_puts)
C:/ISIS/workspace_ycube/GlobusSatProject/..//hal/hal/lib\libHALD.a(util.o)
                              ./src/TestingDemos/EpsTestingDemo.o (UTIL_DbguGetInteger)
C:/ISIS/workspace_ycube/GlobusSatProject/..//hal/hal/lib\libHALD.a(LED.o)
                              C:/ISIS/workspace_ycube/GlobusSatProject/..//hal/hal/lib\libHALD.a(WatchDogTimerOS.o) (LED_toggle)
C:/ISIS/workspace_ycube/GlobusSatProject/..//hal/hal/lib\libHALD.a(RTC.o)
                              C:/ISIS/workspace_ycube/GlobusSatProject/..//hal/hal/lib\libHALD.a(Time.o) (RTC_getTime)
C:/ISIS/workspace_ycube/GlobusSatProject/..//hal/hal/lib\libHALD.a(RTT.o)
                              C:/ISIS/workspace_ycube/GlobusSatProject/..//hal/hal/lib\libHALD.a(Time.o) (RTT_start)
C:/ISIS/workspace_ycube/GlobusSatProject/..//hal/hcc/lib\libHCCD.a(fat_common.o)
                              ./src/TLM_management.o (fn_init)
C:/ISIS/workspace_ycube/GlobusSatProject/..//hal/hcc/lib\libHCCD.a(fat_m.o)
                              ./src/TLM_management.o (fm_initvolume)
C:/ISIS/workspace_ycube/GlobusSatProject/..//hal/hcc/lib\libHCCD.a(safefat.o)
                              C:/ISIS/workspace_ycube/GlobusSatProject/..//hal/hcc/lib\libHCCD.a(fat_common.o) (safe_fix_filelengths)
C:/ISIS/workspace_ycube/GlobusSatProject/..//hal/hcc/lib\libHCCD.a(atmel_mcipdc.o)
                              ./src/TLM_management.o (atmel_mcipdc_initfunc)
C:/ISIS/workspace_ycube/GlobusSatProject/..//hal/hcc/lib\libHCCD.a(oalp_mutex.o)
                              C:/ISIS/workspace_ycube/GlobusSatProject/..//hal/hcc/lib\libHCCD.a(fat_common.o) (oal_mutex_create)
C:/ISIS/workspace_ycube/GlobusSatProject/..//hal/hcc/lib\libHCCD.a(oalp_task.o)
                              C:/ISIS/workspace_ycube/GlobusSatProject/..//hal/hcc/lib\libHCCD.a(fat_common.o) (oal_task_get_id)
C:/ISIS/workspace_ycube/GlobusSatProject/..//hal/hcc/lib\libHCCD.a(atmel_mcipdc_hw.o)
                              C:/ISIS/workspace_ycube/GlobusSatProject/..//hal/hcc/lib\libHCCD.a(atmel_mcipdc.o) (mcipdc_hw_init)
C:/ISIS/workspace_ycube/GlobusSatProject/..//hal/hcc/lib\libHCCD.a(psp_rand.o)
                              C:/ISIS/workspace_ycube/GlobusSatProject/..//hal/hcc/lib\libHCCD.a(fat_common.o) (psp_getrand)
C:/ISIS/workspace_ycube/GlobusSatProject/..//hal/hcc/lib\libHCCD.a(psp_rtc.o)
                              C:/ISIS/workspace_ycube/GlobusSatProject/..//hal/hcc/lib\libHCCD.a(fat_common.o) (psp_getcurrenttimedate)
C:/ISIS/workspace_ycube/GlobusSatProject/..//hal/hcc/lib\libHCCD.a(hcc_mem.o)
                              C:/ISIS/workspace_ycube/GlobusSatProject/..//hal/hcc/lib\libHCCD.a(atmel_mcipdc.o) (hcc_mem_alloc)
C:/ISIS/workspace_ycube/GlobusSatProject/..//hal/hcc/lib\libHCCD.a(fat.o)
                              C:/ISIS/workspace_ycube/GlobusSatProject/..//hal/hcc/lib\libHCCD.a(fat_common.o) (_f_getdirsector)
C:/ISIS/workspace_ycube/GlobusSatProject/..//hal/hcc/lib\libHCCD.a(psp_hcc_mem.o)
                              C:/ISIS/workspace_ycube/GlobusSatProject/..//hal/hcc/lib\libHCCD.a(hcc_mem.o) (hcc_mem_buf_alloc)
C:/ISIS/workspace_ycube/GlobusSatProject/..//satellite-subsystems/satellite-subsystems/lib\libSatelliteSubsystemsD.a(IsisAntS.o)
                              ./src/SubSystemModules/Communication/TRXVU.o (IsisAntS_initialize)
C:/ISIS/workspace_ycube/GlobusSatProject/..//satellite-subsystems/satellite-subsystems/lib\libSatelliteSubsystemsD.a(IsisSolarPanelv2.o)
                              ./src/SubSystemModules/PowerManagment/EPS.o (IsisSolarPanelv2_initialize)
C:/ISIS/workspace_ycube/GlobusSatProject/..//satellite-subsystems/satellite-subsystems/lib\libSatelliteSubsystemsD.a(IsisTRXVU.o)
                              ./src/TestingDemos/TrxvuTestingDemo.o (IsisTrxvu_initialize)
[...]
Memory Configuration

Name             Origin             Length             Attributes
sram0            0x00200000         0x00004000         w !xr
sram1            0x00300000         0x00004000         w !xr
sdram            0x20000000         0x02000000         w !xr
*default*        0x00000000         0xffffffff

Linker script and memory map

LOAD c:/isis/application/toolchain/bin/../lib/gcc/arm-none-eabi/4.7.4/../../../../arm-none-eabi/lib\libc.a
LOAD ./src/TestingDemos/CommandsTestingDemo.o
LOAD ./src/TestingDemos/EpsTestingDemo.o
LOAD ./src/TestingDemos/FileSystemTestingDemo.o
LOAD ./src/TestingDemos/MainTest.o
LOAD ./src/TestingDemos/MaintenanceTestingDemo.o
LOAD ./src/TestingDemos/TelemetryTestingDemo.o
LOAD ./src/TestingDemos/TrxvuTestingDemo.o
LOAD ./src/SubSystemModules/PowerManagment/EPS.o
LOAD ./src/SubSystemModules/PowerManagment/EPSOperationModes.o
LOAD ./src/SubSystemModules/Maintenance/Maintenance.o
LOAD ./src/SubSystemModules/Housekepping/TelemetryCollector.o
LOAD ./src/SubSystemModules/Communication/SubsystemCommands/EPS_Commands.o
LOAD ./src/SubSystemModules/Communication/SubsystemCommands/FS_Commands.o
LOAD ./src/SubSystemModules/Communication/SubsystemCommands/Maintanence_Commands.o
LOAD ./src/SubSystemModules/Communication/SubsystemCommands/TRXVU_Commands.o
LOAD ./src/SubSystemModules/Communication/AckHandler.o
LOAD ./src/SubSystemModules/Communication/CommandDictionary.o
LOAD ./src/SubSystemModules/Communication/SatCommandHandler.o
LOAD ./src/SubSystemModules/Communication/TRXVU.o
LOAD ./src/InitSystem.o
LOAD ./src/TLM_management.o
LOAD ./src/main.o
LOAD ./src/utils.o
LOAD C:/ISIS/workspace_ycube/GlobusSatProject/..//hal/hal/lib\libHALD.a
LOAD C:/ISIS/workspace_ycube/GlobusSatProject/..//hal/hcc/lib\libHCCD.a
LOAD C:/ISIS/workspace_ycube/GlobusSatProject/..//satellite-subsystems/satellite-subsystems/lib\libSatelliteSubsystemsD.a
LOAD C:/ISIS/workspace_ycube/GlobusSatProject/..//hal/freertos/lib\libFreeRTOSD.a
LOAD C:/ISIS/workspace_ycube/GlobusSatProject/..//hal/at91/lib\libAt91D.a
START GROUP
LOAD c:/isis/application/toolchain/bin/../lib/gcc/arm-none-eabi/4.7.4\libgcc.a
LOAD c:/isis/application/toolchain/bin/../lib/gcc/arm-none-eabi/4.7.4/../../../../arm-none-eabi/lib\libg.a
LOAD c:/isis/application/toolchain/bin/../lib/gcc/arm-none-eabi/4.7.4/../../../../arm-none-eabi/lib\libc.a
END GROUP

.fixed          0x20000000    0x38b90
                0x20000000                . = ALIGN (0x4)
                0x20000000                _sfixed = .
 *(.startup)
 .startup       0x20000000      0x14c C:/ISIS/workspace_ycube/GlobusSatProject/..//hal/at91/lib\libAt91D.a(board_cstartup.o)
                0x20000000                entry
 *(.text)
 .text          0x2000014c       0x64 C:/ISIS/workspace_ycube/GlobusSatProject/..//hal/at91/lib\libAt91D.a(cp15_asm.o)
                0x2000014c                _readControlRegister
                0x20000158                _writeControlRegister
                0x20000160                _waitForInterrupt
                0x2000016c                _writeTTB
                0x20000174                _writeDomain
                0x2000017c                _writeITLBLockdown
                0x20000184                _prefetchICacheLine
                0x2000018c                _flushDCache
                0x20000198                _flushWriteBuffer
                0x200001a4                _invalidateIDTLBs
 .text          0x200001b0      0x114 c:/isis/application/toolchain/bin/../lib/gcc/arm-none-eabi/4.7.4\libgcc.a(_udivsi3.o)
                0x200001b0                __aeabi_uidiv
                0x200001b0                __udivsi3
                0x200002a4                __aeabi_uidivmod
 .text          0x200002c4      0x148 c:/isis/application/toolchain/bin/../lib/gcc/arm-none-eabi/4.7.4\libgcc.a(_divsi3.o)
                0x200002c4                __divsi3
                0x200002c4                __aeabi_idiv
                0x200003ec                __aeabi_idivmod
 .text          0x2000040c        0x4 c:/isis/application/toolchain/bin/../lib/gcc/arm-none-eabi/4.7.4\libgcc.a(_dvmd_tls.o)
                0x2000040c                __aeabi_idiv0
                0x2000040c                __aeabi_ldiv0
 .text          0x20000410      0x41c c:/isis/application/toolchain/bin/../lib/gcc/arm-none-eabi/4.7.4\libgcc.a(_arm_addsubdf3.o)
                0x20000410                __aeabi_drsub
                0x20000418                __aeabi_dsub
                0x20000418                __subdf3
                0x2000041c                __aeabi_dadd
                0x2000041c                __adddf3
                0x2000072c                __floatunsidf
                0x2000072c                __aeabi_ui2d
                0x20000750                __floatsidf
                0x20000750                __aeabi_i2d
                0x20000778                __aeabi_f2d
                0x20000778                __extendsfdf2
                0x200007b8                __floatundidf
                0x200007b8                __aeabi_ul2d
                0x200007cc                __floatdidf
                0x200007cc                __aeabi_l2d
 .text          0x2000082c      0x49c c:/isis/application/toolchain/bin/../lib/gcc/arm-none-eabi/4.7.4\libgcc.a(_arm_muldivdf3.o)
                0x2000082c                __aeabi_dmul
                0x2000082c                __muldf3
                0x20000abc                __divdf3
                0x20000abc                __aeabi_ddiv
 .text          0x20000cc8      0x144 c:/isis/application/toolchain/bin/../lib/gcc/arm-none-eabi/4.7.4\libgcc.a(_arm_cmpdf2.o)
                0x20000cc8                __gtdf2
                0x20000cc8                __gedf2
                0x20000cd0                __ltdf2
                0x20000cd0                __ledf2
                0x20000cd8                __nedf2
                0x20000cd8                __eqdf2
                0x20000cd8                __cmpdf2
                0x20000d60                __aeabi_cdrcmple
                0x20000d7c                __aeabi_cdcmpeq
                0x20000d7c                __aeabi_cdcmple
                0x20000d94                __aeabi_dcmpeq
                0x20000dac                __aeabi_dcmplt
                0x20000dc4                __aeabi_dcmple
                0x20000ddc                __aeabi_dcmpge
                0x20000df4                __aeabi_dcmpgt
 .text          0x20000e0c      0x2ac c:/isis/application/toolchain/bin/../lib/gcc/arm-none-eabi/4.7.4\libgcc.a(_arm_addsubsf3.o)
                0x20000e0c                __aeabi_frsub
                0x20000e14                __subsf3
                0x20000e14                __aeabi_fsub
                0x20000e18                __aeabi_fadd
                0x20000e18                __addsf3
                0x20000fd4                __aeabi_ui2f
                0x20000fd4                __floatunsisf
                0x20000fdc                __aeabi_i2f
                0x20000fdc                __floatsisf
                0x20000ffc                __aeabi_ul2f
                0x20000ffc                __floatundisf
                0x2000100c                __aeabi_l2f
                0x2000100c                __floatdisf
 .text          0x200010b8      0x2f8 c:/isis/application/toolchain/bin/../lib/gcc/arm-none-eabi/4.7.4\libgcc.a(_arm_muldivsf3.o)
                0x200010b8                __mulsf3
                0x200010b8                __aeabi_fmul
                0x20001250                __aeabi_fdiv
                0x20001250                __divsf3
 .text          0x200013b0      0x114 c:/isis/application/toolchain/bin/../lib/gcc/arm-none-eabi/4.7.4\libgcc.a(_arm_cmpsf2.o)
                0x200013b0                __gesf2
                0x200013b0                __gtsf2
                0x200013b8                __lesf2
                0x200013b8                __ltsf2
                0x200013c0                __nesf2
                0x200013c0                __eqsf2
                0x200013c0                __cmpsf2
                0x20001424                __aeabi_cfrcmple
                0x20001434                __aeabi_cfcmpeq
                0x20001434                __aeabi_cfcmple
                0x2000144c                __aeabi_fcmpeq
                0x20001464                __aeabi_fcmplt
                0x2000147c                __aeabi_fcmple
                0x20001494                __aeabi_fcmpge
                0x200014ac                __aeabi_fcmpgt
 .text          0x200014c4       0x54 c:/isis/application/toolchain/bin/../lib/gcc/arm-none-eabi/4.7.4\libgcc.a(_arm_fixunssfsi.o)
                0x200014c4                __fixunssfsi
                0x200014c4                __aeabi_f2uiz
 .text          0x20001518       0x5c c:/isis/application/toolchain/bin/../lib/gcc/arm-none-eabi/4.7.4\libgcc.a(_arm_fixdfsi.o)
                0x20001518                __aeabi_d2iz
                0x20001518                __fixdfsi
 .text          0x20001574       0x3c c:/isis/application/toolchain/bin/../lib/gcc/arm-none-eabi/4.7.4\libgcc.a(_aeabi_uldivmod.o)
                0x20001574                __aeabi_uldivmod
 .text          0x200015b0       0x84 c:/isis/application/toolchain/bin/../lib/gcc/arm-none-eabi/4.7.4\libgcc.a(bpabi.o)
                0x200015b0                __gnu_ldivmod_helper
                0x200015f4                __gnu_uldivmod_helper
 .text          0x20001634      0x4f0 c:/isis/application/toolchain/bin/../lib/gcc/arm-none-eabi/4.7.4\libgcc.a(_divdi3.o)
                0x20001634                __divdi3
 .text          0x20001b24      0x488 c:/isis/application/toolchain/bin/../lib/gcc/arm-none-eabi/4.7.4\libgcc.a(_udivdi3.o)
                0x20001b24                __udivdi3
 .text          0x20001fac       0x48 c:/isis/application/toolchain/bin/../lib/gcc/arm-none-eabi/4.7.4\libgcc.a(_clzsi2.o)
                0x20001fac                __clzsi2
 *(.text*)
 .text.GetBatteryVoltage
                0x20001ff4       0x6c ./src/SubSystemModules/PowerManagment/EPS.o
                0x20001ff4                GetBatteryVoltage
 .text.EPS_Init
                0x20002060       0xf0 ./src/SubSystemModules/PowerManagment/EPS.o
                0x20002060                EPS_Init
 .text.EPS_Conditioning
                0x20002150      0x1c4 ./src/SubSystemModules/PowerManagment/EPS.o
                0x20002150                EPS_Conditioning
 .text.UpdateAlpha
                0x20002314       0xd8 ./src/SubSystemModules/PowerManagment/EPS.o
                0x20002314                UpdateAlpha
 .text.GetThresholdVoltages
                0x200023ec       0x80 ./src/SubSystemModules/PowerManagment/EPS.o
                0x200023ec                GetThresholdVoltages
 .text.GetAlpha
                0x2000246c       0x7c ./src/SubSystemModules/PowerManagment/EPS.o
                0x2000246c                GetAlpha
 .text.CMDGetHeaterValues
                0x200024e8      0x234 ./src/SubSystemModules/PowerManagment/EPS.o
                0x200024e8                CMDGetHeaterValues
 .text.CMDSetHeaterValues
                0x2000271c      0x200 ./src/SubSystemModules/PowerManagment/EPS.o
                0x2000271c                CMDSetHeaterValues
 .text.EnterFullMode
                0x2000291c       0x44 ./src/SubSystemModules/PowerManagment/EPSOperationModes.o
                0x2000291c                EnterFullMode
 .text.EnterCruiseMode
                0x20002960       0x44 ./src/SubSystemModules/PowerManagment/EPSOperationModes.o
                0x20002960                EnterCruiseMode
 .text.EnterSafeMode
                0x200029a4       0x44 ./src/SubSystemModules/PowerManagment/EPSOperationModes.o
                0x200029a4                EnterSafeMode
 .text.EnterCriticalMode
                0x200029e8       0x44 ./src/SubSystemModules/PowerManagment/EPSOperationModes.o
                0x200029e8                EnterCriticalMode
 .text.EpsGetLowVoltageFlag
                0x20002a2c       0x24 ./src/SubSystemModules/PowerManagment/EPSOperationModes.o
                0x20002a2c                EpsGetLowVoltageFlag
 .text.EpsSetLowVoltageFlag
                0x20002a50       0x2c ./src/SubSystemModules/PowerManagment/EPSOperationModes.o
                0x20002a50                EpsSetLowVoltageFlag
 .text.CheckExecutionTime
                0x20002a7c       0x80 ./src/SubSystemModules/Maintenance/Maintenance.o
                0x20002a7c                CheckExecutionTime
 .text.SaveSatTimeInFRAM
                0x20002afc       0x44 ./src/SubSystemModules/Maintenance/Maintenance.o
                0x20002afc                SaveSatTimeInFRAM
 .text.WakeupFromResetCMD
                0x20002b40      0x120 ./src/SubSystemModules/Maintenance/Maintenance.o
                0x20002b40                WakeupFromResetCMD
 .text.ResetGroundCommWDT
                0x20002c60       0x1c ./src/SubSystemModules/Maintenance/Maintenance.o
                0x20002c60                ResetGroundCommWDT
 .text.IsGroundCommunicationWDTKick
                0x20002c7c       0x78 ./src/SubSystemModules/Maintenance/Maintenance.o
                0x20002c7c                IsGroundCommunicationWDTKick
 .text.GetGsWdtKickTime
                0x20002cf4       0x38 ./src/SubSystemModules/Maintenance/Maintenance.o
                0x20002cf4                GetGsWdtKickTime
 .text.DeleteOldFiels
                0x20002d2c      0x344 ./src/SubSystemModules/Maintenance/Maintenance.o
                0x20002d2c                DeleteOldFiels
 .text.DeployAnt
                0x20003070       0x6c ./src/SubSystemModules/Maintenance/Maintenance.o
                0x20003070                DeployAnt
 .text.Maintenance
                0x200030dc       0x40 ./src/SubSystemModules/Maintenance/Maintenance.o
                0x200030dc                Maintenance
 .text.InitSavePeriodTimes
                0x2000311c       0xf0 ./src/SubSystemModules/Housekepping/TelemetryCollector.o
                0x2000311c                InitSavePeriodTimes
 .text.CMD_GetTLMPeriodTimes
                0x2000320c       0x38 ./src/SubSystemModules/Housekepping/TelemetryCollector.o
                0x2000320c                CMD_GetTLMPeriodTimes
 .text.CMD_SetTLMPeriodTimes
                0x20003244      0x17c ./src/SubSystemModules/Housekepping/TelemetryCollector.o
                0x20003244                CMD_SetTLMPeriodTimes
 .text.TelemetryCollectorLogic
                0x200033c0      0x208 ./src/SubSystemModules/Housekepping/TelemetryCollector.o
                0x200033c0                TelemetryCollectorLogic
 .text.TelemetrySaveEPS
                0x200035c8       0x54 ./src/SubSystemModules/Housekepping/TelemetryCollector.o
                0x200035c8                TelemetrySaveEPS
 .text.TelemetrySaveTRXVU
                0x2000361c       0x94 ./src/SubSystemModules/Housekepping/TelemetryCollector.o
                0x2000361c                TelemetrySaveTRXVU
 .text.TelemetrySaveANT
                0x200036b0       0xa4 ./src/SubSystemModules/Housekepping/TelemetryCollector.o
                0x200036b0                TelemetrySaveANT
 .text.TelemetrySaveSolarPanels
                0x20003754      0x228 ./src/SubSystemModules/Housekepping/TelemetryCollector.o
                0x20003754                TelemetrySaveSolarPanels
 .text.TelemetrySaveWOD
                0x2000397c       0xd0 ./src/SubSystemModules/Housekepping/TelemetryCollector.o
                0x2000397c                TelemetrySaveWOD
 .text.GetCurrentWODTelemetry
                0x20003a4c      0x5c4 ./src/SubSystemModules/Housekepping/TelemetryCollector.o
                0x20003a4c                GetCurrentWODTelemetry
 .text.CMD_EPS_ResetWDT
                0x20004010       0x54 ./src/SubSystemModules/Communication/SubsystemCommands/EPS_Commands.o
                0x20004010                CMD_EPS_ResetWDT
 .text.CMD_DeleteTLM
                0x20004064      0x1d8 ./src/SubSystemModules/Communication/SubsystemCommands/FS_Commands.o
                0x20004064                CMD_DeleteTLM
 .text.CMD_DeleteAllFiles
                0x2000423c       0x38 ./src/SubSystemModules/Communication/SubsystemCommands/FS_Commands.o
                0x2000423c                CMD_DeleteAllFiles
 .text.CMD_GetLastFS_Error
                0x20004274       0x4c ./src/SubSystemModules/Communication/SubsystemCommands/FS_Commands.o
                0x20004274                CMD_GetLastFS_Error
 .text.CMD_GenericI2C
                0x200042c0      0x144 ./src/SubSystemModules/Communication/SubsystemCommands/Maintanence_Commands.o
                0x200042c0                CMD_GenericI2C
 .text.CMD_FRAM_ReadAndTransmitt
                0x20004404      0x118 ./src/SubSystemModules/Communication/SubsystemCommands/Maintanence_Commands.o
                0x20004404                CMD_FRAM_ReadAndTransmitt
 .text.CMD_FRAM_WriteAndTransmitt
                0x2000451c      0x110 ./src/SubSystemModules/Communication/SubsystemCommands/Maintanence_Commands.o
                0x2000451c                CMD_FRAM_WriteAndTransmitt
 .text.CMD_FRAM_ReStart
                0x2000462c       0x4c ./src/SubSystemModules/Communication/SubsystemCommands/Maintanence_Commands.o
                0x2000462c                CMD_FRAM_ReStart
 .text.CMD_UpdateSatTime
                0x20004678       0xa0 ./src/SubSystemModules/Communication/SubsystemCommands/Maintanence_Commands.o
                0x20004678                CMD_UpdateSatTime
 .text.CMD_GetSatUptime
                0x20004718       0x48 ./src/SubSystemModules/Communication/SubsystemCommands/Maintanence_Commands.o
                0x20004718                CMD_GetSatUptime
 .text.CMD_ResetComponent
                0x20004760      0x294 ./src/SubSystemModules/Communication/SubsystemCommands/Maintanence_Commands.o
                0x20004760                CMD_ResetComponent
 .text.DumpTask
                0x200049f4      0x2e4 ./src/SubSystemModules/Communication/SubsystemCommands/TRXVU_Commands.o
                0x200049f4                DumpTask
 .text.CMD_AntennaDeploy
                0x20004cd8       0xec ./src/SubSystemModules/Communication/SubsystemCommands/TRXVU_Commands.o
                0x20004cd8                CMD_AntennaDeploy
 .text.CMD_StartDump
                0x20004dc4      0x1e0 ./src/SubSystemModules/Communication/SubsystemCommands/TRXVU_Commands.o
                0x20004dc4                CMD_StartDump
 .text.CMD_SendDumpAbortRequest
                0x20004fa4       0x38 ./src/SubSystemModules/Communication/SubsystemCommands/TRXVU_Commands.o
                0x20004fa4                CMD_SendDumpAbortRequest
 .text.CMD_ForceDumpAbort
                0x20004fdc       0x3c ./src/SubSystemModules/Communication/SubsystemCommands/TRXVU_Commands.o
                0x20004fdc                CMD_ForceDumpAbort
 .text.CMD_SetTransponder
                0x20005018      0x120 ./src/SubSystemModules/Communication/SubsystemCommands/TRXVU_Commands.o
                0x20005018                CMD_SetTransponder
 .text.CMD_SetRSSITransponder
                0x20005138       0x90 ./src/SubSystemModules/Communication/SubsystemCommands/TRXVU_Commands.o
                0x20005138                CMD_SetRSSITransponder
 .text.CMD_MuteTRXVU
                0x200051c8       0x7c ./src/SubSystemModules/Communication/SubsystemCommands/TRXVU_Commands.o
                0x200051c8                CMD_MuteTRXVU
 .text.CMD_SetIdleState
                0x20005244       0xc8 ./src/SubSystemModules/Communication/SubsystemCommands/TRXVU_Commands.o
                0x20005244                CMD_SetIdleState
 .text.CMD_UnMuteTRXVU
                0x2000530c       0x38 ./src/SubSystemModules/Communication/SubsystemCommands/TRXVU_Commands.o
                0x2000530c                CMD_UnMuteTRXVU
 .text.CMD_GetBaudRate
                0x20005344       0x68 ./src/SubSystemModules/Communication/SubsystemCommands/TRXVU_Commands.o
                0x20005344                CMD_GetBaudRate
 .text.CMD_TrasmitBeacon
                0x200053ac       0x48 ./src/SubSystemModules/Communication/SubsystemCommands/TRXVU_Commands.o
                0x200053ac                CMD_TrasmitBeacon
 .text.CMD_GetBeaconInterval
                0x200053f4       0x6c ./src/SubSystemModules/Communication/SubsystemCommands/TRXVU_Commands.o
                0x200053f4                CMD_GetBeaconInterval
 .text.CMD_SetBaudRate
                0x20005460       0x60 ./src/SubSystemModules/Communication/SubsystemCommands/TRXVU_Commands.o
                0x20005460                CMD_SetBaudRate
 .text.CMD_GetTxUptime
                0x200054c0       0x64 ./src/SubSystemModules/Communication/SubsystemCommands/TRXVU_Commands.o
                0x200054c0                CMD_GetTxUptime
 .text.CMD_GetRxUptime
                0x20005524       0x64 ./src/SubSystemModules/Communication/SubsystemCommands/TRXVU_Commands.o
                0x20005524                CMD_GetRxUptime
 .text.CMD_GetNumOfOnlineCommands
                0x20005588       0x64 ./src/SubSystemModules/Communication/SubsystemCommands/TRXVU_Commands.o
                0x20005588                CMD_GetNumOfOnlineCommands
 .text.CMD_AntSetArmStatus
                0x200055ec       0xa0 ./src/SubSystemModules/Communication/SubsystemCommands/TRXVU_Commands.o
                0x200055ec                CMD_AntSetArmStatus
 .text.CMD_AntGetArmStatus
                0x2000568c       0x70 ./src/SubSystemModules/Communication/SubsystemCommands/TRXVU_Commands.o
                0x2000568c                CMD_AntGetArmStatus
 .text.CMD_AntGetUptime
                0x200056fc       0x78 ./src/SubSystemModules/Communication/SubsystemCommands/TRXVU_Commands.o
                0x200056fc                CMD_AntGetUptime
 .text.CMD_StopReDeployment
                0x20005774       0xac ./src/SubSystemModules/Communication/SubsystemCommands/TRXVU_Commands.o
                0x20005774                CMD_StopReDeployment
 .text.CMD_AntCancelDeployment
                0x20005820       0x68 ./src/SubSystemModules/Communication/SubsystemCommands/TRXVU_Commands.o
                0x20005820                CMD_AntCancelDeployment
 .text.SendAckPacket
                0x20005888       0xe4 ./src/SubSystemModules/Communication/AckHandler.o
                0x20005888                SendAckPacket
 .text.trxvu_command_router
                0x2000596c      0x548 ./src/SubSystemModules/Communication/CommandDictionary.o
                0x2000596c                trxvu_command_router
 .text.eps_command_router
                0x20005eb4       0xdc ./src/SubSystemModules/Communication/CommandDictionary.o
                0x20005eb4                eps_command_router
 .text.telemetry_command_router
                0x20005f90      0x1f4 ./src/SubSystemModules/Communication/CommandDictionary.o
                0x20005f90                telemetry_command_router
 .text.managment_command_router
                0x20006184      0x12c ./src/SubSystemModules/Communication/CommandDictionary.o
                0x20006184                managment_command_router
 .text.filesystem_command_router
                0x200062b0       0x24 ./src/SubSystemModules/Communication/CommandDictionary.o
                0x200062b0                filesystem_command_router
 .text.ParseDataToCommand
                0x200062d4      0x1ac ./src/SubSystemModules/Communication/SatCommandHandler.o
                0x200062d4                ParseDataToCommand
 .text.AssembleCommand
                0x20006480      0x14c ./src/SubSystemModules/Communication/SatCommandHandler.o
                0x20006480                AssembleCommand
 .text.ActUponCommand
                0x200065cc       0xb4 ./src/SubSystemModules/Communication/SatCommandHandler.o
                0x200065cc                ActUponCommand
 .text.InitTxModule
                0x20006680       0x68 ./src/SubSystemModules/Communication/TRXVU.o
                0x20006680                InitTxModule
 .text.CMD_SetBeaconInterval
                0x200066e8       0xdc ./src/SubSystemModules/Communication/TRXVU.o
                0x200066e8                CMD_SetBeaconInterval
 .text.InitBeaconParams
                0x200067c4       0x3c ./src/SubSystemModules/Communication/TRXVU.o
                0x200067c4                InitBeaconParams
 .text.InitSemaphores
                0x20006800       0x98 ./src/SubSystemModules/Communication/TRXVU.o
                0x20006800                InitSemaphores
 .text.InitTrxvu
                0x20006898      0x128 ./src/SubSystemModules/Communication/TRXVU.o
                0x20006898                InitTrxvu
 .text.checkIdleFinish
                0x200069c0       0x68 ./src/SubSystemModules/Communication/TRXVU.o
                0x200069c0                checkIdleFinish
 .text.checkTransponderFinish
                0x20006a28       0x84 ./src/SubSystemModules/Communication/TRXVU.o
                0x20006a28                checkTransponderFinish
 .text.TRX_Logic
                0x20006aac       0xd4 ./src/SubSystemModules/Communication/TRXVU.o
                0x20006aac                TRX_Logic
 .text.GetNumberOfFramesInBuffer
                0x20006b80       0x5c ./src/SubSystemModules/Communication/TRXVU.o
                0x20006b80                GetNumberOfFramesInBuffer
 .text.GetOnlineCommand
                0x20006bdc      0x140 ./src/SubSystemModules/Communication/TRXVU.o
                0x20006bdc                GetOnlineCommand
 .text.CheckTransmitionAllowed
                0x20006d1c       0xc4 ./src/SubSystemModules/Communication/TRXVU.o
                0x20006d1c                CheckTransmitionAllowed
 .text.FinishDump
                0x20006de0       0xf0 ./src/SubSystemModules/Communication/TRXVU.o
                0x20006de0                FinishDump
 .text.AbortDump
                0x20006ed0       0x34 ./src/SubSystemModules/Communication/TRXVU.o
                0x20006ed0                AbortDump
 .text.SendDumpAbortRequest
                0x20006f04       0x6c ./src/SubSystemModules/Communication/TRXVU.o
                0x20006f04                SendDumpAbortRequest
 .text.CheckDumpAbort
                0x20006f70       0x6c ./src/SubSystemModules/Communication/TRXVU.o
                0x20006f70                CheckDumpAbort
 .text.BeaconLogic
                0x20006fdc      0x24c ./src/SubSystemModules/Communication/TRXVU.o
                0x20006fdc                BeaconLogic
 .text.SetIdleState
                0x20007228       0xb8 ./src/SubSystemModules/Communication/TRXVU.o
                0x20007228                SetIdleState
 .text.muteTRXVU
                0x200072e0       0x78 ./src/SubSystemModules/Communication/TRXVU.o
                0x200072e0                muteTRXVU
 .text.UnMuteTRXVU
                0x20007358       0x24 ./src/SubSystemModules/Communication/TRXVU.o
                0x20007358                UnMuteTRXVU
 .text.TransmitDataAsSPL_Packet
                0x2000737c      0x114 ./src/SubSystemModules/Communication/TRXVU.o
                0x2000737c                TransmitDataAsSPL_Packet
 .text.TransmitSplPacket
                0x20007490       0xf0 ./src/SubSystemModules/Communication/TRXVU.o
                0x20007490                TransmitSplPacket
 .text.isFirstActivation
                0x20007580       0x38 ./src/InitSystem.o
                0x20007580                isFirstActivation
 .text.WriteDefaultValuesToFRAM
                0x200075b8      0x1c0 ./src/InitSystem.o
                0x200075b8                WriteDefaultValuesToFRAM
 .text.StartFRAM
                0x20007778       0x2c ./src/InitSystem.o
                0x20007778                StartFRAM
 .text.StartI2C
                0x200077a4       0x38 ./src/InitSystem.o
                0x200077a4                StartI2C
 .text.StartSPI
                0x200077dc       0x34 ./src/InitSystem.o
                0x200077dc                StartSPI
 .text.StartTIME
                0x20007810       0xb8 ./src/InitSystem.o
                0x20007810                StartTIME
 .text.DeploySystem
                0x200078c8      0x148 ./src/InitSystem.o
                0x200078c8                DeploySystem
 .text.InitSubsystems
                0x20007a10       0x48 ./src/InitSystem.o
                0x20007a10                InitSubsystems
 .text.CMD_getInfoImage
                0x20007a58      0x164 ./src/TLM_management.o
                0x20007a58                CMD_getInfoImage
 .text.CMD_getDataImage
                0x20007bbc      0x24c ./src/TLM_management.o
                0x20007bbc                CMD_getDataImage
 .text.delete_allTMFilesFromSD
                0x20007e08       0xa0 ./src/TLM_management.o
                0x20007e08                delete_allTMFilesFromSD
 .text.deleteTLMFiles
                0x20007ea8       0x94 ./src/TLM_management.o
                0x20007ea8                deleteTLMFiles
 .text.deleteTLMFile
                0x20007f3c       0xc0 ./src/TLM_management.o
                0x20007f3c                deleteTLMFile
 .text.InitializeFS
                0x20007ffc       0xf0 ./src/TLM_management.o
                0x20007ffc                InitializeFS
 .text.calculateFileName
                0x200080ec      0x108 ./src/TLM_management.o
                0x200080ec                calculateFileName
 .text.getTlmTypeInfo
                0x200081f4      0x230 ./src/TLM_management.o
                0x200081f4                getTlmTypeInfo
 .text.write2File
                0x20008424      0x190 ./src/TLM_management.o
                0x20008424                write2File
 .text.printTLM
                0x200085b4       0x24 ./src/TLM_management.o
                0x200085b4                printTLM
 .text.readTLMFile
                0x200085d8      0x374 ./src/TLM_management.o
                0x200085d8                readTLMFile
 .text.readTLMFiles
                0x2000894c       0xd4 ./src/TLM_management.o
                0x2000894c                readTLMFiles
 .text.readTLMFileTimeRange
                0x20008a20      0x334 ./src/TLM_management.o
                0x20008a20                readTLMFileTimeRange
 .text.DeInitializeFS
                0x20008d54       0x14 ./src/TLM_management.o
                0x20008d54                DeInitializeFS
 .text.taskMain
                0x20008d68       0x34 ./src/main.o
                0x20008d68                taskMain
 .text.main     0x20008d9c       0x98 ./src/main.o
                0x20008d9c                main
 .text.timeU2time
                0x20008e34       0xbc ./src/utils.o
                0x20008e34                timeU2time
 .text.logError
                0x20008ef0      0x134 ./src/utils.o
                0x20008ef0                logError
 .text.validateTransferParameters
                0x20009024      0x10c C:/ISIS/workspace_ycube/GlobusSatProject/..//hal/hal/lib\libHALD.a(I2C.o)
 .text.I2C_queueTransfer
                0x20009130       0xfc C:/ISIS/workspace_ycube/GlobusSatProject/..//hal/hal/lib\libHALD.a(I2C.o)
                0x20009130                I2C_queueTransfer
 .text.I2C_internalCallback
                0x2000922c       0x64 C:/ISIS/workspace_ycube/GlobusSatProject/..//hal/hal/lib\libHALD.a(I2C.o)
 .text.I2C_doBlockingTransfer
                0x20009290      0x180 C:/ISIS/workspace_ycube/GlobusSatProject/..//hal/hal/lib\libHALD.a(I2C.o)
 .text.I2C_write
                0x20009410      0x110 C:/ISIS/workspace_ycube/GlobusSatProject/..//hal/hal/lib\libHALD.a(I2C.o)
                0x20009410                I2C_write
 .text.I2C_read
                0x20009520      0x110 C:/ISIS/workspace_ycube/GlobusSatProject/..//hal/hal/lib\libHALD.a(I2C.o)
                0x20009520                I2C_read
 .text.I2C_writeRead
                0x20009630      0x17c C:/ISIS/workspace_ycube/GlobusSatProject/..//hal/hal/lib\libHALD.a(I2C.o)
                0x20009630                I2C_writeRead
 .text.I2C_start
                0x200097ac      0x2e8 C:/ISIS/workspace_ycube/GlobusSatProject/..//hal/hal/lib\libHALD.a(I2C.o)
                0x200097ac                I2C_start
 .text.I2C_stop
                0x20009a94      0x184 C:/ISIS/workspace_ycube/GlobusSatProject/..//hal/hal/lib\libHALD.a(I2C.o)
                0x20009a94                I2C_stop
 .text.I2C_setTransferTimeout
                0x20009c18       0x48 C:/ISIS/workspace_ycube/GlobusSatProject/..//hal/hal/lib\libHALD.a(I2C.o)
                0x20009c18                I2C_setTransferTimeout
 .text.clearPDCtransfers
                0x20009c60       0xe8 C:/ISIS/workspace_ycube/GlobusSatProject/..//hal/hal/lib\libHALD.a(SPI.o)
 .text.SPI_start
                0x20009d48      0x4b0 C:/ISIS/workspace_ycube/GlobusSatProject/..//hal/hal/lib\libHALD.a(SPI.o)
                0x20009d48                SPI_start
 .text.SPI_stop
                0x2000a1f8      0x244 C:/ISIS/workspace_ycube/GlobusSatProject/..//hal/hal/lib\libHALD.a(SPI.o)
                0x2000a1f8                SPI_stop
 .text.SPI_queueTransfer
                0x2000a43c      0x1cc C:/ISIS/workspace_ycube/GlobusSatProject/..//hal/hal/lib\libHALD.a(SPI.o)
                0x2000a43c                SPI_queueTransfer
 .text.SPI_internalCallback
                0x2000a608       0x64 C:/ISIS/workspace_ycube/GlobusSatProject/..//hal/hal/lib\libHALD.a(SPI.o)
 .text.SPI_writeRead
                0x2000a66c      0x1c0 C:/ISIS/workspace_ycube/GlobusSatProject/..//hal/hal/lib\libHALD.a(SPI.o)
                0x2000a66c                SPI_writeRead
 .text.waitForTransfer
                0x2000a82c       0x78 C:/ISIS/workspace_ycube/GlobusSatProject/..//hal/hal/lib\libHALD.a(SPI.o)
 .text.SPI_getDriverState
                0x2000a8a4       0x58 C:/ISIS/workspace_ycube/GlobusSatProject/..//hal/hal/lib\libHALD.a(SPI.o)
                0x2000a8a4                SPI_getDriverState
 .text.FRAM_start
                0x2000a8fc      0x120 C:/ISIS/workspace_ycube/GlobusSatProject/..//hal/hal/lib\libHALD.a(FRAM.o)
                0x2000a8fc                FRAM_start
 .text.FRAM_stop
                0x2000aa1c       0x6c C:/ISIS/workspace_ycube/GlobusSatProject/..//hal/hal/lib\libHALD.a(FRAM.o)
                0x2000aa1c                FRAM_stop
 .text.FRAM_dummyCallback
                0x2000aa88       0x24 C:/ISIS/workspace_ycube/GlobusSatProject/..//hal/hal/lib\libHALD.a(FRAM.o)
                0x2000aa88                FRAM_dummyCallback
 .text.FRAM_unlockingCallback
                0x2000aaac       0x64 C:/ISIS/workspace_ycube/GlobusSatProject/..//hal/hal/lib\libHALD.a(FRAM.o)
                0x2000aaac                FRAM_unlockingCallback
 .text.doBlockingTransfer
                0x2000ab10       0x78 C:/ISIS/workspace_ycube/GlobusSatProject/..//hal/hal/lib\libHALD.a(FRAM.o)
 .text.FRAM_writePacket
                0x2000ab88      0x144 C:/ISIS/workspace_ycube/GlobusSatProject/..//hal/hal/lib\libHALD.a(FRAM.o)
 .text.FRAM_write
                0x2000accc      0x1d8 C:/ISIS/workspace_ycube/GlobusSatProject/..//hal/hal/lib\libHALD.a(FRAM.o)
                0x2000accc                FRAM_write
 .text.FRAM_readPacket
                0x2000aea4       0xf0 C:/ISIS/workspace_ycube/GlobusSatProject/..//hal/hal/lib\libHALD.a(FRAM.o)
 .text.FRAM_read
                0x2000af94      0x1e4 C:/ISIS/workspace_ycube/GlobusSatProject/..//hal/hal/lib\libHALD.a(FRAM.o)
                0x2000af94                FRAM_read
 .text.Time_start
                0x2000b178      0x150 C:/ISIS/workspace_ycube/GlobusSatProject/..//hal/hal/lib\libHALD.a(Time.o)
                0x2000b178                Time_start
 .text.taskTimeSync
                0x2000b2c8       0x38 C:/ISIS/workspace_ycube/GlobusSatProject/..//hal/hal/lib\libHALD.a(Time.o)
 .text.Time_convertEpochToTime
                0x2000b300       0xf4 C:/ISIS/workspace_ycube/GlobusSatProject/..//hal/hal/lib\libHALD.a(Time.o)
                0x2000b300                Time_convertEpochToTime
 .text.Time_populateSecondsOfYear
                0x2000b3f4      0x188 C:/ISIS/workspace_ycube/GlobusSatProject/..//hal/hal/lib\libHALD.a(Time.o)
 .text.Time_set
                0x2000b57c      0x110 C:/ISIS/workspace_ycube/GlobusSatProject/..//hal/hal/lib\libHALD.a(Time.o)
                0x2000b57c                Time_set
 .text.Time_isLeapYear
                0x2000b68c       0x98 C:/ISIS/workspace_ycube/GlobusSatProject/..//hal/hal/lib\libHALD.a(Time.o)
                0x2000b68c                Time_isLeapYear
 .text.Time_get
                0x2000b724      0x410 C:/ISIS/workspace_ycube/GlobusSatProject/..//hal/hal/lib\libHALD.a(Time.o)
                0x2000b724                Time_get
 .text.Time_getUnixEpoch
                0x2000bb34       0xf4 C:/ISIS/workspace_ycube/GlobusSatProject/..//hal/hal/lib\libHALD.a(Time.o)
                0x2000bb34                Time_getUnixEpoch
 .text.Time_secondsOfYearToTime
                0x2000bc28      0x328 C:/ISIS/workspace_ycube/GlobusSatProject/..//hal/hal/lib\libHALD.a(Time.o)
 .text.Time_setUnixEpoch
                0x2000bf50       0x54 C:/ISIS/workspace_ycube/GlobusSatProject/..//hal/hal/lib\libHALD.a(Time.o)
                0x2000bf50                Time_setUnixEpoch
 .text.Time_getUptimeSeconds
                0x2000bfa4       0x28 C:/ISIS/workspace_ycube/GlobusSatProject/..//hal/hal/lib\libHALD.a(Time.o)
                0x2000bfa4                Time_getUptimeSeconds
 .text.Time_sync
                0x2000bfcc      0x2d8 C:/ISIS/workspace_ycube/GlobusSatProject/..//hal/hal/lib\libHALD.a(Time.o)
                0x2000bfcc                Time_sync
 .text.Time_syncIfNeeded
                0x2000c2a4       0x90 C:/ISIS/workspace_ycube/GlobusSatProject/..//hal/hal/lib\libHALD.a(Time.o)
                0x2000c2a4                Time_syncIfNeeded
 .text.Time_setSyncInterval
                0x2000c334       0x38 C:/ISIS/workspace_ycube/GlobusSatProject/..//hal/hal/lib\libHALD.a(Time.o)
                0x2000c334                Time_setSyncInterval
 .text.WDT_start
                0x2000c36c       0x48 C:/ISIS/workspace_ycube/GlobusSatProject/..//hal/hal/lib\libHALD.a(WatchDogTimerNoOS.o)
                0x2000c36c                WDT_start
 .text.WDT_startWatchdogKickTask
                0x2000c3b4       0xb4 C:/ISIS/workspace_ycube/GlobusSatProject/..//hal/hal/lib\libHALD.a(WatchDogTimerOS.o)
                0x2000c3b4                WDT_startWatchdogKickTask
 .text.WDT_forceKickEveryNms
                0x2000c468       0x50 C:/ISIS/workspace_ycube/GlobusSatProject/..//hal/hal/lib\libHALD.a(WatchDogTimerOS.o)
                0x2000c468                WDT_forceKickEveryNms
 .text.f_puts   0x2000c4b8       0x80 C:/ISIS/workspace_ycube/GlobusSatProject/..//hal/hal/lib\libHALD.a(fprintf.o)
                0x2000c4b8                f_puts
 .text.LED_glow
                0x2000c538       0x58 C:/ISIS/workspace_ycube/GlobusSatProject/..//hal/hal/lib\libHALD.a(LED.o)
                0x2000c538                LED_glow
 .text.LED_dark
                0x2000c590       0x58 C:/ISIS/workspace_ycube/GlobusSatProject/..//hal/hal/lib\libHALD.a(LED.o)
                0x2000c590                LED_dark
 .text.LED_toggle
                0x2000c5e8       0x50 C:/ISIS/workspace_ycube/GlobusSatProject/..//hal/hal/lib\libHALD.a(LED.o)
                0x2000c5e8                LED_toggle
 .text.RTC_start
                0x2000c638       0x3c C:/ISIS/workspace_ycube/GlobusSatProject/..//hal/hal/lib\libHALD.a(RTC.o)
                0x2000c638                RTC_start
 .text.RTC_setTime
                0x2000c674      0x2a4 C:/ISIS/workspace_ycube/GlobusSatProject/..//hal/hal/lib\libHALD.a(RTC.o)
                0x2000c674                RTC_setTime
 .text.RTC_getTime
                0x2000c918      0x224 C:/ISIS/workspace_ycube/GlobusSatProject/..//hal/hal/lib\libHALD.a(RTC.o)
                0x2000c918                RTC_getTime
 .text.RTC_checkTimeValid
                0x2000cb3c       0xdc C:/ISIS/workspace_ycube/GlobusSatProject/..//hal/hal/lib\libHALD.a(RTC.o)
                0x2000cb3c                RTC_checkTimeValid
 .text.RTT_start
                0x2000cc18       0x24 C:/ISIS/workspace_ycube/GlobusSatProject/..//hal/hal/lib\libHALD.a(RTT.o)
                0x2000cc18                RTT_start
 .text.fn_init  0x2000cc3c      0x2dc C:/ISIS/workspace_ycube/GlobusSatProject/..//hal/hcc/lib\libHCCD.a(fat_common.o)
                0x2000cc3c                fn_init
 .text._f_get16bitl
                0x2000cf18       0x4c C:/ISIS/workspace_ycube/GlobusSatProject/..//hal/hcc/lib\libHCCD.a(fat_common.o)
                0x2000cf18                _f_get16bitl
 .text._f_set16bitl
                0x2000cf64       0x54 C:/ISIS/workspace_ycube/GlobusSatProject/..//hal/hcc/lib\libHCCD.a(fat_common.o)
                0x2000cf64                _f_set16bitl
 .text._f_get32bitl
                0x2000cfb8       0x68 C:/ISIS/workspace_ycube/GlobusSatProject/..//hal/hcc/lib\libHCCD.a(fat_common.o)
                0x2000cfb8                _f_get32bitl
 .text._f_set32bitl
                0x2000d020       0x78 C:/ISIS/workspace_ycube/GlobusSatProject/..//hal/hcc/lib\libHCCD.a(fat_common.o)
                0x2000d020                _f_set32bitl
 .text._get8bit
                0x2000d098       0xa0 C:/ISIS/workspace_ycube/GlobusSatProject/..//hal/hcc/lib\libHCCD.a(fat_common.o)
 .text._get16bitl
                0x2000d138       0x40 C:/ISIS/workspace_ycube/GlobusSatProject/..//hal/hcc/lib\libHCCD.a(fat_common.o)
 .text._get32bitl
                0x2000d178       0x3c C:/ISIS/workspace_ycube/GlobusSatProject/..//hal/hcc/lib\libHCCD.a(fat_common.o)
 .text._f_setcardremoved
                0x2000d1b4       0x94 C:/ISIS/workspace_ycube/GlobusSatProject/..//hal/hcc/lib\libHCCD.a(fat_common.o)
 .text._f_checkstatus
                0x2000d248      0x104 C:/ISIS/workspace_ycube/GlobusSatProject/..//hal/hcc/lib\libHCCD.a(fat_common.o)
                0x2000d248                _f_checkstatus
 .text._f_drvgetphy
                0x2000d34c      0x114 C:/ISIS/workspace_ycube/GlobusSatProject/..//hal/hcc/lib\libHCCD.a(fat_common.o)
 .text._f_drvwritesector
                0x2000d460       0xdc C:/ISIS/workspace_ycube/GlobusSatProject/..//hal/hcc/lib\libHCCD.a(fat_common.o)
 .text._f_drvreadsector
                0x2000d53c       0xa8 C:/ISIS/workspace_ycube/GlobusSatProject/..//hal/hcc/lib\libHCCD.a(fat_common.o)
 .text._f_writesector
                0x2000d5e4      0x23c C:/ISIS/workspace_ycube/GlobusSatProject/..//hal/hcc/lib\libHCCD.a(fat_common.o)
                0x2000d5e4                _f_writesector
 .text._f_readsector
                0x2000d820      0x1dc C:/ISIS/workspace_ycube/GlobusSatProject/..//hal/hcc/lib\libHCCD.a(fat_common.o)
                0x2000d820                _f_readsector
 .text._f_getmaxcluster
                0x2000d9fc       0x94 C:/ISIS/workspace_ycube/GlobusSatProject/..//hal/hcc/lib\libHCCD.a(fat_common.o)
                0x2000d9fc                _f_getmaxcluster
 .text._getsectorfromcluster
                0x2000da90       0x68 C:/ISIS/workspace_ycube/GlobusSatProject/..//hal/hcc/lib\libHCCD.a(fat_common.o)
 .text._f_buildsectors
                0x2000daf8      0x268 C:/ISIS/workspace_ycube/GlobusSatProject/..//hal/hcc/lib\libHCCD.a(fat_common.o)
 .text._f_getbootrecord
                0x2000dd60      0x5e4 C:/ISIS/workspace_ycube/GlobusSatProject/..//hal/hcc/lib\libHCCD.a(fat_common.o)
 .text._f_readbootrecord
                0x2000e344      0x4f8 C:/ISIS/workspace_ycube/GlobusSatProject/..//hal/hcc/lib\libHCCD.a(fat_common.o)
 .text._f_flushcffiles
                0x2000e83c      0x17c C:/ISIS/workspace_ycube/GlobusSatProject/..//hal/hcc/lib\libHCCD.a(fat_common.o)
                0x2000e83c                _f_flushcffiles
 .text._f_fatcache_flush
                0x2000e9b8      0x270 C:/ISIS/workspace_ycube/GlobusSatProject/..//hal/hcc/lib\libHCCD.a(fat_common.o)
                0x2000e9b8                _f_fatcache_flush
 .text._f_writefatsector
                0x2000ec28      0x100 C:/ISIS/workspace_ycube/GlobusSatProject/..//hal/hcc/lib\libHCCD.a(fat_common.o)
                0x2000ec28                _f_writefatsector
 .text._f_getfatsector
                0x2000ed28      0x3bc C:/ISIS/workspace_ycube/GlobusSatProject/..//hal/hcc/lib\libHCCD.a(fat_common.o)
 .text._f_setclustervalue
                0x2000f0e4      0x490 C:/ISIS/workspace_ycube/GlobusSatProject/..//hal/hcc/lib\libHCCD.a(fat_common.o)
                0x2000f0e4                _f_setclustervalue
 .text._f_getclustervalue
                0x2000f574      0x388 C:/ISIS/workspace_ycube/GlobusSatProject/..//hal/hcc/lib\libHCCD.a(fat_common.o)
                0x2000f574                _f_getclustervalue
 .text._f_close_drive_files
                0x2000f8fc       0xac C:/ISIS/workspace_ycube/GlobusSatProject/..//hal/hcc/lib\libHCCD.a(fat_common.o)
 .text._f_inc_mount_count
                0x2000f9a8       0xa4 C:/ISIS/workspace_ycube/GlobusSatProject/..//hal/hcc/lib\libHCCD.a(fat_common.o)
 .text._f_getvolume
                0x2000fa4c      0x2f8 C:/ISIS/workspace_ycube/GlobusSatProject/..//hal/hcc/lib\libHCCD.a(fat_common.o)
                0x2000fa4c                _f_getvolume
 .text.fn_createdriver
                0x2000fd44      0x118 C:/ISIS/workspace_ycube/GlobusSatProject/..//hal/hcc/lib\libHCCD.a(fat_common.o)
                0x2000fd44                fn_createdriver
 .text.fn_initvolume
                0x2000fe5c      0x12c C:/ISIS/workspace_ycube/GlobusSatProject/..//hal/hcc/lib\libHCCD.a(fat_common.o)
                0x2000fe5c                fn_initvolume
 .text.fn_initvolumepartition_sub
                0x2000ff88       0xe0 C:/ISIS/workspace_ycube/GlobusSatProject/..//hal/hcc/lib\libHCCD.a(fat_common.o)
 .text.fn_initvolumepartition
                0x20010068       0xac C:/ISIS/workspace_ycube/GlobusSatProject/..//hal/hcc/lib\libHCCD.a(fat_common.o)
                0x20010068                fn_initvolumepartition
 .text._f_clustertopos
                0x20010114       0xf8 C:/ISIS/workspace_ycube/GlobusSatProject/..//hal/hcc/lib\libHCCD.a(fat_common.o)
                0x20010114                _f_clustertopos
 .text._f_getcurrsector
                0x2001020c      0x6c8 C:/ISIS/workspace_ycube/GlobusSatProject/..//hal/hcc/lib\libHCCD.a(fat_common.o)
                0x2001020c                _f_getcurrsector
 .text._f_getdecluster
                0x200108d4       0x90 C:/ISIS/workspace_ycube/GlobusSatProject/..//hal/hcc/lib\libHCCD.a(fat_common.o)
                0x200108d4                _f_getdecluster
 .text._f_setdecluster
                0x20010964       0x8c C:/ISIS/workspace_ycube/GlobusSatProject/..//hal/hcc/lib\libHCCD.a(fat_common.o)
                0x20010964                _f_setdecluster
 .text.fn_getdrive
                0x200109f0       0x30 C:/ISIS/workspace_ycube/GlobusSatProject/..//hal/hcc/lib\libHCCD.a(fat_common.o)
                0x200109f0                fn_getdrive
 .text._f_getcurrenttimedate
                0x20010a20      0x138 C:/ISIS/workspace_ycube/GlobusSatProject/..//hal/hcc/lib\libHCCD.a(fat_common.o)
                0x20010a20                _f_getcurrenttimedate
 .text._f_initentry
                0x20010b58       0xa0 C:/ISIS/workspace_ycube/GlobusSatProject/..//hal/hcc/lib\libHCCD.a(fat_common.o)
                0x20010b58                _f_initentry
 .text._f_alloccluster
                0x20010bf8      0x344 C:/ISIS/workspace_ycube/GlobusSatProject/..//hal/hcc/lib\libHCCD.a(fat_common.o)
                0x20010bf8                _f_alloccluster
 .text._f_dobadblock
                0x20010f3c      0x2cc C:/ISIS/workspace_ycube/GlobusSatProject/..//hal/hcc/lib\libHCCD.a(fat_common.o)
                0x20010f3c                _f_dobadblock
 .text._f_checklocked
                0x20011208       0xe4 C:/ISIS/workspace_ycube/GlobusSatProject/..//hal/hcc/lib\libHCCD.a(fat_common.o)
                0x20011208                _f_checklocked
 .text._f_checkappendlocked
                0x200112ec      0x110 C:/ISIS/workspace_ycube/GlobusSatProject/..//hal/hcc/lib\libHCCD.a(fat_common.o)
                0x200112ec                _f_checkappendlocked
 .text._f_setsyncafile
                0x200113fc      0x114 C:/ISIS/workspace_ycube/GlobusSatProject/..//hal/hcc/lib\libHCCD.a(fat_common.o)
                0x200113fc                _f_setsyncafile
 .text._f_syncfiles
                0x20011510      0x128 C:/ISIS/workspace_ycube/GlobusSatProject/..//hal/hcc/lib\libHCCD.a(fat_common.o)
                0x20011510                _f_syncfiles
 .text._f_syncfilescontent
                0x20011638      0x15c C:/ISIS/workspace_ycube/GlobusSatProject/..//hal/hcc/lib\libHCCD.a(fat_common.o)
 .text.fn_getfreespace
                0x20011794      0x4c0 C:/ISIS/workspace_ycube/GlobusSatProject/..//hal/hcc/lib\libHCCD.a(fat_common.o)
                0x20011794                fn_getfreespace
 .text._f_emptywritecache
                0x20011c54      0x4a4 C:/ISIS/workspace_ycube/GlobusSatProject/..//hal/hcc/lib\libHCCD.a(fat_common.o)
 .text._f_allocnextcluster
                0x200120f8      0x54c C:/ISIS/workspace_ycube/GlobusSatProject/..//hal/hcc/lib\libHCCD.a(fat_common.o)
 .text._f_emptywritebuffer
                0x20012644      0x20c C:/ISIS/workspace_ycube/GlobusSatProject/..//hal/hcc/lib\libHCCD.a(fat_common.o)
 .text._f_writezeros
                0x20012850       0xf0 C:/ISIS/workspace_ycube/GlobusSatProject/..//hal/hcc/lib\libHCCD.a(fat_common.o)
                0x20012850                _f_writezeros
 .text._f_extend_file
                0x20012940      0x570 C:/ISIS/workspace_ycube/GlobusSatProject/..//hal/hcc/lib\libHCCD.a(fat_common.o)
 .text._f_fseek
                0x20012eb0      0x9bc C:/ISIS/workspace_ycube/GlobusSatProject/..//hal/hcc/lib\libHCCD.a(fat_common.o)
                0x20012eb0                _f_fseek
 .text._f_removechain
                0x2001386c      0x104 C:/ISIS/workspace_ycube/GlobusSatProject/..//hal/hcc/lib\libHCCD.a(fat_common.o)
                0x2001386c                _f_removechain
 .text._f_updatefileentry
                0x20013970      0x1cc C:/ISIS/workspace_ycube/GlobusSatProject/..//hal/hcc/lib\libHCCD.a(fat_common.o)
 .text._f_checkreadlocked
                0x20013b3c      0x1bc C:/ISIS/workspace_ycube/GlobusSatProject/..//hal/hcc/lib\libHCCD.a(fat_common.o)
                0x20013b3c                _f_checkreadlocked
 .text._f_check_handle
                0x20013cf8       0x98 C:/ISIS/workspace_ycube/GlobusSatProject/..//hal/hcc/lib\libHCCD.a(fat_common.o)
                0x20013cf8                _f_check_handle
 .text._f_removesyncafile
                0x20013d90      0x1ec C:/ISIS/workspace_ycube/GlobusSatProject/..//hal/hcc/lib\libHCCD.a(fat_common.o)
 .text.fn_close
                0x20013f7c      0x3f8 C:/ISIS/workspace_ycube/GlobusSatProject/..//hal/hcc/lib\libHCCD.a(fat_common.o)
                0x20013f7c                fn_close
 .text.fn_flush
                0x20014374      0x374 C:/ISIS/workspace_ycube/GlobusSatProject/..//hal/hcc/lib\libHCCD.a(fat_common.o)
                0x20014374                fn_flush
 .text.fn_read  0x200146e8      0x690 C:/ISIS/workspace_ycube/GlobusSatProject/..//hal/hcc/lib\libHCCD.a(fat_common.o)
                0x200146e8                fn_read
 .text._f_abortwrite
                0x20014d78      0x100 C:/ISIS/workspace_ycube/GlobusSatProject/..//hal/hcc/lib\libHCCD.a(fat_common.o)
 .text._f_checkwritecluster
                0x20014e78       0xe4 C:/ISIS/workspace_ycube/GlobusSatProject/..//hal/hcc/lib\libHCCD.a(fat_common.o)
 .text.fn_write
                0x20014f5c      0x8a8 C:/ISIS/workspace_ycube/GlobusSatProject/..//hal/hcc/lib\libHCCD.a(fat_common.o)
                0x20014f5c                fn_write
 .text.fn_seek  0x20015804      0x270 C:/ISIS/workspace_ycube/GlobusSatProject/..//hal/hcc/lib\libHCCD.a(fat_common.o)
                0x20015804                fn_seek
 .text.fn_tell  0x20015a74      0x19c C:/ISIS/workspace_ycube/GlobusSatProject/..//hal/hcc/lib\libHCCD.a(fat_common.o)
                0x20015a74                fn_tell
 .text.fn_rewind
                0x20015c10       0x38 C:/ISIS/workspace_ycube/GlobusSatProject/..//hal/hcc/lib\libHCCD.a(fat_common.o)
                0x20015c10                fn_rewind
 .text.fn_putc  0x20015c48       0x68 C:/ISIS/workspace_ycube/GlobusSatProject/..//hal/hcc/lib\libHCCD.a(fat_common.o)
                0x20015c48                fn_putc
 .text.f_enterFS
                0x20015cb0      0x1c0 C:/ISIS/workspace_ycube/GlobusSatProject/..//hal/hcc/lib\libHCCD.a(fat_common.o)
                0x20015cb0                f_enterFS
 .text.f_releaseFS
                0x20015e70       0xb0 C:/ISIS/workspace_ycube/GlobusSatProject/..//hal/hcc/lib\libHCCD.a(fat_common.o)
                0x20015e70                f_releaseFS
 .text.fnGetTask
                0x20015f20       0xfc C:/ISIS/workspace_ycube/GlobusSatProject/..//hal/hcc/lib\libHCCD.a(fat_common.o)
                0x20015f20                fnGetTask
 .text._f_mutex_get
                0x2001601c       0x98 C:/ISIS/workspace_ycube/GlobusSatProject/..//hal/hcc/lib\libHCCD.a(fat_common.o)
                0x2001601c                _f_mutex_get
 .text._f_mutex_put
                0x200160b4       0x54 C:/ISIS/workspace_ycube/GlobusSatProject/..//hal/hcc/lib\libHCCD.a(fat_common.o)
                0x200160b4                _f_mutex_put
 .text._fn_initseekdivisor
                0x20016108      0x158 C:/ISIS/workspace_ycube/GlobusSatProject/..//hal/hcc/lib\libHCCD.a(fat_common.o)
                0x20016108                _fn_initseekdivisor
 .text._fn_updateseekpos
                0x20016260       0xc4 C:/ISIS/workspace_ycube/GlobusSatProject/..//hal/hcc/lib\libHCCD.a(fat_common.o)
 .text._f_findopensize
                0x20016324       0x2c C:/ISIS/workspace_ycube/GlobusSatProject/..//hal/hcc/lib\libHCCD.a(fat_common.o)
                0x20016324                _f_findopensize
 .text.fn_setlasterror
                0x20016350       0x34 C:/ISIS/workspace_ycube/GlobusSatProject/..//hal/hcc/lib\libHCCD.a(fat_common.o)
                0x20016350                fn_setlasterror
 .text.fn_setlasterror_noret
                0x20016384       0x2c C:/ISIS/workspace_ycube/GlobusSatProject/..//hal/hcc/lib\libHCCD.a(fat_common.o)
                0x20016384                fn_setlasterror_noret
 .text.fm_initvolume
                0x200163b0       0x70 C:/ISIS/workspace_ycube/GlobusSatProject/..//hal/hcc/lib\libHCCD.a(fat_m.o)
                0x200163b0                fm_initvolume
 .text.fm_getdrive
                0x20016420       0x70 C:/ISIS/workspace_ycube/GlobusSatProject/..//hal/hcc/lib\libHCCD.a(fat_m.o)
                0x20016420                fm_getdrive
 .text.fm_getfreespace
                0x20016490       0x68 C:/ISIS/workspace_ycube/GlobusSatProject/..//hal/hcc/lib\libHCCD.a(fat_m.o)
                0x20016490                fm_getfreespace
 .text.fm_findfirst
                0x200164f8       0x68 C:/ISIS/workspace_ycube/GlobusSatProject/..//hal/hcc/lib\libHCCD.a(fat_m.o)
                0x200164f8                fm_findfirst
 .text.fm_findnext
                0x20016560       0x60 C:/ISIS/workspace_ycube/GlobusSatProject/..//hal/hcc/lib\libHCCD.a(fat_m.o)
                0x20016560                fm_findnext
 .text.fm_close
                0x200165c0       0x60 C:/ISIS/workspace_ycube/GlobusSatProject/..//hal/hcc/lib\libHCCD.a(fat_m.o)
                0x200165c0                fm_close
 .text.fm_flush
                0x20016620       0x60 C:/ISIS/workspace_ycube/GlobusSatProject/..//hal/hcc/lib\libHCCD.a(fat_m.o)
                0x20016620                fm_flush
 .text.fm_open  0x20016680       0x68 C:/ISIS/workspace_ycube/GlobusSatProject/..//hal/hcc/lib\libHCCD.a(fat_m.o)
                0x20016680                fm_open
 .text.fm_read  0x200166e8       0x7c C:/ISIS/workspace_ycube/GlobusSatProject/..//hal/hcc/lib\libHCCD.a(fat_m.o)
                0x200166e8                fm_read
 .text.fm_write
                0x20016764       0x7c C:/ISIS/workspace_ycube/GlobusSatProject/..//hal/hcc/lib\libHCCD.a(fat_m.o)
                0x20016764                fm_write
 .text.fm_seek  0x200167e0       0x70 C:/ISIS/workspace_ycube/GlobusSatProject/..//hal/hcc/lib\libHCCD.a(fat_m.o)
                0x200167e0                fm_seek
 .text.fm_tell  0x20016850       0x60 C:/ISIS/workspace_ycube/GlobusSatProject/..//hal/hcc/lib\libHCCD.a(fat_m.o)
                0x20016850                fm_tell
 .text.fm_putc  0x200168b0       0x68 C:/ISIS/workspace_ycube/GlobusSatProject/..//hal/hcc/lib\libHCCD.a(fat_m.o)
                0x200168b0                fm_putc
 .text.fm_rewind
                0x20016918       0x60 C:/ISIS/workspace_ycube/GlobusSatProject/..//hal/hcc/lib\libHCCD.a(fat_m.o)
                0x20016918                fm_rewind
 .text.fm_delete
                0x20016978       0x64 C:/ISIS/workspace_ycube/GlobusSatProject/..//hal/hcc/lib\libHCCD.a(fat_m.o)
                0x20016978                fm_delete
 .text.fm_getlasterror
                0x200169dc       0x40 C:/ISIS/workspace_ycube/GlobusSatProject/..//hal/hcc/lib\libHCCD.a(fat_m.o)
                0x200169dc                fm_getlasterror
 .text._s_checkzeroclusteratend
                0x20016a1c       0xf8 C:/ISIS/workspace_ycube/GlobusSatProject/..//hal/hcc/lib\libHCCD.a(safefat.o)
 .text._s_clearclustercontent
                0x20016b14      0x108 C:/ISIS/workspace_ycube/GlobusSatProject/..//hal/hcc/lib\libHCCD.a(safefat.o)
 .text._s_clearclustercontentdir
                0x20016c1c      0x19c C:/ISIS/workspace_ycube/GlobusSatProject/..//hal/hcc/lib\libHCCD.a(safefat.o)
 .text._s_writedirsector
                0x20016db8       0xd0 C:/ISIS/workspace_ycube/GlobusSatProject/..//hal/hcc/lib\libHCCD.a(safefat.o)
 .text._s_getdirsector
                0x20016e88      0x100 C:/ISIS/workspace_ycube/GlobusSatProject/..//hal/hcc/lib\libHCCD.a(safefat.o)
 .text._s_addentry
                0x20016f88      0x394 C:/ISIS/workspace_ycube/GlobusSatProject/..//hal/hcc/lib\libHCCD.a(safefat.o)
 .text._s_findfile
                0x2001731c      0x33c C:/ISIS/workspace_ycube/GlobusSatProject/..//hal/hcc/lib\libHCCD.a(safefat.o)
 .text._s_findsubdir
                0x20017658      0x248 C:/ISIS/workspace_ycube/GlobusSatProject/..//hal/hcc/lib\libHCCD.a(safefat.o)
 .text._s_createfile
                0x200178a0      0x190 C:/ISIS/workspace_ycube/GlobusSatProject/..//hal/hcc/lib\libHCCD.a(safefat.o)
 .text._s_findsaffile
                0x20017a30      0x1b8 C:/ISIS/workspace_ycube/GlobusSatProject/..//hal/hcc/lib\libHCCD.a(safefat.o)
 .text._s_open  0x20017be8       0xe4 C:/ISIS/workspace_ycube/GlobusSatProject/..//hal/hcc/lib\libHCCD.a(safefat.o)
 .text._s_open_saf
                0x20017ccc       0xe8 C:/ISIS/workspace_ycube/GlobusSatProject/..//hal/hcc/lib\libHCCD.a(safefat.o)
 .text._s_flush
                0x20017db4       0x84 C:/ISIS/workspace_ycube/GlobusSatProject/..//hal/hcc/lib\libHCCD.a(safefat.o)
 .text._s_allocnextcluster
                0x20017e38      0x13c C:/ISIS/workspace_ycube/GlobusSatProject/..//hal/hcc/lib\libHCCD.a(safefat.o)
 .text._s_getnextsector
                0x20017f74       0xdc C:/ISIS/workspace_ycube/GlobusSatProject/..//hal/hcc/lib\libHCCD.a(safefat.o)
 .text._s_seek  0x20018050      0x1e8 C:/ISIS/workspace_ycube/GlobusSatProject/..//hal/hcc/lib\libHCCD.a(safefat.o)
 .text._s_read  0x20018238      0x228 C:/ISIS/workspace_ycube/GlobusSatProject/..//hal/hcc/lib\libHCCD.a(safefat.o)
 .text._s_write
                0x20018460      0x384 C:/ISIS/workspace_ycube/GlobusSatProject/..//hal/hcc/lib\libHCCD.a(safefat.o)
 .text._s_restoreclusters
                0x200187e4      0x270 C:/ISIS/workspace_ycube/GlobusSatProject/..//hal/hcc/lib\libHCCD.a(safefat.o)
                0x200187e4                _s_restoreclusters
 .text._s_findrestore
                0x20018a54      0x18c C:/ISIS/workspace_ycube/GlobusSatProject/..//hal/hcc/lib\libHCCD.a(safefat.o)
 .text._s_cmd_writede
                0x20018be0       0xd8 C:/ISIS/workspace_ycube/GlobusSatProject/..//hal/hcc/lib\libHCCD.a(safefat.o)
 .text._s_cmd_setcluster
                0x20018cb8       0x88 C:/ISIS/workspace_ycube/GlobusSatProject/..//hal/hcc/lib\libHCCD.a(safefat.o)
 .text._s_cmd_deletechain
                0x20018d40      0x100 C:/ISIS/workspace_ycube/GlobusSatProject/..//hal/hcc/lib\libHCCD.a(safefat.o)
 .text._s_cmd_validatecfn
                0x20018e40      0x308 C:/ISIS/workspace_ycube/GlobusSatProject/..//hal/hcc/lib\libHCCD.a(safefat.o)
 .text._s_cmd_seteof
                0x20019148      0x3c4 C:/ISIS/workspace_ycube/GlobusSatProject/..//hal/hcc/lib\libHCCD.a(safefat.o)
 .text.safe_docommands
                0x2001950c      0x56c C:/ISIS/workspace_ycube/GlobusSatProject/..//hal/hcc/lib\libHCCD.a(safefat.o)
                0x2001950c                safe_docommands
 .text.safe_entercommand
                0x20019a78       0x68 C:/ISIS/workspace_ycube/GlobusSatProject/..//hal/hcc/lib\libHCCD.a(safefat.o)
                0x20019a78                safe_entercommand
 .text.safe_ready
                0x20019ae0       0xf4 C:/ISIS/workspace_ycube/GlobusSatProject/..//hal/hcc/lib\libHCCD.a(safefat.o)
                0x20019ae0                safe_ready
 .text.safe_copycfn
                0x20019bd4       0xb8 C:/ISIS/workspace_ycube/GlobusSatProject/..//hal/hcc/lib\libHCCD.a(safefat.o)
                0x20019bd4                safe_copycfn
 .text.safe_cfremove
                0x20019c8c       0xb8 C:/ISIS/workspace_ycube/GlobusSatProject/..//hal/hcc/lib\libHCCD.a(safefat.o)
                0x20019c8c                safe_cfremove
 .text.safe_writede
                0x20019d44      0x104 C:/ISIS/workspace_ycube/GlobusSatProject/..//hal/hcc/lib\libHCCD.a(safefat.o)
                0x20019d44                safe_writede
 .text.safe_setcluster
                0x20019e48       0xcc C:/ISIS/workspace_ycube/GlobusSatProject/..//hal/hcc/lib\libHCCD.a(safefat.o)
                0x20019e48                safe_setcluster
 .text.safe_deletechain
                0x20019f14      0x1c8 C:/ISIS/workspace_ycube/GlobusSatProject/..//hal/hcc/lib\libHCCD.a(safefat.o)
                0x20019f14                safe_deletechain
 .text.safe_cfclose
                0x2001a0dc      0x104 C:/ISIS/workspace_ycube/GlobusSatProject/..//hal/hcc/lib\libHCCD.a(safefat.o)
                0x2001a0dc                safe_cfclose
 .text.safe_cfflush
                0x2001a1e0      0x124 C:/ISIS/workspace_ycube/GlobusSatProject/..//hal/hcc/lib\libHCCD.a(safefat.o)
                0x2001a1e0                safe_cfflush
 .text.safe_reset
                0x2001a304       0x78 C:/ISIS/workspace_ycube/GlobusSatProject/..//hal/hcc/lib\libHCCD.a(safefat.o)
                0x2001a304                safe_reset
 .text.safe_loadcommands
                0x2001a37c       0x78 C:/ISIS/workspace_ycube/GlobusSatProject/..//hal/hcc/lib\libHCCD.a(safefat.o)
                0x2001a37c                safe_loadcommands
 .text.safe_poweron
                0x2001a3f4      0x1fc C:/ISIS/workspace_ycube/GlobusSatProject/..//hal/hcc/lib\libHCCD.a(safefat.o)
                0x2001a3f4                safe_poweron
 .text.cf_getname
                0x2001a5f0       0xc0 C:/ISIS/workspace_ycube/GlobusSatProject/..//hal/hcc/lib\libHCCD.a(safefat.o)
 .text.cf_copyclusterchain
                0x2001a6b0      0x138 C:/ISIS/workspace_ycube/GlobusSatProject/..//hal/hcc/lib\libHCCD.a(safefat.o)
 .text.cf_seektozero
                0x2001a7e8       0x94 C:/ISIS/workspace_ycube/GlobusSatProject/..//hal/hcc/lib\libHCCD.a(safefat.o)
                0x2001a7e8                cf_seektozero
 .text.cf_create
                0x2001a87c      0x3a8 C:/ISIS/workspace_ycube/GlobusSatProject/..//hal/hcc/lib\libHCCD.a(safefat.o)
                0x2001a87c                cf_create
 .text.cf_copyclustercontent
                0x2001ac24      0x128 C:/ISIS/workspace_ycube/GlobusSatProject/..//hal/hcc/lib\libHCCD.a(safefat.o)
                0x2001ac24                cf_copyclustercontent
 .text.cf_copycfn
                0x2001ad4c      0x4bc C:/ISIS/workspace_ycube/GlobusSatProject/..//hal/hcc/lib\libHCCD.a(safefat.o)
                0x2001ad4c                cf_copycfn
 .text.cf_remove
                0x2001b208      0x344 C:/ISIS/workspace_ycube/GlobusSatProject/..//hal/hcc/lib\libHCCD.a(safefat.o)
                0x2001b208                cf_remove
 .text.cf_setclusternew
                0x2001b54c       0xf0 C:/ISIS/workspace_ycube/GlobusSatProject/..//hal/hcc/lib\libHCCD.a(safefat.o)
                0x2001b54c                cf_setclusternew
 .text.cf_flush
                0x2001b63c       0x58 C:/ISIS/workspace_ycube/GlobusSatProject/..//hal/hcc/lib\libHCCD.a(safefat.o)
                0x2001b63c                cf_flush
 .text.cf_getcluster
                0x2001b694      0x1b4 C:/ISIS/workspace_ycube/GlobusSatProject/..//hal/hcc/lib\libHCCD.a(safefat.o)
                0x2001b694                cf_getcluster
 .text.cf_setnextcluster
                0x2001b848      0x194 C:/ISIS/workspace_ycube/GlobusSatProject/..//hal/hcc/lib\libHCCD.a(safefat.o)
                0x2001b848                cf_setnextcluster
 .text.cf_getpositions
                0x2001b9dc       0xbc C:/ISIS/workspace_ycube/GlobusSatProject/..//hal/hcc/lib\libHCCD.a(safefat.o)
                0x2001b9dc                cf_getpositions
 .text.cf_setpositions
                0x2001ba98       0xb0 C:/ISIS/workspace_ycube/GlobusSatProject/..//hal/hcc/lib\libHCCD.a(safefat.o)
                0x2001ba98                cf_setpositions
 .text.cf_opensyncafile
                0x2001bb48      0x150 C:/ISIS/workspace_ycube/GlobusSatProject/..//hal/hcc/lib\libHCCD.a(safefat.o)
                0x2001bb48                cf_opensyncafile
 .text.cf_reloadcfo
                0x2001bc98       0xd8 C:/ISIS/workspace_ycube/GlobusSatProject/..//hal/hcc/lib\libHCCD.a(safefat.o)
                0x2001bc98                cf_reloadcfo
 .text.mcipdc_cmd
                0x2001bd70      0x22c C:/ISIS/workspace_ycube/GlobusSatProject/..//hal/hcc/lib\libHCCD.a(atmel_mcipdc.o)
 .text.mcipdc_stop
                0x2001bf9c       0xfc C:/ISIS/workspace_ycube/GlobusSatProject/..//hal/hcc/lib\libHCCD.a(atmel_mcipdc.o)
                0x2001bf9c                mcipdc_stop
 .text.mcipdc_read
                0x2001c098      0x27c C:/ISIS/workspace_ycube/GlobusSatProject/..//hal/hcc/lib\libHCCD.a(atmel_mcipdc.o)
 .text.mcipdc_write
                0x2001c314      0x298 C:/ISIS/workspace_ycube/GlobusSatProject/..//hal/hcc/lib\libHCCD.a(atmel_mcipdc.o)
 .text.mcipdc_readsector
                0x2001c5ac       0x9c C:/ISIS/workspace_ycube/GlobusSatProject/..//hal/hcc/lib\libHCCD.a(atmel_mcipdc.o)
                0x2001c5ac                mcipdc_readsector
 .text.mcipdc_readmultiplesector
                0x2001c648      0x124 C:/ISIS/workspace_ycube/GlobusSatProject/..//hal/hcc/lib\libHCCD.a(atmel_mcipdc.o)
                0x2001c648                mcipdc_readmultiplesector
 .text.mcipdc_writesector
                0x2001c76c       0x90 C:/ISIS/workspace_ycube/GlobusSatProject/..//hal/hcc/lib\libHCCD.a(atmel_mcipdc.o)
                0x2001c76c                mcipdc_writesector
 .text.mcipdc_writemultiplesector
                0x2001c7fc      0x120 C:/ISIS/workspace_ycube/GlobusSatProject/..//hal/hcc/lib\libHCCD.a(atmel_mcipdc.o)
                0x2001c7fc                mcipdc_writemultiplesector
 .text.mcipdc_set_speed
                0x2001c91c       0xb0 C:/ISIS/workspace_ycube/GlobusSatProject/..//hal/hcc/lib\libHCCD.a(atmel_mcipdc.o)
 .text.mcipdc_get_speed
                0x2001c9cc       0x48 C:/ISIS/workspace_ycube/GlobusSatProject/..//hal/hcc/lib\libHCCD.a(atmel_mcipdc.o)
 .text._get_csd_bits
                0x2001ca14      0x14c C:/ISIS/workspace_ycube/GlobusSatProject/..//hal/hcc/lib\libHCCD.a(atmel_mcipdc.o)
 .text.mcipdc_initcard
                0x2001cb60      0x8f4 C:/ISIS/workspace_ycube/GlobusSatProject/..//hal/hcc/lib\libHCCD.a(atmel_mcipdc.o)
 .text.mcipdc_getstatus
                0x2001d454       0xe8 C:/ISIS/workspace_ycube/GlobusSatProject/..//hal/hcc/lib\libHCCD.a(atmel_mcipdc.o)
 .text.mcipdc_getphy
                0x2001d53c       0x90 C:/ISIS/workspace_ycube/GlobusSatProject/..//hal/hcc/lib\libHCCD.a(atmel_mcipdc.o)
 .text.mcipdc_release
                0x2001d5cc       0x50 C:/ISIS/workspace_ycube/GlobusSatProject/..//hal/hcc/lib\libHCCD.a(atmel_mcipdc.o)
 .text.atmel_mcipdc_initfunc
                0x2001d61c      0x160 C:/ISIS/workspace_ycube/GlobusSatProject/..//hal/hcc/lib\libHCCD.a(atmel_mcipdc.o)
                0x2001d61c                atmel_mcipdc_initfunc
 .text.oal_mutex_create
                0x2001d77c       0x54 C:/ISIS/workspace_ycube/GlobusSatProject/..//hal/hcc/lib\libHCCD.a(oalp_mutex.o)
                0x2001d77c                oal_mutex_create
 .text.oal_mutex_delete
                0x2001d7d0       0x30 C:/ISIS/workspace_ycube/GlobusSatProject/..//hal/hcc/lib\libHCCD.a(oalp_mutex.o)
                0x2001d7d0                oal_mutex_delete
 .text.oal_mutex_get
                0x2001d800       0x58 C:/ISIS/workspace_ycube/GlobusSatProject/..//hal/hcc/lib\libHCCD.a(oalp_mutex.o)
                0x2001d800                oal_mutex_get
 .text.oal_mutex_put
                0x2001d858       0x58 C:/ISIS/workspace_ycube/GlobusSatProject/..//hal/hcc/lib\libHCCD.a(oalp_mutex.o)
                0x2001d858                oal_mutex_put
 .text.oal_task_get_id
                0x2001d8b0       0x18 C:/ISIS/workspace_ycube/GlobusSatProject/..//hal/hcc/lib\libHCCD.a(oalp_task.o)
                0x2001d8b0                oal_task_get_id
 .text.mcipdc_hw_init
                0x2001d8c8       0xe8 C:/ISIS/workspace_ycube/GlobusSatProject/..//hal/hcc/lib\libHCCD.a(atmel_mcipdc_hw.o)
                0x2001d8c8                mcipdc_hw_init
 .text.mcipdc_hw_delete
                0x2001d9b0       0x78 C:/ISIS/workspace_ycube/GlobusSatProject/..//hal/hcc/lib\libHCCD.a(atmel_mcipdc_hw.o)
                0x2001d9b0                mcipdc_hw_delete
 .text.mcipdc_hw_card_plugged
                0x2001da28       0x1c C:/ISIS/workspace_ycube/GlobusSatProject/..//hal/hcc/lib\libHCCD.a(atmel_mcipdc_hw.o)
                0x2001da28                mcipdc_hw_card_plugged
 .text.mcipdc_hw_card_writeprotect
                0x2001da44       0x1c C:/ISIS/workspace_ycube/GlobusSatProject/..//hal/hcc/lib\libHCCD.a(atmel_mcipdc_hw.o)
                0x2001da44                mcipdc_hw_card_writeprotect
 .text.psp_getcurrenttimedate
                0x2001da60       0x8c C:/ISIS/workspace_ycube/GlobusSatProject/..//hal/hcc/lib\libHCCD.a(psp_rtc.o)
                0x2001da60                psp_getcurrenttimedate
 .text._hcc_get_buf_dsc
                0x2001daec       0x8c C:/ISIS/workspace_ycube/GlobusSatProject/..//hal/hcc/lib\libHCCD.a(hcc_mem.o)
 .text._hcc_check_free_pages
                0x2001db78      0x18c C:/ISIS/workspace_ycube/GlobusSatProject/..//hal/hcc/lib\libHCCD.a(hcc_mem.o)
 .text._hcc_mark_pages
                0x2001dd04      0x158 C:/ISIS/workspace_ycube/GlobusSatProject/..//hal/hcc/lib\libHCCD.a(hcc_mem.o)
 .text._hcc_clear_lock_dsc
                0x2001de5c       0x80 C:/ISIS/workspace_ycube/GlobusSatProject/..//hal/hcc/lib\libHCCD.a(hcc_mem.o)
 .text._hcc_lock_access
                0x2001dedc      0x128 C:/ISIS/workspace_ycube/GlobusSatProject/..//hal/hcc/lib\libHCCD.a(hcc_mem.o)
 .text._hcc_unlock_access
                0x2001e004       0x30 C:/ISIS/workspace_ycube/GlobusSatProject/..//hal/hcc/lib\libHCCD.a(hcc_mem.o)
 .text.hcc_mem_alloc
                0x2001e034      0x454 C:/ISIS/workspace_ycube/GlobusSatProject/..//hal/hcc/lib\libHCCD.a(hcc_mem.o)
                0x2001e034                hcc_mem_alloc
 .text.hcc_mem_free
                0x2001e488      0x178 C:/ISIS/workspace_ycube/GlobusSatProject/..//hal/hcc/lib\libHCCD.a(hcc_mem.o)
                0x2001e488                hcc_mem_free
 .text.hcc_mem_add
                0x2001e600      0x3b0 C:/ISIS/workspace_ycube/GlobusSatProject/..//hal/hcc/lib\libHCCD.a(hcc_mem.o)
                0x2001e600                hcc_mem_add
 .text.hcc_mem_init
                0x2001e9b0      0x164 C:/ISIS/workspace_ycube/GlobusSatProject/..//hal/hcc/lib\libHCCD.a(hcc_mem.o)
                0x2001e9b0                hcc_mem_init
 .text._f_invalidatedir
                0x2001eb14       0x28 C:/ISIS/workspace_ycube/GlobusSatProject/..//hal/hcc/lib\libHCCD.a(fat.o)
                0x2001eb14                _f_invalidatedir
 .text._f_getdirsector
                0x2001eb3c       0x88 C:/ISIS/workspace_ycube/GlobusSatProject/..//hal/hcc/lib\libHCCD.a(fat.o)
                0x2001eb3c                _f_getdirsector
 .text._f_writedirsector
                0x2001ebc4       0x74 C:/ISIS/workspace_ycube/GlobusSatProject/..//hal/hcc/lib\libHCCD.a(fat.o)
                0x2001ebc4                _f_writedirsector
 .text._f_checknameinv
                0x2001ec38      0x180 C:/ISIS/workspace_ycube/GlobusSatProject/..//hal/hcc/lib\libHCCD.a(fat.o)
 .text._f_checkname
                0x2001edb8       0x7c C:/ISIS/workspace_ycube/GlobusSatProject/..//hal/hcc/lib\libHCCD.a(fat.o)
 .text._f_checknamewc
                0x2001ee34       0xf8 C:/ISIS/workspace_ycube/GlobusSatProject/..//hal/hcc/lib\libHCCD.a(fat.o)
 .text._f_setnameext
                0x2001ef2c      0x300 C:/ISIS/workspace_ycube/GlobusSatProject/..//hal/hcc/lib\libHCCD.a(fat.o)
 .text._f_setfsname
                0x2001f22c      0x584 C:/ISIS/workspace_ycube/GlobusSatProject/..//hal/hcc/lib\libHCCD.a(fat.o)
 .text._f_findfile
                0x2001f7b0      0x30c C:/ISIS/workspace_ycube/GlobusSatProject/..//hal/hcc/lib\libHCCD.a(fat.o)
 .text._f_cmp_wname
                0x2001fabc      0x274 C:/ISIS/workspace_ycube/GlobusSatProject/..//hal/hcc/lib\libHCCD.a(fat.o)
 .text._f_to_string
                0x2001fd30      0x130 C:/ISIS/workspace_ycube/GlobusSatProject/..//hal/hcc/lib\libHCCD.a(fat.o)
 .text._f_findfilewc
                0x2001fe60      0x278 C:/ISIS/workspace_ycube/GlobusSatProject/..//hal/hcc/lib\libHCCD.a(fat.o)
 .text._f_getfilename
                0x200200d8      0x20c C:/ISIS/workspace_ycube/GlobusSatProject/..//hal/hcc/lib\libHCCD.a(fat.o)
 .text._f_findpath
                0x200202e4      0x35c C:/ISIS/workspace_ycube/GlobusSatProject/..//hal/hcc/lib\libHCCD.a(fat.o)
 .text.fn_getdcwd
                0x20020640      0x1e0 C:/ISIS/workspace_ycube/GlobusSatProject/..//hal/hcc/lib\libHCCD.a(fat.o)
                0x20020640                fn_getdcwd
 .text.fn_findfirst
                0x20020820      0x13c C:/ISIS/workspace_ycube/GlobusSatProject/..//hal/hcc/lib\libHCCD.a(fat.o)
                0x20020820                fn_findfirst
 .text.fn_findnext
                0x2002095c      0x360 C:/ISIS/workspace_ycube/GlobusSatProject/..//hal/hcc/lib\libHCCD.a(fat.o)
                0x2002095c                fn_findnext
 .text._f_lock_resfile
                0x20020cbc       0x6c C:/ISIS/workspace_ycube/GlobusSatProject/..//hal/hcc/lib\libHCCD.a(fat.o)
 .text._f_unlock_resfile
                0x20020d28       0x40 C:/ISIS/workspace_ycube/GlobusSatProject/..//hal/hcc/lib\libHCCD.a(fat.o)
 .text._f_getintfile
                0x20020d68      0x124 C:/ISIS/workspace_ycube/GlobusSatProject/..//hal/hcc/lib\libHCCD.a(fat.o)
 .text._f_addentry
                0x20020e8c      0x540 C:/ISIS/workspace_ycube/GlobusSatProject/..//hal/hcc/lib\libHCCD.a(fat.o)
 .text.fn_open_sub
                0x200213cc     0x1698 C:/ISIS/workspace_ycube/GlobusSatProject/..//hal/hcc/lib\libHCCD.a(fat.o)
 .text.fn_open  0x20022a64       0x44 C:/ISIS/workspace_ycube/GlobusSatProject/..//hal/hcc/lib\libHCCD.a(fat.o)
                0x20022a64                fn_open
 .text.fn_delete
                0x20022aa8      0x490 C:/ISIS/workspace_ycube/GlobusSatProject/..//hal/hcc/lib\libHCCD.a(fat.o)
                0x20022aa8                fn_delete
 .text.hcc_mem_buf_alloc
                0x20022f38       0xe4 C:/ISIS/workspace_ycube/GlobusSatProject/..//hal/hcc/lib\libHCCD.a(psp_hcc_mem.o)
                0x20022f38                hcc_mem_buf_alloc
 .text.makeAntStransfer
                0x2002301c       0x4c C:/ISIS/workspace_ycube/GlobusSatProject/..//satellite-subsystems/satellite-subsystems/lib\libSatelliteSubsystemsD.a(IsisAntS.o)
 .text.checkInputsValid
                0x20023068       0x7c C:/ISIS/workspace_ycube/GlobusSatProject/..//satellite-subsystems/satellite-subsystems/lib\libSatelliteSubsystemsD.a(IsisAntS.o)
 .text.IsisAntS_initialize
                0x200230e4      0x26c C:/ISIS/workspace_ycube/GlobusSatProject/..//satellite-subsystems/satellite-subsystems/lib\libSatelliteSubsystemsD.a(IsisAntS.o)
                0x200230e4                IsisAntS_initialize
 .text.IsisAntS_setArmStatus
                0x20023350      0x104 C:/ISIS/workspace_ycube/GlobusSatProject/..//satellite-subsystems/satellite-subsystems/lib\libSatelliteSubsystemsD.a(IsisAntS.o)
                0x20023350                IsisAntS_setArmStatus
 .text.IsisAntS_getStatusData
                0x20023454      0x120 C:/ISIS/workspace_ycube/GlobusSatProject/..//satellite-subsystems/satellite-subsystems/lib\libSatelliteSubsystemsD.a(IsisAntS.o)
                0x20023454                IsisAntS_getStatusData
 .text.IsisAntS_getUptime
                0x20023574      0x120 C:/ISIS/workspace_ycube/GlobusSatProject/..//satellite-subsystems/satellite-subsystems/lib\libSatelliteSubsystemsD.a(IsisAntS.o)
                0x20023574                IsisAntS_getUptime
 .text.IsisAntS_getAlltelemetry
                0x20023694      0x120 C:/ISIS/workspace_ycube/GlobusSatProject/..//satellite-subsystems/satellite-subsystems/lib\libSatelliteSubsystemsD.a(IsisAntS.o)
                0x20023694                IsisAntS_getAlltelemetry
 .text.IsisAntS_reset
                0x200237b4      0x104 C:/ISIS/workspace_ycube/GlobusSatProject/..//satellite-subsystems/satellite-subsystems/lib\libSatelliteSubsystemsD.a(IsisAntS.o)
                0x200237b4                IsisAntS_reset
 .text.IsisAntS_cancelDeployment
                0x200238b8      0x104 C:/ISIS/workspace_ycube/GlobusSatProject/..//satellite-subsystems/satellite-subsystems/lib\libSatelliteSubsystemsD.a(IsisAntS.o)
                0x200238b8                IsisAntS_cancelDeployment
 .text.IsisAntS_autoDeployment
                0x200239bc      0x114 C:/ISIS/workspace_ycube/GlobusSatProject/..//satellite-subsystems/satellite-subsystems/lib\libSatelliteSubsystemsD.a(IsisAntS.o)
                0x200239bc                IsisAntS_autoDeployment
 .text.IsisSolarPanelv2_initialize
                0x20023ad0       0xb4 C:/ISIS/workspace_ycube/GlobusSatProject/..//satellite-subsystems/satellite-subsystems/lib\libSatelliteSubsystemsD.a(IsisSolarPanelv2.o)
                0x20023ad0                IsisSolarPanelv2_initialize
 .text.IsisSolarPanelv2_getTemperature
                0x20023b84       0xc8 C:/ISIS/workspace_ycube/GlobusSatProject/..//satellite-subsystems/satellite-subsystems/lib\libSatelliteSubsystemsD.a(IsisSolarPanelv2.o)
                0x20023b84                IsisSolarPanelv2_getTemperature
 .text.IsisSolarPanelv2_getState
                0x20023c4c       0x24 C:/ISIS/workspace_ycube/GlobusSatProject/..//satellite-subsystems/satellite-subsystems/lib\libSatelliteSubsystemsD.a(IsisSolarPanelv2.o)
                0x20023c4c                IsisSolarPanelv2_getState
 .text._Reset   0x20023c70       0x20 C:/ISIS/workspace_ycube/GlobusSatProject/..//satellite-subsystems/satellite-subsystems/lib\libSatelliteSubsystemsD.a(IsisSolarPanelv2.o)
 .text._WaitForStartup
                0x20023c90       0x90 C:/ISIS/workspace_ycube/GlobusSatProject/..//satellite-subsystems/satellite-subsystems/lib\libSatelliteSubsystemsD.a(IsisSolarPanelv2.o)
 .text._AssignAllChannels
                0x20023d20       0x90 C:/ISIS/workspace_ycube/GlobusSatProject/..//satellite-subsystems/satellite-subsystems/lib\libSatelliteSubsystemsD.a(IsisSolarPanelv2.o)
 .text._AssignThisChannel
                0x20023db0       0xe8 C:/ISIS/workspace_ycube/GlobusSatProject/..//satellite-subsystems/satellite-subsystems/lib\libSatelliteSubsystemsD.a(IsisSolarPanelv2.o)
 .text._InitiateConversion
                0x20023e98       0xac C:/ISIS/workspace_ycube/GlobusSatProject/..//satellite-subsystems/satellite-subsystems/lib\libSatelliteSubsystemsD.a(IsisSolarPanelv2.o)
 .text._WaitForConversionComplete
                0x20023f44      0x100 C:/ISIS/workspace_ycube/GlobusSatProject/..//satellite-subsystems/satellite-subsystems/lib\libSatelliteSubsystemsD.a(IsisSolarPanelv2.o)
 .text._ReadResult
                0x20024044      0x158 C:/ISIS/workspace_ycube/GlobusSatProject/..//satellite-subsystems/satellite-subsystems/lib\libSatelliteSubsystemsD.a(IsisSolarPanelv2.o)
 .text._ExtractByte
                0x2002419c       0x38 C:/ISIS/workspace_ycube/GlobusSatProject/..//satellite-subsystems/satellite-subsystems/lib\libSatelliteSubsystemsD.a(IsisSolarPanelv2.o)
 .text._ExtendSign
                0x200241d4       0x6c C:/ISIS/workspace_ycube/GlobusSatProject/..//satellite-subsystems/satellite-subsystems/lib\libSatelliteSubsystemsD.a(IsisSolarPanelv2.o)
 .text._PinsInit
                0x20024240       0x50 C:/ISIS/workspace_ycube/GlobusSatProject/..//satellite-subsystems/satellite-subsystems/lib\libSatelliteSubsystemsD.a(IsisSolarPanelv2.o)
 .text._SpiWriteRead
                0x20024290       0x70 C:/ISIS/workspace_ycube/GlobusSatProject/..//satellite-subsystems/satellite-subsystems/lib\libSatelliteSubsystemsD.a(IsisSolarPanelv2.o)
 .text.IsisTrxvu_initialize
                0x20024300      0x2f4 C:/ISIS/workspace_ycube/GlobusSatProject/..//satellite-subsystems/satellite-subsystems/lib\libSatelliteSubsystemsD.a(IsisTRXVU.o)
                0x20024300                IsisTrxvu_initialize
 .text.makeTRXVUtransfer
                0x200245f4       0x44 C:/ISIS/workspace_ycube/GlobusSatProject/..//satellite-subsystems/satellite-subsystems/lib\libSatelliteSubsystemsD.a(IsisTRXVU.o)
 .text.IsisTrxvu_componentSoftReset
                0x20024638       0x6c C:/ISIS/workspace_ycube/GlobusSatProject/..//satellite-subsystems/satellite-subsystems/lib\libSatelliteSubsystemsD.a(IsisTRXVU.o)
                0x20024638                IsisTrxvu_componentSoftReset
 .text.IsisTrxvu_componentHardReset
                0x200246a4       0xc8 C:/ISIS/workspace_ycube/GlobusSatProject/..//satellite-subsystems/satellite-subsystems/lib\libSatelliteSubsystemsD.a(IsisTRXVU.o)
                0x200246a4                IsisTrxvu_componentHardReset
 .text.IsisTrxvu_softReset
                0x2002476c       0x74 C:/ISIS/workspace_ycube/GlobusSatProject/..//satellite-subsystems/satellite-subsystems/lib\libSatelliteSubsystemsD.a(IsisTRXVU.o)
                0x2002476c                IsisTrxvu_softReset
 .text.IsisTrxvu_hardReset
                0x200247e0       0x74 C:/ISIS/workspace_ycube/GlobusSatProject/..//satellite-subsystems/satellite-subsystems/lib\libSatelliteSubsystemsD.a(IsisTRXVU.o)
                0x200247e0                IsisTrxvu_hardReset
 .text.IsisTrxvu_tcSendAX25DefClSign
                0x20024854       0xec C:/ISIS/workspace_ycube/GlobusSatProject/..//satellite-subsystems/satellite-subsystems/lib\libSatelliteSubsystemsD.a(IsisTRXVU.o)
                0x20024854                IsisTrxvu_tcSendAX25DefClSign
 .text.IsisTrxvu_tcSetIdlestate
                0x20024940       0xa4 C:/ISIS/workspace_ycube/GlobusSatProject/..//satellite-subsystems/satellite-subsystems/lib\libSatelliteSubsystemsD.a(IsisTRXVU.o)
                0x20024940                IsisTrxvu_tcSetIdlestate
 .text.IsisTrxvu_tcSetAx25Bitrate
                0x200249e4       0xc4 C:/ISIS/workspace_ycube/GlobusSatProject/..//satellite-subsystems/satellite-subsystems/lib\libSatelliteSubsystemsD.a(IsisTRXVU.o)
                0x200249e4                IsisTrxvu_tcSetAx25Bitrate
 .text.IsisTrxvu_tcGetUptime
                0x20024aa8       0xa0 C:/ISIS/workspace_ycube/GlobusSatProject/..//satellite-subsystems/satellite-subsystems/lib\libSatelliteSubsystemsD.a(IsisTRXVU.o)
                0x20024aa8                IsisTrxvu_tcGetUptime
 .text.IsisTrxvu_tcGetState
                0x20024b48       0xd0 C:/ISIS/workspace_ycube/GlobusSatProject/..//satellite-subsystems/satellite-subsystems/lib\libSatelliteSubsystemsD.a(IsisTRXVU.o)
                0x20024b48                IsisTrxvu_tcGetState
 .text.IsisTrxvu_tcGetTelemetryAll
                0x20024c18       0xd0 C:/ISIS/workspace_ycube/GlobusSatProject/..//satellite-subsystems/satellite-subsystems/lib\libSatelliteSubsystemsD.a(IsisTRXVU.o)
                0x20024c18                IsisTrxvu_tcGetTelemetryAll
 .text.IsisTrxvu_rcGetFrameCount
                0x20024ce8       0xa0 C:/ISIS/workspace_ycube/GlobusSatProject/..//satellite-subsystems/satellite-subsystems/lib\libSatelliteSubsystemsD.a(IsisTRXVU.o)
                0x20024ce8                IsisTrxvu_rcGetFrameCount
 .text.IsisTrxvu_rcGetCommandFrame
                0x20024d88      0x2d8 C:/ISIS/workspace_ycube/GlobusSatProject/..//satellite-subsystems/satellite-subsystems/lib\libSatelliteSubsystemsD.a(IsisTRXVU.o)
                0x20024d88                IsisTrxvu_rcGetCommandFrame
 .text.IsisTrxvu_rcGetTelemetryAll
                0x20025060       0xd0 C:/ISIS/workspace_ycube/GlobusSatProject/..//satellite-subsystems/satellite-subsystems/lib\libSatelliteSubsystemsD.a(IsisTRXVU.o)
                0x20025060                IsisTrxvu_rcGetTelemetryAll
 .text.IsisTrxvu_rcGetUptime
                0x20025130       0xa0 C:/ISIS/workspace_ycube/GlobusSatProject/..//satellite-subsystems/satellite-subsystems/lib\libSatelliteSubsystemsD.a(IsisTRXVU.o)
                0x20025130                IsisTrxvu_rcGetUptime
 .text.ISIS_EPS_Init
                0x200251d0       0xc8 C:/ISIS/workspace_ycube/GlobusSatProject/..//satellite-subsystems/satellite-subsystems/lib\libSatelliteSubsystemsD.a(isis_eps_driver.o)
                0x200251d0                ISIS_EPS_Init
 .text.isis_eps__reset__tmtc
                0x20025298       0xe8 C:/ISIS/workspace_ycube/GlobusSatProject/..//satellite-subsystems/satellite-subsystems/lib\libSatelliteSubsystemsD.a(isis_eps_driver.o)
                0x20025298                isis_eps__reset__tmtc
 .text.isis_eps__watchdog__tm
                0x20025380       0xac C:/ISIS/workspace_ycube/GlobusSatProject/..//satellite-subsystems/satellite-subsystems/lib\libSatelliteSubsystemsD.a(isis_eps_driver.o)
                0x20025380                isis_eps__watchdog__tm
 .text.isis_eps__getparameter__tmtc
                0x2002542c       0xe8 C:/ISIS/workspace_ycube/GlobusSatProject/..//satellite-subsystems/satellite-subsystems/lib\libSatelliteSubsystemsD.a(isis_eps_driver.o)
                0x2002542c                isis_eps__getparameter__tmtc
 .text.isis_eps__setparameter__tmtc
                0x20025514       0xe8 C:/ISIS/workspace_ycube/GlobusSatProject/..//satellite-subsystems/satellite-subsystems/lib\libSatelliteSubsystemsD.a(isis_eps_driver.o)
                0x20025514                isis_eps__setparameter__tmtc
 .text.isis_eps__gethousekeepingeng__tm
                0x200255fc       0xac C:/ISIS/workspace_ycube/GlobusSatProject/..//satellite-subsystems/satellite-subsystems/lib\libSatelliteSubsystemsD.a(isis_eps_driver.o)
                0x200255fc                isis_eps__gethousekeepingeng__tm
 .text.isis_eps__gethousekeepingengincdb__tm
                0x200256a8       0xac C:/ISIS/workspace_ycube/GlobusSatProject/..//satellite-subsystems/satellite-subsystems/lib\libSatelliteSubsystemsD.a(isis_eps_driver.o)
                0x200256a8                isis_eps__gethousekeepingengincdb__tm
 .text._I2C_Send
                0x20025754       0x78 C:/ISIS/workspace_ycube/GlobusSatProject/..//satellite-subsystems/satellite-subsystems/lib\libSatelliteSubsystemsD.a(isis_eps_driver.o)
 .text.makeTRXCommonTransfer
                0x200257cc       0x34 C:/ISIS/workspace_ycube/GlobusSatProject/..//satellite-subsystems/satellite-subsystems/lib\libSatelliteSubsystemsD.a(IsisTRXCommon.o)
 .text.IsisTrxCommon_componentReset
                0x20025800       0x68 C:/ISIS/workspace_ycube/GlobusSatProject/..//satellite-subsystems/satellite-subsystems/lib\libSatelliteSubsystemsD.a(IsisTRXCommon.o)
                0x20025800                IsisTrxCommon_componentReset
 .text.IsisTrxCommon_TxSendAX25DefClSign
                0x20025868       0xf4 C:/ISIS/workspace_ycube/GlobusSatProject/..//satellite-subsystems/satellite-subsystems/lib\libSatelliteSubsystemsD.a(IsisTRXCommon.o)
                0x20025868                IsisTrxCommon_TxSendAX25DefClSign
 .text.IsisTrxCommon_TxSetIdlestate
                0x2002595c       0x78 C:/ISIS/workspace_ycube/GlobusSatProject/..//satellite-subsystems/satellite-subsystems/lib\libSatelliteSubsystemsD.a(IsisTRXCommon.o)
                0x2002595c                IsisTrxCommon_TxSetIdlestate
 .text.IsisTrxCommon_TxSetAx25Bitrate
                0x200259d4       0x78 C:/ISIS/workspace_ycube/GlobusSatProject/..//satellite-subsystems/satellite-subsystems/lib\libSatelliteSubsystemsD.a(IsisTRXCommon.o)
                0x200259d4                IsisTrxCommon_TxSetAx25Bitrate
 .text.IsisTrxCommon_RxGetFrameCount
                0x20025a4c       0x8c C:/ISIS/workspace_ycube/GlobusSatProject/..//satellite-subsystems/satellite-subsystems/lib\libSatelliteSubsystemsD.a(IsisTRXCommon.o)
                0x20025a4c                IsisTrxCommon_RxGetFrameCount
 .text.IsisTrxCommon_GetUptime
                0x20025ad8       0x8c C:/ISIS/workspace_ycube/GlobusSatProject/..//satellite-subsystems/satellite-subsystems/lib\libSatelliteSubsystemsD.a(IsisTRXCommon.o)
                0x20025ad8                IsisTrxCommon_GetUptime
 .text.xQueueGenericReset
                0x20025b64      0x150 C:/ISIS/workspace_ycube/GlobusSatProject/..//hal/freertos/lib\libFreeRTOSD.a(queue.o)
                0x20025b64                xQueueGenericReset
 .text.xQueueGenericCreate
                0x20025cb4      0x108 C:/ISIS/workspace_ycube/GlobusSatProject/..//hal/freertos/lib\libFreeRTOSD.a(queue.o)
                0x20025cb4                xQueueGenericCreate
 .text.xQueueCreateMutex
                0x20025dbc      0x11c C:/ISIS/workspace_ycube/GlobusSatProject/..//hal/freertos/lib\libFreeRTOSD.a(queue.o)
                0x20025dbc                xQueueCreateMutex
 .text.xQueueGenericSend
                0x20025ed8      0x298 C:/ISIS/workspace_ycube/GlobusSatProject/..//hal/freertos/lib\libFreeRTOSD.a(queue.o)
                0x20025ed8                xQueueGenericSend
 .text.xQueueGenericSendFromISR
                0x20026170      0x1e0 C:/ISIS/workspace_ycube/GlobusSatProject/..//hal/freertos/lib\libFreeRTOSD.a(queue.o)
                0x20026170                xQueueGenericSendFromISR
 .text.xQueueGenericReceive
                0x20026350      0x2cc C:/ISIS/workspace_ycube/GlobusSatProject/..//hal/freertos/lib\libFreeRTOSD.a(queue.o)
                0x20026350                xQueueGenericReceive
 .text.uxQueueMessagesWaiting
                0x2002661c       0x6c C:/ISIS/workspace_ycube/GlobusSatProject/..//hal/freertos/lib\libFreeRTOSD.a(queue.o)
                0x2002661c                uxQueueMessagesWaiting
 .text.vQueueDelete
                0x20026688       0x78 C:/ISIS/workspace_ycube/GlobusSatProject/..//hal/freertos/lib\libFreeRTOSD.a(queue.o)
                0x20026688                vQueueDelete
 .text.prvCopyDataToQueue
                0x20026700      0x190 C:/ISIS/workspace_ycube/GlobusSatProject/..//hal/freertos/lib\libFreeRTOSD.a(queue.o)
 .text.prvCopyDataFromQueue
                0x20026890       0x90 C:/ISIS/workspace_ycube/GlobusSatProject/..//hal/freertos/lib\libFreeRTOSD.a(queue.o)
 .text.prvUnlockQueue
                0x20026920      0x130 C:/ISIS/workspace_ycube/GlobusSatProject/..//hal/freertos/lib\libFreeRTOSD.a(queue.o)
 .text.prvIsQueueEmpty
                0x20026a50       0x4c C:/ISIS/workspace_ycube/GlobusSatProject/..//hal/freertos/lib\libFreeRTOSD.a(queue.o)
 .text.prvIsQueueFull
                0x20026a9c       0x54 C:/ISIS/workspace_ycube/GlobusSatProject/..//hal/freertos/lib\libFreeRTOSD.a(queue.o)
 .text.vQueueUnregisterQueue
                0x20026af0       0x80 C:/ISIS/workspace_ycube/GlobusSatProject/..//hal/freertos/lib\libFreeRTOSD.a(queue.o)
                0x20026af0                vQueueUnregisterQueue
 .text.vQueueWaitForMessageRestricted
                0x20026b70       0x90 C:/ISIS/workspace_ycube/GlobusSatProject/..//hal/freertos/lib\libFreeRTOSD.a(queue.o)
                0x20026b70                vQueueWaitForMessageRestricted
 .text.prvNotifyQueueSetContainer
                0x20026c00      0x108 C:/ISIS/workspace_ycube/GlobusSatProject/..//hal/freertos/lib\libFreeRTOSD.a(queue.o)
 .text.xTaskGenericCreate
                0x20026d08      0x2ac C:/ISIS/workspace_ycube/GlobusSatProject/..//hal/freertos/lib\libFreeRTOSD.a(tasks.o)
                0x20026d08                xTaskGenericCreate
 .text.vTaskDelete
                0x20026fb4       0xe8 C:/ISIS/workspace_ycube/GlobusSatProject/..//hal/freertos/lib\libFreeRTOSD.a(tasks.o)
                0x20026fb4                vTaskDelete
 .text.vTaskDelay