Archive member included because of file (symbol)

C:/ISIS/workspace/ycube/GlobusSatProject/..//hal/hal/lib\libHALD.a(SPI.o)
                              ./src/InitSystem.o (SPI_start)
C:/ISIS/workspace/ycube/GlobusSatProject/..//hal/hal/lib\libHALD.a(I2C.o)
                              ./src/SubSystemModules/Payload/payload_drivers.o (I2C_write)
C:/ISIS/workspace/ycube/GlobusSatProject/..//hal/hal/lib\libHALD.a(ADC.o)
                              ./src/SubSystemModules/Housekepping/TelemetryCollector.o (ADC_ConvertRaw10bitToMillivolt)
C:/ISIS/workspace/ycube/GlobusSatProject/..//hal/hal/lib\libHALD.a(FRAM.o)
                              ./src/SubSystemModules/Communication/SubsystemCommands/Maintanence_Commands.o (FRAM_start)
C:/ISIS/workspace/ycube/GlobusSatProject/..//hal/hal/lib\libHALD.a(Time.o)
                              ./src/InitSystem.o (Time_start)
C:/ISIS/workspace/ycube/GlobusSatProject/..//hal/hal/lib\libHALD.a(WatchDogTimerNoOS.o)
                              ./src/main.o (WDT_start)
C:/ISIS/workspace/ycube/GlobusSatProject/..//hal/hal/lib\libHALD.a(RTT.o)
                              C:/ISIS/workspace/ycube/GlobusSatProject/..//hal/hal/lib\libHALD.a(Time.o) (RTT_start)
C:/ISIS/workspace/ycube/GlobusSatProject/..//hal/hal/lib\libHALD.a(RTC.o)
                              C:/ISIS/workspace/ycube/GlobusSatProject/..//hal/hal/lib\libHALD.a(Time.o) (RTC_getTime)
C:/ISIS/workspace/ycube/GlobusSatProject/..//hal/hal/lib\libHALD.a(WatchDogTimerOS.o)
                              ./src/TestingDemos/MainTest.o (WDT_startWatchdogKickTask)
C:/ISIS/workspace/ycube/GlobusSatProject/..//hal/hal/lib\libHALD.a(fprintf.o)
                              ./src/TLM_management.o (f_puts)
C:/ISIS/workspace/ycube/GlobusSatProject/..//hal/hal/lib\libHALD.a(util.o)
                              ./src/TestingDemos/CommandsTestingDemo.o (UTIL_DbguGetIntegerMinMax)
C:/ISIS/workspace/ycube/GlobusSatProject/..//hal/hal/lib\libHALD.a(LED.o)
                              C:/ISIS/workspace/ycube/GlobusSatProject/..//hal/hal/lib\libHALD.a(WatchDogTimerOS.o) (LED_toggle)
C:/ISIS/workspace/ycube/GlobusSatProject/..//hal/hcc/lib\libHCCD.a(fat_m.o)
                              ./src/TLM_management.o (fm_initvolume)
C:/ISIS/workspace/ycube/GlobusSatProject/..//hal/hcc/lib\libHCCD.a(fat.o)
                              C:/ISIS/workspace/ycube/GlobusSatProject/..//hal/hcc/lib\libHCCD.a(fat_m.o) (fn_getdcwd)
C:/ISIS/workspace/ycube/GlobusSatProject/..//hal/hcc/lib\libHCCD.a(fat_common.o)
                              C:/ISIS/workspace/ycube/GlobusSatProject/..//hal/hcc/lib\libHCCD.a(fat.o) (p_filesystem)
C:/ISIS/workspace/ycube/GlobusSatProject/..//hal/hcc/lib\libHCCD.a(safefat.o)
                              C:/ISIS/workspace/ycube/GlobusSatProject/..//hal/hcc/lib\libHCCD.a(fat.o) (s_subdir)
C:/ISIS/workspace/ycube/GlobusSatProject/..//hal/hcc/lib\libHCCD.a(atmel_mcipdc.o)
                              ./src/TLM_management.o (atmel_mcipdc_initfunc)
C:/ISIS/workspace/ycube/GlobusSatProject/..//hal/hcc/lib\libHCCD.a(oalp_task.o)
                              C:/ISIS/workspace/ycube/GlobusSatProject/..//hal/hcc/lib\libHCCD.a(fat_common.o) (oal_task_get_id)
C:/ISIS/workspace/ycube/GlobusSatProject/..//hal/hcc/lib\libHCCD.a(oalp_mutex.o)
                              C:/ISIS/workspace/ycube/GlobusSatProject/..//hal/hcc/lib\libHCCD.a(fat_common.o) (oal_mutex_create)
C:/ISIS/workspace/ycube/GlobusSatProject/..//hal/hcc/lib\libHCCD.a(atmel_mcipdc_hw.o)
                              C:/ISIS/workspace/ycube/GlobusSatProject/..//hal/hcc/lib\libHCCD.a(atmel_mcipdc.o) (mcipdc_hw_init)
C:/ISIS/workspace/ycube/GlobusSatProject/..//hal/hcc/lib\libHCCD.a(psp_rand.o)
                              C:/ISIS/workspace/ycube/GlobusSatProject/..//hal/hcc/lib\libHCCD.a(fat_common.o) (psp_getrand)
C:/ISIS/workspace/ycube/GlobusSatProject/..//hal/hcc/lib\libHCCD.a(psp_rtc.o)
                              C:/ISIS/workspace/ycube/GlobusSatProject/..//hal/hcc/lib\libHCCD.a(fat_common.o) (psp_getcurrenttimedate)
C:/ISIS/workspace/ycube/GlobusSatProject/..//hal/hcc/lib\libHCCD.a(hcc_mem.o)
                              C:/ISIS/workspace/ycube/GlobusSatProject/..//hal/hcc/lib\libHCCD.a(atmel_mcipdc.o) (hcc_mem_alloc)
C:/ISIS/workspace/ycube/GlobusSatProject/..//hal/hcc/lib\libHCCD.a(psp_hcc_mem.o)
                              C:/ISIS/workspace/ycube/GlobusSatProject/..//hal/hcc/lib\libHCCD.a(hcc_mem.o) (hcc_mem_buf_alloc)
C:/ISIS/workspace/ycube/GlobusSatProject/..//satellite-subsystems/satellite-subsystems/lib\libSatelliteSubsystemsD.a(IsisSolarPanelv2.o)
                              ./src/SubSystemModules/PowerManagment/EPS.o (IsisSolarPanelv2_initialize)
C:/ISIS/workspace/ycube/GlobusSatProject/..//satellite-subsystems/satellite-subsystems/lib\libSatelliteSubsystemsD.a(isis_ants_rev2.o)
                              ./src/SubSystemModules/Communication/TRXVU.o (ISIS_ANTS_REV2_Init)
[...]
Memory Configuration

Name             Origin             Length             Attributes
sram0            0x00200000         0x00004000         w !xr
sram1            0x00300000         0x00004000         w !xr
sdram            0x20000000         0x02000000         w !xr
*default*        0x00000000         0xffffffff

Linker script and memory map

LOAD c:/isis/application/toolchain/bin/../lib/gcc/arm-none-eabi/4.7.4/../../../../arm-none-eabi/lib\libc.a
LOAD ./src/TestingDemos/CommandsTestingDemo.o
LOAD ./src/TestingDemos/EpsTestingDemo.o
LOAD ./src/TestingDemos/FileSystemTestingDemo.o
LOAD ./src/TestingDemos/MainTest.o
LOAD ./src/TestingDemos/MaintenanceTestingDemo.o
LOAD ./src/TestingDemos/TelemetryTestingDemo.o
LOAD ./src/TestingDemos/TrxvuTestingDemo.o
LOAD ./src/SubSystemModules/PowerManagment/EPS.o
LOAD ./src/SubSystemModules/PowerManagment/EPSOperationModes.o
LOAD ./src/SubSystemModules/Payload/payload_drivers.o
LOAD ./src/SubSystemModules/Maintenance/Maintenance.o
LOAD ./src/SubSystemModules/Housekepping/Payload_NOT_IN_USE.o
LOAD ./src/SubSystemModules/Housekepping/RAMTelemetry.o
LOAD ./src/SubSystemModules/Housekepping/TelemetryCollector.o
LOAD ./src/SubSystemModules/Communication/SubsystemCommands/EPS_Commands.o
LOAD ./src/SubSystemModules/Communication/SubsystemCommands/FS_Commands.o
LOAD ./src/SubSystemModules/Communication/SubsystemCommands/Maintanence_Commands.o
LOAD ./src/SubSystemModules/Communication/SubsystemCommands/TRXVU_Commands.o
LOAD ./src/SubSystemModules/Communication/AckHandler.o
LOAD ./src/SubSystemModules/Communication/CommandDictionary.o
LOAD ./src/SubSystemModules/Communication/HashSecuredCMD.o
LOAD ./src/SubSystemModules/Communication/SatCommandHandler.o
LOAD ./src/SubSystemModules/Communication/TRXVU.o
LOAD ./src/InitSystem.o
LOAD ./src/TLM_management.o
LOAD ./src/main.o
LOAD ./src/utils.o
LOAD C:/ISIS/workspace/ycube/GlobusSatProject/..//hal/hal/lib\libHALD.a
LOAD C:/ISIS/workspace/ycube/GlobusSatProject/..//hal/hcc/lib\libHCCD.a
LOAD C:/ISIS/workspace/ycube/GlobusSatProject/..//satellite-subsystems/satellite-subsystems/lib\libSatelliteSubsystemsD.a
LOAD C:/ISIS/workspace/ycube/GlobusSatProject/..//hal/freertos/lib\libFreeRTOSD.a
LOAD C:/ISIS/workspace/ycube/GlobusSatProject/..//hal/at91/lib\libAt91D.a
START GROUP
LOAD c:/isis/application/toolchain/bin/../lib/gcc/arm-none-eabi/4.7.4\libgcc.a
LOAD c:/isis/application/toolchain/bin/../lib/gcc/arm-none-eabi/4.7.4/../../../../arm-none-eabi/lib\libg.a
LOAD c:/isis/application/toolchain/bin/../lib/gcc/arm-none-eabi/4.7.4/../../../../arm-none-eabi/lib\libc.a
END GROUP

.fixed          0x20000000    0x403b0
                0x20000000                . = ALIGN (0x4)
                0x20000000                _sfixed = .
 *(.startup)
 .startup       0x20000000      0x184 C:/ISIS/workspace/ycube/GlobusSatProject/..//hal/at91/lib\libAt91D.a(board_cstartup.o)
                0x20000000                entry
 *(.text)
 .text          0x20000184       0x64 C:/ISIS/workspace/ycube/GlobusSatProject/..//hal/at91/lib\libAt91D.a(cp15_asm.o)
                0x20000184                _readControlRegister
                0x20000190                _writeControlRegister
                0x20000198                _waitForInterrupt
                0x200001a4                _writeTTB
                0x200001ac                _writeDomain
                0x200001b4                _writeITLBLockdown
                0x200001bc                _prefetchICacheLine
                0x200001c4                _flushDCache
                0x200001d0                _flushWriteBuffer
                0x200001dc                _invalidateIDTLBs
 .text          0x200001e8      0x114 c:/isis/application/toolchain/bin/../lib/gcc/arm-none-eabi/4.7.4\libgcc.a(_udivsi3.o)
                0x200001e8                __aeabi_uidiv
                0x200001e8                __udivsi3
                0x200002dc                __aeabi_uidivmod
 .text          0x200002fc      0x148 c:/isis/application/toolchain/bin/../lib/gcc/arm-none-eabi/4.7.4\libgcc.a(_divsi3.o)
                0x200002fc                __divsi3
                0x200002fc                __aeabi_idiv
                0x20000424                __aeabi_idivmod
 .text          0x20000444        0x4 c:/isis/application/toolchain/bin/../lib/gcc/arm-none-eabi/4.7.4\libgcc.a(_dvmd_tls.o)
                0x20000444                __aeabi_idiv0
                0x20000444                __aeabi_ldiv0
 .text          0x20000448      0x41c c:/isis/application/toolchain/bin/../lib/gcc/arm-none-eabi/4.7.4\libgcc.a(_arm_addsubdf3.o)
                0x20000448                __aeabi_drsub
                0x20000450                __aeabi_dsub
                0x20000450                __subdf3
                0x20000454                __aeabi_dadd
                0x20000454                __adddf3
                0x20000764                __floatunsidf
                0x20000764                __aeabi_ui2d
                0x20000788                __floatsidf
                0x20000788                __aeabi_i2d
                0x200007b0                __aeabi_f2d
                0x200007b0                __extendsfdf2
                0x200007f0                __floatundidf
                0x200007f0                __aeabi_ul2d
                0x20000804                __floatdidf
                0x20000804                __aeabi_l2d
 .text          0x20000864      0x49c c:/isis/application/toolchain/bin/../lib/gcc/arm-none-eabi/4.7.4\libgcc.a(_arm_muldivdf3.o)
                0x20000864                __aeabi_dmul
                0x20000864                __muldf3
                0x20000af4                __divdf3
                0x20000af4                __aeabi_ddiv
 .text          0x20000d00      0x2ac c:/isis/application/toolchain/bin/../lib/gcc/arm-none-eabi/4.7.4\libgcc.a(_arm_addsubsf3.o)
                0x20000d00                __aeabi_frsub
                0x20000d08                __subsf3
                0x20000d08                __aeabi_fsub
                0x20000d0c                __aeabi_fadd
                0x20000d0c                __addsf3
                0x20000ec8                __aeabi_ui2f
                0x20000ec8                __floatunsisf
                0x20000ed0                __aeabi_i2f
                0x20000ed0                __floatsisf
                0x20000ef0                __aeabi_ul2f
                0x20000ef0                __floatundisf
                0x20000f00                __aeabi_l2f
                0x20000f00                __floatdisf
 .text          0x20000fac      0x2f8 c:/isis/application/toolchain/bin/../lib/gcc/arm-none-eabi/4.7.4\libgcc.a(_arm_muldivsf3.o)
                0x20000fac                __mulsf3
                0x20000fac                __aeabi_fmul
                0x20001144                __aeabi_fdiv
                0x20001144                __divsf3
 .text          0x200012a4      0x114 c:/isis/application/toolchain/bin/../lib/gcc/arm-none-eabi/4.7.4\libgcc.a(_arm_cmpsf2.o)
                0x200012a4                __gesf2
                0x200012a4                __gtsf2
                0x200012ac                __lesf2
                0x200012ac                __ltsf2
                0x200012b4                __nesf2
                0x200012b4                __eqsf2
                0x200012b4                __cmpsf2
                0x20001318                __aeabi_cfrcmple
                0x20001328                __aeabi_cfcmpeq
                0x20001328                __aeabi_cfcmple
                0x20001340                __aeabi_fcmpeq
                0x20001358                __aeabi_fcmplt
                0x20001370                __aeabi_fcmple
                0x20001388                __aeabi_fcmpge
                0x200013a0                __aeabi_fcmpgt
 .text          0x200013b8       0x54 c:/isis/application/toolchain/bin/../lib/gcc/arm-none-eabi/4.7.4\libgcc.a(_arm_fixunssfsi.o)
                0x200013b8                __fixunssfsi
                0x200013b8                __aeabi_f2uiz
 .text          0x2000140c      0x144 c:/isis/application/toolchain/bin/../lib/gcc/arm-none-eabi/4.7.4\libgcc.a(_arm_cmpdf2.o)
                0x2000140c                __gtdf2
                0x2000140c                __gedf2
                0x20001414                __ltdf2
                0x20001414                __ledf2
                0x2000141c                __nedf2
                0x2000141c                __eqdf2
                0x2000141c                __cmpdf2
                0x200014a4                __aeabi_cdrcmple
                0x200014c0                __aeabi_cdcmpeq
                0x200014c0                __aeabi_cdcmple
                0x200014d8                __aeabi_dcmpeq
                0x200014f0                __aeabi_dcmplt
                0x20001508                __aeabi_dcmple
                0x20001520                __aeabi_dcmpge
                0x20001538                __aeabi_dcmpgt
 .text          0x20001550       0x5c c:/isis/application/toolchain/bin/../lib/gcc/arm-none-eabi/4.7.4\libgcc.a(_arm_fixdfsi.o)
                0x20001550                __aeabi_d2iz
                0x20001550                __fixdfsi
 .text          0x200015ac       0x3c c:/isis/application/toolchain/bin/../lib/gcc/arm-none-eabi/4.7.4\libgcc.a(_aeabi_uldivmod.o)
                0x200015ac                __aeabi_uldivmod
 .text          0x200015e8       0x84 c:/isis/application/toolchain/bin/../lib/gcc/arm-none-eabi/4.7.4\libgcc.a(bpabi.o)
                0x200015e8                __gnu_ldivmod_helper
                0x2000162c                __gnu_uldivmod_helper
 .text          0x2000166c      0x4f0 c:/isis/application/toolchain/bin/../lib/gcc/arm-none-eabi/4.7.4\libgcc.a(_divdi3.o)
                0x2000166c                __divdi3
 .text          0x20001b5c      0x488 c:/isis/application/toolchain/bin/../lib/gcc/arm-none-eabi/4.7.4\libgcc.a(_udivdi3.o)
                0x20001b5c                __udivdi3
 .text          0x20001fe4       0x48 c:/isis/application/toolchain/bin/../lib/gcc/arm-none-eabi/4.7.4\libgcc.a(_clzsi2.o)
                0x20001fe4                __clzsi2
 *(.text*)
 .text.Hash256  0x2000202c       0x84 ./src/TestingDemos/TrxvuTestingDemo.o
                0x2000202c                Hash256
 .text.GetBatteryVoltage
                0x200020b0       0x44 ./src/SubSystemModules/PowerManagment/EPS.o
                0x200020b0                GetBatteryVoltage
 .text.EPS_Init
                0x200020f4      0x158 ./src/SubSystemModules/PowerManagment/EPS.o
                0x200020f4                EPS_Init
 .text.EPS_Conditioning
                0x2000224c      0x1c4 ./src/SubSystemModules/PowerManagment/EPS.o
                0x2000224c                EPS_Conditioning
 .text.UpdateAlpha
                0x20002410       0xd8 ./src/SubSystemModules/PowerManagment/EPS.o
                0x20002410                UpdateAlpha
 .text.GetThresholdVoltages
                0x200024e8       0x80 ./src/SubSystemModules/PowerManagment/EPS.o
                0x200024e8                GetThresholdVoltages
 .text.GetAlpha
                0x20002568       0x7c ./src/SubSystemModules/PowerManagment/EPS.o
                0x20002568                GetAlpha
 .text.CMDGetHeaterValues
                0x200025e4      0x1f8 ./src/SubSystemModules/PowerManagment/EPS.o
                0x200025e4                CMDGetHeaterValues
 .text.CMDSetHeaterValues
                0x200027dc      0x204 ./src/SubSystemModules/PowerManagment/EPS.o
                0x200027dc                CMDSetHeaterValues
 .text.EnterFullMode
                0x200029e0       0x5c ./src/SubSystemModules/PowerManagment/EPSOperationModes.o
                0x200029e0                EnterFullMode
 .text.EnterCruiseMode
                0x20002a3c       0x58 ./src/SubSystemModules/PowerManagment/EPSOperationModes.o
                0x20002a3c                EnterCruiseMode
 .text.EnterSafeMode
                0x20002a94       0x5c ./src/SubSystemModules/PowerManagment/EPSOperationModes.o
                0x20002a94                EnterSafeMode
 .text.EnterCriticalMode
                0x20002af0       0x5c ./src/SubSystemModules/PowerManagment/EPSOperationModes.o
                0x20002af0                EnterCriticalMode
 .text.PayloadOperations
                0x20002b4c       0x28 ./src/SubSystemModules/PowerManagment/EPSOperationModes.o
                0x20002b4c                PayloadOperations
 .text.DoesPayloadChannelOn
                0x20002b74       0xa4 ./src/SubSystemModules/PowerManagment/EPSOperationModes.o
                0x20002b74                DoesPayloadChannelOn
 .text.EpsGetLowVoltageFlag
                0x20002c18       0x24 ./src/SubSystemModules/PowerManagment/EPSOperationModes.o
                0x20002c18                EpsGetLowVoltageFlag
 .text.EpsSetLowVoltageFlag
                0x20002c3c       0x2c ./src/SubSystemModules/PowerManagment/EPSOperationModes.o
                0x20002c3c                EpsSetLowVoltageFlag
 .text.payloadRead
                0x20002c68       0xbc ./src/SubSystemModules/Payload/payload_drivers.o
                0x20002c68                payloadRead
 .text.payloadSendCommand
                0x20002d24       0x70 ./src/SubSystemModules/Payload/payload_drivers.o
                0x20002d24                payloadSendCommand
 .text.payloadReadEnvironment
                0x20002d94      0x2d0 ./src/SubSystemModules/Payload/payload_drivers.o
                0x20002d94                payloadReadEnvironment
 .text.payloadReadEvents
                0x20003064      0x1a4 ./src/SubSystemModules/Payload/payload_drivers.o
                0x20003064                payloadReadEvents
 .text.CheckExecutionTime
                0x20003208       0x80 ./src/SubSystemModules/Maintenance/Maintenance.o
                0x20003208                CheckExecutionTime
 .text.SaveSatTimeInFRAM
                0x20003288       0x44 ./src/SubSystemModules/Maintenance/Maintenance.o
                0x20003288                SaveSatTimeInFRAM
 .text.WakeupFromResetCMD
                0x200032cc      0x120 ./src/SubSystemModules/Maintenance/Maintenance.o
                0x200032cc                WakeupFromResetCMD
 .text.ResetGroundCommWDT
                0x200033ec       0x1c ./src/SubSystemModules/Maintenance/Maintenance.o
                0x200033ec                ResetGroundCommWDT
 .text.IsGroundCommunicationWDTKick
                0x20003408       0x78 ./src/SubSystemModules/Maintenance/Maintenance.o
                0x20003408                IsGroundCommunicationWDTKick
 .text.GetGsWdtKickTime
                0x20003480       0x38 ./src/SubSystemModules/Maintenance/Maintenance.o
                0x20003480                GetGsWdtKickTime
 .text.findMinMaxDate
                0x200034b8       0xdc ./src/SubSystemModules/Maintenance/Maintenance.o
                0x200034b8                findMinMaxDate
 .text.DeleteOldFiels
                0x20003594       0xf0 ./src/SubSystemModules/Maintenance/Maintenance.o
                0x20003594                DeleteOldFiels
 .text.CheckDeployAnt
                0x20003684       0x84 ./src/SubSystemModules/Maintenance/Maintenance.o
                0x20003684                CheckDeployAnt
 .text.HardResetMCU
                0x20003708       0x3c ./src/SubSystemModules/Maintenance/Maintenance.o
                0x20003708                HardResetMCU
 .text.Maintenance
                0x20003744       0xa4 ./src/SubSystemModules/Maintenance/Maintenance.o
                0x20003744                Maintenance
 .text.ResetRamTlm
                0x200037e8       0xf0 ./src/SubSystemModules/Housekepping/RAMTelemetry.o
                0x200037e8                ResetRamTlm
 .text.inc      0x200038d8       0x4c ./src/SubSystemModules/Housekepping/RAMTelemetry.o
                0x200038d8                inc
 .text.dec      0x20003924       0x48 ./src/SubSystemModules/Housekepping/RAMTelemetry.o
                0x20003924                dec
 .text.saveTlmToRam
                0x2000396c      0x334 ./src/SubSystemModules/Housekepping/RAMTelemetry.o
                0x2000396c                saveTlmToRam
 .text.getTlm   0x20003ca0      0x210 ./src/SubSystemModules/Housekepping/RAMTelemetry.o
                0x20003ca0                getTlm
 .text.getRange
                0x20003eb0      0x204 ./src/SubSystemModules/Housekepping/RAMTelemetry.o
                0x20003eb0                getRange
 .text.InitSavePeriodTimes
                0x200040b4       0xb8 ./src/SubSystemModules/Housekepping/TelemetryCollector.o
                0x200040b4                InitSavePeriodTimes
 .text.CMD_GetTLMPeriodTimes
                0x2000416c       0x38 ./src/SubSystemModules/Housekepping/TelemetryCollector.o
                0x2000416c                CMD_GetTLMPeriodTimes
 .text.CMD_SetTLMPeriodTimes
                0x200041a4      0x204 ./src/SubSystemModules/Housekepping/TelemetryCollector.o
                0x200041a4                CMD_SetTLMPeriodTimes
 .text.TelemetryCollectorLogic
                0x200043a8      0x208 ./src/SubSystemModules/Housekepping/TelemetryCollector.o
                0x200043a8                TelemetryCollectorLogic
 .text.TelemetrySaveEPS
                0x200045b0       0x54 ./src/SubSystemModules/Housekepping/TelemetryCollector.o
                0x200045b0                TelemetrySaveEPS
 .text.TelemetrySaveTRXVU
                0x20004604       0x94 ./src/SubSystemModules/Housekepping/TelemetryCollector.o
                0x20004604                TelemetrySaveTRXVU
 .text.TelemetrySaveWOD
                0x20004698       0x5c ./src/SubSystemModules/Housekepping/TelemetryCollector.o
                0x20004698                TelemetrySaveWOD
 .text.TelemetrySaveRADFET
                0x200046f4       0xd4 ./src/SubSystemModules/Housekepping/TelemetryCollector.o
                0x200046f4                TelemetrySaveRADFET
 .text.TelemetrySaveSEU
                0x200047c8       0x90 ./src/SubSystemModules/Housekepping/TelemetryCollector.o
                0x200047c8                TelemetrySaveSEU
 .text.GetCurrentWODTelemetry
                0x20004858      0x7e0 ./src/SubSystemModules/Housekepping/TelemetryCollector.o
                0x20004858                GetCurrentWODTelemetry
 .text.CMD_EPS_ResetWDT
                0x20005038       0x58 ./src/SubSystemModules/Communication/SubsystemCommands/EPS_Commands.o
                0x20005038                CMD_EPS_ResetWDT
 .text.CMD_Payload_Operations
                0x20005090       0xb4 ./src/SubSystemModules/Communication/SubsystemCommands/EPS_Commands.o
                0x20005090                CMD_Payload_Operations
 .text.CMD_DeleteTLM
                0x20005144      0x1a0 ./src/SubSystemModules/Communication/SubsystemCommands/FS_Commands.o
                0x20005144                CMD_DeleteTLM
 .text.CMD_DeleteAllFiles
                0x200052e4       0x38 ./src/SubSystemModules/Communication/SubsystemCommands/FS_Commands.o
                0x200052e4                CMD_DeleteAllFiles
 .text.CMD_GetLastFS_Error
                0x2000531c       0x4c ./src/SubSystemModules/Communication/SubsystemCommands/FS_Commands.o
                0x2000531c                CMD_GetLastFS_Error
 .text.CMD_Get_TLM_Info
                0x20005368      0x16c ./src/SubSystemModules/Communication/SubsystemCommands/FS_Commands.o
                0x20005368                CMD_Get_TLM_Info
 .text.CMD_Switch_SD_Card
                0x200054d4       0xcc ./src/SubSystemModules/Communication/SubsystemCommands/FS_Commands.o
                0x200054d4                CMD_Switch_SD_Card
 .text.CMD_Format_SD_Card
                0x200055a0       0xa4 ./src/SubSystemModules/Communication/SubsystemCommands/FS_Commands.o
                0x200055a0                CMD_Format_SD_Card
 .text.CMD_GenericI2C
                0x20005644      0x144 ./src/SubSystemModules/Communication/SubsystemCommands/Maintanence_Commands.o
                0x20005644                CMD_GenericI2C
 .text.CMD_FRAM_ReadAndTransmitt
                0x20005788       0xe8 ./src/SubSystemModules/Communication/SubsystemCommands/Maintanence_Commands.o
                0x20005788                CMD_FRAM_ReadAndTransmitt
 .text.CMD_FRAM_WriteAndTransmitt
                0x20005870       0xfc ./src/SubSystemModules/Communication/SubsystemCommands/Maintanence_Commands.o
                0x20005870                CMD_FRAM_WriteAndTransmitt
 .text.CMD_FRAM_ReStart
                0x2000596c       0x4c ./src/SubSystemModules/Communication/SubsystemCommands/Maintanence_Commands.o
                0x2000596c                CMD_FRAM_ReStart
 .text.CMD_UpdateSatTime
                0x200059b8       0xa4 ./src/SubSystemModules/Communication/SubsystemCommands/Maintanence_Commands.o
                0x200059b8                CMD_UpdateSatTime
 .text.CMD_GetSatUptime
                0x20005a5c       0x48 ./src/SubSystemModules/Communication/SubsystemCommands/Maintanence_Commands.o
                0x20005a5c                CMD_GetSatUptime
 .text.CMD_ResetComponent
                0x20005aa4      0x274 ./src/SubSystemModules/Communication/SubsystemCommands/Maintanence_Commands.o
                0x20005aa4                CMD_ResetComponent
 .text.DumpTask
                0x20005d18      0x310 ./src/SubSystemModules/Communication/SubsystemCommands/TRXVU_Commands.o
                0x20005d18                DumpTask
 .text.DumpRamTask
                0x20006028      0x440 ./src/SubSystemModules/Communication/SubsystemCommands/TRXVU_Commands.o
                0x20006028                DumpRamTask
 .text.CMD_AntennaDeploy
                0x20006468       0x8c ./src/SubSystemModules/Communication/SubsystemCommands/TRXVU_Commands.o
                0x20006468                CMD_AntennaDeploy
 .text.CMD_StartDump
                0x200064f4      0x200 ./src/SubSystemModules/Communication/SubsystemCommands/TRXVU_Commands.o
                0x200064f4                CMD_StartDump
 .text.CMD_SendDumpAbortRequest
                0x200066f4       0x38 ./src/SubSystemModules/Communication/SubsystemCommands/TRXVU_Commands.o
                0x200066f4                CMD_SendDumpAbortRequest
 .text.CMD_ForceDumpAbort
                0x2000672c       0x3c ./src/SubSystemModules/Communication/SubsystemCommands/TRXVU_Commands.o
                0x2000672c                CMD_ForceDumpAbort
 .text.CMD_SetTransponder
                0x20006768      0x110 ./src/SubSystemModules/Communication/SubsystemCommands/TRXVU_Commands.o
                0x20006768                CMD_SetTransponder
 .text.CMD_SetRSSITransponder
                0x20006878       0x90 ./src/SubSystemModules/Communication/SubsystemCommands/TRXVU_Commands.o
                0x20006878                CMD_SetRSSITransponder
 .text.CMD_MuteTRXVU
                0x20006908       0xc4 ./src/SubSystemModules/Communication/SubsystemCommands/TRXVU_Commands.o
                0x20006908                CMD_MuteTRXVU
 .text.CMD_SetIdleState
                0x200069cc       0x94 ./src/SubSystemModules/Communication/SubsystemCommands/TRXVU_Commands.o
                0x200069cc                CMD_SetIdleState
 .text.CMD_UnMuteTRXVU
                0x20006a60       0x38 ./src/SubSystemModules/Communication/SubsystemCommands/TRXVU_Commands.o
                0x20006a60                CMD_UnMuteTRXVU
 .text.CMD_GetBaudRate
                0x20006a98       0x6c ./src/SubSystemModules/Communication/SubsystemCommands/TRXVU_Commands.o
                0x20006a98                CMD_GetBaudRate
 .text.CMD_TrasmitBeacon
                0x20006b04       0x48 ./src/SubSystemModules/Communication/SubsystemCommands/TRXVU_Commands.o
                0x20006b04                CMD_TrasmitBeacon
 .text.CMD_GetBeaconInterval
                0x20006b4c       0x6c ./src/SubSystemModules/Communication/SubsystemCommands/TRXVU_Commands.o
                0x20006b4c                CMD_GetBeaconInterval
 .text.CMD_SetBaudRate
                0x20006bb8       0x64 ./src/SubSystemModules/Communication/SubsystemCommands/TRXVU_Commands.o
                0x20006bb8                CMD_SetBaudRate
 .text.CMD_GetTxUptime
                0x20006c1c       0x68 ./src/SubSystemModules/Communication/SubsystemCommands/TRXVU_Commands.o
                0x20006c1c                CMD_GetTxUptime
 .text.CMD_GetRxUptime
                0x20006c84       0x68 ./src/SubSystemModules/Communication/SubsystemCommands/TRXVU_Commands.o
                0x20006c84                CMD_GetRxUptime
 .text.CMD_GetNumOfOnlineCommands
                0x20006cec       0x68 ./src/SubSystemModules/Communication/SubsystemCommands/TRXVU_Commands.o
                0x20006cec                CMD_GetNumOfOnlineCommands
 .text.CMD_AntSetArmStatus
                0x20006d54       0x3c ./src/SubSystemModules/Communication/SubsystemCommands/TRXVU_Commands.o
                0x20006d54                CMD_AntSetArmStatus
 .text.CMD_AntGetArmStatus
                0x20006d90       0x60 ./src/SubSystemModules/Communication/SubsystemCommands/TRXVU_Commands.o
                0x20006d90                CMD_AntGetArmStatus
 .text.CMD_AntGetUptime
                0x20006df0       0x68 ./src/SubSystemModules/Communication/SubsystemCommands/TRXVU_Commands.o
                0x20006df0                CMD_AntGetUptime
 .text.CMD_StopReDeployment
                0x20006e58       0x74 ./src/SubSystemModules/Communication/SubsystemCommands/TRXVU_Commands.o
                0x20006e58                CMD_StopReDeployment
 .text.CMD_AntCancelDeployment
                0x20006ecc       0x58 ./src/SubSystemModules/Communication/SubsystemCommands/TRXVU_Commands.o
                0x20006ecc                CMD_AntCancelDeployment
 .text.CMD_DumpRamTLM
                0x20006f24      0x180 ./src/SubSystemModules/Communication/SubsystemCommands/TRXVU_Commands.o
                0x20006f24                CMD_DumpRamTLM
 .text.SendAckPacket
                0x200070a4       0xfc ./src/SubSystemModules/Communication/AckHandler.o
                0x200070a4                SendAckPacket
 .text.trxvu_command_router
                0x200071a0      0x578 ./src/SubSystemModules/Communication/CommandDictionary.o
                0x200071a0                trxvu_command_router
 .text.eps_command_router
                0x20007718       0xf4 ./src/SubSystemModules/Communication/CommandDictionary.o
                0x20007718                eps_command_router
 .text.telemetry_command_router
                0x2000780c      0x23c ./src/SubSystemModules/Communication/CommandDictionary.o
                0x2000780c                telemetry_command_router
 .text.managment_command_router
                0x20007a48      0x12c ./src/SubSystemModules/Communication/CommandDictionary.o
                0x20007a48                managment_command_router
 .text.filesystem_command_router
                0x20007b74       0x24 ./src/SubSystemModules/Communication/CommandDictionary.o
                0x20007b74                filesystem_command_router
 .text.sha256_transform
                0x20007b98      0x4b8 ./src/SubSystemModules/Communication/HashSecuredCMD.o
                0x20007b98                sha256_transform
 .text.sha256_init
                0x20008050       0xb8 ./src/SubSystemModules/Communication/HashSecuredCMD.o
                0x20008050                sha256_init
 .text.sha256_update
                0x20008108       0xc8 ./src/SubSystemModules/Communication/HashSecuredCMD.o
                0x20008108                sha256_update
 .text.sha256_final
                0x200081d0      0x470 ./src/SubSystemModules/Communication/HashSecuredCMD.o
                0x200081d0                sha256_final
 .text.ParseDataToCommand
                0x20008640      0x1ac ./src/SubSystemModules/Communication/SatCommandHandler.o
                0x20008640                ParseDataToCommand
 .text.AssembleCommand
                0x200087ec      0x148 ./src/SubSystemModules/Communication/SatCommandHandler.o
                0x200087ec                AssembleCommand
 .text.ActUponCommand
                0x20008934      0x108 ./src/SubSystemModules/Communication/SatCommandHandler.o
                0x20008934                ActUponCommand
 .text.setMuteEndTime
                0x20008a3c       0x40 ./src/SubSystemModules/Communication/TRXVU.o
                0x20008a3c                setMuteEndTime
 .text.getMuteEndTime
                0x20008a7c       0x44 ./src/SubSystemModules/Communication/TRXVU.o
                0x20008a7c                getMuteEndTime
 .text.setTransponderEndTime
                0x20008ac0       0x40 ./src/SubSystemModules/Communication/TRXVU.o
                0x20008ac0                setTransponderEndTime
 .text.getTransponderEndTime
                0x20008b00       0x44 ./src/SubSystemModules/Communication/TRXVU.o
                0x20008b00                getTransponderEndTime
 .text.setTransponderRSSIinFRAM
                0x20008b44       0x44 ./src/SubSystemModules/Communication/TRXVU.o
                0x20008b44                setTransponderRSSIinFRAM
 .text.getTransponderRSSIFromFRAM
                0x20008b88       0x4c ./src/SubSystemModules/Communication/TRXVU.o
                0x20008b88                getTransponderRSSIFromFRAM
 .text.InitTxModule
                0x20008bd4       0x68 ./src/SubSystemModules/Communication/TRXVU.o
                0x20008bd4                InitTxModule
 .text.CMD_SetBeaconInterval
                0x20008c3c       0xdc ./src/SubSystemModules/Communication/TRXVU.o
                0x20008c3c                CMD_SetBeaconInterval
 .text.InitBeaconParams
                0x20008d18       0x3c ./src/SubSystemModules/Communication/TRXVU.o
                0x20008d18                InitBeaconParams
 .text.InitSemaphores
                0x20008d54       0x98 ./src/SubSystemModules/Communication/TRXVU.o
                0x20008d54                InitSemaphores
 .text.InitTrxvu
                0x20008dec      0x170 ./src/SubSystemModules/Communication/TRXVU.o
                0x20008dec                InitTrxvu
 .text.checkIdleFinish
                0x20008f5c       0x68 ./src/SubSystemModules/Communication/TRXVU.o
                0x20008f5c                checkIdleFinish
 .text.checkTransponderFinish
                0x20008fc4       0x50 ./src/SubSystemModules/Communication/TRXVU.o
                0x20008fc4                checkTransponderFinish
 .text.checkTransponderStart
                0x20009014       0x50 ./src/SubSystemModules/Communication/TRXVU.o
                0x20009014                checkTransponderStart
 .text.turnOnTransponder
                0x20009064       0xa0 ./src/SubSystemModules/Communication/TRXVU.o
                0x20009064                turnOnTransponder
 .text.turnOffTransponder
                0x20009104       0x90 ./src/SubSystemModules/Communication/TRXVU.o
                0x20009104                turnOffTransponder
 .text.SetRSSITransponder
                0x20009194       0x80 ./src/SubSystemModules/Communication/TRXVU.o
                0x20009194                SetRSSITransponder
 .text.TRX_Logic
                0x20009214       0xe4 ./src/SubSystemModules/Communication/TRXVU.o
                0x20009214                TRX_Logic
 .text.GetNumberOfFramesInBuffer
                0x200092f8       0x94 ./src/SubSystemModules/Communication/TRXVU.o
                0x200092f8                GetNumberOfFramesInBuffer
 .text.GetOnlineCommand
                0x2000938c      0x1d0 ./src/SubSystemModules/Communication/TRXVU.o
                0x2000938c                GetOnlineCommand
 .text.CheckTransmitionAllowed
                0x2000955c       0xc0 ./src/SubSystemModules/Communication/TRXVU.o
                0x2000955c                CheckTransmitionAllowed
 .text.FinishDump
                0x2000961c       0xf0 ./src/SubSystemModules/Communication/TRXVU.o
                0x2000961c                FinishDump
 .text.AbortDump
                0x2000970c       0x34 ./src/SubSystemModules/Communication/TRXVU.o
                0x2000970c                AbortDump
 .text.SendDumpAbortRequest
                0x20009740       0x6c ./src/SubSystemModules/Communication/TRXVU.o
                0x20009740                SendDumpAbortRequest
 .text.CheckDumpAbort
                0x200097ac       0x6c ./src/SubSystemModules/Communication/TRXVU.o
                0x200097ac                CheckDumpAbort
 .text.BeaconLogic
                0x20009818      0x184 ./src/SubSystemModules/Communication/TRXVU.o
                0x20009818                BeaconLogic
 .text.SetIdleState
                0x2000999c      0x144 ./src/SubSystemModules/Communication/TRXVU.o
                0x2000999c                SetIdleState
 .text.muteTRXVU
                0x20009ae0       0x74 ./src/SubSystemModules/Communication/TRXVU.o
                0x20009ae0                muteTRXVU
 .text.UnMuteTRXVU
                0x20009b54       0x14 ./src/SubSystemModules/Communication/TRXVU.o
                0x20009b54                UnMuteTRXVU
 .text.TransmitDataAsSPL_Packet
                0x20009b68      0x12c ./src/SubSystemModules/Communication/TRXVU.o
                0x20009b68                TransmitDataAsSPL_Packet
 .text.CMD_Hash256
                0x20009c94      0x2f8 ./src/SubSystemModules/Communication/TRXVU.o
                0x20009c94                CMD_Hash256
 .text.CMD_Secure_Ping
                0x20009f8c       0x6c ./src/SubSystemModules/Communication/TRXVU.o
                0x20009f8c                CMD_Secure_Ping
 .text.TransmitSplPacket
                0x20009ff8      0x124 ./src/SubSystemModules/Communication/TRXVU.o
                0x20009ff8                TransmitSplPacket
 .text.isFirstActivation
                0x2000a11c       0x38 ./src/InitSystem.o
                0x2000a11c                isFirstActivation
 .text.WriteDefaultValuesToFRAM
                0x2000a154      0x2ac ./src/InitSystem.o
                0x2000a154                WriteDefaultValuesToFRAM
 .text.StartFRAM
                0x2000a400       0x64 ./src/InitSystem.o
                0x2000a400                StartFRAM
 .text.StartI2C
                0x2000a464       0x38 ./src/InitSystem.o
                0x2000a464                StartI2C
 .text.StartSPI
                0x2000a49c       0x34 ./src/InitSystem.o
                0x2000a49c                StartSPI
 .text.StartTIME
                0x2000a4d0       0xbc ./src/InitSystem.o
                0x2000a4d0                StartTIME
 .text.DeploySystem
                0x2000a58c      0x1b4 ./src/InitSystem.o
                0x2000a58c                DeploySystem
 .text.InitSubsystems
                0x2000a740       0x64 ./src/InitSystem.o
                0x2000a740                InitSubsystems
 .text.CMD_getInfoImage
                0x2000a7a4      0x158 ./src/TLM_management.o
                0x2000a7a4                CMD_getInfoImage
 .text.CMD_getDataImage
                0x2000a8fc      0x218 ./src/TLM_management.o
                0x2000a8fc                CMD_getDataImage
 .text.delete_allTMFilesFromSD
                0x2000ab14       0x8c ./src/TLM_management.o
                0x2000ab14                delete_allTMFilesFromSD
 .text.deleteTLMFiles
                0x2000aba0       0x94 ./src/TLM_management.o
                0x2000aba0                deleteTLMFiles
 .text.deleteTLMFile
                0x2000ac34       0xcc ./src/TLM_management.o
                0x2000ac34                deleteTLMFile
 .text.deleteTLMbyMonth
                0x2000ad00       0xac ./src/TLM_management.o
                0x2000ad00                deleteTLMbyMonth
 .text.deleteDirectory
                0x2000adac      0x158 ./src/TLM_management.o
                0x2000adac                deleteDirectory
 .text.InitializeFS
                0x2000af04       0xec ./src/TLM_management.o
                0x2000af04                InitializeFS
 .text.calculateFileName
                0x2000aff0      0x130 ./src/TLM_management.o
                0x2000aff0                calculateFileName
 .text.getTlmTypeInfo
                0x2000b120      0x294 ./src/TLM_management.o
                0x2000b120                getTlmTypeInfo
 .text.write2File
                0x2000b3b4      0x1dc ./src/TLM_management.o
                0x2000b3b4                write2File
 .text.printTLM
                0x2000b590       0x24 ./src/TLM_management.o
                0x2000b590                printTLM
 .text.readTLMFile
                0x2000b5b4      0x328 ./src/TLM_management.o
                0x2000b5b4                readTLMFile
 .text.readTLMFiles
                0x2000b8dc       0xdc ./src/TLM_management.o
                0x2000b8dc                readTLMFiles
 .text.readTLMFileTimeRange
                0x2000b9b8      0x2f0 ./src/TLM_management.o
                0x2000b9b8                readTLMFileTimeRange
 .text.DeInitializeFS
                0x2000bca8       0x38 ./src/TLM_management.o
                0x2000bca8                DeInitializeFS
 .text.taskMain
                0x2000bce0       0x90 ./src/main.o
                0x2000bce0                taskMain
 .text.main     0x2000bd70       0x98 ./src/main.o
                0x2000bd70                main
 .text.timeU2time
                0x2000be08       0xbc ./src/utils.o
                0x2000be08                timeU2time
 .text.logError
                0x2000bec4      0x148 ./src/utils.o
                0x2000bec4                logError
 .text.clearPDCtransfers
                0x2000c00c       0xe8 C:/ISIS/workspace/ycube/GlobusSatProject/..//hal/hal/lib\libHALD.a(SPI.o)
 .text.SPI_start
                0x2000c0f4      0x4b0 C:/ISIS/workspace/ycube/GlobusSatProject/..//hal/hal/lib\libHALD.a(SPI.o)
                0x2000c0f4                SPI_start
 .text.SPI_stop
                0x2000c5a4      0x244 C:/ISIS/workspace/ycube/GlobusSatProject/..//hal/hal/lib\libHALD.a(SPI.o)
                0x2000c5a4                SPI_stop
 .text.SPI_queueTransfer
                0x2000c7e8      0x1cc C:/ISIS/workspace/ycube/GlobusSatProject/..//hal/hal/lib\libHALD.a(SPI.o)
                0x2000c7e8                SPI_queueTransfer
 .text.SPI_internalCallback
                0x2000c9b4       0x64 C:/ISIS/workspace/ycube/GlobusSatProject/..//hal/hal/lib\libHALD.a(SPI.o)
 .text.SPI_writeRead
                0x2000ca18      0x1c0 C:/ISIS/workspace/ycube/GlobusSatProject/..//hal/hal/lib\libHALD.a(SPI.o)
                0x2000ca18                SPI_writeRead
 .text.waitForTransfer
                0x2000cbd8       0x78 C:/ISIS/workspace/ycube/GlobusSatProject/..//hal/hal/lib\libHALD.a(SPI.o)
 .text.SPI_getDriverState
                0x2000cc50       0x58 C:/ISIS/workspace/ycube/GlobusSatProject/..//hal/hal/lib\libHALD.a(SPI.o)
                0x2000cc50                SPI_getDriverState
 .text.validateTransferParameters
                0x2000cca8      0x10c C:/ISIS/workspace/ycube/GlobusSatProject/..//hal/hal/lib\libHALD.a(I2C.o)
 .text.I2C_queueTransfer
                0x2000cdb4       0xfc C:/ISIS/workspace/ycube/GlobusSatProject/..//hal/hal/lib\libHALD.a(I2C.o)
                0x2000cdb4                I2C_queueTransfer
 .text.I2C_internalCallback
                0x2000ceb0       0x64 C:/ISIS/workspace/ycube/GlobusSatProject/..//hal/hal/lib\libHALD.a(I2C.o)
 .text.I2C_doBlockingTransfer
                0x2000cf14      0x180 C:/ISIS/workspace/ycube/GlobusSatProject/..//hal/hal/lib\libHALD.a(I2C.o)
 .text.I2C_write
                0x2000d094      0x110 C:/ISIS/workspace/ycube/GlobusSatProject/..//hal/hal/lib\libHALD.a(I2C.o)
                0x2000d094                I2C_write
 .text.I2C_read
                0x2000d1a4      0x110 C:/ISIS/workspace/ycube/GlobusSatProject/..//hal/hal/lib\libHALD.a(I2C.o)
                0x2000d1a4                I2C_read
 .text.I2C_writeRead
                0x2000d2b4      0x17c C:/ISIS/workspace/ycube/GlobusSatProject/..//hal/hal/lib\libHALD.a(I2C.o)
                0x2000d2b4                I2C_writeRead
 .text.I2C_start
                0x2000d430      0x2e8 C:/ISIS/workspace/ycube/GlobusSatProject/..//hal/hal/lib\libHALD.a(I2C.o)
                0x2000d430                I2C_start
 .text.I2C_stop
                0x2000d718      0x184 C:/ISIS/workspace/ycube/GlobusSatProject/..//hal/hal/lib\libHALD.a(I2C.o)
                0x2000d718                I2C_stop
 .text.I2C_setTransferTimeout
                0x2000d89c       0x48 C:/ISIS/workspace/ycube/GlobusSatProject/..//hal/hal/lib\libHALD.a(I2C.o)
                0x2000d89c                I2C_setTransferTimeout
 .text.ADC_ConvertRaw10bitToMillivolt
                0x2000d8e4       0x50 C:/ISIS/workspace/ycube/GlobusSatProject/..//hal/hal/lib\libHALD.a(ADC.o)
                0x2000d8e4                ADC_ConvertRaw10bitToMillivolt
 .text.ADC_SingleShot
                0x2000d934      0x230 C:/ISIS/workspace/ycube/GlobusSatProject/..//hal/hal/lib\libHALD.a(ADC.o)
                0x2000d934                ADC_SingleShot
 .text.FRAM_start
                0x2000db64      0x120 C:/ISIS/workspace/ycube/GlobusSatProject/..//hal/hal/lib\libHALD.a(FRAM.o)
                0x2000db64                FRAM_start
 .text.FRAM_stop
                0x2000dc84       0x6c C:/ISIS/workspace/ycube/GlobusSatProject/..//hal/hal/lib\libHALD.a(FRAM.o)
                0x2000dc84                FRAM_stop
 .text.FRAM_dummyCallback
                0x2000dcf0       0x24 C:/ISIS/workspace/ycube/GlobusSatProject/..//hal/hal/lib\libHALD.a(FRAM.o)
                0x2000dcf0                FRAM_dummyCallback
 .text.FRAM_unlockingCallback
                0x2000dd14       0x64 C:/ISIS/workspace/ycube/GlobusSatProject/..//hal/hal/lib\libHALD.a(FRAM.o)
                0x2000dd14                FRAM_unlockingCallback
 .text.doBlockingTransfer
                0x2000dd78       0x78 C:/ISIS/workspace/ycube/GlobusSatProject/..//hal/hal/lib\libHALD.a(FRAM.o)
 .text.FRAM_writePacket
                0x2000ddf0      0x134 C:/ISIS/workspace/ycube/GlobusSatProject/..//hal/hal/lib\libHALD.a(FRAM.o)
 .text.FRAM_write
                0x2000df24      0x1e0 C:/ISIS/workspace/ycube/GlobusSatProject/..//hal/hal/lib\libHALD.a(FRAM.o)
                0x2000df24                FRAM_write
 .text.FRAM_readPacket
                0x2000e104       0xf0 C:/ISIS/workspace/ycube/GlobusSatProject/..//hal/hal/lib\libHALD.a(FRAM.o)
 .text.FRAM_read
                0x2000e1f4      0x1ec C:/ISIS/workspace/ycube/GlobusSatProject/..//hal/hal/lib\libHALD.a(FRAM.o)
                0x2000e1f4                FRAM_read
 .text.Time_start
                0x2000e3e0      0x170 C:/ISIS/workspace/ycube/GlobusSatProject/..//hal/hal/lib\libHALD.a(Time.o)
                0x2000e3e0                Time_start
 .text.taskTimeSync
                0x2000e550       0x64 C:/ISIS/workspace/ycube/GlobusSatProject/..//hal/hal/lib\libHALD.a(Time.o)
 .text.Time_convertEpochToTime
                0x2000e5b4      0x100 C:/ISIS/workspace/ycube/GlobusSatProject/..//hal/hal/lib\libHALD.a(Time.o)
                0x2000e5b4                Time_convertEpochToTime
 .text.Time_calculateSecondsOfYear
                0x2000e6b4       0xd8 C:/ISIS/workspace/ycube/GlobusSatProject/..//hal/hal/lib\libHALD.a(Time.o)
 .text.Time_set
                0x2000e78c       0xd8 C:/ISIS/workspace/ycube/GlobusSatProject/..//hal/hal/lib\libHALD.a(Time.o)
                0x2000e78c                Time_set
 .text.Time_isLeapYear
                0x2000e864       0x98 C:/ISIS/workspace/ycube/GlobusSatProject/..//hal/hal/lib\libHALD.a(Time.o)
                0x2000e864                Time_isLeapYear
 .text.Time_get
                0x2000e8fc      0x478 C:/ISIS/workspace/ycube/GlobusSatProject/..//hal/hal/lib\libHALD.a(Time.o)
                0x2000e8fc                Time_get
 .text.Time_getUnixEpoch
                0x2000ed74      0x108 C:/ISIS/workspace/ycube/GlobusSatProject/..//hal/hal/lib\libHALD.a(Time.o)
                0x2000ed74                Time_getUnixEpoch
 .text.Time_secondsOfYearToTime
                0x2000ee7c      0x33c C:/ISIS/workspace/ycube/GlobusSatProject/..//hal/hal/lib\libHALD.a(Time.o)
 .text.Time_setUnixEpoch
                0x2000f1b8       0x54 C:/ISIS/workspace/ycube/GlobusSatProject/..//hal/hal/lib\libHALD.a(Time.o)
                0x2000f1b8                Time_setUnixEpoch
 .text.Time_getUptimeSeconds
                0x2000f20c       0x28 C:/ISIS/workspace/ycube/GlobusSatProject/..//hal/hal/lib\libHALD.a(Time.o)
                0x2000f20c                Time_getUptimeSeconds
 .text.Time_sync
                0x2000f234      0x1a8 C:/ISIS/workspace/ycube/GlobusSatProject/..//hal/hal/lib\libHALD.a(Time.o)
                0x2000f234                Time_sync
 .text.Time_syncIfNeeded
                0x2000f3dc       0xac C:/ISIS/workspace/ycube/GlobusSatProject/..//hal/hal/lib\libHALD.a(Time.o)
                0x2000f3dc                Time_syncIfNeeded
 .text.WDT_start
                0x2000f488       0x48 C:/ISIS/workspace/ycube/GlobusSatProject/..//hal/hal/lib\libHALD.a(WatchDogTimerNoOS.o)
                0x2000f488                WDT_start
 .text.RTT_start
                0x2000f4d0       0x24 C:/ISIS/workspace/ycube/GlobusSatProject/..//hal/hal/lib\libHALD.a(RTT.o)
                0x2000f4d0                RTT_start
 .text.RTT_GetTime
                0x2000f4f4       0x24 C:/ISIS/workspace/ycube/GlobusSatProject/..//hal/hal/lib\libHALD.a(RTT.o)
                0x2000f4f4                RTT_GetTime
 .text.RTC_start
                0x2000f518       0x3c C:/ISIS/workspace/ycube/GlobusSatProject/..//hal/hal/lib\libHALD.a(RTC.o)
                0x2000f518                RTC_start
 .text.RTC_setTime
                0x2000f554      0x2a4 C:/ISIS/workspace/ycube/GlobusSatProject/..//hal/hal/lib\libHALD.a(RTC.o)
                0x2000f554                RTC_setTime
 .text.RTC_getTime
                0x2000f7f8      0x230 C:/ISIS/workspace/ycube/GlobusSatProject/..//hal/hal/lib\libHALD.a(RTC.o)
                0x2000f7f8                RTC_getTime
 .text.RTC_checkTimeValid
                0x2000fa28       0xd8 C:/ISIS/workspace/ycube/GlobusSatProject/..//hal/hal/lib\libHALD.a(RTC.o)
                0x2000fa28                RTC_checkTimeValid
 .text.WDT_startWatchdogKickTask
                0x2000fb00       0xb4 C:/ISIS/workspace/ycube/GlobusSatProject/..//hal/hal/lib\libHALD.a(WatchDogTimerOS.o)
                0x2000fb00                WDT_startWatchdogKickTask
 .text.WDT_forceKickEveryNms
                0x2000fbb4       0x50 C:/ISIS/workspace/ycube/GlobusSatProject/..//hal/hal/lib\libHALD.a(WatchDogTimerOS.o)
                0x2000fbb4                WDT_forceKickEveryNms
 .text.f_puts   0x2000fc04       0x80 C:/ISIS/workspace/ycube/GlobusSatProject/..//hal/hal/lib\libHALD.a(fprintf.o)
                0x2000fc04                f_puts
 .text.LED_glow
                0x2000fc84       0x58 C:/ISIS/workspace/ycube/GlobusSatProject/..//hal/hal/lib\libHALD.a(LED.o)
                0x2000fc84                LED_glow
 .text.LED_dark
                0x2000fcdc       0x58 C:/ISIS/workspace/ycube/GlobusSatProject/..//hal/hal/lib\libHALD.a(LED.o)
                0x2000fcdc                LED_dark
 .text.LED_toggle
                0x2000fd34       0x50 C:/ISIS/workspace/ycube/GlobusSatProject/..//hal/hal/lib\libHALD.a(LED.o)
                0x2000fd34                LED_toggle
 .text.fm_initvolume
                0x2000fd84       0x70 C:/ISIS/workspace/ycube/GlobusSatProject/..//hal/hcc/lib\libHCCD.a(fat_m.o)
                0x2000fd84                fm_initvolume
 .text.fm_delvolume
                0x2000fdf4       0x60 C:/ISIS/workspace/ycube/GlobusSatProject/..//hal/hcc/lib\libHCCD.a(fat_m.o)
                0x2000fdf4                fm_delvolume
 .text.fm_format
                0x2000fe54       0x68 C:/ISIS/workspace/ycube/GlobusSatProject/..//hal/hcc/lib\libHCCD.a(fat_m.o)
                0x2000fe54                fm_format
 .text.fm_getdrive
                0x2000febc       0x70 C:/ISIS/workspace/ycube/GlobusSatProject/..//hal/hcc/lib\libHCCD.a(fat_m.o)
                0x2000febc                fm_getdrive
 .text.fm_getfreespace
                0x2000ff2c       0x68 C:/ISIS/workspace/ycube/GlobusSatProject/..//hal/hcc/lib\libHCCD.a(fat_m.o)
                0x2000ff2c                fm_getfreespace
 .text.fm_mkdir
                0x2000ff94       0x60 C:/ISIS/workspace/ycube/GlobusSatProject/..//hal/hcc/lib\libHCCD.a(fat_m.o)
                0x2000ff94                fm_mkdir
 .text.fm_rmdir
                0x2000fff4       0x60 C:/ISIS/workspace/ycube/GlobusSatProject/..//hal/hcc/lib\libHCCD.a(fat_m.o)
                0x2000fff4                fm_rmdir
 .text.fm_findfirst
                0x20010054       0x68 C:/ISIS/workspace/ycube/GlobusSatProject/..//hal/hcc/lib\libHCCD.a(fat_m.o)
                0x20010054                fm_findfirst
 .text.fm_findnext
                0x200100bc       0x60 C:/ISIS/workspace/ycube/GlobusSatProject/..//hal/hcc/lib\libHCCD.a(fat_m.o)
                0x200100bc                fm_findnext
 .text.fm_close
                0x2001011c       0x60 C:/ISIS/workspace/ycube/GlobusSatProject/..//hal/hcc/lib\libHCCD.a(fat_m.o)
                0x2001011c                fm_close
 .text.fm_flush
                0x2001017c       0x60 C:/ISIS/workspace/ycube/GlobusSatProject/..//hal/hcc/lib\libHCCD.a(fat_m.o)
                0x2001017c                fm_flush
 .text.fm_open  0x200101dc       0x68 C:/ISIS/workspace/ycube/GlobusSatProject/..//hal/hcc/lib\libHCCD.a(fat_m.o)
                0x200101dc                fm_open
 .text.fm_read  0x20010244       0x7c C:/ISIS/workspace/ycube/GlobusSatProject/..//hal/hcc/lib\libHCCD.a(fat_m.o)
                0x20010244                fm_read
 .text.fm_write
                0x200102c0       0x7c C:/ISIS/workspace/ycube/GlobusSatProject/..//hal/hcc/lib\libHCCD.a(fat_m.o)
                0x200102c0                fm_write
 .text.fm_seek  0x2001033c       0x70 C:/ISIS/workspace/ycube/GlobusSatProject/..//hal/hcc/lib\libHCCD.a(fat_m.o)
                0x2001033c                fm_seek
 .text.fm_tell  0x200103ac       0x60 C:/ISIS/workspace/ycube/GlobusSatProject/..//hal/hcc/lib\libHCCD.a(fat_m.o)
                0x200103ac                fm_tell
 .text.fm_putc  0x2001040c       0x68 C:/ISIS/workspace/ycube/GlobusSatProject/..//hal/hcc/lib\libHCCD.a(fat_m.o)
                0x2001040c                fm_putc
 .text.fm_rewind
                0x20010474       0x60 C:/ISIS/workspace/ycube/GlobusSatProject/..//hal/hcc/lib\libHCCD.a(fat_m.o)
                0x20010474                fm_rewind
 .text.fm_delete
                0x200104d4       0x64 C:/ISIS/workspace/ycube/GlobusSatProject/..//hal/hcc/lib\libHCCD.a(fat_m.o)
                0x200104d4                fm_delete
 .text.fm_getlasterror
                0x20010538       0x40 C:/ISIS/workspace/ycube/GlobusSatProject/..//hal/hcc/lib\libHCCD.a(fat_m.o)
                0x20010538                fm_getlasterror
 .text._f_invalidatedir
                0x20010578       0x28 C:/ISIS/workspace/ycube/GlobusSatProject/..//hal/hcc/lib\libHCCD.a(fat.o)
                0x20010578                _f_invalidatedir
 .text._f_getdirsector
                0x200105a0       0x88 C:/ISIS/workspace/ycube/GlobusSatProject/..//hal/hcc/lib\libHCCD.a(fat.o)
                0x200105a0                _f_getdirsector
 .text._f_writedirsector
                0x20010628       0x74 C:/ISIS/workspace/ycube/GlobusSatProject/..//hal/hcc/lib\libHCCD.a(fat.o)
                0x20010628                _f_writedirsector
 .text._f_checknameinv
                0x2001069c      0x180 C:/ISIS/workspace/ycube/GlobusSatProject/..//hal/hcc/lib\libHCCD.a(fat.o)
 .text._f_checkname
                0x2001081c       0x7c C:/ISIS/workspace/ycube/GlobusSatProject/..//hal/hcc/lib\libHCCD.a(fat.o)
 .text._f_checknamewc
                0x20010898       0xf8 C:/ISIS/workspace/ycube/GlobusSatProject/..//hal/hcc/lib\libHCCD.a(fat.o)
 .text._f_setnameext
                0x20010990      0x300 C:/ISIS/workspace/ycube/GlobusSatProject/..//hal/hcc/lib\libHCCD.a(fat.o)
 .text._f_setfsname
                0x20010c90      0x584 C:/ISIS/workspace/ycube/GlobusSatProject/..//hal/hcc/lib\libHCCD.a(fat.o)
 .text._f_findfile
                0x20011214      0x30c C:/ISIS/workspace/ycube/GlobusSatProject/..//hal/hcc/lib\libHCCD.a(fat.o)
 .text._f_cmp_wname
                0x20011520      0x274 C:/ISIS/workspace/ycube/GlobusSatProject/..//hal/hcc/lib\libHCCD.a(fat.o)
 .text._f_to_string
                0x20011794      0x130 C:/ISIS/workspace/ycube/GlobusSatProject/..//hal/hcc/lib\libHCCD.a(fat.o)
 .text._f_findfilewc
                0x200118c4      0x278 C:/ISIS/workspace/ycube/GlobusSatProject/..//hal/hcc/lib\libHCCD.a(fat.o)
 .text._f_getfilename
                0x20011b3c      0x20c C:/ISIS/workspace/ycube/GlobusSatProject/..//hal/hcc/lib\libHCCD.a(fat.o)
 .text._f_findpath
                0x20011d48      0x35c C:/ISIS/workspace/ycube/GlobusSatProject/..//hal/hcc/lib\libHCCD.a(fat.o)
 .text.fn_getdcwd
                0x200120a4      0x1e0 C:/ISIS/workspace/ycube/GlobusSatProject/..//hal/hcc/lib\libHCCD.a(fat.o)
                0x200120a4                fn_getdcwd
 .text.fn_findfirst
                0x20012284      0x13c C:/ISIS/workspace/ycube/GlobusSatProject/..//hal/hcc/lib\libHCCD.a(fat.o)
                0x20012284                fn_findfirst
 .text.fn_findnext
                0x200123c0      0x360 C:/ISIS/workspace/ycube/GlobusSatProject/..//hal/hcc/lib\libHCCD.a(fat.o)
                0x200123c0                fn_findnext
 .text._f_lock_resfile
                0x20012720       0x6c C:/ISIS/workspace/ycube/GlobusSatProject/..//hal/hcc/lib\libHCCD.a(fat.o)
 .text._f_unlock_resfile
                0x2001278c       0x40 C:/ISIS/workspace/ycube/GlobusSatProject/..//hal/hcc/lib\libHCCD.a(fat.o)
 .text._f_getintfile
                0x200127cc      0x124 C:/ISIS/workspace/ycube/GlobusSatProject/..//hal/hcc/lib\libHCCD.a(fat.o)
 .text._f_addentry
                0x200128f0      0x540 C:/ISIS/workspace/ycube/GlobusSatProject/..//hal/hcc/lib\libHCCD.a(fat.o)
 .text.fn_mkdir
                0x20012e30      0x75c C:/ISIS/workspace/ycube/GlobusSatProject/..//hal/hcc/lib\libHCCD.a(fat.o)
                0x20012e30                fn_mkdir
 .text.fn_open_sub
                0x2001358c     0x1698 C:/ISIS/workspace/ycube/GlobusSatProject/..//hal/hcc/lib\libHCCD.a(fat.o)
 .text.fn_open  0x20014c24       0x44 C:/ISIS/workspace/ycube/GlobusSatProject/..//hal/hcc/lib\libHCCD.a(fat.o)
                0x20014c24                fn_open
 .text.fn_delete
                0x20014c68      0x490 C:/ISIS/workspace/ycube/GlobusSatProject/..//hal/hcc/lib\libHCCD.a(fat.o)
                0x20014c68                fn_delete
 .text.fn_rmdir
                0x200150f8      0x5ac C:/ISIS/workspace/ycube/GlobusSatProject/..//hal/hcc/lib\libHCCD.a(fat.o)
                0x200150f8                fn_rmdir
 .text.fn_init  0x200156a4      0x2dc C:/ISIS/workspace/ycube/GlobusSatProject/..//hal/hcc/lib\libHCCD.a(fat_common.o)
                0x200156a4                fn_init
 .text.fn_start
                0x20015980       0x1c C:/ISIS/workspace/ycube/GlobusSatProject/..//hal/hcc/lib\libHCCD.a(fat_common.o)
                0x20015980                fn_start
 .text.fsn_delete
                0x2001599c       0xc8 C:/ISIS/workspace/ycube/GlobusSatProject/..//hal/hcc/lib\libHCCD.a(fat_common.o)
                0x2001599c                fsn_delete
 .text._f_get16bitl
                0x20015a64       0x4c C:/ISIS/workspace/ycube/GlobusSatProject/..//hal/hcc/lib\libHCCD.a(fat_common.o)
                0x20015a64                _f_get16bitl
 .text._f_set16bitl
                0x20015ab0       0x54 C:/ISIS/workspace/ycube/GlobusSatProject/..//hal/hcc/lib\libHCCD.a(fat_common.o)
                0x20015ab0                _f_set16bitl
 .text._f_get32bitl
                0x20015b04       0x68 C:/ISIS/workspace/ycube/GlobusSatProject/..//hal/hcc/lib\libHCCD.a(fat_common.o)
                0x20015b04                _f_get32bitl
 .text._f_set32bitl
                0x20015b6c       0x78 C:/ISIS/workspace/ycube/GlobusSatProject/..//hal/hcc/lib\libHCCD.a(fat_common.o)
                0x20015b6c                _f_set32bitl
 .text._get8bit
                0x20015be4       0xa0 C:/ISIS/workspace/ycube/GlobusSatProject/..//hal/hcc/lib\libHCCD.a(fat_common.o)
 .text._get16bitl
                0x20015c84       0x40 C:/ISIS/workspace/ycube/GlobusSatProject/..//hal/hcc/lib\libHCCD.a(fat_common.o)
 .text._get32bitl
                0x20015cc4       0x3c C:/ISIS/workspace/ycube/GlobusSatProject/..//hal/hcc/lib\libHCCD.a(fat_common.o)
 .text._set8bitzero
                0x20015d00       0x6c C:/ISIS/workspace/ycube/GlobusSatProject/..//hal/hcc/lib\libHCCD.a(fat_common.o)
 .text._set8bit
                0x20015d6c       0xa0 C:/ISIS/workspace/ycube/GlobusSatProject/..//hal/hcc/lib\libHCCD.a(fat_common.o)
 .text._set16bitl
                0x20015e0c       0x3c C:/ISIS/workspace/ycube/GlobusSatProject/..//hal/hcc/lib\libHCCD.a(fat_common.o)
 .text._set32bitl
                0x20015e48       0x34 C:/ISIS/workspace/ycube/GlobusSatProject/..//hal/hcc/lib\libHCCD.a(fat_common.o)
 .text._f_setcardremoved
                0x20015e7c       0x94 C:/ISIS/workspace/ycube/GlobusSatProject/..//hal/hcc/lib\libHCCD.a(fat_common.o)
 .text._f_checkstatus
                0x20015f10      0x104 C:/ISIS/workspace/ycube/GlobusSatProject/..//hal/hcc/lib\libHCCD.a(fat_common.o)
                0x20015f10                _f_checkstatus
 .text._f_drvgetphy
                0x20016014      0x114 C:/ISIS/workspace/ycube/GlobusSatProject/..//hal/hcc/lib\libHCCD.a(fat_common.o)
 .text._f_drvwritesector
                0x20016128       0xdc C:/ISIS/workspace/ycube/GlobusSatProject/..//hal/hcc/lib\libHCCD.a(fat_common.o)
 .text._f_drvreadsector
                0x20016204       0xa8 C:/ISIS/workspace/ycube/GlobusSatProject/..//hal/hcc/lib\libHCCD.a(fat_common.o)
 .text._f_writesector
                0x200162ac      0x23c C:/ISIS/workspace/ycube/GlobusSatProject/..//hal/hcc/lib\libHCCD.a(fat_common.o)
                0x200162ac                _f_writesector
 .text._f_readsector
                0x200164e8      0x1dc C:/ISIS/workspace/ycube/GlobusSatProject/..//hal/hcc/lib\libHCCD.a(fat_common.o)
                0x200164e8                _f_readsector
 .text._f_getmaxcluster
                0x200166c4       0x94 C:/ISIS/workspace/ycube/GlobusSatProject/..//hal/hcc/lib\libHCCD.a(fat_common.o)
                0x200166c4                _f_getmaxcluster
 .text._getsectorfromcluster
                0x20016758       0x68 C:/ISIS/workspace/ycube/GlobusSatProject/..//hal/hcc/lib\libHCCD.a(fat_common.o)
 .text._f_buildsectors
                0x200167c0      0x268 C:/ISIS/workspace/ycube/GlobusSatProject/..//hal/hcc/lib\libHCCD.a(fat_common.o)
 .text._f_getbootrecord
                0x20016a28      0x5e4 C:/ISIS/workspace/ycube/GlobusSatProject/..//hal/hcc/lib\libHCCD.a(fat_common.o)
 .text._f_readbootrecord
                0x2001700c      0x4f8 C:/ISIS/workspace/ycube/GlobusSatProject/..//hal/hcc/lib\libHCCD.a(fat_common.o)
 .text._f_writebootrecord
                0x20017504      0x5e4 C:/ISIS/workspace/ycube/GlobusSatProject/..//hal/hcc/lib\libHCCD.a(fat_common.o)
 .text._f_flushcffiles
                0x20017ae8      0x17c C:/ISIS/workspace/ycube/GlobusSatProject/..//hal/hcc/lib\libHCCD.a(fat_common.o)
                0x20017ae8                _f_flushcffiles
 .text._f_fatcache_flush
                0x20017c64      0x270 C:/ISIS/workspace/ycube/GlobusSatProject/..//hal/hcc/lib\libHCCD.a(fat_common.o)
                0x20017c64                _f_fatcache_flush
 .text._f_writefatsector
                0x20017ed4      0x100 C:/ISIS/workspace/ycube/GlobusSatProject/..//hal/hcc/lib\libHCCD.a(fat_common.o)
                0x20017ed4                _f_writefatsector
 .text._f_getfatsector
                0x20017fd4      0x3bc C:/ISIS/workspace/ycube/GlobusSatProject/..//hal/hcc/lib\libHCCD.a(fat_common.o)
 .text._f_setclustervalue
                0x20018390      0x490 C:/ISIS/workspace/ycube/GlobusSatProject/..//hal/hcc/lib\libHCCD.a(fat_common.o)
                0x20018390                _f_setclustervalue
 .text._f_getclustervalue
                0x20018820      0x388 C:/ISIS/workspace/ycube/GlobusSatProject/..//hal/hcc/lib\libHCCD.a(fat_common.o)
                0x20018820                _f_getclustervalue
 .text._f_close_drive_files
                0x20018ba8       0xac C:/ISIS/workspace/ycube/GlobusSatProject/..//hal/hcc/lib\libHCCD.a(fat_common.o)
 .text._f_inc_mount_count
                0x20018c54       0xa4 C:/ISIS/workspace/ycube/GlobusSatProject/..//hal/hcc/lib\libHCCD.a(fat_common.o)
 .text._f_getvolume
                0x20018cf8      0x2f8 C:/ISIS/workspace/ycube/GlobusSatProject/..//hal/hcc/lib\libHCCD.a(fat_common.o)
                0x20018cf8                _f_getvolume
 .text.fn_createdriver
                0x20018ff0      0x118 C:/ISIS/workspace/ycube/GlobusSatProject/..//hal/hcc/lib\libHCCD.a(fat_common.o)
                0x20018ff0                fn_createdriver
 .text.fn_initvolume
                0x20019108      0x12c C:/ISIS/workspace/ycube/GlobusSatProject/..//hal/hcc/lib\libHCCD.a(fat_common.o)
                0x20019108                fn_initvolume
 .text.fn_releasedriver
                0x20019234       0xf4 C:/ISIS/workspace/ycube/GlobusSatProject/..//hal/hcc/lib\libHCCD.a(fat_common.o)
                0x20019234                fn_releasedriver
 .text.fn_initvolumepartition_sub
                0x20019328       0xe0 C:/ISIS/workspace/ycube/GlobusSatProject/..//hal/hcc/lib\libHCCD.a(fat_common.o)
 .text.fn_initvolumepartition
                0x20019408       0xac C:/ISIS/workspace/ycube/GlobusSatProject/..//hal/hcc/lib\libHCCD.a(fat_common.o)
                0x20019408                fn_initvolumepartition
 .text.fn_delvolume
                0x200194b4      0x194 C:/ISIS/workspace/ycube/GlobusSatProject/..//hal/hcc/lib\libHCCD.a(fat_common.o)
                0x200194b4                fn_delvolume
 .text._f_clustertopos
                0x20019648       0xf8 C:/ISIS/workspace/ycube/GlobusSatProject/..//hal/hcc/lib\libHCCD.a(fat_common.o)
                0x20019648                _f_clustertopos
 .text._f_prepareformat
                0x20019740      0x8b8 C:/ISIS/workspace/ycube/GlobusSatProject/..//hal/hcc/lib\libHCCD.a(fat_common.o)
 .text._f_resetfatentries
                0x20019ff8      0x410 C:/ISIS/workspace/ycube/GlobusSatProject/..//hal/hcc/lib\libHCCD.a(fat_common.o)
 .text._f_resetrootdir
                0x2001a408       0xcc C:/ISIS/workspace/ycube/GlobusSatProject/..//hal/hcc/lib\libHCCD.a(fat_common.o)
 .text._f_postformat
                0x2001a4d4      0x178 C:/ISIS/workspace/ycube/GlobusSatProject/..//hal/hcc/lib\libHCCD.a(fat_common.o)
 .text.fn_format
                0x2001a64c      0x148 C:/ISIS/workspace/ycube/GlobusSatProject/..//hal/hcc/lib\libHCCD.a(fat_common.o)
                0x2001a64c                fn_format
 .text._f_getcurrsector
                0x2001a794      0x6c8 C:/ISIS/workspace/ycube/GlobusSatProject/..//hal/hcc/lib\libHCCD.a(fat_common.o)
                0x2001a794                _f_getcurrsector
 .text._f_getdecluster
                0x2001ae5c       0x90 C:/ISIS/workspace/ycube/GlobusSatProject/..//hal/hcc/lib\libHCCD.a(fat_common.o)
                0x2001ae5c                _f_getdecluster
 .text._f_setdecluster
                0x2001aeec       0x8c C:/ISIS/workspace/ycube/GlobusSatProject/..//hal/hcc/lib\libHCCD.a(fat_common.o)
                0x2001aeec                _f_setdecluster
 .text.fn_getdrive
                0x2001af78       0x30 C:/ISIS/workspace/ycube/GlobusSatProject/..//hal/hcc/lib\libHCCD.a(fat_common.o)
                0x2001af78                fn_getdrive
 .text._f_getcurrenttimedate
                0x2001afa8      0x138 C:/ISIS/workspace/ycube/GlobusSatProject/..//hal/hcc/lib\libHCCD.a(fat_common.o)
                0x2001afa8                _f_getcurrenttimedate
 .text._f_initentry
                0x2001b0e0       0xa0 C:/ISIS/workspace/ycube/GlobusSatProject/..//hal/hcc/lib\libHCCD.a(fat_common.o)
                0x2001b0e0                _f_initentry
 .text._f_alloccluster
                0x2001b180      0x344 C:/ISIS/workspace/ycube/GlobusSatProject/..//hal/hcc/lib\libHCCD.a(fat_common.o)
                0x2001b180                _f_alloccluster
 .text._f_dobadblock
                0x2001b4c4      0x2cc C:/ISIS/workspace/ycube/GlobusSatProject/..//hal/hcc/lib\libHCCD.a(fat_common.o)
                0x2001b4c4                _f_dobadblock
 .text._f_checklocked
                0x2001b790       0xe4 C:/ISIS/workspace/ycube/GlobusSatProject/..//hal/hcc/lib\libHCCD.a(fat_common.o)
                0x2001b790                _f_checklocked
 .text._f_checkappendlocked
                0x2001b874      0x110 C:/ISIS/workspace/ycube/GlobusSatProject/..//hal/hcc/lib\libHCCD.a(fat_common.o)
                0x2001b874                _f_checkappendlocked
 .text._f_setsyncafile
                0x2001b984      0x114 C:/ISIS/workspace/ycube/GlobusSatProject/..//hal/hcc/lib\libHCCD.a(fat_common.o)
                0x2001b984                _f_setsyncafile
 .text._f_syncfiles
                0x2001ba98      0x128 C:/ISIS/workspace/ycube/GlobusSatProject/..//hal/hcc/lib\libHCCD.a(fat_common.o)
                0x2001ba98                _f_syncfiles
 .text._f_syncfilescontent
                0x2001bbc0      0x15c C:/ISIS/workspace/ycube/GlobusSatProject/..//hal/hcc/lib\libHCCD.a(fat_common.o)
 .text.fn_getfreespace
                0x2001bd1c      0x4c0 C:/ISIS/workspace/ycube/GlobusSatProject/..//hal/hcc/lib\libHCCD.a(fat_common.o)
                0x2001bd1c                fn_getfreespace
 .text._f_emptywritecache
                0x2001c1dc      0x4a4 C:/ISIS/workspace/ycube/GlobusSatProject/..//hal/hcc/lib\libHCCD.a(fat_common.o)
 .text._f_allocnextcluster
                0x2001c680      0x54c C:/ISIS/workspace/ycube/GlobusSatProject/..//hal/hcc/lib\libHCCD.a(fat_common.o)
 .text._f_emptywritebuffer
                0x2001cbcc      0x20c C:/ISIS/workspace/ycube/GlobusSatProject/..//hal/hcc/lib\libHCCD.a(fat_common.o)
 .text._f_writezeros
                0x2001cdd8       0xf0 C:/ISIS/workspace/ycube/GlobusSatProject/..//hal/hcc/lib\libHCCD.a(fat_common.o)
                0x2001cdd8                _f_writezeros
 .text._f_extend_file
                0x2001cec8      0x570 C:/ISIS/workspace/ycube/GlobusSatProject/..//hal/hcc/lib\libHCCD.a(fat_common.o)
 .text._f_fseek
                0x2001d438      0x9bc C:/ISIS/workspace/ycube/GlobusSatProject/..//hal/hcc/lib\libHCCD.a(fat_common.o)
                0x2001d438                _f_fseek
 .text._f_removechain
                0x2001ddf4      0x104 C:/ISIS/workspace/ycube/GlobusSatProject/..//hal/hcc/lib\libHCCD.a(fat_common.o)
                0x2001ddf4                _f_removechain
 .text._f_updatefileentry
                0x2001def8      0x1cc C:/ISIS/workspace/ycube/GlobusSatProject/..//hal/hcc/lib\libHCCD.a(fat_common.o)
 .text._f_checkreadlocked
                0x2001e0c4      0x1bc C:/ISIS/workspace/ycube/GlobusSatProject/..//hal/hcc/lib\libHCCD.a(fat_common.o)
                0x2001e0c4                _f_checkreadlocked
 .text._f_check_handle
                0x2001e280       0x98 C:/ISIS/workspace/ycube/GlobusSatProject/..//hal/hcc/lib\libHCCD.a(fat_common.o)
                0x2001e280                _f_check_handle
 .text._f_removesyncafile
                0x2001e318      0x1ec C:/ISIS/workspace/ycube/GlobusSatProject/..//hal/hcc/lib\libHCCD.a(fat_common.o)
 .text.fn_close
                0x2001e504      0x3f8 C:/ISIS/workspace/ycube/GlobusSatProject/..//hal/hcc/lib\libHCCD.a(fat_common.o)
                0x2001e504                fn_close
 .text.fn_flush
                0x2001e8fc      0x374 C:/ISIS/workspace/ycube/GlobusSatProject/..//hal/hcc/lib\libHCCD.a(fat_common.o)
                0x2001e8fc                fn_flush
 .text.fn_read  0x2001ec70      0x690 C:/ISIS/workspace/ycube/GlobusSatProject/..//hal/hcc/lib\libHCCD.a(fat_common.o)
                0x2001ec70                fn_read
 .text._f_abortwrite
                0x2001f300      0x100 C:/ISIS/workspace/ycube/GlobusSatProject/..//hal/hcc/lib\libHCCD.a(fat_common.o)
 .text._f_checkwritecluster
                0x2001f400       0xe4 C:/ISIS/workspace/ycube/GlobusSatProject/..//hal/hcc/lib\libHCCD.a(fat_common.o)
 .text.fn_write
                0x2001f4e4      0x8a8 C:/ISIS/workspace/ycube/GlobusSatProject/..//hal/hcc/lib\libHCCD.a(fat_common.o)
                0x2001f4e4                fn_write
 .text.fn_seek  0x2001fd8c      0x270 C:/ISIS/workspace/ycube/GlobusSatProject/..//hal/hcc/lib\libHCCD.a(fat_common.o)
                0x2001fd8c                fn_seek
 .text.fn_tell  0x2001fffc      0x19c C:/ISIS/workspace/ycube/GlobusSatProject/..//hal/hcc/lib\libHCCD.a(fat_common.o)
                0x2001fffc                fn_tell
 .text.fn_rewind
                0x20020198       0x38 C:/ISIS/workspace/ycube/GlobusSatProject/..//hal/hcc/lib\libHCCD.a(fat_common.o)
                0x20020198                fn_rewind
 .text.fn_putc  0x200201d0       0x68 C:/ISIS/workspace/ycube/GlobusSatProject/..//hal/hcc/lib\libHCCD.a(fat_common.o)
                0x200201d0                fn_putc
 .text.f_enterFS
                0x20020238      0x1c0 C:/ISIS/workspace/ycube/GlobusSatProject/..//hal/hcc/lib\libHCCD.a(fat_common.o)
                0x20020238                f_enterFS
 .text.f_releaseFS
                0x200203f8       0xb0 C:/ISIS/workspace/ycube/GlobusSatProject/..//hal/hcc/lib\libHCCD.a(fat_common.o)
                0x200203f8                f_releaseFS
 .text.fnGetTask
                0x200204a8       0xfc C:/ISIS/workspace/ycube/GlobusSatProject/..//hal/hcc/lib\libHCCD.a(fat_common.o)
                0x200204a8                fnGetTask
 .text._f_mutex_get
                0x200205a4       0x98 C:/ISIS/workspace/ycube/GlobusSatProject/..//hal/hcc/lib\libHCCD.a(fat_common.o)
                0x200205a4                _f_mutex_get
 .text._f_mutex_put
                0x2002063c       0x54 C:/ISIS/workspace/ycube/GlobusSatProject/..//hal/hcc/lib\libHCCD.a(fat_common.o)
                0x2002063c                _f_mutex_put
 .text._fn_initseekdivisor
                0x20020690      0x158 C:/ISIS/workspace/ycube/GlobusSatProject/..//hal/hcc/lib\libHCCD.a(fat_common.o)
                0x20020690                _fn_initseekdivisor
 .text._fn_updateseekpos
                0x200207e8       0xc4 C:/ISIS/workspace/ycube/GlobusSatProject/..//hal/hcc/lib\libHCCD.a(fat_common.o)
 .text._f_findopensize
                0x200208ac       0x2c C:/ISIS/workspace/ycube/GlobusSatProject/..//hal/hcc/lib\libHCCD.a(fat_common.o)
                0x200208ac                _f_findopensize
 .text.fn_setlasterror
                0x200208d8       0x34 C:/ISIS/workspace/ycube/GlobusSatProject/..//hal/hcc/lib\libHCCD.a(fat_common.o)
                0x200208d8                fn_setlasterror
 .text.fn_setlasterror_noret
                0x2002090c       0x2c C:/ISIS/workspace/ycube/GlobusSatProject/..//hal/hcc/lib\libHCCD.a(fat_common.o)
                0x2002090c                fn_setlasterror_noret
 .text._s_checkzeroclusteratend
                0x20020938       0xf8 C:/ISIS/workspace/ycube/GlobusSatProject/..//hal/hcc/lib\libHCCD.a(safefat.o)
 .text._s_clearclustercontent
                0x20020a30      0x108 C:/ISIS/workspace/ycube/GlobusSatProject/..//hal/hcc/lib\libHCCD.a(safefat.o)
 .text._s_clearclustercontentdir
                0x20020b38      0x19c C:/ISIS/workspace/ycube/GlobusSatProject/..//hal/hcc/lib\libHCCD.a(safefat.o)
 .text._s_writedirsector
                0x20020cd4       0xd0 C:/ISIS/workspace/ycube/GlobusSatProject/..//hal/hcc/lib\libHCCD.a(safefat.o)
 .text._s_getdirsector
                0x20020da4      0x100 C:/ISIS/workspace/ycube/GlobusSatProject/..//hal/hcc/lib\libHCCD.a(safefat.o)
 .text._s_addentry
                0x20020ea4      0x394 C:/ISIS/workspace/ycube/GlobusSatProject/..//hal/hcc/lib\libHCCD.a(safefat.o)
 .text._s_findfile
                0x20021238      0x33c C:/ISIS/workspace/ycube/GlobusSatProject/..//hal/hcc/lib\libHCCD.a(safefat.o)
 .text._s_findsubdir
                0x20021574      0x248 C:/ISIS/workspace/ycube/GlobusSatProject/..//hal/hcc/lib\libHCCD.a(safefat.o)
 .text._s_createfile
                0x200217bc      0x190 C:/ISIS/workspace/ycube/GlobusSatProject/..//hal/hcc/lib\libHCCD.a(safefat.o)
 .text._s_findsaffile
                0x2002194c      0x1b8 C:/ISIS/workspace/ycube/GlobusSatProject/..//hal/hcc/lib\libHCCD.a(safefat.o)
 .text._s_open  0x20021b04       0xe4 C:/ISIS/workspace/ycube/GlobusSatProject/..//hal/hcc/lib\libHCCD.a(safefat.o)
 .text._s_open_saf
                0x20021be8       0xe8 C:/ISIS/workspace/ycube/GlobusSatProject/..//hal/hcc/lib\libHCCD.a(safefat.o)
 .text._s_flush
                0x20021cd0       0x84 C:/ISIS/workspace/ycube/GlobusSatProject/..//hal/hcc/lib\libHCCD.a(safefat.o)
 .text._s_allocnextcluster
                0x20021d54      0x13c C:/ISIS/workspace/ycube/GlobusSatProject/..//hal/hcc/lib\libHCCD.a(safefat.o)
 .text._s_getnextsector
                0x20021e90       0xdc C:/ISIS/workspace/ycube/GlobusSatProject/..//hal/hcc/lib\libHCCD.a(safefat.o)
 .text._s_seek  0x20021f6c      0x1e8 C:/ISIS/workspace/ycube/GlobusSatProject/..//hal/hcc/lib\libHCCD.a(safefat.o)
 .text._s_get_len
                0x20022154      0x10c C:/ISIS/workspace/ycube/GlobusSatProject/..//hal/hcc/lib\libHCCD.a(safefat.o)
 .text._s_set_len
                0x20022260       0xb4 C:/ISIS/workspace/ycube/GlobusSatProject/..//hal/hcc/lib\libHCCD.a(safefat.o)
 .text.safe_fix_filelengths
                0x20022314       0xcc C:/ISIS/workspace/ycube/GlobusSatProject/..//hal/hcc/lib\libHCCD.a(safefat.o)
                0x20022314                safe_fix_filelengths
 .text._s_read  0x200223e0      0x228 C:/ISIS/workspace/ycube/GlobusSatProject/..//hal/hcc/lib\libHCCD.a(safefat.o)
 .text._s_write
                0x20022608      0x384 C:/ISIS/workspace/ycube/GlobusSatProject/..//hal/hcc/lib\libHCCD.a(safefat.o)
 .text._s_restoreclusters
                0x2002298c      0x270 C:/ISIS/workspace/ycube/GlobusSatProject/..//hal/hcc/lib\libHCCD.a(safefat.o)
                0x2002298c                _s_restoreclusters
 .text._s_findrestore
                0x20022bfc      0x18c C:/ISIS/workspace/ycube/GlobusSatProject/..//hal/hcc/lib\libHCCD.a(safefat.o)
 .text._s_cmd_writede
                0x20022d88       0xd8 C:/ISIS/workspace/ycube/GlobusSatProject/..//hal/hcc/lib\libHCCD.a(safefat.o)
 .text._s_cmd_setcluster
                0x20022e60       0x88 C:/ISIS/workspace/ycube/GlobusSatProject/..//hal/hcc/lib\libHCCD.a(safefat.o)
 .text._s_cmd_deletechain
                0x20022ee8      0x100 C:/ISIS/workspace/ycube/GlobusSatProject/..//hal/hcc/lib\libHCCD.a(safefat.o)
 .text._s_cmd_validatecfn
                0x20022fe8      0x308 C:/ISIS/workspace/ycube/GlobusSatProject/..//hal/hcc/lib\libHCCD.a(safefat.o)
 .text._s_cmd_seteof
                0x200232f0      0x3c4 C:/ISIS/workspace/ycube/GlobusSatProject/..//hal/hcc/lib\libHCCD.a(safefat.o)
 .text.safe_docommands
                0x200236b4      0x56c C:/ISIS/workspace/ycube/GlobusSatProject/..//hal/hcc/lib\libHCCD.a(safefat.o)
                0x200236b4                safe_docommands
 .text.safe_entercommand
                0x20023c20       0x68 C:/ISIS/workspace/ycube/GlobusSatProject/..//hal/hcc/lib\libHCCD.a(safefat.o)
                0x20023c20                safe_entercommand
 .text.safe_ready
                0x20023c88       0xf4 C:/ISIS/workspace/ycube/GlobusSatProject/..//hal/hcc/lib\libHCCD.a(safefat.o)
                0x20023c88                safe_ready
 .text.safe_copycfn
                0x20023d7c       0xb8 C:/ISIS/workspace/ycube/GlobusSatProject/..//hal/hcc/lib\libHCCD.a(safefat.o)
                0x20023d7c                safe_copycfn
 .text.safe_cfremove
                0x20023e34       0xb8 C:/ISIS/workspace/ycube/GlobusSatProject/..//hal/hcc/lib\libHCCD.a(safefat.o)
                0x20023e34                safe_cfremove
 .text.safe_writede
                0x20023eec      0x104 C:/ISIS/workspace/ycube/GlobusSatProject/..//hal/hcc/lib\libHCCD.a(safefat.o)
                0x20023eec                safe_writede
 .text.safe_setcluster
                0x20023ff0       0xcc C:/ISIS/workspace/ycube/GlobusSatProject/..//hal/hcc/lib\libHCCD.a(safefat.o)
                0x20023ff0                safe_setcluster
 .text.safe_deletechain
                0x200240bc      0x1c8 C:/ISIS/workspace/ycube/GlobusSatProject/..//hal/hcc/lib\libHCCD.a(safefat.o)
                0x200240bc                safe_deletechain
 .text.safe_cfclose
                0x20024284      0x104 C:/ISIS/workspace/ycube/GlobusSatProject/..//hal/hcc/lib\libHCCD.a(safefat.o)
                0x20024284                safe_cfclose
 .text.safe_cfflush
                0x20024388      0x124 C:/ISIS/workspace/ycube/GlobusSatProject/..//hal/hcc/lib\libHCCD.a(safefat.o)
                0x20024388                safe_cfflush
 .text.safe_reset
                0x200244ac       0x78 C:/ISIS/workspace/ycube/GlobusSatProject/..//hal/hcc/lib\libHCCD.a(safefat.o)
                0x200244ac                safe_reset
 .text.safe_loadcommands
                0x20024524       0x78 C:/ISIS/workspace/ycube/GlobusSatProject/..//hal/hcc/lib\libHCCD.a(safefat.o)
                0x20024524                safe_loadcommands
 .text.safe_poweron
                0x2002459c      0x1fc C:/ISIS/workspace/ycube/GlobusSatProject/..//hal/hcc/lib\libHCCD.a(safefat.o)
                0x2002459c                safe_poweron
 .text.cf_getname
                0x20024798       0xc0 C:/ISIS/workspace/ycube/GlobusSatProject/..//hal/hcc/lib\libHCCD.a(safefat.o)
 .text.cf_copyclusterchain
                0x20024858      0x138 C:/ISIS/workspace/ycube/GlobusSatProject/..//hal/hcc/lib\libHCCD.a(safefat.o)
 .text.cf_seektozero
                0x20024990       0x94 C:/ISIS/workspace/ycube/GlobusSatProject/..//hal/hcc/lib\libHCCD.a(safefat.o)
                0x20024990                cf_seektozero
 .text.cf_create
                0x20024a24      0x3a8 C:/ISIS/workspace/ycube/GlobusSatProject/..//hal/hcc/lib\libHCCD.a(safefat.o)
                0x20024a24                cf_create
 .text.cf_copyclustercontent
                0x20024dcc      0x128 C:/ISIS/workspace/ycube/GlobusSatProject/..//hal/hcc/lib\libHCCD.a(safefat.o)
                0x20024dcc                cf_copyclustercontent
 .text.cf_copycfn
                0x20024ef4      0x4bc C:/ISIS/workspace/ycube/GlobusSatProject/..//hal/hcc/lib\libHCCD.a(safefat.o)
                0x20024ef4                cf_copycfn
 .text.cf_remove
                0x200253b0      0x344 C:/ISIS/workspace/ycube/GlobusSatProject/..//hal/hcc/lib\libHCCD.a(safefat.o)
                0x200253b0                cf_remove
 .text.cf_setclusternew
                0x200256f4       0xf0 C:/ISIS/workspace/ycube/GlobusSatProject/..//hal/hcc/lib\libHCCD.a(safefat.o)
                0x200256f4                cf_setclusternew
 .text.cf_flush
                0x200257e4       0x58 C:/ISIS/workspace/ycube/GlobusSatProject/..//hal/hcc/lib\libHCCD.a(safefat.o)
                0x200257e4                cf_flush
 .text.cf_getcluster
                0x2002583c      0x1b4 C:/ISIS/workspace/ycube/GlobusSatProject/..//hal/hcc/lib\libHCCD.a(safefat.o)
                0x2002583c                cf_getcluster
 .text.cf_setnextcluster
                0x200259f0      0x194 C:/ISIS/workspace/ycube/GlobusSatProject/..//hal/hcc/lib\libHCCD.a(safefat.o)
                0x200259f0                cf_setnextcluster
 .text.cf_getpositions
                0x20025b84       0xbc C:/ISIS/workspace/ycube/GlobusSatProject/..//hal/hcc/lib\libHCCD.a(safefat.o)
                0x20025b84                cf_getpositions
 .text.cf_setpositions
                0x20025c40       0xb0 C:/ISIS/workspace/ycube/GlobusSatProject/..//hal/hcc/lib\libHCCD.a(safefat.o)
                0x20025c40                cf_setpositions
 .text.cf_opensyncafile
                0x20025cf0      0x150 C:/ISIS/workspace/ycube/GlobusSatProject/..//hal/hcc/lib\libHCCD.a(safefat.o)
                0x20025cf0                cf_opensyncafile
 .text.cf_reloadcfo
                0x20025e40       0xd8 C:/ISIS/workspace/ycube/GlobusSatProject/..//hal/hcc/lib\libHCCD.a(safefat.o)
                0x20025e40                cf_reloadcfo
 .text.mcipdc_cmd
                0x20025f18      0x22c C:/ISIS/workspace/ycube/GlobusSatProject/..//hal/hcc/lib\libHCCD.a(atmel_mcipdc.o)
 .text.mcipdc_stop
                0x20026144       0xfc C:/ISIS/workspace/ycube/GlobusSatProject/..//hal/hcc/lib\libHCCD.a(atmel_mcipdc.o)
                0x20026144                mcipdc_stop
 .text.mcipdc_read
                0x20026240      0x27c C:/ISIS/workspace/ycube/GlobusSatProject/..//hal/hcc/lib\libHCCD.a(atmel_mcipdc.o)
 .text.mcipdc_write
                0x200264bc      0x298 C:/ISIS/workspace/ycube/GlobusSatProject/..//hal/hcc/lib\libHCCD.a(atmel_mcipdc.o)
 .text.mcipdc_readsector
                0x20026754       0x9c C:/ISIS/workspace/ycube/GlobusSatProject/..//hal/hcc/lib\libHCCD.a(atmel_mcipdc.o)
                0x20026754                mcipdc_readsector
 .text.mcipdc_readmultiplesector
                0x200267f0      0x124 C:/ISIS/workspace/ycube/GlobusSatProject/..//hal/hcc/lib\libHCCD.a(atmel_mcipdc.o)
                0x200267f0                mcipdc_readmultiplesector
 .text.mcipdc_writesector
                0x20026914       0x90 C:/ISIS/workspace/ycube/GlobusSatProject/..//hal/hcc/lib\libHCCD.a(atmel_mcipdc.o)
                0x20026914                mcipdc_writesector
 .text.mcipdc_writemultiplesector
                0x200269a4      0x120 C:/ISIS/workspace/ycube/GlobusSatProject/..//hal/hcc/lib\libHCCD.a(atmel_mcipdc.o)
                0x200269a4                mcipdc_writemultiplesector
 .text.mcipdc_set_speed
                0x20026ac4       0xb0 C:/ISIS/workspace/ycube/GlobusSatProject/..//hal/hcc/lib\libHCCD.a(atmel_mcipdc.o)
 .text.mcipdc_get_speed
                0x20026b74       0x48 C:/ISIS/workspace/ycube/GlobusSatProject/..//hal/hcc/lib\libHCCD.a(atmel_mcipdc.o)
 .text._get_csd_bits
                0x20026bbc      0x14c C:/ISIS/workspace/ycube/GlobusSatProject/..//hal/hcc/lib\libHCCD.a(atmel_mcipdc.o)
 .text.mcipdc_initcard
                0x20026d08      0x8f4 C:/ISIS/workspace/ycube/GlobusSatProject/..//hal/hcc/lib\libHCCD.a(atmel_mcipdc.o)
 .text.mcipdc_getstatus
                0x200275fc       0xe8 C:/ISIS/workspace/ycube/GlobusSatProject/..//hal/hcc/lib\libHCCD.a(atmel_mcipdc.o)
 .text.mcipdc_getphy
                0x200276e4       0x90 C:/ISIS/workspace/ycube/GlobusSatProject/..//hal/hcc/lib\libHCCD.a(atmel_mcipdc.o)
 .text.mcipdc_release
                0x20027774       0x50 C:/ISIS/workspace/ycube/GlobusSatProject/..//hal/hcc/lib\libHCCD.a(atmel_mcipdc.o)
 .text.atmel_mcipdc_initfunc
                0x200277c4      0x160 C:/ISIS/workspace/ycube/GlobusSatProject/..//hal/hcc/lib\libHCCD.a(atmel_mcipdc.o)
                0x200277c4                atmel_mcipdc_initfunc
 .text.oal_task_get_id
                0x20027924       0x18 C:/ISIS/workspace/ycube/GlobusSatProject/..//hal/hcc/lib\libHCCD.a(oalp_task.o)
                0x20027924                oal_task_get_id
 .text.oal_mutex_create
                0x2002793c       0x54 C:/ISIS/workspace/ycube/GlobusSatProject/..//hal/hcc/lib\libHCCD.a(oalp_mutex.o)
                0x2002793c                oal_mutex_create
 .text.oal_mutex_delete
                0x20027990       0x30 C:/ISIS/workspace/ycube/GlobusSatProject/..//hal/hcc/lib\libHCCD.a(oalp_mutex.o)
                0x20027990                oal_mutex_delete
 .text.oal_mutex_get
                0x200279c0       0x58 C:/ISIS/workspace/ycube/GlobusSatProject/..//hal/hcc/lib\libHCCD.a(oalp_mutex.o)
                0x200279c0                oal_mutex_get
 .text.oal_mutex_put
                0x20027a18       0x58 C:/ISIS/workspace/ycube/GlobusSatProject/..//hal/hcc/lib\libHCCD.a(oalp_mutex.o)
                0x20027a18                oal_mutex_put
 .text.mcipdc_hw_init
                0x20027a70       0xe8 C:/ISIS/workspace/ycube/GlobusSatProject/..//hal/hcc/lib\libHCCD.a(atmel_mcipdc_hw.o)
                0x20027a70                mcipdc_hw_init
 .text.mcipdc_hw_delete
                0x20027b58       0x78 C:/ISIS/workspace/ycube/GlobusSatProject/..//hal/hcc/lib\libHCCD.a(atmel_mcipdc_hw.o)
                0x20027b58                mcipdc_hw_delete
 .text.mcipdc_hw_card_plugged
                0x20027bd0       0x1c C:/ISIS/workspace/ycube/GlobusSatProject/..//hal/hcc/lib\libHCCD.a(atmel_mcipdc_hw.o)
                0x20027bd0                mcipdc_hw_card_plugged
 .text.mcipdc_hw_card_writeprotect
                0x20027bec       0x1c C:/ISIS/workspace/ycube/GlobusSatProject/..//hal/hcc/lib\libHCCD.a(atmel_mcipdc_hw.o)
                0x20027bec                mcipdc_hw_card_writeprotect
 .text.psp_getrand
                0x20027c08      0x14c C:/ISIS/workspace/ycube/GlobusSatProject/..//hal/hcc/lib\libHCCD.a(psp_rand.o)
                0x20027c08                psp_getrand
 .text.psp_getcurrenttimedate
                0x20027d54       0x8c C:/ISIS/workspace/ycube/GlobusSatProject/..//hal/hcc/lib\libHCCD.a(psp_rtc.o)
                0x20027d54                psp_getcurrenttimedate
 .text._hcc_get_buf_dsc
                0x20027de0       0x8c C:/ISIS/workspace/ycube/GlobusSatProject/..//hal/hcc/lib\libHCCD.a(hcc_mem.o)
 .text._hcc_check_free_pages
                0x20027e6c      0x18c C:/ISIS/workspace/ycube/GlobusSatProject/..//hal/hcc/lib\libHCCD.a(hcc_mem.o)
 .text._hcc_mark_pages
                0x20027ff8      0x158 C:/ISIS/workspace/ycube/GlobusSatProject/..//hal/hcc/lib\libHCCD.a(hcc_mem.o)
 .text._hcc_clear_lock_dsc
                0x20028150       0x80 C:/ISIS/workspace/ycube/GlobusSatProject/..//hal/hcc/lib\libHCCD.a(hcc_mem.o)
 .text._hcc_lock_access
                0x200281d0      0x128 C:/ISIS/workspace/ycube/GlobusSatProject/..//hal/hcc/lib\libHCCD.a(hcc_mem.o)
 .text._hcc_unlock_access
                0x200282f8       0x30 C:/ISIS/workspace/ycube/GlobusSatProject/..//hal/hcc/lib\libHCCD.a(hcc_mem.o)
 .text.hcc_mem_alloc
                0x20028328      0x454 C:/ISIS/workspace/ycube/GlobusSatProject/..//hal/hcc/lib\libHCCD.a(hcc_mem.o)
                0x20028328                hcc_mem_alloc
 .text.hcc_mem_free
                0x2002877c      0x178 C:/ISIS/workspace/ycube/GlobusSatProject/..//hal/hcc/lib\libHCCD.a(hcc_mem.o)
                0x2002877c                hcc_mem_free
 .text.hcc_mem_add
                0x200288f4      0x3b0 C:/ISIS/workspace/ycube/GlobusSatProject/..//hal/hcc/lib\libHCCD.a(hcc_mem.o)
                0x200288f4                hcc_mem_add
 .text.hcc_mem_init
                0x20028ca4      0x164 C:/ISIS/workspace/ycube/GlobusSatProject/..//hal/hcc/lib\libHCCD.a(hcc_mem.o)
                0x20028ca4                hcc_mem_init
 .text.hcc_mem_delete
                0x20028e08       0x94 C:/ISIS/workspace/ycube/GlobusSatProject/..//hal/hcc/lib\libHCCD.a(hcc_mem.o)
                0x20028e08                hcc_mem_delete
 .text.hcc_mem_buf_alloc
                0x20028e9c       0xe4 C:/ISIS/workspace/ycube/GlobusSatProject/..//hal/hcc/lib\libHCCD.a(psp_hcc_mem.o)
                0x20028e9c                hcc_mem_buf_alloc
 .text.hcc_mem_buf_free
                0x20028f80       0x6c C:/ISIS/workspace/ycube/GlobusSatProject/..//hal/hcc/lib\libHCCD.a(psp_hcc_mem.o)
                0x20028f80                hcc_mem_buf_free
 .text.IsisSolarPanelv2_initialize
                0x20028fec      0x118 C:/ISIS/workspace/ycube/GlobusSatProject/..//satellite-subsystems/satellite-subsystems/lib\libSatelliteSubsystemsD.a(IsisSolarPanelv2.o)
                0x20028fec                IsisSolarPanelv2_initialize
 .text.IsisSolarPanelv2_getTemperature
                0x20029104       0xfc C:/ISIS/workspace/ycube/GlobusSatProject/..//satellite-subsystems/satellite-subsystems/lib\libSatelliteSubsystemsD.a(IsisSolarPanelv2.o)
                0x20029104                IsisSolarPanelv2_getTemperature
 .text._Reset   0x20029200       0x20 C:/ISIS/workspace/ycube/GlobusSatProject/..//satellite-subsystems/satellite-subsystems/lib\libSatelliteSubsystemsD.a(IsisSolarPanelv2.o)
 .text._WaitForStartup
                0x20029220       0xa0 C:/ISIS/workspace/ycube/GlobusSatProject/..//satellite-subsystems/satellite-subsystems/lib\libSatelliteSubsystemsD.a(IsisSolarPanelv2.o)
 .text._AssignAllChannels
                0x200292c0       0x90 C:/ISIS/workspace/ycube/GlobusSatProject/..//satellite-subsystems/satellite-subsystems/lib\libSatelliteSubsystemsD.a(IsisSolarPanelv2.o)
 .text._AssignThisChannel
                0x20029350       0xe8 C:/ISIS/workspace/ycube/GlobusSatProject/..//satellite-subsystems/satellite-subsystems/lib\libSatelliteSubsystemsD.a(IsisSolarPanelv2.o)
 .text._InitiateConversion
                0x20029438       0xac C:/ISIS/workspace/ycube/GlobusSatProject/..//satellite-subsystems/satellite-subsystems/lib\libSatelliteSubsystemsD.a(IsisSolarPanelv2.o)
 .text._WaitForConversionComplete
                0x200294e4      0x110 C:/ISIS/workspace/ycube/GlobusSatProject/..//satellite-subsystems/satellite-subsystems/lib\libSatelliteSubsystemsD.a(IsisSolarPanelv2.o)
 .text._ReadResult
                0x200295f4      0x158 C:/ISIS/workspace/ycube/GlobusSatProject/..//satellite-subsystems/satellite-subsystems/lib\libSatelliteSubsystemsD.a(IsisSolarPanelv2.o)
 .text._ExtractByte
                0x2002974c       0x38 C:/ISIS/workspace/ycube/GlobusSatProject/..//satellite-subsystems/satellite-subsystems/lib\libSatelliteSubsystemsD.a(IsisSolarPanelv2.o)
 .text._ExtendSign
                0x20029784       0x6c C:/ISIS/workspace/ycube/GlobusSatProject/..//satellite-subsystems/satellite-subsystems/lib\libSatelliteSubsystemsD.a(IsisSolarPanelv2.o)
 .text._PinsInit
                0x200297f0       0x68 C:/ISIS/workspace/ycube/GlobusSatProject/..//satellite-subsystems/satellite-subsystems/lib\libSatelliteSubsystemsD.a(IsisSolarPanelv2.o)
 .text._SpiWriteRead
                0x20029858       0x70 C:/ISIS/workspace/ycube/GlobusSatProject/..//satellite-subsystems/satellite-subsystems/lib\libSatelliteSubsystemsD.a(IsisSolarPanelv2.o)
 .text.ISIS_ANTS_REV2_Init
                0x200298c8       0xc4 C:/ISIS/workspace/ycube/GlobusSatProject/..//satellite-subsystems/satellite-subsystems/lib\libSatelliteSubsystemsD.a(isis_ants_rev2.o)
                0x200298c8                ISIS_ANTS_REV2_Init
 .text.isis_ants_rev2__arm
                0x2002998c       0x98 C:/ISIS/workspace/ycube/GlobusSatProject/..//satellite-subsystems/satellite-subsystems/lib\libSatelliteSubsystemsD.a(isis_ants_rev2.o)
                0x2002998c                isis_ants_rev2__arm
 .text.isis_ants_rev2__cancel_deploy
                0x20029a24       0x98 C:/ISIS/workspace/ycube/GlobusSatProject/..//satellite-subsystems/satellite-subsystems/lib\libSatelliteSubsystemsD.a(isis_ants_rev2.o)
                0x20029a24                isis_ants_rev2__cancel_deploy
 .text.isis_ants_rev2__disarm
                0x20029abc       0x98 C:/ISIS/workspace/ycube/GlobusSatProject/..//satellite-subsystems/satellite-subsystems/lib\libSatelliteSubsystemsD.a(isis_ants_rev2.o)
                0x20029abc                isis_ants_rev2__disarm
 .text.isis_ants_rev2__get_status
                0x20029b54       0xa8 C:/ISIS/workspace/ycube/GlobusSatProject/..//satellite-subsystems/satellite-subsystems/lib\libSatelliteSubsystemsD.a(isis_ants_rev2.o)
                0x20029b54                isis_ants_rev2__get_status
 .text.isis_ants_rev2__get_uptime
                0x20029bfc       0xa8 C:/ISIS/workspace/ycube/GlobusSatProject/..//satellite-subsystems/satellite-subsystems/lib\libSatelliteSubsystemsD.a(isis_ants_rev2.o)
                0x20029bfc                isis_ants_rev2__get_uptime
 .text.isis_ants_rev2__reset
                0x20029ca4       0x98 C:/ISIS/workspace/ycube/GlobusSatProject/..//satellite-subsystems/satellite-subsystems/lib\libSatelliteSubsystemsD.a(isis_ants_rev2.o)
                0x20029ca4                isis_ants_rev2__reset
 .text.isis_ants_rev2__start_auto_deploy
                0x20029d3c       0xb0 C:/ISIS/workspace/ycube/GlobusSatProject/..//satellite-subsystems/satellite-subsystems/lib\libSatelliteSubsystemsD.a(isis_ants_rev2.o)
                0x20029d3c                isis_ants_rev2__start_auto_deploy
 .text._ISIS_ANTS_REV2_I2C_Send
                0x20029dec       0x8c C:/ISIS/workspace/ycube/GlobusSatProject/..//satellite-subsystems/satellite-subsystems/lib\libSatelliteSubsystemsD.a(isis_ants_rev2.o)
 .text.ISIS_VU_E_Init
                0x20029e78       0xe4 C:/ISIS/workspace/ycube/GlobusSatProject/..//satellite-subsystems/satellite-subsystems/lib\libSatelliteSubsystemsD.a(isis_vu_e.o)
                0x20029e78                ISIS_VU_E_Init
 .text.isis_vu_e__get_frame
                0x20029f5c       0x84 C:/ISIS/workspace/ycube/GlobusSatProject/..//satellite-subsystems/satellite-subsystems/lib\libSatelliteSubsystemsD.a(isis_vu_e.o)
                0x20029f5c                isis_vu_e__get_frame