Archive member included because of file (symbol)

C:/ISIS/workspace_ycube/GlobusSatProject/..//hal/hal/lib\libHALD.a(SPI.o)
                              ./src/InitSystem.o (SPI_start)
C:/ISIS/workspace_ycube/GlobusSatProject/..//hal/hal/lib\libHALD.a(I2C.o)
                              ./src/SubSystemModules/Housekepping/Payload.o (I2C_write)
C:/ISIS/workspace_ycube/GlobusSatProject/..//hal/hal/lib\libHALD.a(ADC.o)
                              ./src/SubSystemModules/Housekepping/TelemetryCollector.o (ADC_ConvertRaw10bitToMillivolt)
C:/ISIS/workspace_ycube/GlobusSatProject/..//hal/hal/lib\libHALD.a(FRAM.o)
                              ./src/SubSystemModules/Communication/SubsystemCommands/Maintanence_Commands.o (FRAM_start)
C:/ISIS/workspace_ycube/GlobusSatProject/..//hal/hal/lib\libHALD.a(Time.o)
                              ./src/InitSystem.o (Time_start)
C:/ISIS/workspace_ycube/GlobusSatProject/..//hal/hal/lib\libHALD.a(WatchDogTimerNoOS.o)
                              ./src/main.o (WDT_start)
C:/ISIS/workspace_ycube/GlobusSatProject/..//hal/hal/lib\libHALD.a(RTT.o)
                              C:/ISIS/workspace_ycube/GlobusSatProject/..//hal/hal/lib\libHALD.a(Time.o) (RTT_start)
C:/ISIS/workspace_ycube/GlobusSatProject/..//hal/hal/lib\libHALD.a(RTC.o)
                              C:/ISIS/workspace_ycube/GlobusSatProject/..//hal/hal/lib\libHALD.a(Time.o) (RTC_getTime)
C:/ISIS/workspace_ycube/GlobusSatProject/..//hal/hal/lib\libHALD.a(WatchDogTimerOS.o)
                              ./src/TestingDemos/MainTest.o (WDT_startWatchdogKickTask)
C:/ISIS/workspace_ycube/GlobusSatProject/..//hal/hal/lib\libHALD.a(fprintf.o)
                              ./src/TLM_management.o (f_puts)
C:/ISIS/workspace_ycube/GlobusSatProject/..//hal/hal/lib\libHALD.a(util.o)
                              ./src/TestingDemos/CommandsTestingDemo.o (UTIL_DbguGetIntegerMinMax)
C:/ISIS/workspace_ycube/GlobusSatProject/..//hal/hal/lib\libHALD.a(LED.o)
                              C:/ISIS/workspace_ycube/GlobusSatProject/..//hal/hal/lib\libHALD.a(WatchDogTimerOS.o) (LED_toggle)
C:/ISIS/workspace_ycube/GlobusSatProject/..//hal/hcc/lib\libHCCD.a(fat_m.o)
                              ./src/TLM_management.o (fm_initvolume)
C:/ISIS/workspace_ycube/GlobusSatProject/..//hal/hcc/lib\libHCCD.a(fat.o)
                              C:/ISIS/workspace_ycube/GlobusSatProject/..//hal/hcc/lib\libHCCD.a(fat_m.o) (fn_getdcwd)
C:/ISIS/workspace_ycube/GlobusSatProject/..//hal/hcc/lib\libHCCD.a(fat_common.o)
                              C:/ISIS/workspace_ycube/GlobusSatProject/..//hal/hcc/lib\libHCCD.a(fat.o) (p_filesystem)
C:/ISIS/workspace_ycube/GlobusSatProject/..//hal/hcc/lib\libHCCD.a(safefat.o)
                              C:/ISIS/workspace_ycube/GlobusSatProject/..//hal/hcc/lib\libHCCD.a(fat.o) (s_subdir)
C:/ISIS/workspace_ycube/GlobusSatProject/..//hal/hcc/lib\libHCCD.a(atmel_mcipdc.o)
                              ./src/TLM_management.o (atmel_mcipdc_initfunc)
C:/ISIS/workspace_ycube/GlobusSatProject/..//hal/hcc/lib\libHCCD.a(oalp_task.o)
                              C:/ISIS/workspace_ycube/GlobusSatProject/..//hal/hcc/lib\libHCCD.a(fat_common.o) (oal_task_get_id)
C:/ISIS/workspace_ycube/GlobusSatProject/..//hal/hcc/lib\libHCCD.a(oalp_mutex.o)
                              C:/ISIS/workspace_ycube/GlobusSatProject/..//hal/hcc/lib\libHCCD.a(fat_common.o) (oal_mutex_create)
C:/ISIS/workspace_ycube/GlobusSatProject/..//hal/hcc/lib\libHCCD.a(atmel_mcipdc_hw.o)
                              C:/ISIS/workspace_ycube/GlobusSatProject/..//hal/hcc/lib\libHCCD.a(atmel_mcipdc.o) (mcipdc_hw_init)
C:/ISIS/workspace_ycube/GlobusSatProject/..//hal/hcc/lib\libHCCD.a(psp_rand.o)
                              C:/ISIS/workspace_ycube/GlobusSatProject/..//hal/hcc/lib\libHCCD.a(fat_common.o) (psp_getrand)
C:/ISIS/workspace_ycube/GlobusSatProject/..//hal/hcc/lib\libHCCD.a(psp_rtc.o)
                              C:/ISIS/workspace_ycube/GlobusSatProject/..//hal/hcc/lib\libHCCD.a(fat_common.o) (psp_getcurrenttimedate)
C:/ISIS/workspace_ycube/GlobusSatProject/..//hal/hcc/lib\libHCCD.a(hcc_mem.o)
                              C:/ISIS/workspace_ycube/GlobusSatProject/..//hal/hcc/lib\libHCCD.a(atmel_mcipdc.o) (hcc_mem_alloc)
C:/ISIS/workspace_ycube/GlobusSatProject/..//hal/hcc/lib\libHCCD.a(psp_hcc_mem.o)
                              C:/ISIS/workspace_ycube/GlobusSatProject/..//hal/hcc/lib\libHCCD.a(hcc_mem.o) (hcc_mem_buf_alloc)
C:/ISIS/workspace_ycube/GlobusSatProject/..//satellite-subsystems/satellite-subsystems/lib\libSatelliteSubsystemsD.a(IsisSolarPanelv2.o)
                              ./src/SubSystemModules/PowerManagment/EPS.o (IsisSolarPanelv2_initialize)
C:/ISIS/workspace_ycube/GlobusSatProject/..//satellite-subsystems/satellite-subsystems/lib\libSatelliteSubsystemsD.a(isis_ants_rev2.o)
                              ./src/SubSystemModules/Communication/TRXVU.o (ISIS_ANTS_REV2_Init)
[...]
Memory Configuration

Name             Origin             Length             Attributes
sram0            0x00200000         0x00004000         w !xr
sram1            0x00300000         0x00004000         w !xr
sdram            0x20000000         0x02000000         w !xr
*default*        0x00000000         0xffffffff

Linker script and memory map

LOAD c:/isis/application/toolchain/bin/../lib/gcc/arm-none-eabi/4.7.4/../../../../arm-none-eabi/lib\libc.a
LOAD ./src/TestingDemos/CommandsTestingDemo.o
LOAD ./src/TestingDemos/EpsTestingDemo.o
LOAD ./src/TestingDemos/FileSystemTestingDemo.o
LOAD ./src/TestingDemos/MainTest.o
LOAD ./src/TestingDemos/MaintenanceTestingDemo.o
LOAD ./src/TestingDemos/TelemetryTestingDemo.o
LOAD ./src/TestingDemos/TrxvuTestingDemo.o
LOAD ./src/SubSystemModules/PowerManagment/EPS.o
LOAD ./src/SubSystemModules/PowerManagment/EPSOperationModes.o
LOAD ./src/SubSystemModules/Maintenance/Maintenance.o
LOAD ./src/SubSystemModules/Housekepping/Payload.o
LOAD ./src/SubSystemModules/Housekepping/RAMTelemetry.o
LOAD ./src/SubSystemModules/Housekepping/TelemetryCollector.o
LOAD ./src/SubSystemModules/Communication/SubsystemCommands/EPS_Commands.o
LOAD ./src/SubSystemModules/Communication/SubsystemCommands/FS_Commands.o
LOAD ./src/SubSystemModules/Communication/SubsystemCommands/Maintanence_Commands.o
LOAD ./src/SubSystemModules/Communication/SubsystemCommands/TRXVU_Commands.o
LOAD ./src/SubSystemModules/Communication/AckHandler.o
LOAD ./src/SubSystemModules/Communication/CommandDictionary.o
LOAD ./src/SubSystemModules/Communication/HashSecuredCMD.o
LOAD ./src/SubSystemModules/Communication/SatCommandHandler.o
LOAD ./src/SubSystemModules/Communication/TRXVU.o
LOAD ./src/InitSystem.o
LOAD ./src/TLM_management.o
LOAD ./src/main.o
LOAD ./src/utils.o
LOAD C:/ISIS/workspace_ycube/GlobusSatProject/..//hal/hal/lib\libHALD.a
LOAD C:/ISIS/workspace_ycube/GlobusSatProject/..//hal/hcc/lib\libHCCD.a
LOAD C:/ISIS/workspace_ycube/GlobusSatProject/..//satellite-subsystems/satellite-subsystems/lib\libSatelliteSubsystemsD.a
LOAD C:/ISIS/workspace_ycube/GlobusSatProject/..//hal/freertos/lib\libFreeRTOSD.a
LOAD C:/ISIS/workspace_ycube/GlobusSatProject/..//hal/at91/lib\libAt91D.a
START GROUP
LOAD c:/isis/application/toolchain/bin/../lib/gcc/arm-none-eabi/4.7.4\libgcc.a
LOAD c:/isis/application/toolchain/bin/../lib/gcc/arm-none-eabi/4.7.4/../../../../arm-none-eabi/lib\libg.a
LOAD c:/isis/application/toolchain/bin/../lib/gcc/arm-none-eabi/4.7.4/../../../../arm-none-eabi/lib\libc.a
END GROUP

.fixed          0x20000000    0x4dd0c
                0x20000000                . = ALIGN (0x4)
                0x20000000                _sfixed = .
 *(.startup)
 .startup       0x20000000      0x184 C:/ISIS/workspace_ycube/GlobusSatProject/..//hal/at91/lib\libAt91D.a(board_cstartup.o)
                0x20000000                entry
 *(.text)
 .text          0x20000184       0x64 C:/ISIS/workspace_ycube/GlobusSatProject/..//hal/at91/lib\libAt91D.a(cp15_asm.o)
                0x20000184                _readControlRegister
                0x20000190                _writeControlRegister
                0x20000198                _waitForInterrupt
                0x200001a4                _writeTTB
                0x200001ac                _writeDomain
                0x200001b4                _writeITLBLockdown
                0x200001bc                _prefetchICacheLine
                0x200001c4                _flushDCache
                0x200001d0                _flushWriteBuffer
                0x200001dc                _invalidateIDTLBs
 .text          0x200001e8      0x114 c:/isis/application/toolchain/bin/../lib/gcc/arm-none-eabi/4.7.4\libgcc.a(_udivsi3.o)
                0x200001e8                __aeabi_uidiv
                0x200001e8                __udivsi3
                0x200002dc                __aeabi_uidivmod
 .text          0x200002fc      0x148 c:/isis/application/toolchain/bin/../lib/gcc/arm-none-eabi/4.7.4\libgcc.a(_divsi3.o)
                0x200002fc                __divsi3
                0x200002fc                __aeabi_idiv
                0x20000424                __aeabi_idivmod
 .text          0x20000444        0x4 c:/isis/application/toolchain/bin/../lib/gcc/arm-none-eabi/4.7.4\libgcc.a(_dvmd_tls.o)
                0x20000444                __aeabi_idiv0
                0x20000444                __aeabi_ldiv0
 .text          0x20000448      0x41c c:/isis/application/toolchain/bin/../lib/gcc/arm-none-eabi/4.7.4\libgcc.a(_arm_addsubdf3.o)
                0x20000448                __aeabi_drsub
                0x20000450                __aeabi_dsub
                0x20000450                __subdf3
                0x20000454                __aeabi_dadd
                0x20000454                __adddf3
                0x20000764                __floatunsidf
                0x20000764                __aeabi_ui2d
                0x20000788                __floatsidf
                0x20000788                __aeabi_i2d
                0x200007b0                __aeabi_f2d
                0x200007b0                __extendsfdf2
                0x200007f0                __floatundidf
                0x200007f0                __aeabi_ul2d
                0x20000804                __floatdidf
                0x20000804                __aeabi_l2d
 .text          0x20000864      0x2ac c:/isis/application/toolchain/bin/../lib/gcc/arm-none-eabi/4.7.4\libgcc.a(_arm_addsubsf3.o)
                0x20000864                __aeabi_frsub
                0x2000086c                __subsf3
                0x2000086c                __aeabi_fsub
                0x20000870                __aeabi_fadd
                0x20000870                __addsf3
                0x20000a2c                __aeabi_ui2f
                0x20000a2c                __floatunsisf
                0x20000a34                __aeabi_i2f
                0x20000a34                __floatsisf
                0x20000a54                __aeabi_ul2f
                0x20000a54                __floatundisf
                0x20000a64                __aeabi_l2f
                0x20000a64                __floatdisf
 .text          0x20000b10      0x2f8 c:/isis/application/toolchain/bin/../lib/gcc/arm-none-eabi/4.7.4\libgcc.a(_arm_muldivsf3.o)
                0x20000b10                __mulsf3
                0x20000b10                __aeabi_fmul
                0x20000ca8                __aeabi_fdiv
                0x20000ca8                __divsf3
 .text          0x20000e08      0x114 c:/isis/application/toolchain/bin/../lib/gcc/arm-none-eabi/4.7.4\libgcc.a(_arm_cmpsf2.o)
                0x20000e08                __gesf2
                0x20000e08                __gtsf2
                0x20000e10                __lesf2
                0x20000e10                __ltsf2
                0x20000e18                __nesf2
                0x20000e18                __eqsf2
                0x20000e18                __cmpsf2
                0x20000e7c                __aeabi_cfrcmple
                0x20000e8c                __aeabi_cfcmpeq
                0x20000e8c                __aeabi_cfcmple
                0x20000ea4                __aeabi_fcmpeq
                0x20000ebc                __aeabi_fcmplt
                0x20000ed4                __aeabi_fcmple
                0x20000eec                __aeabi_fcmpge
                0x20000f04                __aeabi_fcmpgt
 .text          0x20000f1c       0x54 c:/isis/application/toolchain/bin/../lib/gcc/arm-none-eabi/4.7.4\libgcc.a(_arm_fixunssfsi.o)
                0x20000f1c                __fixunssfsi
                0x20000f1c                __aeabi_f2uiz
 .text          0x20000f70      0x49c c:/isis/application/toolchain/bin/../lib/gcc/arm-none-eabi/4.7.4\libgcc.a(_arm_muldivdf3.o)
                0x20000f70                __aeabi_dmul
                0x20000f70                __muldf3
                0x20001200                __divdf3
                0x20001200                __aeabi_ddiv
 .text          0x2000140c      0x144 c:/isis/application/toolchain/bin/../lib/gcc/arm-none-eabi/4.7.4\libgcc.a(_arm_cmpdf2.o)
                0x2000140c                __gtdf2
                0x2000140c                __gedf2
                0x20001414                __ltdf2
                0x20001414                __ledf2
                0x2000141c                __nedf2
                0x2000141c                __eqdf2
                0x2000141c                __cmpdf2
                0x200014a4                __aeabi_cdrcmple
                0x200014c0                __aeabi_cdcmpeq
                0x200014c0                __aeabi_cdcmple
                0x200014d8                __aeabi_dcmpeq
                0x200014f0                __aeabi_dcmplt
                0x20001508                __aeabi_dcmple
                0x20001520                __aeabi_dcmpge
                0x20001538                __aeabi_dcmpgt
 .text          0x20001550       0x5c c:/isis/application/toolchain/bin/../lib/gcc/arm-none-eabi/4.7.4\libgcc.a(_arm_fixdfsi.o)
                0x20001550                __aeabi_d2iz
                0x20001550                __fixdfsi
 .text          0x200015ac       0x54 c:/isis/application/toolchain/bin/../lib/gcc/arm-none-eabi/4.7.4\libgcc.a(_arm_fixunsdfsi.o)
                0x200015ac                __aeabi_d2uiz
                0x200015ac                __fixunsdfsi
 .text          0x20001600       0xa0 c:/isis/application/toolchain/bin/../lib/gcc/arm-none-eabi/4.7.4\libgcc.a(_arm_truncdfsf2.o)
                0x20001600                __truncdfsf2
                0x20001600                __aeabi_d2f
 .text          0x200016a0       0x3c c:/isis/application/toolchain/bin/../lib/gcc/arm-none-eabi/4.7.4\libgcc.a(_aeabi_uldivmod.o)
                0x200016a0                __aeabi_uldivmod
 .text          0x200016dc       0x84 c:/isis/application/toolchain/bin/../lib/gcc/arm-none-eabi/4.7.4\libgcc.a(bpabi.o)
                0x200016dc                __gnu_ldivmod_helper
                0x20001720                __gnu_uldivmod_helper
 .text          0x20001760      0x4f0 c:/isis/application/toolchain/bin/../lib/gcc/arm-none-eabi/4.7.4\libgcc.a(_divdi3.o)
                0x20001760                __divdi3
 .text          0x20001c50      0x488 c:/isis/application/toolchain/bin/../lib/gcc/arm-none-eabi/4.7.4\libgcc.a(_udivdi3.o)
                0x20001c50                __udivdi3
 .text          0x200020d8       0x48 c:/isis/application/toolchain/bin/../lib/gcc/arm-none-eabi/4.7.4\libgcc.a(_clzsi2.o)
                0x200020d8                __clzsi2
 *(.text*)
 .text.TestActUponCommand
                0x20002120      0x114 ./src/TestingDemos/CommandsTestingDemo.o
                0x20002120                TestActUponCommand
 .text.TestAssmbleCommand
                0x20002234      0x134 ./src/TestingDemos/CommandsTestingDemo.o
                0x20002234                TestAssmbleCommand
 .text.TestGetDelayedCommand
                0x20002368       0xa0 ./src/TestingDemos/CommandsTestingDemo.o
                0x20002368                TestGetDelayedCommand
 .text.TestAddDelayedCommand
                0x20002408       0xbc ./src/TestingDemos/CommandsTestingDemo.o
                0x20002408                TestAddDelayedCommand
 .text.TestGetDelayedCommandBufferCount
                0x200024c4       0x54 ./src/TestingDemos/CommandsTestingDemo.o
                0x200024c4                TestGetDelayedCommandBufferCount
 .text.TestGetOnlineCommand
                0x20002518       0xc8 ./src/TestingDemos/CommandsTestingDemo.o
                0x20002518                TestGetOnlineCommand
 .text.TestDeleteDelayedCommandByIndex
                0x200025e0      0x1c0 ./src/TestingDemos/CommandsTestingDemo.o
                0x200025e0                TestDeleteDelayedCommandByIndex
 .text.TestDeleteDelayedBuffer
                0x200027a0      0x140 ./src/TestingDemos/CommandsTestingDemo.o
                0x200027a0                TestDeleteDelayedBuffer
 .text.selectAndExecuteCommandsDemoTest
                0x200028e0      0x174 ./src/TestingDemos/CommandsTestingDemo.o
                0x200028e0                selectAndExecuteCommandsDemoTest
 .text.MainCommandsTestBench
                0x20002a54       0x44 ./src/TestingDemos/CommandsTestingDemo.o
                0x20002a54                MainCommandsTestBench
 .text.TestEpsConditioning
                0x20002a98      0x1e8 ./src/TestingDemos/EpsTestingDemo.o
                0x20002a98                TestEpsConditioning
 .text.TestGetBatteryVoltage
                0x20002c80       0x64 ./src/TestingDemos/EpsTestingDemo.o
                0x20002c80                TestGetBatteryVoltage
 .text.TestUpdateThreshVoltages
                0x20002ce4      0x170 ./src/TestingDemos/EpsTestingDemo.o
                0x20002ce4                TestUpdateThreshVoltages
 .text.TestGetThreshVoltages
                0x20002e54       0xb0 ./src/TestingDemos/EpsTestingDemo.o
                0x20002e54                TestGetThreshVoltages
 .text.TestUpdateAlpha
                0x20002f04       0xc0 ./src/TestingDemos/EpsTestingDemo.o
                0x20002f04                TestUpdateAlpha
 .text.TestGetAlpha
                0x20002fc4       0x78 ./src/TestingDemos/EpsTestingDemo.o
                0x20002fc4                TestGetAlpha
 .text.TestRestoreDefaultAlpha
                0x2000303c       0xf4 ./src/TestingDemos/EpsTestingDemo.o
                0x2000303c                TestRestoreDefaultAlpha
 .text.TestRestoreDefaultThresholdVoltages
                0x20003130      0x154 ./src/TestingDemos/EpsTestingDemo.o
                0x20003130                TestRestoreDefaultThresholdVoltages
 .text.GetHeaterValues
                0x20003284       0xe0 ./src/TestingDemos/EpsTestingDemo.o
                0x20003284                GetHeaterValues
 .text.SetHeaterValues
                0x20003364       0x1c ./src/TestingDemos/EpsTestingDemo.o
                0x20003364                SetHeaterValues
 .text.selectAndExecuteEpsDemoTest
                0x20003380      0x1b0 ./src/TestingDemos/EpsTestingDemo.o
                0x20003380                selectAndExecuteEpsDemoTest
 .text.MainEpsTestBench
                0x20003530       0x40 ./src/TestingDemos/EpsTestingDemo.o
                0x20003530                MainEpsTestBench
 .text.TestListFiles
                0x20003570      0x198 ./src/TestingDemos/FileSystemTestingDemo.o
                0x20003570                TestListFiles
 .text.TestListAllFiles
                0x20003708      0x134 ./src/TestingDemos/FileSystemTestingDemo.o
                0x20003708                TestListAllFiles
 .text.TestLOGTLM
                0x2000383c      0x110 ./src/TestingDemos/FileSystemTestingDemo.o
                0x2000383c                TestLOGTLM
 .text.TestEPSTLM
                0x2000394c       0xa8 ./src/TestingDemos/FileSystemTestingDemo.o
                0x2000394c                TestEPSTLM
 .text.TestReadTimeRangeTLMRes
                0x200039f4      0x210 ./src/TestingDemos/FileSystemTestingDemo.o
                0x200039f4                TestReadTimeRangeTLMRes
 .text.TestReadTimeRangeTLM
                0x20003c04      0x178 ./src/TestingDemos/FileSystemTestingDemo.o
                0x20003c04                TestReadTimeRangeTLM
 .text.GenerateWODTLM
                0x20003d7c       0xd0 ./src/TestingDemos/FileSystemTestingDemo.o
                0x20003d7c                GenerateWODTLM
 .text.DeleteOldFiles
                0x20003e4c      0x148 ./src/TestingDemos/FileSystemTestingDemo.o
                0x20003e4c                DeleteOldFiles
 .text.createSingleDayTLM
                0x20003f94       0xb0 ./src/TestingDemos/FileSystemTestingDemo.o
                0x20003f94                createSingleDayTLM
 .text.printLastError
                0x20004044       0x38 ./src/TestingDemos/FileSystemTestingDemo.o
                0x20004044                printLastError
 .text.copyTLMFile
                0x2000407c      0x2ac ./src/TestingDemos/FileSystemTestingDemo.o
                0x2000407c                copyTLMFile
 .text.TestWODTLM
                0x20004328       0xa8 ./src/TestingDemos/FileSystemTestingDemo.o
                0x20004328                TestWODTLM
 .text.TestDeleteFiels
                0x200043d0      0x2b8 ./src/TestingDemos/FileSystemTestingDemo.o
                0x200043d0                TestDeleteFiels
 .text.TestReadMultiFiels
                0x20004688      0x2ac ./src/TestingDemos/FileSystemTestingDemo.o
                0x20004688                TestReadMultiFiels
 .text.TestTRXVUTLM
                0x20004934      0x11c ./src/TestingDemos/FileSystemTestingDemo.o
                0x20004934                TestTRXVUTLM
 .text.FullSDTest
                0x20004a50      0x19c ./src/TestingDemos/FileSystemTestingDemo.o
                0x20004a50                FullSDTest
 .text.LogErrorRateTest
                0x20004bec      0x148 ./src/TestingDemos/FileSystemTestingDemo.o
                0x20004bec                LogErrorRateTest
 .text.deleteMonth
                0x20004d34       0x78 ./src/TestingDemos/FileSystemTestingDemo.o
                0x20004d34                deleteMonth
 .text.deleteYear
                0x20004dac       0xb0 ./src/TestingDemos/FileSystemTestingDemo.o
                0x20004dac                deleteYear
 .text.readFileTest
                0x20004e5c       0x88 ./src/TestingDemos/FileSystemTestingDemo.o
                0x20004e5c                readFileTest
 .text.writeFileOnScreen
                0x20004ee4       0xcc ./src/TestingDemos/FileSystemTestingDemo.o
                0x20004ee4                writeFileOnScreen
 .text.GetExtraData
                0x20004fb0       0x4c ./src/TestingDemos/FileSystemTestingDemo.o
                0x20004fb0                GetExtraData
 .text.showFreeSapce
                0x20004ffc      0x110 ./src/TestingDemos/FileSystemTestingDemo.o
                0x20004ffc                showFreeSapce
 .text.SwitchSDCardTest
                0x2000510c       0x98 ./src/TestingDemos/FileSystemTestingDemo.o
                0x2000510c                SwitchSDCardTest
 .text.FormatSDTest
                0x200051a4       0x9c ./src/TestingDemos/FileSystemTestingDemo.o
                0x200051a4                FormatSDTest
 .text.showFreeSpaceHeap
                0x20005240       0xa4 ./src/TestingDemos/FileSystemTestingDemo.o
                0x20005240                showFreeSpaceHeap
 .text.selectAndExecuteFSTest
                0x200052e4      0x344 ./src/TestingDemos/FileSystemTestingDemo.o
                0x200052e4                selectAndExecuteFSTest
 .text.MainFileSystemTestBench
                0x20005628       0x44 ./src/TestingDemos/FileSystemTestingDemo.o
                0x20005628                MainFileSystemTestBench
 .text.selectAndExecuteTest
                0x2000566c      0x168 ./src/TestingDemos/MainTest.o
                0x2000566c                selectAndExecuteTest
 .text.taskTesting
                0x200057d4       0x28 ./src/TestingDemos/MainTest.o
                0x200057d4                taskTesting
 .text.printSDINfo
                0x200057fc       0x84 ./src/TestingDemos/MaintenanceTestingDemo.o
                0x200057fc                printSDINfo
 .text.changeFirstActivation
                0x20005880       0x84 ./src/TestingDemos/MaintenanceTestingDemo.o
                0x20005880                changeFirstActivation
 .text.selectAndExecuteMaintenanceDemoTest
                0x20005904      0x19c ./src/TestingDemos/MaintenanceTestingDemo.o
                0x20005904                selectAndExecuteMaintenanceDemoTest
 .text.MainMaintenanceTestBench
                0x20005aa0       0x40 ./src/TestingDemos/MaintenanceTestingDemo.o
                0x20005aa0                MainMaintenanceTestBench
 .text.savePacketsInRam
                0x20005ae0      0x104 ./src/TestingDemos/TelemetryTestingDemo.o
                0x20005ae0                savePacketsInRam
 .text.checkPacket
                0x20005be4       0xa4 ./src/TestingDemos/TelemetryTestingDemo.o
                0x20005be4                checkPacket
 .text.singleTlmWodTest
                0x20005c88       0xa0 ./src/TestingDemos/TelemetryTestingDemo.o
                0x20005c88                singleTlmWodTest
 .text.singleTLMLogTest
                0x20005d28       0xb8 ./src/TestingDemos/TelemetryTestingDemo.o
                0x20005d28                singleTLMLogTest
 .text.singleTlmLogTestHelp
                0x20005de0       0x4c ./src/TestingDemos/TelemetryTestingDemo.o
                0x20005de0                singleTlmLogTestHelp
 .text.saveNGetMultipleTlmTest
                0x20005e2c      0x1e0 ./src/TestingDemos/TelemetryTestingDemo.o
                0x20005e2c                saveNGetMultipleTlmTest
 .text.saveMultipleNGetSomeTlmTest
                0x2000600c      0x25c ./src/TestingDemos/TelemetryTestingDemo.o
                0x2000600c                saveMultipleNGetSomeTlmTest
 .text.getWodMinMaxTest
                0x20006268      0x130 ./src/TestingDemos/TelemetryTestingDemo.o
                0x20006268                getWodMinMaxTest
 .text.tlmTest  0x20006398      0x1ec ./src/TestingDemos/TelemetryTestingDemo.o
                0x20006398                tlmTest
 .text.saveNGetLog
                0x20006584      0x19c ./src/TestingDemos/TelemetryTestingDemo.o
                0x20006584                saveNGetLog
 .text.PrintStaticSize
                0x20006720       0x20 ./src/TestingDemos/TelemetryTestingDemo.o
                0x20006720                PrintStaticSize
 .text.MainTelemetryTestBench
                0x20006740      0x12c ./src/TestingDemos/TelemetryTestingDemo.o
                0x20006740                MainTelemetryTestBench
 .text.TestInitTrxvu
                0x2000686c       0x54 ./src/TestingDemos/TrxvuTestingDemo.o
                0x2000686c                TestInitTrxvu
 .text.TestInitTrxvuWithDifferentFrameLengths
                0x200068c0       0x1c ./src/TestingDemos/TrxvuTestingDemo.o
                0x200068c0                TestInitTrxvuWithDifferentFrameLengths
 .text.TestTrxvuLogic
                0x200068dc      0x100 ./src/TestingDemos/TrxvuTestingDemo.o
                0x200068dc                TestTrxvuLogic
 .text.TestCheckTransmitionAllowed
                0x200069dc       0xa4 ./src/TestingDemos/TrxvuTestingDemo.o
                0x200069dc                TestCheckTransmitionAllowed
 .text.TestLoopSPL
                0x20006a80       0xc4 ./src/TestingDemos/TrxvuTestingDemo.o
                0x20006a80                TestLoopSPL
 .text.TestSendDumpAbortRequest
                0x20006b44       0x24 ./src/TestingDemos/TrxvuTestingDemo.o
                0x20006b44                TestSendDumpAbortRequest
 .text.TestTransmitDummySplPacket
                0x20006b68       0xc0 ./src/TestingDemos/TrxvuTestingDemo.o
                0x20006b68                TestTransmitDummySplPacket
 .text.TestTransmitSplPacket
                0x20006c28      0x1ec ./src/TestingDemos/TrxvuTestingDemo.o
                0x20006c28                TestTransmitSplPacket
 .text.TestExitDump
                0x20006e14       0x1c ./src/TestingDemos/TrxvuTestingDemo.o
                0x20006e14                TestExitDump
 .text.TestDumpTelemetry
                0x20006e30       0x9c ./src/TestingDemos/TrxvuTestingDemo.o
                0x20006e30                TestDumpTelemetry
 .text.TestRestoreDefaultBeaconParameters
                0x20006ecc       0x1c ./src/TestingDemos/TrxvuTestingDemo.o
                0x20006ecc                TestRestoreDefaultBeaconParameters
 .text.TestChooseDefaultBeaconCycle
                0x20006ee8       0xe0 ./src/TestingDemos/TrxvuTestingDemo.o
                0x20006ee8                TestChooseDefaultBeaconCycle
 .text.TestBeaconLogic
                0x20006fc8       0xdc ./src/TestingDemos/TrxvuTestingDemo.o
                0x20006fc8                TestBeaconLogic
 .text.TestMuteTrxvu
                0x200070a4       0x9c ./src/TestingDemos/TrxvuTestingDemo.o
                0x200070a4                TestMuteTrxvu
 .text.TestUnMuteTrxvu
                0x20007140       0x30 ./src/TestingDemos/TrxvuTestingDemo.o
                0x20007140                TestUnMuteTrxvu
 .text.TestGetNumberOfFramesInBuffer
                0x20007170       0x54 ./src/TestingDemos/TrxvuTestingDemo.o
                0x20007170                TestGetNumberOfFramesInBuffer
 .text.TestSetTrxvuBitrate
                0x200071c4       0xf4 ./src/TestingDemos/TrxvuTestingDemo.o
                0x200071c4                TestSetTrxvuBitrate
 .text.testSecuredCMD
                0x200072b8      0x190 ./src/TestingDemos/TrxvuTestingDemo.o
                0x200072b8                testSecuredCMD
 .text.Hash256  0x20007448       0x84 ./src/TestingDemos/TrxvuTestingDemo.o
                0x20007448                Hash256
 .text.Dummy_CMD_Hash256
                0x200074cc      0x478 ./src/TestingDemos/TrxvuTestingDemo.o
                0x200074cc                Dummy_CMD_Hash256
 .text.CMD_Hash256
                0x20007944      0x2d0 ./src/TestingDemos/TrxvuTestingDemo.o
                0x20007944                CMD_Hash256
 .text.TestForDummy_sat_packet
                0x20007c14       0xc8 ./src/TestingDemos/TrxvuTestingDemo.o
                0x20007c14                TestForDummy_sat_packet
 .text.Secured_CMD_TEST
                0x20007cdc       0xbc ./src/TestingDemos/TrxvuTestingDemo.o
                0x20007cdc                Secured_CMD_TEST
 .text.dumpRamTest
                0x20007d98       0x78 ./src/TestingDemos/TrxvuTestingDemo.o
                0x20007d98                dumpRamTest
 .text.TestGetTrxvuBitrate
                0x20007e10       0x1c ./src/TestingDemos/TrxvuTestingDemo.o
                0x20007e10                TestGetTrxvuBitrate
 .text.TestTransmitDataAsSPL_Packet
                0x20007e2c      0x114 ./src/TestingDemos/TrxvuTestingDemo.o
                0x20007e2c                TestTransmitDataAsSPL_Packet
 .text.selectAndExecuteTrxvuDemoTest
                0x20007f40      0x31c ./src/TestingDemos/TrxvuTestingDemo.o
                0x20007f40                selectAndExecuteTrxvuDemoTest
 .text.MainTrxvuTestBench
                0x2000825c       0x44 ./src/TestingDemos/TrxvuTestingDemo.o
                0x2000825c                MainTrxvuTestBench
 .text.GetBatteryVoltage
                0x200082a0       0x44 ./src/SubSystemModules/PowerManagment/EPS.o
                0x200082a0                GetBatteryVoltage
 .text.EPS_Init
                0x200082e4      0x124 ./src/SubSystemModules/PowerManagment/EPS.o
                0x200082e4                EPS_Init
 .text.EPS_Conditioning
                0x20008408      0x1c4 ./src/SubSystemModules/PowerManagment/EPS.o
                0x20008408                EPS_Conditioning
 .text.UpdateAlpha
                0x200085cc       0xd8 ./src/SubSystemModules/PowerManagment/EPS.o
                0x200085cc                UpdateAlpha
 .text.UpdateThresholdVoltages
                0x200086a4      0x218 ./src/SubSystemModules/PowerManagment/EPS.o
                0x200086a4                UpdateThresholdVoltages
 .text.GetThresholdVoltages
                0x200088bc       0x80 ./src/SubSystemModules/PowerManagment/EPS.o
                0x200088bc                GetThresholdVoltages
 .text.GetAlpha
                0x2000893c       0x7c ./src/SubSystemModules/PowerManagment/EPS.o
                0x2000893c                GetAlpha
 .text.RestoreDefaultThresholdVoltages
                0x200089b8       0x74 ./src/SubSystemModules/PowerManagment/EPS.o
                0x200089b8                RestoreDefaultThresholdVoltages
 .text.CMDGetHeaterValues
                0x20008a2c      0x1f8 ./src/SubSystemModules/PowerManagment/EPS.o
                0x20008a2c                CMDGetHeaterValues
 .text.CMDSetHeaterValues
                0x20008c24      0x204 ./src/SubSystemModules/PowerManagment/EPS.o
                0x20008c24                CMDSetHeaterValues
 .text.EnterFullMode
                0x20008e28       0x5c ./src/SubSystemModules/PowerManagment/EPSOperationModes.o
                0x20008e28                EnterFullMode
 .text.EnterCruiseMode
                0x20008e84       0x58 ./src/SubSystemModules/PowerManagment/EPSOperationModes.o
                0x20008e84                EnterCruiseMode
 .text.EnterSafeMode
                0x20008edc       0x5c ./src/SubSystemModules/PowerManagment/EPSOperationModes.o
                0x20008edc                EnterSafeMode
 .text.EnterCriticalMode
                0x20008f38       0x5c ./src/SubSystemModules/PowerManagment/EPSOperationModes.o
                0x20008f38                EnterCriticalMode
 .text.PayloadOperations
                0x20008f94       0x28 ./src/SubSystemModules/PowerManagment/EPSOperationModes.o
                0x20008f94                PayloadOperations
 .text.GetSystemState
                0x20008fbc       0x24 ./src/SubSystemModules/PowerManagment/EPSOperationModes.o
                0x20008fbc                GetSystemState
 .text.GetSystemChannelState
                0x20008fe0       0x24 ./src/SubSystemModules/PowerManagment/EPSOperationModes.o
                0x20008fe0                GetSystemChannelState
 .text.EpsGetLowVoltageFlag
                0x20009004       0x24 ./src/SubSystemModules/PowerManagment/EPSOperationModes.o
                0x20009004                EpsGetLowVoltageFlag
 .text.EpsSetLowVoltageFlag
                0x20009028       0x2c ./src/SubSystemModules/PowerManagment/EPSOperationModes.o
                0x20009028                EpsSetLowVoltageFlag
 .text.CheckExecutionTime
                0x20009054       0x80 ./src/SubSystemModules/Maintenance/Maintenance.o
                0x20009054                CheckExecutionTime
 .text.SaveSatTimeInFRAM
                0x200090d4       0x44 ./src/SubSystemModules/Maintenance/Maintenance.o
                0x200090d4                SaveSatTimeInFRAM
 .text.WakeupFromResetCMD
                0x20009118      0x120 ./src/SubSystemModules/Maintenance/Maintenance.o
                0x20009118                WakeupFromResetCMD
 .text.ResetGroundCommWDT
                0x20009238       0x1c ./src/SubSystemModules/Maintenance/Maintenance.o
                0x20009238                ResetGroundCommWDT
 .text.findMinMaxDate
                0x20009254       0xdc ./src/SubSystemModules/Maintenance/Maintenance.o
                0x20009254                findMinMaxDate
 .text.DeleteOldFiels
                0x20009330       0xf0 ./src/SubSystemModules/Maintenance/Maintenance.o
                0x20009330                DeleteOldFiels
 .text.HardResetMCU
                0x20009420       0x3c ./src/SubSystemModules/Maintenance/Maintenance.o
                0x20009420                HardResetMCU
 .text.get_radfet_data
                0x2000945c       0x4c ./src/SubSystemModules/Housekepping/Payload.o
                0x2000945c                get_radfet_data
 .text.get_sel_data
                0x200094a8       0xc8 ./src/SubSystemModules/Housekepping/Payload.o
                0x200094a8                get_sel_data
 .text.get_seu_data
                0x20009570       0x38 ./src/SubSystemModules/Housekepping/Payload.o
                0x20009570                get_seu_data
 .text.ResetRamTlm
                0x200095a8      0x104 ./src/SubSystemModules/Housekepping/RAMTelemetry.o
                0x200095a8                ResetRamTlm
 .text.inc      0x200096ac       0x4c ./src/SubSystemModules/Housekepping/RAMTelemetry.o
                0x200096ac                inc
 .text.dec      0x200096f8       0x48 ./src/SubSystemModules/Housekepping/RAMTelemetry.o
                0x200096f8                dec
 .text.saveTlmToRam
                0x20009740      0x304 ./src/SubSystemModules/Housekepping/RAMTelemetry.o
                0x20009740                saveTlmToRam
 .text.getTlm   0x20009a44      0x210 ./src/SubSystemModules/Housekepping/RAMTelemetry.o
                0x20009a44                getTlm
 .text.getRange
                0x20009c54      0x204 ./src/SubSystemModules/Housekepping/RAMTelemetry.o
                0x20009c54                getRange
 .text.InitSavePeriodTimes
                0x20009e58       0xb8 ./src/SubSystemModules/Housekepping/TelemetryCollector.o
                0x20009e58                InitSavePeriodTimes
 .text.CMD_GetTLMPeriodTimes
                0x20009f10       0x38 ./src/SubSystemModules/Housekepping/TelemetryCollector.o
                0x20009f10                CMD_GetTLMPeriodTimes
 .text.CMD_SetTLMPeriodTimes
                0x20009f48      0x204 ./src/SubSystemModules/Housekepping/TelemetryCollector.o
                0x20009f48                CMD_SetTLMPeriodTimes
 .text.TelemetryCollectorLogic
                0x2000a14c      0x328 ./src/SubSystemModules/Housekepping/TelemetryCollector.o
                0x2000a14c                TelemetryCollectorLogic
 .text.TelemetrySaveEPS
                0x2000a474       0x54 ./src/SubSystemModules/Housekepping/TelemetryCollector.o
                0x2000a474                TelemetrySaveEPS
 .text.TelemetrySaveTRXVU
                0x2000a4c8       0x94 ./src/SubSystemModules/Housekepping/TelemetryCollector.o
                0x2000a4c8                TelemetrySaveTRXVU
 .text.TelemetrySaveANT
                0x2000a55c       0x5c ./src/SubSystemModules/Housekepping/TelemetryCollector.o
                0x2000a55c                TelemetrySaveANT
 .text.TelemetrySaveSolarPanels
                0x2000a5b8      0x22c ./src/SubSystemModules/Housekepping/TelemetryCollector.o
                0x2000a5b8                TelemetrySaveSolarPanels
 .text.TelemetrySaveWOD
                0x2000a7e4       0x5c ./src/SubSystemModules/Housekepping/TelemetryCollector.o
                0x2000a7e4                TelemetrySaveWOD
 .text.TelemetrySaveRADFET
                0x2000a840       0x54 ./src/SubSystemModules/Housekepping/TelemetryCollector.o
                0x2000a840                TelemetrySaveRADFET
 .text.TelemetrySaveSEL
                0x2000a894       0x84 ./src/SubSystemModules/Housekepping/TelemetryCollector.o
                0x2000a894                TelemetrySaveSEL
 .text.TelemetrySaveSEU
                0x2000a918       0x54 ./src/SubSystemModules/Housekepping/TelemetryCollector.o
                0x2000a918                TelemetrySaveSEU
 .text.GetCurrentWODTelemetry
                0x2000a96c      0x7e0 ./src/SubSystemModules/Housekepping/TelemetryCollector.o
                0x2000a96c                GetCurrentWODTelemetry
 .text.CMD_EPS_ResetWDT
                0x2000b14c       0x58 ./src/SubSystemModules/Communication/SubsystemCommands/EPS_Commands.o
                0x2000b14c                CMD_EPS_ResetWDT
 .text.CMD_DeleteTLM
                0x2000b1a4      0x1d8 ./src/SubSystemModules/Communication/SubsystemCommands/FS_Commands.o
                0x2000b1a4                CMD_DeleteTLM
 .text.CMD_DeleteAllFiles
                0x2000b37c       0x38 ./src/SubSystemModules/Communication/SubsystemCommands/FS_Commands.o
                0x2000b37c                CMD_DeleteAllFiles
 .text.CMD_GetLastFS_Error
                0x2000b3b4       0x4c ./src/SubSystemModules/Communication/SubsystemCommands/FS_Commands.o
                0x2000b3b4                CMD_GetLastFS_Error
 .text.CMD_Get_TLM_Info
                0x2000b400      0x1b0 ./src/SubSystemModules/Communication/SubsystemCommands/FS_Commands.o
                0x2000b400                CMD_Get_TLM_Info
 .text.CMD_Switch_SD_Card
                0x2000b5b0       0xb8 ./src/SubSystemModules/Communication/SubsystemCommands/FS_Commands.o
                0x2000b5b0                CMD_Switch_SD_Card
 .text.CMD_Format_SD_Card
                0x2000b668       0x80 ./src/SubSystemModules/Communication/SubsystemCommands/FS_Commands.o
                0x2000b668                CMD_Format_SD_Card
 .text.CMD_GenericI2C
                0x2000b6e8      0x144 ./src/SubSystemModules/Communication/SubsystemCommands/Maintanence_Commands.o
                0x2000b6e8                CMD_GenericI2C
 .text.CMD_FRAM_ReadAndTransmitt
                0x2000b82c       0xe8 ./src/SubSystemModules/Communication/SubsystemCommands/Maintanence_Commands.o
                0x2000b82c                CMD_FRAM_ReadAndTransmitt
 .text.CMD_FRAM_WriteAndTransmitt
                0x2000b914      0x11c ./src/SubSystemModules/Communication/SubsystemCommands/Maintanence_Commands.o
                0x2000b914                CMD_FRAM_WriteAndTransmitt
 .text.CMD_FRAM_ReStart
                0x2000ba30       0x4c ./src/SubSystemModules/Communication/SubsystemCommands/Maintanence_Commands.o
                0x2000ba30                CMD_FRAM_ReStart
 .text.CMD_UpdateSatTime
                0x2000ba7c       0xa4 ./src/SubSystemModules/Communication/SubsystemCommands/Maintanence_Commands.o
                0x2000ba7c                CMD_UpdateSatTime
 .text.CMD_GetSatUptime
                0x2000bb20       0x48 ./src/SubSystemModules/Communication/SubsystemCommands/Maintanence_Commands.o
                0x2000bb20                CMD_GetSatUptime
 .text.CMD_ResetComponent
                0x2000bb68      0x274 ./src/SubSystemModules/Communication/SubsystemCommands/Maintanence_Commands.o
                0x2000bb68                CMD_ResetComponent
 .text.DumpTask
                0x2000bddc      0x310 ./src/SubSystemModules/Communication/SubsystemCommands/TRXVU_Commands.o
                0x2000bddc                DumpTask
 .text.DumpRamTask
                0x2000c0ec      0x394 ./src/SubSystemModules/Communication/SubsystemCommands/TRXVU_Commands.o
                0x2000c0ec                DumpRamTask
 .text.CMD_AntennaDeploy
                0x2000c480       0x8c ./src/SubSystemModules/Communication/SubsystemCommands/TRXVU_Commands.o
                0x2000c480                CMD_AntennaDeploy
 .text.CMD_StartDump
                0x2000c50c      0x224 ./src/SubSystemModules/Communication/SubsystemCommands/TRXVU_Commands.o
                0x2000c50c                CMD_StartDump
 .text.CMD_SendDumpAbortRequest
                0x2000c730       0x38 ./src/SubSystemModules/Communication/SubsystemCommands/TRXVU_Commands.o
                0x2000c730                CMD_SendDumpAbortRequest
 .text.CMD_ForceDumpAbort
                0x2000c768       0x3c ./src/SubSystemModules/Communication/SubsystemCommands/TRXVU_Commands.o
                0x2000c768                CMD_ForceDumpAbort
 .text.CMD_SetTransponder
                0x2000c7a4      0x110 ./src/SubSystemModules/Communication/SubsystemCommands/TRXVU_Commands.o
                0x2000c7a4                CMD_SetTransponder
 .text.CMD_SetRSSITransponder
                0x2000c8b4       0x90 ./src/SubSystemModules/Communication/SubsystemCommands/TRXVU_Commands.o
                0x2000c8b4                CMD_SetRSSITransponder
 .text.CMD_MuteTRXVU
                0x2000c944       0xc4 ./src/SubSystemModules/Communication/SubsystemCommands/TRXVU_Commands.o
                0x2000c944                CMD_MuteTRXVU
 .text.CMD_SetIdleState
                0x2000ca08       0x94 ./src/SubSystemModules/Communication/SubsystemCommands/TRXVU_Commands.o
                0x2000ca08                CMD_SetIdleState
 .text.CMD_UnMuteTRXVU
                0x2000ca9c       0x38 ./src/SubSystemModules/Communication/SubsystemCommands/TRXVU_Commands.o
                0x2000ca9c                CMD_UnMuteTRXVU
 .text.CMD_GetBaudRate
                0x2000cad4       0x6c ./src/SubSystemModules/Communication/SubsystemCommands/TRXVU_Commands.o
                0x2000cad4                CMD_GetBaudRate
 .text.CMD_TrasmitBeacon
                0x2000cb40       0x48 ./src/SubSystemModules/Communication/SubsystemCommands/TRXVU_Commands.o
                0x2000cb40                CMD_TrasmitBeacon
 .text.CMD_GetBeaconInterval
                0x2000cb88       0x6c ./src/SubSystemModules/Communication/SubsystemCommands/TRXVU_Commands.o
                0x2000cb88                CMD_GetBeaconInterval
 .text.CMD_SetBaudRate
                0x2000cbf4       0x64 ./src/SubSystemModules/Communication/SubsystemCommands/TRXVU_Commands.o
                0x2000cbf4                CMD_SetBaudRate
 .text.CMD_GetTxUptime
                0x2000cc58       0x68 ./src/SubSystemModules/Communication/SubsystemCommands/TRXVU_Commands.o
                0x2000cc58                CMD_GetTxUptime
 .text.CMD_GetRxUptime
                0x2000ccc0       0x68 ./src/SubSystemModules/Communication/SubsystemCommands/TRXVU_Commands.o
                0x2000ccc0                CMD_GetRxUptime
 .text.CMD_GetNumOfOnlineCommands
                0x2000cd28       0x68 ./src/SubSystemModules/Communication/SubsystemCommands/TRXVU_Commands.o
                0x2000cd28                CMD_GetNumOfOnlineCommands
 .text.CMD_AntSetArmStatus
                0x2000cd90       0x3c ./src/SubSystemModules/Communication/SubsystemCommands/TRXVU_Commands.o
                0x2000cd90                CMD_AntSetArmStatus
 .text.CMD_AntGetArmStatus
                0x2000cdcc       0x60 ./src/SubSystemModules/Communication/SubsystemCommands/TRXVU_Commands.o
                0x2000cdcc                CMD_AntGetArmStatus
 .text.CMD_AntGetUptime
                0x2000ce2c       0x68 ./src/SubSystemModules/Communication/SubsystemCommands/TRXVU_Commands.o
                0x2000ce2c                CMD_AntGetUptime
 .text.CMD_StopReDeployment
                0x2000ce94       0x74 ./src/SubSystemModules/Communication/SubsystemCommands/TRXVU_Commands.o
                0x2000ce94                CMD_StopReDeployment
 .text.CMD_AntCancelDeployment
                0x2000cf08       0x58 ./src/SubSystemModules/Communication/SubsystemCommands/TRXVU_Commands.o
                0x2000cf08                CMD_AntCancelDeployment
 .text.CMD_DumpRamTLM
                0x2000cf60      0x180 ./src/SubSystemModules/Communication/SubsystemCommands/TRXVU_Commands.o
                0x2000cf60                CMD_DumpRamTLM
 .text.SendAckPacket
                0x2000d0e0       0xe4 ./src/SubSystemModules/Communication/AckHandler.o
                0x2000d0e0                SendAckPacket
 .text.trxvu_command_router
                0x2000d1c4      0x578 ./src/SubSystemModules/Communication/CommandDictionary.o
                0x2000d1c4                trxvu_command_router
 .text.eps_command_router
                0x2000d73c       0xdc ./src/SubSystemModules/Communication/CommandDictionary.o
                0x2000d73c                eps_command_router
 .text.telemetry_command_router
                0x2000d818      0x23c ./src/SubSystemModules/Communication/CommandDictionary.o
                0x2000d818                telemetry_command_router
 .text.managment_command_router
                0x2000da54      0x12c ./src/SubSystemModules/Communication/CommandDictionary.o
                0x2000da54                managment_command_router
 .text.filesystem_command_router
                0x2000db80       0x24 ./src/SubSystemModules/Communication/CommandDictionary.o
                0x2000db80                filesystem_command_router
 .text.sha256_transform
                0x2000dba4      0x4b8 ./src/SubSystemModules/Communication/HashSecuredCMD.o
                0x2000dba4                sha256_transform
 .text.sha256_init
                0x2000e05c       0xb8 ./src/SubSystemModules/Communication/HashSecuredCMD.o
                0x2000e05c                sha256_init
 .text.sha256_update
                0x2000e114       0xc8 ./src/SubSystemModules/Communication/HashSecuredCMD.o
                0x2000e114                sha256_update
 .text.sha256_final
                0x2000e1dc      0x470 ./src/SubSystemModules/Communication/HashSecuredCMD.o
                0x2000e1dc                sha256_final
 .text.ParseDataToCommand
                0x2000e64c      0x1ac ./src/SubSystemModules/Communication/SatCommandHandler.o
                0x2000e64c                ParseDataToCommand
 .text.AssembleCommand
                0x2000e7f8      0x148 ./src/SubSystemModules/Communication/SatCommandHandler.o
                0x2000e7f8                AssembleCommand
 .text.GetDelayedCommand
                0x2000e940       0x24 ./src/SubSystemModules/Communication/SatCommandHandler.o
                0x2000e940                GetDelayedCommand
 .text.AddDelayedCommand
                0x2000e964       0x24 ./src/SubSystemModules/Communication/SatCommandHandler.o
                0x2000e964                AddDelayedCommand
 .text.GetDelayedCommandBufferCount
                0x2000e988       0x50 ./src/SubSystemModules/Communication/SatCommandHandler.o
                0x2000e988                GetDelayedCommandBufferCount
 .text.GetDelayedCommandByIndex
                0x2000e9d8       0x28 ./src/SubSystemModules/Communication/SatCommandHandler.o
                0x2000e9d8                GetDelayedCommandByIndex
 .text.DeleteDelayedCommandByIndex
                0x2000ea00       0x24 ./src/SubSystemModules/Communication/SatCommandHandler.o
                0x2000ea00                DeleteDelayedCommandByIndex
 .text.DeleteDelayedBuffer
                0x2000ea24       0x1c ./src/SubSystemModules/Communication/SatCommandHandler.o
                0x2000ea24                DeleteDelayedBuffer
 .text.ActUponCommand
                0x2000ea40      0x108 ./src/SubSystemModules/Communication/SatCommandHandler.o
                0x2000ea40                ActUponCommand
 .text.setMuteEndTime
                0x2000eb48       0x40 ./src/SubSystemModules/Communication/TRXVU.o
                0x2000eb48                setMuteEndTime
 .text.getMuteEndTime
                0x2000eb88       0x44 ./src/SubSystemModules/Communication/TRXVU.o
                0x2000eb88                getMuteEndTime
 .text.setTransponderEndTime
                0x2000ebcc       0x40 ./src/SubSystemModules/Communication/TRXVU.o
                0x2000ebcc                setTransponderEndTime
 .text.getTransponderEndTime
                0x2000ec0c       0x44 ./src/SubSystemModules/Communication/TRXVU.o
                0x2000ec0c                getTransponderEndTime
 .text.setTransponderRSSIinFRAM
                0x2000ec50       0x44 ./src/SubSystemModules/Communication/TRXVU.o
                0x2000ec50                setTransponderRSSIinFRAM
 .text.getTransponderRSSIFromFRAM
                0x2000ec94       0x4c ./src/SubSystemModules/Communication/TRXVU.o
                0x2000ec94                getTransponderRSSIFromFRAM
 .text.InitTxModule
                0x2000ece0       0x68 ./src/SubSystemModules/Communication/TRXVU.o
                0x2000ece0                InitTxModule
 .text.CMD_SetBeaconInterval
                0x2000ed48       0xdc ./src/SubSystemModules/Communication/TRXVU.o
                0x2000ed48                CMD_SetBeaconInterval
 .text.InitBeaconParams
                0x2000ee24       0x3c ./src/SubSystemModules/Communication/TRXVU.o
                0x2000ee24                InitBeaconParams
 .text.InitSemaphores
                0x2000ee60       0x98 ./src/SubSystemModules/Communication/TRXVU.o
                0x2000ee60                InitSemaphores
 .text.InitTrxvu
                0x2000eef8      0x100 ./src/SubSystemModules/Communication/TRXVU.o
                0x2000eef8                InitTrxvu
 .text.checkIdleFinish
                0x2000eff8       0x68 ./src/SubSystemModules/Communication/TRXVU.o
                0x2000eff8                checkIdleFinish
 .text.checkTransponderFinish
                0x2000f060       0x50 ./src/SubSystemModules/Communication/TRXVU.o
                0x2000f060                checkTransponderFinish
 .text.checkTransponderStart
                0x2000f0b0       0x50 ./src/SubSystemModules/Communication/TRXVU.o
                0x2000f0b0                checkTransponderStart
 .text.turnOnTransponder
                0x2000f100       0xa0 ./src/SubSystemModules/Communication/TRXVU.o
                0x2000f100                turnOnTransponder
 .text.turnOffTransponder
                0x2000f1a0       0x90 ./src/SubSystemModules/Communication/TRXVU.o
                0x2000f1a0                turnOffTransponder
 .text.SetRSSITransponder
                0x2000f230       0x80 ./src/SubSystemModules/Communication/TRXVU.o
                0x2000f230                SetRSSITransponder
 .text.TRX_Logic
                0x2000f2b0       0xd4 ./src/SubSystemModules/Communication/TRXVU.o
                0x2000f2b0                TRX_Logic
 .text.GetNumberOfFramesInBuffer
                0x2000f384       0x5c ./src/SubSystemModules/Communication/TRXVU.o
                0x2000f384                GetNumberOfFramesInBuffer
 .text.GetOnlineCommand
                0x2000f3e0      0x184 ./src/SubSystemModules/Communication/TRXVU.o
                0x2000f3e0                GetOnlineCommand
 .text.CheckTransmitionAllowed
                0x2000f564       0xc0 ./src/SubSystemModules/Communication/TRXVU.o
                0x2000f564                CheckTransmitionAllowed
 .text.FinishDump
                0x2000f624       0xf0 ./src/SubSystemModules/Communication/TRXVU.o
                0x2000f624                FinishDump
 .text.AbortDump
                0x2000f714       0x34 ./src/SubSystemModules/Communication/TRXVU.o
                0x2000f714                AbortDump
 .text.SendDumpAbortRequest
                0x2000f748       0x6c ./src/SubSystemModules/Communication/TRXVU.o
                0x2000f748                SendDumpAbortRequest
 .text.CheckDumpAbort
                0x2000f7b4       0x6c ./src/SubSystemModules/Communication/TRXVU.o
                0x2000f7b4                CheckDumpAbort
 .text.BeaconLogic
                0x2000f820      0x184 ./src/SubSystemModules/Communication/TRXVU.o
                0x2000f820                BeaconLogic
 .text.SetIdleState
                0x2000f9a4      0x144 ./src/SubSystemModules/Communication/TRXVU.o
                0x2000f9a4                SetIdleState
 .text.muteTRXVU
                0x2000fae8       0x74 ./src/SubSystemModules/Communication/TRXVU.o
                0x2000fae8                muteTRXVU
 .text.UnMuteTRXVU
                0x2000fb5c       0x14 ./src/SubSystemModules/Communication/TRXVU.o
                0x2000fb5c                UnMuteTRXVU
 .text.TransmitDataAsSPL_Packet
                0x2000fb70      0x114 ./src/SubSystemModules/Communication/TRXVU.o
                0x2000fb70                TransmitDataAsSPL_Packet
 .text.TransmitSplPacket
                0x2000fc84      0x1cc ./src/SubSystemModules/Communication/TRXVU.o
                0x2000fc84                TransmitSplPacket
 .text.isFirstActivation
                0x2000fe50       0x38 ./src/InitSystem.o
                0x2000fe50                isFirstActivation
 .text.WriteDefaultValuesToFRAM
                0x2000fe88      0x2ac ./src/InitSystem.o
                0x2000fe88                WriteDefaultValuesToFRAM
 .text.StartFRAM
                0x20010134       0x64 ./src/InitSystem.o
                0x20010134                StartFRAM
 .text.StartI2C
                0x20010198       0x38 ./src/InitSystem.o
                0x20010198                StartI2C
 .text.StartSPI
                0x200101d0       0x34 ./src/InitSystem.o
                0x200101d0                StartSPI
 .text.StartTIME
                0x20010204       0xbc ./src/InitSystem.o
                0x20010204                StartTIME
 .text.DeploySystem
                0x200102c0      0x1b4 ./src/InitSystem.o
                0x200102c0                DeploySystem
 .text.InitSubsystems
                0x20010474       0x64 ./src/InitSystem.o
                0x20010474                InitSubsystems
 .text.CMD_getInfoImage
                0x200104d8      0x158 ./src/TLM_management.o
                0x200104d8                CMD_getInfoImage
 .text.CMD_getDataImage
                0x20010630      0x218 ./src/TLM_management.o
                0x20010630                CMD_getDataImage
 .text.delete_allTMFilesFromSD
                0x20010848       0x8c ./src/TLM_management.o
                0x20010848                delete_allTMFilesFromSD
 .text.deleteTLMFiles
                0x200108d4       0x94 ./src/TLM_management.o
                0x200108d4                deleteTLMFiles
 .text.deleteTLMFile
                0x20010968       0xcc ./src/TLM_management.o
                0x20010968                deleteTLMFile
 .text.deleteTLMbyMonth
                0x20010a34       0xac ./src/TLM_management.o
                0x20010a34                deleteTLMbyMonth
 .text.deleteDirectory
                0x20010ae0      0x158 ./src/TLM_management.o
                0x20010ae0                deleteDirectory
 .text.InitializeFS
                0x20010c38       0xec ./src/TLM_management.o
                0x20010c38                InitializeFS
 .text.calculateFileName
                0x20010d24      0x130 ./src/TLM_management.o
                0x20010d24                calculateFileName
 .text.getTlmTypeInfo
                0x20010e54      0x294 ./src/TLM_management.o
                0x20010e54                getTlmTypeInfo
 .text.write2File
                0x200110e8      0x1dc ./src/TLM_management.o
                0x200110e8                write2File
 .text.printTLM
                0x200112c4      0x490 ./src/TLM_management.o
                0x200112c4                printTLM
 .text.readTLMFile
                0x20011754      0x328 ./src/TLM_management.o
                0x20011754                readTLMFile
 .text.readTLMFiles
                0x20011a7c       0xdc ./src/TLM_management.o
                0x20011a7c                readTLMFiles
 .text.readTLMFileTimeRange
                0x20011b58      0x2f0 ./src/TLM_management.o
                0x20011b58                readTLMFileTimeRange
 .text.DeInitializeFS
                0x20011e48       0x38 ./src/TLM_management.o
                0x20011e48                DeInitializeFS
 .text.main     0x20011e80       0x98 ./src/main.o
                0x20011e80                main
 .text.timeU2time
                0x20011f18       0xbc ./src/utils.o
                0x20011f18                timeU2time
 .text.logError
                0x20011fd4      0x148 ./src/utils.o
                0x20011fd4                logError
 .text.clearPDCtransfers
                0x2001211c       0xe8 C:/ISIS/workspace_ycube/GlobusSatProject/..//hal/hal/lib\libHALD.a(SPI.o)
 .text.SPI_start
                0x20012204      0x4b0 C:/ISIS/workspace_ycube/GlobusSatProject/..//hal/hal/lib\libHALD.a(SPI.o)
                0x20012204                SPI_start
 .text.SPI_stop
                0x200126b4      0x244 C:/ISIS/workspace_ycube/GlobusSatProject/..//hal/hal/lib\libHALD.a(SPI.o)
                0x200126b4                SPI_stop
 .text.SPI_queueTransfer
                0x200128f8      0x1cc C:/ISIS/workspace_ycube/GlobusSatProject/..//hal/hal/lib\libHALD.a(SPI.o)
                0x200128f8                SPI_queueTransfer
 .text.SPI_internalCallback
                0x20012ac4       0x64 C:/ISIS/workspace_ycube/GlobusSatProject/..//hal/hal/lib\libHALD.a(SPI.o)
 .text.SPI_writeRead
                0x20012b28      0x1c0 C:/ISIS/workspace_ycube/GlobusSatProject/..//hal/hal/lib\libHALD.a(SPI.o)
                0x20012b28                SPI_writeRead
 .text.waitForTransfer
                0x20012ce8       0x78 C:/ISIS/workspace_ycube/GlobusSatProject/..//hal/hal/lib\libHALD.a(SPI.o)
 .text.SPI_getDriverState
                0x20012d60       0x58 C:/ISIS/workspace_ycube/GlobusSatProject/..//hal/hal/lib\libHALD.a(SPI.o)
                0x20012d60                SPI_getDriverState
 .text.validateTransferParameters
                0x20012db8      0x10c C:/ISIS/workspace_ycube/GlobusSatProject/..//hal/hal/lib\libHALD.a(I2C.o)
 .text.I2C_queueTransfer
                0x20012ec4       0xfc C:/ISIS/workspace_ycube/GlobusSatProject/..//hal/hal/lib\libHALD.a(I2C.o)
                0x20012ec4                I2C_queueTransfer
 .text.I2C_internalCallback
                0x20012fc0       0x64 C:/ISIS/workspace_ycube/GlobusSatProject/..//hal/hal/lib\libHALD.a(I2C.o)
 .text.I2C_doBlockingTransfer
                0x20013024      0x180 C:/ISIS/workspace_ycube/GlobusSatProject/..//hal/hal/lib\libHALD.a(I2C.o)
 .text.I2C_write
                0x200131a4      0x110 C:/ISIS/workspace_ycube/GlobusSatProject/..//hal/hal/lib\libHALD.a(I2C.o)
                0x200131a4                I2C_write
 .text.I2C_read
                0x200132b4      0x110 C:/ISIS/workspace_ycube/GlobusSatProject/..//hal/hal/lib\libHALD.a(I2C.o)
                0x200132b4                I2C_read
 .text.I2C_writeRead
                0x200133c4      0x17c C:/ISIS/workspace_ycube/GlobusSatProject/..//hal/hal/lib\libHALD.a(I2C.o)
                0x200133c4                I2C_writeRead
 .text.I2C_start
                0x20013540      0x2e8 C:/ISIS/workspace_ycube/GlobusSatProject/..//hal/hal/lib\libHALD.a(I2C.o)
                0x20013540                I2C_start
 .text.I2C_stop
                0x20013828      0x184 C:/ISIS/workspace_ycube/GlobusSatProject/..//hal/hal/lib\libHALD.a(I2C.o)
                0x20013828                I2C_stop
 .text.I2C_setTransferTimeout
                0x200139ac       0x48 C:/ISIS/workspace_ycube/GlobusSatProject/..//hal/hal/lib\libHALD.a(I2C.o)
                0x200139ac                I2C_setTransferTimeout
 .text.ADC_ConvertRaw10bitToMillivolt
                0x200139f4       0x50 C:/ISIS/workspace_ycube/GlobusSatProject/..//hal/hal/lib\libHALD.a(ADC.o)
                0x200139f4                ADC_ConvertRaw10bitToMillivolt
 .text.ADC_SingleShot
                0x20013a44      0x230 C:/ISIS/workspace_ycube/GlobusSatProject/..//hal/hal/lib\libHALD.a(ADC.o)
                0x20013a44                ADC_SingleShot
 .text.FRAM_start
                0x20013c74      0x120 C:/ISIS/workspace_ycube/GlobusSatProject/..//hal/hal/lib\libHALD.a(FRAM.o)
                0x20013c74                FRAM_start
 .text.FRAM_stop
                0x20013d94       0x6c C:/ISIS/workspace_ycube/GlobusSatProject/..//hal/hal/lib\libHALD.a(FRAM.o)
                0x20013d94                FRAM_stop
 .text.FRAM_dummyCallback
                0x20013e00       0x24 C:/ISIS/workspace_ycube/GlobusSatProject/..//hal/hal/lib\libHALD.a(FRAM.o)
                0x20013e00                FRAM_dummyCallback
 .text.FRAM_unlockingCallback
                0x20013e24       0x64 C:/ISIS/workspace_ycube/GlobusSatProject/..//hal/hal/lib\libHALD.a(FRAM.o)
                0x20013e24                FRAM_unlockingCallback
 .text.doBlockingTransfer
                0x20013e88       0x78 C:/ISIS/workspace_ycube/GlobusSatProject/..//hal/hal/lib\libHALD.a(FRAM.o)
 .text.FRAM_writePacket
                0x20013f00      0x134 C:/ISIS/workspace_ycube/GlobusSatProject/..//hal/hal/lib\libHALD.a(FRAM.o)
 .text.FRAM_write
                0x20014034      0x1e0 C:/ISIS/workspace_ycube/GlobusSatProject/..//hal/hal/lib\libHALD.a(FRAM.o)
                0x20014034                FRAM_write
 .text.FRAM_readPacket
                0x20014214       0xf0 C:/ISIS/workspace_ycube/GlobusSatProject/..//hal/hal/lib\libHALD.a(FRAM.o)
 .text.FRAM_read
                0x20014304      0x1ec C:/ISIS/workspace_ycube/GlobusSatProject/..//hal/hal/lib\libHALD.a(FRAM.o)
                0x20014304                FRAM_read
 .text.Time_start
                0x200144f0      0x170 C:/ISIS/workspace_ycube/GlobusSatProject/..//hal/hal/lib\libHALD.a(Time.o)
                0x200144f0                Time_start
 .text.taskTimeSync
                0x20014660       0x64 C:/ISIS/workspace_ycube/GlobusSatProject/..//hal/hal/lib\libHALD.a(Time.o)
 .text.Time_convertEpochToTime
                0x200146c4      0x100 C:/ISIS/workspace_ycube/GlobusSatProject/..//hal/hal/lib\libHALD.a(Time.o)
                0x200146c4                Time_convertEpochToTime
 .text.Time_calculateSecondsOfYear
                0x200147c4       0xd8 C:/ISIS/workspace_ycube/GlobusSatProject/..//hal/hal/lib\libHALD.a(Time.o)
 .text.Time_set
                0x2001489c       0xd8 C:/ISIS/workspace_ycube/GlobusSatProject/..//hal/hal/lib\libHALD.a(Time.o)
                0x2001489c                Time_set
 .text.Time_isLeapYear
                0x20014974       0x98 C:/ISIS/workspace_ycube/GlobusSatProject/..//hal/hal/lib\libHALD.a(Time.o)
                0x20014974                Time_isLeapYear
 .text.Time_get
                0x20014a0c      0x478 C:/ISIS/workspace_ycube/GlobusSatProject/..//hal/hal/lib\libHALD.a(Time.o)
                0x20014a0c                Time_get
 .text.Time_getUnixEpoch
                0x20014e84      0x108 C:/ISIS/workspace_ycube/GlobusSatProject/..//hal/hal/lib\libHALD.a(Time.o)
                0x20014e84                Time_getUnixEpoch
 .text.Time_secondsOfYearToTime
                0x20014f8c      0x33c C:/ISIS/workspace_ycube/GlobusSatProject/..//hal/hal/lib\libHALD.a(Time.o)
 .text.Time_setUnixEpoch
                0x200152c8       0x54 C:/ISIS/workspace_ycube/GlobusSatProject/..//hal/hal/lib\libHALD.a(Time.o)
                0x200152c8                Time_setUnixEpoch
 .text.Time_getUptimeSeconds
                0x2001531c       0x28 C:/ISIS/workspace_ycube/GlobusSatProject/..//hal/hal/lib\libHALD.a(Time.o)
                0x2001531c                Time_getUptimeSeconds
 .text.Time_sync
                0x20015344      0x1a8 C:/ISIS/workspace_ycube/GlobusSatProject/..//hal/hal/lib\libHALD.a(Time.o)
                0x20015344                Time_sync
 .text.Time_syncIfNeeded
                0x200154ec       0xac C:/ISIS/workspace_ycube/GlobusSatProject/..//hal/hal/lib\libHALD.a(Time.o)
                0x200154ec                Time_syncIfNeeded
 .text.WDT_start
                0x20015598       0x48 C:/ISIS/workspace_ycube/GlobusSatProject/..//hal/hal/lib\libHALD.a(WatchDogTimerNoOS.o)
                0x20015598                WDT_start
 .text.RTT_start
                0x200155e0       0x24 C:/ISIS/workspace_ycube/GlobusSatProject/..//hal/hal/lib\libHALD.a(RTT.o)
                0x200155e0                RTT_start
 .text.RTT_GetTime
                0x20015604       0x24 C:/ISIS/workspace_ycube/GlobusSatProject/..//hal/hal/lib\libHALD.a(RTT.o)
                0x20015604                RTT_GetTime
 .text.RTC_start
                0x20015628       0x3c C:/ISIS/workspace_ycube/GlobusSatProject/..//hal/hal/lib\libHALD.a(RTC.o)
                0x20015628                RTC_start
 .text.RTC_setTime
                0x20015664      0x2a4 C:/ISIS/workspace_ycube/GlobusSatProject/..//hal/hal/lib\libHALD.a(RTC.o)
                0x20015664                RTC_setTime
 .text.RTC_getTime
                0x20015908      0x230 C:/ISIS/workspace_ycube/GlobusSatProject/..//hal/hal/lib\libHALD.a(RTC.o)
                0x20015908                RTC_getTime
 .text.RTC_checkTimeValid
                0x20015b38       0xd8 C:/ISIS/workspace_ycube/GlobusSatProject/..//hal/hal/lib\libHALD.a(RTC.o)
                0x20015b38                RTC_checkTimeValid
 .text.WDT_startWatchdogKickTask
                0x20015c10       0xb4 C:/ISIS/workspace_ycube/GlobusSatProject/..//hal/hal/lib\libHALD.a(WatchDogTimerOS.o)
                0x20015c10                WDT_startWatchdogKickTask
 .text.WDT_forceKickEveryNms
                0x20015cc4       0x50 C:/ISIS/workspace_ycube/GlobusSatProject/..//hal/hal/lib\libHALD.a(WatchDogTimerOS.o)
                0x20015cc4                WDT_forceKickEveryNms
 .text.f_puts   0x20015d14       0x80 C:/ISIS/workspace_ycube/GlobusSatProject/..//hal/hal/lib\libHALD.a(fprintf.o)
                0x20015d14                f_puts
 .text.UTIL_DbguGetInteger
                0x20015d94      0x168 C:/ISIS/workspace_ycube/GlobusSatProject/..//hal/hal/lib\libHALD.a(util.o)
                0x20015d94                UTIL_DbguGetInteger
 .text.UTIL_DbguGetIntegerMinMax
                0x20015efc       0xa4 C:/ISIS/workspace_ycube/GlobusSatProject/..//hal/hal/lib\libHALD.a(util.o)
                0x20015efc                UTIL_DbguGetIntegerMinMax
 .text.LED_glow
                0x20015fa0       0x58 C:/ISIS/workspace_ycube/GlobusSatProject/..//hal/hal/lib\libHALD.a(LED.o)
                0x20015fa0                LED_glow
 .text.LED_dark
                0x20015ff8       0x58 C:/ISIS/workspace_ycube/GlobusSatProject/..//hal/hal/lib\libHALD.a(LED.o)
                0x20015ff8                LED_dark
 .text.LED_toggle
                0x20016050       0x50 C:/ISIS/workspace_ycube/GlobusSatProject/..//hal/hal/lib\libHALD.a(LED.o)
                0x20016050                LED_toggle
 .text.fm_initvolume
                0x200160a0       0x70 C:/ISIS/workspace_ycube/GlobusSatProject/..//hal/hcc/lib\libHCCD.a(fat_m.o)
                0x200160a0                fm_initvolume
 .text.fm_delvolume
                0x20016110       0x60 C:/ISIS/workspace_ycube/GlobusSatProject/..//hal/hcc/lib\libHCCD.a(fat_m.o)
                0x20016110                fm_delvolume
 .text.fm_format
                0x20016170       0x68 C:/ISIS/workspace_ycube/GlobusSatProject/..//hal/hcc/lib\libHCCD.a(fat_m.o)
                0x20016170                fm_format
 .text.fm_getdrive
                0x200161d8       0x70 C:/ISIS/workspace_ycube/GlobusSatProject/..//hal/hcc/lib\libHCCD.a(fat_m.o)
                0x200161d8                fm_getdrive
 .text.fm_getfreespace
                0x20016248       0x68 C:/ISIS/workspace_ycube/GlobusSatProject/..//hal/hcc/lib\libHCCD.a(fat_m.o)
                0x20016248                fm_getfreespace
 .text.fm_mkdir
                0x200162b0       0x60 C:/ISIS/workspace_ycube/GlobusSatProject/..//hal/hcc/lib\libHCCD.a(fat_m.o)
                0x200162b0                fm_mkdir
 .text.fm_rmdir
                0x20016310       0x60 C:/ISIS/workspace_ycube/GlobusSatProject/..//hal/hcc/lib\libHCCD.a(fat_m.o)
                0x20016310                fm_rmdir
 .text.fm_findfirst
                0x20016370       0x68 C:/ISIS/workspace_ycube/GlobusSatProject/..//hal/hcc/lib\libHCCD.a(fat_m.o)
                0x20016370                fm_findfirst
 .text.fm_findnext
                0x200163d8       0x60 C:/ISIS/workspace_ycube/GlobusSatProject/..//hal/hcc/lib\libHCCD.a(fat_m.o)
                0x200163d8                fm_findnext
 .text.fm_close
                0x20016438       0x60 C:/ISIS/workspace_ycube/GlobusSatProject/..//hal/hcc/lib\libHCCD.a(fat_m.o)
                0x20016438                fm_close
 .text.fm_flush
                0x20016498       0x60 C:/ISIS/workspace_ycube/GlobusSatProject/..//hal/hcc/lib\libHCCD.a(fat_m.o)
                0x20016498                fm_flush
 .text.fm_open  0x200164f8       0x68 C:/ISIS/workspace_ycube/GlobusSatProject/..//hal/hcc/lib\libHCCD.a(fat_m.o)
                0x200164f8                fm_open
 .text.fm_read  0x20016560       0x7c C:/ISIS/workspace_ycube/GlobusSatProject/..//hal/hcc/lib\libHCCD.a(fat_m.o)
                0x20016560                fm_read
 .text.fm_write
                0x200165dc       0x7c C:/ISIS/workspace_ycube/GlobusSatProject/..//hal/hcc/lib\libHCCD.a(fat_m.o)
                0x200165dc                fm_write
 .text.fm_seek  0x20016658       0x70 C:/ISIS/workspace_ycube/GlobusSatProject/..//hal/hcc/lib\libHCCD.a(fat_m.o)
                0x20016658                fm_seek
 .text.fm_tell  0x200166c8       0x60 C:/ISIS/workspace_ycube/GlobusSatProject/..//hal/hcc/lib\libHCCD.a(fat_m.o)
                0x200166c8                fm_tell
 .text.fm_putc  0x20016728       0x68 C:/ISIS/workspace_ycube/GlobusSatProject/..//hal/hcc/lib\libHCCD.a(fat_m.o)
                0x20016728                fm_putc
 .text.fm_rewind
                0x20016790       0x60 C:/ISIS/workspace_ycube/GlobusSatProject/..//hal/hcc/lib\libHCCD.a(fat_m.o)
                0x20016790                fm_rewind
 .text.fm_delete
                0x200167f0       0x64 C:/ISIS/workspace_ycube/GlobusSatProject/..//hal/hcc/lib\libHCCD.a(fat_m.o)
                0x200167f0                fm_delete
 .text.fm_getlasterror
                0x20016854       0x40 C:/ISIS/workspace_ycube/GlobusSatProject/..//hal/hcc/lib\libHCCD.a(fat_m.o)
                0x20016854                fm_getlasterror
 .text._f_invalidatedir
                0x20016894       0x28 C:/ISIS/workspace_ycube/GlobusSatProject/..//hal/hcc/lib\libHCCD.a(fat.o)
                0x20016894                _f_invalidatedir
 .text._f_getdirsector
                0x200168bc       0x88 C:/ISIS/workspace_ycube/GlobusSatProject/..//hal/hcc/lib\libHCCD.a(fat.o)
                0x200168bc                _f_getdirsector
 .text._f_writedirsector
                0x20016944       0x74 C:/ISIS/workspace_ycube/GlobusSatProject/..//hal/hcc/lib\libHCCD.a(fat.o)
                0x20016944                _f_writedirsector
 .text._f_checknameinv
                0x200169b8      0x180 C:/ISIS/workspace_ycube/GlobusSatProject/..//hal/hcc/lib\libHCCD.a(fat.o)
 .text._f_checkname
                0x20016b38       0x7c C:/ISIS/workspace_ycube/GlobusSatProject/..//hal/hcc/lib\libHCCD.a(fat.o)
 .text._f_checknamewc
                0x20016bb4       0xf8 C:/ISIS/workspace_ycube/GlobusSatProject/..//hal/hcc/lib\libHCCD.a(fat.o)
 .text._f_setnameext
                0x20016cac      0x300 C:/ISIS/workspace_ycube/GlobusSatProject/..//hal/hcc/lib\libHCCD.a(fat.o)
 .text._f_setfsname
                0x20016fac      0x584 C:/ISIS/workspace_ycube/GlobusSatProject/..//hal/hcc/lib\libHCCD.a(fat.o)
 .text._f_findfile
                0x20017530      0x30c C:/ISIS/workspace_ycube/GlobusSatProject/..//hal/hcc/lib\libHCCD.a(fat.o)
 .text._f_cmp_wname
                0x2001783c      0x274 C:/ISIS/workspace_ycube/GlobusSatProject/..//hal/hcc/lib\libHCCD.a(fat.o)
 .text._f_to_string
                0x20017ab0      0x130 C:/ISIS/workspace_ycube/GlobusSatProject/..//hal/hcc/lib\libHCCD.a(fat.o)
 .text._f_findfilewc
                0x20017be0      0x278 C:/ISIS/workspace_ycube/GlobusSatProject/..//hal/hcc/lib\libHCCD.a(fat.o)
 .text._f_getfilename
                0x20017e58      0x20c C:/ISIS/workspace_ycube/GlobusSatProject/..//hal/hcc/lib\libHCCD.a(fat.o)
 .text._f_findpath
                0x20018064      0x35c C:/ISIS/workspace_ycube/GlobusSatProject/..//hal/hcc/lib\libHCCD.a(fat.o)
 .text.fn_getdcwd
                0x200183c0      0x1e0 C:/ISIS/workspace_ycube/GlobusSatProject/..//hal/hcc/lib\libHCCD.a(fat.o)
                0x200183c0                fn_getdcwd
 .text.fn_findfirst
                0x200185a0      0x13c C:/ISIS/workspace_ycube/GlobusSatProject/..//hal/hcc/lib\libHCCD.a(fat.o)
                0x200185a0                fn_findfirst
 .text.fn_findnext
                0x200186dc      0x360 C:/ISIS/workspace_ycube/GlobusSatProject/..//hal/hcc/lib\libHCCD.a(fat.o)
                0x200186dc                fn_findnext
 .text._f_lock_resfile
                0x20018a3c       0x6c C:/ISIS/workspace_ycube/GlobusSatProject/..//hal/hcc/lib\libHCCD.a(fat.o)
 .text._f_unlock_resfile
                0x20018aa8       0x40 C:/ISIS/workspace_ycube/GlobusSatProject/..//hal/hcc/lib\libHCCD.a(fat.o)
 .text._f_getintfile
                0x20018ae8      0x124 C:/ISIS/workspace_ycube/GlobusSatProject/..//hal/hcc/lib\libHCCD.a(fat.o)
 .text._f_addentry
                0x20018c0c      0x540 C:/ISIS/workspace_ycube/GlobusSatProject/..//hal/hcc/lib\libHCCD.a(fat.o)
 .text.fn_mkdir
                0x2001914c      0x75c C:/ISIS/workspace_ycube/GlobusSatProject/..//hal/hcc/lib\libHCCD.a(fat.o)
                0x2001914c                fn_mkdir
 .text.fn_open_sub
                0x200198a8     0x1698 C:/ISIS/workspace_ycube/GlobusSatProject/..//hal/hcc/lib\libHCCD.a(fat.o)
 .text.fn_open  0x2001af40       0x44 C:/ISIS/workspace_ycube/GlobusSatProject/..//hal/hcc/lib\libHCCD.a(fat.o)
                0x2001af40                fn_open
 .text.fn_delete
                0x2001af84      0x490 C:/ISIS/workspace_ycube/GlobusSatProject/..//hal/hcc/lib\libHCCD.a(fat.o)
                0x2001af84                fn_delete
 .text.fn_rmdir
                0x2001b414      0x5ac C:/ISIS/workspace_ycube/GlobusSatProject/..//hal/hcc/lib\libHCCD.a(fat.o)
                0x2001b414                fn_rmdir
 .text.fn_init  0x2001b9c0      0x2dc C:/ISIS/workspace_ycube/GlobusSatProject/..//hal/hcc/lib\libHCCD.a(fat_common.o)
                0x2001b9c0                fn_init
 .text.fn_start
                0x2001bc9c       0x1c C:/ISIS/workspace_ycube/GlobusSatProject/..//hal/hcc/lib\libHCCD.a(fat_common.o)
                0x2001bc9c                fn_start
 .text.fsn_delete
                0x2001bcb8       0xc8 C:/ISIS/workspace_ycube/GlobusSatProject/..//hal/hcc/lib\libHCCD.a(fat_common.o)
                0x2001bcb8                fsn_delete
 .text._f_get16bitl
                0x2001bd80       0x4c C:/ISIS/workspace_ycube/GlobusSatProject/..//hal/hcc/lib\libHCCD.a(fat_common.o)
                0x2001bd80                _f_get16bitl
 .text._f_set16bitl
                0x2001bdcc       0x54 C:/ISIS/workspace_ycube/GlobusSatProject/..//hal/hcc/lib\libHCCD.a(fat_common.o)
                0x2001bdcc                _f_set16bitl
 .text._f_get32bitl
                0x2001be20       0x68 C:/ISIS/workspace_ycube/GlobusSatProject/..//hal/hcc/lib\libHCCD.a(fat_common.o)
                0x2001be20                _f_get32bitl
 .text._f_set32bitl
                0x2001be88       0x78 C:/ISIS/workspace_ycube/GlobusSatProject/..//hal/hcc/lib\libHCCD.a(fat_common.o)
                0x2001be88                _f_set32bitl
 .text._get8bit
                0x2001bf00       0xa0 C:/ISIS/workspace_ycube/GlobusSatProject/..//hal/hcc/lib\libHCCD.a(fat_common.o)
 .text._get16bitl
                0x2001bfa0       0x40 C:/ISIS/workspace_ycube/GlobusSatProject/..//hal/hcc/lib\libHCCD.a(fat_common.o)
 .text._get32bitl
                0x2001bfe0       0x3c C:/ISIS/workspace_ycube/GlobusSatProject/..//hal/hcc/lib\libHCCD.a(fat_common.o)
 .text._set8bitzero
                0x2001c01c       0x6c C:/ISIS/workspace_ycube/GlobusSatProject/..//hal/hcc/lib\libHCCD.a(fat_common.o)
 .text._set8bit
                0x2001c088       0xa0 C:/ISIS/workspace_ycube/GlobusSatProject/..//hal/hcc/lib\libHCCD.a(fat_common.o)
 .text._set16bitl
                0x2001c128       0x3c C:/ISIS/workspace_ycube/GlobusSatProject/..//hal/hcc/lib\libHCCD.a(fat_common.o)
 .text._set32bitl
                0x2001c164       0x34 C:/ISIS/workspace_ycube/GlobusSatProject/..//hal/hcc/lib\libHCCD.a(fat_common.o)
 .text._f_setcardremoved
                0x2001c198       0x94 C:/ISIS/workspace_ycube/GlobusSatProject/..//hal/hcc/lib\libHCCD.a(fat_common.o)
 .text._f_checkstatus
                0x2001c22c      0x104 C:/ISIS/workspace_ycube/GlobusSatProject/..//hal/hcc/lib\libHCCD.a(fat_common.o)
                0x2001c22c                _f_checkstatus
 .text._f_drvgetphy
                0x2001c330      0x114 C:/ISIS/workspace_ycube/GlobusSatProject/..//hal/hcc/lib\libHCCD.a(fat_common.o)
 .text._f_drvwritesector
                0x2001c444       0xdc C:/ISIS/workspace_ycube/GlobusSatProject/..//hal/hcc/lib\libHCCD.a(fat_common.o)
 .text._f_drvreadsector
                0x2001c520       0xa8 C:/ISIS/workspace_ycube/GlobusSatProject/..//hal/hcc/lib\libHCCD.a(fat_common.o)
 .text._f_writesector
                0x2001c5c8      0x23c C:/ISIS/workspace_ycube/GlobusSatProject/..//hal/hcc/lib\libHCCD.a(fat_common.o)
                0x2001c5c8                _f_writesector
 .text._f_readsector
                0x2001c804      0x1dc C:/ISIS/workspace_ycube/GlobusSatProject/..//hal/hcc/lib\libHCCD.a(fat_common.o)
                0x2001c804                _f_readsector
 .text._f_getmaxcluster
                0x2001c9e0       0x94 C:/ISIS/workspace_ycube/GlobusSatProject/..//hal/hcc/lib\libHCCD.a(fat_common.o)
                0x2001c9e0                _f_getmaxcluster
 .text._getsectorfromcluster
                0x2001ca74       0x68 C:/ISIS/workspace_ycube/GlobusSatProject/..//hal/hcc/lib\libHCCD.a(fat_common.o)
 .text._f_buildsectors
                0x2001cadc      0x268 C:/ISIS/workspace_ycube/GlobusSatProject/..//hal/hcc/lib\libHCCD.a(fat_common.o)
 .text._f_getbootrecord
                0x2001cd44      0x5e4 C:/ISIS/workspace_ycube/GlobusSatProject/..//hal/hcc/lib\libHCCD.a(fat_common.o)
 .text._f_readbootrecord
                0x2001d328      0x4f8 C:/ISIS/workspace_ycube/GlobusSatProject/..//hal/hcc/lib\libHCCD.a(fat_common.o)
 .text._f_writebootrecord
                0x2001d820      0x5e4 C:/ISIS/workspace_ycube/GlobusSatProject/..//hal/hcc/lib\libHCCD.a(fat_common.o)
 .text._f_flushcffiles
                0x2001de04      0x17c C:/ISIS/workspace_ycube/GlobusSatProject/..//hal/hcc/lib\libHCCD.a(fat_common.o)
                0x2001de04                _f_flushcffiles
 .text._f_fatcache_flush
                0x2001df80      0x270 C:/ISIS/workspace_ycube/GlobusSatProject/..//hal/hcc/lib\libHCCD.a(fat_common.o)
                0x2001df80                _f_fatcache_flush
 .text._f_writefatsector
                0x2001e1f0      0x100 C:/ISIS/workspace_ycube/GlobusSatProject/..//hal/hcc/lib\libHCCD.a(fat_common.o)
                0x2001e1f0                _f_writefatsector
 .text._f_getfatsector
                0x2001e2f0      0x3bc C:/ISIS/workspace_ycube/GlobusSatProject/..//hal/hcc/lib\libHCCD.a(fat_common.o)
 .text._f_setclustervalue
                0x2001e6ac      0x490 C:/ISIS/workspace_ycube/GlobusSatProject/..//hal/hcc/lib\libHCCD.a(fat_common.o)
                0x2001e6ac                _f_setclustervalue
 .text._f_getclustervalue
                0x2001eb3c      0x388 C:/ISIS/workspace_ycube/GlobusSatProject/..//hal/hcc/lib\libHCCD.a(fat_common.o)
                0x2001eb3c                _f_getclustervalue
 .text._f_close_drive_files
                0x2001eec4       0xac C:/ISIS/workspace_ycube/GlobusSatProject/..//hal/hcc/lib\libHCCD.a(fat_common.o)
 .text._f_inc_mount_count
                0x2001ef70       0xa4 C:/ISIS/workspace_ycube/GlobusSatProject/..//hal/hcc/lib\libHCCD.a(fat_common.o)
 .text._f_getvolume
                0x2001f014      0x2f8 C:/ISIS/workspace_ycube/GlobusSatProject/..//hal/hcc/lib\libHCCD.a(fat_common.o)
                0x2001f014                _f_getvolume
 .text.fn_createdriver
                0x2001f30c      0x118 C:/ISIS/workspace_ycube/GlobusSatProject/..//hal/hcc/lib\libHCCD.a(fat_common.o)
                0x2001f30c                fn_createdriver
 .text.fn_initvolume
                0x2001f424      0x12c C:/ISIS/workspace_ycube/GlobusSatProject/..//hal/hcc/lib\libHCCD.a(fat_common.o)
                0x2001f424                fn_initvolume
 .text.fn_releasedriver
                0x2001f550       0xf4 C:/ISIS/workspace_ycube/GlobusSatProject/..//hal/hcc/lib\libHCCD.a(fat_common.o)
                0x2001f550                fn_releasedriver
 .text.fn_initvolumepartition_sub
                0x2001f644       0xe0 C:/ISIS/workspace_ycube/GlobusSatProject/..//hal/hcc/lib\libHCCD.a(fat_common.o)
 .text.fn_initvolumepartition
                0x2001f724       0xac C:/ISIS/workspace_ycube/GlobusSatProject/..//hal/hcc/lib\libHCCD.a(fat_common.o)
                0x2001f724                fn_initvolumepartition
 .text.fn_delvolume
                0x2001f7d0      0x194 C:/ISIS/workspace_ycube/GlobusSatProject/..//hal/hcc/lib\libHCCD.a(fat_common.o)
                0x2001f7d0                fn_delvolume
 .text._f_clustertopos
                0x2001f964       0xf8 C:/ISIS/workspace_ycube/GlobusSatProject/..//hal/hcc/lib\libHCCD.a(fat_common.o)
                0x2001f964                _f_clustertopos
 .text._f_prepareformat
                0x2001fa5c      0x8b8 C:/ISIS/workspace_ycube/GlobusSatProject/..//hal/hcc/lib\libHCCD.a(fat_common.o)
 .text._f_resetfatentries
                0x20020314      0x410 C:/ISIS/workspace_ycube/GlobusSatProject/..//hal/hcc/lib\libHCCD.a(fat_common.o)
 .text._f_resetrootdir
                0x20020724       0xcc C:/ISIS/workspace_ycube/GlobusSatProject/..//hal/hcc/lib\libHCCD.a(fat_common.o)
 .text._f_postformat
                0x200207f0      0x178 C:/ISIS/workspace_ycube/GlobusSatProject/..//hal/hcc/lib\libHCCD.a(fat_common.o)
 .text.fn_format
                0x20020968      0x148 C:/ISIS/workspace_ycube/GlobusSatProject/..//hal/hcc/lib\libHCCD.a(fat_common.o)
                0x20020968                fn_format
 .text._f_getcurrsector
                0x20020ab0      0x6c8 C:/ISIS/workspace_ycube/GlobusSatProject/..//hal/hcc/lib\libHCCD.a(fat_common.o)
                0x20020ab0                _f_getcurrsector
 .text._f_getdecluster
                0x20021178       0x90 C:/ISIS/workspace_ycube/GlobusSatProject/..//hal/hcc/lib\libHCCD.a(fat_common.o)
                0x20021178                _f_getdecluster
 .text._f_setdecluster
                0x20021208       0x8c C:/ISIS/workspace_ycube/GlobusSatProject/..//hal/hcc/lib\libHCCD.a(fat_common.o)
                0x20021208                _f_setdecluster
 .text.fn_getdrive
                0x20021294       0x30 C:/ISIS/workspace_ycube/GlobusSatProject/..//hal/hcc/lib\libHCCD.a(fat_common.o)
                0x20021294                fn_getdrive
 .text._f_getcurrenttimedate
                0x200212c4      0x138 C:/ISIS/workspace_ycube/GlobusSatProject/..//hal/hcc/lib\libHCCD.a(fat_common.o)
                0x200212c4                _f_getcurrenttimedate
 .text._f_initentry
                0x200213fc       0xa0 C:/ISIS/workspace_ycube/GlobusSatProject/..//hal/hcc/lib\libHCCD.a(fat_common.o)
                0x200213fc                _f_initentry
 .text._f_alloccluster
                0x2002149c      0x344 C:/ISIS/workspace_ycube/GlobusSatProject/..//hal/hcc/lib\libHCCD.a(fat_common.o)
                0x2002149c                _f_alloccluster
 .text._f_dobadblock
                0x200217e0      0x2cc C:/ISIS/workspace_ycube/GlobusSatProject/..//hal/hcc/lib\libHCCD.a(fat_common.o)
                0x200217e0                _f_dobadblock
 .text._f_checklocked
                0x20021aac       0xe4 C:/ISIS/workspace_ycube/GlobusSatProject/..//hal/hcc/lib\libHCCD.a(fat_common.o)
                0x20021aac                _f_checklocked
 .text._f_checkappendlocked
                0x20021b90      0x110 C:/ISIS/workspace_ycube/GlobusSatProject/..//hal/hcc/lib\libHCCD.a(fat_common.o)
                0x20021b90                _f_checkappendlocked
 .text._f_setsyncafile
                0x20021ca0      0x114 C:/ISIS/workspace_ycube/GlobusSatProject/..//hal/hcc/lib\libHCCD.a(fat_common.o)
                0x20021ca0                _f_setsyncafile
 .text._f_syncfiles
                0x20021db4      0x128 C:/ISIS/workspace_ycube/GlobusSatProject/..//hal/hcc/lib\libHCCD.a(fat_common.o)
                0x20021db4                _f_syncfiles
 .text._f_syncfilescontent
                0x20021edc      0x15c C:/ISIS/workspace_ycube/GlobusSatProject/..//hal/hcc/lib\libHCCD.a(fat_common.o)
 .text.fn_getfreespace
                0x20022038      0x4c0 C:/ISIS/workspace_ycube/GlobusSatProject/..//hal/hcc/lib\libHCCD.a(fat_common.o)
                0x20022038                fn_getfreespace
 .text._f_emptywritecache
                0x200224f8      0x4a4 C:/ISIS/workspace_ycube/GlobusSatProject/..//hal/hcc/lib\libHCCD.a(fat_common.o)
 .text._f_allocnextcluster
                0x2002299c      0x54c C:/ISIS/workspace_ycube/GlobusSatProject/..//hal/hcc/lib\libHCCD.a(fat_common.o)
 .text._f_emptywritebuffer
                0x20022ee8      0x20c C:/ISIS/workspace_ycube/GlobusSatProject/..//hal/hcc/lib\libHCCD.a(fat_common.o)
 .text._f_writezeros
                0x200230f4       0xf0 C:/ISIS/workspace_ycube/GlobusSatProject/..//hal/hcc/lib\libHCCD.a(fat_common.o)
                0x200230f4                _f_writezeros
 .text._f_extend_file
                0x200231e4      0x570 C:/ISIS/workspace_ycube/GlobusSatProject/..//hal/hcc/lib\libHCCD.a(fat_common.o)
 .text._f_fseek
                0x20023754      0x9bc C:/ISIS/workspace_ycube/GlobusSatProject/..//hal/hcc/lib\libHCCD.a(fat_common.o)
                0x20023754                _f_fseek
 .text._f_removechain
                0x20024110      0x104 C:/ISIS/workspace_ycube/GlobusSatProject/..//hal/hcc/lib\libHCCD.a(fat_common.o)
                0x20024110                _f_removechain
 .text._f_updatefileentry
                0x20024214      0x1cc C:/ISIS/workspace_ycube/GlobusSatProject/..//hal/hcc/lib\libHCCD.a(fat_common.o)
 .text._f_checkreadlocked
                0x200243e0      0x1bc C:/ISIS/workspace_ycube/GlobusSatProject/..//hal/hcc/lib\libHCCD.a(fat_common.o)
                0x200243e0                _f_checkreadlocked
 .text._f_check_handle
                0x2002459c       0x98 C:/ISIS/workspace_ycube/GlobusSatProject/..//hal/hcc/lib\libHCCD.a(fat_common.o)
                0x2002459c                _f_check_handle
 .text._f_removesyncafile
                0x20024634      0x1ec C:/ISIS/workspace_ycube/GlobusSatProject/..//hal/hcc/lib\libHCCD.a(fat_common.o)
 .text.fn_close
                0x20024820      0x3f8 C:/ISIS/workspace_ycube/GlobusSatProject/..//hal/hcc/lib\libHCCD.a(fat_common.o)
                0x20024820                fn_close
 .text.fn_flush
                0x20024c18      0x374 C:/ISIS/workspace_ycube/GlobusSatProject/..//hal/hcc/lib\libHCCD.a(fat_common.o)
                0x20024c18                fn_flush
 .text.fn_read  0x20024f8c      0x690 C:/ISIS/workspace_ycube/GlobusSatProject/..//hal/hcc/lib\libHCCD.a(fat_common.o)
                0x20024f8c                fn_read
 .text._f_abortwrite
                0x2002561c      0x100 C:/ISIS/workspace_ycube/GlobusSatProject/..//hal/hcc/lib\libHCCD.a(fat_common.o)
 .text._f_checkwritecluster
                0x2002571c       0xe4 C:/ISIS/workspace_ycube/GlobusSatProject/..//hal/hcc/lib\libHCCD.a(fat_common.o)
 .text.fn_write
                0x20025800      0x8a8 C:/ISIS/workspace_ycube/GlobusSatProject/..//hal/hcc/lib\libHCCD.a(fat_common.o)
                0x20025800                fn_write
 .text.fn_seek  0x200260a8      0x270 C:/ISIS/workspace_ycube/GlobusSatProject/..//hal/hcc/lib\libHCCD.a(fat_common.o)
                0x200260a8                fn_seek
 .text.fn_tell  0x20026318      0x19c C:/ISIS/workspace_ycube/GlobusSatProject/..//hal/hcc/lib\libHCCD.a(fat_common.o)
                0x20026318                fn_tell
 .text.fn_rewind
                0x200264b4       0x38 C:/ISIS/workspace_ycube/GlobusSatProject/..//hal/hcc/lib\libHCCD.a(fat_common.o)
                0x200264b4                fn_rewind
 .text.fn_putc  0x200264ec       0x68 C:/ISIS/workspace_ycube/GlobusSatProject/..//hal/hcc/lib\libHCCD.a(fat_common.o)
                0x200264ec                fn_putc
 .text.f_enterFS
                0x20026554      0x1c0 C:/ISIS/workspace_ycube/GlobusSatProject/..//hal/hcc/lib\libHCCD.a(fat_common.o)
                0x20026554                f_enterFS
 .text.f_releaseFS
                0x20026714       0xb0 C:/ISIS/workspace_ycube/GlobusSatProject/..//hal/hcc/lib\libHCCD.a(fat_common.o)
                0x20026714                f_releaseFS
 .text.fnGetTask
                0x200267c4       0xfc C:/ISIS/workspace_ycube/GlobusSatProject/..//hal/hcc/lib\libHCCD.a(fat_common.o)
                0x200267c4                fnGetTask
 .text._f_mutex_get
                0x200268c0       0x98 C:/ISIS/workspace_ycube/GlobusSatProject/..//hal/hcc/lib\libHCCD.a(fat_common.o)
                0x200268c0                _f_mutex_get
 .text._f_mutex_put
                0x20026958       0x54 C:/ISIS/workspace_ycube/GlobusSatProject/..//hal/hcc/lib\libHCCD.a(fat_common.o)
                0x20026958                _f_mutex_put
 .text._fn_initseekdivisor
                0x200269ac      0x158 C:/ISIS/workspace_ycube/GlobusSatProject/..//hal/hcc/lib\libHCCD.a(fat_common.o)
                0x200269ac                _fn_initseekdivisor
 .text._fn_updateseekpos
                0x20026b04       0xc4 C:/ISIS/workspace_ycube/GlobusSatProject/..//hal/hcc/lib\libHCCD.a(fat_common.o)
 .text._f_findopensize
                0x20026bc8       0x2c C:/ISIS/workspace_ycube/GlobusSatProject/..//hal/hcc/lib\libHCCD.a(fat_common.o)
                0x20026bc8                _f_findopensize
 .text.fn_setlasterror
                0x20026bf4       0x34 C:/ISIS/workspace_ycube/GlobusSatProject/..//hal/hcc/lib\libHCCD.a(fat_common.o)
                0x20026bf4                fn_setlasterror
 .text.fn_setlasterror_noret
                0x20026c28       0x2c C:/ISIS/workspace_ycube/GlobusSatProject/..//hal/hcc/lib\libHCCD.a(fat_common.o)
                0x20026c28                fn_setlasterror_noret
 .text._s_checkzeroclusteratend
                0x20026c54       0xf8 C:/ISIS/workspace_ycube/GlobusSatProject/..//hal/hcc/lib\libHCCD.a(safefat.o)
 .text._s_clearclustercontent
                0x20026d4c      0x108 C:/ISIS/workspace_ycube/GlobusSatProject/..//hal/hcc/lib\libHCCD.a(safefat.o)
 .text._s_clearclustercontentdir
                0x20026e54      0x19c C:/ISIS/workspace_ycube/GlobusSatProject/..//hal/hcc/lib\libHCCD.a(safefat.o)
 .text._s_writedirsector
                0x20026ff0       0xd0 C:/ISIS/workspace_ycube/GlobusSatProject/..//hal/hcc/lib\libHCCD.a(safefat.o)
 .text._s_getdirsector
                0x200270c0      0x100 C:/ISIS/workspace_ycube/GlobusSatProject/..//hal/hcc/lib\libHCCD.a(safefat.o)
 .text._s_addentry
                0x200271c0      0x394 C:/ISIS/workspace_ycube/GlobusSatProject/..//hal/hcc/lib\libHCCD.a(safefat.o)
 .text._s_findfile
                0x20027554      0x33c C:/ISIS/workspace_ycube/GlobusSatProject/..//hal/hcc/lib\libHCCD.a(safefat.o)
 .text._s_findsubdir
                0x20027890      0x248 C:/ISIS/workspace_ycube/GlobusSatProject/..//hal/hcc/lib\libHCCD.a(safefat.o)
 .text._s_createfile
                0x20027ad8      0x190 C:/ISIS/workspace_ycube/GlobusSatProject/..//hal/hcc/lib\libHCCD.a(safefat.o)
 .text._s_findsaffile
                0x20027c68      0x1b8 C:/ISIS/workspace_ycube/GlobusSatProject/..//hal/hcc/lib\libHCCD.a(safefat.o)
 .text._s_open  0x20027e20       0xe4 C:/ISIS/workspace_ycube/GlobusSatProject/..//hal/hcc/lib\libHCCD.a(safefat.o)
 .text._s_open_saf
                0x20027f04       0xe8 C:/ISIS/workspace_ycube/GlobusSatProject/..//hal/hcc/lib\libHCCD.a(safefat.o)
 .text._s_flush
                0x20027fec       0x84 C:/ISIS/workspace_ycube/GlobusSatProject/..//hal/hcc/lib\libHCCD.a(safefat.o)
 .text._s_allocnextcluster
                0x20028070      0x13c C:/ISIS/workspace_ycube/GlobusSatProject/..//hal/hcc/lib\libHCCD.a(safefat.o)
 .text._s_getnextsector
                0x200281ac       0xdc C:/ISIS/workspace_ycube/GlobusSatProject/..//hal/hcc/lib\libHCCD.a(safefat.o)
 .text._s_seek  0x20028288      0x1e8 C:/ISIS/workspace_ycube/GlobusSatProject/..//hal/hcc/lib\libHCCD.a(safefat.o)
 .text._s_get_len
                0x20028470      0x10c C:/ISIS/workspace_ycube/GlobusSatProject/..//hal/hcc/lib\libHCCD.a(safefat.o)
 .text._s_set_len
                0x2002857c       0xb4 C:/ISIS/workspace_ycube/GlobusSatProject/..//hal/hcc/lib\libHCCD.a(safefat.o)
 .text.safe_fix_filelengths
                0x20028630       0xcc C:/ISIS/workspace_ycube/GlobusSatProject/..//hal/hcc/lib\libHCCD.a(safefat.o)
                0x20028630                safe_fix_filelengths
 .text._s_read  0x200286fc      0x228 C:/ISIS/workspace_ycube/GlobusSatProject/..//hal/hcc/lib\libHCCD.a(safefat.o)
 .text._s_write
                0x20028924      0x384 C:/ISIS/workspace_ycube/GlobusSatProject/..//hal/hcc/lib\libHCCD.a(safefat.o)
 .text._s_restoreclusters
                0x20028ca8      0x270 C:/ISIS/workspace_ycube/GlobusSatProject/..//hal/hcc/lib\libHCCD.a(safefat.o)
                0x20028ca8                _s_restoreclusters
 .text._s_findrestore
                0x20028f18      0x18c C:/ISIS/workspace_ycube/GlobusSatProject/..//hal/hcc/lib\libHCCD.a(safefat.o)
 .text._s_cmd_writede
                0x200290a4       0xd8 C:/ISIS/workspace_ycube/GlobusSatProject/..//hal/hcc/lib\libHCCD.a(safefat.o)
 .text._s_cmd_setcluster
                0x2002917c       0x88 C:/ISIS/workspace_ycube/GlobusSatProject/..//hal/hcc/lib\libHCCD.a(safefat.o)
 .text._s_cmd_deletechain
                0x20029204      0x100 C:/ISIS/workspace_ycube/GlobusSatProject/..//hal/hcc/lib\libHCCD.a(safefat.o)
 .text._s_cmd_validatecfn
                0x20029304      0x308 C:/ISIS/workspace_ycube/GlobusSatProject/..//hal/hcc/lib\libHCCD.a(safefat.o)
 .text._s_cmd_seteof
                0x2002960c      0x3c4 C:/ISIS/workspace_ycube/GlobusSatProject/..//hal/hcc/lib\libHCCD.a(safefat.o)
 .text.safe_docommands
                0x200299d0      0x56c C:/ISIS/workspace_ycube/GlobusSatProject/..//hal/hcc/lib\libHCCD.a(safefat.o)
                0x200299d0                safe_docommands
 .text.safe_entercommand
                0x20029f3c       0x68 C:/ISIS/workspace_ycube/GlobusSatProject/..//hal/hcc/lib\libHCCD.a(safefat.o)
                0x20029f3c                safe_entercommand
 .text.safe_ready
                0x20029fa4       0xf4 C:/ISIS/workspace_ycube/GlobusSatProject/..//hal/hcc/lib\libHCCD.a(safefat.o)
                0x20029fa4                safe_ready
 .text.safe_copycfn
                0x2002a098       0xb8 C:/ISIS/workspace_ycube/GlobusSatProject/..//hal/hcc/lib\libHCCD.a(safefat.o)