Archive member included because of file (symbol)

C:/ISIS/workspace/ycube/GlobusSatProject/..//hal/hal/lib\libHALD.a(SPI.o)
                              ./src/InitSystem.o (SPI_start)
C:/ISIS/workspace/ycube/GlobusSatProject/..//hal/hal/lib\libHALD.a(I2C.o)
                              ./src/SubSystemModules/Housekepping/Payload.o (I2C_write)
C:/ISIS/workspace/ycube/GlobusSatProject/..//hal/hal/lib\libHALD.a(ADC.o)
                              ./src/SubSystemModules/Housekepping/TelemetryCollector.o (ADC_ConvertRaw10bitToMillivolt)
C:/ISIS/workspace/ycube/GlobusSatProject/..//hal/hal/lib\libHALD.a(FRAM.o)
                              ./src/SubSystemModules/Communication/SubsystemCommands/Maintanence_Commands.o (FRAM_start)
C:/ISIS/workspace/ycube/GlobusSatProject/..//hal/hal/lib\libHALD.a(Time.o)
                              ./src/InitSystem.o (Time_start)
C:/ISIS/workspace/ycube/GlobusSatProject/..//hal/hal/lib\libHALD.a(WatchDogTimerNoOS.o)
                              ./src/main.o (WDT_start)
C:/ISIS/workspace/ycube/GlobusSatProject/..//hal/hal/lib\libHALD.a(RTT.o)
                              C:/ISIS/workspace/ycube/GlobusSatProject/..//hal/hal/lib\libHALD.a(Time.o) (RTT_start)
C:/ISIS/workspace/ycube/GlobusSatProject/..//hal/hal/lib\libHALD.a(RTC.o)
                              C:/ISIS/workspace/ycube/GlobusSatProject/..//hal/hal/lib\libHALD.a(Time.o) (RTC_getTime)
C:/ISIS/workspace/ycube/GlobusSatProject/..//hal/hal/lib\libHALD.a(WatchDogTimerOS.o)
                              ./src/TestingDemos/MainTest.o (WDT_startWatchdogKickTask)
C:/ISIS/workspace/ycube/GlobusSatProject/..//hal/hal/lib\libHALD.a(fprintf.o)
                              ./src/TLM_management.o (f_puts)
C:/ISIS/workspace/ycube/GlobusSatProject/..//hal/hal/lib\libHALD.a(util.o)
                              ./src/TestingDemos/CommandsTestingDemo.o (UTIL_DbguGetIntegerMinMax)
C:/ISIS/workspace/ycube/GlobusSatProject/..//hal/hal/lib\libHALD.a(LED.o)
                              C:/ISIS/workspace/ycube/GlobusSatProject/..//hal/hal/lib\libHALD.a(WatchDogTimerOS.o) (LED_toggle)
C:/ISIS/workspace/ycube/GlobusSatProject/..//hal/hcc/lib\libHCCD.a(fat_m.o)
                              ./src/TLM_management.o (fm_initvolume)
C:/ISIS/workspace/ycube/GlobusSatProject/..//hal/hcc/lib\libHCCD.a(fat.o)
                              C:/ISIS/workspace/ycube/GlobusSatProject/..//hal/hcc/lib\libHCCD.a(fat_m.o) (fn_getdcwd)
C:/ISIS/workspace/ycube/GlobusSatProject/..//hal/hcc/lib\libHCCD.a(fat_common.o)
                              C:/ISIS/workspace/ycube/GlobusSatProject/..//hal/hcc/lib\libHCCD.a(fat.o) (p_filesystem)
C:/ISIS/workspace/ycube/GlobusSatProject/..//hal/hcc/lib\libHCCD.a(safefat.o)
                              C:/ISIS/workspace/ycube/GlobusSatProject/..//hal/hcc/lib\libHCCD.a(fat.o) (s_subdir)
C:/ISIS/workspace/ycube/GlobusSatProject/..//hal/hcc/lib\libHCCD.a(atmel_mcipdc.o)
                              ./src/TLM_management.o (atmel_mcipdc_initfunc)
C:/ISIS/workspace/ycube/GlobusSatProject/..//hal/hcc/lib\libHCCD.a(oalp_task.o)
                              C:/ISIS/workspace/ycube/GlobusSatProject/..//hal/hcc/lib\libHCCD.a(fat_common.o) (oal_task_get_id)
C:/ISIS/workspace/ycube/GlobusSatProject/..//hal/hcc/lib\libHCCD.a(oalp_mutex.o)
                              C:/ISIS/workspace/ycube/GlobusSatProject/..//hal/hcc/lib\libHCCD.a(fat_common.o) (oal_mutex_create)
C:/ISIS/workspace/ycube/GlobusSatProject/..//hal/hcc/lib\libHCCD.a(atmel_mcipdc_hw.o)
                              C:/ISIS/workspace/ycube/GlobusSatProject/..//hal/hcc/lib\libHCCD.a(atmel_mcipdc.o) (mcipdc_hw_init)
C:/ISIS/workspace/ycube/GlobusSatProject/..//hal/hcc/lib\libHCCD.a(psp_rand.o)
                              C:/ISIS/workspace/ycube/GlobusSatProject/..//hal/hcc/lib\libHCCD.a(fat_common.o) (psp_getrand)
C:/ISIS/workspace/ycube/GlobusSatProject/..//hal/hcc/lib\libHCCD.a(psp_rtc.o)
                              C:/ISIS/workspace/ycube/GlobusSatProject/..//hal/hcc/lib\libHCCD.a(fat_common.o) (psp_getcurrenttimedate)
C:/ISIS/workspace/ycube/GlobusSatProject/..//hal/hcc/lib\libHCCD.a(hcc_mem.o)
                              C:/ISIS/workspace/ycube/GlobusSatProject/..//hal/hcc/lib\libHCCD.a(atmel_mcipdc.o) (hcc_mem_alloc)
C:/ISIS/workspace/ycube/GlobusSatProject/..//hal/hcc/lib\libHCCD.a(psp_hcc_mem.o)
                              C:/ISIS/workspace/ycube/GlobusSatProject/..//hal/hcc/lib\libHCCD.a(hcc_mem.o) (hcc_mem_buf_alloc)
C:/ISIS/workspace/ycube/GlobusSatProject/..//satellite-subsystems/satellite-subsystems/lib\libSatelliteSubsystemsD.a(IsisSolarPanelv2.o)
                              ./src/SubSystemModules/PowerManagment/EPS.o (IsisSolarPanelv2_initialize)
C:/ISIS/workspace/ycube/GlobusSatProject/..//satellite-subsystems/satellite-subsystems/lib\libSatelliteSubsystemsD.a(isis_ants_rev2.o)
                              ./src/SubSystemModules/Communication/TRXVU.o (ISIS_ANTS_REV2_Init)
[...]
Memory Configuration

Name             Origin             Length             Attributes
sram0            0x00200000         0x00004000         w !xr
sram1            0x00300000         0x00004000         w !xr
sdram            0x20000000         0x02000000         w !xr
*default*        0x00000000         0xffffffff

Linker script and memory map

LOAD c:/isis/application/toolchain/bin/../lib/gcc/arm-none-eabi/4.7.4/../../../../arm-none-eabi/lib\libc.a
LOAD ./src/TestingDemos/CommandsTestingDemo.o
LOAD ./src/TestingDemos/EpsTestingDemo.o
LOAD ./src/TestingDemos/FileSystemTestingDemo.o
LOAD ./src/TestingDemos/MainTest.o
LOAD ./src/TestingDemos/MaintenanceTestingDemo.o
LOAD ./src/TestingDemos/TelemetryTestingDemo.o
LOAD ./src/TestingDemos/TrxvuTestingDemo.o
LOAD ./src/SubSystemModules/PowerManagment/EPS.o
LOAD ./src/SubSystemModules/PowerManagment/EPSOperationModes.o
LOAD ./src/SubSystemModules/Maintenance/Maintenance.o
LOAD ./src/SubSystemModules/Housekepping/Payload.o
LOAD ./src/SubSystemModules/Housekepping/RAMTelemetry.o
LOAD ./src/SubSystemModules/Housekepping/TelemetryCollector.o
LOAD ./src/SubSystemModules/Communication/SubsystemCommands/EPS_Commands.o
LOAD ./src/SubSystemModules/Communication/SubsystemCommands/FS_Commands.o
LOAD ./src/SubSystemModules/Communication/SubsystemCommands/Maintanence_Commands.o
LOAD ./src/SubSystemModules/Communication/SubsystemCommands/TRXVU_Commands.o
LOAD ./src/SubSystemModules/Communication/AckHandler.o
LOAD ./src/SubSystemModules/Communication/CommandDictionary.o
LOAD ./src/SubSystemModules/Communication/HashSecuredCMD.o
LOAD ./src/SubSystemModules/Communication/SatCommandHandler.o
LOAD ./src/SubSystemModules/Communication/TRXVU.o
LOAD ./src/InitSystem.o
LOAD ./src/TLM_management.o
LOAD ./src/main.o
LOAD ./src/utils.o
LOAD C:/ISIS/workspace/ycube/GlobusSatProject/..//hal/hal/lib\libHALD.a
LOAD C:/ISIS/workspace/ycube/GlobusSatProject/..//hal/hcc/lib\libHCCD.a
LOAD C:/ISIS/workspace/ycube/GlobusSatProject/..//satellite-subsystems/satellite-subsystems/lib\libSatelliteSubsystemsD.a
LOAD C:/ISIS/workspace/ycube/GlobusSatProject/..//hal/freertos/lib\libFreeRTOSD.a
LOAD C:/ISIS/workspace/ycube/GlobusSatProject/..//hal/at91/lib\libAt91D.a
START GROUP
LOAD c:/isis/application/toolchain/bin/../lib/gcc/arm-none-eabi/4.7.4\libgcc.a
LOAD c:/isis/application/toolchain/bin/../lib/gcc/arm-none-eabi/4.7.4/../../../../arm-none-eabi/lib\libg.a
LOAD c:/isis/application/toolchain/bin/../lib/gcc/arm-none-eabi/4.7.4/../../../../arm-none-eabi/lib\libc.a
END GROUP

.fixed          0x20000000    0x40950
                0x20000000                . = ALIGN (0x4)
                0x20000000                _sfixed = .
 *(.startup)
 .startup       0x20000000      0x184 C:/ISIS/workspace/ycube/GlobusSatProject/..//hal/at91/lib\libAt91D.a(board_cstartup.o)
                0x20000000                entry
 *(.text)
 .text          0x20000184       0x64 C:/ISIS/workspace/ycube/GlobusSatProject/..//hal/at91/lib\libAt91D.a(cp15_asm.o)
                0x20000184                _readControlRegister
                0x20000190                _writeControlRegister
                0x20000198                _waitForInterrupt
                0x200001a4                _writeTTB
                0x200001ac                _writeDomain
                0x200001b4                _writeITLBLockdown
                0x200001bc                _prefetchICacheLine
                0x200001c4                _flushDCache
                0x200001d0                _flushWriteBuffer
                0x200001dc                _invalidateIDTLBs
 .text          0x200001e8      0x114 c:/isis/application/toolchain/bin/../lib/gcc/arm-none-eabi/4.7.4\libgcc.a(_udivsi3.o)
                0x200001e8                __aeabi_uidiv
                0x200001e8                __udivsi3
                0x200002dc                __aeabi_uidivmod
 .text          0x200002fc      0x148 c:/isis/application/toolchain/bin/../lib/gcc/arm-none-eabi/4.7.4\libgcc.a(_divsi3.o)
                0x200002fc                __divsi3
                0x200002fc                __aeabi_idiv
                0x20000424                __aeabi_idivmod
 .text          0x20000444        0x4 c:/isis/application/toolchain/bin/../lib/gcc/arm-none-eabi/4.7.4\libgcc.a(_dvmd_tls.o)
                0x20000444                __aeabi_idiv0
                0x20000444                __aeabi_ldiv0
 .text          0x20000448      0x41c c:/isis/application/toolchain/bin/../lib/gcc/arm-none-eabi/4.7.4\libgcc.a(_arm_addsubdf3.o)
                0x20000448                __aeabi_drsub
                0x20000450                __aeabi_dsub
                0x20000450                __subdf3
                0x20000454                __aeabi_dadd
                0x20000454                __adddf3
                0x20000764                __floatunsidf
                0x20000764                __aeabi_ui2d
                0x20000788                __floatsidf
                0x20000788                __aeabi_i2d
                0x200007b0                __aeabi_f2d
                0x200007b0                __extendsfdf2
                0x200007f0                __floatundidf
                0x200007f0                __aeabi_ul2d
                0x20000804                __floatdidf
                0x20000804                __aeabi_l2d
 .text          0x20000864      0x49c c:/isis/application/toolchain/bin/../lib/gcc/arm-none-eabi/4.7.4\libgcc.a(_arm_muldivdf3.o)
                0x20000864                __aeabi_dmul
                0x20000864                __muldf3
                0x20000af4                __divdf3
                0x20000af4                __aeabi_ddiv
 .text          0x20000d00      0x2ac c:/isis/application/toolchain/bin/../lib/gcc/arm-none-eabi/4.7.4\libgcc.a(_arm_addsubsf3.o)
                0x20000d00                __aeabi_frsub
                0x20000d08                __subsf3
                0x20000d08                __aeabi_fsub
                0x20000d0c                __aeabi_fadd
                0x20000d0c                __addsf3
                0x20000ec8                __aeabi_ui2f
                0x20000ec8                __floatunsisf
                0x20000ed0                __aeabi_i2f
                0x20000ed0                __floatsisf
                0x20000ef0                __aeabi_ul2f
                0x20000ef0                __floatundisf
                0x20000f00                __aeabi_l2f
                0x20000f00                __floatdisf
 .text          0x20000fac      0x2f8 c:/isis/application/toolchain/bin/../lib/gcc/arm-none-eabi/4.7.4\libgcc.a(_arm_muldivsf3.o)
                0x20000fac                __mulsf3
                0x20000fac                __aeabi_fmul
                0x20001144                __aeabi_fdiv
                0x20001144                __divsf3
 .text          0x200012a4      0x114 c:/isis/application/toolchain/bin/../lib/gcc/arm-none-eabi/4.7.4\libgcc.a(_arm_cmpsf2.o)
                0x200012a4                __gesf2
                0x200012a4                __gtsf2
                0x200012ac                __lesf2
                0x200012ac                __ltsf2
                0x200012b4                __nesf2
                0x200012b4                __eqsf2
                0x200012b4                __cmpsf2
                0x20001318                __aeabi_cfrcmple
                0x20001328                __aeabi_cfcmpeq
                0x20001328                __aeabi_cfcmple
                0x20001340                __aeabi_fcmpeq
                0x20001358                __aeabi_fcmplt
                0x20001370                __aeabi_fcmple
                0x20001388                __aeabi_fcmpge
                0x200013a0                __aeabi_fcmpgt
 .text          0x200013b8       0x54 c:/isis/application/toolchain/bin/../lib/gcc/arm-none-eabi/4.7.4\libgcc.a(_arm_fixunssfsi.o)
                0x200013b8                __fixunssfsi
                0x200013b8                __aeabi_f2uiz
 .text          0x2000140c      0x144 c:/isis/application/toolchain/bin/../lib/gcc/arm-none-eabi/4.7.4\libgcc.a(_arm_cmpdf2.o)
                0x2000140c                __gtdf2
                0x2000140c                __gedf2
                0x20001414                __ltdf2
                0x20001414                __ledf2
                0x2000141c                __nedf2
                0x2000141c                __eqdf2
                0x2000141c                __cmpdf2
                0x200014a4                __aeabi_cdrcmple
                0x200014c0                __aeabi_cdcmpeq
                0x200014c0                __aeabi_cdcmple
                0x200014d8                __aeabi_dcmpeq
                0x200014f0                __aeabi_dcmplt
                0x20001508                __aeabi_dcmple
                0x20001520                __aeabi_dcmpge
                0x20001538                __aeabi_dcmpgt
 .text          0x20001550       0x5c c:/isis/application/toolchain/bin/../lib/gcc/arm-none-eabi/4.7.4\libgcc.a(_arm_fixdfsi.o)
                0x20001550                __aeabi_d2iz
                0x20001550                __fixdfsi
 .text          0x200015ac       0x3c c:/isis/application/toolchain/bin/../lib/gcc/arm-none-eabi/4.7.4\libgcc.a(_aeabi_uldivmod.o)
                0x200015ac                __aeabi_uldivmod
 .text          0x200015e8       0x84 c:/isis/application/toolchain/bin/../lib/gcc/arm-none-eabi/4.7.4\libgcc.a(bpabi.o)
                0x200015e8                __gnu_ldivmod_helper
                0x2000162c                __gnu_uldivmod_helper
 .text          0x2000166c      0x4f0 c:/isis/application/toolchain/bin/../lib/gcc/arm-none-eabi/4.7.4\libgcc.a(_divdi3.o)
                0x2000166c                __divdi3
 .text          0x20001b5c      0x488 c:/isis/application/toolchain/bin/../lib/gcc/arm-none-eabi/4.7.4\libgcc.a(_udivdi3.o)
                0x20001b5c                __udivdi3
 .text          0x20001fe4       0x48 c:/isis/application/toolchain/bin/../lib/gcc/arm-none-eabi/4.7.4\libgcc.a(_clzsi2.o)
                0x20001fe4                __clzsi2
 *(.text*)
 .text.Hash256  0x2000202c       0x84 ./src/TestingDemos/TrxvuTestingDemo.o
                0x2000202c                Hash256
 .text.GetBatteryVoltage
                0x200020b0       0x44 ./src/SubSystemModules/PowerManagment/EPS.o
                0x200020b0                GetBatteryVoltage
 .text.EPS_Init
                0x200020f4      0x14c ./src/SubSystemModules/PowerManagment/EPS.o
                0x200020f4                EPS_Init
 .text.EPS_Conditioning
                0x20002240      0x1c4 ./src/SubSystemModules/PowerManagment/EPS.o
                0x20002240                EPS_Conditioning
 .text.UpdateAlpha
                0x20002404       0xd8 ./src/SubSystemModules/PowerManagment/EPS.o
                0x20002404                UpdateAlpha
 .text.GetThresholdVoltages
                0x200024dc       0x80 ./src/SubSystemModules/PowerManagment/EPS.o
                0x200024dc                GetThresholdVoltages
 .text.GetAlpha
                0x2000255c       0x7c ./src/SubSystemModules/PowerManagment/EPS.o
                0x2000255c                GetAlpha
 .text.CMDGetHeaterValues
                0x200025d8      0x1f8 ./src/SubSystemModules/PowerManagment/EPS.o
                0x200025d8                CMDGetHeaterValues
 .text.CMDSetHeaterValues
                0x200027d0      0x204 ./src/SubSystemModules/PowerManagment/EPS.o
                0x200027d0                CMDSetHeaterValues
 .text.EnterFullMode
                0x200029d4       0x5c ./src/SubSystemModules/PowerManagment/EPSOperationModes.o
                0x200029d4                EnterFullMode
 .text.EnterCruiseMode
                0x20002a30       0x58 ./src/SubSystemModules/PowerManagment/EPSOperationModes.o
                0x20002a30                EnterCruiseMode
 .text.EnterSafeMode
                0x20002a88       0x5c ./src/SubSystemModules/PowerManagment/EPSOperationModes.o
                0x20002a88                EnterSafeMode
 .text.EnterCriticalMode
                0x20002ae4       0x5c ./src/SubSystemModules/PowerManagment/EPSOperationModes.o
                0x20002ae4                EnterCriticalMode
 .text.PayloadOperations
                0x20002b40       0x28 ./src/SubSystemModules/PowerManagment/EPSOperationModes.o
                0x20002b40                PayloadOperations
 .text.DoesPayloadChannelOn
                0x20002b68       0xa4 ./src/SubSystemModules/PowerManagment/EPSOperationModes.o
                0x20002b68                DoesPayloadChannelOn
 .text.EpsGetLowVoltageFlag
                0x20002c0c       0x24 ./src/SubSystemModules/PowerManagment/EPSOperationModes.o
                0x20002c0c                EpsGetLowVoltageFlag
 .text.EpsSetLowVoltageFlag
                0x20002c30       0x2c ./src/SubSystemModules/PowerManagment/EPSOperationModes.o
                0x20002c30                EpsSetLowVoltageFlag
 .text.CheckExecutionTime
                0x20002c5c       0x80 ./src/SubSystemModules/Maintenance/Maintenance.o
                0x20002c5c                CheckExecutionTime
 .text.SaveSatTimeInFRAM
                0x20002cdc       0x44 ./src/SubSystemModules/Maintenance/Maintenance.o
                0x20002cdc                SaveSatTimeInFRAM
 .text.WakeupFromResetCMD
                0x20002d20      0x120 ./src/SubSystemModules/Maintenance/Maintenance.o
                0x20002d20                WakeupFromResetCMD
 .text.ResetGroundCommWDT
                0x20002e40       0x1c ./src/SubSystemModules/Maintenance/Maintenance.o
                0x20002e40                ResetGroundCommWDT
 .text.IsGroundCommunicationWDTKick
                0x20002e5c       0x78 ./src/SubSystemModules/Maintenance/Maintenance.o
                0x20002e5c                IsGroundCommunicationWDTKick
 .text.GetGsWdtKickTime
                0x20002ed4       0x38 ./src/SubSystemModules/Maintenance/Maintenance.o
                0x20002ed4                GetGsWdtKickTime
 .text.findMinMaxDate
                0x20002f0c       0xdc ./src/SubSystemModules/Maintenance/Maintenance.o
                0x20002f0c                findMinMaxDate
 .text.DeleteOldFiels
                0x20002fe8       0xf0 ./src/SubSystemModules/Maintenance/Maintenance.o
                0x20002fe8                DeleteOldFiels
 .text.CheckDeployAnt
                0x200030d8       0x84 ./src/SubSystemModules/Maintenance/Maintenance.o
                0x200030d8                CheckDeployAnt
 .text.HardResetMCU
                0x2000315c       0x3c ./src/SubSystemModules/Maintenance/Maintenance.o
                0x2000315c                HardResetMCU
 .text.Maintenance
                0x20003198       0xa4 ./src/SubSystemModules/Maintenance/Maintenance.o
                0x20003198                Maintenance
 .text.payloadRead
                0x2000323c       0xe8 ./src/SubSystemModules/Housekepping/Payload.o
                0x2000323c                payloadRead
 .text.payloadSendCommand
                0x20003324       0xc4 ./src/SubSystemModules/Housekepping/Payload.o
                0x20003324                payloadSendCommand
 .text.get_radfet_data
                0x200033e8      0x444 ./src/SubSystemModules/Housekepping/Payload.o
                0x200033e8                get_radfet_data
 .text.get_sel_data
                0x2000382c      0x224 ./src/SubSystemModules/Housekepping/Payload.o
                0x2000382c                get_sel_data
 .text.get_seu_data
                0x20003a50      0x180 ./src/SubSystemModules/Housekepping/Payload.o
                0x20003a50                get_seu_data
 .text.changeIntIndian
                0x20003bd0       0x5c ./src/SubSystemModules/Housekepping/Payload.o
                0x20003bd0                changeIntIndian
 .text.ResetRamTlm
                0x20003c2c      0x104 ./src/SubSystemModules/Housekepping/RAMTelemetry.o
                0x20003c2c                ResetRamTlm
 .text.inc      0x20003d30       0x4c ./src/SubSystemModules/Housekepping/RAMTelemetry.o
                0x20003d30                inc
 .text.dec      0x20003d7c       0x48 ./src/SubSystemModules/Housekepping/RAMTelemetry.o
                0x20003d7c                dec
 .text.saveTlmToRam
                0x20003dc4      0x304 ./src/SubSystemModules/Housekepping/RAMTelemetry.o
                0x20003dc4                saveTlmToRam
 .text.getTlm   0x200040c8      0x210 ./src/SubSystemModules/Housekepping/RAMTelemetry.o
                0x200040c8                getTlm
 .text.getRange
                0x200042d8      0x204 ./src/SubSystemModules/Housekepping/RAMTelemetry.o
                0x200042d8                getRange
 .text.InitSavePeriodTimes
                0x200044dc       0xb8 ./src/SubSystemModules/Housekepping/TelemetryCollector.o
                0x200044dc                InitSavePeriodTimes
 .text.CMD_GetTLMPeriodTimes
                0x20004594       0x38 ./src/SubSystemModules/Housekepping/TelemetryCollector.o
                0x20004594                CMD_GetTLMPeriodTimes
 .text.CMD_SetTLMPeriodTimes
                0x200045cc      0x204 ./src/SubSystemModules/Housekepping/TelemetryCollector.o
                0x200045cc                CMD_SetTLMPeriodTimes
 .text.TelemetryCollectorLogic
                0x200047d0      0x268 ./src/SubSystemModules/Housekepping/TelemetryCollector.o
                0x200047d0                TelemetryCollectorLogic
 .text.TelemetrySaveEPS
                0x20004a38       0x54 ./src/SubSystemModules/Housekepping/TelemetryCollector.o
                0x20004a38                TelemetrySaveEPS
 .text.TelemetrySaveTRXVU
                0x20004a8c       0x94 ./src/SubSystemModules/Housekepping/TelemetryCollector.o
                0x20004a8c                TelemetrySaveTRXVU
 .text.TelemetrySaveWOD
                0x20004b20       0x5c ./src/SubSystemModules/Housekepping/TelemetryCollector.o
                0x20004b20                TelemetrySaveWOD
 .text.TelemetrySaveRADFET
                0x20004b7c      0x134 ./src/SubSystemModules/Housekepping/TelemetryCollector.o
                0x20004b7c                TelemetrySaveRADFET
 .text.TelemetrySaveSEL
                0x20004cb0      0x128 ./src/SubSystemModules/Housekepping/TelemetryCollector.o
                0x20004cb0                TelemetrySaveSEL
 .text.TelemetrySaveSEU
                0x20004dd8       0xbc ./src/SubSystemModules/Housekepping/TelemetryCollector.o
                0x20004dd8                TelemetrySaveSEU
 .text.GetCurrentWODTelemetry
                0x20004e94      0x7e0 ./src/SubSystemModules/Housekepping/TelemetryCollector.o
                0x20004e94                GetCurrentWODTelemetry
 .text.CMD_EPS_ResetWDT
                0x20005674       0x58 ./src/SubSystemModules/Communication/SubsystemCommands/EPS_Commands.o
                0x20005674                CMD_EPS_ResetWDT
 .text.CMD_Payload_Operations
                0x200056cc       0xb4 ./src/SubSystemModules/Communication/SubsystemCommands/EPS_Commands.o
                0x200056cc                CMD_Payload_Operations
 .text.CMD_DeleteTLM
                0x20005780      0x1a0 ./src/SubSystemModules/Communication/SubsystemCommands/FS_Commands.o
                0x20005780                CMD_DeleteTLM
 .text.CMD_DeleteAllFiles
                0x20005920       0x38 ./src/SubSystemModules/Communication/SubsystemCommands/FS_Commands.o
                0x20005920                CMD_DeleteAllFiles
 .text.CMD_GetLastFS_Error
                0x20005958       0x4c ./src/SubSystemModules/Communication/SubsystemCommands/FS_Commands.o
                0x20005958                CMD_GetLastFS_Error
 .text.CMD_Get_TLM_Info
                0x200059a4      0x16c ./src/SubSystemModules/Communication/SubsystemCommands/FS_Commands.o
                0x200059a4                CMD_Get_TLM_Info
 .text.CMD_Switch_SD_Card
                0x20005b10       0xcc ./src/SubSystemModules/Communication/SubsystemCommands/FS_Commands.o
                0x20005b10                CMD_Switch_SD_Card
 .text.CMD_Format_SD_Card
                0x20005bdc       0xa4 ./src/SubSystemModules/Communication/SubsystemCommands/FS_Commands.o
                0x20005bdc                CMD_Format_SD_Card
 .text.CMD_GenericI2C
                0x20005c80      0x144 ./src/SubSystemModules/Communication/SubsystemCommands/Maintanence_Commands.o
                0x20005c80                CMD_GenericI2C
 .text.CMD_FRAM_ReadAndTransmitt
                0x20005dc4       0xe8 ./src/SubSystemModules/Communication/SubsystemCommands/Maintanence_Commands.o
                0x20005dc4                CMD_FRAM_ReadAndTransmitt
 .text.CMD_FRAM_WriteAndTransmitt
                0x20005eac       0xfc ./src/SubSystemModules/Communication/SubsystemCommands/Maintanence_Commands.o
                0x20005eac                CMD_FRAM_WriteAndTransmitt
 .text.CMD_FRAM_ReStart
                0x20005fa8       0x4c ./src/SubSystemModules/Communication/SubsystemCommands/Maintanence_Commands.o
                0x20005fa8                CMD_FRAM_ReStart
 .text.CMD_UpdateSatTime
                0x20005ff4       0xa4 ./src/SubSystemModules/Communication/SubsystemCommands/Maintanence_Commands.o
                0x20005ff4                CMD_UpdateSatTime
 .text.CMD_GetSatUptime
                0x20006098       0x48 ./src/SubSystemModules/Communication/SubsystemCommands/Maintanence_Commands.o
                0x20006098                CMD_GetSatUptime
 .text.CMD_ResetComponent
                0x200060e0      0x274 ./src/SubSystemModules/Communication/SubsystemCommands/Maintanence_Commands.o
                0x200060e0                CMD_ResetComponent
 .text.DumpTask
                0x20006354      0x310 ./src/SubSystemModules/Communication/SubsystemCommands/TRXVU_Commands.o
                0x20006354                DumpTask
 .text.DumpRamTask
                0x20006664      0x40c ./src/SubSystemModules/Communication/SubsystemCommands/TRXVU_Commands.o
                0x20006664                DumpRamTask
 .text.CMD_AntennaDeploy
                0x20006a70       0x8c ./src/SubSystemModules/Communication/SubsystemCommands/TRXVU_Commands.o
                0x20006a70                CMD_AntennaDeploy
 .text.CMD_StartDump
                0x20006afc      0x200 ./src/SubSystemModules/Communication/SubsystemCommands/TRXVU_Commands.o
                0x20006afc                CMD_StartDump
 .text.CMD_SendDumpAbortRequest
                0x20006cfc       0x38 ./src/SubSystemModules/Communication/SubsystemCommands/TRXVU_Commands.o
                0x20006cfc                CMD_SendDumpAbortRequest
 .text.CMD_ForceDumpAbort
                0x20006d34       0x3c ./src/SubSystemModules/Communication/SubsystemCommands/TRXVU_Commands.o
                0x20006d34                CMD_ForceDumpAbort
 .text.CMD_SetTransponder
                0x20006d70      0x110 ./src/SubSystemModules/Communication/SubsystemCommands/TRXVU_Commands.o
                0x20006d70                CMD_SetTransponder
 .text.CMD_SetRSSITransponder
                0x20006e80       0x90 ./src/SubSystemModules/Communication/SubsystemCommands/TRXVU_Commands.o
                0x20006e80                CMD_SetRSSITransponder
 .text.CMD_MuteTRXVU
                0x20006f10       0xc4 ./src/SubSystemModules/Communication/SubsystemCommands/TRXVU_Commands.o
                0x20006f10                CMD_MuteTRXVU
 .text.CMD_SetIdleState
                0x20006fd4       0x94 ./src/SubSystemModules/Communication/SubsystemCommands/TRXVU_Commands.o
                0x20006fd4                CMD_SetIdleState
 .text.CMD_UnMuteTRXVU
                0x20007068       0x38 ./src/SubSystemModules/Communication/SubsystemCommands/TRXVU_Commands.o
                0x20007068                CMD_UnMuteTRXVU
 .text.CMD_GetBaudRate
                0x200070a0       0x6c ./src/SubSystemModules/Communication/SubsystemCommands/TRXVU_Commands.o
                0x200070a0                CMD_GetBaudRate
 .text.CMD_TrasmitBeacon
                0x2000710c       0x48 ./src/SubSystemModules/Communication/SubsystemCommands/TRXVU_Commands.o
                0x2000710c                CMD_TrasmitBeacon
 .text.CMD_GetBeaconInterval
                0x20007154       0x6c ./src/SubSystemModules/Communication/SubsystemCommands/TRXVU_Commands.o
                0x20007154                CMD_GetBeaconInterval
 .text.CMD_SetBaudRate
                0x200071c0       0x64 ./src/SubSystemModules/Communication/SubsystemCommands/TRXVU_Commands.o
                0x200071c0                CMD_SetBaudRate
 .text.CMD_GetTxUptime
                0x20007224       0x68 ./src/SubSystemModules/Communication/SubsystemCommands/TRXVU_Commands.o
                0x20007224                CMD_GetTxUptime
 .text.CMD_GetRxUptime
                0x2000728c       0x68 ./src/SubSystemModules/Communication/SubsystemCommands/TRXVU_Commands.o
                0x2000728c                CMD_GetRxUptime
 .text.CMD_GetNumOfOnlineCommands
                0x200072f4       0x68 ./src/SubSystemModules/Communication/SubsystemCommands/TRXVU_Commands.o
                0x200072f4                CMD_GetNumOfOnlineCommands
 .text.CMD_AntSetArmStatus
                0x2000735c       0x3c ./src/SubSystemModules/Communication/SubsystemCommands/TRXVU_Commands.o
                0x2000735c                CMD_AntSetArmStatus
 .text.CMD_AntGetArmStatus
                0x20007398       0x60 ./src/SubSystemModules/Communication/SubsystemCommands/TRXVU_Commands.o
                0x20007398                CMD_AntGetArmStatus
 .text.CMD_AntGetUptime
                0x200073f8       0x68 ./src/SubSystemModules/Communication/SubsystemCommands/TRXVU_Commands.o
                0x200073f8                CMD_AntGetUptime
 .text.CMD_StopReDeployment
                0x20007460       0x74 ./src/SubSystemModules/Communication/SubsystemCommands/TRXVU_Commands.o
                0x20007460                CMD_StopReDeployment
 .text.CMD_AntCancelDeployment
                0x200074d4       0x58 ./src/SubSystemModules/Communication/SubsystemCommands/TRXVU_Commands.o
                0x200074d4                CMD_AntCancelDeployment
 .text.CMD_DumpRamTLM
                0x2000752c      0x180 ./src/SubSystemModules/Communication/SubsystemCommands/TRXVU_Commands.o
                0x2000752c                CMD_DumpRamTLM
 .text.SendAckPacket
                0x200076ac       0xfc ./src/SubSystemModules/Communication/AckHandler.o
                0x200076ac                SendAckPacket
 .text.trxvu_command_router
                0x200077a8      0x578 ./src/SubSystemModules/Communication/CommandDictionary.o
                0x200077a8                trxvu_command_router
 .text.eps_command_router
                0x20007d20       0xf4 ./src/SubSystemModules/Communication/CommandDictionary.o
                0x20007d20                eps_command_router
 .text.telemetry_command_router
                0x20007e14      0x23c ./src/SubSystemModules/Communication/CommandDictionary.o
                0x20007e14                telemetry_command_router
 .text.managment_command_router
                0x20008050      0x12c ./src/SubSystemModules/Communication/CommandDictionary.o
                0x20008050                managment_command_router
 .text.filesystem_command_router
                0x2000817c       0x24 ./src/SubSystemModules/Communication/CommandDictionary.o
                0x2000817c                filesystem_command_router
 .text.sha256_transform
                0x200081a0      0x4b8 ./src/SubSystemModules/Communication/HashSecuredCMD.o
                0x200081a0                sha256_transform
 .text.sha256_init
                0x20008658       0xb8 ./src/SubSystemModules/Communication/HashSecuredCMD.o
                0x20008658                sha256_init
 .text.sha256_update
                0x20008710       0xc8 ./src/SubSystemModules/Communication/HashSecuredCMD.o
                0x20008710                sha256_update
 .text.sha256_final
                0x200087d8      0x470 ./src/SubSystemModules/Communication/HashSecuredCMD.o
                0x200087d8                sha256_final
 .text.ParseDataToCommand
                0x20008c48      0x1ac ./src/SubSystemModules/Communication/SatCommandHandler.o
                0x20008c48                ParseDataToCommand
 .text.AssembleCommand
                0x20008df4      0x148 ./src/SubSystemModules/Communication/SatCommandHandler.o
                0x20008df4                AssembleCommand
 .text.ActUponCommand
                0x20008f3c      0x108 ./src/SubSystemModules/Communication/SatCommandHandler.o
                0x20008f3c                ActUponCommand
 .text.setMuteEndTime
                0x20009044       0x40 ./src/SubSystemModules/Communication/TRXVU.o
                0x20009044                setMuteEndTime
 .text.getMuteEndTime
                0x20009084       0x44 ./src/SubSystemModules/Communication/TRXVU.o
                0x20009084                getMuteEndTime
 .text.setTransponderEndTime
                0x200090c8       0x40 ./src/SubSystemModules/Communication/TRXVU.o
                0x200090c8                setTransponderEndTime
 .text.getTransponderEndTime
                0x20009108       0x44 ./src/SubSystemModules/Communication/TRXVU.o
                0x20009108                getTransponderEndTime
 .text.setTransponderRSSIinFRAM
                0x2000914c       0x44 ./src/SubSystemModules/Communication/TRXVU.o
                0x2000914c                setTransponderRSSIinFRAM
 .text.getTransponderRSSIFromFRAM
                0x20009190       0x4c ./src/SubSystemModules/Communication/TRXVU.o
                0x20009190                getTransponderRSSIFromFRAM
 .text.InitTxModule
                0x200091dc       0x68 ./src/SubSystemModules/Communication/TRXVU.o
                0x200091dc                InitTxModule
 .text.CMD_SetBeaconInterval
                0x20009244       0xdc ./src/SubSystemModules/Communication/TRXVU.o
                0x20009244                CMD_SetBeaconInterval
 .text.InitBeaconParams
                0x20009320       0x3c ./src/SubSystemModules/Communication/TRXVU.o
                0x20009320                InitBeaconParams
 .text.InitSemaphores
                0x2000935c       0x98 ./src/SubSystemModules/Communication/TRXVU.o
                0x2000935c                InitSemaphores
 .text.InitTrxvu
                0x200093f4      0x170 ./src/SubSystemModules/Communication/TRXVU.o
                0x200093f4                InitTrxvu
 .text.checkIdleFinish
                0x20009564       0x68 ./src/SubSystemModules/Communication/TRXVU.o
                0x20009564                checkIdleFinish
 .text.checkTransponderFinish
                0x200095cc       0x50 ./src/SubSystemModules/Communication/TRXVU.o
                0x200095cc                checkTransponderFinish
 .text.checkTransponderStart
                0x2000961c       0x50 ./src/SubSystemModules/Communication/TRXVU.o
                0x2000961c                checkTransponderStart
 .text.turnOnTransponder
                0x2000966c       0xa0 ./src/SubSystemModules/Communication/TRXVU.o
                0x2000966c                turnOnTransponder
 .text.turnOffTransponder
                0x2000970c       0x90 ./src/SubSystemModules/Communication/TRXVU.o
                0x2000970c                turnOffTransponder
 .text.SetRSSITransponder
                0x2000979c       0x80 ./src/SubSystemModules/Communication/TRXVU.o
                0x2000979c                SetRSSITransponder
 .text.TRX_Logic
                0x2000981c       0xe4 ./src/SubSystemModules/Communication/TRXVU.o
                0x2000981c                TRX_Logic
 .text.GetNumberOfFramesInBuffer
                0x20009900       0x94 ./src/SubSystemModules/Communication/TRXVU.o
                0x20009900                GetNumberOfFramesInBuffer
 .text.GetOnlineCommand
                0x20009994      0x1d0 ./src/SubSystemModules/Communication/TRXVU.o
                0x20009994                GetOnlineCommand
 .text.CheckTransmitionAllowed
                0x20009b64       0xc0 ./src/SubSystemModules/Communication/TRXVU.o
                0x20009b64                CheckTransmitionAllowed
 .text.FinishDump
                0x20009c24       0xf0 ./src/SubSystemModules/Communication/TRXVU.o
                0x20009c24                FinishDump
 .text.AbortDump
                0x20009d14       0x34 ./src/SubSystemModules/Communication/TRXVU.o
                0x20009d14                AbortDump
 .text.SendDumpAbortRequest
                0x20009d48       0x6c ./src/SubSystemModules/Communication/TRXVU.o
                0x20009d48                SendDumpAbortRequest
 .text.CheckDumpAbort
                0x20009db4       0x6c ./src/SubSystemModules/Communication/TRXVU.o
                0x20009db4                CheckDumpAbort
 .text.BeaconLogic
                0x20009e20      0x184 ./src/SubSystemModules/Communication/TRXVU.o
                0x20009e20                BeaconLogic
 .text.SetIdleState
                0x20009fa4      0x144 ./src/SubSystemModules/Communication/TRXVU.o
                0x20009fa4                SetIdleState
 .text.muteTRXVU
                0x2000a0e8       0x74 ./src/SubSystemModules/Communication/TRXVU.o
                0x2000a0e8                muteTRXVU
 .text.UnMuteTRXVU
                0x2000a15c       0x14 ./src/SubSystemModules/Communication/TRXVU.o
                0x2000a15c                UnMuteTRXVU
 .text.TransmitDataAsSPL_Packet
                0x2000a170      0x12c ./src/SubSystemModules/Communication/TRXVU.o
                0x2000a170                TransmitDataAsSPL_Packet
 .text.CMD_Hash256
                0x2000a29c      0x2f8 ./src/SubSystemModules/Communication/TRXVU.o
                0x2000a29c                CMD_Hash256
 .text.CMD_Secure_Ping
                0x2000a594       0x6c ./src/SubSystemModules/Communication/TRXVU.o
                0x2000a594                CMD_Secure_Ping
 .text.TransmitSplPacket
                0x2000a600      0x124 ./src/SubSystemModules/Communication/TRXVU.o
                0x2000a600                TransmitSplPacket
 .text.isFirstActivation
                0x2000a724       0x38 ./src/InitSystem.o
                0x2000a724                isFirstActivation
 .text.WriteDefaultValuesToFRAM
                0x2000a75c      0x2ac ./src/InitSystem.o
                0x2000a75c                WriteDefaultValuesToFRAM
 .text.StartFRAM
                0x2000aa08       0x64 ./src/InitSystem.o
                0x2000aa08                StartFRAM
 .text.StartI2C
                0x2000aa6c       0x38 ./src/InitSystem.o
                0x2000aa6c                StartI2C
 .text.StartSPI
                0x2000aaa4       0x34 ./src/InitSystem.o
                0x2000aaa4                StartSPI
 .text.StartTIME
                0x2000aad8       0xbc ./src/InitSystem.o
                0x2000aad8                StartTIME
 .text.DeploySystem
                0x2000ab94      0x1b4 ./src/InitSystem.o
                0x2000ab94                DeploySystem
 .text.InitSubsystems
                0x2000ad48       0x64 ./src/InitSystem.o
                0x2000ad48                InitSubsystems
 .text.CMD_getInfoImage
                0x2000adac      0x158 ./src/TLM_management.o
                0x2000adac                CMD_getInfoImage
 .text.CMD_getDataImage
                0x2000af04      0x218 ./src/TLM_management.o
                0x2000af04                CMD_getDataImage
 .text.delete_allTMFilesFromSD
                0x2000b11c       0x8c ./src/TLM_management.o
                0x2000b11c                delete_allTMFilesFromSD
 .text.deleteTLMFiles
                0x2000b1a8       0x94 ./src/TLM_management.o
                0x2000b1a8                deleteTLMFiles
 .text.deleteTLMFile
                0x2000b23c       0xcc ./src/TLM_management.o
                0x2000b23c                deleteTLMFile
 .text.deleteTLMbyMonth
                0x2000b308       0xac ./src/TLM_management.o
                0x2000b308                deleteTLMbyMonth
 .text.deleteDirectory
                0x2000b3b4      0x158 ./src/TLM_management.o
                0x2000b3b4                deleteDirectory
 .text.InitializeFS
                0x2000b50c       0xec ./src/TLM_management.o
                0x2000b50c                InitializeFS
 .text.calculateFileName
                0x2000b5f8      0x130 ./src/TLM_management.o
                0x2000b5f8                calculateFileName
 .text.getTlmTypeInfo
                0x2000b728      0x294 ./src/TLM_management.o
                0x2000b728                getTlmTypeInfo
 .text.write2File
                0x2000b9bc      0x1dc ./src/TLM_management.o
                0x2000b9bc                write2File
 .text.printTLM
                0x2000bb98       0x24 ./src/TLM_management.o
                0x2000bb98                printTLM
 .text.readTLMFile
                0x2000bbbc      0x328 ./src/TLM_management.o
                0x2000bbbc                readTLMFile
 .text.readTLMFiles
                0x2000bee4       0xdc ./src/TLM_management.o
                0x2000bee4                readTLMFiles
 .text.readTLMFileTimeRange
                0x2000bfc0      0x2f0 ./src/TLM_management.o
                0x2000bfc0                readTLMFileTimeRange
 .text.DeInitializeFS
                0x2000c2b0       0x38 ./src/TLM_management.o
                0x2000c2b0                DeInitializeFS
 .text.taskMain
                0x2000c2e8       0x90 ./src/main.o
                0x2000c2e8                taskMain
 .text.main     0x2000c378       0x98 ./src/main.o
                0x2000c378                main
 .text.timeU2time
                0x2000c410       0xbc ./src/utils.o
                0x2000c410                timeU2time
 .text.logError
                0x2000c4cc      0x148 ./src/utils.o
                0x2000c4cc                logError
 .text.clearPDCtransfers
                0x2000c614       0xe8 C:/ISIS/workspace/ycube/GlobusSatProject/..//hal/hal/lib\libHALD.a(SPI.o)
 .text.SPI_start
                0x2000c6fc      0x4b0 C:/ISIS/workspace/ycube/GlobusSatProject/..//hal/hal/lib\libHALD.a(SPI.o)
                0x2000c6fc                SPI_start
 .text.SPI_stop
                0x2000cbac      0x244 C:/ISIS/workspace/ycube/GlobusSatProject/..//hal/hal/lib\libHALD.a(SPI.o)
                0x2000cbac                SPI_stop
 .text.SPI_queueTransfer
                0x2000cdf0      0x1cc C:/ISIS/workspace/ycube/GlobusSatProject/..//hal/hal/lib\libHALD.a(SPI.o)
                0x2000cdf0                SPI_queueTransfer
 .text.SPI_internalCallback
                0x2000cfbc       0x64 C:/ISIS/workspace/ycube/GlobusSatProject/..//hal/hal/lib\libHALD.a(SPI.o)
 .text.SPI_writeRead
                0x2000d020      0x1c0 C:/ISIS/workspace/ycube/GlobusSatProject/..//hal/hal/lib\libHALD.a(SPI.o)
                0x2000d020                SPI_writeRead
 .text.waitForTransfer
                0x2000d1e0       0x78 C:/ISIS/workspace/ycube/GlobusSatProject/..//hal/hal/lib\libHALD.a(SPI.o)
 .text.SPI_getDriverState
                0x2000d258       0x58 C:/ISIS/workspace/ycube/GlobusSatProject/..//hal/hal/lib\libHALD.a(SPI.o)
                0x2000d258                SPI_getDriverState
 .text.validateTransferParameters
                0x2000d2b0      0x10c C:/ISIS/workspace/ycube/GlobusSatProject/..//hal/hal/lib\libHALD.a(I2C.o)
 .text.I2C_queueTransfer
                0x2000d3bc       0xfc C:/ISIS/workspace/ycube/GlobusSatProject/..//hal/hal/lib\libHALD.a(I2C.o)
                0x2000d3bc                I2C_queueTransfer
 .text.I2C_internalCallback
                0x2000d4b8       0x64 C:/ISIS/workspace/ycube/GlobusSatProject/..//hal/hal/lib\libHALD.a(I2C.o)
 .text.I2C_doBlockingTransfer
                0x2000d51c      0x180 C:/ISIS/workspace/ycube/GlobusSatProject/..//hal/hal/lib\libHALD.a(I2C.o)
 .text.I2C_write
                0x2000d69c      0x110 C:/ISIS/workspace/ycube/GlobusSatProject/..//hal/hal/lib\libHALD.a(I2C.o)
                0x2000d69c                I2C_write
 .text.I2C_read
                0x2000d7ac      0x110 C:/ISIS/workspace/ycube/GlobusSatProject/..//hal/hal/lib\libHALD.a(I2C.o)
                0x2000d7ac                I2C_read
 .text.I2C_writeRead
                0x2000d8bc      0x17c C:/ISIS/workspace/ycube/GlobusSatProject/..//hal/hal/lib\libHALD.a(I2C.o)
                0x2000d8bc                I2C_writeRead
 .text.I2C_start
                0x2000da38      0x2e8 C:/ISIS/workspace/ycube/GlobusSatProject/..//hal/hal/lib\libHALD.a(I2C.o)
                0x2000da38                I2C_start
 .text.I2C_stop
                0x2000dd20      0x184 C:/ISIS/workspace/ycube/GlobusSatProject/..//hal/hal/lib\libHALD.a(I2C.o)
                0x2000dd20                I2C_stop
 .text.I2C_setTransferTimeout
                0x2000dea4       0x48 C:/ISIS/workspace/ycube/GlobusSatProject/..//hal/hal/lib\libHALD.a(I2C.o)
                0x2000dea4                I2C_setTransferTimeout
 .text.ADC_ConvertRaw10bitToMillivolt
                0x2000deec       0x50 C:/ISIS/workspace/ycube/GlobusSatProject/..//hal/hal/lib\libHALD.a(ADC.o)
                0x2000deec                ADC_ConvertRaw10bitToMillivolt
 .text.ADC_SingleShot
                0x2000df3c      0x230 C:/ISIS/workspace/ycube/GlobusSatProject/..//hal/hal/lib\libHALD.a(ADC.o)
                0x2000df3c                ADC_SingleShot
 .text.FRAM_start
                0x2000e16c      0x120 C:/ISIS/workspace/ycube/GlobusSatProject/..//hal/hal/lib\libHALD.a(FRAM.o)
                0x2000e16c                FRAM_start
 .text.FRAM_stop
                0x2000e28c       0x6c C:/ISIS/workspace/ycube/GlobusSatProject/..//hal/hal/lib\libHALD.a(FRAM.o)
                0x2000e28c                FRAM_stop
 .text.FRAM_dummyCallback
                0x2000e2f8       0x24 C:/ISIS/workspace/ycube/GlobusSatProject/..//hal/hal/lib\libHALD.a(FRAM.o)
                0x2000e2f8                FRAM_dummyCallback
 .text.FRAM_unlockingCallback
                0x2000e31c       0x64 C:/ISIS/workspace/ycube/GlobusSatProject/..//hal/hal/lib\libHALD.a(FRAM.o)
                0x2000e31c                FRAM_unlockingCallback
 .text.doBlockingTransfer
                0x2000e380       0x78 C:/ISIS/workspace/ycube/GlobusSatProject/..//hal/hal/lib\libHALD.a(FRAM.o)
 .text.FRAM_writePacket
                0x2000e3f8      0x134 C:/ISIS/workspace/ycube/GlobusSatProject/..//hal/hal/lib\libHALD.a(FRAM.o)
 .text.FRAM_write
                0x2000e52c      0x1e0 C:/ISIS/workspace/ycube/GlobusSatProject/..//hal/hal/lib\libHALD.a(FRAM.o)
                0x2000e52c                FRAM_write
 .text.FRAM_readPacket
                0x2000e70c       0xf0 C:/ISIS/workspace/ycube/GlobusSatProject/..//hal/hal/lib\libHALD.a(FRAM.o)
 .text.FRAM_read
                0x2000e7fc      0x1ec C:/ISIS/workspace/ycube/GlobusSatProject/..//hal/hal/lib\libHALD.a(FRAM.o)
                0x2000e7fc                FRAM_read
 .text.Time_start
                0x2000e9e8      0x170 C:/ISIS/workspace/ycube/GlobusSatProject/..//hal/hal/lib\libHALD.a(Time.o)
                0x2000e9e8                Time_start
 .text.taskTimeSync
                0x2000eb58       0x64 C:/ISIS/workspace/ycube/GlobusSatProject/..//hal/hal/lib\libHALD.a(Time.o)
 .text.Time_convertEpochToTime
                0x2000ebbc      0x100 C:/ISIS/workspace/ycube/GlobusSatProject/..//hal/hal/lib\libHALD.a(Time.o)
                0x2000ebbc                Time_convertEpochToTime
 .text.Time_calculateSecondsOfYear
                0x2000ecbc       0xd8 C:/ISIS/workspace/ycube/GlobusSatProject/..//hal/hal/lib\libHALD.a(Time.o)
 .text.Time_set
                0x2000ed94       0xd8 C:/ISIS/workspace/ycube/GlobusSatProject/..//hal/hal/lib\libHALD.a(Time.o)
                0x2000ed94                Time_set
 .text.Time_isLeapYear
                0x2000ee6c       0x98 C:/ISIS/workspace/ycube/GlobusSatProject/..//hal/hal/lib\libHALD.a(Time.o)
                0x2000ee6c                Time_isLeapYear
 .text.Time_get
                0x2000ef04      0x478 C:/ISIS/workspace/ycube/GlobusSatProject/..//hal/hal/lib\libHALD.a(Time.o)
                0x2000ef04                Time_get
 .text.Time_getUnixEpoch
                0x2000f37c      0x108 C:/ISIS/workspace/ycube/GlobusSatProject/..//hal/hal/lib\libHALD.a(Time.o)
                0x2000f37c                Time_getUnixEpoch
 .text.Time_secondsOfYearToTime
                0x2000f484      0x33c C:/ISIS/workspace/ycube/GlobusSatProject/..//hal/hal/lib\libHALD.a(Time.o)
 .text.Time_setUnixEpoch
                0x2000f7c0       0x54 C:/ISIS/workspace/ycube/GlobusSatProject/..//hal/hal/lib\libHALD.a(Time.o)
                0x2000f7c0                Time_setUnixEpoch
 .text.Time_getUptimeSeconds
                0x2000f814       0x28 C:/ISIS/workspace/ycube/GlobusSatProject/..//hal/hal/lib\libHALD.a(Time.o)
                0x2000f814                Time_getUptimeSeconds
 .text.Time_sync
                0x2000f83c      0x1a8 C:/ISIS/workspace/ycube/GlobusSatProject/..//hal/hal/lib\libHALD.a(Time.o)
                0x2000f83c                Time_sync
 .text.Time_syncIfNeeded
                0x2000f9e4       0xac C:/ISIS/workspace/ycube/GlobusSatProject/..//hal/hal/lib\libHALD.a(Time.o)
                0x2000f9e4                Time_syncIfNeeded
 .text.WDT_start
                0x2000fa90       0x48 C:/ISIS/workspace/ycube/GlobusSatProject/..//hal/hal/lib\libHALD.a(WatchDogTimerNoOS.o)
                0x2000fa90                WDT_start
 .text.RTT_start
                0x2000fad8       0x24 C:/ISIS/workspace/ycube/GlobusSatProject/..//hal/hal/lib\libHALD.a(RTT.o)
                0x2000fad8                RTT_start
 .text.RTT_GetTime
                0x2000fafc       0x24 C:/ISIS/workspace/ycube/GlobusSatProject/..//hal/hal/lib\libHALD.a(RTT.o)
                0x2000fafc                RTT_GetTime
 .text.RTC_start
                0x2000fb20       0x3c C:/ISIS/workspace/ycube/GlobusSatProject/..//hal/hal/lib\libHALD.a(RTC.o)
                0x2000fb20                RTC_start
 .text.RTC_setTime
                0x2000fb5c      0x2a4 C:/ISIS/workspace/ycube/GlobusSatProject/..//hal/hal/lib\libHALD.a(RTC.o)
                0x2000fb5c                RTC_setTime
 .text.RTC_getTime
                0x2000fe00      0x230 C:/ISIS/workspace/ycube/GlobusSatProject/..//hal/hal/lib\libHALD.a(RTC.o)
                0x2000fe00                RTC_getTime
 .text.RTC_checkTimeValid
                0x20010030       0xd8 C:/ISIS/workspace/ycube/GlobusSatProject/..//hal/hal/lib\libHALD.a(RTC.o)
                0x20010030                RTC_checkTimeValid
 .text.WDT_startWatchdogKickTask
                0x20010108       0xb4 C:/ISIS/workspace/ycube/GlobusSatProject/..//hal/hal/lib\libHALD.a(WatchDogTimerOS.o)
                0x20010108                WDT_startWatchdogKickTask
 .text.WDT_forceKickEveryNms
                0x200101bc       0x50 C:/ISIS/workspace/ycube/GlobusSatProject/..//hal/hal/lib\libHALD.a(WatchDogTimerOS.o)
                0x200101bc                WDT_forceKickEveryNms
 .text.f_puts   0x2001020c       0x80 C:/ISIS/workspace/ycube/GlobusSatProject/..//hal/hal/lib\libHALD.a(fprintf.o)
                0x2001020c                f_puts
 .text.LED_glow
                0x2001028c       0x58 C:/ISIS/workspace/ycube/GlobusSatProject/..//hal/hal/lib\libHALD.a(LED.o)
                0x2001028c                LED_glow
 .text.LED_dark
                0x200102e4       0x58 C:/ISIS/workspace/ycube/GlobusSatProject/..//hal/hal/lib\libHALD.a(LED.o)
                0x200102e4                LED_dark
 .text.LED_toggle
                0x2001033c       0x50 C:/ISIS/workspace/ycube/GlobusSatProject/..//hal/hal/lib\libHALD.a(LED.o)
                0x2001033c                LED_toggle
 .text.fm_initvolume
                0x2001038c       0x70 C:/ISIS/workspace/ycube/GlobusSatProject/..//hal/hcc/lib\libHCCD.a(fat_m.o)
                0x2001038c                fm_initvolume
 .text.fm_delvolume
                0x200103fc       0x60 C:/ISIS/workspace/ycube/GlobusSatProject/..//hal/hcc/lib\libHCCD.a(fat_m.o)
                0x200103fc                fm_delvolume
 .text.fm_format
                0x2001045c       0x68 C:/ISIS/workspace/ycube/GlobusSatProject/..//hal/hcc/lib\libHCCD.a(fat_m.o)
                0x2001045c                fm_format
 .text.fm_getdrive
                0x200104c4       0x70 C:/ISIS/workspace/ycube/GlobusSatProject/..//hal/hcc/lib\libHCCD.a(fat_m.o)
                0x200104c4                fm_getdrive
 .text.fm_getfreespace
                0x20010534       0x68 C:/ISIS/workspace/ycube/GlobusSatProject/..//hal/hcc/lib\libHCCD.a(fat_m.o)
                0x20010534                fm_getfreespace
 .text.fm_mkdir
                0x2001059c       0x60 C:/ISIS/workspace/ycube/GlobusSatProject/..//hal/hcc/lib\libHCCD.a(fat_m.o)
                0x2001059c                fm_mkdir
 .text.fm_rmdir
                0x200105fc       0x60 C:/ISIS/workspace/ycube/GlobusSatProject/..//hal/hcc/lib\libHCCD.a(fat_m.o)
                0x200105fc                fm_rmdir
 .text.fm_findfirst
                0x2001065c       0x68 C:/ISIS/workspace/ycube/GlobusSatProject/..//hal/hcc/lib\libHCCD.a(fat_m.o)
                0x2001065c                fm_findfirst
 .text.fm_findnext
                0x200106c4       0x60 C:/ISIS/workspace/ycube/GlobusSatProject/..//hal/hcc/lib\libHCCD.a(fat_m.o)
                0x200106c4                fm_findnext
 .text.fm_close
                0x20010724       0x60 C:/ISIS/workspace/ycube/GlobusSatProject/..//hal/hcc/lib\libHCCD.a(fat_m.o)
                0x20010724                fm_close
 .text.fm_flush
                0x20010784       0x60 C:/ISIS/workspace/ycube/GlobusSatProject/..//hal/hcc/lib\libHCCD.a(fat_m.o)
                0x20010784                fm_flush
 .text.fm_open  0x200107e4       0x68 C:/ISIS/workspace/ycube/GlobusSatProject/..//hal/hcc/lib\libHCCD.a(fat_m.o)
                0x200107e4                fm_open
 .text.fm_read  0x2001084c       0x7c C:/ISIS/workspace/ycube/GlobusSatProject/..//hal/hcc/lib\libHCCD.a(fat_m.o)
                0x2001084c                fm_read
 .text.fm_write
                0x200108c8       0x7c C:/ISIS/workspace/ycube/GlobusSatProject/..//hal/hcc/lib\libHCCD.a(fat_m.o)
                0x200108c8                fm_write
 .text.fm_seek  0x20010944       0x70 C:/ISIS/workspace/ycube/GlobusSatProject/..//hal/hcc/lib\libHCCD.a(fat_m.o)
                0x20010944                fm_seek
 .text.fm_tell  0x200109b4       0x60 C:/ISIS/workspace/ycube/GlobusSatProject/..//hal/hcc/lib\libHCCD.a(fat_m.o)
                0x200109b4                fm_tell
 .text.fm_putc  0x20010a14       0x68 C:/ISIS/workspace/ycube/GlobusSatProject/..//hal/hcc/lib\libHCCD.a(fat_m.o)
                0x20010a14                fm_putc
 .text.fm_rewind
                0x20010a7c       0x60 C:/ISIS/workspace/ycube/GlobusSatProject/..//hal/hcc/lib\libHCCD.a(fat_m.o)
                0x20010a7c                fm_rewind
 .text.fm_delete
                0x20010adc       0x64 C:/ISIS/workspace/ycube/GlobusSatProject/..//hal/hcc/lib\libHCCD.a(fat_m.o)
                0x20010adc                fm_delete
 .text.fm_getlasterror
                0x20010b40       0x40 C:/ISIS/workspace/ycube/GlobusSatProject/..//hal/hcc/lib\libHCCD.a(fat_m.o)
                0x20010b40                fm_getlasterror
 .text._f_invalidatedir
                0x20010b80       0x28 C:/ISIS/workspace/ycube/GlobusSatProject/..//hal/hcc/lib\libHCCD.a(fat.o)
                0x20010b80                _f_invalidatedir
 .text._f_getdirsector
                0x20010ba8       0x88 C:/ISIS/workspace/ycube/GlobusSatProject/..//hal/hcc/lib\libHCCD.a(fat.o)
                0x20010ba8                _f_getdirsector
 .text._f_writedirsector
                0x20010c30       0x74 C:/ISIS/workspace/ycube/GlobusSatProject/..//hal/hcc/lib\libHCCD.a(fat.o)
                0x20010c30                _f_writedirsector
 .text._f_checknameinv
                0x20010ca4      0x180 C:/ISIS/workspace/ycube/GlobusSatProject/..//hal/hcc/lib\libHCCD.a(fat.o)
 .text._f_checkname
                0x20010e24       0x7c C:/ISIS/workspace/ycube/GlobusSatProject/..//hal/hcc/lib\libHCCD.a(fat.o)
 .text._f_checknamewc
                0x20010ea0       0xf8 C:/ISIS/workspace/ycube/GlobusSatProject/..//hal/hcc/lib\libHCCD.a(fat.o)
 .text._f_setnameext
                0x20010f98      0x300 C:/ISIS/workspace/ycube/GlobusSatProject/..//hal/hcc/lib\libHCCD.a(fat.o)
 .text._f_setfsname
                0x20011298      0x584 C:/ISIS/workspace/ycube/GlobusSatProject/..//hal/hcc/lib\libHCCD.a(fat.o)
 .text._f_findfile
                0x2001181c      0x30c C:/ISIS/workspace/ycube/GlobusSatProject/..//hal/hcc/lib\libHCCD.a(fat.o)
 .text._f_cmp_wname
                0x20011b28      0x274 C:/ISIS/workspace/ycube/GlobusSatProject/..//hal/hcc/lib\libHCCD.a(fat.o)
 .text._f_to_string
                0x20011d9c      0x130 C:/ISIS/workspace/ycube/GlobusSatProject/..//hal/hcc/lib\libHCCD.a(fat.o)
 .text._f_findfilewc
                0x20011ecc      0x278 C:/ISIS/workspace/ycube/GlobusSatProject/..//hal/hcc/lib\libHCCD.a(fat.o)
 .text._f_getfilename
                0x20012144      0x20c C:/ISIS/workspace/ycube/GlobusSatProject/..//hal/hcc/lib\libHCCD.a(fat.o)
 .text._f_findpath
                0x20012350      0x35c C:/ISIS/workspace/ycube/GlobusSatProject/..//hal/hcc/lib\libHCCD.a(fat.o)
 .text.fn_getdcwd
                0x200126ac      0x1e0 C:/ISIS/workspace/ycube/GlobusSatProject/..//hal/hcc/lib\libHCCD.a(fat.o)
                0x200126ac                fn_getdcwd
 .text.fn_findfirst
                0x2001288c      0x13c C:/ISIS/workspace/ycube/GlobusSatProject/..//hal/hcc/lib\libHCCD.a(fat.o)
                0x2001288c                fn_findfirst
 .text.fn_findnext
                0x200129c8      0x360 C:/ISIS/workspace/ycube/GlobusSatProject/..//hal/hcc/lib\libHCCD.a(fat.o)
                0x200129c8                fn_findnext
 .text._f_lock_resfile
                0x20012d28       0x6c C:/ISIS/workspace/ycube/GlobusSatProject/..//hal/hcc/lib\libHCCD.a(fat.o)
 .text._f_unlock_resfile
                0x20012d94       0x40 C:/ISIS/workspace/ycube/GlobusSatProject/..//hal/hcc/lib\libHCCD.a(fat.o)
 .text._f_getintfile
                0x20012dd4      0x124 C:/ISIS/workspace/ycube/GlobusSatProject/..//hal/hcc/lib\libHCCD.a(fat.o)
 .text._f_addentry
                0x20012ef8      0x540 C:/ISIS/workspace/ycube/GlobusSatProject/..//hal/hcc/lib\libHCCD.a(fat.o)
 .text.fn_mkdir
                0x20013438      0x75c C:/ISIS/workspace/ycube/GlobusSatProject/..//hal/hcc/lib\libHCCD.a(fat.o)
                0x20013438                fn_mkdir
 .text.fn_open_sub
                0x20013b94     0x1698 C:/ISIS/workspace/ycube/GlobusSatProject/..//hal/hcc/lib\libHCCD.a(fat.o)
 .text.fn_open  0x2001522c       0x44 C:/ISIS/workspace/ycube/GlobusSatProject/..//hal/hcc/lib\libHCCD.a(fat.o)
                0x2001522c                fn_open
 .text.fn_delete
                0x20015270      0x490 C:/ISIS/workspace/ycube/GlobusSatProject/..//hal/hcc/lib\libHCCD.a(fat.o)
                0x20015270                fn_delete
 .text.fn_rmdir
                0x20015700      0x5ac C:/ISIS/workspace/ycube/GlobusSatProject/..//hal/hcc/lib\libHCCD.a(fat.o)
                0x20015700                fn_rmdir
 .text.fn_init  0x20015cac      0x2dc C:/ISIS/workspace/ycube/GlobusSatProject/..//hal/hcc/lib\libHCCD.a(fat_common.o)
                0x20015cac                fn_init
 .text.fn_start
                0x20015f88       0x1c C:/ISIS/workspace/ycube/GlobusSatProject/..//hal/hcc/lib\libHCCD.a(fat_common.o)
                0x20015f88                fn_start
 .text.fsn_delete
                0x20015fa4       0xc8 C:/ISIS/workspace/ycube/GlobusSatProject/..//hal/hcc/lib\libHCCD.a(fat_common.o)
                0x20015fa4                fsn_delete
 .text._f_get16bitl
                0x2001606c       0x4c C:/ISIS/workspace/ycube/GlobusSatProject/..//hal/hcc/lib\libHCCD.a(fat_common.o)
                0x2001606c                _f_get16bitl
 .text._f_set16bitl
                0x200160b8       0x54 C:/ISIS/workspace/ycube/GlobusSatProject/..//hal/hcc/lib\libHCCD.a(fat_common.o)
                0x200160b8                _f_set16bitl
 .text._f_get32bitl
                0x2001610c       0x68 C:/ISIS/workspace/ycube/GlobusSatProject/..//hal/hcc/lib\libHCCD.a(fat_common.o)
                0x2001610c                _f_get32bitl
 .text._f_set32bitl
                0x20016174       0x78 C:/ISIS/workspace/ycube/GlobusSatProject/..//hal/hcc/lib\libHCCD.a(fat_common.o)
                0x20016174                _f_set32bitl
 .text._get8bit
                0x200161ec       0xa0 C:/ISIS/workspace/ycube/GlobusSatProject/..//hal/hcc/lib\libHCCD.a(fat_common.o)
 .text._get16bitl
                0x2001628c       0x40 C:/ISIS/workspace/ycube/GlobusSatProject/..//hal/hcc/lib\libHCCD.a(fat_common.o)
 .text._get32bitl
                0x200162cc       0x3c C:/ISIS/workspace/ycube/GlobusSatProject/..//hal/hcc/lib\libHCCD.a(fat_common.o)
 .text._set8bitzero
                0x20016308       0x6c C:/ISIS/workspace/ycube/GlobusSatProject/..//hal/hcc/lib\libHCCD.a(fat_common.o)
 .text._set8bit
                0x20016374       0xa0 C:/ISIS/workspace/ycube/GlobusSatProject/..//hal/hcc/lib\libHCCD.a(fat_common.o)
 .text._set16bitl
                0x20016414       0x3c C:/ISIS/workspace/ycube/GlobusSatProject/..//hal/hcc/lib\libHCCD.a(fat_common.o)
 .text._set32bitl
                0x20016450       0x34 C:/ISIS/workspace/ycube/GlobusSatProject/..//hal/hcc/lib\libHCCD.a(fat_common.o)
 .text._f_setcardremoved
                0x20016484       0x94 C:/ISIS/workspace/ycube/GlobusSatProject/..//hal/hcc/lib\libHCCD.a(fat_common.o)
 .text._f_checkstatus
                0x20016518      0x104 C:/ISIS/workspace/ycube/GlobusSatProject/..//hal/hcc/lib\libHCCD.a(fat_common.o)
                0x20016518                _f_checkstatus
 .text._f_drvgetphy
                0x2001661c      0x114 C:/ISIS/workspace/ycube/GlobusSatProject/..//hal/hcc/lib\libHCCD.a(fat_common.o)
 .text._f_drvwritesector
                0x20016730       0xdc C:/ISIS/workspace/ycube/GlobusSatProject/..//hal/hcc/lib\libHCCD.a(fat_common.o)
 .text._f_drvreadsector
                0x2001680c       0xa8 C:/ISIS/workspace/ycube/GlobusSatProject/..//hal/hcc/lib\libHCCD.a(fat_common.o)
 .text._f_writesector
                0x200168b4      0x23c C:/ISIS/workspace/ycube/GlobusSatProject/..//hal/hcc/lib\libHCCD.a(fat_common.o)
                0x200168b4                _f_writesector
 .text._f_readsector
                0x20016af0      0x1dc C:/ISIS/workspace/ycube/GlobusSatProject/..//hal/hcc/lib\libHCCD.a(fat_common.o)
                0x20016af0                _f_readsector
 .text._f_getmaxcluster
                0x20016ccc       0x94 C:/ISIS/workspace/ycube/GlobusSatProject/..//hal/hcc/lib\libHCCD.a(fat_common.o)
                0x20016ccc                _f_getmaxcluster
 .text._getsectorfromcluster
                0x20016d60       0x68 C:/ISIS/workspace/ycube/GlobusSatProject/..//hal/hcc/lib\libHCCD.a(fat_common.o)
 .text._f_buildsectors
                0x20016dc8      0x268 C:/ISIS/workspace/ycube/GlobusSatProject/..//hal/hcc/lib\libHCCD.a(fat_common.o)
 .text._f_getbootrecord
                0x20017030      0x5e4 C:/ISIS/workspace/ycube/GlobusSatProject/..//hal/hcc/lib\libHCCD.a(fat_common.o)
 .text._f_readbootrecord
                0x20017614      0x4f8 C:/ISIS/workspace/ycube/GlobusSatProject/..//hal/hcc/lib\libHCCD.a(fat_common.o)
 .text._f_writebootrecord
                0x20017b0c      0x5e4 C:/ISIS/workspace/ycube/GlobusSatProject/..//hal/hcc/lib\libHCCD.a(fat_common.o)
 .text._f_flushcffiles
                0x200180f0      0x17c C:/ISIS/workspace/ycube/GlobusSatProject/..//hal/hcc/lib\libHCCD.a(fat_common.o)
                0x200180f0                _f_flushcffiles
 .text._f_fatcache_flush
                0x2001826c      0x270 C:/ISIS/workspace/ycube/GlobusSatProject/..//hal/hcc/lib\libHCCD.a(fat_common.o)
                0x2001826c                _f_fatcache_flush
 .text._f_writefatsector
                0x200184dc      0x100 C:/ISIS/workspace/ycube/GlobusSatProject/..//hal/hcc/lib\libHCCD.a(fat_common.o)
                0x200184dc                _f_writefatsector
 .text._f_getfatsector
                0x200185dc      0x3bc C:/ISIS/workspace/ycube/GlobusSatProject/..//hal/hcc/lib\libHCCD.a(fat_common.o)
 .text._f_setclustervalue
                0x20018998      0x490 C:/ISIS/workspace/ycube/GlobusSatProject/..//hal/hcc/lib\libHCCD.a(fat_common.o)
                0x20018998                _f_setclustervalue
 .text._f_getclustervalue
                0x20018e28      0x388 C:/ISIS/workspace/ycube/GlobusSatProject/..//hal/hcc/lib\libHCCD.a(fat_common.o)
                0x20018e28                _f_getclustervalue
 .text._f_close_drive_files
                0x200191b0       0xac C:/ISIS/workspace/ycube/GlobusSatProject/..//hal/hcc/lib\libHCCD.a(fat_common.o)
 .text._f_inc_mount_count
                0x2001925c       0xa4 C:/ISIS/workspace/ycube/GlobusSatProject/..//hal/hcc/lib\libHCCD.a(fat_common.o)
 .text._f_getvolume
                0x20019300      0x2f8 C:/ISIS/workspace/ycube/GlobusSatProject/..//hal/hcc/lib\libHCCD.a(fat_common.o)
                0x20019300                _f_getvolume
 .text.fn_createdriver
                0x200195f8      0x118 C:/ISIS/workspace/ycube/GlobusSatProject/..//hal/hcc/lib\libHCCD.a(fat_common.o)
                0x200195f8                fn_createdriver
 .text.fn_initvolume
                0x20019710      0x12c C:/ISIS/workspace/ycube/GlobusSatProject/..//hal/hcc/lib\libHCCD.a(fat_common.o)
                0x20019710                fn_initvolume
 .text.fn_releasedriver
                0x2001983c       0xf4 C:/ISIS/workspace/ycube/GlobusSatProject/..//hal/hcc/lib\libHCCD.a(fat_common.o)
                0x2001983c                fn_releasedriver
 .text.fn_initvolumepartition_sub
                0x20019930       0xe0 C:/ISIS/workspace/ycube/GlobusSatProject/..//hal/hcc/lib\libHCCD.a(fat_common.o)
 .text.fn_initvolumepartition
                0x20019a10       0xac C:/ISIS/workspace/ycube/GlobusSatProject/..//hal/hcc/lib\libHCCD.a(fat_common.o)
                0x20019a10                fn_initvolumepartition
 .text.fn_delvolume
                0x20019abc      0x194 C:/ISIS/workspace/ycube/GlobusSatProject/..//hal/hcc/lib\libHCCD.a(fat_common.o)
                0x20019abc                fn_delvolume
 .text._f_clustertopos
                0x20019c50       0xf8 C:/ISIS/workspace/ycube/GlobusSatProject/..//hal/hcc/lib\libHCCD.a(fat_common.o)
                0x20019c50                _f_clustertopos
 .text._f_prepareformat
                0x20019d48      0x8b8 C:/ISIS/workspace/ycube/GlobusSatProject/..//hal/hcc/lib\libHCCD.a(fat_common.o)
 .text._f_resetfatentries
                0x2001a600      0x410 C:/ISIS/workspace/ycube/GlobusSatProject/..//hal/hcc/lib\libHCCD.a(fat_common.o)
 .text._f_resetrootdir
                0x2001aa10       0xcc C:/ISIS/workspace/ycube/GlobusSatProject/..//hal/hcc/lib\libHCCD.a(fat_common.o)
 .text._f_postformat
                0x2001aadc      0x178 C:/ISIS/workspace/ycube/GlobusSatProject/..//hal/hcc/lib\libHCCD.a(fat_common.o)
 .text.fn_format
                0x2001ac54      0x148 C:/ISIS/workspace/ycube/GlobusSatProject/..//hal/hcc/lib\libHCCD.a(fat_common.o)
                0x2001ac54                fn_format
 .text._f_getcurrsector
                0x2001ad9c      0x6c8 C:/ISIS/workspace/ycube/GlobusSatProject/..//hal/hcc/lib\libHCCD.a(fat_common.o)
                0x2001ad9c                _f_getcurrsector
 .text._f_getdecluster
                0x2001b464       0x90 C:/ISIS/workspace/ycube/GlobusSatProject/..//hal/hcc/lib\libHCCD.a(fat_common.o)
                0x2001b464                _f_getdecluster
 .text._f_setdecluster
                0x2001b4f4       0x8c C:/ISIS/workspace/ycube/GlobusSatProject/..//hal/hcc/lib\libHCCD.a(fat_common.o)
                0x2001b4f4                _f_setdecluster
 .text.fn_getdrive
                0x2001b580       0x30 C:/ISIS/workspace/ycube/GlobusSatProject/..//hal/hcc/lib\libHCCD.a(fat_common.o)
                0x2001b580                fn_getdrive
 .text._f_getcurrenttimedate
                0x2001b5b0      0x138 C:/ISIS/workspace/ycube/GlobusSatProject/..//hal/hcc/lib\libHCCD.a(fat_common.o)
                0x2001b5b0                _f_getcurrenttimedate
 .text._f_initentry
                0x2001b6e8       0xa0 C:/ISIS/workspace/ycube/GlobusSatProject/..//hal/hcc/lib\libHCCD.a(fat_common.o)
                0x2001b6e8                _f_initentry
 .text._f_alloccluster
                0x2001b788      0x344 C:/ISIS/workspace/ycube/GlobusSatProject/..//hal/hcc/lib\libHCCD.a(fat_common.o)
                0x2001b788                _f_alloccluster
 .text._f_dobadblock
                0x2001bacc      0x2cc C:/ISIS/workspace/ycube/GlobusSatProject/..//hal/hcc/lib\libHCCD.a(fat_common.o)
                0x2001bacc                _f_dobadblock
 .text._f_checklocked
                0x2001bd98       0xe4 C:/ISIS/workspace/ycube/GlobusSatProject/..//hal/hcc/lib\libHCCD.a(fat_common.o)
                0x2001bd98                _f_checklocked
 .text._f_checkappendlocked
                0x2001be7c      0x110 C:/ISIS/workspace/ycube/GlobusSatProject/..//hal/hcc/lib\libHCCD.a(fat_common.o)
                0x2001be7c                _f_checkappendlocked
 .text._f_setsyncafile
                0x2001bf8c      0x114 C:/ISIS/workspace/ycube/GlobusSatProject/..//hal/hcc/lib\libHCCD.a(fat_common.o)
                0x2001bf8c                _f_setsyncafile
 .text._f_syncfiles
                0x2001c0a0      0x128 C:/ISIS/workspace/ycube/GlobusSatProject/..//hal/hcc/lib\libHCCD.a(fat_common.o)
                0x2001c0a0                _f_syncfiles
 .text._f_syncfilescontent
                0x2001c1c8      0x15c C:/ISIS/workspace/ycube/GlobusSatProject/..//hal/hcc/lib\libHCCD.a(fat_common.o)
 .text.fn_getfreespace
                0x2001c324      0x4c0 C:/ISIS/workspace/ycube/GlobusSatProject/..//hal/hcc/lib\libHCCD.a(fat_common.o)
                0x2001c324                fn_getfreespace
 .text._f_emptywritecache
                0x2001c7e4      0x4a4 C:/ISIS/workspace/ycube/GlobusSatProject/..//hal/hcc/lib\libHCCD.a(fat_common.o)
 .text._f_allocnextcluster
                0x2001cc88      0x54c C:/ISIS/workspace/ycube/GlobusSatProject/..//hal/hcc/lib\libHCCD.a(fat_common.o)
 .text._f_emptywritebuffer
                0x2001d1d4      0x20c C:/ISIS/workspace/ycube/GlobusSatProject/..//hal/hcc/lib\libHCCD.a(fat_common.o)
 .text._f_writezeros
                0x2001d3e0       0xf0 C:/ISIS/workspace/ycube/GlobusSatProject/..//hal/hcc/lib\libHCCD.a(fat_common.o)
                0x2001d3e0                _f_writezeros
 .text._f_extend_file
                0x2001d4d0      0x570 C:/ISIS/workspace/ycube/GlobusSatProject/..//hal/hcc/lib\libHCCD.a(fat_common.o)
 .text._f_fseek
                0x2001da40      0x9bc C:/ISIS/workspace/ycube/GlobusSatProject/..//hal/hcc/lib\libHCCD.a(fat_common.o)
                0x2001da40                _f_fseek
 .text._f_removechain
                0x2001e3fc      0x104 C:/ISIS/workspace/ycube/GlobusSatProject/..//hal/hcc/lib\libHCCD.a(fat_common.o)
                0x2001e3fc                _f_removechain
 .text._f_updatefileentry
                0x2001e500      0x1cc C:/ISIS/workspace/ycube/GlobusSatProject/..//hal/hcc/lib\libHCCD.a(fat_common.o)
 .text._f_checkreadlocked
                0x2001e6cc      0x1bc C:/ISIS/workspace/ycube/GlobusSatProject/..//hal/hcc/lib\libHCCD.a(fat_common.o)
                0x2001e6cc                _f_checkreadlocked
 .text._f_check_handle
                0x2001e888       0x98 C:/ISIS/workspace/ycube/GlobusSatProject/..//hal/hcc/lib\libHCCD.a(fat_common.o)
                0x2001e888                _f_check_handle
 .text._f_removesyncafile
                0x2001e920      0x1ec C:/ISIS/workspace/ycube/GlobusSatProject/..//hal/hcc/lib\libHCCD.a(fat_common.o)
 .text.fn_close
                0x2001eb0c      0x3f8 C:/ISIS/workspace/ycube/GlobusSatProject/..//hal/hcc/lib\libHCCD.a(fat_common.o)
                0x2001eb0c                fn_close
 .text.fn_flush
                0x2001ef04      0x374 C:/ISIS/workspace/ycube/GlobusSatProject/..//hal/hcc/lib\libHCCD.a(fat_common.o)
                0x2001ef04                fn_flush
 .text.fn_read  0x2001f278      0x690 C:/ISIS/workspace/ycube/GlobusSatProject/..//hal/hcc/lib\libHCCD.a(fat_common.o)
                0x2001f278                fn_read
 .text._f_abortwrite
                0x2001f908      0x100 C:/ISIS/workspace/ycube/GlobusSatProject/..//hal/hcc/lib\libHCCD.a(fat_common.o)
 .text._f_checkwritecluster
                0x2001fa08       0xe4 C:/ISIS/workspace/ycube/GlobusSatProject/..//hal/hcc/lib\libHCCD.a(fat_common.o)
 .text.fn_write
                0x2001faec      0x8a8 C:/ISIS/workspace/ycube/GlobusSatProject/..//hal/hcc/lib\libHCCD.a(fat_common.o)
                0x2001faec                fn_write
 .text.fn_seek  0x20020394      0x270 C:/ISIS/workspace/ycube/GlobusSatProject/..//hal/hcc/lib\libHCCD.a(fat_common.o)
                0x20020394                fn_seek
 .text.fn_tell  0x20020604      0x19c C:/ISIS/workspace/ycube/GlobusSatProject/..//hal/hcc/lib\libHCCD.a(fat_common.o)
                0x20020604                fn_tell
 .text.fn_rewind
                0x200207a0       0x38 C:/ISIS/workspace/ycube/GlobusSatProject/..//hal/hcc/lib\libHCCD.a(fat_common.o)
                0x200207a0                fn_rewind
 .text.fn_putc  0x200207d8       0x68 C:/ISIS/workspace/ycube/GlobusSatProject/..//hal/hcc/lib\libHCCD.a(fat_common.o)
                0x200207d8                fn_putc
 .text.f_enterFS
                0x20020840      0x1c0 C:/ISIS/workspace/ycube/GlobusSatProject/..//hal/hcc/lib\libHCCD.a(fat_common.o)
                0x20020840                f_enterFS
 .text.f_releaseFS
                0x20020a00       0xb0 C:/ISIS/workspace/ycube/GlobusSatProject/..//hal/hcc/lib\libHCCD.a(fat_common.o)
                0x20020a00                f_releaseFS
 .text.fnGetTask
                0x20020ab0       0xfc C:/ISIS/workspace/ycube/GlobusSatProject/..//hal/hcc/lib\libHCCD.a(fat_common.o)
                0x20020ab0                fnGetTask
 .text._f_mutex_get
                0x20020bac       0x98 C:/ISIS/workspace/ycube/GlobusSatProject/..//hal/hcc/lib\libHCCD.a(fat_common.o)
                0x20020bac                _f_mutex_get
 .text._f_mutex_put
                0x20020c44       0x54 C:/ISIS/workspace/ycube/GlobusSatProject/..//hal/hcc/lib\libHCCD.a(fat_common.o)
                0x20020c44                _f_mutex_put
 .text._fn_initseekdivisor
                0x20020c98      0x158 C:/ISIS/workspace/ycube/GlobusSatProject/..//hal/hcc/lib\libHCCD.a(fat_common.o)
                0x20020c98                _fn_initseekdivisor
 .text._fn_updateseekpos
                0x20020df0       0xc4 C:/ISIS/workspace/ycube/GlobusSatProject/..//hal/hcc/lib\libHCCD.a(fat_common.o)
 .text._f_findopensize
                0x20020eb4       0x2c C:/ISIS/workspace/ycube/GlobusSatProject/..//hal/hcc/lib\libHCCD.a(fat_common.o)
                0x20020eb4                _f_findopensize
 .text.fn_setlasterror
                0x20020ee0       0x34 C:/ISIS/workspace/ycube/GlobusSatProject/..//hal/hcc/lib\libHCCD.a(fat_common.o)
                0x20020ee0                fn_setlasterror
 .text.fn_setlasterror_noret
                0x20020f14       0x2c C:/ISIS/workspace/ycube/GlobusSatProject/..//hal/hcc/lib\libHCCD.a(fat_common.o)
                0x20020f14                fn_setlasterror_noret
 .text._s_checkzeroclusteratend
                0x20020f40       0xf8 C:/ISIS/workspace/ycube/GlobusSatProject/..//hal/hcc/lib\libHCCD.a(safefat.o)
 .text._s_clearclustercontent
                0x20021038      0x108 C:/ISIS/workspace/ycube/GlobusSatProject/..//hal/hcc/lib\libHCCD.a(safefat.o)
 .text._s_clearclustercontentdir
                0x20021140      0x19c C:/ISIS/workspace/ycube/GlobusSatProject/..//hal/hcc/lib\libHCCD.a(safefat.o)
 .text._s_writedirsector
                0x200212dc       0xd0 C:/ISIS/workspace/ycube/GlobusSatProject/..//hal/hcc/lib\libHCCD.a(safefat.o)
 .text._s_getdirsector
                0x200213ac      0x100 C:/ISIS/workspace/ycube/GlobusSatProject/..//hal/hcc/lib\libHCCD.a(safefat.o)
 .text._s_addentry
                0x200214ac      0x394 C:/ISIS/workspace/ycube/GlobusSatProject/..//hal/hcc/lib\libHCCD.a(safefat.o)
 .text._s_findfile
                0x20021840      0x33c C:/ISIS/workspace/ycube/GlobusSatProject/..//hal/hcc/lib\libHCCD.a(safefat.o)
 .text._s_findsubdir
                0x20021b7c      0x248 C:/ISIS/workspace/ycube/GlobusSatProject/..//hal/hcc/lib\libHCCD.a(safefat.o)
 .text._s_createfile
                0x20021dc4      0x190 C:/ISIS/workspace/ycube/GlobusSatProject/..//hal/hcc/lib\libHCCD.a(safefat.o)
 .text._s_findsaffile
                0x20021f54      0x1b8 C:/ISIS/workspace/ycube/GlobusSatProject/..//hal/hcc/lib\libHCCD.a(safefat.o)
 .text._s_open  0x2002210c       0xe4 C:/ISIS/workspace/ycube/GlobusSatProject/..//hal/hcc/lib\libHCCD.a(safefat.o)
 .text._s_open_saf
                0x200221f0       0xe8 C:/ISIS/workspace/ycube/GlobusSatProject/..//hal/hcc/lib\libHCCD.a(safefat.o)
 .text._s_flush
                0x200222d8       0x84 C:/ISIS/workspace/ycube/GlobusSatProject/..//hal/hcc/lib\libHCCD.a(safefat.o)
 .text._s_allocnextcluster
                0x2002235c      0x13c C:/ISIS/workspace/ycube/GlobusSatProject/..//hal/hcc/lib\libHCCD.a(safefat.o)
 .text._s_getnextsector
                0x20022498       0xdc C:/ISIS/workspace/ycube/GlobusSatProject/..//hal/hcc/lib\libHCCD.a(safefat.o)
 .text._s_seek  0x20022574      0x1e8 C:/ISIS/workspace/ycube/GlobusSatProject/..//hal/hcc/lib\libHCCD.a(safefat.o)
 .text._s_get_len
                0x2002275c      0x10c C:/ISIS/workspace/ycube/GlobusSatProject/..//hal/hcc/lib\libHCCD.a(safefat.o)
 .text._s_set_len
                0x20022868       0xb4 C:/ISIS/workspace/ycube/GlobusSatProject/..//hal/hcc/lib\libHCCD.a(safefat.o)
 .text.safe_fix_filelengths
                0x2002291c       0xcc C:/ISIS/workspace/ycube/GlobusSatProject/..//hal/hcc/lib\libHCCD.a(safefat.o)
                0x2002291c                safe_fix_filelengths
 .text._s_read  0x200229e8      0x228 C:/ISIS/workspace/ycube/GlobusSatProject/..//hal/hcc/lib\libHCCD.a(safefat.o)
 .text._s_write
                0x20022c10      0x384 C:/ISIS/workspace/ycube/GlobusSatProject/..//hal/hcc/lib\libHCCD.a(safefat.o)
 .text._s_restoreclusters
                0x20022f94      0x270 C:/ISIS/workspace/ycube/GlobusSatProject/..//hal/hcc/lib\libHCCD.a(safefat.o)
                0x20022f94                _s_restoreclusters
 .text._s_findrestore
                0x20023204      0x18c C:/ISIS/workspace/ycube/GlobusSatProject/..//hal/hcc/lib\libHCCD.a(safefat.o)
 .text._s_cmd_writede
                0x20023390       0xd8 C:/ISIS/workspace/ycube/GlobusSatProject/..//hal/hcc/lib\libHCCD.a(safefat.o)
 .text._s_cmd_setcluster
                0x20023468       0x88 C:/ISIS/workspace/ycube/GlobusSatProject/..//hal/hcc/lib\libHCCD.a(safefat.o)
 .text._s_cmd_deletechain
                0x200234f0      0x100 C:/ISIS/workspace/ycube/GlobusSatProject/..//hal/hcc/lib\libHCCD.a(safefat.o)
 .text._s_cmd_validatecfn
                0x200235f0      0x308 C:/ISIS/workspace/ycube/GlobusSatProject/..//hal/hcc/lib\libHCCD.a(safefat.o)
 .text._s_cmd_seteof
                0x200238f8      0x3c4 C:/ISIS/workspace/ycube/GlobusSatProject/..//hal/hcc/lib\libHCCD.a(safefat.o)
 .text.safe_docommands
                0x20023cbc      0x56c C:/ISIS/workspace/ycube/GlobusSatProject/..//hal/hcc/lib\libHCCD.a(safefat.o)
                0x20023cbc                safe_docommands
 .text.safe_entercommand
                0x20024228       0x68 C:/ISIS/workspace/ycube/GlobusSatProject/..//hal/hcc/lib\libHCCD.a(safefat.o)
                0x20024228                safe_entercommand
 .text.safe_ready
                0x20024290       0xf4 C:/ISIS/workspace/ycube/GlobusSatProject/..//hal/hcc/lib\libHCCD.a(safefat.o)
                0x20024290                safe_ready
 .text.safe_copycfn
                0x20024384       0xb8 C:/ISIS/workspace/ycube/GlobusSatProject/..//hal/hcc/lib\libHCCD.a(safefat.o)
                0x20024384                safe_copycfn
 .text.safe_cfremove
                0x2002443c       0xb8 C:/ISIS/workspace/ycube/GlobusSatProject/..//hal/hcc/lib\libHCCD.a(safefat.o)
                0x2002443c                safe_cfremove
 .text.safe_writede
                0x200244f4      0x104 C:/ISIS/workspace/ycube/GlobusSatProject/..//hal/hcc/lib\libHCCD.a(safefat.o)
                0x200244f4                safe_writede
 .text.safe_setcluster
                0x200245f8       0xcc C:/ISIS/workspace/ycube/GlobusSatProject/..//hal/hcc/lib\libHCCD.a(safefat.o)
                0x200245f8                safe_setcluster
 .text.safe_deletechain
                0x200246c4      0x1c8 C:/ISIS/workspace/ycube/GlobusSatProject/..//hal/hcc/lib\libHCCD.a(safefat.o)
                0x200246c4                safe_deletechain
 .text.safe_cfclose
                0x2002488c      0x104 C:/ISIS/workspace/ycube/GlobusSatProject/..//hal/hcc/lib\libHCCD.a(safefat.o)
                0x2002488c                safe_cfclose
 .text.safe_cfflush
                0x20024990      0x124 C:/ISIS/workspace/ycube/GlobusSatProject/..//hal/hcc/lib\libHCCD.a(safefat.o)
                0x20024990                safe_cfflush
 .text.safe_reset
                0x20024ab4       0x78 C:/ISIS/workspace/ycube/GlobusSatProject/..//hal/hcc/lib\libHCCD.a(safefat.o)
                0x20024ab4                safe_reset
 .text.safe_loadcommands
                0x20024b2c       0x78 C:/ISIS/workspace/ycube/GlobusSatProject/..//hal/hcc/lib\libHCCD.a(safefat.o)
                0x20024b2c                safe_loadcommands
 .text.safe_poweron
                0x20024ba4      0x1fc C:/ISIS/workspace/ycube/GlobusSatProject/..//hal/hcc/lib\libHCCD.a(safefat.o)
                0x20024ba4                safe_poweron
 .text.cf_getname
                0x20024da0       0xc0 C:/ISIS/workspace/ycube/GlobusSatProject/..//hal/hcc/lib\libHCCD.a(safefat.o)
 .text.cf_copyclusterchain
                0x20024e60      0x138 C:/ISIS/workspace/ycube/GlobusSatProject/..//hal/hcc/lib\libHCCD.a(safefat.o)
 .text.cf_seektozero
                0x20024f98       0x94 C:/ISIS/workspace/ycube/GlobusSatProject/..//hal/hcc/lib\libHCCD.a(safefat.o)
                0x20024f98                cf_seektozero
 .text.cf_create
                0x2002502c      0x3a8 C:/ISIS/workspace/ycube/GlobusSatProject/..//hal/hcc/lib\libHCCD.a(safefat.o)
                0x2002502c                cf_create
 .text.cf_copyclustercontent
                0x200253d4      0x128 C:/ISIS/workspace/ycube/GlobusSatProject/..//hal/hcc/lib\libHCCD.a(safefat.o)
                0x200253d4                cf_copyclustercontent
 .text.cf_copycfn
                0x200254fc      0x4bc C:/ISIS/workspace/ycube/GlobusSatProject/..//hal/hcc/lib\libHCCD.a(safefat.o)
                0x200254fc                cf_copycfn
 .text.cf_remove
                0x200259b8      0x344 C:/ISIS/workspace/ycube/GlobusSatProject/..//hal/hcc/lib\libHCCD.a(safefat.o)
                0x200259b8                cf_remove
 .text.cf_setclusternew
                0x20025cfc       0xf0 C:/ISIS/workspace/ycube/GlobusSatProject/..//hal/hcc/lib\libHCCD.a(safefat.o)
                0x20025cfc                cf_setclusternew
 .text.cf_flush
                0x20025dec       0x58 C:/ISIS/workspace/ycube/GlobusSatProject/..//hal/hcc/lib\libHCCD.a(safefat.o)
                0x20025dec                cf_flush
 .text.cf_getcluster
                0x20025e44      0x1b4 C:/ISIS/workspace/ycube/GlobusSatProject/..//hal/hcc/lib\libHCCD.a(safefat.o)
                0x20025e44                cf_getcluster
 .text.cf_setnextcluster
                0x20025ff8      0x194 C:/ISIS/workspace/ycube/GlobusSatProject/..//hal/hcc/lib\libHCCD.a(safefat.o)
                0x20025ff8                cf_setnextcluster
 .text.cf_getpositions
                0x2002618c       0xbc C:/ISIS/workspace/ycube/GlobusSatProject/..//hal/hcc/lib\libHCCD.a(safefat.o)
                0x2002618c                cf_getpositions
 .text.cf_setpositions
                0x20026248       0xb0 C:/ISIS/workspace/ycube/GlobusSatProject/..//hal/hcc/lib\libHCCD.a(safefat.o)
                0x20026248                cf_setpositions
 .text.cf_opensyncafile
                0x200262f8      0x150 C:/ISIS/workspace/ycube/GlobusSatProject/..//hal/hcc/lib\libHCCD.a(safefat.o)
                0x200262f8                cf_opensyncafile
 .text.cf_reloadcfo
                0x20026448       0xd8 C:/ISIS/workspace/ycube/GlobusSatProject/..//hal/hcc/lib\libHCCD.a(safefat.o)
                0x20026448                cf_reloadcfo
 .text.mcipdc_cmd
                0x20026520      0x22c C:/ISIS/workspace/ycube/GlobusSatProject/..//hal/hcc/lib\libHCCD.a(atmel_mcipdc.o)
 .text.mcipdc_stop
                0x2002674c       0xfc C:/ISIS/workspace/ycube/GlobusSatProject/..//hal/hcc/lib\libHCCD.a(atmel_mcipdc.o)
                0x2002674c                mcipdc_stop
 .text.mcipdc_read
                0x20026848      0x27c C:/ISIS/workspace/ycube/GlobusSatProject/..//hal/hcc/lib\libHCCD.a(atmel_mcipdc.o)
 .text.mcipdc_write
                0x20026ac4      0x298 C:/ISIS/workspace/ycube/GlobusSatProject/..//hal/hcc/lib\libHCCD.a(atmel_mcipdc.o)
 .text.mcipdc_readsector
                0x20026d5c       0x9c C:/ISIS/workspace/ycube/GlobusSatProject/..//hal/hcc/lib\libHCCD.a(atmel_mcipdc.o)
                0x20026d5c                mcipdc_readsector
 .text.mcipdc_readmultiplesector
                0x20026df8      0x124 C:/ISIS/workspace/ycube/GlobusSatProject/..//hal/hcc/lib\libHCCD.a(atmel_mcipdc.o)
                0x20026df8                mcipdc_readmultiplesector
 .text.mcipdc_writesector
                0x20026f1c       0x90 C:/ISIS/workspace/ycube/GlobusSatProject/..//hal/hcc/lib\libHCCD.a(atmel_mcipdc.o)
                0x20026f1c                mcipdc_writesector
 .text.mcipdc_writemultiplesector
                0x20026fac      0x120 C:/ISIS/workspace/ycube/GlobusSatProject/..//hal/hcc/lib\libHCCD.a(atmel_mcipdc.o)
                0x20026fac                mcipdc_writemultiplesector
 .text.mcipdc_set_speed
                0x200270cc       0xb0 C:/ISIS/workspace/ycube/GlobusSatProject/..//hal/hcc/lib\libHCCD.a(atmel_mcipdc.o)
 .text.mcipdc_get_speed
                0x2002717c       0x48 C:/ISIS/workspace/ycube/GlobusSatProject/..//hal/hcc/lib\libHCCD.a(atmel_mcipdc.o)
 .text._get_csd_bits
                0x200271c4      0x14c C:/ISIS/workspace/ycube/GlobusSatProject/..//hal/hcc/lib\libHCCD.a(atmel_mcipdc.o)
 .text.mcipdc_initcard
                0x20027310      0x8f4 C:/ISIS/workspace/ycube/GlobusSatProject/..//hal/hcc/lib\libHCCD.a(atmel_mcipdc.o)
 .text.mcipdc_getstatus
                0x20027c04       0xe8 C:/ISIS/workspace/ycube/GlobusSatProject/..//hal/hcc/lib\libHCCD.a(atmel_mcipdc.o)
 .text.mcipdc_getphy
                0x20027cec       0x90 C:/ISIS/workspace/ycube/GlobusSatProject/..//hal/hcc/lib\libHCCD.a(atmel_mcipdc.o)
 .text.mcipdc_release
                0x20027d7c       0x50 C:/ISIS/workspace/ycube/GlobusSatProject/..//hal/hcc/lib\libHCCD.a(atmel_mcipdc.o)
 .text.atmel_mcipdc_initfunc
                0x20027dcc      0x160 C:/ISIS/workspace/ycube/GlobusSatProject/..//hal/hcc/lib\libHCCD.a(atmel_mcipdc.o)
                0x20027dcc                atmel_mcipdc_initfunc
 .text.oal_task_get_id
                0x20027f2c       0x18 C:/ISIS/workspace/ycube/GlobusSatProject/..//hal/hcc/lib\libHCCD.a(oalp_task.o)
                0x20027f2c                oal_task_get_id
 .text.oal_mutex_create
                0x20027f44       0x54 C:/ISIS/workspace/ycube/GlobusSatProject/..//hal/hcc/lib\libHCCD.a(oalp_mutex.o)
                0x20027f44                oal_mutex_create
 .text.oal_mutex_delete
                0x20027f98       0x30 C:/ISIS/workspace/ycube/GlobusSatProject/..//hal/hcc/lib\libHCCD.a(oalp_mutex.o)
                0x20027f98                oal_mutex_delete
 .text.oal_mutex_get
                0x20027fc8       0x58 C:/ISIS/workspace/ycube/GlobusSatProject/..//hal/hcc/lib\libHCCD.a(oalp_mutex.o)
                0x20027fc8                oal_mutex_get
 .text.oal_mutex_put
                0x20028020       0x58 C:/ISIS/workspace/ycube/GlobusSatProject/..//hal/hcc/lib\libHCCD.a(oalp_mutex.o)
                0x20028020                oal_mutex_put
 .text.mcipdc_hw_init
                0x20028078       0xe8 C:/ISIS/workspace/ycube/GlobusSatProject/..//hal/hcc/lib\libHCCD.a(atmel_mcipdc_hw.o)
                0x20028078                mcipdc_hw_init
 .text.mcipdc_hw_delete
                0x20028160       0x78 C:/ISIS/workspace/ycube/GlobusSatProject/..//hal/hcc/lib\libHCCD.a(atmel_mcipdc_hw.o)
                0x20028160                mcipdc_hw_delete
 .text.mcipdc_hw_card_plugged
                0x200281d8       0x1c C:/ISIS/workspace/ycube/GlobusSatProject/..//hal/hcc/lib\libHCCD.a(atmel_mcipdc_hw.o)
                0x200281d8                mcipdc_hw_card_plugged
 .text.mcipdc_hw_card_writeprotect
                0x200281f4       0x1c C:/ISIS/workspace/ycube/GlobusSatProject/..//hal/hcc/lib\libHCCD.a(atmel_mcipdc_hw.o)
                0x200281f4                mcipdc_hw_card_writeprotect
 .text.psp_getrand
                0x20028210      0x14c C:/ISIS/workspace/ycube/GlobusSatProject/..//hal/hcc/lib\libHCCD.a(psp_rand.o)
                0x20028210                psp_getrand
 .text.psp_getcurrenttimedate
                0x2002835c       0x8c C:/ISIS/workspace/ycube/GlobusSatProject/..//hal/hcc/lib\libHCCD.a(psp_rtc.o)
                0x2002835c                psp_getcurrenttimedate
 .text._hcc_get_buf_dsc
                0x200283e8       0x8c C:/ISIS/workspace/ycube/GlobusSatProject/..//hal/hcc/lib\libHCCD.a(hcc_mem.o)
 .text._hcc_check_free_pages
                0x20028474      0x18c C:/ISIS/workspace/ycube/GlobusSatProject/..//hal/hcc/lib\libHCCD.a(hcc_mem.o)
 .text._hcc_mark_pages
                0x20028600      0x158 C:/ISIS/workspace/ycube/GlobusSatProject/..//hal/hcc/lib\libHCCD.a(hcc_mem.o)
 .text._hcc_clear_lock_dsc
                0x20028758       0x80 C:/ISIS/workspace/ycube/GlobusSatProject/..//hal/hcc/lib\libHCCD.a(hcc_mem.o)
 .text._hcc_lock_access
                0x200287d8      0x128 C:/ISIS/workspace/ycube/GlobusSatProject/..//hal/hcc/lib\libHCCD.a(hcc_mem.o)
 .text._hcc_unlock_access
                0x20028900       0x30 C:/ISIS/workspace/ycube/GlobusSatProject/..//hal/hcc/lib\libHCCD.a(hcc_mem.o)
 .text.hcc_mem_alloc
                0x20028930      0x454 C:/ISIS/workspace/ycube/GlobusSatProject/..//hal/hcc/lib\libHCCD.a(hcc_mem.o)
                0x20028930                hcc_mem_alloc
 .text.hcc_mem_free
                0x20028d84      0x178 C:/ISIS/workspace/ycube/GlobusSatProject/..//hal/hcc/lib\libHCCD.a(hcc_mem.o)
                0x20028d84                hcc_mem_free
 .text.hcc_mem_add
                0x20028efc      0x3b0 C:/ISIS/workspace/ycube/GlobusSatProject/..//hal/hcc/lib\libHCCD.a(hcc_mem.o)
                0x20028efc                hcc_mem_add
 .text.hcc_mem_init
                0x200292ac      0x164 C:/ISIS/workspace/ycube/GlobusSatProject/..//hal/hcc/lib\libHCCD.a(hcc_mem.o)
                0x200292ac                hcc_mem_init
 .text.hcc_mem_delete
                0x20029410       0x94 C:/ISIS/workspace/ycube/GlobusSatProject/..//hal/hcc/lib\libHCCD.a(hcc_mem.o)
                0x20029410                hcc_mem_delete
 .text.hcc_mem_buf_alloc
                0x200294a4       0xe4 C:/ISIS/workspace/ycube/GlobusSatProject/..//hal/hcc/lib\libHCCD.a(psp_hcc_mem.o)
                0x200294a4                hcc_mem_buf_alloc
 .text.hcc_mem_buf_free
                0x20029588       0x6c C:/ISIS/workspace/ycube/GlobusSatProject/..//hal/hcc/lib\libHCCD.a(psp_hcc_mem.o)
                0x20029588                hcc_mem_buf_free
 .text.IsisSolarPanelv2_initialize
                0x200295f4      0x118 C:/ISIS/workspace/ycube/GlobusSatProject/..//satellite-subsystems/satellite-subsystems/lib\libSatelliteSubsystemsD.a(IsisSolarPanelv2.o)
                0x200295f4                IsisSolarPanelv2_initialize
 .text.IsisSolarPanelv2_getTemperature
                0x2002970c       0xfc C:/ISIS/workspace/ycube/GlobusSatProject/..//satellite-subsystems/satellite-subsystems/lib\libSatelliteSubsystemsD.a(IsisSolarPanelv2.o)
                0x2002970c                IsisSolarPanelv2_getTemperature
 .text._Reset   0x20029808       0x20 C:/ISIS/workspace/ycube/GlobusSatProject/..//satellite-subsystems/satellite-subsystems/lib\libSatelliteSubsystemsD.a(IsisSolarPanelv2.o)
 .text._WaitForStartup
                0x20029828       0xa0 C:/ISIS/workspace/ycube/GlobusSatProject/..//satellite-subsystems/satellite-subsystems/lib\libSatelliteSubsystemsD.a(IsisSolarPanelv2.o)
 .text._AssignAllChannels
                0x200298c8       0x90 C:/ISIS/workspace/ycube/GlobusSatProject/..//satellite-subsystems/satellite-subsystems/lib\libSatelliteSubsystemsD.a(IsisSolarPanelv2.o)
 .text._AssignThisChannel
                0x20029958       0xe8 C:/ISIS/workspace/ycube/GlobusSatProject/..//satellite-subsystems/satellite-subsystems/lib\libSatelliteSubsystemsD.a(IsisSolarPanelv2.o)
 .text._InitiateConversion
                0x20029a40       0xac C:/ISIS/workspace/ycube/GlobusSatProject/..//satellite-subsystems/satellite-subsystems/lib\libSatelliteSubsystemsD.a(IsisSolarPanelv2.o)
 .text._WaitForConversionComplete
                0x20029aec      0x110 C:/ISIS/workspace/ycube/GlobusSatProject/..//satellite-subsystems/satellite-subsystems/lib\libSatelliteSubsystemsD.a(IsisSolarPanelv2.o)
 .text._ReadResult
                0x20029bfc      0x158 C:/ISIS/workspace/ycube/GlobusSatProject/..//satellite-subsystems/satellite-subsystems/lib\libSatelliteSubsystemsD.a(IsisSolarPanelv2.o)
 .text._ExtractByte
                0x20029d54       0x38 C:/ISIS/workspace/ycube/GlobusSatProject/..//satellite-subsystems/satellite-subsystems/lib\libSatelliteSubsystemsD.a(IsisSolarPanelv2.o)
 .text._ExtendSign
                0x20029d8c       0x6c C:/ISIS/workspace/ycube/GlobusSatProject/..//satellite-subsystems/satellite-subsystems/lib\libSatelliteSubsystemsD.a(IsisSolarPanelv2.o)
 .text._PinsInit
                0x20029df8       0x68 C:/ISIS/workspace/ycube/GlobusSatProject/..//satellite-subsystems/satellite-subsystems/lib\libSatelliteSubsystemsD.a(IsisSolarPanelv2.o)
 .text._SpiWriteRead
                0x20029e60       0x70 C:/ISIS/workspace/ycube/GlobusSatProject/..//satellite-subsystems/satellite-subsystems/lib\libSatelliteSubsystemsD.a(IsisSolarPanelv2.o)
 .text.ISIS_ANTS_REV2_Init
                0x20029ed0       0xc4 C:/ISIS/workspace/ycube/GlobusSatProject/..//satellite-subsystems/satellite-subsystems/lib\libSatelliteSubsystemsD.a(isis_ants_rev2.o)
                0x20029ed0                ISIS_ANTS_REV2_Init
 .text.isis_ants_rev2__arm
                0x20029f94       0x98 C:/ISIS/workspace/ycube/GlobusSatProject/..//satellite-subsystems/satellite-subsystems/lib\libSatelliteSubsystemsD.a(isis_ants_rev2.o)
                0x20029f94                isis_ants_rev2__arm
 .text.isis_ants_rev2__cancel_deploy
                0x2002a02c       0x98 C:/ISIS/workspace/ycube/GlobusSatProject/..//satellite-subsystems/satellite-subsystems/lib\libSatelliteSubsystemsD.a(isis_ants_rev2.o)
                0x2002a02c                isis_ants_rev2__cancel_deploy
 .text.isis_ants_rev2__disarm
                0x2002a0c4       0x98 C:/ISIS/workspace/ycube/GlobusSatProject/..//satellite-subsystems/satellite-subsystems/lib\libSatelliteSubsystemsD.a(isis_ants_rev2.o)
                0x2002a0c4                isis_ants_rev2__disarm
 .text.isis_ants_rev2__get_status
                0x2002a15c       0xa8 C:/ISIS/workspace/ycube/GlobusSatProject/..//satellite-subsystems/satellite-subsystems/lib\libSatelliteSubsystemsD.a(isis_ants_rev2.o)
                0x2002a15c                isis_ants_rev2__get_status
 .text.isis_ants_rev2__get_uptime
                0x2002a204       0xa8 C:/ISIS/workspace/ycube/GlobusSatProject/..//satellite-subsystems/satellite-subsystems/lib\libSatelliteSubsystemsD.a(isis_ants_rev2.o)
                0x2002a204                isis_ants_rev2__get_uptime
 .text.isis_ants_rev2__reset
                0x2002a2ac       0x98 C:/ISIS/workspace/ycube/GlobusSatProject/..//satellite-subsystems/satellite-subsystems/lib\libSatelliteSubsystemsD.a(isis_ants_rev2.o)
                0x2002a2ac                isis_ants_rev2__reset
 .text.isis_ants_rev2__start_auto_deploy
                0x2002a344       0xb0 C:/ISIS/workspace/ycube/GlobusSatProject/..//satellite-subsystems/satellite-subsystems/lib\libSatelliteSubsystemsD.a(isis_ants_rev2.o)
                0x2002a344                isis_ants_rev2__start_auto_deploy
 .text._ISIS_ANTS_REV2_I2C_Send
                0x2002a3f4       0x8c C:/ISIS/workspace/ycube/GlobusSatProject/..//satellite-subsystems/satellite-subsystems/lib\libSatelliteSubsystemsD.a(isis_ants_rev2.o)
 .text.ISIS_VU_E_Init