Archive member included because of file (symbol)

C:/ISIS/workspace/ycube/GlobusSatProject/..//hal/hal/lib\libHALD.a(SPI.o)
                              ./src/InitSystem.o (SPI_start)
C:/ISIS/workspace/ycube/GlobusSatProject/..//hal/hal/lib\libHALD.a(I2C.o)
                              ./src/SubSystemModules/Communication/SubsystemCommands/Maintanence_Commands.o (I2C_write)
C:/ISIS/workspace/ycube/GlobusSatProject/..//hal/hal/lib\libHALD.a(ADC.o)
                              ./src/SubSystemModules/Housekepping/TelemetryCollector.o (ADC_ConvertRaw10bitToMillivolt)
C:/ISIS/workspace/ycube/GlobusSatProject/..//hal/hal/lib\libHALD.a(FRAM.o)
                              ./src/SubSystemModules/Communication/SubsystemCommands/Maintanence_Commands.o (FRAM_start)
C:/ISIS/workspace/ycube/GlobusSatProject/..//hal/hal/lib\libHALD.a(Time.o)
                              ./src/InitSystem.o (Time_start)
C:/ISIS/workspace/ycube/GlobusSatProject/..//hal/hal/lib\libHALD.a(WatchDogTimerNoOS.o)
                              ./src/main.o (WDT_start)
C:/ISIS/workspace/ycube/GlobusSatProject/..//hal/hal/lib\libHALD.a(RTT.o)
                              C:/ISIS/workspace/ycube/GlobusSatProject/..//hal/hal/lib\libHALD.a(Time.o) (RTT_start)
C:/ISIS/workspace/ycube/GlobusSatProject/..//hal/hal/lib\libHALD.a(RTC.o)
                              C:/ISIS/workspace/ycube/GlobusSatProject/..//hal/hal/lib\libHALD.a(Time.o) (RTC_getTime)
C:/ISIS/workspace/ycube/GlobusSatProject/..//hal/hal/lib\libHALD.a(WatchDogTimerOS.o)
                              ./src/TestingDemos/MainTest.o (WDT_startWatchdogKickTask)
C:/ISIS/workspace/ycube/GlobusSatProject/..//hal/hal/lib\libHALD.a(fprintf.o)
                              ./src/TLM_management.o (f_puts)
C:/ISIS/workspace/ycube/GlobusSatProject/..//hal/hal/lib\libHALD.a(util.o)
                              ./src/TestingDemos/EpsTestingDemo.o (UTIL_DbguGetInteger)
C:/ISIS/workspace/ycube/GlobusSatProject/..//hal/hal/lib\libHALD.a(LED.o)
                              C:/ISIS/workspace/ycube/GlobusSatProject/..//hal/hal/lib\libHALD.a(WatchDogTimerOS.o) (LED_toggle)
C:/ISIS/workspace/ycube/GlobusSatProject/..//hal/hcc/lib\libHCCD.a(fat_m.o)
                              ./src/TLM_management.o (fm_initvolume)
C:/ISIS/workspace/ycube/GlobusSatProject/..//hal/hcc/lib\libHCCD.a(fat.o)
                              C:/ISIS/workspace/ycube/GlobusSatProject/..//hal/hcc/lib\libHCCD.a(fat_m.o) (fn_getdcwd)
C:/ISIS/workspace/ycube/GlobusSatProject/..//hal/hcc/lib\libHCCD.a(fat_common.o)
                              C:/ISIS/workspace/ycube/GlobusSatProject/..//hal/hcc/lib\libHCCD.a(fat.o) (p_filesystem)
C:/ISIS/workspace/ycube/GlobusSatProject/..//hal/hcc/lib\libHCCD.a(safefat.o)
                              C:/ISIS/workspace/ycube/GlobusSatProject/..//hal/hcc/lib\libHCCD.a(fat.o) (s_subdir)
C:/ISIS/workspace/ycube/GlobusSatProject/..//hal/hcc/lib\libHCCD.a(atmel_mcipdc.o)
                              ./src/TLM_management.o (atmel_mcipdc_initfunc)
C:/ISIS/workspace/ycube/GlobusSatProject/..//hal/hcc/lib\libHCCD.a(oalp_task.o)
                              C:/ISIS/workspace/ycube/GlobusSatProject/..//hal/hcc/lib\libHCCD.a(fat_common.o) (oal_task_get_id)
C:/ISIS/workspace/ycube/GlobusSatProject/..//hal/hcc/lib\libHCCD.a(oalp_mutex.o)
                              C:/ISIS/workspace/ycube/GlobusSatProject/..//hal/hcc/lib\libHCCD.a(fat_common.o) (oal_mutex_create)
C:/ISIS/workspace/ycube/GlobusSatProject/..//hal/hcc/lib\libHCCD.a(atmel_mcipdc_hw.o)
                              C:/ISIS/workspace/ycube/GlobusSatProject/..//hal/hcc/lib\libHCCD.a(atmel_mcipdc.o) (mcipdc_hw_init)
C:/ISIS/workspace/ycube/GlobusSatProject/..//hal/hcc/lib\libHCCD.a(psp_rand.o)
                              C:/ISIS/workspace/ycube/GlobusSatProject/..//hal/hcc/lib\libHCCD.a(fat_common.o) (psp_getrand)
C:/ISIS/workspace/ycube/GlobusSatProject/..//hal/hcc/lib\libHCCD.a(psp_rtc.o)
                              C:/ISIS/workspace/ycube/GlobusSatProject/..//hal/hcc/lib\libHCCD.a(fat_common.o) (psp_getcurrenttimedate)
C:/ISIS/workspace/ycube/GlobusSatProject/..//hal/hcc/lib\libHCCD.a(hcc_mem.o)
                              C:/ISIS/workspace/ycube/GlobusSatProject/..//hal/hcc/lib\libHCCD.a(atmel_mcipdc.o) (hcc_mem_alloc)
C:/ISIS/workspace/ycube/GlobusSatProject/..//hal/hcc/lib\libHCCD.a(psp_hcc_mem.o)
                              C:/ISIS/workspace/ycube/GlobusSatProject/..//hal/hcc/lib\libHCCD.a(hcc_mem.o) (hcc_mem_buf_alloc)
C:/ISIS/workspace/ycube/GlobusSatProject/..//satellite-subsystems/satellite-subsystems/lib\libSatelliteSubsystemsD.a(IsisAntS.o)
                              ./src/SubSystemModules/Communication/TRXVU.o (IsisAntS_initialize)
C:/ISIS/workspace/ycube/GlobusSatProject/..//satellite-subsystems/satellite-subsystems/lib\libSatelliteSubsystemsD.a(IsisTRXVU.o)
                              ./src/TestingDemos/TrxvuTestingDemo.o (IsisTrxvu_initialize)
[...]
Memory Configuration

Name             Origin             Length             Attributes
sram0            0x00200000         0x00004000         w !xr
sram1            0x00300000         0x00004000         w !xr
sdram            0x20000000         0x02000000         w !xr
*default*        0x00000000         0xffffffff

Linker script and memory map

LOAD c:/isis/application/toolchain/bin/../lib/gcc/arm-none-eabi/4.7.4/../../../../arm-none-eabi/lib\libc.a
LOAD ./src/TestingDemos/CommandsTestingDemo.o
LOAD ./src/TestingDemos/EpsTestingDemo.o
LOAD ./src/TestingDemos/FileSystemTestingDemo.o
LOAD ./src/TestingDemos/MainTest.o
LOAD ./src/TestingDemos/MaintenanceTestingDemo.o
LOAD ./src/TestingDemos/TelemetryTestingDemo.o
LOAD ./src/TestingDemos/TrxvuTestingDemo.o
LOAD ./src/TestingDemos/tlmSavingExample.o
LOAD ./src/SubSystemModules/PowerManagment/EPS.o
LOAD ./src/SubSystemModules/PowerManagment/EPSOperationModes.o
LOAD ./src/SubSystemModules/Maintenance/Maintenance.o
LOAD ./src/SubSystemModules/Housekepping/TelemetryCollector.o
LOAD ./src/SubSystemModules/Housekepping/TelemetrySaving.o
LOAD ./src/SubSystemModules/Communication/SubsystemCommands/EPS_Commands.o
LOAD ./src/SubSystemModules/Communication/SubsystemCommands/FS_Commands.o
LOAD ./src/SubSystemModules/Communication/SubsystemCommands/Maintanence_Commands.o
LOAD ./src/SubSystemModules/Communication/SubsystemCommands/TRXVU_Commands.o
LOAD ./src/SubSystemModules/Communication/AckHandler.o
LOAD ./src/SubSystemModules/Communication/CommandDictionary.o
LOAD ./src/SubSystemModules/Communication/SatCommandHandler.o
LOAD ./src/SubSystemModules/Communication/TRXVU.o
LOAD ./src/InitSystem.o
LOAD ./src/TLM_management.o
LOAD ./src/main.o
LOAD ./src/utils.o
LOAD C:/ISIS/workspace/ycube/GlobusSatProject/..//hal/hal/lib\libHALD.a
LOAD C:/ISIS/workspace/ycube/GlobusSatProject/..//hal/hcc/lib\libHCCD.a
LOAD C:/ISIS/workspace/ycube/GlobusSatProject/..//satellite-subsystems/satellite-subsystems/lib\libSatelliteSubsystemsD.a
LOAD C:/ISIS/workspace/ycube/GlobusSatProject/..//hal/freertos/lib\libFreeRTOSD.a
LOAD C:/ISIS/workspace/ycube/GlobusSatProject/..//hal/at91/lib\libAt91D.a
START GROUP
LOAD c:/isis/application/toolchain/bin/../lib/gcc/arm-none-eabi/4.7.4\libgcc.a
LOAD c:/isis/application/toolchain/bin/../lib/gcc/arm-none-eabi/4.7.4/../../../../arm-none-eabi/lib\libg.a
LOAD c:/isis/application/toolchain/bin/../lib/gcc/arm-none-eabi/4.7.4/../../../../arm-none-eabi/lib\libc.a
END GROUP

.fixed          0x20000000    0x47cdc
                0x20000000                . = ALIGN (0x4)
                0x20000000                _sfixed = .
 *(.startup)
 .startup       0x20000000      0x184 C:/ISIS/workspace/ycube/GlobusSatProject/..//hal/at91/lib\libAt91D.a(board_cstartup.o)
                0x20000000                entry
 *(.text)
 .text          0x20000184       0x64 C:/ISIS/workspace/ycube/GlobusSatProject/..//hal/at91/lib\libAt91D.a(cp15_asm.o)
                0x20000184                _readControlRegister
                0x20000190                _writeControlRegister
                0x20000198                _waitForInterrupt
                0x200001a4                _writeTTB
                0x200001ac                _writeDomain
                0x200001b4                _writeITLBLockdown
                0x200001bc                _prefetchICacheLine
                0x200001c4                _flushDCache
                0x200001d0                _flushWriteBuffer
                0x200001dc                _invalidateIDTLBs
 .text          0x200001e8      0x114 c:/isis/application/toolchain/bin/../lib/gcc/arm-none-eabi/4.7.4\libgcc.a(_udivsi3.o)
                0x200001e8                __aeabi_uidiv
                0x200001e8                __udivsi3
                0x200002dc                __aeabi_uidivmod
 .text          0x200002fc      0x148 c:/isis/application/toolchain/bin/../lib/gcc/arm-none-eabi/4.7.4\libgcc.a(_divsi3.o)
                0x200002fc                __divsi3
                0x200002fc                __aeabi_idiv
                0x20000424                __aeabi_idivmod
 .text          0x20000444        0x4 c:/isis/application/toolchain/bin/../lib/gcc/arm-none-eabi/4.7.4\libgcc.a(_dvmd_tls.o)
                0x20000444                __aeabi_idiv0
                0x20000444                __aeabi_ldiv0
 .text          0x20000448      0x41c c:/isis/application/toolchain/bin/../lib/gcc/arm-none-eabi/4.7.4\libgcc.a(_arm_addsubdf3.o)
                0x20000448                __aeabi_drsub
                0x20000450                __aeabi_dsub
                0x20000450                __subdf3
                0x20000454                __aeabi_dadd
                0x20000454                __adddf3
                0x20000764                __floatunsidf
                0x20000764                __aeabi_ui2d
                0x20000788                __floatsidf
                0x20000788                __aeabi_i2d
                0x200007b0                __aeabi_f2d
                0x200007b0                __extendsfdf2
                0x200007f0                __floatundidf
                0x200007f0                __aeabi_ul2d
                0x20000804                __floatdidf
                0x20000804                __aeabi_l2d
 .text          0x20000864      0x49c c:/isis/application/toolchain/bin/../lib/gcc/arm-none-eabi/4.7.4\libgcc.a(_arm_muldivdf3.o)
                0x20000864                __aeabi_dmul
                0x20000864                __muldf3
                0x20000af4                __divdf3
                0x20000af4                __aeabi_ddiv
 .text          0x20000d00       0xa0 c:/isis/application/toolchain/bin/../lib/gcc/arm-none-eabi/4.7.4\libgcc.a(_arm_truncdfsf2.o)
                0x20000d00                __truncdfsf2
                0x20000d00                __aeabi_d2f
 .text          0x20000da0      0x2ac c:/isis/application/toolchain/bin/../lib/gcc/arm-none-eabi/4.7.4\libgcc.a(_arm_addsubsf3.o)
                0x20000da0                __aeabi_frsub
                0x20000da8                __subsf3
                0x20000da8                __aeabi_fsub
                0x20000dac                __aeabi_fadd
                0x20000dac                __addsf3
                0x20000f68                __aeabi_ui2f
                0x20000f68                __floatunsisf
                0x20000f70                __aeabi_i2f
                0x20000f70                __floatsisf
                0x20000f90                __aeabi_ul2f
                0x20000f90                __floatundisf
                0x20000fa0                __aeabi_l2f
                0x20000fa0                __floatdisf
 .text          0x2000104c      0x2f8 c:/isis/application/toolchain/bin/../lib/gcc/arm-none-eabi/4.7.4\libgcc.a(_arm_muldivsf3.o)
                0x2000104c                __mulsf3
                0x2000104c                __aeabi_fmul
                0x200011e4                __aeabi_fdiv
                0x200011e4                __divsf3
 .text          0x20001344      0x114 c:/isis/application/toolchain/bin/../lib/gcc/arm-none-eabi/4.7.4\libgcc.a(_arm_cmpsf2.o)
                0x20001344                __gesf2
                0x20001344                __gtsf2
                0x2000134c                __lesf2
                0x2000134c                __ltsf2
                0x20001354                __nesf2
                0x20001354                __eqsf2
                0x20001354                __cmpsf2
                0x200013b8                __aeabi_cfrcmple
                0x200013c8                __aeabi_cfcmpeq
                0x200013c8                __aeabi_cfcmple
                0x200013e0                __aeabi_fcmpeq
                0x200013f8                __aeabi_fcmplt
                0x20001410                __aeabi_fcmple
                0x20001428                __aeabi_fcmpge
                0x20001440                __aeabi_fcmpgt
 .text          0x20001458       0x54 c:/isis/application/toolchain/bin/../lib/gcc/arm-none-eabi/4.7.4\libgcc.a(_arm_fixunssfsi.o)
                0x20001458                __fixunssfsi
                0x20001458                __aeabi_f2uiz
 .text          0x200014ac      0x144 c:/isis/application/toolchain/bin/../lib/gcc/arm-none-eabi/4.7.4\libgcc.a(_arm_cmpdf2.o)
                0x200014ac                __gtdf2
                0x200014ac                __gedf2
                0x200014b4                __ltdf2
                0x200014b4                __ledf2
                0x200014bc                __nedf2
                0x200014bc                __eqdf2
                0x200014bc                __cmpdf2
                0x20001544                __aeabi_cdrcmple
                0x20001560                __aeabi_cdcmpeq
                0x20001560                __aeabi_cdcmple
                0x20001578                __aeabi_dcmpeq
                0x20001590                __aeabi_dcmplt
                0x200015a8                __aeabi_dcmple
                0x200015c0                __aeabi_dcmpge
                0x200015d8                __aeabi_dcmpgt
 .text          0x200015f0       0x5c c:/isis/application/toolchain/bin/../lib/gcc/arm-none-eabi/4.7.4\libgcc.a(_arm_fixdfsi.o)
                0x200015f0                __aeabi_d2iz
                0x200015f0                __fixdfsi
 .text          0x2000164c       0x54 c:/isis/application/toolchain/bin/../lib/gcc/arm-none-eabi/4.7.4\libgcc.a(_arm_fixunsdfsi.o)
                0x2000164c                __aeabi_d2uiz
                0x2000164c                __fixunsdfsi
 .text          0x200016a0       0x3c c:/isis/application/toolchain/bin/../lib/gcc/arm-none-eabi/4.7.4\libgcc.a(_aeabi_uldivmod.o)
                0x200016a0                __aeabi_uldivmod
 .text          0x200016dc       0x84 c:/isis/application/toolchain/bin/../lib/gcc/arm-none-eabi/4.7.4\libgcc.a(bpabi.o)
                0x200016dc                __gnu_ldivmod_helper
                0x20001720                __gnu_uldivmod_helper
 .text          0x20001760      0x4f0 c:/isis/application/toolchain/bin/../lib/gcc/arm-none-eabi/4.7.4\libgcc.a(_divdi3.o)
                0x20001760                __divdi3
 .text          0x20001c50      0x488 c:/isis/application/toolchain/bin/../lib/gcc/arm-none-eabi/4.7.4\libgcc.a(_udivdi3.o)
                0x20001c50                __udivdi3
 .text          0x200020d8       0x48 c:/isis/application/toolchain/bin/../lib/gcc/arm-none-eabi/4.7.4\libgcc.a(_clzsi2.o)
                0x200020d8                __clzsi2
 *(.text*)
 .text.TestActUponCommand
                0x20002120      0x114 ./src/TestingDemos/CommandsTestingDemo.o
                0x20002120                TestActUponCommand
 .text.TestAssmbleCommand
                0x20002234      0x134 ./src/TestingDemos/CommandsTestingDemo.o
                0x20002234                TestAssmbleCommand
 .text.TestGetDelayedCommand
                0x20002368       0xa0 ./src/TestingDemos/CommandsTestingDemo.o
                0x20002368                TestGetDelayedCommand
 .text.TestAddDelayedCommand
                0x20002408       0xbc ./src/TestingDemos/CommandsTestingDemo.o
                0x20002408                TestAddDelayedCommand
 .text.TestGetDelayedCommandBufferCount
                0x200024c4       0x54 ./src/TestingDemos/CommandsTestingDemo.o
                0x200024c4                TestGetDelayedCommandBufferCount
 .text.TestGetOnlineCommand
                0x20002518       0xc8 ./src/TestingDemos/CommandsTestingDemo.o
                0x20002518                TestGetOnlineCommand
 .text.TestDeleteDelayedCommandByIndex
                0x200025e0      0x1c0 ./src/TestingDemos/CommandsTestingDemo.o
                0x200025e0                TestDeleteDelayedCommandByIndex
 .text.TestDeleteDelayedBuffer
                0x200027a0      0x140 ./src/TestingDemos/CommandsTestingDemo.o
                0x200027a0                TestDeleteDelayedBuffer
 .text.selectAndExecuteCommandsDemoTest
                0x200028e0      0x174 ./src/TestingDemos/CommandsTestingDemo.o
                0x200028e0                selectAndExecuteCommandsDemoTest
 .text.MainCommandsTestBench
                0x20002a54       0x44 ./src/TestingDemos/CommandsTestingDemo.o
                0x20002a54                MainCommandsTestBench
 .text.TestEpsConditioning
                0x20002a98      0x1e8 ./src/TestingDemos/EpsTestingDemo.o
                0x20002a98                TestEpsConditioning
 .text.TestGetBatteryVoltage
                0x20002c80       0x64 ./src/TestingDemos/EpsTestingDemo.o
                0x20002c80                TestGetBatteryVoltage
 .text.TestUpdateThreshVoltages
                0x20002ce4      0x170 ./src/TestingDemos/EpsTestingDemo.o
                0x20002ce4                TestUpdateThreshVoltages
 .text.TestGetThreshVoltages
                0x20002e54       0xb0 ./src/TestingDemos/EpsTestingDemo.o
                0x20002e54                TestGetThreshVoltages
 .text.TestUpdateAlpha
                0x20002f04       0xc0 ./src/TestingDemos/EpsTestingDemo.o
                0x20002f04                TestUpdateAlpha
 .text.TestGetAlpha
                0x20002fc4       0x78 ./src/TestingDemos/EpsTestingDemo.o
                0x20002fc4                TestGetAlpha
 .text.TestRestoreDefaultAlpha
                0x2000303c       0xf4 ./src/TestingDemos/EpsTestingDemo.o
                0x2000303c                TestRestoreDefaultAlpha
 .text.TestRestoreDefaultThresholdVoltages
                0x20003130      0x154 ./src/TestingDemos/EpsTestingDemo.o
                0x20003130                TestRestoreDefaultThresholdVoltages
 .text.GetHeaterValues
                0x20003284       0xb0 ./src/TestingDemos/EpsTestingDemo.o
                0x20003284                GetHeaterValues
 .text.SetHeaterValues
                0x20003334      0x104 ./src/TestingDemos/EpsTestingDemo.o
                0x20003334                SetHeaterValues
 .text.selectAndExecuteEpsDemoTest
                0x20003438      0x1b0 ./src/TestingDemos/EpsTestingDemo.o
                0x20003438                selectAndExecuteEpsDemoTest
 .text.MainEpsTestBench
                0x200035e8       0x40 ./src/TestingDemos/EpsTestingDemo.o
                0x200035e8                MainEpsTestBench
 .text.TestListFiles
                0x20003628      0x198 ./src/TestingDemos/FileSystemTestingDemo.o
                0x20003628                TestListFiles
 .text.TestListAllFiles
                0x200037c0      0x134 ./src/TestingDemos/FileSystemTestingDemo.o
                0x200037c0                TestListAllFiles
 .text.TestLOGTLM
                0x200038f4      0x110 ./src/TestingDemos/FileSystemTestingDemo.o
                0x200038f4                TestLOGTLM
 .text.TestEPSTLM
                0x20003a04       0xa8 ./src/TestingDemos/FileSystemTestingDemo.o
                0x20003a04                TestEPSTLM
 .text.TestReadTimeRangeTLMRes
                0x20003aac      0x210 ./src/TestingDemos/FileSystemTestingDemo.o
                0x20003aac                TestReadTimeRangeTLMRes
 .text.TestReadTimeRangeTLM
                0x20003cbc      0x178 ./src/TestingDemos/FileSystemTestingDemo.o
                0x20003cbc                TestReadTimeRangeTLM
 .text.GenerateWODTLM
                0x20003e34       0xd0 ./src/TestingDemos/FileSystemTestingDemo.o
                0x20003e34                GenerateWODTLM
 .text.DeleteOldFiles
                0x20003f04      0x148 ./src/TestingDemos/FileSystemTestingDemo.o
                0x20003f04                DeleteOldFiles
 .text.createSingleDayTLM
                0x2000404c       0xa8 ./src/TestingDemos/FileSystemTestingDemo.o
                0x2000404c                createSingleDayTLM
 .text.printLastError
                0x200040f4       0x38 ./src/TestingDemos/FileSystemTestingDemo.o
                0x200040f4                printLastError
 .text.copyTLMFile
                0x2000412c      0x2cc ./src/TestingDemos/FileSystemTestingDemo.o
                0x2000412c                copyTLMFile
 .text.TestWODTLM
                0x200043f8       0xa8 ./src/TestingDemos/FileSystemTestingDemo.o
                0x200043f8                TestWODTLM
 .text.TestDeleteFiels
                0x200044a0      0x2b8 ./src/TestingDemos/FileSystemTestingDemo.o
                0x200044a0                TestDeleteFiels
 .text.TestReadMultiFiels
                0x20004758      0x2ac ./src/TestingDemos/FileSystemTestingDemo.o
                0x20004758                TestReadMultiFiels
 .text.TestTRXVUTLM
                0x20004a04      0x11c ./src/TestingDemos/FileSystemTestingDemo.o
                0x20004a04                TestTRXVUTLM
 .text.FullSDTest
                0x20004b20      0x174 ./src/TestingDemos/FileSystemTestingDemo.o
                0x20004b20                FullSDTest
 .text.LogErrorRateTest
                0x20004c94      0x148 ./src/TestingDemos/FileSystemTestingDemo.o
                0x20004c94                LogErrorRateTest
 .text.deleteMonth
                0x20004ddc       0x78 ./src/TestingDemos/FileSystemTestingDemo.o
                0x20004ddc                deleteMonth
 .text.deleteYear
                0x20004e54       0xb0 ./src/TestingDemos/FileSystemTestingDemo.o
                0x20004e54                deleteYear
 .text.readFileTest
                0x20004f04       0x88 ./src/TestingDemos/FileSystemTestingDemo.o
                0x20004f04                readFileTest
 .text.writeFileOnScreen
                0x20004f8c       0xcc ./src/TestingDemos/FileSystemTestingDemo.o
                0x20004f8c                writeFileOnScreen
 .text.GetExtraData
                0x20005058       0x4c ./src/TestingDemos/FileSystemTestingDemo.o
                0x20005058                GetExtraData
 .text.showFreeSapce
                0x200050a4      0x110 ./src/TestingDemos/FileSystemTestingDemo.o
                0x200050a4                showFreeSapce
 .text.SwitchSDCardTest
                0x200051b4       0x98 ./src/TestingDemos/FileSystemTestingDemo.o
                0x200051b4                SwitchSDCardTest
 .text.selectAndExecuteFSTest
                0x2000524c      0x2d8 ./src/TestingDemos/FileSystemTestingDemo.o
                0x2000524c                selectAndExecuteFSTest
 .text.MainFileSystemTestBench
                0x20005524       0x44 ./src/TestingDemos/FileSystemTestingDemo.o
                0x20005524                MainFileSystemTestBench
 .text.selectAndExecuteTest
                0x20005568      0x168 ./src/TestingDemos/MainTest.o
                0x20005568                selectAndExecuteTest
 .text.taskTesting
                0x200056d0       0x28 ./src/TestingDemos/MainTest.o
                0x200056d0                taskTesting
 .text.printSDINfo
                0x200056f8       0x84 ./src/TestingDemos/MaintenanceTestingDemo.o
                0x200056f8                printSDINfo
 .text.changeFirstActivation
                0x2000577c       0x84 ./src/TestingDemos/MaintenanceTestingDemo.o
                0x2000577c                changeFirstActivation
 .text.selectAndExecuteMaintenanceDemoTest
                0x20005800      0x19c ./src/TestingDemos/MaintenanceTestingDemo.o
                0x20005800                selectAndExecuteMaintenanceDemoTest
 .text.MainMaintenanceTestBench
                0x2000599c       0x40 ./src/TestingDemos/MaintenanceTestingDemo.o
                0x2000599c                MainMaintenanceTestBench
 .text.MainTelemetryTestBench
                0x200059dc       0x1c ./src/TestingDemos/TelemetryTestingDemo.o
                0x200059dc                MainTelemetryTestBench
 .text.TestInitTrxvu
                0x200059f8       0x54 ./src/TestingDemos/TrxvuTestingDemo.o
                0x200059f8                TestInitTrxvu
 .text.TestInitTrxvuWithDifferentFrameLengths
                0x20005a4c      0x134 ./src/TestingDemos/TrxvuTestingDemo.o
                0x20005a4c                TestInitTrxvuWithDifferentFrameLengths
 .text.TestTrxvuLogic
                0x20005b80       0xd4 ./src/TestingDemos/TrxvuTestingDemo.o
                0x20005b80                TestTrxvuLogic
 .text.TestCheckTransmitionAllowed
                0x20005c54       0xa4 ./src/TestingDemos/TrxvuTestingDemo.o
                0x20005c54                TestCheckTransmitionAllowed
 .text.TestLoopSPL
                0x20005cf8       0xc4 ./src/TestingDemos/TrxvuTestingDemo.o
                0x20005cf8                TestLoopSPL
 .text.TestSendDumpAbortRequest
                0x20005dbc       0x24 ./src/TestingDemos/TrxvuTestingDemo.o
                0x20005dbc                TestSendDumpAbortRequest
 .text.TestTransmitDummySplPacket
                0x20005de0       0xc0 ./src/TestingDemos/TrxvuTestingDemo.o
                0x20005de0                TestTransmitDummySplPacket
 .text.TestTransmitSplPacket
                0x20005ea0      0x1ec ./src/TestingDemos/TrxvuTestingDemo.o
                0x20005ea0                TestTransmitSplPacket
 .text.TestExitDump
                0x2000608c       0x1c ./src/TestingDemos/TrxvuTestingDemo.o
                0x2000608c                TestExitDump
 .text.TestDumpTelemetry
                0x200060a8       0x9c ./src/TestingDemos/TrxvuTestingDemo.o
                0x200060a8                TestDumpTelemetry
 .text.TestRestoreDefaultBeaconParameters
                0x20006144       0x1c ./src/TestingDemos/TrxvuTestingDemo.o
                0x20006144                TestRestoreDefaultBeaconParameters
 .text.TestChooseDefaultBeaconCycle
                0x20006160       0xe0 ./src/TestingDemos/TrxvuTestingDemo.o
                0x20006160                TestChooseDefaultBeaconCycle
 .text.TestBeaconLogic
                0x20006240       0xdc ./src/TestingDemos/TrxvuTestingDemo.o
                0x20006240                TestBeaconLogic
 .text.TestMuteTrxvu
                0x2000631c       0x9c ./src/TestingDemos/TrxvuTestingDemo.o
                0x2000631c                TestMuteTrxvu
 .text.TestUnMuteTrxvu
                0x200063b8       0x30 ./src/TestingDemos/TrxvuTestingDemo.o
                0x200063b8                TestUnMuteTrxvu
 .text.TestGetNumberOfFramesInBuffer
                0x200063e8       0x54 ./src/TestingDemos/TrxvuTestingDemo.o
                0x200063e8                TestGetNumberOfFramesInBuffer
 .text.TestSetTrxvuBitrate
                0x2000643c       0xf0 ./src/TestingDemos/TrxvuTestingDemo.o
                0x2000643c                TestSetTrxvuBitrate
 .text.TestGetTrxvuBitrate
                0x2000652c       0xb0 ./src/TestingDemos/TrxvuTestingDemo.o
                0x2000652c                TestGetTrxvuBitrate
 .text.TestTransmitDataAsSPL_Packet
                0x200065dc      0x114 ./src/TestingDemos/TrxvuTestingDemo.o
                0x200065dc                TestTransmitDataAsSPL_Packet
 .text.selectAndExecuteTrxvuDemoTest
                0x200066f0      0x2ac ./src/TestingDemos/TrxvuTestingDemo.o
                0x200066f0                selectAndExecuteTrxvuDemoTest
 .text.MainTrxvuTestBench
                0x2000699c       0x44 ./src/TestingDemos/TrxvuTestingDemo.o
                0x2000699c                MainTrxvuTestBench
 .text.GetBatteryVoltage
                0x200069e0       0x38 ./src/SubSystemModules/PowerManagment/EPS.o
                0x200069e0                GetBatteryVoltage
 .text.EPS_Init
                0x20006a18       0xb8 ./src/SubSystemModules/PowerManagment/EPS.o
                0x20006a18                EPS_Init
 .text.EPS_Conditioning
                0x20006ad0      0x1c4 ./src/SubSystemModules/PowerManagment/EPS.o
                0x20006ad0                EPS_Conditioning
 .text.UpdateAlpha
                0x20006c94       0xd8 ./src/SubSystemModules/PowerManagment/EPS.o
                0x20006c94                UpdateAlpha
 .text.UpdateThresholdVoltages
                0x20006d6c      0x218 ./src/SubSystemModules/PowerManagment/EPS.o
                0x20006d6c                UpdateThresholdVoltages
 .text.GetThresholdVoltages
                0x20006f84       0x80 ./src/SubSystemModules/PowerManagment/EPS.o
                0x20006f84                GetThresholdVoltages
 .text.GetAlpha
                0x20007004       0x7c ./src/SubSystemModules/PowerManagment/EPS.o
                0x20007004                GetAlpha
 .text.RestoreDefaultThresholdVoltages
                0x20007080       0x74 ./src/SubSystemModules/PowerManagment/EPS.o
                0x20007080                RestoreDefaultThresholdVoltages
 .text.CMDGetHeaterValues
                0x200070f4       0x24 ./src/SubSystemModules/PowerManagment/EPS.o
                0x200070f4                CMDGetHeaterValues
 .text.CMDSetHeaterValues
                0x20007118       0x58 ./src/SubSystemModules/PowerManagment/EPS.o
                0x20007118                CMDSetHeaterValues
 .text.EnterFullMode
                0x20007170       0x44 ./src/SubSystemModules/PowerManagment/EPSOperationModes.o
                0x20007170                EnterFullMode
 .text.EnterCruiseMode
                0x200071b4       0x44 ./src/SubSystemModules/PowerManagment/EPSOperationModes.o
                0x200071b4                EnterCruiseMode
 .text.EnterSafeMode
                0x200071f8       0x44 ./src/SubSystemModules/PowerManagment/EPSOperationModes.o
                0x200071f8                EnterSafeMode
 .text.EnterCriticalMode
                0x2000723c       0x44 ./src/SubSystemModules/PowerManagment/EPSOperationModes.o
                0x2000723c                EnterCriticalMode
 .text.GetSystemState
                0x20007280       0x24 ./src/SubSystemModules/PowerManagment/EPSOperationModes.o
                0x20007280                GetSystemState
 .text.GetSystemChannelState
                0x200072a4       0x24 ./src/SubSystemModules/PowerManagment/EPSOperationModes.o
                0x200072a4                GetSystemChannelState
 .text.EpsGetLowVoltageFlag
                0x200072c8       0x24 ./src/SubSystemModules/PowerManagment/EPSOperationModes.o
                0x200072c8                EpsGetLowVoltageFlag
 .text.EpsSetLowVoltageFlag
                0x200072ec       0x2c ./src/SubSystemModules/PowerManagment/EPSOperationModes.o
                0x200072ec                EpsSetLowVoltageFlag
 .text.CheckExecutionTime
                0x20007318       0x80 ./src/SubSystemModules/Maintenance/Maintenance.o
                0x20007318                CheckExecutionTime
 .text.SaveSatTimeInFRAM
                0x20007398       0x44 ./src/SubSystemModules/Maintenance/Maintenance.o
                0x20007398                SaveSatTimeInFRAM
 .text.WakeupFromResetCMD
                0x200073dc      0x120 ./src/SubSystemModules/Maintenance/Maintenance.o
                0x200073dc                WakeupFromResetCMD
 .text.ResetGroundCommWDT
                0x200074fc       0x1c ./src/SubSystemModules/Maintenance/Maintenance.o
                0x200074fc                ResetGroundCommWDT
 .text.findMinMaxDate
                0x20007518       0xdc ./src/SubSystemModules/Maintenance/Maintenance.o
                0x20007518                findMinMaxDate
 .text.DeleteOldFiels
                0x200075f4       0xf0 ./src/SubSystemModules/Maintenance/Maintenance.o
                0x200075f4                DeleteOldFiels
 .text.HardResetMCU
                0x200076e4       0x24 ./src/SubSystemModules/Maintenance/Maintenance.o
                0x200076e4                HardResetMCU
 .text.InitSavePeriodTimes
                0x20007708       0x78 ./src/SubSystemModules/Housekepping/TelemetryCollector.o
                0x20007708                InitSavePeriodTimes
 .text.CMD_GetTLMPeriodTimes
                0x20007780       0x38 ./src/SubSystemModules/Housekepping/TelemetryCollector.o
                0x20007780                CMD_GetTLMPeriodTimes
 .text.CMD_SetTLMPeriodTimes
                0x200077b8      0x17c ./src/SubSystemModules/Housekepping/TelemetryCollector.o
                0x200077b8                CMD_SetTLMPeriodTimes
 .text.TelemetryCollectorLogic
                0x20007934      0x208 ./src/SubSystemModules/Housekepping/TelemetryCollector.o
                0x20007934                TelemetryCollectorLogic
 .text.TelemetrySaveEPS
                0x20007b3c       0x18 ./src/SubSystemModules/Housekepping/TelemetryCollector.o
                0x20007b3c                TelemetrySaveEPS
 .text.TelemetrySaveTRXVU
                0x20007b54       0x94 ./src/SubSystemModules/Housekepping/TelemetryCollector.o
                0x20007b54                TelemetrySaveTRXVU
 .text.TelemetrySaveANT
                0x20007be8       0xa4 ./src/SubSystemModules/Housekepping/TelemetryCollector.o
                0x20007be8                TelemetrySaveANT
 .text.TelemetrySaveSolarPanels
                0x20007c8c      0x228 ./src/SubSystemModules/Housekepping/TelemetryCollector.o
                0x20007c8c                TelemetrySaveSolarPanels
 .text.TelemetrySaveWOD
                0x20007eb4       0x48 ./src/SubSystemModules/Housekepping/TelemetryCollector.o
                0x20007eb4                TelemetrySaveWOD
 .text.GetCurrentWODTelemetry
                0x20007efc      0x74c ./src/SubSystemModules/Housekepping/TelemetryCollector.o
                0x20007efc                GetCurrentWODTelemetry
 .text.CMD_EPS_ResetWDT
                0x20008648       0x48 ./src/SubSystemModules/Communication/SubsystemCommands/EPS_Commands.o
                0x20008648                CMD_EPS_ResetWDT
 .text.CMD_DeleteTLM
                0x20008690      0x1d8 ./src/SubSystemModules/Communication/SubsystemCommands/FS_Commands.o
                0x20008690                CMD_DeleteTLM
 .text.CMD_DeleteAllFiles
                0x20008868       0x38 ./src/SubSystemModules/Communication/SubsystemCommands/FS_Commands.o
                0x20008868                CMD_DeleteAllFiles
 .text.CMD_GetLastFS_Error
                0x200088a0       0x4c ./src/SubSystemModules/Communication/SubsystemCommands/FS_Commands.o
                0x200088a0                CMD_GetLastFS_Error
 .text.CMD_Get_TLM_Info
                0x200088ec      0x118 ./src/SubSystemModules/Communication/SubsystemCommands/FS_Commands.o
                0x200088ec                CMD_Get_TLM_Info
 .text.CMD_Switch_SD_Card
                0x20008a04       0x90 ./src/SubSystemModules/Communication/SubsystemCommands/FS_Commands.o
                0x20008a04                CMD_Switch_SD_Card
 .text.CMD_GenericI2C
                0x20008a94      0x144 ./src/SubSystemModules/Communication/SubsystemCommands/Maintanence_Commands.o
                0x20008a94                CMD_GenericI2C
 .text.CMD_FRAM_ReadAndTransmitt
                0x20008bd8       0xe8 ./src/SubSystemModules/Communication/SubsystemCommands/Maintanence_Commands.o
                0x20008bd8                CMD_FRAM_ReadAndTransmitt
 .text.CMD_FRAM_WriteAndTransmitt
                0x20008cc0      0x11c ./src/SubSystemModules/Communication/SubsystemCommands/Maintanence_Commands.o
                0x20008cc0                CMD_FRAM_WriteAndTransmitt
 .text.CMD_FRAM_ReStart
                0x20008ddc       0x4c ./src/SubSystemModules/Communication/SubsystemCommands/Maintanence_Commands.o
                0x20008ddc                CMD_FRAM_ReStart
 .text.CMD_UpdateSatTime
                0x20008e28       0xa4 ./src/SubSystemModules/Communication/SubsystemCommands/Maintanence_Commands.o
                0x20008e28                CMD_UpdateSatTime
 .text.CMD_GetSatUptime
                0x20008ecc       0x48 ./src/SubSystemModules/Communication/SubsystemCommands/Maintanence_Commands.o
                0x20008ecc                CMD_GetSatUptime
 .text.CMD_ResetComponent
                0x20008f14      0x290 ./src/SubSystemModules/Communication/SubsystemCommands/Maintanence_Commands.o
                0x20008f14                CMD_ResetComponent
 .text.DumpTask
                0x200091a4      0x310 ./src/SubSystemModules/Communication/SubsystemCommands/TRXVU_Commands.o
                0x200091a4                DumpTask
 .text.CMD_AntennaDeploy
                0x200094b4       0xec ./src/SubSystemModules/Communication/SubsystemCommands/TRXVU_Commands.o
                0x200094b4                CMD_AntennaDeploy
 .text.CMD_StartDump
                0x200095a0      0x224 ./src/SubSystemModules/Communication/SubsystemCommands/TRXVU_Commands.o
                0x200095a0                CMD_StartDump
 .text.CMD_SendDumpAbortRequest
                0x200097c4       0x38 ./src/SubSystemModules/Communication/SubsystemCommands/TRXVU_Commands.o
                0x200097c4                CMD_SendDumpAbortRequest
 .text.CMD_ForceDumpAbort
                0x200097fc       0x3c ./src/SubSystemModules/Communication/SubsystemCommands/TRXVU_Commands.o
                0x200097fc                CMD_ForceDumpAbort
 .text.CMD_SetTransponder
                0x20009838      0x148 ./src/SubSystemModules/Communication/SubsystemCommands/TRXVU_Commands.o
                0x20009838                CMD_SetTransponder
 .text.CMD_SetRSSITransponder
                0x20009980       0x90 ./src/SubSystemModules/Communication/SubsystemCommands/TRXVU_Commands.o
                0x20009980                CMD_SetRSSITransponder
 .text.CMD_MuteTRXVU
                0x20009a10       0xc4 ./src/SubSystemModules/Communication/SubsystemCommands/TRXVU_Commands.o
                0x20009a10                CMD_MuteTRXVU
 .text.CMD_SetIdleState
                0x20009ad4       0x94 ./src/SubSystemModules/Communication/SubsystemCommands/TRXVU_Commands.o
                0x20009ad4                CMD_SetIdleState
 .text.CMD_UnMuteTRXVU
                0x20009b68       0x38 ./src/SubSystemModules/Communication/SubsystemCommands/TRXVU_Commands.o
                0x20009b68                CMD_UnMuteTRXVU
 .text.CMD_GetBaudRate
                0x20009ba0       0x68 ./src/SubSystemModules/Communication/SubsystemCommands/TRXVU_Commands.o
                0x20009ba0                CMD_GetBaudRate
 .text.CMD_TrasmitBeacon
                0x20009c08       0x48 ./src/SubSystemModules/Communication/SubsystemCommands/TRXVU_Commands.o
                0x20009c08                CMD_TrasmitBeacon
 .text.CMD_GetBeaconInterval
                0x20009c50       0x6c ./src/SubSystemModules/Communication/SubsystemCommands/TRXVU_Commands.o
                0x20009c50                CMD_GetBeaconInterval
 .text.CMD_SetBaudRate
                0x20009cbc       0x60 ./src/SubSystemModules/Communication/SubsystemCommands/TRXVU_Commands.o
                0x20009cbc                CMD_SetBaudRate
 .text.CMD_GetTxUptime
                0x20009d1c       0x64 ./src/SubSystemModules/Communication/SubsystemCommands/TRXVU_Commands.o
                0x20009d1c                CMD_GetTxUptime
 .text.CMD_GetRxUptime
                0x20009d80       0x64 ./src/SubSystemModules/Communication/SubsystemCommands/TRXVU_Commands.o
                0x20009d80                CMD_GetRxUptime
 .text.CMD_GetNumOfOnlineCommands
                0x20009de4       0x64 ./src/SubSystemModules/Communication/SubsystemCommands/TRXVU_Commands.o
                0x20009de4                CMD_GetNumOfOnlineCommands
 .text.CMD_AntSetArmStatus
                0x20009e48       0xa0 ./src/SubSystemModules/Communication/SubsystemCommands/TRXVU_Commands.o
                0x20009e48                CMD_AntSetArmStatus
 .text.CMD_AntGetArmStatus
                0x20009ee8       0x70 ./src/SubSystemModules/Communication/SubsystemCommands/TRXVU_Commands.o
                0x20009ee8                CMD_AntGetArmStatus
 .text.CMD_AntGetUptime
                0x20009f58       0x78 ./src/SubSystemModules/Communication/SubsystemCommands/TRXVU_Commands.o
                0x20009f58                CMD_AntGetUptime
 .text.CMD_StopReDeployment
                0x20009fd0       0xac ./src/SubSystemModules/Communication/SubsystemCommands/TRXVU_Commands.o
                0x20009fd0                CMD_StopReDeployment
 .text.CMD_AntCancelDeployment
                0x2000a07c       0x68 ./src/SubSystemModules/Communication/SubsystemCommands/TRXVU_Commands.o
                0x2000a07c                CMD_AntCancelDeployment
 .text.SendAckPacket
                0x2000a0e4       0xe4 ./src/SubSystemModules/Communication/AckHandler.o
                0x2000a0e4                SendAckPacket
 .text.trxvu_command_router
                0x2000a1c8      0x548 ./src/SubSystemModules/Communication/CommandDictionary.o
                0x2000a1c8                trxvu_command_router
 .text.eps_command_router
                0x2000a710       0xdc ./src/SubSystemModules/Communication/CommandDictionary.o
                0x2000a710                eps_command_router
 .text.telemetry_command_router
                0x2000a7ec      0x224 ./src/SubSystemModules/Communication/CommandDictionary.o
                0x2000a7ec                telemetry_command_router
 .text.managment_command_router
                0x2000aa10      0x12c ./src/SubSystemModules/Communication/CommandDictionary.o
                0x2000aa10                managment_command_router
 .text.filesystem_command_router
                0x2000ab3c       0x24 ./src/SubSystemModules/Communication/CommandDictionary.o
                0x2000ab3c                filesystem_command_router
 .text.ParseDataToCommand
                0x2000ab60      0x1ac ./src/SubSystemModules/Communication/SatCommandHandler.o
                0x2000ab60                ParseDataToCommand
 .text.AssembleCommand
                0x2000ad0c      0x148 ./src/SubSystemModules/Communication/SatCommandHandler.o
                0x2000ad0c                AssembleCommand
 .text.GetDelayedCommand
                0x2000ae54       0x24 ./src/SubSystemModules/Communication/SatCommandHandler.o
                0x2000ae54                GetDelayedCommand
 .text.AddDelayedCommand
                0x2000ae78       0x24 ./src/SubSystemModules/Communication/SatCommandHandler.o
                0x2000ae78                AddDelayedCommand
 .text.GetDelayedCommandBufferCount
                0x2000ae9c       0x50 ./src/SubSystemModules/Communication/SatCommandHandler.o
                0x2000ae9c                GetDelayedCommandBufferCount
 .text.GetDelayedCommandByIndex
                0x2000aeec       0x28 ./src/SubSystemModules/Communication/SatCommandHandler.o
                0x2000aeec                GetDelayedCommandByIndex
 .text.DeleteDelayedCommandByIndex
                0x2000af14       0x24 ./src/SubSystemModules/Communication/SatCommandHandler.o
                0x2000af14                DeleteDelayedCommandByIndex
 .text.DeleteDelayedBuffer
                0x2000af38       0x1c ./src/SubSystemModules/Communication/SatCommandHandler.o
                0x2000af38                DeleteDelayedBuffer
 .text.ActUponCommand
                0x2000af54      0x108 ./src/SubSystemModules/Communication/SatCommandHandler.o
                0x2000af54                ActUponCommand
 .text.setMuteEndTime
                0x2000b05c       0x40 ./src/SubSystemModules/Communication/TRXVU.o
                0x2000b05c                setMuteEndTime
 .text.getMuteEndTime
                0x2000b09c       0x44 ./src/SubSystemModules/Communication/TRXVU.o
                0x2000b09c                getMuteEndTime
 .text.setTransponderEndTime
                0x2000b0e0       0x40 ./src/SubSystemModules/Communication/TRXVU.o
                0x2000b0e0                setTransponderEndTime
 .text.getTransponderEndTime
                0x2000b120       0x44 ./src/SubSystemModules/Communication/TRXVU.o
                0x2000b120                getTransponderEndTime
 .text.setTransponderRSSIinFRAM
                0x2000b164       0x44 ./src/SubSystemModules/Communication/TRXVU.o
                0x2000b164                setTransponderRSSIinFRAM
 .text.getTransponderRSSIFromFRAM
                0x2000b1a8       0x4c ./src/SubSystemModules/Communication/TRXVU.o
                0x2000b1a8                getTransponderRSSIFromFRAM
 .text.InitTxModule
                0x2000b1f4       0x68 ./src/SubSystemModules/Communication/TRXVU.o
                0x2000b1f4                InitTxModule
 .text.CMD_SetBeaconInterval
                0x2000b25c       0xdc ./src/SubSystemModules/Communication/TRXVU.o
                0x2000b25c                CMD_SetBeaconInterval
 .text.InitBeaconParams
                0x2000b338       0x3c ./src/SubSystemModules/Communication/TRXVU.o
                0x2000b338                InitBeaconParams
 .text.InitSemaphores
                0x2000b374       0x98 ./src/SubSystemModules/Communication/TRXVU.o
                0x2000b374                InitSemaphores
 .text.InitTrxvu
                0x2000b40c       0xec ./src/SubSystemModules/Communication/TRXVU.o
                0x2000b40c                InitTrxvu
 .text.checkIdleFinish
                0x2000b4f8       0x68 ./src/SubSystemModules/Communication/TRXVU.o
                0x2000b4f8                checkIdleFinish
 .text.checkTransponderFinish
                0x2000b560       0x98 ./src/SubSystemModules/Communication/TRXVU.o
                0x2000b560                checkTransponderFinish
 .text.checkTransponderStart
                0x2000b5f8       0x50 ./src/SubSystemModules/Communication/TRXVU.o
                0x2000b5f8                checkTransponderStart
 .text.turnOnTransponder
                0x2000b648       0xa0 ./src/SubSystemModules/Communication/TRXVU.o
                0x2000b648                turnOnTransponder
 .text.SetRSSITransponder
                0x2000b6e8       0x80 ./src/SubSystemModules/Communication/TRXVU.o
                0x2000b6e8                SetRSSITransponder
 .text.TRX_Logic
                0x2000b768       0xd4 ./src/SubSystemModules/Communication/TRXVU.o
                0x2000b768                TRX_Logic
 .text.GetNumberOfFramesInBuffer
                0x2000b83c       0x5c ./src/SubSystemModules/Communication/TRXVU.o
                0x2000b83c                GetNumberOfFramesInBuffer
 .text.GetOnlineCommand
                0x2000b898      0x17c ./src/SubSystemModules/Communication/TRXVU.o
                0x2000b898                GetOnlineCommand
 .text.CheckTransmitionAllowed
                0x2000ba14       0xc0 ./src/SubSystemModules/Communication/TRXVU.o
                0x2000ba14                CheckTransmitionAllowed
 .text.FinishDump
                0x2000bad4       0xf0 ./src/SubSystemModules/Communication/TRXVU.o
                0x2000bad4                FinishDump
 .text.AbortDump
                0x2000bbc4       0x34 ./src/SubSystemModules/Communication/TRXVU.o
                0x2000bbc4                AbortDump
 .text.SendDumpAbortRequest
                0x2000bbf8       0x6c ./src/SubSystemModules/Communication/TRXVU.o
                0x2000bbf8                SendDumpAbortRequest
 .text.CheckDumpAbort
                0x2000bc64       0x6c ./src/SubSystemModules/Communication/TRXVU.o
                0x2000bc64                CheckDumpAbort
 .text.BeaconLogic
                0x2000bcd0      0x1b8 ./src/SubSystemModules/Communication/TRXVU.o
                0x2000bcd0                BeaconLogic
 .text.SetIdleState
                0x2000be88      0x144 ./src/SubSystemModules/Communication/TRXVU.o
                0x2000be88                SetIdleState
 .text.muteTRXVU
                0x2000bfcc       0x74 ./src/SubSystemModules/Communication/TRXVU.o
                0x2000bfcc                muteTRXVU
 .text.UnMuteTRXVU
                0x2000c040       0x14 ./src/SubSystemModules/Communication/TRXVU.o
                0x2000c040                UnMuteTRXVU
 .text.TransmitDataAsSPL_Packet
                0x2000c054      0x114 ./src/SubSystemModules/Communication/TRXVU.o
                0x2000c054                TransmitDataAsSPL_Packet
 .text.TransmitSplPacket
                0x2000c168      0x1cc ./src/SubSystemModules/Communication/TRXVU.o
                0x2000c168                TransmitSplPacket
 .text.isFirstActivation
                0x2000c334       0x38 ./src/InitSystem.o
                0x2000c334                isFirstActivation
 .text.WriteDefaultValuesToFRAM
                0x2000c36c      0x208 ./src/InitSystem.o
                0x2000c36c                WriteDefaultValuesToFRAM
 .text.StartFRAM
                0x2000c574       0x64 ./src/InitSystem.o
                0x2000c574                StartFRAM
 .text.StartI2C
                0x2000c5d8       0x38 ./src/InitSystem.o
                0x2000c5d8                StartI2C
 .text.StartSPI
                0x2000c610       0x34 ./src/InitSystem.o
                0x2000c610                StartSPI
 .text.StartTIME
                0x2000c644       0xbc ./src/InitSystem.o
                0x2000c644                StartTIME
 .text.DeploySystem
                0x2000c700      0x1a4 ./src/InitSystem.o
                0x2000c700                DeploySystem
 .text.InitSubsystems
                0x2000c8a4       0x60 ./src/InitSystem.o
                0x2000c8a4                InitSubsystems
 .text.CMD_getInfoImage
                0x2000c904      0x158 ./src/TLM_management.o
                0x2000c904                CMD_getInfoImage
 .text.CMD_getDataImage
                0x2000ca5c      0x218 ./src/TLM_management.o
                0x2000ca5c                CMD_getDataImage
 .text.delete_allTMFilesFromSD
                0x2000cc74       0x8c ./src/TLM_management.o
                0x2000cc74                delete_allTMFilesFromSD
 .text.deleteTLMFiles
                0x2000cd00       0x94 ./src/TLM_management.o
                0x2000cd00                deleteTLMFiles
 .text.deleteTLMFile
                0x2000cd94       0xcc ./src/TLM_management.o
                0x2000cd94                deleteTLMFile
 .text.deleteTLMbyMonth
                0x2000ce60       0xac ./src/TLM_management.o
                0x2000ce60                deleteTLMbyMonth
 .text.deleteDirectory
                0x2000cf0c      0x158 ./src/TLM_management.o
                0x2000cf0c                deleteDirectory
 .text.InitializeFS
                0x2000d064       0xfc ./src/TLM_management.o
                0x2000d064                InitializeFS
 .text.calculateFileName
                0x2000d160      0x130 ./src/TLM_management.o
                0x2000d160                calculateFileName
 .text.getTlmTypeInfo
                0x2000d290      0x230 ./src/TLM_management.o
                0x2000d290                getTlmTypeInfo
 .text.write2File
                0x2000d4c0      0x1dc ./src/TLM_management.o
                0x2000d4c0                write2File
 .text.printTLM
                0x2000d69c      0x490 ./src/TLM_management.o
                0x2000d69c                printTLM
 .text.readTLMFile
                0x2000db2c      0x328 ./src/TLM_management.o
                0x2000db2c                readTLMFile
 .text.readTLMFiles
                0x2000de54       0xdc ./src/TLM_management.o
                0x2000de54                readTLMFiles
 .text.readTLMFileTimeRange
                0x2000df30      0x2f0 ./src/TLM_management.o
                0x2000df30                readTLMFileTimeRange
 .text.DeInitializeFS
                0x2000e220       0x38 ./src/TLM_management.o
                0x2000e220                DeInitializeFS
 .text.main     0x2000e258       0x98 ./src/main.o
                0x2000e258                main
 .text.timeU2time
                0x2000e2f0       0xbc ./src/utils.o
                0x2000e2f0                timeU2time
 .text.logError
                0x2000e3ac      0x134 ./src/utils.o
                0x2000e3ac                logError
 .text.clearPDCtransfers
                0x2000e4e0       0xe8 C:/ISIS/workspace/ycube/GlobusSatProject/..//hal/hal/lib\libHALD.a(SPI.o)
 .text.SPI_start
                0x2000e5c8      0x4b0 C:/ISIS/workspace/ycube/GlobusSatProject/..//hal/hal/lib\libHALD.a(SPI.o)
                0x2000e5c8                SPI_start
 .text.SPI_stop
                0x2000ea78      0x244 C:/ISIS/workspace/ycube/GlobusSatProject/..//hal/hal/lib\libHALD.a(SPI.o)
                0x2000ea78                SPI_stop
 .text.SPI_queueTransfer
                0x2000ecbc      0x1cc C:/ISIS/workspace/ycube/GlobusSatProject/..//hal/hal/lib\libHALD.a(SPI.o)
                0x2000ecbc                SPI_queueTransfer
 .text.SPI_internalCallback
                0x2000ee88       0x64 C:/ISIS/workspace/ycube/GlobusSatProject/..//hal/hal/lib\libHALD.a(SPI.o)
 .text.SPI_writeRead
                0x2000eeec      0x1c0 C:/ISIS/workspace/ycube/GlobusSatProject/..//hal/hal/lib\libHALD.a(SPI.o)
                0x2000eeec                SPI_writeRead
 .text.waitForTransfer
                0x2000f0ac       0x78 C:/ISIS/workspace/ycube/GlobusSatProject/..//hal/hal/lib\libHALD.a(SPI.o)
 .text.SPI_getDriverState
                0x2000f124       0x58 C:/ISIS/workspace/ycube/GlobusSatProject/..//hal/hal/lib\libHALD.a(SPI.o)
                0x2000f124                SPI_getDriverState
 .text.validateTransferParameters
                0x2000f17c      0x10c C:/ISIS/workspace/ycube/GlobusSatProject/..//hal/hal/lib\libHALD.a(I2C.o)
 .text.I2C_queueTransfer
                0x2000f288       0xfc C:/ISIS/workspace/ycube/GlobusSatProject/..//hal/hal/lib\libHALD.a(I2C.o)
                0x2000f288                I2C_queueTransfer
 .text.I2C_internalCallback
                0x2000f384       0x64 C:/ISIS/workspace/ycube/GlobusSatProject/..//hal/hal/lib\libHALD.a(I2C.o)
 .text.I2C_doBlockingTransfer
                0x2000f3e8      0x180 C:/ISIS/workspace/ycube/GlobusSatProject/..//hal/hal/lib\libHALD.a(I2C.o)
 .text.I2C_write
                0x2000f568      0x110 C:/ISIS/workspace/ycube/GlobusSatProject/..//hal/hal/lib\libHALD.a(I2C.o)
                0x2000f568                I2C_write
 .text.I2C_read
                0x2000f678      0x110 C:/ISIS/workspace/ycube/GlobusSatProject/..//hal/hal/lib\libHALD.a(I2C.o)
                0x2000f678                I2C_read
 .text.I2C_writeRead
                0x2000f788      0x17c C:/ISIS/workspace/ycube/GlobusSatProject/..//hal/hal/lib\libHALD.a(I2C.o)
                0x2000f788                I2C_writeRead
 .text.I2C_start
                0x2000f904      0x2e8 C:/ISIS/workspace/ycube/GlobusSatProject/..//hal/hal/lib\libHALD.a(I2C.o)
                0x2000f904                I2C_start
 .text.I2C_stop
                0x2000fbec      0x184 C:/ISIS/workspace/ycube/GlobusSatProject/..//hal/hal/lib\libHALD.a(I2C.o)
                0x2000fbec                I2C_stop
 .text.I2C_setTransferTimeout
                0x2000fd70       0x48 C:/ISIS/workspace/ycube/GlobusSatProject/..//hal/hal/lib\libHALD.a(I2C.o)
                0x2000fd70                I2C_setTransferTimeout
 .text.ADC_ConvertRaw10bitToMillivolt
                0x2000fdb8       0x50 C:/ISIS/workspace/ycube/GlobusSatProject/..//hal/hal/lib\libHALD.a(ADC.o)
                0x2000fdb8                ADC_ConvertRaw10bitToMillivolt
 .text.ADC_SingleShot
                0x2000fe08      0x230 C:/ISIS/workspace/ycube/GlobusSatProject/..//hal/hal/lib\libHALD.a(ADC.o)
                0x2000fe08                ADC_SingleShot
 .text.FRAM_start
                0x20010038      0x120 C:/ISIS/workspace/ycube/GlobusSatProject/..//hal/hal/lib\libHALD.a(FRAM.o)
                0x20010038                FRAM_start
 .text.FRAM_stop
                0x20010158       0x6c C:/ISIS/workspace/ycube/GlobusSatProject/..//hal/hal/lib\libHALD.a(FRAM.o)
                0x20010158                FRAM_stop
 .text.FRAM_dummyCallback
                0x200101c4       0x24 C:/ISIS/workspace/ycube/GlobusSatProject/..//hal/hal/lib\libHALD.a(FRAM.o)
                0x200101c4                FRAM_dummyCallback
 .text.FRAM_unlockingCallback
                0x200101e8       0x64 C:/ISIS/workspace/ycube/GlobusSatProject/..//hal/hal/lib\libHALD.a(FRAM.o)
                0x200101e8                FRAM_unlockingCallback
 .text.doBlockingTransfer
                0x2001024c       0x78 C:/ISIS/workspace/ycube/GlobusSatProject/..//hal/hal/lib\libHALD.a(FRAM.o)
 .text.FRAM_writePacket
                0x200102c4      0x134 C:/ISIS/workspace/ycube/GlobusSatProject/..//hal/hal/lib\libHALD.a(FRAM.o)
 .text.FRAM_write
                0x200103f8      0x1e0 C:/ISIS/workspace/ycube/GlobusSatProject/..//hal/hal/lib\libHALD.a(FRAM.o)
                0x200103f8                FRAM_write
 .text.FRAM_readPacket
                0x200105d8       0xf0 C:/ISIS/workspace/ycube/GlobusSatProject/..//hal/hal/lib\libHALD.a(FRAM.o)
 .text.FRAM_read
                0x200106c8      0x1ec C:/ISIS/workspace/ycube/GlobusSatProject/..//hal/hal/lib\libHALD.a(FRAM.o)
                0x200106c8                FRAM_read
 .text.Time_start
                0x200108b4      0x170 C:/ISIS/workspace/ycube/GlobusSatProject/..//hal/hal/lib\libHALD.a(Time.o)
                0x200108b4                Time_start
 .text.taskTimeSync
                0x20010a24       0x64 C:/ISIS/workspace/ycube/GlobusSatProject/..//hal/hal/lib\libHALD.a(Time.o)
 .text.Time_convertEpochToTime
                0x20010a88      0x100 C:/ISIS/workspace/ycube/GlobusSatProject/..//hal/hal/lib\libHALD.a(Time.o)
                0x20010a88                Time_convertEpochToTime
 .text.Time_calculateSecondsOfYear
                0x20010b88       0xd8 C:/ISIS/workspace/ycube/GlobusSatProject/..//hal/hal/lib\libHALD.a(Time.o)
 .text.Time_set
                0x20010c60       0xd8 C:/ISIS/workspace/ycube/GlobusSatProject/..//hal/hal/lib\libHALD.a(Time.o)
                0x20010c60                Time_set
 .text.Time_isLeapYear
                0x20010d38       0x98 C:/ISIS/workspace/ycube/GlobusSatProject/..//hal/hal/lib\libHALD.a(Time.o)
                0x20010d38                Time_isLeapYear
 .text.Time_get
                0x20010dd0      0x478 C:/ISIS/workspace/ycube/GlobusSatProject/..//hal/hal/lib\libHALD.a(Time.o)
                0x20010dd0                Time_get
 .text.Time_getUnixEpoch
                0x20011248      0x108 C:/ISIS/workspace/ycube/GlobusSatProject/..//hal/hal/lib\libHALD.a(Time.o)
                0x20011248                Time_getUnixEpoch
 .text.Time_secondsOfYearToTime
                0x20011350      0x33c C:/ISIS/workspace/ycube/GlobusSatProject/..//hal/hal/lib\libHALD.a(Time.o)
 .text.Time_setUnixEpoch
                0x2001168c       0x54 C:/ISIS/workspace/ycube/GlobusSatProject/..//hal/hal/lib\libHALD.a(Time.o)
                0x2001168c                Time_setUnixEpoch
 .text.Time_getUptimeSeconds
                0x200116e0       0x28 C:/ISIS/workspace/ycube/GlobusSatProject/..//hal/hal/lib\libHALD.a(Time.o)
                0x200116e0                Time_getUptimeSeconds
 .text.Time_sync
                0x20011708      0x1a8 C:/ISIS/workspace/ycube/GlobusSatProject/..//hal/hal/lib\libHALD.a(Time.o)
                0x20011708                Time_sync
 .text.Time_syncIfNeeded
                0x200118b0       0xac C:/ISIS/workspace/ycube/GlobusSatProject/..//hal/hal/lib\libHALD.a(Time.o)
                0x200118b0                Time_syncIfNeeded
 .text.WDT_start
                0x2001195c       0x48 C:/ISIS/workspace/ycube/GlobusSatProject/..//hal/hal/lib\libHALD.a(WatchDogTimerNoOS.o)
                0x2001195c                WDT_start
 .text.RTT_start
                0x200119a4       0x24 C:/ISIS/workspace/ycube/GlobusSatProject/..//hal/hal/lib\libHALD.a(RTT.o)
                0x200119a4                RTT_start
 .text.RTT_GetTime
                0x200119c8       0x24 C:/ISIS/workspace/ycube/GlobusSatProject/..//hal/hal/lib\libHALD.a(RTT.o)
                0x200119c8                RTT_GetTime
 .text.RTC_start
                0x200119ec       0x3c C:/ISIS/workspace/ycube/GlobusSatProject/..//hal/hal/lib\libHALD.a(RTC.o)
                0x200119ec                RTC_start
 .text.RTC_setTime
                0x20011a28      0x2a4 C:/ISIS/workspace/ycube/GlobusSatProject/..//hal/hal/lib\libHALD.a(RTC.o)
                0x20011a28                RTC_setTime
 .text.RTC_getTime
                0x20011ccc      0x230 C:/ISIS/workspace/ycube/GlobusSatProject/..//hal/hal/lib\libHALD.a(RTC.o)
                0x20011ccc                RTC_getTime
 .text.RTC_checkTimeValid
                0x20011efc       0xd8 C:/ISIS/workspace/ycube/GlobusSatProject/..//hal/hal/lib\libHALD.a(RTC.o)
                0x20011efc                RTC_checkTimeValid
 .text.WDT_startWatchdogKickTask
                0x20011fd4       0xb4 C:/ISIS/workspace/ycube/GlobusSatProject/..//hal/hal/lib\libHALD.a(WatchDogTimerOS.o)
                0x20011fd4                WDT_startWatchdogKickTask
 .text.WDT_forceKickEveryNms
                0x20012088       0x50 C:/ISIS/workspace/ycube/GlobusSatProject/..//hal/hal/lib\libHALD.a(WatchDogTimerOS.o)
                0x20012088                WDT_forceKickEveryNms
 .text.f_puts   0x200120d8       0x80 C:/ISIS/workspace/ycube/GlobusSatProject/..//hal/hal/lib\libHALD.a(fprintf.o)
                0x200120d8                f_puts
 .text.UTIL_DbguGetInteger
                0x20012158      0x168 C:/ISIS/workspace/ycube/GlobusSatProject/..//hal/hal/lib\libHALD.a(util.o)
                0x20012158                UTIL_DbguGetInteger
 .text.UTIL_DbguGetIntegerMinMax
                0x200122c0       0xa4 C:/ISIS/workspace/ycube/GlobusSatProject/..//hal/hal/lib\libHALD.a(util.o)
                0x200122c0                UTIL_DbguGetIntegerMinMax
 .text.LED_glow
                0x20012364       0x58 C:/ISIS/workspace/ycube/GlobusSatProject/..//hal/hal/lib\libHALD.a(LED.o)
                0x20012364                LED_glow
 .text.LED_dark
                0x200123bc       0x58 C:/ISIS/workspace/ycube/GlobusSatProject/..//hal/hal/lib\libHALD.a(LED.o)
                0x200123bc                LED_dark
 .text.LED_toggle
                0x20012414       0x50 C:/ISIS/workspace/ycube/GlobusSatProject/..//hal/hal/lib\libHALD.a(LED.o)
                0x20012414                LED_toggle
 .text.fm_initvolume
                0x20012464       0x70 C:/ISIS/workspace/ycube/GlobusSatProject/..//hal/hcc/lib\libHCCD.a(fat_m.o)
                0x20012464                fm_initvolume
 .text.fm_delvolume
                0x200124d4       0x60 C:/ISIS/workspace/ycube/GlobusSatProject/..//hal/hcc/lib\libHCCD.a(fat_m.o)
                0x200124d4                fm_delvolume
 .text.fm_getdrive
                0x20012534       0x70 C:/ISIS/workspace/ycube/GlobusSatProject/..//hal/hcc/lib\libHCCD.a(fat_m.o)
                0x20012534                fm_getdrive
 .text.fm_getfreespace
                0x200125a4       0x68 C:/ISIS/workspace/ycube/GlobusSatProject/..//hal/hcc/lib\libHCCD.a(fat_m.o)
                0x200125a4                fm_getfreespace
 .text.fm_mkdir
                0x2001260c       0x60 C:/ISIS/workspace/ycube/GlobusSatProject/..//hal/hcc/lib\libHCCD.a(fat_m.o)
                0x2001260c                fm_mkdir
 .text.fm_rmdir
                0x2001266c       0x60 C:/ISIS/workspace/ycube/GlobusSatProject/..//hal/hcc/lib\libHCCD.a(fat_m.o)
                0x2001266c                fm_rmdir
 .text.fm_findfirst
                0x200126cc       0x68 C:/ISIS/workspace/ycube/GlobusSatProject/..//hal/hcc/lib\libHCCD.a(fat_m.o)
                0x200126cc                fm_findfirst
 .text.fm_findnext
                0x20012734       0x60 C:/ISIS/workspace/ycube/GlobusSatProject/..//hal/hcc/lib\libHCCD.a(fat_m.o)
                0x20012734                fm_findnext
 .text.fm_close
                0x20012794       0x60 C:/ISIS/workspace/ycube/GlobusSatProject/..//hal/hcc/lib\libHCCD.a(fat_m.o)
                0x20012794                fm_close
 .text.fm_flush
                0x200127f4       0x60 C:/ISIS/workspace/ycube/GlobusSatProject/..//hal/hcc/lib\libHCCD.a(fat_m.o)
                0x200127f4                fm_flush
 .text.fm_open  0x20012854       0x68 C:/ISIS/workspace/ycube/GlobusSatProject/..//hal/hcc/lib\libHCCD.a(fat_m.o)
                0x20012854                fm_open
 .text.fm_read  0x200128bc       0x7c C:/ISIS/workspace/ycube/GlobusSatProject/..//hal/hcc/lib\libHCCD.a(fat_m.o)
                0x200128bc                fm_read
 .text.fm_write
                0x20012938       0x7c C:/ISIS/workspace/ycube/GlobusSatProject/..//hal/hcc/lib\libHCCD.a(fat_m.o)
                0x20012938                fm_write
 .text.fm_seek  0x200129b4       0x70 C:/ISIS/workspace/ycube/GlobusSatProject/..//hal/hcc/lib\libHCCD.a(fat_m.o)
                0x200129b4                fm_seek
 .text.fm_tell  0x20012a24       0x60 C:/ISIS/workspace/ycube/GlobusSatProject/..//hal/hcc/lib\libHCCD.a(fat_m.o)
                0x20012a24                fm_tell
 .text.fm_putc  0x20012a84       0x68 C:/ISIS/workspace/ycube/GlobusSatProject/..//hal/hcc/lib\libHCCD.a(fat_m.o)
                0x20012a84                fm_putc
 .text.fm_rewind
                0x20012aec       0x60 C:/ISIS/workspace/ycube/GlobusSatProject/..//hal/hcc/lib\libHCCD.a(fat_m.o)
                0x20012aec                fm_rewind
 .text.fm_delete
                0x20012b4c       0x64 C:/ISIS/workspace/ycube/GlobusSatProject/..//hal/hcc/lib\libHCCD.a(fat_m.o)
                0x20012b4c                fm_delete
 .text.fm_getlasterror
                0x20012bb0       0x40 C:/ISIS/workspace/ycube/GlobusSatProject/..//hal/hcc/lib\libHCCD.a(fat_m.o)
                0x20012bb0                fm_getlasterror
 .text._f_invalidatedir
                0x20012bf0       0x28 C:/ISIS/workspace/ycube/GlobusSatProject/..//hal/hcc/lib\libHCCD.a(fat.o)
                0x20012bf0                _f_invalidatedir
 .text._f_getdirsector
                0x20012c18       0x88 C:/ISIS/workspace/ycube/GlobusSatProject/..//hal/hcc/lib\libHCCD.a(fat.o)
                0x20012c18                _f_getdirsector
 .text._f_writedirsector
                0x20012ca0       0x74 C:/ISIS/workspace/ycube/GlobusSatProject/..//hal/hcc/lib\libHCCD.a(fat.o)
                0x20012ca0                _f_writedirsector
 .text._f_checknameinv
                0x20012d14      0x180 C:/ISIS/workspace/ycube/GlobusSatProject/..//hal/hcc/lib\libHCCD.a(fat.o)
 .text._f_checkname
                0x20012e94       0x7c C:/ISIS/workspace/ycube/GlobusSatProject/..//hal/hcc/lib\libHCCD.a(fat.o)
 .text._f_checknamewc
                0x20012f10       0xf8 C:/ISIS/workspace/ycube/GlobusSatProject/..//hal/hcc/lib\libHCCD.a(fat.o)
 .text._f_setnameext
                0x20013008      0x300 C:/ISIS/workspace/ycube/GlobusSatProject/..//hal/hcc/lib\libHCCD.a(fat.o)
 .text._f_setfsname
                0x20013308      0x584 C:/ISIS/workspace/ycube/GlobusSatProject/..//hal/hcc/lib\libHCCD.a(fat.o)
 .text._f_findfile
                0x2001388c      0x30c C:/ISIS/workspace/ycube/GlobusSatProject/..//hal/hcc/lib\libHCCD.a(fat.o)
 .text._f_cmp_wname
                0x20013b98      0x274 C:/ISIS/workspace/ycube/GlobusSatProject/..//hal/hcc/lib\libHCCD.a(fat.o)
 .text._f_to_string
                0x20013e0c      0x130 C:/ISIS/workspace/ycube/GlobusSatProject/..//hal/hcc/lib\libHCCD.a(fat.o)
 .text._f_findfilewc
                0x20013f3c      0x278 C:/ISIS/workspace/ycube/GlobusSatProject/..//hal/hcc/lib\libHCCD.a(fat.o)
 .text._f_getfilename
                0x200141b4      0x20c C:/ISIS/workspace/ycube/GlobusSatProject/..//hal/hcc/lib\libHCCD.a(fat.o)
 .text._f_findpath
                0x200143c0      0x35c C:/ISIS/workspace/ycube/GlobusSatProject/..//hal/hcc/lib\libHCCD.a(fat.o)
 .text.fn_getdcwd
                0x2001471c      0x1e0 C:/ISIS/workspace/ycube/GlobusSatProject/..//hal/hcc/lib\libHCCD.a(fat.o)
                0x2001471c                fn_getdcwd
 .text.fn_findfirst
                0x200148fc      0x13c C:/ISIS/workspace/ycube/GlobusSatProject/..//hal/hcc/lib\libHCCD.a(fat.o)
                0x200148fc                fn_findfirst
 .text.fn_findnext
                0x20014a38      0x360 C:/ISIS/workspace/ycube/GlobusSatProject/..//hal/hcc/lib\libHCCD.a(fat.o)
                0x20014a38                fn_findnext
 .text._f_lock_resfile
                0x20014d98       0x6c C:/ISIS/workspace/ycube/GlobusSatProject/..//hal/hcc/lib\libHCCD.a(fat.o)
 .text._f_unlock_resfile
                0x20014e04       0x40 C:/ISIS/workspace/ycube/GlobusSatProject/..//hal/hcc/lib\libHCCD.a(fat.o)
 .text._f_getintfile
                0x20014e44      0x124 C:/ISIS/workspace/ycube/GlobusSatProject/..//hal/hcc/lib\libHCCD.a(fat.o)
 .text._f_addentry
                0x20014f68      0x540 C:/ISIS/workspace/ycube/GlobusSatProject/..//hal/hcc/lib\libHCCD.a(fat.o)
 .text.fn_mkdir
                0x200154a8      0x75c C:/ISIS/workspace/ycube/GlobusSatProject/..//hal/hcc/lib\libHCCD.a(fat.o)
                0x200154a8                fn_mkdir
 .text.fn_open_sub
                0x20015c04     0x1698 C:/ISIS/workspace/ycube/GlobusSatProject/..//hal/hcc/lib\libHCCD.a(fat.o)
 .text.fn_open  0x2001729c       0x44 C:/ISIS/workspace/ycube/GlobusSatProject/..//hal/hcc/lib\libHCCD.a(fat.o)
                0x2001729c                fn_open
 .text.fn_delete
                0x200172e0      0x490 C:/ISIS/workspace/ycube/GlobusSatProject/..//hal/hcc/lib\libHCCD.a(fat.o)
                0x200172e0                fn_delete
 .text.fn_rmdir
                0x20017770      0x5ac C:/ISIS/workspace/ycube/GlobusSatProject/..//hal/hcc/lib\libHCCD.a(fat.o)
                0x20017770                fn_rmdir
 .text.fn_init  0x20017d1c      0x2dc C:/ISIS/workspace/ycube/GlobusSatProject/..//hal/hcc/lib\libHCCD.a(fat_common.o)
                0x20017d1c                fn_init
 .text.fn_start
                0x20017ff8       0x1c C:/ISIS/workspace/ycube/GlobusSatProject/..//hal/hcc/lib\libHCCD.a(fat_common.o)
                0x20017ff8                fn_start
 .text.fsn_delete
                0x20018014       0xc8 C:/ISIS/workspace/ycube/GlobusSatProject/..//hal/hcc/lib\libHCCD.a(fat_common.o)
                0x20018014                fsn_delete
 .text._f_get16bitl
                0x200180dc       0x4c C:/ISIS/workspace/ycube/GlobusSatProject/..//hal/hcc/lib\libHCCD.a(fat_common.o)
                0x200180dc                _f_get16bitl
 .text._f_set16bitl
                0x20018128       0x54 C:/ISIS/workspace/ycube/GlobusSatProject/..//hal/hcc/lib\libHCCD.a(fat_common.o)
                0x20018128                _f_set16bitl
 .text._f_get32bitl
                0x2001817c       0x68 C:/ISIS/workspace/ycube/GlobusSatProject/..//hal/hcc/lib\libHCCD.a(fat_common.o)
                0x2001817c                _f_get32bitl
 .text._f_set32bitl
                0x200181e4       0x78 C:/ISIS/workspace/ycube/GlobusSatProject/..//hal/hcc/lib\libHCCD.a(fat_common.o)
                0x200181e4                _f_set32bitl
 .text._get8bit
                0x2001825c       0xa0 C:/ISIS/workspace/ycube/GlobusSatProject/..//hal/hcc/lib\libHCCD.a(fat_common.o)
 .text._get16bitl
                0x200182fc       0x40 C:/ISIS/workspace/ycube/GlobusSatProject/..//hal/hcc/lib\libHCCD.a(fat_common.o)
 .text._get32bitl
                0x2001833c       0x3c C:/ISIS/workspace/ycube/GlobusSatProject/..//hal/hcc/lib\libHCCD.a(fat_common.o)
 .text._f_setcardremoved
                0x20018378       0x94 C:/ISIS/workspace/ycube/GlobusSatProject/..//hal/hcc/lib\libHCCD.a(fat_common.o)
 .text._f_checkstatus
                0x2001840c      0x104 C:/ISIS/workspace/ycube/GlobusSatProject/..//hal/hcc/lib\libHCCD.a(fat_common.o)
                0x2001840c                _f_checkstatus
 .text._f_drvgetphy
                0x20018510      0x114 C:/ISIS/workspace/ycube/GlobusSatProject/..//hal/hcc/lib\libHCCD.a(fat_common.o)
 .text._f_drvwritesector
                0x20018624       0xdc C:/ISIS/workspace/ycube/GlobusSatProject/..//hal/hcc/lib\libHCCD.a(fat_common.o)
 .text._f_drvreadsector
                0x20018700       0xa8 C:/ISIS/workspace/ycube/GlobusSatProject/..//hal/hcc/lib\libHCCD.a(fat_common.o)
 .text._f_writesector
                0x200187a8      0x23c C:/ISIS/workspace/ycube/GlobusSatProject/..//hal/hcc/lib\libHCCD.a(fat_common.o)
                0x200187a8                _f_writesector
 .text._f_readsector
                0x200189e4      0x1dc C:/ISIS/workspace/ycube/GlobusSatProject/..//hal/hcc/lib\libHCCD.a(fat_common.o)
                0x200189e4                _f_readsector
 .text._f_getmaxcluster
                0x20018bc0       0x94 C:/ISIS/workspace/ycube/GlobusSatProject/..//hal/hcc/lib\libHCCD.a(fat_common.o)
                0x20018bc0                _f_getmaxcluster
 .text._getsectorfromcluster
                0x20018c54       0x68 C:/ISIS/workspace/ycube/GlobusSatProject/..//hal/hcc/lib\libHCCD.a(fat_common.o)
 .text._f_buildsectors
                0x20018cbc      0x268 C:/ISIS/workspace/ycube/GlobusSatProject/..//hal/hcc/lib\libHCCD.a(fat_common.o)
 .text._f_getbootrecord
                0x20018f24      0x5e4 C:/ISIS/workspace/ycube/GlobusSatProject/..//hal/hcc/lib\libHCCD.a(fat_common.o)
 .text._f_readbootrecord
                0x20019508      0x4f8 C:/ISIS/workspace/ycube/GlobusSatProject/..//hal/hcc/lib\libHCCD.a(fat_common.o)
 .text._f_flushcffiles
                0x20019a00      0x17c C:/ISIS/workspace/ycube/GlobusSatProject/..//hal/hcc/lib\libHCCD.a(fat_common.o)
                0x20019a00                _f_flushcffiles
 .text._f_fatcache_flush
                0x20019b7c      0x270 C:/ISIS/workspace/ycube/GlobusSatProject/..//hal/hcc/lib\libHCCD.a(fat_common.o)
                0x20019b7c                _f_fatcache_flush
 .text._f_writefatsector
                0x20019dec      0x100 C:/ISIS/workspace/ycube/GlobusSatProject/..//hal/hcc/lib\libHCCD.a(fat_common.o)
                0x20019dec                _f_writefatsector
 .text._f_getfatsector
                0x20019eec      0x3bc C:/ISIS/workspace/ycube/GlobusSatProject/..//hal/hcc/lib\libHCCD.a(fat_common.o)
 .text._f_setclustervalue
                0x2001a2a8      0x490 C:/ISIS/workspace/ycube/GlobusSatProject/..//hal/hcc/lib\libHCCD.a(fat_common.o)
                0x2001a2a8                _f_setclustervalue
 .text._f_getclustervalue
                0x2001a738      0x388 C:/ISIS/workspace/ycube/GlobusSatProject/..//hal/hcc/lib\libHCCD.a(fat_common.o)
                0x2001a738                _f_getclustervalue
 .text._f_close_drive_files
                0x2001aac0       0xac C:/ISIS/workspace/ycube/GlobusSatProject/..//hal/hcc/lib\libHCCD.a(fat_common.o)
 .text._f_inc_mount_count
                0x2001ab6c       0xa4 C:/ISIS/workspace/ycube/GlobusSatProject/..//hal/hcc/lib\libHCCD.a(fat_common.o)
 .text._f_getvolume
                0x2001ac10      0x2f8 C:/ISIS/workspace/ycube/GlobusSatProject/..//hal/hcc/lib\libHCCD.a(fat_common.o)
                0x2001ac10                _f_getvolume
 .text.fn_createdriver
                0x2001af08      0x118 C:/ISIS/workspace/ycube/GlobusSatProject/..//hal/hcc/lib\libHCCD.a(fat_common.o)
                0x2001af08                fn_createdriver
 .text.fn_initvolume
                0x2001b020      0x12c C:/ISIS/workspace/ycube/GlobusSatProject/..//hal/hcc/lib\libHCCD.a(fat_common.o)
                0x2001b020                fn_initvolume
 .text.fn_releasedriver
                0x2001b14c       0xf4 C:/ISIS/workspace/ycube/GlobusSatProject/..//hal/hcc/lib\libHCCD.a(fat_common.o)
                0x2001b14c                fn_releasedriver
 .text.fn_initvolumepartition_sub
                0x2001b240       0xe0 C:/ISIS/workspace/ycube/GlobusSatProject/..//hal/hcc/lib\libHCCD.a(fat_common.o)
 .text.fn_initvolumepartition
                0x2001b320       0xac C:/ISIS/workspace/ycube/GlobusSatProject/..//hal/hcc/lib\libHCCD.a(fat_common.o)
                0x2001b320                fn_initvolumepartition
 .text.fn_delvolume
                0x2001b3cc      0x194 C:/ISIS/workspace/ycube/GlobusSatProject/..//hal/hcc/lib\libHCCD.a(fat_common.o)
                0x2001b3cc                fn_delvolume
 .text._f_clustertopos
                0x2001b560       0xf8 C:/ISIS/workspace/ycube/GlobusSatProject/..//hal/hcc/lib\libHCCD.a(fat_common.o)
                0x2001b560                _f_clustertopos
 .text._f_getcurrsector
                0x2001b658      0x6c8 C:/ISIS/workspace/ycube/GlobusSatProject/..//hal/hcc/lib\libHCCD.a(fat_common.o)
                0x2001b658                _f_getcurrsector
 .text._f_getdecluster
                0x2001bd20       0x90 C:/ISIS/workspace/ycube/GlobusSatProject/..//hal/hcc/lib\libHCCD.a(fat_common.o)
                0x2001bd20                _f_getdecluster
 .text._f_setdecluster
                0x2001bdb0       0x8c C:/ISIS/workspace/ycube/GlobusSatProject/..//hal/hcc/lib\libHCCD.a(fat_common.o)
                0x2001bdb0                _f_setdecluster
 .text.fn_getdrive
                0x2001be3c       0x30 C:/ISIS/workspace/ycube/GlobusSatProject/..//hal/hcc/lib\libHCCD.a(fat_common.o)
                0x2001be3c                fn_getdrive
 .text._f_getcurrenttimedate
                0x2001be6c      0x138 C:/ISIS/workspace/ycube/GlobusSatProject/..//hal/hcc/lib\libHCCD.a(fat_common.o)
                0x2001be6c                _f_getcurrenttimedate
 .text._f_initentry
                0x2001bfa4       0xa0 C:/ISIS/workspace/ycube/GlobusSatProject/..//hal/hcc/lib\libHCCD.a(fat_common.o)
                0x2001bfa4                _f_initentry
 .text._f_alloccluster
                0x2001c044      0x344 C:/ISIS/workspace/ycube/GlobusSatProject/..//hal/hcc/lib\libHCCD.a(fat_common.o)
                0x2001c044                _f_alloccluster
 .text._f_dobadblock
                0x2001c388      0x2cc C:/ISIS/workspace/ycube/GlobusSatProject/..//hal/hcc/lib\libHCCD.a(fat_common.o)
                0x2001c388                _f_dobadblock
 .text._f_checklocked
                0x2001c654       0xe4 C:/ISIS/workspace/ycube/GlobusSatProject/..//hal/hcc/lib\libHCCD.a(fat_common.o)
                0x2001c654                _f_checklocked
 .text._f_checkappendlocked
                0x2001c738      0x110 C:/ISIS/workspace/ycube/GlobusSatProject/..//hal/hcc/lib\libHCCD.a(fat_common.o)
                0x2001c738                _f_checkappendlocked
 .text._f_setsyncafile
                0x2001c848      0x114 C:/ISIS/workspace/ycube/GlobusSatProject/..//hal/hcc/lib\libHCCD.a(fat_common.o)
                0x2001c848                _f_setsyncafile
 .text._f_syncfiles
                0x2001c95c      0x128 C:/ISIS/workspace/ycube/GlobusSatProject/..//hal/hcc/lib\libHCCD.a(fat_common.o)
                0x2001c95c                _f_syncfiles
 .text._f_syncfilescontent
                0x2001ca84      0x15c C:/ISIS/workspace/ycube/GlobusSatProject/..//hal/hcc/lib\libHCCD.a(fat_common.o)
 .text.fn_getfreespace
                0x2001cbe0      0x4c0 C:/ISIS/workspace/ycube/GlobusSatProject/..//hal/hcc/lib\libHCCD.a(fat_common.o)
                0x2001cbe0                fn_getfreespace
 .text._f_emptywritecache
                0x2001d0a0      0x4a4 C:/ISIS/workspace/ycube/GlobusSatProject/..//hal/hcc/lib\libHCCD.a(fat_common.o)
 .text._f_allocnextcluster
                0x2001d544      0x54c C:/ISIS/workspace/ycube/GlobusSatProject/..//hal/hcc/lib\libHCCD.a(fat_common.o)
 .text._f_emptywritebuffer
                0x2001da90      0x20c C:/ISIS/workspace/ycube/GlobusSatProject/..//hal/hcc/lib\libHCCD.a(fat_common.o)
 .text._f_writezeros
                0x2001dc9c       0xf0 C:/ISIS/workspace/ycube/GlobusSatProject/..//hal/hcc/lib\libHCCD.a(fat_common.o)
                0x2001dc9c                _f_writezeros
 .text._f_extend_file
                0x2001dd8c      0x570 C:/ISIS/workspace/ycube/GlobusSatProject/..//hal/hcc/lib\libHCCD.a(fat_common.o)
 .text._f_fseek
                0x2001e2fc      0x9bc C:/ISIS/workspace/ycube/GlobusSatProject/..//hal/hcc/lib\libHCCD.a(fat_common.o)
                0x2001e2fc                _f_fseek
 .text._f_removechain
                0x2001ecb8      0x104 C:/ISIS/workspace/ycube/GlobusSatProject/..//hal/hcc/lib\libHCCD.a(fat_common.o)
                0x2001ecb8                _f_removechain
 .text._f_updatefileentry
                0x2001edbc      0x1cc C:/ISIS/workspace/ycube/GlobusSatProject/..//hal/hcc/lib\libHCCD.a(fat_common.o)
 .text._f_checkreadlocked
                0x2001ef88      0x1bc C:/ISIS/workspace/ycube/GlobusSatProject/..//hal/hcc/lib\libHCCD.a(fat_common.o)
                0x2001ef88                _f_checkreadlocked
 .text._f_check_handle
                0x2001f144       0x98 C:/ISIS/workspace/ycube/GlobusSatProject/..//hal/hcc/lib\libHCCD.a(fat_common.o)
                0x2001f144                _f_check_handle
 .text._f_removesyncafile
                0x2001f1dc      0x1ec C:/ISIS/workspace/ycube/GlobusSatProject/..//hal/hcc/lib\libHCCD.a(fat_common.o)
 .text.fn_close
                0x2001f3c8      0x3f8 C:/ISIS/workspace/ycube/GlobusSatProject/..//hal/hcc/lib\libHCCD.a(fat_common.o)
                0x2001f3c8                fn_close
 .text.fn_flush
                0x2001f7c0      0x374 C:/ISIS/workspace/ycube/GlobusSatProject/..//hal/hcc/lib\libHCCD.a(fat_common.o)
                0x2001f7c0                fn_flush
 .text.fn_read  0x2001fb34      0x690 C:/ISIS/workspace/ycube/GlobusSatProject/..//hal/hcc/lib\libHCCD.a(fat_common.o)
                0x2001fb34                fn_read
 .text._f_abortwrite
                0x200201c4      0x100 C:/ISIS/workspace/ycube/GlobusSatProject/..//hal/hcc/lib\libHCCD.a(fat_common.o)
 .text._f_checkwritecluster
                0x200202c4       0xe4 C:/ISIS/workspace/ycube/GlobusSatProject/..//hal/hcc/lib\libHCCD.a(fat_common.o)
 .text.fn_write
                0x200203a8      0x8a8 C:/ISIS/workspace/ycube/GlobusSatProject/..//hal/hcc/lib\libHCCD.a(fat_common.o)
                0x200203a8                fn_write
 .text.fn_seek  0x20020c50      0x270 C:/ISIS/workspace/ycube/GlobusSatProject/..//hal/hcc/lib\libHCCD.a(fat_common.o)
                0x20020c50                fn_seek
 .text.fn_tell  0x20020ec0      0x19c C:/ISIS/workspace/ycube/GlobusSatProject/..//hal/hcc/lib\libHCCD.a(fat_common.o)
                0x20020ec0                fn_tell
 .text.fn_rewind
                0x2002105c       0x38 C:/ISIS/workspace/ycube/GlobusSatProject/..//hal/hcc/lib\libHCCD.a(fat_common.o)
                0x2002105c                fn_rewind
 .text.fn_putc  0x20021094       0x68 C:/ISIS/workspace/ycube/GlobusSatProject/..//hal/hcc/lib\libHCCD.a(fat_common.o)
                0x20021094                fn_putc
 .text.f_enterFS
                0x200210fc      0x1c0 C:/ISIS/workspace/ycube/GlobusSatProject/..//hal/hcc/lib\libHCCD.a(fat_common.o)
                0x200210fc                f_enterFS
 .text.f_releaseFS
                0x200212bc       0xb0 C:/ISIS/workspace/ycube/GlobusSatProject/..//hal/hcc/lib\libHCCD.a(fat_common.o)
                0x200212bc                f_releaseFS
 .text.fnGetTask
                0x2002136c       0xfc C:/ISIS/workspace/ycube/GlobusSatProject/..//hal/hcc/lib\libHCCD.a(fat_common.o)
                0x2002136c                fnGetTask
 .text._f_mutex_get
                0x20021468       0x98 C:/ISIS/workspace/ycube/GlobusSatProject/..//hal/hcc/lib\libHCCD.a(fat_common.o)
                0x20021468                _f_mutex_get
 .text._f_mutex_put
                0x20021500       0x54 C:/ISIS/workspace/ycube/GlobusSatProject/..//hal/hcc/lib\libHCCD.a(fat_common.o)
                0x20021500                _f_mutex_put
 .text._fn_initseekdivisor
                0x20021554      0x158 C:/ISIS/workspace/ycube/GlobusSatProject/..//hal/hcc/lib\libHCCD.a(fat_common.o)
                0x20021554                _fn_initseekdivisor
 .text._fn_updateseekpos
                0x200216ac       0xc4 C:/ISIS/workspace/ycube/GlobusSatProject/..//hal/hcc/lib\libHCCD.a(fat_common.o)
 .text._f_findopensize
                0x20021770       0x2c C:/ISIS/workspace/ycube/GlobusSatProject/..//hal/hcc/lib\libHCCD.a(fat_common.o)
                0x20021770                _f_findopensize
 .text.fn_setlasterror
                0x2002179c       0x34 C:/ISIS/workspace/ycube/GlobusSatProject/..//hal/hcc/lib\libHCCD.a(fat_common.o)
                0x2002179c                fn_setlasterror
 .text.fn_setlasterror_noret
                0x200217d0       0x2c C:/ISIS/workspace/ycube/GlobusSatProject/..//hal/hcc/lib\libHCCD.a(fat_common.o)
                0x200217d0                fn_setlasterror_noret
 .text._s_checkzeroclusteratend
                0x200217fc       0xf8 C:/ISIS/workspace/ycube/GlobusSatProject/..//hal/hcc/lib\libHCCD.a(safefat.o)
 .text._s_clearclustercontent
                0x200218f4      0x108 C:/ISIS/workspace/ycube/GlobusSatProject/..//hal/hcc/lib\libHCCD.a(safefat.o)
 .text._s_clearclustercontentdir
                0x200219fc      0x19c C:/ISIS/workspace/ycube/GlobusSatProject/..//hal/hcc/lib\libHCCD.a(safefat.o)
 .text._s_writedirsector
                0x20021b98       0xd0 C:/ISIS/workspace/ycube/GlobusSatProject/..//hal/hcc/lib\libHCCD.a(safefat.o)
 .text._s_getdirsector
                0x20021c68      0x100 C:/ISIS/workspace/ycube/GlobusSatProject/..//hal/hcc/lib\libHCCD.a(safefat.o)
 .text._s_addentry
                0x20021d68      0x394 C:/ISIS/workspace/ycube/GlobusSatProject/..//hal/hcc/lib\libHCCD.a(safefat.o)
 .text._s_findfile
                0x200220fc      0x33c C:/ISIS/workspace/ycube/GlobusSatProject/..//hal/hcc/lib\libHCCD.a(safefat.o)
 .text._s_findsubdir
                0x20022438      0x248 C:/ISIS/workspace/ycube/GlobusSatProject/..//hal/hcc/lib\libHCCD.a(safefat.o)
 .text._s_createfile
                0x20022680      0x190 C:/ISIS/workspace/ycube/GlobusSatProject/..//hal/hcc/lib\libHCCD.a(safefat.o)
 .text._s_findsaffile
                0x20022810      0x1b8 C:/ISIS/workspace/ycube/GlobusSatProject/..//hal/hcc/lib\libHCCD.a(safefat.o)
 .text._s_open  0x200229c8       0xe4 C:/ISIS/workspace/ycube/GlobusSatProject/..//hal/hcc/lib\libHCCD.a(safefat.o)
 .text._s_open_saf
                0x20022aac       0xe8 C:/ISIS/workspace/ycube/GlobusSatProject/..//hal/hcc/lib\libHCCD.a(safefat.o)
 .text._s_flush
                0x20022b94       0x84 C:/ISIS/workspace/ycube/GlobusSatProject/..//hal/hcc/lib\libHCCD.a(safefat.o)
 .text._s_allocnextcluster
                0x20022c18      0x13c C:/ISIS/workspace/ycube/GlobusSatProject/..//hal/hcc/lib\libHCCD.a(safefat.o)
 .text._s_getnextsector
                0x20022d54       0xdc C:/ISIS/workspace/ycube/GlobusSatProject/..//hal/hcc/lib\libHCCD.a(safefat.o)
 .text._s_seek  0x20022e30      0x1e8 C:/ISIS/workspace/ycube/GlobusSatProject/..//hal/hcc/lib\libHCCD.a(safefat.o)
 .text._s_get_len
                0x20023018      0x10c C:/ISIS/workspace/ycube/GlobusSatProject/..//hal/hcc/lib\libHCCD.a(safefat.o)
 .text._s_set_len
                0x20023124       0xb4 C:/ISIS/workspace/ycube/GlobusSatProject/..//hal/hcc/lib\libHCCD.a(safefat.o)
 .text.safe_fix_filelengths
                0x200231d8       0xcc C:/ISIS/workspace/ycube/GlobusSatProject/..//hal/hcc/lib\libHCCD.a(safefat.o)
                0x200231d8                safe_fix_filelengths
 .text._s_read  0x200232a4      0x228 C:/ISIS/workspace/ycube/GlobusSatProject/..//hal/hcc/lib\libHCCD.a(safefat.o)
 .text._s_write
                0x200234cc      0x384 C:/ISIS/workspace/ycube/GlobusSatProject/..//hal/hcc/lib\libHCCD.a(safefat.o)
 .text._s_restoreclusters
                0x20023850      0x270 C:/ISIS/workspace/ycube/GlobusSatProject/..//hal/hcc/lib\libHCCD.a(safefat.o)
                0x20023850                _s_restoreclusters
 .text._s_findrestore
                0x20023ac0      0x18c C:/ISIS/workspace/ycube/GlobusSatProject/..//hal/hcc/lib\libHCCD.a(safefat.o)
 .text._s_cmd_writede
                0x20023c4c       0xd8 C:/ISIS/workspace/ycube/GlobusSatProject/..//hal/hcc/lib\libHCCD.a(safefat.o)
 .text._s_cmd_setcluster
                0x20023d24       0x88 C:/ISIS/workspace/ycube/GlobusSatProject/..//hal/hcc/lib\libHCCD.a(safefat.o)
 .text._s_cmd_deletechain
                0x20023dac      0x100 C:/ISIS/workspace/ycube/GlobusSatProject/..//hal/hcc/lib\libHCCD.a(safefat.o)
 .text._s_cmd_validatecfn
                0x20023eac      0x308 C:/ISIS/workspace/ycube/GlobusSatProject/..//hal/hcc/lib\libHCCD.a(safefat.o)
 .text._s_cmd_seteof
                0x200241b4      0x3c4 C:/ISIS/workspace/ycube/GlobusSatProject/..//hal/hcc/lib\libHCCD.a(safefat.o)
 .text.safe_docommands
                0x20024578      0x56c C:/ISIS/workspace/ycube/GlobusSatProject/..//hal/hcc/lib\libHCCD.a(safefat.o)
                0x20024578                safe_docommands
 .text.safe_entercommand
                0x20024ae4       0x68 C:/ISIS/workspace/ycube/GlobusSatProject/..//hal/hcc/lib\libHCCD.a(safefat.o)
                0x20024ae4                safe_entercommand
 .text.safe_ready
                0x20024b4c       0xf4 C:/ISIS/workspace/ycube/GlobusSatProject/..//hal/hcc/lib\libHCCD.a(safefat.o)
                0x20024b4c                safe_ready
 .text.safe_copycfn
                0x20024c40       0xb8 C:/ISIS/workspace/ycube/GlobusSatProject/..//hal/hcc/lib\libHCCD.a(safefat.o)
                0x20024c40                safe_copycfn
 .text.safe_cfremove
                0x20024cf8       0xb8 C:/ISIS/workspace/ycube/GlobusSatProject/..//hal/hcc/lib\libHCCD.a(safefat.o)
                0x20024cf8                safe_cfremove
 .text.safe_writede
                0x20024db0      0x104 C:/ISIS/workspace/ycube/GlobusSatProject/..//hal/hcc/lib\libHCCD.a(safefat.o)
                0x20024db0                safe_writede
 .text.safe_setcluster
                0x20024eb4       0xcc C:/ISIS/workspace/ycube/GlobusSatProject/..//hal/hcc/lib\libHCCD.a(safefat.o)
                0x20024eb4                safe_setcluster
 .text.safe_deletechain
                0x20024f80      0x1c8 C:/ISIS/workspace/ycube/GlobusSatProject/..//hal/hcc/lib\libHCCD.a(safefat.o)
                0x20024f80                safe_deletechain
 .text.safe_cfclose
                0x20025148      0x104 C:/ISIS/workspace/ycube/GlobusSatProject/..//hal/hcc/lib\libHCCD.a(safefat.o)
                0x20025148                safe_cfclose
 .text.safe_cfflush
                0x2002524c      0x124 C:/ISIS/workspace/ycube/GlobusSatProject/..//hal/hcc/lib\libHCCD.a(safefat.o)
                0x2002524c                safe_cfflush
 .text.safe_reset
                0x20025370       0x78 C:/ISIS/workspace/ycube/GlobusSatProject/..//hal/hcc/lib\libHCCD.a(safefat.o)
                0x20025370                safe_reset
 .text.safe_loadcommands
                0x200253e8       0x78 C:/ISIS/workspace/ycube/GlobusSatProject/..//hal/hcc/lib\libHCCD.a(safefat.o)
                0x200253e8                safe_loadcommands
 .text.safe_poweron
                0x20025460      0x1fc C:/ISIS/workspace/ycube/GlobusSatProject/..//hal/hcc/lib\libHCCD.a(safefat.o)
                0x20025460                safe_poweron
 .text.cf_getname
                0x2002565c       0xc0 C:/ISIS/workspace/ycube/GlobusSatProject/..//hal/hcc/lib\libHCCD.a(safefat.o)
 .text.cf_copyclusterchain
                0x2002571c      0x138 C:/ISIS/workspace/ycube/GlobusSatProject/..//hal/hcc/lib\libHCCD.a(safefat.o)
 .text.cf_seektozero
                0x20025854       0x94 C:/ISIS/workspace/ycube/GlobusSatProject/..//hal/hcc/lib\libHCCD.a(safefat.o)
                0x20025854                cf_seektozero
 .text.cf_create
                0x200258e8      0x3a8 C:/ISIS/workspace/ycube/GlobusSatProject/..//hal/hcc/lib\libHCCD.a(safefat.o)
                0x200258e8                cf_create
 .text.cf_copyclustercontent
                0x20025c90      0x128 C:/ISIS/workspace/ycube/GlobusSatProject/..//hal/hcc/lib\libHCCD.a(safefat.o)
                0x20025c90                cf_copyclustercontent
 .text.cf_copycfn
                0x20025db8      0x4bc C:/ISIS/workspace/ycube/GlobusSatProject/..//hal/hcc/lib\libHCCD.a(safefat.o)
                0x20025db8                cf_copycfn
 .text.cf_remove
                0x20026274      0x344 C:/ISIS/workspace/ycube/GlobusSatProject/..//hal/hcc/lib\libHCCD.a(safefat.o)
                0x20026274                cf_remove
 .text.cf_setclusternew
                0x200265b8       0xf0 C:/ISIS/workspace/ycube/GlobusSatProject/..//hal/hcc/lib\libHCCD.a(safefat.o)
                0x200265b8                cf_setclusternew
 .text.cf_flush
                0x200266a8       0x58 C:/ISIS/workspace/ycube/GlobusSatProject/..//hal/hcc/lib\libHCCD.a(safefat.o)
                0x200266a8                cf_flush
 .text.cf_getcluster
                0x20026700      0x1b4 C:/ISIS/workspace/ycube/GlobusSatProject/..//hal/hcc/lib\libHCCD.a(safefat.o)
                0x20026700                cf_getcluster
 .text.cf_setnextcluster
                0x200268b4      0x194 C:/ISIS/workspace/ycube/GlobusSatProject/..//hal/hcc/lib\libHCCD.a(safefat.o)
                0x200268b4                cf_setnextcluster
 .text.cf_getpositions
                0x20026a48       0xbc C:/ISIS/workspace/ycube/GlobusSatProject/..//hal/hcc/lib\libHCCD.a(safefat.o)
                0x20026a48                cf_getpositions
 .text.cf_setpositions
                0x20026b04       0xb0 C:/ISIS/workspace/ycube/GlobusSatProject/..//hal/hcc/lib\libHCCD.a(safefat.o)
                0x20026b04                cf_setpositions
 .text.cf_opensyncafile
                0x20026bb4      0x150 C:/ISIS/workspace/ycube/GlobusSatProject/..//hal/hcc/lib\libHCCD.a(safefat.o)
                0x20026bb4                cf_opensyncafile
 .text.cf_reloadcfo
                0x20026d04       0xd8 C:/ISIS/workspace/ycube/GlobusSatProject/..//hal/hcc/lib\libHCCD.a(safefat.o)
                0x20026d04                cf_reloadcfo
 .text.mcipdc_cmd
                0x20026ddc      0x22c C:/ISIS/workspace/ycube/GlobusSatProject/..//hal/hcc/lib\libHCCD.a(atmel_mcipdc.o)
 .text.mcipdc_stop
                0x20027008       0xfc C:/ISIS/workspace/ycube/GlobusSatProject/..//hal/hcc/lib\libHCCD.a(atmel_mcipdc.o)
                0x20027008                mcipdc_stop
 .text.mcipdc_read
                0x20027104      0x27c C:/ISIS/workspace/ycube/GlobusSatProject/..//hal/hcc/lib\libHCCD.a(atmel_mcipdc.o)
 .text.mcipdc_write
                0x20027380      0x298 C:/ISIS/workspace/ycube/GlobusSatProject/..//hal/hcc/lib\libHCCD.a(atmel_mcipdc.o)
 .text.mcipdc_readsector
                0x20027618       0x9c C:/ISIS/workspace/ycube/GlobusSatProject/..//hal/hcc/lib\libHCCD.a(atmel_mcipdc.o)
                0x20027618                mcipdc_readsector
 .text.mcipdc_readmultiplesector
                0x200276b4      0x124 C:/ISIS/workspace/ycube/GlobusSatProject/..//hal/hcc/lib\libHCCD.a(atmel_mcipdc.o)
                0x200276b4                mcipdc_readmultiplesector
 .text.mcipdc_writesector
                0x200277d8       0x90 C:/ISIS/workspace/ycube/GlobusSatProject/..//hal/hcc/lib\libHCCD.a(atmel_mcipdc.o)
                0x200277d8                mcipdc_writesector
 .text.mcipdc_writemultiplesector
                0x20027868      0x120 C:/ISIS/workspace/ycube/GlobusSatProject/..//hal/hcc/lib\libHCCD.a(atmel_mcipdc.o)
                0x20027868                mcipdc_writemultiplesector
 .text.mcipdc_set_speed
                0x20027988       0xb0 C:/ISIS/workspace/ycube/GlobusSatProject/..//hal/hcc/lib\libHCCD.a(atmel_mcipdc.o)
 .text.mcipdc_get_speed
                0x20027a38       0x48 C:/ISIS/workspace/ycube/GlobusSatProject/..//hal/hcc/lib\libHCCD.a(atmel_mcipdc.o)
 .text._get_csd_bits
                0x20027a80      0x14c C:/ISIS/workspace/ycube/GlobusSatProject/..//hal/hcc/lib\libHCCD.a(atmel_mcipdc.o)
 .text.mcipdc_initcard
                0x20027bcc      0x8f4 C:/ISIS/workspace/ycube/GlobusSatProject/..//hal/hcc/lib\libHCCD.a(atmel_mcipdc.o)
 .text.mcipdc_getstatus
                0x200284c0       0xe8 C:/ISIS/workspace/ycube/GlobusSatProject/..//hal/hcc/lib\libHCCD.a(atmel_mcipdc.o)
 .text.mcipdc_getphy
                0x200285a8       0x90 C:/ISIS/workspace/ycube/GlobusSatProject/..//hal/hcc/lib\libHCCD.a(atmel_mcipdc.o)
 .text.mcipdc_release
                0x20028638       0x50 C:/ISIS/workspace/ycube/GlobusSatProject/..//hal/hcc/lib\libHCCD.a(atmel_mcipdc.o)
 .text.atmel_mcipdc_initfunc
                0x20028688      0x160 C:/ISIS/workspace/ycube/GlobusSatProject/..//hal/hcc/lib\libHCCD.a(atmel_mcipdc.o)
                0x20028688                atmel_mcipdc_initfunc
 .text.oal_task_get_id
                0x200287e8       0x18 C:/ISIS/workspace/ycube/GlobusSatProject/..//hal/hcc/lib\libHCCD.a(oalp_task.o)
                0x200287e8                oal_task_get_id
 .text.oal_mutex_create
                0x20028800       0x54 C:/ISIS/workspace/ycube/GlobusSatProject/..//hal/hcc/lib\libHCCD.a(oalp_mutex.o)
                0x20028800                oal_mutex_create
 .text.oal_mutex_delete
                0x20028854       0x30 C:/ISIS/workspace/ycube/GlobusSatProject/..//hal/hcc/lib\libHCCD.a(oalp_mutex.o)
                0x20028854                oal_mutex_delete
 .text.oal_mutex_get
                0x20028884       0x58 C:/ISIS/workspace/ycube/GlobusSatProject/..//hal/hcc/lib\libHCCD.a(oalp_mutex.o)
                0x20028884                oal_mutex_get
 .text.oal_mutex_put
                0x200288dc       0x58 C:/ISIS/workspace/ycube/GlobusSatProject/..//hal/hcc/lib\libHCCD.a(oalp_mutex.o)
                0x200288dc                oal_mutex_put
 .text.mcipdc_hw_init