Archive member included because of file (symbol)

C:/ISIS/workspace/ycube/GlobusSatProject/..//hal/hal/lib\libHALD.a(SPI.o)
                              ./src/InitSystem.o (SPI_start)
C:/ISIS/workspace/ycube/GlobusSatProject/..//hal/hal/lib\libHALD.a(I2C.o)
                              ./src/SubSystemModules/Communication/SubsystemCommands/Maintanence_Commands.o (I2C_write)
C:/ISIS/workspace/ycube/GlobusSatProject/..//hal/hal/lib\libHALD.a(ADC.o)
                              ./src/SubSystemModules/Housekepping/TelemetryCollector.o (ADC_ConvertRaw10bitToMillivolt)
C:/ISIS/workspace/ycube/GlobusSatProject/..//hal/hal/lib\libHALD.a(FRAM.o)
                              ./src/SubSystemModules/Communication/SubsystemCommands/Maintanence_Commands.o (FRAM_start)
C:/ISIS/workspace/ycube/GlobusSatProject/..//hal/hal/lib\libHALD.a(Time.o)
                              ./src/InitSystem.o (Time_start)
C:/ISIS/workspace/ycube/GlobusSatProject/..//hal/hal/lib\libHALD.a(WatchDogTimerNoOS.o)
                              ./src/main.o (WDT_start)
C:/ISIS/workspace/ycube/GlobusSatProject/..//hal/hal/lib\libHALD.a(RTT.o)
                              C:/ISIS/workspace/ycube/GlobusSatProject/..//hal/hal/lib\libHALD.a(Time.o) (RTT_start)
C:/ISIS/workspace/ycube/GlobusSatProject/..//hal/hal/lib\libHALD.a(RTC.o)
                              C:/ISIS/workspace/ycube/GlobusSatProject/..//hal/hal/lib\libHALD.a(Time.o) (RTC_getTime)
C:/ISIS/workspace/ycube/GlobusSatProject/..//hal/hal/lib\libHALD.a(WatchDogTimerOS.o)
                              ./src/TestingDemos/MainTest.o (WDT_startWatchdogKickTask)
C:/ISIS/workspace/ycube/GlobusSatProject/..//hal/hal/lib\libHALD.a(fprintf.o)
                              ./src/TLM_management.o (f_puts)
C:/ISIS/workspace/ycube/GlobusSatProject/..//hal/hal/lib\libHALD.a(util.o)
                              ./src/TestingDemos/EpsTestingDemo.o (UTIL_DbguGetInteger)
C:/ISIS/workspace/ycube/GlobusSatProject/..//hal/hal/lib\libHALD.a(LED.o)
                              C:/ISIS/workspace/ycube/GlobusSatProject/..//hal/hal/lib\libHALD.a(WatchDogTimerOS.o) (LED_toggle)
C:/ISIS/workspace/ycube/GlobusSatProject/..//hal/hcc/lib\libHCCD.a(fat_m.o)
                              ./src/TLM_management.o (fm_initvolume)
C:/ISIS/workspace/ycube/GlobusSatProject/..//hal/hcc/lib\libHCCD.a(fat.o)
                              C:/ISIS/workspace/ycube/GlobusSatProject/..//hal/hcc/lib\libHCCD.a(fat_m.o) (fn_getdcwd)
C:/ISIS/workspace/ycube/GlobusSatProject/..//hal/hcc/lib\libHCCD.a(fat_common.o)
                              C:/ISIS/workspace/ycube/GlobusSatProject/..//hal/hcc/lib\libHCCD.a(fat.o) (p_filesystem)
C:/ISIS/workspace/ycube/GlobusSatProject/..//hal/hcc/lib\libHCCD.a(safefat.o)
                              C:/ISIS/workspace/ycube/GlobusSatProject/..//hal/hcc/lib\libHCCD.a(fat.o) (s_subdir)
C:/ISIS/workspace/ycube/GlobusSatProject/..//hal/hcc/lib\libHCCD.a(atmel_mcipdc.o)
                              ./src/TLM_management.o (atmel_mcipdc_initfunc)
C:/ISIS/workspace/ycube/GlobusSatProject/..//hal/hcc/lib\libHCCD.a(oalp_task.o)
                              C:/ISIS/workspace/ycube/GlobusSatProject/..//hal/hcc/lib\libHCCD.a(fat_common.o) (oal_task_get_id)
C:/ISIS/workspace/ycube/GlobusSatProject/..//hal/hcc/lib\libHCCD.a(oalp_mutex.o)
                              C:/ISIS/workspace/ycube/GlobusSatProject/..//hal/hcc/lib\libHCCD.a(fat_common.o) (oal_mutex_create)
C:/ISIS/workspace/ycube/GlobusSatProject/..//hal/hcc/lib\libHCCD.a(atmel_mcipdc_hw.o)
                              C:/ISIS/workspace/ycube/GlobusSatProject/..//hal/hcc/lib\libHCCD.a(atmel_mcipdc.o) (mcipdc_hw_init)
C:/ISIS/workspace/ycube/GlobusSatProject/..//hal/hcc/lib\libHCCD.a(psp_rand.o)
                              C:/ISIS/workspace/ycube/GlobusSatProject/..//hal/hcc/lib\libHCCD.a(fat_common.o) (psp_getrand)
C:/ISIS/workspace/ycube/GlobusSatProject/..//hal/hcc/lib\libHCCD.a(psp_rtc.o)
                              C:/ISIS/workspace/ycube/GlobusSatProject/..//hal/hcc/lib\libHCCD.a(fat_common.o) (psp_getcurrenttimedate)
C:/ISIS/workspace/ycube/GlobusSatProject/..//hal/hcc/lib\libHCCD.a(hcc_mem.o)
                              C:/ISIS/workspace/ycube/GlobusSatProject/..//hal/hcc/lib\libHCCD.a(atmel_mcipdc.o) (hcc_mem_alloc)
C:/ISIS/workspace/ycube/GlobusSatProject/..//hal/hcc/lib\libHCCD.a(psp_hcc_mem.o)
                              C:/ISIS/workspace/ycube/GlobusSatProject/..//hal/hcc/lib\libHCCD.a(hcc_mem.o) (hcc_mem_buf_alloc)
C:/ISIS/workspace/ycube/GlobusSatProject/..//satellite-subsystems/satellite-subsystems/lib\libSatelliteSubsystemsD.a(IsisAntS.o)
                              ./src/SubSystemModules/Communication/TRXVU.o (IsisAntS_initialize)
C:/ISIS/workspace/ycube/GlobusSatProject/..//satellite-subsystems/satellite-subsystems/lib\libSatelliteSubsystemsD.a(IsisTRXVU.o)
                              ./src/TestingDemos/TrxvuTestingDemo.o (IsisTrxvu_initialize)
[...]
Memory Configuration

Name             Origin             Length             Attributes
sram0            0x00200000         0x00004000         w !xr
sram1            0x00300000         0x00004000         w !xr
sdram            0x20000000         0x02000000         w !xr
*default*        0x00000000         0xffffffff

Linker script and memory map

LOAD c:/isis/application/toolchain/bin/../lib/gcc/arm-none-eabi/4.7.4/../../../../arm-none-eabi/lib\libc.a
LOAD ./src/TestingDemos/CommandsTestingDemo.o
LOAD ./src/TestingDemos/EpsTestingDemo.o
LOAD ./src/TestingDemos/FileSystemTestingDemo.o
LOAD ./src/TestingDemos/MainTest.o
LOAD ./src/TestingDemos/MaintenanceTestingDemo.o
LOAD ./src/TestingDemos/TelemetryTestingDemo.o
LOAD ./src/TestingDemos/TrxvuTestingDemo.o
LOAD ./src/SubSystemModules/PowerManagment/EPS.o
LOAD ./src/SubSystemModules/PowerManagment/EPSOperationModes.o
LOAD ./src/SubSystemModules/Maintenance/Maintenance.o
LOAD ./src/SubSystemModules/Housekepping/RAMTelemetry.o
LOAD ./src/SubSystemModules/Housekepping/TelemetryCollector.o
LOAD ./src/SubSystemModules/Communication/SubsystemCommands/EPS_Commands.o
LOAD ./src/SubSystemModules/Communication/SubsystemCommands/FS_Commands.o
LOAD ./src/SubSystemModules/Communication/SubsystemCommands/Maintanence_Commands.o
LOAD ./src/SubSystemModules/Communication/SubsystemCommands/TRXVU_Commands.o
LOAD ./src/SubSystemModules/Communication/AckHandler.o
LOAD ./src/SubSystemModules/Communication/CommandDictionary.o
LOAD ./src/SubSystemModules/Communication/HashSecuredCMD.o
LOAD ./src/SubSystemModules/Communication/SatCommandHandler.o
LOAD ./src/SubSystemModules/Communication/TRXVU.o
LOAD ./src/InitSystem.o
LOAD ./src/TLM_management.o
LOAD ./src/main.o
LOAD ./src/utils.o
LOAD C:/ISIS/workspace/ycube/GlobusSatProject/..//hal/hal/lib\libHALD.a
LOAD C:/ISIS/workspace/ycube/GlobusSatProject/..//hal/hcc/lib\libHCCD.a
LOAD C:/ISIS/workspace/ycube/GlobusSatProject/..//satellite-subsystems/satellite-subsystems/lib\libSatelliteSubsystemsD.a
LOAD C:/ISIS/workspace/ycube/GlobusSatProject/..//hal/freertos/lib\libFreeRTOSD.a
LOAD C:/ISIS/workspace/ycube/GlobusSatProject/..//hal/at91/lib\libAt91D.a
START GROUP
LOAD c:/isis/application/toolchain/bin/../lib/gcc/arm-none-eabi/4.7.4\libgcc.a
LOAD c:/isis/application/toolchain/bin/../lib/gcc/arm-none-eabi/4.7.4/../../../../arm-none-eabi/lib\libg.a
LOAD c:/isis/application/toolchain/bin/../lib/gcc/arm-none-eabi/4.7.4/../../../../arm-none-eabi/lib\libc.a
END GROUP

.fixed          0x20000000    0x4b92c
                0x20000000                . = ALIGN (0x4)
                0x20000000                _sfixed = .
 *(.startup)
 .startup       0x20000000      0x184 C:/ISIS/workspace/ycube/GlobusSatProject/..//hal/at91/lib\libAt91D.a(board_cstartup.o)
                0x20000000                entry
 *(.text)
 .text          0x20000184       0x64 C:/ISIS/workspace/ycube/GlobusSatProject/..//hal/at91/lib\libAt91D.a(cp15_asm.o)
                0x20000184                _readControlRegister
                0x20000190                _writeControlRegister
                0x20000198                _waitForInterrupt
                0x200001a4                _writeTTB
                0x200001ac                _writeDomain
                0x200001b4                _writeITLBLockdown
                0x200001bc                _prefetchICacheLine
                0x200001c4                _flushDCache
                0x200001d0                _flushWriteBuffer
                0x200001dc                _invalidateIDTLBs
 .text          0x200001e8      0x114 c:/isis/application/toolchain/bin/../lib/gcc/arm-none-eabi/4.7.4\libgcc.a(_udivsi3.o)
                0x200001e8                __aeabi_uidiv
                0x200001e8                __udivsi3
                0x200002dc                __aeabi_uidivmod
 .text          0x200002fc      0x148 c:/isis/application/toolchain/bin/../lib/gcc/arm-none-eabi/4.7.4\libgcc.a(_divsi3.o)
                0x200002fc                __divsi3
                0x200002fc                __aeabi_idiv
                0x20000424                __aeabi_idivmod
 .text          0x20000444        0x4 c:/isis/application/toolchain/bin/../lib/gcc/arm-none-eabi/4.7.4\libgcc.a(_dvmd_tls.o)
                0x20000444                __aeabi_idiv0
                0x20000444                __aeabi_ldiv0
 .text          0x20000448      0x41c c:/isis/application/toolchain/bin/../lib/gcc/arm-none-eabi/4.7.4\libgcc.a(_arm_addsubdf3.o)
                0x20000448                __aeabi_drsub
                0x20000450                __aeabi_dsub
                0x20000450                __subdf3
                0x20000454                __aeabi_dadd
                0x20000454                __adddf3
                0x20000764                __floatunsidf
                0x20000764                __aeabi_ui2d
                0x20000788                __floatsidf
                0x20000788                __aeabi_i2d
                0x200007b0                __aeabi_f2d
                0x200007b0                __extendsfdf2
                0x200007f0                __floatundidf
                0x200007f0                __aeabi_ul2d
                0x20000804                __floatdidf
                0x20000804                __aeabi_l2d
 .text          0x20000864      0x49c c:/isis/application/toolchain/bin/../lib/gcc/arm-none-eabi/4.7.4\libgcc.a(_arm_muldivdf3.o)
                0x20000864                __aeabi_dmul
                0x20000864                __muldf3
                0x20000af4                __divdf3
                0x20000af4                __aeabi_ddiv
 .text          0x20000d00       0xa0 c:/isis/application/toolchain/bin/../lib/gcc/arm-none-eabi/4.7.4\libgcc.a(_arm_truncdfsf2.o)
                0x20000d00                __truncdfsf2
                0x20000d00                __aeabi_d2f
 .text          0x20000da0      0x2ac c:/isis/application/toolchain/bin/../lib/gcc/arm-none-eabi/4.7.4\libgcc.a(_arm_addsubsf3.o)
                0x20000da0                __aeabi_frsub
                0x20000da8                __subsf3
                0x20000da8                __aeabi_fsub
                0x20000dac                __aeabi_fadd
                0x20000dac                __addsf3
                0x20000f68                __aeabi_ui2f
                0x20000f68                __floatunsisf
                0x20000f70                __aeabi_i2f
                0x20000f70                __floatsisf
                0x20000f90                __aeabi_ul2f
                0x20000f90                __floatundisf
                0x20000fa0                __aeabi_l2f
                0x20000fa0                __floatdisf
 .text          0x2000104c      0x2f8 c:/isis/application/toolchain/bin/../lib/gcc/arm-none-eabi/4.7.4\libgcc.a(_arm_muldivsf3.o)
                0x2000104c                __mulsf3
                0x2000104c                __aeabi_fmul
                0x200011e4                __aeabi_fdiv
                0x200011e4                __divsf3
 .text          0x20001344      0x114 c:/isis/application/toolchain/bin/../lib/gcc/arm-none-eabi/4.7.4\libgcc.a(_arm_cmpsf2.o)
                0x20001344                __gesf2
                0x20001344                __gtsf2
                0x2000134c                __lesf2
                0x2000134c                __ltsf2
                0x20001354                __nesf2
                0x20001354                __eqsf2
                0x20001354                __cmpsf2
                0x200013b8                __aeabi_cfrcmple
                0x200013c8                __aeabi_cfcmpeq
                0x200013c8                __aeabi_cfcmple
                0x200013e0                __aeabi_fcmpeq
                0x200013f8                __aeabi_fcmplt
                0x20001410                __aeabi_fcmple
                0x20001428                __aeabi_fcmpge
                0x20001440                __aeabi_fcmpgt
 .text          0x20001458       0x54 c:/isis/application/toolchain/bin/../lib/gcc/arm-none-eabi/4.7.4\libgcc.a(_arm_fixunssfsi.o)
                0x20001458                __fixunssfsi
                0x20001458                __aeabi_f2uiz
 .text          0x200014ac      0x144 c:/isis/application/toolchain/bin/../lib/gcc/arm-none-eabi/4.7.4\libgcc.a(_arm_cmpdf2.o)
                0x200014ac                __gtdf2
                0x200014ac                __gedf2
                0x200014b4                __ltdf2
                0x200014b4                __ledf2
                0x200014bc                __nedf2
                0x200014bc                __eqdf2
                0x200014bc                __cmpdf2
                0x20001544                __aeabi_cdrcmple
                0x20001560                __aeabi_cdcmpeq
                0x20001560                __aeabi_cdcmple
                0x20001578                __aeabi_dcmpeq
                0x20001590                __aeabi_dcmplt
                0x200015a8                __aeabi_dcmple
                0x200015c0                __aeabi_dcmpge
                0x200015d8                __aeabi_dcmpgt
 .text          0x200015f0       0x5c c:/isis/application/toolchain/bin/../lib/gcc/arm-none-eabi/4.7.4\libgcc.a(_arm_fixdfsi.o)
                0x200015f0                __aeabi_d2iz
                0x200015f0                __fixdfsi
 .text          0x2000164c       0x54 c:/isis/application/toolchain/bin/../lib/gcc/arm-none-eabi/4.7.4\libgcc.a(_arm_fixunsdfsi.o)
                0x2000164c                __aeabi_d2uiz
                0x2000164c                __fixunsdfsi
 .text          0x200016a0       0x3c c:/isis/application/toolchain/bin/../lib/gcc/arm-none-eabi/4.7.4\libgcc.a(_aeabi_uldivmod.o)
                0x200016a0                __aeabi_uldivmod
 .text          0x200016dc       0x84 c:/isis/application/toolchain/bin/../lib/gcc/arm-none-eabi/4.7.4\libgcc.a(bpabi.o)
                0x200016dc                __gnu_ldivmod_helper
                0x20001720                __gnu_uldivmod_helper
 .text          0x20001760      0x4f0 c:/isis/application/toolchain/bin/../lib/gcc/arm-none-eabi/4.7.4\libgcc.a(_divdi3.o)
                0x20001760                __divdi3
 .text          0x20001c50      0x488 c:/isis/application/toolchain/bin/../lib/gcc/arm-none-eabi/4.7.4\libgcc.a(_udivdi3.o)
                0x20001c50                __udivdi3
 .text          0x200020d8       0x48 c:/isis/application/toolchain/bin/../lib/gcc/arm-none-eabi/4.7.4\libgcc.a(_clzsi2.o)
                0x200020d8                __clzsi2
 *(.text*)
 .text.TestActUponCommand
                0x20002120      0x114 ./src/TestingDemos/CommandsTestingDemo.o
                0x20002120                TestActUponCommand
 .text.TestAssmbleCommand
                0x20002234      0x134 ./src/TestingDemos/CommandsTestingDemo.o
                0x20002234                TestAssmbleCommand
 .text.TestGetDelayedCommand
                0x20002368       0xa0 ./src/TestingDemos/CommandsTestingDemo.o
                0x20002368                TestGetDelayedCommand
 .text.TestAddDelayedCommand
                0x20002408       0xbc ./src/TestingDemos/CommandsTestingDemo.o
                0x20002408                TestAddDelayedCommand
 .text.TestGetDelayedCommandBufferCount
                0x200024c4       0x54 ./src/TestingDemos/CommandsTestingDemo.o
                0x200024c4                TestGetDelayedCommandBufferCount
 .text.TestGetOnlineCommand
                0x20002518       0xc8 ./src/TestingDemos/CommandsTestingDemo.o
                0x20002518                TestGetOnlineCommand
 .text.TestDeleteDelayedCommandByIndex
                0x200025e0      0x1c0 ./src/TestingDemos/CommandsTestingDemo.o
                0x200025e0                TestDeleteDelayedCommandByIndex
 .text.TestDeleteDelayedBuffer
                0x200027a0      0x140 ./src/TestingDemos/CommandsTestingDemo.o
                0x200027a0                TestDeleteDelayedBuffer
 .text.selectAndExecuteCommandsDemoTest
                0x200028e0      0x174 ./src/TestingDemos/CommandsTestingDemo.o
                0x200028e0                selectAndExecuteCommandsDemoTest
 .text.MainCommandsTestBench
                0x20002a54       0x44 ./src/TestingDemos/CommandsTestingDemo.o
                0x20002a54                MainCommandsTestBench
 .text.TestEpsConditioning
                0x20002a98      0x1e8 ./src/TestingDemos/EpsTestingDemo.o
                0x20002a98                TestEpsConditioning
 .text.TestGetBatteryVoltage
                0x20002c80       0x64 ./src/TestingDemos/EpsTestingDemo.o
                0x20002c80                TestGetBatteryVoltage
 .text.TestUpdateThreshVoltages
                0x20002ce4      0x170 ./src/TestingDemos/EpsTestingDemo.o
                0x20002ce4                TestUpdateThreshVoltages
 .text.TestGetThreshVoltages
                0x20002e54       0xb0 ./src/TestingDemos/EpsTestingDemo.o
                0x20002e54                TestGetThreshVoltages
 .text.TestUpdateAlpha
                0x20002f04       0xc0 ./src/TestingDemos/EpsTestingDemo.o
                0x20002f04                TestUpdateAlpha
 .text.TestGetAlpha
                0x20002fc4       0x78 ./src/TestingDemos/EpsTestingDemo.o
                0x20002fc4                TestGetAlpha
 .text.TestRestoreDefaultAlpha
                0x2000303c       0xf4 ./src/TestingDemos/EpsTestingDemo.o
                0x2000303c                TestRestoreDefaultAlpha
 .text.TestRestoreDefaultThresholdVoltages
                0x20003130      0x154 ./src/TestingDemos/EpsTestingDemo.o
                0x20003130                TestRestoreDefaultThresholdVoltages
 .text.GetHeaterValues
                0x20003284       0xb0 ./src/TestingDemos/EpsTestingDemo.o
                0x20003284                GetHeaterValues
 .text.SetHeaterValues
                0x20003334      0x104 ./src/TestingDemos/EpsTestingDemo.o
                0x20003334                SetHeaterValues
 .text.selectAndExecuteEpsDemoTest
                0x20003438      0x1b0 ./src/TestingDemos/EpsTestingDemo.o
                0x20003438                selectAndExecuteEpsDemoTest
 .text.MainEpsTestBench
                0x200035e8       0x40 ./src/TestingDemos/EpsTestingDemo.o
                0x200035e8                MainEpsTestBench
 .text.TestListFiles
                0x20003628      0x198 ./src/TestingDemos/FileSystemTestingDemo.o
                0x20003628                TestListFiles
 .text.TestListAllFiles
                0x200037c0      0x134 ./src/TestingDemos/FileSystemTestingDemo.o
                0x200037c0                TestListAllFiles
 .text.TestLOGTLM
                0x200038f4      0x110 ./src/TestingDemos/FileSystemTestingDemo.o
                0x200038f4                TestLOGTLM
 .text.TestEPSTLM
                0x20003a04       0xa8 ./src/TestingDemos/FileSystemTestingDemo.o
                0x20003a04                TestEPSTLM
 .text.TestReadTimeRangeTLMRes
                0x20003aac      0x210 ./src/TestingDemos/FileSystemTestingDemo.o
                0x20003aac                TestReadTimeRangeTLMRes
 .text.TestReadTimeRangeTLM
                0x20003cbc      0x178 ./src/TestingDemos/FileSystemTestingDemo.o
                0x20003cbc                TestReadTimeRangeTLM
 .text.GenerateWODTLM
                0x20003e34       0xd0 ./src/TestingDemos/FileSystemTestingDemo.o
                0x20003e34                GenerateWODTLM
 .text.DeleteOldFiles
                0x20003f04      0x148 ./src/TestingDemos/FileSystemTestingDemo.o
                0x20003f04                DeleteOldFiles
 .text.createSingleDayTLM
                0x2000404c       0xb0 ./src/TestingDemos/FileSystemTestingDemo.o
                0x2000404c                createSingleDayTLM
 .text.printLastError
                0x200040fc       0x38 ./src/TestingDemos/FileSystemTestingDemo.o
                0x200040fc                printLastError
 .text.copyTLMFile
                0x20004134      0x2ac ./src/TestingDemos/FileSystemTestingDemo.o
                0x20004134                copyTLMFile
 .text.TestWODTLM
                0x200043e0       0xa8 ./src/TestingDemos/FileSystemTestingDemo.o
                0x200043e0                TestWODTLM
 .text.TestDeleteFiels
                0x20004488      0x2b8 ./src/TestingDemos/FileSystemTestingDemo.o
                0x20004488                TestDeleteFiels
 .text.TestReadMultiFiels
                0x20004740      0x2ac ./src/TestingDemos/FileSystemTestingDemo.o
                0x20004740                TestReadMultiFiels
 .text.TestTRXVUTLM
                0x200049ec      0x11c ./src/TestingDemos/FileSystemTestingDemo.o
                0x200049ec                TestTRXVUTLM
 .text.FullSDTest
                0x20004b08      0x19c ./src/TestingDemos/FileSystemTestingDemo.o
                0x20004b08                FullSDTest
 .text.LogErrorRateTest
                0x20004ca4      0x148 ./src/TestingDemos/FileSystemTestingDemo.o
                0x20004ca4                LogErrorRateTest
 .text.deleteMonth
                0x20004dec       0x78 ./src/TestingDemos/FileSystemTestingDemo.o
                0x20004dec                deleteMonth
 .text.deleteYear
                0x20004e64       0xb0 ./src/TestingDemos/FileSystemTestingDemo.o
                0x20004e64                deleteYear
 .text.readFileTest
                0x20004f14       0x88 ./src/TestingDemos/FileSystemTestingDemo.o
                0x20004f14                readFileTest
 .text.writeFileOnScreen
                0x20004f9c       0xcc ./src/TestingDemos/FileSystemTestingDemo.o
                0x20004f9c                writeFileOnScreen
 .text.GetExtraData
                0x20005068       0x4c ./src/TestingDemos/FileSystemTestingDemo.o
                0x20005068                GetExtraData
 .text.showFreeSapce
                0x200050b4      0x110 ./src/TestingDemos/FileSystemTestingDemo.o
                0x200050b4                showFreeSapce
 .text.SwitchSDCardTest
                0x200051c4       0x98 ./src/TestingDemos/FileSystemTestingDemo.o
                0x200051c4                SwitchSDCardTest
 .text.FormatSDTest
                0x2000525c       0x9c ./src/TestingDemos/FileSystemTestingDemo.o
                0x2000525c                FormatSDTest
 .text.showFreeSpaceHeap
                0x200052f8       0xa4 ./src/TestingDemos/FileSystemTestingDemo.o
                0x200052f8                showFreeSpaceHeap
 .text.selectAndExecuteFSTest
                0x2000539c      0x344 ./src/TestingDemos/FileSystemTestingDemo.o
                0x2000539c                selectAndExecuteFSTest
 .text.MainFileSystemTestBench
                0x200056e0       0x44 ./src/TestingDemos/FileSystemTestingDemo.o
                0x200056e0                MainFileSystemTestBench
 .text.selectAndExecuteTest
                0x20005724      0x168 ./src/TestingDemos/MainTest.o
                0x20005724                selectAndExecuteTest
 .text.taskTesting
                0x2000588c       0x28 ./src/TestingDemos/MainTest.o
                0x2000588c                taskTesting
 .text.printSDINfo
                0x200058b4       0x84 ./src/TestingDemos/MaintenanceTestingDemo.o
                0x200058b4                printSDINfo
 .text.changeFirstActivation
                0x20005938       0x84 ./src/TestingDemos/MaintenanceTestingDemo.o
                0x20005938                changeFirstActivation
 .text.selectAndExecuteMaintenanceDemoTest
                0x200059bc      0x19c ./src/TestingDemos/MaintenanceTestingDemo.o
                0x200059bc                selectAndExecuteMaintenanceDemoTest
 .text.MainMaintenanceTestBench
                0x20005b58       0x40 ./src/TestingDemos/MaintenanceTestingDemo.o
                0x20005b58                MainMaintenanceTestBench
 .text.savePacketsInRam
                0x20005b98      0x104 ./src/TestingDemos/TelemetryTestingDemo.o
                0x20005b98                savePacketsInRam
 .text.checkPacket
                0x20005c9c       0xa4 ./src/TestingDemos/TelemetryTestingDemo.o
                0x20005c9c                checkPacket
 .text.singleTlmWodTest
                0x20005d40       0xa0 ./src/TestingDemos/TelemetryTestingDemo.o
                0x20005d40                singleTlmWodTest
 .text.singleTLMLogTest
                0x20005de0       0xb8 ./src/TestingDemos/TelemetryTestingDemo.o
                0x20005de0                singleTLMLogTest
 .text.singleTlmLogTestHelp
                0x20005e98       0x4c ./src/TestingDemos/TelemetryTestingDemo.o
                0x20005e98                singleTlmLogTestHelp
 .text.saveNGetMultipleTlmTest
                0x20005ee4      0x1e0 ./src/TestingDemos/TelemetryTestingDemo.o
                0x20005ee4                saveNGetMultipleTlmTest
 .text.saveMultipleNGetSomeTlmTest
                0x200060c4      0x25c ./src/TestingDemos/TelemetryTestingDemo.o
                0x200060c4                saveMultipleNGetSomeTlmTest
 .text.getWodMinMaxTest
                0x20006320      0x130 ./src/TestingDemos/TelemetryTestingDemo.o
                0x20006320                getWodMinMaxTest
 .text.tlmTest  0x20006450      0x1ec ./src/TestingDemos/TelemetryTestingDemo.o
                0x20006450                tlmTest
 .text.saveNGetLog
                0x2000663c      0x19c ./src/TestingDemos/TelemetryTestingDemo.o
                0x2000663c                saveNGetLog
 .text.PrintStaticSize
                0x200067d8       0x20 ./src/TestingDemos/TelemetryTestingDemo.o
                0x200067d8                PrintStaticSize
 .text.MainTelemetryTestBench
                0x200067f8      0x128 ./src/TestingDemos/TelemetryTestingDemo.o
                0x200067f8                MainTelemetryTestBench
 .text.TestInitTrxvu
                0x20006920       0x54 ./src/TestingDemos/TrxvuTestingDemo.o
                0x20006920                TestInitTrxvu
 .text.TestInitTrxvuWithDifferentFrameLengths
                0x20006974      0x134 ./src/TestingDemos/TrxvuTestingDemo.o
                0x20006974                TestInitTrxvuWithDifferentFrameLengths
 .text.TestTrxvuLogic
                0x20006aa8       0xd4 ./src/TestingDemos/TrxvuTestingDemo.o
                0x20006aa8                TestTrxvuLogic
 .text.TestCheckTransmitionAllowed
                0x20006b7c       0xa4 ./src/TestingDemos/TrxvuTestingDemo.o
                0x20006b7c                TestCheckTransmitionAllowed
 .text.TestLoopSPL
                0x20006c20       0xc4 ./src/TestingDemos/TrxvuTestingDemo.o
                0x20006c20                TestLoopSPL
 .text.TestSendDumpAbortRequest
                0x20006ce4       0x24 ./src/TestingDemos/TrxvuTestingDemo.o
                0x20006ce4                TestSendDumpAbortRequest
 .text.TestTransmitDummySplPacket
                0x20006d08       0xc0 ./src/TestingDemos/TrxvuTestingDemo.o
                0x20006d08                TestTransmitDummySplPacket
 .text.TestTransmitSplPacket
                0x20006dc8      0x1ec ./src/TestingDemos/TrxvuTestingDemo.o
                0x20006dc8                TestTransmitSplPacket
 .text.TestExitDump
                0x20006fb4       0x1c ./src/TestingDemos/TrxvuTestingDemo.o
                0x20006fb4                TestExitDump
 .text.TestDumpTelemetry
                0x20006fd0       0x9c ./src/TestingDemos/TrxvuTestingDemo.o
                0x20006fd0                TestDumpTelemetry
 .text.TestRestoreDefaultBeaconParameters
                0x2000706c       0x1c ./src/TestingDemos/TrxvuTestingDemo.o
                0x2000706c                TestRestoreDefaultBeaconParameters
 .text.TestChooseDefaultBeaconCycle
                0x20007088       0xe0 ./src/TestingDemos/TrxvuTestingDemo.o
                0x20007088                TestChooseDefaultBeaconCycle
 .text.TestBeaconLogic
                0x20007168       0xdc ./src/TestingDemos/TrxvuTestingDemo.o
                0x20007168                TestBeaconLogic
 .text.TestMuteTrxvu
                0x20007244       0x9c ./src/TestingDemos/TrxvuTestingDemo.o
                0x20007244                TestMuteTrxvu
 .text.TestUnMuteTrxvu
                0x200072e0       0x30 ./src/TestingDemos/TrxvuTestingDemo.o
                0x200072e0                TestUnMuteTrxvu
 .text.TestGetNumberOfFramesInBuffer
                0x20007310       0x54 ./src/TestingDemos/TrxvuTestingDemo.o
                0x20007310                TestGetNumberOfFramesInBuffer
 .text.TestSetTrxvuBitrate
                0x20007364       0xf0 ./src/TestingDemos/TrxvuTestingDemo.o
                0x20007364                TestSetTrxvuBitrate
 .text.dumpRamTest
                0x20007454       0x78 ./src/TestingDemos/TrxvuTestingDemo.o
                0x20007454                dumpRamTest
 .text.TestGetTrxvuBitrate
                0x200074cc       0xb0 ./src/TestingDemos/TrxvuTestingDemo.o
                0x200074cc                TestGetTrxvuBitrate
 .text.TestTransmitDataAsSPL_Packet
                0x2000757c      0x114 ./src/TestingDemos/TrxvuTestingDemo.o
                0x2000757c                TestTransmitDataAsSPL_Packet
 .text.selectAndExecuteTrxvuDemoTest
                0x20007690      0x2bc ./src/TestingDemos/TrxvuTestingDemo.o
                0x20007690                selectAndExecuteTrxvuDemoTest
 .text.MainTrxvuTestBench
                0x2000794c       0x44 ./src/TestingDemos/TrxvuTestingDemo.o
                0x2000794c                MainTrxvuTestBench
 .text.GetBatteryVoltage
                0x20007990       0x38 ./src/SubSystemModules/PowerManagment/EPS.o
                0x20007990                GetBatteryVoltage
 .text.EPS_Init
                0x200079c8       0xb8 ./src/SubSystemModules/PowerManagment/EPS.o
                0x200079c8                EPS_Init
 .text.EPS_Conditioning
                0x20007a80      0x1c4 ./src/SubSystemModules/PowerManagment/EPS.o
                0x20007a80                EPS_Conditioning
 .text.UpdateAlpha
                0x20007c44       0xd8 ./src/SubSystemModules/PowerManagment/EPS.o
                0x20007c44                UpdateAlpha
 .text.UpdateThresholdVoltages
                0x20007d1c      0x218 ./src/SubSystemModules/PowerManagment/EPS.o
                0x20007d1c                UpdateThresholdVoltages
 .text.GetThresholdVoltages
                0x20007f34       0x80 ./src/SubSystemModules/PowerManagment/EPS.o
                0x20007f34                GetThresholdVoltages
 .text.GetAlpha
                0x20007fb4       0x7c ./src/SubSystemModules/PowerManagment/EPS.o
                0x20007fb4                GetAlpha
 .text.RestoreDefaultThresholdVoltages
                0x20008030       0x74 ./src/SubSystemModules/PowerManagment/EPS.o
                0x20008030                RestoreDefaultThresholdVoltages
 .text.CMDGetHeaterValues
                0x200080a4       0x24 ./src/SubSystemModules/PowerManagment/EPS.o
                0x200080a4                CMDGetHeaterValues
 .text.CMDSetHeaterValues
                0x200080c8       0x58 ./src/SubSystemModules/PowerManagment/EPS.o
                0x200080c8                CMDSetHeaterValues
 .text.EnterFullMode
                0x20008120       0x44 ./src/SubSystemModules/PowerManagment/EPSOperationModes.o
                0x20008120                EnterFullMode
 .text.EnterCruiseMode
                0x20008164       0x40 ./src/SubSystemModules/PowerManagment/EPSOperationModes.o
                0x20008164                EnterCruiseMode
 .text.EnterSafeMode
                0x200081a4       0x44 ./src/SubSystemModules/PowerManagment/EPSOperationModes.o
                0x200081a4                EnterSafeMode
 .text.EnterCriticalMode
                0x200081e8       0x44 ./src/SubSystemModules/PowerManagment/EPSOperationModes.o
                0x200081e8                EnterCriticalMode
 .text.GetSystemState
                0x2000822c       0x24 ./src/SubSystemModules/PowerManagment/EPSOperationModes.o
                0x2000822c                GetSystemState
 .text.GetSystemChannelState
                0x20008250       0x24 ./src/SubSystemModules/PowerManagment/EPSOperationModes.o
                0x20008250                GetSystemChannelState
 .text.EpsGetLowVoltageFlag
                0x20008274       0x24 ./src/SubSystemModules/PowerManagment/EPSOperationModes.o
                0x20008274                EpsGetLowVoltageFlag
 .text.EpsSetLowVoltageFlag
                0x20008298       0x2c ./src/SubSystemModules/PowerManagment/EPSOperationModes.o
                0x20008298                EpsSetLowVoltageFlag
 .text.CheckExecutionTime
                0x200082c4       0x80 ./src/SubSystemModules/Maintenance/Maintenance.o
                0x200082c4                CheckExecutionTime
 .text.SaveSatTimeInFRAM
                0x20008344       0x44 ./src/SubSystemModules/Maintenance/Maintenance.o
                0x20008344                SaveSatTimeInFRAM
 .text.WakeupFromResetCMD
                0x20008388      0x120 ./src/SubSystemModules/Maintenance/Maintenance.o
                0x20008388                WakeupFromResetCMD
 .text.ResetGroundCommWDT
                0x200084a8       0x1c ./src/SubSystemModules/Maintenance/Maintenance.o
                0x200084a8                ResetGroundCommWDT
 .text.findMinMaxDate
                0x200084c4       0xdc ./src/SubSystemModules/Maintenance/Maintenance.o
                0x200084c4                findMinMaxDate
 .text.DeleteOldFiels
                0x200085a0       0xf0 ./src/SubSystemModules/Maintenance/Maintenance.o
                0x200085a0                DeleteOldFiels
 .text.HardResetMCU
                0x20008690       0x24 ./src/SubSystemModules/Maintenance/Maintenance.o
                0x20008690                HardResetMCU
 .text.ResetRamTlm
                0x200086b4       0x8c ./src/SubSystemModules/Housekepping/RAMTelemetry.o
                0x200086b4                ResetRamTlm
 .text.inc      0x20008740       0x4c ./src/SubSystemModules/Housekepping/RAMTelemetry.o
                0x20008740                inc
 .text.dec      0x2000878c       0x48 ./src/SubSystemModules/Housekepping/RAMTelemetry.o
                0x2000878c                dec
 .text.saveTlmToRam
                0x200087d4      0x138 ./src/SubSystemModules/Housekepping/RAMTelemetry.o
                0x200087d4                saveTlmToRam
 .text.getTlm   0x2000890c      0x164 ./src/SubSystemModules/Housekepping/RAMTelemetry.o
                0x2000890c                getTlm
 .text.getRange
                0x20008a70      0x158 ./src/SubSystemModules/Housekepping/RAMTelemetry.o
                0x20008a70                getRange
 .text.InitSavePeriodTimes
                0x20008bc8       0x78 ./src/SubSystemModules/Housekepping/TelemetryCollector.o
                0x20008bc8                InitSavePeriodTimes
 .text.CMD_GetTLMPeriodTimes
                0x20008c40       0x38 ./src/SubSystemModules/Housekepping/TelemetryCollector.o
                0x20008c40                CMD_GetTLMPeriodTimes
 .text.CMD_SetTLMPeriodTimes
                0x20008c78      0x17c ./src/SubSystemModules/Housekepping/TelemetryCollector.o
                0x20008c78                CMD_SetTLMPeriodTimes
 .text.TelemetryCollectorLogic
                0x20008df4      0x208 ./src/SubSystemModules/Housekepping/TelemetryCollector.o
                0x20008df4                TelemetryCollectorLogic
 .text.TelemetrySaveEPS
                0x20008ffc       0x18 ./src/SubSystemModules/Housekepping/TelemetryCollector.o
                0x20008ffc                TelemetrySaveEPS
 .text.TelemetrySaveTRXVU
                0x20009014       0x94 ./src/SubSystemModules/Housekepping/TelemetryCollector.o
                0x20009014                TelemetrySaveTRXVU
 .text.TelemetrySaveANT
                0x200090a8       0xa4 ./src/SubSystemModules/Housekepping/TelemetryCollector.o
                0x200090a8                TelemetrySaveANT
 .text.TelemetrySaveSolarPanels
                0x2000914c      0x228 ./src/SubSystemModules/Housekepping/TelemetryCollector.o
                0x2000914c                TelemetrySaveSolarPanels
 .text.TelemetrySaveWOD
                0x20009374       0x5c ./src/SubSystemModules/Housekepping/TelemetryCollector.o
                0x20009374                TelemetrySaveWOD
 .text.GetCurrentWODTelemetry
                0x200093d0      0x74c ./src/SubSystemModules/Housekepping/TelemetryCollector.o
                0x200093d0                GetCurrentWODTelemetry
 .text.CMD_EPS_ResetWDT
                0x20009b1c       0x48 ./src/SubSystemModules/Communication/SubsystemCommands/EPS_Commands.o
                0x20009b1c                CMD_EPS_ResetWDT
 .text.CMD_DeleteTLM
                0x20009b64      0x1d8 ./src/SubSystemModules/Communication/SubsystemCommands/FS_Commands.o
                0x20009b64                CMD_DeleteTLM
 .text.CMD_DeleteAllFiles
                0x20009d3c       0x38 ./src/SubSystemModules/Communication/SubsystemCommands/FS_Commands.o
                0x20009d3c                CMD_DeleteAllFiles
 .text.CMD_GetLastFS_Error
                0x20009d74       0x4c ./src/SubSystemModules/Communication/SubsystemCommands/FS_Commands.o
                0x20009d74                CMD_GetLastFS_Error
 .text.CMD_Get_TLM_Info
                0x20009dc0      0x118 ./src/SubSystemModules/Communication/SubsystemCommands/FS_Commands.o
                0x20009dc0                CMD_Get_TLM_Info
 .text.CMD_Switch_SD_Card
                0x20009ed8       0xb8 ./src/SubSystemModules/Communication/SubsystemCommands/FS_Commands.o
                0x20009ed8                CMD_Switch_SD_Card
 .text.CMD_Format_SD_Card
                0x20009f90       0x80 ./src/SubSystemModules/Communication/SubsystemCommands/FS_Commands.o
                0x20009f90                CMD_Format_SD_Card
 .text.CMD_GenericI2C
                0x2000a010      0x144 ./src/SubSystemModules/Communication/SubsystemCommands/Maintanence_Commands.o
                0x2000a010                CMD_GenericI2C
 .text.CMD_FRAM_ReadAndTransmitt
                0x2000a154       0xe8 ./src/SubSystemModules/Communication/SubsystemCommands/Maintanence_Commands.o
                0x2000a154                CMD_FRAM_ReadAndTransmitt
 .text.CMD_FRAM_WriteAndTransmitt
                0x2000a23c      0x11c ./src/SubSystemModules/Communication/SubsystemCommands/Maintanence_Commands.o
                0x2000a23c                CMD_FRAM_WriteAndTransmitt
 .text.CMD_FRAM_ReStart
                0x2000a358       0x4c ./src/SubSystemModules/Communication/SubsystemCommands/Maintanence_Commands.o
                0x2000a358                CMD_FRAM_ReStart
 .text.CMD_UpdateSatTime
                0x2000a3a4       0xa4 ./src/SubSystemModules/Communication/SubsystemCommands/Maintanence_Commands.o
                0x2000a3a4                CMD_UpdateSatTime
 .text.CMD_GetSatUptime
                0x2000a448       0x48 ./src/SubSystemModules/Communication/SubsystemCommands/Maintanence_Commands.o
                0x2000a448                CMD_GetSatUptime
 .text.CMD_ResetComponent
                0x2000a490      0x28c ./src/SubSystemModules/Communication/SubsystemCommands/Maintanence_Commands.o
                0x2000a490                CMD_ResetComponent
 .text.DumpTask
                0x2000a71c      0x310 ./src/SubSystemModules/Communication/SubsystemCommands/TRXVU_Commands.o
                0x2000a71c                DumpTask
 .text.DumpRamTask
                0x2000aa2c      0x394 ./src/SubSystemModules/Communication/SubsystemCommands/TRXVU_Commands.o
                0x2000aa2c                DumpRamTask
 .text.CMD_AntennaDeploy
                0x2000adc0       0xec ./src/SubSystemModules/Communication/SubsystemCommands/TRXVU_Commands.o
                0x2000adc0                CMD_AntennaDeploy
 .text.CMD_StartDump
                0x2000aeac      0x224 ./src/SubSystemModules/Communication/SubsystemCommands/TRXVU_Commands.o
                0x2000aeac                CMD_StartDump
 .text.CMD_SendDumpAbortRequest
                0x2000b0d0       0x38 ./src/SubSystemModules/Communication/SubsystemCommands/TRXVU_Commands.o
                0x2000b0d0                CMD_SendDumpAbortRequest
 .text.CMD_ForceDumpAbort
                0x2000b108       0x3c ./src/SubSystemModules/Communication/SubsystemCommands/TRXVU_Commands.o
                0x2000b108                CMD_ForceDumpAbort
 .text.CMD_SetTransponder
                0x2000b144      0x110 ./src/SubSystemModules/Communication/SubsystemCommands/TRXVU_Commands.o
                0x2000b144                CMD_SetTransponder
 .text.CMD_SetRSSITransponder
                0x2000b254       0x90 ./src/SubSystemModules/Communication/SubsystemCommands/TRXVU_Commands.o
                0x2000b254                CMD_SetRSSITransponder
 .text.CMD_MuteTRXVU
                0x2000b2e4       0xc4 ./src/SubSystemModules/Communication/SubsystemCommands/TRXVU_Commands.o
                0x2000b2e4                CMD_MuteTRXVU
 .text.CMD_SetIdleState
                0x2000b3a8       0x94 ./src/SubSystemModules/Communication/SubsystemCommands/TRXVU_Commands.o
                0x2000b3a8                CMD_SetIdleState
 .text.CMD_UnMuteTRXVU
                0x2000b43c       0x38 ./src/SubSystemModules/Communication/SubsystemCommands/TRXVU_Commands.o
                0x2000b43c                CMD_UnMuteTRXVU
 .text.CMD_GetBaudRate
                0x2000b474       0x68 ./src/SubSystemModules/Communication/SubsystemCommands/TRXVU_Commands.o
                0x2000b474                CMD_GetBaudRate
 .text.CMD_TrasmitBeacon
                0x2000b4dc       0x48 ./src/SubSystemModules/Communication/SubsystemCommands/TRXVU_Commands.o
                0x2000b4dc                CMD_TrasmitBeacon
 .text.CMD_GetBeaconInterval
                0x2000b524       0x6c ./src/SubSystemModules/Communication/SubsystemCommands/TRXVU_Commands.o
                0x2000b524                CMD_GetBeaconInterval
 .text.CMD_SetBaudRate
                0x2000b590       0x60 ./src/SubSystemModules/Communication/SubsystemCommands/TRXVU_Commands.o
                0x2000b590                CMD_SetBaudRate
 .text.CMD_GetTxUptime
                0x2000b5f0       0x64 ./src/SubSystemModules/Communication/SubsystemCommands/TRXVU_Commands.o
                0x2000b5f0                CMD_GetTxUptime
 .text.CMD_GetRxUptime
                0x2000b654       0x64 ./src/SubSystemModules/Communication/SubsystemCommands/TRXVU_Commands.o
                0x2000b654                CMD_GetRxUptime
 .text.CMD_GetNumOfOnlineCommands
                0x2000b6b8       0x64 ./src/SubSystemModules/Communication/SubsystemCommands/TRXVU_Commands.o
                0x2000b6b8                CMD_GetNumOfOnlineCommands
 .text.CMD_AntSetArmStatus
                0x2000b71c       0xa0 ./src/SubSystemModules/Communication/SubsystemCommands/TRXVU_Commands.o
                0x2000b71c                CMD_AntSetArmStatus
 .text.CMD_AntGetArmStatus
                0x2000b7bc       0x70 ./src/SubSystemModules/Communication/SubsystemCommands/TRXVU_Commands.o
                0x2000b7bc                CMD_AntGetArmStatus
 .text.CMD_AntGetUptime
                0x2000b82c       0x78 ./src/SubSystemModules/Communication/SubsystemCommands/TRXVU_Commands.o
                0x2000b82c                CMD_AntGetUptime
 .text.CMD_StopReDeployment
                0x2000b8a4       0xac ./src/SubSystemModules/Communication/SubsystemCommands/TRXVU_Commands.o
                0x2000b8a4                CMD_StopReDeployment
 .text.CMD_AntCancelDeployment
                0x2000b950       0x68 ./src/SubSystemModules/Communication/SubsystemCommands/TRXVU_Commands.o
                0x2000b950                CMD_AntCancelDeployment
 .text.CMD_DumpRamTLM
                0x2000b9b8      0x180 ./src/SubSystemModules/Communication/SubsystemCommands/TRXVU_Commands.o
                0x2000b9b8                CMD_DumpRamTLM
 .text.SendAckPacket
                0x2000bb38       0xe4 ./src/SubSystemModules/Communication/AckHandler.o
                0x2000bb38                SendAckPacket
 .text.trxvu_command_router
                0x2000bc1c      0x560 ./src/SubSystemModules/Communication/CommandDictionary.o
                0x2000bc1c                trxvu_command_router
 .text.eps_command_router
                0x2000c17c       0xdc ./src/SubSystemModules/Communication/CommandDictionary.o
                0x2000c17c                eps_command_router
 .text.telemetry_command_router
                0x2000c258      0x23c ./src/SubSystemModules/Communication/CommandDictionary.o
                0x2000c258                telemetry_command_router
 .text.managment_command_router
                0x2000c494      0x12c ./src/SubSystemModules/Communication/CommandDictionary.o
                0x2000c494                managment_command_router
 .text.filesystem_command_router
                0x2000c5c0       0x24 ./src/SubSystemModules/Communication/CommandDictionary.o
                0x2000c5c0                filesystem_command_router
 .text.ParseDataToCommand
                0x2000c5e4      0x1ac ./src/SubSystemModules/Communication/SatCommandHandler.o
                0x2000c5e4                ParseDataToCommand
 .text.AssembleCommand
                0x2000c790      0x148 ./src/SubSystemModules/Communication/SatCommandHandler.o
                0x2000c790                AssembleCommand
 .text.GetDelayedCommand
                0x2000c8d8       0x24 ./src/SubSystemModules/Communication/SatCommandHandler.o
                0x2000c8d8                GetDelayedCommand
 .text.AddDelayedCommand
                0x2000c8fc       0x24 ./src/SubSystemModules/Communication/SatCommandHandler.o
                0x2000c8fc                AddDelayedCommand
 .text.GetDelayedCommandBufferCount
                0x2000c920       0x50 ./src/SubSystemModules/Communication/SatCommandHandler.o
                0x2000c920                GetDelayedCommandBufferCount
 .text.GetDelayedCommandByIndex
                0x2000c970       0x28 ./src/SubSystemModules/Communication/SatCommandHandler.o
                0x2000c970                GetDelayedCommandByIndex
 .text.DeleteDelayedCommandByIndex
                0x2000c998       0x24 ./src/SubSystemModules/Communication/SatCommandHandler.o
                0x2000c998                DeleteDelayedCommandByIndex
 .text.DeleteDelayedBuffer
                0x2000c9bc       0x1c ./src/SubSystemModules/Communication/SatCommandHandler.o
                0x2000c9bc                DeleteDelayedBuffer
 .text.ActUponCommand
                0x2000c9d8      0x108 ./src/SubSystemModules/Communication/SatCommandHandler.o
                0x2000c9d8                ActUponCommand
 .text.setMuteEndTime
                0x2000cae0       0x40 ./src/SubSystemModules/Communication/TRXVU.o
                0x2000cae0                setMuteEndTime
 .text.getMuteEndTime
                0x2000cb20       0x44 ./src/SubSystemModules/Communication/TRXVU.o
                0x2000cb20                getMuteEndTime
 .text.setTransponderEndTime
                0x2000cb64       0x40 ./src/SubSystemModules/Communication/TRXVU.o
                0x2000cb64                setTransponderEndTime
 .text.getTransponderEndTime
                0x2000cba4       0x44 ./src/SubSystemModules/Communication/TRXVU.o
                0x2000cba4                getTransponderEndTime
 .text.setTransponderRSSIinFRAM
                0x2000cbe8       0x44 ./src/SubSystemModules/Communication/TRXVU.o
                0x2000cbe8                setTransponderRSSIinFRAM
 .text.getTransponderRSSIFromFRAM
                0x2000cc2c       0x4c ./src/SubSystemModules/Communication/TRXVU.o
                0x2000cc2c                getTransponderRSSIFromFRAM
 .text.InitTxModule
                0x2000cc78       0x68 ./src/SubSystemModules/Communication/TRXVU.o
                0x2000cc78                InitTxModule
 .text.CMD_SetBeaconInterval
                0x2000cce0       0xdc ./src/SubSystemModules/Communication/TRXVU.o
                0x2000cce0                CMD_SetBeaconInterval
 .text.InitBeaconParams
                0x2000cdbc       0x3c ./src/SubSystemModules/Communication/TRXVU.o
                0x2000cdbc                InitBeaconParams
 .text.InitSemaphores
                0x2000cdf8       0x98 ./src/SubSystemModules/Communication/TRXVU.o
                0x2000cdf8                InitSemaphores
 .text.InitTrxvu
                0x2000ce90       0xec ./src/SubSystemModules/Communication/TRXVU.o
                0x2000ce90                InitTrxvu
 .text.checkIdleFinish
                0x2000cf7c       0x68 ./src/SubSystemModules/Communication/TRXVU.o
                0x2000cf7c                checkIdleFinish
 .text.checkTransponderFinish
                0x2000cfe4       0x50 ./src/SubSystemModules/Communication/TRXVU.o
                0x2000cfe4                checkTransponderFinish
 .text.checkTransponderStart
                0x2000d034       0x50 ./src/SubSystemModules/Communication/TRXVU.o
                0x2000d034                checkTransponderStart
 .text.turnOnTransponder
                0x2000d084       0xa0 ./src/SubSystemModules/Communication/TRXVU.o
                0x2000d084                turnOnTransponder
 .text.turnOffTransponder
                0x2000d124       0x90 ./src/SubSystemModules/Communication/TRXVU.o
                0x2000d124                turnOffTransponder
 .text.SetRSSITransponder
                0x2000d1b4       0x80 ./src/SubSystemModules/Communication/TRXVU.o
                0x2000d1b4                SetRSSITransponder
 .text.TRX_Logic
                0x2000d234       0xd4 ./src/SubSystemModules/Communication/TRXVU.o
                0x2000d234                TRX_Logic
 .text.GetNumberOfFramesInBuffer
                0x2000d308       0x5c ./src/SubSystemModules/Communication/TRXVU.o
                0x2000d308                GetNumberOfFramesInBuffer
 .text.GetOnlineCommand
                0x2000d364      0x17c ./src/SubSystemModules/Communication/TRXVU.o
                0x2000d364                GetOnlineCommand
 .text.CheckTransmitionAllowed
                0x2000d4e0       0xc0 ./src/SubSystemModules/Communication/TRXVU.o
                0x2000d4e0                CheckTransmitionAllowed
 .text.FinishDump
                0x2000d5a0       0xf0 ./src/SubSystemModules/Communication/TRXVU.o
                0x2000d5a0                FinishDump
 .text.AbortDump
                0x2000d690       0x34 ./src/SubSystemModules/Communication/TRXVU.o
                0x2000d690                AbortDump
 .text.SendDumpAbortRequest
                0x2000d6c4       0x6c ./src/SubSystemModules/Communication/TRXVU.o
                0x2000d6c4                SendDumpAbortRequest
 .text.CheckDumpAbort
                0x2000d730       0x6c ./src/SubSystemModules/Communication/TRXVU.o
                0x2000d730                CheckDumpAbort
 .text.BeaconLogic
                0x2000d79c      0x1b8 ./src/SubSystemModules/Communication/TRXVU.o
                0x2000d79c                BeaconLogic
 .text.SetIdleState
                0x2000d954      0x144 ./src/SubSystemModules/Communication/TRXVU.o
                0x2000d954                SetIdleState
 .text.muteTRXVU
                0x2000da98       0x74 ./src/SubSystemModules/Communication/TRXVU.o
                0x2000da98                muteTRXVU
 .text.UnMuteTRXVU
                0x2000db0c       0x14 ./src/SubSystemModules/Communication/TRXVU.o
                0x2000db0c                UnMuteTRXVU
 .text.TransmitDataAsSPL_Packet
                0x2000db20      0x114 ./src/SubSystemModules/Communication/TRXVU.o
                0x2000db20                TransmitDataAsSPL_Packet
 .text.TransmitSplPacket
                0x2000dc34      0x1cc ./src/SubSystemModules/Communication/TRXVU.o
                0x2000dc34                TransmitSplPacket
 .text.isFirstActivation
                0x2000de00       0x38 ./src/InitSystem.o
                0x2000de00                isFirstActivation
 .text.WriteDefaultValuesToFRAM
                0x2000de38      0x208 ./src/InitSystem.o
                0x2000de38                WriteDefaultValuesToFRAM
 .text.StartFRAM
                0x2000e040       0x64 ./src/InitSystem.o
                0x2000e040                StartFRAM
 .text.StartI2C
                0x2000e0a4       0x38 ./src/InitSystem.o
                0x2000e0a4                StartI2C
 .text.StartSPI
                0x2000e0dc       0x34 ./src/InitSystem.o
                0x2000e0dc                StartSPI
 .text.StartTIME
                0x2000e110       0xbc ./src/InitSystem.o
                0x2000e110                StartTIME
 .text.DeploySystem
                0x2000e1cc      0x1a4 ./src/InitSystem.o
                0x2000e1cc                DeploySystem
 .text.InitSubsystems
                0x2000e370       0x64 ./src/InitSystem.o
                0x2000e370                InitSubsystems
 .text.CMD_getInfoImage
                0x2000e3d4      0x158 ./src/TLM_management.o
                0x2000e3d4                CMD_getInfoImage
 .text.CMD_getDataImage
                0x2000e52c      0x218 ./src/TLM_management.o
                0x2000e52c                CMD_getDataImage
 .text.delete_allTMFilesFromSD
                0x2000e744       0x8c ./src/TLM_management.o
                0x2000e744                delete_allTMFilesFromSD
 .text.deleteTLMFiles
                0x2000e7d0       0x94 ./src/TLM_management.o
                0x2000e7d0                deleteTLMFiles
 .text.deleteTLMFile
                0x2000e864       0xcc ./src/TLM_management.o
                0x2000e864                deleteTLMFile
 .text.deleteTLMbyMonth
                0x2000e930       0xac ./src/TLM_management.o
                0x2000e930                deleteTLMbyMonth
 .text.deleteDirectory
                0x2000e9dc      0x158 ./src/TLM_management.o
                0x2000e9dc                deleteDirectory
 .text.InitializeFS
                0x2000eb34       0xec ./src/TLM_management.o
                0x2000eb34                InitializeFS
 .text.calculateFileName
                0x2000ec20      0x130 ./src/TLM_management.o
                0x2000ec20                calculateFileName
 .text.getTlmTypeInfo
                0x2000ed50      0x230 ./src/TLM_management.o
                0x2000ed50                getTlmTypeInfo
 .text.write2File
                0x2000ef80      0x1dc ./src/TLM_management.o
                0x2000ef80                write2File
 .text.printTLM
                0x2000f15c      0x490 ./src/TLM_management.o
                0x2000f15c                printTLM
 .text.readTLMFile
                0x2000f5ec      0x328 ./src/TLM_management.o
                0x2000f5ec                readTLMFile
 .text.readTLMFiles
                0x2000f914       0xdc ./src/TLM_management.o
                0x2000f914                readTLMFiles
 .text.readTLMFileTimeRange
                0x2000f9f0      0x2f0 ./src/TLM_management.o
                0x2000f9f0                readTLMFileTimeRange
 .text.DeInitializeFS
                0x2000fce0       0x38 ./src/TLM_management.o
                0x2000fce0                DeInitializeFS
 .text.main     0x2000fd18       0x98 ./src/main.o
                0x2000fd18                main
 .text.timeU2time
                0x2000fdb0       0xbc ./src/utils.o
                0x2000fdb0                timeU2time
 .text.logError
                0x2000fe6c      0x148 ./src/utils.o
                0x2000fe6c                logError
 .text.clearPDCtransfers
                0x2000ffb4       0xe8 C:/ISIS/workspace/ycube/GlobusSatProject/..//hal/hal/lib\libHALD.a(SPI.o)
 .text.SPI_start
                0x2001009c      0x4b0 C:/ISIS/workspace/ycube/GlobusSatProject/..//hal/hal/lib\libHALD.a(SPI.o)
                0x2001009c                SPI_start
 .text.SPI_stop
                0x2001054c      0x244 C:/ISIS/workspace/ycube/GlobusSatProject/..//hal/hal/lib\libHALD.a(SPI.o)
                0x2001054c                SPI_stop
 .text.SPI_queueTransfer
                0x20010790      0x1cc C:/ISIS/workspace/ycube/GlobusSatProject/..//hal/hal/lib\libHALD.a(SPI.o)
                0x20010790                SPI_queueTransfer
 .text.SPI_internalCallback
                0x2001095c       0x64 C:/ISIS/workspace/ycube/GlobusSatProject/..//hal/hal/lib\libHALD.a(SPI.o)
 .text.SPI_writeRead
                0x200109c0      0x1c0 C:/ISIS/workspace/ycube/GlobusSatProject/..//hal/hal/lib\libHALD.a(SPI.o)
                0x200109c0                SPI_writeRead
 .text.waitForTransfer
                0x20010b80       0x78 C:/ISIS/workspace/ycube/GlobusSatProject/..//hal/hal/lib\libHALD.a(SPI.o)
 .text.SPI_getDriverState
                0x20010bf8       0x58 C:/ISIS/workspace/ycube/GlobusSatProject/..//hal/hal/lib\libHALD.a(SPI.o)
                0x20010bf8                SPI_getDriverState
 .text.validateTransferParameters
                0x20010c50      0x10c C:/ISIS/workspace/ycube/GlobusSatProject/..//hal/hal/lib\libHALD.a(I2C.o)
 .text.I2C_queueTransfer
                0x20010d5c       0xfc C:/ISIS/workspace/ycube/GlobusSatProject/..//hal/hal/lib\libHALD.a(I2C.o)
                0x20010d5c                I2C_queueTransfer
 .text.I2C_internalCallback
                0x20010e58       0x64 C:/ISIS/workspace/ycube/GlobusSatProject/..//hal/hal/lib\libHALD.a(I2C.o)
 .text.I2C_doBlockingTransfer
                0x20010ebc      0x180 C:/ISIS/workspace/ycube/GlobusSatProject/..//hal/hal/lib\libHALD.a(I2C.o)
 .text.I2C_write
                0x2001103c      0x110 C:/ISIS/workspace/ycube/GlobusSatProject/..//hal/hal/lib\libHALD.a(I2C.o)
                0x2001103c                I2C_write
 .text.I2C_read
                0x2001114c      0x110 C:/ISIS/workspace/ycube/GlobusSatProject/..//hal/hal/lib\libHALD.a(I2C.o)
                0x2001114c                I2C_read
 .text.I2C_writeRead
                0x2001125c      0x17c C:/ISIS/workspace/ycube/GlobusSatProject/..//hal/hal/lib\libHALD.a(I2C.o)
                0x2001125c                I2C_writeRead
 .text.I2C_start
                0x200113d8      0x2e8 C:/ISIS/workspace/ycube/GlobusSatProject/..//hal/hal/lib\libHALD.a(I2C.o)
                0x200113d8                I2C_start
 .text.I2C_stop
                0x200116c0      0x184 C:/ISIS/workspace/ycube/GlobusSatProject/..//hal/hal/lib\libHALD.a(I2C.o)
                0x200116c0                I2C_stop
 .text.I2C_setTransferTimeout
                0x20011844       0x48 C:/ISIS/workspace/ycube/GlobusSatProject/..//hal/hal/lib\libHALD.a(I2C.o)
                0x20011844                I2C_setTransferTimeout
 .text.ADC_ConvertRaw10bitToMillivolt
                0x2001188c       0x50 C:/ISIS/workspace/ycube/GlobusSatProject/..//hal/hal/lib\libHALD.a(ADC.o)
                0x2001188c                ADC_ConvertRaw10bitToMillivolt
 .text.ADC_SingleShot
                0x200118dc      0x230 C:/ISIS/workspace/ycube/GlobusSatProject/..//hal/hal/lib\libHALD.a(ADC.o)
                0x200118dc                ADC_SingleShot
 .text.FRAM_start
                0x20011b0c      0x120 C:/ISIS/workspace/ycube/GlobusSatProject/..//hal/hal/lib\libHALD.a(FRAM.o)
                0x20011b0c                FRAM_start
 .text.FRAM_stop
                0x20011c2c       0x6c C:/ISIS/workspace/ycube/GlobusSatProject/..//hal/hal/lib\libHALD.a(FRAM.o)
                0x20011c2c                FRAM_stop
 .text.FRAM_dummyCallback
                0x20011c98       0x24 C:/ISIS/workspace/ycube/GlobusSatProject/..//hal/hal/lib\libHALD.a(FRAM.o)
                0x20011c98                FRAM_dummyCallback
 .text.FRAM_unlockingCallback
                0x20011cbc       0x64 C:/ISIS/workspace/ycube/GlobusSatProject/..//hal/hal/lib\libHALD.a(FRAM.o)
                0x20011cbc                FRAM_unlockingCallback
 .text.doBlockingTransfer
                0x20011d20       0x78 C:/ISIS/workspace/ycube/GlobusSatProject/..//hal/hal/lib\libHALD.a(FRAM.o)
 .text.FRAM_writePacket
                0x20011d98      0x134 C:/ISIS/workspace/ycube/GlobusSatProject/..//hal/hal/lib\libHALD.a(FRAM.o)
 .text.FRAM_write
                0x20011ecc      0x1e0 C:/ISIS/workspace/ycube/GlobusSatProject/..//hal/hal/lib\libHALD.a(FRAM.o)
                0x20011ecc                FRAM_write
 .text.FRAM_readPacket
                0x200120ac       0xf0 C:/ISIS/workspace/ycube/GlobusSatProject/..//hal/hal/lib\libHALD.a(FRAM.o)
 .text.FRAM_read
                0x2001219c      0x1ec C:/ISIS/workspace/ycube/GlobusSatProject/..//hal/hal/lib\libHALD.a(FRAM.o)
                0x2001219c                FRAM_read
 .text.Time_start
                0x20012388      0x170 C:/ISIS/workspace/ycube/GlobusSatProject/..//hal/hal/lib\libHALD.a(Time.o)
                0x20012388                Time_start
 .text.taskTimeSync
                0x200124f8       0x64 C:/ISIS/workspace/ycube/GlobusSatProject/..//hal/hal/lib\libHALD.a(Time.o)
 .text.Time_convertEpochToTime
                0x2001255c      0x100 C:/ISIS/workspace/ycube/GlobusSatProject/..//hal/hal/lib\libHALD.a(Time.o)
                0x2001255c                Time_convertEpochToTime
 .text.Time_calculateSecondsOfYear
                0x2001265c       0xd8 C:/ISIS/workspace/ycube/GlobusSatProject/..//hal/hal/lib\libHALD.a(Time.o)
 .text.Time_set
                0x20012734       0xd8 C:/ISIS/workspace/ycube/GlobusSatProject/..//hal/hal/lib\libHALD.a(Time.o)
                0x20012734                Time_set
 .text.Time_isLeapYear
                0x2001280c       0x98 C:/ISIS/workspace/ycube/GlobusSatProject/..//hal/hal/lib\libHALD.a(Time.o)
                0x2001280c                Time_isLeapYear
 .text.Time_get
                0x200128a4      0x478 C:/ISIS/workspace/ycube/GlobusSatProject/..//hal/hal/lib\libHALD.a(Time.o)
                0x200128a4                Time_get
 .text.Time_getUnixEpoch
                0x20012d1c      0x108 C:/ISIS/workspace/ycube/GlobusSatProject/..//hal/hal/lib\libHALD.a(Time.o)
                0x20012d1c                Time_getUnixEpoch
 .text.Time_secondsOfYearToTime
                0x20012e24      0x33c C:/ISIS/workspace/ycube/GlobusSatProject/..//hal/hal/lib\libHALD.a(Time.o)
 .text.Time_setUnixEpoch
                0x20013160       0x54 C:/ISIS/workspace/ycube/GlobusSatProject/..//hal/hal/lib\libHALD.a(Time.o)
                0x20013160                Time_setUnixEpoch
 .text.Time_getUptimeSeconds
                0x200131b4       0x28 C:/ISIS/workspace/ycube/GlobusSatProject/..//hal/hal/lib\libHALD.a(Time.o)
                0x200131b4                Time_getUptimeSeconds
 .text.Time_sync
                0x200131dc      0x1a8 C:/ISIS/workspace/ycube/GlobusSatProject/..//hal/hal/lib\libHALD.a(Time.o)
                0x200131dc                Time_sync
 .text.Time_syncIfNeeded
                0x20013384       0xac C:/ISIS/workspace/ycube/GlobusSatProject/..//hal/hal/lib\libHALD.a(Time.o)
                0x20013384                Time_syncIfNeeded
 .text.WDT_start
                0x20013430       0x48 C:/ISIS/workspace/ycube/GlobusSatProject/..//hal/hal/lib\libHALD.a(WatchDogTimerNoOS.o)
                0x20013430                WDT_start
 .text.RTT_start
                0x20013478       0x24 C:/ISIS/workspace/ycube/GlobusSatProject/..//hal/hal/lib\libHALD.a(RTT.o)
                0x20013478                RTT_start
 .text.RTT_GetTime
                0x2001349c       0x24 C:/ISIS/workspace/ycube/GlobusSatProject/..//hal/hal/lib\libHALD.a(RTT.o)
                0x2001349c                RTT_GetTime
 .text.RTC_start
                0x200134c0       0x3c C:/ISIS/workspace/ycube/GlobusSatProject/..//hal/hal/lib\libHALD.a(RTC.o)
                0x200134c0                RTC_start
 .text.RTC_setTime
                0x200134fc      0x2a4 C:/ISIS/workspace/ycube/GlobusSatProject/..//hal/hal/lib\libHALD.a(RTC.o)
                0x200134fc                RTC_setTime
 .text.RTC_getTime
                0x200137a0      0x230 C:/ISIS/workspace/ycube/GlobusSatProject/..//hal/hal/lib\libHALD.a(RTC.o)
                0x200137a0                RTC_getTime
 .text.RTC_checkTimeValid
                0x200139d0       0xd8 C:/ISIS/workspace/ycube/GlobusSatProject/..//hal/hal/lib\libHALD.a(RTC.o)
                0x200139d0                RTC_checkTimeValid
 .text.WDT_startWatchdogKickTask
                0x20013aa8       0xb4 C:/ISIS/workspace/ycube/GlobusSatProject/..//hal/hal/lib\libHALD.a(WatchDogTimerOS.o)
                0x20013aa8                WDT_startWatchdogKickTask
 .text.WDT_forceKickEveryNms
                0x20013b5c       0x50 C:/ISIS/workspace/ycube/GlobusSatProject/..//hal/hal/lib\libHALD.a(WatchDogTimerOS.o)
                0x20013b5c                WDT_forceKickEveryNms
 .text.f_puts   0x20013bac       0x80 C:/ISIS/workspace/ycube/GlobusSatProject/..//hal/hal/lib\libHALD.a(fprintf.o)
                0x20013bac                f_puts
 .text.UTIL_DbguGetInteger
                0x20013c2c      0x168 C:/ISIS/workspace/ycube/GlobusSatProject/..//hal/hal/lib\libHALD.a(util.o)
                0x20013c2c                UTIL_DbguGetInteger
 .text.UTIL_DbguGetIntegerMinMax
                0x20013d94       0xa4 C:/ISIS/workspace/ycube/GlobusSatProject/..//hal/hal/lib\libHALD.a(util.o)
                0x20013d94                UTIL_DbguGetIntegerMinMax
 .text.LED_glow
                0x20013e38       0x58 C:/ISIS/workspace/ycube/GlobusSatProject/..//hal/hal/lib\libHALD.a(LED.o)
                0x20013e38                LED_glow
 .text.LED_dark
                0x20013e90       0x58 C:/ISIS/workspace/ycube/GlobusSatProject/..//hal/hal/lib\libHALD.a(LED.o)
                0x20013e90                LED_dark
 .text.LED_toggle
                0x20013ee8       0x50 C:/ISIS/workspace/ycube/GlobusSatProject/..//hal/hal/lib\libHALD.a(LED.o)
                0x20013ee8                LED_toggle
 .text.fm_initvolume
                0x20013f38       0x70 C:/ISIS/workspace/ycube/GlobusSatProject/..//hal/hcc/lib\libHCCD.a(fat_m.o)
                0x20013f38                fm_initvolume
 .text.fm_delvolume
                0x20013fa8       0x60 C:/ISIS/workspace/ycube/GlobusSatProject/..//hal/hcc/lib\libHCCD.a(fat_m.o)
                0x20013fa8                fm_delvolume
 .text.fm_format
                0x20014008       0x68 C:/ISIS/workspace/ycube/GlobusSatProject/..//hal/hcc/lib\libHCCD.a(fat_m.o)
                0x20014008                fm_format
 .text.fm_getdrive
                0x20014070       0x70 C:/ISIS/workspace/ycube/GlobusSatProject/..//hal/hcc/lib\libHCCD.a(fat_m.o)
                0x20014070                fm_getdrive
 .text.fm_getfreespace
                0x200140e0       0x68 C:/ISIS/workspace/ycube/GlobusSatProject/..//hal/hcc/lib\libHCCD.a(fat_m.o)
                0x200140e0                fm_getfreespace
 .text.fm_mkdir
                0x20014148       0x60 C:/ISIS/workspace/ycube/GlobusSatProject/..//hal/hcc/lib\libHCCD.a(fat_m.o)
                0x20014148                fm_mkdir
 .text.fm_rmdir
                0x200141a8       0x60 C:/ISIS/workspace/ycube/GlobusSatProject/..//hal/hcc/lib\libHCCD.a(fat_m.o)
                0x200141a8                fm_rmdir
 .text.fm_findfirst
                0x20014208       0x68 C:/ISIS/workspace/ycube/GlobusSatProject/..//hal/hcc/lib\libHCCD.a(fat_m.o)
                0x20014208                fm_findfirst
 .text.fm_findnext
                0x20014270       0x60 C:/ISIS/workspace/ycube/GlobusSatProject/..//hal/hcc/lib\libHCCD.a(fat_m.o)
                0x20014270                fm_findnext
 .text.fm_close
                0x200142d0       0x60 C:/ISIS/workspace/ycube/GlobusSatProject/..//hal/hcc/lib\libHCCD.a(fat_m.o)
                0x200142d0                fm_close
 .text.fm_flush
                0x20014330       0x60 C:/ISIS/workspace/ycube/GlobusSatProject/..//hal/hcc/lib\libHCCD.a(fat_m.o)
                0x20014330                fm_flush
 .text.fm_open  0x20014390       0x68 C:/ISIS/workspace/ycube/GlobusSatProject/..//hal/hcc/lib\libHCCD.a(fat_m.o)
                0x20014390                fm_open
 .text.fm_read  0x200143f8       0x7c C:/ISIS/workspace/ycube/GlobusSatProject/..//hal/hcc/lib\libHCCD.a(fat_m.o)
                0x200143f8                fm_read
 .text.fm_write
                0x20014474       0x7c C:/ISIS/workspace/ycube/GlobusSatProject/..//hal/hcc/lib\libHCCD.a(fat_m.o)
                0x20014474                fm_write
 .text.fm_seek  0x200144f0       0x70 C:/ISIS/workspace/ycube/GlobusSatProject/..//hal/hcc/lib\libHCCD.a(fat_m.o)
                0x200144f0                fm_seek
 .text.fm_tell  0x20014560       0x60 C:/ISIS/workspace/ycube/GlobusSatProject/..//hal/hcc/lib\libHCCD.a(fat_m.o)
                0x20014560                fm_tell
 .text.fm_putc  0x200145c0       0x68 C:/ISIS/workspace/ycube/GlobusSatProject/..//hal/hcc/lib\libHCCD.a(fat_m.o)
                0x200145c0                fm_putc
 .text.fm_rewind
                0x20014628       0x60 C:/ISIS/workspace/ycube/GlobusSatProject/..//hal/hcc/lib\libHCCD.a(fat_m.o)
                0x20014628                fm_rewind
 .text.fm_delete
                0x20014688       0x64 C:/ISIS/workspace/ycube/GlobusSatProject/..//hal/hcc/lib\libHCCD.a(fat_m.o)
                0x20014688                fm_delete
 .text.fm_getlasterror
                0x200146ec       0x40 C:/ISIS/workspace/ycube/GlobusSatProject/..//hal/hcc/lib\libHCCD.a(fat_m.o)
                0x200146ec                fm_getlasterror
 .text._f_invalidatedir
                0x2001472c       0x28 C:/ISIS/workspace/ycube/GlobusSatProject/..//hal/hcc/lib\libHCCD.a(fat.o)
                0x2001472c                _f_invalidatedir
 .text._f_getdirsector
                0x20014754       0x88 C:/ISIS/workspace/ycube/GlobusSatProject/..//hal/hcc/lib\libHCCD.a(fat.o)
                0x20014754                _f_getdirsector
 .text._f_writedirsector
                0x200147dc       0x74 C:/ISIS/workspace/ycube/GlobusSatProject/..//hal/hcc/lib\libHCCD.a(fat.o)
                0x200147dc                _f_writedirsector
 .text._f_checknameinv
                0x20014850      0x180 C:/ISIS/workspace/ycube/GlobusSatProject/..//hal/hcc/lib\libHCCD.a(fat.o)
 .text._f_checkname
                0x200149d0       0x7c C:/ISIS/workspace/ycube/GlobusSatProject/..//hal/hcc/lib\libHCCD.a(fat.o)
 .text._f_checknamewc
                0x20014a4c       0xf8 C:/ISIS/workspace/ycube/GlobusSatProject/..//hal/hcc/lib\libHCCD.a(fat.o)
 .text._f_setnameext
                0x20014b44      0x300 C:/ISIS/workspace/ycube/GlobusSatProject/..//hal/hcc/lib\libHCCD.a(fat.o)
 .text._f_setfsname
                0x20014e44      0x584 C:/ISIS/workspace/ycube/GlobusSatProject/..//hal/hcc/lib\libHCCD.a(fat.o)
 .text._f_findfile
                0x200153c8      0x30c C:/ISIS/workspace/ycube/GlobusSatProject/..//hal/hcc/lib\libHCCD.a(fat.o)
 .text._f_cmp_wname
                0x200156d4      0x274 C:/ISIS/workspace/ycube/GlobusSatProject/..//hal/hcc/lib\libHCCD.a(fat.o)
 .text._f_to_string
                0x20015948      0x130 C:/ISIS/workspace/ycube/GlobusSatProject/..//hal/hcc/lib\libHCCD.a(fat.o)
 .text._f_findfilewc
                0x20015a78      0x278 C:/ISIS/workspace/ycube/GlobusSatProject/..//hal/hcc/lib\libHCCD.a(fat.o)
 .text._f_getfilename
                0x20015cf0      0x20c C:/ISIS/workspace/ycube/GlobusSatProject/..//hal/hcc/lib\libHCCD.a(fat.o)
 .text._f_findpath
                0x20015efc      0x35c C:/ISIS/workspace/ycube/GlobusSatProject/..//hal/hcc/lib\libHCCD.a(fat.o)
 .text.fn_getdcwd
                0x20016258      0x1e0 C:/ISIS/workspace/ycube/GlobusSatProject/..//hal/hcc/lib\libHCCD.a(fat.o)
                0x20016258                fn_getdcwd
 .text.fn_findfirst
                0x20016438      0x13c C:/ISIS/workspace/ycube/GlobusSatProject/..//hal/hcc/lib\libHCCD.a(fat.o)
                0x20016438                fn_findfirst
 .text.fn_findnext
                0x20016574      0x360 C:/ISIS/workspace/ycube/GlobusSatProject/..//hal/hcc/lib\libHCCD.a(fat.o)
                0x20016574                fn_findnext
 .text._f_lock_resfile
                0x200168d4       0x6c C:/ISIS/workspace/ycube/GlobusSatProject/..//hal/hcc/lib\libHCCD.a(fat.o)
 .text._f_unlock_resfile
                0x20016940       0x40 C:/ISIS/workspace/ycube/GlobusSatProject/..//hal/hcc/lib\libHCCD.a(fat.o)
 .text._f_getintfile
                0x20016980      0x124 C:/ISIS/workspace/ycube/GlobusSatProject/..//hal/hcc/lib\libHCCD.a(fat.o)
 .text._f_addentry
                0x20016aa4      0x540 C:/ISIS/workspace/ycube/GlobusSatProject/..//hal/hcc/lib\libHCCD.a(fat.o)
 .text.fn_mkdir
                0x20016fe4      0x75c C:/ISIS/workspace/ycube/GlobusSatProject/..//hal/hcc/lib\libHCCD.a(fat.o)
                0x20016fe4                fn_mkdir
 .text.fn_open_sub
                0x20017740     0x1698 C:/ISIS/workspace/ycube/GlobusSatProject/..//hal/hcc/lib\libHCCD.a(fat.o)
 .text.fn_open  0x20018dd8       0x44 C:/ISIS/workspace/ycube/GlobusSatProject/..//hal/hcc/lib\libHCCD.a(fat.o)
                0x20018dd8                fn_open
 .text.fn_delete
                0x20018e1c      0x490 C:/ISIS/workspace/ycube/GlobusSatProject/..//hal/hcc/lib\libHCCD.a(fat.o)
                0x20018e1c                fn_delete
 .text.fn_rmdir
                0x200192ac      0x5ac C:/ISIS/workspace/ycube/GlobusSatProject/..//hal/hcc/lib\libHCCD.a(fat.o)
                0x200192ac                fn_rmdir
 .text.fn_init  0x20019858      0x2dc C:/ISIS/workspace/ycube/GlobusSatProject/..//hal/hcc/lib\libHCCD.a(fat_common.o)
                0x20019858                fn_init
 .text.fn_start
                0x20019b34       0x1c C:/ISIS/workspace/ycube/GlobusSatProject/..//hal/hcc/lib\libHCCD.a(fat_common.o)
                0x20019b34                fn_start
 .text.fsn_delete
                0x20019b50       0xc8 C:/ISIS/workspace/ycube/GlobusSatProject/..//hal/hcc/lib\libHCCD.a(fat_common.o)
                0x20019b50                fsn_delete
 .text._f_get16bitl
                0x20019c18       0x4c C:/ISIS/workspace/ycube/GlobusSatProject/..//hal/hcc/lib\libHCCD.a(fat_common.o)
                0x20019c18                _f_get16bitl
 .text._f_set16bitl
                0x20019c64       0x54 C:/ISIS/workspace/ycube/GlobusSatProject/..//hal/hcc/lib\libHCCD.a(fat_common.o)
                0x20019c64                _f_set16bitl
 .text._f_get32bitl
                0x20019cb8       0x68 C:/ISIS/workspace/ycube/GlobusSatProject/..//hal/hcc/lib\libHCCD.a(fat_common.o)
                0x20019cb8                _f_get32bitl
 .text._f_set32bitl
                0x20019d20       0x78 C:/ISIS/workspace/ycube/GlobusSatProject/..//hal/hcc/lib\libHCCD.a(fat_common.o)
                0x20019d20                _f_set32bitl
 .text._get8bit
                0x20019d98       0xa0 C:/ISIS/workspace/ycube/GlobusSatProject/..//hal/hcc/lib\libHCCD.a(fat_common.o)
 .text._get16bitl
                0x20019e38       0x40 C:/ISIS/workspace/ycube/GlobusSatProject/..//hal/hcc/lib\libHCCD.a(fat_common.o)
 .text._get32bitl
                0x20019e78       0x3c C:/ISIS/workspace/ycube/GlobusSatProject/..//hal/hcc/lib\libHCCD.a(fat_common.o)
 .text._set8bitzero
                0x20019eb4       0x6c C:/ISIS/workspace/ycube/GlobusSatProject/..//hal/hcc/lib\libHCCD.a(fat_common.o)
 .text._set8bit
                0x20019f20       0xa0 C:/ISIS/workspace/ycube/GlobusSatProject/..//hal/hcc/lib\libHCCD.a(fat_common.o)
 .text._set16bitl
                0x20019fc0       0x3c C:/ISIS/workspace/ycube/GlobusSatProject/..//hal/hcc/lib\libHCCD.a(fat_common.o)
 .text._set32bitl
                0x20019ffc       0x34 C:/ISIS/workspace/ycube/GlobusSatProject/..//hal/hcc/lib\libHCCD.a(fat_common.o)
 .text._f_setcardremoved
                0x2001a030       0x94 C:/ISIS/workspace/ycube/GlobusSatProject/..//hal/hcc/lib\libHCCD.a(fat_common.o)
 .text._f_checkstatus
                0x2001a0c4      0x104 C:/ISIS/workspace/ycube/GlobusSatProject/..//hal/hcc/lib\libHCCD.a(fat_common.o)
                0x2001a0c4                _f_checkstatus
 .text._f_drvgetphy
                0x2001a1c8      0x114 C:/ISIS/workspace/ycube/GlobusSatProject/..//hal/hcc/lib\libHCCD.a(fat_common.o)
 .text._f_drvwritesector
                0x2001a2dc       0xdc C:/ISIS/workspace/ycube/GlobusSatProject/..//hal/hcc/lib\libHCCD.a(fat_common.o)
 .text._f_drvreadsector
                0x2001a3b8       0xa8 C:/ISIS/workspace/ycube/GlobusSatProject/..//hal/hcc/lib\libHCCD.a(fat_common.o)
 .text._f_writesector
                0x2001a460      0x23c C:/ISIS/workspace/ycube/GlobusSatProject/..//hal/hcc/lib\libHCCD.a(fat_common.o)
                0x2001a460                _f_writesector
 .text._f_readsector
                0x2001a69c      0x1dc C:/ISIS/workspace/ycube/GlobusSatProject/..//hal/hcc/lib\libHCCD.a(fat_common.o)
                0x2001a69c                _f_readsector
 .text._f_getmaxcluster
                0x2001a878       0x94 C:/ISIS/workspace/ycube/GlobusSatProject/..//hal/hcc/lib\libHCCD.a(fat_common.o)
                0x2001a878                _f_getmaxcluster
 .text._getsectorfromcluster
                0x2001a90c       0x68 C:/ISIS/workspace/ycube/GlobusSatProject/..//hal/hcc/lib\libHCCD.a(fat_common.o)
 .text._f_buildsectors
                0x2001a974      0x268 C:/ISIS/workspace/ycube/GlobusSatProject/..//hal/hcc/lib\libHCCD.a(fat_common.o)
 .text._f_getbootrecord
                0x2001abdc      0x5e4 C:/ISIS/workspace/ycube/GlobusSatProject/..//hal/hcc/lib\libHCCD.a(fat_common.o)
 .text._f_readbootrecord
                0x2001b1c0      0x4f8 C:/ISIS/workspace/ycube/GlobusSatProject/..//hal/hcc/lib\libHCCD.a(fat_common.o)
 .text._f_writebootrecord
                0x2001b6b8      0x5e4 C:/ISIS/workspace/ycube/GlobusSatProject/..//hal/hcc/lib\libHCCD.a(fat_common.o)
 .text._f_flushcffiles
                0x2001bc9c      0x17c C:/ISIS/workspace/ycube/GlobusSatProject/..//hal/hcc/lib\libHCCD.a(fat_common.o)
                0x2001bc9c                _f_flushcffiles
 .text._f_fatcache_flush
                0x2001be18      0x270 C:/ISIS/workspace/ycube/GlobusSatProject/..//hal/hcc/lib\libHCCD.a(fat_common.o)
                0x2001be18                _f_fatcache_flush
 .text._f_writefatsector
                0x2001c088      0x100 C:/ISIS/workspace/ycube/GlobusSatProject/..//hal/hcc/lib\libHCCD.a(fat_common.o)
                0x2001c088                _f_writefatsector
 .text._f_getfatsector
                0x2001c188      0x3bc C:/ISIS/workspace/ycube/GlobusSatProject/..//hal/hcc/lib\libHCCD.a(fat_common.o)
 .text._f_setclustervalue
                0x2001c544      0x490 C:/ISIS/workspace/ycube/GlobusSatProject/..//hal/hcc/lib\libHCCD.a(fat_common.o)
                0x2001c544                _f_setclustervalue
 .text._f_getclustervalue
                0x2001c9d4      0x388 C:/ISIS/workspace/ycube/GlobusSatProject/..//hal/hcc/lib\libHCCD.a(fat_common.o)
                0x2001c9d4                _f_getclustervalue
 .text._f_close_drive_files
                0x2001cd5c       0xac C:/ISIS/workspace/ycube/GlobusSatProject/..//hal/hcc/lib\libHCCD.a(fat_common.o)
 .text._f_inc_mount_count
                0x2001ce08       0xa4 C:/ISIS/workspace/ycube/GlobusSatProject/..//hal/hcc/lib\libHCCD.a(fat_common.o)
 .text._f_getvolume
                0x2001ceac      0x2f8 C:/ISIS/workspace/ycube/GlobusSatProject/..//hal/hcc/lib\libHCCD.a(fat_common.o)
                0x2001ceac                _f_getvolume
 .text.fn_createdriver
                0x2001d1a4      0x118 C:/ISIS/workspace/ycube/GlobusSatProject/..//hal/hcc/lib\libHCCD.a(fat_common.o)
                0x2001d1a4                fn_createdriver
 .text.fn_initvolume
                0x2001d2bc      0x12c C:/ISIS/workspace/ycube/GlobusSatProject/..//hal/hcc/lib\libHCCD.a(fat_common.o)
                0x2001d2bc                fn_initvolume
 .text.fn_releasedriver
                0x2001d3e8       0xf4 C:/ISIS/workspace/ycube/GlobusSatProject/..//hal/hcc/lib\libHCCD.a(fat_common.o)
                0x2001d3e8                fn_releasedriver
 .text.fn_initvolumepartition_sub
                0x2001d4dc       0xe0 C:/ISIS/workspace/ycube/GlobusSatProject/..//hal/hcc/lib\libHCCD.a(fat_common.o)
 .text.fn_initvolumepartition
                0x2001d5bc       0xac C:/ISIS/workspace/ycube/GlobusSatProject/..//hal/hcc/lib\libHCCD.a(fat_common.o)
                0x2001d5bc                fn_initvolumepartition
 .text.fn_delvolume
                0x2001d668      0x194 C:/ISIS/workspace/ycube/GlobusSatProject/..//hal/hcc/lib\libHCCD.a(fat_common.o)
                0x2001d668                fn_delvolume
 .text._f_clustertopos
                0x2001d7fc       0xf8 C:/ISIS/workspace/ycube/GlobusSatProject/..//hal/hcc/lib\libHCCD.a(fat_common.o)
                0x2001d7fc                _f_clustertopos
 .text._f_prepareformat
                0x2001d8f4      0x8b8 C:/ISIS/workspace/ycube/GlobusSatProject/..//hal/hcc/lib\libHCCD.a(fat_common.o)
 .text._f_resetfatentries
                0x2001e1ac      0x410 C:/ISIS/workspace/ycube/GlobusSatProject/..//hal/hcc/lib\libHCCD.a(fat_common.o)
 .text._f_resetrootdir
                0x2001e5bc       0xcc C:/ISIS/workspace/ycube/GlobusSatProject/..//hal/hcc/lib\libHCCD.a(fat_common.o)
 .text._f_postformat
                0x2001e688      0x178 C:/ISIS/workspace/ycube/GlobusSatProject/..//hal/hcc/lib\libHCCD.a(fat_common.o)
 .text.fn_format
                0x2001e800      0x148 C:/ISIS/workspace/ycube/GlobusSatProject/..//hal/hcc/lib\libHCCD.a(fat_common.o)
                0x2001e800                fn_format
 .text._f_getcurrsector
                0x2001e948      0x6c8 C:/ISIS/workspace/ycube/GlobusSatProject/..//hal/hcc/lib\libHCCD.a(fat_common.o)
                0x2001e948                _f_getcurrsector
 .text._f_getdecluster
                0x2001f010       0x90 C:/ISIS/workspace/ycube/GlobusSatProject/..//hal/hcc/lib\libHCCD.a(fat_common.o)
                0x2001f010                _f_getdecluster
 .text._f_setdecluster
                0x2001f0a0       0x8c C:/ISIS/workspace/ycube/GlobusSatProject/..//hal/hcc/lib\libHCCD.a(fat_common.o)
                0x2001f0a0                _f_setdecluster
 .text.fn_getdrive
                0x2001f12c       0x30 C:/ISIS/workspace/ycube/GlobusSatProject/..//hal/hcc/lib\libHCCD.a(fat_common.o)
                0x2001f12c                fn_getdrive
 .text._f_getcurrenttimedate
                0x2001f15c      0x138 C:/ISIS/workspace/ycube/GlobusSatProject/..//hal/hcc/lib\libHCCD.a(fat_common.o)
                0x2001f15c                _f_getcurrenttimedate
 .text._f_initentry
                0x2001f294       0xa0 C:/ISIS/workspace/ycube/GlobusSatProject/..//hal/hcc/lib\libHCCD.a(fat_common.o)
                0x2001f294                _f_initentry
 .text._f_alloccluster
                0x2001f334      0x344 C:/ISIS/workspace/ycube/GlobusSatProject/..//hal/hcc/lib\libHCCD.a(fat_common.o)
                0x2001f334                _f_alloccluster
 .text._f_dobadblock
                0x2001f678      0x2cc C:/ISIS/workspace/ycube/GlobusSatProject/..//hal/hcc/lib\libHCCD.a(fat_common.o)
                0x2001f678                _f_dobadblock
 .text._f_checklocked
                0x2001f944       0xe4 C:/ISIS/workspace/ycube/GlobusSatProject/..//hal/hcc/lib\libHCCD.a(fat_common.o)
                0x2001f944                _f_checklocked
 .text._f_checkappendlocked
                0x2001fa28      0x110 C:/ISIS/workspace/ycube/GlobusSatProject/..//hal/hcc/lib\libHCCD.a(fat_common.o)
                0x2001fa28                _f_checkappendlocked
 .text._f_setsyncafile
                0x2001fb38      0x114 C:/ISIS/workspace/ycube/GlobusSatProject/..//hal/hcc/lib\libHCCD.a(fat_common.o)
                0x2001fb38                _f_setsyncafile
 .text._f_syncfiles
                0x2001fc4c      0x128 C:/ISIS/workspace/ycube/GlobusSatProject/..//hal/hcc/lib\libHCCD.a(fat_common.o)
                0x2001fc4c                _f_syncfiles
 .text._f_syncfilescontent
                0x2001fd74      0x15c C:/ISIS/workspace/ycube/GlobusSatProject/..//hal/hcc/lib\libHCCD.a(fat_common.o)
 .text.fn_getfreespace
                0x2001fed0      0x4c0 C:/ISIS/workspace/ycube/GlobusSatProject/..//hal/hcc/lib\libHCCD.a(fat_common.o)
                0x2001fed0                fn_getfreespace
 .text._f_emptywritecache
                0x20020390      0x4a4 C:/ISIS/workspace/ycube/GlobusSatProject/..//hal/hcc/lib\libHCCD.a(fat_common.o)
 .text._f_allocnextcluster
                0x20020834      0x54c C:/ISIS/workspace/ycube/GlobusSatProject/..//hal/hcc/lib\libHCCD.a(fat_common.o)
 .text._f_emptywritebuffer
                0x20020d80      0x20c C:/ISIS/workspace/ycube/GlobusSatProject/..//hal/hcc/lib\libHCCD.a(fat_common.o)
 .text._f_writezeros
                0x20020f8c       0xf0 C:/ISIS/workspace/ycube/GlobusSatProject/..//hal/hcc/lib\libHCCD.a(fat_common.o)
                0x20020f8c                _f_writezeros
 .text._f_extend_file
                0x2002107c      0x570 C:/ISIS/workspace/ycube/GlobusSatProject/..//hal/hcc/lib\libHCCD.a(fat_common.o)
 .text._f_fseek
                0x200215ec      0x9bc C:/ISIS/workspace/ycube/GlobusSatProject/..//hal/hcc/lib\libHCCD.a(fat_common.o)
                0x200215ec                _f_fseek
 .text._f_removechain
                0x20021fa8      0x104 C:/ISIS/workspace/ycube/GlobusSatProject/..//hal/hcc/lib\libHCCD.a(fat_common.o)
                0x20021fa8                _f_removechain
 .text._f_updatefileentry
                0x200220ac      0x1cc C:/ISIS/workspace/ycube/GlobusSatProject/..//hal/hcc/lib\libHCCD.a(fat_common.o)
 .text._f_checkreadlocked
                0x20022278      0x1bc C:/ISIS/workspace/ycube/GlobusSatProject/..//hal/hcc/lib\libHCCD.a(fat_common.o)
                0x20022278                _f_checkreadlocked
 .text._f_check_handle
                0x20022434       0x98 C:/ISIS/workspace/ycube/GlobusSatProject/..//hal/hcc/lib\libHCCD.a(fat_common.o)
                0x20022434                _f_check_handle
 .text._f_removesyncafile
                0x200224cc      0x1ec C:/ISIS/workspace/ycube/GlobusSatProject/..//hal/hcc/lib\libHCCD.a(fat_common.o)
 .text.fn_close
                0x200226b8      0x3f8 C:/ISIS/workspace/ycube/GlobusSatProject/..//hal/hcc/lib\libHCCD.a(fat_common.o)
                0x200226b8                fn_close
 .text.fn_flush
                0x20022ab0      0x374 C:/ISIS/workspace/ycube/GlobusSatProject/..//hal/hcc/lib\libHCCD.a(fat_common.o)
                0x20022ab0                fn_flush
 .text.fn_read  0x20022e24      0x690 C:/ISIS/workspace/ycube/GlobusSatProject/..//hal/hcc/lib\libHCCD.a(fat_common.o)
                0x20022e24                fn_read
 .text._f_abortwrite
                0x200234b4      0x100 C:/ISIS/workspace/ycube/GlobusSatProject/..//hal/hcc/lib\libHCCD.a(fat_common.o)
 .text._f_checkwritecluster
                0x200235b4       0xe4 C:/ISIS/workspace/ycube/GlobusSatProject/..//hal/hcc/lib\libHCCD.a(fat_common.o)
 .text.fn_write
                0x20023698      0x8a8 C:/ISIS/workspace/ycube/GlobusSatProject/..//hal/hcc/lib\libHCCD.a(fat_common.o)
                0x20023698                fn_write
 .text.fn_seek  0x20023f40      0x270 C:/ISIS/workspace/ycube/GlobusSatProject/..//hal/hcc/lib\libHCCD.a(fat_common.o)
                0x20023f40                fn_seek
 .text.fn_tell  0x200241b0      0x19c C:/ISIS/workspace/ycube/GlobusSatProject/..//hal/hcc/lib\libHCCD.a(fat_common.o)
                0x200241b0                fn_tell
 .text.fn_rewind
                0x2002434c       0x38 C:/ISIS/workspace/ycube/GlobusSatProject/..//hal/hcc/lib\libHCCD.a(fat_common.o)
                0x2002434c                fn_rewind
 .text.fn_putc  0x20024384       0x68 C:/ISIS/workspace/ycube/GlobusSatProject/..//hal/hcc/lib\libHCCD.a(fat_common.o)
                0x20024384                fn_putc
 .text.f_enterFS
                0x200243ec      0x1c0 C:/ISIS/workspace/ycube/GlobusSatProject/..//hal/hcc/lib\libHCCD.a(fat_common.o)
                0x200243ec                f_enterFS
 .text.f_releaseFS
                0x200245ac       0xb0 C:/ISIS/workspace/ycube/GlobusSatProject/..//hal/hcc/lib\libHCCD.a(fat_common.o)
                0x200245ac                f_releaseFS
 .text.fnGetTask
                0x2002465c       0xfc C:/ISIS/workspace/ycube/GlobusSatProject/..//hal/hcc/lib\libHCCD.a(fat_common.o)
                0x2002465c                fnGetTask
 .text._f_mutex_get
                0x20024758       0x98 C:/ISIS/workspace/ycube/GlobusSatProject/..//hal/hcc/lib\libHCCD.a(fat_common.o)
                0x20024758                _f_mutex_get
 .text._f_mutex_put
                0x200247f0       0x54 C:/ISIS/workspace/ycube/GlobusSatProject/..//hal/hcc/lib\libHCCD.a(fat_common.o)
                0x200247f0                _f_mutex_put
 .text._fn_initseekdivisor
                0x20024844      0x158 C:/ISIS/workspace/ycube/GlobusSatProject/..//hal/hcc/lib\libHCCD.a(fat_common.o)
                0x20024844                _fn_initseekdivisor
 .text._fn_updateseekpos
                0x2002499c       0xc4 C:/ISIS/workspace/ycube/GlobusSatProject/..//hal/hcc/lib\libHCCD.a(fat_common.o)
 .text._f_findopensize
                0x20024a60       0x2c C:/ISIS/workspace/ycube/GlobusSatProject/..//hal/hcc/lib\libHCCD.a(fat_common.o)
                0x20024a60                _f_findopensize
 .text.fn_setlasterror
                0x20024a8c       0x34 C:/ISIS/workspace/ycube/GlobusSatProject/..//hal/hcc/lib\libHCCD.a(fat_common.o)
                0x20024a8c                fn_setlasterror
 .text.fn_setlasterror_noret
                0x20024ac0       0x2c C:/ISIS/workspace/ycube/GlobusSatProject/..//hal/hcc/lib\libHCCD.a(fat_common.o)
                0x20024ac0                fn_setlasterror_noret
 .text._s_checkzeroclusteratend
                0x20024aec       0xf8 C:/ISIS/workspace/ycube/GlobusSatProject/..//hal/hcc/lib\libHCCD.a(safefat.o)
 .text._s_clearclustercontent
                0x20024be4      0x108 C:/ISIS/workspace/ycube/GlobusSatProject/..//hal/hcc/lib\libHCCD.a(safefat.o)
 .text._s_clearclustercontentdir
                0x20024cec      0x19c C:/ISIS/workspace/ycube/GlobusSatProject/..//hal/hcc/lib\libHCCD.a(safefat.o)
 .text._s_writedirsector
                0x20024e88       0xd0 C:/ISIS/workspace/ycube/GlobusSatProject/..//hal/hcc/lib\libHCCD.a(safefat.o)
 .text._s_getdirsector
                0x20024f58      0x100 C:/ISIS/workspace/ycube/GlobusSatProject/..//hal/hcc/lib\libHCCD.a(safefat.o)
 .text._s_addentry
                0x20025058      0x394 C:/ISIS/workspace/ycube/GlobusSatProject/..//hal/hcc/lib\libHCCD.a(safefat.o)
 .text._s_findfile
                0x200253ec      0x33c C:/ISIS/workspace/ycube/GlobusSatProject/..//hal/hcc/lib\libHCCD.a(safefat.o)
 .text._s_findsubdir
                0x20025728      0x248 C:/ISIS/workspace/ycube/GlobusSatProject/..//hal/hcc/lib\libHCCD.a(safefat.o)
 .text._s_createfile
                0x20025970      0x190 C:/ISIS/workspace/ycube/GlobusSatProject/..//hal/hcc/lib\libHCCD.a(safefat.o)
 .text._s_findsaffile
                0x20025b00      0x1b8 C:/ISIS/workspace/ycube/GlobusSatProject/..//hal/hcc/lib\libHCCD.a(safefat.o)
 .text._s_open  0x20025cb8       0xe4 C:/ISIS/workspace/ycube/GlobusSatProject/..//hal/hcc/lib\libHCCD.a(safefat.o)
 .text._s_open_saf
                0x20025d9c       0xe8 C:/ISIS/workspace/ycube/GlobusSatProject/..//hal/hcc/lib\libHCCD.a(safefat.o)
 .text._s_flush
                0x20025e84       0x84 C:/ISIS/workspace/ycube/GlobusSatProject/..//hal/hcc/lib\libHCCD.a(safefat.o)
 .text._s_allocnextcluster
                0x20025f08      0x13c C:/ISIS/workspace/ycube/GlobusSatProject/..//hal/hcc/lib\libHCCD.a(safefat.o)
 .text._s_getnextsector
                0x20026044       0xdc C:/ISIS/workspace/ycube/GlobusSatProject/..//hal/hcc/lib\libHCCD.a(safefat.o)
 .text._s_seek  0x20026120      0x1e8 C:/ISIS/workspace/ycube/GlobusSatProject/..//hal/hcc/lib\libHCCD.a(safefat.o)
 .text._s_get_len
                0x20026308      0x10c C:/ISIS/workspace/ycube/GlobusSatProject/..//hal/hcc/lib\libHCCD.a(safefat.o)
 .text._s_set_len
                0x20026414       0xb4 C:/ISIS/workspace/ycube/GlobusSatProject/..//hal/hcc/lib\libHCCD.a(safefat.o)
 .text.safe_fix_filelengths
                0x200264c8       0xcc C:/ISIS/workspace/ycube/GlobusSatProject/..//hal/hcc/lib\libHCCD.a(safefat.o)
                0x200264c8                safe_fix_filelengths
 .text._s_read  0x20026594      0x228 C:/ISIS/workspace/ycube/GlobusSatProject/..//hal/hcc/lib\libHCCD.a(safefat.o)
 .text._s_write
                0x200267bc      0x384 C:/ISIS/workspace/ycube/GlobusSatProject/..//hal/hcc/lib\libHCCD.a(safefat.o)
 .text._s_restoreclusters
                0x20026b40      0x270 C:/ISIS/workspace/ycube/GlobusSatProject/..//hal/hcc/lib\libHCCD.a(safefat.o)
                0x20026b40                _s_restoreclusters
 .text._s_findrestore
                0x20026db0      0x18c C:/ISIS/workspace/ycube/GlobusSatProject/..//hal/hcc/lib\libHCCD.a(safefat.o)
 .text._s_cmd_writede
                0x20026f3c       0xd8 C:/ISIS/workspace/ycube/GlobusSatProject/..//hal/hcc/lib\libHCCD.a(safefat.o)
 .text._s_cmd_setcluster
                0x20027014       0x88 C:/ISIS/workspace/ycube/GlobusSatProject/..//hal/hcc/lib\libHCCD.a(safefat.o)
 .text._s_cmd_deletechain
                0x2002709c      0x100 C:/ISIS/workspace/ycube/GlobusSatProject/..//hal/hcc/lib\libHCCD.a(safefat.o)
 .text._s_cmd_validatecfn
                0x2002719c      0x308 C:/ISIS/workspace/ycube/GlobusSatProject/..//hal/hcc/lib\libHCCD.a(safefat.o)
 .text._s_cmd_seteof
                0x200274a4      0x3c4 C:/ISIS/workspace/ycube/GlobusSatProject/..//hal/hcc/lib\libHCCD.a(safefat.o)
 .text.safe_docommands
                0x20027868      0x56c C:/ISIS/workspace/ycube/GlobusSatProject/..//hal/hcc/lib\libHCCD.a(safefat.o)
                0x20027868                safe_docommands
 .text.safe_entercommand
                0x20027dd4       0x68 C:/ISIS/workspace/ycube/GlobusSatProject/..//hal/hcc/lib\libHCCD.a(safefat.o)
                0x20027dd4                safe_entercommand
 .text.safe_ready
                0x20027e3c       0xf4 C:/ISIS/workspace/ycube/GlobusSatProject/..//hal/hcc/lib\libHCCD.a(safefat.o)
                0x20027e3c                safe_ready
 .text.safe_copycfn
                0x20027f30       0xb8 C:/ISIS/workspace/ycube/GlobusSatProject/..//hal/hcc/lib\libHCCD.a(safefat.o)
                0x20027f30                safe_copycfn
 .text.safe_cfremove
                0x20027fe8       0xb8 C:/ISIS/workspace/ycube/GlobusSatProject/..//hal/hcc/lib\libHCCD.a(safefat.o)
                0x20027fe8                safe_cfremove
 .text.safe_writede
                0x200280a0      0x104 C:/ISIS/workspace/ycube/GlobusSatProject/..//hal/hcc/lib\libHCCD.a(safefat.o)
                0x200280a0                safe_writede
 .text.safe_setcluster
                0x200281a4       0xcc C:/ISIS/workspace/ycube/GlobusSatProject/..//hal/hcc/lib\libHCCD.a(safefat.o)
                0x200281a4                safe_setcluster
 .text.safe_deletechain
                0x20028270      0x1c8 C:/ISIS/workspace/ycube/GlobusSatProject/..//hal/hcc/lib\libHCCD.a(safefat.o)
                0x20028270                safe_deletechain
 .text.safe_cfclose
                0x20028438      0x104 C:/ISIS/workspace/ycube/GlobusSatProject/..//hal/hcc/lib\libHCCD.a(safefat.o)
                0x20028438                safe_cfclose
 .text.safe_cfflush
                0x2002853c      0x124 C:/ISIS/workspace/ycube/GlobusSatProject/..//hal/hcc/lib\libHCCD.a(safefat.o)
                0x2002853c                safe_cfflush
 .text.safe_reset
                0x20028660       0x78 C:/ISIS/workspace/ycube/GlobusSatProject/..//hal/hcc/lib\libHCCD.a(safefat.o)
                0x20028660                safe_reset
 .text.safe_loadcommands
                0x200286d8       0x78 C:/ISIS/workspace/ycube/GlobusSatProject/..//hal/hcc/lib\libHCCD.a(safefat.o)
                0x200286d8                safe_loadcommands
 .text.safe_poweron
                0x20028750      0x1fc C:/ISIS/workspace/ycube/GlobusSatProject/..//hal/hcc/lib\libHCCD.a(safefat.o)
                0x20028750                safe_poweron
 .text.cf_getname
                0x2002894c       0xc0 C:/ISIS/workspace/ycube/GlobusSatProject/..//hal/hcc/lib\libHCCD.a(safefat.o)
 .text.cf_copyclusterchain
                0x20028a0c      0x138 C:/ISIS/workspace/ycube/GlobusSatProject/..//hal/hcc/lib\libHCCD.a(safefat.o)
 .text.cf_seektozero
                0x20028b44       0x94 C:/ISIS/workspace/ycube/GlobusSatProject/..//hal/hcc/lib\libHCCD.a(safefat.o)
                0x20028b44                cf_seektozero
 .text.cf_create
                0x20028bd8      0x3a8 C:/ISIS/workspace/ycube/GlobusSatProject/..//hal/hcc/lib\libHCCD.a(safefat.o)
                0x20028bd8                cf_create
 .text.cf_copyclustercontent
                0x20028f80      0x128 C:/ISIS/workspace/ycube/GlobusSatProject/..//hal/hcc/lib\libHCCD.a(safefat.o)
                0x20028f80                cf_copyclustercontent
 .text.cf_copycfn
                0x200290a8      0x4bc C:/ISIS/workspace/ycube/GlobusSatProject/..//hal/hcc/lib\libHCCD.a(safefat.o)
                0x200290a8                cf_copycfn
 .text.cf_remove