Archive member included because of file (symbol)

c:/isis/application/toolchain/bin/../lib/gcc/arm-none-eabi/4.7.4/../../../../arm-none-eabi/lib\libc_s.a(lib_a-vfprintf_float.o)
                              (_printf_float)
c:/isis/application/toolchain/bin/../lib/gcc/arm-none-eabi/4.7.4/../../../../arm-none-eabi/lib\libc_s.a(lib_a-vfprintf_i.o)
                              c:/isis/application/toolchain/bin/../lib/gcc/arm-none-eabi/4.7.4/../../../../arm-none-eabi/lib\libc_s.a(lib_a-vfprintf_float.o) (_printf_common)
c:/isis/application/toolchain/bin/../lib/gcc/arm-none-eabi/4.7.4/../../../../arm-none-eabi/lib\libc_s.a(lib_a-vfscanf_float.o)
                              (_scanf_float)
c:/isis/application/toolchain/bin/../lib/gcc/arm-none-eabi/4.7.4/../../../../arm-none-eabi/lib\libc_s.a(lib_a-dtoa.o)
                              c:/isis/application/toolchain/bin/../lib/gcc/arm-none-eabi/4.7.4/../../../../arm-none-eabi/lib\libc_s.a(lib_a-vfprintf_float.o) (_dtoa_r)
c:/isis/application/toolchain/bin/../lib/gcc/arm-none-eabi/4.7.4/../../../../arm-none-eabi/lib\libc_s.a(lib_a-locale.o)
                              c:/isis/application/toolchain/bin/../lib/gcc/arm-none-eabi/4.7.4/../../../../arm-none-eabi/lib\libc_s.a(lib_a-vfprintf_float.o) (_localeconv_r)
c:/isis/application/toolchain/bin/../lib/gcc/arm-none-eabi/4.7.4/../../../../arm-none-eabi/lib\libc_s.a(lib_a-malloc.o)
                              c:/isis/application/toolchain/bin/../lib/gcc/arm-none-eabi/4.7.4/../../../../arm-none-eabi/lib\libc_s.a(lib_a-dtoa.o) (malloc)
c:/isis/application/toolchain/bin/../lib/gcc/arm-none-eabi/4.7.4/../../../../arm-none-eabi/lib\libc_s.a(lib_a-mallocr.o)
                              c:/isis/application/toolchain/bin/../lib/gcc/arm-none-eabi/4.7.4/../../../../arm-none-eabi/lib\libc_s.a(lib_a-malloc.o) (_malloc_r)
c:/isis/application/toolchain/bin/../lib/gcc/arm-none-eabi/4.7.4/../../../../arm-none-eabi/lib\libc_s.a(lib_a-memcpy.o)
                              c:/isis/application/toolchain/bin/../lib/gcc/arm-none-eabi/4.7.4/../../../../arm-none-eabi/lib\libc_s.a(lib_a-dtoa.o) (memcpy)
c:/isis/application/toolchain/bin/../lib/gcc/arm-none-eabi/4.7.4/../../../../arm-none-eabi/lib\libc_s.a(lib_a-mprec.o)
                              c:/isis/application/toolchain/bin/../lib/gcc/arm-none-eabi/4.7.4/../../../../arm-none-eabi/lib\libc_s.a(lib_a-dtoa.o) (_Balloc)
c:/isis/application/toolchain/bin/../lib/gcc/arm-none-eabi/4.7.4/../../../../arm-none-eabi/lib\libc_s.a(lib_a-s_fpclassify.o)
                              c:/isis/application/toolchain/bin/../lib/gcc/arm-none-eabi/4.7.4/../../../../arm-none-eabi/lib\libc_s.a(lib_a-vfprintf_float.o) (__fpclassifyd)
c:/isis/application/toolchain/bin/../lib/gcc/arm-none-eabi/4.7.4/../../../../arm-none-eabi/lib\libc_s.a(lib_a-sbrkr.o)
                              c:/isis/application/toolchain/bin/../lib/gcc/arm-none-eabi/4.7.4/../../../../arm-none-eabi/lib\libc_s.a(lib_a-mallocr.o) (_sbrk_r)
c:/isis/application/toolchain/bin/../lib/gcc/arm-none-eabi/4.7.4/../../../../arm-none-eabi/lib\libc_s.a(lib_a-sf_nan.o)
                              c:/isis/application/toolchain/bin/../lib/gcc/arm-none-eabi/4.7.4/../../../../arm-none-eabi/lib\libc_s.a(lib_a-vfscanf_float.o) (nanf)
c:/isis/application/toolchain/bin/../lib/gcc/arm-none-eabi/4.7.4/../../../../arm-none-eabi/lib\libc_s.a(lib_a-sprintf.o)
                              c:/isis/application/toolchain/bin/../lib/gcc/arm-none-eabi/4.7.4/../../../../arm-none-eabi/lib\libc_s.a(lib_a-vfscanf_float.o) (sprintf)
c:/isis/application/toolchain/bin/../lib/gcc/arm-none-eabi/4.7.4/../../../../arm-none-eabi/lib\libc_s.a(lib_a-strcmp.o)
                              c:/isis/application/toolchain/bin/../lib/gcc/arm-none-eabi/4.7.4/../../../../arm-none-eabi/lib\libc_s.a(lib_a-locale.o) (strcmp)
c:/isis/application/toolchain/bin/../lib/gcc/arm-none-eabi/4.7.4/../../../../arm-none-eabi/lib\libc_s.a(lib_a-strlen.o)
                              c:/isis/application/toolchain/bin/../lib/gcc/arm-none-eabi/4.7.4/../../../../arm-none-eabi/lib\libc_s.a(lib_a-vfprintf_float.o) (strlen)
c:/isis/application/toolchain/bin/../lib/gcc/arm-none-eabi/4.7.4/../../../../arm-none-eabi/lib\libc_s.a(lib_a-strtod.o)
                              c:/isis/application/toolchain/bin/../lib/gcc/arm-none-eabi/4.7.4/../../../../arm-none-eabi/lib\libc_s.a(lib_a-vfscanf_float.o) (_strtod_r)
c:/isis/application/toolchain/bin/../lib/gcc/arm-none-eabi/4.7.4/../../../../arm-none-eabi/lib\libc_s.a(lib_a-strtol.o)
                              c:/isis/application/toolchain/bin/../lib/gcc/arm-none-eabi/4.7.4/../../../../arm-none-eabi/lib\libc_s.a(lib_a-vfscanf_float.o) (_strtol_r)
c:/isis/application/toolchain/bin/../lib/gcc/arm-none-eabi/4.7.4/../../../../arm-none-eabi/lib\libc_s.a(lib_a-svfprintf.o)
                              c:/isis/application/toolchain/bin/../lib/gcc/arm-none-eabi/4.7.4/../../../../arm-none-eabi/lib\libc_s.a(lib_a-sprintf.o) (_svfprintf_r)
[...]
Memory Configuration

Name             Origin             Length             Attributes
sram0            0x00200000         0x00004000         w !xr
sram1            0x00300000         0x00004000         w !xr
sdram            0x20000000         0x02000000         w !xr
*default*        0x00000000         0xffffffff

Linker script and memory map

LOAD c:/isis/application/toolchain/bin/../lib/gcc/arm-none-eabi/4.7.4/../../../../arm-none-eabi/lib\libc_s.a
LOAD ./src/TestingDemos/CommandsTestingDemo.o
LOAD ./src/TestingDemos/EpsTestingDemo.o
LOAD ./src/TestingDemos/FileSystemTestingDemo.o
LOAD ./src/TestingDemos/MainTest.o
LOAD ./src/TestingDemos/MaintenanceTestingDemo.o
LOAD ./src/TestingDemos/TelemetryTestingDemo.o
LOAD ./src/TestingDemos/TrxvuTestingDemo.o
LOAD ./src/SubSystemModules/PowerManagment/EPS.o
LOAD ./src/SubSystemModules/PowerManagment/EPSOperationModes.o
LOAD ./src/SubSystemModules/Maintenance/Maintenance.o
LOAD ./src/SubSystemModules/Housekepping/TelemetryCollector.o
LOAD ./src/SubSystemModules/Communication/SubsystemCommands/EPS_Commands.o
LOAD ./src/SubSystemModules/Communication/SubsystemCommands/FS_Commands.o
LOAD ./src/SubSystemModules/Communication/SubsystemCommands/Maintanence_Commands.o
LOAD ./src/SubSystemModules/Communication/SubsystemCommands/TRXVU_Commands.o
LOAD ./src/SubSystemModules/Communication/AckHandler.o
LOAD ./src/SubSystemModules/Communication/ActUponCommand.o
LOAD ./src/SubSystemModules/Communication/CommandDictionary.o
LOAD ./src/SubSystemModules/Communication/SatCommandHandler.o
LOAD ./src/SubSystemModules/Communication/TRXVU.o
LOAD ./src/InitSystem.o
LOAD ./src/TLM_management.o
LOAD ./src/main.o
LOAD ./src/utils.o
LOAD C:/ISIS/workspace/ycube/GlobusSatProject/..//hal/hal/lib\libHALD.a
LOAD C:/ISIS/workspace/ycube/GlobusSatProject/..//hal/hcc/lib\libHCCD.a
LOAD C:/ISIS/workspace/satellite-subsystems/satellite-subsystems/lib\libSatelliteSubsystemsD.a
LOAD C:/ISIS/workspace/ycube/GlobusSatProject/..//hal/freertos/lib\libFreeRTOSD.a
LOAD C:/ISIS/workspace/ycube/GlobusSatProject/..//hal/at91/lib\libAt91D.a
START GROUP
LOAD c:/isis/application/toolchain/bin/../lib/gcc/arm-none-eabi/4.7.4\libgcc.a
LOAD c:/isis/application/toolchain/bin/../lib/gcc/arm-none-eabi/4.7.4/../../../../arm-none-eabi/lib\libc_s.a
END GROUP

.fixed          0x20000000    0x129f0
                0x20000000                . = ALIGN (0x4)
                0x20000000                _sfixed = .
 *(.startup)
 .startup       0x20000000      0x134 C:/ISIS/workspace/ycube/GlobusSatProject/..//hal/at91/lib\libAt91D.a(board_cstartup.o)
                0x20000000                entry
 *(.text)
 .text          0x20000134       0x64 C:/ISIS/workspace/ycube/GlobusSatProject/..//hal/at91/lib\libAt91D.a(cp15_asm.o)
                0x20000134                _readControlRegister
                0x20000140                _writeControlRegister
                0x20000148                _waitForInterrupt
                0x20000154                _writeTTB
                0x2000015c                _writeDomain
                0x20000164                _writeITLBLockdown
                0x2000016c                _prefetchICacheLine
                0x20000174                _flushDCache
                0x20000180                _flushWriteBuffer
                0x2000018c                _invalidateIDTLBs
 .text          0x20000198      0x114 c:/isis/application/toolchain/bin/../lib/gcc/arm-none-eabi/4.7.4\libgcc.a(_udivsi3.o)
                0x20000198                __aeabi_uidiv
                0x20000198                __udivsi3
                0x2000028c                __aeabi_uidivmod
 .text          0x200002ac      0x148 c:/isis/application/toolchain/bin/../lib/gcc/arm-none-eabi/4.7.4\libgcc.a(_divsi3.o)
                0x200002ac                __divsi3
                0x200002ac                __aeabi_idiv
                0x200003d4                __aeabi_idivmod
 .text          0x200003f4        0x4 c:/isis/application/toolchain/bin/../lib/gcc/arm-none-eabi/4.7.4\libgcc.a(_dvmd_tls.o)
                0x200003f4                __aeabi_idiv0
                0x200003f4                __aeabi_ldiv0
 .text          0x200003f8      0x41c c:/isis/application/toolchain/bin/../lib/gcc/arm-none-eabi/4.7.4\libgcc.a(_arm_addsubdf3.o)
                0x200003f8                __aeabi_drsub
                0x20000400                __aeabi_dsub
                0x20000400                __subdf3
                0x20000404                __aeabi_dadd
                0x20000404                __adddf3
                0x20000714                __floatunsidf
                0x20000714                __aeabi_ui2d
                0x20000738                __floatsidf
                0x20000738                __aeabi_i2d
                0x20000760                __aeabi_f2d
                0x20000760                __extendsfdf2
                0x200007a0                __floatundidf
                0x200007a0                __aeabi_ul2d
                0x200007b4                __floatdidf
                0x200007b4                __aeabi_l2d
 .text          0x20000814      0x49c c:/isis/application/toolchain/bin/../lib/gcc/arm-none-eabi/4.7.4\libgcc.a(_arm_muldivdf3.o)
                0x20000814                __aeabi_dmul
                0x20000814                __muldf3
                0x20000aa4                __divdf3
                0x20000aa4                __aeabi_ddiv
 .text          0x20000cb0      0x144 c:/isis/application/toolchain/bin/../lib/gcc/arm-none-eabi/4.7.4\libgcc.a(_arm_cmpdf2.o)
                0x20000cb0                __gtdf2
                0x20000cb0                __gedf2
                0x20000cb8                __ltdf2
                0x20000cb8                __ledf2
                0x20000cc0                __nedf2
                0x20000cc0                __eqdf2
                0x20000cc0                __cmpdf2
                0x20000d48                __aeabi_cdrcmple
                0x20000d64                __aeabi_cdcmpeq
                0x20000d64                __aeabi_cdcmple
                0x20000d7c                __aeabi_dcmpeq
                0x20000d94                __aeabi_dcmplt
                0x20000dac                __aeabi_dcmple
                0x20000dc4                __aeabi_dcmpge
                0x20000ddc                __aeabi_dcmpgt
 .text          0x20000df4       0x5c c:/isis/application/toolchain/bin/../lib/gcc/arm-none-eabi/4.7.4\libgcc.a(_arm_fixdfsi.o)
                0x20000df4                __aeabi_d2iz
                0x20000df4                __fixdfsi
 .text          0x20000e50       0x54 c:/isis/application/toolchain/bin/../lib/gcc/arm-none-eabi/4.7.4\libgcc.a(_arm_fixunsdfsi.o)
                0x20000e50                __aeabi_d2uiz
                0x20000e50                __fixunsdfsi
 .text          0x20000ea4       0xa0 c:/isis/application/toolchain/bin/../lib/gcc/arm-none-eabi/4.7.4\libgcc.a(_arm_truncdfsf2.o)
                0x20000ea4                __truncdfsf2
                0x20000ea4                __aeabi_d2f
 .text          0x20000f44      0x2ac c:/isis/application/toolchain/bin/../lib/gcc/arm-none-eabi/4.7.4\libgcc.a(_arm_addsubsf3.o)
                0x20000f44                __aeabi_frsub
                0x20000f4c                __subsf3
                0x20000f4c                __aeabi_fsub
                0x20000f50                __aeabi_fadd
                0x20000f50                __addsf3
                0x2000110c                __aeabi_ui2f
                0x2000110c                __floatunsisf
                0x20001114                __aeabi_i2f
                0x20001114                __floatsisf
                0x20001134                __aeabi_ul2f
                0x20001134                __floatundisf
                0x20001144                __aeabi_l2f
                0x20001144                __floatdisf
 .text          0x200011f0      0x2f8 c:/isis/application/toolchain/bin/../lib/gcc/arm-none-eabi/4.7.4\libgcc.a(_arm_muldivsf3.o)
                0x200011f0                __mulsf3
                0x200011f0                __aeabi_fmul
                0x20001388                __aeabi_fdiv
                0x20001388                __divsf3
 .text          0x200014e8      0x114 c:/isis/application/toolchain/bin/../lib/gcc/arm-none-eabi/4.7.4\libgcc.a(_arm_cmpsf2.o)
                0x200014e8                __gesf2
                0x200014e8                __gtsf2
                0x200014f0                __lesf2
                0x200014f0                __ltsf2
                0x200014f8                __nesf2
                0x200014f8                __eqsf2
                0x200014f8                __cmpsf2
                0x2000155c                __aeabi_cfrcmple
                0x2000156c                __aeabi_cfcmpeq
                0x2000156c                __aeabi_cfcmple
                0x20001584                __aeabi_fcmpeq
                0x2000159c                __aeabi_fcmplt
                0x200015b4                __aeabi_fcmple
                0x200015cc                __aeabi_fcmpge
                0x200015e4                __aeabi_fcmpgt
 .text          0x200015fc       0x54 c:/isis/application/toolchain/bin/../lib/gcc/arm-none-eabi/4.7.4\libgcc.a(_arm_fixunssfsi.o)
                0x200015fc                __fixunssfsi
                0x200015fc                __aeabi_f2uiz
 *(.text*)
 .text.__cvt    0x20001650      0x138 c:/isis/application/toolchain/bin/../lib/gcc/arm-none-eabi/4.7.4/../../../../arm-none-eabi/lib\libc_s.a(lib_a-vfprintf_float.o)
                0x20001650                __cvt
 .text.__exponent
                0x20001788       0xa8 c:/isis/application/toolchain/bin/../lib/gcc/arm-none-eabi/4.7.4/../../../../arm-none-eabi/lib\libc_s.a(lib_a-vfprintf_float.o)
                0x20001788                __exponent
 .text._printf_float
                0x20001830      0x7dc c:/isis/application/toolchain/bin/../lib/gcc/arm-none-eabi/4.7.4/../../../../arm-none-eabi/lib\libc_s.a(lib_a-vfprintf_float.o)
                0x20001830                _printf_float
 .text._printf_common
                0x2000200c      0x174 c:/isis/application/toolchain/bin/../lib/gcc/arm-none-eabi/4.7.4/../../../../arm-none-eabi/lib\libc_s.a(lib_a-vfprintf_i.o)
                0x2000200c                _printf_common
 .text._printf_i
                0x20002180      0x3c4 c:/isis/application/toolchain/bin/../lib/gcc/arm-none-eabi/4.7.4/../../../../arm-none-eabi/lib\libc_s.a(lib_a-vfprintf_i.o)
                0x20002180                _printf_i
 .text._scanf_float
                0x20002544      0x5f4 c:/isis/application/toolchain/bin/../lib/gcc/arm-none-eabi/4.7.4/../../../../arm-none-eabi/lib\libc_s.a(lib_a-vfscanf_float.o)
                0x20002544                _scanf_float
 .text.quorem   0x20002b38      0x1ac c:/isis/application/toolchain/bin/../lib/gcc/arm-none-eabi/4.7.4/../../../../arm-none-eabi/lib\libc_s.a(lib_a-dtoa.o)
 .text._dtoa_r  0x20002ce4     0x1268 c:/isis/application/toolchain/bin/../lib/gcc/arm-none-eabi/4.7.4/../../../../arm-none-eabi/lib\libc_s.a(lib_a-dtoa.o)
                0x20002ce4                _dtoa_r
 .text._localeconv_r
                0x20003f4c        0xc c:/isis/application/toolchain/bin/../lib/gcc/arm-none-eabi/4.7.4/../../../../arm-none-eabi/lib\libc_s.a(lib_a-locale.o)
                0x20003f4c                _localeconv_r
 .text.malloc   0x20003f58       0x20 c:/isis/application/toolchain/bin/../lib/gcc/arm-none-eabi/4.7.4/../../../../arm-none-eabi/lib\libc_s.a(lib_a-malloc.o)
                0x20003f58                malloc
 .text.free     0x20003f78       0x20 c:/isis/application/toolchain/bin/../lib/gcc/arm-none-eabi/4.7.4/../../../../arm-none-eabi/lib\libc_s.a(lib_a-malloc.o)
                0x20003f78                free
 .text._malloc_r
                0x20003f98       0xfc c:/isis/application/toolchain/bin/../lib/gcc/arm-none-eabi/4.7.4/../../../../arm-none-eabi/lib\libc_s.a(lib_a-mallocr.o)
                0x20003f98                _malloc_r
 .text.memcpy   0x20004094       0x20 c:/isis/application/toolchain/bin/../lib/gcc/arm-none-eabi/4.7.4/../../../../arm-none-eabi/lib\libc_s.a(lib_a-memcpy.o)
                0x20004094                memcpy
 .text._Balloc  0x200040b4       0xcc c:/isis/application/toolchain/bin/../lib/gcc/arm-none-eabi/4.7.4/../../../../arm-none-eabi/lib\libc_s.a(lib_a-mprec.o)
                0x200040b4                _Balloc
 .text._Bfree   0x20004180       0x5c c:/isis/application/toolchain/bin/../lib/gcc/arm-none-eabi/4.7.4/../../../../arm-none-eabi/lib\libc_s.a(lib_a-mprec.o)
                0x20004180                _Bfree
 .text.__multadd
                0x200041dc       0xbc c:/isis/application/toolchain/bin/../lib/gcc/arm-none-eabi/4.7.4/../../../../arm-none-eabi/lib\libc_s.a(lib_a-mprec.o)
                0x200041dc                __multadd
 .text.__s2b    0x20004298       0xd8 c:/isis/application/toolchain/bin/../lib/gcc/arm-none-eabi/4.7.4/../../../../arm-none-eabi/lib\libc_s.a(lib_a-mprec.o)
                0x20004298                __s2b
 .text.__hi0bits
                0x20004370       0x58 c:/isis/application/toolchain/bin/../lib/gcc/arm-none-eabi/4.7.4/../../../../arm-none-eabi/lib\libc_s.a(lib_a-mprec.o)
                0x20004370                __hi0bits
 .text.__lo0bits
                0x200043c8       0x94 c:/isis/application/toolchain/bin/../lib/gcc/arm-none-eabi/4.7.4/../../../../arm-none-eabi/lib\libc_s.a(lib_a-mprec.o)
                0x200043c8                __lo0bits
 .text.__i2b    0x2000445c       0x24 c:/isis/application/toolchain/bin/../lib/gcc/arm-none-eabi/4.7.4/../../../../arm-none-eabi/lib\libc_s.a(lib_a-mprec.o)
                0x2000445c                __i2b
 .text.__multiply
                0x20004480      0x1ac c:/isis/application/toolchain/bin/../lib/gcc/arm-none-eabi/4.7.4/../../../../arm-none-eabi/lib\libc_s.a(lib_a-mprec.o)
                0x20004480                __multiply
 .text.__pow5mult
                0x2000462c      0x10c c:/isis/application/toolchain/bin/../lib/gcc/arm-none-eabi/4.7.4/../../../../arm-none-eabi/lib\libc_s.a(lib_a-mprec.o)
                0x2000462c                __pow5mult
 .text.__lshift
                0x20004738       0xf0 c:/isis/application/toolchain/bin/../lib/gcc/arm-none-eabi/4.7.4/../../../../arm-none-eabi/lib\libc_s.a(lib_a-mprec.o)
                0x20004738                __lshift
 .text.__mcmp   0x20004828       0x60 c:/isis/application/toolchain/bin/../lib/gcc/arm-none-eabi/4.7.4/../../../../arm-none-eabi/lib\libc_s.a(lib_a-mprec.o)
                0x20004828                __mcmp
 .text.__mdiff  0x20004888      0x128 c:/isis/application/toolchain/bin/../lib/gcc/arm-none-eabi/4.7.4/../../../../arm-none-eabi/lib\libc_s.a(lib_a-mprec.o)
                0x20004888                __mdiff
 .text.__ulp    0x200049b0       0x5c c:/isis/application/toolchain/bin/../lib/gcc/arm-none-eabi/4.7.4/../../../../arm-none-eabi/lib\libc_s.a(lib_a-mprec.o)
                0x200049b0                __ulp
 .text.__b2d    0x20004a0c       0xc8 c:/isis/application/toolchain/bin/../lib/gcc/arm-none-eabi/4.7.4/../../../../arm-none-eabi/lib\libc_s.a(lib_a-mprec.o)
                0x20004a0c                __b2d
 .text.__d2b    0x20004ad4       0xfc c:/isis/application/toolchain/bin/../lib/gcc/arm-none-eabi/4.7.4/../../../../arm-none-eabi/lib\libc_s.a(lib_a-mprec.o)
                0x20004ad4                __d2b
 .text.__ratio  0x20004bd0       0x70 c:/isis/application/toolchain/bin/../lib/gcc/arm-none-eabi/4.7.4/../../../../arm-none-eabi/lib\libc_s.a(lib_a-mprec.o)
                0x20004bd0                __ratio
 .text.__copybits
                0x20004c40       0x4c c:/isis/application/toolchain/bin/../lib/gcc/arm-none-eabi/4.7.4/../../../../arm-none-eabi/lib\libc_s.a(lib_a-mprec.o)
                0x20004c40                __copybits
 .text.__any_on
                0x20004c8c       0x7c c:/isis/application/toolchain/bin/../lib/gcc/arm-none-eabi/4.7.4/../../../../arm-none-eabi/lib\libc_s.a(lib_a-mprec.o)
                0x20004c8c                __any_on
 .text.__fpclassifyd
                0x20004d08       0x6c c:/isis/application/toolchain/bin/../lib/gcc/arm-none-eabi/4.7.4/../../../../arm-none-eabi/lib\libc_s.a(lib_a-s_fpclassify.o)
                0x20004d08                __fpclassifyd
 .text._sbrk_r  0x20004d74       0x3c c:/isis/application/toolchain/bin/../lib/gcc/arm-none-eabi/4.7.4/../../../../arm-none-eabi/lib\libc_s.a(lib_a-sbrkr.o)
                0x20004d74                _sbrk_r
 .text.nanf     0x20004db0        0xc c:/isis/application/toolchain/bin/../lib/gcc/arm-none-eabi/4.7.4/../../../../arm-none-eabi/lib\libc_s.a(lib_a-sf_nan.o)
                0x20004db0                nanf
 .text.sprintf  0x20004dbc       0x6c c:/isis/application/toolchain/bin/../lib/gcc/arm-none-eabi/4.7.4/../../../../arm-none-eabi/lib\libc_s.a(lib_a-sprintf.o)
                0x20004dbc                siprintf
                0x20004dbc                sprintf
 .text.strlen   0x20004e28       0x1c c:/isis/application/toolchain/bin/../lib/gcc/arm-none-eabi/4.7.4/../../../../arm-none-eabi/lib\libc_s.a(lib_a-strlen.o)
                0x20004e28                strlen
 .text.match    0x20004e44       0x54 c:/isis/application/toolchain/bin/../lib/gcc/arm-none-eabi/4.7.4/../../../../arm-none-eabi/lib\libc_s.a(lib_a-strtod.o)
 .text._strtod_r
                0x20004e98     0x1168 c:/isis/application/toolchain/bin/../lib/gcc/arm-none-eabi/4.7.4/../../../../arm-none-eabi/lib\libc_s.a(lib_a-strtod.o)
                0x20004e98                _strtod_r
 .text._strtol_r
                0x20006000      0x1b8 c:/isis/application/toolchain/bin/../lib/gcc/arm-none-eabi/4.7.4/../../../../arm-none-eabi/lib\libc_s.a(lib_a-strtol.o)
                0x20006000                _strtol_r
 .text.__ssputc_r
                0x200061b8      0x10c c:/isis/application/toolchain/bin/../lib/gcc/arm-none-eabi/4.7.4/../../../../arm-none-eabi/lib\libc_s.a(lib_a-svfprintf.o)
                0x200061b8                __ssputc_r
 .text._svfprintf_r
                0x200062c4      0x328 c:/isis/application/toolchain/bin/../lib/gcc/arm-none-eabi/4.7.4/../../../../arm-none-eabi/lib\libc_s.a(lib_a-svfprintf.o)
                0x200062c4                _svfiprintf_r
                0x200062c4                _svfprintf_r
 .text._calloc_r
                0x200065ec       0x2c c:/isis/application/toolchain/bin/../lib/gcc/arm-none-eabi/4.7.4/../../../../arm-none-eabi/lib\libc_s.a(lib_a-callocr.o)
                0x200065ec                _calloc_r
 .text._free_r  0x20006618      0x108 c:/isis/application/toolchain/bin/../lib/gcc/arm-none-eabi/4.7.4/../../../../arm-none-eabi/lib\libc_s.a(lib_a-freer.o)
                0x20006618                _free_r
 .text.rshift   0x20006720       0xb0 c:/isis/application/toolchain/bin/../lib/gcc/arm-none-eabi/4.7.4/../../../../arm-none-eabi/lib\libc_s.a(lib_a-gdtoa-gethex.o)
 .text.htinit.constprop.0
                0x200067d0       0x34 c:/isis/application/toolchain/bin/../lib/gcc/arm-none-eabi/4.7.4/../../../../arm-none-eabi/lib\libc_s.a(lib_a-gdtoa-gethex.o)
 .text.__hexdig_init
                0x20006804       0x38 c:/isis/application/toolchain/bin/../lib/gcc/arm-none-eabi/4.7.4/../../../../arm-none-eabi/lib\libc_s.a(lib_a-gdtoa-gethex.o)
                0x20006804                __hexdig_init
 .text.__gethex
                0x2000683c      0x6cc c:/isis/application/toolchain/bin/../lib/gcc/arm-none-eabi/4.7.4/../../../../arm-none-eabi/lib\libc_s.a(lib_a-gdtoa-gethex.o)
                0x2000683c                __gethex
 .text.L_shift  0x20006f08       0x38 c:/isis/application/toolchain/bin/../lib/gcc/arm-none-eabi/4.7.4/../../../../arm-none-eabi/lib\libc_s.a(lib_a-gdtoa-hexnan.o)
 .text.__hexnan
                0x20006f40      0x1d8 c:/isis/application/toolchain/bin/../lib/gcc/arm-none-eabi/4.7.4/../../../../arm-none-eabi/lib\libc_s.a(lib_a-gdtoa-hexnan.o)
                0x20006f40                __hexnan
 .text.memchr   0x20007118       0x34 c:/isis/application/toolchain/bin/../lib/gcc/arm-none-eabi/4.7.4/../../../../arm-none-eabi/lib\libc_s.a(lib_a-memchr.o)
                0x20007118                memchr
 .text.memset   0x2000714c       0x1c c:/isis/application/toolchain/bin/../lib/gcc/arm-none-eabi/4.7.4/../../../../arm-none-eabi/lib\libc_s.a(lib_a-memset.o)
                0x2000714c                memset
 .text._realloc_r
                0x20007168       0x80 c:/isis/application/toolchain/bin/../lib/gcc/arm-none-eabi/4.7.4/../../../../arm-none-eabi/lib\libc_s.a(lib_a-reallocr.o)
                0x20007168                _realloc_r
 .text.strncmp  0x200071e8       0x64 c:/isis/application/toolchain/bin/../lib/gcc/arm-none-eabi/4.7.4/../../../../arm-none-eabi/lib\libc_s.a(lib_a-strncmp.o)
                0x200071e8                strncmp
 .text._malloc_usable_size_r
                0x2000724c       0x1c c:/isis/application/toolchain/bin/../lib/gcc/arm-none-eabi/4.7.4/../../../../arm-none-eabi/lib\libc_s.a(lib_a-msizer.o)
                0x2000724c                _malloc_usable_size_r
 .text.TestActUponCommand
                0x20007268      0x114 ./src/TestingDemos/CommandsTestingDemo.o
                0x20007268                TestActUponCommand
 .text.TestAssmbleCommand
                0x2000737c      0x19c ./src/TestingDemos/CommandsTestingDemo.o
                0x2000737c                TestAssmbleCommand
 .text.TestGetDelayedCommand
                0x20007518       0xa0 ./src/TestingDemos/CommandsTestingDemo.o
                0x20007518                TestGetDelayedCommand
 .text.TestAddDelayedCommand
                0x200075b8       0xd0 ./src/TestingDemos/CommandsTestingDemo.o
                0x200075b8                TestAddDelayedCommand
 .text.TestGetDelayedCommandBufferCount
                0x20007688       0x54 ./src/TestingDemos/CommandsTestingDemo.o
                0x20007688                TestGetDelayedCommandBufferCount
 .text.TestGetOnlineCommand
                0x200076dc       0xc8 ./src/TestingDemos/CommandsTestingDemo.o
                0x200076dc                TestGetOnlineCommand
 .text.TestDeleteDelayedCommandByIndex
                0x200077a4      0x1c0 ./src/TestingDemos/CommandsTestingDemo.o
                0x200077a4                TestDeleteDelayedCommandByIndex
 .text.TestDeleteDelayedBuffer
                0x20007964      0x140 ./src/TestingDemos/CommandsTestingDemo.o
                0x20007964                TestDeleteDelayedBuffer
 .text.selectAndExecuteCommandsDemoTest
                0x20007aa4      0x170 ./src/TestingDemos/CommandsTestingDemo.o
                0x20007aa4                selectAndExecuteCommandsDemoTest
 .text.MainCommandsTestBench
                0x20007c14       0x44 ./src/TestingDemos/CommandsTestingDemo.o
                0x20007c14                MainCommandsTestBench
 .text.TestEpsConditioning
                0x20007c58      0x1e8 ./src/TestingDemos/EpsTestingDemo.o
                0x20007c58                TestEpsConditioning
 .text.TestGetBatteryVoltage
                0x20007e40       0x64 ./src/TestingDemos/EpsTestingDemo.o
                0x20007e40                TestGetBatteryVoltage
 .text.TestUpdateThreshVoltages
                0x20007ea4      0x170 ./src/TestingDemos/EpsTestingDemo.o
                0x20007ea4                TestUpdateThreshVoltages
 .text.TestGetThreshVoltages
                0x20008014       0xb0 ./src/TestingDemos/EpsTestingDemo.o
                0x20008014                TestGetThreshVoltages
 .text.TestUpdateAlpha
                0x200080c4       0xd0 ./src/TestingDemos/EpsTestingDemo.o
                0x200080c4                TestUpdateAlpha
 .text.TestGetAlpha
                0x20008194       0x78 ./src/TestingDemos/EpsTestingDemo.o
                0x20008194                TestGetAlpha
 .text.TestRestoreDefaultAlpha
                0x2000820c       0xfc ./src/TestingDemos/EpsTestingDemo.o
                0x2000820c                TestRestoreDefaultAlpha
 .text.TestRestoreDefaultThresholdVoltages
                0x20008308      0x154 ./src/TestingDemos/EpsTestingDemo.o
                0x20008308                TestRestoreDefaultThresholdVoltages
 .text.selectAndExecuteEpsDemoTest
                0x2000845c      0x174 ./src/TestingDemos/EpsTestingDemo.o
                0x2000845c                selectAndExecuteEpsDemoTest
 .text.MainEpsTestBench
                0x200085d0       0x40 ./src/TestingDemos/EpsTestingDemo.o
                0x200085d0                MainEpsTestBench
 .text.MainFileSystemTestBench
                0x20008610       0x1c ./src/TestingDemos/FileSystemTestingDemo.o
                0x20008610                MainFileSystemTestBench
 .text.selectAndExecuteTest
                0x2000862c      0x164 ./src/TestingDemos/MainTest.o
                0x2000862c                selectAndExecuteTest
 .text.taskTesting
                0x20008790       0x28 ./src/TestingDemos/MainTest.o
                0x20008790                taskTesting
 .text.selectAndExecuteMaintenanceDemoTest
                0x200087b8      0x15c ./src/TestingDemos/MaintenanceTestingDemo.o
                0x200087b8                selectAndExecuteMaintenanceDemoTest
 .text.MainMaintenanceTestBench
                0x20008914       0x40 ./src/TestingDemos/MaintenanceTestingDemo.o
                0x20008914                MainMaintenanceTestBench
 .text.MainTelemetryTestBench
                0x20008954       0x1c ./src/TestingDemos/TelemetryTestingDemo.o
                0x20008954                MainTelemetryTestBench
 .text.TestInitTrxvu
                0x20008970       0x54 ./src/TestingDemos/TrxvuTestingDemo.o
                0x20008970                TestInitTrxvu
 .text.TestInitTrxvuWithDifferentFrameLengths
                0x200089c4      0x134 ./src/TestingDemos/TrxvuTestingDemo.o
                0x200089c4                TestInitTrxvuWithDifferentFrameLengths
 .text.TestTrxvuLogic
                0x20008af8       0xd4 ./src/TestingDemos/TrxvuTestingDemo.o
                0x20008af8                TestTrxvuLogic
 .text.TestCheckTransmitionAllowed
                0x20008bcc       0xa4 ./src/TestingDemos/TrxvuTestingDemo.o
                0x20008bcc                TestCheckTransmitionAllowed
 .text.TestSendDumpAbortRequest
                0x20008c70       0x24 ./src/TestingDemos/TrxvuTestingDemo.o
                0x20008c70                TestSendDumpAbortRequest
 .text.TestTransmitDummySplPacket
                0x20008c94       0xd4 ./src/TestingDemos/TrxvuTestingDemo.o
                0x20008c94                TestTransmitDummySplPacket
 .text.TestTransmitSplPacket
                0x20008d68      0x1f8 ./src/TestingDemos/TrxvuTestingDemo.o
                0x20008d68                TestTransmitSplPacket
 .text.TestExitDump
                0x20008f60       0x18 ./src/TestingDemos/TrxvuTestingDemo.o
                0x20008f60                TestExitDump
 .text.TestDumpTelemetry
                0x20008f78      0x104 ./src/TestingDemos/TrxvuTestingDemo.o
                0x20008f78                TestDumpTelemetry
 .text.TestRestoreDefaultBeaconParameters
                0x2000907c       0xf0 ./src/TestingDemos/TrxvuTestingDemo.o
                0x2000907c                TestRestoreDefaultBeaconParameters
 .text.TestChooseDefaultBeaconCycle
                0x2000916c       0xe0 ./src/TestingDemos/TrxvuTestingDemo.o
                0x2000916c                TestChooseDefaultBeaconCycle
 .text.TestBeaconLogic
                0x2000924c       0xd8 ./src/TestingDemos/TrxvuTestingDemo.o
                0x2000924c                TestBeaconLogic
 .text.TestMuteTrxvu
                0x20009324      0x128 ./src/TestingDemos/TrxvuTestingDemo.o
                0x20009324                TestMuteTrxvu
 .text.TestUnMuteTrxvu
                0x2000944c       0x30 ./src/TestingDemos/TrxvuTestingDemo.o
                0x2000944c                TestUnMuteTrxvu
 .text.TestGetNumberOfFramesInBuffer
                0x2000947c       0x54 ./src/TestingDemos/TrxvuTestingDemo.o
                0x2000947c                TestGetNumberOfFramesInBuffer
 .text.TestSetTrxvuBitrate
                0x200094d0       0xf0 ./src/TestingDemos/TrxvuTestingDemo.o
                0x200094d0                TestSetTrxvuBitrate
 .text.TestGetTrxvuBitrate
                0x200095c0       0xc0 ./src/TestingDemos/TrxvuTestingDemo.o
                0x200095c0                TestGetTrxvuBitrate
 .text.TestTransmitDataAsSPL_Packet
                0x20009680      0x114 ./src/TestingDemos/TrxvuTestingDemo.o
                0x20009680                TestTransmitDataAsSPL_Packet
 .text.selectAndExecuteTrxvuDemoTest
                0x20009794      0x28c ./src/TestingDemos/TrxvuTestingDemo.o
                0x20009794                selectAndExecuteTrxvuDemoTest
 .text.MainTrxvuTestBench
                0x20009a20       0x44 ./src/TestingDemos/TrxvuTestingDemo.o
                0x20009a20                MainTrxvuTestBench
 .text.GetBatteryVoltage
                0x20009a64       0x68 ./src/SubSystemModules/PowerManagment/EPS.o
                0x20009a64                GetBatteryVoltage
 .text.EPS_Conditioning
                0x20009acc      0x1a8 ./src/SubSystemModules/PowerManagment/EPS.o
                0x20009acc                EPS_Conditioning
 .text.UpdateAlpha
                0x20009c74       0xa8 ./src/SubSystemModules/PowerManagment/EPS.o
                0x20009c74                UpdateAlpha
 .text.UpdateThresholdVoltages
                0x20009d1c      0x204 ./src/SubSystemModules/PowerManagment/EPS.o
                0x20009d1c                UpdateThresholdVoltages
 .text.GetThresholdVoltages
                0x20009f20       0x70 ./src/SubSystemModules/PowerManagment/EPS.o
                0x20009f20                GetThresholdVoltages
 .text.GetAlpha
                0x20009f90       0x6c ./src/SubSystemModules/PowerManagment/EPS.o
                0x20009f90                GetAlpha
 .text.RestoreDefaultAlpha
                0x20009ffc       0x50 ./src/SubSystemModules/PowerManagment/EPS.o
                0x20009ffc                RestoreDefaultAlpha
 .text.RestoreDefaultThresholdVoltages
                0x2000a04c       0x6c ./src/SubSystemModules/PowerManagment/EPS.o
                0x2000a04c                RestoreDefaultThresholdVoltages
 .text.EnterFullMode
                0x2000a0b8       0x6c ./src/SubSystemModules/PowerManagment/EPSOperationModes.o
                0x2000a0b8                EnterFullMode
 .text.EnterCruiseMode
                0x2000a124       0x6c ./src/SubSystemModules/PowerManagment/EPSOperationModes.o
                0x2000a124                EnterCruiseMode
 .text.EnterSafeMode
                0x2000a190       0x6c ./src/SubSystemModules/PowerManagment/EPSOperationModes.o
                0x2000a190                EnterSafeMode
 .text.EnterCriticalMode
                0x2000a1fc       0x6c ./src/SubSystemModules/PowerManagment/EPSOperationModes.o
                0x2000a1fc                EnterCriticalMode
 .text.SetEPS_Channels
                0x2000a268       0xbc ./src/SubSystemModules/PowerManagment/EPSOperationModes.o
                0x2000a268                SetEPS_Channels
 .text.GetSystemState
                0x2000a324       0x24 ./src/SubSystemModules/PowerManagment/EPSOperationModes.o
                0x2000a324                GetSystemState
 .text.GetSystemChannelState
                0x2000a348       0x24 ./src/SubSystemModules/PowerManagment/EPSOperationModes.o
                0x2000a348                GetSystemChannelState
 .text.EpsSetLowVoltageFlag
                0x2000a36c       0x2c ./src/SubSystemModules/PowerManagment/EPSOperationModes.o
                0x2000a36c                EpsSetLowVoltageFlag
 .text.SendAckPacket
                0x2000a398       0x34 ./src/SubSystemModules/Communication/AckHandler.o
                0x2000a398                SendAckPacket
 .text.ActUponCommand
                0x2000a3cc       0x24 ./src/SubSystemModules/Communication/ActUponCommand.o
                0x2000a3cc                ActUponCommand
 .text.AssmbleCommand
                0x2000a3f0       0x30 ./src/SubSystemModules/Communication/SatCommandHandler.o
                0x2000a3f0                AssmbleCommand
 .text.GetDelayedCommand
                0x2000a420       0x24 ./src/SubSystemModules/Communication/SatCommandHandler.o
                0x2000a420                GetDelayedCommand
 .text.AddDelayedCommand
                0x2000a444       0x24 ./src/SubSystemModules/Communication/SatCommandHandler.o
                0x2000a444                AddDelayedCommand
 .text.GetDelayedCommandBufferCount
                0x2000a468       0x1c ./src/SubSystemModules/Communication/SatCommandHandler.o
                0x2000a468                GetDelayedCommandBufferCount
 .text.GetOnlineCommand
                0x2000a484       0x24 ./src/SubSystemModules/Communication/SatCommandHandler.o
                0x2000a484                GetOnlineCommand
 .text.GetDelayedCommandByIndex
                0x2000a4a8       0x28 ./src/SubSystemModules/Communication/SatCommandHandler.o
                0x2000a4a8                GetDelayedCommandByIndex
 .text.DeleteDelayedCommandByIndex
                0x2000a4d0       0x24 ./src/SubSystemModules/Communication/SatCommandHandler.o
                0x2000a4d0                DeleteDelayedCommandByIndex
 .text.DeleteDelayedBuffer
                0x2000a4f4       0x1c ./src/SubSystemModules/Communication/SatCommandHandler.o
                0x2000a4f4                DeleteDelayedBuffer
 .text.InitTrxvu
                0x2000a510       0x1c ./src/SubSystemModules/Communication/TRXVU.o
                0x2000a510                InitTrxvu
 .text.TRX_Logic
                0x2000a52c       0x1c ./src/SubSystemModules/Communication/TRXVU.o
                0x2000a52c                TRX_Logic
 .text.GetNumberOfFramesInBuffer
                0x2000a548       0x1c ./src/SubSystemModules/Communication/TRXVU.o
                0x2000a548                GetNumberOfFramesInBuffer
 .text.CheckTransmitionAllowed
                0x2000a564       0x1c ./src/SubSystemModules/Communication/TRXVU.o
                0x2000a564                CheckTransmitionAllowed
 .text.AbortDump
                0x2000a580       0x14 ./src/SubSystemModules/Communication/TRXVU.o
                0x2000a580                AbortDump
 .text.SendDumpAbortRequest
                0x2000a594       0x14 ./src/SubSystemModules/Communication/TRXVU.o
                0x2000a594                SendDumpAbortRequest
 .text.DumpTelemetry
                0x2000a5a8       0x24 ./src/SubSystemModules/Communication/TRXVU.o
                0x2000a5a8                DumpTelemetry
 .text.BeaconLogic
                0x2000a5cc       0x14 ./src/SubSystemModules/Communication/TRXVU.o
                0x2000a5cc                BeaconLogic
 .text.muteTRXVU
                0x2000a5e0       0x24 ./src/SubSystemModules/Communication/TRXVU.o
                0x2000a5e0                muteTRXVU
 .text.UnMuteTRXVU
                0x2000a604       0x14 ./src/SubSystemModules/Communication/TRXVU.o
                0x2000a604                UnMuteTRXVU
 .text.GetMuteFlag
                0x2000a618       0x1c ./src/SubSystemModules/Communication/TRXVU.o
                0x2000a618                GetMuteFlag
 .text.CheckForMuteEnd
                0x2000a634       0x1c ./src/SubSystemModules/Communication/TRXVU.o
                0x2000a634                CheckForMuteEnd
 .text.GetTrxvuBitrate
                0x2000a650       0x24 ./src/SubSystemModules/Communication/TRXVU.o
                0x2000a650                GetTrxvuBitrate
 .text.TransmitDataAsSPL_Packet
                0x2000a674       0x2c ./src/SubSystemModules/Communication/TRXVU.o
                0x2000a674                TransmitDataAsSPL_Packet
 .text.TransmitSplPacket
                0x2000a6a0       0x28 ./src/SubSystemModules/Communication/TRXVU.o
                0x2000a6a0                TransmitSplPacket
 .text.UpdateBeaconBaudCycle
                0x2000a6c8       0x28 ./src/SubSystemModules/Communication/TRXVU.o
                0x2000a6c8                UpdateBeaconBaudCycle
 .text.UpdateBeaconInterval
                0x2000a6f0       0x24 ./src/SubSystemModules/Communication/TRXVU.o
                0x2000a6f0                UpdateBeaconInterval
 .text.InitSubsystems
                0x2000a714       0x1c ./src/InitSystem.o
                0x2000a714                InitSubsystems
 .text.main     0x2000a730       0xa0 ./src/main.o
                0x2000a730                main
 .text.logError
                0x2000a7d0       0x38 ./src/utils.o
                0x2000a7d0                logError
 .text.FRAM_dummyCallback
                0x2000a808       0x24 C:/ISIS/workspace/ycube/GlobusSatProject/..//hal/hal/lib\libHALD.a(FRAM.o)
                0x2000a808                FRAM_dummyCallback
 .text.FRAM_unlockingCallback
                0x2000a82c       0x78 C:/ISIS/workspace/ycube/GlobusSatProject/..//hal/hal/lib\libHALD.a(FRAM.o)
                0x2000a82c                FRAM_unlockingCallback
 .text.doBlockingTransfer
                0x2000a8a4       0x88 C:/ISIS/workspace/ycube/GlobusSatProject/..//hal/hal/lib\libHALD.a(FRAM.o)
 .text.FRAM_writePacket
                0x2000a92c      0x148 C:/ISIS/workspace/ycube/GlobusSatProject/..//hal/hal/lib\libHALD.a(FRAM.o)
 .text.FRAM_write
                0x2000aa74      0x1c8 C:/ISIS/workspace/ycube/GlobusSatProject/..//hal/hal/lib\libHALD.a(FRAM.o)
                0x2000aa74                FRAM_write
 .text.FRAM_readPacket
                0x2000ac3c      0x114 C:/ISIS/workspace/ycube/GlobusSatProject/..//hal/hal/lib\libHALD.a(FRAM.o)
 .text.FRAM_read
                0x2000ad50      0x1d4 C:/ISIS/workspace/ycube/GlobusSatProject/..//hal/hal/lib\libHALD.a(FRAM.o)
                0x2000ad50                FRAM_read
 .text.Time_isLeapYear
                0x2000af24       0x98 C:/ISIS/workspace/ycube/GlobusSatProject/..//hal/hal/lib\libHALD.a(Time.o)
                0x2000af24                Time_isLeapYear
 .text.Time_get
                0x2000afbc      0x410 C:/ISIS/workspace/ycube/GlobusSatProject/..//hal/hal/lib\libHALD.a(Time.o)
                0x2000afbc                Time_get
 .text.Time_getUnixEpoch
                0x2000b3cc       0xf4 C:/ISIS/workspace/ycube/GlobusSatProject/..//hal/hal/lib\libHALD.a(Time.o)
                0x2000b3cc                Time_getUnixEpoch
 .text.WDT_start
                0x2000b4c0       0x48 C:/ISIS/workspace/ycube/GlobusSatProject/..//hal/hal/lib\libHALD.a(WatchDogTimerNoOS.o)
                0x2000b4c0                WDT_start
 .text.WDT_startWatchdogKickTask
                0x2000b508       0xb4 C:/ISIS/workspace/ycube/GlobusSatProject/..//hal/hal/lib\libHALD.a(WatchDogTimerOS.o)
                0x2000b508                WDT_startWatchdogKickTask
 .text.WDT_forceKickEveryNms
                0x2000b5bc       0x50 C:/ISIS/workspace/ycube/GlobusSatProject/..//hal/hal/lib\libHALD.a(WatchDogTimerOS.o)
                0x2000b5bc                WDT_forceKickEveryNms
 .text.UTIL_DbguGetInteger
                0x2000b60c      0x124 C:/ISIS/workspace/ycube/GlobusSatProject/..//hal/hal/lib\libHALD.a(util.o)
                0x2000b60c                UTIL_DbguGetInteger
 .text.UTIL_DbguGetIntegerMinMax
                0x2000b730       0xa4 C:/ISIS/workspace/ycube/GlobusSatProject/..//hal/hal/lib\libHALD.a(util.o)
                0x2000b730                UTIL_DbguGetIntegerMinMax
 .text.LED_glow
                0x2000b7d4       0x58 C:/ISIS/workspace/ycube/GlobusSatProject/..//hal/hal/lib\libHALD.a(LED.o)
                0x2000b7d4                LED_glow
 .text.LED_dark
                0x2000b82c       0x58 C:/ISIS/workspace/ycube/GlobusSatProject/..//hal/hal/lib\libHALD.a(LED.o)
                0x2000b82c                LED_dark
 .text.LED_toggle
                0x2000b884       0x50 C:/ISIS/workspace/ycube/GlobusSatProject/..//hal/hal/lib\libHALD.a(LED.o)
                0x2000b884                LED_toggle
 .text.SPI_queueTransfer
                0x2000b8d4      0x190 C:/ISIS/workspace/ycube/GlobusSatProject/..//hal/hal/lib\libHALD.a(SPI.o)
                0x2000b8d4                SPI_queueTransfer
 .text._make_IsisEPStransfer
                0x2000ba64       0x3c C:/ISIS/workspace/satellite-subsystems/satellite-subsystems/lib\libSatelliteSubsystemsD.a(IsisEPS.o)
 .text.IsisEPS_resetWDT
                0x2000baa0       0xac C:/ISIS/workspace/satellite-subsystems/satellite-subsystems/lib\libSatelliteSubsystemsD.a(IsisEPS.o)
                0x2000baa0                IsisEPS_resetWDT
 .text.IsisEPS_outputBusGroupOn
                0x2000bb4c       0xc4 C:/ISIS/workspace/satellite-subsystems/satellite-subsystems/lib\libSatelliteSubsystemsD.a(IsisEPS.o)
                0x2000bb4c                IsisEPS_outputBusGroupOn
 .text.IsisEPS_outputBusGroupOff
                0x2000bc10       0xc4 C:/ISIS/workspace/satellite-subsystems/satellite-subsystems/lib\libSatelliteSubsystemsD.a(IsisEPS.o)
                0x2000bc10                IsisEPS_outputBusGroupOff
 .text.IsisEPS_getEngHKDataCDB
                0x2000bcd4      0x154 C:/ISIS/workspace/satellite-subsystems/satellite-subsystems/lib\libSatelliteSubsystemsD.a(IsisEPS.o)
                0x2000bcd4                IsisEPS_getEngHKDataCDB
 .text.IsisTrxvu_initialize
                0x2000be28      0x2f4 C:/ISIS/workspace/satellite-subsystems/satellite-subsystems/lib\libSatelliteSubsystemsD.a(IsisTRXVU.o)
                0x2000be28                IsisTrxvu_initialize
 .text.makeTRXVUtransfer
                0x2000c11c       0x44 C:/ISIS/workspace/satellite-subsystems/satellite-subsystems/lib\libSatelliteSubsystemsD.a(IsisTRXVU.o)
 .text.IsisTrxvu_tcSetAx25Bitrate
                0x2000c160       0xc4 C:/ISIS/workspace/satellite-subsystems/satellite-subsystems/lib\libSatelliteSubsystemsD.a(IsisTRXVU.o)
                0x2000c160                IsisTrxvu_tcSetAx25Bitrate
 .text.IsisTrxvu_tcGetLastTxTelemetry
                0x2000c224       0xe4 C:/ISIS/workspace/satellite-subsystems/satellite-subsystems/lib\libSatelliteSubsystemsD.a(IsisTRXVU.o)
                0x2000c224                IsisTrxvu_tcGetLastTxTelemetry
 .text.makeTRXCommonTransfer
                0x2000c308       0x34 C:/ISIS/workspace/satellite-subsystems/satellite-subsystems/lib\libSatelliteSubsystemsD.a(IsisTRXCommon.o)
 .text.IsisTrxCommon_TxSetAx25Bitrate
                0x2000c33c       0x78 C:/ISIS/workspace/satellite-subsystems/satellite-subsystems/lib\libSatelliteSubsystemsD.a(IsisTRXCommon.o)
                0x2000c33c                IsisTrxCommon_TxSetAx25Bitrate
 .text.xQueueCreateMutex
                0x2000c3b4      0x110 C:/ISIS/workspace/ycube/GlobusSatProject/..//hal/freertos/lib\libFreeRTOSD.a(queue.o)
                0x2000c3b4                xQueueCreateMutex
 .text.xQueueGenericSend
                0x2000c4c4      0x268 C:/ISIS/workspace/ycube/GlobusSatProject/..//hal/freertos/lib\libFreeRTOSD.a(queue.o)
                0x2000c4c4                xQueueGenericSend
 .text.xQueueGenericSendFromISR
                0x2000c72c      0x19c C:/ISIS/workspace/ycube/GlobusSatProject/..//hal/freertos/lib\libFreeRTOSD.a(queue.o)
                0x2000c72c                xQueueGenericSendFromISR
 .text.xQueueGenericReceive
                0x2000c8c8      0x2cc C:/ISIS/workspace/ycube/GlobusSatProject/..//hal/freertos/lib\libFreeRTOSD.a(queue.o)
                0x2000c8c8                xQueueGenericReceive
 .text.prvCopyDataToQueue
                0x2000cb94      0x190 C:/ISIS/workspace/ycube/GlobusSatProject/..//hal/freertos/lib\libFreeRTOSD.a(queue.o)
 .text.prvCopyDataFromQueue
                0x2000cd24       0x90 C:/ISIS/workspace/ycube/GlobusSatProject/..//hal/freertos/lib\libFreeRTOSD.a(queue.o)
 .text.prvUnlockQueue
                0x2000cdb4      0x100 C:/ISIS/workspace/ycube/GlobusSatProject/..//hal/freertos/lib\libFreeRTOSD.a(queue.o)
 .text.prvIsQueueEmpty
                0x2000ceb4       0x4c C:/ISIS/workspace/ycube/GlobusSatProject/..//hal/freertos/lib\libFreeRTOSD.a(queue.o)
 .text.prvIsQueueFull
                0x2000cf00       0x54 C:/ISIS/workspace/ycube/GlobusSatProject/..//hal/freertos/lib\libFreeRTOSD.a(queue.o)
 .text.xTaskGenericCreate
                0x2000cf54      0x2ac C:/ISIS/workspace/ycube/GlobusSatProject/..//hal/freertos/lib\libFreeRTOSD.a(tasks.o)
                0x2000cf54                xTaskGenericCreate
 .text.vTaskDelay
                0x2000d200       0x80 C:/ISIS/workspace/ycube/GlobusSatProject/..//hal/freertos/lib\libFreeRTOSD.a(tasks.o)
                0x2000d200                vTaskDelay
 .text.vTaskStartScheduler
                0x2000d280       0xd4 C:/ISIS/workspace/ycube/GlobusSatProject/..//hal/freertos/lib\libFreeRTOSD.a(tasks.o)
                0x2000d280                vTaskStartScheduler
 .text.vTaskSuspendAll
                0x2000d354       0x2c C:/ISIS/workspace/ycube/GlobusSatProject/..//hal/freertos/lib\libFreeRTOSD.a(tasks.o)
                0x2000d354                vTaskSuspendAll
 .text.xTaskResumeAll
                0x2000d380      0x1f4 C:/ISIS/workspace/ycube/GlobusSatProject/..//hal/freertos/lib\libFreeRTOSD.a(tasks.o)
                0x2000d380                xTaskResumeAll
 .text.xTaskGetTickCount
                0x2000d574       0x34 C:/ISIS/workspace/ycube/GlobusSatProject/..//hal/freertos/lib\libFreeRTOSD.a(tasks.o)
                0x2000d574                xTaskGetTickCount
 .text.xTaskIncrementTick
                0x2000d5a8      0x298 C:/ISIS/workspace/ycube/GlobusSatProject/..//hal/freertos/lib\libFreeRTOSD.a(tasks.o)
                0x2000d5a8                xTaskIncrementTick
 .text.vTaskSwitchContext
                0x2000d840      0x18c C:/ISIS/workspace/ycube/GlobusSatProject/..//hal/freertos/lib\libFreeRTOSD.a(tasks.o)
                0x2000d840                vTaskSwitchContext
 .text.vTaskPlaceOnEventList
                0x2000d9cc       0xcc C:/ISIS/workspace/ycube/GlobusSatProject/..//hal/freertos/lib\libFreeRTOSD.a(tasks.o)
                0x2000d9cc                vTaskPlaceOnEventList
 .text.xTaskRemoveFromEventList
                0x2000da98      0x160 C:/ISIS/workspace/ycube/GlobusSatProject/..//hal/freertos/lib\libFreeRTOSD.a(tasks.o)
                0x2000da98                xTaskRemoveFromEventList
 .text.vTaskSetTimeOutState
                0x2000dbf8       0x78 C:/ISIS/workspace/ycube/GlobusSatProject/..//hal/freertos/lib\libFreeRTOSD.a(tasks.o)
                0x2000dbf8                vTaskSetTimeOutState
 .text.xTaskCheckForTimeOut
                0x2000dc70      0x158 C:/ISIS/workspace/ycube/GlobusSatProject/..//hal/freertos/lib\libFreeRTOSD.a(tasks.o)
                0x2000dc70                xTaskCheckForTimeOut
 .text.vTaskMissedYield
                0x2000ddc8       0x24 C:/ISIS/workspace/ycube/GlobusSatProject/..//hal/freertos/lib\libFreeRTOSD.a(tasks.o)
                0x2000ddc8                vTaskMissedYield
 .text.prvIdleTask
                0x2000ddec       0x20 C:/ISIS/workspace/ycube/GlobusSatProject/..//hal/freertos/lib\libFreeRTOSD.a(tasks.o)
 .text.prvInitialiseTCBVariables
                0x2000de0c      0x110 C:/ISIS/workspace/ycube/GlobusSatProject/..//hal/freertos/lib\libFreeRTOSD.a(tasks.o)
 .text.prvInitialiseTaskLists
                0x2000df1c       0xbc C:/ISIS/workspace/ycube/GlobusSatProject/..//hal/freertos/lib\libFreeRTOSD.a(tasks.o)
 .text.prvCheckTasksWaitingTermination
                0x2000dfd8       0xbc C:/ISIS/workspace/ycube/GlobusSatProject/..//hal/freertos/lib\libFreeRTOSD.a(tasks.o)
 .text.prvAddCurrentTaskToDelayedList
                0x2000e094       0xb4 C:/ISIS/workspace/ycube/GlobusSatProject/..//hal/freertos/lib\libFreeRTOSD.a(tasks.o)
 .text.prvAllocateTCBAndStack
                0x2000e148       0xb4 C:/ISIS/workspace/ycube/GlobusSatProject/..//hal/freertos/lib\libFreeRTOSD.a(tasks.o)
 .text.prvDeleteTCB
                0x2000e1fc       0x30 C:/ISIS/workspace/ycube/GlobusSatProject/..//hal/freertos/lib\libFreeRTOSD.a(tasks.o)
 .text.xTaskGetCurrentTaskHandle
                0x2000e22c       0x30 C:/ISIS/workspace/ycube/GlobusSatProject/..//hal/freertos/lib\libFreeRTOSD.a(tasks.o)
                0x2000e22c                xTaskGetCurrentTaskHandle
 .text.xTaskGetSchedulerState
                0x2000e25c       0x68 C:/ISIS/workspace/ycube/GlobusSatProject/..//hal/freertos/lib\libFreeRTOSD.a(tasks.o)
                0x2000e25c                xTaskGetSchedulerState
 .text.vTaskPriorityInherit
                0x2000e2c4      0x148 C:/ISIS/workspace/ycube/GlobusSatProject/..//hal/freertos/lib\libFreeRTOSD.a(tasks.o)
                0x2000e2c4                vTaskPriorityInherit
 .text.vTaskPriorityDisinherit
                0x2000e40c       0xdc C:/ISIS/workspace/ycube/GlobusSatProject/..//hal/freertos/lib\libFreeRTOSD.a(tasks.o)
                0x2000e40c                vTaskPriorityDisinherit
 .text.vApplicationStackOverflowHook
                0x2000e4e8       0x4c C:/ISIS/workspace/ycube/GlobusSatProject/..//hal/freertos/lib\libFreeRTOSD.a(hooks.o)
                0x2000e4e8                vApplicationStackOverflowHook
 .text.vApplicationIdleHook
                0x2000e534       0x18 C:/ISIS/workspace/ycube/GlobusSatProject/..//hal/freertos/lib\libFreeRTOSD.a(hooks.o)
                0x2000e534                vApplicationIdleHook
 .text.pvPortMalloc
                0x2000e54c       0x28 C:/ISIS/workspace/ycube/GlobusSatProject/..//hal/freertos/lib\libFreeRTOSD.a(standardMemMang.o)
                0x2000e54c                pvPortMalloc
 .text.vPortFree
                0x2000e574       0x20 C:/ISIS/workspace/ycube/GlobusSatProject/..//hal/freertos/lib\libFreeRTOSD.a(standardMemMang.o)
                0x2000e574                vPortFree
 .text.pxPortInitialiseStack
                0x2000e594      0x218 C:/ISIS/workspace/ycube/GlobusSatProject/..//hal/freertos/lib\libFreeRTOSD.a(port.o)
                0x2000e594                pxPortInitialiseStack
 .text.xPortStartScheduler
                0x2000e7ac       0x1c C:/ISIS/workspace/ycube/GlobusSatProject/..//hal/freertos/lib\libFreeRTOSD.a(port.o)
                0x2000e7ac                xPortStartScheduler
 .text.prvSetupTimerInterrupt
                0x2000e7c8       0x54 C:/ISIS/workspace/ycube/GlobusSatProject/..//hal/freertos/lib\libFreeRTOSD.a(port.o)
 .text.vPortISRStartFirstTask
                0x2000e81c       0x64 C:/ISIS/workspace/ycube/GlobusSatProject/..//hal/freertos/lib\libFreeRTOSD.a(port.o)
 .text.vPortEnterCritical
                0x2000e880       0x40 C:/ISIS/workspace/ycube/GlobusSatProject/..//hal/freertos/lib\libFreeRTOSD.a(port.o)
                0x2000e880                vPortEnterCritical
 .text.vPortExitCritical
                0x2000e8c0       0x60 C:/ISIS/workspace/ycube/GlobusSatProject/..//hal/freertos/lib\libFreeRTOSD.a(port.o)
                0x2000e8c0                vPortExitCritical
 .text.vListInitialise
                0x2000e920       0x64 C:/ISIS/workspace/ycube/GlobusSatProject/..//hal/freertos/lib\libFreeRTOSD.a(list.o)
                0x2000e920                vListInitialise
 .text.vListInitialiseItem
                0x2000e984       0x28 C:/ISIS/workspace/ycube/GlobusSatProject/..//hal/freertos/lib\libFreeRTOSD.a(list.o)
                0x2000e984                vListInitialiseItem
 .text.vListInsertEnd
                0x2000e9ac       0x84 C:/ISIS/workspace/ycube/GlobusSatProject/..//hal/freertos/lib\libFreeRTOSD.a(list.o)
                0x2000e9ac                vListInsertEnd
 .text.vListInsert
                0x2000ea30       0xd4 C:/ISIS/workspace/ycube/GlobusSatProject/..//hal/freertos/lib\libFreeRTOSD.a(list.o)
                0x2000ea30                vListInsert
 .text.uxListRemove
                0x2000eb04       0xa0 C:/ISIS/workspace/ycube/GlobusSatProject/..//hal/freertos/lib\libFreeRTOSD.a(list.o)
                0x2000eb04                uxListRemove
 .text._read    0x2000eba4       0xa4 C:/ISIS/workspace/ycube/GlobusSatProject/..//hal/at91/lib\libAt91D.a(syscalls.o)
                0x2000eba4                _read
 .text._write   0x2000ec48       0xb8 C:/ISIS/workspace/ycube/GlobusSatProject/..//hal/at91/lib\libAt91D.a(syscalls.o)
                0x2000ec48                _write
 .text._lseek   0x2000ed00       0x2c C:/ISIS/workspace/ycube/GlobusSatProject/..//hal/at91/lib\libAt91D.a(syscalls.o)
                0x2000ed00                _lseek
 .text._close   0x2000ed2c       0x24 C:/ISIS/workspace/ycube/GlobusSatProject/..//hal/at91/lib\libAt91D.a(syscalls.o)
                0x2000ed2c                _close
 .text._fstat   0x2000ed50       0x28 C:/ISIS/workspace/ycube/GlobusSatProject/..//hal/at91/lib\libAt91D.a(syscalls.o)
                0x2000ed50                _fstat
 .text._isatty  0x2000ed78       0x38 C:/ISIS/workspace/ycube/GlobusSatProject/..//hal/at91/lib\libAt91D.a(syscalls.o)
                0x2000ed78                _isatty
 .text._sbrk    0x2000edb0       0xac C:/ISIS/workspace/ycube/GlobusSatProject/..//hal/at91/lib\libAt91D.a(syscalls.o)
                0x2000edb0                _sbrk
 .text.AIC_ConfigureIT
                0x2000ee5c       0x74 C:/ISIS/workspace/ycube/GlobusSatProject/..//hal/at91/lib\libAt91D.a(aic.o)
                0x2000ee5c                AIC_ConfigureIT
 .text.AIC_EnableIT
                0x2000eed0       0x34 C:/ISIS/workspace/ycube/GlobusSatProject/..//hal/at91/lib\libAt91D.a(aic.o)
                0x2000eed0                AIC_EnableIT
 .text.AIC_DisableIT
                0x2000ef04       0x34 C:/ISIS/workspace/ycube/GlobusSatProject/..//hal/at91/lib\libAt91D.a(aic.o)
                0x2000ef04                AIC_DisableIT
 .text.CP15_Enable_I_Cache
                0x2000ef38       0x4c C:/ISIS/workspace/ycube/GlobusSatProject/..//hal/at91/lib\libAt91D.a(cp15.o)
                0x2000ef38                CP15_Enable_I_Cache
 .text.CP15_Disable_I_Cache
                0x2000ef84       0x5c C:/ISIS/workspace/ycube/GlobusSatProject/..//hal/at91/lib\libAt91D.a(cp15.o)
                0x2000ef84                CP15_Disable_I_Cache
 .text.CP15_DisableMMU
                0x2000efe0       0x68 C:/ISIS/workspace/ycube/GlobusSatProject/..//hal/at91/lib\libAt91D.a(cp15.o)
                0x2000efe0                CP15_DisableMMU
 .text.CP15_Disable_D_Cache
                0x2000f048       0x5c C:/ISIS/workspace/ycube/GlobusSatProject/..//hal/at91/lib\libAt91D.a(cp15.o)
                0x2000f048                CP15_Disable_D_Cache
 .text.DBGU_Configure
                0x2000f0a4       0x84 C:/ISIS/workspace/ycube/GlobusSatProject/..//hal/at91/lib\libAt91D.a(dbgu.o)
                0x2000f0a4                DBGU_Configure
 .text.DBGU_PutChar
                0x2000f128       0x60 C:/ISIS/workspace/ycube/GlobusSatProject/..//hal/at91/lib\libAt91D.a(dbgu.o)
                0x2000f128                DBGU_PutChar
 .text.DBGU_IsRxReady
                0x2000f188       0x28 C:/ISIS/workspace/ycube/GlobusSatProject/..//hal/at91/lib\libAt91D.a(dbgu.o)
                0x2000f188                DBGU_IsRxReady
 .text.DBGU_GetChar
                0x2000f1b0       0x40 C:/ISIS/workspace/ycube/GlobusSatProject/..//hal/at91/lib\libAt91D.a(dbgu.o)
                0x2000f1b0                DBGU_GetChar
 .text.fputc    0x2000f1f0       0x70 C:/ISIS/workspace/ycube/GlobusSatProject/..//hal/at91/lib\libAt91D.a(dbgu.o)
                0x2000f1f0                fputc
 .text.putchar  0x2000f260       0x3c C:/ISIS/workspace/ycube/GlobusSatProject/..//hal/at91/lib\libAt91D.a(dbgu.o)
                0x2000f260                putchar
 .text.PIO_SetPeripheralA
                0x2000f29c       0x74 C:/ISIS/workspace/ycube/GlobusSatProject/..//hal/at91/lib\libAt91D.a(pio.o)
 .text.PIO_SetPeripheralB
                0x2000f310       0x74 C:/ISIS/workspace/ycube/GlobusSatProject/..//hal/at91/lib\libAt91D.a(pio.o)
 .text.PIO_SetInput
                0x2000f384       0x9c C:/ISIS/workspace/ycube/GlobusSatProject/..//hal/at91/lib\libAt91D.a(pio.o)
 .text.PIO_SetOutput
                0x2000f420       0xc4 C:/ISIS/workspace/ycube/GlobusSatProject/..//hal/at91/lib\libAt91D.a(pio.o)
 .text.PIO_Configure
                0x2000f4e4      0x1ec C:/ISIS/workspace/ycube/GlobusSatProject/..//hal/at91/lib\libAt91D.a(pio.o)
                0x2000f4e4                PIO_Configure
 .text.PIO_Set  0x2000f6d0       0x3c C:/ISIS/workspace/ycube/GlobusSatProject/..//hal/at91/lib\libAt91D.a(pio.o)
                0x2000f6d0                PIO_Set
 .text.PIO_Clear
                0x2000f70c       0x3c C:/ISIS/workspace/ycube/GlobusSatProject/..//hal/at91/lib\libAt91D.a(pio.o)
                0x2000f70c                PIO_Clear
 .text.PIT_Init
                0x2000f748       0x68 C:/ISIS/workspace/ycube/GlobusSatProject/..//hal/at91/lib\libAt91D.a(pit.o)
                0x2000f748                PIT_Init
 .text.PIT_Enable
                0x2000f7b0       0x2c C:/ISIS/workspace/ycube/GlobusSatProject/..//hal/at91/lib\libAt91D.a(pit.o)
                0x2000f7b0                PIT_Enable
 .text.PIT_EnableIT
                0x2000f7dc       0x2c C:/ISIS/workspace/ycube/GlobusSatProject/..//hal/at91/lib\libAt91D.a(pit.o)
                0x2000f7dc                PIT_EnableIT
 .text.disableCaches
                0x2000f808       0x18 C:/ISIS/workspace/ycube/GlobusSatProject/..//hal/at91/lib\libAt91D.a(ExitHandler.o)
 .text.restart  0x2000f820       0x28 C:/ISIS/workspace/ycube/GlobusSatProject/..//hal/at91/lib\libAt91D.a(ExitHandler.o)
                0x2000f820                restart
 .text.restartPrefetchAbort
                0x2000f848       0x28 C:/ISIS/workspace/ycube/GlobusSatProject/..//hal/at91/lib\libAt91D.a(ExitHandler.o)
                0x2000f848                restartPrefetchAbort
 .text.restartDataAbort
                0x2000f870       0x28 C:/ISIS/workspace/ycube/GlobusSatProject/..//hal/at91/lib\libAt91D.a(ExitHandler.o)
                0x2000f870                restartDataAbort
 .text.defaultSpuriousHandler
                0x2000f898       0x18 C:/ISIS/workspace/ycube/GlobusSatProject/..//hal/at91/lib\libAt91D.a(board_lowlevel.o)
                0x2000f898                defaultSpuriousHandler
 .text.defaultFiqHandler
                0x2000f8b0       0x18 C:/ISIS/workspace/ycube/GlobusSatProject/..//hal/at91/lib\libAt91D.a(board_lowlevel.o)
                0x2000f8b0                defaultFiqHandler
 .text.defaultIrqHandler
                0x2000f8c8       0x18 C:/ISIS/workspace/ycube/GlobusSatProject/..//hal/at91/lib\libAt91D.a(board_lowlevel.o)
                0x2000f8c8                defaultIrqHandler
 .text.LowLevelInit
                0x2000f8e0       0xf4 C:/ISIS/workspace/ycube/GlobusSatProject/..//hal/at91/lib\libAt91D.a(board_lowlevel.o)
                0x2000f8e0                LowLevelInit
 .text.BOARD_RemapRam
                0x2000f9d4       0x24 C:/ISIS/workspace/ycube/GlobusSatProject/..//hal/at91/lib\libAt91D.a(board_memories.o)
                0x2000f9d4                BOARD_RemapRam
 .text.__errno  0x2000f9f8       0x10 c:/isis/application/toolchain/bin/../lib/gcc/arm-none-eabi/4.7.4/../../../../arm-none-eabi/lib\libc_s.a(lib_a-errno.o)
                0x2000f9f8                __errno
 .text.printf   0x2000fa08       0x50 c:/isis/application/toolchain/bin/../lib/gcc/arm-none-eabi/4.7.4/../../../../arm-none-eabi/lib\libc_s.a(lib_a-printf.o)
                0x2000fa08                iprintf
                0x2000fa08                printf
 .text.puts     0x2000fa58       0x64 c:/isis/application/toolchain/bin/../lib/gcc/arm-none-eabi/4.7.4/../../../../arm-none-eabi/lib\libc_s.a(lib_a-puts.o)
                0x2000fa58                puts
 .text.__sfputc_r
                0x2000fabc       0x50 c:/isis/application/toolchain/bin/../lib/gcc/arm-none-eabi/4.7.4/../../../../arm-none-eabi/lib\libc_s.a(lib_a-vfprintf.o)
                0x2000fabc                __sfputc_r
 .text._vfprintf_r
                0x2000fb0c      0x360 c:/isis/application/toolchain/bin/../lib/gcc/arm-none-eabi/4.7.4/../../../../arm-none-eabi/lib\libc_s.a(lib_a-vfprintf.o)
                0x2000fb0c                _vfprintf_r
                0x2000fb0c                _vfiprintf_r
 .text.__swbuf_r
                0x2000fe6c      0x138 c:/isis/application/toolchain/bin/../lib/gcc/arm-none-eabi/4.7.4/../../../../arm-none-eabi/lib\libc_s.a(lib_a-wbuf.o)
                0x2000fe6c                __swbuf_r
 .text.__swsetup_r
                0x2000ffa4      0x154 c:/isis/application/toolchain/bin/../lib/gcc/arm-none-eabi/4.7.4/../../../../arm-none-eabi/lib\libc_s.a(lib_a-wsetup.o)
                0x2000ffa4                __swsetup_r
 .text._fflush_r
                0x200100f8      0x244 c:/isis/application/toolchain/bin/../lib/gcc/arm-none-eabi/4.7.4/../../../../arm-none-eabi/lib\libc_s.a(lib_a-fflush.o)
                0x200100f8                _fflush_r
 .text._cleanup_r
                0x2001033c       0x5c c:/isis/application/toolchain/bin/../lib/gcc/arm-none-eabi/4.7.4/../../../../arm-none-eabi/lib\libc_s.a(lib_a-findfp.o)
                0x2001033c                _cleanup_r
 .text.std.isra.0
                0x20010398       0x7c c:/isis/application/toolchain/bin/../lib/gcc/arm-none-eabi/4.7.4/../../../../arm-none-eabi/lib\libc_s.a(lib_a-findfp.o)
 .text.__sfmoreglue
                0x20010414       0x44 c:/isis/application/toolchain/bin/../lib/gcc/arm-none-eabi/4.7.4/../../../../arm-none-eabi/lib\libc_s.a(lib_a-findfp.o)
                0x20010414                __sfmoreglue
 .text.__sinit  0x20010458       0x90 c:/isis/application/toolchain/bin/../lib/gcc/arm-none-eabi/4.7.4/../../../../arm-none-eabi/lib\libc_s.a(lib_a-findfp.o)
                0x20010458                __sinit
 .text.__sfp    0x200104e8       0xdc c:/isis/application/toolchain/bin/../lib/gcc/arm-none-eabi/4.7.4/../../../../arm-none-eabi/lib\libc_s.a(lib_a-findfp.o)
                0x200104e8                __sfp
 .text.__smakebuf_r
                0x200105c4       0xf8 c:/isis/application/toolchain/bin/../lib/gcc/arm-none-eabi/4.7.4/../../../../arm-none-eabi/lib\libc_s.a(lib_a-makebuf.o)
                0x200105c4                __smakebuf_r
 .text._putc_r  0x200106bc       0xd0 c:/isis/application/toolchain/bin/../lib/gcc/arm-none-eabi/4.7.4/../../../../arm-none-eabi/lib\libc_s.a(lib_a-putc.o)
                0x200106bc                _putc_r
 .text.__sread  0x2001078c       0x34 c:/isis/application/toolchain/bin/../lib/gcc/arm-none-eabi/4.7.4/../../../../arm-none-eabi/lib\libc_s.a(lib_a-stdio.o)
                0x2001078c                __sread
 .text.__swrite
                0x200107c0       0x54 c:/isis/application/toolchain/bin/../lib/gcc/arm-none-eabi/4.7.4/../../../../arm-none-eabi/lib\libc_s.a(lib_a-stdio.o)
                0x200107c0                __swrite
 .text.__sseek  0x20010814       0x34 c:/isis/application/toolchain/bin/../lib/gcc/arm-none-eabi/4.7.4/../../../../arm-none-eabi/lib\libc_s.a(lib_a-stdio.o)
                0x20010814                __sseek
 .text.__sclose
                0x20010848       0x14 c:/isis/application/toolchain/bin/../lib/gcc/arm-none-eabi/4.7.4/../../../../arm-none-eabi/lib\libc_s.a(lib_a-stdio.o)
                0x20010848                __sclose
 .text._write_r
                0x2001085c       0x44 c:/isis/application/toolchain/bin/../lib/gcc/arm-none-eabi/4.7.4/../../../../arm-none-eabi/lib\libc_s.a(lib_a-writer.o)
                0x2001085c                _write_r
 .text._close_r
                0x200108a0       0x3c c:/isis/application/toolchain/bin/../lib/gcc/arm-none-eabi/4.7.4/../../../../arm-none-eabi/lib\libc_s.a(lib_a-closer.o)
                0x200108a0                _close_r
 .text._fstat_r
                0x200108dc       0x40 c:/isis/application/toolchain/bin/../lib/gcc/arm-none-eabi/4.7.4/../../../../arm-none-eabi/lib\libc_s.a(lib_a-fstatr.o)
                0x200108dc                _fstat_r
 .text._isatty_r
                0x2001091c       0x3c c:/isis/application/toolchain/bin/../lib/gcc/arm-none-eabi/4.7.4/../../../../arm-none-eabi/lib\libc_s.a(lib_a-isattyr.o)
                0x2001091c                _isatty_r
 .text._lseek_r
                0x20010958       0x44 c:/isis/application/toolchain/bin/../lib/gcc/arm-none-eabi/4.7.4/../../../../arm-none-eabi/lib\libc_s.a(lib_a-lseekr.o)
                0x20010958                _lseek_r
 .text._read_r  0x2001099c       0x44 c:/isis/application/toolchain/bin/../lib/gcc/arm-none-eabi/4.7.4/../../../../arm-none-eabi/lib\libc_s.a(lib_a-readr.o)
                0x2001099c                _read_r
 .text._read_r.stub
                0x200109e0        0x8 linker stubs
 *(.rodata)
 .rodata        0x200109e8      0x460 ./src/TestingDemos/CommandsTestingDemo.o
 .rodata        0x20010e48      0x5a0 ./src/TestingDemos/EpsTestingDemo.o
 .rodata        0x200113e8      0x114 ./src/TestingDemos/MainTest.o
 .rodata        0x200114fc      0x2bc ./src/TestingDemos/MaintenanceTestingDemo.o
 .rodata        0x200117b8      0x8c0 ./src/TestingDemos/TrxvuTestingDemo.o
 .rodata        0x20012078        0xc ./src/SubSystemModules/PowerManagment/EPS.o
 .rodata        0x20012084       0x18 ./src/main.o
 .rodata        0x2001209c       0x98 C:/ISIS/workspace/ycube/GlobusSatProject/..//hal/hal/lib\libHALD.a(Time.o)
 .rodata        0x20012134        0xc C:/ISIS/workspace/ycube/GlobusSatProject/..//hal/hal/lib\libHALD.a(WatchDogTimerNoOS.o)
 .rodata        0x20012140       0x14 C:/ISIS/workspace/ycube/GlobusSatProject/..//hal/hal/lib\libHALD.a(WatchDogTimerOS.o)
 .rodata        0x20012154       0xcc C:/ISIS/workspace/ycube/GlobusSatProject/..//hal/hal/lib\libHALD.a(util.o)
 .rodata        0x20012220       0x30 C:/ISIS/workspace/ycube/GlobusSatProject/..//hal/hal/lib\libHALD.a(LED.o)
 .rodata        0x20012250       0x40 C:/ISIS/workspace/ycube/GlobusSatProject/..//hal/freertos/lib\libFreeRTOSD.a(queue.o)
 .rodata        0x20012290       0x48 C:/ISIS/workspace/ycube/GlobusSatProject/..//hal/freertos/lib\libFreeRTOSD.a(tasks.o)
 .rodata        0x200122d8       0x58 C:/ISIS/workspace/ycube/GlobusSatProject/..//hal/freertos/lib\libFreeRTOSD.a(hooks.o)
 .rodata        0x20012330       0x3c C:/ISIS/workspace/ycube/GlobusSatProject/..//hal/at91/lib\libAt91D.a(syscalls.o)
 .rodata        0x2001236c      0x158 C:/ISIS/workspace/ycube/GlobusSatProject/..//hal/at91/lib\libAt91D.a(cp15.o)
 .rodata        0x200124c4       0x8c C:/ISIS/workspace/ycube/GlobusSatProject/..//hal/at91/lib\libAt91D.a(ExitHandler.o)
 .rodata        0x20012550       0xa8 C:/ISIS/workspace/ycube/GlobusSatProject/..//hal/at91/lib\libAt91D.a(board_lowlevel.o)
 *(.rodata*)
 .rodata.str1.1
                0x200125f8       0x10 c:/isis/application/toolchain/bin/../lib/gcc/arm-none-eabi/4.7.4/../../../../arm-none-eabi/lib\libc_s.a(lib_a-vfprintf_float.o)
 .rodata.str1.1
                0x20012608       0x22 c:/isis/application/toolchain/bin/../lib/gcc/arm-none-eabi/4.7.4/../../../../arm-none-eabi/lib\libc_s.a(lib_a-vfprintf_i.o)
 .rodata.str1.1
                0x2001262a        0x5 c:/isis/application/toolchain/bin/../lib/gcc/arm-none-eabi/4.7.4/../../../../arm-none-eabi/lib\libc_s.a(lib_a-vfscanf_float.o)
 .rodata.str1.1
                0x2001262f        0xf c:/isis/application/toolchain/bin/../lib/gcc/arm-none-eabi/4.7.4/../../../../arm-none-eabi/lib\libc_s.a(lib_a-dtoa.o)
 .rodata.str1.1
                0x2001263e        0xa c:/isis/application/toolchain/bin/../lib/gcc/arm-none-eabi/4.7.4/../../../../arm-none-eabi/lib\libc_s.a(lib_a-locale.o)
                                  0xb (size before relaxing)
 .rodata.__mprec_tens
                0x20012648       0xc8 c:/isis/application/toolchain/bin/../lib/gcc/arm-none-eabi/4.7.4/../../../../arm-none-eabi/lib\libc_s.a(lib_a-mprec.o)
                0x20012648                __mprec_tens
 .rodata.p05.5252
                0x20012710        0xc c:/isis/application/toolchain/bin/../lib/gcc/arm-none-eabi/4.7.4/../../../../arm-none-eabi/lib\libc_s.a(lib_a-mprec.o)
 *fill*         0x2001271c        0x4 00
 .rodata.__mprec_bigtens
                0x20012720       0x28 c:/isis/application/toolchain/bin/../lib/gcc/arm-none-eabi/4.7.4/../../../../arm-none-eabi/lib\libc_s.a(lib_a-mprec.o)
                0x20012720                __mprec_bigtens
 .rodata.str1.1
                0x00000000        0xa c:/isis/application/toolchain/bin/../lib/gcc/arm-none-eabi/4.7.4/../../../../arm-none-eabi/lib\libc_s.a(lib_a-strtod.o)
                                  0xc (size before relaxing)
 .rodata.tinytens
                0x20012748       0x28 c:/isis/application/toolchain/bin/../lib/gcc/arm-none-eabi/4.7.4/../../../../arm-none-eabi/lib\libc_s.a(lib_a-strtod.o)
 .rodata.str1.1
                0x20012770       0x11 c:/isis/application/toolchain/bin/../lib/gcc/arm-none-eabi/4.7.4/../../../../arm-none-eabi/lib\libc_s.a(lib_a-svfprintf.o)
 .rodata._ctype_
                0x20012781      0x101 c:/isis/application/toolchain/bin/../lib/gcc/arm-none-eabi/4.7.4/../../../../arm-none-eabi/lib\libc_s.a(lib_a-ctype_.o)
                0x20012781                _ctype_
 .rodata.str1.1
                0x20012882        0xb c:/isis/application/toolchain/bin/../lib/gcc/arm-none-eabi/4.7.4/../../../../arm-none-eabi/lib\libc_s.a(lib_a-gdtoa-gethex.o)
                                 0x19 (size before relaxing)
 .rodata.str1.1
                0x00000000        0x2 c:/isis/application/toolchain/bin/../lib/gcc/arm-none-eabi/4.7.4/../../../../arm-none-eabi/lib\libc_s.a(lib_a-impure.o)
 *fill*         0x2001288d        0x3 00
 .rodata._global_impure_ptr
                0x20012890        0x4 c:/isis/application/toolchain/bin/../lib/gcc/arm-none-eabi/4.7.4/../../../../arm-none-eabi/lib\libc_s.a(lib_a-impure.o)
                0x20012890                _global_impure_ptr
 .rodata.str1.1
                0x00000000       0x11 c:/isis/application/toolchain/bin/../lib/gcc/arm-none-eabi/4.7.4/../../../../arm-none-eabi/lib\libc_s.a(lib_a-vfprintf.o)
 .rodata.__sf_fake_stdin
                0x20012894       0x20 c:/isis/application/toolchain/bin/../lib/gcc/arm-none-eabi/4.7.4/../../../../arm-none-eabi/lib\libc_s.a(lib_a-findfp.o)
                0x20012894                __sf_fake_stdin
 .rodata.__sf_fake_stdout
                0x200128b4       0x20 c:/isis/application/toolchain/bin/../lib/gcc/arm-none-eabi/4.7.4/../../../../arm-none-eabi/lib\libc_s.a(lib_a-findfp.o)
                0x200128b4                __sf_fake_stdout
 .rodata.__sf_fake_stderr
                0x200128d4       0x20 c:/isis/application/toolchain/bin/../lib/gcc/arm-none-eabi/4.7.4/../../../../arm-none-eabi/lib\libc_s.a(lib_a-findfp.o)
                0x200128d4                __sf_fake_stderr
 *(.rodata.*)
 *(.glue_7)
 .glue_7        0x00000000        0x0 linker stubs
 *(.glue_7t)
 .glue_7t       0x00000000        0x0 linker stubs
 *(.vfp11_veneer)
 .vfp11_veneer  0x00000000        0x0 linker stubs
 *(.v4_bx)
 .v4_bx         0x00000000        0x0 linker stubs
 *(.data)
 .data          0x200128f4        0xc ./src/SubSystemModules/PowerManagment/EPS.o
                0x200128f4                eps_threshold_voltages
 .data          0x20012900       0x10 C:/ISIS/workspace/ycube/GlobusSatProject/..//hal/hal/lib\libHALD.a(FRAM.o)
 .data          0x20012910        0xc C:/ISIS/workspace/ycube/GlobusSatProject/..//hal/hal/lib\libHALD.a(SPI.o)
 .data          0x2001291c        0x4 C:/ISIS/workspace/ycube/GlobusSatProject/..//hal/freertos/lib\libFreeRTOSD.a(tasks.o)
 .data          0x20012920        0x4 C:/ISIS/workspace/ycube/GlobusSatProject/..//hal/freertos/lib\libFreeRTOSD.a(port.o)
                0x20012920                ulCriticalNesting
 *(.data.*)
 .data.lconv    0x20012924       0x38 c:/isis/application/toolchain/bin/../lib/gcc/arm-none-eabi/4.7.4/../../../../arm-none-eabi/lib\libc_s.a(lib_a-locale.o)
 .data.fpi.5208
                0x2001295c       0x14 c:/isis/application/toolchain/bin/../lib/gcc/arm-none-eabi/4.7.4/../../../../arm-none-eabi/lib\libc_s.a(lib_a-strtod.o)
 .data.fpinan.5244
                0x20012970       0x14 c:/isis/application/toolchain/bin/../lib/gcc/arm-none-eabi/4.7.4/../../../../arm-none-eabi/lib\libc_s.a(lib_a-strtod.o)
 .data.__ctype_ptr__
                0x20012984        0x4 c:/isis/application/toolchain/bin/../lib/gcc/arm-none-eabi/4.7.4/../../../../arm-none-eabi/lib\libc_s.a(lib_a-ctype_.o)
                0x20012984                __ctype_ptr__
 .data.impure_data
                0x20012988       0x64 c:/isis/application/toolchain/bin/../lib/gcc/arm-none-eabi/4.7.4/../../../../arm-none-eabi/lib\libc_s.a(lib_a-impure.o)
 .data._impure_ptr
                0x200129ec        0x4 c:/isis/application/toolchain/bin/../lib/gcc/arm-none-eabi/4.7.4/../../../../arm-none-eabi/lib\libc_s.a(lib_a-impure.o)
                0x200129ec                _impure_ptr
 *(.dyn)
 *(.iplt)
 .iplt          0x00000000        0x0 c:/isis/application/toolchain/bin/../lib/gcc/arm-none-eabi/4.7.4/../../../../arm-none-eabi/lib\libc_s.a(lib_a-vfprintf_float.o)
 *(.igot)
 *(.igot.plt)
 .igot.plt      0x00000000        0x0 c:/isis/application/toolchain/bin/../lib/gcc/arm-none-eabi/4.7.4/../../../../arm-none-eabi/lib\libc_s.a(lib_a-vfprintf_float.o)
 *(.rel.dyn)
 *(.rel.iplt)
 .rel.iplt      0x00000000        0x0 c:/isis/application/toolchain/bin/../lib/gcc/arm-none-eabi/4.7.4/../../../../arm-none-eabi/lib\libc_s.a(lib_a-vfprintf_float.o)
                0x200129f0                . = ALIGN (0x4)
                0x200129f0                _efixed = .

.ARM.exidx      0x200129f0        0x0
 *(.ARM.exidx)
                0x200129f0                _eexidx = .

.ARM.extab      0x200129f0        0x0
 *(.ARM.extab)
                0x200129f0                _eextab = .

.prerelocate    0x00000000        0x0 load address 0x200129f0
                0x00000000                . = ALIGN (0x4)
                0x00000000                _sprerelocate = .
                0x00000000                . = ALIGN (0x4)
                0x00000000                _eprerelocate = .

.postrelocate   0x00200000      0x330 load address 0x200129f0
                0x00200000                . = ALIGN (0x4)
                0x00200000                _spostrelocate = .
 *(.vectors)
 .vectors       0x00200000       0xd4 C:/ISIS/workspace/ycube/GlobusSatProject/..//hal/at91/lib\libAt91D.a(board_cstartup.o)
 *(.sramfunc)
 .sramfunc      0x002000d4       0x98 C:/ISIS/workspace/ycube/GlobusSatProject/..//hal/hal/lib\libHALD.a(WatchDogTimerNoOS.o)
                0x002000d4                WDT_kickEveryNcalls
                0x0020011c                WDT_forceKick
 .sramfunc      0x0020016c       0x50 C:/ISIS/workspace/ycube/GlobusSatProject/..//hal/hal/lib\libHALD.a(WatchDogTimerOS.o)
                0x0020016c                taskWatchdogKick
 .sramfunc      0x002001bc       0xf0 C:/ISIS/workspace/ycube/GlobusSatProject/..//hal/freertos/lib\libFreeRTOSD.a(port.o)
                0x002001bc                vPortTickISR
                0x002001f8                vPortYieldProcessor
 .sramfunc      0x002002ac       0x48 C:/ISIS/workspace/ycube/GlobusSatProject/..//hal/at91/lib\libAt91D.a(ExitHandler.o)
                0x002002ac                gracefulReset
 *fill*         0x002002f4        0x4 00
 .sramfunc.stub
                0x002002f8       0x38 linker stubs
 *(.ramfunc)
                0x00200330                . = ALIGN (0x4)
                0x00200330                _epostrelocate = .

.sramdata       0x00300000        0xc load address 0x20012d20
                0x00300000                . = ALIGN (0x4)
                0x00300000                _ssramdata = .
 *(.sramdata)
 .sramdata      0x00300000        0x4 C:/ISIS/workspace/ycube/GlobusSatProject/..//hal/hal/lib\libHALD.a(WatchDogTimerNoOS.o)
 .sramdata      0x00300004        0x8 C:/ISIS/workspace/ycube/GlobusSatProject/..//hal/hal/lib\libHALD.a(WatchDogTimerOS.o)
                0x0030000c                . = ALIGN (0x4)
                0x0030000c                _esramdata = .

.srambss        0x0030000c        0x0
                0x0030000c                . = ALIGN (0x4)
                0x0030000c                _ssrambss = .
 *(.srambss)
                0x0030000c                . = ALIGN (0x4)
                0x0030000c                _esrambss = .

.bss            0x200129f0      0x4bc
                0x200129f0                _szero = .
 *(.bss)
 .bss           0x200129f0        0x8 ./src/SubSystemModules/PowerManagment/EPS.o
                0x200129f0                prev_avg
                0x200129f4                alpha
 .bss           0x200129f8        0x4 ./src/SubSystemModules/PowerManagment/EPSOperationModes.o
                0x200129f8                g_low_volt_flag
 .bss           0x200129fc      0x214 C:/ISIS/workspace/ycube/GlobusSatProject/..//hal/hal/lib\libHALD.a(FRAM.o)
 .bss           0x20012c10       0x18 C:/ISIS/workspace/ycube/GlobusSatProject/..//hal/hal/lib\libHALD.a(Time.o)
 .bss           0x20012c28        0x8 C:/ISIS/workspace/ycube/GlobusSatProject/..//hal/hal/lib\libHALD.a(WatchDogTimerOS.o)
 .bss           0x20012c30       0x10 C:/ISIS/workspace/ycube/GlobusSatProject/..//hal/hal/lib\libHALD.a(LED.o)
 .bss           0x20012c40       0x50 C:/ISIS/workspace/ycube/GlobusSatProject/..//hal/hal/lib\libHALD.a(SPI.o)
 .bss           0x20012c90        0x8 C:/ISIS/workspace/satellite-subsystems/satellite-subsystems/lib\libSatelliteSubsystemsD.a(IsisEPS.o)
 .bss           0x20012c98        0x8 C:/ISIS/workspace/satellite-subsystems/satellite-subsystems/lib\libSatelliteSubsystemsD.a(IsisTRXVU.o)
 .bss           0x20012ca0       0xfc C:/ISIS/workspace/ycube/GlobusSatProject/..//hal/freertos/lib\libFreeRTOSD.a(tasks.o)
                0x20012ca0                pxCurrentTCB
 .bss           0x20012d9c        0x4 C:/ISIS/workspace/ycube/GlobusSatProject/..//hal/at91/lib\libAt91D.a(syscalls.o)
 *(.bss.*)
 .bss.__malloc_free_list
                0x20012da0        0x4 c:/isis/application/toolchain/bin/../lib/gcc/arm-none-eabi/4.7.4/../../../../arm-none-eabi/lib\libc_s.a(lib_a-mallocr.o)
                0x20012da0                __malloc_free_list
 *(COMMON)
 COMMON         0x20012da4      0x100 c:/isis/application/toolchain/bin/../lib/gcc/arm-none-eabi/4.7.4/../../../../arm-none-eabi/lib\libc_s.a(lib_a-gdtoa-gethex.o)
                0x20012da4                __hexdig
 COMMON         0x20012ea4        0x4 c:/isis/application/toolchain/bin/../lib/gcc/arm-none-eabi/4.7.4/../../../../arm-none-eabi/lib\libc_s.a(lib_a-reent.o)
                0x20012ea4                errno
 COMMON         0x20012ea8        0x2 ./src/SubSystemModules/PowerManagment/EPSOperationModes.o
                0x20012ea8                g_system_state
                0x20012ea9                state
 *(COMMON.*)
                0x20012eac                . = ALIGN (0x4)
 *fill*         0x20012eaa        0x2 00
                0x20012eac                _ezero = .
                0x20012eac                _sheap_ = .
                0x21700000                _eheap_ = 0x21700000
                0x21fffc00                _sstack = 0x21fffc00
                0x20012eac                end = .
OUTPUT(GlobusSatProject.elf elf32-littlearm)

.ARM.attributes
                0x00000000       0x30
 .ARM.attributes
                0x00000000       0x30 c:/isis/application/toolchain/bin/../lib/gcc/arm-none-eabi/4.7.4/../../../../arm-none-eabi/lib\libc_s.a(lib_a-vfprintf_float.o)
 .ARM.attributes
                0x00000030       0x30 c:/isis/application/toolchain/bin/../lib/gcc/arm-none-eabi/4.7.4/../../../../arm-none-eabi/lib\libc_s.a(lib_a-vfprintf_i.o)
 .ARM.attributes
                0x00000060       0x30 c:/isis/application/toolchain/bin/../lib/gcc/arm-none-eabi/4.7.4/../../../../arm-none-eabi/lib\libc_s.a(lib_a-vfscanf_float.o)
 .ARM.attributes
                0x00000090       0x30 c:/isis/application/toolchain/bin/../lib/gcc/arm-none-eabi/4.7.4/../../../../arm-none-eabi/lib\libc_s.a(lib_a-dtoa.o)
 .ARM.attributes
                0x000000c0       0x30 c:/isis/application/toolchain/bin/../lib/gcc/arm-none-eabi/4.7.4/../../../../arm-none-eabi/lib\libc_s.a(lib_a-locale.o)
 .ARM.attributes
                0x000000f0       0x30 c:/isis/application/toolchain/bin/../lib/gcc/arm-none-eabi/4.7.4/../../../../arm-none-eabi/lib\libc_s.a(lib_a-malloc.o)
 .ARM.attributes
                0x00000120       0x30 c:/isis/application/toolchain/bin/../lib/gcc/arm-none-eabi/4.7.4/../../../../arm-none-eabi/lib\libc_s.a(lib_a-mallocr.o)
 .ARM.attributes
                0x00000150       0x30 c:/isis/application/toolchain/bin/../lib/gcc/arm-none-eabi/4.7.4/../../../../arm-none-eabi/lib\libc_s.a(lib_a-memcpy.o)
 .ARM.attributes
                0x00000180       0x30 c:/isis/application/toolchain/bin/../lib/gcc/arm-none-eabi/4.7.4/../../../../arm-none-eabi/lib\libc_s.a(lib_a-mprec.o)
 .ARM.attributes
                0x000001b0       0x30 c:/isis/application/toolchain/bin/../lib/gcc/arm-none-eabi/4.7.4/../../../../arm-none-eabi/lib\libc_s.a(lib_a-s_fpclassify.o)
 .ARM.attributes
                0x000001e0       0x30 c:/isis/application/toolchain/bin/../lib/gcc/arm-none-eabi/4.7.4/../../../../arm-none-eabi/lib\libc_s.a(lib_a-sbrkr.o)
 .ARM.attributes
                0x00000210       0x30 c:/isis/application/toolchain/bin/../lib/gcc/arm-none-eabi/4.7.4/../../../../arm-none-eabi/lib\libc_s.a(lib_a-sf_nan.o)
 .ARM.attributes
                0x00000240       0x30 c:/isis/application/toolchain/bin/../lib/gcc/arm-none-eabi/4.7.4/../../../../arm-none-eabi/lib\libc_s.a(lib_a-sprintf.o)
 .ARM.attributes
                0x00000270       0x30 c:/isis/application/toolchain/bin/../lib/gcc/arm-none-eabi/4.7.4/../../../../arm-none-eabi/lib\libc_s.a(lib_a-strlen.o)
 .ARM.attributes
                0x000002a0       0x30 c:/isis/application/toolchain/bin/../lib/gcc/arm-none-eabi/4.7.4/../../../../arm-none-eabi/lib\libc_s.a(lib_a-strtod.o)
 .ARM.attributes
                0x000002d0       0x30 c:/isis/application/toolchain/bin/../lib/gcc/arm-none-eabi/4.7.4/../../../../arm-none-eabi/lib\libc_s.a(lib_a-strtol.o)
 .ARM.attributes
                0x00000300       0x30 c:/isis/application/toolchain/bin/../lib/gcc/arm-none-eabi/4.7.4/../../../../arm-none-eabi/lib\libc_s.a(lib_a-svfprintf.o)
 .ARM.attributes
                0x00000330       0x30 c:/isis/application/toolchain/bin/../lib/gcc/arm-none-eabi/4.7.4/../../../../arm-none-eabi/lib\libc_s.a(lib_a-callocr.o)
 .ARM.attributes
                0x00000360       0x30 c:/isis/application/toolchain/bin/../lib/gcc/arm-none-eabi/4.7.4/../../../../arm-none-eabi/lib\libc_s.a(lib_a-ctype_.o)
 .ARM.attributes
                0x00000390       0x30 c:/isis/application/toolchain/bin/../lib/gcc/arm-none-eabi/4.7.4/../../../../arm-none-eabi/lib\libc_s.a(lib_a-freer.o)
 .ARM.attributes
                0x000003c0       0x30 c:/isis/application/toolchain/bin/../lib/gcc/arm-none-eabi/4.7.4/../../../../arm-none-eabi/lib\libc_s.a(lib_a-gdtoa-gethex.o)
 .ARM.attributes
                0x000003f0       0x30 c:/isis/application/toolchain/bin/../lib/gcc/arm-none-eabi/4.7.4/../../../../arm-none-eabi/lib\libc_s.a(lib_a-gdtoa-hexnan.o)
 .ARM.attributes
                0x00000420       0x30 c:/isis/application/toolchain/bin/../lib/gcc/arm-none-eabi/4.7.4/../../../../arm-none-eabi/lib\libc_s.a(lib_a-impure.o)
 .ARM.attributes
                0x00000450       0x30 c:/isis/application/toolchain/bin/../lib/gcc/arm-none-eabi/4.7.4/../../../../arm-none-eabi/lib\libc_s.a(lib_a-memchr.o)
 .ARM.attributes
                0x00000480       0x30 c:/isis/application/toolchain/bin/../lib/gcc/arm-none-eabi/4.7.4/../../../../arm-none-eabi/lib\libc_s.a(lib_a-memset.o)
 .ARM.attributes
                0x000004b0       0x30 c:/isis/application/toolchain/bin/../lib/gcc/arm-none-eabi/4.7.4/../../../../arm-none-eabi/lib\libc_s.a(lib_a-reallocr.o)
 .ARM.attributes
                0x000004e0       0x30 c:/isis/application/toolchain/bin/../lib/gcc/arm-none-eabi/4.7.4/../../../../arm-none-eabi/lib\libc_s.a(lib_a-reent.o)
 .ARM.attributes
                0x00000510       0x30 c:/isis/application/toolchain/bin/../lib/gcc/arm-none-eabi/4.7.4/../../../../arm-none-eabi/lib\libc_s.a(lib_a-strncmp.o)
 .ARM.attributes
                0x00000540       0x30 c:/isis/application/toolchain/bin/../lib/gcc/arm-none-eabi/4.7.4/../../../../arm-none-eabi/lib\libc_s.a(lib_a-msizer.o)
 .ARM.attributes
                0x00000570       0x32 ./src/TestingDemos/CommandsTestingDemo.o
 .ARM.attributes
                0x000005a2       0x32 ./src/TestingDemos/EpsTestingDemo.o
 .ARM.attributes
                0x000005d4       0x32 ./src/TestingDemos/FileSystemTestingDemo.o
 .ARM.attributes
                0x00000606       0x32 ./src/TestingDemos/MainTest.o
 .ARM.attributes
                0x00000638       0x32 ./src/TestingDemos/MaintenanceTestingDemo.o
 .ARM.attributes
                0x0000066a       0x32 ./src/TestingDemos/TelemetryTestingDemo.o
 .ARM.attributes
                0x0000069c       0x32 ./src/TestingDemos/TrxvuTestingDemo.o
 .ARM.attributes
                0x000006ce       0x32 ./src/SubSystemModules/PowerManagment/EPS.o
 .ARM.attributes
                0x00000700       0x32 ./src/SubSystemModules/PowerManagment/EPSOperationModes.o
 .ARM.attributes
                0x00000732       0x32 ./src/SubSystemModules/Communication/AckHandler.o
 .ARM.attributes
                0x00000764       0x32 ./src/SubSystemModules/Communication/ActUponCommand.o
 .ARM.attributes
                0x00000796       0x32 ./src/SubSystemModules/Communication/SatCommandHandler.o
 .ARM.attributes
                0x000007c8       0x32 ./src/SubSystemModules/Communication/TRXVU.o
 .ARM.attributes
                0x000007fa       0x32 ./src/InitSystem.o
 .ARM.attributes
                0x0000082c       0x32 ./src/main.o
 .ARM.attributes
                0x0000085e       0x32 ./src/utils.o
 .ARM.attributes
                0x00000890       0x32 C:/ISIS/workspace/ycube/GlobusSatProject/..//hal/hal/lib\libHALD.a(FRAM.o)
 .ARM.attributes
                0x000008c2       0x32 C:/ISIS/workspace/ycube/GlobusSatProject/..//hal/hal/lib\libHALD.a(Time.o)
 .ARM.attributes
                0x000008f4       0x32 C:/ISIS/workspace/ycube/GlobusSatProject/..//hal/hal/lib\libHALD.a(WatchDogTimerNoOS.o)
 .ARM.attributes
                0x00000926       0x32 C:/ISIS/workspace/ycube/GlobusSatProject/..//hal/hal/lib\libHALD.a(WatchDogTimerOS.o)
 .ARM.attributes
                0x00000958       0x32 C:/ISIS/workspace/ycube/GlobusSatProject/..//hal/hal/lib\libHALD.a(util.o)
 .ARM.attributes
                0x0000098a       0x32 C:/ISIS/workspace/ycube/GlobusSatProject/..//hal/hal/lib\libHALD.a(LED.o)
 .ARM.attributes
                0x000009bc       0x32 C:/ISIS/workspace/ycube/GlobusSatProject/..//hal/hal/lib\libHALD.a(SPI.o)
 .ARM.attributes
                0x000009ee       0x32 C:/ISIS/workspace/satellite-subsystems/satellite-subsystems/lib\libSatelliteSubsystemsD.a(IsisEPS.o)
 .ARM.attributes
                0x00000a20       0x32 C:/ISIS/workspace/satellite-subsystems/satellite-subsystems/lib\libSatelliteSubsystemsD.a(IsisTRXVU.o)
 .ARM.attributes
                0x00000a52       0x32 C:/ISIS/workspace/satellite-subsystems/satellite-subsystems/lib\libSatelliteSubsystemsD.a(IsisTRXCommon.o)
 .ARM.attributes
                0x00000a84       0x32 C:/ISIS/workspace/ycube/GlobusSatProject/..//hal/freertos/lib\libFreeRTOSD.a(queue.o)
 .ARM.attributes
                0x00000ab6       0x32 C:/ISIS/workspace/ycube/GlobusSatProject/..//hal/freertos/lib\libFreeRTOSD.a(tasks.o)
 .ARM.attributes
                0x00000ae8       0x32 C:/ISIS/workspace/ycube/GlobusSatProject/..//hal/freertos/lib\libFreeRTOSD.a(hooks.o)
 .ARM.attributes
                0x00000b1a       0x32 C:/ISIS/workspace/ycube/GlobusSatProject/..//hal/freertos/lib\libFreeRTOSD.a(standardMemMang.o)
 .ARM.attributes
                0x00000b4c       0x32 C:/ISIS/workspace/ycube/GlobusSatProject/..//hal/freertos/lib\libFreeRTOSD.a(port.o)
 .ARM.attributes
                0x00000b7e       0x32 C:/ISIS/workspace/ycube/GlobusSatProject/..//hal/freertos/lib\libFreeRTOSD.a(list.o)
 .ARM.attributes
                0x00000bb0       0x32 C:/ISIS/workspace/ycube/GlobusSatProject/..//hal/at91/lib\libAt91D.a(syscalls.o)
 .ARM.attributes
                0x00000be2       0x32 C:/ISIS/workspace/ycube/GlobusSatProject/..//hal/at91/lib\libAt91D.a(aic.o)
 .ARM.attributes
                0x00000c14       0x32 C:/ISIS/workspace/ycube/GlobusSatProject/..//hal/at91/lib\libAt91D.a(cp15.o)
 .ARM.attributes
                0x00000c46       0x32 C:/ISIS/workspace/ycube/GlobusSatProject/..//hal/at91/lib\libAt91D.a(dbgu.o)
 .ARM.attributes
                0x00000c78       0x32 C:/ISIS/workspace/ycube/GlobusSatProject/..//hal/at91/lib\libAt91D.a(pio.o)
 .ARM.attributes
                0x00000caa       0x32 C:/ISIS/workspace/ycube/GlobusSatProject/..//hal/at91/lib\libAt91D.a(pit.o)
 .ARM.attributes
                0x00000cdc       0x32 C:/ISIS/workspace/ycube/GlobusSatProject/..//hal/at91/lib\libAt91D.a(ExitHandler.o)
 .ARM.attributes
                0x00000d0e       0x22 C:/ISIS/workspace/ycube/GlobusSatProject/..//hal/at91/lib\libAt91D.a(board_cstartup.o)
 .ARM.attributes
                0x00000d30       0x22 C:/ISIS/workspace/ycube/GlobusSatProject/..//hal/at91/lib\libAt91D.a(cp15_asm.o)
 .ARM.attributes
                0x00000d52       0x32 C:/ISIS/workspace/ycube/GlobusSatProject/..//hal/at91/lib\libAt91D.a(board_lowlevel.o)
 .ARM.attributes
                0x00000d84       0x32 C:/ISIS/workspace/ycube/GlobusSatProject/..//hal/at91/lib\libAt91D.a(board_memories.o)
 .ARM.attributes
                0x00000db6       0x18 c:/isis/application/toolchain/bin/../lib/gcc/arm-none-eabi/4.7.4\libgcc.a(_udivsi3.o)
 .ARM.attributes
                0x00000dce       0x18 c:/isis/application/toolchain/bin/../lib/gcc/arm-none-eabi/4.7.4\libgcc.a(_divsi3.o)
 .ARM.attributes
                0x00000de6       0x18 c:/isis/application/toolchain/bin/../lib/gcc/arm-none-eabi/4.7.4\libgcc.a(_dvmd_tls.o)
 .ARM.attributes
                0x00000dfe       0x18 c:/isis/application/toolchain/bin/../lib/gcc/arm-none-eabi/4.7.4\libgcc.a(_arm_addsubdf3.o)
 .ARM.attributes
                0x00000e16       0x18 c:/isis/application/toolchain/bin/../lib/gcc/arm-none-eabi/4.7.4\libgcc.a(_arm_muldivdf3.o)
 .ARM.attributes
                0x00000e2e       0x18 c:/isis/application/toolchain/bin/../lib/gcc/arm-none-eabi/4.7.4\libgcc.a(_arm_cmpdf2.o)
 .ARM.attributes
                0x00000e46       0x18 c:/isis/application/toolchain/bin/../lib/gcc/arm-none-eabi/4.7.4\libgcc.a(_arm_fixdfsi.o)
 .ARM.attributes
                0x00000e5e       0x18 c:/isis/application/toolchain/bin/../lib/gcc/arm-none-eabi/4.7.4\libgcc.a(_arm_fixunsdfsi.o)
 .ARM.attributes
                0x00000e76       0x18 c:/isis/application/toolchain/bin/../lib/gcc/arm-none-eabi/4.7.4\libgcc.a(_arm_truncdfsf2.o)
 .ARM.attributes
                0x00000e8e       0x18 c:/isis/application/toolchain/bin/../lib/gcc/arm-none-eabi/4.7.4\libgcc.a(_arm_addsubsf3.o)
 .ARM.attributes
                0x00000ea6       0x18 c:/isis/application/toolchain/bin/../lib/gcc/arm-none-eabi/4.7.4\libgcc.a(_arm_muldivsf3.o)
 .ARM.attributes
                0x00000ebe       0x18 c:/isis/application/toolchain/bin/../lib/gcc/arm-none-eabi/4.7.4\libgcc.a(_arm_cmpsf2.o)
 .ARM.attributes
                0x00000ed6       0x18 c:/isis/application/toolchain/bin/../lib/gcc/arm-none-eabi/4.7.4\libgcc.a(_arm_fixunssfsi.o)
 .ARM.attributes
                0x00000eee       0x30 c:/isis/application/toolchain/bin/../lib/gcc/arm-none-eabi/4.7.4/../../../../arm-none-eabi/lib\libc_s.a(lib_a-errno.o)
 .ARM.attributes
                0x00000f1e       0x30 c:/isis/application/toolchain/bin/../lib/gcc/arm-none-eabi/4.7.4/../../../../arm-none-eabi/lib\libc_s.a(lib_a-printf.o)
 .ARM.attributes
                0x00000f4e       0x30 c:/isis/application/toolchain/bin/../lib/gcc/arm-none-eabi/4.7.4/../../../../arm-none-eabi/lib\libc_s.a(lib_a-puts.o)
 .ARM.attributes
                0x00000f7e       0x30 c:/isis/application/toolchain/bin/../lib/gcc/arm-none-eabi/4.7.4/../../../../arm-none-eabi/lib\libc_s.a(lib_a-vfprintf.o)
 .ARM.attributes
                0x00000fae       0x30 c:/isis/application/toolchain/bin/../lib/gcc/arm-none-eabi/4.7.4/../../../../arm-none-eabi/lib\libc_s.a(lib_a-wbuf.o)
 .ARM.attributes
                0x00000fde       0x30 c:/isis/application/toolchain/bin/../lib/gcc/arm-none-eabi/4.7.4/../../../../arm-none-eabi/lib\libc_s.a(lib_a-wsetup.o)
 .ARM.attributes
                0x0000100e       0x30 c:/isis/application/toolchain/bin/../lib/gcc/arm-none-eabi/4.7.4/../../../../arm-none-eabi/lib\libc_s.a(lib_a-fflush.o)
 .ARM.attributes
                0x0000103e       0x30 c:/isis/application/toolchain/bin/../lib/gcc/arm-none-eabi/4.7.4/../../../../arm-none-eabi/lib\libc_s.a(lib_a-findfp.o)
 .ARM.attributes
                0x0000106e       0x30 c:/isis/application/toolchain/bin/../lib/gcc/arm-none-eabi/4.7.4/../../../../arm-none-eabi/lib\libc_s.a(lib_a-makebuf.o)
 .ARM.attributes
                0x0000109e       0x30 c:/isis/application/toolchain/bin/../lib/gcc/arm-none-eabi/4.7.4/../../../../arm-none-eabi/lib\libc_s.a(lib_a-putc.o)
 .ARM.attributes
                0x000010ce       0x30 c:/isis/application/toolchain/bin/../lib/gcc/arm-none-eabi/4.7.4/../../../../arm-none-eabi/lib\libc_s.a(lib_a-stdio.o)
 .ARM.attributes
                0x000010fe       0x30 c:/isis/application/toolchain/bin/../lib/gcc/arm-none-eabi/4.7.4/../../../../arm-none-eabi/lib\libc_s.a(lib_a-writer.o)
 .ARM.attributes
                0x0000112e       0x30 c:/isis/application/toolchain/bin/../lib/gcc/arm-none-eabi/4.7.4/../../../../arm-none-eabi/lib\libc_s.a(lib_a-closer.o)
 .ARM.attributes
                0x0000115e       0x30 c:/isis/application/toolchain/bin/../lib/gcc/arm-none-eabi/4.7.4/../../../../arm-none-eabi/lib\libc_s.a(lib_a-fstatr.o)
 .ARM.attributes
                0x0000118e       0x30 c:/isis/application/toolchain/bin/../lib/gcc/arm-none-eabi/4.7.4/../../../../arm-none-eabi/lib\libc_s.a(lib_a-isattyr.o)
 .ARM.attributes
                0x000011be       0x30 c:/isis/application/toolchain/bin/../lib/gcc/arm-none-eabi/4.7.4/../../../../arm-none-eabi/lib\libc_s.a(lib_a-lseekr.o)
 .ARM.attributes
                0x000011ee       0x30 c:/isis/application/toolchain/bin/../lib/gcc/arm-none-eabi/4.7.4/../../../../arm-none-eabi/lib\libc_s.a(lib_a-readr.o)

.comment        0x00000000       0x70
 .comment       0x00000000       0x70 ./src/TestingDemos/CommandsTestingDemo.o
                                 0x71 (size before relaxing)
 .comment       0x00000000       0x71 ./src/TestingDemos/EpsTestingDemo.o