Archive member included because of file (symbol)

C:/ISIS/workspace/ycube/GlobusSatProject/..//hal/hal/lib\libHALD.a(SPI.o)
                              ./src/InitSystem.o (SPI_start)
C:/ISIS/workspace/ycube/GlobusSatProject/..//hal/hal/lib\libHALD.a(I2C.o)
                              ./src/SubSystemModules/Payload/payload_drivers.o (I2C_write)
C:/ISIS/workspace/ycube/GlobusSatProject/..//hal/hal/lib\libHALD.a(ADC.o)
                              ./src/SubSystemModules/Housekepping/TelemetryCollector.o (ADC_ConvertRaw10bitToMillivolt)
C:/ISIS/workspace/ycube/GlobusSatProject/..//hal/hal/lib\libHALD.a(FRAM.o)
                              ./src/SubSystemModules/Communication/SubsystemCommands/Maintanence_Commands.o (FRAM_start)
C:/ISIS/workspace/ycube/GlobusSatProject/..//hal/hal/lib\libHALD.a(Time.o)
                              ./src/InitSystem.o (Time_start)
C:/ISIS/workspace/ycube/GlobusSatProject/..//hal/hal/lib\libHALD.a(WatchDogTimerNoOS.o)
                              ./src/main.o (WDT_start)
C:/ISIS/workspace/ycube/GlobusSatProject/..//hal/hal/lib\libHALD.a(RTT.o)
                              C:/ISIS/workspace/ycube/GlobusSatProject/..//hal/hal/lib\libHALD.a(Time.o) (RTT_start)
C:/ISIS/workspace/ycube/GlobusSatProject/..//hal/hal/lib\libHALD.a(RTC.o)
                              C:/ISIS/workspace/ycube/GlobusSatProject/..//hal/hal/lib\libHALD.a(Time.o) (RTC_getTime)
C:/ISIS/workspace/ycube/GlobusSatProject/..//hal/hal/lib\libHALD.a(WatchDogTimerOS.o)
                              ./src/TestingDemos/MainTest.o (WDT_startWatchdogKickTask)
C:/ISIS/workspace/ycube/GlobusSatProject/..//hal/hal/lib\libHALD.a(fprintf.o)
                              ./src/TLM_management.o (f_puts)
C:/ISIS/workspace/ycube/GlobusSatProject/..//hal/hal/lib\libHALD.a(util.o)
                              ./src/TestingDemos/CommandsTestingDemo.o (UTIL_DbguGetIntegerMinMax)
C:/ISIS/workspace/ycube/GlobusSatProject/..//hal/hal/lib\libHALD.a(LED.o)
                              C:/ISIS/workspace/ycube/GlobusSatProject/..//hal/hal/lib\libHALD.a(WatchDogTimerOS.o) (LED_toggle)
C:/ISIS/workspace/ycube/GlobusSatProject/..//hal/hcc/lib\libHCCD.a(fat_m.o)
                              ./src/TLM_management.o (fm_initvolume)
C:/ISIS/workspace/ycube/GlobusSatProject/..//hal/hcc/lib\libHCCD.a(fat.o)
                              C:/ISIS/workspace/ycube/GlobusSatProject/..//hal/hcc/lib\libHCCD.a(fat_m.o) (fn_getdcwd)
C:/ISIS/workspace/ycube/GlobusSatProject/..//hal/hcc/lib\libHCCD.a(fat_common.o)
                              C:/ISIS/workspace/ycube/GlobusSatProject/..//hal/hcc/lib\libHCCD.a(fat.o) (p_filesystem)
C:/ISIS/workspace/ycube/GlobusSatProject/..//hal/hcc/lib\libHCCD.a(safefat.o)
                              C:/ISIS/workspace/ycube/GlobusSatProject/..//hal/hcc/lib\libHCCD.a(fat.o) (s_subdir)
C:/ISIS/workspace/ycube/GlobusSatProject/..//hal/hcc/lib\libHCCD.a(atmel_mcipdc.o)
                              ./src/TLM_management.o (atmel_mcipdc_initfunc)
C:/ISIS/workspace/ycube/GlobusSatProject/..//hal/hcc/lib\libHCCD.a(oalp_task.o)
                              C:/ISIS/workspace/ycube/GlobusSatProject/..//hal/hcc/lib\libHCCD.a(fat_common.o) (oal_task_get_id)
C:/ISIS/workspace/ycube/GlobusSatProject/..//hal/hcc/lib\libHCCD.a(oalp_mutex.o)
                              C:/ISIS/workspace/ycube/GlobusSatProject/..//hal/hcc/lib\libHCCD.a(fat_common.o) (oal_mutex_create)
C:/ISIS/workspace/ycube/GlobusSatProject/..//hal/hcc/lib\libHCCD.a(atmel_mcipdc_hw.o)
                              C:/ISIS/workspace/ycube/GlobusSatProject/..//hal/hcc/lib\libHCCD.a(atmel_mcipdc.o) (mcipdc_hw_init)
C:/ISIS/workspace/ycube/GlobusSatProject/..//hal/hcc/lib\libHCCD.a(psp_rand.o)
                              C:/ISIS/workspace/ycube/GlobusSatProject/..//hal/hcc/lib\libHCCD.a(fat_common.o) (psp_getrand)
C:/ISIS/workspace/ycube/GlobusSatProject/..//hal/hcc/lib\libHCCD.a(psp_rtc.o)
                              C:/ISIS/workspace/ycube/GlobusSatProject/..//hal/hcc/lib\libHCCD.a(fat_common.o) (psp_getcurrenttimedate)
C:/ISIS/workspace/ycube/GlobusSatProject/..//hal/hcc/lib\libHCCD.a(hcc_mem.o)
                              C:/ISIS/workspace/ycube/GlobusSatProject/..//hal/hcc/lib\libHCCD.a(atmel_mcipdc.o) (hcc_mem_alloc)
C:/ISIS/workspace/ycube/GlobusSatProject/..//hal/hcc/lib\libHCCD.a(psp_hcc_mem.o)
                              C:/ISIS/workspace/ycube/GlobusSatProject/..//hal/hcc/lib\libHCCD.a(hcc_mem.o) (hcc_mem_buf_alloc)
C:/ISIS/workspace/ycube/GlobusSatProject/..//satellite-subsystems/satellite-subsystems/lib\libSatelliteSubsystemsD.a(IsisSolarPanelv2.o)
                              ./src/SubSystemModules/PowerManagment/EPS.o (IsisSolarPanelv2_initialize)
C:/ISIS/workspace/ycube/GlobusSatProject/..//satellite-subsystems/satellite-subsystems/lib\libSatelliteSubsystemsD.a(isis_ants.o)
                              ./src/SubSystemModules/Communication/TRXVU.o (ISIS_ANTS_Init)
[...]
Memory Configuration

Name             Origin             Length             Attributes
sram0            0x00200000         0x00004000         w !xr
sram1            0x00300000         0x00004000         w !xr
sdram            0x20000000         0x02000000         w !xr
*default*        0x00000000         0xffffffff

Linker script and memory map

LOAD c:/isis/application/toolchain/bin/../lib/gcc/arm-none-eabi/4.7.4/../../../../arm-none-eabi/lib\libc.a
LOAD ./src/TestingDemos/CommandsTestingDemo.o
LOAD ./src/TestingDemos/EpsTestingDemo.o
LOAD ./src/TestingDemos/FileSystemTestingDemo.o
LOAD ./src/TestingDemos/MainTest.o
LOAD ./src/TestingDemos/MaintenanceTestingDemo.o
LOAD ./src/TestingDemos/TelemetryTestingDemo.o
LOAD ./src/TestingDemos/TrxvuTestingDemo.o
LOAD ./src/SubSystemModules/PowerManagment/EPS.o
LOAD ./src/SubSystemModules/PowerManagment/EPSOperationModes.o
LOAD ./src/SubSystemModules/Payload/payload_drivers.o
LOAD ./src/SubSystemModules/Maintenance/Maintenance.o
LOAD ./src/SubSystemModules/Housekepping/NamesLogic.o
LOAD ./src/SubSystemModules/Housekepping/RAMTelemetry.o
LOAD ./src/SubSystemModules/Housekepping/TelemetryCollector.o
LOAD ./src/SubSystemModules/Communication/SubsystemCommands/EPS_Commands.o
LOAD ./src/SubSystemModules/Communication/SubsystemCommands/FS_Commands.o
LOAD ./src/SubSystemModules/Communication/SubsystemCommands/Maintanence_Commands.o
LOAD ./src/SubSystemModules/Communication/SubsystemCommands/TRXVU_Commands.o
LOAD ./src/SubSystemModules/Communication/AckHandler.o
LOAD ./src/SubSystemModules/Communication/CommandDictionary.o
LOAD ./src/SubSystemModules/Communication/HashSecuredCMD.o
LOAD ./src/SubSystemModules/Communication/SatCommandHandler.o
LOAD ./src/SubSystemModules/Communication/TRXVU.o
LOAD ./src/InitSystem.o
LOAD ./src/TLM_management.o
LOAD ./src/main.o
LOAD ./src/utils.o
LOAD C:/ISIS/workspace/ycube/GlobusSatProject/..//hal/hal/lib\libHALD.a
LOAD C:/ISIS/workspace/ycube/GlobusSatProject/..//hal/hcc/lib\libHCCD.a
LOAD C:/ISIS/workspace/ycube/GlobusSatProject/..//satellite-subsystems/satellite-subsystems/lib\libSatelliteSubsystemsD.a
LOAD C:/ISIS/workspace/ycube/GlobusSatProject/..//hal/freertos/lib\libFreeRTOSD.a
LOAD C:/ISIS/workspace/ycube/GlobusSatProject/..//hal/at91/lib\libAt91D.a
START GROUP
LOAD c:/isis/application/toolchain/bin/../lib/gcc/arm-none-eabi/4.7.4\libgcc.a
LOAD c:/isis/application/toolchain/bin/../lib/gcc/arm-none-eabi/4.7.4/../../../../arm-none-eabi/lib\libg.a
LOAD c:/isis/application/toolchain/bin/../lib/gcc/arm-none-eabi/4.7.4/../../../../arm-none-eabi/lib\libc.a
END GROUP

.fixed          0x20000000    0x4e3f8
                0x20000000                . = ALIGN (0x4)
                0x20000000                _sfixed = .
 *(.startup)
 .startup       0x20000000      0x184 C:/ISIS/workspace/ycube/GlobusSatProject/..//hal/at91/lib\libAt91D.a(board_cstartup.o)
                0x20000000                entry
 *(.text)
 .text          0x20000184       0x64 C:/ISIS/workspace/ycube/GlobusSatProject/..//hal/at91/lib\libAt91D.a(cp15_asm.o)
                0x20000184                _readControlRegister
                0x20000190                _writeControlRegister
                0x20000198                _waitForInterrupt
                0x200001a4                _writeTTB
                0x200001ac                _writeDomain
                0x200001b4                _writeITLBLockdown
                0x200001bc                _prefetchICacheLine
                0x200001c4                _flushDCache
                0x200001d0                _flushWriteBuffer
                0x200001dc                _invalidateIDTLBs
 .text          0x200001e8      0x114 c:/isis/application/toolchain/bin/../lib/gcc/arm-none-eabi/4.7.4\libgcc.a(_udivsi3.o)
                0x200001e8                __aeabi_uidiv
                0x200001e8                __udivsi3
                0x200002dc                __aeabi_uidivmod
 .text          0x200002fc      0x148 c:/isis/application/toolchain/bin/../lib/gcc/arm-none-eabi/4.7.4\libgcc.a(_divsi3.o)
                0x200002fc                __divsi3
                0x200002fc                __aeabi_idiv
                0x20000424                __aeabi_idivmod
 .text          0x20000444        0x4 c:/isis/application/toolchain/bin/../lib/gcc/arm-none-eabi/4.7.4\libgcc.a(_dvmd_tls.o)
                0x20000444                __aeabi_idiv0
                0x20000444                __aeabi_ldiv0
 .text          0x20000448      0x41c c:/isis/application/toolchain/bin/../lib/gcc/arm-none-eabi/4.7.4\libgcc.a(_arm_addsubdf3.o)
                0x20000448                __aeabi_drsub
                0x20000450                __aeabi_dsub
                0x20000450                __subdf3
                0x20000454                __aeabi_dadd
                0x20000454                __adddf3
                0x20000764                __floatunsidf
                0x20000764                __aeabi_ui2d
                0x20000788                __floatsidf
                0x20000788                __aeabi_i2d
                0x200007b0                __aeabi_f2d
                0x200007b0                __extendsfdf2
                0x200007f0                __floatundidf
                0x200007f0                __aeabi_ul2d
                0x20000804                __floatdidf
                0x20000804                __aeabi_l2d
 .text          0x20000864      0x49c c:/isis/application/toolchain/bin/../lib/gcc/arm-none-eabi/4.7.4\libgcc.a(_arm_muldivdf3.o)
                0x20000864                __aeabi_dmul
                0x20000864                __muldf3
                0x20000af4                __divdf3
                0x20000af4                __aeabi_ddiv
 .text          0x20000d00      0x2ac c:/isis/application/toolchain/bin/../lib/gcc/arm-none-eabi/4.7.4\libgcc.a(_arm_addsubsf3.o)
                0x20000d00                __aeabi_frsub
                0x20000d08                __subsf3
                0x20000d08                __aeabi_fsub
                0x20000d0c                __aeabi_fadd
                0x20000d0c                __addsf3
                0x20000ec8                __aeabi_ui2f
                0x20000ec8                __floatunsisf
                0x20000ed0                __aeabi_i2f
                0x20000ed0                __floatsisf
                0x20000ef0                __aeabi_ul2f
                0x20000ef0                __floatundisf
                0x20000f00                __aeabi_l2f
                0x20000f00                __floatdisf
 .text          0x20000fac      0x2f8 c:/isis/application/toolchain/bin/../lib/gcc/arm-none-eabi/4.7.4\libgcc.a(_arm_muldivsf3.o)
                0x20000fac                __mulsf3
                0x20000fac                __aeabi_fmul
                0x20001144                __aeabi_fdiv
                0x20001144                __divsf3
 .text          0x200012a4      0x114 c:/isis/application/toolchain/bin/../lib/gcc/arm-none-eabi/4.7.4\libgcc.a(_arm_cmpsf2.o)
                0x200012a4                __gesf2
                0x200012a4                __gtsf2
                0x200012ac                __lesf2
                0x200012ac                __ltsf2
                0x200012b4                __nesf2
                0x200012b4                __eqsf2
                0x200012b4                __cmpsf2
                0x20001318                __aeabi_cfrcmple
                0x20001328                __aeabi_cfcmpeq
                0x20001328                __aeabi_cfcmple
                0x20001340                __aeabi_fcmpeq
                0x20001358                __aeabi_fcmplt
                0x20001370                __aeabi_fcmple
                0x20001388                __aeabi_fcmpge
                0x200013a0                __aeabi_fcmpgt
 .text          0x200013b8       0x54 c:/isis/application/toolchain/bin/../lib/gcc/arm-none-eabi/4.7.4\libgcc.a(_arm_fixunssfsi.o)
                0x200013b8                __fixunssfsi
                0x200013b8                __aeabi_f2uiz
 .text          0x2000140c      0x144 c:/isis/application/toolchain/bin/../lib/gcc/arm-none-eabi/4.7.4\libgcc.a(_arm_cmpdf2.o)
                0x2000140c                __gtdf2
                0x2000140c                __gedf2
                0x20001414                __ltdf2
                0x20001414                __ledf2
                0x2000141c                __nedf2
                0x2000141c                __eqdf2
                0x2000141c                __cmpdf2
                0x200014a4                __aeabi_cdrcmple
                0x200014c0                __aeabi_cdcmpeq
                0x200014c0                __aeabi_cdcmple
                0x200014d8                __aeabi_dcmpeq
                0x200014f0                __aeabi_dcmplt
                0x20001508                __aeabi_dcmple
                0x20001520                __aeabi_dcmpge
                0x20001538                __aeabi_dcmpgt
 .text          0x20001550       0x5c c:/isis/application/toolchain/bin/../lib/gcc/arm-none-eabi/4.7.4\libgcc.a(_arm_fixdfsi.o)
                0x20001550                __aeabi_d2iz
                0x20001550                __fixdfsi
 .text          0x200015ac       0x3c c:/isis/application/toolchain/bin/../lib/gcc/arm-none-eabi/4.7.4\libgcc.a(_aeabi_uldivmod.o)
                0x200015ac                __aeabi_uldivmod
 .text          0x200015e8       0x84 c:/isis/application/toolchain/bin/../lib/gcc/arm-none-eabi/4.7.4\libgcc.a(bpabi.o)
                0x200015e8                __gnu_ldivmod_helper
                0x2000162c                __gnu_uldivmod_helper
 .text          0x2000166c      0x4f0 c:/isis/application/toolchain/bin/../lib/gcc/arm-none-eabi/4.7.4\libgcc.a(_divdi3.o)
                0x2000166c                __divdi3
 .text          0x20001b5c      0x488 c:/isis/application/toolchain/bin/../lib/gcc/arm-none-eabi/4.7.4\libgcc.a(_udivdi3.o)
                0x20001b5c                __udivdi3
 .text          0x20001fe4       0x48 c:/isis/application/toolchain/bin/../lib/gcc/arm-none-eabi/4.7.4\libgcc.a(_clzsi2.o)
                0x20001fe4                __clzsi2
 *(.text*)
 .text.GetBatteryVoltage
                0x2000202c       0x78 ./src/SubSystemModules/PowerManagment/EPS.o
                0x2000202c                GetBatteryVoltage
 .text.EPS_Init
                0x200020a4      0x13c ./src/SubSystemModules/PowerManagment/EPS.o
                0x200020a4                EPS_Init
 .text.EPS_Conditioning
                0x200021e0      0x1e4 ./src/SubSystemModules/PowerManagment/EPS.o
                0x200021e0                EPS_Conditioning
 .text.UpdateAlpha
                0x200023c4       0xd8 ./src/SubSystemModules/PowerManagment/EPS.o
                0x200023c4                UpdateAlpha
 .text.GetThresholdVoltages
                0x2000249c       0x80 ./src/SubSystemModules/PowerManagment/EPS.o
                0x2000249c                GetThresholdVoltages
 .text.GetAlpha
                0x2000251c       0x7c ./src/SubSystemModules/PowerManagment/EPS.o
                0x2000251c                GetAlpha
 .text.CMDGetHeaterValues
                0x20002598      0x1f8 ./src/SubSystemModules/PowerManagment/EPS.o
                0x20002598                CMDGetHeaterValues
 .text.CMDSetHeaterValues
                0x20002790      0x204 ./src/SubSystemModules/PowerManagment/EPS.o
                0x20002790                CMDSetHeaterValues
 .text.EnterFullMode
                0x20002994       0x38 ./src/SubSystemModules/PowerManagment/EPSOperationModes.o
                0x20002994                EnterFullMode
 .text.EnterCruiseMode
                0x200029cc       0x34 ./src/SubSystemModules/PowerManagment/EPSOperationModes.o
                0x200029cc                EnterCruiseMode
 .text.EnterSafeMode
                0x20002a00       0x3c ./src/SubSystemModules/PowerManagment/EPSOperationModes.o
                0x20002a00                EnterSafeMode
 .text.EnterCriticalMode
                0x20002a3c       0x3c ./src/SubSystemModules/PowerManagment/EPSOperationModes.o
                0x20002a3c                EnterCriticalMode
 .text.PayloadOperations
                0x20002a78      0x1a4 ./src/SubSystemModules/PowerManagment/EPSOperationModes.o
                0x20002a78                PayloadOperations
 .text.Payload_Safety
                0x20002c1c       0xc8 ./src/SubSystemModules/PowerManagment/EPSOperationModes.o
                0x20002c1c                Payload_Safety
 .text.Payload_Safety_IN_Maintenance
                0x20002ce4       0x60 ./src/SubSystemModules/PowerManagment/EPSOperationModes.o
                0x20002ce4                Payload_Safety_IN_Maintenance
 .text.DoesPayloadChannelOn
                0x20002d44       0xa4 ./src/SubSystemModules/PowerManagment/EPSOperationModes.o
                0x20002d44                DoesPayloadChannelOn
 .text.GetSystemState
                0x20002de8       0x24 ./src/SubSystemModules/PowerManagment/EPSOperationModes.o
                0x20002de8                GetSystemState
 .text.EpsGetLowVoltageFlag
                0x20002e0c       0x24 ./src/SubSystemModules/PowerManagment/EPSOperationModes.o
                0x20002e0c                EpsGetLowVoltageFlag
 .text.EpsSetLowVoltageFlag
                0x20002e30       0x2c ./src/SubSystemModules/PowerManagment/EPSOperationModes.o
                0x20002e30                EpsSetLowVoltageFlag
 .text.payloadRead
                0x20002e5c       0xbc ./src/SubSystemModules/Payload/payload_drivers.o
                0x20002e5c                payloadRead
 .text.payloadSendCommand
                0x20002f18       0x70 ./src/SubSystemModules/Payload/payload_drivers.o
                0x20002f18                payloadSendCommand
 .text.payloadReadEnvironment
                0x20002f88      0x2d0 ./src/SubSystemModules/Payload/payload_drivers.o
                0x20002f88                payloadReadEnvironment
 .text.payloadReadEvents
                0x20003258      0x1e8 ./src/SubSystemModules/Payload/payload_drivers.o
                0x20003258                payloadReadEvents
 .text.CheckExecutionTime
                0x20003440       0x80 ./src/SubSystemModules/Maintenance/Maintenance.o
                0x20003440                CheckExecutionTime
 .text.SaveSatTimeInFRAM
                0x200034c0       0x44 ./src/SubSystemModules/Maintenance/Maintenance.o
                0x200034c0                SaveSatTimeInFRAM
 .text.WakeupFromResetCMD
                0x20003504      0x120 ./src/SubSystemModules/Maintenance/Maintenance.o
                0x20003504                WakeupFromResetCMD
 .text.ResetGroundCommWDT
                0x20003624       0x1c ./src/SubSystemModules/Maintenance/Maintenance.o
                0x20003624                ResetGroundCommWDT
 .text.IsGroundCommunicationWDTKick
                0x20003640       0x78 ./src/SubSystemModules/Maintenance/Maintenance.o
                0x20003640                IsGroundCommunicationWDTKick
 .text.GetGsWdtKickTime
                0x200036b8       0x38 ./src/SubSystemModules/Maintenance/Maintenance.o
                0x200036b8                GetGsWdtKickTime
 .text.findMinMaxDate
                0x200036f0       0xdc ./src/SubSystemModules/Maintenance/Maintenance.o
                0x200036f0                findMinMaxDate
 .text.DeleteOldFiels
                0x200037cc       0xf0 ./src/SubSystemModules/Maintenance/Maintenance.o
                0x200037cc                DeleteOldFiels
 .text.CheckDeployAnt
                0x200038bc       0x84 ./src/SubSystemModules/Maintenance/Maintenance.o
                0x200038bc                CheckDeployAnt
 .text.HardResetMCU
                0x20003940       0x3c ./src/SubSystemModules/Maintenance/Maintenance.o
                0x20003940                HardResetMCU
 .text.Maintenance
                0x2000397c       0xcc ./src/SubSystemModules/Maintenance/Maintenance.o
                0x2000397c                Maintenance
 .text.GetRandomName
                0x20003a48       0x7c ./src/SubSystemModules/Housekepping/NamesLogic.o
                0x20003a48                GetRandomName
 .text.ResetRamTlm
                0x20003ac4       0xe4 ./src/SubSystemModules/Housekepping/RAMTelemetry.o
                0x20003ac4                ResetRamTlm
 .text.inc      0x20003ba8       0x4c ./src/SubSystemModules/Housekepping/RAMTelemetry.o
                0x20003ba8                inc
 .text.dec      0x20003bf4       0x48 ./src/SubSystemModules/Housekepping/RAMTelemetry.o
                0x20003bf4                dec
 .text.saveTlmToRam
                0x20003c3c      0x28c ./src/SubSystemModules/Housekepping/RAMTelemetry.o
                0x20003c3c                saveTlmToRam
 .text.getTlm   0x20003ec8      0x350 ./src/SubSystemModules/Housekepping/RAMTelemetry.o
                0x20003ec8                getTlm
 .text.getRange
                0x20004218      0x1dc ./src/SubSystemModules/Housekepping/RAMTelemetry.o
                0x20004218                getRange
 .text.InitSavePeriodTimes
                0x200043f4       0xa4 ./src/SubSystemModules/Housekepping/TelemetryCollector.o
                0x200043f4                InitSavePeriodTimes
 .text.CMD_GetTLMPeriodTimes
                0x20004498       0x38 ./src/SubSystemModules/Housekepping/TelemetryCollector.o
                0x20004498                CMD_GetTLMPeriodTimes
 .text.CMD_SetTLMPeriodTimes
                0x200044d0      0x1dc ./src/SubSystemModules/Housekepping/TelemetryCollector.o
                0x200044d0                CMD_SetTLMPeriodTimes
 .text.TelemetryCollectorLogic
                0x200046ac      0x268 ./src/SubSystemModules/Housekepping/TelemetryCollector.o
                0x200046ac                TelemetryCollectorLogic
 .text.TelemetrySaveEPS
                0x20004914       0x54 ./src/SubSystemModules/Housekepping/TelemetryCollector.o
                0x20004914                TelemetrySaveEPS
 .text.TelemetrySaveTRXVU
                0x20004968       0x94 ./src/SubSystemModules/Housekepping/TelemetryCollector.o
                0x20004968                TelemetrySaveTRXVU
 .text.TelemetrySaveANT
                0x200049fc       0x54 ./src/SubSystemModules/Housekepping/TelemetryCollector.o
                0x200049fc                TelemetrySaveANT
 .text.TelemetrySaveWOD
                0x20004a50       0x5c ./src/SubSystemModules/Housekepping/TelemetryCollector.o
                0x20004a50                TelemetrySaveWOD
 .text.TelemetrySaveRADFET
                0x20004aac       0xd4 ./src/SubSystemModules/Housekepping/TelemetryCollector.o
                0x20004aac                TelemetrySaveRADFET
 .text.TelemetrySavePayloadEvents
                0x20004b80       0xf0 ./src/SubSystemModules/Housekepping/TelemetryCollector.o
                0x20004b80                TelemetrySavePayloadEvents
 .text.GetCurrentWODTelemetry
                0x20004c70      0xa5c ./src/SubSystemModules/Housekepping/TelemetryCollector.o
                0x20004c70                GetCurrentWODTelemetry
 .text.CMD_EPS_ResetWDT
                0x200056cc       0x58 ./src/SubSystemModules/Communication/SubsystemCommands/EPS_Commands.o
                0x200056cc                CMD_EPS_ResetWDT
 .text.CMD_Change_Payload_State_INFRAM
                0x20005724       0x8c ./src/SubSystemModules/Communication/SubsystemCommands/EPS_Commands.o
                0x20005724                CMD_Change_Payload_State_INFRAM
 .text.CMD_Payload_Operations
                0x200057b0       0xa8 ./src/SubSystemModules/Communication/SubsystemCommands/EPS_Commands.o
                0x200057b0                CMD_Payload_Operations
 .text.CMD_DeleteTLM
                0x20005858      0x1a0 ./src/SubSystemModules/Communication/SubsystemCommands/FS_Commands.o
                0x20005858                CMD_DeleteTLM
 .text.CMD_DeleteAllFiles
                0x200059f8       0x38 ./src/SubSystemModules/Communication/SubsystemCommands/FS_Commands.o
                0x200059f8                CMD_DeleteAllFiles
 .text.CMD_GetLastFS_Error
                0x20005a30       0x4c ./src/SubSystemModules/Communication/SubsystemCommands/FS_Commands.o
                0x20005a30                CMD_GetLastFS_Error
 .text.CMD_Get_TLM_Info
                0x20005a7c      0x1ac ./src/SubSystemModules/Communication/SubsystemCommands/FS_Commands.o
                0x20005a7c                CMD_Get_TLM_Info
 .text.CMD_Switch_SD_Card
                0x20005c28       0xcc ./src/SubSystemModules/Communication/SubsystemCommands/FS_Commands.o
                0x20005c28                CMD_Switch_SD_Card
 .text.CMD_Format_SD_Card
                0x20005cf4       0xa4 ./src/SubSystemModules/Communication/SubsystemCommands/FS_Commands.o
                0x20005cf4                CMD_Format_SD_Card
 .text.CMD_GenericI2C
                0x20005d98      0x144 ./src/SubSystemModules/Communication/SubsystemCommands/Maintanence_Commands.o
                0x20005d98                CMD_GenericI2C
 .text.CMD_FRAM_ReadAndTransmitt
                0x20005edc       0xe8 ./src/SubSystemModules/Communication/SubsystemCommands/Maintanence_Commands.o
                0x20005edc                CMD_FRAM_ReadAndTransmitt
 .text.CMD_FRAM_WriteAndTransmitt
                0x20005fc4       0xfc ./src/SubSystemModules/Communication/SubsystemCommands/Maintanence_Commands.o
                0x20005fc4                CMD_FRAM_WriteAndTransmitt
 .text.CMD_FRAM_ReStart
                0x200060c0       0x4c ./src/SubSystemModules/Communication/SubsystemCommands/Maintanence_Commands.o
                0x200060c0                CMD_FRAM_ReStart
 .text.CMD_UpdateSatTime
                0x2000610c       0xa4 ./src/SubSystemModules/Communication/SubsystemCommands/Maintanence_Commands.o
                0x2000610c                CMD_UpdateSatTime
 .text.CMD_GetDevInfo
                0x200061b0       0x5c ./src/SubSystemModules/Communication/SubsystemCommands/Maintanence_Commands.o
                0x200061b0                CMD_GetDevInfo
 .text.CMD_GetSatUptime
                0x2000620c       0x48 ./src/SubSystemModules/Communication/SubsystemCommands/Maintanence_Commands.o
                0x2000620c                CMD_GetSatUptime
 .text.CMD_ResetComponent
                0x20006254      0x2c8 ./src/SubSystemModules/Communication/SubsystemCommands/Maintanence_Commands.o
                0x20006254                CMD_ResetComponent
 .text.DumpTask
                0x2000651c      0x310 ./src/SubSystemModules/Communication/SubsystemCommands/TRXVU_Commands.o
                0x2000651c                DumpTask
 .text.DumpRamTask
                0x2000682c      0x104 ./src/SubSystemModules/Communication/SubsystemCommands/TRXVU_Commands.o
                0x2000682c                DumpRamTask
 .text.CMD_AntennaDeploy
                0x20006930       0x5c ./src/SubSystemModules/Communication/SubsystemCommands/TRXVU_Commands.o
                0x20006930                CMD_AntennaDeploy
 .text.CMD_StartDump
                0x2000698c      0x200 ./src/SubSystemModules/Communication/SubsystemCommands/TRXVU_Commands.o
                0x2000698c                CMD_StartDump
 .text.CMD_SendDumpAbortRequest
                0x20006b8c       0x38 ./src/SubSystemModules/Communication/SubsystemCommands/TRXVU_Commands.o
                0x20006b8c                CMD_SendDumpAbortRequest
 .text.CMD_SetTransponder
                0x20006bc4      0x110 ./src/SubSystemModules/Communication/SubsystemCommands/TRXVU_Commands.o
                0x20006bc4                CMD_SetTransponder
 .text.CMD_SetRSSITransponder
                0x20006cd4       0x90 ./src/SubSystemModules/Communication/SubsystemCommands/TRXVU_Commands.o
                0x20006cd4                CMD_SetRSSITransponder
 .text.CMD_MuteTRXVU
                0x20006d64       0xc4 ./src/SubSystemModules/Communication/SubsystemCommands/TRXVU_Commands.o
                0x20006d64                CMD_MuteTRXVU
 .text.CMD_SetIdleState
                0x20006e28       0x94 ./src/SubSystemModules/Communication/SubsystemCommands/TRXVU_Commands.o
                0x20006e28                CMD_SetIdleState
 .text.CMD_UnMuteTRXVU
                0x20006ebc       0x38 ./src/SubSystemModules/Communication/SubsystemCommands/TRXVU_Commands.o
                0x20006ebc                CMD_UnMuteTRXVU
 .text.CMD_GetBaudRate
                0x20006ef4       0x6c ./src/SubSystemModules/Communication/SubsystemCommands/TRXVU_Commands.o
                0x20006ef4                CMD_GetBaudRate
 .text.CMD_TrasmitBeacon
                0x20006f60       0x48 ./src/SubSystemModules/Communication/SubsystemCommands/TRXVU_Commands.o
                0x20006f60                CMD_TrasmitBeacon
 .text.CMD_GetBeaconInterval
                0x20006fa8       0x6c ./src/SubSystemModules/Communication/SubsystemCommands/TRXVU_Commands.o
                0x20006fa8                CMD_GetBeaconInterval
 .text.CMD_SetBaudRate
                0x20007014       0x64 ./src/SubSystemModules/Communication/SubsystemCommands/TRXVU_Commands.o
                0x20007014                CMD_SetBaudRate
 .text.CMD_GetTxUptime
                0x20007078       0x68 ./src/SubSystemModules/Communication/SubsystemCommands/TRXVU_Commands.o
                0x20007078                CMD_GetTxUptime
 .text.CMD_GetRxUptime
                0x200070e0       0x68 ./src/SubSystemModules/Communication/SubsystemCommands/TRXVU_Commands.o
                0x200070e0                CMD_GetRxUptime
 .text.CMD_GetNumOfOnlineCommands
                0x20007148       0x68 ./src/SubSystemModules/Communication/SubsystemCommands/TRXVU_Commands.o
                0x20007148                CMD_GetNumOfOnlineCommands
 .text.CMD_SecurePing
                0x200071b0       0x6c ./src/SubSystemModules/Communication/SubsystemCommands/TRXVU_Commands.o
                0x200071b0                CMD_SecurePing
 .text.CMD_AntSetArmStatus
                0x2000721c       0x3c ./src/SubSystemModules/Communication/SubsystemCommands/TRXVU_Commands.o
                0x2000721c                CMD_AntSetArmStatus
 .text.CMD_AntGetArmStatus
                0x20007258       0x60 ./src/SubSystemModules/Communication/SubsystemCommands/TRXVU_Commands.o
                0x20007258                CMD_AntGetArmStatus
 .text.CMD_AntGetUptime
                0x200072b8       0x68 ./src/SubSystemModules/Communication/SubsystemCommands/TRXVU_Commands.o
                0x200072b8                CMD_AntGetUptime
 .text.CMD_StopReDeployment
                0x20007320       0x84 ./src/SubSystemModules/Communication/SubsystemCommands/TRXVU_Commands.o
                0x20007320                CMD_StopReDeployment
 .text.CMD_AntCancelDeployment
                0x200073a4       0x68 ./src/SubSystemModules/Communication/SubsystemCommands/TRXVU_Commands.o
                0x200073a4                CMD_AntCancelDeployment
 .text.CMD_DumpRamTLM
                0x2000740c      0x180 ./src/SubSystemModules/Communication/SubsystemCommands/TRXVU_Commands.o
                0x2000740c                CMD_DumpRamTLM
 .text.SendAckPacket
                0x2000758c       0xfc ./src/SubSystemModules/Communication/AckHandler.o
                0x2000758c                SendAckPacket
 .text.trxvu_command_router
                0x20007688      0x564 ./src/SubSystemModules/Communication/CommandDictionary.o
                0x20007688                trxvu_command_router
 .text.eps_command_router
                0x20007bec      0x10c ./src/SubSystemModules/Communication/CommandDictionary.o
                0x20007bec                eps_command_router
 .text.telemetry_command_router
                0x20007cf8      0x23c ./src/SubSystemModules/Communication/CommandDictionary.o
                0x20007cf8                telemetry_command_router
 .text.managment_command_router
                0x20007f34      0x144 ./src/SubSystemModules/Communication/CommandDictionary.o
                0x20007f34                managment_command_router
 .text.filesystem_command_router
                0x20008078       0x24 ./src/SubSystemModules/Communication/CommandDictionary.o
                0x20008078                filesystem_command_router
 .text.sha256_transform
                0x2000809c      0x4b8 ./src/SubSystemModules/Communication/HashSecuredCMD.o
                0x2000809c                sha256_transform
 .text.sha256_init
                0x20008554       0xb8 ./src/SubSystemModules/Communication/HashSecuredCMD.o
                0x20008554                sha256_init
 .text.sha256_update
                0x2000860c       0xc8 ./src/SubSystemModules/Communication/HashSecuredCMD.o
                0x2000860c                sha256_update
 .text.sha256_final
                0x200086d4      0x470 ./src/SubSystemModules/Communication/HashSecuredCMD.o
                0x200086d4                sha256_final
 .text.ParseDataToCommand
                0x20008b44      0x1ac ./src/SubSystemModules/Communication/SatCommandHandler.o
                0x20008b44                ParseDataToCommand
 .text.AssembleCommand
                0x20008cf0      0x148 ./src/SubSystemModules/Communication/SatCommandHandler.o
                0x20008cf0                AssembleCommand
 .text.ActUponCommand
                0x20008e38      0x108 ./src/SubSystemModules/Communication/SatCommandHandler.o
                0x20008e38                ActUponCommand
 .text.setMuteEndTime
                0x20008f40       0x40 ./src/SubSystemModules/Communication/TRXVU.o
                0x20008f40                setMuteEndTime
 .text.getMuteEndTime
                0x20008f80       0x44 ./src/SubSystemModules/Communication/TRXVU.o
                0x20008f80                getMuteEndTime
 .text.setTransponderEndTime
                0x20008fc4       0x40 ./src/SubSystemModules/Communication/TRXVU.o
                0x20008fc4                setTransponderEndTime
 .text.getTransponderEndTime
                0x20009004       0x44 ./src/SubSystemModules/Communication/TRXVU.o
                0x20009004                getTransponderEndTime
 .text.setTransponderRSSIinFRAM
                0x20009048       0x44 ./src/SubSystemModules/Communication/TRXVU.o
                0x20009048                setTransponderRSSIinFRAM
 .text.getTransponderRSSIFromFRAM
                0x2000908c       0x4c ./src/SubSystemModules/Communication/TRXVU.o
                0x2000908c                getTransponderRSSIFromFRAM
 .text.InitTxModule
                0x200090d8       0x68 ./src/SubSystemModules/Communication/TRXVU.o
                0x200090d8                InitTxModule
 .text.CMD_SetBeaconInterval
                0x20009140       0xdc ./src/SubSystemModules/Communication/TRXVU.o
                0x20009140                CMD_SetBeaconInterval
 .text.InitBeaconParams
                0x2000921c       0x3c ./src/SubSystemModules/Communication/TRXVU.o
                0x2000921c                InitBeaconParams
 .text.InitSemaphores
                0x20009258       0x98 ./src/SubSystemModules/Communication/TRXVU.o
                0x20009258                InitSemaphores
 .text.InitTrxvu
                0x200092f0      0x12c ./src/SubSystemModules/Communication/TRXVU.o
                0x200092f0                InitTrxvu
 .text.checkIdleFinish
                0x2000941c       0x68 ./src/SubSystemModules/Communication/TRXVU.o
                0x2000941c                checkIdleFinish
 .text.checkTransponderFinish
                0x20009484       0x50 ./src/SubSystemModules/Communication/TRXVU.o
                0x20009484                checkTransponderFinish
 .text.checkTransponderStart
                0x200094d4       0x50 ./src/SubSystemModules/Communication/TRXVU.o
                0x200094d4                checkTransponderStart
 .text.turnOnTransponder
                0x20009524       0xa0 ./src/SubSystemModules/Communication/TRXVU.o
                0x20009524                turnOnTransponder
 .text.turnOffTransponder
                0x200095c4       0x90 ./src/SubSystemModules/Communication/TRXVU.o
                0x200095c4                turnOffTransponder
 .text.SetRSSITransponder
                0x20009654       0x80 ./src/SubSystemModules/Communication/TRXVU.o
                0x20009654                SetRSSITransponder
 .text.TRX_Logic
                0x200096d4       0xe4 ./src/SubSystemModules/Communication/TRXVU.o
                0x200096d4                TRX_Logic
 .text.GetNumberOfFramesInBuffer
                0x200097b8       0x94 ./src/SubSystemModules/Communication/TRXVU.o
                0x200097b8                GetNumberOfFramesInBuffer
 .text.GetOnlineCommand
                0x2000984c      0x1d0 ./src/SubSystemModules/Communication/TRXVU.o
                0x2000984c                GetOnlineCommand
 .text.CheckTransmitionAllowed
                0x20009a1c       0xc0 ./src/SubSystemModules/Communication/TRXVU.o
                0x20009a1c                CheckTransmitionAllowed
 .text.FinishDump
                0x20009adc       0xf0 ./src/SubSystemModules/Communication/TRXVU.o
                0x20009adc                FinishDump
 .text.SendDumpAbortRequest
                0x20009bcc       0x6c ./src/SubSystemModules/Communication/TRXVU.o
                0x20009bcc                SendDumpAbortRequest
 .text.CheckDumpAbort
                0x20009c38       0x6c ./src/SubSystemModules/Communication/TRXVU.o
                0x20009c38                CheckDumpAbort
 .text.BeaconLogic
                0x20009ca4      0x19c ./src/SubSystemModules/Communication/TRXVU.o
                0x20009ca4                BeaconLogic
 .text.SetIdleState
                0x20009e40      0x144 ./src/SubSystemModules/Communication/TRXVU.o
                0x20009e40                SetIdleState
 .text.muteTRXVU
                0x20009f84       0x74 ./src/SubSystemModules/Communication/TRXVU.o
                0x20009f84                muteTRXVU
 .text.UnMuteTRXVU
                0x20009ff8       0x14 ./src/SubSystemModules/Communication/TRXVU.o
                0x20009ff8                UnMuteTRXVU
 .text.TransmitDataAsSPL_Packet
                0x2000a00c      0x12c ./src/SubSystemModules/Communication/TRXVU.o
                0x2000a00c                TransmitDataAsSPL_Packet
 .text.Hash256  0x2000a138       0x7c ./src/SubSystemModules/Communication/TRXVU.o
                0x2000a138                Hash256
 .text.CMD_Hash256
                0x2000a1b4      0x238 ./src/SubSystemModules/Communication/TRXVU.o
                0x2000a1b4                CMD_Hash256
 .text.TransmitSplPacket
                0x2000a3ec      0x124 ./src/SubSystemModules/Communication/TRXVU.o
                0x2000a3ec                TransmitSplPacket
 .text.ChangeTrxvuConfigValues
                0x2000a510      0x124 ./src/SubSystemModules/Communication/TRXVU.o
                0x2000a510                ChangeTrxvuConfigValues
 .text.isFirstActivation
                0x2000a634       0x38 ./src/InitSystem.o
                0x2000a634                isFirstActivation
 .text.WriteDefaultValuesToFRAM
                0x2000a66c      0x2cc ./src/InitSystem.o
                0x2000a66c                WriteDefaultValuesToFRAM
 .text.StartFRAM
                0x2000a938       0x64 ./src/InitSystem.o
                0x2000a938                StartFRAM
 .text.StartI2C
                0x2000a99c       0x38 ./src/InitSystem.o
                0x2000a99c                StartI2C
 .text.StartSPI
                0x2000a9d4       0x34 ./src/InitSystem.o
                0x2000a9d4                StartSPI
 .text.StartTIME
                0x2000aa08       0xbc ./src/InitSystem.o
                0x2000aa08                StartTIME
 .text.DeploySystem
                0x2000aac4      0x1c8 ./src/InitSystem.o
                0x2000aac4                DeploySystem
 .text.InitSubsystems
                0x2000ac8c       0x64 ./src/InitSystem.o
                0x2000ac8c                InitSubsystems
 .text.CMD_getInfoImage
                0x2000acf0      0x158 ./src/TLM_management.o
                0x2000acf0                CMD_getInfoImage
 .text.CMD_getDataImage
                0x2000ae48      0x218 ./src/TLM_management.o
                0x2000ae48                CMD_getDataImage
 .text.delete_allTMFilesFromSD
                0x2000b060       0x8c ./src/TLM_management.o
                0x2000b060                delete_allTMFilesFromSD
 .text.deleteTLMFiles
                0x2000b0ec       0x94 ./src/TLM_management.o
                0x2000b0ec                deleteTLMFiles
 .text.deleteTLMFile
                0x2000b180       0xcc ./src/TLM_management.o
                0x2000b180                deleteTLMFile
 .text.deleteTLMbyMonth
                0x2000b24c       0xac ./src/TLM_management.o
                0x2000b24c                deleteTLMbyMonth
 .text.deleteDirectory
                0x2000b2f8      0x158 ./src/TLM_management.o
                0x2000b2f8                deleteDirectory
 .text.InitializeFS
                0x2000b450       0xec ./src/TLM_management.o
                0x2000b450                InitializeFS
 .text.calculateFileName
                0x2000b53c      0x130 ./src/TLM_management.o
                0x2000b53c                calculateFileName
 .text.getTlmTypeInfo
                0x2000b66c      0x264 ./src/TLM_management.o
                0x2000b66c                getTlmTypeInfo
 .text.write2File
                0x2000b8d0      0x1dc ./src/TLM_management.o
                0x2000b8d0                write2File
 .text.printTLM
                0x2000baac       0x24 ./src/TLM_management.o
                0x2000baac                printTLM
 .text.readTLMFile
                0x2000bad0      0x328 ./src/TLM_management.o
                0x2000bad0                readTLMFile
 .text.readTLMFiles
                0x2000bdf8       0xdc ./src/TLM_management.o
                0x2000bdf8                readTLMFiles
 .text.readTLMFileTimeRange
                0x2000bed4      0x2f0 ./src/TLM_management.o
                0x2000bed4                readTLMFileTimeRange
 .text.DeInitializeFS
                0x2000c1c4       0x38 ./src/TLM_management.o
                0x2000c1c4                DeInitializeFS
 .text.taskMain
                0x2000c1fc       0x90 ./src/main.o
                0x2000c1fc                taskMain
 .text.main     0x2000c28c       0x98 ./src/main.o
                0x2000c28c                main
 .text.timeU2time
                0x2000c324       0xbc ./src/utils.o
                0x2000c324                timeU2time
 .text.logError
                0x2000c3e0      0x148 ./src/utils.o
                0x2000c3e0                logError
 .text.clearPDCtransfers
                0x2000c528       0xe8 C:/ISIS/workspace/ycube/GlobusSatProject/..//hal/hal/lib\libHALD.a(SPI.o)
 .text.SPI_start
                0x2000c610      0x4b0 C:/ISIS/workspace/ycube/GlobusSatProject/..//hal/hal/lib\libHALD.a(SPI.o)
                0x2000c610                SPI_start
 .text.SPI_stop
                0x2000cac0      0x244 C:/ISIS/workspace/ycube/GlobusSatProject/..//hal/hal/lib\libHALD.a(SPI.o)
                0x2000cac0                SPI_stop
 .text.SPI_queueTransfer
                0x2000cd04      0x1cc C:/ISIS/workspace/ycube/GlobusSatProject/..//hal/hal/lib\libHALD.a(SPI.o)
                0x2000cd04                SPI_queueTransfer
 .text.SPI_internalCallback
                0x2000ced0       0x64 C:/ISIS/workspace/ycube/GlobusSatProject/..//hal/hal/lib\libHALD.a(SPI.o)
 .text.SPI_writeRead
                0x2000cf34      0x1c0 C:/ISIS/workspace/ycube/GlobusSatProject/..//hal/hal/lib\libHALD.a(SPI.o)
                0x2000cf34                SPI_writeRead
 .text.waitForTransfer
                0x2000d0f4       0x78 C:/ISIS/workspace/ycube/GlobusSatProject/..//hal/hal/lib\libHALD.a(SPI.o)
 .text.SPI_getDriverState
                0x2000d16c       0x58 C:/ISIS/workspace/ycube/GlobusSatProject/..//hal/hal/lib\libHALD.a(SPI.o)
                0x2000d16c                SPI_getDriverState
 .text.validateTransferParameters
                0x2000d1c4      0x10c C:/ISIS/workspace/ycube/GlobusSatProject/..//hal/hal/lib\libHALD.a(I2C.o)
 .text.I2C_queueTransfer
                0x2000d2d0       0xfc C:/ISIS/workspace/ycube/GlobusSatProject/..//hal/hal/lib\libHALD.a(I2C.o)
                0x2000d2d0                I2C_queueTransfer
 .text.I2C_internalCallback
                0x2000d3cc       0x64 C:/ISIS/workspace/ycube/GlobusSatProject/..//hal/hal/lib\libHALD.a(I2C.o)
 .text.I2C_doBlockingTransfer
                0x2000d430      0x180 C:/ISIS/workspace/ycube/GlobusSatProject/..//hal/hal/lib\libHALD.a(I2C.o)
 .text.I2C_write
                0x2000d5b0      0x110 C:/ISIS/workspace/ycube/GlobusSatProject/..//hal/hal/lib\libHALD.a(I2C.o)
                0x2000d5b0                I2C_write
 .text.I2C_read
                0x2000d6c0      0x110 C:/ISIS/workspace/ycube/GlobusSatProject/..//hal/hal/lib\libHALD.a(I2C.o)
                0x2000d6c0                I2C_read
 .text.I2C_writeRead
                0x2000d7d0      0x17c C:/ISIS/workspace/ycube/GlobusSatProject/..//hal/hal/lib\libHALD.a(I2C.o)
                0x2000d7d0                I2C_writeRead
 .text.I2C_start
                0x2000d94c      0x2e8 C:/ISIS/workspace/ycube/GlobusSatProject/..//hal/hal/lib\libHALD.a(I2C.o)
                0x2000d94c                I2C_start
 .text.I2C_stop
                0x2000dc34      0x184 C:/ISIS/workspace/ycube/GlobusSatProject/..//hal/hal/lib\libHALD.a(I2C.o)
                0x2000dc34                I2C_stop
 .text.I2C_setTransferTimeout
                0x2000ddb8       0x48 C:/ISIS/workspace/ycube/GlobusSatProject/..//hal/hal/lib\libHALD.a(I2C.o)
                0x2000ddb8                I2C_setTransferTimeout
 .text.ADC_ConvertRaw10bitToMillivolt
                0x2000de00       0x50 C:/ISIS/workspace/ycube/GlobusSatProject/..//hal/hal/lib\libHALD.a(ADC.o)
                0x2000de00                ADC_ConvertRaw10bitToMillivolt
 .text.ADC_SingleShot
                0x2000de50      0x230 C:/ISIS/workspace/ycube/GlobusSatProject/..//hal/hal/lib\libHALD.a(ADC.o)
                0x2000de50                ADC_SingleShot
 .text.FRAM_start
                0x2000e080      0x120 C:/ISIS/workspace/ycube/GlobusSatProject/..//hal/hal/lib\libHALD.a(FRAM.o)
                0x2000e080                FRAM_start
 .text.FRAM_stop
                0x2000e1a0       0x6c C:/ISIS/workspace/ycube/GlobusSatProject/..//hal/hal/lib\libHALD.a(FRAM.o)
                0x2000e1a0                FRAM_stop
 .text.FRAM_dummyCallback
                0x2000e20c       0x24 C:/ISIS/workspace/ycube/GlobusSatProject/..//hal/hal/lib\libHALD.a(FRAM.o)
                0x2000e20c                FRAM_dummyCallback
 .text.FRAM_unlockingCallback
                0x2000e230       0x64 C:/ISIS/workspace/ycube/GlobusSatProject/..//hal/hal/lib\libHALD.a(FRAM.o)
                0x2000e230                FRAM_unlockingCallback
 .text.doBlockingTransfer
                0x2000e294       0x78 C:/ISIS/workspace/ycube/GlobusSatProject/..//hal/hal/lib\libHALD.a(FRAM.o)
 .text.FRAM_writePacket
                0x2000e30c      0x134 C:/ISIS/workspace/ycube/GlobusSatProject/..//hal/hal/lib\libHALD.a(FRAM.o)
 .text.FRAM_write
                0x2000e440      0x1e0 C:/ISIS/workspace/ycube/GlobusSatProject/..//hal/hal/lib\libHALD.a(FRAM.o)
                0x2000e440                FRAM_write
 .text.FRAM_readPacket
                0x2000e620       0xf0 C:/ISIS/workspace/ycube/GlobusSatProject/..//hal/hal/lib\libHALD.a(FRAM.o)
 .text.FRAM_read
                0x2000e710      0x1ec C:/ISIS/workspace/ycube/GlobusSatProject/..//hal/hal/lib\libHALD.a(FRAM.o)
                0x2000e710                FRAM_read
 .text.Time_start
                0x2000e8fc      0x170 C:/ISIS/workspace/ycube/GlobusSatProject/..//hal/hal/lib\libHALD.a(Time.o)
                0x2000e8fc                Time_start
 .text.taskTimeSync
                0x2000ea6c       0x64 C:/ISIS/workspace/ycube/GlobusSatProject/..//hal/hal/lib\libHALD.a(Time.o)
 .text.Time_convertEpochToTime
                0x2000ead0      0x100 C:/ISIS/workspace/ycube/GlobusSatProject/..//hal/hal/lib\libHALD.a(Time.o)
                0x2000ead0                Time_convertEpochToTime
 .text.Time_calculateSecondsOfYear
                0x2000ebd0       0xd8 C:/ISIS/workspace/ycube/GlobusSatProject/..//hal/hal/lib\libHALD.a(Time.o)
 .text.Time_set
                0x2000eca8       0xd8 C:/ISIS/workspace/ycube/GlobusSatProject/..//hal/hal/lib\libHALD.a(Time.o)
                0x2000eca8                Time_set
 .text.Time_isLeapYear
                0x2000ed80       0x98 C:/ISIS/workspace/ycube/GlobusSatProject/..//hal/hal/lib\libHALD.a(Time.o)
                0x2000ed80                Time_isLeapYear
 .text.Time_get
                0x2000ee18      0x478 C:/ISIS/workspace/ycube/GlobusSatProject/..//hal/hal/lib\libHALD.a(Time.o)
                0x2000ee18                Time_get
 .text.Time_getUnixEpoch
                0x2000f290      0x108 C:/ISIS/workspace/ycube/GlobusSatProject/..//hal/hal/lib\libHALD.a(Time.o)
                0x2000f290                Time_getUnixEpoch
 .text.Time_secondsOfYearToTime
                0x2000f398      0x33c C:/ISIS/workspace/ycube/GlobusSatProject/..//hal/hal/lib\libHALD.a(Time.o)
 .text.Time_setUnixEpoch
                0x2000f6d4       0x54 C:/ISIS/workspace/ycube/GlobusSatProject/..//hal/hal/lib\libHALD.a(Time.o)
                0x2000f6d4                Time_setUnixEpoch
 .text.Time_getUptimeSeconds
                0x2000f728       0x28 C:/ISIS/workspace/ycube/GlobusSatProject/..//hal/hal/lib\libHALD.a(Time.o)
                0x2000f728                Time_getUptimeSeconds
 .text.Time_sync
                0x2000f750      0x1a8 C:/ISIS/workspace/ycube/GlobusSatProject/..//hal/hal/lib\libHALD.a(Time.o)
                0x2000f750                Time_sync
 .text.Time_syncIfNeeded
                0x2000f8f8       0xac C:/ISIS/workspace/ycube/GlobusSatProject/..//hal/hal/lib\libHALD.a(Time.o)
                0x2000f8f8                Time_syncIfNeeded
 .text.WDT_start
                0x2000f9a4       0x48 C:/ISIS/workspace/ycube/GlobusSatProject/..//hal/hal/lib\libHALD.a(WatchDogTimerNoOS.o)
                0x2000f9a4                WDT_start
 .text.RTT_start
                0x2000f9ec       0x24 C:/ISIS/workspace/ycube/GlobusSatProject/..//hal/hal/lib\libHALD.a(RTT.o)
                0x2000f9ec                RTT_start
 .text.RTT_GetTime
                0x2000fa10       0x24 C:/ISIS/workspace/ycube/GlobusSatProject/..//hal/hal/lib\libHALD.a(RTT.o)
                0x2000fa10                RTT_GetTime
 .text.RTC_start
                0x2000fa34       0x3c C:/ISIS/workspace/ycube/GlobusSatProject/..//hal/hal/lib\libHALD.a(RTC.o)
                0x2000fa34                RTC_start
 .text.RTC_setTime
                0x2000fa70      0x2a4 C:/ISIS/workspace/ycube/GlobusSatProject/..//hal/hal/lib\libHALD.a(RTC.o)
                0x2000fa70                RTC_setTime
 .text.RTC_getTime
                0x2000fd14      0x230 C:/ISIS/workspace/ycube/GlobusSatProject/..//hal/hal/lib\libHALD.a(RTC.o)
                0x2000fd14                RTC_getTime
 .text.RTC_checkTimeValid
                0x2000ff44       0xd8 C:/ISIS/workspace/ycube/GlobusSatProject/..//hal/hal/lib\libHALD.a(RTC.o)
                0x2000ff44                RTC_checkTimeValid
 .text.WDT_startWatchdogKickTask
                0x2001001c       0xb4 C:/ISIS/workspace/ycube/GlobusSatProject/..//hal/hal/lib\libHALD.a(WatchDogTimerOS.o)
                0x2001001c                WDT_startWatchdogKickTask
 .text.WDT_forceKickEveryNms
                0x200100d0       0x50 C:/ISIS/workspace/ycube/GlobusSatProject/..//hal/hal/lib\libHALD.a(WatchDogTimerOS.o)
                0x200100d0                WDT_forceKickEveryNms
 .text.f_puts   0x20010120       0x80 C:/ISIS/workspace/ycube/GlobusSatProject/..//hal/hal/lib\libHALD.a(fprintf.o)
                0x20010120                f_puts
 .text.LED_glow
                0x200101a0       0x58 C:/ISIS/workspace/ycube/GlobusSatProject/..//hal/hal/lib\libHALD.a(LED.o)
                0x200101a0                LED_glow
 .text.LED_dark
                0x200101f8       0x58 C:/ISIS/workspace/ycube/GlobusSatProject/..//hal/hal/lib\libHALD.a(LED.o)
                0x200101f8                LED_dark
 .text.LED_toggle
                0x20010250       0x50 C:/ISIS/workspace/ycube/GlobusSatProject/..//hal/hal/lib\libHALD.a(LED.o)
                0x20010250                LED_toggle
 .text.fm_initvolume
                0x200102a0       0x70 C:/ISIS/workspace/ycube/GlobusSatProject/..//hal/hcc/lib\libHCCD.a(fat_m.o)
                0x200102a0                fm_initvolume
 .text.fm_delvolume
                0x20010310       0x60 C:/ISIS/workspace/ycube/GlobusSatProject/..//hal/hcc/lib\libHCCD.a(fat_m.o)
                0x20010310                fm_delvolume
 .text.fm_format
                0x20010370       0x68 C:/ISIS/workspace/ycube/GlobusSatProject/..//hal/hcc/lib\libHCCD.a(fat_m.o)
                0x20010370                fm_format
 .text.fm_getdrive
                0x200103d8       0x70 C:/ISIS/workspace/ycube/GlobusSatProject/..//hal/hcc/lib\libHCCD.a(fat_m.o)
                0x200103d8                fm_getdrive
 .text.fm_getfreespace
                0x20010448       0x68 C:/ISIS/workspace/ycube/GlobusSatProject/..//hal/hcc/lib\libHCCD.a(fat_m.o)
                0x20010448                fm_getfreespace
 .text.fm_mkdir
                0x200104b0       0x60 C:/ISIS/workspace/ycube/GlobusSatProject/..//hal/hcc/lib\libHCCD.a(fat_m.o)
                0x200104b0                fm_mkdir
 .text.fm_rmdir
                0x20010510       0x60 C:/ISIS/workspace/ycube/GlobusSatProject/..//hal/hcc/lib\libHCCD.a(fat_m.o)
                0x20010510                fm_rmdir
 .text.fm_findfirst
                0x20010570       0x68 C:/ISIS/workspace/ycube/GlobusSatProject/..//hal/hcc/lib\libHCCD.a(fat_m.o)
                0x20010570                fm_findfirst
 .text.fm_findnext
                0x200105d8       0x60 C:/ISIS/workspace/ycube/GlobusSatProject/..//hal/hcc/lib\libHCCD.a(fat_m.o)
                0x200105d8                fm_findnext
 .text.fm_close
                0x20010638       0x60 C:/ISIS/workspace/ycube/GlobusSatProject/..//hal/hcc/lib\libHCCD.a(fat_m.o)
                0x20010638                fm_close
 .text.fm_flush
                0x20010698       0x60 C:/ISIS/workspace/ycube/GlobusSatProject/..//hal/hcc/lib\libHCCD.a(fat_m.o)
                0x20010698                fm_flush
 .text.fm_open  0x200106f8       0x68 C:/ISIS/workspace/ycube/GlobusSatProject/..//hal/hcc/lib\libHCCD.a(fat_m.o)
                0x200106f8                fm_open
 .text.fm_read  0x20010760       0x7c C:/ISIS/workspace/ycube/GlobusSatProject/..//hal/hcc/lib\libHCCD.a(fat_m.o)
                0x20010760                fm_read
 .text.fm_write
                0x200107dc       0x7c C:/ISIS/workspace/ycube/GlobusSatProject/..//hal/hcc/lib\libHCCD.a(fat_m.o)
                0x200107dc                fm_write
 .text.fm_seek  0x20010858       0x70 C:/ISIS/workspace/ycube/GlobusSatProject/..//hal/hcc/lib\libHCCD.a(fat_m.o)
                0x20010858                fm_seek
 .text.fm_tell  0x200108c8       0x60 C:/ISIS/workspace/ycube/GlobusSatProject/..//hal/hcc/lib\libHCCD.a(fat_m.o)
                0x200108c8                fm_tell
 .text.fm_putc  0x20010928       0x68 C:/ISIS/workspace/ycube/GlobusSatProject/..//hal/hcc/lib\libHCCD.a(fat_m.o)
                0x20010928                fm_putc
 .text.fm_rewind
                0x20010990       0x60 C:/ISIS/workspace/ycube/GlobusSatProject/..//hal/hcc/lib\libHCCD.a(fat_m.o)
                0x20010990                fm_rewind
 .text.fm_delete
                0x200109f0       0x64 C:/ISIS/workspace/ycube/GlobusSatProject/..//hal/hcc/lib\libHCCD.a(fat_m.o)
                0x200109f0                fm_delete
 .text.fm_getlasterror
                0x20010a54       0x40 C:/ISIS/workspace/ycube/GlobusSatProject/..//hal/hcc/lib\libHCCD.a(fat_m.o)
                0x20010a54                fm_getlasterror
 .text._f_invalidatedir
                0x20010a94       0x28 C:/ISIS/workspace/ycube/GlobusSatProject/..//hal/hcc/lib\libHCCD.a(fat.o)
                0x20010a94                _f_invalidatedir
 .text._f_getdirsector
                0x20010abc       0x88 C:/ISIS/workspace/ycube/GlobusSatProject/..//hal/hcc/lib\libHCCD.a(fat.o)
                0x20010abc                _f_getdirsector
 .text._f_writedirsector
                0x20010b44       0x74 C:/ISIS/workspace/ycube/GlobusSatProject/..//hal/hcc/lib\libHCCD.a(fat.o)
                0x20010b44                _f_writedirsector
 .text._f_checknameinv
                0x20010bb8      0x180 C:/ISIS/workspace/ycube/GlobusSatProject/..//hal/hcc/lib\libHCCD.a(fat.o)
 .text._f_checkname
                0x20010d38       0x7c C:/ISIS/workspace/ycube/GlobusSatProject/..//hal/hcc/lib\libHCCD.a(fat.o)
 .text._f_checknamewc
                0x20010db4       0xf8 C:/ISIS/workspace/ycube/GlobusSatProject/..//hal/hcc/lib\libHCCD.a(fat.o)
 .text._f_setnameext
                0x20010eac      0x300 C:/ISIS/workspace/ycube/GlobusSatProject/..//hal/hcc/lib\libHCCD.a(fat.o)
 .text._f_setfsname
                0x200111ac      0x584 C:/ISIS/workspace/ycube/GlobusSatProject/..//hal/hcc/lib\libHCCD.a(fat.o)
 .text._f_findfile
                0x20011730      0x30c C:/ISIS/workspace/ycube/GlobusSatProject/..//hal/hcc/lib\libHCCD.a(fat.o)
 .text._f_cmp_wname
                0x20011a3c      0x274 C:/ISIS/workspace/ycube/GlobusSatProject/..//hal/hcc/lib\libHCCD.a(fat.o)
 .text._f_to_string
                0x20011cb0      0x130 C:/ISIS/workspace/ycube/GlobusSatProject/..//hal/hcc/lib\libHCCD.a(fat.o)
 .text._f_findfilewc
                0x20011de0      0x278 C:/ISIS/workspace/ycube/GlobusSatProject/..//hal/hcc/lib\libHCCD.a(fat.o)
 .text._f_getfilename
                0x20012058      0x20c C:/ISIS/workspace/ycube/GlobusSatProject/..//hal/hcc/lib\libHCCD.a(fat.o)
 .text._f_findpath
                0x20012264      0x35c C:/ISIS/workspace/ycube/GlobusSatProject/..//hal/hcc/lib\libHCCD.a(fat.o)
 .text.fn_getdcwd
                0x200125c0      0x1e0 C:/ISIS/workspace/ycube/GlobusSatProject/..//hal/hcc/lib\libHCCD.a(fat.o)
                0x200125c0                fn_getdcwd
 .text.fn_findfirst
                0x200127a0      0x13c C:/ISIS/workspace/ycube/GlobusSatProject/..//hal/hcc/lib\libHCCD.a(fat.o)
                0x200127a0                fn_findfirst
 .text.fn_findnext
                0x200128dc      0x360 C:/ISIS/workspace/ycube/GlobusSatProject/..//hal/hcc/lib\libHCCD.a(fat.o)
                0x200128dc                fn_findnext
 .text._f_lock_resfile
                0x20012c3c       0x6c C:/ISIS/workspace/ycube/GlobusSatProject/..//hal/hcc/lib\libHCCD.a(fat.o)
 .text._f_unlock_resfile
                0x20012ca8       0x40 C:/ISIS/workspace/ycube/GlobusSatProject/..//hal/hcc/lib\libHCCD.a(fat.o)
 .text._f_getintfile
                0x20012ce8      0x124 C:/ISIS/workspace/ycube/GlobusSatProject/..//hal/hcc/lib\libHCCD.a(fat.o)
 .text._f_addentry
                0x20012e0c      0x540 C:/ISIS/workspace/ycube/GlobusSatProject/..//hal/hcc/lib\libHCCD.a(fat.o)
 .text.fn_mkdir
                0x2001334c      0x75c C:/ISIS/workspace/ycube/GlobusSatProject/..//hal/hcc/lib\libHCCD.a(fat.o)
                0x2001334c                fn_mkdir
 .text.fn_open_sub
                0x20013aa8     0x1698 C:/ISIS/workspace/ycube/GlobusSatProject/..//hal/hcc/lib\libHCCD.a(fat.o)
 .text.fn_open  0x20015140       0x44 C:/ISIS/workspace/ycube/GlobusSatProject/..//hal/hcc/lib\libHCCD.a(fat.o)
                0x20015140                fn_open
 .text.fn_delete
                0x20015184      0x490 C:/ISIS/workspace/ycube/GlobusSatProject/..//hal/hcc/lib\libHCCD.a(fat.o)
                0x20015184                fn_delete
 .text.fn_rmdir
                0x20015614      0x5ac C:/ISIS/workspace/ycube/GlobusSatProject/..//hal/hcc/lib\libHCCD.a(fat.o)
                0x20015614                fn_rmdir
 .text.fn_init  0x20015bc0      0x2dc C:/ISIS/workspace/ycube/GlobusSatProject/..//hal/hcc/lib\libHCCD.a(fat_common.o)
                0x20015bc0                fn_init
 .text.fn_start
                0x20015e9c       0x1c C:/ISIS/workspace/ycube/GlobusSatProject/..//hal/hcc/lib\libHCCD.a(fat_common.o)
                0x20015e9c                fn_start
 .text.fsn_delete
                0x20015eb8       0xc8 C:/ISIS/workspace/ycube/GlobusSatProject/..//hal/hcc/lib\libHCCD.a(fat_common.o)
                0x20015eb8                fsn_delete
 .text._f_get16bitl
                0x20015f80       0x4c C:/ISIS/workspace/ycube/GlobusSatProject/..//hal/hcc/lib\libHCCD.a(fat_common.o)
                0x20015f80                _f_get16bitl
 .text._f_set16bitl
                0x20015fcc       0x54 C:/ISIS/workspace/ycube/GlobusSatProject/..//hal/hcc/lib\libHCCD.a(fat_common.o)
                0x20015fcc                _f_set16bitl
 .text._f_get32bitl
                0x20016020       0x68 C:/ISIS/workspace/ycube/GlobusSatProject/..//hal/hcc/lib\libHCCD.a(fat_common.o)
                0x20016020                _f_get32bitl
 .text._f_set32bitl
                0x20016088       0x78 C:/ISIS/workspace/ycube/GlobusSatProject/..//hal/hcc/lib\libHCCD.a(fat_common.o)
                0x20016088                _f_set32bitl
 .text._get8bit
                0x20016100       0xa0 C:/ISIS/workspace/ycube/GlobusSatProject/..//hal/hcc/lib\libHCCD.a(fat_common.o)
 .text._get16bitl
                0x200161a0       0x40 C:/ISIS/workspace/ycube/GlobusSatProject/..//hal/hcc/lib\libHCCD.a(fat_common.o)
 .text._get32bitl
                0x200161e0       0x3c C:/ISIS/workspace/ycube/GlobusSatProject/..//hal/hcc/lib\libHCCD.a(fat_common.o)
 .text._set8bitzero
                0x2001621c       0x6c C:/ISIS/workspace/ycube/GlobusSatProject/..//hal/hcc/lib\libHCCD.a(fat_common.o)
 .text._set8bit
                0x20016288       0xa0 C:/ISIS/workspace/ycube/GlobusSatProject/..//hal/hcc/lib\libHCCD.a(fat_common.o)
 .text._set16bitl
                0x20016328       0x3c C:/ISIS/workspace/ycube/GlobusSatProject/..//hal/hcc/lib\libHCCD.a(fat_common.o)
 .text._set32bitl
                0x20016364       0x34 C:/ISIS/workspace/ycube/GlobusSatProject/..//hal/hcc/lib\libHCCD.a(fat_common.o)
 .text._f_setcardremoved
                0x20016398       0x94 C:/ISIS/workspace/ycube/GlobusSatProject/..//hal/hcc/lib\libHCCD.a(fat_common.o)
 .text._f_checkstatus
                0x2001642c      0x104 C:/ISIS/workspace/ycube/GlobusSatProject/..//hal/hcc/lib\libHCCD.a(fat_common.o)
                0x2001642c                _f_checkstatus
 .text._f_drvgetphy
                0x20016530      0x114 C:/ISIS/workspace/ycube/GlobusSatProject/..//hal/hcc/lib\libHCCD.a(fat_common.o)
 .text._f_drvwritesector
                0x20016644       0xdc C:/ISIS/workspace/ycube/GlobusSatProject/..//hal/hcc/lib\libHCCD.a(fat_common.o)
 .text._f_drvreadsector
                0x20016720       0xa8 C:/ISIS/workspace/ycube/GlobusSatProject/..//hal/hcc/lib\libHCCD.a(fat_common.o)
 .text._f_writesector
                0x200167c8      0x23c C:/ISIS/workspace/ycube/GlobusSatProject/..//hal/hcc/lib\libHCCD.a(fat_common.o)
                0x200167c8                _f_writesector
 .text._f_readsector
                0x20016a04      0x1dc C:/ISIS/workspace/ycube/GlobusSatProject/..//hal/hcc/lib\libHCCD.a(fat_common.o)
                0x20016a04                _f_readsector
 .text._f_getmaxcluster
                0x20016be0       0x94 C:/ISIS/workspace/ycube/GlobusSatProject/..//hal/hcc/lib\libHCCD.a(fat_common.o)
                0x20016be0                _f_getmaxcluster
 .text._getsectorfromcluster
                0x20016c74       0x68 C:/ISIS/workspace/ycube/GlobusSatProject/..//hal/hcc/lib\libHCCD.a(fat_common.o)
 .text._f_buildsectors
                0x20016cdc      0x268 C:/ISIS/workspace/ycube/GlobusSatProject/..//hal/hcc/lib\libHCCD.a(fat_common.o)
 .text._f_getbootrecord
                0x20016f44      0x5e4 C:/ISIS/workspace/ycube/GlobusSatProject/..//hal/hcc/lib\libHCCD.a(fat_common.o)
 .text._f_readbootrecord
                0x20017528      0x4f8 C:/ISIS/workspace/ycube/GlobusSatProject/..//hal/hcc/lib\libHCCD.a(fat_common.o)
 .text._f_writebootrecord
                0x20017a20      0x5e4 C:/ISIS/workspace/ycube/GlobusSatProject/..//hal/hcc/lib\libHCCD.a(fat_common.o)
 .text._f_flushcffiles
                0x20018004      0x17c C:/ISIS/workspace/ycube/GlobusSatProject/..//hal/hcc/lib\libHCCD.a(fat_common.o)
                0x20018004                _f_flushcffiles
 .text._f_fatcache_flush
                0x20018180      0x270 C:/ISIS/workspace/ycube/GlobusSatProject/..//hal/hcc/lib\libHCCD.a(fat_common.o)
                0x20018180                _f_fatcache_flush
 .text._f_writefatsector
                0x200183f0      0x100 C:/ISIS/workspace/ycube/GlobusSatProject/..//hal/hcc/lib\libHCCD.a(fat_common.o)
                0x200183f0                _f_writefatsector
 .text._f_getfatsector
                0x200184f0      0x3bc C:/ISIS/workspace/ycube/GlobusSatProject/..//hal/hcc/lib\libHCCD.a(fat_common.o)
 .text._f_setclustervalue
                0x200188ac      0x490 C:/ISIS/workspace/ycube/GlobusSatProject/..//hal/hcc/lib\libHCCD.a(fat_common.o)
                0x200188ac                _f_setclustervalue
 .text._f_getclustervalue
                0x20018d3c      0x388 C:/ISIS/workspace/ycube/GlobusSatProject/..//hal/hcc/lib\libHCCD.a(fat_common.o)
                0x20018d3c                _f_getclustervalue
 .text._f_close_drive_files
                0x200190c4       0xac C:/ISIS/workspace/ycube/GlobusSatProject/..//hal/hcc/lib\libHCCD.a(fat_common.o)
 .text._f_inc_mount_count
                0x20019170       0xa4 C:/ISIS/workspace/ycube/GlobusSatProject/..//hal/hcc/lib\libHCCD.a(fat_common.o)
 .text._f_getvolume
                0x20019214      0x2f8 C:/ISIS/workspace/ycube/GlobusSatProject/..//hal/hcc/lib\libHCCD.a(fat_common.o)
                0x20019214                _f_getvolume
 .text.fn_createdriver
                0x2001950c      0x118 C:/ISIS/workspace/ycube/GlobusSatProject/..//hal/hcc/lib\libHCCD.a(fat_common.o)
                0x2001950c                fn_createdriver
 .text.fn_initvolume
                0x20019624      0x12c C:/ISIS/workspace/ycube/GlobusSatProject/..//hal/hcc/lib\libHCCD.a(fat_common.o)
                0x20019624                fn_initvolume
 .text.fn_releasedriver
                0x20019750       0xf4 C:/ISIS/workspace/ycube/GlobusSatProject/..//hal/hcc/lib\libHCCD.a(fat_common.o)
                0x20019750                fn_releasedriver
 .text.fn_initvolumepartition_sub
                0x20019844       0xe0 C:/ISIS/workspace/ycube/GlobusSatProject/..//hal/hcc/lib\libHCCD.a(fat_common.o)
 .text.fn_initvolumepartition
                0x20019924       0xac C:/ISIS/workspace/ycube/GlobusSatProject/..//hal/hcc/lib\libHCCD.a(fat_common.o)
                0x20019924                fn_initvolumepartition
 .text.fn_delvolume
                0x200199d0      0x194 C:/ISIS/workspace/ycube/GlobusSatProject/..//hal/hcc/lib\libHCCD.a(fat_common.o)
                0x200199d0                fn_delvolume
 .text._f_clustertopos
                0x20019b64       0xf8 C:/ISIS/workspace/ycube/GlobusSatProject/..//hal/hcc/lib\libHCCD.a(fat_common.o)
                0x20019b64                _f_clustertopos
 .text._f_prepareformat
                0x20019c5c      0x8b8 C:/ISIS/workspace/ycube/GlobusSatProject/..//hal/hcc/lib\libHCCD.a(fat_common.o)
 .text._f_resetfatentries
                0x2001a514      0x410 C:/ISIS/workspace/ycube/GlobusSatProject/..//hal/hcc/lib\libHCCD.a(fat_common.o)
 .text._f_resetrootdir
                0x2001a924       0xcc C:/ISIS/workspace/ycube/GlobusSatProject/..//hal/hcc/lib\libHCCD.a(fat_common.o)
 .text._f_postformat
                0x2001a9f0      0x178 C:/ISIS/workspace/ycube/GlobusSatProject/..//hal/hcc/lib\libHCCD.a(fat_common.o)
 .text.fn_format
                0x2001ab68      0x148 C:/ISIS/workspace/ycube/GlobusSatProject/..//hal/hcc/lib\libHCCD.a(fat_common.o)
                0x2001ab68                fn_format
 .text._f_getcurrsector
                0x2001acb0      0x6c8 C:/ISIS/workspace/ycube/GlobusSatProject/..//hal/hcc/lib\libHCCD.a(fat_common.o)
                0x2001acb0                _f_getcurrsector
 .text._f_getdecluster
                0x2001b378       0x90 C:/ISIS/workspace/ycube/GlobusSatProject/..//hal/hcc/lib\libHCCD.a(fat_common.o)
                0x2001b378                _f_getdecluster
 .text._f_setdecluster
                0x2001b408       0x8c C:/ISIS/workspace/ycube/GlobusSatProject/..//hal/hcc/lib\libHCCD.a(fat_common.o)
                0x2001b408                _f_setdecluster
 .text.fn_getdrive
                0x2001b494       0x30 C:/ISIS/workspace/ycube/GlobusSatProject/..//hal/hcc/lib\libHCCD.a(fat_common.o)
                0x2001b494                fn_getdrive
 .text._f_getcurrenttimedate
                0x2001b4c4      0x138 C:/ISIS/workspace/ycube/GlobusSatProject/..//hal/hcc/lib\libHCCD.a(fat_common.o)
                0x2001b4c4                _f_getcurrenttimedate
 .text._f_initentry
                0x2001b5fc       0xa0 C:/ISIS/workspace/ycube/GlobusSatProject/..//hal/hcc/lib\libHCCD.a(fat_common.o)
                0x2001b5fc                _f_initentry
 .text._f_alloccluster
                0x2001b69c      0x344 C:/ISIS/workspace/ycube/GlobusSatProject/..//hal/hcc/lib\libHCCD.a(fat_common.o)
                0x2001b69c                _f_alloccluster
 .text._f_dobadblock
                0x2001b9e0      0x2cc C:/ISIS/workspace/ycube/GlobusSatProject/..//hal/hcc/lib\libHCCD.a(fat_common.o)
                0x2001b9e0                _f_dobadblock
 .text._f_checklocked
                0x2001bcac       0xe4 C:/ISIS/workspace/ycube/GlobusSatProject/..//hal/hcc/lib\libHCCD.a(fat_common.o)
                0x2001bcac                _f_checklocked
 .text._f_checkappendlocked
                0x2001bd90      0x110 C:/ISIS/workspace/ycube/GlobusSatProject/..//hal/hcc/lib\libHCCD.a(fat_common.o)
                0x2001bd90                _f_checkappendlocked
 .text._f_setsyncafile
                0x2001bea0      0x114 C:/ISIS/workspace/ycube/GlobusSatProject/..//hal/hcc/lib\libHCCD.a(fat_common.o)
                0x2001bea0                _f_setsyncafile
 .text._f_syncfiles
                0x2001bfb4      0x128 C:/ISIS/workspace/ycube/GlobusSatProject/..//hal/hcc/lib\libHCCD.a(fat_common.o)
                0x2001bfb4                _f_syncfiles
 .text._f_syncfilescontent
                0x2001c0dc      0x15c C:/ISIS/workspace/ycube/GlobusSatProject/..//hal/hcc/lib\libHCCD.a(fat_common.o)
 .text.fn_getfreespace
                0x2001c238      0x4c0 C:/ISIS/workspace/ycube/GlobusSatProject/..//hal/hcc/lib\libHCCD.a(fat_common.o)
                0x2001c238                fn_getfreespace
 .text._f_emptywritecache
                0x2001c6f8      0x4a4 C:/ISIS/workspace/ycube/GlobusSatProject/..//hal/hcc/lib\libHCCD.a(fat_common.o)
 .text._f_allocnextcluster
                0x2001cb9c      0x54c C:/ISIS/workspace/ycube/GlobusSatProject/..//hal/hcc/lib\libHCCD.a(fat_common.o)
 .text._f_emptywritebuffer
                0x2001d0e8      0x20c C:/ISIS/workspace/ycube/GlobusSatProject/..//hal/hcc/lib\libHCCD.a(fat_common.o)
 .text._f_writezeros
                0x2001d2f4       0xf0 C:/ISIS/workspace/ycube/GlobusSatProject/..//hal/hcc/lib\libHCCD.a(fat_common.o)
                0x2001d2f4                _f_writezeros
 .text._f_extend_file
                0x2001d3e4      0x570 C:/ISIS/workspace/ycube/GlobusSatProject/..//hal/hcc/lib\libHCCD.a(fat_common.o)
 .text._f_fseek
                0x2001d954      0x9bc C:/ISIS/workspace/ycube/GlobusSatProject/..//hal/hcc/lib\libHCCD.a(fat_common.o)
                0x2001d954                _f_fseek
 .text._f_removechain
                0x2001e310      0x104 C:/ISIS/workspace/ycube/GlobusSatProject/..//hal/hcc/lib\libHCCD.a(fat_common.o)
                0x2001e310                _f_removechain
 .text._f_updatefileentry
                0x2001e414      0x1cc C:/ISIS/workspace/ycube/GlobusSatProject/..//hal/hcc/lib\libHCCD.a(fat_common.o)
 .text._f_checkreadlocked
                0x2001e5e0      0x1bc C:/ISIS/workspace/ycube/GlobusSatProject/..//hal/hcc/lib\libHCCD.a(fat_common.o)
                0x2001e5e0                _f_checkreadlocked
 .text._f_check_handle
                0x2001e79c       0x98 C:/ISIS/workspace/ycube/GlobusSatProject/..//hal/hcc/lib\libHCCD.a(fat_common.o)
                0x2001e79c                _f_check_handle
 .text._f_removesyncafile
                0x2001e834      0x1ec C:/ISIS/workspace/ycube/GlobusSatProject/..//hal/hcc/lib\libHCCD.a(fat_common.o)
 .text.fn_close
                0x2001ea20      0x3f8 C:/ISIS/workspace/ycube/GlobusSatProject/..//hal/hcc/lib\libHCCD.a(fat_common.o)
                0x2001ea20                fn_close
 .text.fn_flush
                0x2001ee18      0x374 C:/ISIS/workspace/ycube/GlobusSatProject/..//hal/hcc/lib\libHCCD.a(fat_common.o)
                0x2001ee18                fn_flush
 .text.fn_read  0x2001f18c      0x690 C:/ISIS/workspace/ycube/GlobusSatProject/..//hal/hcc/lib\libHCCD.a(fat_common.o)
                0x2001f18c                fn_read
 .text._f_abortwrite
                0x2001f81c      0x100 C:/ISIS/workspace/ycube/GlobusSatProject/..//hal/hcc/lib\libHCCD.a(fat_common.o)
 .text._f_checkwritecluster
                0x2001f91c       0xe4 C:/ISIS/workspace/ycube/GlobusSatProject/..//hal/hcc/lib\libHCCD.a(fat_common.o)
 .text.fn_write
                0x2001fa00      0x8a8 C:/ISIS/workspace/ycube/GlobusSatProject/..//hal/hcc/lib\libHCCD.a(fat_common.o)
                0x2001fa00                fn_write
 .text.fn_seek  0x200202a8      0x270 C:/ISIS/workspace/ycube/GlobusSatProject/..//hal/hcc/lib\libHCCD.a(fat_common.o)
                0x200202a8                fn_seek
 .text.fn_tell  0x20020518      0x19c C:/ISIS/workspace/ycube/GlobusSatProject/..//hal/hcc/lib\libHCCD.a(fat_common.o)
                0x20020518                fn_tell
 .text.fn_rewind
                0x200206b4       0x38 C:/ISIS/workspace/ycube/GlobusSatProject/..//hal/hcc/lib\libHCCD.a(fat_common.o)
                0x200206b4                fn_rewind
 .text.fn_putc  0x200206ec       0x68 C:/ISIS/workspace/ycube/GlobusSatProject/..//hal/hcc/lib\libHCCD.a(fat_common.o)
                0x200206ec                fn_putc
 .text.f_enterFS
                0x20020754      0x1c0 C:/ISIS/workspace/ycube/GlobusSatProject/..//hal/hcc/lib\libHCCD.a(fat_common.o)
                0x20020754                f_enterFS
 .text.f_releaseFS
                0x20020914       0xb0 C:/ISIS/workspace/ycube/GlobusSatProject/..//hal/hcc/lib\libHCCD.a(fat_common.o)
                0x20020914                f_releaseFS
 .text.fnGetTask
                0x200209c4       0xfc C:/ISIS/workspace/ycube/GlobusSatProject/..//hal/hcc/lib\libHCCD.a(fat_common.o)
                0x200209c4                fnGetTask
 .text._f_mutex_get
                0x20020ac0       0x98 C:/ISIS/workspace/ycube/GlobusSatProject/..//hal/hcc/lib\libHCCD.a(fat_common.o)
                0x20020ac0                _f_mutex_get
 .text._f_mutex_put
                0x20020b58       0x54 C:/ISIS/workspace/ycube/GlobusSatProject/..//hal/hcc/lib\libHCCD.a(fat_common.o)
                0x20020b58                _f_mutex_put
 .text._fn_initseekdivisor
                0x20020bac      0x158 C:/ISIS/workspace/ycube/GlobusSatProject/..//hal/hcc/lib\libHCCD.a(fat_common.o)
                0x20020bac                _fn_initseekdivisor
 .text._fn_updateseekpos
                0x20020d04       0xc4 C:/ISIS/workspace/ycube/GlobusSatProject/..//hal/hcc/lib\libHCCD.a(fat_common.o)
 .text._f_findopensize
                0x20020dc8       0x2c C:/ISIS/workspace/ycube/GlobusSatProject/..//hal/hcc/lib\libHCCD.a(fat_common.o)
                0x20020dc8                _f_findopensize
 .text.fn_setlasterror
                0x20020df4       0x34 C:/ISIS/workspace/ycube/GlobusSatProject/..//hal/hcc/lib\libHCCD.a(fat_common.o)
                0x20020df4                fn_setlasterror
 .text.fn_setlasterror_noret
                0x20020e28       0x2c C:/ISIS/workspace/ycube/GlobusSatProject/..//hal/hcc/lib\libHCCD.a(fat_common.o)
                0x20020e28                fn_setlasterror_noret
 .text._s_checkzeroclusteratend
                0x20020e54       0xf8 C:/ISIS/workspace/ycube/GlobusSatProject/..//hal/hcc/lib\libHCCD.a(safefat.o)
 .text._s_clearclustercontent
                0x20020f4c      0x108 C:/ISIS/workspace/ycube/GlobusSatProject/..//hal/hcc/lib\libHCCD.a(safefat.o)
 .text._s_clearclustercontentdir
                0x20021054      0x19c C:/ISIS/workspace/ycube/GlobusSatProject/..//hal/hcc/lib\libHCCD.a(safefat.o)
 .text._s_writedirsector
                0x200211f0       0xd0 C:/ISIS/workspace/ycube/GlobusSatProject/..//hal/hcc/lib\libHCCD.a(safefat.o)
 .text._s_getdirsector
                0x200212c0      0x100 C:/ISIS/workspace/ycube/GlobusSatProject/..//hal/hcc/lib\libHCCD.a(safefat.o)
 .text._s_addentry
                0x200213c0      0x394 C:/ISIS/workspace/ycube/GlobusSatProject/..//hal/hcc/lib\libHCCD.a(safefat.o)
 .text._s_findfile
                0x20021754      0x33c C:/ISIS/workspace/ycube/GlobusSatProject/..//hal/hcc/lib\libHCCD.a(safefat.o)
 .text._s_findsubdir
                0x20021a90      0x248 C:/ISIS/workspace/ycube/GlobusSatProject/..//hal/hcc/lib\libHCCD.a(safefat.o)
 .text._s_createfile
                0x20021cd8      0x190 C:/ISIS/workspace/ycube/GlobusSatProject/..//hal/hcc/lib\libHCCD.a(safefat.o)
 .text._s_findsaffile
                0x20021e68      0x1b8 C:/ISIS/workspace/ycube/GlobusSatProject/..//hal/hcc/lib\libHCCD.a(safefat.o)
 .text._s_open  0x20022020       0xe4 C:/ISIS/workspace/ycube/GlobusSatProject/..//hal/hcc/lib\libHCCD.a(safefat.o)
 .text._s_open_saf
                0x20022104       0xe8 C:/ISIS/workspace/ycube/GlobusSatProject/..//hal/hcc/lib\libHCCD.a(safefat.o)
 .text._s_flush
                0x200221ec       0x84 C:/ISIS/workspace/ycube/GlobusSatProject/..//hal/hcc/lib\libHCCD.a(safefat.o)
 .text._s_allocnextcluster
                0x20022270      0x13c C:/ISIS/workspace/ycube/GlobusSatProject/..//hal/hcc/lib\libHCCD.a(safefat.o)
 .text._s_getnextsector
                0x200223ac       0xdc C:/ISIS/workspace/ycube/GlobusSatProject/..//hal/hcc/lib\libHCCD.a(safefat.o)
 .text._s_seek  0x20022488      0x1e8 C:/ISIS/workspace/ycube/GlobusSatProject/..//hal/hcc/lib\libHCCD.a(safefat.o)
 .text._s_get_len
                0x20022670      0x10c C:/ISIS/workspace/ycube/GlobusSatProject/..//hal/hcc/lib\libHCCD.a(safefat.o)
 .text._s_set_len
                0x2002277c       0xb4 C:/ISIS/workspace/ycube/GlobusSatProject/..//hal/hcc/lib\libHCCD.a(safefat.o)
 .text.safe_fix_filelengths
                0x20022830       0xcc C:/ISIS/workspace/ycube/GlobusSatProject/..//hal/hcc/lib\libHCCD.a(safefat.o)
                0x20022830                safe_fix_filelengths
 .text._s_read  0x200228fc      0x228 C:/ISIS/workspace/ycube/GlobusSatProject/..//hal/hcc/lib\libHCCD.a(safefat.o)
 .text._s_write
                0x20022b24      0x384 C:/ISIS/workspace/ycube/GlobusSatProject/..//hal/hcc/lib\libHCCD.a(safefat.o)
 .text._s_restoreclusters
                0x20022ea8      0x270 C:/ISIS/workspace/ycube/GlobusSatProject/..//hal/hcc/lib\libHCCD.a(safefat.o)
                0x20022ea8                _s_restoreclusters
 .text._s_findrestore
                0x20023118      0x18c C:/ISIS/workspace/ycube/GlobusSatProject/..//hal/hcc/lib\libHCCD.a(safefat.o)
 .text._s_cmd_writede
                0x200232a4       0xd8 C:/ISIS/workspace/ycube/GlobusSatProject/..//hal/hcc/lib\libHCCD.a(safefat.o)
 .text._s_cmd_setcluster
                0x2002337c       0x88 C:/ISIS/workspace/ycube/GlobusSatProject/..//hal/hcc/lib\libHCCD.a(safefat.o)
 .text._s_cmd_deletechain
                0x20023404      0x100 C:/ISIS/workspace/ycube/GlobusSatProject/..//hal/hcc/lib\libHCCD.a(safefat.o)
 .text._s_cmd_validatecfn
                0x20023504      0x308 C:/ISIS/workspace/ycube/GlobusSatProject/..//hal/hcc/lib\libHCCD.a(safefat.o)
 .text._s_cmd_seteof
                0x2002380c      0x3c4 C:/ISIS/workspace/ycube/GlobusSatProject/..//hal/hcc/lib\libHCCD.a(safefat.o)
 .text.safe_docommands
                0x20023bd0      0x56c C:/ISIS/workspace/ycube/GlobusSatProject/..//hal/hcc/lib\libHCCD.a(safefat.o)
                0x20023bd0                safe_docommands
 .text.safe_entercommand
                0x2002413c       0x68 C:/ISIS/workspace/ycube/GlobusSatProject/..//hal/hcc/lib\libHCCD.a(safefat.o)
                0x2002413c                safe_entercommand
 .text.safe_ready
                0x200241a4       0xf4 C:/ISIS/workspace/ycube/GlobusSatProject/..//hal/hcc/lib\libHCCD.a(safefat.o)
                0x200241a4                safe_ready
 .text.safe_copycfn
                0x20024298       0xb8 C:/ISIS/workspace/ycube/GlobusSatProject/..//hal/hcc/lib\libHCCD.a(safefat.o)
                0x20024298                safe_copycfn
 .text.safe_cfremove
                0x20024350       0xb8 C:/ISIS/workspace/ycube/GlobusSatProject/..//hal/hcc/lib\libHCCD.a(safefat.o)
                0x20024350                safe_cfremove
 .text.safe_writede
                0x20024408      0x104 C:/ISIS/workspace/ycube/GlobusSatProject/..//hal/hcc/lib\libHCCD.a(safefat.o)
                0x20024408                safe_writede
 .text.safe_setcluster
                0x2002450c       0xcc C:/ISIS/workspace/ycube/GlobusSatProject/..//hal/hcc/lib\libHCCD.a(safefat.o)
                0x2002450c                safe_setcluster
 .text.safe_deletechain
                0x200245d8      0x1c8 C:/ISIS/workspace/ycube/GlobusSatProject/..//hal/hcc/lib\libHCCD.a(safefat.o)
                0x200245d8                safe_deletechain
 .text.safe_cfclose
                0x200247a0      0x104 C:/ISIS/workspace/ycube/GlobusSatProject/..//hal/hcc/lib\libHCCD.a(safefat.o)
                0x200247a0                safe_cfclose
 .text.safe_cfflush
                0x200248a4      0x124 C:/ISIS/workspace/ycube/GlobusSatProject/..//hal/hcc/lib\libHCCD.a(safefat.o)
                0x200248a4                safe_cfflush
 .text.safe_reset
                0x200249c8       0x78 C:/ISIS/workspace/ycube/GlobusSatProject/..//hal/hcc/lib\libHCCD.a(safefat.o)
                0x200249c8                safe_reset
 .text.safe_loadcommands
                0x20024a40       0x78 C:/ISIS/workspace/ycube/GlobusSatProject/..//hal/hcc/lib\libHCCD.a(safefat.o)
                0x20024a40                safe_loadcommands
 .text.safe_poweron
                0x20024ab8      0x1fc C:/ISIS/workspace/ycube/GlobusSatProject/..//hal/hcc/lib\libHCCD.a(safefat.o)
                0x20024ab8                safe_poweron
 .text.cf_getname
                0x20024cb4       0xc0 C:/ISIS/workspace/ycube/GlobusSatProject/..//hal/hcc/lib\libHCCD.a(safefat.o)
 .text.cf_copyclusterchain
                0x20024d74      0x138 C:/ISIS/workspace/ycube/GlobusSatProject/..//hal/hcc/lib\libHCCD.a(safefat.o)
 .text.cf_seektozero
                0x20024eac       0x94 C:/ISIS/workspace/ycube/GlobusSatProject/..//hal/hcc/lib\libHCCD.a(safefat.o)
                0x20024eac                cf_seektozero
 .text.cf_create
                0x20024f40      0x3a8 C:/ISIS/workspace/ycube/GlobusSatProject/..//hal/hcc/lib\libHCCD.a(safefat.o)
                0x20024f40                cf_create
 .text.cf_copyclustercontent
                0x200252e8      0x128 C:/ISIS/workspace/ycube/GlobusSatProject/..//hal/hcc/lib\libHCCD.a(safefat.o)
                0x200252e8                cf_copyclustercontent
 .text.cf_copycfn
                0x20025410      0x4bc C:/ISIS/workspace/ycube/GlobusSatProject/..//hal/hcc/lib\libHCCD.a(safefat.o)
                0x20025410                cf_copycfn
 .text.cf_remove
                0x200258cc      0x344 C:/ISIS/workspace/ycube/GlobusSatProject/..//hal/hcc/lib\libHCCD.a(safefat.o)
                0x200258cc                cf_remove
 .text.cf_setclusternew
                0x20025c10       0xf0 C:/ISIS/workspace/ycube/GlobusSatProject/..//hal/hcc/lib\libHCCD.a(safefat.o)
                0x20025c10                cf_setclusternew
 .text.cf_flush
                0x20025d00       0x58 C:/ISIS/workspace/ycube/GlobusSatProject/..//hal/hcc/lib\libHCCD.a(safefat.o)
                0x20025d00                cf_flush
 .text.cf_getcluster
                0x20025d58      0x1b4 C:/ISIS/workspace/ycube/GlobusSatProject/..//hal/hcc/lib\libHCCD.a(safefat.o)
                0x20025d58                cf_getcluster
 .text.cf_setnextcluster
                0x20025f0c      0x194 C:/ISIS/workspace/ycube/GlobusSatProject/..//hal/hcc/lib\libHCCD.a(safefat.o)
                0x20025f0c                cf_setnextcluster
 .text.cf_getpositions
                0x200260a0       0xbc C:/ISIS/workspace/ycube/GlobusSatProject/..//hal/hcc/lib\libHCCD.a(safefat.o)
                0x200260a0                cf_getpositions
 .text.cf_setpositions
                0x2002615c       0xb0 C:/ISIS/workspace/ycube/GlobusSatProject/..//hal/hcc/lib\libHCCD.a(safefat.o)
                0x2002615c                cf_setpositions
 .text.cf_opensyncafile
                0x2002620c      0x150 C:/ISIS/workspace/ycube/GlobusSatProject/..//hal/hcc/lib\libHCCD.a(safefat.o)
                0x2002620c                cf_opensyncafile
 .text.cf_reloadcfo
                0x2002635c       0xd8 C:/ISIS/workspace/ycube/GlobusSatProject/..//hal/hcc/lib\libHCCD.a(safefat.o)
                0x2002635c                cf_reloadcfo
 .text.mcipdc_cmd
                0x20026434      0x22c C:/ISIS/workspace/ycube/GlobusSatProject/..//hal/hcc/lib\libHCCD.a(atmel_mcipdc.o)
 .text.mcipdc_stop
                0x20026660       0xfc C:/ISIS/workspace/ycube/GlobusSatProject/..//hal/hcc/lib\libHCCD.a(atmel_mcipdc.o)
                0x20026660                mcipdc_stop
 .text.mcipdc_read
                0x2002675c      0x27c C:/ISIS/workspace/ycube/GlobusSatProject/..//hal/hcc/lib\libHCCD.a(atmel_mcipdc.o)
 .text.mcipdc_write
                0x200269d8      0x298 C:/ISIS/workspace/ycube/GlobusSatProject/..//hal/hcc/lib\libHCCD.a(atmel_mcipdc.o)
 .text.mcipdc_readsector
                0x20026c70       0x9c C:/ISIS/workspace/ycube/GlobusSatProject/..//hal/hcc/lib\libHCCD.a(atmel_mcipdc.o)
                0x20026c70                mcipdc_readsector
 .text.mcipdc_readmultiplesector
                0x20026d0c      0x124 C:/ISIS/workspace/ycube/GlobusSatProject/..//hal/hcc/lib\libHCCD.a(atmel_mcipdc.o)
                0x20026d0c                mcipdc_readmultiplesector
 .text.mcipdc_writesector
                0x20026e30       0x90 C:/ISIS/workspace/ycube/GlobusSatProject/..//hal/hcc/lib\libHCCD.a(atmel_mcipdc.o)
                0x20026e30                mcipdc_writesector
 .text.mcipdc_writemultiplesector
                0x20026ec0      0x120 C:/ISIS/workspace/ycube/GlobusSatProject/..//hal/hcc/lib\libHCCD.a(atmel_mcipdc.o)
                0x20026ec0                mcipdc_writemultiplesector
 .text.mcipdc_set_speed
                0x20026fe0       0xb0 C:/ISIS/workspace/ycube/GlobusSatProject/..//hal/hcc/lib\libHCCD.a(atmel_mcipdc.o)
 .text.mcipdc_get_speed
                0x20027090       0x48 C:/ISIS/workspace/ycube/GlobusSatProject/..//hal/hcc/lib\libHCCD.a(atmel_mcipdc.o)
 .text._get_csd_bits
                0x200270d8      0x14c C:/ISIS/workspace/ycube/GlobusSatProject/..//hal/hcc/lib\libHCCD.a(atmel_mcipdc.o)
 .text.mcipdc_initcard
                0x20027224      0x8f4 C:/ISIS/workspace/ycube/GlobusSatProject/..//hal/hcc/lib\libHCCD.a(atmel_mcipdc.o)
 .text.mcipdc_getstatus
                0x20027b18       0xe8 C:/ISIS/workspace/ycube/GlobusSatProject/..//hal/hcc/lib\libHCCD.a(atmel_mcipdc.o)
 .text.mcipdc_getphy
                0x20027c00       0x90 C:/ISIS/workspace/ycube/GlobusSatProject/..//hal/hcc/lib\libHCCD.a(atmel_mcipdc.o)
 .text.mcipdc_release
                0x20027c90       0x50 C:/ISIS/workspace/ycube/GlobusSatProject/..//hal/hcc/lib\libHCCD.a(atmel_mcipdc.o)
 .text.atmel_mcipdc_initfunc
                0x20027ce0      0x160 C:/ISIS/workspace/ycube/GlobusSatProject/..//hal/hcc/lib\libHCCD.a(atmel_mcipdc.o)
                0x20027ce0                atmel_mcipdc_initfunc
 .text.oal_task_get_id
                0x20027e40       0x18 C:/ISIS/workspace/ycube/GlobusSatProject/..//hal/hcc/lib\libHCCD.a(oalp_task.o)
                0x20027e40                oal_task_get_id
 .text.oal_mutex_create
                0x20027e58       0x54 C:/ISIS/workspace/ycube/GlobusSatProject/..//hal/hcc/lib\libHCCD.a(oalp_mutex.o)
                0x20027e58                oal_mutex_create
 .text.oal_mutex_delete
                0x20027eac       0x30 C:/ISIS/workspace/ycube/GlobusSatProject/..//hal/hcc/lib\libHCCD.a(oalp_mutex.o)
                0x20027eac                oal_mutex_delete
 .text.oal_mutex_get
                0x20027edc       0x58 C:/ISIS/workspace/ycube/GlobusSatProject/..//hal/hcc/lib\libHCCD.a(oalp_mutex.o)
                0x20027edc                oal_mutex_get
 .text.oal_mutex_put
                0x20027f34       0x58 C:/ISIS/workspace/ycube/GlobusSatProject/..//hal/hcc/lib\libHCCD.a(oalp_mutex.o)
                0x20027f34                oal_mutex_put
 .text.mcipdc_hw_init
                0x20027f8c       0xe8 C:/ISIS/workspace/ycube/GlobusSatProject/..//hal/hcc/lib\libHCCD.a(atmel_mcipdc_hw.o)
                0x20027f8c                mcipdc_hw_init
 .text.mcipdc_hw_delete
                0x20028074       0x78 C:/ISIS/workspace/ycube/GlobusSatProject/..//hal/hcc/lib\libHCCD.a(atmel_mcipdc_hw.o)
                0x20028074                mcipdc_hw_delete
 .text.mcipdc_hw_card_plugged
                0x200280ec       0x1c C:/ISIS/workspace/ycube/GlobusSatProject/..//hal/hcc/lib\libHCCD.a(atmel_mcipdc_hw.o)
                0x200280ec                mcipdc_hw_card_plugged
 .text.mcipdc_hw_card_writeprotect
                0x20028108       0x1c C:/ISIS/workspace/ycube/GlobusSatProject/..//hal/hcc/lib\libHCCD.a(atmel_mcipdc_hw.o)
                0x20028108                mcipdc_hw_card_writeprotect
 .text.psp_getrand
                0x20028124      0x14c C:/ISIS/workspace/ycube/GlobusSatProject/..//hal/hcc/lib\libHCCD.a(psp_rand.o)
                0x20028124                psp_getrand
 .text.psp_getcurrenttimedate
                0x20028270       0x8c C:/ISIS/workspace/ycube/GlobusSatProject/..//hal/hcc/lib\libHCCD.a(psp_rtc.o)
                0x20028270                psp_getcurrenttimedate
 .text._hcc_get_buf_dsc
                0x200282fc       0x8c C:/ISIS/workspace/ycube/GlobusSatProject/..//hal/hcc/lib\libHCCD.a(hcc_mem.o)
 .text._hcc_check_free_pages
                0x20028388      0x18c C:/ISIS/workspace/ycube/GlobusSatProject/..//hal/hcc/lib\libHCCD.a(hcc_mem.o)
 .text._hcc_mark_pages
                0x20028514      0x158 C:/ISIS/workspace/ycube/GlobusSatProject/..//hal/hcc/lib\libHCCD.a(hcc_mem.o)
 .text._hcc_clear_lock_dsc
                0x2002866c       0x80 C:/ISIS/workspace/ycube/GlobusSatProject/..//hal/hcc/lib\libHCCD.a(hcc_mem.o)
 .text._hcc_lock_access
                0x200286ec      0x128 C:/ISIS/workspace/ycube/GlobusSatProject/..//hal/hcc/lib\libHCCD.a(hcc_mem.o)
 .text._hcc_unlock_access
                0x20028814       0x30 C:/ISIS/workspace/ycube/GlobusSatProject/..//hal/hcc/lib\libHCCD.a(hcc_mem.o)
 .text.hcc_mem_alloc
                0x20028844      0x454 C:/ISIS/workspace/ycube/GlobusSatProject/..//hal/hcc/lib\libHCCD.a(hcc_mem.o)
                0x20028844                hcc_mem_alloc
 .text.hcc_mem_free
                0x20028c98      0x178 C:/ISIS/workspace/ycube/GlobusSatProject/..//hal/hcc/lib\libHCCD.a(hcc_mem.o)
                0x20028c98                hcc_mem_free
 .text.hcc_mem_add
                0x20028e10      0x3b0 C:/ISIS/workspace/ycube/GlobusSatProject/..//hal/hcc/lib\libHCCD.a(hcc_mem.o)
                0x20028e10                hcc_mem_add
 .text.hcc_mem_init
                0x200291c0      0x164 C:/ISIS/workspace/ycube/GlobusSatProject/..//hal/hcc/lib\libHCCD.a(hcc_mem.o)
                0x200291c0                hcc_mem_init
 .text.hcc_mem_delete
                0x20029324       0x94 C:/ISIS/workspace/ycube/GlobusSatProject/..//hal/hcc/lib\libHCCD.a(hcc_mem.o)
                0x20029324                hcc_mem_delete
 .text.hcc_mem_buf_alloc
                0x200293b8       0xe4 C:/ISIS/workspace/ycube/GlobusSatProject/..//hal/hcc/lib\libHCCD.a(psp_hcc_mem.o)
                0x200293b8                hcc_mem_buf_alloc
 .text.hcc_mem_buf_free
                0x2002949c       0x6c C:/ISIS/workspace/ycube/GlobusSatProject/..//hal/hcc/lib\libHCCD.a(psp_hcc_mem.o)
                0x2002949c                hcc_mem_buf_free
 .text.IsisSolarPanelv2_initialize
                0x20029508      0x118 C:/ISIS/workspace/ycube/GlobusSatProject/..//satellite-subsystems/satellite-subsystems/lib\libSatelliteSubsystemsD.a(IsisSolarPanelv2.o)
                0x20029508                IsisSolarPanelv2_initialize
 .text.IsisSolarPanelv2_getTemperature
                0x20029620       0xfc C:/ISIS/workspace/ycube/GlobusSatProject/..//satellite-subsystems/satellite-subsystems/lib\libSatelliteSubsystemsD.a(IsisSolarPanelv2.o)
                0x20029620                IsisSolarPanelv2_getTemperature
 .text._Reset   0x2002971c       0x20 C:/ISIS/workspace/ycube/GlobusSatProject/..//satellite-subsystems/satellite-subsystems/lib\libSatelliteSubsystemsD.a(IsisSolarPanelv2.o)
 .text._WaitForStartup
                0x2002973c       0xa0 C:/ISIS/workspace/ycube/GlobusSatProject/..//satellite-subsystems/satellite-subsystems/lib\libSatelliteSubsystemsD.a(IsisSolarPanelv2.o)
 .text._AssignAllChannels
                0x200297dc       0x90 C:/ISIS/workspace/ycube/GlobusSatProject/..//satellite-subsystems/satellite-subsystems/lib\libSatelliteSubsystemsD.a(IsisSolarPanelv2.o)
 .text._AssignThisChannel
                0x2002986c       0xe8 C:/ISIS/workspace/ycube/GlobusSatProject/..//satellite-subsystems/satellite-subsystems/lib\libSatelliteSubsystemsD.a(IsisSolarPanelv2.o)
 .text._InitiateConversion
                0x20029954       0xac C:/ISIS/workspace/ycube/GlobusSatProject/..//satellite-subsystems/satellite-subsystems/lib\libSatelliteSubsystemsD.a(IsisSolarPanelv2.o)
 .text._WaitForConversionComplete
                0x20029a00      0x110 C:/ISIS/workspace/ycube/GlobusSatProject/..//satellite-subsystems/satellite-subsystems/lib\libSatelliteSubsystemsD.a(IsisSolarPanelv2.o)
 .text._ReadResult
                0x20029b10      0x158 C:/ISIS/workspace/ycube/GlobusSatProject/..//satellite-subsystems/satellite-subsystems/lib\libSatelliteSubsystemsD.a(IsisSolarPanelv2.o)
 .text._ExtractByte
                0x20029c68       0x38 C:/ISIS/workspace/ycube/GlobusSatProject/..//satellite-subsystems/satellite-subsystems/lib\libSatelliteSubsystemsD.a(IsisSolarPanelv2.o)
 .text._ExtendSign
                0x20029ca0       0x6c C:/ISIS/workspace/ycube/GlobusSatProject/..//satellite-subsystems/satellite-subsystems/lib\libSatelliteSubsystemsD.a(IsisSolarPanelv2.o)
 .text._PinsInit
                0x20029d0c       0x68 C:/ISIS/workspace/ycube/GlobusSatProject/..//satellite-subsystems/satellite-subsystems/lib\libSatelliteSubsystemsD.a(IsisSolarPanelv2.o)
 .text._SpiWriteRead
                0x20029d74       0x70 C:/ISIS/workspace/ycube/GlobusSatProject/..//satellite-subsystems/satellite-subsystems/lib\libSatelliteSubsystemsD.a(IsisSolarPanelv2.o)
 .text.ISIS_ANTS_Init
                0x20029de4       0xc4 C:/ISIS/workspace/ycube/GlobusSatProject/..//satellite-subsystems/satellite-subsystems/lib\libSatelliteSubsystemsD.a(isis_ants.o)
                0x20029de4                ISIS_ANTS_Init
 .text.isis_ants__cancel_deploy
                0x20029ea8       0x98 C:/ISIS/workspace/ycube/GlobusSatProject/..//satellite-subsystems/satellite-subsystems/lib\libSatelliteSubsystemsD.a(isis_ants.o)
                0x20029ea8                isis_ants__cancel_deploy
 .text.isis_ants__disarm
                0x20029f40       0x98 C:/ISIS/workspace/ycube/GlobusSatProject/..//satellite-subsystems/satellite-subsystems/lib\libSatelliteSubsystemsD.a(isis_ants.o)
                0x20029f40                isis_ants__disarm
 .text.isis_ants__get_all_telemetry
                0x20029fd8       0xa8 C:/ISIS/workspace/ycube/GlobusSatProject/..//satellite-subsystems/satellite-subsystems/lib\libSatelliteSubsystemsD.a(isis_ants.o)
                0x20029fd8                isis_ants__get_all_telemetry
 .text.isis_ants__get_status
                0x2002a080       0xa8 C:/ISIS/workspace/ycube/GlobusSatProject/..//satellite-subsystems/satellite-subsystems/lib\libSatelliteSubsystemsD.a(isis_ants.o)
                0x2002a080                isis_ants__get_status
 .text.isis_ants__get_uptime
                0x2002a128       0xa8 C:/ISIS/workspace/ycube/GlobusSatProject/..//satellite-subsystems/satellite-subsystems/lib\libSatelliteSubsystemsD.a(isis_ants.o)
                0x2002a128                isis_ants__get_uptime
 .text.isis_ants__reset