Archive member included because of file (symbol)

C:/ISIS/workspace/ycube/GlobusSatProject/..//hal/hal/lib\libHALD.a(SPI.o)
                              ./src/InitSystem.o (SPI_start)
C:/ISIS/workspace/ycube/GlobusSatProject/..//hal/hal/lib\libHALD.a(I2C.o)
                              ./src/SubSystemModules/Housekepping/Payload.o (I2C_write)
C:/ISIS/workspace/ycube/GlobusSatProject/..//hal/hal/lib\libHALD.a(ADC.o)
                              ./src/SubSystemModules/Housekepping/TelemetryCollector.o (ADC_ConvertRaw10bitToMillivolt)
C:/ISIS/workspace/ycube/GlobusSatProject/..//hal/hal/lib\libHALD.a(FRAM.o)
                              ./src/SubSystemModules/Communication/SubsystemCommands/Maintanence_Commands.o (FRAM_start)
C:/ISIS/workspace/ycube/GlobusSatProject/..//hal/hal/lib\libHALD.a(Time.o)
                              ./src/InitSystem.o (Time_start)
C:/ISIS/workspace/ycube/GlobusSatProject/..//hal/hal/lib\libHALD.a(WatchDogTimerNoOS.o)
                              ./src/main.o (WDT_start)
C:/ISIS/workspace/ycube/GlobusSatProject/..//hal/hal/lib\libHALD.a(RTT.o)
                              C:/ISIS/workspace/ycube/GlobusSatProject/..//hal/hal/lib\libHALD.a(Time.o) (RTT_start)
C:/ISIS/workspace/ycube/GlobusSatProject/..//hal/hal/lib\libHALD.a(RTC.o)
                              C:/ISIS/workspace/ycube/GlobusSatProject/..//hal/hal/lib\libHALD.a(Time.o) (RTC_getTime)
C:/ISIS/workspace/ycube/GlobusSatProject/..//hal/hal/lib\libHALD.a(WatchDogTimerOS.o)
                              ./src/TestingDemos/MainTest.o (WDT_startWatchdogKickTask)
C:/ISIS/workspace/ycube/GlobusSatProject/..//hal/hal/lib\libHALD.a(fprintf.o)
                              ./src/TLM_management.o (f_puts)
C:/ISIS/workspace/ycube/GlobusSatProject/..//hal/hal/lib\libHALD.a(util.o)
                              ./src/TestingDemos/CommandsTestingDemo.o (UTIL_DbguGetIntegerMinMax)
C:/ISIS/workspace/ycube/GlobusSatProject/..//hal/hal/lib\libHALD.a(LED.o)
                              C:/ISIS/workspace/ycube/GlobusSatProject/..//hal/hal/lib\libHALD.a(WatchDogTimerOS.o) (LED_toggle)
C:/ISIS/workspace/ycube/GlobusSatProject/..//hal/hcc/lib\libHCCD.a(fat_m.o)
                              ./src/TLM_management.o (fm_initvolume)
C:/ISIS/workspace/ycube/GlobusSatProject/..//hal/hcc/lib\libHCCD.a(fat.o)
                              C:/ISIS/workspace/ycube/GlobusSatProject/..//hal/hcc/lib\libHCCD.a(fat_m.o) (fn_getdcwd)
C:/ISIS/workspace/ycube/GlobusSatProject/..//hal/hcc/lib\libHCCD.a(fat_common.o)
                              C:/ISIS/workspace/ycube/GlobusSatProject/..//hal/hcc/lib\libHCCD.a(fat.o) (p_filesystem)
C:/ISIS/workspace/ycube/GlobusSatProject/..//hal/hcc/lib\libHCCD.a(safefat.o)
                              C:/ISIS/workspace/ycube/GlobusSatProject/..//hal/hcc/lib\libHCCD.a(fat.o) (s_subdir)
C:/ISIS/workspace/ycube/GlobusSatProject/..//hal/hcc/lib\libHCCD.a(atmel_mcipdc.o)
                              ./src/TLM_management.o (atmel_mcipdc_initfunc)
C:/ISIS/workspace/ycube/GlobusSatProject/..//hal/hcc/lib\libHCCD.a(oalp_task.o)
                              C:/ISIS/workspace/ycube/GlobusSatProject/..//hal/hcc/lib\libHCCD.a(fat_common.o) (oal_task_get_id)
C:/ISIS/workspace/ycube/GlobusSatProject/..//hal/hcc/lib\libHCCD.a(oalp_mutex.o)
                              C:/ISIS/workspace/ycube/GlobusSatProject/..//hal/hcc/lib\libHCCD.a(fat_common.o) (oal_mutex_create)
C:/ISIS/workspace/ycube/GlobusSatProject/..//hal/hcc/lib\libHCCD.a(atmel_mcipdc_hw.o)
                              C:/ISIS/workspace/ycube/GlobusSatProject/..//hal/hcc/lib\libHCCD.a(atmel_mcipdc.o) (mcipdc_hw_init)
C:/ISIS/workspace/ycube/GlobusSatProject/..//hal/hcc/lib\libHCCD.a(psp_rand.o)
                              C:/ISIS/workspace/ycube/GlobusSatProject/..//hal/hcc/lib\libHCCD.a(fat_common.o) (psp_getrand)
C:/ISIS/workspace/ycube/GlobusSatProject/..//hal/hcc/lib\libHCCD.a(psp_rtc.o)
                              C:/ISIS/workspace/ycube/GlobusSatProject/..//hal/hcc/lib\libHCCD.a(fat_common.o) (psp_getcurrenttimedate)
C:/ISIS/workspace/ycube/GlobusSatProject/..//hal/hcc/lib\libHCCD.a(hcc_mem.o)
                              C:/ISIS/workspace/ycube/GlobusSatProject/..//hal/hcc/lib\libHCCD.a(atmel_mcipdc.o) (hcc_mem_alloc)
C:/ISIS/workspace/ycube/GlobusSatProject/..//hal/hcc/lib\libHCCD.a(psp_hcc_mem.o)
                              C:/ISIS/workspace/ycube/GlobusSatProject/..//hal/hcc/lib\libHCCD.a(hcc_mem.o) (hcc_mem_buf_alloc)
C:/ISIS/workspace/ycube/GlobusSatProject/..//satellite-subsystems/satellite-subsystems/lib\libSatelliteSubsystemsD.a(IsisSolarPanelv2.o)
                              ./src/SubSystemModules/PowerManagment/EPS.o (IsisSolarPanelv2_initialize)
C:/ISIS/workspace/ycube/GlobusSatProject/..//satellite-subsystems/satellite-subsystems/lib\libSatelliteSubsystemsD.a(isis_ants_rev2.o)
                              ./src/SubSystemModules/Communication/TRXVU.o (ISIS_ANTS_REV2_Init)
[...]
Memory Configuration

Name             Origin             Length             Attributes
sram0            0x00200000         0x00004000         w !xr
sram1            0x00300000         0x00004000         w !xr
sdram            0x20000000         0x02000000         w !xr
*default*        0x00000000         0xffffffff

Linker script and memory map

LOAD c:/isis/application/toolchain/bin/../lib/gcc/arm-none-eabi/4.7.4/../../../../arm-none-eabi/lib\libc.a
LOAD ./src/TestingDemos/CommandsTestingDemo.o
LOAD ./src/TestingDemos/EpsTestingDemo.o
LOAD ./src/TestingDemos/FileSystemTestingDemo.o
LOAD ./src/TestingDemos/MainTest.o
LOAD ./src/TestingDemos/MaintenanceTestingDemo.o
LOAD ./src/TestingDemos/TelemetryTestingDemo.o
LOAD ./src/TestingDemos/TrxvuTestingDemo.o
LOAD ./src/SubSystemModules/PowerManagment/EPS.o
LOAD ./src/SubSystemModules/PowerManagment/EPSOperationModes.o
LOAD ./src/SubSystemModules/Maintenance/Maintenance.o
LOAD ./src/SubSystemModules/Housekepping/Payload.o
LOAD ./src/SubSystemModules/Housekepping/RAMTelemetry.o
LOAD ./src/SubSystemModules/Housekepping/TelemetryCollector.o
LOAD ./src/SubSystemModules/Communication/SubsystemCommands/EPS_Commands.o
LOAD ./src/SubSystemModules/Communication/SubsystemCommands/FS_Commands.o
LOAD ./src/SubSystemModules/Communication/SubsystemCommands/Maintanence_Commands.o
LOAD ./src/SubSystemModules/Communication/SubsystemCommands/TRXVU_Commands.o
LOAD ./src/SubSystemModules/Communication/AckHandler.o
LOAD ./src/SubSystemModules/Communication/CommandDictionary.o
LOAD ./src/SubSystemModules/Communication/HashSecuredCMD.o
LOAD ./src/SubSystemModules/Communication/SatCommandHandler.o
LOAD ./src/SubSystemModules/Communication/TRXVU.o
LOAD ./src/InitSystem.o
LOAD ./src/TLM_management.o
LOAD ./src/main.o
LOAD ./src/utils.o
LOAD C:/ISIS/workspace/ycube/GlobusSatProject/..//hal/hal/lib\libHALD.a
LOAD C:/ISIS/workspace/ycube/GlobusSatProject/..//hal/hcc/lib\libHCCD.a
LOAD C:/ISIS/workspace/ycube/GlobusSatProject/..//satellite-subsystems/satellite-subsystems/lib\libSatelliteSubsystemsD.a
LOAD C:/ISIS/workspace/ycube/GlobusSatProject/..//hal/freertos/lib\libFreeRTOSD.a
LOAD C:/ISIS/workspace/ycube/GlobusSatProject/..//hal/at91/lib\libAt91D.a
START GROUP
LOAD c:/isis/application/toolchain/bin/../lib/gcc/arm-none-eabi/4.7.4\libgcc.a
LOAD c:/isis/application/toolchain/bin/../lib/gcc/arm-none-eabi/4.7.4/../../../../arm-none-eabi/lib\libg.a
LOAD c:/isis/application/toolchain/bin/../lib/gcc/arm-none-eabi/4.7.4/../../../../arm-none-eabi/lib\libc.a
END GROUP

.fixed          0x20000000    0x4d724
                0x20000000                . = ALIGN (0x4)
                0x20000000                _sfixed = .
 *(.startup)
 .startup       0x20000000      0x184 C:/ISIS/workspace/ycube/GlobusSatProject/..//hal/at91/lib\libAt91D.a(board_cstartup.o)
                0x20000000                entry
 *(.text)
 .text          0x20000184       0x64 C:/ISIS/workspace/ycube/GlobusSatProject/..//hal/at91/lib\libAt91D.a(cp15_asm.o)
                0x20000184                _readControlRegister
                0x20000190                _writeControlRegister
                0x20000198                _waitForInterrupt
                0x200001a4                _writeTTB
                0x200001ac                _writeDomain
                0x200001b4                _writeITLBLockdown
                0x200001bc                _prefetchICacheLine
                0x200001c4                _flushDCache
                0x200001d0                _flushWriteBuffer
                0x200001dc                _invalidateIDTLBs
 .text          0x200001e8      0x114 c:/isis/application/toolchain/bin/../lib/gcc/arm-none-eabi/4.7.4\libgcc.a(_udivsi3.o)
                0x200001e8                __aeabi_uidiv
                0x200001e8                __udivsi3
                0x200002dc                __aeabi_uidivmod
 .text          0x200002fc      0x148 c:/isis/application/toolchain/bin/../lib/gcc/arm-none-eabi/4.7.4\libgcc.a(_divsi3.o)
                0x200002fc                __divsi3
                0x200002fc                __aeabi_idiv
                0x20000424                __aeabi_idivmod
 .text          0x20000444        0x4 c:/isis/application/toolchain/bin/../lib/gcc/arm-none-eabi/4.7.4\libgcc.a(_dvmd_tls.o)
                0x20000444                __aeabi_idiv0
                0x20000444                __aeabi_ldiv0
 .text          0x20000448      0x41c c:/isis/application/toolchain/bin/../lib/gcc/arm-none-eabi/4.7.4\libgcc.a(_arm_addsubdf3.o)
                0x20000448                __aeabi_drsub
                0x20000450                __aeabi_dsub
                0x20000450                __subdf3
                0x20000454                __aeabi_dadd
                0x20000454                __adddf3
                0x20000764                __floatunsidf
                0x20000764                __aeabi_ui2d
                0x20000788                __floatsidf
                0x20000788                __aeabi_i2d
                0x200007b0                __aeabi_f2d
                0x200007b0                __extendsfdf2
                0x200007f0                __floatundidf
                0x200007f0                __aeabi_ul2d
                0x20000804                __floatdidf
                0x20000804                __aeabi_l2d
 .text          0x20000864      0x2ac c:/isis/application/toolchain/bin/../lib/gcc/arm-none-eabi/4.7.4\libgcc.a(_arm_addsubsf3.o)
                0x20000864                __aeabi_frsub
                0x2000086c                __subsf3
                0x2000086c                __aeabi_fsub
                0x20000870                __aeabi_fadd
                0x20000870                __addsf3
                0x20000a2c                __aeabi_ui2f
                0x20000a2c                __floatunsisf
                0x20000a34                __aeabi_i2f
                0x20000a34                __floatsisf
                0x20000a54                __aeabi_ul2f
                0x20000a54                __floatundisf
                0x20000a64                __aeabi_l2f
                0x20000a64                __floatdisf
 .text          0x20000b10      0x2f8 c:/isis/application/toolchain/bin/../lib/gcc/arm-none-eabi/4.7.4\libgcc.a(_arm_muldivsf3.o)
                0x20000b10                __mulsf3
                0x20000b10                __aeabi_fmul
                0x20000ca8                __aeabi_fdiv
                0x20000ca8                __divsf3
 .text          0x20000e08      0x114 c:/isis/application/toolchain/bin/../lib/gcc/arm-none-eabi/4.7.4\libgcc.a(_arm_cmpsf2.o)
                0x20000e08                __gesf2
                0x20000e08                __gtsf2
                0x20000e10                __lesf2
                0x20000e10                __ltsf2
                0x20000e18                __nesf2
                0x20000e18                __eqsf2
                0x20000e18                __cmpsf2
                0x20000e7c                __aeabi_cfrcmple
                0x20000e8c                __aeabi_cfcmpeq
                0x20000e8c                __aeabi_cfcmple
                0x20000ea4                __aeabi_fcmpeq
                0x20000ebc                __aeabi_fcmplt
                0x20000ed4                __aeabi_fcmple
                0x20000eec                __aeabi_fcmpge
                0x20000f04                __aeabi_fcmpgt
 .text          0x20000f1c       0x54 c:/isis/application/toolchain/bin/../lib/gcc/arm-none-eabi/4.7.4\libgcc.a(_arm_fixunssfsi.o)
                0x20000f1c                __fixunssfsi
                0x20000f1c                __aeabi_f2uiz
 .text          0x20000f70      0x49c c:/isis/application/toolchain/bin/../lib/gcc/arm-none-eabi/4.7.4\libgcc.a(_arm_muldivdf3.o)
                0x20000f70                __aeabi_dmul
                0x20000f70                __muldf3
                0x20001200                __divdf3
                0x20001200                __aeabi_ddiv
 .text          0x2000140c      0x144 c:/isis/application/toolchain/bin/../lib/gcc/arm-none-eabi/4.7.4\libgcc.a(_arm_cmpdf2.o)
                0x2000140c                __gtdf2
                0x2000140c                __gedf2
                0x20001414                __ltdf2
                0x20001414                __ledf2
                0x2000141c                __nedf2
                0x2000141c                __eqdf2
                0x2000141c                __cmpdf2
                0x200014a4                __aeabi_cdrcmple
                0x200014c0                __aeabi_cdcmpeq
                0x200014c0                __aeabi_cdcmple
                0x200014d8                __aeabi_dcmpeq
                0x200014f0                __aeabi_dcmplt
                0x20001508                __aeabi_dcmple
                0x20001520                __aeabi_dcmpge
                0x20001538                __aeabi_dcmpgt
 .text          0x20001550       0x5c c:/isis/application/toolchain/bin/../lib/gcc/arm-none-eabi/4.7.4\libgcc.a(_arm_fixdfsi.o)
                0x20001550                __aeabi_d2iz
                0x20001550                __fixdfsi
 .text          0x200015ac       0x54 c:/isis/application/toolchain/bin/../lib/gcc/arm-none-eabi/4.7.4\libgcc.a(_arm_fixunsdfsi.o)
                0x200015ac                __aeabi_d2uiz
                0x200015ac                __fixunsdfsi
 .text          0x20001600       0xa0 c:/isis/application/toolchain/bin/../lib/gcc/arm-none-eabi/4.7.4\libgcc.a(_arm_truncdfsf2.o)
                0x20001600                __truncdfsf2
                0x20001600                __aeabi_d2f
 .text          0x200016a0       0x3c c:/isis/application/toolchain/bin/../lib/gcc/arm-none-eabi/4.7.4\libgcc.a(_aeabi_uldivmod.o)
                0x200016a0                __aeabi_uldivmod
 .text          0x200016dc       0x84 c:/isis/application/toolchain/bin/../lib/gcc/arm-none-eabi/4.7.4\libgcc.a(bpabi.o)
                0x200016dc                __gnu_ldivmod_helper
                0x20001720                __gnu_uldivmod_helper
 .text          0x20001760      0x4f0 c:/isis/application/toolchain/bin/../lib/gcc/arm-none-eabi/4.7.4\libgcc.a(_divdi3.o)
                0x20001760                __divdi3
 .text          0x20001c50      0x488 c:/isis/application/toolchain/bin/../lib/gcc/arm-none-eabi/4.7.4\libgcc.a(_udivdi3.o)
                0x20001c50                __udivdi3
 .text          0x200020d8       0x48 c:/isis/application/toolchain/bin/../lib/gcc/arm-none-eabi/4.7.4\libgcc.a(_clzsi2.o)
                0x200020d8                __clzsi2
 *(.text*)
 .text.TestActUponCommand
                0x20002120      0x114 ./src/TestingDemos/CommandsTestingDemo.o
                0x20002120                TestActUponCommand
 .text.TestAssmbleCommand
                0x20002234      0x134 ./src/TestingDemos/CommandsTestingDemo.o
                0x20002234                TestAssmbleCommand
 .text.TestGetDelayedCommand
                0x20002368       0xa0 ./src/TestingDemos/CommandsTestingDemo.o
                0x20002368                TestGetDelayedCommand
 .text.TestAddDelayedCommand
                0x20002408       0xbc ./src/TestingDemos/CommandsTestingDemo.o
                0x20002408                TestAddDelayedCommand
 .text.TestGetDelayedCommandBufferCount
                0x200024c4       0x54 ./src/TestingDemos/CommandsTestingDemo.o
                0x200024c4                TestGetDelayedCommandBufferCount
 .text.TestGetOnlineCommand
                0x20002518       0xc8 ./src/TestingDemos/CommandsTestingDemo.o
                0x20002518                TestGetOnlineCommand
 .text.TestDeleteDelayedCommandByIndex
                0x200025e0      0x1c0 ./src/TestingDemos/CommandsTestingDemo.o
                0x200025e0                TestDeleteDelayedCommandByIndex
 .text.TestDeleteDelayedBuffer
                0x200027a0      0x140 ./src/TestingDemos/CommandsTestingDemo.o
                0x200027a0                TestDeleteDelayedBuffer
 .text.selectAndExecuteCommandsDemoTest
                0x200028e0      0x174 ./src/TestingDemos/CommandsTestingDemo.o
                0x200028e0                selectAndExecuteCommandsDemoTest
 .text.MainCommandsTestBench
                0x20002a54       0x44 ./src/TestingDemos/CommandsTestingDemo.o
                0x20002a54                MainCommandsTestBench
 .text.TestEpsConditioning
                0x20002a98      0x1e8 ./src/TestingDemos/EpsTestingDemo.o
                0x20002a98                TestEpsConditioning
 .text.TestGetBatteryVoltage
                0x20002c80       0x64 ./src/TestingDemos/EpsTestingDemo.o
                0x20002c80                TestGetBatteryVoltage
 .text.TestUpdateThreshVoltages
                0x20002ce4      0x170 ./src/TestingDemos/EpsTestingDemo.o
                0x20002ce4                TestUpdateThreshVoltages
 .text.TestGetThreshVoltages
                0x20002e54       0xb0 ./src/TestingDemos/EpsTestingDemo.o
                0x20002e54                TestGetThreshVoltages
 .text.TestUpdateAlpha
                0x20002f04       0xc0 ./src/TestingDemos/EpsTestingDemo.o
                0x20002f04                TestUpdateAlpha
 .text.TestGetAlpha
                0x20002fc4       0x78 ./src/TestingDemos/EpsTestingDemo.o
                0x20002fc4                TestGetAlpha
 .text.TestRestoreDefaultAlpha
                0x2000303c       0xf4 ./src/TestingDemos/EpsTestingDemo.o
                0x2000303c                TestRestoreDefaultAlpha
 .text.TestRestoreDefaultThresholdVoltages
                0x20003130      0x154 ./src/TestingDemos/EpsTestingDemo.o
                0x20003130                TestRestoreDefaultThresholdVoltages
 .text.GetHeaterValues
                0x20003284       0xe0 ./src/TestingDemos/EpsTestingDemo.o
                0x20003284                GetHeaterValues
 .text.SetHeaterValues
                0x20003364       0x1c ./src/TestingDemos/EpsTestingDemo.o
                0x20003364                SetHeaterValues
 .text.selectAndExecuteEpsDemoTest
                0x20003380      0x1b0 ./src/TestingDemos/EpsTestingDemo.o
                0x20003380                selectAndExecuteEpsDemoTest
 .text.MainEpsTestBench
                0x20003530       0x40 ./src/TestingDemos/EpsTestingDemo.o
                0x20003530                MainEpsTestBench
 .text.TestListFiles
                0x20003570      0x198 ./src/TestingDemos/FileSystemTestingDemo.o
                0x20003570                TestListFiles
 .text.TestListAllFiles
                0x20003708      0x134 ./src/TestingDemos/FileSystemTestingDemo.o
                0x20003708                TestListAllFiles
 .text.TestLOGTLM
                0x2000383c      0x110 ./src/TestingDemos/FileSystemTestingDemo.o
                0x2000383c                TestLOGTLM
 .text.TestEPSTLM
                0x2000394c       0xa8 ./src/TestingDemos/FileSystemTestingDemo.o
                0x2000394c                TestEPSTLM
 .text.TestReadTimeRangeTLMRes
                0x200039f4      0x210 ./src/TestingDemos/FileSystemTestingDemo.o
                0x200039f4                TestReadTimeRangeTLMRes
 .text.TestReadTimeRangeTLM
                0x20003c04      0x178 ./src/TestingDemos/FileSystemTestingDemo.o
                0x20003c04                TestReadTimeRangeTLM
 .text.GenerateWODTLM
                0x20003d7c       0xd0 ./src/TestingDemos/FileSystemTestingDemo.o
                0x20003d7c                GenerateWODTLM
 .text.DeleteOldFiles
                0x20003e4c      0x148 ./src/TestingDemos/FileSystemTestingDemo.o
                0x20003e4c                DeleteOldFiles
 .text.createSingleDayTLM
                0x20003f94       0xb0 ./src/TestingDemos/FileSystemTestingDemo.o
                0x20003f94                createSingleDayTLM
 .text.printLastError
                0x20004044       0x38 ./src/TestingDemos/FileSystemTestingDemo.o
                0x20004044                printLastError
 .text.copyTLMFile
                0x2000407c      0x2ac ./src/TestingDemos/FileSystemTestingDemo.o
                0x2000407c                copyTLMFile
 .text.TestWODTLM
                0x20004328       0xa8 ./src/TestingDemos/FileSystemTestingDemo.o
                0x20004328                TestWODTLM
 .text.TestDeleteFiels
                0x200043d0      0x2b8 ./src/TestingDemos/FileSystemTestingDemo.o
                0x200043d0                TestDeleteFiels
 .text.TestReadMultiFiels
                0x20004688      0x2ac ./src/TestingDemos/FileSystemTestingDemo.o
                0x20004688                TestReadMultiFiels
 .text.TestTRXVUTLM
                0x20004934      0x11c ./src/TestingDemos/FileSystemTestingDemo.o
                0x20004934                TestTRXVUTLM
 .text.FullSDTest
                0x20004a50      0x19c ./src/TestingDemos/FileSystemTestingDemo.o
                0x20004a50                FullSDTest
 .text.LogErrorRateTest
                0x20004bec      0x148 ./src/TestingDemos/FileSystemTestingDemo.o
                0x20004bec                LogErrorRateTest
 .text.deleteMonth
                0x20004d34       0x78 ./src/TestingDemos/FileSystemTestingDemo.o
                0x20004d34                deleteMonth
 .text.deleteYear
                0x20004dac       0xb0 ./src/TestingDemos/FileSystemTestingDemo.o
                0x20004dac                deleteYear
 .text.readFileTest
                0x20004e5c       0x88 ./src/TestingDemos/FileSystemTestingDemo.o
                0x20004e5c                readFileTest
 .text.writeFileOnScreen
                0x20004ee4       0xcc ./src/TestingDemos/FileSystemTestingDemo.o
                0x20004ee4                writeFileOnScreen
 .text.GetExtraData
                0x20004fb0       0x4c ./src/TestingDemos/FileSystemTestingDemo.o
                0x20004fb0                GetExtraData
 .text.showFreeSapce
                0x20004ffc      0x110 ./src/TestingDemos/FileSystemTestingDemo.o
                0x20004ffc                showFreeSapce
 .text.SwitchSDCardTest
                0x2000510c       0x98 ./src/TestingDemos/FileSystemTestingDemo.o
                0x2000510c                SwitchSDCardTest
 .text.FormatSDTest
                0x200051a4       0x9c ./src/TestingDemos/FileSystemTestingDemo.o
                0x200051a4                FormatSDTest
 .text.showFreeSpaceHeap
                0x20005240       0xa4 ./src/TestingDemos/FileSystemTestingDemo.o
                0x20005240                showFreeSpaceHeap
 .text.selectAndExecuteFSTest
                0x200052e4      0x344 ./src/TestingDemos/FileSystemTestingDemo.o
                0x200052e4                selectAndExecuteFSTest
 .text.MainFileSystemTestBench
                0x20005628       0x44 ./src/TestingDemos/FileSystemTestingDemo.o
                0x20005628                MainFileSystemTestBench
 .text.selectAndExecuteTest
                0x2000566c      0x168 ./src/TestingDemos/MainTest.o
                0x2000566c                selectAndExecuteTest
 .text.taskTesting
                0x200057d4       0x28 ./src/TestingDemos/MainTest.o
                0x200057d4                taskTesting
 .text.printSDINfo
                0x200057fc       0x84 ./src/TestingDemos/MaintenanceTestingDemo.o
                0x200057fc                printSDINfo
 .text.changeFirstActivation
                0x20005880       0x84 ./src/TestingDemos/MaintenanceTestingDemo.o
                0x20005880                changeFirstActivation
 .text.selectAndExecuteMaintenanceDemoTest
                0x20005904      0x19c ./src/TestingDemos/MaintenanceTestingDemo.o
                0x20005904                selectAndExecuteMaintenanceDemoTest
 .text.MainMaintenanceTestBench
                0x20005aa0       0x40 ./src/TestingDemos/MaintenanceTestingDemo.o
                0x20005aa0                MainMaintenanceTestBench
 .text.savePacketsInRam
                0x20005ae0      0x104 ./src/TestingDemos/TelemetryTestingDemo.o
                0x20005ae0                savePacketsInRam
 .text.checkPacket
                0x20005be4       0xa4 ./src/TestingDemos/TelemetryTestingDemo.o
                0x20005be4                checkPacket
 .text.singleTlmWodTest
                0x20005c88       0xa0 ./src/TestingDemos/TelemetryTestingDemo.o
                0x20005c88                singleTlmWodTest
 .text.singleTLMLogTest
                0x20005d28       0xb8 ./src/TestingDemos/TelemetryTestingDemo.o
                0x20005d28                singleTLMLogTest
 .text.singleTlmLogTestHelp
                0x20005de0       0x4c ./src/TestingDemos/TelemetryTestingDemo.o
                0x20005de0                singleTlmLogTestHelp
 .text.saveNGetMultipleTlmTest
                0x20005e2c      0x1e0 ./src/TestingDemos/TelemetryTestingDemo.o
                0x20005e2c                saveNGetMultipleTlmTest
 .text.saveMultipleNGetSomeTlmTest
                0x2000600c      0x25c ./src/TestingDemos/TelemetryTestingDemo.o
                0x2000600c                saveMultipleNGetSomeTlmTest
 .text.getWodMinMaxTest
                0x20006268      0x130 ./src/TestingDemos/TelemetryTestingDemo.o
                0x20006268                getWodMinMaxTest
 .text.tlmTest  0x20006398      0x1ec ./src/TestingDemos/TelemetryTestingDemo.o
                0x20006398                tlmTest
 .text.saveNGetLog
                0x20006584      0x19c ./src/TestingDemos/TelemetryTestingDemo.o
                0x20006584                saveNGetLog
 .text.PrintStaticSize
                0x20006720       0x20 ./src/TestingDemos/TelemetryTestingDemo.o
                0x20006720                PrintStaticSize
 .text.MainTelemetryTestBench
                0x20006740      0x12c ./src/TestingDemos/TelemetryTestingDemo.o
                0x20006740                MainTelemetryTestBench
 .text.TestInitTrxvu
                0x2000686c       0x54 ./src/TestingDemos/TrxvuTestingDemo.o
                0x2000686c                TestInitTrxvu
 .text.TestInitTrxvuWithDifferentFrameLengths
                0x200068c0       0x1c ./src/TestingDemos/TrxvuTestingDemo.o
                0x200068c0                TestInitTrxvuWithDifferentFrameLengths
 .text.TestTrxvuLogic
                0x200068dc       0xd4 ./src/TestingDemos/TrxvuTestingDemo.o
                0x200068dc                TestTrxvuLogic
 .text.TestCheckTransmitionAllowed
                0x200069b0       0xa4 ./src/TestingDemos/TrxvuTestingDemo.o
                0x200069b0                TestCheckTransmitionAllowed
 .text.TestLoopSPL
                0x20006a54       0xc4 ./src/TestingDemos/TrxvuTestingDemo.o
                0x20006a54                TestLoopSPL
 .text.TestSendDumpAbortRequest
                0x20006b18       0x24 ./src/TestingDemos/TrxvuTestingDemo.o
                0x20006b18                TestSendDumpAbortRequest
 .text.TestTransmitDummySplPacket
                0x20006b3c       0xc0 ./src/TestingDemos/TrxvuTestingDemo.o
                0x20006b3c                TestTransmitDummySplPacket
 .text.TestTransmitSplPacket
                0x20006bfc      0x1ec ./src/TestingDemos/TrxvuTestingDemo.o
                0x20006bfc                TestTransmitSplPacket
 .text.TestExitDump
                0x20006de8       0x1c ./src/TestingDemos/TrxvuTestingDemo.o
                0x20006de8                TestExitDump
 .text.TestDumpTelemetry
                0x20006e04       0x9c ./src/TestingDemos/TrxvuTestingDemo.o
                0x20006e04                TestDumpTelemetry
 .text.TestRestoreDefaultBeaconParameters
                0x20006ea0       0x1c ./src/TestingDemos/TrxvuTestingDemo.o
                0x20006ea0                TestRestoreDefaultBeaconParameters
 .text.TestChooseDefaultBeaconCycle
                0x20006ebc       0xe0 ./src/TestingDemos/TrxvuTestingDemo.o
                0x20006ebc                TestChooseDefaultBeaconCycle
 .text.TestBeaconLogic
                0x20006f9c       0xdc ./src/TestingDemos/TrxvuTestingDemo.o
                0x20006f9c                TestBeaconLogic
 .text.TestMuteTrxvu
                0x20007078       0x9c ./src/TestingDemos/TrxvuTestingDemo.o
                0x20007078                TestMuteTrxvu
 .text.TestUnMuteTrxvu
                0x20007114       0x30 ./src/TestingDemos/TrxvuTestingDemo.o
                0x20007114                TestUnMuteTrxvu
 .text.TestGetNumberOfFramesInBuffer
                0x20007144       0x54 ./src/TestingDemos/TrxvuTestingDemo.o
                0x20007144                TestGetNumberOfFramesInBuffer
 .text.TestSetTrxvuBitrate
                0x20007198       0xf4 ./src/TestingDemos/TrxvuTestingDemo.o
                0x20007198                TestSetTrxvuBitrate
 .text.testSecuredCMD
                0x2000728c      0x190 ./src/TestingDemos/TrxvuTestingDemo.o
                0x2000728c                testSecuredCMD
 .text.Hash256  0x2000741c       0x84 ./src/TestingDemos/TrxvuTestingDemo.o
                0x2000741c                Hash256
 .text.Dummy_CMD_Hash256
                0x200074a0      0x418 ./src/TestingDemos/TrxvuTestingDemo.o
                0x200074a0                Dummy_CMD_Hash256
 .text.CMD_Hash256
                0x200078b8      0x2ac ./src/TestingDemos/TrxvuTestingDemo.o
                0x200078b8                CMD_Hash256
 .text.TestForDummy_sat_packet
                0x20007b64       0xcc ./src/TestingDemos/TrxvuTestingDemo.o
                0x20007b64                TestForDummy_sat_packet
 .text.Secured_CMD_TEST
                0x20007c30       0xc0 ./src/TestingDemos/TrxvuTestingDemo.o
                0x20007c30                Secured_CMD_TEST
 .text.dumpRamTest
                0x20007cf0       0x78 ./src/TestingDemos/TrxvuTestingDemo.o
                0x20007cf0                dumpRamTest
 .text.TestGetTrxvuBitrate
                0x20007d68       0x1c ./src/TestingDemos/TrxvuTestingDemo.o
                0x20007d68                TestGetTrxvuBitrate
 .text.TestTransmitDataAsSPL_Packet
                0x20007d84      0x114 ./src/TestingDemos/TrxvuTestingDemo.o
                0x20007d84                TestTransmitDataAsSPL_Packet
 .text.selectAndExecuteTrxvuDemoTest
                0x20007e98      0x31c ./src/TestingDemos/TrxvuTestingDemo.o
                0x20007e98                selectAndExecuteTrxvuDemoTest
 .text.MainTrxvuTestBench
                0x200081b4       0x44 ./src/TestingDemos/TrxvuTestingDemo.o
                0x200081b4                MainTrxvuTestBench
 .text.GetBatteryVoltage
                0x200081f8       0x38 ./src/SubSystemModules/PowerManagment/EPS.o
                0x200081f8                GetBatteryVoltage
 .text.EPS_Init
                0x20008230      0x124 ./src/SubSystemModules/PowerManagment/EPS.o
                0x20008230                EPS_Init
 .text.EPS_Conditioning
                0x20008354      0x1c4 ./src/SubSystemModules/PowerManagment/EPS.o
                0x20008354                EPS_Conditioning
 .text.UpdateAlpha
                0x20008518       0xd8 ./src/SubSystemModules/PowerManagment/EPS.o
                0x20008518                UpdateAlpha
 .text.UpdateThresholdVoltages
                0x200085f0      0x218 ./src/SubSystemModules/PowerManagment/EPS.o
                0x200085f0                UpdateThresholdVoltages
 .text.GetThresholdVoltages
                0x20008808       0x80 ./src/SubSystemModules/PowerManagment/EPS.o
                0x20008808                GetThresholdVoltages
 .text.GetAlpha
                0x20008888       0x7c ./src/SubSystemModules/PowerManagment/EPS.o
                0x20008888                GetAlpha
 .text.RestoreDefaultThresholdVoltages
                0x20008904       0x74 ./src/SubSystemModules/PowerManagment/EPS.o
                0x20008904                RestoreDefaultThresholdVoltages
 .text.CMDGetHeaterValues
                0x20008978      0x1f8 ./src/SubSystemModules/PowerManagment/EPS.o
                0x20008978                CMDGetHeaterValues
 .text.CMDSetHeaterValues
                0x20008b70      0x204 ./src/SubSystemModules/PowerManagment/EPS.o
                0x20008b70                CMDSetHeaterValues
 .text.EnterFullMode
                0x20008d74       0x5c ./src/SubSystemModules/PowerManagment/EPSOperationModes.o
                0x20008d74                EnterFullMode
 .text.EnterCruiseMode
                0x20008dd0       0x58 ./src/SubSystemModules/PowerManagment/EPSOperationModes.o
                0x20008dd0                EnterCruiseMode
 .text.EnterSafeMode
                0x20008e28       0x5c ./src/SubSystemModules/PowerManagment/EPSOperationModes.o
                0x20008e28                EnterSafeMode
 .text.EnterCriticalMode
                0x20008e84       0x5c ./src/SubSystemModules/PowerManagment/EPSOperationModes.o
                0x20008e84                EnterCriticalMode
 .text.PayloadOperations
                0x20008ee0       0x28 ./src/SubSystemModules/PowerManagment/EPSOperationModes.o
                0x20008ee0                PayloadOperations
 .text.GetSystemState
                0x20008f08       0x24 ./src/SubSystemModules/PowerManagment/EPSOperationModes.o
                0x20008f08                GetSystemState
 .text.GetSystemChannelState
                0x20008f2c       0x24 ./src/SubSystemModules/PowerManagment/EPSOperationModes.o
                0x20008f2c                GetSystemChannelState
 .text.EpsGetLowVoltageFlag
                0x20008f50       0x24 ./src/SubSystemModules/PowerManagment/EPSOperationModes.o
                0x20008f50                EpsGetLowVoltageFlag
 .text.EpsSetLowVoltageFlag
                0x20008f74       0x2c ./src/SubSystemModules/PowerManagment/EPSOperationModes.o
                0x20008f74                EpsSetLowVoltageFlag
 .text.CheckExecutionTime
                0x20008fa0       0x80 ./src/SubSystemModules/Maintenance/Maintenance.o
                0x20008fa0                CheckExecutionTime
 .text.SaveSatTimeInFRAM
                0x20009020       0x44 ./src/SubSystemModules/Maintenance/Maintenance.o
                0x20009020                SaveSatTimeInFRAM
 .text.WakeupFromResetCMD
                0x20009064      0x120 ./src/SubSystemModules/Maintenance/Maintenance.o
                0x20009064                WakeupFromResetCMD
 .text.ResetGroundCommWDT
                0x20009184       0x1c ./src/SubSystemModules/Maintenance/Maintenance.o
                0x20009184                ResetGroundCommWDT
 .text.findMinMaxDate
                0x200091a0       0xdc ./src/SubSystemModules/Maintenance/Maintenance.o
                0x200091a0                findMinMaxDate
 .text.DeleteOldFiels
                0x2000927c       0xf0 ./src/SubSystemModules/Maintenance/Maintenance.o
                0x2000927c                DeleteOldFiels
 .text.HardResetMCU
                0x2000936c       0x3c ./src/SubSystemModules/Maintenance/Maintenance.o
                0x2000936c                HardResetMCU
 .text.get_radfet_data
                0x200093a8       0x38 ./src/SubSystemModules/Housekepping/Payload.o
                0x200093a8                get_radfet_data
 .text.get_sel_data
                0x200093e0       0x94 ./src/SubSystemModules/Housekepping/Payload.o
                0x200093e0                get_sel_data
 .text.get_seu_data
                0x20009474       0x38 ./src/SubSystemModules/Housekepping/Payload.o
                0x20009474                get_seu_data
 .text.ResetRamTlm
                0x200094ac       0x8c ./src/SubSystemModules/Housekepping/RAMTelemetry.o
                0x200094ac                ResetRamTlm
 .text.inc      0x20009538       0x4c ./src/SubSystemModules/Housekepping/RAMTelemetry.o
                0x20009538                inc
 .text.dec      0x20009584       0x48 ./src/SubSystemModules/Housekepping/RAMTelemetry.o
                0x20009584                dec
 .text.saveTlmToRam
                0x200095cc      0x138 ./src/SubSystemModules/Housekepping/RAMTelemetry.o
                0x200095cc                saveTlmToRam
 .text.getTlm   0x20009704      0x164 ./src/SubSystemModules/Housekepping/RAMTelemetry.o
                0x20009704                getTlm
 .text.getRange
                0x20009868      0x158 ./src/SubSystemModules/Housekepping/RAMTelemetry.o
                0x20009868                getRange
 .text.InitSavePeriodTimes
                0x200099c0       0xb8 ./src/SubSystemModules/Housekepping/TelemetryCollector.o
                0x200099c0                InitSavePeriodTimes
 .text.CMD_GetTLMPeriodTimes
                0x20009a78       0x38 ./src/SubSystemModules/Housekepping/TelemetryCollector.o
                0x20009a78                CMD_GetTLMPeriodTimes
 .text.CMD_SetTLMPeriodTimes
                0x20009ab0      0x204 ./src/SubSystemModules/Housekepping/TelemetryCollector.o
                0x20009ab0                CMD_SetTLMPeriodTimes
 .text.TelemetryCollectorLogic
                0x20009cb4      0x328 ./src/SubSystemModules/Housekepping/TelemetryCollector.o
                0x20009cb4                TelemetryCollectorLogic
 .text.TelemetrySaveEPS
                0x20009fdc       0x54 ./src/SubSystemModules/Housekepping/TelemetryCollector.o
                0x20009fdc                TelemetrySaveEPS
 .text.TelemetrySaveTRXVU
                0x2000a030       0x94 ./src/SubSystemModules/Housekepping/TelemetryCollector.o
                0x2000a030                TelemetrySaveTRXVU
 .text.TelemetrySaveANT
                0x2000a0c4       0x5c ./src/SubSystemModules/Housekepping/TelemetryCollector.o
                0x2000a0c4                TelemetrySaveANT
 .text.TelemetrySaveSolarPanels
                0x2000a120      0x22c ./src/SubSystemModules/Housekepping/TelemetryCollector.o
                0x2000a120                TelemetrySaveSolarPanels
 .text.TelemetrySaveWOD
                0x2000a34c       0x5c ./src/SubSystemModules/Housekepping/TelemetryCollector.o
                0x2000a34c                TelemetrySaveWOD
 .text.TelemetrySaveRADFET
                0x2000a3a8       0x30 ./src/SubSystemModules/Housekepping/TelemetryCollector.o
                0x2000a3a8                TelemetrySaveRADFET
 .text.TelemetrySaveSEL
                0x2000a3d8       0x60 ./src/SubSystemModules/Housekepping/TelemetryCollector.o
                0x2000a3d8                TelemetrySaveSEL
 .text.TelemetrySaveSEU
                0x2000a438       0x30 ./src/SubSystemModules/Housekepping/TelemetryCollector.o
                0x2000a438                TelemetrySaveSEU
 .text.GetCurrentWODTelemetry
                0x2000a468      0x7bc ./src/SubSystemModules/Housekepping/TelemetryCollector.o
                0x2000a468                GetCurrentWODTelemetry
 .text.CMD_EPS_ResetWDT
                0x2000ac24       0x58 ./src/SubSystemModules/Communication/SubsystemCommands/EPS_Commands.o
                0x2000ac24                CMD_EPS_ResetWDT
 .text.CMD_DeleteTLM
                0x2000ac7c      0x1d8 ./src/SubSystemModules/Communication/SubsystemCommands/FS_Commands.o
                0x2000ac7c                CMD_DeleteTLM
 .text.CMD_DeleteAllFiles
                0x2000ae54       0x38 ./src/SubSystemModules/Communication/SubsystemCommands/FS_Commands.o
                0x2000ae54                CMD_DeleteAllFiles
 .text.CMD_GetLastFS_Error
                0x2000ae8c       0x4c ./src/SubSystemModules/Communication/SubsystemCommands/FS_Commands.o
                0x2000ae8c                CMD_GetLastFS_Error
 .text.CMD_Get_TLM_Info
                0x2000aed8      0x1b0 ./src/SubSystemModules/Communication/SubsystemCommands/FS_Commands.o
                0x2000aed8                CMD_Get_TLM_Info
 .text.CMD_Switch_SD_Card
                0x2000b088       0xb8 ./src/SubSystemModules/Communication/SubsystemCommands/FS_Commands.o
                0x2000b088                CMD_Switch_SD_Card
 .text.CMD_Format_SD_Card
                0x2000b140       0x80 ./src/SubSystemModules/Communication/SubsystemCommands/FS_Commands.o
                0x2000b140                CMD_Format_SD_Card
 .text.CMD_GenericI2C
                0x2000b1c0      0x144 ./src/SubSystemModules/Communication/SubsystemCommands/Maintanence_Commands.o
                0x2000b1c0                CMD_GenericI2C
 .text.CMD_FRAM_ReadAndTransmitt
                0x2000b304       0xe8 ./src/SubSystemModules/Communication/SubsystemCommands/Maintanence_Commands.o
                0x2000b304                CMD_FRAM_ReadAndTransmitt
 .text.CMD_FRAM_WriteAndTransmitt
                0x2000b3ec      0x11c ./src/SubSystemModules/Communication/SubsystemCommands/Maintanence_Commands.o
                0x2000b3ec                CMD_FRAM_WriteAndTransmitt
 .text.CMD_FRAM_ReStart
                0x2000b508       0x4c ./src/SubSystemModules/Communication/SubsystemCommands/Maintanence_Commands.o
                0x2000b508                CMD_FRAM_ReStart
 .text.CMD_UpdateSatTime
                0x2000b554       0xa4 ./src/SubSystemModules/Communication/SubsystemCommands/Maintanence_Commands.o
                0x2000b554                CMD_UpdateSatTime
 .text.CMD_GetSatUptime
                0x2000b5f8       0x48 ./src/SubSystemModules/Communication/SubsystemCommands/Maintanence_Commands.o
                0x2000b5f8                CMD_GetSatUptime
 .text.CMD_ResetComponent
                0x2000b640      0x274 ./src/SubSystemModules/Communication/SubsystemCommands/Maintanence_Commands.o
                0x2000b640                CMD_ResetComponent
 .text.DumpTask
                0x2000b8b4      0x310 ./src/SubSystemModules/Communication/SubsystemCommands/TRXVU_Commands.o
                0x2000b8b4                DumpTask
 .text.DumpRamTask
                0x2000bbc4      0x394 ./src/SubSystemModules/Communication/SubsystemCommands/TRXVU_Commands.o
                0x2000bbc4                DumpRamTask
 .text.CMD_AntennaDeploy
                0x2000bf58       0x8c ./src/SubSystemModules/Communication/SubsystemCommands/TRXVU_Commands.o
                0x2000bf58                CMD_AntennaDeploy
 .text.CMD_StartDump
                0x2000bfe4      0x224 ./src/SubSystemModules/Communication/SubsystemCommands/TRXVU_Commands.o
                0x2000bfe4                CMD_StartDump
 .text.CMD_SendDumpAbortRequest
                0x2000c208       0x38 ./src/SubSystemModules/Communication/SubsystemCommands/TRXVU_Commands.o
                0x2000c208                CMD_SendDumpAbortRequest
 .text.CMD_ForceDumpAbort
                0x2000c240       0x3c ./src/SubSystemModules/Communication/SubsystemCommands/TRXVU_Commands.o
                0x2000c240                CMD_ForceDumpAbort
 .text.CMD_SetTransponder
                0x2000c27c      0x110 ./src/SubSystemModules/Communication/SubsystemCommands/TRXVU_Commands.o
                0x2000c27c                CMD_SetTransponder
 .text.CMD_SetRSSITransponder
                0x2000c38c       0x90 ./src/SubSystemModules/Communication/SubsystemCommands/TRXVU_Commands.o
                0x2000c38c                CMD_SetRSSITransponder
 .text.CMD_MuteTRXVU
                0x2000c41c       0xc4 ./src/SubSystemModules/Communication/SubsystemCommands/TRXVU_Commands.o
                0x2000c41c                CMD_MuteTRXVU
 .text.CMD_SetIdleState
                0x2000c4e0       0x94 ./src/SubSystemModules/Communication/SubsystemCommands/TRXVU_Commands.o
                0x2000c4e0                CMD_SetIdleState
 .text.CMD_UnMuteTRXVU
                0x2000c574       0x38 ./src/SubSystemModules/Communication/SubsystemCommands/TRXVU_Commands.o
                0x2000c574                CMD_UnMuteTRXVU
 .text.CMD_GetBaudRate
                0x2000c5ac       0x6c ./src/SubSystemModules/Communication/SubsystemCommands/TRXVU_Commands.o
                0x2000c5ac                CMD_GetBaudRate
 .text.CMD_TrasmitBeacon
                0x2000c618       0x48 ./src/SubSystemModules/Communication/SubsystemCommands/TRXVU_Commands.o
                0x2000c618                CMD_TrasmitBeacon
 .text.CMD_GetBeaconInterval
                0x2000c660       0x6c ./src/SubSystemModules/Communication/SubsystemCommands/TRXVU_Commands.o
                0x2000c660                CMD_GetBeaconInterval
 .text.CMD_SetBaudRate
                0x2000c6cc       0x64 ./src/SubSystemModules/Communication/SubsystemCommands/TRXVU_Commands.o
                0x2000c6cc                CMD_SetBaudRate
 .text.CMD_GetTxUptime
                0x2000c730       0x68 ./src/SubSystemModules/Communication/SubsystemCommands/TRXVU_Commands.o
                0x2000c730                CMD_GetTxUptime
 .text.CMD_GetRxUptime
                0x2000c798       0x68 ./src/SubSystemModules/Communication/SubsystemCommands/TRXVU_Commands.o
                0x2000c798                CMD_GetRxUptime
 .text.CMD_GetNumOfOnlineCommands
                0x2000c800       0x68 ./src/SubSystemModules/Communication/SubsystemCommands/TRXVU_Commands.o
                0x2000c800                CMD_GetNumOfOnlineCommands
 .text.CMD_AntSetArmStatus
                0x2000c868       0x3c ./src/SubSystemModules/Communication/SubsystemCommands/TRXVU_Commands.o
                0x2000c868                CMD_AntSetArmStatus
 .text.CMD_AntGetArmStatus
                0x2000c8a4       0x60 ./src/SubSystemModules/Communication/SubsystemCommands/TRXVU_Commands.o
                0x2000c8a4                CMD_AntGetArmStatus
 .text.CMD_AntGetUptime
                0x2000c904       0x68 ./src/SubSystemModules/Communication/SubsystemCommands/TRXVU_Commands.o
                0x2000c904                CMD_AntGetUptime
 .text.CMD_StopReDeployment
                0x2000c96c       0x74 ./src/SubSystemModules/Communication/SubsystemCommands/TRXVU_Commands.o
                0x2000c96c                CMD_StopReDeployment
 .text.CMD_AntCancelDeployment
                0x2000c9e0       0x58 ./src/SubSystemModules/Communication/SubsystemCommands/TRXVU_Commands.o
                0x2000c9e0                CMD_AntCancelDeployment
 .text.CMD_DumpRamTLM
                0x2000ca38      0x180 ./src/SubSystemModules/Communication/SubsystemCommands/TRXVU_Commands.o
                0x2000ca38                CMD_DumpRamTLM
 .text.SendAckPacket
                0x2000cbb8       0xe4 ./src/SubSystemModules/Communication/AckHandler.o
                0x2000cbb8                SendAckPacket
 .text.trxvu_command_router
                0x2000cc9c      0x578 ./src/SubSystemModules/Communication/CommandDictionary.o
                0x2000cc9c                trxvu_command_router
 .text.eps_command_router
                0x2000d214       0xdc ./src/SubSystemModules/Communication/CommandDictionary.o
                0x2000d214                eps_command_router
 .text.telemetry_command_router
                0x2000d2f0      0x23c ./src/SubSystemModules/Communication/CommandDictionary.o
                0x2000d2f0                telemetry_command_router
 .text.managment_command_router
                0x2000d52c      0x12c ./src/SubSystemModules/Communication/CommandDictionary.o
                0x2000d52c                managment_command_router
 .text.filesystem_command_router
                0x2000d658       0x24 ./src/SubSystemModules/Communication/CommandDictionary.o
                0x2000d658                filesystem_command_router
 .text.sha256_transform
                0x2000d67c      0x4b8 ./src/SubSystemModules/Communication/HashSecuredCMD.o
                0x2000d67c                sha256_transform
 .text.sha256_init
                0x2000db34       0xb8 ./src/SubSystemModules/Communication/HashSecuredCMD.o
                0x2000db34                sha256_init
 .text.sha256_update
                0x2000dbec       0xc8 ./src/SubSystemModules/Communication/HashSecuredCMD.o
                0x2000dbec                sha256_update
 .text.sha256_final
                0x2000dcb4      0x470 ./src/SubSystemModules/Communication/HashSecuredCMD.o
                0x2000dcb4                sha256_final
 .text.ParseDataToCommand
                0x2000e124      0x1ac ./src/SubSystemModules/Communication/SatCommandHandler.o
                0x2000e124                ParseDataToCommand
 .text.AssembleCommand
                0x2000e2d0      0x148 ./src/SubSystemModules/Communication/SatCommandHandler.o
                0x2000e2d0                AssembleCommand
 .text.GetDelayedCommand
                0x2000e418       0x24 ./src/SubSystemModules/Communication/SatCommandHandler.o
                0x2000e418                GetDelayedCommand
 .text.AddDelayedCommand
                0x2000e43c       0x24 ./src/SubSystemModules/Communication/SatCommandHandler.o
                0x2000e43c                AddDelayedCommand
 .text.GetDelayedCommandBufferCount
                0x2000e460       0x50 ./src/SubSystemModules/Communication/SatCommandHandler.o
                0x2000e460                GetDelayedCommandBufferCount
 .text.GetDelayedCommandByIndex
                0x2000e4b0       0x28 ./src/SubSystemModules/Communication/SatCommandHandler.o
                0x2000e4b0                GetDelayedCommandByIndex
 .text.DeleteDelayedCommandByIndex
                0x2000e4d8       0x24 ./src/SubSystemModules/Communication/SatCommandHandler.o
                0x2000e4d8                DeleteDelayedCommandByIndex
 .text.DeleteDelayedBuffer
                0x2000e4fc       0x1c ./src/SubSystemModules/Communication/SatCommandHandler.o
                0x2000e4fc                DeleteDelayedBuffer
 .text.ActUponCommand
                0x2000e518      0x108 ./src/SubSystemModules/Communication/SatCommandHandler.o
                0x2000e518                ActUponCommand
 .text.setMuteEndTime
                0x2000e620       0x40 ./src/SubSystemModules/Communication/TRXVU.o
                0x2000e620                setMuteEndTime
 .text.getMuteEndTime
                0x2000e660       0x44 ./src/SubSystemModules/Communication/TRXVU.o
                0x2000e660                getMuteEndTime
 .text.setTransponderEndTime
                0x2000e6a4       0x40 ./src/SubSystemModules/Communication/TRXVU.o
                0x2000e6a4                setTransponderEndTime
 .text.getTransponderEndTime
                0x2000e6e4       0x44 ./src/SubSystemModules/Communication/TRXVU.o
                0x2000e6e4                getTransponderEndTime
 .text.setTransponderRSSIinFRAM
                0x2000e728       0x44 ./src/SubSystemModules/Communication/TRXVU.o
                0x2000e728                setTransponderRSSIinFRAM
 .text.getTransponderRSSIFromFRAM
                0x2000e76c       0x4c ./src/SubSystemModules/Communication/TRXVU.o
                0x2000e76c                getTransponderRSSIFromFRAM
 .text.InitTxModule
                0x2000e7b8       0x68 ./src/SubSystemModules/Communication/TRXVU.o
                0x2000e7b8                InitTxModule
 .text.CMD_SetBeaconInterval
                0x2000e820       0xdc ./src/SubSystemModules/Communication/TRXVU.o
                0x2000e820                CMD_SetBeaconInterval
 .text.InitBeaconParams
                0x2000e8fc       0x3c ./src/SubSystemModules/Communication/TRXVU.o
                0x2000e8fc                InitBeaconParams
 .text.InitSemaphores
                0x2000e938       0x98 ./src/SubSystemModules/Communication/TRXVU.o
                0x2000e938                InitSemaphores
 .text.InitTrxvu
                0x2000e9d0      0x100 ./src/SubSystemModules/Communication/TRXVU.o
                0x2000e9d0                InitTrxvu
 .text.checkIdleFinish
                0x2000ead0       0x68 ./src/SubSystemModules/Communication/TRXVU.o
                0x2000ead0                checkIdleFinish
 .text.checkTransponderFinish
                0x2000eb38       0x50 ./src/SubSystemModules/Communication/TRXVU.o
                0x2000eb38                checkTransponderFinish
 .text.checkTransponderStart
                0x2000eb88       0x50 ./src/SubSystemModules/Communication/TRXVU.o
                0x2000eb88                checkTransponderStart
 .text.turnOnTransponder
                0x2000ebd8       0xa0 ./src/SubSystemModules/Communication/TRXVU.o
                0x2000ebd8                turnOnTransponder
 .text.turnOffTransponder
                0x2000ec78       0x90 ./src/SubSystemModules/Communication/TRXVU.o
                0x2000ec78                turnOffTransponder
 .text.SetRSSITransponder
                0x2000ed08       0x80 ./src/SubSystemModules/Communication/TRXVU.o
                0x2000ed08                SetRSSITransponder
 .text.TRX_Logic
                0x2000ed88       0xd4 ./src/SubSystemModules/Communication/TRXVU.o
                0x2000ed88                TRX_Logic
 .text.GetNumberOfFramesInBuffer
                0x2000ee5c       0x5c ./src/SubSystemModules/Communication/TRXVU.o
                0x2000ee5c                GetNumberOfFramesInBuffer
 .text.GetOnlineCommand
                0x2000eeb8      0x184 ./src/SubSystemModules/Communication/TRXVU.o
                0x2000eeb8                GetOnlineCommand
 .text.CheckTransmitionAllowed
                0x2000f03c       0xc0 ./src/SubSystemModules/Communication/TRXVU.o
                0x2000f03c                CheckTransmitionAllowed
 .text.FinishDump
                0x2000f0fc       0xf0 ./src/SubSystemModules/Communication/TRXVU.o
                0x2000f0fc                FinishDump
 .text.AbortDump
                0x2000f1ec       0x34 ./src/SubSystemModules/Communication/TRXVU.o
                0x2000f1ec                AbortDump
 .text.SendDumpAbortRequest
                0x2000f220       0x6c ./src/SubSystemModules/Communication/TRXVU.o
                0x2000f220                SendDumpAbortRequest
 .text.CheckDumpAbort
                0x2000f28c       0x6c ./src/SubSystemModules/Communication/TRXVU.o
                0x2000f28c                CheckDumpAbort
 .text.BeaconLogic
                0x2000f2f8      0x184 ./src/SubSystemModules/Communication/TRXVU.o
                0x2000f2f8                BeaconLogic
 .text.SetIdleState
                0x2000f47c      0x144 ./src/SubSystemModules/Communication/TRXVU.o
                0x2000f47c                SetIdleState
 .text.muteTRXVU
                0x2000f5c0       0x74 ./src/SubSystemModules/Communication/TRXVU.o
                0x2000f5c0                muteTRXVU
 .text.UnMuteTRXVU
                0x2000f634       0x14 ./src/SubSystemModules/Communication/TRXVU.o
                0x2000f634                UnMuteTRXVU
 .text.TransmitDataAsSPL_Packet
                0x2000f648      0x114 ./src/SubSystemModules/Communication/TRXVU.o
                0x2000f648                TransmitDataAsSPL_Packet
 .text.TransmitSplPacket
                0x2000f75c      0x1cc ./src/SubSystemModules/Communication/TRXVU.o
                0x2000f75c                TransmitSplPacket
 .text.isFirstActivation
                0x2000f928       0x38 ./src/InitSystem.o
                0x2000f928                isFirstActivation
 .text.WriteDefaultValuesToFRAM
                0x2000f960      0x2ac ./src/InitSystem.o
                0x2000f960                WriteDefaultValuesToFRAM
 .text.StartFRAM
                0x2000fc0c       0x64 ./src/InitSystem.o
                0x2000fc0c                StartFRAM
 .text.StartI2C
                0x2000fc70       0x38 ./src/InitSystem.o
                0x2000fc70                StartI2C
 .text.StartSPI
                0x2000fca8       0x34 ./src/InitSystem.o
                0x2000fca8                StartSPI
 .text.StartTIME
                0x2000fcdc       0xbc ./src/InitSystem.o
                0x2000fcdc                StartTIME
 .text.DeploySystem
                0x2000fd98      0x1b4 ./src/InitSystem.o
                0x2000fd98                DeploySystem
 .text.InitSubsystems
                0x2000ff4c       0x64 ./src/InitSystem.o
                0x2000ff4c                InitSubsystems
 .text.CMD_getInfoImage
                0x2000ffb0      0x158 ./src/TLM_management.o
                0x2000ffb0                CMD_getInfoImage
 .text.CMD_getDataImage
                0x20010108      0x218 ./src/TLM_management.o
                0x20010108                CMD_getDataImage
 .text.delete_allTMFilesFromSD
                0x20010320       0x8c ./src/TLM_management.o
                0x20010320                delete_allTMFilesFromSD
 .text.deleteTLMFiles
                0x200103ac       0x94 ./src/TLM_management.o
                0x200103ac                deleteTLMFiles
 .text.deleteTLMFile
                0x20010440       0xcc ./src/TLM_management.o
                0x20010440                deleteTLMFile
 .text.deleteTLMbyMonth
                0x2001050c       0xac ./src/TLM_management.o
                0x2001050c                deleteTLMbyMonth
 .text.deleteDirectory
                0x200105b8      0x158 ./src/TLM_management.o
                0x200105b8                deleteDirectory
 .text.InitializeFS
                0x20010710       0xec ./src/TLM_management.o
                0x20010710                InitializeFS
 .text.calculateFileName
                0x200107fc      0x130 ./src/TLM_management.o
                0x200107fc                calculateFileName
 .text.getTlmTypeInfo
                0x2001092c      0x200 ./src/TLM_management.o
                0x2001092c                getTlmTypeInfo
 .text.write2File
                0x20010b2c      0x1dc ./src/TLM_management.o
                0x20010b2c                write2File
 .text.printTLM
                0x20010d08      0x490 ./src/TLM_management.o
                0x20010d08                printTLM
 .text.readTLMFile
                0x20011198      0x328 ./src/TLM_management.o
                0x20011198                readTLMFile
 .text.readTLMFiles
                0x200114c0       0xdc ./src/TLM_management.o
                0x200114c0                readTLMFiles
 .text.readTLMFileTimeRange
                0x2001159c      0x2f0 ./src/TLM_management.o
                0x2001159c                readTLMFileTimeRange
 .text.DeInitializeFS
                0x2001188c       0x38 ./src/TLM_management.o
                0x2001188c                DeInitializeFS
 .text.main     0x200118c4       0x98 ./src/main.o
                0x200118c4                main
 .text.timeU2time
                0x2001195c       0xbc ./src/utils.o
                0x2001195c                timeU2time
 .text.logError
                0x20011a18      0x148 ./src/utils.o
                0x20011a18                logError
 .text.clearPDCtransfers
                0x20011b60       0xe8 C:/ISIS/workspace/ycube/GlobusSatProject/..//hal/hal/lib\libHALD.a(SPI.o)
 .text.SPI_start
                0x20011c48      0x4b0 C:/ISIS/workspace/ycube/GlobusSatProject/..//hal/hal/lib\libHALD.a(SPI.o)
                0x20011c48                SPI_start
 .text.SPI_stop
                0x200120f8      0x244 C:/ISIS/workspace/ycube/GlobusSatProject/..//hal/hal/lib\libHALD.a(SPI.o)
                0x200120f8                SPI_stop
 .text.SPI_queueTransfer
                0x2001233c      0x1cc C:/ISIS/workspace/ycube/GlobusSatProject/..//hal/hal/lib\libHALD.a(SPI.o)
                0x2001233c                SPI_queueTransfer
 .text.SPI_internalCallback
                0x20012508       0x64 C:/ISIS/workspace/ycube/GlobusSatProject/..//hal/hal/lib\libHALD.a(SPI.o)
 .text.SPI_writeRead
                0x2001256c      0x1c0 C:/ISIS/workspace/ycube/GlobusSatProject/..//hal/hal/lib\libHALD.a(SPI.o)
                0x2001256c                SPI_writeRead
 .text.waitForTransfer
                0x2001272c       0x78 C:/ISIS/workspace/ycube/GlobusSatProject/..//hal/hal/lib\libHALD.a(SPI.o)
 .text.SPI_getDriverState
                0x200127a4       0x58 C:/ISIS/workspace/ycube/GlobusSatProject/..//hal/hal/lib\libHALD.a(SPI.o)
                0x200127a4                SPI_getDriverState
 .text.validateTransferParameters
                0x200127fc      0x10c C:/ISIS/workspace/ycube/GlobusSatProject/..//hal/hal/lib\libHALD.a(I2C.o)
 .text.I2C_queueTransfer
                0x20012908       0xfc C:/ISIS/workspace/ycube/GlobusSatProject/..//hal/hal/lib\libHALD.a(I2C.o)
                0x20012908                I2C_queueTransfer
 .text.I2C_internalCallback
                0x20012a04       0x64 C:/ISIS/workspace/ycube/GlobusSatProject/..//hal/hal/lib\libHALD.a(I2C.o)
 .text.I2C_doBlockingTransfer
                0x20012a68      0x180 C:/ISIS/workspace/ycube/GlobusSatProject/..//hal/hal/lib\libHALD.a(I2C.o)
 .text.I2C_write
                0x20012be8      0x110 C:/ISIS/workspace/ycube/GlobusSatProject/..//hal/hal/lib\libHALD.a(I2C.o)
                0x20012be8                I2C_write
 .text.I2C_read
                0x20012cf8      0x110 C:/ISIS/workspace/ycube/GlobusSatProject/..//hal/hal/lib\libHALD.a(I2C.o)
                0x20012cf8                I2C_read
 .text.I2C_writeRead
                0x20012e08      0x17c C:/ISIS/workspace/ycube/GlobusSatProject/..//hal/hal/lib\libHALD.a(I2C.o)
                0x20012e08                I2C_writeRead
 .text.I2C_start
                0x20012f84      0x2e8 C:/ISIS/workspace/ycube/GlobusSatProject/..//hal/hal/lib\libHALD.a(I2C.o)
                0x20012f84                I2C_start
 .text.I2C_stop
                0x2001326c      0x184 C:/ISIS/workspace/ycube/GlobusSatProject/..//hal/hal/lib\libHALD.a(I2C.o)
                0x2001326c                I2C_stop
 .text.I2C_setTransferTimeout
                0x200133f0       0x48 C:/ISIS/workspace/ycube/GlobusSatProject/..//hal/hal/lib\libHALD.a(I2C.o)
                0x200133f0                I2C_setTransferTimeout
 .text.ADC_ConvertRaw10bitToMillivolt
                0x20013438       0x50 C:/ISIS/workspace/ycube/GlobusSatProject/..//hal/hal/lib\libHALD.a(ADC.o)
                0x20013438                ADC_ConvertRaw10bitToMillivolt
 .text.ADC_SingleShot
                0x20013488      0x230 C:/ISIS/workspace/ycube/GlobusSatProject/..//hal/hal/lib\libHALD.a(ADC.o)
                0x20013488                ADC_SingleShot
 .text.FRAM_start
                0x200136b8      0x120 C:/ISIS/workspace/ycube/GlobusSatProject/..//hal/hal/lib\libHALD.a(FRAM.o)
                0x200136b8                FRAM_start
 .text.FRAM_stop
                0x200137d8       0x6c C:/ISIS/workspace/ycube/GlobusSatProject/..//hal/hal/lib\libHALD.a(FRAM.o)
                0x200137d8                FRAM_stop
 .text.FRAM_dummyCallback
                0x20013844       0x24 C:/ISIS/workspace/ycube/GlobusSatProject/..//hal/hal/lib\libHALD.a(FRAM.o)
                0x20013844                FRAM_dummyCallback
 .text.FRAM_unlockingCallback
                0x20013868       0x64 C:/ISIS/workspace/ycube/GlobusSatProject/..//hal/hal/lib\libHALD.a(FRAM.o)
                0x20013868                FRAM_unlockingCallback
 .text.doBlockingTransfer
                0x200138cc       0x78 C:/ISIS/workspace/ycube/GlobusSatProject/..//hal/hal/lib\libHALD.a(FRAM.o)
 .text.FRAM_writePacket
                0x20013944      0x134 C:/ISIS/workspace/ycube/GlobusSatProject/..//hal/hal/lib\libHALD.a(FRAM.o)
 .text.FRAM_write
                0x20013a78      0x1e0 C:/ISIS/workspace/ycube/GlobusSatProject/..//hal/hal/lib\libHALD.a(FRAM.o)
                0x20013a78                FRAM_write
 .text.FRAM_readPacket
                0x20013c58       0xf0 C:/ISIS/workspace/ycube/GlobusSatProject/..//hal/hal/lib\libHALD.a(FRAM.o)
 .text.FRAM_read
                0x20013d48      0x1ec C:/ISIS/workspace/ycube/GlobusSatProject/..//hal/hal/lib\libHALD.a(FRAM.o)
                0x20013d48                FRAM_read
 .text.Time_start
                0x20013f34      0x170 C:/ISIS/workspace/ycube/GlobusSatProject/..//hal/hal/lib\libHALD.a(Time.o)
                0x20013f34                Time_start
 .text.taskTimeSync
                0x200140a4       0x64 C:/ISIS/workspace/ycube/GlobusSatProject/..//hal/hal/lib\libHALD.a(Time.o)
 .text.Time_convertEpochToTime
                0x20014108      0x100 C:/ISIS/workspace/ycube/GlobusSatProject/..//hal/hal/lib\libHALD.a(Time.o)
                0x20014108                Time_convertEpochToTime
 .text.Time_calculateSecondsOfYear
                0x20014208       0xd8 C:/ISIS/workspace/ycube/GlobusSatProject/..//hal/hal/lib\libHALD.a(Time.o)
 .text.Time_set
                0x200142e0       0xd8 C:/ISIS/workspace/ycube/GlobusSatProject/..//hal/hal/lib\libHALD.a(Time.o)
                0x200142e0                Time_set
 .text.Time_isLeapYear
                0x200143b8       0x98 C:/ISIS/workspace/ycube/GlobusSatProject/..//hal/hal/lib\libHALD.a(Time.o)
                0x200143b8                Time_isLeapYear
 .text.Time_get
                0x20014450      0x478 C:/ISIS/workspace/ycube/GlobusSatProject/..//hal/hal/lib\libHALD.a(Time.o)
                0x20014450                Time_get
 .text.Time_getUnixEpoch
                0x200148c8      0x108 C:/ISIS/workspace/ycube/GlobusSatProject/..//hal/hal/lib\libHALD.a(Time.o)
                0x200148c8                Time_getUnixEpoch
 .text.Time_secondsOfYearToTime
                0x200149d0      0x33c C:/ISIS/workspace/ycube/GlobusSatProject/..//hal/hal/lib\libHALD.a(Time.o)
 .text.Time_setUnixEpoch
                0x20014d0c       0x54 C:/ISIS/workspace/ycube/GlobusSatProject/..//hal/hal/lib\libHALD.a(Time.o)
                0x20014d0c                Time_setUnixEpoch
 .text.Time_getUptimeSeconds
                0x20014d60       0x28 C:/ISIS/workspace/ycube/GlobusSatProject/..//hal/hal/lib\libHALD.a(Time.o)
                0x20014d60                Time_getUptimeSeconds
 .text.Time_sync
                0x20014d88      0x1a8 C:/ISIS/workspace/ycube/GlobusSatProject/..//hal/hal/lib\libHALD.a(Time.o)
                0x20014d88                Time_sync
 .text.Time_syncIfNeeded
                0x20014f30       0xac C:/ISIS/workspace/ycube/GlobusSatProject/..//hal/hal/lib\libHALD.a(Time.o)
                0x20014f30                Time_syncIfNeeded
 .text.WDT_start
                0x20014fdc       0x48 C:/ISIS/workspace/ycube/GlobusSatProject/..//hal/hal/lib\libHALD.a(WatchDogTimerNoOS.o)
                0x20014fdc                WDT_start
 .text.RTT_start
                0x20015024       0x24 C:/ISIS/workspace/ycube/GlobusSatProject/..//hal/hal/lib\libHALD.a(RTT.o)
                0x20015024                RTT_start
 .text.RTT_GetTime
                0x20015048       0x24 C:/ISIS/workspace/ycube/GlobusSatProject/..//hal/hal/lib\libHALD.a(RTT.o)
                0x20015048                RTT_GetTime
 .text.RTC_start
                0x2001506c       0x3c C:/ISIS/workspace/ycube/GlobusSatProject/..//hal/hal/lib\libHALD.a(RTC.o)
                0x2001506c                RTC_start
 .text.RTC_setTime
                0x200150a8      0x2a4 C:/ISIS/workspace/ycube/GlobusSatProject/..//hal/hal/lib\libHALD.a(RTC.o)
                0x200150a8                RTC_setTime
 .text.RTC_getTime
                0x2001534c      0x230 C:/ISIS/workspace/ycube/GlobusSatProject/..//hal/hal/lib\libHALD.a(RTC.o)
                0x2001534c                RTC_getTime
 .text.RTC_checkTimeValid
                0x2001557c       0xd8 C:/ISIS/workspace/ycube/GlobusSatProject/..//hal/hal/lib\libHALD.a(RTC.o)
                0x2001557c                RTC_checkTimeValid
 .text.WDT_startWatchdogKickTask
                0x20015654       0xb4 C:/ISIS/workspace/ycube/GlobusSatProject/..//hal/hal/lib\libHALD.a(WatchDogTimerOS.o)
                0x20015654                WDT_startWatchdogKickTask
 .text.WDT_forceKickEveryNms
                0x20015708       0x50 C:/ISIS/workspace/ycube/GlobusSatProject/..//hal/hal/lib\libHALD.a(WatchDogTimerOS.o)
                0x20015708                WDT_forceKickEveryNms
 .text.f_puts   0x20015758       0x80 C:/ISIS/workspace/ycube/GlobusSatProject/..//hal/hal/lib\libHALD.a(fprintf.o)
                0x20015758                f_puts
 .text.UTIL_DbguGetInteger
                0x200157d8      0x168 C:/ISIS/workspace/ycube/GlobusSatProject/..//hal/hal/lib\libHALD.a(util.o)
                0x200157d8                UTIL_DbguGetInteger
 .text.UTIL_DbguGetIntegerMinMax
                0x20015940       0xa4 C:/ISIS/workspace/ycube/GlobusSatProject/..//hal/hal/lib\libHALD.a(util.o)
                0x20015940                UTIL_DbguGetIntegerMinMax
 .text.LED_glow
                0x200159e4       0x58 C:/ISIS/workspace/ycube/GlobusSatProject/..//hal/hal/lib\libHALD.a(LED.o)
                0x200159e4                LED_glow
 .text.LED_dark
                0x20015a3c       0x58 C:/ISIS/workspace/ycube/GlobusSatProject/..//hal/hal/lib\libHALD.a(LED.o)
                0x20015a3c                LED_dark
 .text.LED_toggle
                0x20015a94       0x50 C:/ISIS/workspace/ycube/GlobusSatProject/..//hal/hal/lib\libHALD.a(LED.o)
                0x20015a94                LED_toggle
 .text.fm_initvolume
                0x20015ae4       0x70 C:/ISIS/workspace/ycube/GlobusSatProject/..//hal/hcc/lib\libHCCD.a(fat_m.o)
                0x20015ae4                fm_initvolume
 .text.fm_delvolume
                0x20015b54       0x60 C:/ISIS/workspace/ycube/GlobusSatProject/..//hal/hcc/lib\libHCCD.a(fat_m.o)
                0x20015b54                fm_delvolume
 .text.fm_format
                0x20015bb4       0x68 C:/ISIS/workspace/ycube/GlobusSatProject/..//hal/hcc/lib\libHCCD.a(fat_m.o)
                0x20015bb4                fm_format
 .text.fm_getdrive
                0x20015c1c       0x70 C:/ISIS/workspace/ycube/GlobusSatProject/..//hal/hcc/lib\libHCCD.a(fat_m.o)
                0x20015c1c                fm_getdrive
 .text.fm_getfreespace
                0x20015c8c       0x68 C:/ISIS/workspace/ycube/GlobusSatProject/..//hal/hcc/lib\libHCCD.a(fat_m.o)
                0x20015c8c                fm_getfreespace
 .text.fm_mkdir
                0x20015cf4       0x60 C:/ISIS/workspace/ycube/GlobusSatProject/..//hal/hcc/lib\libHCCD.a(fat_m.o)
                0x20015cf4                fm_mkdir
 .text.fm_rmdir
                0x20015d54       0x60 C:/ISIS/workspace/ycube/GlobusSatProject/..//hal/hcc/lib\libHCCD.a(fat_m.o)
                0x20015d54                fm_rmdir
 .text.fm_findfirst
                0x20015db4       0x68 C:/ISIS/workspace/ycube/GlobusSatProject/..//hal/hcc/lib\libHCCD.a(fat_m.o)
                0x20015db4                fm_findfirst
 .text.fm_findnext
                0x20015e1c       0x60 C:/ISIS/workspace/ycube/GlobusSatProject/..//hal/hcc/lib\libHCCD.a(fat_m.o)
                0x20015e1c                fm_findnext
 .text.fm_close
                0x20015e7c       0x60 C:/ISIS/workspace/ycube/GlobusSatProject/..//hal/hcc/lib\libHCCD.a(fat_m.o)
                0x20015e7c                fm_close
 .text.fm_flush
                0x20015edc       0x60 C:/ISIS/workspace/ycube/GlobusSatProject/..//hal/hcc/lib\libHCCD.a(fat_m.o)
                0x20015edc                fm_flush
 .text.fm_open  0x20015f3c       0x68 C:/ISIS/workspace/ycube/GlobusSatProject/..//hal/hcc/lib\libHCCD.a(fat_m.o)
                0x20015f3c                fm_open
 .text.fm_read  0x20015fa4       0x7c C:/ISIS/workspace/ycube/GlobusSatProject/..//hal/hcc/lib\libHCCD.a(fat_m.o)
                0x20015fa4                fm_read
 .text.fm_write
                0x20016020       0x7c C:/ISIS/workspace/ycube/GlobusSatProject/..//hal/hcc/lib\libHCCD.a(fat_m.o)
                0x20016020                fm_write
 .text.fm_seek  0x2001609c       0x70 C:/ISIS/workspace/ycube/GlobusSatProject/..//hal/hcc/lib\libHCCD.a(fat_m.o)
                0x2001609c                fm_seek
 .text.fm_tell  0x2001610c       0x60 C:/ISIS/workspace/ycube/GlobusSatProject/..//hal/hcc/lib\libHCCD.a(fat_m.o)
                0x2001610c                fm_tell
 .text.fm_putc  0x2001616c       0x68 C:/ISIS/workspace/ycube/GlobusSatProject/..//hal/hcc/lib\libHCCD.a(fat_m.o)
                0x2001616c                fm_putc
 .text.fm_rewind
                0x200161d4       0x60 C:/ISIS/workspace/ycube/GlobusSatProject/..//hal/hcc/lib\libHCCD.a(fat_m.o)
                0x200161d4                fm_rewind
 .text.fm_delete
                0x20016234       0x64 C:/ISIS/workspace/ycube/GlobusSatProject/..//hal/hcc/lib\libHCCD.a(fat_m.o)
                0x20016234                fm_delete
 .text.fm_getlasterror
                0x20016298       0x40 C:/ISIS/workspace/ycube/GlobusSatProject/..//hal/hcc/lib\libHCCD.a(fat_m.o)
                0x20016298                fm_getlasterror
 .text._f_invalidatedir
                0x200162d8       0x28 C:/ISIS/workspace/ycube/GlobusSatProject/..//hal/hcc/lib\libHCCD.a(fat.o)
                0x200162d8                _f_invalidatedir
 .text._f_getdirsector
                0x20016300       0x88 C:/ISIS/workspace/ycube/GlobusSatProject/..//hal/hcc/lib\libHCCD.a(fat.o)
                0x20016300                _f_getdirsector
 .text._f_writedirsector
                0x20016388       0x74 C:/ISIS/workspace/ycube/GlobusSatProject/..//hal/hcc/lib\libHCCD.a(fat.o)
                0x20016388                _f_writedirsector
 .text._f_checknameinv
                0x200163fc      0x180 C:/ISIS/workspace/ycube/GlobusSatProject/..//hal/hcc/lib\libHCCD.a(fat.o)
 .text._f_checkname
                0x2001657c       0x7c C:/ISIS/workspace/ycube/GlobusSatProject/..//hal/hcc/lib\libHCCD.a(fat.o)
 .text._f_checknamewc
                0x200165f8       0xf8 C:/ISIS/workspace/ycube/GlobusSatProject/..//hal/hcc/lib\libHCCD.a(fat.o)
 .text._f_setnameext
                0x200166f0      0x300 C:/ISIS/workspace/ycube/GlobusSatProject/..//hal/hcc/lib\libHCCD.a(fat.o)
 .text._f_setfsname
                0x200169f0      0x584 C:/ISIS/workspace/ycube/GlobusSatProject/..//hal/hcc/lib\libHCCD.a(fat.o)
 .text._f_findfile
                0x20016f74      0x30c C:/ISIS/workspace/ycube/GlobusSatProject/..//hal/hcc/lib\libHCCD.a(fat.o)
 .text._f_cmp_wname
                0x20017280      0x274 C:/ISIS/workspace/ycube/GlobusSatProject/..//hal/hcc/lib\libHCCD.a(fat.o)
 .text._f_to_string
                0x200174f4      0x130 C:/ISIS/workspace/ycube/GlobusSatProject/..//hal/hcc/lib\libHCCD.a(fat.o)
 .text._f_findfilewc
                0x20017624      0x278 C:/ISIS/workspace/ycube/GlobusSatProject/..//hal/hcc/lib\libHCCD.a(fat.o)
 .text._f_getfilename
                0x2001789c      0x20c C:/ISIS/workspace/ycube/GlobusSatProject/..//hal/hcc/lib\libHCCD.a(fat.o)
 .text._f_findpath
                0x20017aa8      0x35c C:/ISIS/workspace/ycube/GlobusSatProject/..//hal/hcc/lib\libHCCD.a(fat.o)
 .text.fn_getdcwd
                0x20017e04      0x1e0 C:/ISIS/workspace/ycube/GlobusSatProject/..//hal/hcc/lib\libHCCD.a(fat.o)
                0x20017e04                fn_getdcwd
 .text.fn_findfirst
                0x20017fe4      0x13c C:/ISIS/workspace/ycube/GlobusSatProject/..//hal/hcc/lib\libHCCD.a(fat.o)
                0x20017fe4                fn_findfirst
 .text.fn_findnext
                0x20018120      0x360 C:/ISIS/workspace/ycube/GlobusSatProject/..//hal/hcc/lib\libHCCD.a(fat.o)
                0x20018120                fn_findnext
 .text._f_lock_resfile
                0x20018480       0x6c C:/ISIS/workspace/ycube/GlobusSatProject/..//hal/hcc/lib\libHCCD.a(fat.o)
 .text._f_unlock_resfile
                0x200184ec       0x40 C:/ISIS/workspace/ycube/GlobusSatProject/..//hal/hcc/lib\libHCCD.a(fat.o)
 .text._f_getintfile
                0x2001852c      0x124 C:/ISIS/workspace/ycube/GlobusSatProject/..//hal/hcc/lib\libHCCD.a(fat.o)
 .text._f_addentry
                0x20018650      0x540 C:/ISIS/workspace/ycube/GlobusSatProject/..//hal/hcc/lib\libHCCD.a(fat.o)
 .text.fn_mkdir
                0x20018b90      0x75c C:/ISIS/workspace/ycube/GlobusSatProject/..//hal/hcc/lib\libHCCD.a(fat.o)
                0x20018b90                fn_mkdir
 .text.fn_open_sub
                0x200192ec     0x1698 C:/ISIS/workspace/ycube/GlobusSatProject/..//hal/hcc/lib\libHCCD.a(fat.o)
 .text.fn_open  0x2001a984       0x44 C:/ISIS/workspace/ycube/GlobusSatProject/..//hal/hcc/lib\libHCCD.a(fat.o)
                0x2001a984                fn_open
 .text.fn_delete
                0x2001a9c8      0x490 C:/ISIS/workspace/ycube/GlobusSatProject/..//hal/hcc/lib\libHCCD.a(fat.o)
                0x2001a9c8                fn_delete
 .text.fn_rmdir
                0x2001ae58      0x5ac C:/ISIS/workspace/ycube/GlobusSatProject/..//hal/hcc/lib\libHCCD.a(fat.o)
                0x2001ae58                fn_rmdir
 .text.fn_init  0x2001b404      0x2dc C:/ISIS/workspace/ycube/GlobusSatProject/..//hal/hcc/lib\libHCCD.a(fat_common.o)
                0x2001b404                fn_init
 .text.fn_start
                0x2001b6e0       0x1c C:/ISIS/workspace/ycube/GlobusSatProject/..//hal/hcc/lib\libHCCD.a(fat_common.o)
                0x2001b6e0                fn_start
 .text.fsn_delete
                0x2001b6fc       0xc8 C:/ISIS/workspace/ycube/GlobusSatProject/..//hal/hcc/lib\libHCCD.a(fat_common.o)
                0x2001b6fc                fsn_delete
 .text._f_get16bitl
                0x2001b7c4       0x4c C:/ISIS/workspace/ycube/GlobusSatProject/..//hal/hcc/lib\libHCCD.a(fat_common.o)
                0x2001b7c4                _f_get16bitl
 .text._f_set16bitl
                0x2001b810       0x54 C:/ISIS/workspace/ycube/GlobusSatProject/..//hal/hcc/lib\libHCCD.a(fat_common.o)
                0x2001b810                _f_set16bitl
 .text._f_get32bitl
                0x2001b864       0x68 C:/ISIS/workspace/ycube/GlobusSatProject/..//hal/hcc/lib\libHCCD.a(fat_common.o)
                0x2001b864                _f_get32bitl
 .text._f_set32bitl
                0x2001b8cc       0x78 C:/ISIS/workspace/ycube/GlobusSatProject/..//hal/hcc/lib\libHCCD.a(fat_common.o)
                0x2001b8cc                _f_set32bitl
 .text._get8bit
                0x2001b944       0xa0 C:/ISIS/workspace/ycube/GlobusSatProject/..//hal/hcc/lib\libHCCD.a(fat_common.o)
 .text._get16bitl
                0x2001b9e4       0x40 C:/ISIS/workspace/ycube/GlobusSatProject/..//hal/hcc/lib\libHCCD.a(fat_common.o)
 .text._get32bitl
                0x2001ba24       0x3c C:/ISIS/workspace/ycube/GlobusSatProject/..//hal/hcc/lib\libHCCD.a(fat_common.o)
 .text._set8bitzero
                0x2001ba60       0x6c C:/ISIS/workspace/ycube/GlobusSatProject/..//hal/hcc/lib\libHCCD.a(fat_common.o)
 .text._set8bit
                0x2001bacc       0xa0 C:/ISIS/workspace/ycube/GlobusSatProject/..//hal/hcc/lib\libHCCD.a(fat_common.o)
 .text._set16bitl
                0x2001bb6c       0x3c C:/ISIS/workspace/ycube/GlobusSatProject/..//hal/hcc/lib\libHCCD.a(fat_common.o)
 .text._set32bitl
                0x2001bba8       0x34 C:/ISIS/workspace/ycube/GlobusSatProject/..//hal/hcc/lib\libHCCD.a(fat_common.o)
 .text._f_setcardremoved
                0x2001bbdc       0x94 C:/ISIS/workspace/ycube/GlobusSatProject/..//hal/hcc/lib\libHCCD.a(fat_common.o)
 .text._f_checkstatus
                0x2001bc70      0x104 C:/ISIS/workspace/ycube/GlobusSatProject/..//hal/hcc/lib\libHCCD.a(fat_common.o)
                0x2001bc70                _f_checkstatus
 .text._f_drvgetphy
                0x2001bd74      0x114 C:/ISIS/workspace/ycube/GlobusSatProject/..//hal/hcc/lib\libHCCD.a(fat_common.o)
 .text._f_drvwritesector
                0x2001be88       0xdc C:/ISIS/workspace/ycube/GlobusSatProject/..//hal/hcc/lib\libHCCD.a(fat_common.o)
 .text._f_drvreadsector
                0x2001bf64       0xa8 C:/ISIS/workspace/ycube/GlobusSatProject/..//hal/hcc/lib\libHCCD.a(fat_common.o)
 .text._f_writesector
                0x2001c00c      0x23c C:/ISIS/workspace/ycube/GlobusSatProject/..//hal/hcc/lib\libHCCD.a(fat_common.o)
                0x2001c00c                _f_writesector
 .text._f_readsector
                0x2001c248      0x1dc C:/ISIS/workspace/ycube/GlobusSatProject/..//hal/hcc/lib\libHCCD.a(fat_common.o)
                0x2001c248                _f_readsector
 .text._f_getmaxcluster
                0x2001c424       0x94 C:/ISIS/workspace/ycube/GlobusSatProject/..//hal/hcc/lib\libHCCD.a(fat_common.o)
                0x2001c424                _f_getmaxcluster
 .text._getsectorfromcluster
                0x2001c4b8       0x68 C:/ISIS/workspace/ycube/GlobusSatProject/..//hal/hcc/lib\libHCCD.a(fat_common.o)
 .text._f_buildsectors
                0x2001c520      0x268 C:/ISIS/workspace/ycube/GlobusSatProject/..//hal/hcc/lib\libHCCD.a(fat_common.o)
 .text._f_getbootrecord
                0x2001c788      0x5e4 C:/ISIS/workspace/ycube/GlobusSatProject/..//hal/hcc/lib\libHCCD.a(fat_common.o)
 .text._f_readbootrecord
                0x2001cd6c      0x4f8 C:/ISIS/workspace/ycube/GlobusSatProject/..//hal/hcc/lib\libHCCD.a(fat_common.o)
 .text._f_writebootrecord
                0x2001d264      0x5e4 C:/ISIS/workspace/ycube/GlobusSatProject/..//hal/hcc/lib\libHCCD.a(fat_common.o)
 .text._f_flushcffiles
                0x2001d848      0x17c C:/ISIS/workspace/ycube/GlobusSatProject/..//hal/hcc/lib\libHCCD.a(fat_common.o)
                0x2001d848                _f_flushcffiles
 .text._f_fatcache_flush
                0x2001d9c4      0x270 C:/ISIS/workspace/ycube/GlobusSatProject/..//hal/hcc/lib\libHCCD.a(fat_common.o)
                0x2001d9c4                _f_fatcache_flush
 .text._f_writefatsector
                0x2001dc34      0x100 C:/ISIS/workspace/ycube/GlobusSatProject/..//hal/hcc/lib\libHCCD.a(fat_common.o)
                0x2001dc34                _f_writefatsector
 .text._f_getfatsector
                0x2001dd34      0x3bc C:/ISIS/workspace/ycube/GlobusSatProject/..//hal/hcc/lib\libHCCD.a(fat_common.o)
 .text._f_setclustervalue
                0x2001e0f0      0x490 C:/ISIS/workspace/ycube/GlobusSatProject/..//hal/hcc/lib\libHCCD.a(fat_common.o)
                0x2001e0f0                _f_setclustervalue
 .text._f_getclustervalue
                0x2001e580      0x388 C:/ISIS/workspace/ycube/GlobusSatProject/..//hal/hcc/lib\libHCCD.a(fat_common.o)
                0x2001e580                _f_getclustervalue
 .text._f_close_drive_files
                0x2001e908       0xac C:/ISIS/workspace/ycube/GlobusSatProject/..//hal/hcc/lib\libHCCD.a(fat_common.o)
 .text._f_inc_mount_count
                0x2001e9b4       0xa4 C:/ISIS/workspace/ycube/GlobusSatProject/..//hal/hcc/lib\libHCCD.a(fat_common.o)
 .text._f_getvolume
                0x2001ea58      0x2f8 C:/ISIS/workspace/ycube/GlobusSatProject/..//hal/hcc/lib\libHCCD.a(fat_common.o)
                0x2001ea58                _f_getvolume
 .text.fn_createdriver
                0x2001ed50      0x118 C:/ISIS/workspace/ycube/GlobusSatProject/..//hal/hcc/lib\libHCCD.a(fat_common.o)
                0x2001ed50                fn_createdriver
 .text.fn_initvolume
                0x2001ee68      0x12c C:/ISIS/workspace/ycube/GlobusSatProject/..//hal/hcc/lib\libHCCD.a(fat_common.o)
                0x2001ee68                fn_initvolume
 .text.fn_releasedriver
                0x2001ef94       0xf4 C:/ISIS/workspace/ycube/GlobusSatProject/..//hal/hcc/lib\libHCCD.a(fat_common.o)
                0x2001ef94                fn_releasedriver
 .text.fn_initvolumepartition_sub
                0x2001f088       0xe0 C:/ISIS/workspace/ycube/GlobusSatProject/..//hal/hcc/lib\libHCCD.a(fat_common.o)
 .text.fn_initvolumepartition
                0x2001f168       0xac C:/ISIS/workspace/ycube/GlobusSatProject/..//hal/hcc/lib\libHCCD.a(fat_common.o)
                0x2001f168                fn_initvolumepartition
 .text.fn_delvolume
                0x2001f214      0x194 C:/ISIS/workspace/ycube/GlobusSatProject/..//hal/hcc/lib\libHCCD.a(fat_common.o)
                0x2001f214                fn_delvolume
 .text._f_clustertopos
                0x2001f3a8       0xf8 C:/ISIS/workspace/ycube/GlobusSatProject/..//hal/hcc/lib\libHCCD.a(fat_common.o)
                0x2001f3a8                _f_clustertopos
 .text._f_prepareformat
                0x2001f4a0      0x8b8 C:/ISIS/workspace/ycube/GlobusSatProject/..//hal/hcc/lib\libHCCD.a(fat_common.o)
 .text._f_resetfatentries
                0x2001fd58      0x410 C:/ISIS/workspace/ycube/GlobusSatProject/..//hal/hcc/lib\libHCCD.a(fat_common.o)
 .text._f_resetrootdir
                0x20020168       0xcc C:/ISIS/workspace/ycube/GlobusSatProject/..//hal/hcc/lib\libHCCD.a(fat_common.o)
 .text._f_postformat
                0x20020234      0x178 C:/ISIS/workspace/ycube/GlobusSatProject/..//hal/hcc/lib\libHCCD.a(fat_common.o)
 .text.fn_format
                0x200203ac      0x148 C:/ISIS/workspace/ycube/GlobusSatProject/..//hal/hcc/lib\libHCCD.a(fat_common.o)
                0x200203ac                fn_format
 .text._f_getcurrsector
                0x200204f4      0x6c8 C:/ISIS/workspace/ycube/GlobusSatProject/..//hal/hcc/lib\libHCCD.a(fat_common.o)
                0x200204f4                _f_getcurrsector
 .text._f_getdecluster
                0x20020bbc       0x90 C:/ISIS/workspace/ycube/GlobusSatProject/..//hal/hcc/lib\libHCCD.a(fat_common.o)
                0x20020bbc                _f_getdecluster
 .text._f_setdecluster
                0x20020c4c       0x8c C:/ISIS/workspace/ycube/GlobusSatProject/..//hal/hcc/lib\libHCCD.a(fat_common.o)
                0x20020c4c                _f_setdecluster
 .text.fn_getdrive
                0x20020cd8       0x30 C:/ISIS/workspace/ycube/GlobusSatProject/..//hal/hcc/lib\libHCCD.a(fat_common.o)
                0x20020cd8                fn_getdrive
 .text._f_getcurrenttimedate
                0x20020d08      0x138 C:/ISIS/workspace/ycube/GlobusSatProject/..//hal/hcc/lib\libHCCD.a(fat_common.o)
                0x20020d08                _f_getcurrenttimedate
 .text._f_initentry
                0x20020e40       0xa0 C:/ISIS/workspace/ycube/GlobusSatProject/..//hal/hcc/lib\libHCCD.a(fat_common.o)
                0x20020e40                _f_initentry
 .text._f_alloccluster
                0x20020ee0      0x344 C:/ISIS/workspace/ycube/GlobusSatProject/..//hal/hcc/lib\libHCCD.a(fat_common.o)
                0x20020ee0                _f_alloccluster
 .text._f_dobadblock
                0x20021224      0x2cc C:/ISIS/workspace/ycube/GlobusSatProject/..//hal/hcc/lib\libHCCD.a(fat_common.o)
                0x20021224                _f_dobadblock
 .text._f_checklocked
                0x200214f0       0xe4 C:/ISIS/workspace/ycube/GlobusSatProject/..//hal/hcc/lib\libHCCD.a(fat_common.o)
                0x200214f0                _f_checklocked
 .text._f_checkappendlocked
                0x200215d4      0x110 C:/ISIS/workspace/ycube/GlobusSatProject/..//hal/hcc/lib\libHCCD.a(fat_common.o)
                0x200215d4                _f_checkappendlocked
 .text._f_setsyncafile
                0x200216e4      0x114 C:/ISIS/workspace/ycube/GlobusSatProject/..//hal/hcc/lib\libHCCD.a(fat_common.o)
                0x200216e4                _f_setsyncafile
 .text._f_syncfiles
                0x200217f8      0x128 C:/ISIS/workspace/ycube/GlobusSatProject/..//hal/hcc/lib\libHCCD.a(fat_common.o)
                0x200217f8                _f_syncfiles
 .text._f_syncfilescontent
                0x20021920      0x15c C:/ISIS/workspace/ycube/GlobusSatProject/..//hal/hcc/lib\libHCCD.a(fat_common.o)
 .text.fn_getfreespace
                0x20021a7c      0x4c0 C:/ISIS/workspace/ycube/GlobusSatProject/..//hal/hcc/lib\libHCCD.a(fat_common.o)
                0x20021a7c                fn_getfreespace
 .text._f_emptywritecache
                0x20021f3c      0x4a4 C:/ISIS/workspace/ycube/GlobusSatProject/..//hal/hcc/lib\libHCCD.a(fat_common.o)
 .text._f_allocnextcluster
                0x200223e0      0x54c C:/ISIS/workspace/ycube/GlobusSatProject/..//hal/hcc/lib\libHCCD.a(fat_common.o)
 .text._f_emptywritebuffer
                0x2002292c      0x20c C:/ISIS/workspace/ycube/GlobusSatProject/..//hal/hcc/lib\libHCCD.a(fat_common.o)
 .text._f_writezeros
                0x20022b38       0xf0 C:/ISIS/workspace/ycube/GlobusSatProject/..//hal/hcc/lib\libHCCD.a(fat_common.o)
                0x20022b38                _f_writezeros
 .text._f_extend_file
                0x20022c28      0x570 C:/ISIS/workspace/ycube/GlobusSatProject/..//hal/hcc/lib\libHCCD.a(fat_common.o)
 .text._f_fseek
                0x20023198      0x9bc C:/ISIS/workspace/ycube/GlobusSatProject/..//hal/hcc/lib\libHCCD.a(fat_common.o)
                0x20023198                _f_fseek
 .text._f_removechain
                0x20023b54      0x104 C:/ISIS/workspace/ycube/GlobusSatProject/..//hal/hcc/lib\libHCCD.a(fat_common.o)
                0x20023b54                _f_removechain
 .text._f_updatefileentry
                0x20023c58      0x1cc C:/ISIS/workspace/ycube/GlobusSatProject/..//hal/hcc/lib\libHCCD.a(fat_common.o)
 .text._f_checkreadlocked
                0x20023e24      0x1bc C:/ISIS/workspace/ycube/GlobusSatProject/..//hal/hcc/lib\libHCCD.a(fat_common.o)
                0x20023e24                _f_checkreadlocked
 .text._f_check_handle
                0x20023fe0       0x98 C:/ISIS/workspace/ycube/GlobusSatProject/..//hal/hcc/lib\libHCCD.a(fat_common.o)
                0x20023fe0                _f_check_handle
 .text._f_removesyncafile
                0x20024078      0x1ec C:/ISIS/workspace/ycube/GlobusSatProject/..//hal/hcc/lib\libHCCD.a(fat_common.o)
 .text.fn_close
                0x20024264      0x3f8 C:/ISIS/workspace/ycube/GlobusSatProject/..//hal/hcc/lib\libHCCD.a(fat_common.o)
                0x20024264                fn_close
 .text.fn_flush
                0x2002465c      0x374 C:/ISIS/workspace/ycube/GlobusSatProject/..//hal/hcc/lib\libHCCD.a(fat_common.o)
                0x2002465c                fn_flush
 .text.fn_read  0x200249d0      0x690 C:/ISIS/workspace/ycube/GlobusSatProject/..//hal/hcc/lib\libHCCD.a(fat_common.o)
                0x200249d0                fn_read
 .text._f_abortwrite
                0x20025060      0x100 C:/ISIS/workspace/ycube/GlobusSatProject/..//hal/hcc/lib\libHCCD.a(fat_common.o)
 .text._f_checkwritecluster
                0x20025160       0xe4 C:/ISIS/workspace/ycube/GlobusSatProject/..//hal/hcc/lib\libHCCD.a(fat_common.o)
 .text.fn_write
                0x20025244      0x8a8 C:/ISIS/workspace/ycube/GlobusSatProject/..//hal/hcc/lib\libHCCD.a(fat_common.o)
                0x20025244                fn_write
 .text.fn_seek  0x20025aec      0x270 C:/ISIS/workspace/ycube/GlobusSatProject/..//hal/hcc/lib\libHCCD.a(fat_common.o)
                0x20025aec                fn_seek
 .text.fn_tell  0x20025d5c      0x19c C:/ISIS/workspace/ycube/GlobusSatProject/..//hal/hcc/lib\libHCCD.a(fat_common.o)
                0x20025d5c                fn_tell
 .text.fn_rewind
                0x20025ef8       0x38 C:/ISIS/workspace/ycube/GlobusSatProject/..//hal/hcc/lib\libHCCD.a(fat_common.o)
                0x20025ef8                fn_rewind
 .text.fn_putc  0x20025f30       0x68 C:/ISIS/workspace/ycube/GlobusSatProject/..//hal/hcc/lib\libHCCD.a(fat_common.o)
                0x20025f30                fn_putc
 .text.f_enterFS
                0x20025f98      0x1c0 C:/ISIS/workspace/ycube/GlobusSatProject/..//hal/hcc/lib\libHCCD.a(fat_common.o)
                0x20025f98                f_enterFS
 .text.f_releaseFS
                0x20026158       0xb0 C:/ISIS/workspace/ycube/GlobusSatProject/..//hal/hcc/lib\libHCCD.a(fat_common.o)
                0x20026158                f_releaseFS
 .text.fnGetTask
                0x20026208       0xfc C:/ISIS/workspace/ycube/GlobusSatProject/..//hal/hcc/lib\libHCCD.a(fat_common.o)
                0x20026208                fnGetTask
 .text._f_mutex_get
                0x20026304       0x98 C:/ISIS/workspace/ycube/GlobusSatProject/..//hal/hcc/lib\libHCCD.a(fat_common.o)
                0x20026304                _f_mutex_get
 .text._f_mutex_put
                0x2002639c       0x54 C:/ISIS/workspace/ycube/GlobusSatProject/..//hal/hcc/lib\libHCCD.a(fat_common.o)
                0x2002639c                _f_mutex_put
 .text._fn_initseekdivisor
                0x200263f0      0x158 C:/ISIS/workspace/ycube/GlobusSatProject/..//hal/hcc/lib\libHCCD.a(fat_common.o)
                0x200263f0                _fn_initseekdivisor
 .text._fn_updateseekpos
                0x20026548       0xc4 C:/ISIS/workspace/ycube/GlobusSatProject/..//hal/hcc/lib\libHCCD.a(fat_common.o)
 .text._f_findopensize
                0x2002660c       0x2c C:/ISIS/workspace/ycube/GlobusSatProject/..//hal/hcc/lib\libHCCD.a(fat_common.o)
                0x2002660c                _f_findopensize
 .text.fn_setlasterror
                0x20026638       0x34 C:/ISIS/workspace/ycube/GlobusSatProject/..//hal/hcc/lib\libHCCD.a(fat_common.o)
                0x20026638                fn_setlasterror
 .text.fn_setlasterror_noret
                0x2002666c       0x2c C:/ISIS/workspace/ycube/GlobusSatProject/..//hal/hcc/lib\libHCCD.a(fat_common.o)
                0x2002666c                fn_setlasterror_noret
 .text._s_checkzeroclusteratend
                0x20026698       0xf8 C:/ISIS/workspace/ycube/GlobusSatProject/..//hal/hcc/lib\libHCCD.a(safefat.o)
 .text._s_clearclustercontent
                0x20026790      0x108 C:/ISIS/workspace/ycube/GlobusSatProject/..//hal/hcc/lib\libHCCD.a(safefat.o)
 .text._s_clearclustercontentdir
                0x20026898      0x19c C:/ISIS/workspace/ycube/GlobusSatProject/..//hal/hcc/lib\libHCCD.a(safefat.o)
 .text._s_writedirsector
                0x20026a34       0xd0 C:/ISIS/workspace/ycube/GlobusSatProject/..//hal/hcc/lib\libHCCD.a(safefat.o)
 .text._s_getdirsector
                0x20026b04      0x100 C:/ISIS/workspace/ycube/GlobusSatProject/..//hal/hcc/lib\libHCCD.a(safefat.o)
 .text._s_addentry
                0x20026c04      0x394 C:/ISIS/workspace/ycube/GlobusSatProject/..//hal/hcc/lib\libHCCD.a(safefat.o)
 .text._s_findfile
                0x20026f98      0x33c C:/ISIS/workspace/ycube/GlobusSatProject/..//hal/hcc/lib\libHCCD.a(safefat.o)
 .text._s_findsubdir
                0x200272d4      0x248 C:/ISIS/workspace/ycube/GlobusSatProject/..//hal/hcc/lib\libHCCD.a(safefat.o)
 .text._s_createfile
                0x2002751c      0x190 C:/ISIS/workspace/ycube/GlobusSatProject/..//hal/hcc/lib\libHCCD.a(safefat.o)
 .text._s_findsaffile
                0x200276ac      0x1b8 C:/ISIS/workspace/ycube/GlobusSatProject/..//hal/hcc/lib\libHCCD.a(safefat.o)
 .text._s_open  0x20027864       0xe4 C:/ISIS/workspace/ycube/GlobusSatProject/..//hal/hcc/lib\libHCCD.a(safefat.o)
 .text._s_open_saf
                0x20027948       0xe8 C:/ISIS/workspace/ycube/GlobusSatProject/..//hal/hcc/lib\libHCCD.a(safefat.o)
 .text._s_flush
                0x20027a30       0x84 C:/ISIS/workspace/ycube/GlobusSatProject/..//hal/hcc/lib\libHCCD.a(safefat.o)
 .text._s_allocnextcluster
                0x20027ab4      0x13c C:/ISIS/workspace/ycube/GlobusSatProject/..//hal/hcc/lib\libHCCD.a(safefat.o)
 .text._s_getnextsector
                0x20027bf0       0xdc C:/ISIS/workspace/ycube/GlobusSatProject/..//hal/hcc/lib\libHCCD.a(safefat.o)
 .text._s_seek  0x20027ccc      0x1e8 C:/ISIS/workspace/ycube/GlobusSatProject/..//hal/hcc/lib\libHCCD.a(safefat.o)
 .text._s_get_len
                0x20027eb4      0x10c C:/ISIS/workspace/ycube/GlobusSatProject/..//hal/hcc/lib\libHCCD.a(safefat.o)
 .text._s_set_len
                0x20027fc0       0xb4 C:/ISIS/workspace/ycube/GlobusSatProject/..//hal/hcc/lib\libHCCD.a(safefat.o)
 .text.safe_fix_filelengths
                0x20028074       0xcc C:/ISIS/workspace/ycube/GlobusSatProject/..//hal/hcc/lib\libHCCD.a(safefat.o)
                0x20028074                safe_fix_filelengths
 .text._s_read  0x20028140      0x228 C:/ISIS/workspace/ycube/GlobusSatProject/..//hal/hcc/lib\libHCCD.a(safefat.o)
 .text._s_write
                0x20028368      0x384 C:/ISIS/workspace/ycube/GlobusSatProject/..//hal/hcc/lib\libHCCD.a(safefat.o)
 .text._s_restoreclusters
                0x200286ec      0x270 C:/ISIS/workspace/ycube/GlobusSatProject/..//hal/hcc/lib\libHCCD.a(safefat.o)
                0x200286ec                _s_restoreclusters
 .text._s_findrestore
                0x2002895c      0x18c C:/ISIS/workspace/ycube/GlobusSatProject/..//hal/hcc/lib\libHCCD.a(safefat.o)
 .text._s_cmd_writede
                0x20028ae8       0xd8 C:/ISIS/workspace/ycube/GlobusSatProject/..//hal/hcc/lib\libHCCD.a(safefat.o)
 .text._s_cmd_setcluster
                0x20028bc0       0x88 C:/ISIS/workspace/ycube/GlobusSatProject/..//hal/hcc/lib\libHCCD.a(safefat.o)
 .text._s_cmd_deletechain
                0x20028c48      0x100 C:/ISIS/workspace/ycube/GlobusSatProject/..//hal/hcc/lib\libHCCD.a(safefat.o)
 .text._s_cmd_validatecfn
                0x20028d48      0x308 C:/ISIS/workspace/ycube/GlobusSatProject/..//hal/hcc/lib\libHCCD.a(safefat.o)
 .text._s_cmd_seteof
                0x20029050      0x3c4 C:/ISIS/workspace/ycube/GlobusSatProject/..//hal/hcc/lib\libHCCD.a(safefat.o)
 .text.safe_docommands
                0x20029414      0x56c C:/ISIS/workspace/ycube/GlobusSatProject/..//hal/hcc/lib\libHCCD.a(safefat.o)
                0x20029414                safe_docommands
 .text.safe_entercommand
                0x20029980       0x68 C:/ISIS/workspace/ycube/GlobusSatProject/..//hal/hcc/lib\libHCCD.a(safefat.o)
                0x20029980                safe_entercommand
 .text.safe_ready
                0x200299e8       0xf4 C:/ISIS/workspace/ycube/GlobusSatProject/..//hal/hcc/lib\libHCCD.a(safefat.o)
                0x200299e8                safe_ready
 .text.safe_copycfn
                0x20029adc       0xb8 C:/ISIS/workspace/ycube/GlobusSatProject/..//hal/hcc/lib\libHCCD.a(safefat.o)