Archive member included because of file (symbol)

C:/ISIS/workspace/ycube/GlobusSatProject/..//hal/hal/lib\libHALD.a(I2C.o)
                              ./src/SubSystemModules/Communication/SubsystemCommands/Maintanence_Commands.o (I2C_write)
C:/ISIS/workspace/ycube/GlobusSatProject/..//hal/hal/lib\libHALD.a(SPI.o)
                              ./src/InitSystem.o (SPI_start)
C:/ISIS/workspace/ycube/GlobusSatProject/..//hal/hal/lib\libHALD.a(FRAM.o)
                              ./src/SubSystemModules/Communication/SubsystemCommands/Maintanence_Commands.o (FRAM_start)
C:/ISIS/workspace/ycube/GlobusSatProject/..//hal/hal/lib\libHALD.a(Time.o)
                              ./src/InitSystem.o (Time_start)
C:/ISIS/workspace/ycube/GlobusSatProject/..//hal/hal/lib\libHALD.a(WatchDogTimerNoOS.o)
                              ./src/main.o (WDT_start)
C:/ISIS/workspace/ycube/GlobusSatProject/..//hal/hal/lib\libHALD.a(WatchDogTimerOS.o)
                              ./src/TestingDemos/MainTest.o (WDT_startWatchdogKickTask)
C:/ISIS/workspace/ycube/GlobusSatProject/..//hal/hal/lib\libHALD.a(fprintf.o)
                              ./src/TLM_management.o (f_puts)
C:/ISIS/workspace/ycube/GlobusSatProject/..//hal/hal/lib\libHALD.a(util.o)
                              ./src/TestingDemos/EpsTestingDemo.o (UTIL_DbguGetInteger)
C:/ISIS/workspace/ycube/GlobusSatProject/..//hal/hal/lib\libHALD.a(LED.o)
                              C:/ISIS/workspace/ycube/GlobusSatProject/..//hal/hal/lib\libHALD.a(WatchDogTimerOS.o) (LED_toggle)
C:/ISIS/workspace/ycube/GlobusSatProject/..//hal/hal/lib\libHALD.a(RTC.o)
                              C:/ISIS/workspace/ycube/GlobusSatProject/..//hal/hal/lib\libHALD.a(Time.o) (RTC_getTime)
C:/ISIS/workspace/ycube/GlobusSatProject/..//hal/hal/lib\libHALD.a(RTT.o)
                              C:/ISIS/workspace/ycube/GlobusSatProject/..//hal/hal/lib\libHALD.a(Time.o) (RTT_start)
C:/ISIS/workspace/ycube/GlobusSatProject/..//hal/hcc/lib\libHCCD.a(fat_common.o)
                              ./src/TLM_management.o (fn_init)
C:/ISIS/workspace/ycube/GlobusSatProject/..//hal/hcc/lib\libHCCD.a(fat_m.o)
                              ./src/TLM_management.o (fm_initvolume)
C:/ISIS/workspace/ycube/GlobusSatProject/..//hal/hcc/lib\libHCCD.a(safefat.o)
                              C:/ISIS/workspace/ycube/GlobusSatProject/..//hal/hcc/lib\libHCCD.a(fat_common.o) (safe_fix_filelengths)
C:/ISIS/workspace/ycube/GlobusSatProject/..//hal/hcc/lib\libHCCD.a(atmel_mcipdc.o)
                              ./src/TLM_management.o (atmel_mcipdc_initfunc)
C:/ISIS/workspace/ycube/GlobusSatProject/..//hal/hcc/lib\libHCCD.a(oalp_mutex.o)
                              C:/ISIS/workspace/ycube/GlobusSatProject/..//hal/hcc/lib\libHCCD.a(fat_common.o) (oal_mutex_create)
C:/ISIS/workspace/ycube/GlobusSatProject/..//hal/hcc/lib\libHCCD.a(oalp_task.o)
                              C:/ISIS/workspace/ycube/GlobusSatProject/..//hal/hcc/lib\libHCCD.a(fat_common.o) (oal_task_get_id)
C:/ISIS/workspace/ycube/GlobusSatProject/..//hal/hcc/lib\libHCCD.a(atmel_mcipdc_hw.o)
                              C:/ISIS/workspace/ycube/GlobusSatProject/..//hal/hcc/lib\libHCCD.a(atmel_mcipdc.o) (mcipdc_hw_init)
C:/ISIS/workspace/ycube/GlobusSatProject/..//hal/hcc/lib\libHCCD.a(psp_rand.o)
                              C:/ISIS/workspace/ycube/GlobusSatProject/..//hal/hcc/lib\libHCCD.a(fat_common.o) (psp_getrand)
C:/ISIS/workspace/ycube/GlobusSatProject/..//hal/hcc/lib\libHCCD.a(psp_rtc.o)
                              C:/ISIS/workspace/ycube/GlobusSatProject/..//hal/hcc/lib\libHCCD.a(fat_common.o) (psp_getcurrenttimedate)
C:/ISIS/workspace/ycube/GlobusSatProject/..//hal/hcc/lib\libHCCD.a(hcc_mem.o)
                              C:/ISIS/workspace/ycube/GlobusSatProject/..//hal/hcc/lib\libHCCD.a(atmel_mcipdc.o) (hcc_mem_alloc)
C:/ISIS/workspace/ycube/GlobusSatProject/..//hal/hcc/lib\libHCCD.a(fat.o)
                              C:/ISIS/workspace/ycube/GlobusSatProject/..//hal/hcc/lib\libHCCD.a(fat_common.o) (_f_getdirsector)
C:/ISIS/workspace/ycube/GlobusSatProject/..//hal/hcc/lib\libHCCD.a(psp_hcc_mem.o)
                              C:/ISIS/workspace/ycube/GlobusSatProject/..//hal/hcc/lib\libHCCD.a(hcc_mem.o) (hcc_mem_buf_alloc)
C:/ISIS/workspace/ycube/GlobusSatProject/..//satellite-subsystems/satellite-subsystems/lib\libSatelliteSubsystemsD.a(IsisAntS.o)
                              ./src/SubSystemModules/Communication/TRXVU.o (IsisAntS_initialize)
C:/ISIS/workspace/ycube/GlobusSatProject/..//satellite-subsystems/satellite-subsystems/lib\libSatelliteSubsystemsD.a(IsisSolarPanelv2.o)
                              ./src/SubSystemModules/PowerManagment/EPS.o (IsisSolarPanelv2_initialize)
C:/ISIS/workspace/ycube/GlobusSatProject/..//satellite-subsystems/satellite-subsystems/lib\libSatelliteSubsystemsD.a(IsisTRXVU.o)
                              ./src/TestingDemos/TrxvuTestingDemo.o (IsisTrxvu_initialize)
[...]
Memory Configuration

Name             Origin             Length             Attributes
sram0            0x00200000         0x00004000         w !xr
sram1            0x00300000         0x00004000         w !xr
sdram            0x20000000         0x02000000         w !xr
*default*        0x00000000         0xffffffff

Linker script and memory map

LOAD c:/isis/application/toolchain/bin/../lib/gcc/arm-none-eabi/4.7.4/../../../../arm-none-eabi/lib\libc.a
LOAD ./src/TestingDemos/CommandsTestingDemo.o
LOAD ./src/TestingDemos/EpsTestingDemo.o
LOAD ./src/TestingDemos/FileSystemTestingDemo.o
LOAD ./src/TestingDemos/MainTest.o
LOAD ./src/TestingDemos/MaintenanceTestingDemo.o
LOAD ./src/TestingDemos/TelemetryTestingDemo.o
LOAD ./src/TestingDemos/TrxvuTestingDemo.o
LOAD ./src/SubSystemModules/PowerManagment/EPS.o
LOAD ./src/SubSystemModules/PowerManagment/EPSOperationModes.o
LOAD ./src/SubSystemModules/Maintenance/Maintenance.o
LOAD ./src/SubSystemModules/Housekepping/TelemetryCollector.o
LOAD ./src/SubSystemModules/Communication/SubsystemCommands/EPS_Commands.o
LOAD ./src/SubSystemModules/Communication/SubsystemCommands/FS_Commands.o
LOAD ./src/SubSystemModules/Communication/SubsystemCommands/Maintanence_Commands.o
LOAD ./src/SubSystemModules/Communication/SubsystemCommands/TRXVU_Commands.o
LOAD ./src/SubSystemModules/Communication/AckHandler.o
LOAD ./src/SubSystemModules/Communication/CommandDictionary.o
LOAD ./src/SubSystemModules/Communication/SatCommandHandler.o
LOAD ./src/SubSystemModules/Communication/TRXVU.o
LOAD ./src/InitSystem.o
LOAD ./src/TLM_management.o
LOAD ./src/main.o
LOAD ./src/utils.o
LOAD C:/ISIS/workspace/ycube/GlobusSatProject/..//hal/hal/lib\libHALD.a
LOAD C:/ISIS/workspace/ycube/GlobusSatProject/..//hal/hcc/lib\libHCCD.a
LOAD C:/ISIS/workspace/ycube/GlobusSatProject/..//satellite-subsystems/satellite-subsystems/lib\libSatelliteSubsystemsD.a
LOAD C:/ISIS/workspace/ycube/GlobusSatProject/..//hal/freertos/lib\libFreeRTOSD.a
LOAD C:/ISIS/workspace/ycube/GlobusSatProject/..//hal/at91/lib\libAt91D.a
START GROUP
LOAD c:/isis/application/toolchain/bin/../lib/gcc/arm-none-eabi/4.7.4\libgcc.a
LOAD c:/isis/application/toolchain/bin/../lib/gcc/arm-none-eabi/4.7.4/../../../../arm-none-eabi/lib\libg.a
LOAD c:/isis/application/toolchain/bin/../lib/gcc/arm-none-eabi/4.7.4/../../../../arm-none-eabi/lib\libc.a
END GROUP

.fixed          0x20000000    0x39630
                0x20000000                . = ALIGN (0x4)
                0x20000000                _sfixed = .
 *(.startup)
 .startup       0x20000000      0x14c C:/ISIS/workspace/ycube/GlobusSatProject/..//hal/at91/lib\libAt91D.a(board_cstartup.o)
                0x20000000                entry
 *(.text)
 .text          0x2000014c       0x64 C:/ISIS/workspace/ycube/GlobusSatProject/..//hal/at91/lib\libAt91D.a(cp15_asm.o)
                0x2000014c                _readControlRegister
                0x20000158                _writeControlRegister
                0x20000160                _waitForInterrupt
                0x2000016c                _writeTTB
                0x20000174                _writeDomain
                0x2000017c                _writeITLBLockdown
                0x20000184                _prefetchICacheLine
                0x2000018c                _flushDCache
                0x20000198                _flushWriteBuffer
                0x200001a4                _invalidateIDTLBs
 .text          0x200001b0      0x114 c:/isis/application/toolchain/bin/../lib/gcc/arm-none-eabi/4.7.4\libgcc.a(_udivsi3.o)
                0x200001b0                __aeabi_uidiv
                0x200001b0                __udivsi3
                0x200002a4                __aeabi_uidivmod
 .text          0x200002c4      0x148 c:/isis/application/toolchain/bin/../lib/gcc/arm-none-eabi/4.7.4\libgcc.a(_divsi3.o)
                0x200002c4                __divsi3
                0x200002c4                __aeabi_idiv
                0x200003ec                __aeabi_idivmod
 .text          0x2000040c        0x4 c:/isis/application/toolchain/bin/../lib/gcc/arm-none-eabi/4.7.4\libgcc.a(_dvmd_tls.o)
                0x2000040c                __aeabi_idiv0
                0x2000040c                __aeabi_ldiv0
 .text          0x20000410      0x41c c:/isis/application/toolchain/bin/../lib/gcc/arm-none-eabi/4.7.4\libgcc.a(_arm_addsubdf3.o)
                0x20000410                __aeabi_drsub
                0x20000418                __aeabi_dsub
                0x20000418                __subdf3
                0x2000041c                __aeabi_dadd
                0x2000041c                __adddf3
                0x2000072c                __floatunsidf
                0x2000072c                __aeabi_ui2d
                0x20000750                __floatsidf
                0x20000750                __aeabi_i2d
                0x20000778                __aeabi_f2d
                0x20000778                __extendsfdf2
                0x200007b8                __floatundidf
                0x200007b8                __aeabi_ul2d
                0x200007cc                __floatdidf
                0x200007cc                __aeabi_l2d
 .text          0x2000082c      0x49c c:/isis/application/toolchain/bin/../lib/gcc/arm-none-eabi/4.7.4\libgcc.a(_arm_muldivdf3.o)
                0x2000082c                __aeabi_dmul
                0x2000082c                __muldf3
                0x20000abc                __divdf3
                0x20000abc                __aeabi_ddiv
 .text          0x20000cc8      0x144 c:/isis/application/toolchain/bin/../lib/gcc/arm-none-eabi/4.7.4\libgcc.a(_arm_cmpdf2.o)
                0x20000cc8                __gtdf2
                0x20000cc8                __gedf2
                0x20000cd0                __ltdf2
                0x20000cd0                __ledf2
                0x20000cd8                __nedf2
                0x20000cd8                __eqdf2
                0x20000cd8                __cmpdf2
                0x20000d60                __aeabi_cdrcmple
                0x20000d7c                __aeabi_cdcmpeq
                0x20000d7c                __aeabi_cdcmple
                0x20000d94                __aeabi_dcmpeq
                0x20000dac                __aeabi_dcmplt
                0x20000dc4                __aeabi_dcmple
                0x20000ddc                __aeabi_dcmpge
                0x20000df4                __aeabi_dcmpgt
 .text          0x20000e0c      0x2ac c:/isis/application/toolchain/bin/../lib/gcc/arm-none-eabi/4.7.4\libgcc.a(_arm_addsubsf3.o)
                0x20000e0c                __aeabi_frsub
                0x20000e14                __subsf3
                0x20000e14                __aeabi_fsub
                0x20000e18                __aeabi_fadd
                0x20000e18                __addsf3
                0x20000fd4                __aeabi_ui2f
                0x20000fd4                __floatunsisf
                0x20000fdc                __aeabi_i2f
                0x20000fdc                __floatsisf
                0x20000ffc                __aeabi_ul2f
                0x20000ffc                __floatundisf
                0x2000100c                __aeabi_l2f
                0x2000100c                __floatdisf
 .text          0x200010b8      0x2f8 c:/isis/application/toolchain/bin/../lib/gcc/arm-none-eabi/4.7.4\libgcc.a(_arm_muldivsf3.o)
                0x200010b8                __mulsf3
                0x200010b8                __aeabi_fmul
                0x20001250                __aeabi_fdiv
                0x20001250                __divsf3
 .text          0x200013b0      0x114 c:/isis/application/toolchain/bin/../lib/gcc/arm-none-eabi/4.7.4\libgcc.a(_arm_cmpsf2.o)
                0x200013b0                __gesf2
                0x200013b0                __gtsf2
                0x200013b8                __lesf2
                0x200013b8                __ltsf2
                0x200013c0                __nesf2
                0x200013c0                __eqsf2
                0x200013c0                __cmpsf2
                0x20001424                __aeabi_cfrcmple
                0x20001434                __aeabi_cfcmpeq
                0x20001434                __aeabi_cfcmple
                0x2000144c                __aeabi_fcmpeq
                0x20001464                __aeabi_fcmplt
                0x2000147c                __aeabi_fcmple
                0x20001494                __aeabi_fcmpge
                0x200014ac                __aeabi_fcmpgt
 .text          0x200014c4       0x54 c:/isis/application/toolchain/bin/../lib/gcc/arm-none-eabi/4.7.4\libgcc.a(_arm_fixunssfsi.o)
                0x200014c4                __fixunssfsi
                0x200014c4                __aeabi_f2uiz
 .text          0x20001518       0x5c c:/isis/application/toolchain/bin/../lib/gcc/arm-none-eabi/4.7.4\libgcc.a(_arm_fixdfsi.o)
                0x20001518                __aeabi_d2iz
                0x20001518                __fixdfsi
 .text          0x20001574       0x3c c:/isis/application/toolchain/bin/../lib/gcc/arm-none-eabi/4.7.4\libgcc.a(_aeabi_uldivmod.o)
                0x20001574                __aeabi_uldivmod
 .text          0x200015b0       0x84 c:/isis/application/toolchain/bin/../lib/gcc/arm-none-eabi/4.7.4\libgcc.a(bpabi.o)
                0x200015b0                __gnu_ldivmod_helper
                0x200015f4                __gnu_uldivmod_helper
 .text          0x20001634      0x4f0 c:/isis/application/toolchain/bin/../lib/gcc/arm-none-eabi/4.7.4\libgcc.a(_divdi3.o)
                0x20001634                __divdi3
 .text          0x20001b24      0x488 c:/isis/application/toolchain/bin/../lib/gcc/arm-none-eabi/4.7.4\libgcc.a(_udivdi3.o)
                0x20001b24                __udivdi3
 .text          0x20001fac       0x48 c:/isis/application/toolchain/bin/../lib/gcc/arm-none-eabi/4.7.4\libgcc.a(_clzsi2.o)
                0x20001fac                __clzsi2
 *(.text*)
 .text.GetBatteryVoltage
                0x20001ff4       0x6c ./src/SubSystemModules/PowerManagment/EPS.o
                0x20001ff4                GetBatteryVoltage
 .text.EPS_Init
                0x20002060       0xf0 ./src/SubSystemModules/PowerManagment/EPS.o
                0x20002060                EPS_Init
 .text.EPS_Conditioning
                0x20002150      0x1c4 ./src/SubSystemModules/PowerManagment/EPS.o
                0x20002150                EPS_Conditioning
 .text.UpdateAlpha
                0x20002314       0xd8 ./src/SubSystemModules/PowerManagment/EPS.o
                0x20002314                UpdateAlpha
 .text.GetThresholdVoltages
                0x200023ec       0x80 ./src/SubSystemModules/PowerManagment/EPS.o
                0x200023ec                GetThresholdVoltages
 .text.GetAlpha
                0x2000246c       0x7c ./src/SubSystemModules/PowerManagment/EPS.o
                0x2000246c                GetAlpha
 .text.CMDGetHeaterValues
                0x200024e8      0x234 ./src/SubSystemModules/PowerManagment/EPS.o
                0x200024e8                CMDGetHeaterValues
 .text.CMDSetHeaterValues
                0x2000271c      0x200 ./src/SubSystemModules/PowerManagment/EPS.o
                0x2000271c                CMDSetHeaterValues
 .text.EnterFullMode
                0x2000291c       0x44 ./src/SubSystemModules/PowerManagment/EPSOperationModes.o
                0x2000291c                EnterFullMode
 .text.EnterCruiseMode
                0x20002960       0x44 ./src/SubSystemModules/PowerManagment/EPSOperationModes.o
                0x20002960                EnterCruiseMode
 .text.EnterSafeMode
                0x200029a4       0x44 ./src/SubSystemModules/PowerManagment/EPSOperationModes.o
                0x200029a4                EnterSafeMode
 .text.EnterCriticalMode
                0x200029e8       0x44 ./src/SubSystemModules/PowerManagment/EPSOperationModes.o
                0x200029e8                EnterCriticalMode
 .text.EpsGetLowVoltageFlag
                0x20002a2c       0x24 ./src/SubSystemModules/PowerManagment/EPSOperationModes.o
                0x20002a2c                EpsGetLowVoltageFlag
 .text.EpsSetLowVoltageFlag
                0x20002a50       0x2c ./src/SubSystemModules/PowerManagment/EPSOperationModes.o
                0x20002a50                EpsSetLowVoltageFlag
 .text.CheckExecutionTime
                0x20002a7c       0x80 ./src/SubSystemModules/Maintenance/Maintenance.o
                0x20002a7c                CheckExecutionTime
 .text.SaveSatTimeInFRAM
                0x20002afc       0x44 ./src/SubSystemModules/Maintenance/Maintenance.o
                0x20002afc                SaveSatTimeInFRAM
 .text.WakeupFromResetCMD
                0x20002b40      0x120 ./src/SubSystemModules/Maintenance/Maintenance.o
                0x20002b40                WakeupFromResetCMD
 .text.ResetGroundCommWDT
                0x20002c60       0x1c ./src/SubSystemModules/Maintenance/Maintenance.o
                0x20002c60                ResetGroundCommWDT
 .text.IsGroundCommunicationWDTKick
                0x20002c7c       0x78 ./src/SubSystemModules/Maintenance/Maintenance.o
                0x20002c7c                IsGroundCommunicationWDTKick
 .text.GetGsWdtKickTime
                0x20002cf4       0x38 ./src/SubSystemModules/Maintenance/Maintenance.o
                0x20002cf4                GetGsWdtKickTime
 .text.DeleteOldFiels
                0x20002d2c      0x2f4 ./src/SubSystemModules/Maintenance/Maintenance.o
                0x20002d2c                DeleteOldFiels
 .text.CheckDeployAnt
                0x20003020       0x80 ./src/SubSystemModules/Maintenance/Maintenance.o
                0x20003020                CheckDeployAnt
 .text.HardResetMCU
                0x200030a0       0x4c ./src/SubSystemModules/Maintenance/Maintenance.o
                0x200030a0                HardResetMCU
 .text.Maintenance
                0x200030ec       0x80 ./src/SubSystemModules/Maintenance/Maintenance.o
                0x200030ec                Maintenance
 .text.InitSavePeriodTimes
                0x2000316c       0xf0 ./src/SubSystemModules/Housekepping/TelemetryCollector.o
                0x2000316c                InitSavePeriodTimes
 .text.CMD_GetTLMPeriodTimes
                0x2000325c       0x38 ./src/SubSystemModules/Housekepping/TelemetryCollector.o
                0x2000325c                CMD_GetTLMPeriodTimes
 .text.CMD_SetTLMPeriodTimes
                0x20003294      0x17c ./src/SubSystemModules/Housekepping/TelemetryCollector.o
                0x20003294                CMD_SetTLMPeriodTimes
 .text.TelemetryCollectorLogic
                0x20003410      0x208 ./src/SubSystemModules/Housekepping/TelemetryCollector.o
                0x20003410                TelemetryCollectorLogic
 .text.TelemetrySaveEPS
                0x20003618       0x54 ./src/SubSystemModules/Housekepping/TelemetryCollector.o
                0x20003618                TelemetrySaveEPS
 .text.TelemetrySaveTRXVU
                0x2000366c       0x94 ./src/SubSystemModules/Housekepping/TelemetryCollector.o
                0x2000366c                TelemetrySaveTRXVU
 .text.TelemetrySaveANT
                0x20003700       0xa4 ./src/SubSystemModules/Housekepping/TelemetryCollector.o
                0x20003700                TelemetrySaveANT
 .text.TelemetrySaveSolarPanels
                0x200037a4      0x228 ./src/SubSystemModules/Housekepping/TelemetryCollector.o
                0x200037a4                TelemetrySaveSolarPanels
 .text.TelemetrySaveWOD
                0x200039cc       0x48 ./src/SubSystemModules/Housekepping/TelemetryCollector.o
                0x200039cc                TelemetrySaveWOD
 .text.GetCurrentWODTelemetry
                0x20003a14      0x660 ./src/SubSystemModules/Housekepping/TelemetryCollector.o
                0x20003a14                GetCurrentWODTelemetry
 .text.CMD_EPS_ResetWDT
                0x20004074       0x54 ./src/SubSystemModules/Communication/SubsystemCommands/EPS_Commands.o
                0x20004074                CMD_EPS_ResetWDT
 .text.CMD_DeleteTLM
                0x200040c8      0x1d8 ./src/SubSystemModules/Communication/SubsystemCommands/FS_Commands.o
                0x200040c8                CMD_DeleteTLM
 .text.CMD_DeleteAllFiles
                0x200042a0       0x38 ./src/SubSystemModules/Communication/SubsystemCommands/FS_Commands.o
                0x200042a0                CMD_DeleteAllFiles
 .text.CMD_GetLastFS_Error
                0x200042d8       0x4c ./src/SubSystemModules/Communication/SubsystemCommands/FS_Commands.o
                0x200042d8                CMD_GetLastFS_Error
 .text.CMD_GenericI2C
                0x20004324      0x144 ./src/SubSystemModules/Communication/SubsystemCommands/Maintanence_Commands.o
                0x20004324                CMD_GenericI2C
 .text.CMD_FRAM_ReadAndTransmitt
                0x20004468       0xe8 ./src/SubSystemModules/Communication/SubsystemCommands/Maintanence_Commands.o
                0x20004468                CMD_FRAM_ReadAndTransmitt
 .text.CMD_FRAM_WriteAndTransmitt
                0x20004550      0x11c ./src/SubSystemModules/Communication/SubsystemCommands/Maintanence_Commands.o
                0x20004550                CMD_FRAM_WriteAndTransmitt
 .text.CMD_FRAM_ReStart
                0x2000466c       0x4c ./src/SubSystemModules/Communication/SubsystemCommands/Maintanence_Commands.o
                0x2000466c                CMD_FRAM_ReStart
 .text.CMD_UpdateSatTime
                0x200046b8       0xa4 ./src/SubSystemModules/Communication/SubsystemCommands/Maintanence_Commands.o
                0x200046b8                CMD_UpdateSatTime
 .text.CMD_GetSatUptime
                0x2000475c       0x48 ./src/SubSystemModules/Communication/SubsystemCommands/Maintanence_Commands.o
                0x2000475c                CMD_GetSatUptime
 .text.CMD_ResetComponent
                0x200047a4      0x280 ./src/SubSystemModules/Communication/SubsystemCommands/Maintanence_Commands.o
                0x200047a4                CMD_ResetComponent
 .text.DumpTask
                0x20004a24      0x310 ./src/SubSystemModules/Communication/SubsystemCommands/TRXVU_Commands.o
                0x20004a24                DumpTask
 .text.CMD_AntennaDeploy
                0x20004d34       0x3c ./src/SubSystemModules/Communication/SubsystemCommands/TRXVU_Commands.o
                0x20004d34                CMD_AntennaDeploy
 .text.CMD_StartDump
                0x20004d70      0x224 ./src/SubSystemModules/Communication/SubsystemCommands/TRXVU_Commands.o
                0x20004d70                CMD_StartDump
 .text.CMD_SendDumpAbortRequest
                0x20004f94       0x38 ./src/SubSystemModules/Communication/SubsystemCommands/TRXVU_Commands.o
                0x20004f94                CMD_SendDumpAbortRequest
 .text.CMD_ForceDumpAbort
                0x20004fcc       0x3c ./src/SubSystemModules/Communication/SubsystemCommands/TRXVU_Commands.o
                0x20004fcc                CMD_ForceDumpAbort
 .text.CMD_SetTransponder
                0x20005008      0x16c ./src/SubSystemModules/Communication/SubsystemCommands/TRXVU_Commands.o
                0x20005008                CMD_SetTransponder
 .text.CMD_SetRSSITransponder
                0x20005174       0x90 ./src/SubSystemModules/Communication/SubsystemCommands/TRXVU_Commands.o
                0x20005174                CMD_SetRSSITransponder
 .text.CMD_MuteTRXVU
                0x20005204       0xc4 ./src/SubSystemModules/Communication/SubsystemCommands/TRXVU_Commands.o
                0x20005204                CMD_MuteTRXVU
 .text.CMD_SetIdleState
                0x200052c8       0x94 ./src/SubSystemModules/Communication/SubsystemCommands/TRXVU_Commands.o
                0x200052c8                CMD_SetIdleState
 .text.CMD_UnMuteTRXVU
                0x2000535c       0x38 ./src/SubSystemModules/Communication/SubsystemCommands/TRXVU_Commands.o
                0x2000535c                CMD_UnMuteTRXVU
 .text.CMD_GetBaudRate
                0x20005394       0x68 ./src/SubSystemModules/Communication/SubsystemCommands/TRXVU_Commands.o
                0x20005394                CMD_GetBaudRate
 .text.CMD_TrasmitBeacon
                0x200053fc       0x48 ./src/SubSystemModules/Communication/SubsystemCommands/TRXVU_Commands.o
                0x200053fc                CMD_TrasmitBeacon
 .text.CMD_GetBeaconInterval
                0x20005444       0x6c ./src/SubSystemModules/Communication/SubsystemCommands/TRXVU_Commands.o
                0x20005444                CMD_GetBeaconInterval
 .text.CMD_SetBaudRate
                0x200054b0       0x60 ./src/SubSystemModules/Communication/SubsystemCommands/TRXVU_Commands.o
                0x200054b0                CMD_SetBaudRate
 .text.CMD_GetTxUptime
                0x20005510       0x64 ./src/SubSystemModules/Communication/SubsystemCommands/TRXVU_Commands.o
                0x20005510                CMD_GetTxUptime
 .text.CMD_GetRxUptime
                0x20005574       0x64 ./src/SubSystemModules/Communication/SubsystemCommands/TRXVU_Commands.o
                0x20005574                CMD_GetRxUptime
 .text.CMD_GetNumOfOnlineCommands
                0x200055d8       0x64 ./src/SubSystemModules/Communication/SubsystemCommands/TRXVU_Commands.o
                0x200055d8                CMD_GetNumOfOnlineCommands
 .text.CMD_AntSetArmStatus
                0x2000563c       0xa0 ./src/SubSystemModules/Communication/SubsystemCommands/TRXVU_Commands.o
                0x2000563c                CMD_AntSetArmStatus
 .text.CMD_AntGetArmStatus
                0x200056dc       0x70 ./src/SubSystemModules/Communication/SubsystemCommands/TRXVU_Commands.o
                0x200056dc                CMD_AntGetArmStatus
 .text.CMD_AntGetUptime
                0x2000574c       0x78 ./src/SubSystemModules/Communication/SubsystemCommands/TRXVU_Commands.o
                0x2000574c                CMD_AntGetUptime
 .text.CMD_StopReDeployment
                0x200057c4       0xac ./src/SubSystemModules/Communication/SubsystemCommands/TRXVU_Commands.o
                0x200057c4                CMD_StopReDeployment
 .text.CMD_AntCancelDeployment
                0x20005870       0x68 ./src/SubSystemModules/Communication/SubsystemCommands/TRXVU_Commands.o
                0x20005870                CMD_AntCancelDeployment
 .text.SendAckPacket
                0x200058d8       0xe4 ./src/SubSystemModules/Communication/AckHandler.o
                0x200058d8                SendAckPacket
 .text.trxvu_command_router
                0x200059bc      0x548 ./src/SubSystemModules/Communication/CommandDictionary.o
                0x200059bc                trxvu_command_router
 .text.eps_command_router
                0x20005f04       0xdc ./src/SubSystemModules/Communication/CommandDictionary.o
                0x20005f04                eps_command_router
 .text.telemetry_command_router
                0x20005fe0      0x1f4 ./src/SubSystemModules/Communication/CommandDictionary.o
                0x20005fe0                telemetry_command_router
 .text.managment_command_router
                0x200061d4      0x12c ./src/SubSystemModules/Communication/CommandDictionary.o
                0x200061d4                managment_command_router
 .text.filesystem_command_router
                0x20006300       0x24 ./src/SubSystemModules/Communication/CommandDictionary.o
                0x20006300                filesystem_command_router
 .text.ParseDataToCommand
                0x20006324      0x1ac ./src/SubSystemModules/Communication/SatCommandHandler.o
                0x20006324                ParseDataToCommand
 .text.AssembleCommand
                0x200064d0      0x148 ./src/SubSystemModules/Communication/SatCommandHandler.o
                0x200064d0                AssembleCommand
 .text.ActUponCommand
                0x20006618      0x108 ./src/SubSystemModules/Communication/SatCommandHandler.o
                0x20006618                ActUponCommand
 .text.setMuteEndTime
                0x20006720       0x40 ./src/SubSystemModules/Communication/TRXVU.o
                0x20006720                setMuteEndTime
 .text.getMuteEndTime
                0x20006760       0x44 ./src/SubSystemModules/Communication/TRXVU.o
                0x20006760                getMuteEndTime
 .text.setTransponderEndTime
                0x200067a4       0x40 ./src/SubSystemModules/Communication/TRXVU.o
                0x200067a4                setTransponderEndTime
 .text.getTransponderEndTime
                0x200067e4       0x44 ./src/SubSystemModules/Communication/TRXVU.o
                0x200067e4                getTransponderEndTime
 .text.InitTxModule
                0x20006828       0x68 ./src/SubSystemModules/Communication/TRXVU.o
                0x20006828                InitTxModule
 .text.CMD_SetBeaconInterval
                0x20006890       0xdc ./src/SubSystemModules/Communication/TRXVU.o
                0x20006890                CMD_SetBeaconInterval
 .text.InitBeaconParams
                0x2000696c       0x3c ./src/SubSystemModules/Communication/TRXVU.o
                0x2000696c                InitBeaconParams
 .text.InitSemaphores
                0x200069a8       0x98 ./src/SubSystemModules/Communication/TRXVU.o
                0x200069a8                InitSemaphores
 .text.InitTrxvu
                0x20006a40       0xe8 ./src/SubSystemModules/Communication/TRXVU.o
                0x20006a40                InitTrxvu
 .text.checkIdleFinish
                0x20006b28       0x68 ./src/SubSystemModules/Communication/TRXVU.o
                0x20006b28                checkIdleFinish
 .text.checkTransponderFinish
                0x20006b90       0x98 ./src/SubSystemModules/Communication/TRXVU.o
                0x20006b90                checkTransponderFinish
 .text.TRX_Logic
                0x20006c28       0xd4 ./src/SubSystemModules/Communication/TRXVU.o
                0x20006c28                TRX_Logic
 .text.GetNumberOfFramesInBuffer
                0x20006cfc       0x5c ./src/SubSystemModules/Communication/TRXVU.o
                0x20006cfc                GetNumberOfFramesInBuffer
 .text.GetOnlineCommand
                0x20006d58      0x17c ./src/SubSystemModules/Communication/TRXVU.o
                0x20006d58                GetOnlineCommand
 .text.CheckTransmitionAllowed
                0x20006ed4       0xc0 ./src/SubSystemModules/Communication/TRXVU.o
                0x20006ed4                CheckTransmitionAllowed
 .text.FinishDump
                0x20006f94       0xf0 ./src/SubSystemModules/Communication/TRXVU.o
                0x20006f94                FinishDump
 .text.AbortDump
                0x20007084       0x34 ./src/SubSystemModules/Communication/TRXVU.o
                0x20007084                AbortDump
 .text.SendDumpAbortRequest
                0x200070b8       0x6c ./src/SubSystemModules/Communication/TRXVU.o
                0x200070b8                SendDumpAbortRequest
 .text.CheckDumpAbort
                0x20007124       0x6c ./src/SubSystemModules/Communication/TRXVU.o
                0x20007124                CheckDumpAbort
 .text.BeaconLogic
                0x20007190      0x1c4 ./src/SubSystemModules/Communication/TRXVU.o
                0x20007190                BeaconLogic
 .text.SetIdleState
                0x20007354      0x144 ./src/SubSystemModules/Communication/TRXVU.o
                0x20007354                SetIdleState
 .text.muteTRXVU
                0x20007498       0x74 ./src/SubSystemModules/Communication/TRXVU.o
                0x20007498                muteTRXVU
 .text.UnMuteTRXVU
                0x2000750c       0x14 ./src/SubSystemModules/Communication/TRXVU.o
                0x2000750c                UnMuteTRXVU
 .text.TransmitDataAsSPL_Packet
                0x20007520      0x114 ./src/SubSystemModules/Communication/TRXVU.o
                0x20007520                TransmitDataAsSPL_Packet
 .text.TransmitSplPacket
                0x20007634      0x124 ./src/SubSystemModules/Communication/TRXVU.o
                0x20007634                TransmitSplPacket
 .text.isFirstActivation
                0x20007758       0x38 ./src/InitSystem.o
                0x20007758                isFirstActivation
 .text.WriteDefaultValuesToFRAM
                0x20007790      0x1b8 ./src/InitSystem.o
                0x20007790                WriteDefaultValuesToFRAM
 .text.StartFRAM
                0x20007948       0x2c ./src/InitSystem.o
                0x20007948                StartFRAM
 .text.StartI2C
                0x20007974       0x38 ./src/InitSystem.o
                0x20007974                StartI2C
 .text.StartSPI
                0x200079ac       0x34 ./src/InitSystem.o
                0x200079ac                StartSPI
 .text.StartTIME
                0x200079e0       0xbc ./src/InitSystem.o
                0x200079e0                StartTIME
 .text.DeploySystem
                0x20007a9c      0x1ac ./src/InitSystem.o
                0x20007a9c                DeploySystem
 .text.InitSubsystems
                0x20007c48       0x60 ./src/InitSystem.o
                0x20007c48                InitSubsystems
 .text.CMD_getInfoImage
                0x20007ca8      0x164 ./src/TLM_management.o
                0x20007ca8                CMD_getInfoImage
 .text.CMD_getDataImage
                0x20007e0c      0x24c ./src/TLM_management.o
                0x20007e0c                CMD_getDataImage
 .text.delete_allTMFilesFromSD
                0x20008058       0xa0 ./src/TLM_management.o
                0x20008058                delete_allTMFilesFromSD
 .text.deleteTLMFiles
                0x200080f8       0x94 ./src/TLM_management.o
                0x200080f8                deleteTLMFiles
 .text.deleteTLMFile
                0x2000818c       0xc0 ./src/TLM_management.o
                0x2000818c                deleteTLMFile
 .text.InitializeFS
                0x2000824c      0x118 ./src/TLM_management.o
                0x2000824c                InitializeFS
 .text.calculateFileName
                0x20008364      0x108 ./src/TLM_management.o
                0x20008364                calculateFileName
 .text.getTlmTypeInfo
                0x2000846c      0x230 ./src/TLM_management.o
                0x2000846c                getTlmTypeInfo
 .text.write2File
                0x2000869c      0x164 ./src/TLM_management.o
                0x2000869c                write2File
 .text.printTLM
                0x20008800       0x24 ./src/TLM_management.o
                0x20008800                printTLM
 .text.readTLMFile
                0x20008824      0x348 ./src/TLM_management.o
                0x20008824                readTLMFile
 .text.readTLMFiles
                0x20008b6c       0xdc ./src/TLM_management.o
                0x20008b6c                readTLMFiles
 .text.readTLMFileTimeRange
                0x20008c48      0x308 ./src/TLM_management.o
                0x20008c48                readTLMFileTimeRange
 .text.DeInitializeFS
                0x20008f50       0xd8 ./src/TLM_management.o
                0x20008f50                DeInitializeFS
 .text.taskMain
                0x20009028       0x34 ./src/main.o
                0x20009028                taskMain
 .text.main     0x2000905c       0x98 ./src/main.o
                0x2000905c                main
 .text.timeU2time
                0x200090f4       0xbc ./src/utils.o
                0x200090f4                timeU2time
 .text.logError
                0x200091b0      0x14c ./src/utils.o
                0x200091b0                logError
 .text.validateTransferParameters
                0x200092fc      0x10c C:/ISIS/workspace/ycube/GlobusSatProject/..//hal/hal/lib\libHALD.a(I2C.o)
 .text.I2C_queueTransfer
                0x20009408       0xfc C:/ISIS/workspace/ycube/GlobusSatProject/..//hal/hal/lib\libHALD.a(I2C.o)
                0x20009408                I2C_queueTransfer
 .text.I2C_internalCallback
                0x20009504       0x64 C:/ISIS/workspace/ycube/GlobusSatProject/..//hal/hal/lib\libHALD.a(I2C.o)
 .text.I2C_doBlockingTransfer
                0x20009568      0x180 C:/ISIS/workspace/ycube/GlobusSatProject/..//hal/hal/lib\libHALD.a(I2C.o)
 .text.I2C_write
                0x200096e8      0x110 C:/ISIS/workspace/ycube/GlobusSatProject/..//hal/hal/lib\libHALD.a(I2C.o)
                0x200096e8                I2C_write
 .text.I2C_read
                0x200097f8      0x110 C:/ISIS/workspace/ycube/GlobusSatProject/..//hal/hal/lib\libHALD.a(I2C.o)
                0x200097f8                I2C_read
 .text.I2C_writeRead
                0x20009908      0x17c C:/ISIS/workspace/ycube/GlobusSatProject/..//hal/hal/lib\libHALD.a(I2C.o)
                0x20009908                I2C_writeRead
 .text.I2C_start
                0x20009a84      0x2e8 C:/ISIS/workspace/ycube/GlobusSatProject/..//hal/hal/lib\libHALD.a(I2C.o)
                0x20009a84                I2C_start
 .text.I2C_stop
                0x20009d6c      0x184 C:/ISIS/workspace/ycube/GlobusSatProject/..//hal/hal/lib\libHALD.a(I2C.o)
                0x20009d6c                I2C_stop
 .text.I2C_setTransferTimeout
                0x20009ef0       0x48 C:/ISIS/workspace/ycube/GlobusSatProject/..//hal/hal/lib\libHALD.a(I2C.o)
                0x20009ef0                I2C_setTransferTimeout
 .text.clearPDCtransfers
                0x20009f38       0xe8 C:/ISIS/workspace/ycube/GlobusSatProject/..//hal/hal/lib\libHALD.a(SPI.o)
 .text.SPI_start
                0x2000a020      0x4b0 C:/ISIS/workspace/ycube/GlobusSatProject/..//hal/hal/lib\libHALD.a(SPI.o)
                0x2000a020                SPI_start
 .text.SPI_stop
                0x2000a4d0      0x244 C:/ISIS/workspace/ycube/GlobusSatProject/..//hal/hal/lib\libHALD.a(SPI.o)
                0x2000a4d0                SPI_stop
 .text.SPI_queueTransfer
                0x2000a714      0x1cc C:/ISIS/workspace/ycube/GlobusSatProject/..//hal/hal/lib\libHALD.a(SPI.o)
                0x2000a714                SPI_queueTransfer
 .text.SPI_internalCallback
                0x2000a8e0       0x64 C:/ISIS/workspace/ycube/GlobusSatProject/..//hal/hal/lib\libHALD.a(SPI.o)
 .text.SPI_writeRead
                0x2000a944      0x1c0 C:/ISIS/workspace/ycube/GlobusSatProject/..//hal/hal/lib\libHALD.a(SPI.o)
                0x2000a944                SPI_writeRead
 .text.waitForTransfer
                0x2000ab04       0x78 C:/ISIS/workspace/ycube/GlobusSatProject/..//hal/hal/lib\libHALD.a(SPI.o)
 .text.SPI_getDriverState
                0x2000ab7c       0x58 C:/ISIS/workspace/ycube/GlobusSatProject/..//hal/hal/lib\libHALD.a(SPI.o)
                0x2000ab7c                SPI_getDriverState
 .text.FRAM_start
                0x2000abd4      0x120 C:/ISIS/workspace/ycube/GlobusSatProject/..//hal/hal/lib\libHALD.a(FRAM.o)
                0x2000abd4                FRAM_start
 .text.FRAM_stop
                0x2000acf4       0x6c C:/ISIS/workspace/ycube/GlobusSatProject/..//hal/hal/lib\libHALD.a(FRAM.o)
                0x2000acf4                FRAM_stop
 .text.FRAM_dummyCallback
                0x2000ad60       0x24 C:/ISIS/workspace/ycube/GlobusSatProject/..//hal/hal/lib\libHALD.a(FRAM.o)
                0x2000ad60                FRAM_dummyCallback
 .text.FRAM_unlockingCallback
                0x2000ad84       0x64 C:/ISIS/workspace/ycube/GlobusSatProject/..//hal/hal/lib\libHALD.a(FRAM.o)
                0x2000ad84                FRAM_unlockingCallback
 .text.doBlockingTransfer
                0x2000ade8       0x78 C:/ISIS/workspace/ycube/GlobusSatProject/..//hal/hal/lib\libHALD.a(FRAM.o)
 .text.FRAM_writePacket
                0x2000ae60      0x144 C:/ISIS/workspace/ycube/GlobusSatProject/..//hal/hal/lib\libHALD.a(FRAM.o)
 .text.FRAM_write
                0x2000afa4      0x1d8 C:/ISIS/workspace/ycube/GlobusSatProject/..//hal/hal/lib\libHALD.a(FRAM.o)
                0x2000afa4                FRAM_write
 .text.FRAM_readPacket
                0x2000b17c       0xf0 C:/ISIS/workspace/ycube/GlobusSatProject/..//hal/hal/lib\libHALD.a(FRAM.o)
 .text.FRAM_read
                0x2000b26c      0x1e4 C:/ISIS/workspace/ycube/GlobusSatProject/..//hal/hal/lib\libHALD.a(FRAM.o)
                0x2000b26c                FRAM_read
 .text.Time_start
                0x2000b450      0x150 C:/ISIS/workspace/ycube/GlobusSatProject/..//hal/hal/lib\libHALD.a(Time.o)
                0x2000b450                Time_start
 .text.taskTimeSync
                0x2000b5a0       0x38 C:/ISIS/workspace/ycube/GlobusSatProject/..//hal/hal/lib\libHALD.a(Time.o)
 .text.Time_convertEpochToTime
                0x2000b5d8       0xf4 C:/ISIS/workspace/ycube/GlobusSatProject/..//hal/hal/lib\libHALD.a(Time.o)
                0x2000b5d8                Time_convertEpochToTime
 .text.Time_populateSecondsOfYear
                0x2000b6cc      0x188 C:/ISIS/workspace/ycube/GlobusSatProject/..//hal/hal/lib\libHALD.a(Time.o)
 .text.Time_set
                0x2000b854      0x110 C:/ISIS/workspace/ycube/GlobusSatProject/..//hal/hal/lib\libHALD.a(Time.o)
                0x2000b854                Time_set
 .text.Time_isLeapYear
                0x2000b964       0x98 C:/ISIS/workspace/ycube/GlobusSatProject/..//hal/hal/lib\libHALD.a(Time.o)
                0x2000b964                Time_isLeapYear
 .text.Time_get
                0x2000b9fc      0x410 C:/ISIS/workspace/ycube/GlobusSatProject/..//hal/hal/lib\libHALD.a(Time.o)
                0x2000b9fc                Time_get
 .text.Time_getUnixEpoch
                0x2000be0c       0xf4 C:/ISIS/workspace/ycube/GlobusSatProject/..//hal/hal/lib\libHALD.a(Time.o)
                0x2000be0c                Time_getUnixEpoch
 .text.Time_secondsOfYearToTime
                0x2000bf00      0x328 C:/ISIS/workspace/ycube/GlobusSatProject/..//hal/hal/lib\libHALD.a(Time.o)
 .text.Time_setUnixEpoch
                0x2000c228       0x54 C:/ISIS/workspace/ycube/GlobusSatProject/..//hal/hal/lib\libHALD.a(Time.o)
                0x2000c228                Time_setUnixEpoch
 .text.Time_getUptimeSeconds
                0x2000c27c       0x28 C:/ISIS/workspace/ycube/GlobusSatProject/..//hal/hal/lib\libHALD.a(Time.o)
                0x2000c27c                Time_getUptimeSeconds
 .text.Time_sync
                0x2000c2a4      0x2d8 C:/ISIS/workspace/ycube/GlobusSatProject/..//hal/hal/lib\libHALD.a(Time.o)
                0x2000c2a4                Time_sync
 .text.Time_syncIfNeeded
                0x2000c57c       0x90 C:/ISIS/workspace/ycube/GlobusSatProject/..//hal/hal/lib\libHALD.a(Time.o)
                0x2000c57c                Time_syncIfNeeded
 .text.Time_setSyncInterval
                0x2000c60c       0x38 C:/ISIS/workspace/ycube/GlobusSatProject/..//hal/hal/lib\libHALD.a(Time.o)
                0x2000c60c                Time_setSyncInterval
 .text.WDT_start
                0x2000c644       0x48 C:/ISIS/workspace/ycube/GlobusSatProject/..//hal/hal/lib\libHALD.a(WatchDogTimerNoOS.o)
                0x2000c644                WDT_start
 .text.WDT_startWatchdogKickTask
                0x2000c68c       0xb4 C:/ISIS/workspace/ycube/GlobusSatProject/..//hal/hal/lib\libHALD.a(WatchDogTimerOS.o)
                0x2000c68c                WDT_startWatchdogKickTask
 .text.WDT_forceKickEveryNms
                0x2000c740       0x50 C:/ISIS/workspace/ycube/GlobusSatProject/..//hal/hal/lib\libHALD.a(WatchDogTimerOS.o)
                0x2000c740                WDT_forceKickEveryNms
 .text.f_puts   0x2000c790       0x80 C:/ISIS/workspace/ycube/GlobusSatProject/..//hal/hal/lib\libHALD.a(fprintf.o)
                0x2000c790                f_puts
 .text.LED_glow
                0x2000c810       0x58 C:/ISIS/workspace/ycube/GlobusSatProject/..//hal/hal/lib\libHALD.a(LED.o)
                0x2000c810                LED_glow
 .text.LED_dark
                0x2000c868       0x58 C:/ISIS/workspace/ycube/GlobusSatProject/..//hal/hal/lib\libHALD.a(LED.o)
                0x2000c868                LED_dark
 .text.LED_toggle
                0x2000c8c0       0x50 C:/ISIS/workspace/ycube/GlobusSatProject/..//hal/hal/lib\libHALD.a(LED.o)
                0x2000c8c0                LED_toggle
 .text.RTC_start
                0x2000c910       0x3c C:/ISIS/workspace/ycube/GlobusSatProject/..//hal/hal/lib\libHALD.a(RTC.o)
                0x2000c910                RTC_start
 .text.RTC_setTime
                0x2000c94c      0x2a4 C:/ISIS/workspace/ycube/GlobusSatProject/..//hal/hal/lib\libHALD.a(RTC.o)
                0x2000c94c                RTC_setTime
 .text.RTC_getTime
                0x2000cbf0      0x224 C:/ISIS/workspace/ycube/GlobusSatProject/..//hal/hal/lib\libHALD.a(RTC.o)
                0x2000cbf0                RTC_getTime
 .text.RTC_checkTimeValid
                0x2000ce14       0xdc C:/ISIS/workspace/ycube/GlobusSatProject/..//hal/hal/lib\libHALD.a(RTC.o)
                0x2000ce14                RTC_checkTimeValid
 .text.RTT_start
                0x2000cef0       0x24 C:/ISIS/workspace/ycube/GlobusSatProject/..//hal/hal/lib\libHALD.a(RTT.o)
                0x2000cef0                RTT_start
 .text.fn_init  0x2000cf14      0x2dc C:/ISIS/workspace/ycube/GlobusSatProject/..//hal/hcc/lib\libHCCD.a(fat_common.o)
                0x2000cf14                fn_init
 .text.fn_start
                0x2000d1f0       0x1c C:/ISIS/workspace/ycube/GlobusSatProject/..//hal/hcc/lib\libHCCD.a(fat_common.o)
                0x2000d1f0                fn_start
 .text.fsn_delete
                0x2000d20c       0xc8 C:/ISIS/workspace/ycube/GlobusSatProject/..//hal/hcc/lib\libHCCD.a(fat_common.o)
                0x2000d20c                fsn_delete
 .text._f_get16bitl
                0x2000d2d4       0x4c C:/ISIS/workspace/ycube/GlobusSatProject/..//hal/hcc/lib\libHCCD.a(fat_common.o)
                0x2000d2d4                _f_get16bitl
 .text._f_set16bitl
                0x2000d320       0x54 C:/ISIS/workspace/ycube/GlobusSatProject/..//hal/hcc/lib\libHCCD.a(fat_common.o)
                0x2000d320                _f_set16bitl
 .text._f_get32bitl
                0x2000d374       0x68 C:/ISIS/workspace/ycube/GlobusSatProject/..//hal/hcc/lib\libHCCD.a(fat_common.o)
                0x2000d374                _f_get32bitl
 .text._f_set32bitl
                0x2000d3dc       0x78 C:/ISIS/workspace/ycube/GlobusSatProject/..//hal/hcc/lib\libHCCD.a(fat_common.o)
                0x2000d3dc                _f_set32bitl
 .text._get8bit
                0x2000d454       0xa0 C:/ISIS/workspace/ycube/GlobusSatProject/..//hal/hcc/lib\libHCCD.a(fat_common.o)
 .text._get16bitl
                0x2000d4f4       0x40 C:/ISIS/workspace/ycube/GlobusSatProject/..//hal/hcc/lib\libHCCD.a(fat_common.o)
 .text._get32bitl
                0x2000d534       0x3c C:/ISIS/workspace/ycube/GlobusSatProject/..//hal/hcc/lib\libHCCD.a(fat_common.o)
 .text._f_setcardremoved
                0x2000d570       0x94 C:/ISIS/workspace/ycube/GlobusSatProject/..//hal/hcc/lib\libHCCD.a(fat_common.o)
 .text._f_checkstatus
                0x2000d604      0x104 C:/ISIS/workspace/ycube/GlobusSatProject/..//hal/hcc/lib\libHCCD.a(fat_common.o)
                0x2000d604                _f_checkstatus
 .text._f_drvgetphy
                0x2000d708      0x114 C:/ISIS/workspace/ycube/GlobusSatProject/..//hal/hcc/lib\libHCCD.a(fat_common.o)
 .text._f_drvwritesector
                0x2000d81c       0xdc C:/ISIS/workspace/ycube/GlobusSatProject/..//hal/hcc/lib\libHCCD.a(fat_common.o)
 .text._f_drvreadsector
                0x2000d8f8       0xa8 C:/ISIS/workspace/ycube/GlobusSatProject/..//hal/hcc/lib\libHCCD.a(fat_common.o)
 .text._f_writesector
                0x2000d9a0      0x23c C:/ISIS/workspace/ycube/GlobusSatProject/..//hal/hcc/lib\libHCCD.a(fat_common.o)
                0x2000d9a0                _f_writesector
 .text._f_readsector
                0x2000dbdc      0x1dc C:/ISIS/workspace/ycube/GlobusSatProject/..//hal/hcc/lib\libHCCD.a(fat_common.o)
                0x2000dbdc                _f_readsector
 .text._f_getmaxcluster
                0x2000ddb8       0x94 C:/ISIS/workspace/ycube/GlobusSatProject/..//hal/hcc/lib\libHCCD.a(fat_common.o)
                0x2000ddb8                _f_getmaxcluster
 .text._getsectorfromcluster
                0x2000de4c       0x68 C:/ISIS/workspace/ycube/GlobusSatProject/..//hal/hcc/lib\libHCCD.a(fat_common.o)
 .text._f_buildsectors
                0x2000deb4      0x268 C:/ISIS/workspace/ycube/GlobusSatProject/..//hal/hcc/lib\libHCCD.a(fat_common.o)
 .text._f_getbootrecord
                0x2000e11c      0x5e4 C:/ISIS/workspace/ycube/GlobusSatProject/..//hal/hcc/lib\libHCCD.a(fat_common.o)
 .text._f_readbootrecord
                0x2000e700      0x4f8 C:/ISIS/workspace/ycube/GlobusSatProject/..//hal/hcc/lib\libHCCD.a(fat_common.o)
 .text._f_flushcffiles
                0x2000ebf8      0x17c C:/ISIS/workspace/ycube/GlobusSatProject/..//hal/hcc/lib\libHCCD.a(fat_common.o)
                0x2000ebf8                _f_flushcffiles
 .text._f_fatcache_flush
                0x2000ed74      0x270 C:/ISIS/workspace/ycube/GlobusSatProject/..//hal/hcc/lib\libHCCD.a(fat_common.o)
                0x2000ed74                _f_fatcache_flush
 .text._f_writefatsector
                0x2000efe4      0x100 C:/ISIS/workspace/ycube/GlobusSatProject/..//hal/hcc/lib\libHCCD.a(fat_common.o)
                0x2000efe4                _f_writefatsector
 .text._f_getfatsector
                0x2000f0e4      0x3bc C:/ISIS/workspace/ycube/GlobusSatProject/..//hal/hcc/lib\libHCCD.a(fat_common.o)
 .text._f_setclustervalue
                0x2000f4a0      0x490 C:/ISIS/workspace/ycube/GlobusSatProject/..//hal/hcc/lib\libHCCD.a(fat_common.o)
                0x2000f4a0                _f_setclustervalue
 .text._f_getclustervalue
                0x2000f930      0x388 C:/ISIS/workspace/ycube/GlobusSatProject/..//hal/hcc/lib\libHCCD.a(fat_common.o)
                0x2000f930                _f_getclustervalue
 .text._f_close_drive_files
                0x2000fcb8       0xac C:/ISIS/workspace/ycube/GlobusSatProject/..//hal/hcc/lib\libHCCD.a(fat_common.o)
 .text._f_inc_mount_count
                0x2000fd64       0xa4 C:/ISIS/workspace/ycube/GlobusSatProject/..//hal/hcc/lib\libHCCD.a(fat_common.o)
 .text._f_getvolume
                0x2000fe08      0x2f8 C:/ISIS/workspace/ycube/GlobusSatProject/..//hal/hcc/lib\libHCCD.a(fat_common.o)
                0x2000fe08                _f_getvolume
 .text.fn_createdriver
                0x20010100      0x118 C:/ISIS/workspace/ycube/GlobusSatProject/..//hal/hcc/lib\libHCCD.a(fat_common.o)
                0x20010100                fn_createdriver
 .text.fn_initvolume
                0x20010218      0x12c C:/ISIS/workspace/ycube/GlobusSatProject/..//hal/hcc/lib\libHCCD.a(fat_common.o)
                0x20010218                fn_initvolume
 .text.fn_releasedriver
                0x20010344       0xf4 C:/ISIS/workspace/ycube/GlobusSatProject/..//hal/hcc/lib\libHCCD.a(fat_common.o)
                0x20010344                fn_releasedriver
 .text.fn_initvolumepartition_sub
                0x20010438       0xe0 C:/ISIS/workspace/ycube/GlobusSatProject/..//hal/hcc/lib\libHCCD.a(fat_common.o)
 .text.fn_initvolumepartition
                0x20010518       0xac C:/ISIS/workspace/ycube/GlobusSatProject/..//hal/hcc/lib\libHCCD.a(fat_common.o)
                0x20010518                fn_initvolumepartition
 .text.fn_delvolume
                0x200105c4      0x194 C:/ISIS/workspace/ycube/GlobusSatProject/..//hal/hcc/lib\libHCCD.a(fat_common.o)
                0x200105c4                fn_delvolume
 .text._f_clustertopos
                0x20010758       0xf8 C:/ISIS/workspace/ycube/GlobusSatProject/..//hal/hcc/lib\libHCCD.a(fat_common.o)
                0x20010758                _f_clustertopos
 .text._f_getcurrsector
                0x20010850      0x6c8 C:/ISIS/workspace/ycube/GlobusSatProject/..//hal/hcc/lib\libHCCD.a(fat_common.o)
                0x20010850                _f_getcurrsector
 .text._f_getdecluster
                0x20010f18       0x90 C:/ISIS/workspace/ycube/GlobusSatProject/..//hal/hcc/lib\libHCCD.a(fat_common.o)
                0x20010f18                _f_getdecluster
 .text._f_setdecluster
                0x20010fa8       0x8c C:/ISIS/workspace/ycube/GlobusSatProject/..//hal/hcc/lib\libHCCD.a(fat_common.o)
                0x20010fa8                _f_setdecluster
 .text.fn_getdrive
                0x20011034       0x30 C:/ISIS/workspace/ycube/GlobusSatProject/..//hal/hcc/lib\libHCCD.a(fat_common.o)
                0x20011034                fn_getdrive
 .text._f_getcurrenttimedate
                0x20011064      0x138 C:/ISIS/workspace/ycube/GlobusSatProject/..//hal/hcc/lib\libHCCD.a(fat_common.o)
                0x20011064                _f_getcurrenttimedate
 .text._f_initentry
                0x2001119c       0xa0 C:/ISIS/workspace/ycube/GlobusSatProject/..//hal/hcc/lib\libHCCD.a(fat_common.o)
                0x2001119c                _f_initentry
 .text._f_alloccluster
                0x2001123c      0x344 C:/ISIS/workspace/ycube/GlobusSatProject/..//hal/hcc/lib\libHCCD.a(fat_common.o)
                0x2001123c                _f_alloccluster
 .text._f_dobadblock
                0x20011580      0x2cc C:/ISIS/workspace/ycube/GlobusSatProject/..//hal/hcc/lib\libHCCD.a(fat_common.o)
                0x20011580                _f_dobadblock
 .text._f_checklocked
                0x2001184c       0xe4 C:/ISIS/workspace/ycube/GlobusSatProject/..//hal/hcc/lib\libHCCD.a(fat_common.o)
                0x2001184c                _f_checklocked
 .text._f_checkappendlocked
                0x20011930      0x110 C:/ISIS/workspace/ycube/GlobusSatProject/..//hal/hcc/lib\libHCCD.a(fat_common.o)
                0x20011930                _f_checkappendlocked
 .text._f_setsyncafile
                0x20011a40      0x114 C:/ISIS/workspace/ycube/GlobusSatProject/..//hal/hcc/lib\libHCCD.a(fat_common.o)
                0x20011a40                _f_setsyncafile
 .text._f_syncfiles
                0x20011b54      0x128 C:/ISIS/workspace/ycube/GlobusSatProject/..//hal/hcc/lib\libHCCD.a(fat_common.o)
                0x20011b54                _f_syncfiles
 .text._f_syncfilescontent
                0x20011c7c      0x15c C:/ISIS/workspace/ycube/GlobusSatProject/..//hal/hcc/lib\libHCCD.a(fat_common.o)
 .text.fn_getfreespace
                0x20011dd8      0x4c0 C:/ISIS/workspace/ycube/GlobusSatProject/..//hal/hcc/lib\libHCCD.a(fat_common.o)
                0x20011dd8                fn_getfreespace
 .text._f_emptywritecache
                0x20012298      0x4a4 C:/ISIS/workspace/ycube/GlobusSatProject/..//hal/hcc/lib\libHCCD.a(fat_common.o)
 .text._f_allocnextcluster
                0x2001273c      0x54c C:/ISIS/workspace/ycube/GlobusSatProject/..//hal/hcc/lib\libHCCD.a(fat_common.o)
 .text._f_emptywritebuffer
                0x20012c88      0x20c C:/ISIS/workspace/ycube/GlobusSatProject/..//hal/hcc/lib\libHCCD.a(fat_common.o)
 .text._f_writezeros
                0x20012e94       0xf0 C:/ISIS/workspace/ycube/GlobusSatProject/..//hal/hcc/lib\libHCCD.a(fat_common.o)
                0x20012e94                _f_writezeros
 .text._f_extend_file
                0x20012f84      0x570 C:/ISIS/workspace/ycube/GlobusSatProject/..//hal/hcc/lib\libHCCD.a(fat_common.o)
 .text._f_fseek
                0x200134f4      0x9bc C:/ISIS/workspace/ycube/GlobusSatProject/..//hal/hcc/lib\libHCCD.a(fat_common.o)
                0x200134f4                _f_fseek
 .text._f_removechain
                0x20013eb0      0x104 C:/ISIS/workspace/ycube/GlobusSatProject/..//hal/hcc/lib\libHCCD.a(fat_common.o)
                0x20013eb0                _f_removechain
 .text._f_updatefileentry
                0x20013fb4      0x1cc C:/ISIS/workspace/ycube/GlobusSatProject/..//hal/hcc/lib\libHCCD.a(fat_common.o)
 .text._f_checkreadlocked
                0x20014180      0x1bc C:/ISIS/workspace/ycube/GlobusSatProject/..//hal/hcc/lib\libHCCD.a(fat_common.o)
                0x20014180                _f_checkreadlocked
 .text._f_check_handle
                0x2001433c       0x98 C:/ISIS/workspace/ycube/GlobusSatProject/..//hal/hcc/lib\libHCCD.a(fat_common.o)
                0x2001433c                _f_check_handle
 .text._f_removesyncafile
                0x200143d4      0x1ec C:/ISIS/workspace/ycube/GlobusSatProject/..//hal/hcc/lib\libHCCD.a(fat_common.o)
 .text.fn_close
                0x200145c0      0x3f8 C:/ISIS/workspace/ycube/GlobusSatProject/..//hal/hcc/lib\libHCCD.a(fat_common.o)
                0x200145c0                fn_close
 .text.fn_flush
                0x200149b8      0x374 C:/ISIS/workspace/ycube/GlobusSatProject/..//hal/hcc/lib\libHCCD.a(fat_common.o)
                0x200149b8                fn_flush
 .text.fn_read  0x20014d2c      0x690 C:/ISIS/workspace/ycube/GlobusSatProject/..//hal/hcc/lib\libHCCD.a(fat_common.o)
                0x20014d2c                fn_read
 .text._f_abortwrite
                0x200153bc      0x100 C:/ISIS/workspace/ycube/GlobusSatProject/..//hal/hcc/lib\libHCCD.a(fat_common.o)
 .text._f_checkwritecluster
                0x200154bc       0xe4 C:/ISIS/workspace/ycube/GlobusSatProject/..//hal/hcc/lib\libHCCD.a(fat_common.o)
 .text.fn_write
                0x200155a0      0x8a8 C:/ISIS/workspace/ycube/GlobusSatProject/..//hal/hcc/lib\libHCCD.a(fat_common.o)
                0x200155a0                fn_write
 .text.fn_seek  0x20015e48      0x270 C:/ISIS/workspace/ycube/GlobusSatProject/..//hal/hcc/lib\libHCCD.a(fat_common.o)
                0x20015e48                fn_seek
 .text.fn_tell  0x200160b8      0x19c C:/ISIS/workspace/ycube/GlobusSatProject/..//hal/hcc/lib\libHCCD.a(fat_common.o)
                0x200160b8                fn_tell
 .text.fn_rewind
                0x20016254       0x38 C:/ISIS/workspace/ycube/GlobusSatProject/..//hal/hcc/lib\libHCCD.a(fat_common.o)
                0x20016254                fn_rewind
 .text.fn_putc  0x2001628c       0x68 C:/ISIS/workspace/ycube/GlobusSatProject/..//hal/hcc/lib\libHCCD.a(fat_common.o)
                0x2001628c                fn_putc
 .text.f_enterFS
                0x200162f4      0x1c0 C:/ISIS/workspace/ycube/GlobusSatProject/..//hal/hcc/lib\libHCCD.a(fat_common.o)
                0x200162f4                f_enterFS
 .text.f_releaseFS
                0x200164b4       0xb0 C:/ISIS/workspace/ycube/GlobusSatProject/..//hal/hcc/lib\libHCCD.a(fat_common.o)
                0x200164b4                f_releaseFS
 .text.fnGetTask
                0x20016564       0xfc C:/ISIS/workspace/ycube/GlobusSatProject/..//hal/hcc/lib\libHCCD.a(fat_common.o)
                0x20016564                fnGetTask
 .text._f_mutex_get
                0x20016660       0x98 C:/ISIS/workspace/ycube/GlobusSatProject/..//hal/hcc/lib\libHCCD.a(fat_common.o)
                0x20016660                _f_mutex_get
 .text._f_mutex_put
                0x200166f8       0x54 C:/ISIS/workspace/ycube/GlobusSatProject/..//hal/hcc/lib\libHCCD.a(fat_common.o)
                0x200166f8                _f_mutex_put
 .text._fn_initseekdivisor
                0x2001674c      0x158 C:/ISIS/workspace/ycube/GlobusSatProject/..//hal/hcc/lib\libHCCD.a(fat_common.o)
                0x2001674c                _fn_initseekdivisor
 .text._fn_updateseekpos
                0x200168a4       0xc4 C:/ISIS/workspace/ycube/GlobusSatProject/..//hal/hcc/lib\libHCCD.a(fat_common.o)
 .text._f_findopensize
                0x20016968       0x2c C:/ISIS/workspace/ycube/GlobusSatProject/..//hal/hcc/lib\libHCCD.a(fat_common.o)
                0x20016968                _f_findopensize
 .text.fn_setlasterror
                0x20016994       0x34 C:/ISIS/workspace/ycube/GlobusSatProject/..//hal/hcc/lib\libHCCD.a(fat_common.o)
                0x20016994                fn_setlasterror
 .text.fn_setlasterror_noret
                0x200169c8       0x2c C:/ISIS/workspace/ycube/GlobusSatProject/..//hal/hcc/lib\libHCCD.a(fat_common.o)
                0x200169c8                fn_setlasterror_noret
 .text.fm_initvolume
                0x200169f4       0x70 C:/ISIS/workspace/ycube/GlobusSatProject/..//hal/hcc/lib\libHCCD.a(fat_m.o)
                0x200169f4                fm_initvolume
 .text.fm_delvolume
                0x20016a64       0x60 C:/ISIS/workspace/ycube/GlobusSatProject/..//hal/hcc/lib\libHCCD.a(fat_m.o)
                0x20016a64                fm_delvolume
 .text.fm_getdrive
                0x20016ac4       0x70 C:/ISIS/workspace/ycube/GlobusSatProject/..//hal/hcc/lib\libHCCD.a(fat_m.o)
                0x20016ac4                fm_getdrive
 .text.fm_getfreespace
                0x20016b34       0x68 C:/ISIS/workspace/ycube/GlobusSatProject/..//hal/hcc/lib\libHCCD.a(fat_m.o)
                0x20016b34                fm_getfreespace
 .text.fm_findfirst
                0x20016b9c       0x68 C:/ISIS/workspace/ycube/GlobusSatProject/..//hal/hcc/lib\libHCCD.a(fat_m.o)
                0x20016b9c                fm_findfirst
 .text.fm_findnext
                0x20016c04       0x60 C:/ISIS/workspace/ycube/GlobusSatProject/..//hal/hcc/lib\libHCCD.a(fat_m.o)
                0x20016c04                fm_findnext
 .text.fm_close
                0x20016c64       0x60 C:/ISIS/workspace/ycube/GlobusSatProject/..//hal/hcc/lib\libHCCD.a(fat_m.o)
                0x20016c64                fm_close
 .text.fm_flush
                0x20016cc4       0x60 C:/ISIS/workspace/ycube/GlobusSatProject/..//hal/hcc/lib\libHCCD.a(fat_m.o)
                0x20016cc4                fm_flush
 .text.fm_open  0x20016d24       0x68 C:/ISIS/workspace/ycube/GlobusSatProject/..//hal/hcc/lib\libHCCD.a(fat_m.o)
                0x20016d24                fm_open
 .text.fm_read  0x20016d8c       0x7c C:/ISIS/workspace/ycube/GlobusSatProject/..//hal/hcc/lib\libHCCD.a(fat_m.o)
                0x20016d8c                fm_read
 .text.fm_write
                0x20016e08       0x7c C:/ISIS/workspace/ycube/GlobusSatProject/..//hal/hcc/lib\libHCCD.a(fat_m.o)
                0x20016e08                fm_write
 .text.fm_seek  0x20016e84       0x70 C:/ISIS/workspace/ycube/GlobusSatProject/..//hal/hcc/lib\libHCCD.a(fat_m.o)
                0x20016e84                fm_seek
 .text.fm_tell  0x20016ef4       0x60 C:/ISIS/workspace/ycube/GlobusSatProject/..//hal/hcc/lib\libHCCD.a(fat_m.o)
                0x20016ef4                fm_tell
 .text.fm_putc  0x20016f54       0x68 C:/ISIS/workspace/ycube/GlobusSatProject/..//hal/hcc/lib\libHCCD.a(fat_m.o)
                0x20016f54                fm_putc
 .text.fm_rewind
                0x20016fbc       0x60 C:/ISIS/workspace/ycube/GlobusSatProject/..//hal/hcc/lib\libHCCD.a(fat_m.o)
                0x20016fbc                fm_rewind
 .text.fm_delete
                0x2001701c       0x64 C:/ISIS/workspace/ycube/GlobusSatProject/..//hal/hcc/lib\libHCCD.a(fat_m.o)
                0x2001701c                fm_delete
 .text.fm_getlasterror
                0x20017080       0x40 C:/ISIS/workspace/ycube/GlobusSatProject/..//hal/hcc/lib\libHCCD.a(fat_m.o)
                0x20017080                fm_getlasterror
 .text._s_checkzeroclusteratend
                0x200170c0       0xf8 C:/ISIS/workspace/ycube/GlobusSatProject/..//hal/hcc/lib\libHCCD.a(safefat.o)
 .text._s_clearclustercontent
                0x200171b8      0x108 C:/ISIS/workspace/ycube/GlobusSatProject/..//hal/hcc/lib\libHCCD.a(safefat.o)
 .text._s_clearclustercontentdir
                0x200172c0      0x19c C:/ISIS/workspace/ycube/GlobusSatProject/..//hal/hcc/lib\libHCCD.a(safefat.o)
 .text._s_writedirsector
                0x2001745c       0xd0 C:/ISIS/workspace/ycube/GlobusSatProject/..//hal/hcc/lib\libHCCD.a(safefat.o)
 .text._s_getdirsector
                0x2001752c      0x100 C:/ISIS/workspace/ycube/GlobusSatProject/..//hal/hcc/lib\libHCCD.a(safefat.o)
 .text._s_addentry
                0x2001762c      0x394 C:/ISIS/workspace/ycube/GlobusSatProject/..//hal/hcc/lib\libHCCD.a(safefat.o)
 .text._s_findfile
                0x200179c0      0x33c C:/ISIS/workspace/ycube/GlobusSatProject/..//hal/hcc/lib\libHCCD.a(safefat.o)
 .text._s_findsubdir
                0x20017cfc      0x248 C:/ISIS/workspace/ycube/GlobusSatProject/..//hal/hcc/lib\libHCCD.a(safefat.o)
 .text._s_createfile
                0x20017f44      0x190 C:/ISIS/workspace/ycube/GlobusSatProject/..//hal/hcc/lib\libHCCD.a(safefat.o)
 .text._s_findsaffile
                0x200180d4      0x1b8 C:/ISIS/workspace/ycube/GlobusSatProject/..//hal/hcc/lib\libHCCD.a(safefat.o)
 .text._s_open  0x2001828c       0xe4 C:/ISIS/workspace/ycube/GlobusSatProject/..//hal/hcc/lib\libHCCD.a(safefat.o)
 .text._s_open_saf
                0x20018370       0xe8 C:/ISIS/workspace/ycube/GlobusSatProject/..//hal/hcc/lib\libHCCD.a(safefat.o)
 .text._s_flush
                0x20018458       0x84 C:/ISIS/workspace/ycube/GlobusSatProject/..//hal/hcc/lib\libHCCD.a(safefat.o)
 .text._s_allocnextcluster
                0x200184dc      0x13c C:/ISIS/workspace/ycube/GlobusSatProject/..//hal/hcc/lib\libHCCD.a(safefat.o)
 .text._s_getnextsector
                0x20018618       0xdc C:/ISIS/workspace/ycube/GlobusSatProject/..//hal/hcc/lib\libHCCD.a(safefat.o)
 .text._s_seek  0x200186f4      0x1e8 C:/ISIS/workspace/ycube/GlobusSatProject/..//hal/hcc/lib\libHCCD.a(safefat.o)
 .text._s_get_len
                0x200188dc      0x10c C:/ISIS/workspace/ycube/GlobusSatProject/..//hal/hcc/lib\libHCCD.a(safefat.o)
 .text._s_set_len
                0x200189e8       0xb4 C:/ISIS/workspace/ycube/GlobusSatProject/..//hal/hcc/lib\libHCCD.a(safefat.o)
 .text.safe_fix_filelengths
                0x20018a9c       0xcc C:/ISIS/workspace/ycube/GlobusSatProject/..//hal/hcc/lib\libHCCD.a(safefat.o)
                0x20018a9c                safe_fix_filelengths
 .text._s_read  0x20018b68      0x228 C:/ISIS/workspace/ycube/GlobusSatProject/..//hal/hcc/lib\libHCCD.a(safefat.o)
 .text._s_write
                0x20018d90      0x384 C:/ISIS/workspace/ycube/GlobusSatProject/..//hal/hcc/lib\libHCCD.a(safefat.o)
 .text._s_restoreclusters
                0x20019114      0x270 C:/ISIS/workspace/ycube/GlobusSatProject/..//hal/hcc/lib\libHCCD.a(safefat.o)
                0x20019114                _s_restoreclusters
 .text._s_findrestore
                0x20019384      0x18c C:/ISIS/workspace/ycube/GlobusSatProject/..//hal/hcc/lib\libHCCD.a(safefat.o)
 .text._s_cmd_writede
                0x20019510       0xd8 C:/ISIS/workspace/ycube/GlobusSatProject/..//hal/hcc/lib\libHCCD.a(safefat.o)
 .text._s_cmd_setcluster
                0x200195e8       0x88 C:/ISIS/workspace/ycube/GlobusSatProject/..//hal/hcc/lib\libHCCD.a(safefat.o)
 .text._s_cmd_deletechain
                0x20019670      0x100 C:/ISIS/workspace/ycube/GlobusSatProject/..//hal/hcc/lib\libHCCD.a(safefat.o)
 .text._s_cmd_validatecfn
                0x20019770      0x308 C:/ISIS/workspace/ycube/GlobusSatProject/..//hal/hcc/lib\libHCCD.a(safefat.o)
 .text._s_cmd_seteof
                0x20019a78      0x3c4 C:/ISIS/workspace/ycube/GlobusSatProject/..//hal/hcc/lib\libHCCD.a(safefat.o)
 .text.safe_docommands
                0x20019e3c      0x56c C:/ISIS/workspace/ycube/GlobusSatProject/..//hal/hcc/lib\libHCCD.a(safefat.o)
                0x20019e3c                safe_docommands
 .text.safe_entercommand
                0x2001a3a8       0x68 C:/ISIS/workspace/ycube/GlobusSatProject/..//hal/hcc/lib\libHCCD.a(safefat.o)
                0x2001a3a8                safe_entercommand
 .text.safe_ready
                0x2001a410       0xf4 C:/ISIS/workspace/ycube/GlobusSatProject/..//hal/hcc/lib\libHCCD.a(safefat.o)
                0x2001a410                safe_ready
 .text.safe_copycfn
                0x2001a504       0xb8 C:/ISIS/workspace/ycube/GlobusSatProject/..//hal/hcc/lib\libHCCD.a(safefat.o)
                0x2001a504                safe_copycfn
 .text.safe_cfremove
                0x2001a5bc       0xb8 C:/ISIS/workspace/ycube/GlobusSatProject/..//hal/hcc/lib\libHCCD.a(safefat.o)
                0x2001a5bc                safe_cfremove
 .text.safe_writede
                0x2001a674      0x104 C:/ISIS/workspace/ycube/GlobusSatProject/..//hal/hcc/lib\libHCCD.a(safefat.o)
                0x2001a674                safe_writede
 .text.safe_setcluster
                0x2001a778       0xcc C:/ISIS/workspace/ycube/GlobusSatProject/..//hal/hcc/lib\libHCCD.a(safefat.o)
                0x2001a778                safe_setcluster
 .text.safe_deletechain
                0x2001a844      0x1c8 C:/ISIS/workspace/ycube/GlobusSatProject/..//hal/hcc/lib\libHCCD.a(safefat.o)
                0x2001a844                safe_deletechain
 .text.safe_cfclose
                0x2001aa0c      0x104 C:/ISIS/workspace/ycube/GlobusSatProject/..//hal/hcc/lib\libHCCD.a(safefat.o)
                0x2001aa0c                safe_cfclose
 .text.safe_cfflush
                0x2001ab10      0x124 C:/ISIS/workspace/ycube/GlobusSatProject/..//hal/hcc/lib\libHCCD.a(safefat.o)
                0x2001ab10                safe_cfflush
 .text.safe_reset
                0x2001ac34       0x78 C:/ISIS/workspace/ycube/GlobusSatProject/..//hal/hcc/lib\libHCCD.a(safefat.o)
                0x2001ac34                safe_reset
 .text.safe_loadcommands
                0x2001acac       0x78 C:/ISIS/workspace/ycube/GlobusSatProject/..//hal/hcc/lib\libHCCD.a(safefat.o)
                0x2001acac                safe_loadcommands
 .text.safe_poweron
                0x2001ad24      0x1fc C:/ISIS/workspace/ycube/GlobusSatProject/..//hal/hcc/lib\libHCCD.a(safefat.o)
                0x2001ad24                safe_poweron
 .text.cf_getname
                0x2001af20       0xc0 C:/ISIS/workspace/ycube/GlobusSatProject/..//hal/hcc/lib\libHCCD.a(safefat.o)
 .text.cf_copyclusterchain
                0x2001afe0      0x138 C:/ISIS/workspace/ycube/GlobusSatProject/..//hal/hcc/lib\libHCCD.a(safefat.o)
 .text.cf_seektozero
                0x2001b118       0x94 C:/ISIS/workspace/ycube/GlobusSatProject/..//hal/hcc/lib\libHCCD.a(safefat.o)
                0x2001b118                cf_seektozero
 .text.cf_create
                0x2001b1ac      0x3a8 C:/ISIS/workspace/ycube/GlobusSatProject/..//hal/hcc/lib\libHCCD.a(safefat.o)
                0x2001b1ac                cf_create
 .text.cf_copyclustercontent
                0x2001b554      0x128 C:/ISIS/workspace/ycube/GlobusSatProject/..//hal/hcc/lib\libHCCD.a(safefat.o)
                0x2001b554                cf_copyclustercontent
 .text.cf_copycfn
                0x2001b67c      0x4bc C:/ISIS/workspace/ycube/GlobusSatProject/..//hal/hcc/lib\libHCCD.a(safefat.o)
                0x2001b67c                cf_copycfn
 .text.cf_remove
                0x2001bb38      0x344 C:/ISIS/workspace/ycube/GlobusSatProject/..//hal/hcc/lib\libHCCD.a(safefat.o)
                0x2001bb38                cf_remove
 .text.cf_setclusternew
                0x2001be7c       0xf0 C:/ISIS/workspace/ycube/GlobusSatProject/..//hal/hcc/lib\libHCCD.a(safefat.o)
                0x2001be7c                cf_setclusternew
 .text.cf_flush
                0x2001bf6c       0x58 C:/ISIS/workspace/ycube/GlobusSatProject/..//hal/hcc/lib\libHCCD.a(safefat.o)
                0x2001bf6c                cf_flush
 .text.cf_getcluster
                0x2001bfc4      0x1b4 C:/ISIS/workspace/ycube/GlobusSatProject/..//hal/hcc/lib\libHCCD.a(safefat.o)
                0x2001bfc4                cf_getcluster
 .text.cf_setnextcluster
                0x2001c178      0x194 C:/ISIS/workspace/ycube/GlobusSatProject/..//hal/hcc/lib\libHCCD.a(safefat.o)
                0x2001c178                cf_setnextcluster
 .text.cf_getpositions
                0x2001c30c       0xbc C:/ISIS/workspace/ycube/GlobusSatProject/..//hal/hcc/lib\libHCCD.a(safefat.o)
                0x2001c30c                cf_getpositions
 .text.cf_setpositions
                0x2001c3c8       0xb0 C:/ISIS/workspace/ycube/GlobusSatProject/..//hal/hcc/lib\libHCCD.a(safefat.o)
                0x2001c3c8                cf_setpositions
 .text.cf_opensyncafile
                0x2001c478      0x150 C:/ISIS/workspace/ycube/GlobusSatProject/..//hal/hcc/lib\libHCCD.a(safefat.o)
                0x2001c478                cf_opensyncafile
 .text.cf_reloadcfo
                0x2001c5c8       0xd8 C:/ISIS/workspace/ycube/GlobusSatProject/..//hal/hcc/lib\libHCCD.a(safefat.o)
                0x2001c5c8                cf_reloadcfo
 .text.mcipdc_cmd
                0x2001c6a0      0x22c C:/ISIS/workspace/ycube/GlobusSatProject/..//hal/hcc/lib\libHCCD.a(atmel_mcipdc.o)
 .text.mcipdc_stop
                0x2001c8cc       0xfc C:/ISIS/workspace/ycube/GlobusSatProject/..//hal/hcc/lib\libHCCD.a(atmel_mcipdc.o)
                0x2001c8cc                mcipdc_stop
 .text.mcipdc_read
                0x2001c9c8      0x27c C:/ISIS/workspace/ycube/GlobusSatProject/..//hal/hcc/lib\libHCCD.a(atmel_mcipdc.o)
 .text.mcipdc_write
                0x2001cc44      0x298 C:/ISIS/workspace/ycube/GlobusSatProject/..//hal/hcc/lib\libHCCD.a(atmel_mcipdc.o)
 .text.mcipdc_readsector
                0x2001cedc       0x9c C:/ISIS/workspace/ycube/GlobusSatProject/..//hal/hcc/lib\libHCCD.a(atmel_mcipdc.o)
                0x2001cedc                mcipdc_readsector
 .text.mcipdc_readmultiplesector
                0x2001cf78      0x124 C:/ISIS/workspace/ycube/GlobusSatProject/..//hal/hcc/lib\libHCCD.a(atmel_mcipdc.o)
                0x2001cf78                mcipdc_readmultiplesector
 .text.mcipdc_writesector
                0x2001d09c       0x90 C:/ISIS/workspace/ycube/GlobusSatProject/..//hal/hcc/lib\libHCCD.a(atmel_mcipdc.o)
                0x2001d09c                mcipdc_writesector
 .text.mcipdc_writemultiplesector
                0x2001d12c      0x120 C:/ISIS/workspace/ycube/GlobusSatProject/..//hal/hcc/lib\libHCCD.a(atmel_mcipdc.o)
                0x2001d12c                mcipdc_writemultiplesector
 .text.mcipdc_set_speed
                0x2001d24c       0xb0 C:/ISIS/workspace/ycube/GlobusSatProject/..//hal/hcc/lib\libHCCD.a(atmel_mcipdc.o)
 .text.mcipdc_get_speed
                0x2001d2fc       0x48 C:/ISIS/workspace/ycube/GlobusSatProject/..//hal/hcc/lib\libHCCD.a(atmel_mcipdc.o)
 .text._get_csd_bits
                0x2001d344      0x14c C:/ISIS/workspace/ycube/GlobusSatProject/..//hal/hcc/lib\libHCCD.a(atmel_mcipdc.o)
 .text.mcipdc_initcard
                0x2001d490      0x8f4 C:/ISIS/workspace/ycube/GlobusSatProject/..//hal/hcc/lib\libHCCD.a(atmel_mcipdc.o)
 .text.mcipdc_getstatus
                0x2001dd84       0xe8 C:/ISIS/workspace/ycube/GlobusSatProject/..//hal/hcc/lib\libHCCD.a(atmel_mcipdc.o)
 .text.mcipdc_getphy
                0x2001de6c       0x90 C:/ISIS/workspace/ycube/GlobusSatProject/..//hal/hcc/lib\libHCCD.a(atmel_mcipdc.o)
 .text.mcipdc_release
                0x2001defc       0x50 C:/ISIS/workspace/ycube/GlobusSatProject/..//hal/hcc/lib\libHCCD.a(atmel_mcipdc.o)
 .text.atmel_mcipdc_initfunc
                0x2001df4c      0x160 C:/ISIS/workspace/ycube/GlobusSatProject/..//hal/hcc/lib\libHCCD.a(atmel_mcipdc.o)
                0x2001df4c                atmel_mcipdc_initfunc
 .text.oal_mutex_create
                0x2001e0ac       0x54 C:/ISIS/workspace/ycube/GlobusSatProject/..//hal/hcc/lib\libHCCD.a(oalp_mutex.o)
                0x2001e0ac                oal_mutex_create
 .text.oal_mutex_delete
                0x2001e100       0x30 C:/ISIS/workspace/ycube/GlobusSatProject/..//hal/hcc/lib\libHCCD.a(oalp_mutex.o)
                0x2001e100                oal_mutex_delete
 .text.oal_mutex_get
                0x2001e130       0x58 C:/ISIS/workspace/ycube/GlobusSatProject/..//hal/hcc/lib\libHCCD.a(oalp_mutex.o)
                0x2001e130                oal_mutex_get
 .text.oal_mutex_put
                0x2001e188       0x58 C:/ISIS/workspace/ycube/GlobusSatProject/..//hal/hcc/lib\libHCCD.a(oalp_mutex.o)
                0x2001e188                oal_mutex_put
 .text.oal_task_get_id
                0x2001e1e0       0x18 C:/ISIS/workspace/ycube/GlobusSatProject/..//hal/hcc/lib\libHCCD.a(oalp_task.o)
                0x2001e1e0                oal_task_get_id
 .text.mcipdc_hw_init
                0x2001e1f8       0xe8 C:/ISIS/workspace/ycube/GlobusSatProject/..//hal/hcc/lib\libHCCD.a(atmel_mcipdc_hw.o)
                0x2001e1f8                mcipdc_hw_init
 .text.mcipdc_hw_delete
                0x2001e2e0       0x78 C:/ISIS/workspace/ycube/GlobusSatProject/..//hal/hcc/lib\libHCCD.a(atmel_mcipdc_hw.o)
                0x2001e2e0                mcipdc_hw_delete
 .text.mcipdc_hw_card_plugged
                0x2001e358       0x1c C:/ISIS/workspace/ycube/GlobusSatProject/..//hal/hcc/lib\libHCCD.a(atmel_mcipdc_hw.o)
                0x2001e358                mcipdc_hw_card_plugged
 .text.mcipdc_hw_card_writeprotect
                0x2001e374       0x1c C:/ISIS/workspace/ycube/GlobusSatProject/..//hal/hcc/lib\libHCCD.a(atmel_mcipdc_hw.o)
                0x2001e374                mcipdc_hw_card_writeprotect
 .text.psp_getcurrenttimedate
                0x2001e390       0x8c C:/ISIS/workspace/ycube/GlobusSatProject/..//hal/hcc/lib\libHCCD.a(psp_rtc.o)
                0x2001e390                psp_getcurrenttimedate
 .text._hcc_get_buf_dsc
                0x2001e41c       0x8c C:/ISIS/workspace/ycube/GlobusSatProject/..//hal/hcc/lib\libHCCD.a(hcc_mem.o)
 .text._hcc_check_free_pages
                0x2001e4a8      0x18c C:/ISIS/workspace/ycube/GlobusSatProject/..//hal/hcc/lib\libHCCD.a(hcc_mem.o)
 .text._hcc_mark_pages
                0x2001e634      0x158 C:/ISIS/workspace/ycube/GlobusSatProject/..//hal/hcc/lib\libHCCD.a(hcc_mem.o)
 .text._hcc_clear_lock_dsc
                0x2001e78c       0x80 C:/ISIS/workspace/ycube/GlobusSatProject/..//hal/hcc/lib\libHCCD.a(hcc_mem.o)
 .text._hcc_lock_access
                0x2001e80c      0x128 C:/ISIS/workspace/ycube/GlobusSatProject/..//hal/hcc/lib\libHCCD.a(hcc_mem.o)
 .text._hcc_unlock_access
                0x2001e934       0x30 C:/ISIS/workspace/ycube/GlobusSatProject/..//hal/hcc/lib\libHCCD.a(hcc_mem.o)
 .text.hcc_mem_alloc
                0x2001e964      0x454 C:/ISIS/workspace/ycube/GlobusSatProject/..//hal/hcc/lib\libHCCD.a(hcc_mem.o)
                0x2001e964                hcc_mem_alloc
 .text.hcc_mem_free
                0x2001edb8      0x178 C:/ISIS/workspace/ycube/GlobusSatProject/..//hal/hcc/lib\libHCCD.a(hcc_mem.o)
                0x2001edb8                hcc_mem_free
 .text.hcc_mem_add
                0x2001ef30      0x3b0 C:/ISIS/workspace/ycube/GlobusSatProject/..//hal/hcc/lib\libHCCD.a(hcc_mem.o)
                0x2001ef30                hcc_mem_add
 .text.hcc_mem_init
                0x2001f2e0      0x164 C:/ISIS/workspace/ycube/GlobusSatProject/..//hal/hcc/lib\libHCCD.a(hcc_mem.o)
                0x2001f2e0                hcc_mem_init
 .text.hcc_mem_delete
                0x2001f444       0x94 C:/ISIS/workspace/ycube/GlobusSatProject/..//hal/hcc/lib\libHCCD.a(hcc_mem.o)
                0x2001f444                hcc_mem_delete
 .text._f_invalidatedir
                0x2001f4d8       0x28 C:/ISIS/workspace/ycube/GlobusSatProject/..//hal/hcc/lib\libHCCD.a(fat.o)
                0x2001f4d8                _f_invalidatedir
 .text._f_getdirsector
                0x2001f500       0x88 C:/ISIS/workspace/ycube/GlobusSatProject/..//hal/hcc/lib\libHCCD.a(fat.o)
                0x2001f500                _f_getdirsector
 .text._f_writedirsector
                0x2001f588       0x74 C:/ISIS/workspace/ycube/GlobusSatProject/..//hal/hcc/lib\libHCCD.a(fat.o)
                0x2001f588                _f_writedirsector
 .text._f_checknameinv
                0x2001f5fc      0x180 C:/ISIS/workspace/ycube/GlobusSatProject/..//hal/hcc/lib\libHCCD.a(fat.o)
 .text._f_checkname
                0x2001f77c       0x7c C:/ISIS/workspace/ycube/GlobusSatProject/..//hal/hcc/lib\libHCCD.a(fat.o)
 .text._f_checknamewc
                0x2001f7f8       0xf8 C:/ISIS/workspace/ycube/GlobusSatProject/..//hal/hcc/lib\libHCCD.a(fat.o)
 .text._f_setnameext
                0x2001f8f0      0x300 C:/ISIS/workspace/ycube/GlobusSatProject/..//hal/hcc/lib\libHCCD.a(fat.o)
 .text._f_setfsname
                0x2001fbf0      0x584 C:/ISIS/workspace/ycube/GlobusSatProject/..//hal/hcc/lib\libHCCD.a(fat.o)
 .text._f_findfile
                0x20020174      0x30c C:/ISIS/workspace/ycube/GlobusSatProject/..//hal/hcc/lib\libHCCD.a(fat.o)
 .text._f_cmp_wname
                0x20020480      0x274 C:/ISIS/workspace/ycube/GlobusSatProject/..//hal/hcc/lib\libHCCD.a(fat.o)
 .text._f_to_string
                0x200206f4      0x130 C:/ISIS/workspace/ycube/GlobusSatProject/..//hal/hcc/lib\libHCCD.a(fat.o)
 .text._f_findfilewc
                0x20020824      0x278 C:/ISIS/workspace/ycube/GlobusSatProject/..//hal/hcc/lib\libHCCD.a(fat.o)
 .text._f_getfilename
                0x20020a9c      0x20c C:/ISIS/workspace/ycube/GlobusSatProject/..//hal/hcc/lib\libHCCD.a(fat.o)
 .text._f_findpath
                0x20020ca8      0x35c C:/ISIS/workspace/ycube/GlobusSatProject/..//hal/hcc/lib\libHCCD.a(fat.o)
 .text.fn_getdcwd
                0x20021004      0x1e0 C:/ISIS/workspace/ycube/GlobusSatProject/..//hal/hcc/lib\libHCCD.a(fat.o)
                0x20021004                fn_getdcwd
 .text.fn_findfirst
                0x200211e4      0x13c C:/ISIS/workspace/ycube/GlobusSatProject/..//hal/hcc/lib\libHCCD.a(fat.o)
                0x200211e4                fn_findfirst
 .text.fn_findnext
                0x20021320      0x360 C:/ISIS/workspace/ycube/GlobusSatProject/..//hal/hcc/lib\libHCCD.a(fat.o)
                0x20021320                fn_findnext
 .text._f_lock_resfile
                0x20021680       0x6c C:/ISIS/workspace/ycube/GlobusSatProject/..//hal/hcc/lib\libHCCD.a(fat.o)
 .text._f_unlock_resfile
                0x200216ec       0x40 C:/ISIS/workspace/ycube/GlobusSatProject/..//hal/hcc/lib\libHCCD.a(fat.o)
 .text._f_getintfile
                0x2002172c      0x124 C:/ISIS/workspace/ycube/GlobusSatProject/..//hal/hcc/lib\libHCCD.a(fat.o)
 .text._f_addentry
                0x20021850      0x540 C:/ISIS/workspace/ycube/GlobusSatProject/..//hal/hcc/lib\libHCCD.a(fat.o)
 .text.fn_open_sub
                0x20021d90     0x1698 C:/ISIS/workspace/ycube/GlobusSatProject/..//hal/hcc/lib\libHCCD.a(fat.o)
 .text.fn_open  0x20023428       0x44 C:/ISIS/workspace/ycube/GlobusSatProject/..//hal/hcc/lib\libHCCD.a(fat.o)
                0x20023428                fn_open
 .text.fn_delete
                0x2002346c      0x490 C:/ISIS/workspace/ycube/GlobusSatProject/..//hal/hcc/lib\libHCCD.a(fat.o)
                0x2002346c                fn_delete
 .text.hcc_mem_buf_alloc
                0x200238fc       0xe4 C:/ISIS/workspace/ycube/GlobusSatProject/..//hal/hcc/lib\libHCCD.a(psp_hcc_mem.o)
                0x200238fc                hcc_mem_buf_alloc
 .text.hcc_mem_buf_free
                0x200239e0       0x6c C:/ISIS/workspace/ycube/GlobusSatProject/..//hal/hcc/lib\libHCCD.a(psp_hcc_mem.o)
                0x200239e0                hcc_mem_buf_free
 .text.makeAntStransfer
                0x20023a4c       0x4c C:/ISIS/workspace/ycube/GlobusSatProject/..//satellite-subsystems/satellite-subsystems/lib\libSatelliteSubsystemsD.a(IsisAntS.o)
 .text.checkInputsValid
                0x20023a98       0x7c C:/ISIS/workspace/ycube/GlobusSatProject/..//satellite-subsystems/satellite-subsystems/lib\libSatelliteSubsystemsD.a(IsisAntS.o)
 .text.IsisAntS_initialize
                0x20023b14      0x26c C:/ISIS/workspace/ycube/GlobusSatProject/..//satellite-subsystems/satellite-subsystems/lib\libSatelliteSubsystemsD.a(IsisAntS.o)
                0x20023b14                IsisAntS_initialize
 .text.IsisAntS_setArmStatus
                0x20023d80      0x104 C:/ISIS/workspace/ycube/GlobusSatProject/..//satellite-subsystems/satellite-subsystems/lib\libSatelliteSubsystemsD.a(IsisAntS.o)
                0x20023d80                IsisAntS_setArmStatus
 .text.IsisAntS_getStatusData
                0x20023e84      0x120 C:/ISIS/workspace/ycube/GlobusSatProject/..//satellite-subsystems/satellite-subsystems/lib\libSatelliteSubsystemsD.a(IsisAntS.o)
                0x20023e84                IsisAntS_getStatusData
 .text.IsisAntS_getUptime
                0x20023fa4      0x120 C:/ISIS/workspace/ycube/GlobusSatProject/..//satellite-subsystems/satellite-subsystems/lib\libSatelliteSubsystemsD.a(IsisAntS.o)
                0x20023fa4                IsisAntS_getUptime
 .text.IsisAntS_getAlltelemetry
                0x200240c4      0x120 C:/ISIS/workspace/ycube/GlobusSatProject/..//satellite-subsystems/satellite-subsystems/lib\libSatelliteSubsystemsD.a(IsisAntS.o)
                0x200240c4                IsisAntS_getAlltelemetry
 .text.IsisAntS_reset
                0x200241e4      0x104 C:/ISIS/workspace/ycube/GlobusSatProject/..//satellite-subsystems/satellite-subsystems/lib\libSatelliteSubsystemsD.a(IsisAntS.o)
                0x200241e4                IsisAntS_reset
 .text.IsisAntS_cancelDeployment
                0x200242e8      0x104 C:/ISIS/workspace/ycube/GlobusSatProject/..//satellite-subsystems/satellite-subsystems/lib\libSatelliteSubsystemsD.a(IsisAntS.o)
                0x200242e8                IsisAntS_cancelDeployment
 .text.IsisSolarPanelv2_initialize
                0x200243ec       0xb4 C:/ISIS/workspace/ycube/GlobusSatProject/..//satellite-subsystems/satellite-subsystems/lib\libSatelliteSubsystemsD.a(IsisSolarPanelv2.o)
                0x200243ec                IsisSolarPanelv2_initialize
 .text.IsisSolarPanelv2_getTemperature
                0x200244a0       0xc8 C:/ISIS/workspace/ycube/GlobusSatProject/..//satellite-subsystems/satellite-subsystems/lib\libSatelliteSubsystemsD.a(IsisSolarPanelv2.o)
                0x200244a0                IsisSolarPanelv2_getTemperature
 .text.IsisSolarPanelv2_getState
                0x20024568       0x24 C:/ISIS/workspace/ycube/GlobusSatProject/..//satellite-subsystems/satellite-subsystems/lib\libSatelliteSubsystemsD.a(IsisSolarPanelv2.o)
                0x20024568                IsisSolarPanelv2_getState
 .text._Reset   0x2002458c       0x20 C:/ISIS/workspace/ycube/GlobusSatProject/..//satellite-subsystems/satellite-subsystems/lib\libSatelliteSubsystemsD.a(IsisSolarPanelv2.o)
 .text._WaitForStartup
                0x200245ac       0x90 C:/ISIS/workspace/ycube/GlobusSatProject/..//satellite-subsystems/satellite-subsystems/lib\libSatelliteSubsystemsD.a(IsisSolarPanelv2.o)
 .text._AssignAllChannels
                0x2002463c       0x90 C:/ISIS/workspace/ycube/GlobusSatProject/..//satellite-subsystems/satellite-subsystems/lib\libSatelliteSubsystemsD.a(IsisSolarPanelv2.o)
 .text._AssignThisChannel
                0x200246cc       0xe8 C:/ISIS/workspace/ycube/GlobusSatProject/..//satellite-subsystems/satellite-subsystems/lib\libSatelliteSubsystemsD.a(IsisSolarPanelv2.o)
 .text._InitiateConversion
                0x200247b4       0xac C:/ISIS/workspace/ycube/GlobusSatProject/..//satellite-subsystems/satellite-subsystems/lib\libSatelliteSubsystemsD.a(IsisSolarPanelv2.o)
 .text._WaitForConversionComplete
                0x20024860      0x100 C:/ISIS/workspace/ycube/GlobusSatProject/..//satellite-subsystems/satellite-subsystems/lib\libSatelliteSubsystemsD.a(IsisSolarPanelv2.o)
 .text._ReadResult
                0x20024960      0x158 C:/ISIS/workspace/ycube/GlobusSatProject/..//satellite-subsystems/satellite-subsystems/lib\libSatelliteSubsystemsD.a(IsisSolarPanelv2.o)
 .text._ExtractByte
                0x20024ab8       0x38 C:/ISIS/workspace/ycube/GlobusSatProject/..//satellite-subsystems/satellite-subsystems/lib\libSatelliteSubsystemsD.a(IsisSolarPanelv2.o)
 .text._ExtendSign
                0x20024af0       0x6c C:/ISIS/workspace/ycube/GlobusSatProject/..//satellite-subsystems/satellite-subsystems/lib\libSatelliteSubsystemsD.a(IsisSolarPanelv2.o)
 .text._PinsInit
                0x20024b5c       0x50 C:/ISIS/workspace/ycube/GlobusSatProject/..//satellite-subsystems/satellite-subsystems/lib\libSatelliteSubsystemsD.a(IsisSolarPanelv2.o)
 .text._SpiWriteRead
                0x20024bac       0x70 C:/ISIS/workspace/ycube/GlobusSatProject/..//satellite-subsystems/satellite-subsystems/lib\libSatelliteSubsystemsD.a(IsisSolarPanelv2.o)
 .text.IsisTrxvu_initialize
                0x20024c1c      0x2f4 C:/ISIS/workspace/ycube/GlobusSatProject/..//satellite-subsystems/satellite-subsystems/lib\libSatelliteSubsystemsD.a(IsisTRXVU.o)
                0x20024c1c                IsisTrxvu_initialize
 .text.makeTRXVUtransfer
                0x20024f10       0x44 C:/ISIS/workspace/ycube/GlobusSatProject/..//satellite-subsystems/satellite-subsystems/lib\libSatelliteSubsystemsD.a(IsisTRXVU.o)
 .text.IsisTrxvu_componentSoftReset
                0x20024f54       0x6c C:/ISIS/workspace/ycube/GlobusSatProject/..//satellite-subsystems/satellite-subsystems/lib\libSatelliteSubsystemsD.a(IsisTRXVU.o)
                0x20024f54                IsisTrxvu_componentSoftReset
 .text.IsisTrxvu_componentHardReset
                0x20024fc0       0xc8 C:/ISIS/workspace/ycube/GlobusSatProject/..//satellite-subsystems/satellite-subsystems/lib\libSatelliteSubsystemsD.a(IsisTRXVU.o)
                0x20024fc0                IsisTrxvu_componentHardReset
 .text.IsisTrxvu_softReset
                0x20025088       0x74 C:/ISIS/workspace/ycube/GlobusSatProject/..//satellite-subsystems/satellite-subsystems/lib\libSatelliteSubsystemsD.a(IsisTRXVU.o)
                0x20025088                IsisTrxvu_softReset
 .text.IsisTrxvu_hardReset
                0x200250fc       0x74 C:/ISIS/workspace/ycube/GlobusSatProject/..//satellite-subsystems/satellite-subsystems/lib\libSatelliteSubsystemsD.a(IsisTRXVU.o)
                0x200250fc                IsisTrxvu_hardReset
 .text.IsisTrxvu_tcSendAX25DefClSign
                0x20025170       0xec C:/ISIS/workspace/ycube/GlobusSatProject/..//satellite-subsystems/satellite-subsystems/lib\libSatelliteSubsystemsD.a(IsisTRXVU.o)
                0x20025170                IsisTrxvu_tcSendAX25DefClSign
 .text.IsisTrxvu_tcSetIdlestate
                0x2002525c       0xa4 C:/ISIS/workspace/ycube/GlobusSatProject/..//satellite-subsystems/satellite-subsystems/lib\libSatelliteSubsystemsD.a(IsisTRXVU.o)
                0x2002525c                IsisTrxvu_tcSetIdlestate
 .text.IsisTrxvu_tcSetAx25Bitrate
                0x20025300       0xc4 C:/ISIS/workspace/ycube/GlobusSatProject/..//satellite-subsystems/satellite-subsystems/lib\libSatelliteSubsystemsD.a(IsisTRXVU.o)
                0x20025300                IsisTrxvu_tcSetAx25Bitrate
 .text.IsisTrxvu_tcGetUptime
                0x200253c4       0xa0 C:/ISIS/workspace/ycube/GlobusSatProject/..//satellite-subsystems/satellite-subsystems/lib\libSatelliteSubsystemsD.a(IsisTRXVU.o)
                0x200253c4                IsisTrxvu_tcGetUptime
 .text.IsisTrxvu_tcGetState
                0x20025464       0xd0 C:/ISIS/workspace/ycube/GlobusSatProject/..//satellite-subsystems/satellite-subsystems/lib\libSatelliteSubsystemsD.a(IsisTRXVU.o)
                0x20025464                IsisTrxvu_tcGetState
 .text.IsisTrxvu_tcGetTelemetryAll
                0x20025534       0xd0 C:/ISIS/workspace/ycube/GlobusSatProject/..//satellite-subsystems/satellite-subsystems/lib\libSatelliteSubsystemsD.a(IsisTRXVU.o)
                0x20025534                IsisTrxvu_tcGetTelemetryAll
 .text.IsisTrxvu_rcGetFrameCount
                0x20025604       0xa0 C:/ISIS/workspace/ycube/GlobusSatProject/..//satellite-subsystems/satellite-subsystems/lib\libSatelliteSubsystemsD.a(IsisTRXVU.o)
                0x20025604                IsisTrxvu_rcGetFrameCount
 .text.IsisTrxvu_rcGetCommandFrame
                0x200256a4      0x2d8 C:/ISIS/workspace/ycube/GlobusSatProject/..//satellite-subsystems/satellite-subsystems/lib\libSatelliteSubsystemsD.a(IsisTRXVU.o)
                0x200256a4                IsisTrxvu_rcGetCommandFrame
 .text.IsisTrxvu_rcGetTelemetryAll
                0x2002597c       0xd0 C:/ISIS/workspace/ycube/GlobusSatProject/..//satellite-subsystems/satellite-subsystems/lib\libSatelliteSubsystemsD.a(IsisTRXVU.o)
                0x2002597c                IsisTrxvu_rcGetTelemetryAll
 .text.IsisTrxvu_rcGetUptime
                0x20025a4c       0xa0 C:/ISIS/workspace/ycube/GlobusSatProject/..//satellite-subsystems/satellite-subsystems/lib\libSatelliteSubsystemsD.a(IsisTRXVU.o)
                0x20025a4c                IsisTrxvu_rcGetUptime
 .text.ISIS_EPS_Init
                0x20025aec       0xc8 C:/ISIS/workspace/ycube/GlobusSatProject/..//satellite-subsystems/satellite-subsystems/lib\libSatelliteSubsystemsD.a(isis_eps_driver.o)
                0x20025aec                ISIS_EPS_Init
 .text.isis_eps__reset__tmtc
                0x20025bb4       0xe8 C:/ISIS/workspace/ycube/GlobusSatProject/..//satellite-subsystems/satellite-subsystems/lib\libSatelliteSubsystemsD.a(isis_eps_driver.o)
                0x20025bb4                isis_eps__reset__tmtc
 .text.isis_eps__watchdog__tm
                0x20025c9c       0xac C:/ISIS/workspace/ycube/GlobusSatProject/..//satellite-subsystems/satellite-subsystems/lib\libSatelliteSubsystemsD.a(isis_eps_driver.o)
                0x20025c9c                isis_eps__watchdog__tm
 .text.isis_eps__getparameter__tmtc
                0x20025d48       0xe8 C:/ISIS/workspace/ycube/GlobusSatProject/..//satellite-subsystems/satellite-subsystems/lib\libSatelliteSubsystemsD.a(isis_eps_driver.o)
                0x20025d48                isis_eps__getparameter__tmtc
 .text.isis_eps__setparameter__tmtc
                0x20025e30       0xe8 C:/ISIS/workspace/ycube/GlobusSatProject/..//satellite-subsystems/satellite-subsystems/lib\libSatelliteSubsystemsD.a(isis_eps_driver.o)
                0x20025e30                isis_eps__setparameter__tmtc
 .text.isis_eps__gethousekeepingeng__tm
                0x20025f18       0xac C:/ISIS/workspace/ycube/GlobusSatProject/..//satellite-subsystems/satellite-subsystems/lib\libSatelliteSubsystemsD.a(isis_eps_driver.o)
                0x20025f18                isis_eps__gethousekeepingeng__tm
 .text.isis_eps__gethousekeepingengincdb__tm
                0x20025fc4       0xac C:/ISIS/workspace/ycube/GlobusSatProject/..//satellite-subsystems/satellite-subsystems/lib\libSatelliteSubsystemsD.a(isis_eps_driver.o)
                0x20025fc4                isis_eps__gethousekeepingengincdb__tm
 .text._I2C_Send
                0x20026070       0x78 C:/ISIS/workspace/ycube/GlobusSatProject/..//satellite-subsystems/satellite-subsystems/lib\libSatelliteSubsystemsD.a(isis_eps_driver.o)
 .text.makeTRXCommonTransfer
                0x200260e8       0x34 C:/ISIS/workspace/ycube/GlobusSatProject/..//satellite-subsystems/satellite-subsystems/lib\libSatelliteSubsystemsD.a(IsisTRXCommon.o)
 .text.IsisTrxCommon_componentReset
                0x2002611c       0x68 C:/ISIS/workspace/ycube/GlobusSatProject/..//satellite-subsystems/satellite-subsystems/lib\libSatelliteSubsystemsD.a(IsisTRXCommon.o)
                0x2002611c                IsisTrxCommon_componentReset
 .text.IsisTrxCommon_TxSendAX25DefClSign
                0x20026184       0xf4 C:/ISIS/workspace/ycube/GlobusSatProject/..//satellite-subsystems/satellite-subsystems/lib\libSatelliteSubsystemsD.a(IsisTRXCommon.o)
                0x20026184                IsisTrxCommon_TxSendAX25DefClSign
 .text.IsisTrxCommon_TxSetIdlestate
                0x20026278       0x78 C:/ISIS/workspace/ycube/GlobusSatProject/..//satellite-subsystems/satellite-subsystems/lib\libSatelliteSubsystemsD.a(IsisTRXCommon.o)
                0x20026278                IsisTrxCommon_TxSetIdlestate
 .text.IsisTrxCommon_TxSetAx25Bitrate
                0x200262f0       0x78 C:/ISIS/workspace/ycube/GlobusSatProject/..//satellite-subsystems/satellite-subsystems/lib\libSatelliteSubsystemsD.a(IsisTRXCommon.o)
                0x200262f0                IsisTrxCommon_TxSetAx25Bitrate
 .text.IsisTrxCommon_RxGetFrameCount
                0x20026368       0x8c C:/ISIS/workspace/ycube/GlobusSatProject/..//satellite-subsystems/satellite-subsystems/lib\libSatelliteSubsystemsD.a(IsisTRXCommon.o)
                0x20026368                IsisTrxCommon_RxGetFrameCount
 .text.IsisTrxCommon_GetUptime
                0x200263f4       0x8c C:/ISIS/workspace/ycube/GlobusSatProject/..//satellite-subsystems/satellite-subsystems/lib\libSatelliteSubsystemsD.a(IsisTRXCommon.o)
                0x200263f4                IsisTrxCommon_GetUptime
 .text.xQueueGenericReset
                0x20026480      0x150 C:/ISIS/workspace/ycube/GlobusSatProject/..//hal/freertos/lib\libFreeRTOSD.a(queue.o)
                0x20026480                xQueueGenericReset
 .text.xQueueGenericCreate
                0x200265d0      0x108 C:/ISIS/workspace/ycube/GlobusSatProject/..//hal/freertos/lib\libFreeRTOSD.a(queue.o)
                0x200265d0                xQueueGenericCreate
 .text.xQueueCreateMutex
                0x200266d8      0x11c C:/ISIS/workspace/ycube/GlobusSatProject/..//hal/freertos/lib\libFreeRTOSD.a(queue.o)
                0x200266d8                xQueueCreateMutex
 .text.xQueueGenericSend
                0x200267f4      0x298 C:/ISIS/workspace/ycube/GlobusSatProject/..//hal/freertos/lib\libFreeRTOSD.a(queue.o)
                0x200267f4                xQueueGenericSend
 .text.xQueueGenericSendFromISR
                0x20026a8c      0x1e0 C:/ISIS/workspace/ycube/GlobusSatProject/..//hal/freertos/lib\libFreeRTOSD.a(queue.o)
                0x20026a8c                xQueueGenericSendFromISR
 .text.xQueueGenericReceive