Archive member included because of file (symbol)

C:/ISIS/workspace/ycube/GlobusSatProject/..//hal/hal/lib\libHALD.a(SPI.o)
                              ./src/InitSystem.o (SPI_start)
C:/ISIS/workspace/ycube/GlobusSatProject/..//hal/hal/lib\libHALD.a(I2C.o)
                              ./src/SubSystemModules/Communication/SubsystemCommands/Maintanence_Commands.o (I2C_write)
C:/ISIS/workspace/ycube/GlobusSatProject/..//hal/hal/lib\libHALD.a(ADC.o)
                              ./src/SubSystemModules/Housekepping/TelemetryCollector.o (ADC_ConvertRaw10bitToMillivolt)
C:/ISIS/workspace/ycube/GlobusSatProject/..//hal/hal/lib\libHALD.a(FRAM.o)
                              ./src/SubSystemModules/Communication/SubsystemCommands/Maintanence_Commands.o (FRAM_start)
C:/ISIS/workspace/ycube/GlobusSatProject/..//hal/hal/lib\libHALD.a(Time.o)
                              ./src/InitSystem.o (Time_start)
C:/ISIS/workspace/ycube/GlobusSatProject/..//hal/hal/lib\libHALD.a(WatchDogTimerNoOS.o)
                              ./src/main.o (WDT_start)
C:/ISIS/workspace/ycube/GlobusSatProject/..//hal/hal/lib\libHALD.a(RTT.o)
                              C:/ISIS/workspace/ycube/GlobusSatProject/..//hal/hal/lib\libHALD.a(Time.o) (RTT_start)
C:/ISIS/workspace/ycube/GlobusSatProject/..//hal/hal/lib\libHALD.a(RTC.o)
                              C:/ISIS/workspace/ycube/GlobusSatProject/..//hal/hal/lib\libHALD.a(Time.o) (RTC_getTime)
C:/ISIS/workspace/ycube/GlobusSatProject/..//hal/hal/lib\libHALD.a(WatchDogTimerOS.o)
                              ./src/TestingDemos/MainTest.o (WDT_startWatchdogKickTask)
C:/ISIS/workspace/ycube/GlobusSatProject/..//hal/hal/lib\libHALD.a(fprintf.o)
                              ./src/TLM_management.o (f_puts)
C:/ISIS/workspace/ycube/GlobusSatProject/..//hal/hal/lib\libHALD.a(util.o)
                              ./src/TestingDemos/EpsTestingDemo.o (UTIL_DbguGetInteger)
C:/ISIS/workspace/ycube/GlobusSatProject/..//hal/hal/lib\libHALD.a(LED.o)
                              C:/ISIS/workspace/ycube/GlobusSatProject/..//hal/hal/lib\libHALD.a(WatchDogTimerOS.o) (LED_toggle)
C:/ISIS/workspace/ycube/GlobusSatProject/..//hal/hcc/lib\libHCCD.a(fat_m.o)
                              ./src/TLM_management.o (fm_initvolume)
C:/ISIS/workspace/ycube/GlobusSatProject/..//hal/hcc/lib\libHCCD.a(fat.o)
                              C:/ISIS/workspace/ycube/GlobusSatProject/..//hal/hcc/lib\libHCCD.a(fat_m.o) (fn_getdcwd)
C:/ISIS/workspace/ycube/GlobusSatProject/..//hal/hcc/lib\libHCCD.a(fat_common.o)
                              C:/ISIS/workspace/ycube/GlobusSatProject/..//hal/hcc/lib\libHCCD.a(fat.o) (p_filesystem)
C:/ISIS/workspace/ycube/GlobusSatProject/..//hal/hcc/lib\libHCCD.a(safefat.o)
                              C:/ISIS/workspace/ycube/GlobusSatProject/..//hal/hcc/lib\libHCCD.a(fat.o) (s_subdir)
C:/ISIS/workspace/ycube/GlobusSatProject/..//hal/hcc/lib\libHCCD.a(atmel_mcipdc.o)
                              ./src/TLM_management.o (atmel_mcipdc_initfunc)
C:/ISIS/workspace/ycube/GlobusSatProject/..//hal/hcc/lib\libHCCD.a(oalp_task.o)
                              C:/ISIS/workspace/ycube/GlobusSatProject/..//hal/hcc/lib\libHCCD.a(fat_common.o) (oal_task_get_id)
C:/ISIS/workspace/ycube/GlobusSatProject/..//hal/hcc/lib\libHCCD.a(oalp_mutex.o)
                              C:/ISIS/workspace/ycube/GlobusSatProject/..//hal/hcc/lib\libHCCD.a(fat_common.o) (oal_mutex_create)
C:/ISIS/workspace/ycube/GlobusSatProject/..//hal/hcc/lib\libHCCD.a(atmel_mcipdc_hw.o)
                              C:/ISIS/workspace/ycube/GlobusSatProject/..//hal/hcc/lib\libHCCD.a(atmel_mcipdc.o) (mcipdc_hw_init)
C:/ISIS/workspace/ycube/GlobusSatProject/..//hal/hcc/lib\libHCCD.a(psp_rand.o)
                              C:/ISIS/workspace/ycube/GlobusSatProject/..//hal/hcc/lib\libHCCD.a(fat_common.o) (psp_getrand)
C:/ISIS/workspace/ycube/GlobusSatProject/..//hal/hcc/lib\libHCCD.a(psp_rtc.o)
                              C:/ISIS/workspace/ycube/GlobusSatProject/..//hal/hcc/lib\libHCCD.a(fat_common.o) (psp_getcurrenttimedate)
C:/ISIS/workspace/ycube/GlobusSatProject/..//hal/hcc/lib\libHCCD.a(hcc_mem.o)
                              C:/ISIS/workspace/ycube/GlobusSatProject/..//hal/hcc/lib\libHCCD.a(atmel_mcipdc.o) (hcc_mem_alloc)
C:/ISIS/workspace/ycube/GlobusSatProject/..//hal/hcc/lib\libHCCD.a(psp_hcc_mem.o)
                              C:/ISIS/workspace/ycube/GlobusSatProject/..//hal/hcc/lib\libHCCD.a(hcc_mem.o) (hcc_mem_buf_alloc)
C:/ISIS/workspace/ycube/GlobusSatProject/..//satellite-subsystems/satellite-subsystems/lib\libSatelliteSubsystemsD.a(IsisAntS.o)
                              ./src/SubSystemModules/Communication/TRXVU.o (IsisAntS_initialize)
C:/ISIS/workspace/ycube/GlobusSatProject/..//satellite-subsystems/satellite-subsystems/lib\libSatelliteSubsystemsD.a(IsisTRXVU.o)
                              ./src/TestingDemos/TrxvuTestingDemo.o (IsisTrxvu_initialize)
[...]
Memory Configuration

Name             Origin             Length             Attributes
sram0            0x00200000         0x00004000         w !xr
sram1            0x00300000         0x00004000         w !xr
sdram            0x20000000         0x02000000         w !xr
*default*        0x00000000         0xffffffff

Linker script and memory map

LOAD c:/isis/application/toolchain/bin/../lib/gcc/arm-none-eabi/4.7.4/../../../../arm-none-eabi/lib\libc.a
LOAD ./src/TestingDemos/CommandsTestingDemo.o
LOAD ./src/TestingDemos/EpsTestingDemo.o
LOAD ./src/TestingDemos/FileSystemTestingDemo.o
LOAD ./src/TestingDemos/MainTest.o
LOAD ./src/TestingDemos/MaintenanceTestingDemo.o
LOAD ./src/TestingDemos/TelemetryTestingDemo.o
LOAD ./src/TestingDemos/TrxvuTestingDemo.o
LOAD ./src/SubSystemModules/PowerManagment/EPS.o
LOAD ./src/SubSystemModules/PowerManagment/EPSOperationModes.o
LOAD ./src/SubSystemModules/Maintenance/Maintenance.o
LOAD ./src/SubSystemModules/Housekepping/TelemetryCollector.o
LOAD ./src/SubSystemModules/Communication/SubsystemCommands/EPS_Commands.o
LOAD ./src/SubSystemModules/Communication/SubsystemCommands/FS_Commands.o
LOAD ./src/SubSystemModules/Communication/SubsystemCommands/Maintanence_Commands.o
LOAD ./src/SubSystemModules/Communication/SubsystemCommands/TRXVU_Commands.o
LOAD ./src/SubSystemModules/Communication/AckHandler.o
LOAD ./src/SubSystemModules/Communication/CommandDictionary.o
LOAD ./src/SubSystemModules/Communication/SatCommandHandler.o
LOAD ./src/SubSystemModules/Communication/TRXVU.o
LOAD ./src/InitSystem.o
LOAD ./src/TLM_management.o
LOAD ./src/main.o
LOAD ./src/utils.o
LOAD C:/ISIS/workspace/ycube/GlobusSatProject/..//hal/hal/lib\libHALD.a
LOAD C:/ISIS/workspace/ycube/GlobusSatProject/..//hal/hcc/lib\libHCCD.a
LOAD C:/ISIS/workspace/ycube/GlobusSatProject/..//satellite-subsystems/satellite-subsystems/lib\libSatelliteSubsystemsD.a
LOAD C:/ISIS/workspace/ycube/GlobusSatProject/..//hal/freertos/lib\libFreeRTOSD.a
LOAD C:/ISIS/workspace/ycube/GlobusSatProject/..//hal/at91/lib\libAt91D.a
START GROUP
LOAD c:/isis/application/toolchain/bin/../lib/gcc/arm-none-eabi/4.7.4\libgcc.a
LOAD c:/isis/application/toolchain/bin/../lib/gcc/arm-none-eabi/4.7.4/../../../../arm-none-eabi/lib\libg.a
LOAD c:/isis/application/toolchain/bin/../lib/gcc/arm-none-eabi/4.7.4/../../../../arm-none-eabi/lib\libc.a
END GROUP

.fixed          0x20000000    0x4a734
                0x20000000                . = ALIGN (0x4)
                0x20000000                _sfixed = .
 *(.startup)
 .startup       0x20000000      0x184 C:/ISIS/workspace/ycube/GlobusSatProject/..//hal/at91/lib\libAt91D.a(board_cstartup.o)
                0x20000000                entry
 *(.text)
 .text          0x20000184       0x64 C:/ISIS/workspace/ycube/GlobusSatProject/..//hal/at91/lib\libAt91D.a(cp15_asm.o)
                0x20000184                _readControlRegister
                0x20000190                _writeControlRegister
                0x20000198                _waitForInterrupt
                0x200001a4                _writeTTB
                0x200001ac                _writeDomain
                0x200001b4                _writeITLBLockdown
                0x200001bc                _prefetchICacheLine
                0x200001c4                _flushDCache
                0x200001d0                _flushWriteBuffer
                0x200001dc                _invalidateIDTLBs
 .text          0x200001e8      0x114 c:/isis/application/toolchain/bin/../lib/gcc/arm-none-eabi/4.7.4\libgcc.a(_udivsi3.o)
                0x200001e8                __aeabi_uidiv
                0x200001e8                __udivsi3
                0x200002dc                __aeabi_uidivmod
 .text          0x200002fc      0x148 c:/isis/application/toolchain/bin/../lib/gcc/arm-none-eabi/4.7.4\libgcc.a(_divsi3.o)
                0x200002fc                __divsi3
                0x200002fc                __aeabi_idiv
                0x20000424                __aeabi_idivmod
 .text          0x20000444        0x4 c:/isis/application/toolchain/bin/../lib/gcc/arm-none-eabi/4.7.4\libgcc.a(_dvmd_tls.o)
                0x20000444                __aeabi_idiv0
                0x20000444                __aeabi_ldiv0
 .text          0x20000448      0x41c c:/isis/application/toolchain/bin/../lib/gcc/arm-none-eabi/4.7.4\libgcc.a(_arm_addsubdf3.o)
                0x20000448                __aeabi_drsub
                0x20000450                __aeabi_dsub
                0x20000450                __subdf3
                0x20000454                __aeabi_dadd
                0x20000454                __adddf3
                0x20000764                __floatunsidf
                0x20000764                __aeabi_ui2d
                0x20000788                __floatsidf
                0x20000788                __aeabi_i2d
                0x200007b0                __aeabi_f2d
                0x200007b0                __extendsfdf2
                0x200007f0                __floatundidf
                0x200007f0                __aeabi_ul2d
                0x20000804                __floatdidf
                0x20000804                __aeabi_l2d
 .text          0x20000864      0x49c c:/isis/application/toolchain/bin/../lib/gcc/arm-none-eabi/4.7.4\libgcc.a(_arm_muldivdf3.o)
                0x20000864                __aeabi_dmul
                0x20000864                __muldf3
                0x20000af4                __divdf3
                0x20000af4                __aeabi_ddiv
 .text          0x20000d00       0xa0 c:/isis/application/toolchain/bin/../lib/gcc/arm-none-eabi/4.7.4\libgcc.a(_arm_truncdfsf2.o)
                0x20000d00                __truncdfsf2
                0x20000d00                __aeabi_d2f
 .text          0x20000da0      0x2ac c:/isis/application/toolchain/bin/../lib/gcc/arm-none-eabi/4.7.4\libgcc.a(_arm_addsubsf3.o)
                0x20000da0                __aeabi_frsub
                0x20000da8                __subsf3
                0x20000da8                __aeabi_fsub
                0x20000dac                __aeabi_fadd
                0x20000dac                __addsf3
                0x20000f68                __aeabi_ui2f
                0x20000f68                __floatunsisf
                0x20000f70                __aeabi_i2f
                0x20000f70                __floatsisf
                0x20000f90                __aeabi_ul2f
                0x20000f90                __floatundisf
                0x20000fa0                __aeabi_l2f
                0x20000fa0                __floatdisf
 .text          0x2000104c      0x2f8 c:/isis/application/toolchain/bin/../lib/gcc/arm-none-eabi/4.7.4\libgcc.a(_arm_muldivsf3.o)
                0x2000104c                __mulsf3
                0x2000104c                __aeabi_fmul
                0x200011e4                __aeabi_fdiv
                0x200011e4                __divsf3
 .text          0x20001344      0x114 c:/isis/application/toolchain/bin/../lib/gcc/arm-none-eabi/4.7.4\libgcc.a(_arm_cmpsf2.o)
                0x20001344                __gesf2
                0x20001344                __gtsf2
                0x2000134c                __lesf2
                0x2000134c                __ltsf2
                0x20001354                __nesf2
                0x20001354                __eqsf2
                0x20001354                __cmpsf2
                0x200013b8                __aeabi_cfrcmple
                0x200013c8                __aeabi_cfcmpeq
                0x200013c8                __aeabi_cfcmple
                0x200013e0                __aeabi_fcmpeq
                0x200013f8                __aeabi_fcmplt
                0x20001410                __aeabi_fcmple
                0x20001428                __aeabi_fcmpge
                0x20001440                __aeabi_fcmpgt
 .text          0x20001458       0x54 c:/isis/application/toolchain/bin/../lib/gcc/arm-none-eabi/4.7.4\libgcc.a(_arm_fixunssfsi.o)
                0x20001458                __fixunssfsi
                0x20001458                __aeabi_f2uiz
 .text          0x200014ac      0x144 c:/isis/application/toolchain/bin/../lib/gcc/arm-none-eabi/4.7.4\libgcc.a(_arm_cmpdf2.o)
                0x200014ac                __gtdf2
                0x200014ac                __gedf2
                0x200014b4                __ltdf2
                0x200014b4                __ledf2
                0x200014bc                __nedf2
                0x200014bc                __eqdf2
                0x200014bc                __cmpdf2
                0x20001544                __aeabi_cdrcmple
                0x20001560                __aeabi_cdcmpeq
                0x20001560                __aeabi_cdcmple
                0x20001578                __aeabi_dcmpeq
                0x20001590                __aeabi_dcmplt
                0x200015a8                __aeabi_dcmple
                0x200015c0                __aeabi_dcmpge
                0x200015d8                __aeabi_dcmpgt
 .text          0x200015f0       0x5c c:/isis/application/toolchain/bin/../lib/gcc/arm-none-eabi/4.7.4\libgcc.a(_arm_fixdfsi.o)
                0x200015f0                __aeabi_d2iz
                0x200015f0                __fixdfsi
 .text          0x2000164c       0x54 c:/isis/application/toolchain/bin/../lib/gcc/arm-none-eabi/4.7.4\libgcc.a(_arm_fixunsdfsi.o)
                0x2000164c                __aeabi_d2uiz
                0x2000164c                __fixunsdfsi
 .text          0x200016a0       0x3c c:/isis/application/toolchain/bin/../lib/gcc/arm-none-eabi/4.7.4\libgcc.a(_aeabi_uldivmod.o)
                0x200016a0                __aeabi_uldivmod
 .text          0x200016dc       0x84 c:/isis/application/toolchain/bin/../lib/gcc/arm-none-eabi/4.7.4\libgcc.a(bpabi.o)
                0x200016dc                __gnu_ldivmod_helper
                0x20001720                __gnu_uldivmod_helper
 .text          0x20001760      0x4f0 c:/isis/application/toolchain/bin/../lib/gcc/arm-none-eabi/4.7.4\libgcc.a(_divdi3.o)
                0x20001760                __divdi3
 .text          0x20001c50      0x488 c:/isis/application/toolchain/bin/../lib/gcc/arm-none-eabi/4.7.4\libgcc.a(_udivdi3.o)
                0x20001c50                __udivdi3
 .text          0x200020d8       0x48 c:/isis/application/toolchain/bin/../lib/gcc/arm-none-eabi/4.7.4\libgcc.a(_clzsi2.o)
                0x200020d8                __clzsi2
 *(.text*)
 .text.TestActUponCommand
                0x20002120      0x114 ./src/TestingDemos/CommandsTestingDemo.o
                0x20002120                TestActUponCommand
 .text.TestAssmbleCommand
                0x20002234      0x134 ./src/TestingDemos/CommandsTestingDemo.o
                0x20002234                TestAssmbleCommand
 .text.TestGetDelayedCommand
                0x20002368       0xa0 ./src/TestingDemos/CommandsTestingDemo.o
                0x20002368                TestGetDelayedCommand
 .text.TestAddDelayedCommand
                0x20002408       0xbc ./src/TestingDemos/CommandsTestingDemo.o
                0x20002408                TestAddDelayedCommand
 .text.TestGetDelayedCommandBufferCount
                0x200024c4       0x54 ./src/TestingDemos/CommandsTestingDemo.o
                0x200024c4                TestGetDelayedCommandBufferCount
 .text.TestGetOnlineCommand
                0x20002518       0xc8 ./src/TestingDemos/CommandsTestingDemo.o
                0x20002518                TestGetOnlineCommand
 .text.TestDeleteDelayedCommandByIndex
                0x200025e0      0x1c0 ./src/TestingDemos/CommandsTestingDemo.o
                0x200025e0                TestDeleteDelayedCommandByIndex
 .text.TestDeleteDelayedBuffer
                0x200027a0      0x140 ./src/TestingDemos/CommandsTestingDemo.o
                0x200027a0                TestDeleteDelayedBuffer
 .text.selectAndExecuteCommandsDemoTest
                0x200028e0      0x174 ./src/TestingDemos/CommandsTestingDemo.o
                0x200028e0                selectAndExecuteCommandsDemoTest
 .text.MainCommandsTestBench
                0x20002a54       0x44 ./src/TestingDemos/CommandsTestingDemo.o
                0x20002a54                MainCommandsTestBench
 .text.TestEpsConditioning
                0x20002a98      0x1e8 ./src/TestingDemos/EpsTestingDemo.o
                0x20002a98                TestEpsConditioning
 .text.TestGetBatteryVoltage
                0x20002c80       0x64 ./src/TestingDemos/EpsTestingDemo.o
                0x20002c80                TestGetBatteryVoltage
 .text.TestUpdateThreshVoltages
                0x20002ce4      0x170 ./src/TestingDemos/EpsTestingDemo.o
                0x20002ce4                TestUpdateThreshVoltages
 .text.TestGetThreshVoltages
                0x20002e54       0xb0 ./src/TestingDemos/EpsTestingDemo.o
                0x20002e54                TestGetThreshVoltages
 .text.TestUpdateAlpha
                0x20002f04       0xc0 ./src/TestingDemos/EpsTestingDemo.o
                0x20002f04                TestUpdateAlpha
 .text.TestGetAlpha
                0x20002fc4       0x78 ./src/TestingDemos/EpsTestingDemo.o
                0x20002fc4                TestGetAlpha
 .text.TestRestoreDefaultAlpha
                0x2000303c       0xf4 ./src/TestingDemos/EpsTestingDemo.o
                0x2000303c                TestRestoreDefaultAlpha
 .text.TestRestoreDefaultThresholdVoltages
                0x20003130      0x154 ./src/TestingDemos/EpsTestingDemo.o
                0x20003130                TestRestoreDefaultThresholdVoltages
 .text.GetHeaterValues
                0x20003284       0xb0 ./src/TestingDemos/EpsTestingDemo.o
                0x20003284                GetHeaterValues
 .text.SetHeaterValues
                0x20003334      0x104 ./src/TestingDemos/EpsTestingDemo.o
                0x20003334                SetHeaterValues
 .text.selectAndExecuteEpsDemoTest
                0x20003438      0x1b0 ./src/TestingDemos/EpsTestingDemo.o
                0x20003438                selectAndExecuteEpsDemoTest
 .text.MainEpsTestBench
                0x200035e8       0x40 ./src/TestingDemos/EpsTestingDemo.o
                0x200035e8                MainEpsTestBench
 .text.TestListFiles
                0x20003628      0x198 ./src/TestingDemos/FileSystemTestingDemo.o
                0x20003628                TestListFiles
 .text.TestListAllFiles
                0x200037c0      0x134 ./src/TestingDemos/FileSystemTestingDemo.o
                0x200037c0                TestListAllFiles
 .text.TestLOGTLM
                0x200038f4      0x110 ./src/TestingDemos/FileSystemTestingDemo.o
                0x200038f4                TestLOGTLM
 .text.TestEPSTLM
                0x20003a04       0xa8 ./src/TestingDemos/FileSystemTestingDemo.o
                0x20003a04                TestEPSTLM
 .text.TestReadTimeRangeTLMRes
                0x20003aac      0x210 ./src/TestingDemos/FileSystemTestingDemo.o
                0x20003aac                TestReadTimeRangeTLMRes
 .text.TestReadTimeRangeTLM
                0x20003cbc      0x178 ./src/TestingDemos/FileSystemTestingDemo.o
                0x20003cbc                TestReadTimeRangeTLM
 .text.GenerateWODTLM
                0x20003e34       0xd0 ./src/TestingDemos/FileSystemTestingDemo.o
                0x20003e34                GenerateWODTLM
 .text.DeleteOldFiles
                0x20003f04      0x148 ./src/TestingDemos/FileSystemTestingDemo.o
                0x20003f04                DeleteOldFiles
 .text.createSingleDayTLM
                0x2000404c       0xa8 ./src/TestingDemos/FileSystemTestingDemo.o
                0x2000404c                createSingleDayTLM
 .text.printLastError
                0x200040f4       0x38 ./src/TestingDemos/FileSystemTestingDemo.o
                0x200040f4                printLastError
 .text.copyTLMFile
                0x2000412c      0x2ac ./src/TestingDemos/FileSystemTestingDemo.o
                0x2000412c                copyTLMFile
 .text.TestWODTLM
                0x200043d8       0xa8 ./src/TestingDemos/FileSystemTestingDemo.o
                0x200043d8                TestWODTLM
 .text.TestDeleteFiels
                0x20004480      0x2b8 ./src/TestingDemos/FileSystemTestingDemo.o
                0x20004480                TestDeleteFiels
 .text.TestReadMultiFiels
                0x20004738      0x2ac ./src/TestingDemos/FileSystemTestingDemo.o
                0x20004738                TestReadMultiFiels
 .text.TestTRXVUTLM
                0x200049e4      0x11c ./src/TestingDemos/FileSystemTestingDemo.o
                0x200049e4                TestTRXVUTLM
 .text.FullSDTest
                0x20004b00      0x1a0 ./src/TestingDemos/FileSystemTestingDemo.o
                0x20004b00                FullSDTest
 .text.LogErrorRateTest
                0x20004ca0      0x148 ./src/TestingDemos/FileSystemTestingDemo.o
                0x20004ca0                LogErrorRateTest
 .text.deleteMonth
                0x20004de8       0x78 ./src/TestingDemos/FileSystemTestingDemo.o
                0x20004de8                deleteMonth
 .text.deleteYear
                0x20004e60       0xb0 ./src/TestingDemos/FileSystemTestingDemo.o
                0x20004e60                deleteYear
 .text.readFileTest
                0x20004f10       0x88 ./src/TestingDemos/FileSystemTestingDemo.o
                0x20004f10                readFileTest
 .text.writeFileOnScreen
                0x20004f98       0xcc ./src/TestingDemos/FileSystemTestingDemo.o
                0x20004f98                writeFileOnScreen
 .text.GetExtraData
                0x20005064       0x4c ./src/TestingDemos/FileSystemTestingDemo.o
                0x20005064                GetExtraData
 .text.showFreeSapce
                0x200050b0      0x110 ./src/TestingDemos/FileSystemTestingDemo.o
                0x200050b0                showFreeSapce
 .text.SwitchSDCardTest
                0x200051c0       0x98 ./src/TestingDemos/FileSystemTestingDemo.o
                0x200051c0                SwitchSDCardTest
 .text.FormatSDTest
                0x20005258       0x9c ./src/TestingDemos/FileSystemTestingDemo.o
                0x20005258                FormatSDTest
 .text.showFreeSapceHeap
                0x200052f4       0x38 ./src/TestingDemos/FileSystemTestingDemo.o
                0x200052f4                showFreeSapceHeap
 .text.selectAndExecuteFSTest
                0x2000532c      0x318 ./src/TestingDemos/FileSystemTestingDemo.o
                0x2000532c                selectAndExecuteFSTest
 .text.MainFileSystemTestBench
                0x20005644       0x44 ./src/TestingDemos/FileSystemTestingDemo.o
                0x20005644                MainFileSystemTestBench
 .text.selectAndExecuteTest
                0x20005688      0x168 ./src/TestingDemos/MainTest.o
                0x20005688                selectAndExecuteTest
 .text.taskTesting
                0x200057f0       0x28 ./src/TestingDemos/MainTest.o
                0x200057f0                taskTesting
 .text.printSDINfo
                0x20005818       0x84 ./src/TestingDemos/MaintenanceTestingDemo.o
                0x20005818                printSDINfo
 .text.changeFirstActivation
                0x2000589c       0x84 ./src/TestingDemos/MaintenanceTestingDemo.o
                0x2000589c                changeFirstActivation
 .text.selectAndExecuteMaintenanceDemoTest
                0x20005920      0x19c ./src/TestingDemos/MaintenanceTestingDemo.o
                0x20005920                selectAndExecuteMaintenanceDemoTest
 .text.MainMaintenanceTestBench
                0x20005abc       0x40 ./src/TestingDemos/MaintenanceTestingDemo.o
                0x20005abc                MainMaintenanceTestBench
 .text.savePacketsInRam
                0x20005afc      0x104 ./src/TestingDemos/TelemetryTestingDemo.o
                0x20005afc                savePacketsInRam
 .text.checkPacket
                0x20005c00       0xa4 ./src/TestingDemos/TelemetryTestingDemo.o
                0x20005c00                checkPacket
 .text.singleTlmWodTest
                0x20005ca4       0xa0 ./src/TestingDemos/TelemetryTestingDemo.o
                0x20005ca4                singleTlmWodTest
 .text.singleTLMLogTest
                0x20005d44       0xb8 ./src/TestingDemos/TelemetryTestingDemo.o
                0x20005d44                singleTLMLogTest
 .text.singleTlmLogTestHelp
                0x20005dfc       0x4c ./src/TestingDemos/TelemetryTestingDemo.o
                0x20005dfc                singleTlmLogTestHelp
 .text.saveNGetMultipleTlmTest
                0x20005e48      0x228 ./src/TestingDemos/TelemetryTestingDemo.o
                0x20005e48                saveNGetMultipleTlmTest
 .text.getWodMinMaxTest
                0x20006070      0x130 ./src/TestingDemos/TelemetryTestingDemo.o
                0x20006070                getWodMinMaxTest
 .text.tlmTest  0x200061a0      0x198 ./src/TestingDemos/TelemetryTestingDemo.o
                0x200061a0                tlmTest
 .text.MainTelemetryTestBench
                0x20006338       0xec ./src/TestingDemos/TelemetryTestingDemo.o
                0x20006338                MainTelemetryTestBench
 .text.TestInitTrxvu
                0x20006424       0x54 ./src/TestingDemos/TrxvuTestingDemo.o
                0x20006424                TestInitTrxvu
 .text.TestInitTrxvuWithDifferentFrameLengths
                0x20006478      0x134 ./src/TestingDemos/TrxvuTestingDemo.o
                0x20006478                TestInitTrxvuWithDifferentFrameLengths
 .text.TestTrxvuLogic
                0x200065ac       0xd4 ./src/TestingDemos/TrxvuTestingDemo.o
                0x200065ac                TestTrxvuLogic
 .text.TestCheckTransmitionAllowed
                0x20006680       0xa4 ./src/TestingDemos/TrxvuTestingDemo.o
                0x20006680                TestCheckTransmitionAllowed
 .text.TestLoopSPL
                0x20006724       0xc4 ./src/TestingDemos/TrxvuTestingDemo.o
                0x20006724                TestLoopSPL
 .text.TestSendDumpAbortRequest
                0x200067e8       0x24 ./src/TestingDemos/TrxvuTestingDemo.o
                0x200067e8                TestSendDumpAbortRequest
 .text.TestTransmitDummySplPacket
                0x2000680c       0xc0 ./src/TestingDemos/TrxvuTestingDemo.o
                0x2000680c                TestTransmitDummySplPacket
 .text.TestTransmitSplPacket
                0x200068cc      0x1ec ./src/TestingDemos/TrxvuTestingDemo.o
                0x200068cc                TestTransmitSplPacket
 .text.TestExitDump
                0x20006ab8       0x1c ./src/TestingDemos/TrxvuTestingDemo.o
                0x20006ab8                TestExitDump
 .text.TestDumpTelemetry
                0x20006ad4       0x9c ./src/TestingDemos/TrxvuTestingDemo.o
                0x20006ad4                TestDumpTelemetry
 .text.TestRestoreDefaultBeaconParameters
                0x20006b70       0x1c ./src/TestingDemos/TrxvuTestingDemo.o
                0x20006b70                TestRestoreDefaultBeaconParameters
 .text.TestChooseDefaultBeaconCycle
                0x20006b8c       0xe0 ./src/TestingDemos/TrxvuTestingDemo.o
                0x20006b8c                TestChooseDefaultBeaconCycle
 .text.TestBeaconLogic
                0x20006c6c       0xdc ./src/TestingDemos/TrxvuTestingDemo.o
                0x20006c6c                TestBeaconLogic
 .text.TestMuteTrxvu
                0x20006d48       0x9c ./src/TestingDemos/TrxvuTestingDemo.o
                0x20006d48                TestMuteTrxvu
 .text.TestUnMuteTrxvu
                0x20006de4       0x30 ./src/TestingDemos/TrxvuTestingDemo.o
                0x20006de4                TestUnMuteTrxvu
 .text.TestGetNumberOfFramesInBuffer
                0x20006e14       0x54 ./src/TestingDemos/TrxvuTestingDemo.o
                0x20006e14                TestGetNumberOfFramesInBuffer
 .text.TestSetTrxvuBitrate
                0x20006e68       0xf0 ./src/TestingDemos/TrxvuTestingDemo.o
                0x20006e68                TestSetTrxvuBitrate
 .text.TestGetTrxvuBitrate
                0x20006f58       0xb0 ./src/TestingDemos/TrxvuTestingDemo.o
                0x20006f58                TestGetTrxvuBitrate
 .text.TestTransmitDataAsSPL_Packet
                0x20007008      0x114 ./src/TestingDemos/TrxvuTestingDemo.o
                0x20007008                TestTransmitDataAsSPL_Packet
 .text.selectAndExecuteTrxvuDemoTest
                0x2000711c      0x2ac ./src/TestingDemos/TrxvuTestingDemo.o
                0x2000711c                selectAndExecuteTrxvuDemoTest
 .text.MainTrxvuTestBench
                0x200073c8       0x44 ./src/TestingDemos/TrxvuTestingDemo.o
                0x200073c8                MainTrxvuTestBench
 .text.GetBatteryVoltage
                0x2000740c       0x38 ./src/SubSystemModules/PowerManagment/EPS.o
                0x2000740c                GetBatteryVoltage
 .text.EPS_Init
                0x20007444       0xb8 ./src/SubSystemModules/PowerManagment/EPS.o
                0x20007444                EPS_Init
 .text.EPS_Conditioning
                0x200074fc      0x1c4 ./src/SubSystemModules/PowerManagment/EPS.o
                0x200074fc                EPS_Conditioning
 .text.UpdateAlpha
                0x200076c0       0xd8 ./src/SubSystemModules/PowerManagment/EPS.o
                0x200076c0                UpdateAlpha
 .text.UpdateThresholdVoltages
                0x20007798      0x218 ./src/SubSystemModules/PowerManagment/EPS.o
                0x20007798                UpdateThresholdVoltages
 .text.GetThresholdVoltages
                0x200079b0       0x80 ./src/SubSystemModules/PowerManagment/EPS.o
                0x200079b0                GetThresholdVoltages
 .text.GetAlpha
                0x20007a30       0x7c ./src/SubSystemModules/PowerManagment/EPS.o
                0x20007a30                GetAlpha
 .text.RestoreDefaultThresholdVoltages
                0x20007aac       0x74 ./src/SubSystemModules/PowerManagment/EPS.o
                0x20007aac                RestoreDefaultThresholdVoltages
 .text.CMDGetHeaterValues
                0x20007b20       0x24 ./src/SubSystemModules/PowerManagment/EPS.o
                0x20007b20                CMDGetHeaterValues
 .text.CMDSetHeaterValues
                0x20007b44       0x58 ./src/SubSystemModules/PowerManagment/EPS.o
                0x20007b44                CMDSetHeaterValues
 .text.EnterFullMode
                0x20007b9c       0x44 ./src/SubSystemModules/PowerManagment/EPSOperationModes.o
                0x20007b9c                EnterFullMode
 .text.EnterCruiseMode
                0x20007be0       0x40 ./src/SubSystemModules/PowerManagment/EPSOperationModes.o
                0x20007be0                EnterCruiseMode
 .text.EnterSafeMode
                0x20007c20       0x44 ./src/SubSystemModules/PowerManagment/EPSOperationModes.o
                0x20007c20                EnterSafeMode
 .text.EnterCriticalMode
                0x20007c64       0x44 ./src/SubSystemModules/PowerManagment/EPSOperationModes.o
                0x20007c64                EnterCriticalMode
 .text.GetSystemState
                0x20007ca8       0x24 ./src/SubSystemModules/PowerManagment/EPSOperationModes.o
                0x20007ca8                GetSystemState
 .text.GetSystemChannelState
                0x20007ccc       0x24 ./src/SubSystemModules/PowerManagment/EPSOperationModes.o
                0x20007ccc                GetSystemChannelState
 .text.EpsGetLowVoltageFlag
                0x20007cf0       0x24 ./src/SubSystemModules/PowerManagment/EPSOperationModes.o
                0x20007cf0                EpsGetLowVoltageFlag
 .text.EpsSetLowVoltageFlag
                0x20007d14       0x2c ./src/SubSystemModules/PowerManagment/EPSOperationModes.o
                0x20007d14                EpsSetLowVoltageFlag
 .text.CheckExecutionTime
                0x20007d40       0x80 ./src/SubSystemModules/Maintenance/Maintenance.o
                0x20007d40                CheckExecutionTime
 .text.SaveSatTimeInFRAM
                0x20007dc0       0x44 ./src/SubSystemModules/Maintenance/Maintenance.o
                0x20007dc0                SaveSatTimeInFRAM
 .text.WakeupFromResetCMD
                0x20007e04      0x120 ./src/SubSystemModules/Maintenance/Maintenance.o
                0x20007e04                WakeupFromResetCMD
 .text.ResetGroundCommWDT
                0x20007f24       0x1c ./src/SubSystemModules/Maintenance/Maintenance.o
                0x20007f24                ResetGroundCommWDT
 .text.findMinMaxDate
                0x20007f40       0xdc ./src/SubSystemModules/Maintenance/Maintenance.o
                0x20007f40                findMinMaxDate
 .text.DeleteOldFiels
                0x2000801c       0xf0 ./src/SubSystemModules/Maintenance/Maintenance.o
                0x2000801c                DeleteOldFiels
 .text.HardResetMCU
                0x2000810c       0x24 ./src/SubSystemModules/Maintenance/Maintenance.o
                0x2000810c                HardResetMCU
 .text.InitSavePeriodTimes
                0x20008130       0x78 ./src/SubSystemModules/Housekepping/TelemetryCollector.o
                0x20008130                InitSavePeriodTimes
 .text.CMD_GetTLMPeriodTimes
                0x200081a8       0x38 ./src/SubSystemModules/Housekepping/TelemetryCollector.o
                0x200081a8                CMD_GetTLMPeriodTimes
 .text.CMD_SetTLMPeriodTimes
                0x200081e0      0x17c ./src/SubSystemModules/Housekepping/TelemetryCollector.o
                0x200081e0                CMD_SetTLMPeriodTimes
 .text.TelemetryCollectorLogic
                0x2000835c      0x208 ./src/SubSystemModules/Housekepping/TelemetryCollector.o
                0x2000835c                TelemetryCollectorLogic
 .text.TelemetrySaveEPS
                0x20008564       0x18 ./src/SubSystemModules/Housekepping/TelemetryCollector.o
                0x20008564                TelemetrySaveEPS
 .text.TelemetrySaveTRXVU
                0x2000857c       0x94 ./src/SubSystemModules/Housekepping/TelemetryCollector.o
                0x2000857c                TelemetrySaveTRXVU
 .text.TelemetrySaveANT
                0x20008610       0xa4 ./src/SubSystemModules/Housekepping/TelemetryCollector.o
                0x20008610                TelemetrySaveANT
 .text.TelemetrySaveSolarPanels
                0x200086b4      0x228 ./src/SubSystemModules/Housekepping/TelemetryCollector.o
                0x200086b4                TelemetrySaveSolarPanels
 .text.TelemetrySaveWOD
                0x200088dc       0x48 ./src/SubSystemModules/Housekepping/TelemetryCollector.o
                0x200088dc                TelemetrySaveWOD
 .text.GetCurrentWODTelemetry
                0x20008924      0x74c ./src/SubSystemModules/Housekepping/TelemetryCollector.o
                0x20008924                GetCurrentWODTelemetry
 .text.CMD_EPS_ResetWDT
                0x20009070       0x48 ./src/SubSystemModules/Communication/SubsystemCommands/EPS_Commands.o
                0x20009070                CMD_EPS_ResetWDT
 .text.CMD_DeleteTLM
                0x200090b8      0x1d8 ./src/SubSystemModules/Communication/SubsystemCommands/FS_Commands.o
                0x200090b8                CMD_DeleteTLM
 .text.CMD_DeleteAllFiles
                0x20009290       0x38 ./src/SubSystemModules/Communication/SubsystemCommands/FS_Commands.o
                0x20009290                CMD_DeleteAllFiles
 .text.CMD_GetLastFS_Error
                0x200092c8       0x4c ./src/SubSystemModules/Communication/SubsystemCommands/FS_Commands.o
                0x200092c8                CMD_GetLastFS_Error
 .text.CMD_Get_TLM_Info
                0x20009314      0x118 ./src/SubSystemModules/Communication/SubsystemCommands/FS_Commands.o
                0x20009314                CMD_Get_TLM_Info
 .text.CMD_Switch_SD_Card
                0x2000942c       0xb8 ./src/SubSystemModules/Communication/SubsystemCommands/FS_Commands.o
                0x2000942c                CMD_Switch_SD_Card
 .text.CMD_Format_SD_Card
                0x200094e4       0x80 ./src/SubSystemModules/Communication/SubsystemCommands/FS_Commands.o
                0x200094e4                CMD_Format_SD_Card
 .text.CMD_GenericI2C
                0x20009564      0x144 ./src/SubSystemModules/Communication/SubsystemCommands/Maintanence_Commands.o
                0x20009564                CMD_GenericI2C
 .text.CMD_FRAM_ReadAndTransmitt
                0x200096a8       0xe8 ./src/SubSystemModules/Communication/SubsystemCommands/Maintanence_Commands.o
                0x200096a8                CMD_FRAM_ReadAndTransmitt
 .text.CMD_FRAM_WriteAndTransmitt
                0x20009790      0x11c ./src/SubSystemModules/Communication/SubsystemCommands/Maintanence_Commands.o
                0x20009790                CMD_FRAM_WriteAndTransmitt
 .text.CMD_FRAM_ReStart
                0x200098ac       0x4c ./src/SubSystemModules/Communication/SubsystemCommands/Maintanence_Commands.o
                0x200098ac                CMD_FRAM_ReStart
 .text.CMD_UpdateSatTime
                0x200098f8       0xa4 ./src/SubSystemModules/Communication/SubsystemCommands/Maintanence_Commands.o
                0x200098f8                CMD_UpdateSatTime
 .text.CMD_GetSatUptime
                0x2000999c       0x48 ./src/SubSystemModules/Communication/SubsystemCommands/Maintanence_Commands.o
                0x2000999c                CMD_GetSatUptime
 .text.CMD_ResetComponent
                0x200099e4      0x28c ./src/SubSystemModules/Communication/SubsystemCommands/Maintanence_Commands.o
                0x200099e4                CMD_ResetComponent
 .text.DumpTask
                0x20009c70      0x310 ./src/SubSystemModules/Communication/SubsystemCommands/TRXVU_Commands.o
                0x20009c70                DumpTask
 .text.CMD_AntennaDeploy
                0x20009f80       0xec ./src/SubSystemModules/Communication/SubsystemCommands/TRXVU_Commands.o
                0x20009f80                CMD_AntennaDeploy
 .text.CMD_StartDump
                0x2000a06c      0x224 ./src/SubSystemModules/Communication/SubsystemCommands/TRXVU_Commands.o
                0x2000a06c                CMD_StartDump
 .text.CMD_SendDumpAbortRequest
                0x2000a290       0x38 ./src/SubSystemModules/Communication/SubsystemCommands/TRXVU_Commands.o
                0x2000a290                CMD_SendDumpAbortRequest
 .text.CMD_ForceDumpAbort
                0x2000a2c8       0x3c ./src/SubSystemModules/Communication/SubsystemCommands/TRXVU_Commands.o
                0x2000a2c8                CMD_ForceDumpAbort
 .text.CMD_SetTransponder
                0x2000a304      0x110 ./src/SubSystemModules/Communication/SubsystemCommands/TRXVU_Commands.o
                0x2000a304                CMD_SetTransponder
 .text.CMD_SetRSSITransponder
                0x2000a414       0x90 ./src/SubSystemModules/Communication/SubsystemCommands/TRXVU_Commands.o
                0x2000a414                CMD_SetRSSITransponder
 .text.CMD_MuteTRXVU
                0x2000a4a4       0xc4 ./src/SubSystemModules/Communication/SubsystemCommands/TRXVU_Commands.o
                0x2000a4a4                CMD_MuteTRXVU
 .text.CMD_SetIdleState
                0x2000a568       0x94 ./src/SubSystemModules/Communication/SubsystemCommands/TRXVU_Commands.o
                0x2000a568                CMD_SetIdleState
 .text.CMD_UnMuteTRXVU
                0x2000a5fc       0x38 ./src/SubSystemModules/Communication/SubsystemCommands/TRXVU_Commands.o
                0x2000a5fc                CMD_UnMuteTRXVU
 .text.CMD_GetBaudRate
                0x2000a634       0x68 ./src/SubSystemModules/Communication/SubsystemCommands/TRXVU_Commands.o
                0x2000a634                CMD_GetBaudRate
 .text.CMD_TrasmitBeacon
                0x2000a69c       0x48 ./src/SubSystemModules/Communication/SubsystemCommands/TRXVU_Commands.o
                0x2000a69c                CMD_TrasmitBeacon
 .text.CMD_GetBeaconInterval
                0x2000a6e4       0x6c ./src/SubSystemModules/Communication/SubsystemCommands/TRXVU_Commands.o
                0x2000a6e4                CMD_GetBeaconInterval
 .text.CMD_SetBaudRate
                0x2000a750       0x60 ./src/SubSystemModules/Communication/SubsystemCommands/TRXVU_Commands.o
                0x2000a750                CMD_SetBaudRate
 .text.CMD_GetTxUptime
                0x2000a7b0       0x64 ./src/SubSystemModules/Communication/SubsystemCommands/TRXVU_Commands.o
                0x2000a7b0                CMD_GetTxUptime
 .text.CMD_GetRxUptime
                0x2000a814       0x64 ./src/SubSystemModules/Communication/SubsystemCommands/TRXVU_Commands.o
                0x2000a814                CMD_GetRxUptime
 .text.CMD_GetNumOfOnlineCommands
                0x2000a878       0x64 ./src/SubSystemModules/Communication/SubsystemCommands/TRXVU_Commands.o
                0x2000a878                CMD_GetNumOfOnlineCommands
 .text.CMD_AntSetArmStatus
                0x2000a8dc       0xa0 ./src/SubSystemModules/Communication/SubsystemCommands/TRXVU_Commands.o
                0x2000a8dc                CMD_AntSetArmStatus
 .text.CMD_AntGetArmStatus
                0x2000a97c       0x70 ./src/SubSystemModules/Communication/SubsystemCommands/TRXVU_Commands.o
                0x2000a97c                CMD_AntGetArmStatus
 .text.CMD_AntGetUptime
                0x2000a9ec       0x78 ./src/SubSystemModules/Communication/SubsystemCommands/TRXVU_Commands.o
                0x2000a9ec                CMD_AntGetUptime
 .text.CMD_StopReDeployment
                0x2000aa64       0xac ./src/SubSystemModules/Communication/SubsystemCommands/TRXVU_Commands.o
                0x2000aa64                CMD_StopReDeployment
 .text.CMD_AntCancelDeployment
                0x2000ab10       0x68 ./src/SubSystemModules/Communication/SubsystemCommands/TRXVU_Commands.o
                0x2000ab10                CMD_AntCancelDeployment
 .text.SendAckPacket
                0x2000ab78       0xe4 ./src/SubSystemModules/Communication/AckHandler.o
                0x2000ab78                SendAckPacket
 .text.trxvu_command_router
                0x2000ac5c      0x548 ./src/SubSystemModules/Communication/CommandDictionary.o
                0x2000ac5c                trxvu_command_router
 .text.eps_command_router
                0x2000b1a4       0xdc ./src/SubSystemModules/Communication/CommandDictionary.o
                0x2000b1a4                eps_command_router
 .text.telemetry_command_router
                0x2000b280      0x23c ./src/SubSystemModules/Communication/CommandDictionary.o
                0x2000b280                telemetry_command_router
 .text.managment_command_router
                0x2000b4bc      0x12c ./src/SubSystemModules/Communication/CommandDictionary.o
                0x2000b4bc                managment_command_router
 .text.filesystem_command_router
                0x2000b5e8       0x24 ./src/SubSystemModules/Communication/CommandDictionary.o
                0x2000b5e8                filesystem_command_router
 .text.ParseDataToCommand
                0x2000b60c      0x1ac ./src/SubSystemModules/Communication/SatCommandHandler.o
                0x2000b60c                ParseDataToCommand
 .text.AssembleCommand
                0x2000b7b8      0x148 ./src/SubSystemModules/Communication/SatCommandHandler.o
                0x2000b7b8                AssembleCommand
 .text.GetDelayedCommand
                0x2000b900       0x24 ./src/SubSystemModules/Communication/SatCommandHandler.o
                0x2000b900                GetDelayedCommand
 .text.AddDelayedCommand
                0x2000b924       0x24 ./src/SubSystemModules/Communication/SatCommandHandler.o
                0x2000b924                AddDelayedCommand
 .text.GetDelayedCommandBufferCount
                0x2000b948       0x50 ./src/SubSystemModules/Communication/SatCommandHandler.o
                0x2000b948                GetDelayedCommandBufferCount
 .text.GetDelayedCommandByIndex
                0x2000b998       0x28 ./src/SubSystemModules/Communication/SatCommandHandler.o
                0x2000b998                GetDelayedCommandByIndex
 .text.DeleteDelayedCommandByIndex
                0x2000b9c0       0x24 ./src/SubSystemModules/Communication/SatCommandHandler.o
                0x2000b9c0                DeleteDelayedCommandByIndex
 .text.DeleteDelayedBuffer
                0x2000b9e4       0x1c ./src/SubSystemModules/Communication/SatCommandHandler.o
                0x2000b9e4                DeleteDelayedBuffer
 .text.ActUponCommand
                0x2000ba00      0x108 ./src/SubSystemModules/Communication/SatCommandHandler.o
                0x2000ba00                ActUponCommand
 .text.setMuteEndTime
                0x2000bb08       0x40 ./src/SubSystemModules/Communication/TRXVU.o
                0x2000bb08                setMuteEndTime
 .text.getMuteEndTime
                0x2000bb48       0x44 ./src/SubSystemModules/Communication/TRXVU.o
                0x2000bb48                getMuteEndTime
 .text.setTransponderEndTime
                0x2000bb8c       0x40 ./src/SubSystemModules/Communication/TRXVU.o
                0x2000bb8c                setTransponderEndTime
 .text.getTransponderEndTime
                0x2000bbcc       0x44 ./src/SubSystemModules/Communication/TRXVU.o
                0x2000bbcc                getTransponderEndTime
 .text.setTransponderRSSIinFRAM
                0x2000bc10       0x44 ./src/SubSystemModules/Communication/TRXVU.o
                0x2000bc10                setTransponderRSSIinFRAM
 .text.getTransponderRSSIFromFRAM
                0x2000bc54       0x4c ./src/SubSystemModules/Communication/TRXVU.o
                0x2000bc54                getTransponderRSSIFromFRAM
 .text.InitTxModule
                0x2000bca0       0x68 ./src/SubSystemModules/Communication/TRXVU.o
                0x2000bca0                InitTxModule
 .text.CMD_SetBeaconInterval
                0x2000bd08       0xdc ./src/SubSystemModules/Communication/TRXVU.o
                0x2000bd08                CMD_SetBeaconInterval
 .text.InitBeaconParams
                0x2000bde4       0x3c ./src/SubSystemModules/Communication/TRXVU.o
                0x2000bde4                InitBeaconParams
 .text.InitSemaphores
                0x2000be20       0x98 ./src/SubSystemModules/Communication/TRXVU.o
                0x2000be20                InitSemaphores
 .text.InitTrxvu
                0x2000beb8       0xec ./src/SubSystemModules/Communication/TRXVU.o
                0x2000beb8                InitTrxvu
 .text.checkIdleFinish
                0x2000bfa4       0x68 ./src/SubSystemModules/Communication/TRXVU.o
                0x2000bfa4                checkIdleFinish
 .text.checkTransponderFinish
                0x2000c00c       0x50 ./src/SubSystemModules/Communication/TRXVU.o
                0x2000c00c                checkTransponderFinish
 .text.checkTransponderStart
                0x2000c05c       0x50 ./src/SubSystemModules/Communication/TRXVU.o
                0x2000c05c                checkTransponderStart
 .text.turnOnTransponder
                0x2000c0ac       0xa0 ./src/SubSystemModules/Communication/TRXVU.o
                0x2000c0ac                turnOnTransponder
 .text.turnOffTransponder
                0x2000c14c       0x90 ./src/SubSystemModules/Communication/TRXVU.o
                0x2000c14c                turnOffTransponder
 .text.SetRSSITransponder
                0x2000c1dc       0x80 ./src/SubSystemModules/Communication/TRXVU.o
                0x2000c1dc                SetRSSITransponder
 .text.TRX_Logic
                0x2000c25c       0xd4 ./src/SubSystemModules/Communication/TRXVU.o
                0x2000c25c                TRX_Logic
 .text.GetNumberOfFramesInBuffer
                0x2000c330       0x5c ./src/SubSystemModules/Communication/TRXVU.o
                0x2000c330                GetNumberOfFramesInBuffer
 .text.GetOnlineCommand
                0x2000c38c      0x17c ./src/SubSystemModules/Communication/TRXVU.o
                0x2000c38c                GetOnlineCommand
 .text.CheckTransmitionAllowed
                0x2000c508       0xc0 ./src/SubSystemModules/Communication/TRXVU.o
                0x2000c508                CheckTransmitionAllowed
 .text.FinishDump
                0x2000c5c8       0xf0 ./src/SubSystemModules/Communication/TRXVU.o
                0x2000c5c8                FinishDump
 .text.AbortDump
                0x2000c6b8       0x34 ./src/SubSystemModules/Communication/TRXVU.o
                0x2000c6b8                AbortDump
 .text.SendDumpAbortRequest
                0x2000c6ec       0x6c ./src/SubSystemModules/Communication/TRXVU.o
                0x2000c6ec                SendDumpAbortRequest
 .text.CheckDumpAbort
                0x2000c758       0x6c ./src/SubSystemModules/Communication/TRXVU.o
                0x2000c758                CheckDumpAbort
 .text.BeaconLogic
                0x2000c7c4      0x1b8 ./src/SubSystemModules/Communication/TRXVU.o
                0x2000c7c4                BeaconLogic
 .text.SetIdleState
                0x2000c97c      0x144 ./src/SubSystemModules/Communication/TRXVU.o
                0x2000c97c                SetIdleState
 .text.muteTRXVU
                0x2000cac0       0x74 ./src/SubSystemModules/Communication/TRXVU.o
                0x2000cac0                muteTRXVU
 .text.UnMuteTRXVU
                0x2000cb34       0x14 ./src/SubSystemModules/Communication/TRXVU.o
                0x2000cb34                UnMuteTRXVU
 .text.TransmitDataAsSPL_Packet
                0x2000cb48      0x114 ./src/SubSystemModules/Communication/TRXVU.o
                0x2000cb48                TransmitDataAsSPL_Packet
 .text.TransmitSplPacket
                0x2000cc5c      0x1cc ./src/SubSystemModules/Communication/TRXVU.o
                0x2000cc5c                TransmitSplPacket
 .text.isFirstActivation
                0x2000ce28       0x38 ./src/InitSystem.o
                0x2000ce28                isFirstActivation
 .text.WriteDefaultValuesToFRAM
                0x2000ce60      0x208 ./src/InitSystem.o
                0x2000ce60                WriteDefaultValuesToFRAM
 .text.StartFRAM
                0x2000d068       0x64 ./src/InitSystem.o
                0x2000d068                StartFRAM
 .text.StartI2C
                0x2000d0cc       0x38 ./src/InitSystem.o
                0x2000d0cc                StartI2C
 .text.StartSPI
                0x2000d104       0x34 ./src/InitSystem.o
                0x2000d104                StartSPI
 .text.StartTIME
                0x2000d138       0xbc ./src/InitSystem.o
                0x2000d138                StartTIME
 .text.DeploySystem
                0x2000d1f4      0x1a4 ./src/InitSystem.o
                0x2000d1f4                DeploySystem
 .text.InitSubsystems
                0x2000d398       0x60 ./src/InitSystem.o
                0x2000d398                InitSubsystems
 .text.CMD_getInfoImage
                0x2000d3f8      0x158 ./src/TLM_management.o
                0x2000d3f8                CMD_getInfoImage
 .text.CMD_getDataImage
                0x2000d550      0x218 ./src/TLM_management.o
                0x2000d550                CMD_getDataImage
 .text.delete_allTMFilesFromSD
                0x2000d768       0x8c ./src/TLM_management.o
                0x2000d768                delete_allTMFilesFromSD
 .text.deleteTLMFiles
                0x2000d7f4       0x94 ./src/TLM_management.o
                0x2000d7f4                deleteTLMFiles
 .text.deleteTLMFile
                0x2000d888       0xcc ./src/TLM_management.o
                0x2000d888                deleteTLMFile
 .text.deleteTLMbyMonth
                0x2000d954       0xac ./src/TLM_management.o
                0x2000d954                deleteTLMbyMonth
 .text.deleteDirectory
                0x2000da00      0x158 ./src/TLM_management.o
                0x2000da00                deleteDirectory
 .text.InitializeFS
                0x2000db58       0xfc ./src/TLM_management.o
                0x2000db58                InitializeFS
 .text.calculateFileName
                0x2000dc54      0x130 ./src/TLM_management.o
                0x2000dc54                calculateFileName
 .text.getTlmTypeInfo
                0x2000dd84      0x230 ./src/TLM_management.o
                0x2000dd84                getTlmTypeInfo
 .text.write2File
                0x2000dfb4      0x1dc ./src/TLM_management.o
                0x2000dfb4                write2File
 .text.printTLM
                0x2000e190      0x490 ./src/TLM_management.o
                0x2000e190                printTLM
 .text.readTLMFile
                0x2000e620      0x328 ./src/TLM_management.o
                0x2000e620                readTLMFile
 .text.readTLMFiles
                0x2000e948       0xdc ./src/TLM_management.o
                0x2000e948                readTLMFiles
 .text.readTLMFileTimeRange
                0x2000ea24      0x2f0 ./src/TLM_management.o
                0x2000ea24                readTLMFileTimeRange
 .text.DeInitializeFS
                0x2000ed14       0x38 ./src/TLM_management.o
                0x2000ed14                DeInitializeFS
 .text.main     0x2000ed4c       0x98 ./src/main.o
                0x2000ed4c                main
 .text.timeU2time
                0x2000ede4       0xbc ./src/utils.o
                0x2000ede4                timeU2time
 .text.logError
                0x2000eea0      0x134 ./src/utils.o
                0x2000eea0                logError
 .text.clearPDCtransfers
                0x2000efd4       0xe8 C:/ISIS/workspace/ycube/GlobusSatProject/..//hal/hal/lib\libHALD.a(SPI.o)
 .text.SPI_start
                0x2000f0bc      0x4b0 C:/ISIS/workspace/ycube/GlobusSatProject/..//hal/hal/lib\libHALD.a(SPI.o)
                0x2000f0bc                SPI_start
 .text.SPI_stop
                0x2000f56c      0x244 C:/ISIS/workspace/ycube/GlobusSatProject/..//hal/hal/lib\libHALD.a(SPI.o)
                0x2000f56c                SPI_stop
 .text.SPI_queueTransfer
                0x2000f7b0      0x1cc C:/ISIS/workspace/ycube/GlobusSatProject/..//hal/hal/lib\libHALD.a(SPI.o)
                0x2000f7b0                SPI_queueTransfer
 .text.SPI_internalCallback
                0x2000f97c       0x64 C:/ISIS/workspace/ycube/GlobusSatProject/..//hal/hal/lib\libHALD.a(SPI.o)
 .text.SPI_writeRead
                0x2000f9e0      0x1c0 C:/ISIS/workspace/ycube/GlobusSatProject/..//hal/hal/lib\libHALD.a(SPI.o)
                0x2000f9e0                SPI_writeRead
 .text.waitForTransfer
                0x2000fba0       0x78 C:/ISIS/workspace/ycube/GlobusSatProject/..//hal/hal/lib\libHALD.a(SPI.o)
 .text.SPI_getDriverState
                0x2000fc18       0x58 C:/ISIS/workspace/ycube/GlobusSatProject/..//hal/hal/lib\libHALD.a(SPI.o)
                0x2000fc18                SPI_getDriverState
 .text.validateTransferParameters
                0x2000fc70      0x10c C:/ISIS/workspace/ycube/GlobusSatProject/..//hal/hal/lib\libHALD.a(I2C.o)
 .text.I2C_queueTransfer
                0x2000fd7c       0xfc C:/ISIS/workspace/ycube/GlobusSatProject/..//hal/hal/lib\libHALD.a(I2C.o)
                0x2000fd7c                I2C_queueTransfer
 .text.I2C_internalCallback
                0x2000fe78       0x64 C:/ISIS/workspace/ycube/GlobusSatProject/..//hal/hal/lib\libHALD.a(I2C.o)
 .text.I2C_doBlockingTransfer
                0x2000fedc      0x180 C:/ISIS/workspace/ycube/GlobusSatProject/..//hal/hal/lib\libHALD.a(I2C.o)
 .text.I2C_write
                0x2001005c      0x110 C:/ISIS/workspace/ycube/GlobusSatProject/..//hal/hal/lib\libHALD.a(I2C.o)
                0x2001005c                I2C_write
 .text.I2C_read
                0x2001016c      0x110 C:/ISIS/workspace/ycube/GlobusSatProject/..//hal/hal/lib\libHALD.a(I2C.o)
                0x2001016c                I2C_read
 .text.I2C_writeRead
                0x2001027c      0x17c C:/ISIS/workspace/ycube/GlobusSatProject/..//hal/hal/lib\libHALD.a(I2C.o)
                0x2001027c                I2C_writeRead
 .text.I2C_start
                0x200103f8      0x2e8 C:/ISIS/workspace/ycube/GlobusSatProject/..//hal/hal/lib\libHALD.a(I2C.o)
                0x200103f8                I2C_start
 .text.I2C_stop
                0x200106e0      0x184 C:/ISIS/workspace/ycube/GlobusSatProject/..//hal/hal/lib\libHALD.a(I2C.o)
                0x200106e0                I2C_stop
 .text.I2C_setTransferTimeout
                0x20010864       0x48 C:/ISIS/workspace/ycube/GlobusSatProject/..//hal/hal/lib\libHALD.a(I2C.o)
                0x20010864                I2C_setTransferTimeout
 .text.ADC_ConvertRaw10bitToMillivolt
                0x200108ac       0x50 C:/ISIS/workspace/ycube/GlobusSatProject/..//hal/hal/lib\libHALD.a(ADC.o)
                0x200108ac                ADC_ConvertRaw10bitToMillivolt
 .text.ADC_SingleShot
                0x200108fc      0x230 C:/ISIS/workspace/ycube/GlobusSatProject/..//hal/hal/lib\libHALD.a(ADC.o)
                0x200108fc                ADC_SingleShot
 .text.FRAM_start
                0x20010b2c      0x120 C:/ISIS/workspace/ycube/GlobusSatProject/..//hal/hal/lib\libHALD.a(FRAM.o)
                0x20010b2c                FRAM_start
 .text.FRAM_stop
                0x20010c4c       0x6c C:/ISIS/workspace/ycube/GlobusSatProject/..//hal/hal/lib\libHALD.a(FRAM.o)
                0x20010c4c                FRAM_stop
 .text.FRAM_dummyCallback
                0x20010cb8       0x24 C:/ISIS/workspace/ycube/GlobusSatProject/..//hal/hal/lib\libHALD.a(FRAM.o)
                0x20010cb8                FRAM_dummyCallback
 .text.FRAM_unlockingCallback
                0x20010cdc       0x64 C:/ISIS/workspace/ycube/GlobusSatProject/..//hal/hal/lib\libHALD.a(FRAM.o)
                0x20010cdc                FRAM_unlockingCallback
 .text.doBlockingTransfer
                0x20010d40       0x78 C:/ISIS/workspace/ycube/GlobusSatProject/..//hal/hal/lib\libHALD.a(FRAM.o)
 .text.FRAM_writePacket
                0x20010db8      0x134 C:/ISIS/workspace/ycube/GlobusSatProject/..//hal/hal/lib\libHALD.a(FRAM.o)
 .text.FRAM_write
                0x20010eec      0x1e0 C:/ISIS/workspace/ycube/GlobusSatProject/..//hal/hal/lib\libHALD.a(FRAM.o)
                0x20010eec                FRAM_write
 .text.FRAM_readPacket
                0x200110cc       0xf0 C:/ISIS/workspace/ycube/GlobusSatProject/..//hal/hal/lib\libHALD.a(FRAM.o)
 .text.FRAM_read
                0x200111bc      0x1ec C:/ISIS/workspace/ycube/GlobusSatProject/..//hal/hal/lib\libHALD.a(FRAM.o)
                0x200111bc                FRAM_read
 .text.Time_start
                0x200113a8      0x170 C:/ISIS/workspace/ycube/GlobusSatProject/..//hal/hal/lib\libHALD.a(Time.o)
                0x200113a8                Time_start
 .text.taskTimeSync
                0x20011518       0x64 C:/ISIS/workspace/ycube/GlobusSatProject/..//hal/hal/lib\libHALD.a(Time.o)
 .text.Time_convertEpochToTime
                0x2001157c      0x100 C:/ISIS/workspace/ycube/GlobusSatProject/..//hal/hal/lib\libHALD.a(Time.o)
                0x2001157c                Time_convertEpochToTime
 .text.Time_calculateSecondsOfYear
                0x2001167c       0xd8 C:/ISIS/workspace/ycube/GlobusSatProject/..//hal/hal/lib\libHALD.a(Time.o)
 .text.Time_set
                0x20011754       0xd8 C:/ISIS/workspace/ycube/GlobusSatProject/..//hal/hal/lib\libHALD.a(Time.o)
                0x20011754                Time_set
 .text.Time_isLeapYear
                0x2001182c       0x98 C:/ISIS/workspace/ycube/GlobusSatProject/..//hal/hal/lib\libHALD.a(Time.o)
                0x2001182c                Time_isLeapYear
 .text.Time_get
                0x200118c4      0x478 C:/ISIS/workspace/ycube/GlobusSatProject/..//hal/hal/lib\libHALD.a(Time.o)
                0x200118c4                Time_get
 .text.Time_getUnixEpoch
                0x20011d3c      0x108 C:/ISIS/workspace/ycube/GlobusSatProject/..//hal/hal/lib\libHALD.a(Time.o)
                0x20011d3c                Time_getUnixEpoch
 .text.Time_secondsOfYearToTime
                0x20011e44      0x33c C:/ISIS/workspace/ycube/GlobusSatProject/..//hal/hal/lib\libHALD.a(Time.o)
 .text.Time_setUnixEpoch
                0x20012180       0x54 C:/ISIS/workspace/ycube/GlobusSatProject/..//hal/hal/lib\libHALD.a(Time.o)
                0x20012180                Time_setUnixEpoch
 .text.Time_getUptimeSeconds
                0x200121d4       0x28 C:/ISIS/workspace/ycube/GlobusSatProject/..//hal/hal/lib\libHALD.a(Time.o)
                0x200121d4                Time_getUptimeSeconds
 .text.Time_sync
                0x200121fc      0x1a8 C:/ISIS/workspace/ycube/GlobusSatProject/..//hal/hal/lib\libHALD.a(Time.o)
                0x200121fc                Time_sync
 .text.Time_syncIfNeeded
                0x200123a4       0xac C:/ISIS/workspace/ycube/GlobusSatProject/..//hal/hal/lib\libHALD.a(Time.o)
                0x200123a4                Time_syncIfNeeded
 .text.WDT_start
                0x20012450       0x48 C:/ISIS/workspace/ycube/GlobusSatProject/..//hal/hal/lib\libHALD.a(WatchDogTimerNoOS.o)
                0x20012450                WDT_start
 .text.RTT_start
                0x20012498       0x24 C:/ISIS/workspace/ycube/GlobusSatProject/..//hal/hal/lib\libHALD.a(RTT.o)
                0x20012498                RTT_start
 .text.RTT_GetTime
                0x200124bc       0x24 C:/ISIS/workspace/ycube/GlobusSatProject/..//hal/hal/lib\libHALD.a(RTT.o)
                0x200124bc                RTT_GetTime
 .text.RTC_start
                0x200124e0       0x3c C:/ISIS/workspace/ycube/GlobusSatProject/..//hal/hal/lib\libHALD.a(RTC.o)
                0x200124e0                RTC_start
 .text.RTC_setTime
                0x2001251c      0x2a4 C:/ISIS/workspace/ycube/GlobusSatProject/..//hal/hal/lib\libHALD.a(RTC.o)
                0x2001251c                RTC_setTime
 .text.RTC_getTime
                0x200127c0      0x230 C:/ISIS/workspace/ycube/GlobusSatProject/..//hal/hal/lib\libHALD.a(RTC.o)
                0x200127c0                RTC_getTime
 .text.RTC_checkTimeValid
                0x200129f0       0xd8 C:/ISIS/workspace/ycube/GlobusSatProject/..//hal/hal/lib\libHALD.a(RTC.o)
                0x200129f0                RTC_checkTimeValid
 .text.WDT_startWatchdogKickTask
                0x20012ac8       0xb4 C:/ISIS/workspace/ycube/GlobusSatProject/..//hal/hal/lib\libHALD.a(WatchDogTimerOS.o)
                0x20012ac8                WDT_startWatchdogKickTask
 .text.WDT_forceKickEveryNms
                0x20012b7c       0x50 C:/ISIS/workspace/ycube/GlobusSatProject/..//hal/hal/lib\libHALD.a(WatchDogTimerOS.o)
                0x20012b7c                WDT_forceKickEveryNms
 .text.f_puts   0x20012bcc       0x80 C:/ISIS/workspace/ycube/GlobusSatProject/..//hal/hal/lib\libHALD.a(fprintf.o)
                0x20012bcc                f_puts
 .text.UTIL_DbguGetInteger
                0x20012c4c      0x168 C:/ISIS/workspace/ycube/GlobusSatProject/..//hal/hal/lib\libHALD.a(util.o)
                0x20012c4c                UTIL_DbguGetInteger
 .text.UTIL_DbguGetIntegerMinMax
                0x20012db4       0xa4 C:/ISIS/workspace/ycube/GlobusSatProject/..//hal/hal/lib\libHALD.a(util.o)
                0x20012db4                UTIL_DbguGetIntegerMinMax
 .text.LED_glow
                0x20012e58       0x58 C:/ISIS/workspace/ycube/GlobusSatProject/..//hal/hal/lib\libHALD.a(LED.o)
                0x20012e58                LED_glow
 .text.LED_dark
                0x20012eb0       0x58 C:/ISIS/workspace/ycube/GlobusSatProject/..//hal/hal/lib\libHALD.a(LED.o)
                0x20012eb0                LED_dark
 .text.LED_toggle
                0x20012f08       0x50 C:/ISIS/workspace/ycube/GlobusSatProject/..//hal/hal/lib\libHALD.a(LED.o)
                0x20012f08                LED_toggle
 .text.fm_initvolume
                0x20012f58       0x70 C:/ISIS/workspace/ycube/GlobusSatProject/..//hal/hcc/lib\libHCCD.a(fat_m.o)
                0x20012f58                fm_initvolume
 .text.fm_delvolume
                0x20012fc8       0x60 C:/ISIS/workspace/ycube/GlobusSatProject/..//hal/hcc/lib\libHCCD.a(fat_m.o)
                0x20012fc8                fm_delvolume
 .text.fm_format
                0x20013028       0x68 C:/ISIS/workspace/ycube/GlobusSatProject/..//hal/hcc/lib\libHCCD.a(fat_m.o)
                0x20013028                fm_format
 .text.fm_getdrive
                0x20013090       0x70 C:/ISIS/workspace/ycube/GlobusSatProject/..//hal/hcc/lib\libHCCD.a(fat_m.o)
                0x20013090                fm_getdrive
 .text.fm_getfreespace
                0x20013100       0x68 C:/ISIS/workspace/ycube/GlobusSatProject/..//hal/hcc/lib\libHCCD.a(fat_m.o)
                0x20013100                fm_getfreespace
 .text.fm_mkdir
                0x20013168       0x60 C:/ISIS/workspace/ycube/GlobusSatProject/..//hal/hcc/lib\libHCCD.a(fat_m.o)
                0x20013168                fm_mkdir
 .text.fm_rmdir
                0x200131c8       0x60 C:/ISIS/workspace/ycube/GlobusSatProject/..//hal/hcc/lib\libHCCD.a(fat_m.o)
                0x200131c8                fm_rmdir
 .text.fm_findfirst
                0x20013228       0x68 C:/ISIS/workspace/ycube/GlobusSatProject/..//hal/hcc/lib\libHCCD.a(fat_m.o)
                0x20013228                fm_findfirst
 .text.fm_findnext
                0x20013290       0x60 C:/ISIS/workspace/ycube/GlobusSatProject/..//hal/hcc/lib\libHCCD.a(fat_m.o)
                0x20013290                fm_findnext
 .text.fm_close
                0x200132f0       0x60 C:/ISIS/workspace/ycube/GlobusSatProject/..//hal/hcc/lib\libHCCD.a(fat_m.o)
                0x200132f0                fm_close
 .text.fm_flush
                0x20013350       0x60 C:/ISIS/workspace/ycube/GlobusSatProject/..//hal/hcc/lib\libHCCD.a(fat_m.o)
                0x20013350                fm_flush
 .text.fm_open  0x200133b0       0x68 C:/ISIS/workspace/ycube/GlobusSatProject/..//hal/hcc/lib\libHCCD.a(fat_m.o)
                0x200133b0                fm_open
 .text.fm_read  0x20013418       0x7c C:/ISIS/workspace/ycube/GlobusSatProject/..//hal/hcc/lib\libHCCD.a(fat_m.o)
                0x20013418                fm_read
 .text.fm_write
                0x20013494       0x7c C:/ISIS/workspace/ycube/GlobusSatProject/..//hal/hcc/lib\libHCCD.a(fat_m.o)
                0x20013494                fm_write
 .text.fm_seek  0x20013510       0x70 C:/ISIS/workspace/ycube/GlobusSatProject/..//hal/hcc/lib\libHCCD.a(fat_m.o)
                0x20013510                fm_seek
 .text.fm_tell  0x20013580       0x60 C:/ISIS/workspace/ycube/GlobusSatProject/..//hal/hcc/lib\libHCCD.a(fat_m.o)
                0x20013580                fm_tell
 .text.fm_putc  0x200135e0       0x68 C:/ISIS/workspace/ycube/GlobusSatProject/..//hal/hcc/lib\libHCCD.a(fat_m.o)
                0x200135e0                fm_putc
 .text.fm_rewind
                0x20013648       0x60 C:/ISIS/workspace/ycube/GlobusSatProject/..//hal/hcc/lib\libHCCD.a(fat_m.o)
                0x20013648                fm_rewind
 .text.fm_delete
                0x200136a8       0x64 C:/ISIS/workspace/ycube/GlobusSatProject/..//hal/hcc/lib\libHCCD.a(fat_m.o)
                0x200136a8                fm_delete
 .text.fm_getlasterror
                0x2001370c       0x40 C:/ISIS/workspace/ycube/GlobusSatProject/..//hal/hcc/lib\libHCCD.a(fat_m.o)
                0x2001370c                fm_getlasterror
 .text._f_invalidatedir
                0x2001374c       0x28 C:/ISIS/workspace/ycube/GlobusSatProject/..//hal/hcc/lib\libHCCD.a(fat.o)
                0x2001374c                _f_invalidatedir
 .text._f_getdirsector
                0x20013774       0x88 C:/ISIS/workspace/ycube/GlobusSatProject/..//hal/hcc/lib\libHCCD.a(fat.o)
                0x20013774                _f_getdirsector
 .text._f_writedirsector
                0x200137fc       0x74 C:/ISIS/workspace/ycube/GlobusSatProject/..//hal/hcc/lib\libHCCD.a(fat.o)
                0x200137fc                _f_writedirsector
 .text._f_checknameinv
                0x20013870      0x180 C:/ISIS/workspace/ycube/GlobusSatProject/..//hal/hcc/lib\libHCCD.a(fat.o)
 .text._f_checkname
                0x200139f0       0x7c C:/ISIS/workspace/ycube/GlobusSatProject/..//hal/hcc/lib\libHCCD.a(fat.o)
 .text._f_checknamewc
                0x20013a6c       0xf8 C:/ISIS/workspace/ycube/GlobusSatProject/..//hal/hcc/lib\libHCCD.a(fat.o)
 .text._f_setnameext
                0x20013b64      0x300 C:/ISIS/workspace/ycube/GlobusSatProject/..//hal/hcc/lib\libHCCD.a(fat.o)
 .text._f_setfsname
                0x20013e64      0x584 C:/ISIS/workspace/ycube/GlobusSatProject/..//hal/hcc/lib\libHCCD.a(fat.o)
 .text._f_findfile
                0x200143e8      0x30c C:/ISIS/workspace/ycube/GlobusSatProject/..//hal/hcc/lib\libHCCD.a(fat.o)
 .text._f_cmp_wname
                0x200146f4      0x274 C:/ISIS/workspace/ycube/GlobusSatProject/..//hal/hcc/lib\libHCCD.a(fat.o)
 .text._f_to_string
                0x20014968      0x130 C:/ISIS/workspace/ycube/GlobusSatProject/..//hal/hcc/lib\libHCCD.a(fat.o)
 .text._f_findfilewc
                0x20014a98      0x278 C:/ISIS/workspace/ycube/GlobusSatProject/..//hal/hcc/lib\libHCCD.a(fat.o)
 .text._f_getfilename
                0x20014d10      0x20c C:/ISIS/workspace/ycube/GlobusSatProject/..//hal/hcc/lib\libHCCD.a(fat.o)
 .text._f_findpath
                0x20014f1c      0x35c C:/ISIS/workspace/ycube/GlobusSatProject/..//hal/hcc/lib\libHCCD.a(fat.o)
 .text.fn_getdcwd
                0x20015278      0x1e0 C:/ISIS/workspace/ycube/GlobusSatProject/..//hal/hcc/lib\libHCCD.a(fat.o)
                0x20015278                fn_getdcwd
 .text.fn_findfirst
                0x20015458      0x13c C:/ISIS/workspace/ycube/GlobusSatProject/..//hal/hcc/lib\libHCCD.a(fat.o)
                0x20015458                fn_findfirst
 .text.fn_findnext
                0x20015594      0x360 C:/ISIS/workspace/ycube/GlobusSatProject/..//hal/hcc/lib\libHCCD.a(fat.o)
                0x20015594                fn_findnext
 .text._f_lock_resfile
                0x200158f4       0x6c C:/ISIS/workspace/ycube/GlobusSatProject/..//hal/hcc/lib\libHCCD.a(fat.o)
 .text._f_unlock_resfile
                0x20015960       0x40 C:/ISIS/workspace/ycube/GlobusSatProject/..//hal/hcc/lib\libHCCD.a(fat.o)
 .text._f_getintfile
                0x200159a0      0x124 C:/ISIS/workspace/ycube/GlobusSatProject/..//hal/hcc/lib\libHCCD.a(fat.o)
 .text._f_addentry
                0x20015ac4      0x540 C:/ISIS/workspace/ycube/GlobusSatProject/..//hal/hcc/lib\libHCCD.a(fat.o)
 .text.fn_mkdir
                0x20016004      0x75c C:/ISIS/workspace/ycube/GlobusSatProject/..//hal/hcc/lib\libHCCD.a(fat.o)
                0x20016004                fn_mkdir
 .text.fn_open_sub
                0x20016760     0x1698 C:/ISIS/workspace/ycube/GlobusSatProject/..//hal/hcc/lib\libHCCD.a(fat.o)
 .text.fn_open  0x20017df8       0x44 C:/ISIS/workspace/ycube/GlobusSatProject/..//hal/hcc/lib\libHCCD.a(fat.o)
                0x20017df8                fn_open
 .text.fn_delete
                0x20017e3c      0x490 C:/ISIS/workspace/ycube/GlobusSatProject/..//hal/hcc/lib\libHCCD.a(fat.o)
                0x20017e3c                fn_delete
 .text.fn_rmdir
                0x200182cc      0x5ac C:/ISIS/workspace/ycube/GlobusSatProject/..//hal/hcc/lib\libHCCD.a(fat.o)
                0x200182cc                fn_rmdir
 .text.fn_init  0x20018878      0x2dc C:/ISIS/workspace/ycube/GlobusSatProject/..//hal/hcc/lib\libHCCD.a(fat_common.o)
                0x20018878                fn_init
 .text.fn_start
                0x20018b54       0x1c C:/ISIS/workspace/ycube/GlobusSatProject/..//hal/hcc/lib\libHCCD.a(fat_common.o)
                0x20018b54                fn_start
 .text.fsn_delete
                0x20018b70       0xc8 C:/ISIS/workspace/ycube/GlobusSatProject/..//hal/hcc/lib\libHCCD.a(fat_common.o)
                0x20018b70                fsn_delete
 .text._f_get16bitl
                0x20018c38       0x4c C:/ISIS/workspace/ycube/GlobusSatProject/..//hal/hcc/lib\libHCCD.a(fat_common.o)
                0x20018c38                _f_get16bitl
 .text._f_set16bitl
                0x20018c84       0x54 C:/ISIS/workspace/ycube/GlobusSatProject/..//hal/hcc/lib\libHCCD.a(fat_common.o)
                0x20018c84                _f_set16bitl
 .text._f_get32bitl
                0x20018cd8       0x68 C:/ISIS/workspace/ycube/GlobusSatProject/..//hal/hcc/lib\libHCCD.a(fat_common.o)
                0x20018cd8                _f_get32bitl
 .text._f_set32bitl
                0x20018d40       0x78 C:/ISIS/workspace/ycube/GlobusSatProject/..//hal/hcc/lib\libHCCD.a(fat_common.o)
                0x20018d40                _f_set32bitl
 .text._get8bit
                0x20018db8       0xa0 C:/ISIS/workspace/ycube/GlobusSatProject/..//hal/hcc/lib\libHCCD.a(fat_common.o)
 .text._get16bitl
                0x20018e58       0x40 C:/ISIS/workspace/ycube/GlobusSatProject/..//hal/hcc/lib\libHCCD.a(fat_common.o)
 .text._get32bitl
                0x20018e98       0x3c C:/ISIS/workspace/ycube/GlobusSatProject/..//hal/hcc/lib\libHCCD.a(fat_common.o)
 .text._set8bitzero
                0x20018ed4       0x6c C:/ISIS/workspace/ycube/GlobusSatProject/..//hal/hcc/lib\libHCCD.a(fat_common.o)
 .text._set8bit
                0x20018f40       0xa0 C:/ISIS/workspace/ycube/GlobusSatProject/..//hal/hcc/lib\libHCCD.a(fat_common.o)
 .text._set16bitl
                0x20018fe0       0x3c C:/ISIS/workspace/ycube/GlobusSatProject/..//hal/hcc/lib\libHCCD.a(fat_common.o)
 .text._set32bitl
                0x2001901c       0x34 C:/ISIS/workspace/ycube/GlobusSatProject/..//hal/hcc/lib\libHCCD.a(fat_common.o)
 .text._f_setcardremoved
                0x20019050       0x94 C:/ISIS/workspace/ycube/GlobusSatProject/..//hal/hcc/lib\libHCCD.a(fat_common.o)
 .text._f_checkstatus
                0x200190e4      0x104 C:/ISIS/workspace/ycube/GlobusSatProject/..//hal/hcc/lib\libHCCD.a(fat_common.o)
                0x200190e4                _f_checkstatus
 .text._f_drvgetphy
                0x200191e8      0x114 C:/ISIS/workspace/ycube/GlobusSatProject/..//hal/hcc/lib\libHCCD.a(fat_common.o)
 .text._f_drvwritesector
                0x200192fc       0xdc C:/ISIS/workspace/ycube/GlobusSatProject/..//hal/hcc/lib\libHCCD.a(fat_common.o)
 .text._f_drvreadsector
                0x200193d8       0xa8 C:/ISIS/workspace/ycube/GlobusSatProject/..//hal/hcc/lib\libHCCD.a(fat_common.o)
 .text._f_writesector
                0x20019480      0x23c C:/ISIS/workspace/ycube/GlobusSatProject/..//hal/hcc/lib\libHCCD.a(fat_common.o)
                0x20019480                _f_writesector
 .text._f_readsector
                0x200196bc      0x1dc C:/ISIS/workspace/ycube/GlobusSatProject/..//hal/hcc/lib\libHCCD.a(fat_common.o)
                0x200196bc                _f_readsector
 .text._f_getmaxcluster
                0x20019898       0x94 C:/ISIS/workspace/ycube/GlobusSatProject/..//hal/hcc/lib\libHCCD.a(fat_common.o)
                0x20019898                _f_getmaxcluster
 .text._getsectorfromcluster
                0x2001992c       0x68 C:/ISIS/workspace/ycube/GlobusSatProject/..//hal/hcc/lib\libHCCD.a(fat_common.o)
 .text._f_buildsectors
                0x20019994      0x268 C:/ISIS/workspace/ycube/GlobusSatProject/..//hal/hcc/lib\libHCCD.a(fat_common.o)
 .text._f_getbootrecord
                0x20019bfc      0x5e4 C:/ISIS/workspace/ycube/GlobusSatProject/..//hal/hcc/lib\libHCCD.a(fat_common.o)
 .text._f_readbootrecord
                0x2001a1e0      0x4f8 C:/ISIS/workspace/ycube/GlobusSatProject/..//hal/hcc/lib\libHCCD.a(fat_common.o)
 .text._f_writebootrecord
                0x2001a6d8      0x5e4 C:/ISIS/workspace/ycube/GlobusSatProject/..//hal/hcc/lib\libHCCD.a(fat_common.o)
 .text._f_flushcffiles
                0x2001acbc      0x17c C:/ISIS/workspace/ycube/GlobusSatProject/..//hal/hcc/lib\libHCCD.a(fat_common.o)
                0x2001acbc                _f_flushcffiles
 .text._f_fatcache_flush
                0x2001ae38      0x270 C:/ISIS/workspace/ycube/GlobusSatProject/..//hal/hcc/lib\libHCCD.a(fat_common.o)
                0x2001ae38                _f_fatcache_flush
 .text._f_writefatsector
                0x2001b0a8      0x100 C:/ISIS/workspace/ycube/GlobusSatProject/..//hal/hcc/lib\libHCCD.a(fat_common.o)
                0x2001b0a8                _f_writefatsector
 .text._f_getfatsector
                0x2001b1a8      0x3bc C:/ISIS/workspace/ycube/GlobusSatProject/..//hal/hcc/lib\libHCCD.a(fat_common.o)
 .text._f_setclustervalue
                0x2001b564      0x490 C:/ISIS/workspace/ycube/GlobusSatProject/..//hal/hcc/lib\libHCCD.a(fat_common.o)
                0x2001b564                _f_setclustervalue
 .text._f_getclustervalue
                0x2001b9f4      0x388 C:/ISIS/workspace/ycube/GlobusSatProject/..//hal/hcc/lib\libHCCD.a(fat_common.o)
                0x2001b9f4                _f_getclustervalue
 .text._f_close_drive_files
                0x2001bd7c       0xac C:/ISIS/workspace/ycube/GlobusSatProject/..//hal/hcc/lib\libHCCD.a(fat_common.o)
 .text._f_inc_mount_count
                0x2001be28       0xa4 C:/ISIS/workspace/ycube/GlobusSatProject/..//hal/hcc/lib\libHCCD.a(fat_common.o)
 .text._f_getvolume
                0x2001becc      0x2f8 C:/ISIS/workspace/ycube/GlobusSatProject/..//hal/hcc/lib\libHCCD.a(fat_common.o)
                0x2001becc                _f_getvolume
 .text.fn_createdriver
                0x2001c1c4      0x118 C:/ISIS/workspace/ycube/GlobusSatProject/..//hal/hcc/lib\libHCCD.a(fat_common.o)
                0x2001c1c4                fn_createdriver
 .text.fn_initvolume
                0x2001c2dc      0x12c C:/ISIS/workspace/ycube/GlobusSatProject/..//hal/hcc/lib\libHCCD.a(fat_common.o)
                0x2001c2dc                fn_initvolume
 .text.fn_releasedriver
                0x2001c408       0xf4 C:/ISIS/workspace/ycube/GlobusSatProject/..//hal/hcc/lib\libHCCD.a(fat_common.o)
                0x2001c408                fn_releasedriver
 .text.fn_initvolumepartition_sub
                0x2001c4fc       0xe0 C:/ISIS/workspace/ycube/GlobusSatProject/..//hal/hcc/lib\libHCCD.a(fat_common.o)
 .text.fn_initvolumepartition
                0x2001c5dc       0xac C:/ISIS/workspace/ycube/GlobusSatProject/..//hal/hcc/lib\libHCCD.a(fat_common.o)
                0x2001c5dc                fn_initvolumepartition
 .text.fn_delvolume
                0x2001c688      0x194 C:/ISIS/workspace/ycube/GlobusSatProject/..//hal/hcc/lib\libHCCD.a(fat_common.o)
                0x2001c688                fn_delvolume
 .text._f_clustertopos
                0x2001c81c       0xf8 C:/ISIS/workspace/ycube/GlobusSatProject/..//hal/hcc/lib\libHCCD.a(fat_common.o)
                0x2001c81c                _f_clustertopos
 .text._f_prepareformat
                0x2001c914      0x8b8 C:/ISIS/workspace/ycube/GlobusSatProject/..//hal/hcc/lib\libHCCD.a(fat_common.o)
 .text._f_resetfatentries
                0x2001d1cc      0x410 C:/ISIS/workspace/ycube/GlobusSatProject/..//hal/hcc/lib\libHCCD.a(fat_common.o)
 .text._f_resetrootdir
                0x2001d5dc       0xcc C:/ISIS/workspace/ycube/GlobusSatProject/..//hal/hcc/lib\libHCCD.a(fat_common.o)
 .text._f_postformat
                0x2001d6a8      0x178 C:/ISIS/workspace/ycube/GlobusSatProject/..//hal/hcc/lib\libHCCD.a(fat_common.o)
 .text.fn_format
                0x2001d820      0x148 C:/ISIS/workspace/ycube/GlobusSatProject/..//hal/hcc/lib\libHCCD.a(fat_common.o)
                0x2001d820                fn_format
 .text._f_getcurrsector
                0x2001d968      0x6c8 C:/ISIS/workspace/ycube/GlobusSatProject/..//hal/hcc/lib\libHCCD.a(fat_common.o)
                0x2001d968                _f_getcurrsector
 .text._f_getdecluster
                0x2001e030       0x90 C:/ISIS/workspace/ycube/GlobusSatProject/..//hal/hcc/lib\libHCCD.a(fat_common.o)
                0x2001e030                _f_getdecluster
 .text._f_setdecluster
                0x2001e0c0       0x8c C:/ISIS/workspace/ycube/GlobusSatProject/..//hal/hcc/lib\libHCCD.a(fat_common.o)
                0x2001e0c0                _f_setdecluster
 .text.fn_getdrive
                0x2001e14c       0x30 C:/ISIS/workspace/ycube/GlobusSatProject/..//hal/hcc/lib\libHCCD.a(fat_common.o)
                0x2001e14c                fn_getdrive
 .text._f_getcurrenttimedate
                0x2001e17c      0x138 C:/ISIS/workspace/ycube/GlobusSatProject/..//hal/hcc/lib\libHCCD.a(fat_common.o)
                0x2001e17c                _f_getcurrenttimedate
 .text._f_initentry
                0x2001e2b4       0xa0 C:/ISIS/workspace/ycube/GlobusSatProject/..//hal/hcc/lib\libHCCD.a(fat_common.o)
                0x2001e2b4                _f_initentry
 .text._f_alloccluster
                0x2001e354      0x344 C:/ISIS/workspace/ycube/GlobusSatProject/..//hal/hcc/lib\libHCCD.a(fat_common.o)
                0x2001e354                _f_alloccluster
 .text._f_dobadblock
                0x2001e698      0x2cc C:/ISIS/workspace/ycube/GlobusSatProject/..//hal/hcc/lib\libHCCD.a(fat_common.o)
                0x2001e698                _f_dobadblock
 .text._f_checklocked
                0x2001e964       0xe4 C:/ISIS/workspace/ycube/GlobusSatProject/..//hal/hcc/lib\libHCCD.a(fat_common.o)
                0x2001e964                _f_checklocked
 .text._f_checkappendlocked
                0x2001ea48      0x110 C:/ISIS/workspace/ycube/GlobusSatProject/..//hal/hcc/lib\libHCCD.a(fat_common.o)
                0x2001ea48                _f_checkappendlocked
 .text._f_setsyncafile
                0x2001eb58      0x114 C:/ISIS/workspace/ycube/GlobusSatProject/..//hal/hcc/lib\libHCCD.a(fat_common.o)
                0x2001eb58                _f_setsyncafile
 .text._f_syncfiles
                0x2001ec6c      0x128 C:/ISIS/workspace/ycube/GlobusSatProject/..//hal/hcc/lib\libHCCD.a(fat_common.o)
                0x2001ec6c                _f_syncfiles
 .text._f_syncfilescontent
                0x2001ed94      0x15c C:/ISIS/workspace/ycube/GlobusSatProject/..//hal/hcc/lib\libHCCD.a(fat_common.o)
 .text.fn_getfreespace
                0x2001eef0      0x4c0 C:/ISIS/workspace/ycube/GlobusSatProject/..//hal/hcc/lib\libHCCD.a(fat_common.o)
                0x2001eef0                fn_getfreespace
 .text._f_emptywritecache
                0x2001f3b0      0x4a4 C:/ISIS/workspace/ycube/GlobusSatProject/..//hal/hcc/lib\libHCCD.a(fat_common.o)
 .text._f_allocnextcluster
                0x2001f854      0x54c C:/ISIS/workspace/ycube/GlobusSatProject/..//hal/hcc/lib\libHCCD.a(fat_common.o)
 .text._f_emptywritebuffer
                0x2001fda0      0x20c C:/ISIS/workspace/ycube/GlobusSatProject/..//hal/hcc/lib\libHCCD.a(fat_common.o)
 .text._f_writezeros
                0x2001ffac       0xf0 C:/ISIS/workspace/ycube/GlobusSatProject/..//hal/hcc/lib\libHCCD.a(fat_common.o)
                0x2001ffac                _f_writezeros
 .text._f_extend_file
                0x2002009c      0x570 C:/ISIS/workspace/ycube/GlobusSatProject/..//hal/hcc/lib\libHCCD.a(fat_common.o)
 .text._f_fseek
                0x2002060c      0x9bc C:/ISIS/workspace/ycube/GlobusSatProject/..//hal/hcc/lib\libHCCD.a(fat_common.o)
                0x2002060c                _f_fseek
 .text._f_removechain
                0x20020fc8      0x104 C:/ISIS/workspace/ycube/GlobusSatProject/..//hal/hcc/lib\libHCCD.a(fat_common.o)
                0x20020fc8                _f_removechain
 .text._f_updatefileentry
                0x200210cc      0x1cc C:/ISIS/workspace/ycube/GlobusSatProject/..//hal/hcc/lib\libHCCD.a(fat_common.o)
 .text._f_checkreadlocked
                0x20021298      0x1bc C:/ISIS/workspace/ycube/GlobusSatProject/..//hal/hcc/lib\libHCCD.a(fat_common.o)
                0x20021298                _f_checkreadlocked
 .text._f_check_handle
                0x20021454       0x98 C:/ISIS/workspace/ycube/GlobusSatProject/..//hal/hcc/lib\libHCCD.a(fat_common.o)
                0x20021454                _f_check_handle
 .text._f_removesyncafile
                0x200214ec      0x1ec C:/ISIS/workspace/ycube/GlobusSatProject/..//hal/hcc/lib\libHCCD.a(fat_common.o)
 .text.fn_close
                0x200216d8      0x3f8 C:/ISIS/workspace/ycube/GlobusSatProject/..//hal/hcc/lib\libHCCD.a(fat_common.o)
                0x200216d8                fn_close
 .text.fn_flush
                0x20021ad0      0x374 C:/ISIS/workspace/ycube/GlobusSatProject/..//hal/hcc/lib\libHCCD.a(fat_common.o)
                0x20021ad0                fn_flush
 .text.fn_read  0x20021e44      0x690 C:/ISIS/workspace/ycube/GlobusSatProject/..//hal/hcc/lib\libHCCD.a(fat_common.o)
                0x20021e44                fn_read
 .text._f_abortwrite
                0x200224d4      0x100 C:/ISIS/workspace/ycube/GlobusSatProject/..//hal/hcc/lib\libHCCD.a(fat_common.o)
 .text._f_checkwritecluster
                0x200225d4       0xe4 C:/ISIS/workspace/ycube/GlobusSatProject/..//hal/hcc/lib\libHCCD.a(fat_common.o)
 .text.fn_write
                0x200226b8      0x8a8 C:/ISIS/workspace/ycube/GlobusSatProject/..//hal/hcc/lib\libHCCD.a(fat_common.o)
                0x200226b8                fn_write
 .text.fn_seek  0x20022f60      0x270 C:/ISIS/workspace/ycube/GlobusSatProject/..//hal/hcc/lib\libHCCD.a(fat_common.o)
                0x20022f60                fn_seek
 .text.fn_tell  0x200231d0      0x19c C:/ISIS/workspace/ycube/GlobusSatProject/..//hal/hcc/lib\libHCCD.a(fat_common.o)
                0x200231d0                fn_tell
 .text.fn_rewind
                0x2002336c       0x38 C:/ISIS/workspace/ycube/GlobusSatProject/..//hal/hcc/lib\libHCCD.a(fat_common.o)
                0x2002336c                fn_rewind
 .text.fn_putc  0x200233a4       0x68 C:/ISIS/workspace/ycube/GlobusSatProject/..//hal/hcc/lib\libHCCD.a(fat_common.o)
                0x200233a4                fn_putc
 .text.f_enterFS
                0x2002340c      0x1c0 C:/ISIS/workspace/ycube/GlobusSatProject/..//hal/hcc/lib\libHCCD.a(fat_common.o)
                0x2002340c                f_enterFS
 .text.f_releaseFS
                0x200235cc       0xb0 C:/ISIS/workspace/ycube/GlobusSatProject/..//hal/hcc/lib\libHCCD.a(fat_common.o)
                0x200235cc                f_releaseFS
 .text.fnGetTask
                0x2002367c       0xfc C:/ISIS/workspace/ycube/GlobusSatProject/..//hal/hcc/lib\libHCCD.a(fat_common.o)
                0x2002367c                fnGetTask
 .text._f_mutex_get
                0x20023778       0x98 C:/ISIS/workspace/ycube/GlobusSatProject/..//hal/hcc/lib\libHCCD.a(fat_common.o)
                0x20023778                _f_mutex_get
 .text._f_mutex_put
                0x20023810       0x54 C:/ISIS/workspace/ycube/GlobusSatProject/..//hal/hcc/lib\libHCCD.a(fat_common.o)
                0x20023810                _f_mutex_put
 .text._fn_initseekdivisor
                0x20023864      0x158 C:/ISIS/workspace/ycube/GlobusSatProject/..//hal/hcc/lib\libHCCD.a(fat_common.o)
                0x20023864                _fn_initseekdivisor
 .text._fn_updateseekpos
                0x200239bc       0xc4 C:/ISIS/workspace/ycube/GlobusSatProject/..//hal/hcc/lib\libHCCD.a(fat_common.o)
 .text._f_findopensize
                0x20023a80       0x2c C:/ISIS/workspace/ycube/GlobusSatProject/..//hal/hcc/lib\libHCCD.a(fat_common.o)
                0x20023a80                _f_findopensize
 .text.fn_setlasterror
                0x20023aac       0x34 C:/ISIS/workspace/ycube/GlobusSatProject/..//hal/hcc/lib\libHCCD.a(fat_common.o)
                0x20023aac                fn_setlasterror
 .text.fn_setlasterror_noret
                0x20023ae0       0x2c C:/ISIS/workspace/ycube/GlobusSatProject/..//hal/hcc/lib\libHCCD.a(fat_common.o)
                0x20023ae0                fn_setlasterror_noret
 .text._s_checkzeroclusteratend
                0x20023b0c       0xf8 C:/ISIS/workspace/ycube/GlobusSatProject/..//hal/hcc/lib\libHCCD.a(safefat.o)
 .text._s_clearclustercontent
                0x20023c04      0x108 C:/ISIS/workspace/ycube/GlobusSatProject/..//hal/hcc/lib\libHCCD.a(safefat.o)
 .text._s_clearclustercontentdir
                0x20023d0c      0x19c C:/ISIS/workspace/ycube/GlobusSatProject/..//hal/hcc/lib\libHCCD.a(safefat.o)
 .text._s_writedirsector
                0x20023ea8       0xd0 C:/ISIS/workspace/ycube/GlobusSatProject/..//hal/hcc/lib\libHCCD.a(safefat.o)
 .text._s_getdirsector
                0x20023f78      0x100 C:/ISIS/workspace/ycube/GlobusSatProject/..//hal/hcc/lib\libHCCD.a(safefat.o)
 .text._s_addentry
                0x20024078      0x394 C:/ISIS/workspace/ycube/GlobusSatProject/..//hal/hcc/lib\libHCCD.a(safefat.o)
 .text._s_findfile
                0x2002440c      0x33c C:/ISIS/workspace/ycube/GlobusSatProject/..//hal/hcc/lib\libHCCD.a(safefat.o)
 .text._s_findsubdir
                0x20024748      0x248 C:/ISIS/workspace/ycube/GlobusSatProject/..//hal/hcc/lib\libHCCD.a(safefat.o)
 .text._s_createfile
                0x20024990      0x190 C:/ISIS/workspace/ycube/GlobusSatProject/..//hal/hcc/lib\libHCCD.a(safefat.o)
 .text._s_findsaffile
                0x20024b20      0x1b8 C:/ISIS/workspace/ycube/GlobusSatProject/..//hal/hcc/lib\libHCCD.a(safefat.o)
 .text._s_open  0x20024cd8       0xe4 C:/ISIS/workspace/ycube/GlobusSatProject/..//hal/hcc/lib\libHCCD.a(safefat.o)
 .text._s_open_saf
                0x20024dbc       0xe8 C:/ISIS/workspace/ycube/GlobusSatProject/..//hal/hcc/lib\libHCCD.a(safefat.o)
 .text._s_flush
                0x20024ea4       0x84 C:/ISIS/workspace/ycube/GlobusSatProject/..//hal/hcc/lib\libHCCD.a(safefat.o)
 .text._s_allocnextcluster
                0x20024f28      0x13c C:/ISIS/workspace/ycube/GlobusSatProject/..//hal/hcc/lib\libHCCD.a(safefat.o)
 .text._s_getnextsector
                0x20025064       0xdc C:/ISIS/workspace/ycube/GlobusSatProject/..//hal/hcc/lib\libHCCD.a(safefat.o)
 .text._s_seek  0x20025140      0x1e8 C:/ISIS/workspace/ycube/GlobusSatProject/..//hal/hcc/lib\libHCCD.a(safefat.o)
 .text._s_get_len
                0x20025328      0x10c C:/ISIS/workspace/ycube/GlobusSatProject/..//hal/hcc/lib\libHCCD.a(safefat.o)
 .text._s_set_len
                0x20025434       0xb4 C:/ISIS/workspace/ycube/GlobusSatProject/..//hal/hcc/lib\libHCCD.a(safefat.o)
 .text.safe_fix_filelengths
                0x200254e8       0xcc C:/ISIS/workspace/ycube/GlobusSatProject/..//hal/hcc/lib\libHCCD.a(safefat.o)
                0x200254e8                safe_fix_filelengths
 .text._s_read  0x200255b4      0x228 C:/ISIS/workspace/ycube/GlobusSatProject/..//hal/hcc/lib\libHCCD.a(safefat.o)
 .text._s_write
                0x200257dc      0x384 C:/ISIS/workspace/ycube/GlobusSatProject/..//hal/hcc/lib\libHCCD.a(safefat.o)
 .text._s_restoreclusters
                0x20025b60      0x270 C:/ISIS/workspace/ycube/GlobusSatProject/..//hal/hcc/lib\libHCCD.a(safefat.o)
                0x20025b60                _s_restoreclusters
 .text._s_findrestore
                0x20025dd0      0x18c C:/ISIS/workspace/ycube/GlobusSatProject/..//hal/hcc/lib\libHCCD.a(safefat.o)
 .text._s_cmd_writede
                0x20025f5c       0xd8 C:/ISIS/workspace/ycube/GlobusSatProject/..//hal/hcc/lib\libHCCD.a(safefat.o)
 .text._s_cmd_setcluster
                0x20026034       0x88 C:/ISIS/workspace/ycube/GlobusSatProject/..//hal/hcc/lib\libHCCD.a(safefat.o)
 .text._s_cmd_deletechain
                0x200260bc      0x100 C:/ISIS/workspace/ycube/GlobusSatProject/..//hal/hcc/lib\libHCCD.a(safefat.o)
 .text._s_cmd_validatecfn
                0x200261bc      0x308 C:/ISIS/workspace/ycube/GlobusSatProject/..//hal/hcc/lib\libHCCD.a(safefat.o)
 .text._s_cmd_seteof
                0x200264c4      0x3c4 C:/ISIS/workspace/ycube/GlobusSatProject/..//hal/hcc/lib\libHCCD.a(safefat.o)
 .text.safe_docommands
                0x20026888      0x56c C:/ISIS/workspace/ycube/GlobusSatProject/..//hal/hcc/lib\libHCCD.a(safefat.o)
                0x20026888                safe_docommands
 .text.safe_entercommand
                0x20026df4       0x68 C:/ISIS/workspace/ycube/GlobusSatProject/..//hal/hcc/lib\libHCCD.a(safefat.o)
                0x20026df4                safe_entercommand
 .text.safe_ready
                0x20026e5c       0xf4 C:/ISIS/workspace/ycube/GlobusSatProject/..//hal/hcc/lib\libHCCD.a(safefat.o)
                0x20026e5c                safe_ready
 .text.safe_copycfn
                0x20026f50       0xb8 C:/ISIS/workspace/ycube/GlobusSatProject/..//hal/hcc/lib\libHCCD.a(safefat.o)
                0x20026f50                safe_copycfn
 .text.safe_cfremove
                0x20027008       0xb8 C:/ISIS/workspace/ycube/GlobusSatProject/..//hal/hcc/lib\libHCCD.a(safefat.o)
                0x20027008                safe_cfremove
 .text.safe_writede
                0x200270c0      0x104 C:/ISIS/workspace/ycube/GlobusSatProject/..//hal/hcc/lib\libHCCD.a(safefat.o)
                0x200270c0                safe_writede
 .text.safe_setcluster
                0x200271c4       0xcc C:/ISIS/workspace/ycube/GlobusSatProject/..//hal/hcc/lib\libHCCD.a(safefat.o)
                0x200271c4                safe_setcluster
 .text.safe_deletechain
                0x20027290      0x1c8 C:/ISIS/workspace/ycube/GlobusSatProject/..//hal/hcc/lib\libHCCD.a(safefat.o)
                0x20027290                safe_deletechain
 .text.safe_cfclose
                0x20027458      0x104 C:/ISIS/workspace/ycube/GlobusSatProject/..//hal/hcc/lib\libHCCD.a(safefat.o)
                0x20027458                safe_cfclose
 .text.safe_cfflush
                0x2002755c      0x124 C:/ISIS/workspace/ycube/GlobusSatProject/..//hal/hcc/lib\libHCCD.a(safefat.o)
                0x2002755c                safe_cfflush
 .text.safe_reset
                0x20027680       0x78 C:/ISIS/workspace/ycube/GlobusSatProject/..//hal/hcc/lib\libHCCD.a(safefat.o)
                0x20027680                safe_reset
 .text.safe_loadcommands
                0x200276f8       0x78 C:/ISIS/workspace/ycube/GlobusSatProject/..//hal/hcc/lib\libHCCD.a(safefat.o)
                0x200276f8                safe_loadcommands
 .text.safe_poweron
                0x20027770      0x1fc C:/ISIS/workspace/ycube/GlobusSatProject/..//hal/hcc/lib\libHCCD.a(safefat.o)
                0x20027770                safe_poweron
 .text.cf_getname
                0x2002796c       0xc0 C:/ISIS/workspace/ycube/GlobusSatProject/..//hal/hcc/lib\libHCCD.a(safefat.o)
 .text.cf_copyclusterchain
                0x20027a2c      0x138 C:/ISIS/workspace/ycube/GlobusSatProject/..//hal/hcc/lib\libHCCD.a(safefat.o)
 .text.cf_seektozero
                0x20027b64       0x94 C:/ISIS/workspace/ycube/GlobusSatProject/..//hal/hcc/lib\libHCCD.a(safefat.o)
                0x20027b64                cf_seektozero
 .text.cf_create
                0x20027bf8      0x3a8 C:/ISIS/workspace/ycube/GlobusSatProject/..//hal/hcc/lib\libHCCD.a(safefat.o)
                0x20027bf8                cf_create
 .text.cf_copyclustercontent
                0x20027fa0      0x128 C:/ISIS/workspace/ycube/GlobusSatProject/..//hal/hcc/lib\libHCCD.a(safefat.o)
                0x20027fa0                cf_copyclustercontent
 .text.cf_copycfn
                0x200280c8      0x4bc C:/ISIS/workspace/ycube/GlobusSatProject/..//hal/hcc/lib\libHCCD.a(safefat.o)
                0x200280c8                cf_copycfn
 .text.cf_remove
                0x20028584      0x344 C:/ISIS/workspace/ycube/GlobusSatProject/..//hal/hcc/lib\libHCCD.a(safefat.o)
                0x20028584                cf_remove
 .text.cf_setclusternew
                0x200288c8       0xf0 C:/ISIS/workspace/ycube/GlobusSatProject/..//hal/hcc/lib\libHCCD.a(safefat.o)
                0x200288c8                cf_setclusternew
 .text.cf_flush
                0x200289b8       0x58 C:/ISIS/workspace/ycube/GlobusSatProject/..//hal/hcc/lib\libHCCD.a(safefat.o)
                0x200289b8                cf_flush
 .text.cf_getcluster
                0x20028a10      0x1b4 C:/ISIS/workspace/ycube/GlobusSatProject/..//hal/hcc/lib\libHCCD.a(safefat.o)
                0x20028a10                cf_getcluster
 .text.cf_setnextcluster
                0x20028bc4      0x194 C:/ISIS/workspace/ycube/GlobusSatProject/..//hal/hcc/lib\libHCCD.a(safefat.o)
                0x20028bc4                cf_setnextcluster
 .text.cf_getpositions
                0x20028d58       0xbc C:/ISIS/workspace/ycube/GlobusSatProject/..//hal/hcc/lib\libHCCD.a(safefat.o)
                0x20028d58                cf_getpositions
 .text.cf_setpositions
                0x20028e14       0xb0 C:/ISIS/workspace/ycube/GlobusSatProject/..//hal/hcc/lib\libHCCD.a(safefat.o)
                0x20028e14                cf_setpositions
 .text.cf_opensyncafile
                0x20028ec4      0x150 C:/ISIS/workspace/ycube/GlobusSatProject/..//hal/hcc/lib\libHCCD.a(safefat.o)
                0x20028ec4                cf_opensyncafile
 .text.cf_reloadcfo
                0x20029014       0xd8 C:/ISIS/workspace/ycube/GlobusSatProject/..//hal/hcc/lib\libHCCD.a(safefat.o)
                0x20029014                cf_reloadcfo
 .text.mcipdc_cmd
                0x200290ec      0x22c C:/ISIS/workspace/ycube/GlobusSatProject/..//hal/hcc/lib\libHCCD.a(atmel_mcipdc.o)
 .text.mcipdc_stop
                0x20029318       0xfc C:/ISIS/workspace/ycube/GlobusSatProject/..//hal/hcc/lib\libHCCD.a(atmel_mcipdc.o)