Archive member included because of file (symbol)

C:/ISIS/workspace/ycube/GlobusSatProject/..//hal/hal/lib\libHALD.a(ADC.o)
                              ./src/SubSystemModules/Housekepping/TelemetryCollector.o (ADC_ConvertRaw10bitToMillivolt)
C:/ISIS/workspace/ycube/GlobusSatProject/..//hal/hal/lib\libHALD.a(I2C.o)
                              ./src/SubSystemModules/Communication/SubsystemCommands/Maintanence_Commands.o (I2C_write)
C:/ISIS/workspace/ycube/GlobusSatProject/..//hal/hal/lib\libHALD.a(SPI.o)
                              ./src/InitSystem.o (SPI_start)
C:/ISIS/workspace/ycube/GlobusSatProject/..//hal/hal/lib\libHALD.a(FRAM.o)
                              ./src/SubSystemModules/Communication/SubsystemCommands/Maintanence_Commands.o (FRAM_start)
C:/ISIS/workspace/ycube/GlobusSatProject/..//hal/hal/lib\libHALD.a(Time.o)
                              ./src/InitSystem.o (Time_start)
C:/ISIS/workspace/ycube/GlobusSatProject/..//hal/hal/lib\libHALD.a(WatchDogTimerNoOS.o)
                              ./src/main.o (WDT_start)
C:/ISIS/workspace/ycube/GlobusSatProject/..//hal/hal/lib\libHALD.a(WatchDogTimerOS.o)
                              ./src/TestingDemos/MainTest.o (WDT_startWatchdogKickTask)
C:/ISIS/workspace/ycube/GlobusSatProject/..//hal/hal/lib\libHALD.a(fprintf.o)
                              ./src/TLM_management.o (f_puts)
C:/ISIS/workspace/ycube/GlobusSatProject/..//hal/hal/lib\libHALD.a(util.o)
                              ./src/TestingDemos/EpsTestingDemo.o (UTIL_DbguGetInteger)
C:/ISIS/workspace/ycube/GlobusSatProject/..//hal/hal/lib\libHALD.a(LED.o)
                              C:/ISIS/workspace/ycube/GlobusSatProject/..//hal/hal/lib\libHALD.a(WatchDogTimerOS.o) (LED_toggle)
C:/ISIS/workspace/ycube/GlobusSatProject/..//hal/hal/lib\libHALD.a(RTC.o)
                              C:/ISIS/workspace/ycube/GlobusSatProject/..//hal/hal/lib\libHALD.a(Time.o) (RTC_getTime)
C:/ISIS/workspace/ycube/GlobusSatProject/..//hal/hal/lib\libHALD.a(RTT.o)
                              C:/ISIS/workspace/ycube/GlobusSatProject/..//hal/hal/lib\libHALD.a(Time.o) (RTT_start)
C:/ISIS/workspace/ycube/GlobusSatProject/..//hal/hcc/lib\libHCCD.a(fat_common.o)
                              ./src/TLM_management.o (fn_init)
C:/ISIS/workspace/ycube/GlobusSatProject/..//hal/hcc/lib\libHCCD.a(fat_m.o)
                              ./src/TLM_management.o (fm_initvolume)
C:/ISIS/workspace/ycube/GlobusSatProject/..//hal/hcc/lib\libHCCD.a(safefat.o)
                              C:/ISIS/workspace/ycube/GlobusSatProject/..//hal/hcc/lib\libHCCD.a(fat_common.o) (safe_fix_filelengths)
C:/ISIS/workspace/ycube/GlobusSatProject/..//hal/hcc/lib\libHCCD.a(atmel_mcipdc.o)
                              ./src/TLM_management.o (atmel_mcipdc_initfunc)
C:/ISIS/workspace/ycube/GlobusSatProject/..//hal/hcc/lib\libHCCD.a(oalp_mutex.o)
                              C:/ISIS/workspace/ycube/GlobusSatProject/..//hal/hcc/lib\libHCCD.a(fat_common.o) (oal_mutex_create)
C:/ISIS/workspace/ycube/GlobusSatProject/..//hal/hcc/lib\libHCCD.a(oalp_task.o)
                              C:/ISIS/workspace/ycube/GlobusSatProject/..//hal/hcc/lib\libHCCD.a(fat_common.o) (oal_task_get_id)
C:/ISIS/workspace/ycube/GlobusSatProject/..//hal/hcc/lib\libHCCD.a(atmel_mcipdc_hw.o)
                              C:/ISIS/workspace/ycube/GlobusSatProject/..//hal/hcc/lib\libHCCD.a(atmel_mcipdc.o) (mcipdc_hw_init)
C:/ISIS/workspace/ycube/GlobusSatProject/..//hal/hcc/lib\libHCCD.a(psp_rand.o)
                              C:/ISIS/workspace/ycube/GlobusSatProject/..//hal/hcc/lib\libHCCD.a(fat_common.o) (psp_getrand)
C:/ISIS/workspace/ycube/GlobusSatProject/..//hal/hcc/lib\libHCCD.a(psp_rtc.o)
                              C:/ISIS/workspace/ycube/GlobusSatProject/..//hal/hcc/lib\libHCCD.a(fat_common.o) (psp_getcurrenttimedate)
C:/ISIS/workspace/ycube/GlobusSatProject/..//hal/hcc/lib\libHCCD.a(hcc_mem.o)
                              C:/ISIS/workspace/ycube/GlobusSatProject/..//hal/hcc/lib\libHCCD.a(atmel_mcipdc.o) (hcc_mem_alloc)
C:/ISIS/workspace/ycube/GlobusSatProject/..//hal/hcc/lib\libHCCD.a(fat.o)
                              C:/ISIS/workspace/ycube/GlobusSatProject/..//hal/hcc/lib\libHCCD.a(fat_common.o) (_f_getdirsector)
C:/ISIS/workspace/ycube/GlobusSatProject/..//hal/hcc/lib\libHCCD.a(psp_hcc_mem.o)
                              C:/ISIS/workspace/ycube/GlobusSatProject/..//hal/hcc/lib\libHCCD.a(hcc_mem.o) (hcc_mem_buf_alloc)
C:/ISIS/workspace/ycube/GlobusSatProject/..//satellite-subsystems/satellite-subsystems/lib\libSatelliteSubsystemsD.a(IsisAntS.o)
                              ./src/SubSystemModules/Communication/TRXVU.o (IsisAntS_initialize)
C:/ISIS/workspace/ycube/GlobusSatProject/..//satellite-subsystems/satellite-subsystems/lib\libSatelliteSubsystemsD.a(IsisSolarPanelv2.o)
                              ./src/SubSystemModules/PowerManagment/EPS.o (IsisSolarPanelv2_initialize)
[...]
Memory Configuration

Name             Origin             Length             Attributes
sram0            0x00200000         0x00004000         w !xr
sram1            0x00300000         0x00004000         w !xr
sdram            0x20000000         0x02000000         w !xr
*default*        0x00000000         0xffffffff

Linker script and memory map

LOAD c:/isis/application/toolchain/bin/../lib/gcc/arm-none-eabi/4.7.4/../../../../arm-none-eabi/lib\libc.a
LOAD ./src/TestingDemos/CommandsTestingDemo.o
LOAD ./src/TestingDemos/EpsTestingDemo.o
LOAD ./src/TestingDemos/FileSystemTestingDemo.o
LOAD ./src/TestingDemos/MainTest.o
LOAD ./src/TestingDemos/MaintenanceTestingDemo.o
LOAD ./src/TestingDemos/TelemetryTestingDemo.o
LOAD ./src/TestingDemos/TrxvuTestingDemo.o
LOAD ./src/SubSystemModules/PowerManagment/EPS.o
LOAD ./src/SubSystemModules/PowerManagment/EPSOperationModes.o
LOAD ./src/SubSystemModules/Maintenance/Maintenance.o
LOAD ./src/SubSystemModules/Housekepping/TelemetryCollector.o
LOAD ./src/SubSystemModules/Communication/SubsystemCommands/EPS_Commands.o
LOAD ./src/SubSystemModules/Communication/SubsystemCommands/FS_Commands.o
LOAD ./src/SubSystemModules/Communication/SubsystemCommands/Maintanence_Commands.o
LOAD ./src/SubSystemModules/Communication/SubsystemCommands/TRXVU_Commands.o
LOAD ./src/SubSystemModules/Communication/AckHandler.o
LOAD ./src/SubSystemModules/Communication/CommandDictionary.o
LOAD ./src/SubSystemModules/Communication/SatCommandHandler.o
LOAD ./src/SubSystemModules/Communication/TRXVU.o
LOAD ./src/InitSystem.o
LOAD ./src/TLM_management.o
LOAD ./src/main.o
LOAD ./src/utils.o
LOAD C:/ISIS/workspace/ycube/GlobusSatProject/..//hal/hal/lib\libHALD.a
LOAD C:/ISIS/workspace/ycube/GlobusSatProject/..//hal/hcc/lib\libHCCD.a
LOAD C:/ISIS/workspace/ycube/GlobusSatProject/..//satellite-subsystems/satellite-subsystems/lib\libSatelliteSubsystemsD.a
LOAD C:/ISIS/workspace/ycube/GlobusSatProject/..//hal/freertos/lib\libFreeRTOSD.a
LOAD C:/ISIS/workspace/ycube/GlobusSatProject/..//hal/at91/lib\libAt91D.a
START GROUP
LOAD c:/isis/application/toolchain/bin/../lib/gcc/arm-none-eabi/4.7.4\libgcc.a
LOAD c:/isis/application/toolchain/bin/../lib/gcc/arm-none-eabi/4.7.4/../../../../arm-none-eabi/lib\libg.a
LOAD c:/isis/application/toolchain/bin/../lib/gcc/arm-none-eabi/4.7.4/../../../../arm-none-eabi/lib\libc.a
END GROUP

.fixed          0x20000000    0x412d0
                0x20000000                . = ALIGN (0x4)
                0x20000000                _sfixed = .
 *(.startup)
 .startup       0x20000000      0x14c C:/ISIS/workspace/ycube/GlobusSatProject/..//hal/at91/lib\libAt91D.a(board_cstartup.o)
                0x20000000                entry
 *(.text)
 .text          0x2000014c       0x64 C:/ISIS/workspace/ycube/GlobusSatProject/..//hal/at91/lib\libAt91D.a(cp15_asm.o)
                0x2000014c                _readControlRegister
                0x20000158                _writeControlRegister
                0x20000160                _waitForInterrupt
                0x2000016c                _writeTTB
                0x20000174                _writeDomain
                0x2000017c                _writeITLBLockdown
                0x20000184                _prefetchICacheLine
                0x2000018c                _flushDCache
                0x20000198                _flushWriteBuffer
                0x200001a4                _invalidateIDTLBs
 .text          0x200001b0      0x114 c:/isis/application/toolchain/bin/../lib/gcc/arm-none-eabi/4.7.4\libgcc.a(_udivsi3.o)
                0x200001b0                __aeabi_uidiv
                0x200001b0                __udivsi3
                0x200002a4                __aeabi_uidivmod
 .text          0x200002c4      0x148 c:/isis/application/toolchain/bin/../lib/gcc/arm-none-eabi/4.7.4\libgcc.a(_divsi3.o)
                0x200002c4                __divsi3
                0x200002c4                __aeabi_idiv
                0x200003ec                __aeabi_idivmod
 .text          0x2000040c        0x4 c:/isis/application/toolchain/bin/../lib/gcc/arm-none-eabi/4.7.4\libgcc.a(_dvmd_tls.o)
                0x2000040c                __aeabi_idiv0
                0x2000040c                __aeabi_ldiv0
 .text          0x20000410      0x41c c:/isis/application/toolchain/bin/../lib/gcc/arm-none-eabi/4.7.4\libgcc.a(_arm_addsubdf3.o)
                0x20000410                __aeabi_drsub
                0x20000418                __aeabi_dsub
                0x20000418                __subdf3
                0x2000041c                __aeabi_dadd
                0x2000041c                __adddf3
                0x2000072c                __floatunsidf
                0x2000072c                __aeabi_ui2d
                0x20000750                __floatsidf
                0x20000750                __aeabi_i2d
                0x20000778                __aeabi_f2d
                0x20000778                __extendsfdf2
                0x200007b8                __floatundidf
                0x200007b8                __aeabi_ul2d
                0x200007cc                __floatdidf
                0x200007cc                __aeabi_l2d
 .text          0x2000082c      0x49c c:/isis/application/toolchain/bin/../lib/gcc/arm-none-eabi/4.7.4\libgcc.a(_arm_muldivdf3.o)
                0x2000082c                __aeabi_dmul
                0x2000082c                __muldf3
                0x20000abc                __divdf3
                0x20000abc                __aeabi_ddiv
 .text          0x20000cc8      0x144 c:/isis/application/toolchain/bin/../lib/gcc/arm-none-eabi/4.7.4\libgcc.a(_arm_cmpdf2.o)
                0x20000cc8                __gtdf2
                0x20000cc8                __gedf2
                0x20000cd0                __ltdf2
                0x20000cd0                __ledf2
                0x20000cd8                __nedf2
                0x20000cd8                __eqdf2
                0x20000cd8                __cmpdf2
                0x20000d60                __aeabi_cdrcmple
                0x20000d7c                __aeabi_cdcmpeq
                0x20000d7c                __aeabi_cdcmple
                0x20000d94                __aeabi_dcmpeq
                0x20000dac                __aeabi_dcmplt
                0x20000dc4                __aeabi_dcmple
                0x20000ddc                __aeabi_dcmpge
                0x20000df4                __aeabi_dcmpgt
 .text          0x20000e0c      0x2ac c:/isis/application/toolchain/bin/../lib/gcc/arm-none-eabi/4.7.4\libgcc.a(_arm_addsubsf3.o)
                0x20000e0c                __aeabi_frsub
                0x20000e14                __subsf3
                0x20000e14                __aeabi_fsub
                0x20000e18                __aeabi_fadd
                0x20000e18                __addsf3
                0x20000fd4                __aeabi_ui2f
                0x20000fd4                __floatunsisf
                0x20000fdc                __aeabi_i2f
                0x20000fdc                __floatsisf
                0x20000ffc                __aeabi_ul2f
                0x20000ffc                __floatundisf
                0x2000100c                __aeabi_l2f
                0x2000100c                __floatdisf
 .text          0x200010b8      0x2f8 c:/isis/application/toolchain/bin/../lib/gcc/arm-none-eabi/4.7.4\libgcc.a(_arm_muldivsf3.o)
                0x200010b8                __mulsf3
                0x200010b8                __aeabi_fmul
                0x20001250                __aeabi_fdiv
                0x20001250                __divsf3
 .text          0x200013b0      0x114 c:/isis/application/toolchain/bin/../lib/gcc/arm-none-eabi/4.7.4\libgcc.a(_arm_cmpsf2.o)
                0x200013b0                __gesf2
                0x200013b0                __gtsf2
                0x200013b8                __lesf2
                0x200013b8                __ltsf2
                0x200013c0                __nesf2
                0x200013c0                __eqsf2
                0x200013c0                __cmpsf2
                0x20001424                __aeabi_cfrcmple
                0x20001434                __aeabi_cfcmpeq
                0x20001434                __aeabi_cfcmple
                0x2000144c                __aeabi_fcmpeq
                0x20001464                __aeabi_fcmplt
                0x2000147c                __aeabi_fcmple
                0x20001494                __aeabi_fcmpge
                0x200014ac                __aeabi_fcmpgt
 .text          0x200014c4       0x54 c:/isis/application/toolchain/bin/../lib/gcc/arm-none-eabi/4.7.4\libgcc.a(_arm_fixunssfsi.o)
                0x200014c4                __fixunssfsi
                0x200014c4                __aeabi_f2uiz
 .text          0x20001518       0x5c c:/isis/application/toolchain/bin/../lib/gcc/arm-none-eabi/4.7.4\libgcc.a(_arm_fixdfsi.o)
                0x20001518                __aeabi_d2iz
                0x20001518                __fixdfsi
 .text          0x20001574       0x3c c:/isis/application/toolchain/bin/../lib/gcc/arm-none-eabi/4.7.4\libgcc.a(_aeabi_uldivmod.o)
                0x20001574                __aeabi_uldivmod
 .text          0x200015b0       0x84 c:/isis/application/toolchain/bin/../lib/gcc/arm-none-eabi/4.7.4\libgcc.a(bpabi.o)
                0x200015b0                __gnu_ldivmod_helper
                0x200015f4                __gnu_uldivmod_helper
 .text          0x20001634      0x4f0 c:/isis/application/toolchain/bin/../lib/gcc/arm-none-eabi/4.7.4\libgcc.a(_divdi3.o)
                0x20001634                __divdi3
 .text          0x20001b24      0x488 c:/isis/application/toolchain/bin/../lib/gcc/arm-none-eabi/4.7.4\libgcc.a(_udivdi3.o)
                0x20001b24                __udivdi3
 .text          0x20001fac       0x48 c:/isis/application/toolchain/bin/../lib/gcc/arm-none-eabi/4.7.4\libgcc.a(_clzsi2.o)
                0x20001fac                __clzsi2
 *(.text*)
 .text.TestActUponCommand
                0x20001ff4      0x114 ./src/TestingDemos/CommandsTestingDemo.o
                0x20001ff4                TestActUponCommand
 .text.TestAssmbleCommand
                0x20002108      0x134 ./src/TestingDemos/CommandsTestingDemo.o
                0x20002108                TestAssmbleCommand
 .text.TestGetDelayedCommand
                0x2000223c       0xa0 ./src/TestingDemos/CommandsTestingDemo.o
                0x2000223c                TestGetDelayedCommand
 .text.TestAddDelayedCommand
                0x200022dc       0xbc ./src/TestingDemos/CommandsTestingDemo.o
                0x200022dc                TestAddDelayedCommand
 .text.TestGetDelayedCommandBufferCount
                0x20002398       0x54 ./src/TestingDemos/CommandsTestingDemo.o
                0x20002398                TestGetDelayedCommandBufferCount
 .text.TestGetOnlineCommand
                0x200023ec       0xc8 ./src/TestingDemos/CommandsTestingDemo.o
                0x200023ec                TestGetOnlineCommand
 .text.TestDeleteDelayedCommandByIndex
                0x200024b4      0x1c0 ./src/TestingDemos/CommandsTestingDemo.o
                0x200024b4                TestDeleteDelayedCommandByIndex
 .text.TestDeleteDelayedBuffer
                0x20002674      0x140 ./src/TestingDemos/CommandsTestingDemo.o
                0x20002674                TestDeleteDelayedBuffer
 .text.selectAndExecuteCommandsDemoTest
                0x200027b4      0x170 ./src/TestingDemos/CommandsTestingDemo.o
                0x200027b4                selectAndExecuteCommandsDemoTest
 .text.MainCommandsTestBench
                0x20002924       0x44 ./src/TestingDemos/CommandsTestingDemo.o
                0x20002924                MainCommandsTestBench
 .text.TestEpsConditioning
                0x20002968      0x1e8 ./src/TestingDemos/EpsTestingDemo.o
                0x20002968                TestEpsConditioning
 .text.TestGetBatteryVoltage
                0x20002b50       0x64 ./src/TestingDemos/EpsTestingDemo.o
                0x20002b50                TestGetBatteryVoltage
 .text.TestUpdateThreshVoltages
                0x20002bb4      0x170 ./src/TestingDemos/EpsTestingDemo.o
                0x20002bb4                TestUpdateThreshVoltages
 .text.TestGetThreshVoltages
                0x20002d24       0xb0 ./src/TestingDemos/EpsTestingDemo.o
                0x20002d24                TestGetThreshVoltages
 .text.TestUpdateAlpha
                0x20002dd4       0xc0 ./src/TestingDemos/EpsTestingDemo.o
                0x20002dd4                TestUpdateAlpha
 .text.TestGetAlpha
                0x20002e94       0x78 ./src/TestingDemos/EpsTestingDemo.o
                0x20002e94                TestGetAlpha
 .text.TestRestoreDefaultAlpha
                0x20002f0c       0xf4 ./src/TestingDemos/EpsTestingDemo.o
                0x20002f0c                TestRestoreDefaultAlpha
 .text.TestRestoreDefaultThresholdVoltages
                0x20003000      0x154 ./src/TestingDemos/EpsTestingDemo.o
                0x20003000                TestRestoreDefaultThresholdVoltages
 .text.GetHeaterValues
                0x20003154       0xe0 ./src/TestingDemos/EpsTestingDemo.o
                0x20003154                GetHeaterValues
 .text.SetHeaterValues
                0x20003234      0x134 ./src/TestingDemos/EpsTestingDemo.o
                0x20003234                SetHeaterValues
 .text.selectAndExecuteEpsDemoTest
                0x20003368      0x1ac ./src/TestingDemos/EpsTestingDemo.o
                0x20003368                selectAndExecuteEpsDemoTest
 .text.MainEpsTestBench
                0x20003514       0x40 ./src/TestingDemos/EpsTestingDemo.o
                0x20003514                MainEpsTestBench
 .text.TestlistFiels
                0x20003554       0xc0 ./src/TestingDemos/FileSystemTestingDemo.o
                0x20003554                TestlistFiels
 .text.TestLOGTLM
                0x20003614      0x110 ./src/TestingDemos/FileSystemTestingDemo.o
                0x20003614                TestLOGTLM
 .text.TestEPSTLM
                0x20003724       0xa8 ./src/TestingDemos/FileSystemTestingDemo.o
                0x20003724                TestEPSTLM
 .text.TestReadTimeRangeTLMRes
                0x200037cc      0x210 ./src/TestingDemos/FileSystemTestingDemo.o
                0x200037cc                TestReadTimeRangeTLMRes
 .text.TestReadTimeRangeTLM
                0x200039dc      0x178 ./src/TestingDemos/FileSystemTestingDemo.o
                0x200039dc                TestReadTimeRangeTLM
 .text.GenerateWODTLM
                0x20003b54       0xd0 ./src/TestingDemos/FileSystemTestingDemo.o
                0x20003b54                GenerateWODTLM
 .text.DeleteOldFiles
                0x20003c24      0x294 ./src/TestingDemos/FileSystemTestingDemo.o
                0x20003c24                DeleteOldFiles
 .text.CreateFiles4DeleteTest
                0x20003eb8      0x100 ./src/TestingDemos/FileSystemTestingDemo.o
                0x20003eb8                CreateFiles4DeleteTest
 .text.copyTLMFile
                0x20003fb8      0x22c ./src/TestingDemos/FileSystemTestingDemo.o
                0x20003fb8                copyTLMFile
 .text.TestWODTLM
                0x200041e4       0xa8 ./src/TestingDemos/FileSystemTestingDemo.o
                0x200041e4                TestWODTLM
 .text.TestDeleteFiels
                0x2000428c      0x2b8 ./src/TestingDemos/FileSystemTestingDemo.o
                0x2000428c                TestDeleteFiels
 .text.TestReadMultiFiels
                0x20004544      0x2ac ./src/TestingDemos/FileSystemTestingDemo.o
                0x20004544                TestReadMultiFiels
 .text.TestTRXVUTLM
                0x200047f0      0x11c ./src/TestingDemos/FileSystemTestingDemo.o
                0x200047f0                TestTRXVUTLM
 .text.FullSDTest
                0x2000490c      0x180 ./src/TestingDemos/FileSystemTestingDemo.o
                0x2000490c                FullSDTest
 .text.LogErrorRateTest
                0x20004a8c      0x11c ./src/TestingDemos/FileSystemTestingDemo.o
                0x20004a8c                LogErrorRateTest
 .text.selectAndExecuteFSTest
                0x20004ba8      0x21c ./src/TestingDemos/FileSystemTestingDemo.o
                0x20004ba8                selectAndExecuteFSTest
 .text.MainFileSystemTestBench
                0x20004dc4       0x44 ./src/TestingDemos/FileSystemTestingDemo.o
                0x20004dc4                MainFileSystemTestBench
 .text.selectAndExecuteTest
                0x20004e08      0x164 ./src/TestingDemos/MainTest.o
                0x20004e08                selectAndExecuteTest
 .text.taskTesting
                0x20004f6c       0x28 ./src/TestingDemos/MainTest.o
                0x20004f6c                taskTesting
 .text.printSDINfo
                0x20004f94       0x84 ./src/TestingDemos/MaintenanceTestingDemo.o
                0x20004f94                printSDINfo
 .text.changeFirstActivation
                0x20005018       0x84 ./src/TestingDemos/MaintenanceTestingDemo.o
                0x20005018                changeFirstActivation
 .text.selectAndExecuteMaintenanceDemoTest
                0x2000509c      0x198 ./src/TestingDemos/MaintenanceTestingDemo.o
                0x2000509c                selectAndExecuteMaintenanceDemoTest
 .text.MainMaintenanceTestBench
                0x20005234       0x40 ./src/TestingDemos/MaintenanceTestingDemo.o
                0x20005234                MainMaintenanceTestBench
 .text.MainTelemetryTestBench
                0x20005274       0x1c ./src/TestingDemos/TelemetryTestingDemo.o
                0x20005274                MainTelemetryTestBench
 .text.TestInitTrxvu
                0x20005290       0x54 ./src/TestingDemos/TrxvuTestingDemo.o
                0x20005290                TestInitTrxvu
 .text.TestInitTrxvuWithDifferentFrameLengths
                0x200052e4      0x134 ./src/TestingDemos/TrxvuTestingDemo.o
                0x200052e4                TestInitTrxvuWithDifferentFrameLengths
 .text.TestTrxvuLogic
                0x20005418       0xd4 ./src/TestingDemos/TrxvuTestingDemo.o
                0x20005418                TestTrxvuLogic
 .text.TestCheckTransmitionAllowed
                0x200054ec       0xa4 ./src/TestingDemos/TrxvuTestingDemo.o
                0x200054ec                TestCheckTransmitionAllowed
 .text.TestSendDumpAbortRequest
                0x20005590       0x24 ./src/TestingDemos/TrxvuTestingDemo.o
                0x20005590                TestSendDumpAbortRequest
 .text.TestTransmitDummySplPacket
                0x200055b4       0xc0 ./src/TestingDemos/TrxvuTestingDemo.o
                0x200055b4                TestTransmitDummySplPacket
 .text.TestTransmitSplPacket
                0x20005674      0x1ec ./src/TestingDemos/TrxvuTestingDemo.o
                0x20005674                TestTransmitSplPacket
 .text.TestExitDump
                0x20005860       0x1c ./src/TestingDemos/TrxvuTestingDemo.o
                0x20005860                TestExitDump
 .text.TestDumpTelemetry
                0x2000587c       0x9c ./src/TestingDemos/TrxvuTestingDemo.o
                0x2000587c                TestDumpTelemetry
 .text.TestRestoreDefaultBeaconParameters
                0x20005918       0x1c ./src/TestingDemos/TrxvuTestingDemo.o
                0x20005918                TestRestoreDefaultBeaconParameters
 .text.TestChooseDefaultBeaconCycle
                0x20005934       0xe0 ./src/TestingDemos/TrxvuTestingDemo.o
                0x20005934                TestChooseDefaultBeaconCycle
 .text.TestBeaconLogic
                0x20005a14       0xdc ./src/TestingDemos/TrxvuTestingDemo.o
                0x20005a14                TestBeaconLogic
 .text.TestMuteTrxvu
                0x20005af0       0x9c ./src/TestingDemos/TrxvuTestingDemo.o
                0x20005af0                TestMuteTrxvu
 .text.TestUnMuteTrxvu
                0x20005b8c       0x30 ./src/TestingDemos/TrxvuTestingDemo.o
                0x20005b8c                TestUnMuteTrxvu
 .text.TestGetNumberOfFramesInBuffer
                0x20005bbc       0x54 ./src/TestingDemos/TrxvuTestingDemo.o
                0x20005bbc                TestGetNumberOfFramesInBuffer
 .text.TestSetTrxvuBitrate
                0x20005c10       0xf0 ./src/TestingDemos/TrxvuTestingDemo.o
                0x20005c10                TestSetTrxvuBitrate
 .text.TestGetTrxvuBitrate
                0x20005d00       0xb0 ./src/TestingDemos/TrxvuTestingDemo.o
                0x20005d00                TestGetTrxvuBitrate
 .text.TestTransmitDataAsSPL_Packet
                0x20005db0      0x114 ./src/TestingDemos/TrxvuTestingDemo.o
                0x20005db0                TestTransmitDataAsSPL_Packet
 .text.selectAndExecuteTrxvuDemoTest
                0x20005ec4      0x28c ./src/TestingDemos/TrxvuTestingDemo.o
                0x20005ec4                selectAndExecuteTrxvuDemoTest
 .text.MainTrxvuTestBench
                0x20006150       0x44 ./src/TestingDemos/TrxvuTestingDemo.o
                0x20006150                MainTrxvuTestBench
 .text.GetBatteryVoltage
                0x20006194       0x6c ./src/SubSystemModules/PowerManagment/EPS.o
                0x20006194                GetBatteryVoltage
 .text.EPS_Init
                0x20006200       0xf0 ./src/SubSystemModules/PowerManagment/EPS.o
                0x20006200                EPS_Init
 .text.EPS_Conditioning
                0x200062f0      0x1c4 ./src/SubSystemModules/PowerManagment/EPS.o
                0x200062f0                EPS_Conditioning
 .text.UpdateAlpha
                0x200064b4       0xd8 ./src/SubSystemModules/PowerManagment/EPS.o
                0x200064b4                UpdateAlpha
 .text.UpdateThresholdVoltages
                0x2000658c      0x218 ./src/SubSystemModules/PowerManagment/EPS.o
                0x2000658c                UpdateThresholdVoltages
 .text.GetThresholdVoltages
                0x200067a4       0x80 ./src/SubSystemModules/PowerManagment/EPS.o
                0x200067a4                GetThresholdVoltages
 .text.GetAlpha
                0x20006824       0x7c ./src/SubSystemModules/PowerManagment/EPS.o
                0x20006824                GetAlpha
 .text.RestoreDefaultThresholdVoltages
                0x200068a0       0x74 ./src/SubSystemModules/PowerManagment/EPS.o
                0x200068a0                RestoreDefaultThresholdVoltages
 .text.CMDGetHeaterValues
                0x20006914      0x234 ./src/SubSystemModules/PowerManagment/EPS.o
                0x20006914                CMDGetHeaterValues
 .text.CMDSetHeaterValues
                0x20006b48      0x200 ./src/SubSystemModules/PowerManagment/EPS.o
                0x20006b48                CMDSetHeaterValues
 .text.EnterFullMode
                0x20006d48       0x44 ./src/SubSystemModules/PowerManagment/EPSOperationModes.o
                0x20006d48                EnterFullMode
 .text.EnterCruiseMode
                0x20006d8c       0x44 ./src/SubSystemModules/PowerManagment/EPSOperationModes.o
                0x20006d8c                EnterCruiseMode
 .text.EnterSafeMode
                0x20006dd0       0x44 ./src/SubSystemModules/PowerManagment/EPSOperationModes.o
                0x20006dd0                EnterSafeMode
 .text.EnterCriticalMode
                0x20006e14       0x44 ./src/SubSystemModules/PowerManagment/EPSOperationModes.o
                0x20006e14                EnterCriticalMode
 .text.GetSystemState
                0x20006e58       0x24 ./src/SubSystemModules/PowerManagment/EPSOperationModes.o
                0x20006e58                GetSystemState
 .text.GetSystemChannelState
                0x20006e7c       0x24 ./src/SubSystemModules/PowerManagment/EPSOperationModes.o
                0x20006e7c                GetSystemChannelState
 .text.EpsGetLowVoltageFlag
                0x20006ea0       0x24 ./src/SubSystemModules/PowerManagment/EPSOperationModes.o
                0x20006ea0                EpsGetLowVoltageFlag
 .text.EpsSetLowVoltageFlag
                0x20006ec4       0x2c ./src/SubSystemModules/PowerManagment/EPSOperationModes.o
                0x20006ec4                EpsSetLowVoltageFlag
 .text.CheckExecutionTime
                0x20006ef0       0x80 ./src/SubSystemModules/Maintenance/Maintenance.o
                0x20006ef0                CheckExecutionTime
 .text.SaveSatTimeInFRAM
                0x20006f70       0x44 ./src/SubSystemModules/Maintenance/Maintenance.o
                0x20006f70                SaveSatTimeInFRAM
 .text.WakeupFromResetCMD
                0x20006fb4      0x120 ./src/SubSystemModules/Maintenance/Maintenance.o
                0x20006fb4                WakeupFromResetCMD
 .text.ResetGroundCommWDT
                0x200070d4       0x1c ./src/SubSystemModules/Maintenance/Maintenance.o
                0x200070d4                ResetGroundCommWDT
 .text.DeleteOldFiels
                0x200070f0      0x2f4 ./src/SubSystemModules/Maintenance/Maintenance.o
                0x200070f0                DeleteOldFiels
 .text.HardResetMCU
                0x200073e4       0x4c ./src/SubSystemModules/Maintenance/Maintenance.o
                0x200073e4                HardResetMCU
 .text.InitSavePeriodTimes
                0x20007430       0x78 ./src/SubSystemModules/Housekepping/TelemetryCollector.o
                0x20007430                InitSavePeriodTimes
 .text.CMD_GetTLMPeriodTimes
                0x200074a8       0x38 ./src/SubSystemModules/Housekepping/TelemetryCollector.o
                0x200074a8                CMD_GetTLMPeriodTimes
 .text.CMD_SetTLMPeriodTimes
                0x200074e0      0x17c ./src/SubSystemModules/Housekepping/TelemetryCollector.o
                0x200074e0                CMD_SetTLMPeriodTimes
 .text.TelemetryCollectorLogic
                0x2000765c      0x208 ./src/SubSystemModules/Housekepping/TelemetryCollector.o
                0x2000765c                TelemetryCollectorLogic
 .text.TelemetrySaveEPS
                0x20007864       0x54 ./src/SubSystemModules/Housekepping/TelemetryCollector.o
                0x20007864                TelemetrySaveEPS
 .text.TelemetrySaveTRXVU
                0x200078b8       0x94 ./src/SubSystemModules/Housekepping/TelemetryCollector.o
                0x200078b8                TelemetrySaveTRXVU
 .text.TelemetrySaveANT
                0x2000794c       0xa4 ./src/SubSystemModules/Housekepping/TelemetryCollector.o
                0x2000794c                TelemetrySaveANT
 .text.TelemetrySaveSolarPanels
                0x200079f0      0x228 ./src/SubSystemModules/Housekepping/TelemetryCollector.o
                0x200079f0                TelemetrySaveSolarPanels
 .text.TelemetrySaveWOD
                0x20007c18       0x48 ./src/SubSystemModules/Housekepping/TelemetryCollector.o
                0x20007c18                TelemetrySaveWOD
 .text.GetCurrentWODTelemetry
                0x20007c60      0x780 ./src/SubSystemModules/Housekepping/TelemetryCollector.o
                0x20007c60                GetCurrentWODTelemetry
 .text.CMD_EPS_ResetWDT
                0x200083e0       0x54 ./src/SubSystemModules/Communication/SubsystemCommands/EPS_Commands.o
                0x200083e0                CMD_EPS_ResetWDT
 .text.CMD_DeleteTLM
                0x20008434      0x1d8 ./src/SubSystemModules/Communication/SubsystemCommands/FS_Commands.o
                0x20008434                CMD_DeleteTLM
 .text.CMD_DeleteAllFiles
                0x2000860c       0x38 ./src/SubSystemModules/Communication/SubsystemCommands/FS_Commands.o
                0x2000860c                CMD_DeleteAllFiles
 .text.CMD_GetLastFS_Error
                0x20008644       0x4c ./src/SubSystemModules/Communication/SubsystemCommands/FS_Commands.o
                0x20008644                CMD_GetLastFS_Error
 .text.CMD_GenericI2C
                0x20008690      0x144 ./src/SubSystemModules/Communication/SubsystemCommands/Maintanence_Commands.o
                0x20008690                CMD_GenericI2C
 .text.CMD_FRAM_ReadAndTransmitt
                0x200087d4       0xe8 ./src/SubSystemModules/Communication/SubsystemCommands/Maintanence_Commands.o
                0x200087d4                CMD_FRAM_ReadAndTransmitt
 .text.CMD_FRAM_WriteAndTransmitt
                0x200088bc      0x11c ./src/SubSystemModules/Communication/SubsystemCommands/Maintanence_Commands.o
                0x200088bc                CMD_FRAM_WriteAndTransmitt
 .text.CMD_FRAM_ReStart
                0x200089d8       0x4c ./src/SubSystemModules/Communication/SubsystemCommands/Maintanence_Commands.o
                0x200089d8                CMD_FRAM_ReStart
 .text.CMD_UpdateSatTime
                0x20008a24       0xa4 ./src/SubSystemModules/Communication/SubsystemCommands/Maintanence_Commands.o
                0x20008a24                CMD_UpdateSatTime
 .text.CMD_GetSatUptime
                0x20008ac8       0x48 ./src/SubSystemModules/Communication/SubsystemCommands/Maintanence_Commands.o
                0x20008ac8                CMD_GetSatUptime
 .text.CMD_ResetComponent
                0x20008b10      0x290 ./src/SubSystemModules/Communication/SubsystemCommands/Maintanence_Commands.o
                0x20008b10                CMD_ResetComponent
 .text.DumpTask
                0x20008da0      0x310 ./src/SubSystemModules/Communication/SubsystemCommands/TRXVU_Commands.o
                0x20008da0                DumpTask
 .text.CMD_AntennaDeploy
                0x200090b0       0xec ./src/SubSystemModules/Communication/SubsystemCommands/TRXVU_Commands.o
                0x200090b0                CMD_AntennaDeploy
 .text.CMD_StartDump
                0x2000919c      0x224 ./src/SubSystemModules/Communication/SubsystemCommands/TRXVU_Commands.o
                0x2000919c                CMD_StartDump
 .text.CMD_SendDumpAbortRequest
                0x200093c0       0x38 ./src/SubSystemModules/Communication/SubsystemCommands/TRXVU_Commands.o
                0x200093c0                CMD_SendDumpAbortRequest
 .text.CMD_ForceDumpAbort
                0x200093f8       0x3c ./src/SubSystemModules/Communication/SubsystemCommands/TRXVU_Commands.o
                0x200093f8                CMD_ForceDumpAbort
 .text.CMD_SetTransponder
                0x20009434      0x148 ./src/SubSystemModules/Communication/SubsystemCommands/TRXVU_Commands.o
                0x20009434                CMD_SetTransponder
 .text.CMD_SetRSSITransponder
                0x2000957c       0x90 ./src/SubSystemModules/Communication/SubsystemCommands/TRXVU_Commands.o
                0x2000957c                CMD_SetRSSITransponder
 .text.CMD_MuteTRXVU
                0x2000960c       0xc4 ./src/SubSystemModules/Communication/SubsystemCommands/TRXVU_Commands.o
                0x2000960c                CMD_MuteTRXVU
 .text.CMD_SetIdleState
                0x200096d0       0x94 ./src/SubSystemModules/Communication/SubsystemCommands/TRXVU_Commands.o
                0x200096d0                CMD_SetIdleState
 .text.CMD_UnMuteTRXVU
                0x20009764       0x38 ./src/SubSystemModules/Communication/SubsystemCommands/TRXVU_Commands.o
                0x20009764                CMD_UnMuteTRXVU
 .text.CMD_GetBaudRate
                0x2000979c       0x68 ./src/SubSystemModules/Communication/SubsystemCommands/TRXVU_Commands.o
                0x2000979c                CMD_GetBaudRate
 .text.CMD_TrasmitBeacon
                0x20009804       0x48 ./src/SubSystemModules/Communication/SubsystemCommands/TRXVU_Commands.o
                0x20009804                CMD_TrasmitBeacon
 .text.CMD_GetBeaconInterval
                0x2000984c       0x6c ./src/SubSystemModules/Communication/SubsystemCommands/TRXVU_Commands.o
                0x2000984c                CMD_GetBeaconInterval
 .text.CMD_SetBaudRate
                0x200098b8       0x60 ./src/SubSystemModules/Communication/SubsystemCommands/TRXVU_Commands.o
                0x200098b8                CMD_SetBaudRate
 .text.CMD_GetTxUptime
                0x20009918       0x64 ./src/SubSystemModules/Communication/SubsystemCommands/TRXVU_Commands.o
                0x20009918                CMD_GetTxUptime
 .text.CMD_GetRxUptime
                0x2000997c       0x64 ./src/SubSystemModules/Communication/SubsystemCommands/TRXVU_Commands.o
                0x2000997c                CMD_GetRxUptime
 .text.CMD_GetNumOfOnlineCommands
                0x200099e0       0x64 ./src/SubSystemModules/Communication/SubsystemCommands/TRXVU_Commands.o
                0x200099e0                CMD_GetNumOfOnlineCommands
 .text.CMD_AntSetArmStatus
                0x20009a44       0xa0 ./src/SubSystemModules/Communication/SubsystemCommands/TRXVU_Commands.o
                0x20009a44                CMD_AntSetArmStatus
 .text.CMD_AntGetArmStatus
                0x20009ae4       0x70 ./src/SubSystemModules/Communication/SubsystemCommands/TRXVU_Commands.o
                0x20009ae4                CMD_AntGetArmStatus
 .text.CMD_AntGetUptime
                0x20009b54       0x78 ./src/SubSystemModules/Communication/SubsystemCommands/TRXVU_Commands.o
                0x20009b54                CMD_AntGetUptime
 .text.CMD_StopReDeployment
                0x20009bcc       0xac ./src/SubSystemModules/Communication/SubsystemCommands/TRXVU_Commands.o
                0x20009bcc                CMD_StopReDeployment
 .text.CMD_AntCancelDeployment
                0x20009c78       0x68 ./src/SubSystemModules/Communication/SubsystemCommands/TRXVU_Commands.o
                0x20009c78                CMD_AntCancelDeployment
 .text.SendAckPacket
                0x20009ce0       0xe4 ./src/SubSystemModules/Communication/AckHandler.o
                0x20009ce0                SendAckPacket
 .text.trxvu_command_router
                0x20009dc4      0x548 ./src/SubSystemModules/Communication/CommandDictionary.o
                0x20009dc4                trxvu_command_router
 .text.eps_command_router
                0x2000a30c       0xdc ./src/SubSystemModules/Communication/CommandDictionary.o
                0x2000a30c                eps_command_router
 .text.telemetry_command_router
                0x2000a3e8      0x1f4 ./src/SubSystemModules/Communication/CommandDictionary.o
                0x2000a3e8                telemetry_command_router
 .text.managment_command_router
                0x2000a5dc      0x12c ./src/SubSystemModules/Communication/CommandDictionary.o
                0x2000a5dc                managment_command_router
 .text.filesystem_command_router
                0x2000a708       0x24 ./src/SubSystemModules/Communication/CommandDictionary.o
                0x2000a708                filesystem_command_router
 .text.ParseDataToCommand
                0x2000a72c      0x1ac ./src/SubSystemModules/Communication/SatCommandHandler.o
                0x2000a72c                ParseDataToCommand
 .text.AssembleCommand
                0x2000a8d8      0x148 ./src/SubSystemModules/Communication/SatCommandHandler.o
                0x2000a8d8                AssembleCommand
 .text.GetDelayedCommand
                0x2000aa20       0x24 ./src/SubSystemModules/Communication/SatCommandHandler.o
                0x2000aa20                GetDelayedCommand
 .text.AddDelayedCommand
                0x2000aa44       0x24 ./src/SubSystemModules/Communication/SatCommandHandler.o
                0x2000aa44                AddDelayedCommand
 .text.GetDelayedCommandBufferCount
                0x2000aa68       0x50 ./src/SubSystemModules/Communication/SatCommandHandler.o
                0x2000aa68                GetDelayedCommandBufferCount
 .text.GetDelayedCommandByIndex
                0x2000aab8       0x28 ./src/SubSystemModules/Communication/SatCommandHandler.o
                0x2000aab8                GetDelayedCommandByIndex
 .text.DeleteDelayedCommandByIndex
                0x2000aae0       0x24 ./src/SubSystemModules/Communication/SatCommandHandler.o
                0x2000aae0                DeleteDelayedCommandByIndex
 .text.DeleteDelayedBuffer
                0x2000ab04       0x1c ./src/SubSystemModules/Communication/SatCommandHandler.o
                0x2000ab04                DeleteDelayedBuffer
 .text.ActUponCommand
                0x2000ab20      0x108 ./src/SubSystemModules/Communication/SatCommandHandler.o
                0x2000ab20                ActUponCommand
 .text.setMuteEndTime
                0x2000ac28       0x40 ./src/SubSystemModules/Communication/TRXVU.o
                0x2000ac28                setMuteEndTime
 .text.getMuteEndTime
                0x2000ac68       0x44 ./src/SubSystemModules/Communication/TRXVU.o
                0x2000ac68                getMuteEndTime
 .text.setTransponderEndTime
                0x2000acac       0x40 ./src/SubSystemModules/Communication/TRXVU.o
                0x2000acac                setTransponderEndTime
 .text.getTransponderEndTime
                0x2000acec       0x44 ./src/SubSystemModules/Communication/TRXVU.o
                0x2000acec                getTransponderEndTime
 .text.setTransponderRSSIinFRAM
                0x2000ad30       0x44 ./src/SubSystemModules/Communication/TRXVU.o
                0x2000ad30                setTransponderRSSIinFRAM
 .text.getTransponderRSSIFromFRAM
                0x2000ad74       0x4c ./src/SubSystemModules/Communication/TRXVU.o
                0x2000ad74                getTransponderRSSIFromFRAM
 .text.InitTxModule
                0x2000adc0       0x68 ./src/SubSystemModules/Communication/TRXVU.o
                0x2000adc0                InitTxModule
 .text.CMD_SetBeaconInterval
                0x2000ae28       0xdc ./src/SubSystemModules/Communication/TRXVU.o
                0x2000ae28                CMD_SetBeaconInterval
 .text.InitBeaconParams
                0x2000af04       0x3c ./src/SubSystemModules/Communication/TRXVU.o
                0x2000af04                InitBeaconParams
 .text.InitSemaphores
                0x2000af40       0x98 ./src/SubSystemModules/Communication/TRXVU.o
                0x2000af40                InitSemaphores
 .text.InitTrxvu
                0x2000afd8       0xec ./src/SubSystemModules/Communication/TRXVU.o
                0x2000afd8                InitTrxvu
 .text.checkIdleFinish
                0x2000b0c4       0x68 ./src/SubSystemModules/Communication/TRXVU.o
                0x2000b0c4                checkIdleFinish
 .text.checkTransponderFinish
                0x2000b12c       0x98 ./src/SubSystemModules/Communication/TRXVU.o
                0x2000b12c                checkTransponderFinish
 .text.checkTransponderStart
                0x2000b1c4       0x50 ./src/SubSystemModules/Communication/TRXVU.o
                0x2000b1c4                checkTransponderStart
 .text.turnOnTransponder
                0x2000b214       0xa0 ./src/SubSystemModules/Communication/TRXVU.o
                0x2000b214                turnOnTransponder
 .text.SetRSSITransponder
                0x2000b2b4       0x80 ./src/SubSystemModules/Communication/TRXVU.o
                0x2000b2b4                SetRSSITransponder
 .text.TRX_Logic
                0x2000b334       0xd4 ./src/SubSystemModules/Communication/TRXVU.o
                0x2000b334                TRX_Logic
 .text.GetNumberOfFramesInBuffer
                0x2000b408       0x5c ./src/SubSystemModules/Communication/TRXVU.o
                0x2000b408                GetNumberOfFramesInBuffer
 .text.GetOnlineCommand
                0x2000b464      0x17c ./src/SubSystemModules/Communication/TRXVU.o
                0x2000b464                GetOnlineCommand
 .text.CheckTransmitionAllowed
                0x2000b5e0       0xc0 ./src/SubSystemModules/Communication/TRXVU.o
                0x2000b5e0                CheckTransmitionAllowed
 .text.FinishDump
                0x2000b6a0       0xf0 ./src/SubSystemModules/Communication/TRXVU.o
                0x2000b6a0                FinishDump
 .text.AbortDump
                0x2000b790       0x34 ./src/SubSystemModules/Communication/TRXVU.o
                0x2000b790                AbortDump
 .text.SendDumpAbortRequest
                0x2000b7c4       0x6c ./src/SubSystemModules/Communication/TRXVU.o
                0x2000b7c4                SendDumpAbortRequest
 .text.CheckDumpAbort
                0x2000b830       0x6c ./src/SubSystemModules/Communication/TRXVU.o
                0x2000b830                CheckDumpAbort
 .text.BeaconLogic
                0x2000b89c      0x1b8 ./src/SubSystemModules/Communication/TRXVU.o
                0x2000b89c                BeaconLogic
 .text.SetIdleState
                0x2000ba54      0x144 ./src/SubSystemModules/Communication/TRXVU.o
                0x2000ba54                SetIdleState
 .text.muteTRXVU
                0x2000bb98       0x74 ./src/SubSystemModules/Communication/TRXVU.o
                0x2000bb98                muteTRXVU
 .text.UnMuteTRXVU
                0x2000bc0c       0x14 ./src/SubSystemModules/Communication/TRXVU.o
                0x2000bc0c                UnMuteTRXVU
 .text.TransmitDataAsSPL_Packet
                0x2000bc20      0x114 ./src/SubSystemModules/Communication/TRXVU.o
                0x2000bc20                TransmitDataAsSPL_Packet
 .text.TransmitSplPacket
                0x2000bd34      0x1cc ./src/SubSystemModules/Communication/TRXVU.o
                0x2000bd34                TransmitSplPacket
 .text.isFirstActivation
                0x2000bf00       0x38 ./src/InitSystem.o
                0x2000bf00                isFirstActivation
 .text.WriteDefaultValuesToFRAM
                0x2000bf38      0x1e8 ./src/InitSystem.o
                0x2000bf38                WriteDefaultValuesToFRAM
 .text.StartFRAM
                0x2000c120       0x2c ./src/InitSystem.o
                0x2000c120                StartFRAM
 .text.StartI2C
                0x2000c14c       0x38 ./src/InitSystem.o
                0x2000c14c                StartI2C
 .text.StartSPI
                0x2000c184       0x34 ./src/InitSystem.o
                0x2000c184                StartSPI
 .text.StartTIME
                0x2000c1b8       0xbc ./src/InitSystem.o
                0x2000c1b8                StartTIME
 .text.DeploySystem
                0x2000c274      0x1b4 ./src/InitSystem.o
                0x2000c274                DeploySystem
 .text.InitSubsystems
                0x2000c428       0x60 ./src/InitSystem.o
                0x2000c428                InitSubsystems
 .text.CMD_getInfoImage
                0x2000c488      0x158 ./src/TLM_management.o
                0x2000c488                CMD_getInfoImage
 .text.CMD_getDataImage
                0x2000c5e0      0x218 ./src/TLM_management.o
                0x2000c5e0                CMD_getDataImage
 .text.delete_allTMFilesFromSD
                0x2000c7f8       0x8c ./src/TLM_management.o
                0x2000c7f8                delete_allTMFilesFromSD
 .text.deleteTLMFiles
                0x2000c884       0x94 ./src/TLM_management.o
                0x2000c884                deleteTLMFiles
 .text.deleteTLMFile
                0x2000c918       0xcc ./src/TLM_management.o
                0x2000c918                deleteTLMFile
 .text.InitializeFS
                0x2000c9e4       0xe8 ./src/TLM_management.o
                0x2000c9e4                InitializeFS
 .text.calculateFileName
                0x2000cacc      0x130 ./src/TLM_management.o
                0x2000cacc                calculateFileName
 .text.getTlmTypeInfo
                0x2000cbfc      0x230 ./src/TLM_management.o
                0x2000cbfc                getTlmTypeInfo
 .text.write2File
                0x2000ce2c      0x1dc ./src/TLM_management.o
                0x2000ce2c                write2File
 .text.printTLM
                0x2000d008      0x490 ./src/TLM_management.o
                0x2000d008                printTLM
 .text.readTLMFile
                0x2000d498      0x328 ./src/TLM_management.o
                0x2000d498                readTLMFile
 .text.readTLMFiles
                0x2000d7c0       0xdc ./src/TLM_management.o
                0x2000d7c0                readTLMFiles
 .text.readTLMFileTimeRange
                0x2000d89c      0x2f0 ./src/TLM_management.o
                0x2000d89c                readTLMFileTimeRange
 .text.DeInitializeFS
                0x2000db8c       0x38 ./src/TLM_management.o
                0x2000db8c                DeInitializeFS
 .text.main     0x2000dbc4       0x98 ./src/main.o
                0x2000dbc4                main
 .text.timeU2time
                0x2000dc5c       0xbc ./src/utils.o
                0x2000dc5c                timeU2time
 .text.logError
                0x2000dd18      0x134 ./src/utils.o
                0x2000dd18                logError
 .text.ADC_ConvertRaw10bitToMillivolt
                0x2000de4c       0x50 C:/ISIS/workspace/ycube/GlobusSatProject/..//hal/hal/lib\libHALD.a(ADC.o)
                0x2000de4c                ADC_ConvertRaw10bitToMillivolt
 .text.ADC_SingleShot
                0x2000de9c      0x230 C:/ISIS/workspace/ycube/GlobusSatProject/..//hal/hal/lib\libHALD.a(ADC.o)
                0x2000de9c                ADC_SingleShot
 .text.validateTransferParameters
                0x2000e0cc      0x10c C:/ISIS/workspace/ycube/GlobusSatProject/..//hal/hal/lib\libHALD.a(I2C.o)
 .text.I2C_queueTransfer
                0x2000e1d8       0xfc C:/ISIS/workspace/ycube/GlobusSatProject/..//hal/hal/lib\libHALD.a(I2C.o)
                0x2000e1d8                I2C_queueTransfer
 .text.I2C_internalCallback
                0x2000e2d4       0x64 C:/ISIS/workspace/ycube/GlobusSatProject/..//hal/hal/lib\libHALD.a(I2C.o)
 .text.I2C_doBlockingTransfer
                0x2000e338      0x180 C:/ISIS/workspace/ycube/GlobusSatProject/..//hal/hal/lib\libHALD.a(I2C.o)
 .text.I2C_write
                0x2000e4b8      0x110 C:/ISIS/workspace/ycube/GlobusSatProject/..//hal/hal/lib\libHALD.a(I2C.o)
                0x2000e4b8                I2C_write
 .text.I2C_read
                0x2000e5c8      0x110 C:/ISIS/workspace/ycube/GlobusSatProject/..//hal/hal/lib\libHALD.a(I2C.o)
                0x2000e5c8                I2C_read
 .text.I2C_writeRead
                0x2000e6d8      0x17c C:/ISIS/workspace/ycube/GlobusSatProject/..//hal/hal/lib\libHALD.a(I2C.o)
                0x2000e6d8                I2C_writeRead
 .text.I2C_start
                0x2000e854      0x2e8 C:/ISIS/workspace/ycube/GlobusSatProject/..//hal/hal/lib\libHALD.a(I2C.o)
                0x2000e854                I2C_start
 .text.I2C_stop
                0x2000eb3c      0x184 C:/ISIS/workspace/ycube/GlobusSatProject/..//hal/hal/lib\libHALD.a(I2C.o)
                0x2000eb3c                I2C_stop
 .text.I2C_setTransferTimeout
                0x2000ecc0       0x48 C:/ISIS/workspace/ycube/GlobusSatProject/..//hal/hal/lib\libHALD.a(I2C.o)
                0x2000ecc0                I2C_setTransferTimeout
 .text.clearPDCtransfers
                0x2000ed08       0xe8 C:/ISIS/workspace/ycube/GlobusSatProject/..//hal/hal/lib\libHALD.a(SPI.o)
 .text.SPI_start
                0x2000edf0      0x4b0 C:/ISIS/workspace/ycube/GlobusSatProject/..//hal/hal/lib\libHALD.a(SPI.o)
                0x2000edf0                SPI_start
 .text.SPI_stop
                0x2000f2a0      0x244 C:/ISIS/workspace/ycube/GlobusSatProject/..//hal/hal/lib\libHALD.a(SPI.o)
                0x2000f2a0                SPI_stop
 .text.SPI_queueTransfer
                0x2000f4e4      0x1cc C:/ISIS/workspace/ycube/GlobusSatProject/..//hal/hal/lib\libHALD.a(SPI.o)
                0x2000f4e4                SPI_queueTransfer
 .text.SPI_internalCallback
                0x2000f6b0       0x64 C:/ISIS/workspace/ycube/GlobusSatProject/..//hal/hal/lib\libHALD.a(SPI.o)
 .text.SPI_writeRead
                0x2000f714      0x1c0 C:/ISIS/workspace/ycube/GlobusSatProject/..//hal/hal/lib\libHALD.a(SPI.o)
                0x2000f714                SPI_writeRead
 .text.waitForTransfer
                0x2000f8d4       0x78 C:/ISIS/workspace/ycube/GlobusSatProject/..//hal/hal/lib\libHALD.a(SPI.o)
 .text.SPI_getDriverState
                0x2000f94c       0x58 C:/ISIS/workspace/ycube/GlobusSatProject/..//hal/hal/lib\libHALD.a(SPI.o)
                0x2000f94c                SPI_getDriverState
 .text.FRAM_start
                0x2000f9a4      0x120 C:/ISIS/workspace/ycube/GlobusSatProject/..//hal/hal/lib\libHALD.a(FRAM.o)
                0x2000f9a4                FRAM_start
 .text.FRAM_stop
                0x2000fac4       0x6c C:/ISIS/workspace/ycube/GlobusSatProject/..//hal/hal/lib\libHALD.a(FRAM.o)
                0x2000fac4                FRAM_stop
 .text.FRAM_dummyCallback
                0x2000fb30       0x24 C:/ISIS/workspace/ycube/GlobusSatProject/..//hal/hal/lib\libHALD.a(FRAM.o)
                0x2000fb30                FRAM_dummyCallback
 .text.FRAM_unlockingCallback
                0x2000fb54       0x64 C:/ISIS/workspace/ycube/GlobusSatProject/..//hal/hal/lib\libHALD.a(FRAM.o)
                0x2000fb54                FRAM_unlockingCallback
 .text.doBlockingTransfer
                0x2000fbb8       0x78 C:/ISIS/workspace/ycube/GlobusSatProject/..//hal/hal/lib\libHALD.a(FRAM.o)
 .text.FRAM_writePacket
                0x2000fc30      0x144 C:/ISIS/workspace/ycube/GlobusSatProject/..//hal/hal/lib\libHALD.a(FRAM.o)
 .text.FRAM_write
                0x2000fd74      0x1d8 C:/ISIS/workspace/ycube/GlobusSatProject/..//hal/hal/lib\libHALD.a(FRAM.o)
                0x2000fd74                FRAM_write
 .text.FRAM_readPacket
                0x2000ff4c       0xf0 C:/ISIS/workspace/ycube/GlobusSatProject/..//hal/hal/lib\libHALD.a(FRAM.o)
 .text.FRAM_read
                0x2001003c      0x1e4 C:/ISIS/workspace/ycube/GlobusSatProject/..//hal/hal/lib\libHALD.a(FRAM.o)
                0x2001003c                FRAM_read
 .text.Time_start
                0x20010220      0x150 C:/ISIS/workspace/ycube/GlobusSatProject/..//hal/hal/lib\libHALD.a(Time.o)
                0x20010220                Time_start
 .text.taskTimeSync
                0x20010370       0x38 C:/ISIS/workspace/ycube/GlobusSatProject/..//hal/hal/lib\libHALD.a(Time.o)
 .text.Time_convertEpochToTime
                0x200103a8       0xf4 C:/ISIS/workspace/ycube/GlobusSatProject/..//hal/hal/lib\libHALD.a(Time.o)
                0x200103a8                Time_convertEpochToTime
 .text.Time_populateSecondsOfYear
                0x2001049c      0x188 C:/ISIS/workspace/ycube/GlobusSatProject/..//hal/hal/lib\libHALD.a(Time.o)
 .text.Time_set
                0x20010624      0x110 C:/ISIS/workspace/ycube/GlobusSatProject/..//hal/hal/lib\libHALD.a(Time.o)
                0x20010624                Time_set
 .text.Time_isLeapYear
                0x20010734       0x98 C:/ISIS/workspace/ycube/GlobusSatProject/..//hal/hal/lib\libHALD.a(Time.o)
                0x20010734                Time_isLeapYear
 .text.Time_get
                0x200107cc      0x410 C:/ISIS/workspace/ycube/GlobusSatProject/..//hal/hal/lib\libHALD.a(Time.o)
                0x200107cc                Time_get
 .text.Time_getUnixEpoch
                0x20010bdc       0xf4 C:/ISIS/workspace/ycube/GlobusSatProject/..//hal/hal/lib\libHALD.a(Time.o)
                0x20010bdc                Time_getUnixEpoch
 .text.Time_secondsOfYearToTime
                0x20010cd0      0x328 C:/ISIS/workspace/ycube/GlobusSatProject/..//hal/hal/lib\libHALD.a(Time.o)
 .text.Time_setUnixEpoch
                0x20010ff8       0x54 C:/ISIS/workspace/ycube/GlobusSatProject/..//hal/hal/lib\libHALD.a(Time.o)
                0x20010ff8                Time_setUnixEpoch
 .text.Time_getUptimeSeconds
                0x2001104c       0x28 C:/ISIS/workspace/ycube/GlobusSatProject/..//hal/hal/lib\libHALD.a(Time.o)
                0x2001104c                Time_getUptimeSeconds
 .text.Time_sync
                0x20011074      0x2d8 C:/ISIS/workspace/ycube/GlobusSatProject/..//hal/hal/lib\libHALD.a(Time.o)
                0x20011074                Time_sync
 .text.Time_syncIfNeeded
                0x2001134c       0x90 C:/ISIS/workspace/ycube/GlobusSatProject/..//hal/hal/lib\libHALD.a(Time.o)
                0x2001134c                Time_syncIfNeeded
 .text.Time_setSyncInterval
                0x200113dc       0x38 C:/ISIS/workspace/ycube/GlobusSatProject/..//hal/hal/lib\libHALD.a(Time.o)
                0x200113dc                Time_setSyncInterval
 .text.WDT_start
                0x20011414       0x48 C:/ISIS/workspace/ycube/GlobusSatProject/..//hal/hal/lib\libHALD.a(WatchDogTimerNoOS.o)
                0x20011414                WDT_start
 .text.WDT_startWatchdogKickTask
                0x2001145c       0xb4 C:/ISIS/workspace/ycube/GlobusSatProject/..//hal/hal/lib\libHALD.a(WatchDogTimerOS.o)
                0x2001145c                WDT_startWatchdogKickTask
 .text.WDT_forceKickEveryNms
                0x20011510       0x50 C:/ISIS/workspace/ycube/GlobusSatProject/..//hal/hal/lib\libHALD.a(WatchDogTimerOS.o)
                0x20011510                WDT_forceKickEveryNms
 .text.f_puts   0x20011560       0x80 C:/ISIS/workspace/ycube/GlobusSatProject/..//hal/hal/lib\libHALD.a(fprintf.o)
                0x20011560                f_puts
 .text.UTIL_DbguGetInteger
                0x200115e0      0x12c C:/ISIS/workspace/ycube/GlobusSatProject/..//hal/hal/lib\libHALD.a(util.o)
                0x200115e0                UTIL_DbguGetInteger
 .text.UTIL_DbguGetIntegerMinMax
                0x2001170c       0xa4 C:/ISIS/workspace/ycube/GlobusSatProject/..//hal/hal/lib\libHALD.a(util.o)
                0x2001170c                UTIL_DbguGetIntegerMinMax
 .text.LED_glow
                0x200117b0       0x58 C:/ISIS/workspace/ycube/GlobusSatProject/..//hal/hal/lib\libHALD.a(LED.o)
                0x200117b0                LED_glow
 .text.LED_dark
                0x20011808       0x58 C:/ISIS/workspace/ycube/GlobusSatProject/..//hal/hal/lib\libHALD.a(LED.o)
                0x20011808                LED_dark
 .text.LED_toggle
                0x20011860       0x50 C:/ISIS/workspace/ycube/GlobusSatProject/..//hal/hal/lib\libHALD.a(LED.o)
                0x20011860                LED_toggle
 .text.RTC_start
                0x200118b0       0x3c C:/ISIS/workspace/ycube/GlobusSatProject/..//hal/hal/lib\libHALD.a(RTC.o)
                0x200118b0                RTC_start
 .text.RTC_setTime
                0x200118ec      0x2a4 C:/ISIS/workspace/ycube/GlobusSatProject/..//hal/hal/lib\libHALD.a(RTC.o)
                0x200118ec                RTC_setTime
 .text.RTC_getTime
                0x20011b90      0x224 C:/ISIS/workspace/ycube/GlobusSatProject/..//hal/hal/lib\libHALD.a(RTC.o)
                0x20011b90                RTC_getTime
 .text.RTC_checkTimeValid
                0x20011db4       0xdc C:/ISIS/workspace/ycube/GlobusSatProject/..//hal/hal/lib\libHALD.a(RTC.o)
                0x20011db4                RTC_checkTimeValid
 .text.RTT_start
                0x20011e90       0x24 C:/ISIS/workspace/ycube/GlobusSatProject/..//hal/hal/lib\libHALD.a(RTT.o)
                0x20011e90                RTT_start
 .text.fn_init  0x20011eb4      0x2dc C:/ISIS/workspace/ycube/GlobusSatProject/..//hal/hcc/lib\libHCCD.a(fat_common.o)
                0x20011eb4                fn_init
 .text.fn_start
                0x20012190       0x1c C:/ISIS/workspace/ycube/GlobusSatProject/..//hal/hcc/lib\libHCCD.a(fat_common.o)
                0x20012190                fn_start
 .text.fsn_delete
                0x200121ac       0xc8 C:/ISIS/workspace/ycube/GlobusSatProject/..//hal/hcc/lib\libHCCD.a(fat_common.o)
                0x200121ac                fsn_delete
 .text._f_get16bitl
                0x20012274       0x4c C:/ISIS/workspace/ycube/GlobusSatProject/..//hal/hcc/lib\libHCCD.a(fat_common.o)
                0x20012274                _f_get16bitl
 .text._f_set16bitl
                0x200122c0       0x54 C:/ISIS/workspace/ycube/GlobusSatProject/..//hal/hcc/lib\libHCCD.a(fat_common.o)
                0x200122c0                _f_set16bitl
 .text._f_get32bitl
                0x20012314       0x68 C:/ISIS/workspace/ycube/GlobusSatProject/..//hal/hcc/lib\libHCCD.a(fat_common.o)
                0x20012314                _f_get32bitl
 .text._f_set32bitl
                0x2001237c       0x78 C:/ISIS/workspace/ycube/GlobusSatProject/..//hal/hcc/lib\libHCCD.a(fat_common.o)
                0x2001237c                _f_set32bitl
 .text._get8bit
                0x200123f4       0xa0 C:/ISIS/workspace/ycube/GlobusSatProject/..//hal/hcc/lib\libHCCD.a(fat_common.o)
 .text._get16bitl
                0x20012494       0x40 C:/ISIS/workspace/ycube/GlobusSatProject/..//hal/hcc/lib\libHCCD.a(fat_common.o)
 .text._get32bitl
                0x200124d4       0x3c C:/ISIS/workspace/ycube/GlobusSatProject/..//hal/hcc/lib\libHCCD.a(fat_common.o)
 .text._f_setcardremoved
                0x20012510       0x94 C:/ISIS/workspace/ycube/GlobusSatProject/..//hal/hcc/lib\libHCCD.a(fat_common.o)
 .text._f_checkstatus
                0x200125a4      0x104 C:/ISIS/workspace/ycube/GlobusSatProject/..//hal/hcc/lib\libHCCD.a(fat_common.o)
                0x200125a4                _f_checkstatus
 .text._f_drvgetphy
                0x200126a8      0x114 C:/ISIS/workspace/ycube/GlobusSatProject/..//hal/hcc/lib\libHCCD.a(fat_common.o)
 .text._f_drvwritesector
                0x200127bc       0xdc C:/ISIS/workspace/ycube/GlobusSatProject/..//hal/hcc/lib\libHCCD.a(fat_common.o)
 .text._f_drvreadsector
                0x20012898       0xa8 C:/ISIS/workspace/ycube/GlobusSatProject/..//hal/hcc/lib\libHCCD.a(fat_common.o)
 .text._f_writesector
                0x20012940      0x23c C:/ISIS/workspace/ycube/GlobusSatProject/..//hal/hcc/lib\libHCCD.a(fat_common.o)
                0x20012940                _f_writesector
 .text._f_readsector
                0x20012b7c      0x1dc C:/ISIS/workspace/ycube/GlobusSatProject/..//hal/hcc/lib\libHCCD.a(fat_common.o)
                0x20012b7c                _f_readsector
 .text._f_getmaxcluster
                0x20012d58       0x94 C:/ISIS/workspace/ycube/GlobusSatProject/..//hal/hcc/lib\libHCCD.a(fat_common.o)
                0x20012d58                _f_getmaxcluster
 .text._getsectorfromcluster
                0x20012dec       0x68 C:/ISIS/workspace/ycube/GlobusSatProject/..//hal/hcc/lib\libHCCD.a(fat_common.o)
 .text._f_buildsectors
                0x20012e54      0x268 C:/ISIS/workspace/ycube/GlobusSatProject/..//hal/hcc/lib\libHCCD.a(fat_common.o)
 .text._f_getbootrecord
                0x200130bc      0x5e4 C:/ISIS/workspace/ycube/GlobusSatProject/..//hal/hcc/lib\libHCCD.a(fat_common.o)
 .text._f_readbootrecord
                0x200136a0      0x4f8 C:/ISIS/workspace/ycube/GlobusSatProject/..//hal/hcc/lib\libHCCD.a(fat_common.o)
 .text._f_flushcffiles
                0x20013b98      0x17c C:/ISIS/workspace/ycube/GlobusSatProject/..//hal/hcc/lib\libHCCD.a(fat_common.o)
                0x20013b98                _f_flushcffiles
 .text._f_fatcache_flush
                0x20013d14      0x270 C:/ISIS/workspace/ycube/GlobusSatProject/..//hal/hcc/lib\libHCCD.a(fat_common.o)
                0x20013d14                _f_fatcache_flush
 .text._f_writefatsector
                0x20013f84      0x100 C:/ISIS/workspace/ycube/GlobusSatProject/..//hal/hcc/lib\libHCCD.a(fat_common.o)
                0x20013f84                _f_writefatsector
 .text._f_getfatsector
                0x20014084      0x3bc C:/ISIS/workspace/ycube/GlobusSatProject/..//hal/hcc/lib\libHCCD.a(fat_common.o)
 .text._f_setclustervalue
                0x20014440      0x490 C:/ISIS/workspace/ycube/GlobusSatProject/..//hal/hcc/lib\libHCCD.a(fat_common.o)
                0x20014440                _f_setclustervalue
 .text._f_getclustervalue
                0x200148d0      0x388 C:/ISIS/workspace/ycube/GlobusSatProject/..//hal/hcc/lib\libHCCD.a(fat_common.o)
                0x200148d0                _f_getclustervalue
 .text._f_close_drive_files
                0x20014c58       0xac C:/ISIS/workspace/ycube/GlobusSatProject/..//hal/hcc/lib\libHCCD.a(fat_common.o)
 .text._f_inc_mount_count
                0x20014d04       0xa4 C:/ISIS/workspace/ycube/GlobusSatProject/..//hal/hcc/lib\libHCCD.a(fat_common.o)
 .text._f_getvolume
                0x20014da8      0x2f8 C:/ISIS/workspace/ycube/GlobusSatProject/..//hal/hcc/lib\libHCCD.a(fat_common.o)
                0x20014da8                _f_getvolume
 .text.fn_createdriver
                0x200150a0      0x118 C:/ISIS/workspace/ycube/GlobusSatProject/..//hal/hcc/lib\libHCCD.a(fat_common.o)
                0x200150a0                fn_createdriver
 .text.fn_initvolume
                0x200151b8      0x12c C:/ISIS/workspace/ycube/GlobusSatProject/..//hal/hcc/lib\libHCCD.a(fat_common.o)
                0x200151b8                fn_initvolume
 .text.fn_releasedriver
                0x200152e4       0xf4 C:/ISIS/workspace/ycube/GlobusSatProject/..//hal/hcc/lib\libHCCD.a(fat_common.o)
                0x200152e4                fn_releasedriver
 .text.fn_initvolumepartition_sub
                0x200153d8       0xe0 C:/ISIS/workspace/ycube/GlobusSatProject/..//hal/hcc/lib\libHCCD.a(fat_common.o)
 .text.fn_initvolumepartition
                0x200154b8       0xac C:/ISIS/workspace/ycube/GlobusSatProject/..//hal/hcc/lib\libHCCD.a(fat_common.o)
                0x200154b8                fn_initvolumepartition
 .text.fn_delvolume
                0x20015564      0x194 C:/ISIS/workspace/ycube/GlobusSatProject/..//hal/hcc/lib\libHCCD.a(fat_common.o)
                0x20015564                fn_delvolume
 .text._f_clustertopos
                0x200156f8       0xf8 C:/ISIS/workspace/ycube/GlobusSatProject/..//hal/hcc/lib\libHCCD.a(fat_common.o)
                0x200156f8                _f_clustertopos
 .text._f_getcurrsector
                0x200157f0      0x6c8 C:/ISIS/workspace/ycube/GlobusSatProject/..//hal/hcc/lib\libHCCD.a(fat_common.o)
                0x200157f0                _f_getcurrsector
 .text._f_getdecluster
                0x20015eb8       0x90 C:/ISIS/workspace/ycube/GlobusSatProject/..//hal/hcc/lib\libHCCD.a(fat_common.o)
                0x20015eb8                _f_getdecluster
 .text._f_setdecluster
                0x20015f48       0x8c C:/ISIS/workspace/ycube/GlobusSatProject/..//hal/hcc/lib\libHCCD.a(fat_common.o)
                0x20015f48                _f_setdecluster
 .text.fn_getdrive
                0x20015fd4       0x30 C:/ISIS/workspace/ycube/GlobusSatProject/..//hal/hcc/lib\libHCCD.a(fat_common.o)
                0x20015fd4                fn_getdrive
 .text._f_getcurrenttimedate
                0x20016004      0x138 C:/ISIS/workspace/ycube/GlobusSatProject/..//hal/hcc/lib\libHCCD.a(fat_common.o)
                0x20016004                _f_getcurrenttimedate
 .text._f_initentry
                0x2001613c       0xa0 C:/ISIS/workspace/ycube/GlobusSatProject/..//hal/hcc/lib\libHCCD.a(fat_common.o)
                0x2001613c                _f_initentry
 .text._f_alloccluster
                0x200161dc      0x344 C:/ISIS/workspace/ycube/GlobusSatProject/..//hal/hcc/lib\libHCCD.a(fat_common.o)
                0x200161dc                _f_alloccluster
 .text._f_dobadblock
                0x20016520      0x2cc C:/ISIS/workspace/ycube/GlobusSatProject/..//hal/hcc/lib\libHCCD.a(fat_common.o)
                0x20016520                _f_dobadblock
 .text._f_checklocked
                0x200167ec       0xe4 C:/ISIS/workspace/ycube/GlobusSatProject/..//hal/hcc/lib\libHCCD.a(fat_common.o)
                0x200167ec                _f_checklocked
 .text._f_checkappendlocked
                0x200168d0      0x110 C:/ISIS/workspace/ycube/GlobusSatProject/..//hal/hcc/lib\libHCCD.a(fat_common.o)
                0x200168d0                _f_checkappendlocked
 .text._f_setsyncafile
                0x200169e0      0x114 C:/ISIS/workspace/ycube/GlobusSatProject/..//hal/hcc/lib\libHCCD.a(fat_common.o)
                0x200169e0                _f_setsyncafile
 .text._f_syncfiles
                0x20016af4      0x128 C:/ISIS/workspace/ycube/GlobusSatProject/..//hal/hcc/lib\libHCCD.a(fat_common.o)
                0x20016af4                _f_syncfiles
 .text._f_syncfilescontent
                0x20016c1c      0x15c C:/ISIS/workspace/ycube/GlobusSatProject/..//hal/hcc/lib\libHCCD.a(fat_common.o)
 .text.fn_getfreespace
                0x20016d78      0x4c0 C:/ISIS/workspace/ycube/GlobusSatProject/..//hal/hcc/lib\libHCCD.a(fat_common.o)
                0x20016d78                fn_getfreespace
 .text._f_emptywritecache
                0x20017238      0x4a4 C:/ISIS/workspace/ycube/GlobusSatProject/..//hal/hcc/lib\libHCCD.a(fat_common.o)
 .text._f_allocnextcluster
                0x200176dc      0x54c C:/ISIS/workspace/ycube/GlobusSatProject/..//hal/hcc/lib\libHCCD.a(fat_common.o)
 .text._f_emptywritebuffer
                0x20017c28      0x20c C:/ISIS/workspace/ycube/GlobusSatProject/..//hal/hcc/lib\libHCCD.a(fat_common.o)
 .text._f_writezeros
                0x20017e34       0xf0 C:/ISIS/workspace/ycube/GlobusSatProject/..//hal/hcc/lib\libHCCD.a(fat_common.o)
                0x20017e34                _f_writezeros
 .text._f_extend_file
                0x20017f24      0x570 C:/ISIS/workspace/ycube/GlobusSatProject/..//hal/hcc/lib\libHCCD.a(fat_common.o)
 .text._f_fseek
                0x20018494      0x9bc C:/ISIS/workspace/ycube/GlobusSatProject/..//hal/hcc/lib\libHCCD.a(fat_common.o)
                0x20018494                _f_fseek
 .text._f_removechain
                0x20018e50      0x104 C:/ISIS/workspace/ycube/GlobusSatProject/..//hal/hcc/lib\libHCCD.a(fat_common.o)
                0x20018e50                _f_removechain
 .text._f_updatefileentry
                0x20018f54      0x1cc C:/ISIS/workspace/ycube/GlobusSatProject/..//hal/hcc/lib\libHCCD.a(fat_common.o)
 .text._f_checkreadlocked
                0x20019120      0x1bc C:/ISIS/workspace/ycube/GlobusSatProject/..//hal/hcc/lib\libHCCD.a(fat_common.o)
                0x20019120                _f_checkreadlocked
 .text._f_check_handle
                0x200192dc       0x98 C:/ISIS/workspace/ycube/GlobusSatProject/..//hal/hcc/lib\libHCCD.a(fat_common.o)
                0x200192dc                _f_check_handle
 .text._f_removesyncafile
                0x20019374      0x1ec C:/ISIS/workspace/ycube/GlobusSatProject/..//hal/hcc/lib\libHCCD.a(fat_common.o)
 .text.fn_close
                0x20019560      0x3f8 C:/ISIS/workspace/ycube/GlobusSatProject/..//hal/hcc/lib\libHCCD.a(fat_common.o)
                0x20019560                fn_close
 .text.fn_flush
                0x20019958      0x374 C:/ISIS/workspace/ycube/GlobusSatProject/..//hal/hcc/lib\libHCCD.a(fat_common.o)
                0x20019958                fn_flush
 .text.fn_read  0x20019ccc      0x690 C:/ISIS/workspace/ycube/GlobusSatProject/..//hal/hcc/lib\libHCCD.a(fat_common.o)
                0x20019ccc                fn_read
 .text._f_abortwrite
                0x2001a35c      0x100 C:/ISIS/workspace/ycube/GlobusSatProject/..//hal/hcc/lib\libHCCD.a(fat_common.o)
 .text._f_checkwritecluster
                0x2001a45c       0xe4 C:/ISIS/workspace/ycube/GlobusSatProject/..//hal/hcc/lib\libHCCD.a(fat_common.o)
 .text.fn_write
                0x2001a540      0x8a8 C:/ISIS/workspace/ycube/GlobusSatProject/..//hal/hcc/lib\libHCCD.a(fat_common.o)
                0x2001a540                fn_write
 .text.fn_seek  0x2001ade8      0x270 C:/ISIS/workspace/ycube/GlobusSatProject/..//hal/hcc/lib\libHCCD.a(fat_common.o)
                0x2001ade8                fn_seek
 .text.fn_tell  0x2001b058      0x19c C:/ISIS/workspace/ycube/GlobusSatProject/..//hal/hcc/lib\libHCCD.a(fat_common.o)
                0x2001b058                fn_tell
 .text.fn_rewind
                0x2001b1f4       0x38 C:/ISIS/workspace/ycube/GlobusSatProject/..//hal/hcc/lib\libHCCD.a(fat_common.o)
                0x2001b1f4                fn_rewind
 .text.fn_putc  0x2001b22c       0x68 C:/ISIS/workspace/ycube/GlobusSatProject/..//hal/hcc/lib\libHCCD.a(fat_common.o)
                0x2001b22c                fn_putc
 .text.f_enterFS
                0x2001b294      0x1c0 C:/ISIS/workspace/ycube/GlobusSatProject/..//hal/hcc/lib\libHCCD.a(fat_common.o)
                0x2001b294                f_enterFS
 .text.f_releaseFS
                0x2001b454       0xb0 C:/ISIS/workspace/ycube/GlobusSatProject/..//hal/hcc/lib\libHCCD.a(fat_common.o)
                0x2001b454                f_releaseFS
 .text.fnGetTask
                0x2001b504       0xfc C:/ISIS/workspace/ycube/GlobusSatProject/..//hal/hcc/lib\libHCCD.a(fat_common.o)
                0x2001b504                fnGetTask
 .text._f_mutex_get
                0x2001b600       0x98 C:/ISIS/workspace/ycube/GlobusSatProject/..//hal/hcc/lib\libHCCD.a(fat_common.o)
                0x2001b600                _f_mutex_get
 .text._f_mutex_put
                0x2001b698       0x54 C:/ISIS/workspace/ycube/GlobusSatProject/..//hal/hcc/lib\libHCCD.a(fat_common.o)
                0x2001b698                _f_mutex_put
 .text._fn_initseekdivisor
                0x2001b6ec      0x158 C:/ISIS/workspace/ycube/GlobusSatProject/..//hal/hcc/lib\libHCCD.a(fat_common.o)
                0x2001b6ec                _fn_initseekdivisor
 .text._fn_updateseekpos
                0x2001b844       0xc4 C:/ISIS/workspace/ycube/GlobusSatProject/..//hal/hcc/lib\libHCCD.a(fat_common.o)
 .text._f_findopensize
                0x2001b908       0x2c C:/ISIS/workspace/ycube/GlobusSatProject/..//hal/hcc/lib\libHCCD.a(fat_common.o)
                0x2001b908                _f_findopensize
 .text.fn_setlasterror
                0x2001b934       0x34 C:/ISIS/workspace/ycube/GlobusSatProject/..//hal/hcc/lib\libHCCD.a(fat_common.o)
                0x2001b934                fn_setlasterror
 .text.fn_setlasterror_noret
                0x2001b968       0x2c C:/ISIS/workspace/ycube/GlobusSatProject/..//hal/hcc/lib\libHCCD.a(fat_common.o)
                0x2001b968                fn_setlasterror_noret
 .text.fm_initvolume
                0x2001b994       0x70 C:/ISIS/workspace/ycube/GlobusSatProject/..//hal/hcc/lib\libHCCD.a(fat_m.o)
                0x2001b994                fm_initvolume
 .text.fm_delvolume
                0x2001ba04       0x60 C:/ISIS/workspace/ycube/GlobusSatProject/..//hal/hcc/lib\libHCCD.a(fat_m.o)
                0x2001ba04                fm_delvolume
 .text.fm_getdrive
                0x2001ba64       0x70 C:/ISIS/workspace/ycube/GlobusSatProject/..//hal/hcc/lib\libHCCD.a(fat_m.o)
                0x2001ba64                fm_getdrive
 .text.fm_getfreespace
                0x2001bad4       0x68 C:/ISIS/workspace/ycube/GlobusSatProject/..//hal/hcc/lib\libHCCD.a(fat_m.o)
                0x2001bad4                fm_getfreespace
 .text.fm_mkdir
                0x2001bb3c       0x60 C:/ISIS/workspace/ycube/GlobusSatProject/..//hal/hcc/lib\libHCCD.a(fat_m.o)
                0x2001bb3c                fm_mkdir
 .text.fm_findfirst
                0x2001bb9c       0x68 C:/ISIS/workspace/ycube/GlobusSatProject/..//hal/hcc/lib\libHCCD.a(fat_m.o)
                0x2001bb9c                fm_findfirst
 .text.fm_findnext
                0x2001bc04       0x60 C:/ISIS/workspace/ycube/GlobusSatProject/..//hal/hcc/lib\libHCCD.a(fat_m.o)
                0x2001bc04                fm_findnext
 .text.fm_close
                0x2001bc64       0x60 C:/ISIS/workspace/ycube/GlobusSatProject/..//hal/hcc/lib\libHCCD.a(fat_m.o)
                0x2001bc64                fm_close
 .text.fm_flush
                0x2001bcc4       0x60 C:/ISIS/workspace/ycube/GlobusSatProject/..//hal/hcc/lib\libHCCD.a(fat_m.o)
                0x2001bcc4                fm_flush
 .text.fm_open  0x2001bd24       0x68 C:/ISIS/workspace/ycube/GlobusSatProject/..//hal/hcc/lib\libHCCD.a(fat_m.o)
                0x2001bd24                fm_open
 .text.fm_read  0x2001bd8c       0x7c C:/ISIS/workspace/ycube/GlobusSatProject/..//hal/hcc/lib\libHCCD.a(fat_m.o)
                0x2001bd8c                fm_read
 .text.fm_write
                0x2001be08       0x7c C:/ISIS/workspace/ycube/GlobusSatProject/..//hal/hcc/lib\libHCCD.a(fat_m.o)
                0x2001be08                fm_write
 .text.fm_seek  0x2001be84       0x70 C:/ISIS/workspace/ycube/GlobusSatProject/..//hal/hcc/lib\libHCCD.a(fat_m.o)
                0x2001be84                fm_seek
 .text.fm_tell  0x2001bef4       0x60 C:/ISIS/workspace/ycube/GlobusSatProject/..//hal/hcc/lib\libHCCD.a(fat_m.o)
                0x2001bef4                fm_tell
 .text.fm_putc  0x2001bf54       0x68 C:/ISIS/workspace/ycube/GlobusSatProject/..//hal/hcc/lib\libHCCD.a(fat_m.o)
                0x2001bf54                fm_putc
 .text.fm_rewind
                0x2001bfbc       0x60 C:/ISIS/workspace/ycube/GlobusSatProject/..//hal/hcc/lib\libHCCD.a(fat_m.o)
                0x2001bfbc                fm_rewind
 .text.fm_delete
                0x2001c01c       0x64 C:/ISIS/workspace/ycube/GlobusSatProject/..//hal/hcc/lib\libHCCD.a(fat_m.o)
                0x2001c01c                fm_delete
 .text.fm_getlasterror
                0x2001c080       0x40 C:/ISIS/workspace/ycube/GlobusSatProject/..//hal/hcc/lib\libHCCD.a(fat_m.o)
                0x2001c080                fm_getlasterror
 .text._s_checkzeroclusteratend
                0x2001c0c0       0xf8 C:/ISIS/workspace/ycube/GlobusSatProject/..//hal/hcc/lib\libHCCD.a(safefat.o)
 .text._s_clearclustercontent
                0x2001c1b8      0x108 C:/ISIS/workspace/ycube/GlobusSatProject/..//hal/hcc/lib\libHCCD.a(safefat.o)
 .text._s_clearclustercontentdir
                0x2001c2c0      0x19c C:/ISIS/workspace/ycube/GlobusSatProject/..//hal/hcc/lib\libHCCD.a(safefat.o)
 .text._s_writedirsector
                0x2001c45c       0xd0 C:/ISIS/workspace/ycube/GlobusSatProject/..//hal/hcc/lib\libHCCD.a(safefat.o)
 .text._s_getdirsector
                0x2001c52c      0x100 C:/ISIS/workspace/ycube/GlobusSatProject/..//hal/hcc/lib\libHCCD.a(safefat.o)
 .text._s_addentry
                0x2001c62c      0x394 C:/ISIS/workspace/ycube/GlobusSatProject/..//hal/hcc/lib\libHCCD.a(safefat.o)
 .text._s_findfile
                0x2001c9c0      0x33c C:/ISIS/workspace/ycube/GlobusSatProject/..//hal/hcc/lib\libHCCD.a(safefat.o)
 .text._s_findsubdir
                0x2001ccfc      0x248 C:/ISIS/workspace/ycube/GlobusSatProject/..//hal/hcc/lib\libHCCD.a(safefat.o)
 .text._s_createfile
                0x2001cf44      0x190 C:/ISIS/workspace/ycube/GlobusSatProject/..//hal/hcc/lib\libHCCD.a(safefat.o)
 .text._s_findsaffile
                0x2001d0d4      0x1b8 C:/ISIS/workspace/ycube/GlobusSatProject/..//hal/hcc/lib\libHCCD.a(safefat.o)
 .text._s_open  0x2001d28c       0xe4 C:/ISIS/workspace/ycube/GlobusSatProject/..//hal/hcc/lib\libHCCD.a(safefat.o)
 .text._s_open_saf
                0x2001d370       0xe8 C:/ISIS/workspace/ycube/GlobusSatProject/..//hal/hcc/lib\libHCCD.a(safefat.o)
 .text._s_flush
                0x2001d458       0x84 C:/ISIS/workspace/ycube/GlobusSatProject/..//hal/hcc/lib\libHCCD.a(safefat.o)
 .text._s_allocnextcluster
                0x2001d4dc      0x13c C:/ISIS/workspace/ycube/GlobusSatProject/..//hal/hcc/lib\libHCCD.a(safefat.o)
 .text._s_getnextsector
                0x2001d618       0xdc C:/ISIS/workspace/ycube/GlobusSatProject/..//hal/hcc/lib\libHCCD.a(safefat.o)
 .text._s_seek  0x2001d6f4      0x1e8 C:/ISIS/workspace/ycube/GlobusSatProject/..//hal/hcc/lib\libHCCD.a(safefat.o)
 .text._s_get_len
                0x2001d8dc      0x10c C:/ISIS/workspace/ycube/GlobusSatProject/..//hal/hcc/lib\libHCCD.a(safefat.o)
 .text._s_set_len
                0x2001d9e8       0xb4 C:/ISIS/workspace/ycube/GlobusSatProject/..//hal/hcc/lib\libHCCD.a(safefat.o)
 .text.safe_fix_filelengths
                0x2001da9c       0xcc C:/ISIS/workspace/ycube/GlobusSatProject/..//hal/hcc/lib\libHCCD.a(safefat.o)
                0x2001da9c                safe_fix_filelengths
 .text._s_read  0x2001db68      0x228 C:/ISIS/workspace/ycube/GlobusSatProject/..//hal/hcc/lib\libHCCD.a(safefat.o)
 .text._s_write
                0x2001dd90      0x384 C:/ISIS/workspace/ycube/GlobusSatProject/..//hal/hcc/lib\libHCCD.a(safefat.o)
 .text._s_restoreclusters
                0x2001e114      0x270 C:/ISIS/workspace/ycube/GlobusSatProject/..//hal/hcc/lib\libHCCD.a(safefat.o)
                0x2001e114                _s_restoreclusters
 .text._s_findrestore
                0x2001e384      0x18c C:/ISIS/workspace/ycube/GlobusSatProject/..//hal/hcc/lib\libHCCD.a(safefat.o)
 .text._s_cmd_writede
                0x2001e510       0xd8 C:/ISIS/workspace/ycube/GlobusSatProject/..//hal/hcc/lib\libHCCD.a(safefat.o)
 .text._s_cmd_setcluster
                0x2001e5e8       0x88 C:/ISIS/workspace/ycube/GlobusSatProject/..//hal/hcc/lib\libHCCD.a(safefat.o)
 .text._s_cmd_deletechain
                0x2001e670      0x100 C:/ISIS/workspace/ycube/GlobusSatProject/..//hal/hcc/lib\libHCCD.a(safefat.o)
 .text._s_cmd_validatecfn
                0x2001e770      0x308 C:/ISIS/workspace/ycube/GlobusSatProject/..//hal/hcc/lib\libHCCD.a(safefat.o)
 .text._s_cmd_seteof
                0x2001ea78      0x3c4 C:/ISIS/workspace/ycube/GlobusSatProject/..//hal/hcc/lib\libHCCD.a(safefat.o)
 .text.safe_docommands
                0x2001ee3c      0x56c C:/ISIS/workspace/ycube/GlobusSatProject/..//hal/hcc/lib\libHCCD.a(safefat.o)
                0x2001ee3c                safe_docommands
 .text.safe_entercommand
                0x2001f3a8       0x68 C:/ISIS/workspace/ycube/GlobusSatProject/..//hal/hcc/lib\libHCCD.a(safefat.o)
                0x2001f3a8                safe_entercommand
 .text.safe_ready
                0x2001f410       0xf4 C:/ISIS/workspace/ycube/GlobusSatProject/..//hal/hcc/lib\libHCCD.a(safefat.o)
                0x2001f410                safe_ready
 .text.safe_copycfn
                0x2001f504       0xb8 C:/ISIS/workspace/ycube/GlobusSatProject/..//hal/hcc/lib\libHCCD.a(safefat.o)
                0x2001f504                safe_copycfn
 .text.safe_cfremove
                0x2001f5bc       0xb8 C:/ISIS/workspace/ycube/GlobusSatProject/..//hal/hcc/lib\libHCCD.a(safefat.o)
                0x2001f5bc                safe_cfremove
 .text.safe_writede
                0x2001f674      0x104 C:/ISIS/workspace/ycube/GlobusSatProject/..//hal/hcc/lib\libHCCD.a(safefat.o)
                0x2001f674                safe_writede
 .text.safe_setcluster
                0x2001f778       0xcc C:/ISIS/workspace/ycube/GlobusSatProject/..//hal/hcc/lib\libHCCD.a(safefat.o)
                0x2001f778                safe_setcluster
 .text.safe_deletechain
                0x2001f844      0x1c8 C:/ISIS/workspace/ycube/GlobusSatProject/..//hal/hcc/lib\libHCCD.a(safefat.o)
                0x2001f844                safe_deletechain
 .text.safe_cfclose
                0x2001fa0c      0x104 C:/ISIS/workspace/ycube/GlobusSatProject/..//hal/hcc/lib\libHCCD.a(safefat.o)
                0x2001fa0c                safe_cfclose
 .text.safe_cfflush
                0x2001fb10      0x124 C:/ISIS/workspace/ycube/GlobusSatProject/..//hal/hcc/lib\libHCCD.a(safefat.o)
                0x2001fb10                safe_cfflush
 .text.safe_reset
                0x2001fc34       0x78 C:/ISIS/workspace/ycube/GlobusSatProject/..//hal/hcc/lib\libHCCD.a(safefat.o)
                0x2001fc34                safe_reset
 .text.safe_loadcommands
                0x2001fcac       0x78 C:/ISIS/workspace/ycube/GlobusSatProject/..//hal/hcc/lib\libHCCD.a(safefat.o)
                0x2001fcac                safe_loadcommands
 .text.safe_poweron
                0x2001fd24      0x1fc C:/ISIS/workspace/ycube/GlobusSatProject/..//hal/hcc/lib\libHCCD.a(safefat.o)
                0x2001fd24                safe_poweron
 .text.cf_getname
                0x2001ff20       0xc0 C:/ISIS/workspace/ycube/GlobusSatProject/..//hal/hcc/lib\libHCCD.a(safefat.o)
 .text.cf_copyclusterchain
                0x2001ffe0      0x138 C:/ISIS/workspace/ycube/GlobusSatProject/..//hal/hcc/lib\libHCCD.a(safefat.o)
 .text.cf_seektozero
                0x20020118       0x94 C:/ISIS/workspace/ycube/GlobusSatProject/..//hal/hcc/lib\libHCCD.a(safefat.o)
                0x20020118                cf_seektozero
 .text.cf_create
                0x200201ac      0x3a8 C:/ISIS/workspace/ycube/GlobusSatProject/..//hal/hcc/lib\libHCCD.a(safefat.o)
                0x200201ac                cf_create
 .text.cf_copyclustercontent
                0x20020554      0x128 C:/ISIS/workspace/ycube/GlobusSatProject/..//hal/hcc/lib\libHCCD.a(safefat.o)
                0x20020554                cf_copyclustercontent
 .text.cf_copycfn
                0x2002067c      0x4bc C:/ISIS/workspace/ycube/GlobusSatProject/..//hal/hcc/lib\libHCCD.a(safefat.o)
                0x2002067c                cf_copycfn
 .text.cf_remove
                0x20020b38      0x344 C:/ISIS/workspace/ycube/GlobusSatProject/..//hal/hcc/lib\libHCCD.a(safefat.o)
                0x20020b38                cf_remove
 .text.cf_setclusternew
                0x20020e7c       0xf0 C:/ISIS/workspace/ycube/GlobusSatProject/..//hal/hcc/lib\libHCCD.a(safefat.o)
                0x20020e7c                cf_setclusternew
 .text.cf_flush
                0x20020f6c       0x58 C:/ISIS/workspace/ycube/GlobusSatProject/..//hal/hcc/lib\libHCCD.a(safefat.o)
                0x20020f6c                cf_flush
 .text.cf_getcluster
                0x20020fc4      0x1b4 C:/ISIS/workspace/ycube/GlobusSatProject/..//hal/hcc/lib\libHCCD.a(safefat.o)
                0x20020fc4                cf_getcluster
 .text.cf_setnextcluster
                0x20021178      0x194 C:/ISIS/workspace/ycube/GlobusSatProject/..//hal/hcc/lib\libHCCD.a(safefat.o)
                0x20021178                cf_setnextcluster
 .text.cf_getpositions
                0x2002130c       0xbc C:/ISIS/workspace/ycube/GlobusSatProject/..//hal/hcc/lib\libHCCD.a(safefat.o)
                0x2002130c                cf_getpositions
 .text.cf_setpositions
                0x200213c8       0xb0 C:/ISIS/workspace/ycube/GlobusSatProject/..//hal/hcc/lib\libHCCD.a(safefat.o)
                0x200213c8                cf_setpositions
 .text.cf_opensyncafile
                0x20021478      0x150 C:/ISIS/workspace/ycube/GlobusSatProject/..//hal/hcc/lib\libHCCD.a(safefat.o)
                0x20021478                cf_opensyncafile
 .text.cf_reloadcfo
                0x200215c8       0xd8 C:/ISIS/workspace/ycube/GlobusSatProject/..//hal/hcc/lib\libHCCD.a(safefat.o)
                0x200215c8                cf_reloadcfo
 .text.mcipdc_cmd
                0x200216a0      0x22c C:/ISIS/workspace/ycube/GlobusSatProject/..//hal/hcc/lib\libHCCD.a(atmel_mcipdc.o)
 .text.mcipdc_stop
                0x200218cc       0xfc C:/ISIS/workspace/ycube/GlobusSatProject/..//hal/hcc/lib\libHCCD.a(atmel_mcipdc.o)
                0x200218cc                mcipdc_stop
 .text.mcipdc_read
                0x200219c8      0x27c C:/ISIS/workspace/ycube/GlobusSatProject/..//hal/hcc/lib\libHCCD.a(atmel_mcipdc.o)
 .text.mcipdc_write
                0x20021c44      0x298 C:/ISIS/workspace/ycube/GlobusSatProject/..//hal/hcc/lib\libHCCD.a(atmel_mcipdc.o)
 .text.mcipdc_readsector
                0x20021edc       0x9c C:/ISIS/workspace/ycube/GlobusSatProject/..//hal/hcc/lib\libHCCD.a(atmel_mcipdc.o)
                0x20021edc                mcipdc_readsector
 .text.mcipdc_readmultiplesector
                0x20021f78      0x124 C:/ISIS/workspace/ycube/GlobusSatProject/..//hal/hcc/lib\libHCCD.a(atmel_mcipdc.o)
                0x20021f78                mcipdc_readmultiplesector
 .text.mcipdc_writesector
                0x2002209c       0x90 C:/ISIS/workspace/ycube/GlobusSatProject/..//hal/hcc/lib\libHCCD.a(atmel_mcipdc.o)
                0x2002209c                mcipdc_writesector
 .text.mcipdc_writemultiplesector
                0x2002212c      0x120 C:/ISIS/workspace/ycube/GlobusSatProject/..//hal/hcc/lib\libHCCD.a(atmel_mcipdc.o)
                0x2002212c                mcipdc_writemultiplesector
 .text.mcipdc_set_speed
                0x2002224c       0xb0 C:/ISIS/workspace/ycube/GlobusSatProject/..//hal/hcc/lib\libHCCD.a(atmel_mcipdc.o)
 .text.mcipdc_get_speed
                0x200222fc       0x48 C:/ISIS/workspace/ycube/GlobusSatProject/..//hal/hcc/lib\libHCCD.a(atmel_mcipdc.o)
 .text._get_csd_bits
                0x20022344      0x14c C:/ISIS/workspace/ycube/GlobusSatProject/..//hal/hcc/lib\libHCCD.a(atmel_mcipdc.o)
 .text.mcipdc_initcard
                0x20022490      0x8f4 C:/ISIS/workspace/ycube/GlobusSatProject/..//hal/hcc/lib\libHCCD.a(atmel_mcipdc.o)
 .text.mcipdc_getstatus
                0x20022d84       0xe8 C:/ISIS/workspace/ycube/GlobusSatProject/..//hal/hcc/lib\libHCCD.a(atmel_mcipdc.o)
 .text.mcipdc_getphy
                0x20022e6c       0x90 C:/ISIS/workspace/ycube/GlobusSatProject/..//hal/hcc/lib\libHCCD.a(atmel_mcipdc.o)
 .text.mcipdc_release
                0x20022efc       0x50 C:/ISIS/workspace/ycube/GlobusSatProject/..//hal/hcc/lib\libHCCD.a(atmel_mcipdc.o)
 .text.atmel_mcipdc_initfunc
                0x20022f4c      0x160 C:/ISIS/workspace/ycube/GlobusSatProject/..//hal/hcc/lib\libHCCD.a(atmel_mcipdc.o)
                0x20022f4c                atmel_mcipdc_initfunc
 .text.oal_mutex_create
                0x200230ac       0x54 C:/ISIS/workspace/ycube/GlobusSatProject/..//hal/hcc/lib\libHCCD.a(oalp_mutex.o)
                0x200230ac                oal_mutex_create
 .text.oal_mutex_delete
                0x20023100       0x30 C:/ISIS/workspace/ycube/GlobusSatProject/..//hal/hcc/lib\libHCCD.a(oalp_mutex.o)
                0x20023100                oal_mutex_delete
 .text.oal_mutex_get
                0x20023130       0x58 C:/ISIS/workspace/ycube/GlobusSatProject/..//hal/hcc/lib\libHCCD.a(oalp_mutex.o)
                0x20023130                oal_mutex_get
 .text.oal_mutex_put
                0x20023188       0x58 C:/ISIS/workspace/ycube/GlobusSatProject/..//hal/hcc/lib\libHCCD.a(oalp_mutex.o)
                0x20023188                oal_mutex_put
 .text.oal_task_get_id
                0x200231e0       0x18 C:/ISIS/workspace/ycube/GlobusSatProject/..//hal/hcc/lib\libHCCD.a(oalp_task.o)
                0x200231e0                oal_task_get_id
 .text.mcipdc_hw_init
                0x200231f8       0xe8 C:/ISIS/workspace/ycube/GlobusSatProject/..//hal/hcc/lib\libHCCD.a(atmel_mcipdc_hw.o)
                0x200231f8                mcipdc_hw_init
 .text.mcipdc_hw_delete
                0x200232e0       0x78 C:/ISIS/workspace/ycube/GlobusSatProject/..//hal/hcc/lib\libHCCD.a(atmel_mcipdc_hw.o)
                0x200232e0                mcipdc_hw_delete
 .text.mcipdc_hw_card_plugged
                0x20023358       0x1c C:/ISIS/workspace/ycube/GlobusSatProject/..//hal/hcc/lib\libHCCD.a(atmel_mcipdc_hw.o)
                0x20023358                mcipdc_hw_card_plugged
 .text.mcipdc_hw_card_writeprotect
                0x20023374       0x1c C:/ISIS/workspace/ycube/GlobusSatProject/..//hal/hcc/lib\libHCCD.a(atmel_mcipdc_hw.o)
                0x20023374                mcipdc_hw_card_writeprotect
 .text.psp_getcurrenttimedate
                0x20023390       0x8c C:/ISIS/workspace/ycube/GlobusSatProject/..//hal/hcc/lib\libHCCD.a(psp_rtc.o)
                0x20023390                psp_getcurrenttimedate
 .text._hcc_get_buf_dsc
                0x2002341c       0x8c C:/ISIS/workspace/ycube/GlobusSatProject/..//hal/hcc/lib\libHCCD.a(hcc_mem.o)
 .text._hcc_check_free_pages
                0x200234a8      0x18c C:/ISIS/workspace/ycube/GlobusSatProject/..//hal/hcc/lib\libHCCD.a(hcc_mem.o)
 .text._hcc_mark_pages
                0x20023634      0x158 C:/ISIS/workspace/ycube/GlobusSatProject/..//hal/hcc/lib\libHCCD.a(hcc_mem.o)
 .text._hcc_clear_lock_dsc
                0x2002378c       0x80 C:/ISIS/workspace/ycube/GlobusSatProject/..//hal/hcc/lib\libHCCD.a(hcc_mem.o)
 .text._hcc_lock_access
                0x2002380c      0x128 C:/ISIS/workspace/ycube/GlobusSatProject/..//hal/hcc/lib\libHCCD.a(hcc_mem.o)
 .text._hcc_unlock_access
                0x20023934       0x30 C:/ISIS/workspace/ycube/GlobusSatProject/..//hal/hcc/lib\libHCCD.a(hcc_mem.o)
 .text.hcc_mem_alloc
                0x20023964      0x454 C:/ISIS/workspace/ycube/GlobusSatProject/..//hal/hcc/lib\libHCCD.a(hcc_mem.o)
                0x20023964                hcc_mem_alloc
 .text.hcc_mem_free
                0x20023db8      0x178 C:/ISIS/workspace/ycube/GlobusSatProject/..//hal/hcc/lib\libHCCD.a(hcc_mem.o)
                0x20023db8                hcc_mem_free
 .text.hcc_mem_add
                0x20023f30      0x3b0 C:/ISIS/workspace/ycube/GlobusSatProject/..//hal/hcc/lib\libHCCD.a(hcc_mem.o)
                0x20023f30                hcc_mem_add
 .text.hcc_mem_init
                0x200242e0      0x164 C:/ISIS/workspace/ycube/GlobusSatProject/..//hal/hcc/lib\libHCCD.a(hcc_mem.o)
                0x200242e0                hcc_mem_init
 .text.hcc_mem_delete
                0x20024444       0x94 C:/ISIS/workspace/ycube/GlobusSatProject/..//hal/hcc/lib\libHCCD.a(hcc_mem.o)
                0x20024444                hcc_mem_delete
 .text._f_invalidatedir
                0x200244d8       0x28 C:/ISIS/workspace/ycube/GlobusSatProject/..//hal/hcc/lib\libHCCD.a(fat.o)
                0x200244d8                _f_invalidatedir
 .text._f_getdirsector
                0x20024500       0x88 C:/ISIS/workspace/ycube/GlobusSatProject/..//hal/hcc/lib\libHCCD.a(fat.o)
                0x20024500                _f_getdirsector
 .text._f_writedirsector
                0x20024588       0x74 C:/ISIS/workspace/ycube/GlobusSatProject/..//hal/hcc/lib\libHCCD.a(fat.o)
                0x20024588                _f_writedirsector
 .text._f_checknameinv
                0x200245fc      0x180 C:/ISIS/workspace/ycube/GlobusSatProject/..//hal/hcc/lib\libHCCD.a(fat.o)
 .text._f_checkname
                0x2002477c       0x7c C:/ISIS/workspace/ycube/GlobusSatProject/..//hal/hcc/lib\libHCCD.a(fat.o)
 .text._f_checknamewc
                0x200247f8       0xf8 C:/ISIS/workspace/ycube/GlobusSatProject/..//hal/hcc/lib\libHCCD.a(fat.o)
 .text._f_setnameext
                0x200248f0      0x300 C:/ISIS/workspace/ycube/GlobusSatProject/..//hal/hcc/lib\libHCCD.a(fat.o)
 .text._f_setfsname
                0x20024bf0      0x584 C:/ISIS/workspace/ycube/GlobusSatProject/..//hal/hcc/lib\libHCCD.a(fat.o)
 .text._f_findfile
                0x20025174      0x30c C:/ISIS/workspace/ycube/GlobusSatProject/..//hal/hcc/lib\libHCCD.a(fat.o)
 .text._f_cmp_wname
                0x20025480      0x274 C:/ISIS/workspace/ycube/GlobusSatProject/..//hal/hcc/lib\libHCCD.a(fat.o)
 .text._f_to_string
                0x200256f4      0x130 C:/ISIS/workspace/ycube/GlobusSatProject/..//hal/hcc/lib\libHCCD.a(fat.o)
 .text._f_findfilewc
                0x20025824      0x278 C:/ISIS/workspace/ycube/GlobusSatProject/..//hal/hcc/lib\libHCCD.a(fat.o)
 .text._f_getfilename
                0x20025a9c      0x20c C:/ISIS/workspace/ycube/GlobusSatProject/..//hal/hcc/lib\libHCCD.a(fat.o)
 .text._f_findpath
                0x20025ca8      0x35c C:/ISIS/workspace/ycube/GlobusSatProject/..//hal/hcc/lib\libHCCD.a(fat.o)
 .text.fn_getdcwd
                0x20026004      0x1e0 C:/ISIS/workspace/ycube/GlobusSatProject/..//hal/hcc/lib\libHCCD.a(fat.o)
                0x20026004                fn_getdcwd
 .text.fn_findfirst
                0x200261e4      0x13c C:/ISIS/workspace/ycube/GlobusSatProject/..//hal/hcc/lib\libHCCD.a(fat.o)
                0x200261e4                fn_findfirst
 .text.fn_findnext
                0x20026320      0x360 C:/ISIS/workspace/ycube/GlobusSatProject/..//hal/hcc/lib\libHCCD.a(fat.o)
                0x20026320                fn_findnext
 .text._f_lock_resfile
                0x20026680       0x6c C:/ISIS/workspace/ycube/GlobusSatProject/..//hal/hcc/lib\libHCCD.a(fat.o)
 .text._f_unlock_resfile
                0x200266ec       0x40 C:/ISIS/workspace/ycube/GlobusSatProject/..//hal/hcc/lib\libHCCD.a(fat.o)
 .text._f_getintfile
                0x2002672c      0x124 C:/ISIS/workspace/ycube/GlobusSatProject/..//hal/hcc/lib\libHCCD.a(fat.o)
 .text._f_addentry
                0x20026850      0x540 C:/ISIS/workspace/ycube/GlobusSatProject/..//hal/hcc/lib\libHCCD.a(fat.o)
 .text.fn_mkdir
                0x20026d90      0x75c C:/ISIS/workspace/ycube/GlobusSatProject/..//hal/hcc/lib\libHCCD.a(fat.o)
                0x20026d90                fn_mkdir
 .text.fn_open_sub
                0x200274ec     0x1698 C:/ISIS/workspace/ycube/GlobusSatProject/..//hal/hcc/lib\libHCCD.a(fat.o)
 .text.fn_open  0x20028b84       0x44 C:/ISIS/workspace/ycube/GlobusSatProject/..//hal/hcc/lib\libHCCD.a(fat.o)
                0x20028b84                fn_open
 .text.fn_delete
                0x20028bc8      0x490 C:/ISIS/workspace/ycube/GlobusSatProject/..//hal/hcc/lib\libHCCD.a(fat.o)
                0x20028bc8                fn_delete
 .text.hcc_mem_buf_alloc
                0x20029058       0xe4 C:/ISIS/workspace/ycube/GlobusSatProject/..//hal/hcc/lib\libHCCD.a(psp_hcc_mem.o)
                0x20029058                hcc_mem_buf_alloc
 .text.hcc_mem_buf_free
                0x2002913c       0x6c C:/ISIS/workspace/ycube/GlobusSatProject/..//hal/hcc/lib\libHCCD.a(psp_hcc_mem.o)
                0x2002913c                hcc_mem_buf_free
 .text.makeAntStransfer