Archive member included because of file (symbol)

C:/ISIS/workspace/ycube/GlobusSatProject/..//hal/hal/lib\libHALD.a(SPI.o)
                              ./src/InitSystem.o (SPI_start)
C:/ISIS/workspace/ycube/GlobusSatProject/..//hal/hal/lib\libHALD.a(I2C.o)
                              ./src/SubSystemModules/Housekepping/Payload.o (I2C_write)
C:/ISIS/workspace/ycube/GlobusSatProject/..//hal/hal/lib\libHALD.a(ADC.o)
                              ./src/SubSystemModules/Housekepping/TelemetryCollector.o (ADC_ConvertRaw10bitToMillivolt)
C:/ISIS/workspace/ycube/GlobusSatProject/..//hal/hal/lib\libHALD.a(FRAM.o)
                              ./src/SubSystemModules/Communication/SubsystemCommands/Maintanence_Commands.o (FRAM_start)
C:/ISIS/workspace/ycube/GlobusSatProject/..//hal/hal/lib\libHALD.a(Time.o)
                              ./src/InitSystem.o (Time_start)
C:/ISIS/workspace/ycube/GlobusSatProject/..//hal/hal/lib\libHALD.a(WatchDogTimerNoOS.o)
                              ./src/main.o (WDT_start)
C:/ISIS/workspace/ycube/GlobusSatProject/..//hal/hal/lib\libHALD.a(RTT.o)
                              C:/ISIS/workspace/ycube/GlobusSatProject/..//hal/hal/lib\libHALD.a(Time.o) (RTT_start)
C:/ISIS/workspace/ycube/GlobusSatProject/..//hal/hal/lib\libHALD.a(RTC.o)
                              C:/ISIS/workspace/ycube/GlobusSatProject/..//hal/hal/lib\libHALD.a(Time.o) (RTC_getTime)
C:/ISIS/workspace/ycube/GlobusSatProject/..//hal/hal/lib\libHALD.a(WatchDogTimerOS.o)
                              ./src/TestingDemos/MainTest.o (WDT_startWatchdogKickTask)
C:/ISIS/workspace/ycube/GlobusSatProject/..//hal/hal/lib\libHALD.a(fprintf.o)
                              ./src/TLM_management.o (f_puts)
C:/ISIS/workspace/ycube/GlobusSatProject/..//hal/hal/lib\libHALD.a(util.o)
                              ./src/TestingDemos/CommandsTestingDemo.o (UTIL_DbguGetIntegerMinMax)
C:/ISIS/workspace/ycube/GlobusSatProject/..//hal/hal/lib\libHALD.a(LED.o)
                              C:/ISIS/workspace/ycube/GlobusSatProject/..//hal/hal/lib\libHALD.a(WatchDogTimerOS.o) (LED_toggle)
C:/ISIS/workspace/ycube/GlobusSatProject/..//hal/hcc/lib\libHCCD.a(fat_m.o)
                              ./src/TLM_management.o (fm_initvolume)
C:/ISIS/workspace/ycube/GlobusSatProject/..//hal/hcc/lib\libHCCD.a(fat.o)
                              C:/ISIS/workspace/ycube/GlobusSatProject/..//hal/hcc/lib\libHCCD.a(fat_m.o) (fn_getdcwd)
C:/ISIS/workspace/ycube/GlobusSatProject/..//hal/hcc/lib\libHCCD.a(fat_common.o)
                              C:/ISIS/workspace/ycube/GlobusSatProject/..//hal/hcc/lib\libHCCD.a(fat.o) (p_filesystem)
C:/ISIS/workspace/ycube/GlobusSatProject/..//hal/hcc/lib\libHCCD.a(safefat.o)
                              C:/ISIS/workspace/ycube/GlobusSatProject/..//hal/hcc/lib\libHCCD.a(fat.o) (s_subdir)
C:/ISIS/workspace/ycube/GlobusSatProject/..//hal/hcc/lib\libHCCD.a(atmel_mcipdc.o)
                              ./src/TLM_management.o (atmel_mcipdc_initfunc)
C:/ISIS/workspace/ycube/GlobusSatProject/..//hal/hcc/lib\libHCCD.a(oalp_task.o)
                              C:/ISIS/workspace/ycube/GlobusSatProject/..//hal/hcc/lib\libHCCD.a(fat_common.o) (oal_task_get_id)
C:/ISIS/workspace/ycube/GlobusSatProject/..//hal/hcc/lib\libHCCD.a(oalp_mutex.o)
                              C:/ISIS/workspace/ycube/GlobusSatProject/..//hal/hcc/lib\libHCCD.a(fat_common.o) (oal_mutex_create)
C:/ISIS/workspace/ycube/GlobusSatProject/..//hal/hcc/lib\libHCCD.a(atmel_mcipdc_hw.o)
                              C:/ISIS/workspace/ycube/GlobusSatProject/..//hal/hcc/lib\libHCCD.a(atmel_mcipdc.o) (mcipdc_hw_init)
C:/ISIS/workspace/ycube/GlobusSatProject/..//hal/hcc/lib\libHCCD.a(psp_rand.o)
                              C:/ISIS/workspace/ycube/GlobusSatProject/..//hal/hcc/lib\libHCCD.a(fat_common.o) (psp_getrand)
C:/ISIS/workspace/ycube/GlobusSatProject/..//hal/hcc/lib\libHCCD.a(psp_rtc.o)
                              C:/ISIS/workspace/ycube/GlobusSatProject/..//hal/hcc/lib\libHCCD.a(fat_common.o) (psp_getcurrenttimedate)
C:/ISIS/workspace/ycube/GlobusSatProject/..//hal/hcc/lib\libHCCD.a(hcc_mem.o)
                              C:/ISIS/workspace/ycube/GlobusSatProject/..//hal/hcc/lib\libHCCD.a(atmel_mcipdc.o) (hcc_mem_alloc)
C:/ISIS/workspace/ycube/GlobusSatProject/..//hal/hcc/lib\libHCCD.a(psp_hcc_mem.o)
                              C:/ISIS/workspace/ycube/GlobusSatProject/..//hal/hcc/lib\libHCCD.a(hcc_mem.o) (hcc_mem_buf_alloc)
C:/ISIS/workspace/ycube/GlobusSatProject/..//satellite-subsystems/satellite-subsystems/lib\libSatelliteSubsystemsD.a(IsisSolarPanelv2.o)
                              ./src/SubSystemModules/PowerManagment/EPS.o (IsisSolarPanelv2_initialize)
C:/ISIS/workspace/ycube/GlobusSatProject/..//satellite-subsystems/satellite-subsystems/lib\libSatelliteSubsystemsD.a(isis_ants_rev2.o)
                              ./src/SubSystemModules/Communication/TRXVU.o (ISIS_ANTS_REV2_Init)
[...]
Memory Configuration

Name             Origin             Length             Attributes
sram0            0x00200000         0x00004000         w !xr
sram1            0x00300000         0x00004000         w !xr
sdram            0x20000000         0x02000000         w !xr
*default*        0x00000000         0xffffffff

Linker script and memory map

LOAD c:/isis/application/toolchain/bin/../lib/gcc/arm-none-eabi/4.7.4/../../../../arm-none-eabi/lib\libc.a
LOAD ./src/TestingDemos/CommandsTestingDemo.o
LOAD ./src/TestingDemos/EpsTestingDemo.o
LOAD ./src/TestingDemos/FileSystemTestingDemo.o
LOAD ./src/TestingDemos/MainTest.o
LOAD ./src/TestingDemos/MaintenanceTestingDemo.o
LOAD ./src/TestingDemos/TelemetryTestingDemo.o
LOAD ./src/TestingDemos/TrxvuTestingDemo.o
LOAD ./src/SubSystemModules/PowerManagment/EPS.o
LOAD ./src/SubSystemModules/PowerManagment/EPSOperationModes.o
LOAD ./src/SubSystemModules/Maintenance/Maintenance.o
LOAD ./src/SubSystemModules/Housekepping/Payload.o
LOAD ./src/SubSystemModules/Housekepping/RAMTelemetry.o
LOAD ./src/SubSystemModules/Housekepping/TelemetryCollector.o
LOAD ./src/SubSystemModules/Communication/SubsystemCommands/EPS_Commands.o
LOAD ./src/SubSystemModules/Communication/SubsystemCommands/FS_Commands.o
LOAD ./src/SubSystemModules/Communication/SubsystemCommands/Maintanence_Commands.o
LOAD ./src/SubSystemModules/Communication/SubsystemCommands/TRXVU_Commands.o
LOAD ./src/SubSystemModules/Communication/AckHandler.o
LOAD ./src/SubSystemModules/Communication/CommandDictionary.o
LOAD ./src/SubSystemModules/Communication/HashSecuredCMD.o
LOAD ./src/SubSystemModules/Communication/SatCommandHandler.o
LOAD ./src/SubSystemModules/Communication/TRXVU.o
LOAD ./src/InitSystem.o
LOAD ./src/TLM_management.o
LOAD ./src/main.o
LOAD ./src/utils.o
LOAD C:/ISIS/workspace/ycube/GlobusSatProject/..//hal/hal/lib\libHALD.a
LOAD C:/ISIS/workspace/ycube/GlobusSatProject/..//hal/hcc/lib\libHCCD.a
LOAD C:/ISIS/workspace/ycube/GlobusSatProject/..//satellite-subsystems/satellite-subsystems/lib\libSatelliteSubsystemsD.a
LOAD C:/ISIS/workspace/ycube/GlobusSatProject/..//hal/freertos/lib\libFreeRTOSD.a
LOAD C:/ISIS/workspace/ycube/GlobusSatProject/..//hal/at91/lib\libAt91D.a
START GROUP
LOAD c:/isis/application/toolchain/bin/../lib/gcc/arm-none-eabi/4.7.4\libgcc.a
LOAD c:/isis/application/toolchain/bin/../lib/gcc/arm-none-eabi/4.7.4/../../../../arm-none-eabi/lib\libg.a
LOAD c:/isis/application/toolchain/bin/../lib/gcc/arm-none-eabi/4.7.4/../../../../arm-none-eabi/lib\libc.a
END GROUP

.fixed          0x20000000    0x40ba8
                0x20000000                . = ALIGN (0x4)
                0x20000000                _sfixed = .
 *(.startup)
 .startup       0x20000000      0x184 C:/ISIS/workspace/ycube/GlobusSatProject/..//hal/at91/lib\libAt91D.a(board_cstartup.o)
                0x20000000                entry
 *(.text)
 .text          0x20000184       0x64 C:/ISIS/workspace/ycube/GlobusSatProject/..//hal/at91/lib\libAt91D.a(cp15_asm.o)
                0x20000184                _readControlRegister
                0x20000190                _writeControlRegister
                0x20000198                _waitForInterrupt
                0x200001a4                _writeTTB
                0x200001ac                _writeDomain
                0x200001b4                _writeITLBLockdown
                0x200001bc                _prefetchICacheLine
                0x200001c4                _flushDCache
                0x200001d0                _flushWriteBuffer
                0x200001dc                _invalidateIDTLBs
 .text          0x200001e8      0x114 c:/isis/application/toolchain/bin/../lib/gcc/arm-none-eabi/4.7.4\libgcc.a(_udivsi3.o)
                0x200001e8                __aeabi_uidiv
                0x200001e8                __udivsi3
                0x200002dc                __aeabi_uidivmod
 .text          0x200002fc      0x148 c:/isis/application/toolchain/bin/../lib/gcc/arm-none-eabi/4.7.4\libgcc.a(_divsi3.o)
                0x200002fc                __divsi3
                0x200002fc                __aeabi_idiv
                0x20000424                __aeabi_idivmod
 .text          0x20000444        0x4 c:/isis/application/toolchain/bin/../lib/gcc/arm-none-eabi/4.7.4\libgcc.a(_dvmd_tls.o)
                0x20000444                __aeabi_idiv0
                0x20000444                __aeabi_ldiv0
 .text          0x20000448      0x41c c:/isis/application/toolchain/bin/../lib/gcc/arm-none-eabi/4.7.4\libgcc.a(_arm_addsubdf3.o)
                0x20000448                __aeabi_drsub
                0x20000450                __aeabi_dsub
                0x20000450                __subdf3
                0x20000454                __aeabi_dadd
                0x20000454                __adddf3
                0x20000764                __floatunsidf
                0x20000764                __aeabi_ui2d
                0x20000788                __floatsidf
                0x20000788                __aeabi_i2d
                0x200007b0                __aeabi_f2d
                0x200007b0                __extendsfdf2
                0x200007f0                __floatundidf
                0x200007f0                __aeabi_ul2d
                0x20000804                __floatdidf
                0x20000804                __aeabi_l2d
 .text          0x20000864      0x2ac c:/isis/application/toolchain/bin/../lib/gcc/arm-none-eabi/4.7.4\libgcc.a(_arm_addsubsf3.o)
                0x20000864                __aeabi_frsub
                0x2000086c                __subsf3
                0x2000086c                __aeabi_fsub
                0x20000870                __aeabi_fadd
                0x20000870                __addsf3
                0x20000a2c                __aeabi_ui2f
                0x20000a2c                __floatunsisf
                0x20000a34                __aeabi_i2f
                0x20000a34                __floatsisf
                0x20000a54                __aeabi_ul2f
                0x20000a54                __floatundisf
                0x20000a64                __aeabi_l2f
                0x20000a64                __floatdisf
 .text          0x20000b10      0x2f8 c:/isis/application/toolchain/bin/../lib/gcc/arm-none-eabi/4.7.4\libgcc.a(_arm_muldivsf3.o)
                0x20000b10                __mulsf3
                0x20000b10                __aeabi_fmul
                0x20000ca8                __aeabi_fdiv
                0x20000ca8                __divsf3
 .text          0x20000e08      0x114 c:/isis/application/toolchain/bin/../lib/gcc/arm-none-eabi/4.7.4\libgcc.a(_arm_cmpsf2.o)
                0x20000e08                __gesf2
                0x20000e08                __gtsf2
                0x20000e10                __lesf2
                0x20000e10                __ltsf2
                0x20000e18                __nesf2
                0x20000e18                __eqsf2
                0x20000e18                __cmpsf2
                0x20000e7c                __aeabi_cfrcmple
                0x20000e8c                __aeabi_cfcmpeq
                0x20000e8c                __aeabi_cfcmple
                0x20000ea4                __aeabi_fcmpeq
                0x20000ebc                __aeabi_fcmplt
                0x20000ed4                __aeabi_fcmple
                0x20000eec                __aeabi_fcmpge
                0x20000f04                __aeabi_fcmpgt
 .text          0x20000f1c       0x54 c:/isis/application/toolchain/bin/../lib/gcc/arm-none-eabi/4.7.4\libgcc.a(_arm_fixunssfsi.o)
                0x20000f1c                __fixunssfsi
                0x20000f1c                __aeabi_f2uiz
 .text          0x20000f70      0x49c c:/isis/application/toolchain/bin/../lib/gcc/arm-none-eabi/4.7.4\libgcc.a(_arm_muldivdf3.o)
                0x20000f70                __aeabi_dmul
                0x20000f70                __muldf3
                0x20001200                __divdf3
                0x20001200                __aeabi_ddiv
 .text          0x2000140c      0x144 c:/isis/application/toolchain/bin/../lib/gcc/arm-none-eabi/4.7.4\libgcc.a(_arm_cmpdf2.o)
                0x2000140c                __gtdf2
                0x2000140c                __gedf2
                0x20001414                __ltdf2
                0x20001414                __ledf2
                0x2000141c                __nedf2
                0x2000141c                __eqdf2
                0x2000141c                __cmpdf2
                0x200014a4                __aeabi_cdrcmple
                0x200014c0                __aeabi_cdcmpeq
                0x200014c0                __aeabi_cdcmple
                0x200014d8                __aeabi_dcmpeq
                0x200014f0                __aeabi_dcmplt
                0x20001508                __aeabi_dcmple
                0x20001520                __aeabi_dcmpge
                0x20001538                __aeabi_dcmpgt
 .text          0x20001550       0x5c c:/isis/application/toolchain/bin/../lib/gcc/arm-none-eabi/4.7.4\libgcc.a(_arm_fixdfsi.o)
                0x20001550                __aeabi_d2iz
                0x20001550                __fixdfsi
 .text          0x200015ac       0x3c c:/isis/application/toolchain/bin/../lib/gcc/arm-none-eabi/4.7.4\libgcc.a(_aeabi_uldivmod.o)
                0x200015ac                __aeabi_uldivmod
 .text          0x200015e8       0x84 c:/isis/application/toolchain/bin/../lib/gcc/arm-none-eabi/4.7.4\libgcc.a(bpabi.o)
                0x200015e8                __gnu_ldivmod_helper
                0x2000162c                __gnu_uldivmod_helper
 .text          0x2000166c      0x4f0 c:/isis/application/toolchain/bin/../lib/gcc/arm-none-eabi/4.7.4\libgcc.a(_divdi3.o)
                0x2000166c                __divdi3
 .text          0x20001b5c      0x488 c:/isis/application/toolchain/bin/../lib/gcc/arm-none-eabi/4.7.4\libgcc.a(_udivdi3.o)
                0x20001b5c                __udivdi3
 .text          0x20001fe4       0x48 c:/isis/application/toolchain/bin/../lib/gcc/arm-none-eabi/4.7.4\libgcc.a(_clzsi2.o)
                0x20001fe4                __clzsi2
 *(.text*)
 .text.Hash256  0x2000202c       0x84 ./src/TestingDemos/TrxvuTestingDemo.o
                0x2000202c                Hash256
 .text.CMD_Hash256
                0x200020b0      0x2e4 ./src/TestingDemos/TrxvuTestingDemo.o
                0x200020b0                CMD_Hash256
 .text.GetBatteryVoltage
                0x20002394       0x44 ./src/SubSystemModules/PowerManagment/EPS.o
                0x20002394                GetBatteryVoltage
 .text.EPS_Init
                0x200023d8      0x124 ./src/SubSystemModules/PowerManagment/EPS.o
                0x200023d8                EPS_Init
 .text.EPS_Conditioning
                0x200024fc      0x1c4 ./src/SubSystemModules/PowerManagment/EPS.o
                0x200024fc                EPS_Conditioning
 .text.UpdateAlpha
                0x200026c0       0xd8 ./src/SubSystemModules/PowerManagment/EPS.o
                0x200026c0                UpdateAlpha
 .text.GetThresholdVoltages
                0x20002798       0x80 ./src/SubSystemModules/PowerManagment/EPS.o
                0x20002798                GetThresholdVoltages
 .text.GetAlpha
                0x20002818       0x7c ./src/SubSystemModules/PowerManagment/EPS.o
                0x20002818                GetAlpha
 .text.CMDGetHeaterValues
                0x20002894      0x1f8 ./src/SubSystemModules/PowerManagment/EPS.o
                0x20002894                CMDGetHeaterValues
 .text.CMDSetHeaterValues
                0x20002a8c      0x204 ./src/SubSystemModules/PowerManagment/EPS.o
                0x20002a8c                CMDSetHeaterValues
 .text.EnterFullMode
                0x20002c90       0x5c ./src/SubSystemModules/PowerManagment/EPSOperationModes.o
                0x20002c90                EnterFullMode
 .text.EnterCruiseMode
                0x20002cec       0x58 ./src/SubSystemModules/PowerManagment/EPSOperationModes.o
                0x20002cec                EnterCruiseMode
 .text.EnterSafeMode
                0x20002d44       0x5c ./src/SubSystemModules/PowerManagment/EPSOperationModes.o
                0x20002d44                EnterSafeMode
 .text.EnterCriticalMode
                0x20002da0       0x5c ./src/SubSystemModules/PowerManagment/EPSOperationModes.o
                0x20002da0                EnterCriticalMode
 .text.PayloadOperations
                0x20002dfc      0x114 ./src/SubSystemModules/PowerManagment/EPSOperationModes.o
                0x20002dfc                PayloadOperations
 .text.EpsGetLowVoltageFlag
                0x20002f10       0x24 ./src/SubSystemModules/PowerManagment/EPSOperationModes.o
                0x20002f10                EpsGetLowVoltageFlag
 .text.EpsSetLowVoltageFlag
                0x20002f34       0x2c ./src/SubSystemModules/PowerManagment/EPSOperationModes.o
                0x20002f34                EpsSetLowVoltageFlag
 .text.CheckExecutionTime
                0x20002f60       0x80 ./src/SubSystemModules/Maintenance/Maintenance.o
                0x20002f60                CheckExecutionTime
 .text.SaveSatTimeInFRAM
                0x20002fe0       0x44 ./src/SubSystemModules/Maintenance/Maintenance.o
                0x20002fe0                SaveSatTimeInFRAM
 .text.WakeupFromResetCMD
                0x20003024      0x120 ./src/SubSystemModules/Maintenance/Maintenance.o
                0x20003024                WakeupFromResetCMD
 .text.ResetGroundCommWDT
                0x20003144       0x1c ./src/SubSystemModules/Maintenance/Maintenance.o
                0x20003144                ResetGroundCommWDT
 .text.IsGroundCommunicationWDTKick
                0x20003160       0x78 ./src/SubSystemModules/Maintenance/Maintenance.o
                0x20003160                IsGroundCommunicationWDTKick
 .text.GetGsWdtKickTime
                0x200031d8       0x38 ./src/SubSystemModules/Maintenance/Maintenance.o
                0x200031d8                GetGsWdtKickTime
 .text.findMinMaxDate
                0x20003210       0xdc ./src/SubSystemModules/Maintenance/Maintenance.o
                0x20003210                findMinMaxDate
 .text.DeleteOldFiels
                0x200032ec       0xf0 ./src/SubSystemModules/Maintenance/Maintenance.o
                0x200032ec                DeleteOldFiels
 .text.CheckDeployAnt
                0x200033dc       0x84 ./src/SubSystemModules/Maintenance/Maintenance.o
                0x200033dc                CheckDeployAnt
 .text.HardResetMCU
                0x20003460       0x3c ./src/SubSystemModules/Maintenance/Maintenance.o
                0x20003460                HardResetMCU
 .text.Maintenance
                0x2000349c       0xa4 ./src/SubSystemModules/Maintenance/Maintenance.o
                0x2000349c                Maintenance
 .text.payloadRead
                0x20003540       0xd0 ./src/SubSystemModules/Housekepping/Payload.o
                0x20003540                payloadRead
 .text.payloadSendCommand
                0x20003610       0xb4 ./src/SubSystemModules/Housekepping/Payload.o
                0x20003610                payloadSendCommand
 .text.get_radfet_data
                0x200036c4      0x12c ./src/SubSystemModules/Housekepping/Payload.o
                0x200036c4                get_radfet_data
 .text.get_sel_data
                0x200037f0      0x200 ./src/SubSystemModules/Housekepping/Payload.o
                0x200037f0                get_sel_data
 .text.get_seu_data
                0x200039f0      0x140 ./src/SubSystemModules/Housekepping/Payload.o
                0x200039f0                get_seu_data
 .text.changeIntIndian
                0x20003b30       0x5c ./src/SubSystemModules/Housekepping/Payload.o
                0x20003b30                changeIntIndian
 .text.ResetRamTlm
                0x20003b8c      0x104 ./src/SubSystemModules/Housekepping/RAMTelemetry.o
                0x20003b8c                ResetRamTlm
 .text.inc      0x20003c90       0x4c ./src/SubSystemModules/Housekepping/RAMTelemetry.o
                0x20003c90                inc
 .text.dec      0x20003cdc       0x48 ./src/SubSystemModules/Housekepping/RAMTelemetry.o
                0x20003cdc                dec
 .text.saveTlmToRam
                0x20003d24      0x304 ./src/SubSystemModules/Housekepping/RAMTelemetry.o
                0x20003d24                saveTlmToRam
 .text.getTlm   0x20004028      0x210 ./src/SubSystemModules/Housekepping/RAMTelemetry.o
                0x20004028                getTlm
 .text.getRange
                0x20004238      0x204 ./src/SubSystemModules/Housekepping/RAMTelemetry.o
                0x20004238                getRange
 .text.InitSavePeriodTimes
                0x2000443c       0xb8 ./src/SubSystemModules/Housekepping/TelemetryCollector.o
                0x2000443c                InitSavePeriodTimes
 .text.CMD_GetTLMPeriodTimes
                0x200044f4       0x38 ./src/SubSystemModules/Housekepping/TelemetryCollector.o
                0x200044f4                CMD_GetTLMPeriodTimes
 .text.CMD_SetTLMPeriodTimes
                0x2000452c      0x204 ./src/SubSystemModules/Housekepping/TelemetryCollector.o
                0x2000452c                CMD_SetTLMPeriodTimes
 .text.TelemetryCollectorLogic
                0x20004730      0x268 ./src/SubSystemModules/Housekepping/TelemetryCollector.o
                0x20004730                TelemetryCollectorLogic
 .text.TelemetrySaveEPS
                0x20004998       0x54 ./src/SubSystemModules/Housekepping/TelemetryCollector.o
                0x20004998                TelemetrySaveEPS
 .text.TelemetrySaveTRXVU
                0x200049ec       0x94 ./src/SubSystemModules/Housekepping/TelemetryCollector.o
                0x200049ec                TelemetrySaveTRXVU
 .text.TelemetrySaveWOD
                0x20004a80       0x5c ./src/SubSystemModules/Housekepping/TelemetryCollector.o
                0x20004a80                TelemetrySaveWOD
 .text.TelemetrySaveRADFET
                0x20004adc       0x54 ./src/SubSystemModules/Housekepping/TelemetryCollector.o
                0x20004adc                TelemetrySaveRADFET
 .text.TelemetrySaveSEL
                0x20004b30       0x84 ./src/SubSystemModules/Housekepping/TelemetryCollector.o
                0x20004b30                TelemetrySaveSEL
 .text.TelemetrySaveSEU
                0x20004bb4       0x54 ./src/SubSystemModules/Housekepping/TelemetryCollector.o
                0x20004bb4                TelemetrySaveSEU
 .text.GetCurrentWODTelemetry
                0x20004c08      0x7e0 ./src/SubSystemModules/Housekepping/TelemetryCollector.o
                0x20004c08                GetCurrentWODTelemetry
 .text.CMD_EPS_ResetWDT
                0x200053e8       0x58 ./src/SubSystemModules/Communication/SubsystemCommands/EPS_Commands.o
                0x200053e8                CMD_EPS_ResetWDT
 .text.CMD_DeleteTLM
                0x20005440      0x1a0 ./src/SubSystemModules/Communication/SubsystemCommands/FS_Commands.o
                0x20005440                CMD_DeleteTLM
 .text.CMD_DeleteAllFiles
                0x200055e0       0x38 ./src/SubSystemModules/Communication/SubsystemCommands/FS_Commands.o
                0x200055e0                CMD_DeleteAllFiles
 .text.CMD_GetLastFS_Error
                0x20005618       0x4c ./src/SubSystemModules/Communication/SubsystemCommands/FS_Commands.o
                0x20005618                CMD_GetLastFS_Error
 .text.CMD_Get_TLM_Info
                0x20005664      0x16c ./src/SubSystemModules/Communication/SubsystemCommands/FS_Commands.o
                0x20005664                CMD_Get_TLM_Info
 .text.CMD_Switch_SD_Card
                0x200057d0       0xcc ./src/SubSystemModules/Communication/SubsystemCommands/FS_Commands.o
                0x200057d0                CMD_Switch_SD_Card
 .text.CMD_Format_SD_Card
                0x2000589c       0xa4 ./src/SubSystemModules/Communication/SubsystemCommands/FS_Commands.o
                0x2000589c                CMD_Format_SD_Card
 .text.CMD_GenericI2C
                0x20005940      0x144 ./src/SubSystemModules/Communication/SubsystemCommands/Maintanence_Commands.o
                0x20005940                CMD_GenericI2C
 .text.CMD_FRAM_ReadAndTransmitt
                0x20005a84       0xe8 ./src/SubSystemModules/Communication/SubsystemCommands/Maintanence_Commands.o
                0x20005a84                CMD_FRAM_ReadAndTransmitt
 .text.CMD_FRAM_WriteAndTransmitt
                0x20005b6c      0x11c ./src/SubSystemModules/Communication/SubsystemCommands/Maintanence_Commands.o
                0x20005b6c                CMD_FRAM_WriteAndTransmitt
 .text.CMD_FRAM_ReStart
                0x20005c88       0x4c ./src/SubSystemModules/Communication/SubsystemCommands/Maintanence_Commands.o
                0x20005c88                CMD_FRAM_ReStart
 .text.CMD_UpdateSatTime
                0x20005cd4       0xa4 ./src/SubSystemModules/Communication/SubsystemCommands/Maintanence_Commands.o
                0x20005cd4                CMD_UpdateSatTime
 .text.CMD_GetSatUptime
                0x20005d78       0x48 ./src/SubSystemModules/Communication/SubsystemCommands/Maintanence_Commands.o
                0x20005d78                CMD_GetSatUptime
 .text.CMD_ResetComponent
                0x20005dc0      0x274 ./src/SubSystemModules/Communication/SubsystemCommands/Maintanence_Commands.o
                0x20005dc0                CMD_ResetComponent
 .text.DumpTask
                0x20006034      0x310 ./src/SubSystemModules/Communication/SubsystemCommands/TRXVU_Commands.o
                0x20006034                DumpTask
 .text.DumpRamTask
                0x20006344      0x40c ./src/SubSystemModules/Communication/SubsystemCommands/TRXVU_Commands.o
                0x20006344                DumpRamTask
 .text.CMD_AntennaDeploy
                0x20006750       0x8c ./src/SubSystemModules/Communication/SubsystemCommands/TRXVU_Commands.o
                0x20006750                CMD_AntennaDeploy
 .text.CMD_StartDump
                0x200067dc      0x200 ./src/SubSystemModules/Communication/SubsystemCommands/TRXVU_Commands.o
                0x200067dc                CMD_StartDump
 .text.CMD_SendDumpAbortRequest
                0x200069dc       0x38 ./src/SubSystemModules/Communication/SubsystemCommands/TRXVU_Commands.o
                0x200069dc                CMD_SendDumpAbortRequest
 .text.CMD_ForceDumpAbort
                0x20006a14       0x3c ./src/SubSystemModules/Communication/SubsystemCommands/TRXVU_Commands.o
                0x20006a14                CMD_ForceDumpAbort
 .text.CMD_SetTransponder
                0x20006a50      0x110 ./src/SubSystemModules/Communication/SubsystemCommands/TRXVU_Commands.o
                0x20006a50                CMD_SetTransponder
 .text.CMD_SetRSSITransponder
                0x20006b60       0x90 ./src/SubSystemModules/Communication/SubsystemCommands/TRXVU_Commands.o
                0x20006b60                CMD_SetRSSITransponder
 .text.CMD_MuteTRXVU
                0x20006bf0       0xc4 ./src/SubSystemModules/Communication/SubsystemCommands/TRXVU_Commands.o
                0x20006bf0                CMD_MuteTRXVU
 .text.CMD_SetIdleState
                0x20006cb4       0x94 ./src/SubSystemModules/Communication/SubsystemCommands/TRXVU_Commands.o
                0x20006cb4                CMD_SetIdleState
 .text.CMD_UnMuteTRXVU
                0x20006d48       0x38 ./src/SubSystemModules/Communication/SubsystemCommands/TRXVU_Commands.o
                0x20006d48                CMD_UnMuteTRXVU
 .text.CMD_GetBaudRate
                0x20006d80       0x6c ./src/SubSystemModules/Communication/SubsystemCommands/TRXVU_Commands.o
                0x20006d80                CMD_GetBaudRate
 .text.CMD_TrasmitBeacon
                0x20006dec       0x48 ./src/SubSystemModules/Communication/SubsystemCommands/TRXVU_Commands.o
                0x20006dec                CMD_TrasmitBeacon
 .text.CMD_GetBeaconInterval
                0x20006e34       0x6c ./src/SubSystemModules/Communication/SubsystemCommands/TRXVU_Commands.o
                0x20006e34                CMD_GetBeaconInterval
 .text.CMD_SetBaudRate
                0x20006ea0       0x64 ./src/SubSystemModules/Communication/SubsystemCommands/TRXVU_Commands.o
                0x20006ea0                CMD_SetBaudRate
 .text.CMD_GetTxUptime
                0x20006f04       0x68 ./src/SubSystemModules/Communication/SubsystemCommands/TRXVU_Commands.o
                0x20006f04                CMD_GetTxUptime
 .text.CMD_GetRxUptime
                0x20006f6c       0x68 ./src/SubSystemModules/Communication/SubsystemCommands/TRXVU_Commands.o
                0x20006f6c                CMD_GetRxUptime
 .text.CMD_GetNumOfOnlineCommands
                0x20006fd4       0x68 ./src/SubSystemModules/Communication/SubsystemCommands/TRXVU_Commands.o
                0x20006fd4                CMD_GetNumOfOnlineCommands
 .text.CMD_AntSetArmStatus
                0x2000703c       0x3c ./src/SubSystemModules/Communication/SubsystemCommands/TRXVU_Commands.o
                0x2000703c                CMD_AntSetArmStatus
 .text.CMD_AntGetArmStatus
                0x20007078       0x60 ./src/SubSystemModules/Communication/SubsystemCommands/TRXVU_Commands.o
                0x20007078                CMD_AntGetArmStatus
 .text.CMD_AntGetUptime
                0x200070d8       0x68 ./src/SubSystemModules/Communication/SubsystemCommands/TRXVU_Commands.o
                0x200070d8                CMD_AntGetUptime
 .text.CMD_StopReDeployment
                0x20007140       0x74 ./src/SubSystemModules/Communication/SubsystemCommands/TRXVU_Commands.o
                0x20007140                CMD_StopReDeployment
 .text.CMD_AntCancelDeployment
                0x200071b4       0x58 ./src/SubSystemModules/Communication/SubsystemCommands/TRXVU_Commands.o
                0x200071b4                CMD_AntCancelDeployment
 .text.CMD_DumpRamTLM
                0x2000720c      0x180 ./src/SubSystemModules/Communication/SubsystemCommands/TRXVU_Commands.o
                0x2000720c                CMD_DumpRamTLM
 .text.SendAckPacket
                0x2000738c       0xfc ./src/SubSystemModules/Communication/AckHandler.o
                0x2000738c                SendAckPacket
 .text.trxvu_command_router
                0x20007488      0x578 ./src/SubSystemModules/Communication/CommandDictionary.o
                0x20007488                trxvu_command_router
 .text.eps_command_router
                0x20007a00       0xdc ./src/SubSystemModules/Communication/CommandDictionary.o
                0x20007a00                eps_command_router
 .text.telemetry_command_router
                0x20007adc      0x23c ./src/SubSystemModules/Communication/CommandDictionary.o
                0x20007adc                telemetry_command_router
 .text.managment_command_router
                0x20007d18      0x12c ./src/SubSystemModules/Communication/CommandDictionary.o
                0x20007d18                managment_command_router
 .text.filesystem_command_router
                0x20007e44       0x24 ./src/SubSystemModules/Communication/CommandDictionary.o
                0x20007e44                filesystem_command_router
 .text.sha256_transform
                0x20007e68      0x4b8 ./src/SubSystemModules/Communication/HashSecuredCMD.o
                0x20007e68                sha256_transform
 .text.sha256_init
                0x20008320       0xb8 ./src/SubSystemModules/Communication/HashSecuredCMD.o
                0x20008320                sha256_init
 .text.sha256_update
                0x200083d8       0xc8 ./src/SubSystemModules/Communication/HashSecuredCMD.o
                0x200083d8                sha256_update
 .text.sha256_final
                0x200084a0      0x470 ./src/SubSystemModules/Communication/HashSecuredCMD.o
                0x200084a0                sha256_final
 .text.ParseDataToCommand
                0x20008910      0x1ac ./src/SubSystemModules/Communication/SatCommandHandler.o
                0x20008910                ParseDataToCommand
 .text.AssembleCommand
                0x20008abc      0x148 ./src/SubSystemModules/Communication/SatCommandHandler.o
                0x20008abc                AssembleCommand
 .text.ActUponCommand
                0x20008c04      0x108 ./src/SubSystemModules/Communication/SatCommandHandler.o
                0x20008c04                ActUponCommand
 .text.setMuteEndTime
                0x20008d0c       0x40 ./src/SubSystemModules/Communication/TRXVU.o
                0x20008d0c                setMuteEndTime
 .text.getMuteEndTime
                0x20008d4c       0x44 ./src/SubSystemModules/Communication/TRXVU.o
                0x20008d4c                getMuteEndTime
 .text.setTransponderEndTime
                0x20008d90       0x40 ./src/SubSystemModules/Communication/TRXVU.o
                0x20008d90                setTransponderEndTime
 .text.getTransponderEndTime
                0x20008dd0       0x44 ./src/SubSystemModules/Communication/TRXVU.o
                0x20008dd0                getTransponderEndTime
 .text.setTransponderRSSIinFRAM
                0x20008e14       0x44 ./src/SubSystemModules/Communication/TRXVU.o
                0x20008e14                setTransponderRSSIinFRAM
 .text.getTransponderRSSIFromFRAM
                0x20008e58       0x4c ./src/SubSystemModules/Communication/TRXVU.o
                0x20008e58                getTransponderRSSIFromFRAM
 .text.InitTxModule
                0x20008ea4       0x68 ./src/SubSystemModules/Communication/TRXVU.o
                0x20008ea4                InitTxModule
 .text.CMD_SetBeaconInterval
                0x20008f0c       0xdc ./src/SubSystemModules/Communication/TRXVU.o
                0x20008f0c                CMD_SetBeaconInterval
 .text.InitBeaconParams
                0x20008fe8       0x3c ./src/SubSystemModules/Communication/TRXVU.o
                0x20008fe8                InitBeaconParams
 .text.InitSemaphores
                0x20009024       0x98 ./src/SubSystemModules/Communication/TRXVU.o
                0x20009024                InitSemaphores
 .text.InitTrxvu
                0x200090bc      0x138 ./src/SubSystemModules/Communication/TRXVU.o
                0x200090bc                InitTrxvu
 .text.checkIdleFinish
                0x200091f4       0x68 ./src/SubSystemModules/Communication/TRXVU.o
                0x200091f4                checkIdleFinish
 .text.checkTransponderFinish
                0x2000925c       0x50 ./src/SubSystemModules/Communication/TRXVU.o
                0x2000925c                checkTransponderFinish
 .text.checkTransponderStart
                0x200092ac       0x50 ./src/SubSystemModules/Communication/TRXVU.o
                0x200092ac                checkTransponderStart
 .text.turnOnTransponder
                0x200092fc       0xa0 ./src/SubSystemModules/Communication/TRXVU.o
                0x200092fc                turnOnTransponder
 .text.turnOffTransponder
                0x2000939c       0x90 ./src/SubSystemModules/Communication/TRXVU.o
                0x2000939c                turnOffTransponder
 .text.SetRSSITransponder
                0x2000942c       0x80 ./src/SubSystemModules/Communication/TRXVU.o
                0x2000942c                SetRSSITransponder
 .text.TRX_Logic
                0x200094ac       0xe4 ./src/SubSystemModules/Communication/TRXVU.o
                0x200094ac                TRX_Logic
 .text.GetNumberOfFramesInBuffer
                0x20009590       0x94 ./src/SubSystemModules/Communication/TRXVU.o
                0x20009590                GetNumberOfFramesInBuffer
 .text.GetOnlineCommand
                0x20009624      0x1d0 ./src/SubSystemModules/Communication/TRXVU.o
                0x20009624                GetOnlineCommand
 .text.CheckTransmitionAllowed
                0x200097f4       0xc0 ./src/SubSystemModules/Communication/TRXVU.o
                0x200097f4                CheckTransmitionAllowed
 .text.FinishDump
                0x200098b4       0xf0 ./src/SubSystemModules/Communication/TRXVU.o
                0x200098b4                FinishDump
 .text.AbortDump
                0x200099a4       0x34 ./src/SubSystemModules/Communication/TRXVU.o
                0x200099a4                AbortDump
 .text.SendDumpAbortRequest
                0x200099d8       0x6c ./src/SubSystemModules/Communication/TRXVU.o
                0x200099d8                SendDumpAbortRequest
 .text.CheckDumpAbort
                0x20009a44       0x6c ./src/SubSystemModules/Communication/TRXVU.o
                0x20009a44                CheckDumpAbort
 .text.BeaconLogic
                0x20009ab0      0x184 ./src/SubSystemModules/Communication/TRXVU.o
                0x20009ab0                BeaconLogic
 .text.SetIdleState
                0x20009c34      0x144 ./src/SubSystemModules/Communication/TRXVU.o
                0x20009c34                SetIdleState
 .text.muteTRXVU
                0x20009d78       0x74 ./src/SubSystemModules/Communication/TRXVU.o
                0x20009d78                muteTRXVU
 .text.UnMuteTRXVU
                0x20009dec       0x14 ./src/SubSystemModules/Communication/TRXVU.o
                0x20009dec                UnMuteTRXVU
 .text.TransmitDataAsSPL_Packet
                0x20009e00      0x12c ./src/SubSystemModules/Communication/TRXVU.o
                0x20009e00                TransmitDataAsSPL_Packet
 .text.TransmitSplPacket
                0x20009f2c      0x124 ./src/SubSystemModules/Communication/TRXVU.o
                0x20009f2c                TransmitSplPacket
 .text.isFirstActivation
                0x2000a050       0x38 ./src/InitSystem.o
                0x2000a050                isFirstActivation
 .text.WriteDefaultValuesToFRAM
                0x2000a088      0x2ac ./src/InitSystem.o
                0x2000a088                WriteDefaultValuesToFRAM
 .text.StartFRAM
                0x2000a334       0x64 ./src/InitSystem.o
                0x2000a334                StartFRAM
 .text.StartI2C
                0x2000a398       0x38 ./src/InitSystem.o
                0x2000a398                StartI2C
 .text.StartSPI
                0x2000a3d0       0x34 ./src/InitSystem.o
                0x2000a3d0                StartSPI
 .text.StartTIME
                0x2000a404       0xbc ./src/InitSystem.o
                0x2000a404                StartTIME
 .text.DeploySystem
                0x2000a4c0      0x1b4 ./src/InitSystem.o
                0x2000a4c0                DeploySystem
 .text.InitSubsystems
                0x2000a674       0x64 ./src/InitSystem.o
                0x2000a674                InitSubsystems
 .text.CMD_getInfoImage
                0x2000a6d8      0x158 ./src/TLM_management.o
                0x2000a6d8                CMD_getInfoImage
 .text.CMD_getDataImage
                0x2000a830      0x218 ./src/TLM_management.o
                0x2000a830                CMD_getDataImage
 .text.delete_allTMFilesFromSD
                0x2000aa48       0x8c ./src/TLM_management.o
                0x2000aa48                delete_allTMFilesFromSD
 .text.deleteTLMFiles
                0x2000aad4       0x94 ./src/TLM_management.o
                0x2000aad4                deleteTLMFiles
 .text.deleteTLMFile
                0x2000ab68       0xcc ./src/TLM_management.o
                0x2000ab68                deleteTLMFile
 .text.deleteTLMbyMonth
                0x2000ac34       0xac ./src/TLM_management.o
                0x2000ac34                deleteTLMbyMonth
 .text.deleteDirectory
                0x2000ace0      0x158 ./src/TLM_management.o
                0x2000ace0                deleteDirectory
 .text.InitializeFS
                0x2000ae38       0xec ./src/TLM_management.o
                0x2000ae38                InitializeFS
 .text.calculateFileName
                0x2000af24      0x130 ./src/TLM_management.o
                0x2000af24                calculateFileName
 .text.getTlmTypeInfo
                0x2000b054      0x294 ./src/TLM_management.o
                0x2000b054                getTlmTypeInfo
 .text.write2File
                0x2000b2e8      0x1dc ./src/TLM_management.o
                0x2000b2e8                write2File
 .text.printTLM
                0x2000b4c4       0x24 ./src/TLM_management.o
                0x2000b4c4                printTLM
 .text.readTLMFile
                0x2000b4e8      0x328 ./src/TLM_management.o
                0x2000b4e8                readTLMFile
 .text.readTLMFiles
                0x2000b810       0xdc ./src/TLM_management.o
                0x2000b810                readTLMFiles
 .text.readTLMFileTimeRange
                0x2000b8ec      0x2f0 ./src/TLM_management.o
                0x2000b8ec                readTLMFileTimeRange
 .text.DeInitializeFS
                0x2000bbdc       0x38 ./src/TLM_management.o
                0x2000bbdc                DeInitializeFS
 .text.taskMain
                0x2000bc14       0x84 ./src/main.o
                0x2000bc14                taskMain
 .text.main     0x2000bc98       0x98 ./src/main.o
                0x2000bc98                main
 .text.timeU2time
                0x2000bd30       0xbc ./src/utils.o
                0x2000bd30                timeU2time
 .text.logError
                0x2000bdec      0x148 ./src/utils.o
                0x2000bdec                logError
 .text.clearPDCtransfers
                0x2000bf34       0xe8 C:/ISIS/workspace/ycube/GlobusSatProject/..//hal/hal/lib\libHALD.a(SPI.o)
 .text.SPI_start
                0x2000c01c      0x4b0 C:/ISIS/workspace/ycube/GlobusSatProject/..//hal/hal/lib\libHALD.a(SPI.o)
                0x2000c01c                SPI_start
 .text.SPI_stop
                0x2000c4cc      0x244 C:/ISIS/workspace/ycube/GlobusSatProject/..//hal/hal/lib\libHALD.a(SPI.o)
                0x2000c4cc                SPI_stop
 .text.SPI_queueTransfer
                0x2000c710      0x1cc C:/ISIS/workspace/ycube/GlobusSatProject/..//hal/hal/lib\libHALD.a(SPI.o)
                0x2000c710                SPI_queueTransfer
 .text.SPI_internalCallback
                0x2000c8dc       0x64 C:/ISIS/workspace/ycube/GlobusSatProject/..//hal/hal/lib\libHALD.a(SPI.o)
 .text.SPI_writeRead
                0x2000c940      0x1c0 C:/ISIS/workspace/ycube/GlobusSatProject/..//hal/hal/lib\libHALD.a(SPI.o)
                0x2000c940                SPI_writeRead
 .text.waitForTransfer
                0x2000cb00       0x78 C:/ISIS/workspace/ycube/GlobusSatProject/..//hal/hal/lib\libHALD.a(SPI.o)
 .text.SPI_getDriverState
                0x2000cb78       0x58 C:/ISIS/workspace/ycube/GlobusSatProject/..//hal/hal/lib\libHALD.a(SPI.o)
                0x2000cb78                SPI_getDriverState
 .text.validateTransferParameters
                0x2000cbd0      0x10c C:/ISIS/workspace/ycube/GlobusSatProject/..//hal/hal/lib\libHALD.a(I2C.o)
 .text.I2C_queueTransfer
                0x2000ccdc       0xfc C:/ISIS/workspace/ycube/GlobusSatProject/..//hal/hal/lib\libHALD.a(I2C.o)
                0x2000ccdc                I2C_queueTransfer
 .text.I2C_internalCallback
                0x2000cdd8       0x64 C:/ISIS/workspace/ycube/GlobusSatProject/..//hal/hal/lib\libHALD.a(I2C.o)
 .text.I2C_doBlockingTransfer
                0x2000ce3c      0x180 C:/ISIS/workspace/ycube/GlobusSatProject/..//hal/hal/lib\libHALD.a(I2C.o)
 .text.I2C_write
                0x2000cfbc      0x110 C:/ISIS/workspace/ycube/GlobusSatProject/..//hal/hal/lib\libHALD.a(I2C.o)
                0x2000cfbc                I2C_write
 .text.I2C_read
                0x2000d0cc      0x110 C:/ISIS/workspace/ycube/GlobusSatProject/..//hal/hal/lib\libHALD.a(I2C.o)
                0x2000d0cc                I2C_read
 .text.I2C_writeRead
                0x2000d1dc      0x17c C:/ISIS/workspace/ycube/GlobusSatProject/..//hal/hal/lib\libHALD.a(I2C.o)
                0x2000d1dc                I2C_writeRead
 .text.I2C_start
                0x2000d358      0x2e8 C:/ISIS/workspace/ycube/GlobusSatProject/..//hal/hal/lib\libHALD.a(I2C.o)
                0x2000d358                I2C_start
 .text.I2C_stop
                0x2000d640      0x184 C:/ISIS/workspace/ycube/GlobusSatProject/..//hal/hal/lib\libHALD.a(I2C.o)
                0x2000d640                I2C_stop
 .text.I2C_setTransferTimeout
                0x2000d7c4       0x48 C:/ISIS/workspace/ycube/GlobusSatProject/..//hal/hal/lib\libHALD.a(I2C.o)
                0x2000d7c4                I2C_setTransferTimeout
 .text.ADC_ConvertRaw10bitToMillivolt
                0x2000d80c       0x50 C:/ISIS/workspace/ycube/GlobusSatProject/..//hal/hal/lib\libHALD.a(ADC.o)
                0x2000d80c                ADC_ConvertRaw10bitToMillivolt
 .text.ADC_SingleShot
                0x2000d85c      0x230 C:/ISIS/workspace/ycube/GlobusSatProject/..//hal/hal/lib\libHALD.a(ADC.o)
                0x2000d85c                ADC_SingleShot
 .text.FRAM_start
                0x2000da8c      0x120 C:/ISIS/workspace/ycube/GlobusSatProject/..//hal/hal/lib\libHALD.a(FRAM.o)
                0x2000da8c                FRAM_start
 .text.FRAM_stop
                0x2000dbac       0x6c C:/ISIS/workspace/ycube/GlobusSatProject/..//hal/hal/lib\libHALD.a(FRAM.o)
                0x2000dbac                FRAM_stop
 .text.FRAM_dummyCallback
                0x2000dc18       0x24 C:/ISIS/workspace/ycube/GlobusSatProject/..//hal/hal/lib\libHALD.a(FRAM.o)
                0x2000dc18                FRAM_dummyCallback
 .text.FRAM_unlockingCallback
                0x2000dc3c       0x64 C:/ISIS/workspace/ycube/GlobusSatProject/..//hal/hal/lib\libHALD.a(FRAM.o)
                0x2000dc3c                FRAM_unlockingCallback
 .text.doBlockingTransfer
                0x2000dca0       0x78 C:/ISIS/workspace/ycube/GlobusSatProject/..//hal/hal/lib\libHALD.a(FRAM.o)
 .text.FRAM_writePacket
                0x2000dd18      0x134 C:/ISIS/workspace/ycube/GlobusSatProject/..//hal/hal/lib\libHALD.a(FRAM.o)
 .text.FRAM_write
                0x2000de4c      0x1e0 C:/ISIS/workspace/ycube/GlobusSatProject/..//hal/hal/lib\libHALD.a(FRAM.o)
                0x2000de4c                FRAM_write
 .text.FRAM_readPacket
                0x2000e02c       0xf0 C:/ISIS/workspace/ycube/GlobusSatProject/..//hal/hal/lib\libHALD.a(FRAM.o)
 .text.FRAM_read
                0x2000e11c      0x1ec C:/ISIS/workspace/ycube/GlobusSatProject/..//hal/hal/lib\libHALD.a(FRAM.o)
                0x2000e11c                FRAM_read
 .text.Time_start
                0x2000e308      0x170 C:/ISIS/workspace/ycube/GlobusSatProject/..//hal/hal/lib\libHALD.a(Time.o)
                0x2000e308                Time_start
 .text.taskTimeSync
                0x2000e478       0x64 C:/ISIS/workspace/ycube/GlobusSatProject/..//hal/hal/lib\libHALD.a(Time.o)
 .text.Time_convertEpochToTime
                0x2000e4dc      0x100 C:/ISIS/workspace/ycube/GlobusSatProject/..//hal/hal/lib\libHALD.a(Time.o)
                0x2000e4dc                Time_convertEpochToTime
 .text.Time_calculateSecondsOfYear
                0x2000e5dc       0xd8 C:/ISIS/workspace/ycube/GlobusSatProject/..//hal/hal/lib\libHALD.a(Time.o)
 .text.Time_set
                0x2000e6b4       0xd8 C:/ISIS/workspace/ycube/GlobusSatProject/..//hal/hal/lib\libHALD.a(Time.o)
                0x2000e6b4                Time_set
 .text.Time_isLeapYear
                0x2000e78c       0x98 C:/ISIS/workspace/ycube/GlobusSatProject/..//hal/hal/lib\libHALD.a(Time.o)
                0x2000e78c                Time_isLeapYear
 .text.Time_get
                0x2000e824      0x478 C:/ISIS/workspace/ycube/GlobusSatProject/..//hal/hal/lib\libHALD.a(Time.o)
                0x2000e824                Time_get
 .text.Time_getUnixEpoch
                0x2000ec9c      0x108 C:/ISIS/workspace/ycube/GlobusSatProject/..//hal/hal/lib\libHALD.a(Time.o)
                0x2000ec9c                Time_getUnixEpoch
 .text.Time_secondsOfYearToTime
                0x2000eda4      0x33c C:/ISIS/workspace/ycube/GlobusSatProject/..//hal/hal/lib\libHALD.a(Time.o)
 .text.Time_setUnixEpoch
                0x2000f0e0       0x54 C:/ISIS/workspace/ycube/GlobusSatProject/..//hal/hal/lib\libHALD.a(Time.o)
                0x2000f0e0                Time_setUnixEpoch
 .text.Time_getUptimeSeconds
                0x2000f134       0x28 C:/ISIS/workspace/ycube/GlobusSatProject/..//hal/hal/lib\libHALD.a(Time.o)
                0x2000f134                Time_getUptimeSeconds
 .text.Time_sync
                0x2000f15c      0x1a8 C:/ISIS/workspace/ycube/GlobusSatProject/..//hal/hal/lib\libHALD.a(Time.o)
                0x2000f15c                Time_sync
 .text.Time_syncIfNeeded
                0x2000f304       0xac C:/ISIS/workspace/ycube/GlobusSatProject/..//hal/hal/lib\libHALD.a(Time.o)
                0x2000f304                Time_syncIfNeeded
 .text.WDT_start
                0x2000f3b0       0x48 C:/ISIS/workspace/ycube/GlobusSatProject/..//hal/hal/lib\libHALD.a(WatchDogTimerNoOS.o)
                0x2000f3b0                WDT_start
 .text.RTT_start
                0x2000f3f8       0x24 C:/ISIS/workspace/ycube/GlobusSatProject/..//hal/hal/lib\libHALD.a(RTT.o)
                0x2000f3f8                RTT_start
 .text.RTT_GetTime
                0x2000f41c       0x24 C:/ISIS/workspace/ycube/GlobusSatProject/..//hal/hal/lib\libHALD.a(RTT.o)
                0x2000f41c                RTT_GetTime
 .text.RTC_start
                0x2000f440       0x3c C:/ISIS/workspace/ycube/GlobusSatProject/..//hal/hal/lib\libHALD.a(RTC.o)
                0x2000f440                RTC_start
 .text.RTC_setTime
                0x2000f47c      0x2a4 C:/ISIS/workspace/ycube/GlobusSatProject/..//hal/hal/lib\libHALD.a(RTC.o)
                0x2000f47c                RTC_setTime
 .text.RTC_getTime
                0x2000f720      0x230 C:/ISIS/workspace/ycube/GlobusSatProject/..//hal/hal/lib\libHALD.a(RTC.o)
                0x2000f720                RTC_getTime
 .text.RTC_checkTimeValid
                0x2000f950       0xd8 C:/ISIS/workspace/ycube/GlobusSatProject/..//hal/hal/lib\libHALD.a(RTC.o)
                0x2000f950                RTC_checkTimeValid
 .text.WDT_startWatchdogKickTask
                0x2000fa28       0xb4 C:/ISIS/workspace/ycube/GlobusSatProject/..//hal/hal/lib\libHALD.a(WatchDogTimerOS.o)
                0x2000fa28                WDT_startWatchdogKickTask
 .text.WDT_forceKickEveryNms
                0x2000fadc       0x50 C:/ISIS/workspace/ycube/GlobusSatProject/..//hal/hal/lib\libHALD.a(WatchDogTimerOS.o)
                0x2000fadc                WDT_forceKickEveryNms
 .text.f_puts   0x2000fb2c       0x80 C:/ISIS/workspace/ycube/GlobusSatProject/..//hal/hal/lib\libHALD.a(fprintf.o)
                0x2000fb2c                f_puts
 .text.LED_glow
                0x2000fbac       0x58 C:/ISIS/workspace/ycube/GlobusSatProject/..//hal/hal/lib\libHALD.a(LED.o)
                0x2000fbac                LED_glow
 .text.LED_dark
                0x2000fc04       0x58 C:/ISIS/workspace/ycube/GlobusSatProject/..//hal/hal/lib\libHALD.a(LED.o)
                0x2000fc04                LED_dark
 .text.LED_toggle
                0x2000fc5c       0x50 C:/ISIS/workspace/ycube/GlobusSatProject/..//hal/hal/lib\libHALD.a(LED.o)
                0x2000fc5c                LED_toggle
 .text.fm_initvolume
                0x2000fcac       0x70 C:/ISIS/workspace/ycube/GlobusSatProject/..//hal/hcc/lib\libHCCD.a(fat_m.o)
                0x2000fcac                fm_initvolume
 .text.fm_delvolume
                0x2000fd1c       0x60 C:/ISIS/workspace/ycube/GlobusSatProject/..//hal/hcc/lib\libHCCD.a(fat_m.o)
                0x2000fd1c                fm_delvolume
 .text.fm_format
                0x2000fd7c       0x68 C:/ISIS/workspace/ycube/GlobusSatProject/..//hal/hcc/lib\libHCCD.a(fat_m.o)
                0x2000fd7c                fm_format
 .text.fm_getdrive
                0x2000fde4       0x70 C:/ISIS/workspace/ycube/GlobusSatProject/..//hal/hcc/lib\libHCCD.a(fat_m.o)
                0x2000fde4                fm_getdrive
 .text.fm_getfreespace
                0x2000fe54       0x68 C:/ISIS/workspace/ycube/GlobusSatProject/..//hal/hcc/lib\libHCCD.a(fat_m.o)
                0x2000fe54                fm_getfreespace
 .text.fm_mkdir
                0x2000febc       0x60 C:/ISIS/workspace/ycube/GlobusSatProject/..//hal/hcc/lib\libHCCD.a(fat_m.o)
                0x2000febc                fm_mkdir
 .text.fm_rmdir
                0x2000ff1c       0x60 C:/ISIS/workspace/ycube/GlobusSatProject/..//hal/hcc/lib\libHCCD.a(fat_m.o)
                0x2000ff1c                fm_rmdir
 .text.fm_findfirst
                0x2000ff7c       0x68 C:/ISIS/workspace/ycube/GlobusSatProject/..//hal/hcc/lib\libHCCD.a(fat_m.o)
                0x2000ff7c                fm_findfirst
 .text.fm_findnext
                0x2000ffe4       0x60 C:/ISIS/workspace/ycube/GlobusSatProject/..//hal/hcc/lib\libHCCD.a(fat_m.o)
                0x2000ffe4                fm_findnext
 .text.fm_close
                0x20010044       0x60 C:/ISIS/workspace/ycube/GlobusSatProject/..//hal/hcc/lib\libHCCD.a(fat_m.o)
                0x20010044                fm_close
 .text.fm_flush
                0x200100a4       0x60 C:/ISIS/workspace/ycube/GlobusSatProject/..//hal/hcc/lib\libHCCD.a(fat_m.o)
                0x200100a4                fm_flush
 .text.fm_open  0x20010104       0x68 C:/ISIS/workspace/ycube/GlobusSatProject/..//hal/hcc/lib\libHCCD.a(fat_m.o)
                0x20010104                fm_open
 .text.fm_read  0x2001016c       0x7c C:/ISIS/workspace/ycube/GlobusSatProject/..//hal/hcc/lib\libHCCD.a(fat_m.o)
                0x2001016c                fm_read
 .text.fm_write
                0x200101e8       0x7c C:/ISIS/workspace/ycube/GlobusSatProject/..//hal/hcc/lib\libHCCD.a(fat_m.o)
                0x200101e8                fm_write
 .text.fm_seek  0x20010264       0x70 C:/ISIS/workspace/ycube/GlobusSatProject/..//hal/hcc/lib\libHCCD.a(fat_m.o)
                0x20010264                fm_seek
 .text.fm_tell  0x200102d4       0x60 C:/ISIS/workspace/ycube/GlobusSatProject/..//hal/hcc/lib\libHCCD.a(fat_m.o)
                0x200102d4                fm_tell
 .text.fm_putc  0x20010334       0x68 C:/ISIS/workspace/ycube/GlobusSatProject/..//hal/hcc/lib\libHCCD.a(fat_m.o)
                0x20010334                fm_putc
 .text.fm_rewind
                0x2001039c       0x60 C:/ISIS/workspace/ycube/GlobusSatProject/..//hal/hcc/lib\libHCCD.a(fat_m.o)
                0x2001039c                fm_rewind
 .text.fm_delete
                0x200103fc       0x64 C:/ISIS/workspace/ycube/GlobusSatProject/..//hal/hcc/lib\libHCCD.a(fat_m.o)
                0x200103fc                fm_delete
 .text.fm_getlasterror
                0x20010460       0x40 C:/ISIS/workspace/ycube/GlobusSatProject/..//hal/hcc/lib\libHCCD.a(fat_m.o)
                0x20010460                fm_getlasterror
 .text._f_invalidatedir
                0x200104a0       0x28 C:/ISIS/workspace/ycube/GlobusSatProject/..//hal/hcc/lib\libHCCD.a(fat.o)
                0x200104a0                _f_invalidatedir
 .text._f_getdirsector
                0x200104c8       0x88 C:/ISIS/workspace/ycube/GlobusSatProject/..//hal/hcc/lib\libHCCD.a(fat.o)
                0x200104c8                _f_getdirsector
 .text._f_writedirsector
                0x20010550       0x74 C:/ISIS/workspace/ycube/GlobusSatProject/..//hal/hcc/lib\libHCCD.a(fat.o)
                0x20010550                _f_writedirsector
 .text._f_checknameinv
                0x200105c4      0x180 C:/ISIS/workspace/ycube/GlobusSatProject/..//hal/hcc/lib\libHCCD.a(fat.o)
 .text._f_checkname
                0x20010744       0x7c C:/ISIS/workspace/ycube/GlobusSatProject/..//hal/hcc/lib\libHCCD.a(fat.o)
 .text._f_checknamewc
                0x200107c0       0xf8 C:/ISIS/workspace/ycube/GlobusSatProject/..//hal/hcc/lib\libHCCD.a(fat.o)
 .text._f_setnameext
                0x200108b8      0x300 C:/ISIS/workspace/ycube/GlobusSatProject/..//hal/hcc/lib\libHCCD.a(fat.o)
 .text._f_setfsname
                0x20010bb8      0x584 C:/ISIS/workspace/ycube/GlobusSatProject/..//hal/hcc/lib\libHCCD.a(fat.o)
 .text._f_findfile
                0x2001113c      0x30c C:/ISIS/workspace/ycube/GlobusSatProject/..//hal/hcc/lib\libHCCD.a(fat.o)
 .text._f_cmp_wname
                0x20011448      0x274 C:/ISIS/workspace/ycube/GlobusSatProject/..//hal/hcc/lib\libHCCD.a(fat.o)
 .text._f_to_string
                0x200116bc      0x130 C:/ISIS/workspace/ycube/GlobusSatProject/..//hal/hcc/lib\libHCCD.a(fat.o)
 .text._f_findfilewc
                0x200117ec      0x278 C:/ISIS/workspace/ycube/GlobusSatProject/..//hal/hcc/lib\libHCCD.a(fat.o)
 .text._f_getfilename
                0x20011a64      0x20c C:/ISIS/workspace/ycube/GlobusSatProject/..//hal/hcc/lib\libHCCD.a(fat.o)
 .text._f_findpath
                0x20011c70      0x35c C:/ISIS/workspace/ycube/GlobusSatProject/..//hal/hcc/lib\libHCCD.a(fat.o)
 .text.fn_getdcwd
                0x20011fcc      0x1e0 C:/ISIS/workspace/ycube/GlobusSatProject/..//hal/hcc/lib\libHCCD.a(fat.o)
                0x20011fcc                fn_getdcwd
 .text.fn_findfirst
                0x200121ac      0x13c C:/ISIS/workspace/ycube/GlobusSatProject/..//hal/hcc/lib\libHCCD.a(fat.o)
                0x200121ac                fn_findfirst
 .text.fn_findnext
                0x200122e8      0x360 C:/ISIS/workspace/ycube/GlobusSatProject/..//hal/hcc/lib\libHCCD.a(fat.o)
                0x200122e8                fn_findnext
 .text._f_lock_resfile
                0x20012648       0x6c C:/ISIS/workspace/ycube/GlobusSatProject/..//hal/hcc/lib\libHCCD.a(fat.o)
 .text._f_unlock_resfile
                0x200126b4       0x40 C:/ISIS/workspace/ycube/GlobusSatProject/..//hal/hcc/lib\libHCCD.a(fat.o)
 .text._f_getintfile
                0x200126f4      0x124 C:/ISIS/workspace/ycube/GlobusSatProject/..//hal/hcc/lib\libHCCD.a(fat.o)
 .text._f_addentry
                0x20012818      0x540 C:/ISIS/workspace/ycube/GlobusSatProject/..//hal/hcc/lib\libHCCD.a(fat.o)
 .text.fn_mkdir
                0x20012d58      0x75c C:/ISIS/workspace/ycube/GlobusSatProject/..//hal/hcc/lib\libHCCD.a(fat.o)
                0x20012d58                fn_mkdir
 .text.fn_open_sub
                0x200134b4     0x1698 C:/ISIS/workspace/ycube/GlobusSatProject/..//hal/hcc/lib\libHCCD.a(fat.o)
 .text.fn_open  0x20014b4c       0x44 C:/ISIS/workspace/ycube/GlobusSatProject/..//hal/hcc/lib\libHCCD.a(fat.o)
                0x20014b4c                fn_open
 .text.fn_delete
                0x20014b90      0x490 C:/ISIS/workspace/ycube/GlobusSatProject/..//hal/hcc/lib\libHCCD.a(fat.o)
                0x20014b90                fn_delete
 .text.fn_rmdir
                0x20015020      0x5ac C:/ISIS/workspace/ycube/GlobusSatProject/..//hal/hcc/lib\libHCCD.a(fat.o)
                0x20015020                fn_rmdir
 .text.fn_init  0x200155cc      0x2dc C:/ISIS/workspace/ycube/GlobusSatProject/..//hal/hcc/lib\libHCCD.a(fat_common.o)
                0x200155cc                fn_init
 .text.fn_start
                0x200158a8       0x1c C:/ISIS/workspace/ycube/GlobusSatProject/..//hal/hcc/lib\libHCCD.a(fat_common.o)
                0x200158a8                fn_start
 .text.fsn_delete
                0x200158c4       0xc8 C:/ISIS/workspace/ycube/GlobusSatProject/..//hal/hcc/lib\libHCCD.a(fat_common.o)
                0x200158c4                fsn_delete
 .text._f_get16bitl
                0x2001598c       0x4c C:/ISIS/workspace/ycube/GlobusSatProject/..//hal/hcc/lib\libHCCD.a(fat_common.o)
                0x2001598c                _f_get16bitl
 .text._f_set16bitl
                0x200159d8       0x54 C:/ISIS/workspace/ycube/GlobusSatProject/..//hal/hcc/lib\libHCCD.a(fat_common.o)
                0x200159d8                _f_set16bitl
 .text._f_get32bitl
                0x20015a2c       0x68 C:/ISIS/workspace/ycube/GlobusSatProject/..//hal/hcc/lib\libHCCD.a(fat_common.o)
                0x20015a2c                _f_get32bitl
 .text._f_set32bitl
                0x20015a94       0x78 C:/ISIS/workspace/ycube/GlobusSatProject/..//hal/hcc/lib\libHCCD.a(fat_common.o)
                0x20015a94                _f_set32bitl
 .text._get8bit
                0x20015b0c       0xa0 C:/ISIS/workspace/ycube/GlobusSatProject/..//hal/hcc/lib\libHCCD.a(fat_common.o)
 .text._get16bitl
                0x20015bac       0x40 C:/ISIS/workspace/ycube/GlobusSatProject/..//hal/hcc/lib\libHCCD.a(fat_common.o)
 .text._get32bitl
                0x20015bec       0x3c C:/ISIS/workspace/ycube/GlobusSatProject/..//hal/hcc/lib\libHCCD.a(fat_common.o)
 .text._set8bitzero
                0x20015c28       0x6c C:/ISIS/workspace/ycube/GlobusSatProject/..//hal/hcc/lib\libHCCD.a(fat_common.o)
 .text._set8bit
                0x20015c94       0xa0 C:/ISIS/workspace/ycube/GlobusSatProject/..//hal/hcc/lib\libHCCD.a(fat_common.o)
 .text._set16bitl
                0x20015d34       0x3c C:/ISIS/workspace/ycube/GlobusSatProject/..//hal/hcc/lib\libHCCD.a(fat_common.o)
 .text._set32bitl
                0x20015d70       0x34 C:/ISIS/workspace/ycube/GlobusSatProject/..//hal/hcc/lib\libHCCD.a(fat_common.o)
 .text._f_setcardremoved
                0x20015da4       0x94 C:/ISIS/workspace/ycube/GlobusSatProject/..//hal/hcc/lib\libHCCD.a(fat_common.o)
 .text._f_checkstatus
                0x20015e38      0x104 C:/ISIS/workspace/ycube/GlobusSatProject/..//hal/hcc/lib\libHCCD.a(fat_common.o)
                0x20015e38                _f_checkstatus
 .text._f_drvgetphy
                0x20015f3c      0x114 C:/ISIS/workspace/ycube/GlobusSatProject/..//hal/hcc/lib\libHCCD.a(fat_common.o)
 .text._f_drvwritesector
                0x20016050       0xdc C:/ISIS/workspace/ycube/GlobusSatProject/..//hal/hcc/lib\libHCCD.a(fat_common.o)
 .text._f_drvreadsector
                0x2001612c       0xa8 C:/ISIS/workspace/ycube/GlobusSatProject/..//hal/hcc/lib\libHCCD.a(fat_common.o)
 .text._f_writesector
                0x200161d4      0x23c C:/ISIS/workspace/ycube/GlobusSatProject/..//hal/hcc/lib\libHCCD.a(fat_common.o)
                0x200161d4                _f_writesector
 .text._f_readsector
                0x20016410      0x1dc C:/ISIS/workspace/ycube/GlobusSatProject/..//hal/hcc/lib\libHCCD.a(fat_common.o)
                0x20016410                _f_readsector
 .text._f_getmaxcluster
                0x200165ec       0x94 C:/ISIS/workspace/ycube/GlobusSatProject/..//hal/hcc/lib\libHCCD.a(fat_common.o)
                0x200165ec                _f_getmaxcluster
 .text._getsectorfromcluster
                0x20016680       0x68 C:/ISIS/workspace/ycube/GlobusSatProject/..//hal/hcc/lib\libHCCD.a(fat_common.o)
 .text._f_buildsectors
                0x200166e8      0x268 C:/ISIS/workspace/ycube/GlobusSatProject/..//hal/hcc/lib\libHCCD.a(fat_common.o)
 .text._f_getbootrecord
                0x20016950      0x5e4 C:/ISIS/workspace/ycube/GlobusSatProject/..//hal/hcc/lib\libHCCD.a(fat_common.o)
 .text._f_readbootrecord
                0x20016f34      0x4f8 C:/ISIS/workspace/ycube/GlobusSatProject/..//hal/hcc/lib\libHCCD.a(fat_common.o)
 .text._f_writebootrecord
                0x2001742c      0x5e4 C:/ISIS/workspace/ycube/GlobusSatProject/..//hal/hcc/lib\libHCCD.a(fat_common.o)
 .text._f_flushcffiles
                0x20017a10      0x17c C:/ISIS/workspace/ycube/GlobusSatProject/..//hal/hcc/lib\libHCCD.a(fat_common.o)
                0x20017a10                _f_flushcffiles
 .text._f_fatcache_flush
                0x20017b8c      0x270 C:/ISIS/workspace/ycube/GlobusSatProject/..//hal/hcc/lib\libHCCD.a(fat_common.o)
                0x20017b8c                _f_fatcache_flush
 .text._f_writefatsector
                0x20017dfc      0x100 C:/ISIS/workspace/ycube/GlobusSatProject/..//hal/hcc/lib\libHCCD.a(fat_common.o)
                0x20017dfc                _f_writefatsector
 .text._f_getfatsector
                0x20017efc      0x3bc C:/ISIS/workspace/ycube/GlobusSatProject/..//hal/hcc/lib\libHCCD.a(fat_common.o)
 .text._f_setclustervalue
                0x200182b8      0x490 C:/ISIS/workspace/ycube/GlobusSatProject/..//hal/hcc/lib\libHCCD.a(fat_common.o)
                0x200182b8                _f_setclustervalue
 .text._f_getclustervalue
                0x20018748      0x388 C:/ISIS/workspace/ycube/GlobusSatProject/..//hal/hcc/lib\libHCCD.a(fat_common.o)
                0x20018748                _f_getclustervalue
 .text._f_close_drive_files
                0x20018ad0       0xac C:/ISIS/workspace/ycube/GlobusSatProject/..//hal/hcc/lib\libHCCD.a(fat_common.o)
 .text._f_inc_mount_count
                0x20018b7c       0xa4 C:/ISIS/workspace/ycube/GlobusSatProject/..//hal/hcc/lib\libHCCD.a(fat_common.o)
 .text._f_getvolume
                0x20018c20      0x2f8 C:/ISIS/workspace/ycube/GlobusSatProject/..//hal/hcc/lib\libHCCD.a(fat_common.o)
                0x20018c20                _f_getvolume
 .text.fn_createdriver
                0x20018f18      0x118 C:/ISIS/workspace/ycube/GlobusSatProject/..//hal/hcc/lib\libHCCD.a(fat_common.o)
                0x20018f18                fn_createdriver
 .text.fn_initvolume
                0x20019030      0x12c C:/ISIS/workspace/ycube/GlobusSatProject/..//hal/hcc/lib\libHCCD.a(fat_common.o)
                0x20019030                fn_initvolume
 .text.fn_releasedriver
                0x2001915c       0xf4 C:/ISIS/workspace/ycube/GlobusSatProject/..//hal/hcc/lib\libHCCD.a(fat_common.o)
                0x2001915c                fn_releasedriver
 .text.fn_initvolumepartition_sub
                0x20019250       0xe0 C:/ISIS/workspace/ycube/GlobusSatProject/..//hal/hcc/lib\libHCCD.a(fat_common.o)
 .text.fn_initvolumepartition
                0x20019330       0xac C:/ISIS/workspace/ycube/GlobusSatProject/..//hal/hcc/lib\libHCCD.a(fat_common.o)
                0x20019330                fn_initvolumepartition
 .text.fn_delvolume
                0x200193dc      0x194 C:/ISIS/workspace/ycube/GlobusSatProject/..//hal/hcc/lib\libHCCD.a(fat_common.o)
                0x200193dc                fn_delvolume
 .text._f_clustertopos
                0x20019570       0xf8 C:/ISIS/workspace/ycube/GlobusSatProject/..//hal/hcc/lib\libHCCD.a(fat_common.o)
                0x20019570                _f_clustertopos
 .text._f_prepareformat
                0x20019668      0x8b8 C:/ISIS/workspace/ycube/GlobusSatProject/..//hal/hcc/lib\libHCCD.a(fat_common.o)
 .text._f_resetfatentries
                0x20019f20      0x410 C:/ISIS/workspace/ycube/GlobusSatProject/..//hal/hcc/lib\libHCCD.a(fat_common.o)
 .text._f_resetrootdir
                0x2001a330       0xcc C:/ISIS/workspace/ycube/GlobusSatProject/..//hal/hcc/lib\libHCCD.a(fat_common.o)
 .text._f_postformat
                0x2001a3fc      0x178 C:/ISIS/workspace/ycube/GlobusSatProject/..//hal/hcc/lib\libHCCD.a(fat_common.o)
 .text.fn_format
                0x2001a574      0x148 C:/ISIS/workspace/ycube/GlobusSatProject/..//hal/hcc/lib\libHCCD.a(fat_common.o)
                0x2001a574                fn_format
 .text._f_getcurrsector
                0x2001a6bc      0x6c8 C:/ISIS/workspace/ycube/GlobusSatProject/..//hal/hcc/lib\libHCCD.a(fat_common.o)
                0x2001a6bc                _f_getcurrsector
 .text._f_getdecluster
                0x2001ad84       0x90 C:/ISIS/workspace/ycube/GlobusSatProject/..//hal/hcc/lib\libHCCD.a(fat_common.o)
                0x2001ad84                _f_getdecluster
 .text._f_setdecluster
                0x2001ae14       0x8c C:/ISIS/workspace/ycube/GlobusSatProject/..//hal/hcc/lib\libHCCD.a(fat_common.o)
                0x2001ae14                _f_setdecluster
 .text.fn_getdrive
                0x2001aea0       0x30 C:/ISIS/workspace/ycube/GlobusSatProject/..//hal/hcc/lib\libHCCD.a(fat_common.o)
                0x2001aea0                fn_getdrive
 .text._f_getcurrenttimedate
                0x2001aed0      0x138 C:/ISIS/workspace/ycube/GlobusSatProject/..//hal/hcc/lib\libHCCD.a(fat_common.o)
                0x2001aed0                _f_getcurrenttimedate
 .text._f_initentry
                0x2001b008       0xa0 C:/ISIS/workspace/ycube/GlobusSatProject/..//hal/hcc/lib\libHCCD.a(fat_common.o)
                0x2001b008                _f_initentry
 .text._f_alloccluster
                0x2001b0a8      0x344 C:/ISIS/workspace/ycube/GlobusSatProject/..//hal/hcc/lib\libHCCD.a(fat_common.o)
                0x2001b0a8                _f_alloccluster
 .text._f_dobadblock
                0x2001b3ec      0x2cc C:/ISIS/workspace/ycube/GlobusSatProject/..//hal/hcc/lib\libHCCD.a(fat_common.o)
                0x2001b3ec                _f_dobadblock
 .text._f_checklocked
                0x2001b6b8       0xe4 C:/ISIS/workspace/ycube/GlobusSatProject/..//hal/hcc/lib\libHCCD.a(fat_common.o)
                0x2001b6b8                _f_checklocked
 .text._f_checkappendlocked
                0x2001b79c      0x110 C:/ISIS/workspace/ycube/GlobusSatProject/..//hal/hcc/lib\libHCCD.a(fat_common.o)
                0x2001b79c                _f_checkappendlocked
 .text._f_setsyncafile
                0x2001b8ac      0x114 C:/ISIS/workspace/ycube/GlobusSatProject/..//hal/hcc/lib\libHCCD.a(fat_common.o)
                0x2001b8ac                _f_setsyncafile
 .text._f_syncfiles
                0x2001b9c0      0x128 C:/ISIS/workspace/ycube/GlobusSatProject/..//hal/hcc/lib\libHCCD.a(fat_common.o)
                0x2001b9c0                _f_syncfiles
 .text._f_syncfilescontent
                0x2001bae8      0x15c C:/ISIS/workspace/ycube/GlobusSatProject/..//hal/hcc/lib\libHCCD.a(fat_common.o)
 .text.fn_getfreespace
                0x2001bc44      0x4c0 C:/ISIS/workspace/ycube/GlobusSatProject/..//hal/hcc/lib\libHCCD.a(fat_common.o)
                0x2001bc44                fn_getfreespace
 .text._f_emptywritecache
                0x2001c104      0x4a4 C:/ISIS/workspace/ycube/GlobusSatProject/..//hal/hcc/lib\libHCCD.a(fat_common.o)
 .text._f_allocnextcluster
                0x2001c5a8      0x54c C:/ISIS/workspace/ycube/GlobusSatProject/..//hal/hcc/lib\libHCCD.a(fat_common.o)
 .text._f_emptywritebuffer
                0x2001caf4      0x20c C:/ISIS/workspace/ycube/GlobusSatProject/..//hal/hcc/lib\libHCCD.a(fat_common.o)
 .text._f_writezeros
                0x2001cd00       0xf0 C:/ISIS/workspace/ycube/GlobusSatProject/..//hal/hcc/lib\libHCCD.a(fat_common.o)
                0x2001cd00                _f_writezeros
 .text._f_extend_file
                0x2001cdf0      0x570 C:/ISIS/workspace/ycube/GlobusSatProject/..//hal/hcc/lib\libHCCD.a(fat_common.o)
 .text._f_fseek
                0x2001d360      0x9bc C:/ISIS/workspace/ycube/GlobusSatProject/..//hal/hcc/lib\libHCCD.a(fat_common.o)
                0x2001d360                _f_fseek
 .text._f_removechain
                0x2001dd1c      0x104 C:/ISIS/workspace/ycube/GlobusSatProject/..//hal/hcc/lib\libHCCD.a(fat_common.o)
                0x2001dd1c                _f_removechain
 .text._f_updatefileentry
                0x2001de20      0x1cc C:/ISIS/workspace/ycube/GlobusSatProject/..//hal/hcc/lib\libHCCD.a(fat_common.o)
 .text._f_checkreadlocked
                0x2001dfec      0x1bc C:/ISIS/workspace/ycube/GlobusSatProject/..//hal/hcc/lib\libHCCD.a(fat_common.o)
                0x2001dfec                _f_checkreadlocked
 .text._f_check_handle
                0x2001e1a8       0x98 C:/ISIS/workspace/ycube/GlobusSatProject/..//hal/hcc/lib\libHCCD.a(fat_common.o)
                0x2001e1a8                _f_check_handle
 .text._f_removesyncafile
                0x2001e240      0x1ec C:/ISIS/workspace/ycube/GlobusSatProject/..//hal/hcc/lib\libHCCD.a(fat_common.o)
 .text.fn_close
                0x2001e42c      0x3f8 C:/ISIS/workspace/ycube/GlobusSatProject/..//hal/hcc/lib\libHCCD.a(fat_common.o)
                0x2001e42c                fn_close
 .text.fn_flush
                0x2001e824      0x374 C:/ISIS/workspace/ycube/GlobusSatProject/..//hal/hcc/lib\libHCCD.a(fat_common.o)
                0x2001e824                fn_flush
 .text.fn_read  0x2001eb98      0x690 C:/ISIS/workspace/ycube/GlobusSatProject/..//hal/hcc/lib\libHCCD.a(fat_common.o)
                0x2001eb98                fn_read
 .text._f_abortwrite
                0x2001f228      0x100 C:/ISIS/workspace/ycube/GlobusSatProject/..//hal/hcc/lib\libHCCD.a(fat_common.o)
 .text._f_checkwritecluster
                0x2001f328       0xe4 C:/ISIS/workspace/ycube/GlobusSatProject/..//hal/hcc/lib\libHCCD.a(fat_common.o)
 .text.fn_write
                0x2001f40c      0x8a8 C:/ISIS/workspace/ycube/GlobusSatProject/..//hal/hcc/lib\libHCCD.a(fat_common.o)
                0x2001f40c                fn_write
 .text.fn_seek  0x2001fcb4      0x270 C:/ISIS/workspace/ycube/GlobusSatProject/..//hal/hcc/lib\libHCCD.a(fat_common.o)
                0x2001fcb4                fn_seek
 .text.fn_tell  0x2001ff24      0x19c C:/ISIS/workspace/ycube/GlobusSatProject/..//hal/hcc/lib\libHCCD.a(fat_common.o)
                0x2001ff24                fn_tell
 .text.fn_rewind
                0x200200c0       0x38 C:/ISIS/workspace/ycube/GlobusSatProject/..//hal/hcc/lib\libHCCD.a(fat_common.o)
                0x200200c0                fn_rewind
 .text.fn_putc  0x200200f8       0x68 C:/ISIS/workspace/ycube/GlobusSatProject/..//hal/hcc/lib\libHCCD.a(fat_common.o)
                0x200200f8                fn_putc
 .text.f_enterFS
                0x20020160      0x1c0 C:/ISIS/workspace/ycube/GlobusSatProject/..//hal/hcc/lib\libHCCD.a(fat_common.o)
                0x20020160                f_enterFS
 .text.f_releaseFS
                0x20020320       0xb0 C:/ISIS/workspace/ycube/GlobusSatProject/..//hal/hcc/lib\libHCCD.a(fat_common.o)
                0x20020320                f_releaseFS
 .text.fnGetTask
                0x200203d0       0xfc C:/ISIS/workspace/ycube/GlobusSatProject/..//hal/hcc/lib\libHCCD.a(fat_common.o)
                0x200203d0                fnGetTask
 .text._f_mutex_get
                0x200204cc       0x98 C:/ISIS/workspace/ycube/GlobusSatProject/..//hal/hcc/lib\libHCCD.a(fat_common.o)
                0x200204cc                _f_mutex_get
 .text._f_mutex_put
                0x20020564       0x54 C:/ISIS/workspace/ycube/GlobusSatProject/..//hal/hcc/lib\libHCCD.a(fat_common.o)
                0x20020564                _f_mutex_put
 .text._fn_initseekdivisor
                0x200205b8      0x158 C:/ISIS/workspace/ycube/GlobusSatProject/..//hal/hcc/lib\libHCCD.a(fat_common.o)
                0x200205b8                _fn_initseekdivisor
 .text._fn_updateseekpos
                0x20020710       0xc4 C:/ISIS/workspace/ycube/GlobusSatProject/..//hal/hcc/lib\libHCCD.a(fat_common.o)
 .text._f_findopensize
                0x200207d4       0x2c C:/ISIS/workspace/ycube/GlobusSatProject/..//hal/hcc/lib\libHCCD.a(fat_common.o)
                0x200207d4                _f_findopensize
 .text.fn_setlasterror
                0x20020800       0x34 C:/ISIS/workspace/ycube/GlobusSatProject/..//hal/hcc/lib\libHCCD.a(fat_common.o)
                0x20020800                fn_setlasterror
 .text.fn_setlasterror_noret
                0x20020834       0x2c C:/ISIS/workspace/ycube/GlobusSatProject/..//hal/hcc/lib\libHCCD.a(fat_common.o)
                0x20020834                fn_setlasterror_noret
 .text._s_checkzeroclusteratend
                0x20020860       0xf8 C:/ISIS/workspace/ycube/GlobusSatProject/..//hal/hcc/lib\libHCCD.a(safefat.o)
 .text._s_clearclustercontent
                0x20020958      0x108 C:/ISIS/workspace/ycube/GlobusSatProject/..//hal/hcc/lib\libHCCD.a(safefat.o)
 .text._s_clearclustercontentdir
                0x20020a60      0x19c C:/ISIS/workspace/ycube/GlobusSatProject/..//hal/hcc/lib\libHCCD.a(safefat.o)
 .text._s_writedirsector
                0x20020bfc       0xd0 C:/ISIS/workspace/ycube/GlobusSatProject/..//hal/hcc/lib\libHCCD.a(safefat.o)
 .text._s_getdirsector
                0x20020ccc      0x100 C:/ISIS/workspace/ycube/GlobusSatProject/..//hal/hcc/lib\libHCCD.a(safefat.o)
 .text._s_addentry
                0x20020dcc      0x394 C:/ISIS/workspace/ycube/GlobusSatProject/..//hal/hcc/lib\libHCCD.a(safefat.o)
 .text._s_findfile
                0x20021160      0x33c C:/ISIS/workspace/ycube/GlobusSatProject/..//hal/hcc/lib\libHCCD.a(safefat.o)
 .text._s_findsubdir
                0x2002149c      0x248 C:/ISIS/workspace/ycube/GlobusSatProject/..//hal/hcc/lib\libHCCD.a(safefat.o)
 .text._s_createfile
                0x200216e4      0x190 C:/ISIS/workspace/ycube/GlobusSatProject/..//hal/hcc/lib\libHCCD.a(safefat.o)
 .text._s_findsaffile
                0x20021874      0x1b8 C:/ISIS/workspace/ycube/GlobusSatProject/..//hal/hcc/lib\libHCCD.a(safefat.o)
 .text._s_open  0x20021a2c       0xe4 C:/ISIS/workspace/ycube/GlobusSatProject/..//hal/hcc/lib\libHCCD.a(safefat.o)
 .text._s_open_saf
                0x20021b10       0xe8 C:/ISIS/workspace/ycube/GlobusSatProject/..//hal/hcc/lib\libHCCD.a(safefat.o)
 .text._s_flush
                0x20021bf8       0x84 C:/ISIS/workspace/ycube/GlobusSatProject/..//hal/hcc/lib\libHCCD.a(safefat.o)
 .text._s_allocnextcluster
                0x20021c7c      0x13c C:/ISIS/workspace/ycube/GlobusSatProject/..//hal/hcc/lib\libHCCD.a(safefat.o)
 .text._s_getnextsector
                0x20021db8       0xdc C:/ISIS/workspace/ycube/GlobusSatProject/..//hal/hcc/lib\libHCCD.a(safefat.o)
 .text._s_seek  0x20021e94      0x1e8 C:/ISIS/workspace/ycube/GlobusSatProject/..//hal/hcc/lib\libHCCD.a(safefat.o)
 .text._s_get_len
                0x2002207c      0x10c C:/ISIS/workspace/ycube/GlobusSatProject/..//hal/hcc/lib\libHCCD.a(safefat.o)
 .text._s_set_len
                0x20022188       0xb4 C:/ISIS/workspace/ycube/GlobusSatProject/..//hal/hcc/lib\libHCCD.a(safefat.o)
 .text.safe_fix_filelengths
                0x2002223c       0xcc C:/ISIS/workspace/ycube/GlobusSatProject/..//hal/hcc/lib\libHCCD.a(safefat.o)
                0x2002223c                safe_fix_filelengths
 .text._s_read  0x20022308      0x228 C:/ISIS/workspace/ycube/GlobusSatProject/..//hal/hcc/lib\libHCCD.a(safefat.o)
 .text._s_write
                0x20022530      0x384 C:/ISIS/workspace/ycube/GlobusSatProject/..//hal/hcc/lib\libHCCD.a(safefat.o)
 .text._s_restoreclusters
                0x200228b4      0x270 C:/ISIS/workspace/ycube/GlobusSatProject/..//hal/hcc/lib\libHCCD.a(safefat.o)
                0x200228b4                _s_restoreclusters
 .text._s_findrestore
                0x20022b24      0x18c C:/ISIS/workspace/ycube/GlobusSatProject/..//hal/hcc/lib\libHCCD.a(safefat.o)
 .text._s_cmd_writede
                0x20022cb0       0xd8 C:/ISIS/workspace/ycube/GlobusSatProject/..//hal/hcc/lib\libHCCD.a(safefat.o)
 .text._s_cmd_setcluster
                0x20022d88       0x88 C:/ISIS/workspace/ycube/GlobusSatProject/..//hal/hcc/lib\libHCCD.a(safefat.o)
 .text._s_cmd_deletechain
                0x20022e10      0x100 C:/ISIS/workspace/ycube/GlobusSatProject/..//hal/hcc/lib\libHCCD.a(safefat.o)
 .text._s_cmd_validatecfn
                0x20022f10      0x308 C:/ISIS/workspace/ycube/GlobusSatProject/..//hal/hcc/lib\libHCCD.a(safefat.o)
 .text._s_cmd_seteof
                0x20023218      0x3c4 C:/ISIS/workspace/ycube/GlobusSatProject/..//hal/hcc/lib\libHCCD.a(safefat.o)
 .text.safe_docommands
                0x200235dc      0x56c C:/ISIS/workspace/ycube/GlobusSatProject/..//hal/hcc/lib\libHCCD.a(safefat.o)
                0x200235dc                safe_docommands
 .text.safe_entercommand
                0x20023b48       0x68 C:/ISIS/workspace/ycube/GlobusSatProject/..//hal/hcc/lib\libHCCD.a(safefat.o)
                0x20023b48                safe_entercommand
 .text.safe_ready
                0x20023bb0       0xf4 C:/ISIS/workspace/ycube/GlobusSatProject/..//hal/hcc/lib\libHCCD.a(safefat.o)
                0x20023bb0                safe_ready
 .text.safe_copycfn
                0x20023ca4       0xb8 C:/ISIS/workspace/ycube/GlobusSatProject/..//hal/hcc/lib\libHCCD.a(safefat.o)
                0x20023ca4                safe_copycfn
 .text.safe_cfremove
                0x20023d5c       0xb8 C:/ISIS/workspace/ycube/GlobusSatProject/..//hal/hcc/lib\libHCCD.a(safefat.o)
                0x20023d5c                safe_cfremove
 .text.safe_writede
                0x20023e14      0x104 C:/ISIS/workspace/ycube/GlobusSatProject/..//hal/hcc/lib\libHCCD.a(safefat.o)
                0x20023e14                safe_writede
 .text.safe_setcluster
                0x20023f18       0xcc C:/ISIS/workspace/ycube/GlobusSatProject/..//hal/hcc/lib\libHCCD.a(safefat.o)
                0x20023f18                safe_setcluster
 .text.safe_deletechain
                0x20023fe4      0x1c8 C:/ISIS/workspace/ycube/GlobusSatProject/..//hal/hcc/lib\libHCCD.a(safefat.o)
                0x20023fe4                safe_deletechain
 .text.safe_cfclose
                0x200241ac      0x104 C:/ISIS/workspace/ycube/GlobusSatProject/..//hal/hcc/lib\libHCCD.a(safefat.o)
                0x200241ac                safe_cfclose
 .text.safe_cfflush
                0x200242b0      0x124 C:/ISIS/workspace/ycube/GlobusSatProject/..//hal/hcc/lib\libHCCD.a(safefat.o)
                0x200242b0                safe_cfflush
 .text.safe_reset
                0x200243d4       0x78 C:/ISIS/workspace/ycube/GlobusSatProject/..//hal/hcc/lib\libHCCD.a(safefat.o)
                0x200243d4                safe_reset
 .text.safe_loadcommands
                0x2002444c       0x78 C:/ISIS/workspace/ycube/GlobusSatProject/..//hal/hcc/lib\libHCCD.a(safefat.o)
                0x2002444c                safe_loadcommands
 .text.safe_poweron
                0x200244c4      0x1fc C:/ISIS/workspace/ycube/GlobusSatProject/..//hal/hcc/lib\libHCCD.a(safefat.o)
                0x200244c4                safe_poweron
 .text.cf_getname
                0x200246c0       0xc0 C:/ISIS/workspace/ycube/GlobusSatProject/..//hal/hcc/lib\libHCCD.a(safefat.o)
 .text.cf_copyclusterchain
                0x20024780      0x138 C:/ISIS/workspace/ycube/GlobusSatProject/..//hal/hcc/lib\libHCCD.a(safefat.o)
 .text.cf_seektozero
                0x200248b8       0x94 C:/ISIS/workspace/ycube/GlobusSatProject/..//hal/hcc/lib\libHCCD.a(safefat.o)
                0x200248b8                cf_seektozero
 .text.cf_create
                0x2002494c      0x3a8 C:/ISIS/workspace/ycube/GlobusSatProject/..//hal/hcc/lib\libHCCD.a(safefat.o)
                0x2002494c                cf_create
 .text.cf_copyclustercontent
                0x20024cf4      0x128 C:/ISIS/workspace/ycube/GlobusSatProject/..//hal/hcc/lib\libHCCD.a(safefat.o)
                0x20024cf4                cf_copyclustercontent
 .text.cf_copycfn
                0x20024e1c      0x4bc C:/ISIS/workspace/ycube/GlobusSatProject/..//hal/hcc/lib\libHCCD.a(safefat.o)
                0x20024e1c                cf_copycfn
 .text.cf_remove
                0x200252d8      0x344 C:/ISIS/workspace/ycube/GlobusSatProject/..//hal/hcc/lib\libHCCD.a(safefat.o)
                0x200252d8                cf_remove
 .text.cf_setclusternew
                0x2002561c       0xf0 C:/ISIS/workspace/ycube/GlobusSatProject/..//hal/hcc/lib\libHCCD.a(safefat.o)
                0x2002561c                cf_setclusternew
 .text.cf_flush
                0x2002570c       0x58 C:/ISIS/workspace/ycube/GlobusSatProject/..//hal/hcc/lib\libHCCD.a(safefat.o)
                0x2002570c                cf_flush
 .text.cf_getcluster
                0x20025764      0x1b4 C:/ISIS/workspace/ycube/GlobusSatProject/..//hal/hcc/lib\libHCCD.a(safefat.o)
                0x20025764                cf_getcluster
 .text.cf_setnextcluster
                0x20025918      0x194 C:/ISIS/workspace/ycube/GlobusSatProject/..//hal/hcc/lib\libHCCD.a(safefat.o)
                0x20025918                cf_setnextcluster
 .text.cf_getpositions
                0x20025aac       0xbc C:/ISIS/workspace/ycube/GlobusSatProject/..//hal/hcc/lib\libHCCD.a(safefat.o)
                0x20025aac                cf_getpositions
 .text.cf_setpositions
                0x20025b68       0xb0 C:/ISIS/workspace/ycube/GlobusSatProject/..//hal/hcc/lib\libHCCD.a(safefat.o)
                0x20025b68                cf_setpositions
 .text.cf_opensyncafile
                0x20025c18      0x150 C:/ISIS/workspace/ycube/GlobusSatProject/..//hal/hcc/lib\libHCCD.a(safefat.o)
                0x20025c18                cf_opensyncafile
 .text.cf_reloadcfo
                0x20025d68       0xd8 C:/ISIS/workspace/ycube/GlobusSatProject/..//hal/hcc/lib\libHCCD.a(safefat.o)
                0x20025d68                cf_reloadcfo
 .text.mcipdc_cmd
                0x20025e40      0x22c C:/ISIS/workspace/ycube/GlobusSatProject/..//hal/hcc/lib\libHCCD.a(atmel_mcipdc.o)
 .text.mcipdc_stop
                0x2002606c       0xfc C:/ISIS/workspace/ycube/GlobusSatProject/..//hal/hcc/lib\libHCCD.a(atmel_mcipdc.o)
                0x2002606c                mcipdc_stop
 .text.mcipdc_read
                0x20026168      0x27c C:/ISIS/workspace/ycube/GlobusSatProject/..//hal/hcc/lib\libHCCD.a(atmel_mcipdc.o)
 .text.mcipdc_write
                0x200263e4      0x298 C:/ISIS/workspace/ycube/GlobusSatProject/..//hal/hcc/lib\libHCCD.a(atmel_mcipdc.o)
 .text.mcipdc_readsector
                0x2002667c       0x9c C:/ISIS/workspace/ycube/GlobusSatProject/..//hal/hcc/lib\libHCCD.a(atmel_mcipdc.o)
                0x2002667c                mcipdc_readsector
 .text.mcipdc_readmultiplesector
                0x20026718      0x124 C:/ISIS/workspace/ycube/GlobusSatProject/..//hal/hcc/lib\libHCCD.a(atmel_mcipdc.o)
                0x20026718                mcipdc_readmultiplesector
 .text.mcipdc_writesector
                0x2002683c       0x90 C:/ISIS/workspace/ycube/GlobusSatProject/..//hal/hcc/lib\libHCCD.a(atmel_mcipdc.o)
                0x2002683c                mcipdc_writesector
 .text.mcipdc_writemultiplesector
                0x200268cc      0x120 C:/ISIS/workspace/ycube/GlobusSatProject/..//hal/hcc/lib\libHCCD.a(atmel_mcipdc.o)
                0x200268cc                mcipdc_writemultiplesector
 .text.mcipdc_set_speed
                0x200269ec       0xb0 C:/ISIS/workspace/ycube/GlobusSatProject/..//hal/hcc/lib\libHCCD.a(atmel_mcipdc.o)
 .text.mcipdc_get_speed
                0x20026a9c       0x48 C:/ISIS/workspace/ycube/GlobusSatProject/..//hal/hcc/lib\libHCCD.a(atmel_mcipdc.o)
 .text._get_csd_bits
                0x20026ae4      0x14c C:/ISIS/workspace/ycube/GlobusSatProject/..//hal/hcc/lib\libHCCD.a(atmel_mcipdc.o)
 .text.mcipdc_initcard
                0x20026c30      0x8f4 C:/ISIS/workspace/ycube/GlobusSatProject/..//hal/hcc/lib\libHCCD.a(atmel_mcipdc.o)
 .text.mcipdc_getstatus
                0x20027524       0xe8 C:/ISIS/workspace/ycube/GlobusSatProject/..//hal/hcc/lib\libHCCD.a(atmel_mcipdc.o)
 .text.mcipdc_getphy
                0x2002760c       0x90 C:/ISIS/workspace/ycube/GlobusSatProject/..//hal/hcc/lib\libHCCD.a(atmel_mcipdc.o)
 .text.mcipdc_release
                0x2002769c       0x50 C:/ISIS/workspace/ycube/GlobusSatProject/..//hal/hcc/lib\libHCCD.a(atmel_mcipdc.o)
 .text.atmel_mcipdc_initfunc
                0x200276ec      0x160 C:/ISIS/workspace/ycube/GlobusSatProject/..//hal/hcc/lib\libHCCD.a(atmel_mcipdc.o)
                0x200276ec                atmel_mcipdc_initfunc
 .text.oal_task_get_id
                0x2002784c       0x18 C:/ISIS/workspace/ycube/GlobusSatProject/..//hal/hcc/lib\libHCCD.a(oalp_task.o)
                0x2002784c                oal_task_get_id
 .text.oal_mutex_create
                0x20027864       0x54 C:/ISIS/workspace/ycube/GlobusSatProject/..//hal/hcc/lib\libHCCD.a(oalp_mutex.o)
                0x20027864                oal_mutex_create
 .text.oal_mutex_delete
                0x200278b8       0x30 C:/ISIS/workspace/ycube/GlobusSatProject/..//hal/hcc/lib\libHCCD.a(oalp_mutex.o)
                0x200278b8                oal_mutex_delete
 .text.oal_mutex_get
                0x200278e8       0x58 C:/ISIS/workspace/ycube/GlobusSatProject/..//hal/hcc/lib\libHCCD.a(oalp_mutex.o)
                0x200278e8                oal_mutex_get
 .text.oal_mutex_put
                0x20027940       0x58 C:/ISIS/workspace/ycube/GlobusSatProject/..//hal/hcc/lib\libHCCD.a(oalp_mutex.o)
                0x20027940                oal_mutex_put
 .text.mcipdc_hw_init
                0x20027998       0xe8 C:/ISIS/workspace/ycube/GlobusSatProject/..//hal/hcc/lib\libHCCD.a(atmel_mcipdc_hw.o)
                0x20027998                mcipdc_hw_init
 .text.mcipdc_hw_delete
                0x20027a80       0x78 C:/ISIS/workspace/ycube/GlobusSatProject/..//hal/hcc/lib\libHCCD.a(atmel_mcipdc_hw.o)
                0x20027a80                mcipdc_hw_delete
 .text.mcipdc_hw_card_plugged
                0x20027af8       0x1c C:/ISIS/workspace/ycube/GlobusSatProject/..//hal/hcc/lib\libHCCD.a(atmel_mcipdc_hw.o)
                0x20027af8                mcipdc_hw_card_plugged
 .text.mcipdc_hw_card_writeprotect
                0x20027b14       0x1c C:/ISIS/workspace/ycube/GlobusSatProject/..//hal/hcc/lib\libHCCD.a(atmel_mcipdc_hw.o)
                0x20027b14                mcipdc_hw_card_writeprotect
 .text.psp_getrand
                0x20027b30      0x14c C:/ISIS/workspace/ycube/GlobusSatProject/..//hal/hcc/lib\libHCCD.a(psp_rand.o)
                0x20027b30                psp_getrand
 .text.psp_getcurrenttimedate
                0x20027c7c       0x8c C:/ISIS/workspace/ycube/GlobusSatProject/..//hal/hcc/lib\libHCCD.a(psp_rtc.o)
                0x20027c7c                psp_getcurrenttimedate
 .text._hcc_get_buf_dsc
                0x20027d08       0x8c C:/ISIS/workspace/ycube/GlobusSatProject/..//hal/hcc/lib\libHCCD.a(hcc_mem.o)
 .text._hcc_check_free_pages
                0x20027d94      0x18c C:/ISIS/workspace/ycube/GlobusSatProject/..//hal/hcc/lib\libHCCD.a(hcc_mem.o)
 .text._hcc_mark_pages
                0x20027f20      0x158 C:/ISIS/workspace/ycube/GlobusSatProject/..//hal/hcc/lib\libHCCD.a(hcc_mem.o)
 .text._hcc_clear_lock_dsc
                0x20028078       0x80 C:/ISIS/workspace/ycube/GlobusSatProject/..//hal/hcc/lib\libHCCD.a(hcc_mem.o)
 .text._hcc_lock_access
                0x200280f8      0x128 C:/ISIS/workspace/ycube/GlobusSatProject/..//hal/hcc/lib\libHCCD.a(hcc_mem.o)
 .text._hcc_unlock_access
                0x20028220       0x30 C:/ISIS/workspace/ycube/GlobusSatProject/..//hal/hcc/lib\libHCCD.a(hcc_mem.o)
 .text.hcc_mem_alloc
                0x20028250      0x454 C:/ISIS/workspace/ycube/GlobusSatProject/..//hal/hcc/lib\libHCCD.a(hcc_mem.o)
                0x20028250                hcc_mem_alloc
 .text.hcc_mem_free
                0x200286a4      0x178 C:/ISIS/workspace/ycube/GlobusSatProject/..//hal/hcc/lib\libHCCD.a(hcc_mem.o)
                0x200286a4                hcc_mem_free
 .text.hcc_mem_add
                0x2002881c      0x3b0 C:/ISIS/workspace/ycube/GlobusSatProject/..//hal/hcc/lib\libHCCD.a(hcc_mem.o)
                0x2002881c                hcc_mem_add
 .text.hcc_mem_init
                0x20028bcc      0x164 C:/ISIS/workspace/ycube/GlobusSatProject/..//hal/hcc/lib\libHCCD.a(hcc_mem.o)
                0x20028bcc                hcc_mem_init
 .text.hcc_mem_delete
                0x20028d30       0x94 C:/ISIS/workspace/ycube/GlobusSatProject/..//hal/hcc/lib\libHCCD.a(hcc_mem.o)
                0x20028d30                hcc_mem_delete
 .text.hcc_mem_buf_alloc
                0x20028dc4       0xe4 C:/ISIS/workspace/ycube/GlobusSatProject/..//hal/hcc/lib\libHCCD.a(psp_hcc_mem.o)
                0x20028dc4                hcc_mem_buf_alloc
 .text.hcc_mem_buf_free
                0x20028ea8       0x6c C:/ISIS/workspace/ycube/GlobusSatProject/..//hal/hcc/lib\libHCCD.a(psp_hcc_mem.o)
                0x20028ea8                hcc_mem_buf_free
 .text.IsisSolarPanelv2_initialize
                0x20028f14      0x118 C:/ISIS/workspace/ycube/GlobusSatProject/..//satellite-subsystems/satellite-subsystems/lib\libSatelliteSubsystemsD.a(IsisSolarPanelv2.o)
                0x20028f14                IsisSolarPanelv2_initialize
 .text.IsisSolarPanelv2_getTemperature
                0x2002902c       0xfc C:/ISIS/workspace/ycube/GlobusSatProject/..//satellite-subsystems/satellite-subsystems/lib\libSatelliteSubsystemsD.a(IsisSolarPanelv2.o)
                0x2002902c                IsisSolarPanelv2_getTemperature
 .text._Reset   0x20029128       0x20 C:/ISIS/workspace/ycube/GlobusSatProject/..//satellite-subsystems/satellite-subsystems/lib\libSatelliteSubsystemsD.a(IsisSolarPanelv2.o)
 .text._WaitForStartup
                0x20029148       0xa0 C:/ISIS/workspace/ycube/GlobusSatProject/..//satellite-subsystems/satellite-subsystems/lib\libSatelliteSubsystemsD.a(IsisSolarPanelv2.o)
 .text._AssignAllChannels
                0x200291e8       0x90 C:/ISIS/workspace/ycube/GlobusSatProject/..//satellite-subsystems/satellite-subsystems/lib\libSatelliteSubsystemsD.a(IsisSolarPanelv2.o)
 .text._AssignThisChannel
                0x20029278       0xe8 C:/ISIS/workspace/ycube/GlobusSatProject/..//satellite-subsystems/satellite-subsystems/lib\libSatelliteSubsystemsD.a(IsisSolarPanelv2.o)
 .text._InitiateConversion
                0x20029360       0xac C:/ISIS/workspace/ycube/GlobusSatProject/..//satellite-subsystems/satellite-subsystems/lib\libSatelliteSubsystemsD.a(IsisSolarPanelv2.o)
 .text._WaitForConversionComplete
                0x2002940c      0x110 C:/ISIS/workspace/ycube/GlobusSatProject/..//satellite-subsystems/satellite-subsystems/lib\libSatelliteSubsystemsD.a(IsisSolarPanelv2.o)
 .text._ReadResult
                0x2002951c      0x158 C:/ISIS/workspace/ycube/GlobusSatProject/..//satellite-subsystems/satellite-subsystems/lib\libSatelliteSubsystemsD.a(IsisSolarPanelv2.o)
 .text._ExtractByte
                0x20029674       0x38 C:/ISIS/workspace/ycube/GlobusSatProject/..//satellite-subsystems/satellite-subsystems/lib\libSatelliteSubsystemsD.a(IsisSolarPanelv2.o)
 .text._ExtendSign
                0x200296ac       0x6c C:/ISIS/workspace/ycube/GlobusSatProject/..//satellite-subsystems/satellite-subsystems/lib\libSatelliteSubsystemsD.a(IsisSolarPanelv2.o)
 .text._PinsInit
                0x20029718       0x68 C:/ISIS/workspace/ycube/GlobusSatProject/..//satellite-subsystems/satellite-subsystems/lib\libSatelliteSubsystemsD.a(IsisSolarPanelv2.o)
 .text._SpiWriteRead
                0x20029780       0x70 C:/ISIS/workspace/ycube/GlobusSatProject/..//satellite-subsystems/satellite-subsystems/lib\libSatelliteSubsystemsD.a(IsisSolarPanelv2.o)
 .text.ISIS_ANTS_REV2_Init
                0x200297f0       0xc4 C:/ISIS/workspace/ycube/GlobusSatProject/..//satellite-subsystems/satellite-subsystems/lib\libSatelliteSubsystemsD.a(isis_ants_rev2.o)
                0x200297f0                ISIS_ANTS_REV2_Init
 .text.isis_ants_rev2__arm
                0x200298b4       0x98 C:/ISIS/workspace/ycube/GlobusSatProject/..//satellite-subsystems/satellite-subsystems/lib\libSatelliteSubsystemsD.a(isis_ants_rev2.o)
                0x200298b4                isis_ants_rev2__arm
 .text.isis_ants_rev2__cancel_deploy
                0x2002994c       0x98 C:/ISIS/workspace/ycube/GlobusSatProject/..//satellite-subsystems/satellite-subsystems/lib\libSatelliteSubsystemsD.a(isis_ants_rev2.o)
                0x2002994c                isis_ants_rev2__cancel_deploy
 .text.isis_ants_rev2__disarm
                0x200299e4       0x98 C:/ISIS/workspace/ycube/GlobusSatProject/..//satellite-subsystems/satellite-subsystems/lib\libSatelliteSubsystemsD.a(isis_ants_rev2.o)
                0x200299e4                isis_ants_rev2__disarm
 .text.isis_ants_rev2__get_status
                0x20029a7c       0xa8 C:/ISIS/workspace/ycube/GlobusSatProject/..//satellite-subsystems/satellite-subsystems/lib\libSatelliteSubsystemsD.a(isis_ants_rev2.o)
                0x20029a7c                isis_ants_rev2__get_status
 .text.isis_ants_rev2__get_uptime
                0x20029b24       0xa8 C:/ISIS/workspace/ycube/GlobusSatProject/..//satellite-subsystems/satellite-subsystems/lib\libSatelliteSubsystemsD.a(isis_ants_rev2.o)
                0x20029b24                isis_ants_rev2__get_uptime
 .text.isis_ants_rev2__reset
                0x20029bcc       0x98 C:/ISIS/workspace/ycube/GlobusSatProject/..//satellite-subsystems/satellite-subsystems/lib\libSatelliteSubsystemsD.a(isis_ants_rev2.o)
                0x20029bcc                isis_ants_rev2__reset
 .text.isis_ants_rev2__start_auto_deploy
                0x20029c64       0xb0 C:/ISIS/workspace/ycube/GlobusSatProject/..//satellite-subsystems/satellite-subsystems/lib\libSatelliteSubsystemsD.a(isis_ants_rev2.o)
                0x20029c64                isis_ants_rev2__start_auto_deploy
 .text._ISIS_ANTS_REV2_I2C_Send
                0x20029d14       0x8c C:/ISIS/workspace/ycube/GlobusSatProject/..//satellite-subsystems/satellite-subsystems/lib\libSatelliteSubsystemsD.a(isis_ants_rev2.o)
 .text.ISIS_VU_E_Init
                0x20029da0       0xe4 C:/ISIS/workspace/ycube/GlobusSatProject/..//satellite-subsystems/satellite-subsystems/lib\libSatelliteSubsystemsD.a(isis_vu_e.o)
                0x20029da0                ISIS_VU_E_Init
 .text.isis_vu_e__get_frame
                0x20029e84       0x84 C:/ISIS/workspace/ycube/GlobusSatProject/..//satellite-subsystems/satellite-subsystems/lib\libSatelliteSubsystemsD.a(isis_vu_e.o)
                0x20029e84                isis_vu_e__get_frame
 .text.isis_vu_e__get_frame_variable