Archive member included because of file (symbol)

C:/ISIS/workspace_ycube/GlobusSatProject/..//hal/hal/lib\libHALD.a(I2C.o)
                              ./src/SubSystemModules/Communication/SubsystemCommands/Maintanence_Commands.o (I2C_write)
C:/ISIS/workspace_ycube/GlobusSatProject/..//hal/hal/lib\libHALD.a(SPI.o)
                              ./src/InitSystem.o (SPI_start)
C:/ISIS/workspace_ycube/GlobusSatProject/..//hal/hal/lib\libHALD.a(FRAM.o)
                              ./src/SubSystemModules/Communication/SubsystemCommands/Maintanence_Commands.o (FRAM_start)
C:/ISIS/workspace_ycube/GlobusSatProject/..//hal/hal/lib\libHALD.a(Time.o)
                              ./src/InitSystem.o (Time_start)
C:/ISIS/workspace_ycube/GlobusSatProject/..//hal/hal/lib\libHALD.a(WatchDogTimerNoOS.o)
                              ./src/main.o (WDT_start)
C:/ISIS/workspace_ycube/GlobusSatProject/..//hal/hal/lib\libHALD.a(WatchDogTimerOS.o)
                              ./src/TestingDemos/MainTest.o (WDT_startWatchdogKickTask)
C:/ISIS/workspace_ycube/GlobusSatProject/..//hal/hal/lib\libHALD.a(fprintf.o)
                              ./src/TLM_management.o (f_puts)
C:/ISIS/workspace_ycube/GlobusSatProject/..//hal/hal/lib\libHALD.a(util.o)
                              ./src/TestingDemos/EpsTestingDemo.o (UTIL_DbguGetInteger)
C:/ISIS/workspace_ycube/GlobusSatProject/..//hal/hal/lib\libHALD.a(LED.o)
                              C:/ISIS/workspace_ycube/GlobusSatProject/..//hal/hal/lib\libHALD.a(WatchDogTimerOS.o) (LED_toggle)
C:/ISIS/workspace_ycube/GlobusSatProject/..//hal/hal/lib\libHALD.a(RTC.o)
                              C:/ISIS/workspace_ycube/GlobusSatProject/..//hal/hal/lib\libHALD.a(Time.o) (RTC_getTime)
C:/ISIS/workspace_ycube/GlobusSatProject/..//hal/hal/lib\libHALD.a(RTT.o)
                              C:/ISIS/workspace_ycube/GlobusSatProject/..//hal/hal/lib\libHALD.a(Time.o) (RTT_start)
C:/ISIS/workspace_ycube/GlobusSatProject/..//hal/hcc/lib\libHCCD.a(fat_common.o)
                              ./src/TLM_management.o (fn_init)
C:/ISIS/workspace_ycube/GlobusSatProject/..//hal/hcc/lib\libHCCD.a(fat_m.o)
                              ./src/TLM_management.o (fm_initvolume)
C:/ISIS/workspace_ycube/GlobusSatProject/..//hal/hcc/lib\libHCCD.a(safefat.o)
                              C:/ISIS/workspace_ycube/GlobusSatProject/..//hal/hcc/lib\libHCCD.a(fat_common.o) (safe_fix_filelengths)
C:/ISIS/workspace_ycube/GlobusSatProject/..//hal/hcc/lib\libHCCD.a(atmel_mcipdc.o)
                              ./src/TLM_management.o (atmel_mcipdc_initfunc)
C:/ISIS/workspace_ycube/GlobusSatProject/..//hal/hcc/lib\libHCCD.a(oalp_mutex.o)
                              C:/ISIS/workspace_ycube/GlobusSatProject/..//hal/hcc/lib\libHCCD.a(fat_common.o) (oal_mutex_create)
C:/ISIS/workspace_ycube/GlobusSatProject/..//hal/hcc/lib\libHCCD.a(oalp_task.o)
                              C:/ISIS/workspace_ycube/GlobusSatProject/..//hal/hcc/lib\libHCCD.a(fat_common.o) (oal_task_get_id)
C:/ISIS/workspace_ycube/GlobusSatProject/..//hal/hcc/lib\libHCCD.a(atmel_mcipdc_hw.o)
                              C:/ISIS/workspace_ycube/GlobusSatProject/..//hal/hcc/lib\libHCCD.a(atmel_mcipdc.o) (mcipdc_hw_init)
C:/ISIS/workspace_ycube/GlobusSatProject/..//hal/hcc/lib\libHCCD.a(psp_rand.o)
                              C:/ISIS/workspace_ycube/GlobusSatProject/..//hal/hcc/lib\libHCCD.a(fat_common.o) (psp_getrand)
C:/ISIS/workspace_ycube/GlobusSatProject/..//hal/hcc/lib\libHCCD.a(psp_rtc.o)
                              C:/ISIS/workspace_ycube/GlobusSatProject/..//hal/hcc/lib\libHCCD.a(fat_common.o) (psp_getcurrenttimedate)
C:/ISIS/workspace_ycube/GlobusSatProject/..//hal/hcc/lib\libHCCD.a(hcc_mem.o)
                              C:/ISIS/workspace_ycube/GlobusSatProject/..//hal/hcc/lib\libHCCD.a(atmel_mcipdc.o) (hcc_mem_alloc)
C:/ISIS/workspace_ycube/GlobusSatProject/..//hal/hcc/lib\libHCCD.a(fat.o)
                              C:/ISIS/workspace_ycube/GlobusSatProject/..//hal/hcc/lib\libHCCD.a(fat_common.o) (_f_getdirsector)
C:/ISIS/workspace_ycube/GlobusSatProject/..//hal/hcc/lib\libHCCD.a(psp_hcc_mem.o)
                              C:/ISIS/workspace_ycube/GlobusSatProject/..//hal/hcc/lib\libHCCD.a(hcc_mem.o) (hcc_mem_buf_alloc)
C:/ISIS/workspace_ycube/GlobusSatProject/..//satellite-subsystems/satellite-subsystems/lib\libSatelliteSubsystemsD.a(IsisAntS.o)
                              ./src/SubSystemModules/Communication/TRXVU.o (IsisAntS_initialize)
C:/ISIS/workspace_ycube/GlobusSatProject/..//satellite-subsystems/satellite-subsystems/lib\libSatelliteSubsystemsD.a(IsisSolarPanelv2.o)
                              ./src/SubSystemModules/PowerManagment/EPS.o (IsisSolarPanelv2_initialize)
C:/ISIS/workspace_ycube/GlobusSatProject/..//satellite-subsystems/satellite-subsystems/lib\libSatelliteSubsystemsD.a(IsisTRXVU.o)
                              ./src/TestingDemos/TrxvuTestingDemo.o (IsisTrxvu_initialize)
[...]
Memory Configuration

Name             Origin             Length             Attributes
sram0            0x00200000         0x00004000         w !xr
sram1            0x00300000         0x00004000         w !xr
sdram            0x20000000         0x02000000         w !xr
*default*        0x00000000         0xffffffff

Linker script and memory map

LOAD c:/isis/application/toolchain/bin/../lib/gcc/arm-none-eabi/4.7.4/../../../../arm-none-eabi/lib\libc.a
LOAD ./src/TestingDemos/CommandsTestingDemo.o
LOAD ./src/TestingDemos/EpsTestingDemo.o
LOAD ./src/TestingDemos/FileSystemTestingDemo.o
LOAD ./src/TestingDemos/MainTest.o
LOAD ./src/TestingDemos/MaintenanceTestingDemo.o
LOAD ./src/TestingDemos/TelemetryTestingDemo.o
LOAD ./src/TestingDemos/TrxvuTestingDemo.o
LOAD ./src/SubSystemModules/PowerManagment/EPS.o
LOAD ./src/SubSystemModules/PowerManagment/EPSOperationModes.o
LOAD ./src/SubSystemModules/Maintenance/Maintenance.o
LOAD ./src/SubSystemModules/Housekepping/TelemetryCollector.o
LOAD ./src/SubSystemModules/Communication/SubsystemCommands/EPS_Commands.o
LOAD ./src/SubSystemModules/Communication/SubsystemCommands/FS_Commands.o
LOAD ./src/SubSystemModules/Communication/SubsystemCommands/Maintanence_Commands.o
LOAD ./src/SubSystemModules/Communication/SubsystemCommands/TRXVU_Commands.o
LOAD ./src/SubSystemModules/Communication/AckHandler.o
LOAD ./src/SubSystemModules/Communication/CommandDictionary.o
LOAD ./src/SubSystemModules/Communication/SatCommandHandler.o
LOAD ./src/SubSystemModules/Communication/TRXVU.o
LOAD ./src/InitSystem.o
LOAD ./src/TLM_management.o
LOAD ./src/main.o
LOAD ./src/utils.o
LOAD C:/ISIS/workspace_ycube/GlobusSatProject/..//hal/hal/lib\libHALD.a
LOAD C:/ISIS/workspace_ycube/GlobusSatProject/..//hal/hcc/lib\libHCCD.a
LOAD C:/ISIS/workspace_ycube/GlobusSatProject/..//satellite-subsystems/satellite-subsystems/lib\libSatelliteSubsystemsD.a
LOAD C:/ISIS/workspace_ycube/GlobusSatProject/..//hal/freertos/lib\libFreeRTOSD.a
LOAD C:/ISIS/workspace_ycube/GlobusSatProject/..//hal/at91/lib\libAt91D.a
START GROUP
LOAD c:/isis/application/toolchain/bin/../lib/gcc/arm-none-eabi/4.7.4\libgcc.a
LOAD c:/isis/application/toolchain/bin/../lib/gcc/arm-none-eabi/4.7.4/../../../../arm-none-eabi/lib\libg.a
LOAD c:/isis/application/toolchain/bin/../lib/gcc/arm-none-eabi/4.7.4/../../../../arm-none-eabi/lib\libc.a
END GROUP

.fixed          0x20000000    0x39470
                0x20000000                . = ALIGN (0x4)
                0x20000000                _sfixed = .
 *(.startup)
 .startup       0x20000000      0x14c C:/ISIS/workspace_ycube/GlobusSatProject/..//hal/at91/lib\libAt91D.a(board_cstartup.o)
                0x20000000                entry
 *(.text)
 .text          0x2000014c       0x64 C:/ISIS/workspace_ycube/GlobusSatProject/..//hal/at91/lib\libAt91D.a(cp15_asm.o)
                0x2000014c                _readControlRegister
                0x20000158                _writeControlRegister
                0x20000160                _waitForInterrupt
                0x2000016c                _writeTTB
                0x20000174                _writeDomain
                0x2000017c                _writeITLBLockdown
                0x20000184                _prefetchICacheLine
                0x2000018c                _flushDCache
                0x20000198                _flushWriteBuffer
                0x200001a4                _invalidateIDTLBs
 .text          0x200001b0      0x114 c:/isis/application/toolchain/bin/../lib/gcc/arm-none-eabi/4.7.4\libgcc.a(_udivsi3.o)
                0x200001b0                __aeabi_uidiv
                0x200001b0                __udivsi3
                0x200002a4                __aeabi_uidivmod
 .text          0x200002c4      0x148 c:/isis/application/toolchain/bin/../lib/gcc/arm-none-eabi/4.7.4\libgcc.a(_divsi3.o)
                0x200002c4                __divsi3
                0x200002c4                __aeabi_idiv
                0x200003ec                __aeabi_idivmod
 .text          0x2000040c        0x4 c:/isis/application/toolchain/bin/../lib/gcc/arm-none-eabi/4.7.4\libgcc.a(_dvmd_tls.o)
                0x2000040c                __aeabi_idiv0
                0x2000040c                __aeabi_ldiv0
 .text          0x20000410      0x41c c:/isis/application/toolchain/bin/../lib/gcc/arm-none-eabi/4.7.4\libgcc.a(_arm_addsubdf3.o)
                0x20000410                __aeabi_drsub
                0x20000418                __aeabi_dsub
                0x20000418                __subdf3
                0x2000041c                __aeabi_dadd
                0x2000041c                __adddf3
                0x2000072c                __floatunsidf
                0x2000072c                __aeabi_ui2d
                0x20000750                __floatsidf
                0x20000750                __aeabi_i2d
                0x20000778                __aeabi_f2d
                0x20000778                __extendsfdf2
                0x200007b8                __floatundidf
                0x200007b8                __aeabi_ul2d
                0x200007cc                __floatdidf
                0x200007cc                __aeabi_l2d
 .text          0x2000082c      0x49c c:/isis/application/toolchain/bin/../lib/gcc/arm-none-eabi/4.7.4\libgcc.a(_arm_muldivdf3.o)
                0x2000082c                __aeabi_dmul
                0x2000082c                __muldf3
                0x20000abc                __divdf3
                0x20000abc                __aeabi_ddiv
 .text          0x20000cc8      0x144 c:/isis/application/toolchain/bin/../lib/gcc/arm-none-eabi/4.7.4\libgcc.a(_arm_cmpdf2.o)
                0x20000cc8                __gtdf2
                0x20000cc8                __gedf2
                0x20000cd0                __ltdf2
                0x20000cd0                __ledf2
                0x20000cd8                __nedf2
                0x20000cd8                __eqdf2
                0x20000cd8                __cmpdf2
                0x20000d60                __aeabi_cdrcmple
                0x20000d7c                __aeabi_cdcmpeq
                0x20000d7c                __aeabi_cdcmple
                0x20000d94                __aeabi_dcmpeq
                0x20000dac                __aeabi_dcmplt
                0x20000dc4                __aeabi_dcmple
                0x20000ddc                __aeabi_dcmpge
                0x20000df4                __aeabi_dcmpgt
 .text          0x20000e0c      0x2ac c:/isis/application/toolchain/bin/../lib/gcc/arm-none-eabi/4.7.4\libgcc.a(_arm_addsubsf3.o)
                0x20000e0c                __aeabi_frsub
                0x20000e14                __subsf3
                0x20000e14                __aeabi_fsub
                0x20000e18                __aeabi_fadd
                0x20000e18                __addsf3
                0x20000fd4                __aeabi_ui2f
                0x20000fd4                __floatunsisf
                0x20000fdc                __aeabi_i2f
                0x20000fdc                __floatsisf
                0x20000ffc                __aeabi_ul2f
                0x20000ffc                __floatundisf
                0x2000100c                __aeabi_l2f
                0x2000100c                __floatdisf
 .text          0x200010b8      0x2f8 c:/isis/application/toolchain/bin/../lib/gcc/arm-none-eabi/4.7.4\libgcc.a(_arm_muldivsf3.o)
                0x200010b8                __mulsf3
                0x200010b8                __aeabi_fmul
                0x20001250                __aeabi_fdiv
                0x20001250                __divsf3
 .text          0x200013b0      0x114 c:/isis/application/toolchain/bin/../lib/gcc/arm-none-eabi/4.7.4\libgcc.a(_arm_cmpsf2.o)
                0x200013b0                __gesf2
                0x200013b0                __gtsf2
                0x200013b8                __lesf2
                0x200013b8                __ltsf2
                0x200013c0                __nesf2
                0x200013c0                __eqsf2
                0x200013c0                __cmpsf2
                0x20001424                __aeabi_cfrcmple
                0x20001434                __aeabi_cfcmpeq
                0x20001434                __aeabi_cfcmple
                0x2000144c                __aeabi_fcmpeq
                0x20001464                __aeabi_fcmplt
                0x2000147c                __aeabi_fcmple
                0x20001494                __aeabi_fcmpge
                0x200014ac                __aeabi_fcmpgt
 .text          0x200014c4       0x54 c:/isis/application/toolchain/bin/../lib/gcc/arm-none-eabi/4.7.4\libgcc.a(_arm_fixunssfsi.o)
                0x200014c4                __fixunssfsi
                0x200014c4                __aeabi_f2uiz
 .text          0x20001518       0x5c c:/isis/application/toolchain/bin/../lib/gcc/arm-none-eabi/4.7.4\libgcc.a(_arm_fixdfsi.o)
                0x20001518                __aeabi_d2iz
                0x20001518                __fixdfsi
 .text          0x20001574       0x3c c:/isis/application/toolchain/bin/../lib/gcc/arm-none-eabi/4.7.4\libgcc.a(_aeabi_uldivmod.o)
                0x20001574                __aeabi_uldivmod
 .text          0x200015b0       0x84 c:/isis/application/toolchain/bin/../lib/gcc/arm-none-eabi/4.7.4\libgcc.a(bpabi.o)
                0x200015b0                __gnu_ldivmod_helper
                0x200015f4                __gnu_uldivmod_helper
 .text          0x20001634      0x4f0 c:/isis/application/toolchain/bin/../lib/gcc/arm-none-eabi/4.7.4\libgcc.a(_divdi3.o)
                0x20001634                __divdi3
 .text          0x20001b24      0x488 c:/isis/application/toolchain/bin/../lib/gcc/arm-none-eabi/4.7.4\libgcc.a(_udivdi3.o)
                0x20001b24                __udivdi3
 .text          0x20001fac       0x48 c:/isis/application/toolchain/bin/../lib/gcc/arm-none-eabi/4.7.4\libgcc.a(_clzsi2.o)
                0x20001fac                __clzsi2
 *(.text*)
 .text.GetBatteryVoltage
                0x20001ff4       0x6c ./src/SubSystemModules/PowerManagment/EPS.o
                0x20001ff4                GetBatteryVoltage
 .text.EPS_Init
                0x20002060       0xf0 ./src/SubSystemModules/PowerManagment/EPS.o
                0x20002060                EPS_Init
 .text.EPS_Conditioning
                0x20002150      0x1c4 ./src/SubSystemModules/PowerManagment/EPS.o
                0x20002150                EPS_Conditioning
 .text.UpdateAlpha
                0x20002314       0xd8 ./src/SubSystemModules/PowerManagment/EPS.o
                0x20002314                UpdateAlpha
 .text.GetThresholdVoltages
                0x200023ec       0x80 ./src/SubSystemModules/PowerManagment/EPS.o
                0x200023ec                GetThresholdVoltages
 .text.GetAlpha
                0x2000246c       0x7c ./src/SubSystemModules/PowerManagment/EPS.o
                0x2000246c                GetAlpha
 .text.CMDGetHeaterValues
                0x200024e8      0x234 ./src/SubSystemModules/PowerManagment/EPS.o
                0x200024e8                CMDGetHeaterValues
 .text.CMDSetHeaterValues
                0x2000271c      0x200 ./src/SubSystemModules/PowerManagment/EPS.o
                0x2000271c                CMDSetHeaterValues
 .text.EnterFullMode
                0x2000291c       0x44 ./src/SubSystemModules/PowerManagment/EPSOperationModes.o
                0x2000291c                EnterFullMode
 .text.EnterCruiseMode
                0x20002960       0x44 ./src/SubSystemModules/PowerManagment/EPSOperationModes.o
                0x20002960                EnterCruiseMode
 .text.EnterSafeMode
                0x200029a4       0x44 ./src/SubSystemModules/PowerManagment/EPSOperationModes.o
                0x200029a4                EnterSafeMode
 .text.EnterCriticalMode
                0x200029e8       0x44 ./src/SubSystemModules/PowerManagment/EPSOperationModes.o
                0x200029e8                EnterCriticalMode
 .text.EpsGetLowVoltageFlag
                0x20002a2c       0x24 ./src/SubSystemModules/PowerManagment/EPSOperationModes.o
                0x20002a2c                EpsGetLowVoltageFlag
 .text.EpsSetLowVoltageFlag
                0x20002a50       0x2c ./src/SubSystemModules/PowerManagment/EPSOperationModes.o
                0x20002a50                EpsSetLowVoltageFlag
 .text.CheckExecutionTime
                0x20002a7c       0x80 ./src/SubSystemModules/Maintenance/Maintenance.o
                0x20002a7c                CheckExecutionTime
 .text.SaveSatTimeInFRAM
                0x20002afc       0x44 ./src/SubSystemModules/Maintenance/Maintenance.o
                0x20002afc                SaveSatTimeInFRAM
 .text.WakeupFromResetCMD
                0x20002b40      0x120 ./src/SubSystemModules/Maintenance/Maintenance.o
                0x20002b40                WakeupFromResetCMD
 .text.ResetGroundCommWDT
                0x20002c60       0x1c ./src/SubSystemModules/Maintenance/Maintenance.o
                0x20002c60                ResetGroundCommWDT
 .text.IsGroundCommunicationWDTKick
                0x20002c7c       0x78 ./src/SubSystemModules/Maintenance/Maintenance.o
                0x20002c7c                IsGroundCommunicationWDTKick
 .text.GetGsWdtKickTime
                0x20002cf4       0x38 ./src/SubSystemModules/Maintenance/Maintenance.o
                0x20002cf4                GetGsWdtKickTime
 .text.DeleteOldFiels
                0x20002d2c      0x2f4 ./src/SubSystemModules/Maintenance/Maintenance.o
                0x20002d2c                DeleteOldFiels
 .text.DeployAnt
                0x20003020       0x88 ./src/SubSystemModules/Maintenance/Maintenance.o
                0x20003020                DeployAnt
 .text.HardResetMCU
                0x200030a8       0x4c ./src/SubSystemModules/Maintenance/Maintenance.o
                0x200030a8                HardResetMCU
 .text.Maintenance
                0x200030f4       0x80 ./src/SubSystemModules/Maintenance/Maintenance.o
                0x200030f4                Maintenance
 .text.InitSavePeriodTimes
                0x20003174       0xf0 ./src/SubSystemModules/Housekepping/TelemetryCollector.o
                0x20003174                InitSavePeriodTimes
 .text.CMD_GetTLMPeriodTimes
                0x20003264       0x38 ./src/SubSystemModules/Housekepping/TelemetryCollector.o
                0x20003264                CMD_GetTLMPeriodTimes
 .text.CMD_SetTLMPeriodTimes
                0x2000329c      0x17c ./src/SubSystemModules/Housekepping/TelemetryCollector.o
                0x2000329c                CMD_SetTLMPeriodTimes
 .text.TelemetryCollectorLogic
                0x20003418      0x208 ./src/SubSystemModules/Housekepping/TelemetryCollector.o
                0x20003418                TelemetryCollectorLogic
 .text.TelemetrySaveEPS
                0x20003620       0x54 ./src/SubSystemModules/Housekepping/TelemetryCollector.o
                0x20003620                TelemetrySaveEPS
 .text.TelemetrySaveTRXVU
                0x20003674       0x94 ./src/SubSystemModules/Housekepping/TelemetryCollector.o
                0x20003674                TelemetrySaveTRXVU
 .text.TelemetrySaveANT
                0x20003708       0xa4 ./src/SubSystemModules/Housekepping/TelemetryCollector.o
                0x20003708                TelemetrySaveANT
 .text.TelemetrySaveSolarPanels
                0x200037ac      0x228 ./src/SubSystemModules/Housekepping/TelemetryCollector.o
                0x200037ac                TelemetrySaveSolarPanels
 .text.TelemetrySaveWOD
                0x200039d4       0x48 ./src/SubSystemModules/Housekepping/TelemetryCollector.o
                0x200039d4                TelemetrySaveWOD
 .text.GetCurrentWODTelemetry
                0x20003a1c      0x660 ./src/SubSystemModules/Housekepping/TelemetryCollector.o
                0x20003a1c                GetCurrentWODTelemetry
 .text.CMD_EPS_ResetWDT
                0x2000407c       0x54 ./src/SubSystemModules/Communication/SubsystemCommands/EPS_Commands.o
                0x2000407c                CMD_EPS_ResetWDT
 .text.CMD_DeleteTLM
                0x200040d0      0x1d8 ./src/SubSystemModules/Communication/SubsystemCommands/FS_Commands.o
                0x200040d0                CMD_DeleteTLM
 .text.CMD_DeleteAllFiles
                0x200042a8       0x38 ./src/SubSystemModules/Communication/SubsystemCommands/FS_Commands.o
                0x200042a8                CMD_DeleteAllFiles
 .text.CMD_GetLastFS_Error
                0x200042e0       0x4c ./src/SubSystemModules/Communication/SubsystemCommands/FS_Commands.o
                0x200042e0                CMD_GetLastFS_Error
 .text.CMD_GenericI2C
                0x2000432c      0x144 ./src/SubSystemModules/Communication/SubsystemCommands/Maintanence_Commands.o
                0x2000432c                CMD_GenericI2C
 .text.CMD_FRAM_ReadAndTransmitt
                0x20004470       0xe8 ./src/SubSystemModules/Communication/SubsystemCommands/Maintanence_Commands.o
                0x20004470                CMD_FRAM_ReadAndTransmitt
 .text.CMD_FRAM_WriteAndTransmitt
                0x20004558      0x11c ./src/SubSystemModules/Communication/SubsystemCommands/Maintanence_Commands.o
                0x20004558                CMD_FRAM_WriteAndTransmitt
 .text.CMD_FRAM_ReStart
                0x20004674       0x4c ./src/SubSystemModules/Communication/SubsystemCommands/Maintanence_Commands.o
                0x20004674                CMD_FRAM_ReStart
 .text.CMD_UpdateSatTime
                0x200046c0       0xa4 ./src/SubSystemModules/Communication/SubsystemCommands/Maintanence_Commands.o
                0x200046c0                CMD_UpdateSatTime
 .text.CMD_GetSatUptime
                0x20004764       0x48 ./src/SubSystemModules/Communication/SubsystemCommands/Maintanence_Commands.o
                0x20004764                CMD_GetSatUptime
 .text.CMD_ResetComponent
                0x200047ac      0x280 ./src/SubSystemModules/Communication/SubsystemCommands/Maintanence_Commands.o
                0x200047ac                CMD_ResetComponent
 .text.DumpTask
                0x20004a2c      0x310 ./src/SubSystemModules/Communication/SubsystemCommands/TRXVU_Commands.o
                0x20004a2c                DumpTask
 .text.CMD_AntennaDeploy
                0x20004d3c       0x3c ./src/SubSystemModules/Communication/SubsystemCommands/TRXVU_Commands.o
                0x20004d3c                CMD_AntennaDeploy
 .text.CMD_StartDump
                0x20004d78      0x224 ./src/SubSystemModules/Communication/SubsystemCommands/TRXVU_Commands.o
                0x20004d78                CMD_StartDump
 .text.CMD_SendDumpAbortRequest
                0x20004f9c       0x38 ./src/SubSystemModules/Communication/SubsystemCommands/TRXVU_Commands.o
                0x20004f9c                CMD_SendDumpAbortRequest
 .text.CMD_ForceDumpAbort
                0x20004fd4       0x3c ./src/SubSystemModules/Communication/SubsystemCommands/TRXVU_Commands.o
                0x20004fd4                CMD_ForceDumpAbort
 .text.CMD_SetTransponder
                0x20005010      0x168 ./src/SubSystemModules/Communication/SubsystemCommands/TRXVU_Commands.o
                0x20005010                CMD_SetTransponder
 .text.CMD_SetRSSITransponder
                0x20005178       0x90 ./src/SubSystemModules/Communication/SubsystemCommands/TRXVU_Commands.o
                0x20005178                CMD_SetRSSITransponder
 .text.CMD_MuteTRXVU
                0x20005208       0xc0 ./src/SubSystemModules/Communication/SubsystemCommands/TRXVU_Commands.o
                0x20005208                CMD_MuteTRXVU
 .text.CMD_SetIdleState
                0x200052c8       0xe8 ./src/SubSystemModules/Communication/SubsystemCommands/TRXVU_Commands.o
                0x200052c8                CMD_SetIdleState
 .text.CMD_UnMuteTRXVU
                0x200053b0       0x38 ./src/SubSystemModules/Communication/SubsystemCommands/TRXVU_Commands.o
                0x200053b0                CMD_UnMuteTRXVU
 .text.CMD_GetBaudRate
                0x200053e8       0x68 ./src/SubSystemModules/Communication/SubsystemCommands/TRXVU_Commands.o
                0x200053e8                CMD_GetBaudRate
 .text.CMD_TrasmitBeacon
                0x20005450       0x48 ./src/SubSystemModules/Communication/SubsystemCommands/TRXVU_Commands.o
                0x20005450                CMD_TrasmitBeacon
 .text.CMD_GetBeaconInterval
                0x20005498       0x6c ./src/SubSystemModules/Communication/SubsystemCommands/TRXVU_Commands.o
                0x20005498                CMD_GetBeaconInterval
 .text.CMD_SetBaudRate
                0x20005504       0x60 ./src/SubSystemModules/Communication/SubsystemCommands/TRXVU_Commands.o
                0x20005504                CMD_SetBaudRate
 .text.CMD_GetTxUptime
                0x20005564       0x64 ./src/SubSystemModules/Communication/SubsystemCommands/TRXVU_Commands.o
                0x20005564                CMD_GetTxUptime
 .text.CMD_GetRxUptime
                0x200055c8       0x64 ./src/SubSystemModules/Communication/SubsystemCommands/TRXVU_Commands.o
                0x200055c8                CMD_GetRxUptime
 .text.CMD_GetNumOfOnlineCommands
                0x2000562c       0x64 ./src/SubSystemModules/Communication/SubsystemCommands/TRXVU_Commands.o
                0x2000562c                CMD_GetNumOfOnlineCommands
 .text.CMD_AntSetArmStatus
                0x20005690       0xa0 ./src/SubSystemModules/Communication/SubsystemCommands/TRXVU_Commands.o
                0x20005690                CMD_AntSetArmStatus
 .text.CMD_AntGetArmStatus
                0x20005730       0x70 ./src/SubSystemModules/Communication/SubsystemCommands/TRXVU_Commands.o
                0x20005730                CMD_AntGetArmStatus
 .text.CMD_AntGetUptime
                0x200057a0       0x78 ./src/SubSystemModules/Communication/SubsystemCommands/TRXVU_Commands.o
                0x200057a0                CMD_AntGetUptime
 .text.CMD_StopReDeployment
                0x20005818       0xac ./src/SubSystemModules/Communication/SubsystemCommands/TRXVU_Commands.o
                0x20005818                CMD_StopReDeployment
 .text.CMD_AntCancelDeployment
                0x200058c4       0x68 ./src/SubSystemModules/Communication/SubsystemCommands/TRXVU_Commands.o
                0x200058c4                CMD_AntCancelDeployment
 .text.SendAckPacket
                0x2000592c       0xe4 ./src/SubSystemModules/Communication/AckHandler.o
                0x2000592c                SendAckPacket
 .text.trxvu_command_router
                0x20005a10      0x548 ./src/SubSystemModules/Communication/CommandDictionary.o
                0x20005a10                trxvu_command_router
 .text.eps_command_router
                0x20005f58       0xdc ./src/SubSystemModules/Communication/CommandDictionary.o
                0x20005f58                eps_command_router
 .text.telemetry_command_router
                0x20006034      0x1f4 ./src/SubSystemModules/Communication/CommandDictionary.o
                0x20006034                telemetry_command_router
 .text.managment_command_router
                0x20006228      0x12c ./src/SubSystemModules/Communication/CommandDictionary.o
                0x20006228                managment_command_router
 .text.filesystem_command_router
                0x20006354       0x24 ./src/SubSystemModules/Communication/CommandDictionary.o
                0x20006354                filesystem_command_router
 .text.ParseDataToCommand
                0x20006378      0x1ac ./src/SubSystemModules/Communication/SatCommandHandler.o
                0x20006378                ParseDataToCommand
 .text.AssembleCommand
                0x20006524      0x148 ./src/SubSystemModules/Communication/SatCommandHandler.o
                0x20006524                AssembleCommand
 .text.ActUponCommand
                0x2000666c      0x108 ./src/SubSystemModules/Communication/SatCommandHandler.o
                0x2000666c                ActUponCommand
 .text.InitTxModule
                0x20006774       0x68 ./src/SubSystemModules/Communication/TRXVU.o
                0x20006774                InitTxModule
 .text.CMD_SetBeaconInterval
                0x200067dc       0xdc ./src/SubSystemModules/Communication/TRXVU.o
                0x200067dc                CMD_SetBeaconInterval
 .text.InitBeaconParams
                0x200068b8       0x3c ./src/SubSystemModules/Communication/TRXVU.o
                0x200068b8                InitBeaconParams
 .text.InitSemaphores
                0x200068f4       0x98 ./src/SubSystemModules/Communication/TRXVU.o
                0x200068f4                InitSemaphores
 .text.InitTrxvu
                0x2000698c       0xe8 ./src/SubSystemModules/Communication/TRXVU.o
                0x2000698c                InitTrxvu
 .text.checkIdleFinish
                0x20006a74       0x78 ./src/SubSystemModules/Communication/TRXVU.o
                0x20006a74                checkIdleFinish
 .text.checkTransponderFinish
                0x20006aec       0xa0 ./src/SubSystemModules/Communication/TRXVU.o
                0x20006aec                checkTransponderFinish
 .text.TRX_Logic
                0x20006b8c       0xd4 ./src/SubSystemModules/Communication/TRXVU.o
                0x20006b8c                TRX_Logic
 .text.GetNumberOfFramesInBuffer
                0x20006c60       0x5c ./src/SubSystemModules/Communication/TRXVU.o
                0x20006c60                GetNumberOfFramesInBuffer
 .text.GetOnlineCommand
                0x20006cbc      0x17c ./src/SubSystemModules/Communication/TRXVU.o
                0x20006cbc                GetOnlineCommand
 .text.CheckTransmitionAllowed
                0x20006e38       0xc4 ./src/SubSystemModules/Communication/TRXVU.o
                0x20006e38                CheckTransmitionAllowed
 .text.FinishDump
                0x20006efc       0xf0 ./src/SubSystemModules/Communication/TRXVU.o
                0x20006efc                FinishDump
 .text.AbortDump
                0x20006fec       0x34 ./src/SubSystemModules/Communication/TRXVU.o
                0x20006fec                AbortDump
 .text.SendDumpAbortRequest
                0x20007020       0x6c ./src/SubSystemModules/Communication/TRXVU.o
                0x20007020                SendDumpAbortRequest
 .text.CheckDumpAbort
                0x2000708c       0x6c ./src/SubSystemModules/Communication/TRXVU.o
                0x2000708c                CheckDumpAbort
 .text.BeaconLogic
                0x200070f8      0x1c4 ./src/SubSystemModules/Communication/TRXVU.o
                0x200070f8                BeaconLogic
 .text.SetIdleState
                0x200072bc       0xb8 ./src/SubSystemModules/Communication/TRXVU.o
                0x200072bc                SetIdleState
 .text.muteTRXVU
                0x20007374       0x78 ./src/SubSystemModules/Communication/TRXVU.o
                0x20007374                muteTRXVU
 .text.UnMuteTRXVU
                0x200073ec       0x24 ./src/SubSystemModules/Communication/TRXVU.o
                0x200073ec                UnMuteTRXVU
 .text.TransmitDataAsSPL_Packet
                0x20007410      0x114 ./src/SubSystemModules/Communication/TRXVU.o
                0x20007410                TransmitDataAsSPL_Packet
 .text.TransmitSplPacket
                0x20007524      0x124 ./src/SubSystemModules/Communication/TRXVU.o
                0x20007524                TransmitSplPacket
 .text.isFirstActivation
                0x20007648       0x38 ./src/InitSystem.o
                0x20007648                isFirstActivation
 .text.WriteDefaultValuesToFRAM
                0x20007680      0x1b0 ./src/InitSystem.o
                0x20007680                WriteDefaultValuesToFRAM
 .text.StartFRAM
                0x20007830       0x2c ./src/InitSystem.o
                0x20007830                StartFRAM
 .text.StartI2C
                0x2000785c       0x38 ./src/InitSystem.o
                0x2000785c                StartI2C
 .text.StartSPI
                0x20007894       0x34 ./src/InitSystem.o
                0x20007894                StartSPI
 .text.StartTIME
                0x200078c8       0xbc ./src/InitSystem.o
                0x200078c8                StartTIME
 .text.DeploySystem
                0x20007984      0x178 ./src/InitSystem.o
                0x20007984                DeploySystem
 .text.InitSubsystems
                0x20007afc       0x60 ./src/InitSystem.o
                0x20007afc                InitSubsystems
 .text.CMD_getInfoImage
                0x20007b5c      0x164 ./src/TLM_management.o
                0x20007b5c                CMD_getInfoImage
 .text.CMD_getDataImage
                0x20007cc0      0x24c ./src/TLM_management.o
                0x20007cc0                CMD_getDataImage
 .text.delete_allTMFilesFromSD
                0x20007f0c       0xa0 ./src/TLM_management.o
                0x20007f0c                delete_allTMFilesFromSD
 .text.deleteTLMFiles
                0x20007fac       0x94 ./src/TLM_management.o
                0x20007fac                deleteTLMFiles
 .text.deleteTLMFile
                0x20008040       0xc0 ./src/TLM_management.o
                0x20008040                deleteTLMFile
 .text.InitializeFS
                0x20008100      0x118 ./src/TLM_management.o
                0x20008100                InitializeFS
 .text.calculateFileName
                0x20008218      0x108 ./src/TLM_management.o
                0x20008218                calculateFileName
 .text.getTlmTypeInfo
                0x20008320      0x230 ./src/TLM_management.o
                0x20008320                getTlmTypeInfo
 .text.write2File
                0x20008550      0x164 ./src/TLM_management.o
                0x20008550                write2File
 .text.printTLM
                0x200086b4       0x24 ./src/TLM_management.o
                0x200086b4                printTLM
 .text.readTLMFile
                0x200086d8      0x348 ./src/TLM_management.o
                0x200086d8                readTLMFile
 .text.readTLMFiles
                0x20008a20       0xdc ./src/TLM_management.o
                0x20008a20                readTLMFiles
 .text.readTLMFileTimeRange
                0x20008afc      0x308 ./src/TLM_management.o
                0x20008afc                readTLMFileTimeRange
 .text.DeInitializeFS
                0x20008e04       0xd8 ./src/TLM_management.o
                0x20008e04                DeInitializeFS
 .text.taskMain
                0x20008edc       0x34 ./src/main.o
                0x20008edc                taskMain
 .text.main     0x20008f10       0x98 ./src/main.o
                0x20008f10                main
 .text.timeU2time
                0x20008fa8       0xbc ./src/utils.o
                0x20008fa8                timeU2time
 .text.logError
                0x20009064      0x14c ./src/utils.o
                0x20009064                logError
 .text.validateTransferParameters
                0x200091b0      0x10c C:/ISIS/workspace_ycube/GlobusSatProject/..//hal/hal/lib\libHALD.a(I2C.o)
 .text.I2C_queueTransfer
                0x200092bc       0xfc C:/ISIS/workspace_ycube/GlobusSatProject/..//hal/hal/lib\libHALD.a(I2C.o)
                0x200092bc                I2C_queueTransfer
 .text.I2C_internalCallback
                0x200093b8       0x64 C:/ISIS/workspace_ycube/GlobusSatProject/..//hal/hal/lib\libHALD.a(I2C.o)
 .text.I2C_doBlockingTransfer
                0x2000941c      0x180 C:/ISIS/workspace_ycube/GlobusSatProject/..//hal/hal/lib\libHALD.a(I2C.o)
 .text.I2C_write
                0x2000959c      0x110 C:/ISIS/workspace_ycube/GlobusSatProject/..//hal/hal/lib\libHALD.a(I2C.o)
                0x2000959c                I2C_write
 .text.I2C_read
                0x200096ac      0x110 C:/ISIS/workspace_ycube/GlobusSatProject/..//hal/hal/lib\libHALD.a(I2C.o)
                0x200096ac                I2C_read
 .text.I2C_writeRead
                0x200097bc      0x17c C:/ISIS/workspace_ycube/GlobusSatProject/..//hal/hal/lib\libHALD.a(I2C.o)
                0x200097bc                I2C_writeRead
 .text.I2C_start
                0x20009938      0x2e8 C:/ISIS/workspace_ycube/GlobusSatProject/..//hal/hal/lib\libHALD.a(I2C.o)
                0x20009938                I2C_start
 .text.I2C_stop
                0x20009c20      0x184 C:/ISIS/workspace_ycube/GlobusSatProject/..//hal/hal/lib\libHALD.a(I2C.o)
                0x20009c20                I2C_stop
 .text.I2C_setTransferTimeout
                0x20009da4       0x48 C:/ISIS/workspace_ycube/GlobusSatProject/..//hal/hal/lib\libHALD.a(I2C.o)
                0x20009da4                I2C_setTransferTimeout
 .text.clearPDCtransfers
                0x20009dec       0xe8 C:/ISIS/workspace_ycube/GlobusSatProject/..//hal/hal/lib\libHALD.a(SPI.o)
 .text.SPI_start
                0x20009ed4      0x4b0 C:/ISIS/workspace_ycube/GlobusSatProject/..//hal/hal/lib\libHALD.a(SPI.o)
                0x20009ed4                SPI_start
 .text.SPI_stop
                0x2000a384      0x244 C:/ISIS/workspace_ycube/GlobusSatProject/..//hal/hal/lib\libHALD.a(SPI.o)
                0x2000a384                SPI_stop
 .text.SPI_queueTransfer
                0x2000a5c8      0x1cc C:/ISIS/workspace_ycube/GlobusSatProject/..//hal/hal/lib\libHALD.a(SPI.o)
                0x2000a5c8                SPI_queueTransfer
 .text.SPI_internalCallback
                0x2000a794       0x64 C:/ISIS/workspace_ycube/GlobusSatProject/..//hal/hal/lib\libHALD.a(SPI.o)
 .text.SPI_writeRead
                0x2000a7f8      0x1c0 C:/ISIS/workspace_ycube/GlobusSatProject/..//hal/hal/lib\libHALD.a(SPI.o)
                0x2000a7f8                SPI_writeRead
 .text.waitForTransfer
                0x2000a9b8       0x78 C:/ISIS/workspace_ycube/GlobusSatProject/..//hal/hal/lib\libHALD.a(SPI.o)
 .text.SPI_getDriverState
                0x2000aa30       0x58 C:/ISIS/workspace_ycube/GlobusSatProject/..//hal/hal/lib\libHALD.a(SPI.o)
                0x2000aa30                SPI_getDriverState
 .text.FRAM_start
                0x2000aa88      0x120 C:/ISIS/workspace_ycube/GlobusSatProject/..//hal/hal/lib\libHALD.a(FRAM.o)
                0x2000aa88                FRAM_start
 .text.FRAM_stop
                0x2000aba8       0x6c C:/ISIS/workspace_ycube/GlobusSatProject/..//hal/hal/lib\libHALD.a(FRAM.o)
                0x2000aba8                FRAM_stop
 .text.FRAM_dummyCallback
                0x2000ac14       0x24 C:/ISIS/workspace_ycube/GlobusSatProject/..//hal/hal/lib\libHALD.a(FRAM.o)
                0x2000ac14                FRAM_dummyCallback
 .text.FRAM_unlockingCallback
                0x2000ac38       0x64 C:/ISIS/workspace_ycube/GlobusSatProject/..//hal/hal/lib\libHALD.a(FRAM.o)
                0x2000ac38                FRAM_unlockingCallback
 .text.doBlockingTransfer
                0x2000ac9c       0x78 C:/ISIS/workspace_ycube/GlobusSatProject/..//hal/hal/lib\libHALD.a(FRAM.o)
 .text.FRAM_writePacket
                0x2000ad14      0x144 C:/ISIS/workspace_ycube/GlobusSatProject/..//hal/hal/lib\libHALD.a(FRAM.o)
 .text.FRAM_write
                0x2000ae58      0x1d8 C:/ISIS/workspace_ycube/GlobusSatProject/..//hal/hal/lib\libHALD.a(FRAM.o)
                0x2000ae58                FRAM_write
 .text.FRAM_readPacket
                0x2000b030       0xf0 C:/ISIS/workspace_ycube/GlobusSatProject/..//hal/hal/lib\libHALD.a(FRAM.o)
 .text.FRAM_read
                0x2000b120      0x1e4 C:/ISIS/workspace_ycube/GlobusSatProject/..//hal/hal/lib\libHALD.a(FRAM.o)
                0x2000b120                FRAM_read
 .text.Time_start
                0x2000b304      0x150 C:/ISIS/workspace_ycube/GlobusSatProject/..//hal/hal/lib\libHALD.a(Time.o)
                0x2000b304                Time_start
 .text.taskTimeSync
                0x2000b454       0x38 C:/ISIS/workspace_ycube/GlobusSatProject/..//hal/hal/lib\libHALD.a(Time.o)
 .text.Time_convertEpochToTime
                0x2000b48c       0xf4 C:/ISIS/workspace_ycube/GlobusSatProject/..//hal/hal/lib\libHALD.a(Time.o)
                0x2000b48c                Time_convertEpochToTime
 .text.Time_populateSecondsOfYear
                0x2000b580      0x188 C:/ISIS/workspace_ycube/GlobusSatProject/..//hal/hal/lib\libHALD.a(Time.o)
 .text.Time_set
                0x2000b708      0x110 C:/ISIS/workspace_ycube/GlobusSatProject/..//hal/hal/lib\libHALD.a(Time.o)
                0x2000b708                Time_set
 .text.Time_isLeapYear
                0x2000b818       0x98 C:/ISIS/workspace_ycube/GlobusSatProject/..//hal/hal/lib\libHALD.a(Time.o)
                0x2000b818                Time_isLeapYear
 .text.Time_get
                0x2000b8b0      0x410 C:/ISIS/workspace_ycube/GlobusSatProject/..//hal/hal/lib\libHALD.a(Time.o)
                0x2000b8b0                Time_get
 .text.Time_getUnixEpoch
                0x2000bcc0       0xf4 C:/ISIS/workspace_ycube/GlobusSatProject/..//hal/hal/lib\libHALD.a(Time.o)
                0x2000bcc0                Time_getUnixEpoch
 .text.Time_secondsOfYearToTime
                0x2000bdb4      0x328 C:/ISIS/workspace_ycube/GlobusSatProject/..//hal/hal/lib\libHALD.a(Time.o)
 .text.Time_setUnixEpoch
                0x2000c0dc       0x54 C:/ISIS/workspace_ycube/GlobusSatProject/..//hal/hal/lib\libHALD.a(Time.o)
                0x2000c0dc                Time_setUnixEpoch
 .text.Time_getUptimeSeconds
                0x2000c130       0x28 C:/ISIS/workspace_ycube/GlobusSatProject/..//hal/hal/lib\libHALD.a(Time.o)
                0x2000c130                Time_getUptimeSeconds
 .text.Time_sync
                0x2000c158      0x2d8 C:/ISIS/workspace_ycube/GlobusSatProject/..//hal/hal/lib\libHALD.a(Time.o)
                0x2000c158                Time_sync
 .text.Time_syncIfNeeded
                0x2000c430       0x90 C:/ISIS/workspace_ycube/GlobusSatProject/..//hal/hal/lib\libHALD.a(Time.o)
                0x2000c430                Time_syncIfNeeded
 .text.Time_setSyncInterval
                0x2000c4c0       0x38 C:/ISIS/workspace_ycube/GlobusSatProject/..//hal/hal/lib\libHALD.a(Time.o)
                0x2000c4c0                Time_setSyncInterval
 .text.WDT_start
                0x2000c4f8       0x48 C:/ISIS/workspace_ycube/GlobusSatProject/..//hal/hal/lib\libHALD.a(WatchDogTimerNoOS.o)
                0x2000c4f8                WDT_start
 .text.WDT_startWatchdogKickTask
                0x2000c540       0xb4 C:/ISIS/workspace_ycube/GlobusSatProject/..//hal/hal/lib\libHALD.a(WatchDogTimerOS.o)
                0x2000c540                WDT_startWatchdogKickTask
 .text.WDT_forceKickEveryNms
                0x2000c5f4       0x50 C:/ISIS/workspace_ycube/GlobusSatProject/..//hal/hal/lib\libHALD.a(WatchDogTimerOS.o)
                0x2000c5f4                WDT_forceKickEveryNms
 .text.f_puts   0x2000c644       0x80 C:/ISIS/workspace_ycube/GlobusSatProject/..//hal/hal/lib\libHALD.a(fprintf.o)
                0x2000c644                f_puts
 .text.LED_glow
                0x2000c6c4       0x58 C:/ISIS/workspace_ycube/GlobusSatProject/..//hal/hal/lib\libHALD.a(LED.o)
                0x2000c6c4                LED_glow
 .text.LED_dark
                0x2000c71c       0x58 C:/ISIS/workspace_ycube/GlobusSatProject/..//hal/hal/lib\libHALD.a(LED.o)
                0x2000c71c                LED_dark
 .text.LED_toggle
                0x2000c774       0x50 C:/ISIS/workspace_ycube/GlobusSatProject/..//hal/hal/lib\libHALD.a(LED.o)
                0x2000c774                LED_toggle
 .text.RTC_start
                0x2000c7c4       0x3c C:/ISIS/workspace_ycube/GlobusSatProject/..//hal/hal/lib\libHALD.a(RTC.o)
                0x2000c7c4                RTC_start
 .text.RTC_setTime
                0x2000c800      0x2a4 C:/ISIS/workspace_ycube/GlobusSatProject/..//hal/hal/lib\libHALD.a(RTC.o)
                0x2000c800                RTC_setTime
 .text.RTC_getTime
                0x2000caa4      0x224 C:/ISIS/workspace_ycube/GlobusSatProject/..//hal/hal/lib\libHALD.a(RTC.o)
                0x2000caa4                RTC_getTime
 .text.RTC_checkTimeValid
                0x2000ccc8       0xdc C:/ISIS/workspace_ycube/GlobusSatProject/..//hal/hal/lib\libHALD.a(RTC.o)
                0x2000ccc8                RTC_checkTimeValid
 .text.RTT_start
                0x2000cda4       0x24 C:/ISIS/workspace_ycube/GlobusSatProject/..//hal/hal/lib\libHALD.a(RTT.o)
                0x2000cda4                RTT_start
 .text.fn_init  0x2000cdc8      0x2dc C:/ISIS/workspace_ycube/GlobusSatProject/..//hal/hcc/lib\libHCCD.a(fat_common.o)
                0x2000cdc8                fn_init
 .text.fn_start
                0x2000d0a4       0x1c C:/ISIS/workspace_ycube/GlobusSatProject/..//hal/hcc/lib\libHCCD.a(fat_common.o)
                0x2000d0a4                fn_start
 .text.fsn_delete
                0x2000d0c0       0xc8 C:/ISIS/workspace_ycube/GlobusSatProject/..//hal/hcc/lib\libHCCD.a(fat_common.o)
                0x2000d0c0                fsn_delete
 .text._f_get16bitl
                0x2000d188       0x4c C:/ISIS/workspace_ycube/GlobusSatProject/..//hal/hcc/lib\libHCCD.a(fat_common.o)
                0x2000d188                _f_get16bitl
 .text._f_set16bitl
                0x2000d1d4       0x54 C:/ISIS/workspace_ycube/GlobusSatProject/..//hal/hcc/lib\libHCCD.a(fat_common.o)
                0x2000d1d4                _f_set16bitl
 .text._f_get32bitl
                0x2000d228       0x68 C:/ISIS/workspace_ycube/GlobusSatProject/..//hal/hcc/lib\libHCCD.a(fat_common.o)
                0x2000d228                _f_get32bitl
 .text._f_set32bitl
                0x2000d290       0x78 C:/ISIS/workspace_ycube/GlobusSatProject/..//hal/hcc/lib\libHCCD.a(fat_common.o)
                0x2000d290                _f_set32bitl
 .text._get8bit
                0x2000d308       0xa0 C:/ISIS/workspace_ycube/GlobusSatProject/..//hal/hcc/lib\libHCCD.a(fat_common.o)
 .text._get16bitl
                0x2000d3a8       0x40 C:/ISIS/workspace_ycube/GlobusSatProject/..//hal/hcc/lib\libHCCD.a(fat_common.o)
 .text._get32bitl
                0x2000d3e8       0x3c C:/ISIS/workspace_ycube/GlobusSatProject/..//hal/hcc/lib\libHCCD.a(fat_common.o)
 .text._f_setcardremoved
                0x2000d424       0x94 C:/ISIS/workspace_ycube/GlobusSatProject/..//hal/hcc/lib\libHCCD.a(fat_common.o)
 .text._f_checkstatus
                0x2000d4b8      0x104 C:/ISIS/workspace_ycube/GlobusSatProject/..//hal/hcc/lib\libHCCD.a(fat_common.o)
                0x2000d4b8                _f_checkstatus
 .text._f_drvgetphy
                0x2000d5bc      0x114 C:/ISIS/workspace_ycube/GlobusSatProject/..//hal/hcc/lib\libHCCD.a(fat_common.o)
 .text._f_drvwritesector
                0x2000d6d0       0xdc C:/ISIS/workspace_ycube/GlobusSatProject/..//hal/hcc/lib\libHCCD.a(fat_common.o)
 .text._f_drvreadsector
                0x2000d7ac       0xa8 C:/ISIS/workspace_ycube/GlobusSatProject/..//hal/hcc/lib\libHCCD.a(fat_common.o)
 .text._f_writesector
                0x2000d854      0x23c C:/ISIS/workspace_ycube/GlobusSatProject/..//hal/hcc/lib\libHCCD.a(fat_common.o)
                0x2000d854                _f_writesector
 .text._f_readsector
                0x2000da90      0x1dc C:/ISIS/workspace_ycube/GlobusSatProject/..//hal/hcc/lib\libHCCD.a(fat_common.o)
                0x2000da90                _f_readsector
 .text._f_getmaxcluster
                0x2000dc6c       0x94 C:/ISIS/workspace_ycube/GlobusSatProject/..//hal/hcc/lib\libHCCD.a(fat_common.o)
                0x2000dc6c                _f_getmaxcluster
 .text._getsectorfromcluster
                0x2000dd00       0x68 C:/ISIS/workspace_ycube/GlobusSatProject/..//hal/hcc/lib\libHCCD.a(fat_common.o)
 .text._f_buildsectors
                0x2000dd68      0x268 C:/ISIS/workspace_ycube/GlobusSatProject/..//hal/hcc/lib\libHCCD.a(fat_common.o)
 .text._f_getbootrecord
                0x2000dfd0      0x5e4 C:/ISIS/workspace_ycube/GlobusSatProject/..//hal/hcc/lib\libHCCD.a(fat_common.o)
 .text._f_readbootrecord
                0x2000e5b4      0x4f8 C:/ISIS/workspace_ycube/GlobusSatProject/..//hal/hcc/lib\libHCCD.a(fat_common.o)
 .text._f_flushcffiles
                0x2000eaac      0x17c C:/ISIS/workspace_ycube/GlobusSatProject/..//hal/hcc/lib\libHCCD.a(fat_common.o)
                0x2000eaac                _f_flushcffiles
 .text._f_fatcache_flush
                0x2000ec28      0x270 C:/ISIS/workspace_ycube/GlobusSatProject/..//hal/hcc/lib\libHCCD.a(fat_common.o)
                0x2000ec28                _f_fatcache_flush
 .text._f_writefatsector
                0x2000ee98      0x100 C:/ISIS/workspace_ycube/GlobusSatProject/..//hal/hcc/lib\libHCCD.a(fat_common.o)
                0x2000ee98                _f_writefatsector
 .text._f_getfatsector
                0x2000ef98      0x3bc C:/ISIS/workspace_ycube/GlobusSatProject/..//hal/hcc/lib\libHCCD.a(fat_common.o)
 .text._f_setclustervalue
                0x2000f354      0x490 C:/ISIS/workspace_ycube/GlobusSatProject/..//hal/hcc/lib\libHCCD.a(fat_common.o)
                0x2000f354                _f_setclustervalue
 .text._f_getclustervalue
                0x2000f7e4      0x388 C:/ISIS/workspace_ycube/GlobusSatProject/..//hal/hcc/lib\libHCCD.a(fat_common.o)
                0x2000f7e4                _f_getclustervalue
 .text._f_close_drive_files
                0x2000fb6c       0xac C:/ISIS/workspace_ycube/GlobusSatProject/..//hal/hcc/lib\libHCCD.a(fat_common.o)
 .text._f_inc_mount_count
                0x2000fc18       0xa4 C:/ISIS/workspace_ycube/GlobusSatProject/..//hal/hcc/lib\libHCCD.a(fat_common.o)
 .text._f_getvolume
                0x2000fcbc      0x2f8 C:/ISIS/workspace_ycube/GlobusSatProject/..//hal/hcc/lib\libHCCD.a(fat_common.o)
                0x2000fcbc                _f_getvolume
 .text.fn_createdriver
                0x2000ffb4      0x118 C:/ISIS/workspace_ycube/GlobusSatProject/..//hal/hcc/lib\libHCCD.a(fat_common.o)
                0x2000ffb4                fn_createdriver
 .text.fn_initvolume
                0x200100cc      0x12c C:/ISIS/workspace_ycube/GlobusSatProject/..//hal/hcc/lib\libHCCD.a(fat_common.o)
                0x200100cc                fn_initvolume
 .text.fn_releasedriver
                0x200101f8       0xf4 C:/ISIS/workspace_ycube/GlobusSatProject/..//hal/hcc/lib\libHCCD.a(fat_common.o)
                0x200101f8                fn_releasedriver
 .text.fn_initvolumepartition_sub
                0x200102ec       0xe0 C:/ISIS/workspace_ycube/GlobusSatProject/..//hal/hcc/lib\libHCCD.a(fat_common.o)
 .text.fn_initvolumepartition
                0x200103cc       0xac C:/ISIS/workspace_ycube/GlobusSatProject/..//hal/hcc/lib\libHCCD.a(fat_common.o)
                0x200103cc                fn_initvolumepartition
 .text.fn_delvolume
                0x20010478      0x194 C:/ISIS/workspace_ycube/GlobusSatProject/..//hal/hcc/lib\libHCCD.a(fat_common.o)
                0x20010478                fn_delvolume
 .text._f_clustertopos
                0x2001060c       0xf8 C:/ISIS/workspace_ycube/GlobusSatProject/..//hal/hcc/lib\libHCCD.a(fat_common.o)
                0x2001060c                _f_clustertopos
 .text._f_getcurrsector
                0x20010704      0x6c8 C:/ISIS/workspace_ycube/GlobusSatProject/..//hal/hcc/lib\libHCCD.a(fat_common.o)
                0x20010704                _f_getcurrsector
 .text._f_getdecluster
                0x20010dcc       0x90 C:/ISIS/workspace_ycube/GlobusSatProject/..//hal/hcc/lib\libHCCD.a(fat_common.o)
                0x20010dcc                _f_getdecluster
 .text._f_setdecluster
                0x20010e5c       0x8c C:/ISIS/workspace_ycube/GlobusSatProject/..//hal/hcc/lib\libHCCD.a(fat_common.o)
                0x20010e5c                _f_setdecluster
 .text.fn_getdrive
                0x20010ee8       0x30 C:/ISIS/workspace_ycube/GlobusSatProject/..//hal/hcc/lib\libHCCD.a(fat_common.o)
                0x20010ee8                fn_getdrive
 .text._f_getcurrenttimedate
                0x20010f18      0x138 C:/ISIS/workspace_ycube/GlobusSatProject/..//hal/hcc/lib\libHCCD.a(fat_common.o)
                0x20010f18                _f_getcurrenttimedate
 .text._f_initentry
                0x20011050       0xa0 C:/ISIS/workspace_ycube/GlobusSatProject/..//hal/hcc/lib\libHCCD.a(fat_common.o)
                0x20011050                _f_initentry
 .text._f_alloccluster
                0x200110f0      0x344 C:/ISIS/workspace_ycube/GlobusSatProject/..//hal/hcc/lib\libHCCD.a(fat_common.o)
                0x200110f0                _f_alloccluster
 .text._f_dobadblock
                0x20011434      0x2cc C:/ISIS/workspace_ycube/GlobusSatProject/..//hal/hcc/lib\libHCCD.a(fat_common.o)
                0x20011434                _f_dobadblock
 .text._f_checklocked
                0x20011700       0xe4 C:/ISIS/workspace_ycube/GlobusSatProject/..//hal/hcc/lib\libHCCD.a(fat_common.o)
                0x20011700                _f_checklocked
 .text._f_checkappendlocked
                0x200117e4      0x110 C:/ISIS/workspace_ycube/GlobusSatProject/..//hal/hcc/lib\libHCCD.a(fat_common.o)
                0x200117e4                _f_checkappendlocked
 .text._f_setsyncafile
                0x200118f4      0x114 C:/ISIS/workspace_ycube/GlobusSatProject/..//hal/hcc/lib\libHCCD.a(fat_common.o)
                0x200118f4                _f_setsyncafile
 .text._f_syncfiles
                0x20011a08      0x128 C:/ISIS/workspace_ycube/GlobusSatProject/..//hal/hcc/lib\libHCCD.a(fat_common.o)
                0x20011a08                _f_syncfiles
 .text._f_syncfilescontent
                0x20011b30      0x15c C:/ISIS/workspace_ycube/GlobusSatProject/..//hal/hcc/lib\libHCCD.a(fat_common.o)
 .text.fn_getfreespace
                0x20011c8c      0x4c0 C:/ISIS/workspace_ycube/GlobusSatProject/..//hal/hcc/lib\libHCCD.a(fat_common.o)
                0x20011c8c                fn_getfreespace
 .text._f_emptywritecache
                0x2001214c      0x4a4 C:/ISIS/workspace_ycube/GlobusSatProject/..//hal/hcc/lib\libHCCD.a(fat_common.o)
 .text._f_allocnextcluster
                0x200125f0      0x54c C:/ISIS/workspace_ycube/GlobusSatProject/..//hal/hcc/lib\libHCCD.a(fat_common.o)
 .text._f_emptywritebuffer
                0x20012b3c      0x20c C:/ISIS/workspace_ycube/GlobusSatProject/..//hal/hcc/lib\libHCCD.a(fat_common.o)
 .text._f_writezeros
                0x20012d48       0xf0 C:/ISIS/workspace_ycube/GlobusSatProject/..//hal/hcc/lib\libHCCD.a(fat_common.o)
                0x20012d48                _f_writezeros
 .text._f_extend_file
                0x20012e38      0x570 C:/ISIS/workspace_ycube/GlobusSatProject/..//hal/hcc/lib\libHCCD.a(fat_common.o)
 .text._f_fseek
                0x200133a8      0x9bc C:/ISIS/workspace_ycube/GlobusSatProject/..//hal/hcc/lib\libHCCD.a(fat_common.o)
                0x200133a8                _f_fseek
 .text._f_removechain
                0x20013d64      0x104 C:/ISIS/workspace_ycube/GlobusSatProject/..//hal/hcc/lib\libHCCD.a(fat_common.o)
                0x20013d64                _f_removechain
 .text._f_updatefileentry
                0x20013e68      0x1cc C:/ISIS/workspace_ycube/GlobusSatProject/..//hal/hcc/lib\libHCCD.a(fat_common.o)
 .text._f_checkreadlocked
                0x20014034      0x1bc C:/ISIS/workspace_ycube/GlobusSatProject/..//hal/hcc/lib\libHCCD.a(fat_common.o)
                0x20014034                _f_checkreadlocked
 .text._f_check_handle
                0x200141f0       0x98 C:/ISIS/workspace_ycube/GlobusSatProject/..//hal/hcc/lib\libHCCD.a(fat_common.o)
                0x200141f0                _f_check_handle
 .text._f_removesyncafile
                0x20014288      0x1ec C:/ISIS/workspace_ycube/GlobusSatProject/..//hal/hcc/lib\libHCCD.a(fat_common.o)
 .text.fn_close
                0x20014474      0x3f8 C:/ISIS/workspace_ycube/GlobusSatProject/..//hal/hcc/lib\libHCCD.a(fat_common.o)
                0x20014474                fn_close
 .text.fn_flush
                0x2001486c      0x374 C:/ISIS/workspace_ycube/GlobusSatProject/..//hal/hcc/lib\libHCCD.a(fat_common.o)
                0x2001486c                fn_flush
 .text.fn_read  0x20014be0      0x690 C:/ISIS/workspace_ycube/GlobusSatProject/..//hal/hcc/lib\libHCCD.a(fat_common.o)
                0x20014be0                fn_read
 .text._f_abortwrite
                0x20015270      0x100 C:/ISIS/workspace_ycube/GlobusSatProject/..//hal/hcc/lib\libHCCD.a(fat_common.o)
 .text._f_checkwritecluster
                0x20015370       0xe4 C:/ISIS/workspace_ycube/GlobusSatProject/..//hal/hcc/lib\libHCCD.a(fat_common.o)
 .text.fn_write
                0x20015454      0x8a8 C:/ISIS/workspace_ycube/GlobusSatProject/..//hal/hcc/lib\libHCCD.a(fat_common.o)
                0x20015454                fn_write
 .text.fn_seek  0x20015cfc      0x270 C:/ISIS/workspace_ycube/GlobusSatProject/..//hal/hcc/lib\libHCCD.a(fat_common.o)
                0x20015cfc                fn_seek
 .text.fn_tell  0x20015f6c      0x19c C:/ISIS/workspace_ycube/GlobusSatProject/..//hal/hcc/lib\libHCCD.a(fat_common.o)
                0x20015f6c                fn_tell
 .text.fn_rewind
                0x20016108       0x38 C:/ISIS/workspace_ycube/GlobusSatProject/..//hal/hcc/lib\libHCCD.a(fat_common.o)
                0x20016108                fn_rewind
 .text.fn_putc  0x20016140       0x68 C:/ISIS/workspace_ycube/GlobusSatProject/..//hal/hcc/lib\libHCCD.a(fat_common.o)
                0x20016140                fn_putc
 .text.f_enterFS
                0x200161a8      0x1c0 C:/ISIS/workspace_ycube/GlobusSatProject/..//hal/hcc/lib\libHCCD.a(fat_common.o)
                0x200161a8                f_enterFS
 .text.f_releaseFS
                0x20016368       0xb0 C:/ISIS/workspace_ycube/GlobusSatProject/..//hal/hcc/lib\libHCCD.a(fat_common.o)
                0x20016368                f_releaseFS
 .text.fnGetTask
                0x20016418       0xfc C:/ISIS/workspace_ycube/GlobusSatProject/..//hal/hcc/lib\libHCCD.a(fat_common.o)
                0x20016418                fnGetTask
 .text._f_mutex_get
                0x20016514       0x98 C:/ISIS/workspace_ycube/GlobusSatProject/..//hal/hcc/lib\libHCCD.a(fat_common.o)
                0x20016514                _f_mutex_get
 .text._f_mutex_put
                0x200165ac       0x54 C:/ISIS/workspace_ycube/GlobusSatProject/..//hal/hcc/lib\libHCCD.a(fat_common.o)
                0x200165ac                _f_mutex_put
 .text._fn_initseekdivisor
                0x20016600      0x158 C:/ISIS/workspace_ycube/GlobusSatProject/..//hal/hcc/lib\libHCCD.a(fat_common.o)
                0x20016600                _fn_initseekdivisor
 .text._fn_updateseekpos
                0x20016758       0xc4 C:/ISIS/workspace_ycube/GlobusSatProject/..//hal/hcc/lib\libHCCD.a(fat_common.o)
 .text._f_findopensize
                0x2001681c       0x2c C:/ISIS/workspace_ycube/GlobusSatProject/..//hal/hcc/lib\libHCCD.a(fat_common.o)
                0x2001681c                _f_findopensize
 .text.fn_setlasterror
                0x20016848       0x34 C:/ISIS/workspace_ycube/GlobusSatProject/..//hal/hcc/lib\libHCCD.a(fat_common.o)
                0x20016848                fn_setlasterror
 .text.fn_setlasterror_noret
                0x2001687c       0x2c C:/ISIS/workspace_ycube/GlobusSatProject/..//hal/hcc/lib\libHCCD.a(fat_common.o)
                0x2001687c                fn_setlasterror_noret
 .text.fm_initvolume
                0x200168a8       0x70 C:/ISIS/workspace_ycube/GlobusSatProject/..//hal/hcc/lib\libHCCD.a(fat_m.o)
                0x200168a8                fm_initvolume
 .text.fm_delvolume
                0x20016918       0x60 C:/ISIS/workspace_ycube/GlobusSatProject/..//hal/hcc/lib\libHCCD.a(fat_m.o)
                0x20016918                fm_delvolume
 .text.fm_getdrive
                0x20016978       0x70 C:/ISIS/workspace_ycube/GlobusSatProject/..//hal/hcc/lib\libHCCD.a(fat_m.o)
                0x20016978                fm_getdrive
 .text.fm_getfreespace
                0x200169e8       0x68 C:/ISIS/workspace_ycube/GlobusSatProject/..//hal/hcc/lib\libHCCD.a(fat_m.o)
                0x200169e8                fm_getfreespace
 .text.fm_findfirst
                0x20016a50       0x68 C:/ISIS/workspace_ycube/GlobusSatProject/..//hal/hcc/lib\libHCCD.a(fat_m.o)
                0x20016a50                fm_findfirst
 .text.fm_findnext
                0x20016ab8       0x60 C:/ISIS/workspace_ycube/GlobusSatProject/..//hal/hcc/lib\libHCCD.a(fat_m.o)
                0x20016ab8                fm_findnext
 .text.fm_close
                0x20016b18       0x60 C:/ISIS/workspace_ycube/GlobusSatProject/..//hal/hcc/lib\libHCCD.a(fat_m.o)
                0x20016b18                fm_close
 .text.fm_flush
                0x20016b78       0x60 C:/ISIS/workspace_ycube/GlobusSatProject/..//hal/hcc/lib\libHCCD.a(fat_m.o)
                0x20016b78                fm_flush
 .text.fm_open  0x20016bd8       0x68 C:/ISIS/workspace_ycube/GlobusSatProject/..//hal/hcc/lib\libHCCD.a(fat_m.o)
                0x20016bd8                fm_open
 .text.fm_read  0x20016c40       0x7c C:/ISIS/workspace_ycube/GlobusSatProject/..//hal/hcc/lib\libHCCD.a(fat_m.o)
                0x20016c40                fm_read
 .text.fm_write
                0x20016cbc       0x7c C:/ISIS/workspace_ycube/GlobusSatProject/..//hal/hcc/lib\libHCCD.a(fat_m.o)
                0x20016cbc                fm_write
 .text.fm_seek  0x20016d38       0x70 C:/ISIS/workspace_ycube/GlobusSatProject/..//hal/hcc/lib\libHCCD.a(fat_m.o)
                0x20016d38                fm_seek
 .text.fm_tell  0x20016da8       0x60 C:/ISIS/workspace_ycube/GlobusSatProject/..//hal/hcc/lib\libHCCD.a(fat_m.o)
                0x20016da8                fm_tell
 .text.fm_putc  0x20016e08       0x68 C:/ISIS/workspace_ycube/GlobusSatProject/..//hal/hcc/lib\libHCCD.a(fat_m.o)
                0x20016e08                fm_putc
 .text.fm_rewind
                0x20016e70       0x60 C:/ISIS/workspace_ycube/GlobusSatProject/..//hal/hcc/lib\libHCCD.a(fat_m.o)
                0x20016e70                fm_rewind
 .text.fm_delete
                0x20016ed0       0x64 C:/ISIS/workspace_ycube/GlobusSatProject/..//hal/hcc/lib\libHCCD.a(fat_m.o)
                0x20016ed0                fm_delete
 .text.fm_getlasterror
                0x20016f34       0x40 C:/ISIS/workspace_ycube/GlobusSatProject/..//hal/hcc/lib\libHCCD.a(fat_m.o)
                0x20016f34                fm_getlasterror
 .text._s_checkzeroclusteratend
                0x20016f74       0xf8 C:/ISIS/workspace_ycube/GlobusSatProject/..//hal/hcc/lib\libHCCD.a(safefat.o)
 .text._s_clearclustercontent
                0x2001706c      0x108 C:/ISIS/workspace_ycube/GlobusSatProject/..//hal/hcc/lib\libHCCD.a(safefat.o)
 .text._s_clearclustercontentdir
                0x20017174      0x19c C:/ISIS/workspace_ycube/GlobusSatProject/..//hal/hcc/lib\libHCCD.a(safefat.o)
 .text._s_writedirsector
                0x20017310       0xd0 C:/ISIS/workspace_ycube/GlobusSatProject/..//hal/hcc/lib\libHCCD.a(safefat.o)
 .text._s_getdirsector
                0x200173e0      0x100 C:/ISIS/workspace_ycube/GlobusSatProject/..//hal/hcc/lib\libHCCD.a(safefat.o)
 .text._s_addentry
                0x200174e0      0x394 C:/ISIS/workspace_ycube/GlobusSatProject/..//hal/hcc/lib\libHCCD.a(safefat.o)
 .text._s_findfile
                0x20017874      0x33c C:/ISIS/workspace_ycube/GlobusSatProject/..//hal/hcc/lib\libHCCD.a(safefat.o)
 .text._s_findsubdir
                0x20017bb0      0x248 C:/ISIS/workspace_ycube/GlobusSatProject/..//hal/hcc/lib\libHCCD.a(safefat.o)
 .text._s_createfile
                0x20017df8      0x190 C:/ISIS/workspace_ycube/GlobusSatProject/..//hal/hcc/lib\libHCCD.a(safefat.o)
 .text._s_findsaffile
                0x20017f88      0x1b8 C:/ISIS/workspace_ycube/GlobusSatProject/..//hal/hcc/lib\libHCCD.a(safefat.o)
 .text._s_open  0x20018140       0xe4 C:/ISIS/workspace_ycube/GlobusSatProject/..//hal/hcc/lib\libHCCD.a(safefat.o)
 .text._s_open_saf
                0x20018224       0xe8 C:/ISIS/workspace_ycube/GlobusSatProject/..//hal/hcc/lib\libHCCD.a(safefat.o)
 .text._s_flush
                0x2001830c       0x84 C:/ISIS/workspace_ycube/GlobusSatProject/..//hal/hcc/lib\libHCCD.a(safefat.o)
 .text._s_allocnextcluster
                0x20018390      0x13c C:/ISIS/workspace_ycube/GlobusSatProject/..//hal/hcc/lib\libHCCD.a(safefat.o)
 .text._s_getnextsector
                0x200184cc       0xdc C:/ISIS/workspace_ycube/GlobusSatProject/..//hal/hcc/lib\libHCCD.a(safefat.o)
 .text._s_seek  0x200185a8      0x1e8 C:/ISIS/workspace_ycube/GlobusSatProject/..//hal/hcc/lib\libHCCD.a(safefat.o)
 .text._s_get_len
                0x20018790      0x10c C:/ISIS/workspace_ycube/GlobusSatProject/..//hal/hcc/lib\libHCCD.a(safefat.o)
 .text._s_set_len
                0x2001889c       0xb4 C:/ISIS/workspace_ycube/GlobusSatProject/..//hal/hcc/lib\libHCCD.a(safefat.o)
 .text.safe_fix_filelengths
                0x20018950       0xcc C:/ISIS/workspace_ycube/GlobusSatProject/..//hal/hcc/lib\libHCCD.a(safefat.o)
                0x20018950                safe_fix_filelengths
 .text._s_read  0x20018a1c      0x228 C:/ISIS/workspace_ycube/GlobusSatProject/..//hal/hcc/lib\libHCCD.a(safefat.o)
 .text._s_write
                0x20018c44      0x384 C:/ISIS/workspace_ycube/GlobusSatProject/..//hal/hcc/lib\libHCCD.a(safefat.o)
 .text._s_restoreclusters
                0x20018fc8      0x270 C:/ISIS/workspace_ycube/GlobusSatProject/..//hal/hcc/lib\libHCCD.a(safefat.o)
                0x20018fc8                _s_restoreclusters
 .text._s_findrestore
                0x20019238      0x18c C:/ISIS/workspace_ycube/GlobusSatProject/..//hal/hcc/lib\libHCCD.a(safefat.o)
 .text._s_cmd_writede
                0x200193c4       0xd8 C:/ISIS/workspace_ycube/GlobusSatProject/..//hal/hcc/lib\libHCCD.a(safefat.o)
 .text._s_cmd_setcluster
                0x2001949c       0x88 C:/ISIS/workspace_ycube/GlobusSatProject/..//hal/hcc/lib\libHCCD.a(safefat.o)
 .text._s_cmd_deletechain
                0x20019524      0x100 C:/ISIS/workspace_ycube/GlobusSatProject/..//hal/hcc/lib\libHCCD.a(safefat.o)
 .text._s_cmd_validatecfn
                0x20019624      0x308 C:/ISIS/workspace_ycube/GlobusSatProject/..//hal/hcc/lib\libHCCD.a(safefat.o)
 .text._s_cmd_seteof
                0x2001992c      0x3c4 C:/ISIS/workspace_ycube/GlobusSatProject/..//hal/hcc/lib\libHCCD.a(safefat.o)
 .text.safe_docommands
                0x20019cf0      0x56c C:/ISIS/workspace_ycube/GlobusSatProject/..//hal/hcc/lib\libHCCD.a(safefat.o)
                0x20019cf0                safe_docommands
 .text.safe_entercommand
                0x2001a25c       0x68 C:/ISIS/workspace_ycube/GlobusSatProject/..//hal/hcc/lib\libHCCD.a(safefat.o)
                0x2001a25c                safe_entercommand
 .text.safe_ready
                0x2001a2c4       0xf4 C:/ISIS/workspace_ycube/GlobusSatProject/..//hal/hcc/lib\libHCCD.a(safefat.o)
                0x2001a2c4                safe_ready
 .text.safe_copycfn
                0x2001a3b8       0xb8 C:/ISIS/workspace_ycube/GlobusSatProject/..//hal/hcc/lib\libHCCD.a(safefat.o)
                0x2001a3b8                safe_copycfn
 .text.safe_cfremove
                0x2001a470       0xb8 C:/ISIS/workspace_ycube/GlobusSatProject/..//hal/hcc/lib\libHCCD.a(safefat.o)
                0x2001a470                safe_cfremove
 .text.safe_writede
                0x2001a528      0x104 C:/ISIS/workspace_ycube/GlobusSatProject/..//hal/hcc/lib\libHCCD.a(safefat.o)
                0x2001a528                safe_writede
 .text.safe_setcluster
                0x2001a62c       0xcc C:/ISIS/workspace_ycube/GlobusSatProject/..//hal/hcc/lib\libHCCD.a(safefat.o)
                0x2001a62c                safe_setcluster
 .text.safe_deletechain
                0x2001a6f8      0x1c8 C:/ISIS/workspace_ycube/GlobusSatProject/..//hal/hcc/lib\libHCCD.a(safefat.o)
                0x2001a6f8                safe_deletechain
 .text.safe_cfclose
                0x2001a8c0      0x104 C:/ISIS/workspace_ycube/GlobusSatProject/..//hal/hcc/lib\libHCCD.a(safefat.o)
                0x2001a8c0                safe_cfclose
 .text.safe_cfflush
                0x2001a9c4      0x124 C:/ISIS/workspace_ycube/GlobusSatProject/..//hal/hcc/lib\libHCCD.a(safefat.o)
                0x2001a9c4                safe_cfflush
 .text.safe_reset
                0x2001aae8       0x78 C:/ISIS/workspace_ycube/GlobusSatProject/..//hal/hcc/lib\libHCCD.a(safefat.o)
                0x2001aae8                safe_reset
 .text.safe_loadcommands
                0x2001ab60       0x78 C:/ISIS/workspace_ycube/GlobusSatProject/..//hal/hcc/lib\libHCCD.a(safefat.o)
                0x2001ab60                safe_loadcommands
 .text.safe_poweron
                0x2001abd8      0x1fc C:/ISIS/workspace_ycube/GlobusSatProject/..//hal/hcc/lib\libHCCD.a(safefat.o)
                0x2001abd8                safe_poweron
 .text.cf_getname
                0x2001add4       0xc0 C:/ISIS/workspace_ycube/GlobusSatProject/..//hal/hcc/lib\libHCCD.a(safefat.o)
 .text.cf_copyclusterchain
                0x2001ae94      0x138 C:/ISIS/workspace_ycube/GlobusSatProject/..//hal/hcc/lib\libHCCD.a(safefat.o)
 .text.cf_seektozero
                0x2001afcc       0x94 C:/ISIS/workspace_ycube/GlobusSatProject/..//hal/hcc/lib\libHCCD.a(safefat.o)
                0x2001afcc                cf_seektozero
 .text.cf_create
                0x2001b060      0x3a8 C:/ISIS/workspace_ycube/GlobusSatProject/..//hal/hcc/lib\libHCCD.a(safefat.o)
                0x2001b060                cf_create
 .text.cf_copyclustercontent
                0x2001b408      0x128 C:/ISIS/workspace_ycube/GlobusSatProject/..//hal/hcc/lib\libHCCD.a(safefat.o)
                0x2001b408                cf_copyclustercontent
 .text.cf_copycfn
                0x2001b530      0x4bc C:/ISIS/workspace_ycube/GlobusSatProject/..//hal/hcc/lib\libHCCD.a(safefat.o)
                0x2001b530                cf_copycfn
 .text.cf_remove
                0x2001b9ec      0x344 C:/ISIS/workspace_ycube/GlobusSatProject/..//hal/hcc/lib\libHCCD.a(safefat.o)
                0x2001b9ec                cf_remove
 .text.cf_setclusternew
                0x2001bd30       0xf0 C:/ISIS/workspace_ycube/GlobusSatProject/..//hal/hcc/lib\libHCCD.a(safefat.o)
                0x2001bd30                cf_setclusternew
 .text.cf_flush
                0x2001be20       0x58 C:/ISIS/workspace_ycube/GlobusSatProject/..//hal/hcc/lib\libHCCD.a(safefat.o)
                0x2001be20                cf_flush
 .text.cf_getcluster
                0x2001be78      0x1b4 C:/ISIS/workspace_ycube/GlobusSatProject/..//hal/hcc/lib\libHCCD.a(safefat.o)
                0x2001be78                cf_getcluster
 .text.cf_setnextcluster
                0x2001c02c      0x194 C:/ISIS/workspace_ycube/GlobusSatProject/..//hal/hcc/lib\libHCCD.a(safefat.o)
                0x2001c02c                cf_setnextcluster
 .text.cf_getpositions
                0x2001c1c0       0xbc C:/ISIS/workspace_ycube/GlobusSatProject/..//hal/hcc/lib\libHCCD.a(safefat.o)
                0x2001c1c0                cf_getpositions
 .text.cf_setpositions
                0x2001c27c       0xb0 C:/ISIS/workspace_ycube/GlobusSatProject/..//hal/hcc/lib\libHCCD.a(safefat.o)
                0x2001c27c                cf_setpositions
 .text.cf_opensyncafile
                0x2001c32c      0x150 C:/ISIS/workspace_ycube/GlobusSatProject/..//hal/hcc/lib\libHCCD.a(safefat.o)
                0x2001c32c                cf_opensyncafile
 .text.cf_reloadcfo
                0x2001c47c       0xd8 C:/ISIS/workspace_ycube/GlobusSatProject/..//hal/hcc/lib\libHCCD.a(safefat.o)
                0x2001c47c                cf_reloadcfo
 .text.mcipdc_cmd
                0x2001c554      0x22c C:/ISIS/workspace_ycube/GlobusSatProject/..//hal/hcc/lib\libHCCD.a(atmel_mcipdc.o)
 .text.mcipdc_stop
                0x2001c780       0xfc C:/ISIS/workspace_ycube/GlobusSatProject/..//hal/hcc/lib\libHCCD.a(atmel_mcipdc.o)
                0x2001c780                mcipdc_stop
 .text.mcipdc_read
                0x2001c87c      0x27c C:/ISIS/workspace_ycube/GlobusSatProject/..//hal/hcc/lib\libHCCD.a(atmel_mcipdc.o)
 .text.mcipdc_write
                0x2001caf8      0x298 C:/ISIS/workspace_ycube/GlobusSatProject/..//hal/hcc/lib\libHCCD.a(atmel_mcipdc.o)
 .text.mcipdc_readsector
                0x2001cd90       0x9c C:/ISIS/workspace_ycube/GlobusSatProject/..//hal/hcc/lib\libHCCD.a(atmel_mcipdc.o)
                0x2001cd90                mcipdc_readsector
 .text.mcipdc_readmultiplesector
                0x2001ce2c      0x124 C:/ISIS/workspace_ycube/GlobusSatProject/..//hal/hcc/lib\libHCCD.a(atmel_mcipdc.o)
                0x2001ce2c                mcipdc_readmultiplesector
 .text.mcipdc_writesector
                0x2001cf50       0x90 C:/ISIS/workspace_ycube/GlobusSatProject/..//hal/hcc/lib\libHCCD.a(atmel_mcipdc.o)
                0x2001cf50                mcipdc_writesector
 .text.mcipdc_writemultiplesector
                0x2001cfe0      0x120 C:/ISIS/workspace_ycube/GlobusSatProject/..//hal/hcc/lib\libHCCD.a(atmel_mcipdc.o)
                0x2001cfe0                mcipdc_writemultiplesector
 .text.mcipdc_set_speed
                0x2001d100       0xb0 C:/ISIS/workspace_ycube/GlobusSatProject/..//hal/hcc/lib\libHCCD.a(atmel_mcipdc.o)
 .text.mcipdc_get_speed
                0x2001d1b0       0x48 C:/ISIS/workspace_ycube/GlobusSatProject/..//hal/hcc/lib\libHCCD.a(atmel_mcipdc.o)
 .text._get_csd_bits
                0x2001d1f8      0x14c C:/ISIS/workspace_ycube/GlobusSatProject/..//hal/hcc/lib\libHCCD.a(atmel_mcipdc.o)
 .text.mcipdc_initcard
                0x2001d344      0x8f4 C:/ISIS/workspace_ycube/GlobusSatProject/..//hal/hcc/lib\libHCCD.a(atmel_mcipdc.o)
 .text.mcipdc_getstatus
                0x2001dc38       0xe8 C:/ISIS/workspace_ycube/GlobusSatProject/..//hal/hcc/lib\libHCCD.a(atmel_mcipdc.o)
 .text.mcipdc_getphy
                0x2001dd20       0x90 C:/ISIS/workspace_ycube/GlobusSatProject/..//hal/hcc/lib\libHCCD.a(atmel_mcipdc.o)
 .text.mcipdc_release
                0x2001ddb0       0x50 C:/ISIS/workspace_ycube/GlobusSatProject/..//hal/hcc/lib\libHCCD.a(atmel_mcipdc.o)
 .text.atmel_mcipdc_initfunc
                0x2001de00      0x160 C:/ISIS/workspace_ycube/GlobusSatProject/..//hal/hcc/lib\libHCCD.a(atmel_mcipdc.o)
                0x2001de00                atmel_mcipdc_initfunc
 .text.oal_mutex_create
                0x2001df60       0x54 C:/ISIS/workspace_ycube/GlobusSatProject/..//hal/hcc/lib\libHCCD.a(oalp_mutex.o)
                0x2001df60                oal_mutex_create
 .text.oal_mutex_delete
                0x2001dfb4       0x30 C:/ISIS/workspace_ycube/GlobusSatProject/..//hal/hcc/lib\libHCCD.a(oalp_mutex.o)
                0x2001dfb4                oal_mutex_delete
 .text.oal_mutex_get
                0x2001dfe4       0x58 C:/ISIS/workspace_ycube/GlobusSatProject/..//hal/hcc/lib\libHCCD.a(oalp_mutex.o)
                0x2001dfe4                oal_mutex_get
 .text.oal_mutex_put
                0x2001e03c       0x58 C:/ISIS/workspace_ycube/GlobusSatProject/..//hal/hcc/lib\libHCCD.a(oalp_mutex.o)
                0x2001e03c                oal_mutex_put
 .text.oal_task_get_id
                0x2001e094       0x18 C:/ISIS/workspace_ycube/GlobusSatProject/..//hal/hcc/lib\libHCCD.a(oalp_task.o)
                0x2001e094                oal_task_get_id
 .text.mcipdc_hw_init
                0x2001e0ac       0xe8 C:/ISIS/workspace_ycube/GlobusSatProject/..//hal/hcc/lib\libHCCD.a(atmel_mcipdc_hw.o)
                0x2001e0ac                mcipdc_hw_init
 .text.mcipdc_hw_delete
                0x2001e194       0x78 C:/ISIS/workspace_ycube/GlobusSatProject/..//hal/hcc/lib\libHCCD.a(atmel_mcipdc_hw.o)
                0x2001e194                mcipdc_hw_delete
 .text.mcipdc_hw_card_plugged
                0x2001e20c       0x1c C:/ISIS/workspace_ycube/GlobusSatProject/..//hal/hcc/lib\libHCCD.a(atmel_mcipdc_hw.o)
                0x2001e20c                mcipdc_hw_card_plugged
 .text.mcipdc_hw_card_writeprotect
                0x2001e228       0x1c C:/ISIS/workspace_ycube/GlobusSatProject/..//hal/hcc/lib\libHCCD.a(atmel_mcipdc_hw.o)
                0x2001e228                mcipdc_hw_card_writeprotect
 .text.psp_getcurrenttimedate
                0x2001e244       0x8c C:/ISIS/workspace_ycube/GlobusSatProject/..//hal/hcc/lib\libHCCD.a(psp_rtc.o)
                0x2001e244                psp_getcurrenttimedate
 .text._hcc_get_buf_dsc
                0x2001e2d0       0x8c C:/ISIS/workspace_ycube/GlobusSatProject/..//hal/hcc/lib\libHCCD.a(hcc_mem.o)
 .text._hcc_check_free_pages
                0x2001e35c      0x18c C:/ISIS/workspace_ycube/GlobusSatProject/..//hal/hcc/lib\libHCCD.a(hcc_mem.o)
 .text._hcc_mark_pages
                0x2001e4e8      0x158 C:/ISIS/workspace_ycube/GlobusSatProject/..//hal/hcc/lib\libHCCD.a(hcc_mem.o)
 .text._hcc_clear_lock_dsc
                0x2001e640       0x80 C:/ISIS/workspace_ycube/GlobusSatProject/..//hal/hcc/lib\libHCCD.a(hcc_mem.o)
 .text._hcc_lock_access
                0x2001e6c0      0x128 C:/ISIS/workspace_ycube/GlobusSatProject/..//hal/hcc/lib\libHCCD.a(hcc_mem.o)
 .text._hcc_unlock_access
                0x2001e7e8       0x30 C:/ISIS/workspace_ycube/GlobusSatProject/..//hal/hcc/lib\libHCCD.a(hcc_mem.o)
 .text.hcc_mem_alloc
                0x2001e818      0x454 C:/ISIS/workspace_ycube/GlobusSatProject/..//hal/hcc/lib\libHCCD.a(hcc_mem.o)
                0x2001e818                hcc_mem_alloc
 .text.hcc_mem_free
                0x2001ec6c      0x178 C:/ISIS/workspace_ycube/GlobusSatProject/..//hal/hcc/lib\libHCCD.a(hcc_mem.o)
                0x2001ec6c                hcc_mem_free
 .text.hcc_mem_add
                0x2001ede4      0x3b0 C:/ISIS/workspace_ycube/GlobusSatProject/..//hal/hcc/lib\libHCCD.a(hcc_mem.o)
                0x2001ede4                hcc_mem_add
 .text.hcc_mem_init
                0x2001f194      0x164 C:/ISIS/workspace_ycube/GlobusSatProject/..//hal/hcc/lib\libHCCD.a(hcc_mem.o)
                0x2001f194                hcc_mem_init
 .text.hcc_mem_delete
                0x2001f2f8       0x94 C:/ISIS/workspace_ycube/GlobusSatProject/..//hal/hcc/lib\libHCCD.a(hcc_mem.o)
                0x2001f2f8                hcc_mem_delete
 .text._f_invalidatedir
                0x2001f38c       0x28 C:/ISIS/workspace_ycube/GlobusSatProject/..//hal/hcc/lib\libHCCD.a(fat.o)
                0x2001f38c                _f_invalidatedir
 .text._f_getdirsector
                0x2001f3b4       0x88 C:/ISIS/workspace_ycube/GlobusSatProject/..//hal/hcc/lib\libHCCD.a(fat.o)
                0x2001f3b4                _f_getdirsector
 .text._f_writedirsector
                0x2001f43c       0x74 C:/ISIS/workspace_ycube/GlobusSatProject/..//hal/hcc/lib\libHCCD.a(fat.o)
                0x2001f43c                _f_writedirsector
 .text._f_checknameinv
                0x2001f4b0      0x180 C:/ISIS/workspace_ycube/GlobusSatProject/..//hal/hcc/lib\libHCCD.a(fat.o)
 .text._f_checkname
                0x2001f630       0x7c C:/ISIS/workspace_ycube/GlobusSatProject/..//hal/hcc/lib\libHCCD.a(fat.o)
 .text._f_checknamewc
                0x2001f6ac       0xf8 C:/ISIS/workspace_ycube/GlobusSatProject/..//hal/hcc/lib\libHCCD.a(fat.o)
 .text._f_setnameext
                0x2001f7a4      0x300 C:/ISIS/workspace_ycube/GlobusSatProject/..//hal/hcc/lib\libHCCD.a(fat.o)
 .text._f_setfsname
                0x2001faa4      0x584 C:/ISIS/workspace_ycube/GlobusSatProject/..//hal/hcc/lib\libHCCD.a(fat.o)
 .text._f_findfile
                0x20020028      0x30c C:/ISIS/workspace_ycube/GlobusSatProject/..//hal/hcc/lib\libHCCD.a(fat.o)
 .text._f_cmp_wname
                0x20020334      0x274 C:/ISIS/workspace_ycube/GlobusSatProject/..//hal/hcc/lib\libHCCD.a(fat.o)
 .text._f_to_string
                0x200205a8      0x130 C:/ISIS/workspace_ycube/GlobusSatProject/..//hal/hcc/lib\libHCCD.a(fat.o)
 .text._f_findfilewc
                0x200206d8      0x278 C:/ISIS/workspace_ycube/GlobusSatProject/..//hal/hcc/lib\libHCCD.a(fat.o)
 .text._f_getfilename
                0x20020950      0x20c C:/ISIS/workspace_ycube/GlobusSatProject/..//hal/hcc/lib\libHCCD.a(fat.o)
 .text._f_findpath
                0x20020b5c      0x35c C:/ISIS/workspace_ycube/GlobusSatProject/..//hal/hcc/lib\libHCCD.a(fat.o)
 .text.fn_getdcwd
                0x20020eb8      0x1e0 C:/ISIS/workspace_ycube/GlobusSatProject/..//hal/hcc/lib\libHCCD.a(fat.o)
                0x20020eb8                fn_getdcwd
 .text.fn_findfirst
                0x20021098      0x13c C:/ISIS/workspace_ycube/GlobusSatProject/..//hal/hcc/lib\libHCCD.a(fat.o)
                0x20021098                fn_findfirst
 .text.fn_findnext
                0x200211d4      0x360 C:/ISIS/workspace_ycube/GlobusSatProject/..//hal/hcc/lib\libHCCD.a(fat.o)
                0x200211d4                fn_findnext
 .text._f_lock_resfile
                0x20021534       0x6c C:/ISIS/workspace_ycube/GlobusSatProject/..//hal/hcc/lib\libHCCD.a(fat.o)
 .text._f_unlock_resfile
                0x200215a0       0x40 C:/ISIS/workspace_ycube/GlobusSatProject/..//hal/hcc/lib\libHCCD.a(fat.o)
 .text._f_getintfile
                0x200215e0      0x124 C:/ISIS/workspace_ycube/GlobusSatProject/..//hal/hcc/lib\libHCCD.a(fat.o)
 .text._f_addentry
                0x20021704      0x540 C:/ISIS/workspace_ycube/GlobusSatProject/..//hal/hcc/lib\libHCCD.a(fat.o)
 .text.fn_open_sub
                0x20021c44     0x1698 C:/ISIS/workspace_ycube/GlobusSatProject/..//hal/hcc/lib\libHCCD.a(fat.o)
 .text.fn_open  0x200232dc       0x44 C:/ISIS/workspace_ycube/GlobusSatProject/..//hal/hcc/lib\libHCCD.a(fat.o)
                0x200232dc                fn_open
 .text.fn_delete
                0x20023320      0x490 C:/ISIS/workspace_ycube/GlobusSatProject/..//hal/hcc/lib\libHCCD.a(fat.o)
                0x20023320                fn_delete
 .text.hcc_mem_buf_alloc
                0x200237b0       0xe4 C:/ISIS/workspace_ycube/GlobusSatProject/..//hal/hcc/lib\libHCCD.a(psp_hcc_mem.o)
                0x200237b0                hcc_mem_buf_alloc
 .text.hcc_mem_buf_free
                0x20023894       0x6c C:/ISIS/workspace_ycube/GlobusSatProject/..//hal/hcc/lib\libHCCD.a(psp_hcc_mem.o)
                0x20023894                hcc_mem_buf_free
 .text.makeAntStransfer
                0x20023900       0x4c C:/ISIS/workspace_ycube/GlobusSatProject/..//satellite-subsystems/satellite-subsystems/lib\libSatelliteSubsystemsD.a(IsisAntS.o)
 .text.checkInputsValid
                0x2002394c       0x7c C:/ISIS/workspace_ycube/GlobusSatProject/..//satellite-subsystems/satellite-subsystems/lib\libSatelliteSubsystemsD.a(IsisAntS.o)
 .text.IsisAntS_initialize
                0x200239c8      0x26c C:/ISIS/workspace_ycube/GlobusSatProject/..//satellite-subsystems/satellite-subsystems/lib\libSatelliteSubsystemsD.a(IsisAntS.o)
                0x200239c8                IsisAntS_initialize
 .text.IsisAntS_setArmStatus
                0x20023c34      0x104 C:/ISIS/workspace_ycube/GlobusSatProject/..//satellite-subsystems/satellite-subsystems/lib\libSatelliteSubsystemsD.a(IsisAntS.o)
                0x20023c34                IsisAntS_setArmStatus
 .text.IsisAntS_getStatusData
                0x20023d38      0x120 C:/ISIS/workspace_ycube/GlobusSatProject/..//satellite-subsystems/satellite-subsystems/lib\libSatelliteSubsystemsD.a(IsisAntS.o)
                0x20023d38                IsisAntS_getStatusData
 .text.IsisAntS_getUptime
                0x20023e58      0x120 C:/ISIS/workspace_ycube/GlobusSatProject/..//satellite-subsystems/satellite-subsystems/lib\libSatelliteSubsystemsD.a(IsisAntS.o)
                0x20023e58                IsisAntS_getUptime
 .text.IsisAntS_getAlltelemetry
                0x20023f78      0x120 C:/ISIS/workspace_ycube/GlobusSatProject/..//satellite-subsystems/satellite-subsystems/lib\libSatelliteSubsystemsD.a(IsisAntS.o)
                0x20023f78                IsisAntS_getAlltelemetry
 .text.IsisAntS_reset
                0x20024098      0x104 C:/ISIS/workspace_ycube/GlobusSatProject/..//satellite-subsystems/satellite-subsystems/lib\libSatelliteSubsystemsD.a(IsisAntS.o)
                0x20024098                IsisAntS_reset
 .text.IsisAntS_cancelDeployment
                0x2002419c      0x104 C:/ISIS/workspace_ycube/GlobusSatProject/..//satellite-subsystems/satellite-subsystems/lib\libSatelliteSubsystemsD.a(IsisAntS.o)
                0x2002419c                IsisAntS_cancelDeployment
 .text.IsisSolarPanelv2_initialize
                0x200242a0       0xb4 C:/ISIS/workspace_ycube/GlobusSatProject/..//satellite-subsystems/satellite-subsystems/lib\libSatelliteSubsystemsD.a(IsisSolarPanelv2.o)
                0x200242a0                IsisSolarPanelv2_initialize
 .text.IsisSolarPanelv2_getTemperature
                0x20024354       0xc8 C:/ISIS/workspace_ycube/GlobusSatProject/..//satellite-subsystems/satellite-subsystems/lib\libSatelliteSubsystemsD.a(IsisSolarPanelv2.o)
                0x20024354                IsisSolarPanelv2_getTemperature
 .text.IsisSolarPanelv2_getState
                0x2002441c       0x24 C:/ISIS/workspace_ycube/GlobusSatProject/..//satellite-subsystems/satellite-subsystems/lib\libSatelliteSubsystemsD.a(IsisSolarPanelv2.o)
                0x2002441c                IsisSolarPanelv2_getState
 .text._Reset   0x20024440       0x20 C:/ISIS/workspace_ycube/GlobusSatProject/..//satellite-subsystems/satellite-subsystems/lib\libSatelliteSubsystemsD.a(IsisSolarPanelv2.o)
 .text._WaitForStartup
                0x20024460       0x90 C:/ISIS/workspace_ycube/GlobusSatProject/..//satellite-subsystems/satellite-subsystems/lib\libSatelliteSubsystemsD.a(IsisSolarPanelv2.o)
 .text._AssignAllChannels
                0x200244f0       0x90 C:/ISIS/workspace_ycube/GlobusSatProject/..//satellite-subsystems/satellite-subsystems/lib\libSatelliteSubsystemsD.a(IsisSolarPanelv2.o)
 .text._AssignThisChannel
                0x20024580       0xe8 C:/ISIS/workspace_ycube/GlobusSatProject/..//satellite-subsystems/satellite-subsystems/lib\libSatelliteSubsystemsD.a(IsisSolarPanelv2.o)
 .text._InitiateConversion
                0x20024668       0xac C:/ISIS/workspace_ycube/GlobusSatProject/..//satellite-subsystems/satellite-subsystems/lib\libSatelliteSubsystemsD.a(IsisSolarPanelv2.o)
 .text._WaitForConversionComplete
                0x20024714      0x100 C:/ISIS/workspace_ycube/GlobusSatProject/..//satellite-subsystems/satellite-subsystems/lib\libSatelliteSubsystemsD.a(IsisSolarPanelv2.o)
 .text._ReadResult
                0x20024814      0x158 C:/ISIS/workspace_ycube/GlobusSatProject/..//satellite-subsystems/satellite-subsystems/lib\libSatelliteSubsystemsD.a(IsisSolarPanelv2.o)
 .text._ExtractByte
                0x2002496c       0x38 C:/ISIS/workspace_ycube/GlobusSatProject/..//satellite-subsystems/satellite-subsystems/lib\libSatelliteSubsystemsD.a(IsisSolarPanelv2.o)
 .text._ExtendSign
                0x200249a4       0x6c C:/ISIS/workspace_ycube/GlobusSatProject/..//satellite-subsystems/satellite-subsystems/lib\libSatelliteSubsystemsD.a(IsisSolarPanelv2.o)
 .text._PinsInit
                0x20024a10       0x50 C:/ISIS/workspace_ycube/GlobusSatProject/..//satellite-subsystems/satellite-subsystems/lib\libSatelliteSubsystemsD.a(IsisSolarPanelv2.o)
 .text._SpiWriteRead
                0x20024a60       0x70 C:/ISIS/workspace_ycube/GlobusSatProject/..//satellite-subsystems/satellite-subsystems/lib\libSatelliteSubsystemsD.a(IsisSolarPanelv2.o)
 .text.IsisTrxvu_initialize
                0x20024ad0      0x2f4 C:/ISIS/workspace_ycube/GlobusSatProject/..//satellite-subsystems/satellite-subsystems/lib\libSatelliteSubsystemsD.a(IsisTRXVU.o)
                0x20024ad0                IsisTrxvu_initialize
 .text.makeTRXVUtransfer
                0x20024dc4       0x44 C:/ISIS/workspace_ycube/GlobusSatProject/..//satellite-subsystems/satellite-subsystems/lib\libSatelliteSubsystemsD.a(IsisTRXVU.o)
 .text.IsisTrxvu_componentSoftReset
                0x20024e08       0x6c C:/ISIS/workspace_ycube/GlobusSatProject/..//satellite-subsystems/satellite-subsystems/lib\libSatelliteSubsystemsD.a(IsisTRXVU.o)
                0x20024e08                IsisTrxvu_componentSoftReset
 .text.IsisTrxvu_componentHardReset
                0x20024e74       0xc8 C:/ISIS/workspace_ycube/GlobusSatProject/..//satellite-subsystems/satellite-subsystems/lib\libSatelliteSubsystemsD.a(IsisTRXVU.o)
                0x20024e74                IsisTrxvu_componentHardReset
 .text.IsisTrxvu_softReset
                0x20024f3c       0x74 C:/ISIS/workspace_ycube/GlobusSatProject/..//satellite-subsystems/satellite-subsystems/lib\libSatelliteSubsystemsD.a(IsisTRXVU.o)
                0x20024f3c                IsisTrxvu_softReset
 .text.IsisTrxvu_hardReset
                0x20024fb0       0x74 C:/ISIS/workspace_ycube/GlobusSatProject/..//satellite-subsystems/satellite-subsystems/lib\libSatelliteSubsystemsD.a(IsisTRXVU.o)
                0x20024fb0                IsisTrxvu_hardReset
 .text.IsisTrxvu_tcSendAX25DefClSign
                0x20025024       0xec C:/ISIS/workspace_ycube/GlobusSatProject/..//satellite-subsystems/satellite-subsystems/lib\libSatelliteSubsystemsD.a(IsisTRXVU.o)
                0x20025024                IsisTrxvu_tcSendAX25DefClSign
 .text.IsisTrxvu_tcSetIdlestate
                0x20025110       0xa4 C:/ISIS/workspace_ycube/GlobusSatProject/..//satellite-subsystems/satellite-subsystems/lib\libSatelliteSubsystemsD.a(IsisTRXVU.o)
                0x20025110                IsisTrxvu_tcSetIdlestate
 .text.IsisTrxvu_tcSetAx25Bitrate
                0x200251b4       0xc4 C:/ISIS/workspace_ycube/GlobusSatProject/..//satellite-subsystems/satellite-subsystems/lib\libSatelliteSubsystemsD.a(IsisTRXVU.o)
                0x200251b4                IsisTrxvu_tcSetAx25Bitrate
 .text.IsisTrxvu_tcGetUptime
                0x20025278       0xa0 C:/ISIS/workspace_ycube/GlobusSatProject/..//satellite-subsystems/satellite-subsystems/lib\libSatelliteSubsystemsD.a(IsisTRXVU.o)
                0x20025278                IsisTrxvu_tcGetUptime
 .text.IsisTrxvu_tcGetState
                0x20025318       0xd0 C:/ISIS/workspace_ycube/GlobusSatProject/..//satellite-subsystems/satellite-subsystems/lib\libSatelliteSubsystemsD.a(IsisTRXVU.o)
                0x20025318                IsisTrxvu_tcGetState
 .text.IsisTrxvu_tcGetTelemetryAll
                0x200253e8       0xd0 C:/ISIS/workspace_ycube/GlobusSatProject/..//satellite-subsystems/satellite-subsystems/lib\libSatelliteSubsystemsD.a(IsisTRXVU.o)
                0x200253e8                IsisTrxvu_tcGetTelemetryAll
 .text.IsisTrxvu_rcGetFrameCount
                0x200254b8       0xa0 C:/ISIS/workspace_ycube/GlobusSatProject/..//satellite-subsystems/satellite-subsystems/lib\libSatelliteSubsystemsD.a(IsisTRXVU.o)
                0x200254b8                IsisTrxvu_rcGetFrameCount
 .text.IsisTrxvu_rcGetCommandFrame
                0x20025558      0x2d8 C:/ISIS/workspace_ycube/GlobusSatProject/..//satellite-subsystems/satellite-subsystems/lib\libSatelliteSubsystemsD.a(IsisTRXVU.o)
                0x20025558                IsisTrxvu_rcGetCommandFrame
 .text.IsisTrxvu_rcGetTelemetryAll
                0x20025830       0xd0 C:/ISIS/workspace_ycube/GlobusSatProject/..//satellite-subsystems/satellite-subsystems/lib\libSatelliteSubsystemsD.a(IsisTRXVU.o)
                0x20025830                IsisTrxvu_rcGetTelemetryAll
 .text.IsisTrxvu_rcGetUptime
                0x20025900       0xa0 C:/ISIS/workspace_ycube/GlobusSatProject/..//satellite-subsystems/satellite-subsystems/lib\libSatelliteSubsystemsD.a(IsisTRXVU.o)
                0x20025900                IsisTrxvu_rcGetUptime
 .text.ISIS_EPS_Init
                0x200259a0       0xc8 C:/ISIS/workspace_ycube/GlobusSatProject/..//satellite-subsystems/satellite-subsystems/lib\libSatelliteSubsystemsD.a(isis_eps_driver.o)
                0x200259a0                ISIS_EPS_Init
 .text.isis_eps__reset__tmtc
                0x20025a68       0xe8 C:/ISIS/workspace_ycube/GlobusSatProject/..//satellite-subsystems/satellite-subsystems/lib\libSatelliteSubsystemsD.a(isis_eps_driver.o)
                0x20025a68                isis_eps__reset__tmtc
 .text.isis_eps__watchdog__tm
                0x20025b50       0xac C:/ISIS/workspace_ycube/GlobusSatProject/..//satellite-subsystems/satellite-subsystems/lib\libSatelliteSubsystemsD.a(isis_eps_driver.o)
                0x20025b50                isis_eps__watchdog__tm
 .text.isis_eps__getparameter__tmtc
                0x20025bfc       0xe8 C:/ISIS/workspace_ycube/GlobusSatProject/..//satellite-subsystems/satellite-subsystems/lib\libSatelliteSubsystemsD.a(isis_eps_driver.o)
                0x20025bfc                isis_eps__getparameter__tmtc
 .text.isis_eps__setparameter__tmtc
                0x20025ce4       0xe8 C:/ISIS/workspace_ycube/GlobusSatProject/..//satellite-subsystems/satellite-subsystems/lib\libSatelliteSubsystemsD.a(isis_eps_driver.o)
                0x20025ce4                isis_eps__setparameter__tmtc
 .text.isis_eps__gethousekeepingeng__tm
                0x20025dcc       0xac C:/ISIS/workspace_ycube/GlobusSatProject/..//satellite-subsystems/satellite-subsystems/lib\libSatelliteSubsystemsD.a(isis_eps_driver.o)
                0x20025dcc                isis_eps__gethousekeepingeng__tm
 .text.isis_eps__gethousekeepingengincdb__tm
                0x20025e78       0xac C:/ISIS/workspace_ycube/GlobusSatProject/..//satellite-subsystems/satellite-subsystems/lib\libSatelliteSubsystemsD.a(isis_eps_driver.o)
                0x20025e78                isis_eps__gethousekeepingengincdb__tm
 .text._I2C_Send
                0x20025f24       0x78 C:/ISIS/workspace_ycube/GlobusSatProject/..//satellite-subsystems/satellite-subsystems/lib\libSatelliteSubsystemsD.a(isis_eps_driver.o)
 .text.makeTRXCommonTransfer
                0x20025f9c       0x34 C:/ISIS/workspace_ycube/GlobusSatProject/..//satellite-subsystems/satellite-subsystems/lib\libSatelliteSubsystemsD.a(IsisTRXCommon.o)
 .text.IsisTrxCommon_componentReset
                0x20025fd0       0x68 C:/ISIS/workspace_ycube/GlobusSatProject/..//satellite-subsystems/satellite-subsystems/lib\libSatelliteSubsystemsD.a(IsisTRXCommon.o)
                0x20025fd0                IsisTrxCommon_componentReset
 .text.IsisTrxCommon_TxSendAX25DefClSign
                0x20026038       0xf4 C:/ISIS/workspace_ycube/GlobusSatProject/..//satellite-subsystems/satellite-subsystems/lib\libSatelliteSubsystemsD.a(IsisTRXCommon.o)
                0x20026038                IsisTrxCommon_TxSendAX25DefClSign
 .text.IsisTrxCommon_TxSetIdlestate
                0x2002612c       0x78 C:/ISIS/workspace_ycube/GlobusSatProject/..//satellite-subsystems/satellite-subsystems/lib\libSatelliteSubsystemsD.a(IsisTRXCommon.o)
                0x2002612c                IsisTrxCommon_TxSetIdlestate
 .text.IsisTrxCommon_TxSetAx25Bitrate
                0x200261a4       0x78 C:/ISIS/workspace_ycube/GlobusSatProject/..//satellite-subsystems/satellite-subsystems/lib\libSatelliteSubsystemsD.a(IsisTRXCommon.o)
                0x200261a4                IsisTrxCommon_TxSetAx25Bitrate
 .text.IsisTrxCommon_RxGetFrameCount
                0x2002621c       0x8c C:/ISIS/workspace_ycube/GlobusSatProject/..//satellite-subsystems/satellite-subsystems/lib\libSatelliteSubsystemsD.a(IsisTRXCommon.o)
                0x2002621c                IsisTrxCommon_RxGetFrameCount
 .text.IsisTrxCommon_GetUptime
                0x200262a8       0x8c C:/ISIS/workspace_ycube/GlobusSatProject/..//satellite-subsystems/satellite-subsystems/lib\libSatelliteSubsystemsD.a(IsisTRXCommon.o)
                0x200262a8                IsisTrxCommon_GetUptime
 .text.xQueueGenericReset
                0x20026334      0x150 C:/ISIS/workspace_ycube/GlobusSatProject/..//hal/freertos/lib\libFreeRTOSD.a(queue.o)
                0x20026334                xQueueGenericReset
 .text.xQueueGenericCreate
                0x20026484      0x108 C:/ISIS/workspace_ycube/GlobusSatProject/..//hal/freertos/lib\libFreeRTOSD.a(queue.o)
                0x20026484                xQueueGenericCreate
 .text.xQueueCreateMutex
                0x2002658c      0x11c C:/ISIS/workspace_ycube/GlobusSatProject/..//hal/freertos/lib\libFreeRTOSD.a(queue.o)
                0x2002658c                xQueueCreateMutex
 .text.xQueueGenericSend
                0x200266a8      0x298 C:/ISIS/workspace_ycube/GlobusSatProject/..//hal/freertos/lib\libFreeRTOSD.a(queue.o)
                0x200266a8                xQueueGenericSend
 .text.xQueueGenericSendFromISR
                0x20026940      0x1e0 C:/ISIS/workspace_ycube/GlobusSatProject/..//hal/freertos/lib\libFreeRTOSD.a(queue.o)
                0x20026940                xQueueGenericSendFromISR
 .text.xQueueGenericReceive
                0x20026b20      0x2cc C:/ISIS/workspace_ycube/GlobusSatProject/..//hal/freertos/lib\libFreeRTOSD.a(queue.o)
                0x20026b20                xQueueGenericReceive
 .text.uxQueueMessagesWaiting
                0x20026dec       0x6c C:/ISIS/workspace_ycube/GlobusSatProject/..//hal/freertos/lib\libFreeRTOSD.a(queue.o)
                0x20026dec                uxQueueMessagesWaiting
 .text.vQueueDelete
                0x20026e58       0x78 C:/ISIS/workspace_ycube/GlobusSatProject/..//hal/freertos/lib\libFreeRTOSD.a(queue.o)
                0x20026e58                vQueueDelete
 .text.prvCopyDataToQueue