Archive member included because of file (symbol)

C:/ISIS/workspace_ycube/GlobusSatProject/..//hal/hal/lib\libHALD.a(I2C.o)
                              ./src/SubSystemModules/Communication/SubsystemCommands/Maintanence_Commands.o (I2C_write)
C:/ISIS/workspace_ycube/GlobusSatProject/..//hal/hal/lib\libHALD.a(SPI.o)
                              ./src/InitSystem.o (SPI_start)
C:/ISIS/workspace_ycube/GlobusSatProject/..//hal/hal/lib\libHALD.a(FRAM.o)
                              ./src/SubSystemModules/Communication/SubsystemCommands/Maintanence_Commands.o (FRAM_start)
C:/ISIS/workspace_ycube/GlobusSatProject/..//hal/hal/lib\libHALD.a(Time.o)
                              ./src/InitSystem.o (Time_start)
C:/ISIS/workspace_ycube/GlobusSatProject/..//hal/hal/lib\libHALD.a(WatchDogTimerNoOS.o)
                              ./src/main.o (WDT_start)
C:/ISIS/workspace_ycube/GlobusSatProject/..//hal/hal/lib\libHALD.a(WatchDogTimerOS.o)
                              ./src/TestingDemos/MainTest.o (WDT_startWatchdogKickTask)
C:/ISIS/workspace_ycube/GlobusSatProject/..//hal/hal/lib\libHALD.a(util.o)
                              ./src/TestingDemos/CommandsTestingDemo.o (UTIL_DbguGetIntegerMinMax)
C:/ISIS/workspace_ycube/GlobusSatProject/..//hal/hal/lib\libHALD.a(LED.o)
                              C:/ISIS/workspace_ycube/GlobusSatProject/..//hal/hal/lib\libHALD.a(WatchDogTimerOS.o) (LED_toggle)
C:/ISIS/workspace_ycube/GlobusSatProject/..//hal/hal/lib\libHALD.a(RTC.o)
                              C:/ISIS/workspace_ycube/GlobusSatProject/..//hal/hal/lib\libHALD.a(Time.o) (RTC_getTime)
C:/ISIS/workspace_ycube/GlobusSatProject/..//hal/hal/lib\libHALD.a(RTT.o)
                              C:/ISIS/workspace_ycube/GlobusSatProject/..//hal/hal/lib\libHALD.a(Time.o) (RTT_start)
C:/ISIS/workspace_ycube/GlobusSatProject/..//hal/hcc/lib\libHCCD.a(fat_common.o)
                              ./src/TLM_management.o (fn_init)
C:/ISIS/workspace_ycube/GlobusSatProject/..//hal/hcc/lib\libHCCD.a(fat_m.o)
                              ./src/TLM_management.o (fm_initvolume)
C:/ISIS/workspace_ycube/GlobusSatProject/..//hal/hcc/lib\libHCCD.a(safefat.o)
                              C:/ISIS/workspace_ycube/GlobusSatProject/..//hal/hcc/lib\libHCCD.a(fat_common.o) (safe_fix_filelengths)
C:/ISIS/workspace_ycube/GlobusSatProject/..//hal/hcc/lib\libHCCD.a(atmel_mcipdc.o)
                              ./src/TLM_management.o (atmel_mcipdc_initfunc)
C:/ISIS/workspace_ycube/GlobusSatProject/..//hal/hcc/lib\libHCCD.a(oalp_mutex.o)
                              C:/ISIS/workspace_ycube/GlobusSatProject/..//hal/hcc/lib\libHCCD.a(fat_common.o) (oal_mutex_create)
C:/ISIS/workspace_ycube/GlobusSatProject/..//hal/hcc/lib\libHCCD.a(oalp_task.o)
                              C:/ISIS/workspace_ycube/GlobusSatProject/..//hal/hcc/lib\libHCCD.a(fat_common.o) (oal_task_get_id)
C:/ISIS/workspace_ycube/GlobusSatProject/..//hal/hcc/lib\libHCCD.a(atmel_mcipdc_hw.o)
                              C:/ISIS/workspace_ycube/GlobusSatProject/..//hal/hcc/lib\libHCCD.a(atmel_mcipdc.o) (mcipdc_hw_init)
C:/ISIS/workspace_ycube/GlobusSatProject/..//hal/hcc/lib\libHCCD.a(psp_rand.o)
                              C:/ISIS/workspace_ycube/GlobusSatProject/..//hal/hcc/lib\libHCCD.a(fat_common.o) (psp_getrand)
C:/ISIS/workspace_ycube/GlobusSatProject/..//hal/hcc/lib\libHCCD.a(psp_rtc.o)
                              C:/ISIS/workspace_ycube/GlobusSatProject/..//hal/hcc/lib\libHCCD.a(fat_common.o) (psp_getcurrenttimedate)
C:/ISIS/workspace_ycube/GlobusSatProject/..//hal/hcc/lib\libHCCD.a(hcc_mem.o)
                              C:/ISIS/workspace_ycube/GlobusSatProject/..//hal/hcc/lib\libHCCD.a(atmel_mcipdc.o) (hcc_mem_alloc)
C:/ISIS/workspace_ycube/GlobusSatProject/..//hal/hcc/lib\libHCCD.a(fat.o)
                              C:/ISIS/workspace_ycube/GlobusSatProject/..//hal/hcc/lib\libHCCD.a(fat_common.o) (_f_getdirsector)
C:/ISIS/workspace_ycube/GlobusSatProject/..//hal/hcc/lib\libHCCD.a(psp_hcc_mem.o)
                              C:/ISIS/workspace_ycube/GlobusSatProject/..//hal/hcc/lib\libHCCD.a(hcc_mem.o) (hcc_mem_buf_alloc)
C:/ISIS/workspace_ycube/satellite-subsystems/satellite-subsystems/lib\libSatelliteSubsystemsD.a(IsisAntS.o)
                              ./src/SubSystemModules/Communication/TRXVU.o (IsisAntS_initialize)
C:/ISIS/workspace_ycube/satellite-subsystems/satellite-subsystems/lib\libSatelliteSubsystemsD.a(IsisSolarPanelv2.o)
                              ./src/SubSystemModules/PowerManagment/EPS.o (IsisSolarPanelv2_initialize)
C:/ISIS/workspace_ycube/satellite-subsystems/satellite-subsystems/lib\libSatelliteSubsystemsD.a(IsisTRXVU.o)
                              ./src/TestingDemos/TrxvuTestingDemo.o (IsisTrxvu_initialize)
C:/ISIS/workspace_ycube/satellite-subsystems/satellite-subsystems/lib\libSatelliteSubsystemsD.a(isis_eps_driver.o)
[...]
Memory Configuration

Name             Origin             Length             Attributes
sram0            0x00200000         0x00004000         w !xr
sram1            0x00300000         0x00004000         w !xr
sdram            0x20000000         0x02000000         w !xr
*default*        0x00000000         0xffffffff

Linker script and memory map

LOAD c:/isis/application/toolchain/bin/../lib/gcc/arm-none-eabi/4.7.4/../../../../arm-none-eabi/lib\libc.a
LOAD ./src/TestingDemos/CommandsTestingDemo.o
LOAD ./src/TestingDemos/EpsTestingDemo.o
LOAD ./src/TestingDemos/FileSystemTestingDemo.o
LOAD ./src/TestingDemos/MainTest.o
LOAD ./src/TestingDemos/MaintenanceTestingDemo.o
LOAD ./src/TestingDemos/TelemetryTestingDemo.o
LOAD ./src/TestingDemos/TrxvuTestingDemo.o
LOAD ./src/SubSystemModules/PowerManagment/EPS.o
LOAD ./src/SubSystemModules/PowerManagment/EPSOperationModes.o
LOAD ./src/SubSystemModules/Maintenance/Maintenance.o
LOAD ./src/SubSystemModules/Housekepping/TelemetryCollector.o
LOAD ./src/SubSystemModules/Communication/SubsystemCommands/EPS_Commands.o
LOAD ./src/SubSystemModules/Communication/SubsystemCommands/FS_Commands.o
LOAD ./src/SubSystemModules/Communication/SubsystemCommands/Maintanence_Commands.o
LOAD ./src/SubSystemModules/Communication/SubsystemCommands/TRXVU_Commands.o
LOAD ./src/SubSystemModules/Communication/AckHandler.o
LOAD ./src/SubSystemModules/Communication/CommandDictionary.o
LOAD ./src/SubSystemModules/Communication/SatCommandHandler.o
LOAD ./src/SubSystemModules/Communication/TRXVU.o
LOAD ./src/InitSystem.o
LOAD ./src/TLM_management.o
LOAD ./src/main.o
LOAD ./src/utils.o
LOAD C:/ISIS/workspace_ycube/GlobusSatProject/..//hal/hal/lib\libHALD.a
LOAD C:/ISIS/workspace_ycube/GlobusSatProject/..//hal/hcc/lib\libHCCD.a
LOAD C:/ISIS/workspace_ycube/satellite-subsystems/satellite-subsystems/lib\libSatelliteSubsystemsD.a
LOAD C:/ISIS/workspace_ycube/GlobusSatProject/..//hal/freertos/lib\libFreeRTOSD.a
LOAD C:/ISIS/workspace_ycube/GlobusSatProject/..//hal/at91/lib\libAt91D.a
START GROUP
LOAD c:/isis/application/toolchain/bin/../lib/gcc/arm-none-eabi/4.7.4\libgcc.a
LOAD c:/isis/application/toolchain/bin/../lib/gcc/arm-none-eabi/4.7.4/../../../../arm-none-eabi/lib\libg.a
LOAD c:/isis/application/toolchain/bin/../lib/gcc/arm-none-eabi/4.7.4/../../../../arm-none-eabi/lib\libc.a
END GROUP

.fixed          0x20000000    0x3c970
                0x20000000                . = ALIGN (0x4)
                0x20000000                _sfixed = .
 *(.startup)
 .startup       0x20000000      0x14c C:/ISIS/workspace_ycube/GlobusSatProject/..//hal/at91/lib\libAt91D.a(board_cstartup.o)
                0x20000000                entry
 *(.text)
 .text          0x2000014c       0x64 C:/ISIS/workspace_ycube/GlobusSatProject/..//hal/at91/lib\libAt91D.a(cp15_asm.o)
                0x2000014c                _readControlRegister
                0x20000158                _writeControlRegister
                0x20000160                _waitForInterrupt
                0x2000016c                _writeTTB
                0x20000174                _writeDomain
                0x2000017c                _writeITLBLockdown
                0x20000184                _prefetchICacheLine
                0x2000018c                _flushDCache
                0x20000198                _flushWriteBuffer
                0x200001a4                _invalidateIDTLBs
 .text          0x200001b0      0x114 c:/isis/application/toolchain/bin/../lib/gcc/arm-none-eabi/4.7.4\libgcc.a(_udivsi3.o)
                0x200001b0                __aeabi_uidiv
                0x200001b0                __udivsi3
                0x200002a4                __aeabi_uidivmod
 .text          0x200002c4      0x148 c:/isis/application/toolchain/bin/../lib/gcc/arm-none-eabi/4.7.4\libgcc.a(_divsi3.o)
                0x200002c4                __divsi3
                0x200002c4                __aeabi_idiv
                0x200003ec                __aeabi_idivmod
 .text          0x2000040c        0x4 c:/isis/application/toolchain/bin/../lib/gcc/arm-none-eabi/4.7.4\libgcc.a(_dvmd_tls.o)
                0x2000040c                __aeabi_idiv0
                0x2000040c                __aeabi_ldiv0
 .text          0x20000410      0x41c c:/isis/application/toolchain/bin/../lib/gcc/arm-none-eabi/4.7.4\libgcc.a(_arm_addsubdf3.o)
                0x20000410                __aeabi_drsub
                0x20000418                __aeabi_dsub
                0x20000418                __subdf3
                0x2000041c                __aeabi_dadd
                0x2000041c                __adddf3
                0x2000072c                __floatunsidf
                0x2000072c                __aeabi_ui2d
                0x20000750                __floatsidf
                0x20000750                __aeabi_i2d
                0x20000778                __aeabi_f2d
                0x20000778                __extendsfdf2
                0x200007b8                __floatundidf
                0x200007b8                __aeabi_ul2d
                0x200007cc                __floatdidf
                0x200007cc                __aeabi_l2d
 .text          0x2000082c      0x49c c:/isis/application/toolchain/bin/../lib/gcc/arm-none-eabi/4.7.4\libgcc.a(_arm_muldivdf3.o)
                0x2000082c                __aeabi_dmul
                0x2000082c                __muldf3
                0x20000abc                __divdf3
                0x20000abc                __aeabi_ddiv
 .text          0x20000cc8      0x144 c:/isis/application/toolchain/bin/../lib/gcc/arm-none-eabi/4.7.4\libgcc.a(_arm_cmpdf2.o)
                0x20000cc8                __gtdf2
                0x20000cc8                __gedf2
                0x20000cd0                __ltdf2
                0x20000cd0                __ledf2
                0x20000cd8                __nedf2
                0x20000cd8                __eqdf2
                0x20000cd8                __cmpdf2
                0x20000d60                __aeabi_cdrcmple
                0x20000d7c                __aeabi_cdcmpeq
                0x20000d7c                __aeabi_cdcmple
                0x20000d94                __aeabi_dcmpeq
                0x20000dac                __aeabi_dcmplt
                0x20000dc4                __aeabi_dcmple
                0x20000ddc                __aeabi_dcmpge
                0x20000df4                __aeabi_dcmpgt
 .text          0x20000e0c      0x2ac c:/isis/application/toolchain/bin/../lib/gcc/arm-none-eabi/4.7.4\libgcc.a(_arm_addsubsf3.o)
                0x20000e0c                __aeabi_frsub
                0x20000e14                __subsf3
                0x20000e14                __aeabi_fsub
                0x20000e18                __aeabi_fadd
                0x20000e18                __addsf3
                0x20000fd4                __aeabi_ui2f
                0x20000fd4                __floatunsisf
                0x20000fdc                __aeabi_i2f
                0x20000fdc                __floatsisf
                0x20000ffc                __aeabi_ul2f
                0x20000ffc                __floatundisf
                0x2000100c                __aeabi_l2f
                0x2000100c                __floatdisf
 .text          0x200010b8      0x2f8 c:/isis/application/toolchain/bin/../lib/gcc/arm-none-eabi/4.7.4\libgcc.a(_arm_muldivsf3.o)
                0x200010b8                __mulsf3
                0x200010b8                __aeabi_fmul
                0x20001250                __aeabi_fdiv
                0x20001250                __divsf3
 .text          0x200013b0      0x114 c:/isis/application/toolchain/bin/../lib/gcc/arm-none-eabi/4.7.4\libgcc.a(_arm_cmpsf2.o)
                0x200013b0                __gesf2
                0x200013b0                __gtsf2
                0x200013b8                __lesf2
                0x200013b8                __ltsf2
                0x200013c0                __nesf2
                0x200013c0                __eqsf2
                0x200013c0                __cmpsf2
                0x20001424                __aeabi_cfrcmple
                0x20001434                __aeabi_cfcmpeq
                0x20001434                __aeabi_cfcmple
                0x2000144c                __aeabi_fcmpeq
                0x20001464                __aeabi_fcmplt
                0x2000147c                __aeabi_fcmple
                0x20001494                __aeabi_fcmpge
                0x200014ac                __aeabi_fcmpgt
 .text          0x200014c4       0x54 c:/isis/application/toolchain/bin/../lib/gcc/arm-none-eabi/4.7.4\libgcc.a(_arm_fixunssfsi.o)
                0x200014c4                __fixunssfsi
                0x200014c4                __aeabi_f2uiz
 .text          0x20001518       0x5c c:/isis/application/toolchain/bin/../lib/gcc/arm-none-eabi/4.7.4\libgcc.a(_arm_fixdfsi.o)
                0x20001518                __aeabi_d2iz
                0x20001518                __fixdfsi
 .text          0x20001574       0x3c c:/isis/application/toolchain/bin/../lib/gcc/arm-none-eabi/4.7.4\libgcc.a(_aeabi_uldivmod.o)
                0x20001574                __aeabi_uldivmod
 .text          0x200015b0       0x84 c:/isis/application/toolchain/bin/../lib/gcc/arm-none-eabi/4.7.4\libgcc.a(bpabi.o)
                0x200015b0                __gnu_ldivmod_helper
                0x200015f4                __gnu_uldivmod_helper
 .text          0x20001634      0x4f0 c:/isis/application/toolchain/bin/../lib/gcc/arm-none-eabi/4.7.4\libgcc.a(_divdi3.o)
                0x20001634                __divdi3
 .text          0x20001b24      0x488 c:/isis/application/toolchain/bin/../lib/gcc/arm-none-eabi/4.7.4\libgcc.a(_udivdi3.o)
                0x20001b24                __udivdi3
 .text          0x20001fac       0x48 c:/isis/application/toolchain/bin/../lib/gcc/arm-none-eabi/4.7.4\libgcc.a(_clzsi2.o)
                0x20001fac                __clzsi2
 *(.text*)
 .text.TestActUponCommand
                0x20001ff4      0x114 ./src/TestingDemos/CommandsTestingDemo.o
                0x20001ff4                TestActUponCommand
 .text.TestAssmbleCommand
                0x20002108      0x14c ./src/TestingDemos/CommandsTestingDemo.o
                0x20002108                TestAssmbleCommand
 .text.TestGetDelayedCommand
                0x20002254       0xa0 ./src/TestingDemos/CommandsTestingDemo.o
                0x20002254                TestGetDelayedCommand
 .text.TestAddDelayedCommand
                0x200022f4       0xd0 ./src/TestingDemos/CommandsTestingDemo.o
                0x200022f4                TestAddDelayedCommand
 .text.TestGetDelayedCommandBufferCount
                0x200023c4       0x54 ./src/TestingDemos/CommandsTestingDemo.o
                0x200023c4                TestGetDelayedCommandBufferCount
 .text.TestGetOnlineCommand
                0x20002418       0xc8 ./src/TestingDemos/CommandsTestingDemo.o
                0x20002418                TestGetOnlineCommand
 .text.TestDeleteDelayedCommandByIndex
                0x200024e0      0x1c0 ./src/TestingDemos/CommandsTestingDemo.o
                0x200024e0                TestDeleteDelayedCommandByIndex
 .text.TestDeleteDelayedBuffer
                0x200026a0      0x140 ./src/TestingDemos/CommandsTestingDemo.o
                0x200026a0                TestDeleteDelayedBuffer
 .text.selectAndExecuteCommandsDemoTest
                0x200027e0      0x170 ./src/TestingDemos/CommandsTestingDemo.o
                0x200027e0                selectAndExecuteCommandsDemoTest
 .text.MainCommandsTestBench
                0x20002950       0x44 ./src/TestingDemos/CommandsTestingDemo.o
                0x20002950                MainCommandsTestBench
 .text.TestEpsConditioning
                0x20002994      0x1e8 ./src/TestingDemos/EpsTestingDemo.o
                0x20002994                TestEpsConditioning
 .text.TestGetBatteryVoltage
                0x20002b7c       0x64 ./src/TestingDemos/EpsTestingDemo.o
                0x20002b7c                TestGetBatteryVoltage
 .text.TestUpdateThreshVoltages
                0x20002be0      0x170 ./src/TestingDemos/EpsTestingDemo.o
                0x20002be0                TestUpdateThreshVoltages
 .text.TestGetThreshVoltages
                0x20002d50       0xb0 ./src/TestingDemos/EpsTestingDemo.o
                0x20002d50                TestGetThreshVoltages
 .text.TestUpdateAlpha
                0x20002e00       0xd0 ./src/TestingDemos/EpsTestingDemo.o
                0x20002e00                TestUpdateAlpha
 .text.TestGetAlpha
                0x20002ed0       0x78 ./src/TestingDemos/EpsTestingDemo.o
                0x20002ed0                TestGetAlpha
 .text.TestRestoreDefaultAlpha
                0x20002f48       0xfc ./src/TestingDemos/EpsTestingDemo.o
                0x20002f48                TestRestoreDefaultAlpha
 .text.TestRestoreDefaultThresholdVoltages
                0x20003044      0x154 ./src/TestingDemos/EpsTestingDemo.o
                0x20003044                TestRestoreDefaultThresholdVoltages
 .text.selectAndExecuteEpsDemoTest
                0x20003198      0x174 ./src/TestingDemos/EpsTestingDemo.o
                0x20003198                selectAndExecuteEpsDemoTest
 .text.MainEpsTestBench
                0x2000330c       0x40 ./src/TestingDemos/EpsTestingDemo.o
                0x2000330c                MainEpsTestBench
 .text.TestlistFiels
                0x2000334c       0xa8 ./src/TestingDemos/FileSystemTestingDemo.o
                0x2000334c                TestlistFiels
 .text.TestLOGTLM
                0x200033f4      0x110 ./src/TestingDemos/FileSystemTestingDemo.o
                0x200033f4                TestLOGTLM
 .text.TestEPSTLM
                0x20003504       0xa8 ./src/TestingDemos/FileSystemTestingDemo.o
                0x20003504                TestEPSTLM
 .text.TestReadTimeRangeTLMRes
                0x200035ac      0x210 ./src/TestingDemos/FileSystemTestingDemo.o
                0x200035ac                TestReadTimeRangeTLMRes
 .text.TestReadTimeRangeTLM
                0x200037bc      0x178 ./src/TestingDemos/FileSystemTestingDemo.o
                0x200037bc                TestReadTimeRangeTLM
 .text.GenerateWODTLM
                0x20003934       0xd0 ./src/TestingDemos/FileSystemTestingDemo.o
                0x20003934                GenerateWODTLM
 .text.DeleteOldFiles
                0x20003a04      0x294 ./src/TestingDemos/FileSystemTestingDemo.o
                0x20003a04                DeleteOldFiles
 .text.CreateFiles4DeleteTest
                0x20003c98      0x100 ./src/TestingDemos/FileSystemTestingDemo.o
                0x20003c98                CreateFiles4DeleteTest
 .text.TestWODTLM
                0x20003d98       0xa8 ./src/TestingDemos/FileSystemTestingDemo.o
                0x20003d98                TestWODTLM
 .text.TestDeleteFiels
                0x20003e40      0x2b8 ./src/TestingDemos/FileSystemTestingDemo.o
                0x20003e40                TestDeleteFiels
 .text.TestReadMultiFiels
                0x200040f8      0x2ac ./src/TestingDemos/FileSystemTestingDemo.o
                0x200040f8                TestReadMultiFiels
 .text.TestTRXVUTLM
                0x200043a4      0x11c ./src/TestingDemos/FileSystemTestingDemo.o
                0x200043a4                TestTRXVUTLM
 .text.LogErrorRateTest
                0x200044c0      0x108 ./src/TestingDemos/FileSystemTestingDemo.o
                0x200044c0                LogErrorRateTest
 .text.selectAndExecuteFSTest
                0x200045c8      0x200 ./src/TestingDemos/FileSystemTestingDemo.o
                0x200045c8                selectAndExecuteFSTest
 .text.MainFileSystemTestBench
                0x200047c8       0x44 ./src/TestingDemos/FileSystemTestingDemo.o
                0x200047c8                MainFileSystemTestBench
 .text.selectAndExecuteTest
                0x2000480c      0x164 ./src/TestingDemos/MainTest.o
                0x2000480c                selectAndExecuteTest
 .text.taskTesting
                0x20004970       0x28 ./src/TestingDemos/MainTest.o
                0x20004970                taskTesting
 .text.printSDINfo
                0x20004998       0x84 ./src/TestingDemos/MaintenanceTestingDemo.o
                0x20004998                printSDINfo
 .text.changeFirstActivation
                0x20004a1c       0x84 ./src/TestingDemos/MaintenanceTestingDemo.o
                0x20004a1c                changeFirstActivation
 .text.selectAndExecuteMaintenanceDemoTest
                0x20004aa0      0x198 ./src/TestingDemos/MaintenanceTestingDemo.o
                0x20004aa0                selectAndExecuteMaintenanceDemoTest
 .text.MainMaintenanceTestBench
                0x20004c38       0x40 ./src/TestingDemos/MaintenanceTestingDemo.o
                0x20004c38                MainMaintenanceTestBench
 .text.MainTelemetryTestBench
                0x20004c78       0x1c ./src/TestingDemos/TelemetryTestingDemo.o
                0x20004c78                MainTelemetryTestBench
 .text.TestInitTrxvu
                0x20004c94       0x54 ./src/TestingDemos/TrxvuTestingDemo.o
                0x20004c94                TestInitTrxvu
 .text.TestInitTrxvuWithDifferentFrameLengths
                0x20004ce8      0x134 ./src/TestingDemos/TrxvuTestingDemo.o
                0x20004ce8                TestInitTrxvuWithDifferentFrameLengths
 .text.TestTrxvuLogic
                0x20004e1c       0xd4 ./src/TestingDemos/TrxvuTestingDemo.o
                0x20004e1c                TestTrxvuLogic
 .text.TestCheckTransmitionAllowed
                0x20004ef0       0xa4 ./src/TestingDemos/TrxvuTestingDemo.o
                0x20004ef0                TestCheckTransmitionAllowed
 .text.TestSendDumpAbortRequest
                0x20004f94       0x24 ./src/TestingDemos/TrxvuTestingDemo.o
                0x20004f94                TestSendDumpAbortRequest
 .text.TestTransmitDummySplPacket
                0x20004fb8       0xd4 ./src/TestingDemos/TrxvuTestingDemo.o
                0x20004fb8                TestTransmitDummySplPacket
 .text.TestTransmitSplPacket
                0x2000508c      0x1f8 ./src/TestingDemos/TrxvuTestingDemo.o
                0x2000508c                TestTransmitSplPacket
 .text.TestExitDump
                0x20005284       0x18 ./src/TestingDemos/TrxvuTestingDemo.o
                0x20005284                TestExitDump
 .text.TestDumpTelemetry
                0x2000529c       0xb0 ./src/TestingDemos/TrxvuTestingDemo.o
                0x2000529c                TestDumpTelemetry
 .text.TestRestoreDefaultBeaconParameters
                0x2000534c       0x1c ./src/TestingDemos/TrxvuTestingDemo.o
                0x2000534c                TestRestoreDefaultBeaconParameters
 .text.TestChooseDefaultBeaconCycle
                0x20005368       0xe0 ./src/TestingDemos/TrxvuTestingDemo.o
                0x20005368                TestChooseDefaultBeaconCycle
 .text.TestBeaconLogic
                0x20005448       0xd8 ./src/TestingDemos/TrxvuTestingDemo.o
                0x20005448                TestBeaconLogic
 .text.TestMuteTrxvu
                0x20005520       0x9c ./src/TestingDemos/TrxvuTestingDemo.o
                0x20005520                TestMuteTrxvu
 .text.TestUnMuteTrxvu
                0x200055bc       0x30 ./src/TestingDemos/TrxvuTestingDemo.o
                0x200055bc                TestUnMuteTrxvu
 .text.TestGetNumberOfFramesInBuffer
                0x200055ec       0x54 ./src/TestingDemos/TrxvuTestingDemo.o
                0x200055ec                TestGetNumberOfFramesInBuffer
 .text.TestSetTrxvuBitrate
                0x20005640       0xf0 ./src/TestingDemos/TrxvuTestingDemo.o
                0x20005640                TestSetTrxvuBitrate
 .text.TestGetTrxvuBitrate
                0x20005730       0xb0 ./src/TestingDemos/TrxvuTestingDemo.o
                0x20005730                TestGetTrxvuBitrate
 .text.TestTransmitDataAsSPL_Packet
                0x200057e0      0x114 ./src/TestingDemos/TrxvuTestingDemo.o
                0x200057e0                TestTransmitDataAsSPL_Packet
 .text.selectAndExecuteTrxvuDemoTest
                0x200058f4      0x28c ./src/TestingDemos/TrxvuTestingDemo.o
                0x200058f4                selectAndExecuteTrxvuDemoTest
 .text.MainTrxvuTestBench
                0x20005b80       0x44 ./src/TestingDemos/TrxvuTestingDemo.o
                0x20005b80                MainTrxvuTestBench
 .text.GetBatteryVoltage
                0x20005bc4       0x64 ./src/SubSystemModules/PowerManagment/EPS.o
                0x20005bc4                GetBatteryVoltage
 .text.EPS_Init
                0x20005c28       0xe0 ./src/SubSystemModules/PowerManagment/EPS.o
                0x20005c28                EPS_Init
 .text.EPS_Conditioning
                0x20005d08      0x1c4 ./src/SubSystemModules/PowerManagment/EPS.o
                0x20005d08                EPS_Conditioning
 .text.UpdateAlpha
                0x20005ecc       0xa8 ./src/SubSystemModules/PowerManagment/EPS.o
                0x20005ecc                UpdateAlpha
 .text.UpdateThresholdVoltages
                0x20005f74      0x204 ./src/SubSystemModules/PowerManagment/EPS.o
                0x20005f74                UpdateThresholdVoltages
 .text.GetThresholdVoltages
                0x20006178       0x70 ./src/SubSystemModules/PowerManagment/EPS.o
                0x20006178                GetThresholdVoltages
 .text.GetAlpha
                0x200061e8       0x6c ./src/SubSystemModules/PowerManagment/EPS.o
                0x200061e8                GetAlpha
 .text.RestoreDefaultAlpha
                0x20006254       0x50 ./src/SubSystemModules/PowerManagment/EPS.o
                0x20006254                RestoreDefaultAlpha
 .text.RestoreDefaultThresholdVoltages
                0x200062a4       0x6c ./src/SubSystemModules/PowerManagment/EPS.o
                0x200062a4                RestoreDefaultThresholdVoltages
 .text.EnterFullMode
                0x20006310       0x44 ./src/SubSystemModules/PowerManagment/EPSOperationModes.o
                0x20006310                EnterFullMode
 .text.EnterCruiseMode
                0x20006354       0x44 ./src/SubSystemModules/PowerManagment/EPSOperationModes.o
                0x20006354                EnterCruiseMode
 .text.EnterSafeMode
                0x20006398       0x44 ./src/SubSystemModules/PowerManagment/EPSOperationModes.o
                0x20006398                EnterSafeMode
 .text.EnterCriticalMode
                0x200063dc       0x44 ./src/SubSystemModules/PowerManagment/EPSOperationModes.o
                0x200063dc                EnterCriticalMode
 .text.GetSystemState
                0x20006420       0x24 ./src/SubSystemModules/PowerManagment/EPSOperationModes.o
                0x20006420                GetSystemState
 .text.GetSystemChannelState
                0x20006444       0x24 ./src/SubSystemModules/PowerManagment/EPSOperationModes.o
                0x20006444                GetSystemChannelState
 .text.EpsGetLowVoltageFlag
                0x20006468       0x24 ./src/SubSystemModules/PowerManagment/EPSOperationModes.o
                0x20006468                EpsGetLowVoltageFlag
 .text.EpsSetLowVoltageFlag
                0x2000648c       0x2c ./src/SubSystemModules/PowerManagment/EPSOperationModes.o
                0x2000648c                EpsSetLowVoltageFlag
 .text.CheckExecutionTime
                0x200064b8       0x78 ./src/SubSystemModules/Maintenance/Maintenance.o
                0x200064b8                CheckExecutionTime
 .text.SaveSatTimeInFRAM
                0x20006530       0x44 ./src/SubSystemModules/Maintenance/Maintenance.o
                0x20006530                SaveSatTimeInFRAM
 .text.WakeupFromResetCMD
                0x20006574      0x120 ./src/SubSystemModules/Maintenance/Maintenance.o
                0x20006574                WakeupFromResetCMD
 .text.ResetGroundCommWDT
                0x20006694       0x1c ./src/SubSystemModules/Maintenance/Maintenance.o
                0x20006694                ResetGroundCommWDT
 .text.DeleteOldFiels
                0x200066b0      0x33c ./src/SubSystemModules/Maintenance/Maintenance.o
                0x200066b0                DeleteOldFiels
 .text.InitSavePeriodTimes
                0x200069ec       0xc0 ./src/SubSystemModules/Housekepping/TelemetryCollector.o
                0x200069ec                InitSavePeriodTimes
 .text.TelemetryCollectorLogic
                0x20006aac      0x1f0 ./src/SubSystemModules/Housekepping/TelemetryCollector.o
                0x20006aac                TelemetryCollectorLogic
 .text.TelemetrySaveEPS
                0x20006c9c       0xf4 ./src/SubSystemModules/Housekepping/TelemetryCollector.o
                0x20006c9c                TelemetrySaveEPS
 .text.TelemetrySaveTRXVU
                0x20006d90       0x84 ./src/SubSystemModules/Housekepping/TelemetryCollector.o
                0x20006d90                TelemetrySaveTRXVU
 .text.TelemetrySaveANT
                0x20006e14       0xa4 ./src/SubSystemModules/Housekepping/TelemetryCollector.o
                0x20006e14                TelemetrySaveANT
 .text.TelemetrySaveSolarPanels
                0x20006eb8      0x1c4 ./src/SubSystemModules/Housekepping/TelemetryCollector.o
                0x20006eb8                TelemetrySaveSolarPanels
 .text.TelemetrySaveWOD
                0x2000707c       0xa0 ./src/SubSystemModules/Housekepping/TelemetryCollector.o
                0x2000707c                TelemetrySaveWOD
 .text.GetCurrentWODTelemetry
                0x2000711c      0x4b0 ./src/SubSystemModules/Housekepping/TelemetryCollector.o
                0x2000711c                GetCurrentWODTelemetry
 .text.CMD_DeleteTLM
                0x200075cc      0x1f4 ./src/SubSystemModules/Communication/SubsystemCommands/FS_Commands.o
                0x200075cc                CMD_DeleteTLM
 .text.CMD_GenericI2C
                0x200077c0      0x118 ./src/SubSystemModules/Communication/SubsystemCommands/Maintanence_Commands.o
                0x200077c0                CMD_GenericI2C
 .text.CMD_FRAM_ReadAndTransmitt
                0x200078d8      0x108 ./src/SubSystemModules/Communication/SubsystemCommands/Maintanence_Commands.o
                0x200078d8                CMD_FRAM_ReadAndTransmitt
 .text.CMD_FRAM_WriteAndTransmitt
                0x200079e0      0x12c ./src/SubSystemModules/Communication/SubsystemCommands/Maintanence_Commands.o
                0x200079e0                CMD_FRAM_WriteAndTransmitt
 .text.CMD_UpdateSatTime
                0x20007b0c       0x94 ./src/SubSystemModules/Communication/SubsystemCommands/Maintanence_Commands.o
                0x20007b0c                CMD_UpdateSatTime
 .text.CMD_ResetComponent
                0x20007ba0      0x258 ./src/SubSystemModules/Communication/SubsystemCommands/Maintanence_Commands.o
                0x20007ba0                CMD_ResetComponent
 .text.DumpTask
                0x20007df8      0x2cc ./src/SubSystemModules/Communication/SubsystemCommands/TRXVU_Commands.o
                0x20007df8                DumpTask
 .text.CMD_AntennaDeploy
                0x200080c4       0xb4 ./src/SubSystemModules/Communication/SubsystemCommands/TRXVU_Commands.o
                0x200080c4                CMD_AntennaDeploy
 .text.CMD_StartDump
                0x20008178      0x1ec ./src/SubSystemModules/Communication/SubsystemCommands/TRXVU_Commands.o
                0x20008178                CMD_StartDump
 .text.CMD_SendDumpAbortRequest
                0x20008364       0x24 ./src/SubSystemModules/Communication/SubsystemCommands/TRXVU_Commands.o
                0x20008364                CMD_SendDumpAbortRequest
 .text.CMD_ForceDumpAbort
                0x20008388       0x24 ./src/SubSystemModules/Communication/SubsystemCommands/TRXVU_Commands.o
                0x20008388                CMD_ForceDumpAbort
 .text.CMD_MuteTRXVU
                0x200083ac       0x70 ./src/SubSystemModules/Communication/SubsystemCommands/TRXVU_Commands.o
                0x200083ac                CMD_MuteTRXVU
 .text.CMD_SetIdleState
                0x2000841c       0x70 ./src/SubSystemModules/Communication/SubsystemCommands/TRXVU_Commands.o
                0x2000841c                CMD_SetIdleState
 .text.CMD_UnMuteTRXVU
                0x2000848c       0x24 ./src/SubSystemModules/Communication/SubsystemCommands/TRXVU_Commands.o
                0x2000848c                CMD_UnMuteTRXVU
 .text.CMD_GetBaudRate
                0x200084b0       0x78 ./src/SubSystemModules/Communication/SubsystemCommands/TRXVU_Commands.o
                0x200084b0                CMD_GetBaudRate
 .text.CMD_GetBeaconInterval
                0x20008528       0x60 ./src/SubSystemModules/Communication/SubsystemCommands/TRXVU_Commands.o
                0x20008528                CMD_GetBeaconInterval
 .text.CMD_SetBaudRate
                0x20008588       0x3c ./src/SubSystemModules/Communication/SubsystemCommands/TRXVU_Commands.o
                0x20008588                CMD_SetBaudRate
 .text.CMD_GetTxUptime
                0x200085c4       0x58 ./src/SubSystemModules/Communication/SubsystemCommands/TRXVU_Commands.o
                0x200085c4                CMD_GetTxUptime
 .text.CMD_GetRxUptime
                0x2000861c       0x58 ./src/SubSystemModules/Communication/SubsystemCommands/TRXVU_Commands.o
                0x2000861c                CMD_GetRxUptime
 .text.CMD_GetNumOfOnlineCommands
                0x20008674       0x58 ./src/SubSystemModules/Communication/SubsystemCommands/TRXVU_Commands.o
                0x20008674                CMD_GetNumOfOnlineCommands
 .text.CMD_AntSetArmStatus
                0x200086cc       0x80 ./src/SubSystemModules/Communication/SubsystemCommands/TRXVU_Commands.o
                0x200086cc                CMD_AntSetArmStatus
 .text.CMD_AntGetArmStatus
                0x2000874c       0x64 ./src/SubSystemModules/Communication/SubsystemCommands/TRXVU_Commands.o
                0x2000874c                CMD_AntGetArmStatus
 .text.CMD_AntGetUptime
                0x200087b0       0x6c ./src/SubSystemModules/Communication/SubsystemCommands/TRXVU_Commands.o
                0x200087b0                CMD_AntGetUptime
 .text.CMD_AntCancelDeployment
                0x2000881c       0x48 ./src/SubSystemModules/Communication/SubsystemCommands/TRXVU_Commands.o
                0x2000881c                CMD_AntCancelDeployment
 .text.SendAckPacket
                0x20008864       0xe0 ./src/SubSystemModules/Communication/AckHandler.o
                0x20008864                SendAckPacket
 .text.trxvu_command_router
                0x20008944      0x4bc ./src/SubSystemModules/Communication/CommandDictionary.o
                0x20008944                trxvu_command_router
 .text.eps_command_router
                0x20008e00       0x94 ./src/SubSystemModules/Communication/CommandDictionary.o
                0x20008e00                eps_command_router
 .text.telemetry_command_router
                0x20008e94       0x90 ./src/SubSystemModules/Communication/CommandDictionary.o
                0x20008e94                telemetry_command_router
 .text.managment_command_router
                0x20008f24      0x104 ./src/SubSystemModules/Communication/CommandDictionary.o
                0x20008f24                managment_command_router
 .text.filesystem_command_router
                0x20009028       0x24 ./src/SubSystemModules/Communication/CommandDictionary.o
                0x20009028                filesystem_command_router
 .text.ParseDataToCommand
                0x2000904c      0x1ac ./src/SubSystemModules/Communication/SatCommandHandler.o
                0x2000904c                ParseDataToCommand
 .text.AssembleCommand
                0x200091f8      0x150 ./src/SubSystemModules/Communication/SatCommandHandler.o
                0x200091f8                AssembleCommand
 .text.GetDelayedCommand
                0x20009348       0x24 ./src/SubSystemModules/Communication/SatCommandHandler.o
                0x20009348                GetDelayedCommand
 .text.AddDelayedCommand
                0x2000936c       0x24 ./src/SubSystemModules/Communication/SatCommandHandler.o
                0x2000936c                AddDelayedCommand
 .text.GetDelayedCommandBufferCount
                0x20009390       0x50 ./src/SubSystemModules/Communication/SatCommandHandler.o
                0x20009390                GetDelayedCommandBufferCount
 .text.GetDelayedCommandByIndex
                0x200093e0       0x28 ./src/SubSystemModules/Communication/SatCommandHandler.o
                0x200093e0                GetDelayedCommandByIndex
 .text.DeleteDelayedCommandByIndex
                0x20009408       0x24 ./src/SubSystemModules/Communication/SatCommandHandler.o
                0x20009408                DeleteDelayedCommandByIndex
 .text.DeleteDelayedBuffer
                0x2000942c       0x1c ./src/SubSystemModules/Communication/SatCommandHandler.o
                0x2000942c                DeleteDelayedBuffer
 .text.ActUponCommand
                0x20009448       0xd0 ./src/SubSystemModules/Communication/SatCommandHandler.o
                0x20009448                ActUponCommand
 .text.InitTxModule
                0x20009518       0x68 ./src/SubSystemModules/Communication/TRXVU.o
                0x20009518                InitTxModule
 .text.CMD_SetBeaconInterval
                0x20009580       0x98 ./src/SubSystemModules/Communication/TRXVU.o
                0x20009580                CMD_SetBeaconInterval
 .text.InitBeaconParams
                0x20009618       0x3c ./src/SubSystemModules/Communication/TRXVU.o
                0x20009618                InitBeaconParams
 .text.InitSemaphores
                0x20009654       0x98 ./src/SubSystemModules/Communication/TRXVU.o
                0x20009654                InitSemaphores
 .text.InitTrxvu
                0x200096ec      0x110 ./src/SubSystemModules/Communication/TRXVU.o
                0x200096ec                InitTrxvu
 .text.checkIdleFinish
                0x200097fc       0x68 ./src/SubSystemModules/Communication/TRXVU.o
                0x200097fc                checkIdleFinish
 .text.TRX_Logic
                0x20009864       0xc4 ./src/SubSystemModules/Communication/TRXVU.o
                0x20009864                TRX_Logic
 .text.GetNumberOfFramesInBuffer
                0x20009928       0x54 ./src/SubSystemModules/Communication/TRXVU.o
                0x20009928                GetNumberOfFramesInBuffer
 .text.GetOnlineCommand
                0x2000997c      0x128 ./src/SubSystemModules/Communication/TRXVU.o
                0x2000997c                GetOnlineCommand
 .text.CheckTransmitionAllowed
                0x20009aa4       0xc4 ./src/SubSystemModules/Communication/TRXVU.o
                0x20009aa4                CheckTransmitionAllowed
 .text.FinishDump
                0x20009b68       0xac ./src/SubSystemModules/Communication/TRXVU.o
                0x20009b68                FinishDump
 .text.AbortDump
                0x20009c14       0x30 ./src/SubSystemModules/Communication/TRXVU.o
                0x20009c14                AbortDump
 .text.SendDumpAbortRequest
                0x20009c44       0xc0 ./src/SubSystemModules/Communication/TRXVU.o
                0x20009c44                SendDumpAbortRequest
 .text.BeaconLogic
                0x20009d04      0x1e0 ./src/SubSystemModules/Communication/TRXVU.o
                0x20009d04                BeaconLogic
 .text.SetIdleState
                0x20009ee4       0xac ./src/SubSystemModules/Communication/TRXVU.o
                0x20009ee4                SetIdleState
 .text.muteTRXVU
                0x20009f90       0x70 ./src/SubSystemModules/Communication/TRXVU.o
                0x20009f90                muteTRXVU
 .text.UnMuteTRXVU
                0x2000a000       0x24 ./src/SubSystemModules/Communication/TRXVU.o
                0x2000a000                UnMuteTRXVU
 .text.TransmitDataAsSPL_Packet
                0x2000a024      0x104 ./src/SubSystemModules/Communication/TRXVU.o
                0x2000a024                TransmitDataAsSPL_Packet
 .text.TransmitSplPacket
                0x2000a128      0x1b4 ./src/SubSystemModules/Communication/TRXVU.o
                0x2000a128                TransmitSplPacket
 .text.isFirstActivation
                0x2000a2dc       0x38 ./src/InitSystem.o
                0x2000a2dc                isFirstActivation
 .text.WriteDefaultValuesToFRAM
                0x2000a314      0x190 ./src/InitSystem.o
                0x2000a314                WriteDefaultValuesToFRAM
 .text.StartFRAM
                0x2000a4a4       0x24 ./src/InitSystem.o
                0x2000a4a4                StartFRAM
 .text.StartI2C
                0x2000a4c8       0x30 ./src/InitSystem.o
                0x2000a4c8                StartI2C
 .text.StartSPI
                0x2000a4f8       0x2c ./src/InitSystem.o
                0x2000a4f8                StartSPI
 .text.StartTIME
                0x2000a524       0xb0 ./src/InitSystem.o
                0x2000a524                StartTIME
 .text.DeploySystem
                0x2000a5d4      0x130 ./src/InitSystem.o
                0x2000a5d4                DeploySystem
 .text.InitSubsystems
                0x2000a704       0x48 ./src/InitSystem.o
                0x2000a704                InitSubsystems
 .text.delete_allTMFilesFromSD
                0x2000a74c       0x58 ./src/TLM_management.o
                0x2000a74c                delete_allTMFilesFromSD
 .text.deleteTLMFiles
                0x2000a7a4       0x94 ./src/TLM_management.o
                0x2000a7a4                deleteTLMFiles
 .text.deleteTLMFile
                0x2000a838       0xc0 ./src/TLM_management.o
                0x2000a838                deleteTLMFile
 .text.InitializeFS
                0x2000a8f8       0xd0 ./src/TLM_management.o
                0x2000a8f8                InitializeFS
 .text.calculateFileName
                0x2000a9c8      0x108 ./src/TLM_management.o
                0x2000a9c8                calculateFileName
 .text.getTlmTypeInfo
                0x2000aad0      0x230 ./src/TLM_management.o
                0x2000aad0                getTlmTypeInfo
 .text.write2File
                0x2000ad00      0x150 ./src/TLM_management.o
                0x2000ad00                write2File
 .text.printTLM
                0x2000ae50      0x648 ./src/TLM_management.o
                0x2000ae50                printTLM
 .text.readTLMFile
                0x2000b498      0x2ec ./src/TLM_management.o
                0x2000b498                readTLMFile
 .text.readTLMFiles
                0x2000b784       0x9c ./src/TLM_management.o
                0x2000b784                readTLMFiles
 .text.readTLMFileTimeRange
                0x2000b820      0x2e8 ./src/TLM_management.o
                0x2000b820                readTLMFileTimeRange
 .text.DeInitializeFS
                0x2000bb08       0x14 ./src/TLM_management.o
                0x2000bb08                DeInitializeFS
 .text.main     0x2000bb1c       0x98 ./src/main.o
                0x2000bb1c                main
 .text.timeU2time
                0x2000bbb4       0xbc ./src/utils.o
                0x2000bbb4                timeU2time
 .text.logError
                0x2000bc70      0x140 ./src/utils.o
                0x2000bc70                logError
 .text.validateTransferParameters
                0x2000bdb0      0x10c C:/ISIS/workspace_ycube/GlobusSatProject/..//hal/hal/lib\libHALD.a(I2C.o)
 .text.I2C_queueTransfer
                0x2000bebc       0xfc C:/ISIS/workspace_ycube/GlobusSatProject/..//hal/hal/lib\libHALD.a(I2C.o)
                0x2000bebc                I2C_queueTransfer
 .text.I2C_internalCallback
                0x2000bfb8       0x64 C:/ISIS/workspace_ycube/GlobusSatProject/..//hal/hal/lib\libHALD.a(I2C.o)
 .text.I2C_doBlockingTransfer
                0x2000c01c      0x180 C:/ISIS/workspace_ycube/GlobusSatProject/..//hal/hal/lib\libHALD.a(I2C.o)
 .text.I2C_write
                0x2000c19c      0x110 C:/ISIS/workspace_ycube/GlobusSatProject/..//hal/hal/lib\libHALD.a(I2C.o)
                0x2000c19c                I2C_write
 .text.I2C_read
                0x2000c2ac      0x110 C:/ISIS/workspace_ycube/GlobusSatProject/..//hal/hal/lib\libHALD.a(I2C.o)
                0x2000c2ac                I2C_read
 .text.I2C_writeRead
                0x2000c3bc      0x17c C:/ISIS/workspace_ycube/GlobusSatProject/..//hal/hal/lib\libHALD.a(I2C.o)
                0x2000c3bc                I2C_writeRead
 .text.I2C_start
                0x2000c538      0x2e8 C:/ISIS/workspace_ycube/GlobusSatProject/..//hal/hal/lib\libHALD.a(I2C.o)
                0x2000c538                I2C_start
 .text.I2C_stop
                0x2000c820      0x184 C:/ISIS/workspace_ycube/GlobusSatProject/..//hal/hal/lib\libHALD.a(I2C.o)
                0x2000c820                I2C_stop
 .text.I2C_setTransferTimeout
                0x2000c9a4       0x48 C:/ISIS/workspace_ycube/GlobusSatProject/..//hal/hal/lib\libHALD.a(I2C.o)
                0x2000c9a4                I2C_setTransferTimeout
 .text.clearPDCtransfers
                0x2000c9ec       0xe8 C:/ISIS/workspace_ycube/GlobusSatProject/..//hal/hal/lib\libHALD.a(SPI.o)
 .text.SPI_start
                0x2000cad4      0x4b0 C:/ISIS/workspace_ycube/GlobusSatProject/..//hal/hal/lib\libHALD.a(SPI.o)
                0x2000cad4                SPI_start
 .text.SPI_stop
                0x2000cf84      0x244 C:/ISIS/workspace_ycube/GlobusSatProject/..//hal/hal/lib\libHALD.a(SPI.o)
                0x2000cf84                SPI_stop
 .text.SPI_queueTransfer
                0x2000d1c8      0x1cc C:/ISIS/workspace_ycube/GlobusSatProject/..//hal/hal/lib\libHALD.a(SPI.o)
                0x2000d1c8                SPI_queueTransfer
 .text.SPI_internalCallback
                0x2000d394       0x64 C:/ISIS/workspace_ycube/GlobusSatProject/..//hal/hal/lib\libHALD.a(SPI.o)
 .text.SPI_writeRead
                0x2000d3f8      0x1c0 C:/ISIS/workspace_ycube/GlobusSatProject/..//hal/hal/lib\libHALD.a(SPI.o)
                0x2000d3f8                SPI_writeRead
 .text.waitForTransfer
                0x2000d5b8       0x78 C:/ISIS/workspace_ycube/GlobusSatProject/..//hal/hal/lib\libHALD.a(SPI.o)
 .text.SPI_getDriverState
                0x2000d630       0x58 C:/ISIS/workspace_ycube/GlobusSatProject/..//hal/hal/lib\libHALD.a(SPI.o)
                0x2000d630                SPI_getDriverState
 .text.FRAM_start
                0x2000d688      0x120 C:/ISIS/workspace_ycube/GlobusSatProject/..//hal/hal/lib\libHALD.a(FRAM.o)
                0x2000d688                FRAM_start
 .text.FRAM_dummyCallback
                0x2000d7a8       0x24 C:/ISIS/workspace_ycube/GlobusSatProject/..//hal/hal/lib\libHALD.a(FRAM.o)
                0x2000d7a8                FRAM_dummyCallback
 .text.FRAM_unlockingCallback
                0x2000d7cc       0x64 C:/ISIS/workspace_ycube/GlobusSatProject/..//hal/hal/lib\libHALD.a(FRAM.o)
                0x2000d7cc                FRAM_unlockingCallback
 .text.doBlockingTransfer
                0x2000d830       0x78 C:/ISIS/workspace_ycube/GlobusSatProject/..//hal/hal/lib\libHALD.a(FRAM.o)
 .text.FRAM_writePacket
                0x2000d8a8      0x144 C:/ISIS/workspace_ycube/GlobusSatProject/..//hal/hal/lib\libHALD.a(FRAM.o)
 .text.FRAM_write
                0x2000d9ec      0x1d8 C:/ISIS/workspace_ycube/GlobusSatProject/..//hal/hal/lib\libHALD.a(FRAM.o)
                0x2000d9ec                FRAM_write
 .text.FRAM_readPacket
                0x2000dbc4       0xf0 C:/ISIS/workspace_ycube/GlobusSatProject/..//hal/hal/lib\libHALD.a(FRAM.o)
 .text.FRAM_read
                0x2000dcb4      0x1e4 C:/ISIS/workspace_ycube/GlobusSatProject/..//hal/hal/lib\libHALD.a(FRAM.o)
                0x2000dcb4                FRAM_read
 .text.Time_start
                0x2000de98      0x150 C:/ISIS/workspace_ycube/GlobusSatProject/..//hal/hal/lib\libHALD.a(Time.o)
                0x2000de98                Time_start
 .text.taskTimeSync
                0x2000dfe8       0x38 C:/ISIS/workspace_ycube/GlobusSatProject/..//hal/hal/lib\libHALD.a(Time.o)
 .text.Time_convertEpochToTime
                0x2000e020       0xf4 C:/ISIS/workspace_ycube/GlobusSatProject/..//hal/hal/lib\libHALD.a(Time.o)
                0x2000e020                Time_convertEpochToTime
 .text.Time_populateSecondsOfYear
                0x2000e114      0x188 C:/ISIS/workspace_ycube/GlobusSatProject/..//hal/hal/lib\libHALD.a(Time.o)
 .text.Time_set
                0x2000e29c      0x110 C:/ISIS/workspace_ycube/GlobusSatProject/..//hal/hal/lib\libHALD.a(Time.o)
                0x2000e29c                Time_set
 .text.Time_isLeapYear
                0x2000e3ac       0x98 C:/ISIS/workspace_ycube/GlobusSatProject/..//hal/hal/lib\libHALD.a(Time.o)
                0x2000e3ac                Time_isLeapYear
 .text.Time_get
                0x2000e444      0x410 C:/ISIS/workspace_ycube/GlobusSatProject/..//hal/hal/lib\libHALD.a(Time.o)
                0x2000e444                Time_get
 .text.Time_getUnixEpoch
                0x2000e854       0xf4 C:/ISIS/workspace_ycube/GlobusSatProject/..//hal/hal/lib\libHALD.a(Time.o)
                0x2000e854                Time_getUnixEpoch
 .text.Time_secondsOfYearToTime
                0x2000e948      0x328 C:/ISIS/workspace_ycube/GlobusSatProject/..//hal/hal/lib\libHALD.a(Time.o)
 .text.Time_setUnixEpoch
                0x2000ec70       0x54 C:/ISIS/workspace_ycube/GlobusSatProject/..//hal/hal/lib\libHALD.a(Time.o)
                0x2000ec70                Time_setUnixEpoch
 .text.Time_getUptimeSeconds
                0x2000ecc4       0x28 C:/ISIS/workspace_ycube/GlobusSatProject/..//hal/hal/lib\libHALD.a(Time.o)
                0x2000ecc4                Time_getUptimeSeconds
 .text.Time_sync
                0x2000ecec      0x2d8 C:/ISIS/workspace_ycube/GlobusSatProject/..//hal/hal/lib\libHALD.a(Time.o)
                0x2000ecec                Time_sync
 .text.Time_syncIfNeeded
                0x2000efc4       0x90 C:/ISIS/workspace_ycube/GlobusSatProject/..//hal/hal/lib\libHALD.a(Time.o)
                0x2000efc4                Time_syncIfNeeded
 .text.Time_setSyncInterval
                0x2000f054       0x38 C:/ISIS/workspace_ycube/GlobusSatProject/..//hal/hal/lib\libHALD.a(Time.o)
                0x2000f054                Time_setSyncInterval
 .text.WDT_start
                0x2000f08c       0x48 C:/ISIS/workspace_ycube/GlobusSatProject/..//hal/hal/lib\libHALD.a(WatchDogTimerNoOS.o)
                0x2000f08c                WDT_start
 .text.WDT_startWatchdogKickTask
                0x2000f0d4       0xb4 C:/ISIS/workspace_ycube/GlobusSatProject/..//hal/hal/lib\libHALD.a(WatchDogTimerOS.o)
                0x2000f0d4                WDT_startWatchdogKickTask
 .text.WDT_forceKickEveryNms
                0x2000f188       0x50 C:/ISIS/workspace_ycube/GlobusSatProject/..//hal/hal/lib\libHALD.a(WatchDogTimerOS.o)
                0x2000f188                WDT_forceKickEveryNms
 .text.UTIL_DbguGetInteger
                0x2000f1d8      0x12c C:/ISIS/workspace_ycube/GlobusSatProject/..//hal/hal/lib\libHALD.a(util.o)
                0x2000f1d8                UTIL_DbguGetInteger
 .text.UTIL_DbguGetIntegerMinMax
                0x2000f304       0xa4 C:/ISIS/workspace_ycube/GlobusSatProject/..//hal/hal/lib\libHALD.a(util.o)
                0x2000f304                UTIL_DbguGetIntegerMinMax
 .text.LED_glow
                0x2000f3a8       0x58 C:/ISIS/workspace_ycube/GlobusSatProject/..//hal/hal/lib\libHALD.a(LED.o)
                0x2000f3a8                LED_glow
 .text.LED_dark
                0x2000f400       0x58 C:/ISIS/workspace_ycube/GlobusSatProject/..//hal/hal/lib\libHALD.a(LED.o)
                0x2000f400                LED_dark
 .text.LED_toggle
                0x2000f458       0x50 C:/ISIS/workspace_ycube/GlobusSatProject/..//hal/hal/lib\libHALD.a(LED.o)
                0x2000f458                LED_toggle
 .text.RTC_start
                0x2000f4a8       0x3c C:/ISIS/workspace_ycube/GlobusSatProject/..//hal/hal/lib\libHALD.a(RTC.o)
                0x2000f4a8                RTC_start
 .text.RTC_setTime
                0x2000f4e4      0x2a4 C:/ISIS/workspace_ycube/GlobusSatProject/..//hal/hal/lib\libHALD.a(RTC.o)
                0x2000f4e4                RTC_setTime
 .text.RTC_getTime
                0x2000f788      0x224 C:/ISIS/workspace_ycube/GlobusSatProject/..//hal/hal/lib\libHALD.a(RTC.o)
                0x2000f788                RTC_getTime
 .text.RTC_checkTimeValid
                0x2000f9ac       0xdc C:/ISIS/workspace_ycube/GlobusSatProject/..//hal/hal/lib\libHALD.a(RTC.o)
                0x2000f9ac                RTC_checkTimeValid
 .text.RTT_start
                0x2000fa88       0x24 C:/ISIS/workspace_ycube/GlobusSatProject/..//hal/hal/lib\libHALD.a(RTT.o)
                0x2000fa88                RTT_start
 .text.fn_init  0x2000faac      0x2dc C:/ISIS/workspace_ycube/GlobusSatProject/..//hal/hcc/lib\libHCCD.a(fat_common.o)
                0x2000faac                fn_init
 .text._f_get16bitl
                0x2000fd88       0x4c C:/ISIS/workspace_ycube/GlobusSatProject/..//hal/hcc/lib\libHCCD.a(fat_common.o)
                0x2000fd88                _f_get16bitl
 .text._f_set16bitl
                0x2000fdd4       0x54 C:/ISIS/workspace_ycube/GlobusSatProject/..//hal/hcc/lib\libHCCD.a(fat_common.o)
                0x2000fdd4                _f_set16bitl
 .text._f_get32bitl
                0x2000fe28       0x68 C:/ISIS/workspace_ycube/GlobusSatProject/..//hal/hcc/lib\libHCCD.a(fat_common.o)
                0x2000fe28                _f_get32bitl
 .text._f_set32bitl
                0x2000fe90       0x78 C:/ISIS/workspace_ycube/GlobusSatProject/..//hal/hcc/lib\libHCCD.a(fat_common.o)
                0x2000fe90                _f_set32bitl
 .text._get8bit
                0x2000ff08       0xa0 C:/ISIS/workspace_ycube/GlobusSatProject/..//hal/hcc/lib\libHCCD.a(fat_common.o)
 .text._get16bitl
                0x2000ffa8       0x40 C:/ISIS/workspace_ycube/GlobusSatProject/..//hal/hcc/lib\libHCCD.a(fat_common.o)
 .text._get32bitl
                0x2000ffe8       0x3c C:/ISIS/workspace_ycube/GlobusSatProject/..//hal/hcc/lib\libHCCD.a(fat_common.o)
 .text._f_setcardremoved
                0x20010024       0x94 C:/ISIS/workspace_ycube/GlobusSatProject/..//hal/hcc/lib\libHCCD.a(fat_common.o)
 .text._f_checkstatus
                0x200100b8      0x104 C:/ISIS/workspace_ycube/GlobusSatProject/..//hal/hcc/lib\libHCCD.a(fat_common.o)
                0x200100b8                _f_checkstatus
 .text._f_drvgetphy
                0x200101bc      0x114 C:/ISIS/workspace_ycube/GlobusSatProject/..//hal/hcc/lib\libHCCD.a(fat_common.o)
 .text._f_drvwritesector
                0x200102d0       0xdc C:/ISIS/workspace_ycube/GlobusSatProject/..//hal/hcc/lib\libHCCD.a(fat_common.o)
 .text._f_drvreadsector
                0x200103ac       0xa8 C:/ISIS/workspace_ycube/GlobusSatProject/..//hal/hcc/lib\libHCCD.a(fat_common.o)
 .text._f_writesector
                0x20010454      0x23c C:/ISIS/workspace_ycube/GlobusSatProject/..//hal/hcc/lib\libHCCD.a(fat_common.o)
                0x20010454                _f_writesector
 .text._f_readsector
                0x20010690      0x1dc C:/ISIS/workspace_ycube/GlobusSatProject/..//hal/hcc/lib\libHCCD.a(fat_common.o)
                0x20010690                _f_readsector
 .text._f_getmaxcluster
                0x2001086c       0x94 C:/ISIS/workspace_ycube/GlobusSatProject/..//hal/hcc/lib\libHCCD.a(fat_common.o)
                0x2001086c                _f_getmaxcluster
 .text._getsectorfromcluster
                0x20010900       0x68 C:/ISIS/workspace_ycube/GlobusSatProject/..//hal/hcc/lib\libHCCD.a(fat_common.o)
 .text._f_buildsectors
                0x20010968      0x268 C:/ISIS/workspace_ycube/GlobusSatProject/..//hal/hcc/lib\libHCCD.a(fat_common.o)
 .text._f_getbootrecord
                0x20010bd0      0x5e4 C:/ISIS/workspace_ycube/GlobusSatProject/..//hal/hcc/lib\libHCCD.a(fat_common.o)
 .text._f_readbootrecord
                0x200111b4      0x4f8 C:/ISIS/workspace_ycube/GlobusSatProject/..//hal/hcc/lib\libHCCD.a(fat_common.o)
 .text._f_flushcffiles
                0x200116ac      0x17c C:/ISIS/workspace_ycube/GlobusSatProject/..//hal/hcc/lib\libHCCD.a(fat_common.o)
                0x200116ac                _f_flushcffiles
 .text._f_fatcache_flush
                0x20011828      0x270 C:/ISIS/workspace_ycube/GlobusSatProject/..//hal/hcc/lib\libHCCD.a(fat_common.o)
                0x20011828                _f_fatcache_flush
 .text._f_writefatsector
                0x20011a98      0x100 C:/ISIS/workspace_ycube/GlobusSatProject/..//hal/hcc/lib\libHCCD.a(fat_common.o)
                0x20011a98                _f_writefatsector
 .text._f_getfatsector
                0x20011b98      0x3bc C:/ISIS/workspace_ycube/GlobusSatProject/..//hal/hcc/lib\libHCCD.a(fat_common.o)
 .text._f_setclustervalue
                0x20011f54      0x490 C:/ISIS/workspace_ycube/GlobusSatProject/..//hal/hcc/lib\libHCCD.a(fat_common.o)
                0x20011f54                _f_setclustervalue
 .text._f_getclustervalue
                0x200123e4      0x388 C:/ISIS/workspace_ycube/GlobusSatProject/..//hal/hcc/lib\libHCCD.a(fat_common.o)
                0x200123e4                _f_getclustervalue
 .text._f_close_drive_files
                0x2001276c       0xac C:/ISIS/workspace_ycube/GlobusSatProject/..//hal/hcc/lib\libHCCD.a(fat_common.o)
 .text._f_inc_mount_count
                0x20012818       0xa4 C:/ISIS/workspace_ycube/GlobusSatProject/..//hal/hcc/lib\libHCCD.a(fat_common.o)
 .text._f_getvolume
                0x200128bc      0x2f8 C:/ISIS/workspace_ycube/GlobusSatProject/..//hal/hcc/lib\libHCCD.a(fat_common.o)
                0x200128bc                _f_getvolume
 .text.fn_createdriver
                0x20012bb4      0x118 C:/ISIS/workspace_ycube/GlobusSatProject/..//hal/hcc/lib\libHCCD.a(fat_common.o)
                0x20012bb4                fn_createdriver
 .text.fn_initvolume
                0x20012ccc      0x12c C:/ISIS/workspace_ycube/GlobusSatProject/..//hal/hcc/lib\libHCCD.a(fat_common.o)
                0x20012ccc                fn_initvolume
 .text.fn_initvolumepartition_sub
                0x20012df8       0xe0 C:/ISIS/workspace_ycube/GlobusSatProject/..//hal/hcc/lib\libHCCD.a(fat_common.o)
 .text.fn_initvolumepartition
                0x20012ed8       0xac C:/ISIS/workspace_ycube/GlobusSatProject/..//hal/hcc/lib\libHCCD.a(fat_common.o)
                0x20012ed8                fn_initvolumepartition
 .text._f_clustertopos
                0x20012f84       0xf8 C:/ISIS/workspace_ycube/GlobusSatProject/..//hal/hcc/lib\libHCCD.a(fat_common.o)
                0x20012f84                _f_clustertopos
 .text._f_getcurrsector
                0x2001307c      0x6c8 C:/ISIS/workspace_ycube/GlobusSatProject/..//hal/hcc/lib\libHCCD.a(fat_common.o)
                0x2001307c                _f_getcurrsector
 .text._f_getdecluster
                0x20013744       0x90 C:/ISIS/workspace_ycube/GlobusSatProject/..//hal/hcc/lib\libHCCD.a(fat_common.o)
                0x20013744                _f_getdecluster
 .text._f_setdecluster
                0x200137d4       0x8c C:/ISIS/workspace_ycube/GlobusSatProject/..//hal/hcc/lib\libHCCD.a(fat_common.o)
                0x200137d4                _f_setdecluster
 .text.fn_getdrive
                0x20013860       0x30 C:/ISIS/workspace_ycube/GlobusSatProject/..//hal/hcc/lib\libHCCD.a(fat_common.o)
                0x20013860                fn_getdrive
 .text._f_getcurrenttimedate
                0x20013890      0x138 C:/ISIS/workspace_ycube/GlobusSatProject/..//hal/hcc/lib\libHCCD.a(fat_common.o)
                0x20013890                _f_getcurrenttimedate
 .text._f_initentry
                0x200139c8       0xa0 C:/ISIS/workspace_ycube/GlobusSatProject/..//hal/hcc/lib\libHCCD.a(fat_common.o)
                0x200139c8                _f_initentry
 .text._f_alloccluster
                0x20013a68      0x344 C:/ISIS/workspace_ycube/GlobusSatProject/..//hal/hcc/lib\libHCCD.a(fat_common.o)
                0x20013a68                _f_alloccluster
 .text._f_dobadblock
                0x20013dac      0x2cc C:/ISIS/workspace_ycube/GlobusSatProject/..//hal/hcc/lib\libHCCD.a(fat_common.o)
                0x20013dac                _f_dobadblock
 .text._f_checklocked
                0x20014078       0xe4 C:/ISIS/workspace_ycube/GlobusSatProject/..//hal/hcc/lib\libHCCD.a(fat_common.o)
                0x20014078                _f_checklocked
 .text._f_checkappendlocked
                0x2001415c      0x110 C:/ISIS/workspace_ycube/GlobusSatProject/..//hal/hcc/lib\libHCCD.a(fat_common.o)
                0x2001415c                _f_checkappendlocked
 .text._f_setsyncafile
                0x2001426c      0x114 C:/ISIS/workspace_ycube/GlobusSatProject/..//hal/hcc/lib\libHCCD.a(fat_common.o)
                0x2001426c                _f_setsyncafile
 .text._f_syncfiles
                0x20014380      0x128 C:/ISIS/workspace_ycube/GlobusSatProject/..//hal/hcc/lib\libHCCD.a(fat_common.o)
                0x20014380                _f_syncfiles
 .text._f_syncfilescontent
                0x200144a8      0x15c C:/ISIS/workspace_ycube/GlobusSatProject/..//hal/hcc/lib\libHCCD.a(fat_common.o)
 .text.fn_getfreespace
                0x20014604      0x4c0 C:/ISIS/workspace_ycube/GlobusSatProject/..//hal/hcc/lib\libHCCD.a(fat_common.o)
                0x20014604                fn_getfreespace
 .text._f_emptywritecache
                0x20014ac4      0x4a4 C:/ISIS/workspace_ycube/GlobusSatProject/..//hal/hcc/lib\libHCCD.a(fat_common.o)
 .text._f_allocnextcluster
                0x20014f68      0x54c C:/ISIS/workspace_ycube/GlobusSatProject/..//hal/hcc/lib\libHCCD.a(fat_common.o)
 .text._f_emptywritebuffer
                0x200154b4      0x20c C:/ISIS/workspace_ycube/GlobusSatProject/..//hal/hcc/lib\libHCCD.a(fat_common.o)
 .text._f_writezeros
                0x200156c0       0xf0 C:/ISIS/workspace_ycube/GlobusSatProject/..//hal/hcc/lib\libHCCD.a(fat_common.o)
                0x200156c0                _f_writezeros
 .text._f_extend_file
                0x200157b0      0x570 C:/ISIS/workspace_ycube/GlobusSatProject/..//hal/hcc/lib\libHCCD.a(fat_common.o)
 .text._f_fseek
                0x20015d20      0x9bc C:/ISIS/workspace_ycube/GlobusSatProject/..//hal/hcc/lib\libHCCD.a(fat_common.o)
                0x20015d20                _f_fseek
 .text._f_removechain
                0x200166dc      0x104 C:/ISIS/workspace_ycube/GlobusSatProject/..//hal/hcc/lib\libHCCD.a(fat_common.o)
                0x200166dc                _f_removechain
 .text._f_updatefileentry
                0x200167e0      0x1cc C:/ISIS/workspace_ycube/GlobusSatProject/..//hal/hcc/lib\libHCCD.a(fat_common.o)
 .text._f_checkreadlocked
                0x200169ac      0x1bc C:/ISIS/workspace_ycube/GlobusSatProject/..//hal/hcc/lib\libHCCD.a(fat_common.o)
                0x200169ac                _f_checkreadlocked
 .text._f_check_handle
                0x20016b68       0x98 C:/ISIS/workspace_ycube/GlobusSatProject/..//hal/hcc/lib\libHCCD.a(fat_common.o)
                0x20016b68                _f_check_handle
 .text._f_removesyncafile
                0x20016c00      0x1ec C:/ISIS/workspace_ycube/GlobusSatProject/..//hal/hcc/lib\libHCCD.a(fat_common.o)
 .text.fn_close
                0x20016dec      0x3f8 C:/ISIS/workspace_ycube/GlobusSatProject/..//hal/hcc/lib\libHCCD.a(fat_common.o)
                0x20016dec                fn_close
 .text.fn_flush
                0x200171e4      0x374 C:/ISIS/workspace_ycube/GlobusSatProject/..//hal/hcc/lib\libHCCD.a(fat_common.o)
                0x200171e4                fn_flush
 .text.fn_read  0x20017558      0x690 C:/ISIS/workspace_ycube/GlobusSatProject/..//hal/hcc/lib\libHCCD.a(fat_common.o)
                0x20017558                fn_read
 .text._f_abortwrite
                0x20017be8      0x100 C:/ISIS/workspace_ycube/GlobusSatProject/..//hal/hcc/lib\libHCCD.a(fat_common.o)
 .text._f_checkwritecluster
                0x20017ce8       0xe4 C:/ISIS/workspace_ycube/GlobusSatProject/..//hal/hcc/lib\libHCCD.a(fat_common.o)
 .text.fn_write
                0x20017dcc      0x8a8 C:/ISIS/workspace_ycube/GlobusSatProject/..//hal/hcc/lib\libHCCD.a(fat_common.o)
                0x20017dcc                fn_write
 .text.f_enterFS
                0x20018674      0x1c0 C:/ISIS/workspace_ycube/GlobusSatProject/..//hal/hcc/lib\libHCCD.a(fat_common.o)
                0x20018674                f_enterFS
 .text.fnGetTask
                0x20018834       0xfc C:/ISIS/workspace_ycube/GlobusSatProject/..//hal/hcc/lib\libHCCD.a(fat_common.o)
                0x20018834                fnGetTask
 .text._f_mutex_get
                0x20018930       0x98 C:/ISIS/workspace_ycube/GlobusSatProject/..//hal/hcc/lib\libHCCD.a(fat_common.o)
                0x20018930                _f_mutex_get
 .text._f_mutex_put
                0x200189c8       0x54 C:/ISIS/workspace_ycube/GlobusSatProject/..//hal/hcc/lib\libHCCD.a(fat_common.o)
                0x200189c8                _f_mutex_put
 .text._fn_initseekdivisor
                0x20018a1c      0x158 C:/ISIS/workspace_ycube/GlobusSatProject/..//hal/hcc/lib\libHCCD.a(fat_common.o)
                0x20018a1c                _fn_initseekdivisor
 .text._fn_updateseekpos
                0x20018b74       0xc4 C:/ISIS/workspace_ycube/GlobusSatProject/..//hal/hcc/lib\libHCCD.a(fat_common.o)
 .text._f_findopensize
                0x20018c38       0x2c C:/ISIS/workspace_ycube/GlobusSatProject/..//hal/hcc/lib\libHCCD.a(fat_common.o)
                0x20018c38                _f_findopensize
 .text.fn_setlasterror
                0x20018c64       0x34 C:/ISIS/workspace_ycube/GlobusSatProject/..//hal/hcc/lib\libHCCD.a(fat_common.o)
                0x20018c64                fn_setlasterror
 .text.fn_setlasterror_noret
                0x20018c98       0x2c C:/ISIS/workspace_ycube/GlobusSatProject/..//hal/hcc/lib\libHCCD.a(fat_common.o)
                0x20018c98                fn_setlasterror_noret
 .text.fm_initvolume
                0x20018cc4       0x70 C:/ISIS/workspace_ycube/GlobusSatProject/..//hal/hcc/lib\libHCCD.a(fat_m.o)
                0x20018cc4                fm_initvolume
 .text.fm_getdrive
                0x20018d34       0x70 C:/ISIS/workspace_ycube/GlobusSatProject/..//hal/hcc/lib\libHCCD.a(fat_m.o)
                0x20018d34                fm_getdrive
 .text.fm_getfreespace
                0x20018da4       0x68 C:/ISIS/workspace_ycube/GlobusSatProject/..//hal/hcc/lib\libHCCD.a(fat_m.o)
                0x20018da4                fm_getfreespace
 .text.fm_findfirst
                0x20018e0c       0x68 C:/ISIS/workspace_ycube/GlobusSatProject/..//hal/hcc/lib\libHCCD.a(fat_m.o)
                0x20018e0c                fm_findfirst
 .text.fm_findnext
                0x20018e74       0x60 C:/ISIS/workspace_ycube/GlobusSatProject/..//hal/hcc/lib\libHCCD.a(fat_m.o)
                0x20018e74                fm_findnext
 .text.fm_close
                0x20018ed4       0x60 C:/ISIS/workspace_ycube/GlobusSatProject/..//hal/hcc/lib\libHCCD.a(fat_m.o)
                0x20018ed4                fm_close
 .text.fm_flush
                0x20018f34       0x60 C:/ISIS/workspace_ycube/GlobusSatProject/..//hal/hcc/lib\libHCCD.a(fat_m.o)
                0x20018f34                fm_flush
 .text.fm_open  0x20018f94       0x68 C:/ISIS/workspace_ycube/GlobusSatProject/..//hal/hcc/lib\libHCCD.a(fat_m.o)
                0x20018f94                fm_open
 .text.fm_read  0x20018ffc       0x7c C:/ISIS/workspace_ycube/GlobusSatProject/..//hal/hcc/lib\libHCCD.a(fat_m.o)
                0x20018ffc                fm_read
 .text.fm_write
                0x20019078       0x7c C:/ISIS/workspace_ycube/GlobusSatProject/..//hal/hcc/lib\libHCCD.a(fat_m.o)
                0x20019078                fm_write
 .text.fm_delete
                0x200190f4       0x64 C:/ISIS/workspace_ycube/GlobusSatProject/..//hal/hcc/lib\libHCCD.a(fat_m.o)
                0x200190f4                fm_delete
 .text.fm_getlasterror
                0x20019158       0x40 C:/ISIS/workspace_ycube/GlobusSatProject/..//hal/hcc/lib\libHCCD.a(fat_m.o)
                0x20019158                fm_getlasterror
 .text._s_checkzeroclusteratend
                0x20019198       0xf8 C:/ISIS/workspace_ycube/GlobusSatProject/..//hal/hcc/lib\libHCCD.a(safefat.o)
 .text._s_clearclustercontent
                0x20019290      0x108 C:/ISIS/workspace_ycube/GlobusSatProject/..//hal/hcc/lib\libHCCD.a(safefat.o)
 .text._s_clearclustercontentdir
                0x20019398      0x19c C:/ISIS/workspace_ycube/GlobusSatProject/..//hal/hcc/lib\libHCCD.a(safefat.o)
 .text._s_writedirsector
                0x20019534       0xd0 C:/ISIS/workspace_ycube/GlobusSatProject/..//hal/hcc/lib\libHCCD.a(safefat.o)
 .text._s_getdirsector
                0x20019604      0x100 C:/ISIS/workspace_ycube/GlobusSatProject/..//hal/hcc/lib\libHCCD.a(safefat.o)
 .text._s_addentry
                0x20019704      0x394 C:/ISIS/workspace_ycube/GlobusSatProject/..//hal/hcc/lib\libHCCD.a(safefat.o)
 .text._s_findfile
                0x20019a98      0x33c C:/ISIS/workspace_ycube/GlobusSatProject/..//hal/hcc/lib\libHCCD.a(safefat.o)
 .text._s_findsubdir
                0x20019dd4      0x248 C:/ISIS/workspace_ycube/GlobusSatProject/..//hal/hcc/lib\libHCCD.a(safefat.o)
 .text._s_createfile
                0x2001a01c      0x190 C:/ISIS/workspace_ycube/GlobusSatProject/..//hal/hcc/lib\libHCCD.a(safefat.o)
 .text._s_findsaffile
                0x2001a1ac      0x1b8 C:/ISIS/workspace_ycube/GlobusSatProject/..//hal/hcc/lib\libHCCD.a(safefat.o)
 .text._s_open  0x2001a364       0xe4 C:/ISIS/workspace_ycube/GlobusSatProject/..//hal/hcc/lib\libHCCD.a(safefat.o)
 .text._s_open_saf
                0x2001a448       0xe8 C:/ISIS/workspace_ycube/GlobusSatProject/..//hal/hcc/lib\libHCCD.a(safefat.o)
 .text._s_flush
                0x2001a530       0x84 C:/ISIS/workspace_ycube/GlobusSatProject/..//hal/hcc/lib\libHCCD.a(safefat.o)
 .text._s_allocnextcluster
                0x2001a5b4      0x13c C:/ISIS/workspace_ycube/GlobusSatProject/..//hal/hcc/lib\libHCCD.a(safefat.o)
 .text._s_getnextsector
                0x2001a6f0       0xdc C:/ISIS/workspace_ycube/GlobusSatProject/..//hal/hcc/lib\libHCCD.a(safefat.o)
 .text._s_seek  0x2001a7cc      0x1e8 C:/ISIS/workspace_ycube/GlobusSatProject/..//hal/hcc/lib\libHCCD.a(safefat.o)
 .text._s_read  0x2001a9b4      0x228 C:/ISIS/workspace_ycube/GlobusSatProject/..//hal/hcc/lib\libHCCD.a(safefat.o)
 .text._s_write
                0x2001abdc      0x384 C:/ISIS/workspace_ycube/GlobusSatProject/..//hal/hcc/lib\libHCCD.a(safefat.o)
 .text._s_restoreclusters
                0x2001af60      0x270 C:/ISIS/workspace_ycube/GlobusSatProject/..//hal/hcc/lib\libHCCD.a(safefat.o)
                0x2001af60                _s_restoreclusters
 .text._s_findrestore
                0x2001b1d0      0x18c C:/ISIS/workspace_ycube/GlobusSatProject/..//hal/hcc/lib\libHCCD.a(safefat.o)
 .text._s_cmd_writede
                0x2001b35c       0xd8 C:/ISIS/workspace_ycube/GlobusSatProject/..//hal/hcc/lib\libHCCD.a(safefat.o)
 .text._s_cmd_setcluster
                0x2001b434       0x88 C:/ISIS/workspace_ycube/GlobusSatProject/..//hal/hcc/lib\libHCCD.a(safefat.o)
 .text._s_cmd_deletechain
                0x2001b4bc      0x100 C:/ISIS/workspace_ycube/GlobusSatProject/..//hal/hcc/lib\libHCCD.a(safefat.o)
 .text._s_cmd_validatecfn
                0x2001b5bc      0x308 C:/ISIS/workspace_ycube/GlobusSatProject/..//hal/hcc/lib\libHCCD.a(safefat.o)
 .text._s_cmd_seteof
                0x2001b8c4      0x3c4 C:/ISIS/workspace_ycube/GlobusSatProject/..//hal/hcc/lib\libHCCD.a(safefat.o)
 .text.safe_docommands
                0x2001bc88      0x56c C:/ISIS/workspace_ycube/GlobusSatProject/..//hal/hcc/lib\libHCCD.a(safefat.o)
                0x2001bc88                safe_docommands
 .text.safe_entercommand
                0x2001c1f4       0x68 C:/ISIS/workspace_ycube/GlobusSatProject/..//hal/hcc/lib\libHCCD.a(safefat.o)
                0x2001c1f4                safe_entercommand
 .text.safe_ready
                0x2001c25c       0xf4 C:/ISIS/workspace_ycube/GlobusSatProject/..//hal/hcc/lib\libHCCD.a(safefat.o)
                0x2001c25c                safe_ready
 .text.safe_copycfn
                0x2001c350       0xb8 C:/ISIS/workspace_ycube/GlobusSatProject/..//hal/hcc/lib\libHCCD.a(safefat.o)
                0x2001c350                safe_copycfn
 .text.safe_cfremove
                0x2001c408       0xb8 C:/ISIS/workspace_ycube/GlobusSatProject/..//hal/hcc/lib\libHCCD.a(safefat.o)
                0x2001c408                safe_cfremove
 .text.safe_writede
                0x2001c4c0      0x104 C:/ISIS/workspace_ycube/GlobusSatProject/..//hal/hcc/lib\libHCCD.a(safefat.o)
                0x2001c4c0                safe_writede
 .text.safe_setcluster
                0x2001c5c4       0xcc C:/ISIS/workspace_ycube/GlobusSatProject/..//hal/hcc/lib\libHCCD.a(safefat.o)
                0x2001c5c4                safe_setcluster
 .text.safe_deletechain
                0x2001c690      0x1c8 C:/ISIS/workspace_ycube/GlobusSatProject/..//hal/hcc/lib\libHCCD.a(safefat.o)
                0x2001c690                safe_deletechain
 .text.safe_cfclose
                0x2001c858      0x104 C:/ISIS/workspace_ycube/GlobusSatProject/..//hal/hcc/lib\libHCCD.a(safefat.o)
                0x2001c858                safe_cfclose
 .text.safe_cfflush
                0x2001c95c      0x124 C:/ISIS/workspace_ycube/GlobusSatProject/..//hal/hcc/lib\libHCCD.a(safefat.o)
                0x2001c95c                safe_cfflush
 .text.safe_reset
                0x2001ca80       0x78 C:/ISIS/workspace_ycube/GlobusSatProject/..//hal/hcc/lib\libHCCD.a(safefat.o)
                0x2001ca80                safe_reset
 .text.safe_loadcommands
                0x2001caf8       0x78 C:/ISIS/workspace_ycube/GlobusSatProject/..//hal/hcc/lib\libHCCD.a(safefat.o)
                0x2001caf8                safe_loadcommands
 .text.safe_poweron
                0x2001cb70      0x1fc C:/ISIS/workspace_ycube/GlobusSatProject/..//hal/hcc/lib\libHCCD.a(safefat.o)
                0x2001cb70                safe_poweron
 .text.cf_getname
                0x2001cd6c       0xc0 C:/ISIS/workspace_ycube/GlobusSatProject/..//hal/hcc/lib\libHCCD.a(safefat.o)
 .text.cf_copyclusterchain
                0x2001ce2c      0x138 C:/ISIS/workspace_ycube/GlobusSatProject/..//hal/hcc/lib\libHCCD.a(safefat.o)
 .text.cf_seektozero
                0x2001cf64       0x94 C:/ISIS/workspace_ycube/GlobusSatProject/..//hal/hcc/lib\libHCCD.a(safefat.o)
                0x2001cf64                cf_seektozero
 .text.cf_create
                0x2001cff8      0x3a8 C:/ISIS/workspace_ycube/GlobusSatProject/..//hal/hcc/lib\libHCCD.a(safefat.o)
                0x2001cff8                cf_create
 .text.cf_copyclustercontent
                0x2001d3a0      0x128 C:/ISIS/workspace_ycube/GlobusSatProject/..//hal/hcc/lib\libHCCD.a(safefat.o)
                0x2001d3a0                cf_copyclustercontent
 .text.cf_copycfn
                0x2001d4c8      0x4bc C:/ISIS/workspace_ycube/GlobusSatProject/..//hal/hcc/lib\libHCCD.a(safefat.o)
                0x2001d4c8                cf_copycfn
 .text.cf_remove
                0x2001d984      0x344 C:/ISIS/workspace_ycube/GlobusSatProject/..//hal/hcc/lib\libHCCD.a(safefat.o)
                0x2001d984                cf_remove
 .text.cf_setclusternew
                0x2001dcc8       0xf0 C:/ISIS/workspace_ycube/GlobusSatProject/..//hal/hcc/lib\libHCCD.a(safefat.o)
                0x2001dcc8                cf_setclusternew
 .text.cf_flush
                0x2001ddb8       0x58 C:/ISIS/workspace_ycube/GlobusSatProject/..//hal/hcc/lib\libHCCD.a(safefat.o)
                0x2001ddb8                cf_flush
 .text.cf_getcluster
                0x2001de10      0x1b4 C:/ISIS/workspace_ycube/GlobusSatProject/..//hal/hcc/lib\libHCCD.a(safefat.o)
                0x2001de10                cf_getcluster
 .text.cf_setnextcluster
                0x2001dfc4      0x194 C:/ISIS/workspace_ycube/GlobusSatProject/..//hal/hcc/lib\libHCCD.a(safefat.o)
                0x2001dfc4                cf_setnextcluster
 .text.cf_getpositions
                0x2001e158       0xbc C:/ISIS/workspace_ycube/GlobusSatProject/..//hal/hcc/lib\libHCCD.a(safefat.o)
                0x2001e158                cf_getpositions
 .text.cf_setpositions
                0x2001e214       0xb0 C:/ISIS/workspace_ycube/GlobusSatProject/..//hal/hcc/lib\libHCCD.a(safefat.o)
                0x2001e214                cf_setpositions
 .text.cf_opensyncafile
                0x2001e2c4      0x150 C:/ISIS/workspace_ycube/GlobusSatProject/..//hal/hcc/lib\libHCCD.a(safefat.o)
                0x2001e2c4                cf_opensyncafile
 .text.cf_reloadcfo
                0x2001e414       0xd8 C:/ISIS/workspace_ycube/GlobusSatProject/..//hal/hcc/lib\libHCCD.a(safefat.o)
                0x2001e414                cf_reloadcfo
 .text.mcipdc_cmd
                0x2001e4ec      0x22c C:/ISIS/workspace_ycube/GlobusSatProject/..//hal/hcc/lib\libHCCD.a(atmel_mcipdc.o)
 .text.mcipdc_stop
                0x2001e718       0xfc C:/ISIS/workspace_ycube/GlobusSatProject/..//hal/hcc/lib\libHCCD.a(atmel_mcipdc.o)
                0x2001e718                mcipdc_stop
 .text.mcipdc_read
                0x2001e814      0x27c C:/ISIS/workspace_ycube/GlobusSatProject/..//hal/hcc/lib\libHCCD.a(atmel_mcipdc.o)
 .text.mcipdc_write
                0x2001ea90      0x298 C:/ISIS/workspace_ycube/GlobusSatProject/..//hal/hcc/lib\libHCCD.a(atmel_mcipdc.o)
 .text.mcipdc_readsector
                0x2001ed28       0x9c C:/ISIS/workspace_ycube/GlobusSatProject/..//hal/hcc/lib\libHCCD.a(atmel_mcipdc.o)
                0x2001ed28                mcipdc_readsector
 .text.mcipdc_readmultiplesector
                0x2001edc4      0x124 C:/ISIS/workspace_ycube/GlobusSatProject/..//hal/hcc/lib\libHCCD.a(atmel_mcipdc.o)
                0x2001edc4                mcipdc_readmultiplesector
 .text.mcipdc_writesector
                0x2001eee8       0x90 C:/ISIS/workspace_ycube/GlobusSatProject/..//hal/hcc/lib\libHCCD.a(atmel_mcipdc.o)
                0x2001eee8                mcipdc_writesector
 .text.mcipdc_writemultiplesector
                0x2001ef78      0x120 C:/ISIS/workspace_ycube/GlobusSatProject/..//hal/hcc/lib\libHCCD.a(atmel_mcipdc.o)
                0x2001ef78                mcipdc_writemultiplesector
 .text.mcipdc_set_speed
                0x2001f098       0xb0 C:/ISIS/workspace_ycube/GlobusSatProject/..//hal/hcc/lib\libHCCD.a(atmel_mcipdc.o)
 .text.mcipdc_get_speed
                0x2001f148       0x48 C:/ISIS/workspace_ycube/GlobusSatProject/..//hal/hcc/lib\libHCCD.a(atmel_mcipdc.o)
 .text._get_csd_bits
                0x2001f190      0x14c C:/ISIS/workspace_ycube/GlobusSatProject/..//hal/hcc/lib\libHCCD.a(atmel_mcipdc.o)
 .text.mcipdc_initcard
                0x2001f2dc      0x8f4 C:/ISIS/workspace_ycube/GlobusSatProject/..//hal/hcc/lib\libHCCD.a(atmel_mcipdc.o)
 .text.mcipdc_getstatus
                0x2001fbd0       0xe8 C:/ISIS/workspace_ycube/GlobusSatProject/..//hal/hcc/lib\libHCCD.a(atmel_mcipdc.o)
 .text.mcipdc_getphy
                0x2001fcb8       0x90 C:/ISIS/workspace_ycube/GlobusSatProject/..//hal/hcc/lib\libHCCD.a(atmel_mcipdc.o)
 .text.mcipdc_release
                0x2001fd48       0x50 C:/ISIS/workspace_ycube/GlobusSatProject/..//hal/hcc/lib\libHCCD.a(atmel_mcipdc.o)
 .text.atmel_mcipdc_initfunc
                0x2001fd98      0x160 C:/ISIS/workspace_ycube/GlobusSatProject/..//hal/hcc/lib\libHCCD.a(atmel_mcipdc.o)
                0x2001fd98                atmel_mcipdc_initfunc
 .text.oal_mutex_create
                0x2001fef8       0x54 C:/ISIS/workspace_ycube/GlobusSatProject/..//hal/hcc/lib\libHCCD.a(oalp_mutex.o)
                0x2001fef8                oal_mutex_create
 .text.oal_mutex_delete
                0x2001ff4c       0x30 C:/ISIS/workspace_ycube/GlobusSatProject/..//hal/hcc/lib\libHCCD.a(oalp_mutex.o)
                0x2001ff4c                oal_mutex_delete
 .text.oal_mutex_get
                0x2001ff7c       0x58 C:/ISIS/workspace_ycube/GlobusSatProject/..//hal/hcc/lib\libHCCD.a(oalp_mutex.o)
                0x2001ff7c                oal_mutex_get
 .text.oal_mutex_put
                0x2001ffd4       0x58 C:/ISIS/workspace_ycube/GlobusSatProject/..//hal/hcc/lib\libHCCD.a(oalp_mutex.o)
                0x2001ffd4                oal_mutex_put
 .text.oal_task_get_id
                0x2002002c       0x18 C:/ISIS/workspace_ycube/GlobusSatProject/..//hal/hcc/lib\libHCCD.a(oalp_task.o)
                0x2002002c                oal_task_get_id
 .text.mcipdc_hw_init
                0x20020044       0xe8 C:/ISIS/workspace_ycube/GlobusSatProject/..//hal/hcc/lib\libHCCD.a(atmel_mcipdc_hw.o)
                0x20020044                mcipdc_hw_init
 .text.mcipdc_hw_delete
                0x2002012c       0x78 C:/ISIS/workspace_ycube/GlobusSatProject/..//hal/hcc/lib\libHCCD.a(atmel_mcipdc_hw.o)
                0x2002012c                mcipdc_hw_delete
 .text.mcipdc_hw_card_plugged
                0x200201a4       0x1c C:/ISIS/workspace_ycube/GlobusSatProject/..//hal/hcc/lib\libHCCD.a(atmel_mcipdc_hw.o)
                0x200201a4                mcipdc_hw_card_plugged
 .text.mcipdc_hw_card_writeprotect
                0x200201c0       0x1c C:/ISIS/workspace_ycube/GlobusSatProject/..//hal/hcc/lib\libHCCD.a(atmel_mcipdc_hw.o)
                0x200201c0                mcipdc_hw_card_writeprotect
 .text.psp_getcurrenttimedate
                0x200201dc       0x8c C:/ISIS/workspace_ycube/GlobusSatProject/..//hal/hcc/lib\libHCCD.a(psp_rtc.o)
                0x200201dc                psp_getcurrenttimedate
 .text._hcc_get_buf_dsc
                0x20020268       0x8c C:/ISIS/workspace_ycube/GlobusSatProject/..//hal/hcc/lib\libHCCD.a(hcc_mem.o)
 .text._hcc_check_free_pages
                0x200202f4      0x18c C:/ISIS/workspace_ycube/GlobusSatProject/..//hal/hcc/lib\libHCCD.a(hcc_mem.o)
 .text._hcc_mark_pages
                0x20020480      0x158 C:/ISIS/workspace_ycube/GlobusSatProject/..//hal/hcc/lib\libHCCD.a(hcc_mem.o)
 .text._hcc_clear_lock_dsc
                0x200205d8       0x80 C:/ISIS/workspace_ycube/GlobusSatProject/..//hal/hcc/lib\libHCCD.a(hcc_mem.o)
 .text._hcc_lock_access
                0x20020658      0x128 C:/ISIS/workspace_ycube/GlobusSatProject/..//hal/hcc/lib\libHCCD.a(hcc_mem.o)
 .text._hcc_unlock_access
                0x20020780       0x30 C:/ISIS/workspace_ycube/GlobusSatProject/..//hal/hcc/lib\libHCCD.a(hcc_mem.o)
 .text.hcc_mem_alloc
                0x200207b0      0x454 C:/ISIS/workspace_ycube/GlobusSatProject/..//hal/hcc/lib\libHCCD.a(hcc_mem.o)
                0x200207b0                hcc_mem_alloc
 .text.hcc_mem_free
                0x20020c04      0x178 C:/ISIS/workspace_ycube/GlobusSatProject/..//hal/hcc/lib\libHCCD.a(hcc_mem.o)
                0x20020c04                hcc_mem_free
 .text.hcc_mem_add
                0x20020d7c      0x3b0 C:/ISIS/workspace_ycube/GlobusSatProject/..//hal/hcc/lib\libHCCD.a(hcc_mem.o)
                0x20020d7c                hcc_mem_add
 .text.hcc_mem_init
                0x2002112c      0x164 C:/ISIS/workspace_ycube/GlobusSatProject/..//hal/hcc/lib\libHCCD.a(hcc_mem.o)
                0x2002112c                hcc_mem_init
 .text._f_invalidatedir
                0x20021290       0x28 C:/ISIS/workspace_ycube/GlobusSatProject/..//hal/hcc/lib\libHCCD.a(fat.o)
                0x20021290                _f_invalidatedir
 .text._f_getdirsector
                0x200212b8       0x88 C:/ISIS/workspace_ycube/GlobusSatProject/..//hal/hcc/lib\libHCCD.a(fat.o)
                0x200212b8                _f_getdirsector
 .text._f_writedirsector
                0x20021340       0x74 C:/ISIS/workspace_ycube/GlobusSatProject/..//hal/hcc/lib\libHCCD.a(fat.o)
                0x20021340                _f_writedirsector
 .text._f_checknameinv
                0x200213b4      0x180 C:/ISIS/workspace_ycube/GlobusSatProject/..//hal/hcc/lib\libHCCD.a(fat.o)
 .text._f_checkname
                0x20021534       0x7c C:/ISIS/workspace_ycube/GlobusSatProject/..//hal/hcc/lib\libHCCD.a(fat.o)
 .text._f_checknamewc
                0x200215b0       0xf8 C:/ISIS/workspace_ycube/GlobusSatProject/..//hal/hcc/lib\libHCCD.a(fat.o)
 .text._f_setnameext
                0x200216a8      0x300 C:/ISIS/workspace_ycube/GlobusSatProject/..//hal/hcc/lib\libHCCD.a(fat.o)
 .text._f_setfsname
                0x200219a8      0x584 C:/ISIS/workspace_ycube/GlobusSatProject/..//hal/hcc/lib\libHCCD.a(fat.o)
 .text._f_findfile
                0x20021f2c      0x30c C:/ISIS/workspace_ycube/GlobusSatProject/..//hal/hcc/lib\libHCCD.a(fat.o)
 .text._f_cmp_wname
                0x20022238      0x274 C:/ISIS/workspace_ycube/GlobusSatProject/..//hal/hcc/lib\libHCCD.a(fat.o)
 .text._f_to_string
                0x200224ac      0x130 C:/ISIS/workspace_ycube/GlobusSatProject/..//hal/hcc/lib\libHCCD.a(fat.o)
 .text._f_findfilewc
                0x200225dc      0x278 C:/ISIS/workspace_ycube/GlobusSatProject/..//hal/hcc/lib\libHCCD.a(fat.o)
 .text._f_getfilename
                0x20022854      0x20c C:/ISIS/workspace_ycube/GlobusSatProject/..//hal/hcc/lib\libHCCD.a(fat.o)
 .text._f_findpath
                0x20022a60      0x35c C:/ISIS/workspace_ycube/GlobusSatProject/..//hal/hcc/lib\libHCCD.a(fat.o)
 .text.fn_getdcwd
                0x20022dbc      0x1e0 C:/ISIS/workspace_ycube/GlobusSatProject/..//hal/hcc/lib\libHCCD.a(fat.o)
                0x20022dbc                fn_getdcwd
 .text.fn_findfirst
                0x20022f9c      0x13c C:/ISIS/workspace_ycube/GlobusSatProject/..//hal/hcc/lib\libHCCD.a(fat.o)
                0x20022f9c                fn_findfirst
 .text.fn_findnext
                0x200230d8      0x360 C:/ISIS/workspace_ycube/GlobusSatProject/..//hal/hcc/lib\libHCCD.a(fat.o)
                0x200230d8                fn_findnext
 .text._f_lock_resfile
                0x20023438       0x6c C:/ISIS/workspace_ycube/GlobusSatProject/..//hal/hcc/lib\libHCCD.a(fat.o)
 .text._f_unlock_resfile
                0x200234a4       0x40 C:/ISIS/workspace_ycube/GlobusSatProject/..//hal/hcc/lib\libHCCD.a(fat.o)
 .text._f_getintfile
                0x200234e4      0x124 C:/ISIS/workspace_ycube/GlobusSatProject/..//hal/hcc/lib\libHCCD.a(fat.o)
 .text._f_addentry
                0x20023608      0x540 C:/ISIS/workspace_ycube/GlobusSatProject/..//hal/hcc/lib\libHCCD.a(fat.o)
 .text.fn_open_sub
                0x20023b48     0x1698 C:/ISIS/workspace_ycube/GlobusSatProject/..//hal/hcc/lib\libHCCD.a(fat.o)
 .text.fn_open  0x200251e0       0x44 C:/ISIS/workspace_ycube/GlobusSatProject/..//hal/hcc/lib\libHCCD.a(fat.o)
                0x200251e0                fn_open
 .text.fn_delete
                0x20025224      0x490 C:/ISIS/workspace_ycube/GlobusSatProject/..//hal/hcc/lib\libHCCD.a(fat.o)
                0x20025224                fn_delete
 .text.hcc_mem_buf_alloc
                0x200256b4       0xe4 C:/ISIS/workspace_ycube/GlobusSatProject/..//hal/hcc/lib\libHCCD.a(psp_hcc_mem.o)
                0x200256b4                hcc_mem_buf_alloc
 .text.makeAntStransfer
                0x20025798       0x4c C:/ISIS/workspace_ycube/satellite-subsystems/satellite-subsystems/lib\libSatelliteSubsystemsD.a(IsisAntS.o)
 .text.checkInputsValid
                0x200257e4       0x7c C:/ISIS/workspace_ycube/satellite-subsystems/satellite-subsystems/lib\libSatelliteSubsystemsD.a(IsisAntS.o)
 .text.IsisAntS_initialize
                0x20025860      0x26c C:/ISIS/workspace_ycube/satellite-subsystems/satellite-subsystems/lib\libSatelliteSubsystemsD.a(IsisAntS.o)
                0x20025860                IsisAntS_initialize
 .text.IsisAntS_setArmStatus
                0x20025acc      0x104 C:/ISIS/workspace_ycube/satellite-subsystems/satellite-subsystems/lib\libSatelliteSubsystemsD.a(IsisAntS.o)
                0x20025acc                IsisAntS_setArmStatus
 .text.IsisAntS_getStatusData
                0x20025bd0      0x120 C:/ISIS/workspace_ycube/satellite-subsystems/satellite-subsystems/lib\libSatelliteSubsystemsD.a(IsisAntS.o)
                0x20025bd0                IsisAntS_getStatusData
 .text.IsisAntS_getUptime
                0x20025cf0      0x120 C:/ISIS/workspace_ycube/satellite-subsystems/satellite-subsystems/lib\libSatelliteSubsystemsD.a(IsisAntS.o)
                0x20025cf0                IsisAntS_getUptime
 .text.IsisAntS_getAlltelemetry
                0x20025e10      0x120 C:/ISIS/workspace_ycube/satellite-subsystems/satellite-subsystems/lib\libSatelliteSubsystemsD.a(IsisAntS.o)
                0x20025e10                IsisAntS_getAlltelemetry
 .text.IsisAntS_reset
                0x20025f30      0x104 C:/ISIS/workspace_ycube/satellite-subsystems/satellite-subsystems/lib\libSatelliteSubsystemsD.a(IsisAntS.o)
                0x20025f30                IsisAntS_reset
 .text.IsisAntS_cancelDeployment
                0x20026034      0x104 C:/ISIS/workspace_ycube/satellite-subsystems/satellite-subsystems/lib\libSatelliteSubsystemsD.a(IsisAntS.o)
                0x20026034                IsisAntS_cancelDeployment
 .text.IsisAntS_autoDeployment
                0x20026138      0x114 C:/ISIS/workspace_ycube/satellite-subsystems/satellite-subsystems/lib\libSatelliteSubsystemsD.a(IsisAntS.o)
                0x20026138                IsisAntS_autoDeployment
 .text.IsisSolarPanelv2_initialize
                0x2002624c       0xb4 C:/ISIS/workspace_ycube/satellite-subsystems/satellite-subsystems/lib\libSatelliteSubsystemsD.a(IsisSolarPanelv2.o)
                0x2002624c                IsisSolarPanelv2_initialize
 .text.IsisSolarPanelv2_getTemperature
                0x20026300       0xc8 C:/ISIS/workspace_ycube/satellite-subsystems/satellite-subsystems/lib\libSatelliteSubsystemsD.a(IsisSolarPanelv2.o)
                0x20026300                IsisSolarPanelv2_getTemperature
 .text.IsisSolarPanelv2_getState
                0x200263c8       0x24 C:/ISIS/workspace_ycube/satellite-subsystems/satellite-subsystems/lib\libSatelliteSubsystemsD.a(IsisSolarPanelv2.o)
                0x200263c8                IsisSolarPanelv2_getState
 .text._Reset   0x200263ec       0x20 C:/ISIS/workspace_ycube/satellite-subsystems/satellite-subsystems/lib\libSatelliteSubsystemsD.a(IsisSolarPanelv2.o)
 .text._WaitForStartup
                0x2002640c       0x90 C:/ISIS/workspace_ycube/satellite-subsystems/satellite-subsystems/lib\libSatelliteSubsystemsD.a(IsisSolarPanelv2.o)
 .text._AssignAllChannels
                0x2002649c       0x90 C:/ISIS/workspace_ycube/satellite-subsystems/satellite-subsystems/lib\libSatelliteSubsystemsD.a(IsisSolarPanelv2.o)
 .text._AssignThisChannel
                0x2002652c       0xe8 C:/ISIS/workspace_ycube/satellite-subsystems/satellite-subsystems/lib\libSatelliteSubsystemsD.a(IsisSolarPanelv2.o)
 .text._InitiateConversion
                0x20026614       0xac C:/ISIS/workspace_ycube/satellite-subsystems/satellite-subsystems/lib\libSatelliteSubsystemsD.a(IsisSolarPanelv2.o)
 .text._WaitForConversionComplete
                0x200266c0      0x100 C:/ISIS/workspace_ycube/satellite-subsystems/satellite-subsystems/lib\libSatelliteSubsystemsD.a(IsisSolarPanelv2.o)
 .text._ReadResult
                0x200267c0      0x158 C:/ISIS/workspace_ycube/satellite-subsystems/satellite-subsystems/lib\libSatelliteSubsystemsD.a(IsisSolarPanelv2.o)
 .text._ExtractByte
                0x20026918       0x38 C:/ISIS/workspace_ycube/satellite-subsystems/satellite-subsystems/lib\libSatelliteSubsystemsD.a(IsisSolarPanelv2.o)
 .text._ExtendSign
                0x20026950       0x6c C:/ISIS/workspace_ycube/satellite-subsystems/satellite-subsystems/lib\libSatelliteSubsystemsD.a(IsisSolarPanelv2.o)
 .text._PinsInit
                0x200269bc       0x50 C:/ISIS/workspace_ycube/satellite-subsystems/satellite-subsystems/lib\libSatelliteSubsystemsD.a(IsisSolarPanelv2.o)
 .text._SpiWriteRead
                0x20026a0c       0x70 C:/ISIS/workspace_ycube/satellite-subsystems/satellite-subsystems/lib\libSatelliteSubsystemsD.a(IsisSolarPanelv2.o)
 .text.IsisTrxvu_initialize
                0x20026a7c      0x2f4 C:/ISIS/workspace_ycube/satellite-subsystems/satellite-subsystems/lib\libSatelliteSubsystemsD.a(IsisTRXVU.o)
                0x20026a7c                IsisTrxvu_initialize
 .text.makeTRXVUtransfer
                0x20026d70       0x44 C:/ISIS/workspace_ycube/satellite-subsystems/satellite-subsystems/lib\libSatelliteSubsystemsD.a(IsisTRXVU.o)
 .text.IsisTrxvu_componentSoftReset
                0x20026db4       0x6c C:/ISIS/workspace_ycube/satellite-subsystems/satellite-subsystems/lib\libSatelliteSubsystemsD.a(IsisTRXVU.o)
                0x20026db4                IsisTrxvu_componentSoftReset
 .text.IsisTrxvu_componentHardReset
                0x20026e20       0xc8 C:/ISIS/workspace_ycube/satellite-subsystems/satellite-subsystems/lib\libSatelliteSubsystemsD.a(IsisTRXVU.o)
                0x20026e20                IsisTrxvu_componentHardReset
 .text.IsisTrxvu_softReset
                0x20026ee8       0x74 C:/ISIS/workspace_ycube/satellite-subsystems/satellite-subsystems/lib\libSatelliteSubsystemsD.a(IsisTRXVU.o)
                0x20026ee8                IsisTrxvu_softReset
 .text.IsisTrxvu_hardReset
                0x20026f5c       0x74 C:/ISIS/workspace_ycube/satellite-subsystems/satellite-subsystems/lib\libSatelliteSubsystemsD.a(IsisTRXVU.o)
                0x20026f5c                IsisTrxvu_hardReset
 .text.IsisTrxvu_tcSendAX25DefClSign
                0x20026fd0       0xec C:/ISIS/workspace_ycube/satellite-subsystems/satellite-subsystems/lib\libSatelliteSubsystemsD.a(IsisTRXVU.o)
                0x20026fd0                IsisTrxvu_tcSendAX25DefClSign
 .text.IsisTrxvu_tcSetIdlestate
                0x200270bc       0xa4 C:/ISIS/workspace_ycube/satellite-subsystems/satellite-subsystems/lib\libSatelliteSubsystemsD.a(IsisTRXVU.o)
                0x200270bc                IsisTrxvu_tcSetIdlestate
 .text.IsisTrxvu_tcSetAx25Bitrate
                0x20027160       0xc4 C:/ISIS/workspace_ycube/satellite-subsystems/satellite-subsystems/lib\libSatelliteSubsystemsD.a(IsisTRXVU.o)
                0x20027160                IsisTrxvu_tcSetAx25Bitrate
 .text.IsisTrxvu_tcGetUptime
                0x20027224       0xa0 C:/ISIS/workspace_ycube/satellite-subsystems/satellite-subsystems/lib\libSatelliteSubsystemsD.a(IsisTRXVU.o)
                0x20027224                IsisTrxvu_tcGetUptime
 .text.IsisTrxvu_tcGetState
                0x200272c4       0xd0 C:/ISIS/workspace_ycube/satellite-subsystems/satellite-subsystems/lib\libSatelliteSubsystemsD.a(IsisTRXVU.o)
                0x200272c4                IsisTrxvu_tcGetState
 .text.IsisTrxvu_tcGetTelemetryAll
                0x20027394       0xd0 C:/ISIS/workspace_ycube/satellite-subsystems/satellite-subsystems/lib\libSatelliteSubsystemsD.a(IsisTRXVU.o)
                0x20027394                IsisTrxvu_tcGetTelemetryAll
 .text.IsisTrxvu_tcGetLastTxTelemetry
                0x20027464       0xe4 C:/ISIS/workspace_ycube/satellite-subsystems/satellite-subsystems/lib\libSatelliteSubsystemsD.a(IsisTRXVU.o)
                0x20027464                IsisTrxvu_tcGetLastTxTelemetry
 .text.IsisTrxvu_rcGetFrameCount
                0x20027548       0xa0 C:/ISIS/workspace_ycube/satellite-subsystems/satellite-subsystems/lib\libSatelliteSubsystemsD.a(IsisTRXVU.o)
                0x20027548                IsisTrxvu_rcGetFrameCount
 .text.IsisTrxvu_rcGetCommandFrame
                0x200275e8      0x2d8 C:/ISIS/workspace_ycube/satellite-subsystems/satellite-subsystems/lib\libSatelliteSubsystemsD.a(IsisTRXVU.o)
                0x200275e8                IsisTrxvu_rcGetCommandFrame
 .text.IsisTrxvu_rcGetTelemetryAll
                0x200278c0       0xd0 C:/ISIS/workspace_ycube/satellite-subsystems/satellite-subsystems/lib\libSatelliteSubsystemsD.a(IsisTRXVU.o)
                0x200278c0                IsisTrxvu_rcGetTelemetryAll
 .text.IsisTrxvu_rcGetUptime
                0x20027990       0xa0 C:/ISIS/workspace_ycube/satellite-subsystems/satellite-subsystems/lib\libSatelliteSubsystemsD.a(IsisTRXVU.o)
                0x20027990                IsisTrxvu_rcGetUptime
 .text.ISIS_EPS_Init
                0x20027a30       0xc8 C:/ISIS/workspace_ycube/satellite-subsystems/satellite-subsystems/lib\libSatelliteSubsystemsD.a(isis_eps_driver.o)
                0x20027a30                ISIS_EPS_Init
 .text.isis_eps__reset__tmtc
                0x20027af8       0xe8 C:/ISIS/workspace_ycube/satellite-subsystems/satellite-subsystems/lib\libSatelliteSubsystemsD.a(isis_eps_driver.o)
                0x20027af8                isis_eps__reset__tmtc
 .text.isis_eps__watchdog__tm
                0x20027be0       0xac C:/ISIS/workspace_ycube/satellite-subsystems/satellite-subsystems/lib\libSatelliteSubsystemsD.a(isis_eps_driver.o)
                0x20027be0                isis_eps__watchdog__tm
 .text.isis_eps__gethousekeepingraw__tm
                0x20027c8c       0xac C:/ISIS/workspace_ycube/satellite-subsystems/satellite-subsystems/lib\libSatelliteSubsystemsD.a(isis_eps_driver.o)