Archive member included because of file (symbol)

C:/ISIS/workspace/ycube/GlobusSatProject/..//hal/hal/lib\libHALD.a(SPI.o)
                              ./src/InitSystem.o (SPI_start)
C:/ISIS/workspace/ycube/GlobusSatProject/..//hal/hal/lib\libHALD.a(I2C.o)
                              ./src/SubSystemModules/Payload/payload_drivers.o (I2C_write)
C:/ISIS/workspace/ycube/GlobusSatProject/..//hal/hal/lib\libHALD.a(ADC.o)
                              ./src/SubSystemModules/Housekepping/TelemetryCollector.o (ADC_ConvertRaw10bitToMillivolt)
C:/ISIS/workspace/ycube/GlobusSatProject/..//hal/hal/lib\libHALD.a(FRAM.o)
                              ./src/SubSystemModules/Communication/SubsystemCommands/Maintanence_Commands.o (FRAM_start)
C:/ISIS/workspace/ycube/GlobusSatProject/..//hal/hal/lib\libHALD.a(Time.o)
                              ./src/InitSystem.o (Time_start)
C:/ISIS/workspace/ycube/GlobusSatProject/..//hal/hal/lib\libHALD.a(WatchDogTimerNoOS.o)
                              ./src/main.o (WDT_start)
C:/ISIS/workspace/ycube/GlobusSatProject/..//hal/hal/lib\libHALD.a(RTT.o)
                              C:/ISIS/workspace/ycube/GlobusSatProject/..//hal/hal/lib\libHALD.a(Time.o) (RTT_start)
C:/ISIS/workspace/ycube/GlobusSatProject/..//hal/hal/lib\libHALD.a(RTC.o)
                              C:/ISIS/workspace/ycube/GlobusSatProject/..//hal/hal/lib\libHALD.a(Time.o) (RTC_getTime)
C:/ISIS/workspace/ycube/GlobusSatProject/..//hal/hal/lib\libHALD.a(WatchDogTimerOS.o)
                              ./src/TestingDemos/MainTest.o (WDT_startWatchdogKickTask)
C:/ISIS/workspace/ycube/GlobusSatProject/..//hal/hal/lib\libHALD.a(fprintf.o)
                              ./src/TLM_management.o (f_puts)
C:/ISIS/workspace/ycube/GlobusSatProject/..//hal/hal/lib\libHALD.a(util.o)
                              ./src/TestingDemos/CommandsTestingDemo.o (UTIL_DbguGetIntegerMinMax)
C:/ISIS/workspace/ycube/GlobusSatProject/..//hal/hal/lib\libHALD.a(LED.o)
                              C:/ISIS/workspace/ycube/GlobusSatProject/..//hal/hal/lib\libHALD.a(WatchDogTimerOS.o) (LED_toggle)
C:/ISIS/workspace/ycube/GlobusSatProject/..//hal/hcc/lib\libHCCD.a(fat_m.o)
                              ./src/TLM_management.o (fm_initvolume)
C:/ISIS/workspace/ycube/GlobusSatProject/..//hal/hcc/lib\libHCCD.a(fat.o)
                              C:/ISIS/workspace/ycube/GlobusSatProject/..//hal/hcc/lib\libHCCD.a(fat_m.o) (fn_getdcwd)
C:/ISIS/workspace/ycube/GlobusSatProject/..//hal/hcc/lib\libHCCD.a(fat_common.o)
                              C:/ISIS/workspace/ycube/GlobusSatProject/..//hal/hcc/lib\libHCCD.a(fat.o) (p_filesystem)
C:/ISIS/workspace/ycube/GlobusSatProject/..//hal/hcc/lib\libHCCD.a(safefat.o)
                              C:/ISIS/workspace/ycube/GlobusSatProject/..//hal/hcc/lib\libHCCD.a(fat.o) (s_subdir)
C:/ISIS/workspace/ycube/GlobusSatProject/..//hal/hcc/lib\libHCCD.a(atmel_mcipdc.o)
                              ./src/TLM_management.o (atmel_mcipdc_initfunc)
C:/ISIS/workspace/ycube/GlobusSatProject/..//hal/hcc/lib\libHCCD.a(oalp_task.o)
                              C:/ISIS/workspace/ycube/GlobusSatProject/..//hal/hcc/lib\libHCCD.a(fat_common.o) (oal_task_get_id)
C:/ISIS/workspace/ycube/GlobusSatProject/..//hal/hcc/lib\libHCCD.a(oalp_mutex.o)
                              C:/ISIS/workspace/ycube/GlobusSatProject/..//hal/hcc/lib\libHCCD.a(fat_common.o) (oal_mutex_create)
C:/ISIS/workspace/ycube/GlobusSatProject/..//hal/hcc/lib\libHCCD.a(atmel_mcipdc_hw.o)
                              C:/ISIS/workspace/ycube/GlobusSatProject/..//hal/hcc/lib\libHCCD.a(atmel_mcipdc.o) (mcipdc_hw_init)
C:/ISIS/workspace/ycube/GlobusSatProject/..//hal/hcc/lib\libHCCD.a(psp_rand.o)
                              C:/ISIS/workspace/ycube/GlobusSatProject/..//hal/hcc/lib\libHCCD.a(fat_common.o) (psp_getrand)
C:/ISIS/workspace/ycube/GlobusSatProject/..//hal/hcc/lib\libHCCD.a(psp_rtc.o)
                              C:/ISIS/workspace/ycube/GlobusSatProject/..//hal/hcc/lib\libHCCD.a(fat_common.o) (psp_getcurrenttimedate)
C:/ISIS/workspace/ycube/GlobusSatProject/..//hal/hcc/lib\libHCCD.a(hcc_mem.o)
                              C:/ISIS/workspace/ycube/GlobusSatProject/..//hal/hcc/lib\libHCCD.a(atmel_mcipdc.o) (hcc_mem_alloc)
C:/ISIS/workspace/ycube/GlobusSatProject/..//hal/hcc/lib\libHCCD.a(psp_hcc_mem.o)
                              C:/ISIS/workspace/ycube/GlobusSatProject/..//hal/hcc/lib\libHCCD.a(hcc_mem.o) (hcc_mem_buf_alloc)
C:/ISIS/workspace/ycube/GlobusSatProject/..//satellite-subsystems/satellite-subsystems/lib\libSatelliteSubsystemsD.a(IsisSolarPanelv2.o)
                              ./src/SubSystemModules/PowerManagment/EPS.o (IsisSolarPanelv2_initialize)
C:/ISIS/workspace/ycube/GlobusSatProject/..//satellite-subsystems/satellite-subsystems/lib\libSatelliteSubsystemsD.a(isis_ants.o)
                              ./src/SubSystemModules/Communication/TRXVU.o (ISIS_ANTS_Init)
[...]
Memory Configuration

Name             Origin             Length             Attributes
sram0            0x00200000         0x00004000         w !xr
sram1            0x00300000         0x00004000         w !xr
sdram            0x20000000         0x02000000         w !xr
*default*        0x00000000         0xffffffff

Linker script and memory map

LOAD c:/isis/application/toolchain/bin/../lib/gcc/arm-none-eabi/4.7.4/../../../../arm-none-eabi/lib\libc.a
LOAD ./src/TestingDemos/CommandsTestingDemo.o
LOAD ./src/TestingDemos/EpsTestingDemo.o
LOAD ./src/TestingDemos/FileSystemTestingDemo.o
LOAD ./src/TestingDemos/MainTest.o
LOAD ./src/TestingDemos/MaintenanceTestingDemo.o
LOAD ./src/TestingDemos/TelemetryTestingDemo.o
LOAD ./src/TestingDemos/TrxvuTestingDemo.o
LOAD ./src/SubSystemModules/PowerManagment/EPS.o
LOAD ./src/SubSystemModules/PowerManagment/EPSOperationModes.o
LOAD ./src/SubSystemModules/Payload/payload_drivers.o
LOAD ./src/SubSystemModules/Maintenance/Maintenance.o
LOAD ./src/SubSystemModules/Housekepping/NamesLogic.o
LOAD ./src/SubSystemModules/Housekepping/RAMTelemetry.o
LOAD ./src/SubSystemModules/Housekepping/TelemetryCollector.o
LOAD ./src/SubSystemModules/Communication/SubsystemCommands/EPS_Commands.o
LOAD ./src/SubSystemModules/Communication/SubsystemCommands/FS_Commands.o
LOAD ./src/SubSystemModules/Communication/SubsystemCommands/Maintanence_Commands.o
LOAD ./src/SubSystemModules/Communication/SubsystemCommands/TRXVU_Commands.o
LOAD ./src/SubSystemModules/Communication/AckHandler.o
LOAD ./src/SubSystemModules/Communication/CommandDictionary.o
LOAD ./src/SubSystemModules/Communication/HashSecuredCMD.o
LOAD ./src/SubSystemModules/Communication/SatCommandHandler.o
LOAD ./src/SubSystemModules/Communication/TRXVU.o
LOAD ./src/InitSystem.o
LOAD ./src/TLM_management.o
LOAD ./src/main.o
LOAD ./src/utils.o
LOAD C:/ISIS/workspace/ycube/GlobusSatProject/..//hal/hal/lib\libHALD.a
LOAD C:/ISIS/workspace/ycube/GlobusSatProject/..//hal/hcc/lib\libHCCD.a
LOAD C:/ISIS/workspace/ycube/GlobusSatProject/..//satellite-subsystems/satellite-subsystems/lib\libSatelliteSubsystemsD.a
LOAD C:/ISIS/workspace/ycube/GlobusSatProject/..//hal/freertos/lib\libFreeRTOSD.a
LOAD C:/ISIS/workspace/ycube/GlobusSatProject/..//hal/at91/lib\libAt91D.a
START GROUP
LOAD c:/isis/application/toolchain/bin/../lib/gcc/arm-none-eabi/4.7.4\libgcc.a
LOAD c:/isis/application/toolchain/bin/../lib/gcc/arm-none-eabi/4.7.4/../../../../arm-none-eabi/lib\libg.a
LOAD c:/isis/application/toolchain/bin/../lib/gcc/arm-none-eabi/4.7.4/../../../../arm-none-eabi/lib\libc.a
END GROUP

.fixed          0x20000000    0x4e7a0
                0x20000000                . = ALIGN (0x4)
                0x20000000                _sfixed = .
 *(.startup)
 .startup       0x20000000      0x184 C:/ISIS/workspace/ycube/GlobusSatProject/..//hal/at91/lib\libAt91D.a(board_cstartup.o)
                0x20000000                entry
 *(.text)
 .text          0x20000184       0x64 C:/ISIS/workspace/ycube/GlobusSatProject/..//hal/at91/lib\libAt91D.a(cp15_asm.o)
                0x20000184                _readControlRegister
                0x20000190                _writeControlRegister
                0x20000198                _waitForInterrupt
                0x200001a4                _writeTTB
                0x200001ac                _writeDomain
                0x200001b4                _writeITLBLockdown
                0x200001bc                _prefetchICacheLine
                0x200001c4                _flushDCache
                0x200001d0                _flushWriteBuffer
                0x200001dc                _invalidateIDTLBs
 .text          0x200001e8      0x114 c:/isis/application/toolchain/bin/../lib/gcc/arm-none-eabi/4.7.4\libgcc.a(_udivsi3.o)
                0x200001e8                __aeabi_uidiv
                0x200001e8                __udivsi3
                0x200002dc                __aeabi_uidivmod
 .text          0x200002fc      0x148 c:/isis/application/toolchain/bin/../lib/gcc/arm-none-eabi/4.7.4\libgcc.a(_divsi3.o)
                0x200002fc                __divsi3
                0x200002fc                __aeabi_idiv
                0x20000424                __aeabi_idivmod
 .text          0x20000444        0x4 c:/isis/application/toolchain/bin/../lib/gcc/arm-none-eabi/4.7.4\libgcc.a(_dvmd_tls.o)
                0x20000444                __aeabi_idiv0
                0x20000444                __aeabi_ldiv0
 .text          0x20000448      0x41c c:/isis/application/toolchain/bin/../lib/gcc/arm-none-eabi/4.7.4\libgcc.a(_arm_addsubdf3.o)
                0x20000448                __aeabi_drsub
                0x20000450                __aeabi_dsub
                0x20000450                __subdf3
                0x20000454                __aeabi_dadd
                0x20000454                __adddf3
                0x20000764                __floatunsidf
                0x20000764                __aeabi_ui2d
                0x20000788                __floatsidf
                0x20000788                __aeabi_i2d
                0x200007b0                __aeabi_f2d
                0x200007b0                __extendsfdf2
                0x200007f0                __floatundidf
                0x200007f0                __aeabi_ul2d
                0x20000804                __floatdidf
                0x20000804                __aeabi_l2d
 .text          0x20000864      0x49c c:/isis/application/toolchain/bin/../lib/gcc/arm-none-eabi/4.7.4\libgcc.a(_arm_muldivdf3.o)
                0x20000864                __aeabi_dmul
                0x20000864                __muldf3
                0x20000af4                __divdf3
                0x20000af4                __aeabi_ddiv
 .text          0x20000d00      0x2ac c:/isis/application/toolchain/bin/../lib/gcc/arm-none-eabi/4.7.4\libgcc.a(_arm_addsubsf3.o)
                0x20000d00                __aeabi_frsub
                0x20000d08                __subsf3
                0x20000d08                __aeabi_fsub
                0x20000d0c                __aeabi_fadd
                0x20000d0c                __addsf3
                0x20000ec8                __aeabi_ui2f
                0x20000ec8                __floatunsisf
                0x20000ed0                __aeabi_i2f
                0x20000ed0                __floatsisf
                0x20000ef0                __aeabi_ul2f
                0x20000ef0                __floatundisf
                0x20000f00                __aeabi_l2f
                0x20000f00                __floatdisf
 .text          0x20000fac      0x2f8 c:/isis/application/toolchain/bin/../lib/gcc/arm-none-eabi/4.7.4\libgcc.a(_arm_muldivsf3.o)
                0x20000fac                __mulsf3
                0x20000fac                __aeabi_fmul
                0x20001144                __aeabi_fdiv
                0x20001144                __divsf3
 .text          0x200012a4      0x114 c:/isis/application/toolchain/bin/../lib/gcc/arm-none-eabi/4.7.4\libgcc.a(_arm_cmpsf2.o)
                0x200012a4                __gesf2
                0x200012a4                __gtsf2
                0x200012ac                __lesf2
                0x200012ac                __ltsf2
                0x200012b4                __nesf2
                0x200012b4                __eqsf2
                0x200012b4                __cmpsf2
                0x20001318                __aeabi_cfrcmple
                0x20001328                __aeabi_cfcmpeq
                0x20001328                __aeabi_cfcmple
                0x20001340                __aeabi_fcmpeq
                0x20001358                __aeabi_fcmplt
                0x20001370                __aeabi_fcmple
                0x20001388                __aeabi_fcmpge
                0x200013a0                __aeabi_fcmpgt
 .text          0x200013b8       0x54 c:/isis/application/toolchain/bin/../lib/gcc/arm-none-eabi/4.7.4\libgcc.a(_arm_fixunssfsi.o)
                0x200013b8                __fixunssfsi
                0x200013b8                __aeabi_f2uiz
 .text          0x2000140c      0x144 c:/isis/application/toolchain/bin/../lib/gcc/arm-none-eabi/4.7.4\libgcc.a(_arm_cmpdf2.o)
                0x2000140c                __gtdf2
                0x2000140c                __gedf2
                0x20001414                __ltdf2
                0x20001414                __ledf2
                0x2000141c                __nedf2
                0x2000141c                __eqdf2
                0x2000141c                __cmpdf2
                0x200014a4                __aeabi_cdrcmple
                0x200014c0                __aeabi_cdcmpeq
                0x200014c0                __aeabi_cdcmple
                0x200014d8                __aeabi_dcmpeq
                0x200014f0                __aeabi_dcmplt
                0x20001508                __aeabi_dcmple
                0x20001520                __aeabi_dcmpge
                0x20001538                __aeabi_dcmpgt
 .text          0x20001550       0x5c c:/isis/application/toolchain/bin/../lib/gcc/arm-none-eabi/4.7.4\libgcc.a(_arm_fixdfsi.o)
                0x20001550                __aeabi_d2iz
                0x20001550                __fixdfsi
 .text          0x200015ac       0x3c c:/isis/application/toolchain/bin/../lib/gcc/arm-none-eabi/4.7.4\libgcc.a(_aeabi_uldivmod.o)
                0x200015ac                __aeabi_uldivmod
 .text          0x200015e8       0x84 c:/isis/application/toolchain/bin/../lib/gcc/arm-none-eabi/4.7.4\libgcc.a(bpabi.o)
                0x200015e8                __gnu_ldivmod_helper
                0x2000162c                __gnu_uldivmod_helper
 .text          0x2000166c      0x4f0 c:/isis/application/toolchain/bin/../lib/gcc/arm-none-eabi/4.7.4\libgcc.a(_divdi3.o)
                0x2000166c                __divdi3
 .text          0x20001b5c      0x488 c:/isis/application/toolchain/bin/../lib/gcc/arm-none-eabi/4.7.4\libgcc.a(_udivdi3.o)
                0x20001b5c                __udivdi3
 .text          0x20001fe4       0x48 c:/isis/application/toolchain/bin/../lib/gcc/arm-none-eabi/4.7.4\libgcc.a(_clzsi2.o)
                0x20001fe4                __clzsi2
 *(.text*)
 .text.GetBatteryVoltage
                0x2000202c       0x78 ./src/SubSystemModules/PowerManagment/EPS.o
                0x2000202c                GetBatteryVoltage
 .text.EPS_Init
                0x200020a4      0x13c ./src/SubSystemModules/PowerManagment/EPS.o
                0x200020a4                EPS_Init
 .text.EPS_Conditioning
                0x200021e0      0x1b0 ./src/SubSystemModules/PowerManagment/EPS.o
                0x200021e0                EPS_Conditioning
 .text.UpdateAlpha
                0x20002390       0xd8 ./src/SubSystemModules/PowerManagment/EPS.o
                0x20002390                UpdateAlpha
 .text.GetThresholdVoltages
                0x20002468       0x80 ./src/SubSystemModules/PowerManagment/EPS.o
                0x20002468                GetThresholdVoltages
 .text.GetAlpha
                0x200024e8       0x7c ./src/SubSystemModules/PowerManagment/EPS.o
                0x200024e8                GetAlpha
 .text.CMDGetHeaterValues
                0x20002564      0x1f8 ./src/SubSystemModules/PowerManagment/EPS.o
                0x20002564                CMDGetHeaterValues
 .text.CMDSetHeaterValues
                0x2000275c      0x204 ./src/SubSystemModules/PowerManagment/EPS.o
                0x2000275c                CMDSetHeaterValues
 .text.EnterFullMode
                0x20002960       0x38 ./src/SubSystemModules/PowerManagment/EPSOperationModes.o
                0x20002960                EnterFullMode
 .text.EnterCruiseMode
                0x20002998       0x34 ./src/SubSystemModules/PowerManagment/EPSOperationModes.o
                0x20002998                EnterCruiseMode
 .text.EnterSafeMode
                0x200029cc       0x3c ./src/SubSystemModules/PowerManagment/EPSOperationModes.o
                0x200029cc                EnterSafeMode
 .text.EnterCriticalMode
                0x20002a08       0x3c ./src/SubSystemModules/PowerManagment/EPSOperationModes.o
                0x20002a08                EnterCriticalMode
 .text.PayloadOperations
                0x20002a44      0x1a4 ./src/SubSystemModules/PowerManagment/EPSOperationModes.o
                0x20002a44                PayloadOperations
 .text.Payload_Safety
                0x20002be8       0xc8 ./src/SubSystemModules/PowerManagment/EPSOperationModes.o
                0x20002be8                Payload_Safety
 .text.Payload_Safety_IN_Maintenance
                0x20002cb0       0x60 ./src/SubSystemModules/PowerManagment/EPSOperationModes.o
                0x20002cb0                Payload_Safety_IN_Maintenance
 .text.DoesPayloadChannelOn
                0x20002d10       0xa4 ./src/SubSystemModules/PowerManagment/EPSOperationModes.o
                0x20002d10                DoesPayloadChannelOn
 .text.EpsGetLowVoltageFlag
                0x20002db4       0x24 ./src/SubSystemModules/PowerManagment/EPSOperationModes.o
                0x20002db4                EpsGetLowVoltageFlag
 .text.EpsSetLowVoltageFlag
                0x20002dd8       0x2c ./src/SubSystemModules/PowerManagment/EPSOperationModes.o
                0x20002dd8                EpsSetLowVoltageFlag
 .text.payloadRead
                0x20002e04       0xbc ./src/SubSystemModules/Payload/payload_drivers.o
                0x20002e04                payloadRead
 .text.payloadSendCommand
                0x20002ec0       0x70 ./src/SubSystemModules/Payload/payload_drivers.o
                0x20002ec0                payloadSendCommand
 .text.payloadReadEnvironment
                0x20002f30      0x2d0 ./src/SubSystemModules/Payload/payload_drivers.o
                0x20002f30                payloadReadEnvironment
 .text.payloadReadEvents
                0x20003200      0x1e8 ./src/SubSystemModules/Payload/payload_drivers.o
                0x20003200                payloadReadEvents
 .text.CheckExecutionTime
                0x200033e8       0x80 ./src/SubSystemModules/Maintenance/Maintenance.o
                0x200033e8                CheckExecutionTime
 .text.SaveSatTimeInFRAM
                0x20003468       0x44 ./src/SubSystemModules/Maintenance/Maintenance.o
                0x20003468                SaveSatTimeInFRAM
 .text.WakeupFromResetCMD
                0x200034ac      0x120 ./src/SubSystemModules/Maintenance/Maintenance.o
                0x200034ac                WakeupFromResetCMD
 .text.ResetGroundCommWDT
                0x200035cc       0x1c ./src/SubSystemModules/Maintenance/Maintenance.o
                0x200035cc                ResetGroundCommWDT
 .text.IsGroundCommunicationWDTKick
                0x200035e8       0x78 ./src/SubSystemModules/Maintenance/Maintenance.o
                0x200035e8                IsGroundCommunicationWDTKick
 .text.GetGsWdtKickTime
                0x20003660       0x38 ./src/SubSystemModules/Maintenance/Maintenance.o
                0x20003660                GetGsWdtKickTime
 .text.findMinMaxDate
                0x20003698       0xdc ./src/SubSystemModules/Maintenance/Maintenance.o
                0x20003698                findMinMaxDate
 .text.DeleteOldFiels
                0x20003774       0xf0 ./src/SubSystemModules/Maintenance/Maintenance.o
                0x20003774                DeleteOldFiels
 .text.CheckDeployAnt
                0x20003864       0x84 ./src/SubSystemModules/Maintenance/Maintenance.o
                0x20003864                CheckDeployAnt
 .text.HardResetMCU
                0x200038e8       0x3c ./src/SubSystemModules/Maintenance/Maintenance.o
                0x200038e8                HardResetMCU
 .text.Maintenance
                0x20003924       0xcc ./src/SubSystemModules/Maintenance/Maintenance.o
                0x20003924                Maintenance
 .text.GetRandomName
                0x200039f0       0x7c ./src/SubSystemModules/Housekepping/NamesLogic.o
                0x200039f0                GetRandomName
 .text.ResetRamTlm
                0x20003a6c       0xe4 ./src/SubSystemModules/Housekepping/RAMTelemetry.o
                0x20003a6c                ResetRamTlm
 .text.inc      0x20003b50       0x4c ./src/SubSystemModules/Housekepping/RAMTelemetry.o
                0x20003b50                inc
 .text.dec      0x20003b9c       0x48 ./src/SubSystemModules/Housekepping/RAMTelemetry.o
                0x20003b9c                dec
 .text.saveTlmToRam
                0x20003be4      0x28c ./src/SubSystemModules/Housekepping/RAMTelemetry.o
                0x20003be4                saveTlmToRam
 .text.getTlm   0x20003e70      0x350 ./src/SubSystemModules/Housekepping/RAMTelemetry.o
                0x20003e70                getTlm
 .text.getRange
                0x200041c0      0x1dc ./src/SubSystemModules/Housekepping/RAMTelemetry.o
                0x200041c0                getRange
 .text.InitSavePeriodTimes
                0x2000439c       0xa4 ./src/SubSystemModules/Housekepping/TelemetryCollector.o
                0x2000439c                InitSavePeriodTimes
 .text.CMD_GetTLMPeriodTimes
                0x20004440       0x38 ./src/SubSystemModules/Housekepping/TelemetryCollector.o
                0x20004440                CMD_GetTLMPeriodTimes
 .text.CMD_SetTLMPeriodTimes
                0x20004478      0x1dc ./src/SubSystemModules/Housekepping/TelemetryCollector.o
                0x20004478                CMD_SetTLMPeriodTimes
 .text.TelemetryCollectorLogic
                0x20004654      0x2c8 ./src/SubSystemModules/Housekepping/TelemetryCollector.o
                0x20004654                TelemetryCollectorLogic
 .text.TelemetrySaveEPS
                0x2000491c       0x54 ./src/SubSystemModules/Housekepping/TelemetryCollector.o
                0x2000491c                TelemetrySaveEPS
 .text.TelemetrySaveTRXVU
                0x20004970       0x94 ./src/SubSystemModules/Housekepping/TelemetryCollector.o
                0x20004970                TelemetrySaveTRXVU
 .text.TelemetrySaveANT
                0x20004a04       0x54 ./src/SubSystemModules/Housekepping/TelemetryCollector.o
                0x20004a04                TelemetrySaveANT
 .text.TelemetrySaveSolarPanels
                0x20004a58      0x22c ./src/SubSystemModules/Housekepping/TelemetryCollector.o
                0x20004a58                TelemetrySaveSolarPanels
 .text.TelemetrySaveWOD
                0x20004c84       0x5c ./src/SubSystemModules/Housekepping/TelemetryCollector.o
                0x20004c84                TelemetrySaveWOD
 .text.TelemetrySaveRADFET
                0x20004ce0       0xd4 ./src/SubSystemModules/Housekepping/TelemetryCollector.o
                0x20004ce0                TelemetrySaveRADFET
 .text.TelemetrySavePayloadEvents
                0x20004db4       0xf0 ./src/SubSystemModules/Housekepping/TelemetryCollector.o
                0x20004db4                TelemetrySavePayloadEvents
 .text.GetCurrentWODTelemetry
                0x20004ea4      0xa5c ./src/SubSystemModules/Housekepping/TelemetryCollector.o
                0x20004ea4                GetCurrentWODTelemetry
 .text.CMD_EPS_ResetWDT
                0x20005900       0x58 ./src/SubSystemModules/Communication/SubsystemCommands/EPS_Commands.o
                0x20005900                CMD_EPS_ResetWDT
 .text.CMD_Change_Payload_State_INFRAM
                0x20005958       0x8c ./src/SubSystemModules/Communication/SubsystemCommands/EPS_Commands.o
                0x20005958                CMD_Change_Payload_State_INFRAM
 .text.CMD_Payload_Operations
                0x200059e4       0xa8 ./src/SubSystemModules/Communication/SubsystemCommands/EPS_Commands.o
                0x200059e4                CMD_Payload_Operations
 .text.CMD_DeleteTLM
                0x20005a8c      0x1a0 ./src/SubSystemModules/Communication/SubsystemCommands/FS_Commands.o
                0x20005a8c                CMD_DeleteTLM
 .text.CMD_DeleteAllFiles
                0x20005c2c       0x38 ./src/SubSystemModules/Communication/SubsystemCommands/FS_Commands.o
                0x20005c2c                CMD_DeleteAllFiles
 .text.CMD_GetLastFS_Error
                0x20005c64       0x4c ./src/SubSystemModules/Communication/SubsystemCommands/FS_Commands.o
                0x20005c64                CMD_GetLastFS_Error
 .text.CMD_Get_TLM_Info
                0x20005cb0      0x1ac ./src/SubSystemModules/Communication/SubsystemCommands/FS_Commands.o
                0x20005cb0                CMD_Get_TLM_Info
 .text.CMD_Switch_SD_Card
                0x20005e5c       0xcc ./src/SubSystemModules/Communication/SubsystemCommands/FS_Commands.o
                0x20005e5c                CMD_Switch_SD_Card
 .text.CMD_Format_SD_Card
                0x20005f28       0xa4 ./src/SubSystemModules/Communication/SubsystemCommands/FS_Commands.o
                0x20005f28                CMD_Format_SD_Card
 .text.CMD_GenericI2C
                0x20005fcc       0xc8 ./src/SubSystemModules/Communication/SubsystemCommands/Maintanence_Commands.o
                0x20005fcc                CMD_GenericI2C
 .text.CMD_FRAM_ReadAndTransmitt
                0x20006094       0xe8 ./src/SubSystemModules/Communication/SubsystemCommands/Maintanence_Commands.o
                0x20006094                CMD_FRAM_ReadAndTransmitt
 .text.CMD_FRAM_WriteAndTransmitt
                0x2000617c       0xfc ./src/SubSystemModules/Communication/SubsystemCommands/Maintanence_Commands.o
                0x2000617c                CMD_FRAM_WriteAndTransmitt
 .text.CMD_FRAM_ReStart
                0x20006278       0x4c ./src/SubSystemModules/Communication/SubsystemCommands/Maintanence_Commands.o
                0x20006278                CMD_FRAM_ReStart
 .text.CMD_UpdateSatTime
                0x200062c4       0xa4 ./src/SubSystemModules/Communication/SubsystemCommands/Maintanence_Commands.o
                0x200062c4                CMD_UpdateSatTime
 .text.CMD_GetDevInfo
                0x20006368       0x5c ./src/SubSystemModules/Communication/SubsystemCommands/Maintanence_Commands.o
                0x20006368                CMD_GetDevInfo
 .text.CMD_GetSatUptime
                0x200063c4       0x48 ./src/SubSystemModules/Communication/SubsystemCommands/Maintanence_Commands.o
                0x200063c4                CMD_GetSatUptime
 .text.CMD_ResetComponent
                0x2000640c      0x2c8 ./src/SubSystemModules/Communication/SubsystemCommands/Maintanence_Commands.o
                0x2000640c                CMD_ResetComponent
 .text.DumpTask
                0x200066d4      0x310 ./src/SubSystemModules/Communication/SubsystemCommands/TRXVU_Commands.o
                0x200066d4                DumpTask
 .text.DumpRamTask
                0x200069e4      0x104 ./src/SubSystemModules/Communication/SubsystemCommands/TRXVU_Commands.o
                0x200069e4                DumpRamTask
 .text.CMD_AntennaDeploy
                0x20006ae8       0xd8 ./src/SubSystemModules/Communication/SubsystemCommands/TRXVU_Commands.o
                0x20006ae8                CMD_AntennaDeploy
 .text.CMD_StartDump
                0x20006bc0      0x200 ./src/SubSystemModules/Communication/SubsystemCommands/TRXVU_Commands.o
                0x20006bc0                CMD_StartDump
 .text.CMD_SendDumpAbortRequest
                0x20006dc0       0x38 ./src/SubSystemModules/Communication/SubsystemCommands/TRXVU_Commands.o
                0x20006dc0                CMD_SendDumpAbortRequest
 .text.CMD_SetTransponder
                0x20006df8      0x110 ./src/SubSystemModules/Communication/SubsystemCommands/TRXVU_Commands.o
                0x20006df8                CMD_SetTransponder
 .text.CMD_SetRSSITransponder
                0x20006f08       0x90 ./src/SubSystemModules/Communication/SubsystemCommands/TRXVU_Commands.o
                0x20006f08                CMD_SetRSSITransponder
 .text.CMD_MuteTRXVU
                0x20006f98       0xc4 ./src/SubSystemModules/Communication/SubsystemCommands/TRXVU_Commands.o
                0x20006f98                CMD_MuteTRXVU
 .text.CMD_SetIdleState
                0x2000705c       0x94 ./src/SubSystemModules/Communication/SubsystemCommands/TRXVU_Commands.o
                0x2000705c                CMD_SetIdleState
 .text.CMD_UnMuteTRXVU
                0x200070f0       0x38 ./src/SubSystemModules/Communication/SubsystemCommands/TRXVU_Commands.o
                0x200070f0                CMD_UnMuteTRXVU
 .text.CMD_GetBaudRate
                0x20007128       0x6c ./src/SubSystemModules/Communication/SubsystemCommands/TRXVU_Commands.o
                0x20007128                CMD_GetBaudRate
 .text.CMD_TrasmitBeacon
                0x20007194       0x48 ./src/SubSystemModules/Communication/SubsystemCommands/TRXVU_Commands.o
                0x20007194                CMD_TrasmitBeacon
 .text.CMD_GetBeaconInterval
                0x200071dc       0x6c ./src/SubSystemModules/Communication/SubsystemCommands/TRXVU_Commands.o
                0x200071dc                CMD_GetBeaconInterval
 .text.CMD_SetBaudRate
                0x20007248       0x64 ./src/SubSystemModules/Communication/SubsystemCommands/TRXVU_Commands.o
                0x20007248                CMD_SetBaudRate
 .text.CMD_GetTxUptime
                0x200072ac       0x68 ./src/SubSystemModules/Communication/SubsystemCommands/TRXVU_Commands.o
                0x200072ac                CMD_GetTxUptime
 .text.CMD_GetRxUptime
                0x20007314       0x68 ./src/SubSystemModules/Communication/SubsystemCommands/TRXVU_Commands.o
                0x20007314                CMD_GetRxUptime
 .text.CMD_GetNumOfOnlineCommands
                0x2000737c       0x68 ./src/SubSystemModules/Communication/SubsystemCommands/TRXVU_Commands.o
                0x2000737c                CMD_GetNumOfOnlineCommands
 .text.CMD_SecurePing
                0x200073e4       0x6c ./src/SubSystemModules/Communication/SubsystemCommands/TRXVU_Commands.o
                0x200073e4                CMD_SecurePing
 .text.CMD_AntSetArmStatus
                0x20007450       0x3c ./src/SubSystemModules/Communication/SubsystemCommands/TRXVU_Commands.o
                0x20007450                CMD_AntSetArmStatus
 .text.CMD_AntGetArmStatus
                0x2000748c       0x60 ./src/SubSystemModules/Communication/SubsystemCommands/TRXVU_Commands.o
                0x2000748c                CMD_AntGetArmStatus
 .text.CMD_AntGetUptime
                0x200074ec       0x68 ./src/SubSystemModules/Communication/SubsystemCommands/TRXVU_Commands.o
                0x200074ec                CMD_AntGetUptime
 .text.CMD_StopReDeployment
                0x20007554       0x84 ./src/SubSystemModules/Communication/SubsystemCommands/TRXVU_Commands.o
                0x20007554                CMD_StopReDeployment
 .text.CMD_AntCancelDeployment
                0x200075d8       0x68 ./src/SubSystemModules/Communication/SubsystemCommands/TRXVU_Commands.o
                0x200075d8                CMD_AntCancelDeployment
 .text.CMD_DumpRamTLM
                0x20007640      0x180 ./src/SubSystemModules/Communication/SubsystemCommands/TRXVU_Commands.o
                0x20007640                CMD_DumpRamTLM
 .text.SendAckPacket
                0x200077c0       0xfc ./src/SubSystemModules/Communication/AckHandler.o
                0x200077c0                SendAckPacket
 .text.trxvu_command_router
                0x200078bc      0x564 ./src/SubSystemModules/Communication/CommandDictionary.o
                0x200078bc                trxvu_command_router
 .text.eps_command_router
                0x20007e20      0x10c ./src/SubSystemModules/Communication/CommandDictionary.o
                0x20007e20                eps_command_router
 .text.telemetry_command_router
                0x20007f2c      0x23c ./src/SubSystemModules/Communication/CommandDictionary.o
                0x20007f2c                telemetry_command_router
 .text.managment_command_router
                0x20008168      0x144 ./src/SubSystemModules/Communication/CommandDictionary.o
                0x20008168                managment_command_router
 .text.filesystem_command_router
                0x200082ac       0x24 ./src/SubSystemModules/Communication/CommandDictionary.o
                0x200082ac                filesystem_command_router
 .text.sha256_transform
                0x200082d0      0x4b8 ./src/SubSystemModules/Communication/HashSecuredCMD.o
                0x200082d0                sha256_transform
 .text.sha256_init
                0x20008788       0xb8 ./src/SubSystemModules/Communication/HashSecuredCMD.o
                0x20008788                sha256_init
 .text.sha256_update
                0x20008840       0xc8 ./src/SubSystemModules/Communication/HashSecuredCMD.o
                0x20008840                sha256_update
 .text.sha256_final
                0x20008908      0x470 ./src/SubSystemModules/Communication/HashSecuredCMD.o
                0x20008908                sha256_final
 .text.ParseDataToCommand
                0x20008d78      0x1ac ./src/SubSystemModules/Communication/SatCommandHandler.o
                0x20008d78                ParseDataToCommand
 .text.AssembleCommand
                0x20008f24      0x148 ./src/SubSystemModules/Communication/SatCommandHandler.o
                0x20008f24                AssembleCommand
 .text.ActUponCommand
                0x2000906c      0x108 ./src/SubSystemModules/Communication/SatCommandHandler.o
                0x2000906c                ActUponCommand
 .text.setMuteEndTime
                0x20009174       0x40 ./src/SubSystemModules/Communication/TRXVU.o
                0x20009174                setMuteEndTime
 .text.getMuteEndTime
                0x200091b4       0x44 ./src/SubSystemModules/Communication/TRXVU.o
                0x200091b4                getMuteEndTime
 .text.setTransponderEndTime
                0x200091f8       0x40 ./src/SubSystemModules/Communication/TRXVU.o
                0x200091f8                setTransponderEndTime
 .text.getTransponderEndTime
                0x20009238       0x44 ./src/SubSystemModules/Communication/TRXVU.o
                0x20009238                getTransponderEndTime
 .text.setTransponderRSSIinFRAM
                0x2000927c       0x44 ./src/SubSystemModules/Communication/TRXVU.o
                0x2000927c                setTransponderRSSIinFRAM
 .text.getTransponderRSSIFromFRAM
                0x200092c0       0x4c ./src/SubSystemModules/Communication/TRXVU.o
                0x200092c0                getTransponderRSSIFromFRAM
 .text.InitTxModule
                0x2000930c       0x68 ./src/SubSystemModules/Communication/TRXVU.o
                0x2000930c                InitTxModule
 .text.CMD_SetBeaconInterval
                0x20009374       0xdc ./src/SubSystemModules/Communication/TRXVU.o
                0x20009374                CMD_SetBeaconInterval
 .text.InitBeaconParams
                0x20009450       0x3c ./src/SubSystemModules/Communication/TRXVU.o
                0x20009450                InitBeaconParams
 .text.InitSemaphores
                0x2000948c       0x98 ./src/SubSystemModules/Communication/TRXVU.o
                0x2000948c                InitSemaphores
 .text.InitTrxvu
                0x20009524      0x12c ./src/SubSystemModules/Communication/TRXVU.o
                0x20009524                InitTrxvu
 .text.checkIdleFinish
                0x20009650       0x68 ./src/SubSystemModules/Communication/TRXVU.o
                0x20009650                checkIdleFinish
 .text.checkTransponderFinish
                0x200096b8       0x50 ./src/SubSystemModules/Communication/TRXVU.o
                0x200096b8                checkTransponderFinish
 .text.checkTransponderStart
                0x20009708       0x50 ./src/SubSystemModules/Communication/TRXVU.o
                0x20009708                checkTransponderStart
 .text.turnOnTransponder
                0x20009758       0xa0 ./src/SubSystemModules/Communication/TRXVU.o
                0x20009758                turnOnTransponder
 .text.turnOffTransponder
                0x200097f8       0x90 ./src/SubSystemModules/Communication/TRXVU.o
                0x200097f8                turnOffTransponder
 .text.SetRSSITransponder
                0x20009888       0x80 ./src/SubSystemModules/Communication/TRXVU.o
                0x20009888                SetRSSITransponder
 .text.TRX_Logic
                0x20009908       0xe4 ./src/SubSystemModules/Communication/TRXVU.o
                0x20009908                TRX_Logic
 .text.GetNumberOfFramesInBuffer
                0x200099ec       0x94 ./src/SubSystemModules/Communication/TRXVU.o
                0x200099ec                GetNumberOfFramesInBuffer
 .text.GetOnlineCommand
                0x20009a80      0x1d0 ./src/SubSystemModules/Communication/TRXVU.o
                0x20009a80                GetOnlineCommand
 .text.CheckTransmitionAllowed
                0x20009c50       0xc0 ./src/SubSystemModules/Communication/TRXVU.o
                0x20009c50                CheckTransmitionAllowed
 .text.FinishDump
                0x20009d10       0xf0 ./src/SubSystemModules/Communication/TRXVU.o
                0x20009d10                FinishDump
 .text.SendDumpAbortRequest
                0x20009e00       0x6c ./src/SubSystemModules/Communication/TRXVU.o
                0x20009e00                SendDumpAbortRequest
 .text.CheckDumpAbort
                0x20009e6c       0x6c ./src/SubSystemModules/Communication/TRXVU.o
                0x20009e6c                CheckDumpAbort
 .text.BeaconLogic
                0x20009ed8      0x19c ./src/SubSystemModules/Communication/TRXVU.o
                0x20009ed8                BeaconLogic
 .text.SetIdleState
                0x2000a074      0x144 ./src/SubSystemModules/Communication/TRXVU.o
                0x2000a074                SetIdleState
 .text.muteTRXVU
                0x2000a1b8       0x74 ./src/SubSystemModules/Communication/TRXVU.o
                0x2000a1b8                muteTRXVU
 .text.UnMuteTRXVU
                0x2000a22c       0x14 ./src/SubSystemModules/Communication/TRXVU.o
                0x2000a22c                UnMuteTRXVU
 .text.TransmitDataAsSPL_Packet
                0x2000a240      0x12c ./src/SubSystemModules/Communication/TRXVU.o
                0x2000a240                TransmitDataAsSPL_Packet
 .text.Hash256  0x2000a36c       0x7c ./src/SubSystemModules/Communication/TRXVU.o
                0x2000a36c                Hash256
 .text.CMD_Hash256
                0x2000a3e8      0x238 ./src/SubSystemModules/Communication/TRXVU.o
                0x2000a3e8                CMD_Hash256
 .text.TransmitSplPacket
                0x2000a620      0x124 ./src/SubSystemModules/Communication/TRXVU.o
                0x2000a620                TransmitSplPacket
 .text.ChangeTrxvuConfigValues
                0x2000a744      0x124 ./src/SubSystemModules/Communication/TRXVU.o
                0x2000a744                ChangeTrxvuConfigValues
 .text.isFirstActivation
                0x2000a868       0x38 ./src/InitSystem.o
                0x2000a868                isFirstActivation
 .text.WriteDefaultValuesToFRAM
                0x2000a8a0      0x2b8 ./src/InitSystem.o
                0x2000a8a0                WriteDefaultValuesToFRAM
 .text.StartFRAM
                0x2000ab58       0x64 ./src/InitSystem.o
                0x2000ab58                StartFRAM
 .text.StartI2C
                0x2000abbc       0x38 ./src/InitSystem.o
                0x2000abbc                StartI2C
 .text.StartSPI
                0x2000abf4       0x34 ./src/InitSystem.o
                0x2000abf4                StartSPI
 .text.StartTIME
                0x2000ac28       0xbc ./src/InitSystem.o
                0x2000ac28                StartTIME
 .text.DeploySystem
                0x2000ace4      0x1c8 ./src/InitSystem.o
                0x2000ace4                DeploySystem
 .text.InitSubsystems
                0x2000aeac       0x64 ./src/InitSystem.o
                0x2000aeac                InitSubsystems
 .text.CMD_getInfoImage
                0x2000af10      0x158 ./src/TLM_management.o
                0x2000af10                CMD_getInfoImage
 .text.CMD_getDataImage
                0x2000b068      0x218 ./src/TLM_management.o
                0x2000b068                CMD_getDataImage
 .text.delete_allTMFilesFromSD
                0x2000b280       0x8c ./src/TLM_management.o
                0x2000b280                delete_allTMFilesFromSD
 .text.deleteTLMFiles
                0x2000b30c       0x94 ./src/TLM_management.o
                0x2000b30c                deleteTLMFiles
 .text.deleteTLMFile
                0x2000b3a0       0xcc ./src/TLM_management.o
                0x2000b3a0                deleteTLMFile
 .text.deleteTLMbyMonth
                0x2000b46c       0xac ./src/TLM_management.o
                0x2000b46c                deleteTLMbyMonth
 .text.deleteDirectory
                0x2000b518      0x158 ./src/TLM_management.o
                0x2000b518                deleteDirectory
 .text.InitializeFS
                0x2000b670       0xec ./src/TLM_management.o
                0x2000b670                InitializeFS
 .text.calculateFileName
                0x2000b75c      0x130 ./src/TLM_management.o
                0x2000b75c                calculateFileName
 .text.getTlmTypeInfo
                0x2000b88c      0x264 ./src/TLM_management.o
                0x2000b88c                getTlmTypeInfo
 .text.write2File
                0x2000baf0      0x1dc ./src/TLM_management.o
                0x2000baf0                write2File
 .text.printTLM
                0x2000bccc       0x24 ./src/TLM_management.o
                0x2000bccc                printTLM
 .text.readTLMFile
                0x2000bcf0      0x328 ./src/TLM_management.o
                0x2000bcf0                readTLMFile
 .text.readTLMFiles
                0x2000c018       0xdc ./src/TLM_management.o
                0x2000c018                readTLMFiles
 .text.readTLMFileTimeRange
                0x2000c0f4      0x2f0 ./src/TLM_management.o
                0x2000c0f4                readTLMFileTimeRange
 .text.DeInitializeFS
                0x2000c3e4       0x38 ./src/TLM_management.o
                0x2000c3e4                DeInitializeFS
 .text.taskMain
                0x2000c41c       0x80 ./src/main.o
                0x2000c41c                taskMain
 .text.main     0x2000c49c       0x98 ./src/main.o
                0x2000c49c                main
 .text.timeU2time
                0x2000c534       0xbc ./src/utils.o
                0x2000c534                timeU2time
 .text.logError
                0x2000c5f0      0x148 ./src/utils.o
                0x2000c5f0                logError
 .text.clearPDCtransfers
                0x2000c738       0xe8 C:/ISIS/workspace/ycube/GlobusSatProject/..//hal/hal/lib\libHALD.a(SPI.o)
 .text.SPI_start
                0x2000c820      0x4b0 C:/ISIS/workspace/ycube/GlobusSatProject/..//hal/hal/lib\libHALD.a(SPI.o)
                0x2000c820                SPI_start
 .text.SPI_stop
                0x2000ccd0      0x244 C:/ISIS/workspace/ycube/GlobusSatProject/..//hal/hal/lib\libHALD.a(SPI.o)
                0x2000ccd0                SPI_stop
 .text.SPI_queueTransfer
                0x2000cf14      0x1cc C:/ISIS/workspace/ycube/GlobusSatProject/..//hal/hal/lib\libHALD.a(SPI.o)
                0x2000cf14                SPI_queueTransfer
 .text.SPI_internalCallback
                0x2000d0e0       0x64 C:/ISIS/workspace/ycube/GlobusSatProject/..//hal/hal/lib\libHALD.a(SPI.o)
 .text.SPI_writeRead
                0x2000d144      0x1c0 C:/ISIS/workspace/ycube/GlobusSatProject/..//hal/hal/lib\libHALD.a(SPI.o)
                0x2000d144                SPI_writeRead
 .text.waitForTransfer
                0x2000d304       0x78 C:/ISIS/workspace/ycube/GlobusSatProject/..//hal/hal/lib\libHALD.a(SPI.o)
 .text.SPI_getDriverState
                0x2000d37c       0x58 C:/ISIS/workspace/ycube/GlobusSatProject/..//hal/hal/lib\libHALD.a(SPI.o)
                0x2000d37c                SPI_getDriverState
 .text.validateTransferParameters
                0x2000d3d4      0x10c C:/ISIS/workspace/ycube/GlobusSatProject/..//hal/hal/lib\libHALD.a(I2C.o)
 .text.I2C_queueTransfer
                0x2000d4e0       0xfc C:/ISIS/workspace/ycube/GlobusSatProject/..//hal/hal/lib\libHALD.a(I2C.o)
                0x2000d4e0                I2C_queueTransfer
 .text.I2C_internalCallback
                0x2000d5dc       0x64 C:/ISIS/workspace/ycube/GlobusSatProject/..//hal/hal/lib\libHALD.a(I2C.o)
 .text.I2C_doBlockingTransfer
                0x2000d640      0x180 C:/ISIS/workspace/ycube/GlobusSatProject/..//hal/hal/lib\libHALD.a(I2C.o)
 .text.I2C_write
                0x2000d7c0      0x110 C:/ISIS/workspace/ycube/GlobusSatProject/..//hal/hal/lib\libHALD.a(I2C.o)
                0x2000d7c0                I2C_write
 .text.I2C_read
                0x2000d8d0      0x110 C:/ISIS/workspace/ycube/GlobusSatProject/..//hal/hal/lib\libHALD.a(I2C.o)
                0x2000d8d0                I2C_read
 .text.I2C_writeRead
                0x2000d9e0      0x17c C:/ISIS/workspace/ycube/GlobusSatProject/..//hal/hal/lib\libHALD.a(I2C.o)
                0x2000d9e0                I2C_writeRead
 .text.I2C_start
                0x2000db5c      0x2e8 C:/ISIS/workspace/ycube/GlobusSatProject/..//hal/hal/lib\libHALD.a(I2C.o)
                0x2000db5c                I2C_start
 .text.I2C_stop
                0x2000de44      0x184 C:/ISIS/workspace/ycube/GlobusSatProject/..//hal/hal/lib\libHALD.a(I2C.o)
                0x2000de44                I2C_stop
 .text.I2C_setTransferTimeout
                0x2000dfc8       0x48 C:/ISIS/workspace/ycube/GlobusSatProject/..//hal/hal/lib\libHALD.a(I2C.o)
                0x2000dfc8                I2C_setTransferTimeout
 .text.ADC_ConvertRaw10bitToMillivolt
                0x2000e010       0x50 C:/ISIS/workspace/ycube/GlobusSatProject/..//hal/hal/lib\libHALD.a(ADC.o)
                0x2000e010                ADC_ConvertRaw10bitToMillivolt
 .text.ADC_SingleShot
                0x2000e060      0x230 C:/ISIS/workspace/ycube/GlobusSatProject/..//hal/hal/lib\libHALD.a(ADC.o)
                0x2000e060                ADC_SingleShot
 .text.FRAM_start
                0x2000e290      0x120 C:/ISIS/workspace/ycube/GlobusSatProject/..//hal/hal/lib\libHALD.a(FRAM.o)
                0x2000e290                FRAM_start
 .text.FRAM_stop
                0x2000e3b0       0x6c C:/ISIS/workspace/ycube/GlobusSatProject/..//hal/hal/lib\libHALD.a(FRAM.o)
                0x2000e3b0                FRAM_stop
 .text.FRAM_dummyCallback
                0x2000e41c       0x24 C:/ISIS/workspace/ycube/GlobusSatProject/..//hal/hal/lib\libHALD.a(FRAM.o)
                0x2000e41c                FRAM_dummyCallback
 .text.FRAM_unlockingCallback
                0x2000e440       0x64 C:/ISIS/workspace/ycube/GlobusSatProject/..//hal/hal/lib\libHALD.a(FRAM.o)
                0x2000e440                FRAM_unlockingCallback
 .text.doBlockingTransfer
                0x2000e4a4       0x78 C:/ISIS/workspace/ycube/GlobusSatProject/..//hal/hal/lib\libHALD.a(FRAM.o)
 .text.FRAM_writePacket
                0x2000e51c      0x134 C:/ISIS/workspace/ycube/GlobusSatProject/..//hal/hal/lib\libHALD.a(FRAM.o)
 .text.FRAM_write
                0x2000e650      0x1e0 C:/ISIS/workspace/ycube/GlobusSatProject/..//hal/hal/lib\libHALD.a(FRAM.o)
                0x2000e650                FRAM_write
 .text.FRAM_readPacket
                0x2000e830       0xf0 C:/ISIS/workspace/ycube/GlobusSatProject/..//hal/hal/lib\libHALD.a(FRAM.o)
 .text.FRAM_read
                0x2000e920      0x1ec C:/ISIS/workspace/ycube/GlobusSatProject/..//hal/hal/lib\libHALD.a(FRAM.o)
                0x2000e920                FRAM_read
 .text.Time_start
                0x2000eb0c      0x170 C:/ISIS/workspace/ycube/GlobusSatProject/..//hal/hal/lib\libHALD.a(Time.o)
                0x2000eb0c                Time_start
 .text.taskTimeSync
                0x2000ec7c       0x64 C:/ISIS/workspace/ycube/GlobusSatProject/..//hal/hal/lib\libHALD.a(Time.o)
 .text.Time_convertEpochToTime
                0x2000ece0      0x100 C:/ISIS/workspace/ycube/GlobusSatProject/..//hal/hal/lib\libHALD.a(Time.o)
                0x2000ece0                Time_convertEpochToTime
 .text.Time_calculateSecondsOfYear
                0x2000ede0       0xd8 C:/ISIS/workspace/ycube/GlobusSatProject/..//hal/hal/lib\libHALD.a(Time.o)
 .text.Time_set
                0x2000eeb8       0xd8 C:/ISIS/workspace/ycube/GlobusSatProject/..//hal/hal/lib\libHALD.a(Time.o)
                0x2000eeb8                Time_set
 .text.Time_isLeapYear
                0x2000ef90       0x98 C:/ISIS/workspace/ycube/GlobusSatProject/..//hal/hal/lib\libHALD.a(Time.o)
                0x2000ef90                Time_isLeapYear
 .text.Time_get
                0x2000f028      0x478 C:/ISIS/workspace/ycube/GlobusSatProject/..//hal/hal/lib\libHALD.a(Time.o)
                0x2000f028                Time_get
 .text.Time_getUnixEpoch
                0x2000f4a0      0x108 C:/ISIS/workspace/ycube/GlobusSatProject/..//hal/hal/lib\libHALD.a(Time.o)
                0x2000f4a0                Time_getUnixEpoch
 .text.Time_secondsOfYearToTime
                0x2000f5a8      0x33c C:/ISIS/workspace/ycube/GlobusSatProject/..//hal/hal/lib\libHALD.a(Time.o)
 .text.Time_setUnixEpoch
                0x2000f8e4       0x54 C:/ISIS/workspace/ycube/GlobusSatProject/..//hal/hal/lib\libHALD.a(Time.o)
                0x2000f8e4                Time_setUnixEpoch
 .text.Time_getUptimeSeconds
                0x2000f938       0x28 C:/ISIS/workspace/ycube/GlobusSatProject/..//hal/hal/lib\libHALD.a(Time.o)
                0x2000f938                Time_getUptimeSeconds
 .text.Time_sync
                0x2000f960      0x1a8 C:/ISIS/workspace/ycube/GlobusSatProject/..//hal/hal/lib\libHALD.a(Time.o)
                0x2000f960                Time_sync
 .text.Time_syncIfNeeded
                0x2000fb08       0xac C:/ISIS/workspace/ycube/GlobusSatProject/..//hal/hal/lib\libHALD.a(Time.o)
                0x2000fb08                Time_syncIfNeeded
 .text.WDT_start
                0x2000fbb4       0x48 C:/ISIS/workspace/ycube/GlobusSatProject/..//hal/hal/lib\libHALD.a(WatchDogTimerNoOS.o)
                0x2000fbb4                WDT_start
 .text.RTT_start
                0x2000fbfc       0x24 C:/ISIS/workspace/ycube/GlobusSatProject/..//hal/hal/lib\libHALD.a(RTT.o)
                0x2000fbfc                RTT_start
 .text.RTT_GetTime
                0x2000fc20       0x24 C:/ISIS/workspace/ycube/GlobusSatProject/..//hal/hal/lib\libHALD.a(RTT.o)
                0x2000fc20                RTT_GetTime
 .text.RTC_start
                0x2000fc44       0x3c C:/ISIS/workspace/ycube/GlobusSatProject/..//hal/hal/lib\libHALD.a(RTC.o)
                0x2000fc44                RTC_start
 .text.RTC_setTime
                0x2000fc80      0x2a4 C:/ISIS/workspace/ycube/GlobusSatProject/..//hal/hal/lib\libHALD.a(RTC.o)
                0x2000fc80                RTC_setTime
 .text.RTC_getTime
                0x2000ff24      0x230 C:/ISIS/workspace/ycube/GlobusSatProject/..//hal/hal/lib\libHALD.a(RTC.o)
                0x2000ff24                RTC_getTime
 .text.RTC_checkTimeValid
                0x20010154       0xd8 C:/ISIS/workspace/ycube/GlobusSatProject/..//hal/hal/lib\libHALD.a(RTC.o)
                0x20010154                RTC_checkTimeValid
 .text.WDT_startWatchdogKickTask
                0x2001022c       0xb4 C:/ISIS/workspace/ycube/GlobusSatProject/..//hal/hal/lib\libHALD.a(WatchDogTimerOS.o)
                0x2001022c                WDT_startWatchdogKickTask
 .text.WDT_forceKickEveryNms
                0x200102e0       0x50 C:/ISIS/workspace/ycube/GlobusSatProject/..//hal/hal/lib\libHALD.a(WatchDogTimerOS.o)
                0x200102e0                WDT_forceKickEveryNms
 .text.f_puts   0x20010330       0x80 C:/ISIS/workspace/ycube/GlobusSatProject/..//hal/hal/lib\libHALD.a(fprintf.o)
                0x20010330                f_puts
 .text.LED_glow
                0x200103b0       0x58 C:/ISIS/workspace/ycube/GlobusSatProject/..//hal/hal/lib\libHALD.a(LED.o)
                0x200103b0                LED_glow
 .text.LED_dark
                0x20010408       0x58 C:/ISIS/workspace/ycube/GlobusSatProject/..//hal/hal/lib\libHALD.a(LED.o)
                0x20010408                LED_dark
 .text.LED_toggle
                0x20010460       0x50 C:/ISIS/workspace/ycube/GlobusSatProject/..//hal/hal/lib\libHALD.a(LED.o)
                0x20010460                LED_toggle
 .text.fm_initvolume
                0x200104b0       0x70 C:/ISIS/workspace/ycube/GlobusSatProject/..//hal/hcc/lib\libHCCD.a(fat_m.o)
                0x200104b0                fm_initvolume
 .text.fm_delvolume
                0x20010520       0x60 C:/ISIS/workspace/ycube/GlobusSatProject/..//hal/hcc/lib\libHCCD.a(fat_m.o)
                0x20010520                fm_delvolume
 .text.fm_format
                0x20010580       0x68 C:/ISIS/workspace/ycube/GlobusSatProject/..//hal/hcc/lib\libHCCD.a(fat_m.o)
                0x20010580                fm_format
 .text.fm_getdrive
                0x200105e8       0x70 C:/ISIS/workspace/ycube/GlobusSatProject/..//hal/hcc/lib\libHCCD.a(fat_m.o)
                0x200105e8                fm_getdrive
 .text.fm_getfreespace
                0x20010658       0x68 C:/ISIS/workspace/ycube/GlobusSatProject/..//hal/hcc/lib\libHCCD.a(fat_m.o)
                0x20010658                fm_getfreespace
 .text.fm_mkdir
                0x200106c0       0x60 C:/ISIS/workspace/ycube/GlobusSatProject/..//hal/hcc/lib\libHCCD.a(fat_m.o)
                0x200106c0                fm_mkdir
 .text.fm_rmdir
                0x20010720       0x60 C:/ISIS/workspace/ycube/GlobusSatProject/..//hal/hcc/lib\libHCCD.a(fat_m.o)
                0x20010720                fm_rmdir
 .text.fm_findfirst
                0x20010780       0x68 C:/ISIS/workspace/ycube/GlobusSatProject/..//hal/hcc/lib\libHCCD.a(fat_m.o)
                0x20010780                fm_findfirst
 .text.fm_findnext
                0x200107e8       0x60 C:/ISIS/workspace/ycube/GlobusSatProject/..//hal/hcc/lib\libHCCD.a(fat_m.o)
                0x200107e8                fm_findnext
 .text.fm_close
                0x20010848       0x60 C:/ISIS/workspace/ycube/GlobusSatProject/..//hal/hcc/lib\libHCCD.a(fat_m.o)
                0x20010848                fm_close
 .text.fm_flush
                0x200108a8       0x60 C:/ISIS/workspace/ycube/GlobusSatProject/..//hal/hcc/lib\libHCCD.a(fat_m.o)
                0x200108a8                fm_flush
 .text.fm_open  0x20010908       0x68 C:/ISIS/workspace/ycube/GlobusSatProject/..//hal/hcc/lib\libHCCD.a(fat_m.o)
                0x20010908                fm_open
 .text.fm_read  0x20010970       0x7c C:/ISIS/workspace/ycube/GlobusSatProject/..//hal/hcc/lib\libHCCD.a(fat_m.o)
                0x20010970                fm_read
 .text.fm_write
                0x200109ec       0x7c C:/ISIS/workspace/ycube/GlobusSatProject/..//hal/hcc/lib\libHCCD.a(fat_m.o)
                0x200109ec                fm_write
 .text.fm_seek  0x20010a68       0x70 C:/ISIS/workspace/ycube/GlobusSatProject/..//hal/hcc/lib\libHCCD.a(fat_m.o)
                0x20010a68                fm_seek
 .text.fm_tell  0x20010ad8       0x60 C:/ISIS/workspace/ycube/GlobusSatProject/..//hal/hcc/lib\libHCCD.a(fat_m.o)
                0x20010ad8                fm_tell
 .text.fm_putc  0x20010b38       0x68 C:/ISIS/workspace/ycube/GlobusSatProject/..//hal/hcc/lib\libHCCD.a(fat_m.o)
                0x20010b38                fm_putc
 .text.fm_rewind
                0x20010ba0       0x60 C:/ISIS/workspace/ycube/GlobusSatProject/..//hal/hcc/lib\libHCCD.a(fat_m.o)
                0x20010ba0                fm_rewind
 .text.fm_delete
                0x20010c00       0x64 C:/ISIS/workspace/ycube/GlobusSatProject/..//hal/hcc/lib\libHCCD.a(fat_m.o)
                0x20010c00                fm_delete
 .text.fm_getlasterror
                0x20010c64       0x40 C:/ISIS/workspace/ycube/GlobusSatProject/..//hal/hcc/lib\libHCCD.a(fat_m.o)
                0x20010c64                fm_getlasterror
 .text._f_invalidatedir
                0x20010ca4       0x28 C:/ISIS/workspace/ycube/GlobusSatProject/..//hal/hcc/lib\libHCCD.a(fat.o)
                0x20010ca4                _f_invalidatedir
 .text._f_getdirsector
                0x20010ccc       0x88 C:/ISIS/workspace/ycube/GlobusSatProject/..//hal/hcc/lib\libHCCD.a(fat.o)
                0x20010ccc                _f_getdirsector
 .text._f_writedirsector
                0x20010d54       0x74 C:/ISIS/workspace/ycube/GlobusSatProject/..//hal/hcc/lib\libHCCD.a(fat.o)
                0x20010d54                _f_writedirsector
 .text._f_checknameinv
                0x20010dc8      0x180 C:/ISIS/workspace/ycube/GlobusSatProject/..//hal/hcc/lib\libHCCD.a(fat.o)
 .text._f_checkname
                0x20010f48       0x7c C:/ISIS/workspace/ycube/GlobusSatProject/..//hal/hcc/lib\libHCCD.a(fat.o)
 .text._f_checknamewc
                0x20010fc4       0xf8 C:/ISIS/workspace/ycube/GlobusSatProject/..//hal/hcc/lib\libHCCD.a(fat.o)
 .text._f_setnameext
                0x200110bc      0x300 C:/ISIS/workspace/ycube/GlobusSatProject/..//hal/hcc/lib\libHCCD.a(fat.o)
 .text._f_setfsname
                0x200113bc      0x584 C:/ISIS/workspace/ycube/GlobusSatProject/..//hal/hcc/lib\libHCCD.a(fat.o)
 .text._f_findfile
                0x20011940      0x30c C:/ISIS/workspace/ycube/GlobusSatProject/..//hal/hcc/lib\libHCCD.a(fat.o)
 .text._f_cmp_wname
                0x20011c4c      0x274 C:/ISIS/workspace/ycube/GlobusSatProject/..//hal/hcc/lib\libHCCD.a(fat.o)
 .text._f_to_string
                0x20011ec0      0x130 C:/ISIS/workspace/ycube/GlobusSatProject/..//hal/hcc/lib\libHCCD.a(fat.o)
 .text._f_findfilewc
                0x20011ff0      0x278 C:/ISIS/workspace/ycube/GlobusSatProject/..//hal/hcc/lib\libHCCD.a(fat.o)
 .text._f_getfilename
                0x20012268      0x20c C:/ISIS/workspace/ycube/GlobusSatProject/..//hal/hcc/lib\libHCCD.a(fat.o)
 .text._f_findpath
                0x20012474      0x35c C:/ISIS/workspace/ycube/GlobusSatProject/..//hal/hcc/lib\libHCCD.a(fat.o)
 .text.fn_getdcwd
                0x200127d0      0x1e0 C:/ISIS/workspace/ycube/GlobusSatProject/..//hal/hcc/lib\libHCCD.a(fat.o)
                0x200127d0                fn_getdcwd
 .text.fn_findfirst
                0x200129b0      0x13c C:/ISIS/workspace/ycube/GlobusSatProject/..//hal/hcc/lib\libHCCD.a(fat.o)
                0x200129b0                fn_findfirst
 .text.fn_findnext
                0x20012aec      0x360 C:/ISIS/workspace/ycube/GlobusSatProject/..//hal/hcc/lib\libHCCD.a(fat.o)
                0x20012aec                fn_findnext
 .text._f_lock_resfile
                0x20012e4c       0x6c C:/ISIS/workspace/ycube/GlobusSatProject/..//hal/hcc/lib\libHCCD.a(fat.o)
 .text._f_unlock_resfile
                0x20012eb8       0x40 C:/ISIS/workspace/ycube/GlobusSatProject/..//hal/hcc/lib\libHCCD.a(fat.o)
 .text._f_getintfile
                0x20012ef8      0x124 C:/ISIS/workspace/ycube/GlobusSatProject/..//hal/hcc/lib\libHCCD.a(fat.o)
 .text._f_addentry
                0x2001301c      0x540 C:/ISIS/workspace/ycube/GlobusSatProject/..//hal/hcc/lib\libHCCD.a(fat.o)
 .text.fn_mkdir
                0x2001355c      0x75c C:/ISIS/workspace/ycube/GlobusSatProject/..//hal/hcc/lib\libHCCD.a(fat.o)
                0x2001355c                fn_mkdir
 .text.fn_open_sub
                0x20013cb8     0x1698 C:/ISIS/workspace/ycube/GlobusSatProject/..//hal/hcc/lib\libHCCD.a(fat.o)
 .text.fn_open  0x20015350       0x44 C:/ISIS/workspace/ycube/GlobusSatProject/..//hal/hcc/lib\libHCCD.a(fat.o)
                0x20015350                fn_open
 .text.fn_delete
                0x20015394      0x490 C:/ISIS/workspace/ycube/GlobusSatProject/..//hal/hcc/lib\libHCCD.a(fat.o)
                0x20015394                fn_delete
 .text.fn_rmdir
                0x20015824      0x5ac C:/ISIS/workspace/ycube/GlobusSatProject/..//hal/hcc/lib\libHCCD.a(fat.o)
                0x20015824                fn_rmdir
 .text.fn_init  0x20015dd0      0x2dc C:/ISIS/workspace/ycube/GlobusSatProject/..//hal/hcc/lib\libHCCD.a(fat_common.o)
                0x20015dd0                fn_init
 .text.fn_start
                0x200160ac       0x1c C:/ISIS/workspace/ycube/GlobusSatProject/..//hal/hcc/lib\libHCCD.a(fat_common.o)
                0x200160ac                fn_start
 .text.fsn_delete
                0x200160c8       0xc8 C:/ISIS/workspace/ycube/GlobusSatProject/..//hal/hcc/lib\libHCCD.a(fat_common.o)
                0x200160c8                fsn_delete
 .text._f_get16bitl
                0x20016190       0x4c C:/ISIS/workspace/ycube/GlobusSatProject/..//hal/hcc/lib\libHCCD.a(fat_common.o)
                0x20016190                _f_get16bitl
 .text._f_set16bitl
                0x200161dc       0x54 C:/ISIS/workspace/ycube/GlobusSatProject/..//hal/hcc/lib\libHCCD.a(fat_common.o)
                0x200161dc                _f_set16bitl
 .text._f_get32bitl
                0x20016230       0x68 C:/ISIS/workspace/ycube/GlobusSatProject/..//hal/hcc/lib\libHCCD.a(fat_common.o)
                0x20016230                _f_get32bitl
 .text._f_set32bitl
                0x20016298       0x78 C:/ISIS/workspace/ycube/GlobusSatProject/..//hal/hcc/lib\libHCCD.a(fat_common.o)
                0x20016298                _f_set32bitl
 .text._get8bit
                0x20016310       0xa0 C:/ISIS/workspace/ycube/GlobusSatProject/..//hal/hcc/lib\libHCCD.a(fat_common.o)
 .text._get16bitl
                0x200163b0       0x40 C:/ISIS/workspace/ycube/GlobusSatProject/..//hal/hcc/lib\libHCCD.a(fat_common.o)
 .text._get32bitl
                0x200163f0       0x3c C:/ISIS/workspace/ycube/GlobusSatProject/..//hal/hcc/lib\libHCCD.a(fat_common.o)
 .text._set8bitzero
                0x2001642c       0x6c C:/ISIS/workspace/ycube/GlobusSatProject/..//hal/hcc/lib\libHCCD.a(fat_common.o)
 .text._set8bit
                0x20016498       0xa0 C:/ISIS/workspace/ycube/GlobusSatProject/..//hal/hcc/lib\libHCCD.a(fat_common.o)
 .text._set16bitl
                0x20016538       0x3c C:/ISIS/workspace/ycube/GlobusSatProject/..//hal/hcc/lib\libHCCD.a(fat_common.o)
 .text._set32bitl
                0x20016574       0x34 C:/ISIS/workspace/ycube/GlobusSatProject/..//hal/hcc/lib\libHCCD.a(fat_common.o)
 .text._f_setcardremoved
                0x200165a8       0x94 C:/ISIS/workspace/ycube/GlobusSatProject/..//hal/hcc/lib\libHCCD.a(fat_common.o)
 .text._f_checkstatus
                0x2001663c      0x104 C:/ISIS/workspace/ycube/GlobusSatProject/..//hal/hcc/lib\libHCCD.a(fat_common.o)
                0x2001663c                _f_checkstatus
 .text._f_drvgetphy
                0x20016740      0x114 C:/ISIS/workspace/ycube/GlobusSatProject/..//hal/hcc/lib\libHCCD.a(fat_common.o)
 .text._f_drvwritesector
                0x20016854       0xdc C:/ISIS/workspace/ycube/GlobusSatProject/..//hal/hcc/lib\libHCCD.a(fat_common.o)
 .text._f_drvreadsector
                0x20016930       0xa8 C:/ISIS/workspace/ycube/GlobusSatProject/..//hal/hcc/lib\libHCCD.a(fat_common.o)
 .text._f_writesector
                0x200169d8      0x23c C:/ISIS/workspace/ycube/GlobusSatProject/..//hal/hcc/lib\libHCCD.a(fat_common.o)
                0x200169d8                _f_writesector
 .text._f_readsector
                0x20016c14      0x1dc C:/ISIS/workspace/ycube/GlobusSatProject/..//hal/hcc/lib\libHCCD.a(fat_common.o)
                0x20016c14                _f_readsector
 .text._f_getmaxcluster
                0x20016df0       0x94 C:/ISIS/workspace/ycube/GlobusSatProject/..//hal/hcc/lib\libHCCD.a(fat_common.o)
                0x20016df0                _f_getmaxcluster
 .text._getsectorfromcluster
                0x20016e84       0x68 C:/ISIS/workspace/ycube/GlobusSatProject/..//hal/hcc/lib\libHCCD.a(fat_common.o)
 .text._f_buildsectors
                0x20016eec      0x268 C:/ISIS/workspace/ycube/GlobusSatProject/..//hal/hcc/lib\libHCCD.a(fat_common.o)
 .text._f_getbootrecord
                0x20017154      0x5e4 C:/ISIS/workspace/ycube/GlobusSatProject/..//hal/hcc/lib\libHCCD.a(fat_common.o)
 .text._f_readbootrecord
                0x20017738      0x4f8 C:/ISIS/workspace/ycube/GlobusSatProject/..//hal/hcc/lib\libHCCD.a(fat_common.o)
 .text._f_writebootrecord
                0x20017c30      0x5e4 C:/ISIS/workspace/ycube/GlobusSatProject/..//hal/hcc/lib\libHCCD.a(fat_common.o)
 .text._f_flushcffiles
                0x20018214      0x17c C:/ISIS/workspace/ycube/GlobusSatProject/..//hal/hcc/lib\libHCCD.a(fat_common.o)
                0x20018214                _f_flushcffiles
 .text._f_fatcache_flush
                0x20018390      0x270 C:/ISIS/workspace/ycube/GlobusSatProject/..//hal/hcc/lib\libHCCD.a(fat_common.o)
                0x20018390                _f_fatcache_flush
 .text._f_writefatsector
                0x20018600      0x100 C:/ISIS/workspace/ycube/GlobusSatProject/..//hal/hcc/lib\libHCCD.a(fat_common.o)
                0x20018600                _f_writefatsector
 .text._f_getfatsector
                0x20018700      0x3bc C:/ISIS/workspace/ycube/GlobusSatProject/..//hal/hcc/lib\libHCCD.a(fat_common.o)
 .text._f_setclustervalue
                0x20018abc      0x490 C:/ISIS/workspace/ycube/GlobusSatProject/..//hal/hcc/lib\libHCCD.a(fat_common.o)
                0x20018abc                _f_setclustervalue
 .text._f_getclustervalue
                0x20018f4c      0x388 C:/ISIS/workspace/ycube/GlobusSatProject/..//hal/hcc/lib\libHCCD.a(fat_common.o)
                0x20018f4c                _f_getclustervalue
 .text._f_close_drive_files
                0x200192d4       0xac C:/ISIS/workspace/ycube/GlobusSatProject/..//hal/hcc/lib\libHCCD.a(fat_common.o)
 .text._f_inc_mount_count
                0x20019380       0xa4 C:/ISIS/workspace/ycube/GlobusSatProject/..//hal/hcc/lib\libHCCD.a(fat_common.o)
 .text._f_getvolume
                0x20019424      0x2f8 C:/ISIS/workspace/ycube/GlobusSatProject/..//hal/hcc/lib\libHCCD.a(fat_common.o)
                0x20019424                _f_getvolume
 .text.fn_createdriver
                0x2001971c      0x118 C:/ISIS/workspace/ycube/GlobusSatProject/..//hal/hcc/lib\libHCCD.a(fat_common.o)
                0x2001971c                fn_createdriver
 .text.fn_initvolume
                0x20019834      0x12c C:/ISIS/workspace/ycube/GlobusSatProject/..//hal/hcc/lib\libHCCD.a(fat_common.o)
                0x20019834                fn_initvolume
 .text.fn_releasedriver
                0x20019960       0xf4 C:/ISIS/workspace/ycube/GlobusSatProject/..//hal/hcc/lib\libHCCD.a(fat_common.o)
                0x20019960                fn_releasedriver
 .text.fn_initvolumepartition_sub
                0x20019a54       0xe0 C:/ISIS/workspace/ycube/GlobusSatProject/..//hal/hcc/lib\libHCCD.a(fat_common.o)
 .text.fn_initvolumepartition
                0x20019b34       0xac C:/ISIS/workspace/ycube/GlobusSatProject/..//hal/hcc/lib\libHCCD.a(fat_common.o)
                0x20019b34                fn_initvolumepartition
 .text.fn_delvolume
                0x20019be0      0x194 C:/ISIS/workspace/ycube/GlobusSatProject/..//hal/hcc/lib\libHCCD.a(fat_common.o)
                0x20019be0                fn_delvolume
 .text._f_clustertopos
                0x20019d74       0xf8 C:/ISIS/workspace/ycube/GlobusSatProject/..//hal/hcc/lib\libHCCD.a(fat_common.o)
                0x20019d74                _f_clustertopos
 .text._f_prepareformat
                0x20019e6c      0x8b8 C:/ISIS/workspace/ycube/GlobusSatProject/..//hal/hcc/lib\libHCCD.a(fat_common.o)
 .text._f_resetfatentries
                0x2001a724      0x410 C:/ISIS/workspace/ycube/GlobusSatProject/..//hal/hcc/lib\libHCCD.a(fat_common.o)
 .text._f_resetrootdir
                0x2001ab34       0xcc C:/ISIS/workspace/ycube/GlobusSatProject/..//hal/hcc/lib\libHCCD.a(fat_common.o)
 .text._f_postformat
                0x2001ac00      0x178 C:/ISIS/workspace/ycube/GlobusSatProject/..//hal/hcc/lib\libHCCD.a(fat_common.o)
 .text.fn_format
                0x2001ad78      0x148 C:/ISIS/workspace/ycube/GlobusSatProject/..//hal/hcc/lib\libHCCD.a(fat_common.o)
                0x2001ad78                fn_format
 .text._f_getcurrsector
                0x2001aec0      0x6c8 C:/ISIS/workspace/ycube/GlobusSatProject/..//hal/hcc/lib\libHCCD.a(fat_common.o)
                0x2001aec0                _f_getcurrsector
 .text._f_getdecluster
                0x2001b588       0x90 C:/ISIS/workspace/ycube/GlobusSatProject/..//hal/hcc/lib\libHCCD.a(fat_common.o)
                0x2001b588                _f_getdecluster
 .text._f_setdecluster
                0x2001b618       0x8c C:/ISIS/workspace/ycube/GlobusSatProject/..//hal/hcc/lib\libHCCD.a(fat_common.o)
                0x2001b618                _f_setdecluster
 .text.fn_getdrive
                0x2001b6a4       0x30 C:/ISIS/workspace/ycube/GlobusSatProject/..//hal/hcc/lib\libHCCD.a(fat_common.o)
                0x2001b6a4                fn_getdrive
 .text._f_getcurrenttimedate
                0x2001b6d4      0x138 C:/ISIS/workspace/ycube/GlobusSatProject/..//hal/hcc/lib\libHCCD.a(fat_common.o)
                0x2001b6d4                _f_getcurrenttimedate
 .text._f_initentry
                0x2001b80c       0xa0 C:/ISIS/workspace/ycube/GlobusSatProject/..//hal/hcc/lib\libHCCD.a(fat_common.o)
                0x2001b80c                _f_initentry
 .text._f_alloccluster
                0x2001b8ac      0x344 C:/ISIS/workspace/ycube/GlobusSatProject/..//hal/hcc/lib\libHCCD.a(fat_common.o)
                0x2001b8ac                _f_alloccluster
 .text._f_dobadblock
                0x2001bbf0      0x2cc C:/ISIS/workspace/ycube/GlobusSatProject/..//hal/hcc/lib\libHCCD.a(fat_common.o)
                0x2001bbf0                _f_dobadblock
 .text._f_checklocked
                0x2001bebc       0xe4 C:/ISIS/workspace/ycube/GlobusSatProject/..//hal/hcc/lib\libHCCD.a(fat_common.o)
                0x2001bebc                _f_checklocked
 .text._f_checkappendlocked
                0x2001bfa0      0x110 C:/ISIS/workspace/ycube/GlobusSatProject/..//hal/hcc/lib\libHCCD.a(fat_common.o)
                0x2001bfa0                _f_checkappendlocked
 .text._f_setsyncafile
                0x2001c0b0      0x114 C:/ISIS/workspace/ycube/GlobusSatProject/..//hal/hcc/lib\libHCCD.a(fat_common.o)
                0x2001c0b0                _f_setsyncafile
 .text._f_syncfiles
                0x2001c1c4      0x128 C:/ISIS/workspace/ycube/GlobusSatProject/..//hal/hcc/lib\libHCCD.a(fat_common.o)
                0x2001c1c4                _f_syncfiles
 .text._f_syncfilescontent
                0x2001c2ec      0x15c C:/ISIS/workspace/ycube/GlobusSatProject/..//hal/hcc/lib\libHCCD.a(fat_common.o)
 .text.fn_getfreespace
                0x2001c448      0x4c0 C:/ISIS/workspace/ycube/GlobusSatProject/..//hal/hcc/lib\libHCCD.a(fat_common.o)
                0x2001c448                fn_getfreespace
 .text._f_emptywritecache
                0x2001c908      0x4a4 C:/ISIS/workspace/ycube/GlobusSatProject/..//hal/hcc/lib\libHCCD.a(fat_common.o)
 .text._f_allocnextcluster
                0x2001cdac      0x54c C:/ISIS/workspace/ycube/GlobusSatProject/..//hal/hcc/lib\libHCCD.a(fat_common.o)
 .text._f_emptywritebuffer
                0x2001d2f8      0x20c C:/ISIS/workspace/ycube/GlobusSatProject/..//hal/hcc/lib\libHCCD.a(fat_common.o)
 .text._f_writezeros
                0x2001d504       0xf0 C:/ISIS/workspace/ycube/GlobusSatProject/..//hal/hcc/lib\libHCCD.a(fat_common.o)
                0x2001d504                _f_writezeros
 .text._f_extend_file
                0x2001d5f4      0x570 C:/ISIS/workspace/ycube/GlobusSatProject/..//hal/hcc/lib\libHCCD.a(fat_common.o)
 .text._f_fseek
                0x2001db64      0x9bc C:/ISIS/workspace/ycube/GlobusSatProject/..//hal/hcc/lib\libHCCD.a(fat_common.o)
                0x2001db64                _f_fseek
 .text._f_removechain
                0x2001e520      0x104 C:/ISIS/workspace/ycube/GlobusSatProject/..//hal/hcc/lib\libHCCD.a(fat_common.o)
                0x2001e520                _f_removechain
 .text._f_updatefileentry
                0x2001e624      0x1cc C:/ISIS/workspace/ycube/GlobusSatProject/..//hal/hcc/lib\libHCCD.a(fat_common.o)
 .text._f_checkreadlocked
                0x2001e7f0      0x1bc C:/ISIS/workspace/ycube/GlobusSatProject/..//hal/hcc/lib\libHCCD.a(fat_common.o)
                0x2001e7f0                _f_checkreadlocked
 .text._f_check_handle
                0x2001e9ac       0x98 C:/ISIS/workspace/ycube/GlobusSatProject/..//hal/hcc/lib\libHCCD.a(fat_common.o)
                0x2001e9ac                _f_check_handle
 .text._f_removesyncafile
                0x2001ea44      0x1ec C:/ISIS/workspace/ycube/GlobusSatProject/..//hal/hcc/lib\libHCCD.a(fat_common.o)
 .text.fn_close
                0x2001ec30      0x3f8 C:/ISIS/workspace/ycube/GlobusSatProject/..//hal/hcc/lib\libHCCD.a(fat_common.o)
                0x2001ec30                fn_close
 .text.fn_flush
                0x2001f028      0x374 C:/ISIS/workspace/ycube/GlobusSatProject/..//hal/hcc/lib\libHCCD.a(fat_common.o)
                0x2001f028                fn_flush
 .text.fn_read  0x2001f39c      0x690 C:/ISIS/workspace/ycube/GlobusSatProject/..//hal/hcc/lib\libHCCD.a(fat_common.o)
                0x2001f39c                fn_read
 .text._f_abortwrite
                0x2001fa2c      0x100 C:/ISIS/workspace/ycube/GlobusSatProject/..//hal/hcc/lib\libHCCD.a(fat_common.o)
 .text._f_checkwritecluster
                0x2001fb2c       0xe4 C:/ISIS/workspace/ycube/GlobusSatProject/..//hal/hcc/lib\libHCCD.a(fat_common.o)
 .text.fn_write
                0x2001fc10      0x8a8 C:/ISIS/workspace/ycube/GlobusSatProject/..//hal/hcc/lib\libHCCD.a(fat_common.o)
                0x2001fc10                fn_write
 .text.fn_seek  0x200204b8      0x270 C:/ISIS/workspace/ycube/GlobusSatProject/..//hal/hcc/lib\libHCCD.a(fat_common.o)
                0x200204b8                fn_seek
 .text.fn_tell  0x20020728      0x19c C:/ISIS/workspace/ycube/GlobusSatProject/..//hal/hcc/lib\libHCCD.a(fat_common.o)
                0x20020728                fn_tell
 .text.fn_rewind
                0x200208c4       0x38 C:/ISIS/workspace/ycube/GlobusSatProject/..//hal/hcc/lib\libHCCD.a(fat_common.o)
                0x200208c4                fn_rewind
 .text.fn_putc  0x200208fc       0x68 C:/ISIS/workspace/ycube/GlobusSatProject/..//hal/hcc/lib\libHCCD.a(fat_common.o)
                0x200208fc                fn_putc
 .text.f_enterFS
                0x20020964      0x1c0 C:/ISIS/workspace/ycube/GlobusSatProject/..//hal/hcc/lib\libHCCD.a(fat_common.o)
                0x20020964                f_enterFS
 .text.f_releaseFS
                0x20020b24       0xb0 C:/ISIS/workspace/ycube/GlobusSatProject/..//hal/hcc/lib\libHCCD.a(fat_common.o)
                0x20020b24                f_releaseFS
 .text.fnGetTask
                0x20020bd4       0xfc C:/ISIS/workspace/ycube/GlobusSatProject/..//hal/hcc/lib\libHCCD.a(fat_common.o)
                0x20020bd4                fnGetTask
 .text._f_mutex_get
                0x20020cd0       0x98 C:/ISIS/workspace/ycube/GlobusSatProject/..//hal/hcc/lib\libHCCD.a(fat_common.o)
                0x20020cd0                _f_mutex_get
 .text._f_mutex_put
                0x20020d68       0x54 C:/ISIS/workspace/ycube/GlobusSatProject/..//hal/hcc/lib\libHCCD.a(fat_common.o)
                0x20020d68                _f_mutex_put
 .text._fn_initseekdivisor
                0x20020dbc      0x158 C:/ISIS/workspace/ycube/GlobusSatProject/..//hal/hcc/lib\libHCCD.a(fat_common.o)
                0x20020dbc                _fn_initseekdivisor
 .text._fn_updateseekpos
                0x20020f14       0xc4 C:/ISIS/workspace/ycube/GlobusSatProject/..//hal/hcc/lib\libHCCD.a(fat_common.o)
 .text._f_findopensize
                0x20020fd8       0x2c C:/ISIS/workspace/ycube/GlobusSatProject/..//hal/hcc/lib\libHCCD.a(fat_common.o)
                0x20020fd8                _f_findopensize
 .text.fn_setlasterror
                0x20021004       0x34 C:/ISIS/workspace/ycube/GlobusSatProject/..//hal/hcc/lib\libHCCD.a(fat_common.o)
                0x20021004                fn_setlasterror
 .text.fn_setlasterror_noret
                0x20021038       0x2c C:/ISIS/workspace/ycube/GlobusSatProject/..//hal/hcc/lib\libHCCD.a(fat_common.o)
                0x20021038                fn_setlasterror_noret
 .text._s_checkzeroclusteratend
                0x20021064       0xf8 C:/ISIS/workspace/ycube/GlobusSatProject/..//hal/hcc/lib\libHCCD.a(safefat.o)
 .text._s_clearclustercontent
                0x2002115c      0x108 C:/ISIS/workspace/ycube/GlobusSatProject/..//hal/hcc/lib\libHCCD.a(safefat.o)
 .text._s_clearclustercontentdir
                0x20021264      0x19c C:/ISIS/workspace/ycube/GlobusSatProject/..//hal/hcc/lib\libHCCD.a(safefat.o)
 .text._s_writedirsector
                0x20021400       0xd0 C:/ISIS/workspace/ycube/GlobusSatProject/..//hal/hcc/lib\libHCCD.a(safefat.o)
 .text._s_getdirsector
                0x200214d0      0x100 C:/ISIS/workspace/ycube/GlobusSatProject/..//hal/hcc/lib\libHCCD.a(safefat.o)
 .text._s_addentry
                0x200215d0      0x394 C:/ISIS/workspace/ycube/GlobusSatProject/..//hal/hcc/lib\libHCCD.a(safefat.o)
 .text._s_findfile
                0x20021964      0x33c C:/ISIS/workspace/ycube/GlobusSatProject/..//hal/hcc/lib\libHCCD.a(safefat.o)
 .text._s_findsubdir
                0x20021ca0      0x248 C:/ISIS/workspace/ycube/GlobusSatProject/..//hal/hcc/lib\libHCCD.a(safefat.o)
 .text._s_createfile
                0x20021ee8      0x190 C:/ISIS/workspace/ycube/GlobusSatProject/..//hal/hcc/lib\libHCCD.a(safefat.o)
 .text._s_findsaffile
                0x20022078      0x1b8 C:/ISIS/workspace/ycube/GlobusSatProject/..//hal/hcc/lib\libHCCD.a(safefat.o)
 .text._s_open  0x20022230       0xe4 C:/ISIS/workspace/ycube/GlobusSatProject/..//hal/hcc/lib\libHCCD.a(safefat.o)
 .text._s_open_saf
                0x20022314       0xe8 C:/ISIS/workspace/ycube/GlobusSatProject/..//hal/hcc/lib\libHCCD.a(safefat.o)
 .text._s_flush
                0x200223fc       0x84 C:/ISIS/workspace/ycube/GlobusSatProject/..//hal/hcc/lib\libHCCD.a(safefat.o)
 .text._s_allocnextcluster
                0x20022480      0x13c C:/ISIS/workspace/ycube/GlobusSatProject/..//hal/hcc/lib\libHCCD.a(safefat.o)
 .text._s_getnextsector
                0x200225bc       0xdc C:/ISIS/workspace/ycube/GlobusSatProject/..//hal/hcc/lib\libHCCD.a(safefat.o)
 .text._s_seek  0x20022698      0x1e8 C:/ISIS/workspace/ycube/GlobusSatProject/..//hal/hcc/lib\libHCCD.a(safefat.o)
 .text._s_get_len
                0x20022880      0x10c C:/ISIS/workspace/ycube/GlobusSatProject/..//hal/hcc/lib\libHCCD.a(safefat.o)
 .text._s_set_len
                0x2002298c       0xb4 C:/ISIS/workspace/ycube/GlobusSatProject/..//hal/hcc/lib\libHCCD.a(safefat.o)
 .text.safe_fix_filelengths
                0x20022a40       0xcc C:/ISIS/workspace/ycube/GlobusSatProject/..//hal/hcc/lib\libHCCD.a(safefat.o)
                0x20022a40                safe_fix_filelengths
 .text._s_read  0x20022b0c      0x228 C:/ISIS/workspace/ycube/GlobusSatProject/..//hal/hcc/lib\libHCCD.a(safefat.o)
 .text._s_write
                0x20022d34      0x384 C:/ISIS/workspace/ycube/GlobusSatProject/..//hal/hcc/lib\libHCCD.a(safefat.o)
 .text._s_restoreclusters
                0x200230b8      0x270 C:/ISIS/workspace/ycube/GlobusSatProject/..//hal/hcc/lib\libHCCD.a(safefat.o)
                0x200230b8                _s_restoreclusters
 .text._s_findrestore
                0x20023328      0x18c C:/ISIS/workspace/ycube/GlobusSatProject/..//hal/hcc/lib\libHCCD.a(safefat.o)
 .text._s_cmd_writede
                0x200234b4       0xd8 C:/ISIS/workspace/ycube/GlobusSatProject/..//hal/hcc/lib\libHCCD.a(safefat.o)
 .text._s_cmd_setcluster
                0x2002358c       0x88 C:/ISIS/workspace/ycube/GlobusSatProject/..//hal/hcc/lib\libHCCD.a(safefat.o)
 .text._s_cmd_deletechain
                0x20023614      0x100 C:/ISIS/workspace/ycube/GlobusSatProject/..//hal/hcc/lib\libHCCD.a(safefat.o)
 .text._s_cmd_validatecfn
                0x20023714      0x308 C:/ISIS/workspace/ycube/GlobusSatProject/..//hal/hcc/lib\libHCCD.a(safefat.o)
 .text._s_cmd_seteof
                0x20023a1c      0x3c4 C:/ISIS/workspace/ycube/GlobusSatProject/..//hal/hcc/lib\libHCCD.a(safefat.o)
 .text.safe_docommands
                0x20023de0      0x56c C:/ISIS/workspace/ycube/GlobusSatProject/..//hal/hcc/lib\libHCCD.a(safefat.o)
                0x20023de0                safe_docommands
 .text.safe_entercommand
                0x2002434c       0x68 C:/ISIS/workspace/ycube/GlobusSatProject/..//hal/hcc/lib\libHCCD.a(safefat.o)
                0x2002434c                safe_entercommand
 .text.safe_ready
                0x200243b4       0xf4 C:/ISIS/workspace/ycube/GlobusSatProject/..//hal/hcc/lib\libHCCD.a(safefat.o)
                0x200243b4                safe_ready
 .text.safe_copycfn
                0x200244a8       0xb8 C:/ISIS/workspace/ycube/GlobusSatProject/..//hal/hcc/lib\libHCCD.a(safefat.o)
                0x200244a8                safe_copycfn
 .text.safe_cfremove
                0x20024560       0xb8 C:/ISIS/workspace/ycube/GlobusSatProject/..//hal/hcc/lib\libHCCD.a(safefat.o)
                0x20024560                safe_cfremove
 .text.safe_writede
                0x20024618      0x104 C:/ISIS/workspace/ycube/GlobusSatProject/..//hal/hcc/lib\libHCCD.a(safefat.o)
                0x20024618                safe_writede
 .text.safe_setcluster
                0x2002471c       0xcc C:/ISIS/workspace/ycube/GlobusSatProject/..//hal/hcc/lib\libHCCD.a(safefat.o)
                0x2002471c                safe_setcluster
 .text.safe_deletechain
                0x200247e8      0x1c8 C:/ISIS/workspace/ycube/GlobusSatProject/..//hal/hcc/lib\libHCCD.a(safefat.o)
                0x200247e8                safe_deletechain
 .text.safe_cfclose
                0x200249b0      0x104 C:/ISIS/workspace/ycube/GlobusSatProject/..//hal/hcc/lib\libHCCD.a(safefat.o)
                0x200249b0                safe_cfclose
 .text.safe_cfflush
                0x20024ab4      0x124 C:/ISIS/workspace/ycube/GlobusSatProject/..//hal/hcc/lib\libHCCD.a(safefat.o)
                0x20024ab4                safe_cfflush
 .text.safe_reset
                0x20024bd8       0x78 C:/ISIS/workspace/ycube/GlobusSatProject/..//hal/hcc/lib\libHCCD.a(safefat.o)
                0x20024bd8                safe_reset
 .text.safe_loadcommands
                0x20024c50       0x78 C:/ISIS/workspace/ycube/GlobusSatProject/..//hal/hcc/lib\libHCCD.a(safefat.o)
                0x20024c50                safe_loadcommands
 .text.safe_poweron
                0x20024cc8      0x1fc C:/ISIS/workspace/ycube/GlobusSatProject/..//hal/hcc/lib\libHCCD.a(safefat.o)
                0x20024cc8                safe_poweron
 .text.cf_getname
                0x20024ec4       0xc0 C:/ISIS/workspace/ycube/GlobusSatProject/..//hal/hcc/lib\libHCCD.a(safefat.o)
 .text.cf_copyclusterchain
                0x20024f84      0x138 C:/ISIS/workspace/ycube/GlobusSatProject/..//hal/hcc/lib\libHCCD.a(safefat.o)
 .text.cf_seektozero
                0x200250bc       0x94 C:/ISIS/workspace/ycube/GlobusSatProject/..//hal/hcc/lib\libHCCD.a(safefat.o)
                0x200250bc                cf_seektozero
 .text.cf_create
                0x20025150      0x3a8 C:/ISIS/workspace/ycube/GlobusSatProject/..//hal/hcc/lib\libHCCD.a(safefat.o)
                0x20025150                cf_create
 .text.cf_copyclustercontent
                0x200254f8      0x128 C:/ISIS/workspace/ycube/GlobusSatProject/..//hal/hcc/lib\libHCCD.a(safefat.o)
                0x200254f8                cf_copyclustercontent
 .text.cf_copycfn
                0x20025620      0x4bc C:/ISIS/workspace/ycube/GlobusSatProject/..//hal/hcc/lib\libHCCD.a(safefat.o)
                0x20025620                cf_copycfn
 .text.cf_remove
                0x20025adc      0x344 C:/ISIS/workspace/ycube/GlobusSatProject/..//hal/hcc/lib\libHCCD.a(safefat.o)
                0x20025adc                cf_remove
 .text.cf_setclusternew
                0x20025e20       0xf0 C:/ISIS/workspace/ycube/GlobusSatProject/..//hal/hcc/lib\libHCCD.a(safefat.o)
                0x20025e20                cf_setclusternew
 .text.cf_flush
                0x20025f10       0x58 C:/ISIS/workspace/ycube/GlobusSatProject/..//hal/hcc/lib\libHCCD.a(safefat.o)
                0x20025f10                cf_flush
 .text.cf_getcluster
                0x20025f68      0x1b4 C:/ISIS/workspace/ycube/GlobusSatProject/..//hal/hcc/lib\libHCCD.a(safefat.o)
                0x20025f68                cf_getcluster
 .text.cf_setnextcluster
                0x2002611c      0x194 C:/ISIS/workspace/ycube/GlobusSatProject/..//hal/hcc/lib\libHCCD.a(safefat.o)
                0x2002611c                cf_setnextcluster
 .text.cf_getpositions
                0x200262b0       0xbc C:/ISIS/workspace/ycube/GlobusSatProject/..//hal/hcc/lib\libHCCD.a(safefat.o)
                0x200262b0                cf_getpositions
 .text.cf_setpositions
                0x2002636c       0xb0 C:/ISIS/workspace/ycube/GlobusSatProject/..//hal/hcc/lib\libHCCD.a(safefat.o)
                0x2002636c                cf_setpositions
 .text.cf_opensyncafile
                0x2002641c      0x150 C:/ISIS/workspace/ycube/GlobusSatProject/..//hal/hcc/lib\libHCCD.a(safefat.o)
                0x2002641c                cf_opensyncafile
 .text.cf_reloadcfo
                0x2002656c       0xd8 C:/ISIS/workspace/ycube/GlobusSatProject/..//hal/hcc/lib\libHCCD.a(safefat.o)
                0x2002656c                cf_reloadcfo
 .text.mcipdc_cmd
                0x20026644      0x22c C:/ISIS/workspace/ycube/GlobusSatProject/..//hal/hcc/lib\libHCCD.a(atmel_mcipdc.o)
 .text.mcipdc_stop
                0x20026870       0xfc C:/ISIS/workspace/ycube/GlobusSatProject/..//hal/hcc/lib\libHCCD.a(atmel_mcipdc.o)
                0x20026870                mcipdc_stop
 .text.mcipdc_read
                0x2002696c      0x27c C:/ISIS/workspace/ycube/GlobusSatProject/..//hal/hcc/lib\libHCCD.a(atmel_mcipdc.o)
 .text.mcipdc_write
                0x20026be8      0x298 C:/ISIS/workspace/ycube/GlobusSatProject/..//hal/hcc/lib\libHCCD.a(atmel_mcipdc.o)
 .text.mcipdc_readsector
                0x20026e80       0x9c C:/ISIS/workspace/ycube/GlobusSatProject/..//hal/hcc/lib\libHCCD.a(atmel_mcipdc.o)
                0x20026e80                mcipdc_readsector
 .text.mcipdc_readmultiplesector
                0x20026f1c      0x124 C:/ISIS/workspace/ycube/GlobusSatProject/..//hal/hcc/lib\libHCCD.a(atmel_mcipdc.o)
                0x20026f1c                mcipdc_readmultiplesector
 .text.mcipdc_writesector
                0x20027040       0x90 C:/ISIS/workspace/ycube/GlobusSatProject/..//hal/hcc/lib\libHCCD.a(atmel_mcipdc.o)
                0x20027040                mcipdc_writesector
 .text.mcipdc_writemultiplesector
                0x200270d0      0x120 C:/ISIS/workspace/ycube/GlobusSatProject/..//hal/hcc/lib\libHCCD.a(atmel_mcipdc.o)
                0x200270d0                mcipdc_writemultiplesector
 .text.mcipdc_set_speed
                0x200271f0       0xb0 C:/ISIS/workspace/ycube/GlobusSatProject/..//hal/hcc/lib\libHCCD.a(atmel_mcipdc.o)
 .text.mcipdc_get_speed
                0x200272a0       0x48 C:/ISIS/workspace/ycube/GlobusSatProject/..//hal/hcc/lib\libHCCD.a(atmel_mcipdc.o)
 .text._get_csd_bits
                0x200272e8      0x14c C:/ISIS/workspace/ycube/GlobusSatProject/..//hal/hcc/lib\libHCCD.a(atmel_mcipdc.o)
 .text.mcipdc_initcard
                0x20027434      0x8f4 C:/ISIS/workspace/ycube/GlobusSatProject/..//hal/hcc/lib\libHCCD.a(atmel_mcipdc.o)
 .text.mcipdc_getstatus
                0x20027d28       0xe8 C:/ISIS/workspace/ycube/GlobusSatProject/..//hal/hcc/lib\libHCCD.a(atmel_mcipdc.o)
 .text.mcipdc_getphy
                0x20027e10       0x90 C:/ISIS/workspace/ycube/GlobusSatProject/..//hal/hcc/lib\libHCCD.a(atmel_mcipdc.o)
 .text.mcipdc_release
                0x20027ea0       0x50 C:/ISIS/workspace/ycube/GlobusSatProject/..//hal/hcc/lib\libHCCD.a(atmel_mcipdc.o)
 .text.atmel_mcipdc_initfunc
                0x20027ef0      0x160 C:/ISIS/workspace/ycube/GlobusSatProject/..//hal/hcc/lib\libHCCD.a(atmel_mcipdc.o)
                0x20027ef0                atmel_mcipdc_initfunc
 .text.oal_task_get_id
                0x20028050       0x18 C:/ISIS/workspace/ycube/GlobusSatProject/..//hal/hcc/lib\libHCCD.a(oalp_task.o)
                0x20028050                oal_task_get_id
 .text.oal_mutex_create
                0x20028068       0x54 C:/ISIS/workspace/ycube/GlobusSatProject/..//hal/hcc/lib\libHCCD.a(oalp_mutex.o)
                0x20028068                oal_mutex_create
 .text.oal_mutex_delete
                0x200280bc       0x30 C:/ISIS/workspace/ycube/GlobusSatProject/..//hal/hcc/lib\libHCCD.a(oalp_mutex.o)
                0x200280bc                oal_mutex_delete
 .text.oal_mutex_get
                0x200280ec       0x58 C:/ISIS/workspace/ycube/GlobusSatProject/..//hal/hcc/lib\libHCCD.a(oalp_mutex.o)
                0x200280ec                oal_mutex_get
 .text.oal_mutex_put
                0x20028144       0x58 C:/ISIS/workspace/ycube/GlobusSatProject/..//hal/hcc/lib\libHCCD.a(oalp_mutex.o)
                0x20028144                oal_mutex_put
 .text.mcipdc_hw_init
                0x2002819c       0xe8 C:/ISIS/workspace/ycube/GlobusSatProject/..//hal/hcc/lib\libHCCD.a(atmel_mcipdc_hw.o)
                0x2002819c                mcipdc_hw_init
 .text.mcipdc_hw_delete
                0x20028284       0x78 C:/ISIS/workspace/ycube/GlobusSatProject/..//hal/hcc/lib\libHCCD.a(atmel_mcipdc_hw.o)
                0x20028284                mcipdc_hw_delete
 .text.mcipdc_hw_card_plugged
                0x200282fc       0x1c C:/ISIS/workspace/ycube/GlobusSatProject/..//hal/hcc/lib\libHCCD.a(atmel_mcipdc_hw.o)
                0x200282fc                mcipdc_hw_card_plugged
 .text.mcipdc_hw_card_writeprotect
                0x20028318       0x1c C:/ISIS/workspace/ycube/GlobusSatProject/..//hal/hcc/lib\libHCCD.a(atmel_mcipdc_hw.o)
                0x20028318                mcipdc_hw_card_writeprotect
 .text.psp_getrand
                0x20028334      0x14c C:/ISIS/workspace/ycube/GlobusSatProject/..//hal/hcc/lib\libHCCD.a(psp_rand.o)
                0x20028334                psp_getrand
 .text.psp_getcurrenttimedate
                0x20028480       0x8c C:/ISIS/workspace/ycube/GlobusSatProject/..//hal/hcc/lib\libHCCD.a(psp_rtc.o)
                0x20028480                psp_getcurrenttimedate
 .text._hcc_get_buf_dsc
                0x2002850c       0x8c C:/ISIS/workspace/ycube/GlobusSatProject/..//hal/hcc/lib\libHCCD.a(hcc_mem.o)
 .text._hcc_check_free_pages
                0x20028598      0x18c C:/ISIS/workspace/ycube/GlobusSatProject/..//hal/hcc/lib\libHCCD.a(hcc_mem.o)
 .text._hcc_mark_pages
                0x20028724      0x158 C:/ISIS/workspace/ycube/GlobusSatProject/..//hal/hcc/lib\libHCCD.a(hcc_mem.o)
 .text._hcc_clear_lock_dsc
                0x2002887c       0x80 C:/ISIS/workspace/ycube/GlobusSatProject/..//hal/hcc/lib\libHCCD.a(hcc_mem.o)
 .text._hcc_lock_access
                0x200288fc      0x128 C:/ISIS/workspace/ycube/GlobusSatProject/..//hal/hcc/lib\libHCCD.a(hcc_mem.o)
 .text._hcc_unlock_access
                0x20028a24       0x30 C:/ISIS/workspace/ycube/GlobusSatProject/..//hal/hcc/lib\libHCCD.a(hcc_mem.o)
 .text.hcc_mem_alloc
                0x20028a54      0x454 C:/ISIS/workspace/ycube/GlobusSatProject/..//hal/hcc/lib\libHCCD.a(hcc_mem.o)
                0x20028a54                hcc_mem_alloc
 .text.hcc_mem_free
                0x20028ea8      0x178 C:/ISIS/workspace/ycube/GlobusSatProject/..//hal/hcc/lib\libHCCD.a(hcc_mem.o)
                0x20028ea8                hcc_mem_free
 .text.hcc_mem_add
                0x20029020      0x3b0 C:/ISIS/workspace/ycube/GlobusSatProject/..//hal/hcc/lib\libHCCD.a(hcc_mem.o)
                0x20029020                hcc_mem_add
 .text.hcc_mem_init
                0x200293d0      0x164 C:/ISIS/workspace/ycube/GlobusSatProject/..//hal/hcc/lib\libHCCD.a(hcc_mem.o)
                0x200293d0                hcc_mem_init
 .text.hcc_mem_delete
                0x20029534       0x94 C:/ISIS/workspace/ycube/GlobusSatProject/..//hal/hcc/lib\libHCCD.a(hcc_mem.o)
                0x20029534                hcc_mem_delete
 .text.hcc_mem_buf_alloc
                0x200295c8       0xe4 C:/ISIS/workspace/ycube/GlobusSatProject/..//hal/hcc/lib\libHCCD.a(psp_hcc_mem.o)
                0x200295c8                hcc_mem_buf_alloc
 .text.hcc_mem_buf_free
                0x200296ac       0x6c C:/ISIS/workspace/ycube/GlobusSatProject/..//hal/hcc/lib\libHCCD.a(psp_hcc_mem.o)
                0x200296ac                hcc_mem_buf_free
 .text.IsisSolarPanelv2_initialize
                0x20029718      0x118 C:/ISIS/workspace/ycube/GlobusSatProject/..//satellite-subsystems/satellite-subsystems/lib\libSatelliteSubsystemsD.a(IsisSolarPanelv2.o)
                0x20029718                IsisSolarPanelv2_initialize
 .text.IsisSolarPanelv2_getTemperature
                0x20029830       0xfc C:/ISIS/workspace/ycube/GlobusSatProject/..//satellite-subsystems/satellite-subsystems/lib\libSatelliteSubsystemsD.a(IsisSolarPanelv2.o)
                0x20029830                IsisSolarPanelv2_getTemperature
 .text.IsisSolarPanelv2_getState
                0x2002992c       0x24 C:/ISIS/workspace/ycube/GlobusSatProject/..//satellite-subsystems/satellite-subsystems/lib\libSatelliteSubsystemsD.a(IsisSolarPanelv2.o)
                0x2002992c                IsisSolarPanelv2_getState
 .text._Reset   0x20029950       0x20 C:/ISIS/workspace/ycube/GlobusSatProject/..//satellite-subsystems/satellite-subsystems/lib\libSatelliteSubsystemsD.a(IsisSolarPanelv2.o)
 .text._WaitForStartup
                0x20029970       0xa0 C:/ISIS/workspace/ycube/GlobusSatProject/..//satellite-subsystems/satellite-subsystems/lib\libSatelliteSubsystemsD.a(IsisSolarPanelv2.o)
 .text._AssignAllChannels
                0x20029a10       0x90 C:/ISIS/workspace/ycube/GlobusSatProject/..//satellite-subsystems/satellite-subsystems/lib\libSatelliteSubsystemsD.a(IsisSolarPanelv2.o)
 .text._AssignThisChannel
                0x20029aa0       0xe8 C:/ISIS/workspace/ycube/GlobusSatProject/..//satellite-subsystems/satellite-subsystems/lib\libSatelliteSubsystemsD.a(IsisSolarPanelv2.o)
 .text._InitiateConversion
                0x20029b88       0xac C:/ISIS/workspace/ycube/GlobusSatProject/..//satellite-subsystems/satellite-subsystems/lib\libSatelliteSubsystemsD.a(IsisSolarPanelv2.o)
 .text._WaitForConversionComplete
                0x20029c34      0x110 C:/ISIS/workspace/ycube/GlobusSatProject/..//satellite-subsystems/satellite-subsystems/lib\libSatelliteSubsystemsD.a(IsisSolarPanelv2.o)
 .text._ReadResult
                0x20029d44      0x158 C:/ISIS/workspace/ycube/GlobusSatProject/..//satellite-subsystems/satellite-subsystems/lib\libSatelliteSubsystemsD.a(IsisSolarPanelv2.o)
 .text._ExtractByte
                0x20029e9c       0x38 C:/ISIS/workspace/ycube/GlobusSatProject/..//satellite-subsystems/satellite-subsystems/lib\libSatelliteSubsystemsD.a(IsisSolarPanelv2.o)
 .text._ExtendSign
                0x20029ed4       0x6c C:/ISIS/workspace/ycube/GlobusSatProject/..//satellite-subsystems/satellite-subsystems/lib\libSatelliteSubsystemsD.a(IsisSolarPanelv2.o)
 .text._PinsInit
                0x20029f40       0x68 C:/ISIS/workspace/ycube/GlobusSatProject/..//satellite-subsystems/satellite-subsystems/lib\libSatelliteSubsystemsD.a(IsisSolarPanelv2.o)
 .text._SpiWriteRead
                0x20029fa8       0x70 C:/ISIS/workspace/ycube/GlobusSatProject/..//satellite-subsystems/satellite-subsystems/lib\libSatelliteSubsystemsD.a(IsisSolarPanelv2.o)
 .text.ISIS_ANTS_Init
                0x2002a018       0xc4 C:/ISIS/workspace/ycube/GlobusSatProject/..//satellite-subsystems/satellite-subsystems/lib\libSatelliteSubsystemsD.a(isis_ants.o)
                0x2002a018                ISIS_ANTS_Init
 .text.isis_ants__arm
                0x2002a0dc       0x98 C:/ISIS/workspace/ycube/GlobusSatProject/..//satellite-subsystems/satellite-subsystems/lib\libSatelliteSubsystemsD.a(isis_ants.o)
                0x2002a0dc                isis_ants__arm
 .text.isis_ants__cancel_deploy
                0x2002a174       0x98 C:/ISIS/workspace/ycube/GlobusSatProject/..//satellite-subsystems/satellite-subsystems/lib\libSatelliteSubsystemsD.a(isis_ants.o)
                0x2002a174                isis_ants__cancel_deploy
 .text.isis_ants__disarm
                0x2002a20c       0x98 C:/ISIS/workspace/ycube/GlobusSatProject/..//satellite-subsystems/satellite-subsystems/lib\libSatelliteSubsystemsD.a(isis_ants.o)
                0x2002a20c                isis_ants__disarm
 .text.isis_ants__get_all_telemetry
                0x2002a2a4       0xa8 C:/ISIS/workspace/ycube/GlobusSatProject/..//satellite-subsystems/satellite-subsystems/lib\libSatelliteSubsystemsD.a(isis_ants.o)
                0x2002a2a4                isis_ants__get_all_telemetry
 .text.isis_ants__get_status