Archive member included because of file (symbol)

C:/ISIS/workspace_ycube/GlobusSatProject/..//hal/hal/lib\libHALD.a(SPI.o)
                              ./src/InitSystem.o (SPI_start)
C:/ISIS/workspace_ycube/GlobusSatProject/..//hal/hal/lib\libHALD.a(I2C.o)
                              ./src/SubSystemModules/Housekepping/Payload.o (I2C_write)
C:/ISIS/workspace_ycube/GlobusSatProject/..//hal/hal/lib\libHALD.a(ADC.o)
                              ./src/SubSystemModules/Housekepping/TelemetryCollector.o (ADC_ConvertRaw10bitToMillivolt)
C:/ISIS/workspace_ycube/GlobusSatProject/..//hal/hal/lib\libHALD.a(FRAM.o)
                              ./src/SubSystemModules/Communication/SubsystemCommands/Maintanence_Commands.o (FRAM_start)
C:/ISIS/workspace_ycube/GlobusSatProject/..//hal/hal/lib\libHALD.a(Time.o)
                              ./src/InitSystem.o (Time_start)
C:/ISIS/workspace_ycube/GlobusSatProject/..//hal/hal/lib\libHALD.a(WatchDogTimerNoOS.o)
                              ./src/main.o (WDT_start)
C:/ISIS/workspace_ycube/GlobusSatProject/..//hal/hal/lib\libHALD.a(RTT.o)
                              C:/ISIS/workspace_ycube/GlobusSatProject/..//hal/hal/lib\libHALD.a(Time.o) (RTT_start)
C:/ISIS/workspace_ycube/GlobusSatProject/..//hal/hal/lib\libHALD.a(RTC.o)
                              C:/ISIS/workspace_ycube/GlobusSatProject/..//hal/hal/lib\libHALD.a(Time.o) (RTC_getTime)
C:/ISIS/workspace_ycube/GlobusSatProject/..//hal/hal/lib\libHALD.a(WatchDogTimerOS.o)
                              ./src/TestingDemos/MainTest.o (WDT_startWatchdogKickTask)
C:/ISIS/workspace_ycube/GlobusSatProject/..//hal/hal/lib\libHALD.a(fprintf.o)
                              ./src/TLM_management.o (f_puts)
C:/ISIS/workspace_ycube/GlobusSatProject/..//hal/hal/lib\libHALD.a(util.o)
                              ./src/TestingDemos/CommandsTestingDemo.o (UTIL_DbguGetIntegerMinMax)
C:/ISIS/workspace_ycube/GlobusSatProject/..//hal/hal/lib\libHALD.a(LED.o)
                              C:/ISIS/workspace_ycube/GlobusSatProject/..//hal/hal/lib\libHALD.a(WatchDogTimerOS.o) (LED_toggle)
C:/ISIS/workspace_ycube/GlobusSatProject/..//hal/hcc/lib\libHCCD.a(fat_m.o)
                              ./src/TLM_management.o (fm_initvolume)
C:/ISIS/workspace_ycube/GlobusSatProject/..//hal/hcc/lib\libHCCD.a(fat.o)
                              C:/ISIS/workspace_ycube/GlobusSatProject/..//hal/hcc/lib\libHCCD.a(fat_m.o) (fn_getdcwd)
C:/ISIS/workspace_ycube/GlobusSatProject/..//hal/hcc/lib\libHCCD.a(fat_common.o)
                              C:/ISIS/workspace_ycube/GlobusSatProject/..//hal/hcc/lib\libHCCD.a(fat.o) (p_filesystem)
C:/ISIS/workspace_ycube/GlobusSatProject/..//hal/hcc/lib\libHCCD.a(safefat.o)
                              C:/ISIS/workspace_ycube/GlobusSatProject/..//hal/hcc/lib\libHCCD.a(fat.o) (s_subdir)
C:/ISIS/workspace_ycube/GlobusSatProject/..//hal/hcc/lib\libHCCD.a(atmel_mcipdc.o)
                              ./src/TLM_management.o (atmel_mcipdc_initfunc)
C:/ISIS/workspace_ycube/GlobusSatProject/..//hal/hcc/lib\libHCCD.a(oalp_task.o)
                              C:/ISIS/workspace_ycube/GlobusSatProject/..//hal/hcc/lib\libHCCD.a(fat_common.o) (oal_task_get_id)
C:/ISIS/workspace_ycube/GlobusSatProject/..//hal/hcc/lib\libHCCD.a(oalp_mutex.o)
                              C:/ISIS/workspace_ycube/GlobusSatProject/..//hal/hcc/lib\libHCCD.a(fat_common.o) (oal_mutex_create)
C:/ISIS/workspace_ycube/GlobusSatProject/..//hal/hcc/lib\libHCCD.a(atmel_mcipdc_hw.o)
                              C:/ISIS/workspace_ycube/GlobusSatProject/..//hal/hcc/lib\libHCCD.a(atmel_mcipdc.o) (mcipdc_hw_init)
C:/ISIS/workspace_ycube/GlobusSatProject/..//hal/hcc/lib\libHCCD.a(psp_rand.o)
                              C:/ISIS/workspace_ycube/GlobusSatProject/..//hal/hcc/lib\libHCCD.a(fat_common.o) (psp_getrand)
C:/ISIS/workspace_ycube/GlobusSatProject/..//hal/hcc/lib\libHCCD.a(psp_rtc.o)
                              C:/ISIS/workspace_ycube/GlobusSatProject/..//hal/hcc/lib\libHCCD.a(fat_common.o) (psp_getcurrenttimedate)
C:/ISIS/workspace_ycube/GlobusSatProject/..//hal/hcc/lib\libHCCD.a(hcc_mem.o)
                              C:/ISIS/workspace_ycube/GlobusSatProject/..//hal/hcc/lib\libHCCD.a(atmel_mcipdc.o) (hcc_mem_alloc)
C:/ISIS/workspace_ycube/GlobusSatProject/..//hal/hcc/lib\libHCCD.a(psp_hcc_mem.o)
                              C:/ISIS/workspace_ycube/GlobusSatProject/..//hal/hcc/lib\libHCCD.a(hcc_mem.o) (hcc_mem_buf_alloc)
C:/ISIS/workspace_ycube/GlobusSatProject/..//satellite-subsystems/satellite-subsystems/lib\libSatelliteSubsystemsD.a(IsisSolarPanelv2.o)
                              ./src/SubSystemModules/PowerManagment/EPS.o (IsisSolarPanelv2_initialize)
C:/ISIS/workspace_ycube/GlobusSatProject/..//satellite-subsystems/satellite-subsystems/lib\libSatelliteSubsystemsD.a(isis_ants_rev2.o)
                              ./src/SubSystemModules/Communication/TRXVU.o (ISIS_ANTS_REV2_Init)
[...]
Memory Configuration

Name             Origin             Length             Attributes
sram0            0x00200000         0x00004000         w !xr
sram1            0x00300000         0x00004000         w !xr
sdram            0x20000000         0x02000000         w !xr
*default*        0x00000000         0xffffffff

Linker script and memory map

LOAD c:/isis/application/toolchain/bin/../lib/gcc/arm-none-eabi/4.7.4/../../../../arm-none-eabi/lib\libc.a
LOAD ./src/TestingDemos/CommandsTestingDemo.o
LOAD ./src/TestingDemos/EpsTestingDemo.o
LOAD ./src/TestingDemos/FileSystemTestingDemo.o
LOAD ./src/TestingDemos/MainTest.o
LOAD ./src/TestingDemos/MaintenanceTestingDemo.o
LOAD ./src/TestingDemos/TelemetryTestingDemo.o
LOAD ./src/TestingDemos/TrxvuTestingDemo.o
LOAD ./src/SubSystemModules/PowerManagment/EPS.o
LOAD ./src/SubSystemModules/PowerManagment/EPSOperationModes.o
LOAD ./src/SubSystemModules/Maintenance/Maintenance.o
LOAD ./src/SubSystemModules/Housekepping/Payload.o
LOAD ./src/SubSystemModules/Housekepping/RAMTelemetry.o
LOAD ./src/SubSystemModules/Housekepping/TelemetryCollector.o
LOAD ./src/SubSystemModules/Communication/SubsystemCommands/EPS_Commands.o
LOAD ./src/SubSystemModules/Communication/SubsystemCommands/FS_Commands.o
LOAD ./src/SubSystemModules/Communication/SubsystemCommands/Maintanence_Commands.o
LOAD ./src/SubSystemModules/Communication/SubsystemCommands/TRXVU_Commands.o
LOAD ./src/SubSystemModules/Communication/AckHandler.o
LOAD ./src/SubSystemModules/Communication/CommandDictionary.o
LOAD ./src/SubSystemModules/Communication/HashSecuredCMD.o
LOAD ./src/SubSystemModules/Communication/SatCommandHandler.o
LOAD ./src/SubSystemModules/Communication/TRXVU.o
LOAD ./src/InitSystem.o
LOAD ./src/TLM_management.o
LOAD ./src/main.o
LOAD ./src/utils.o
LOAD C:/ISIS/workspace_ycube/GlobusSatProject/..//hal/hal/lib\libHALD.a
LOAD C:/ISIS/workspace_ycube/GlobusSatProject/..//hal/hcc/lib\libHCCD.a
LOAD C:/ISIS/workspace_ycube/GlobusSatProject/..//satellite-subsystems/satellite-subsystems/lib\libSatelliteSubsystemsD.a
LOAD C:/ISIS/workspace_ycube/GlobusSatProject/..//hal/freertos/lib\libFreeRTOSD.a
LOAD C:/ISIS/workspace_ycube/GlobusSatProject/..//hal/at91/lib\libAt91D.a
START GROUP
LOAD c:/isis/application/toolchain/bin/../lib/gcc/arm-none-eabi/4.7.4\libgcc.a
LOAD c:/isis/application/toolchain/bin/../lib/gcc/arm-none-eabi/4.7.4/../../../../arm-none-eabi/lib\libg.a
LOAD c:/isis/application/toolchain/bin/../lib/gcc/arm-none-eabi/4.7.4/../../../../arm-none-eabi/lib\libc.a
END GROUP

.fixed          0x20000000    0x40328
                0x20000000                . = ALIGN (0x4)
                0x20000000                _sfixed = .
 *(.startup)
 .startup       0x20000000      0x184 C:/ISIS/workspace_ycube/GlobusSatProject/..//hal/at91/lib\libAt91D.a(board_cstartup.o)
                0x20000000                entry
 *(.text)
 .text          0x20000184       0x64 C:/ISIS/workspace_ycube/GlobusSatProject/..//hal/at91/lib\libAt91D.a(cp15_asm.o)
                0x20000184                _readControlRegister
                0x20000190                _writeControlRegister
                0x20000198                _waitForInterrupt
                0x200001a4                _writeTTB
                0x200001ac                _writeDomain
                0x200001b4                _writeITLBLockdown
                0x200001bc                _prefetchICacheLine
                0x200001c4                _flushDCache
                0x200001d0                _flushWriteBuffer
                0x200001dc                _invalidateIDTLBs
 .text          0x200001e8      0x114 c:/isis/application/toolchain/bin/../lib/gcc/arm-none-eabi/4.7.4\libgcc.a(_udivsi3.o)
                0x200001e8                __aeabi_uidiv
                0x200001e8                __udivsi3
                0x200002dc                __aeabi_uidivmod
 .text          0x200002fc      0x148 c:/isis/application/toolchain/bin/../lib/gcc/arm-none-eabi/4.7.4\libgcc.a(_divsi3.o)
                0x200002fc                __divsi3
                0x200002fc                __aeabi_idiv
                0x20000424                __aeabi_idivmod
 .text          0x20000444        0x4 c:/isis/application/toolchain/bin/../lib/gcc/arm-none-eabi/4.7.4\libgcc.a(_dvmd_tls.o)
                0x20000444                __aeabi_idiv0
                0x20000444                __aeabi_ldiv0
 .text          0x20000448      0x41c c:/isis/application/toolchain/bin/../lib/gcc/arm-none-eabi/4.7.4\libgcc.a(_arm_addsubdf3.o)
                0x20000448                __aeabi_drsub
                0x20000450                __aeabi_dsub
                0x20000450                __subdf3
                0x20000454                __aeabi_dadd
                0x20000454                __adddf3
                0x20000764                __floatunsidf
                0x20000764                __aeabi_ui2d
                0x20000788                __floatsidf
                0x20000788                __aeabi_i2d
                0x200007b0                __aeabi_f2d
                0x200007b0                __extendsfdf2
                0x200007f0                __floatundidf
                0x200007f0                __aeabi_ul2d
                0x20000804                __floatdidf
                0x20000804                __aeabi_l2d
 .text          0x20000864      0x2ac c:/isis/application/toolchain/bin/../lib/gcc/arm-none-eabi/4.7.4\libgcc.a(_arm_addsubsf3.o)
                0x20000864                __aeabi_frsub
                0x2000086c                __subsf3
                0x2000086c                __aeabi_fsub
                0x20000870                __aeabi_fadd
                0x20000870                __addsf3
                0x20000a2c                __aeabi_ui2f
                0x20000a2c                __floatunsisf
                0x20000a34                __aeabi_i2f
                0x20000a34                __floatsisf
                0x20000a54                __aeabi_ul2f
                0x20000a54                __floatundisf
                0x20000a64                __aeabi_l2f
                0x20000a64                __floatdisf
 .text          0x20000b10      0x2f8 c:/isis/application/toolchain/bin/../lib/gcc/arm-none-eabi/4.7.4\libgcc.a(_arm_muldivsf3.o)
                0x20000b10                __mulsf3
                0x20000b10                __aeabi_fmul
                0x20000ca8                __aeabi_fdiv
                0x20000ca8                __divsf3
 .text          0x20000e08      0x114 c:/isis/application/toolchain/bin/../lib/gcc/arm-none-eabi/4.7.4\libgcc.a(_arm_cmpsf2.o)
                0x20000e08                __gesf2
                0x20000e08                __gtsf2
                0x20000e10                __lesf2
                0x20000e10                __ltsf2
                0x20000e18                __nesf2
                0x20000e18                __eqsf2
                0x20000e18                __cmpsf2
                0x20000e7c                __aeabi_cfrcmple
                0x20000e8c                __aeabi_cfcmpeq
                0x20000e8c                __aeabi_cfcmple
                0x20000ea4                __aeabi_fcmpeq
                0x20000ebc                __aeabi_fcmplt
                0x20000ed4                __aeabi_fcmple
                0x20000eec                __aeabi_fcmpge
                0x20000f04                __aeabi_fcmpgt
 .text          0x20000f1c       0x54 c:/isis/application/toolchain/bin/../lib/gcc/arm-none-eabi/4.7.4\libgcc.a(_arm_fixunssfsi.o)
                0x20000f1c                __fixunssfsi
                0x20000f1c                __aeabi_f2uiz
 .text          0x20000f70      0x49c c:/isis/application/toolchain/bin/../lib/gcc/arm-none-eabi/4.7.4\libgcc.a(_arm_muldivdf3.o)
                0x20000f70                __aeabi_dmul
                0x20000f70                __muldf3
                0x20001200                __divdf3
                0x20001200                __aeabi_ddiv
 .text          0x2000140c      0x144 c:/isis/application/toolchain/bin/../lib/gcc/arm-none-eabi/4.7.4\libgcc.a(_arm_cmpdf2.o)
                0x2000140c                __gtdf2
                0x2000140c                __gedf2
                0x20001414                __ltdf2
                0x20001414                __ledf2
                0x2000141c                __nedf2
                0x2000141c                __eqdf2
                0x2000141c                __cmpdf2
                0x200014a4                __aeabi_cdrcmple
                0x200014c0                __aeabi_cdcmpeq
                0x200014c0                __aeabi_cdcmple
                0x200014d8                __aeabi_dcmpeq
                0x200014f0                __aeabi_dcmplt
                0x20001508                __aeabi_dcmple
                0x20001520                __aeabi_dcmpge
                0x20001538                __aeabi_dcmpgt
 .text          0x20001550       0x5c c:/isis/application/toolchain/bin/../lib/gcc/arm-none-eabi/4.7.4\libgcc.a(_arm_fixdfsi.o)
                0x20001550                __aeabi_d2iz
                0x20001550                __fixdfsi
 .text          0x200015ac       0x3c c:/isis/application/toolchain/bin/../lib/gcc/arm-none-eabi/4.7.4\libgcc.a(_aeabi_uldivmod.o)
                0x200015ac                __aeabi_uldivmod
 .text          0x200015e8       0x84 c:/isis/application/toolchain/bin/../lib/gcc/arm-none-eabi/4.7.4\libgcc.a(bpabi.o)
                0x200015e8                __gnu_ldivmod_helper
                0x2000162c                __gnu_uldivmod_helper
 .text          0x2000166c      0x4f0 c:/isis/application/toolchain/bin/../lib/gcc/arm-none-eabi/4.7.4\libgcc.a(_divdi3.o)
                0x2000166c                __divdi3
 .text          0x20001b5c      0x488 c:/isis/application/toolchain/bin/../lib/gcc/arm-none-eabi/4.7.4\libgcc.a(_udivdi3.o)
                0x20001b5c                __udivdi3
 .text          0x20001fe4       0x48 c:/isis/application/toolchain/bin/../lib/gcc/arm-none-eabi/4.7.4\libgcc.a(_clzsi2.o)
                0x20001fe4                __clzsi2
 *(.text*)
 .text.Hash256  0x2000202c       0x84 ./src/TestingDemos/TrxvuTestingDemo.o
                0x2000202c                Hash256
 .text.CMD_Hash256
                0x200020b0      0x2d0 ./src/TestingDemos/TrxvuTestingDemo.o
                0x200020b0                CMD_Hash256
 .text.GetBatteryVoltage
                0x20002380       0x44 ./src/SubSystemModules/PowerManagment/EPS.o
                0x20002380                GetBatteryVoltage
 .text.EPS_Init
                0x200023c4      0x124 ./src/SubSystemModules/PowerManagment/EPS.o
                0x200023c4                EPS_Init
 .text.EPS_Conditioning
                0x200024e8      0x1c4 ./src/SubSystemModules/PowerManagment/EPS.o
                0x200024e8                EPS_Conditioning
 .text.UpdateAlpha
                0x200026ac       0xd8 ./src/SubSystemModules/PowerManagment/EPS.o
                0x200026ac                UpdateAlpha
 .text.GetThresholdVoltages
                0x20002784       0x80 ./src/SubSystemModules/PowerManagment/EPS.o
                0x20002784                GetThresholdVoltages
 .text.GetAlpha
                0x20002804       0x7c ./src/SubSystemModules/PowerManagment/EPS.o
                0x20002804                GetAlpha
 .text.CMDGetHeaterValues
                0x20002880      0x1f8 ./src/SubSystemModules/PowerManagment/EPS.o
                0x20002880                CMDGetHeaterValues
 .text.CMDSetHeaterValues
                0x20002a78      0x204 ./src/SubSystemModules/PowerManagment/EPS.o
                0x20002a78                CMDSetHeaterValues
 .text.EnterFullMode
                0x20002c7c       0x5c ./src/SubSystemModules/PowerManagment/EPSOperationModes.o
                0x20002c7c                EnterFullMode
 .text.EnterCruiseMode
                0x20002cd8       0x58 ./src/SubSystemModules/PowerManagment/EPSOperationModes.o
                0x20002cd8                EnterCruiseMode
 .text.EnterSafeMode
                0x20002d30       0x5c ./src/SubSystemModules/PowerManagment/EPSOperationModes.o
                0x20002d30                EnterSafeMode
 .text.EnterCriticalMode
                0x20002d8c       0x5c ./src/SubSystemModules/PowerManagment/EPSOperationModes.o
                0x20002d8c                EnterCriticalMode
 .text.PayloadOperations
                0x20002de8       0x28 ./src/SubSystemModules/PowerManagment/EPSOperationModes.o
                0x20002de8                PayloadOperations
 .text.EpsGetLowVoltageFlag
                0x20002e10       0x24 ./src/SubSystemModules/PowerManagment/EPSOperationModes.o
                0x20002e10                EpsGetLowVoltageFlag
 .text.EpsSetLowVoltageFlag
                0x20002e34       0x2c ./src/SubSystemModules/PowerManagment/EPSOperationModes.o
                0x20002e34                EpsSetLowVoltageFlag
 .text.CheckExecutionTime
                0x20002e60       0x80 ./src/SubSystemModules/Maintenance/Maintenance.o
                0x20002e60                CheckExecutionTime
 .text.SaveSatTimeInFRAM
                0x20002ee0       0x44 ./src/SubSystemModules/Maintenance/Maintenance.o
                0x20002ee0                SaveSatTimeInFRAM
 .text.WakeupFromResetCMD
                0x20002f24      0x120 ./src/SubSystemModules/Maintenance/Maintenance.o
                0x20002f24                WakeupFromResetCMD
 .text.ResetGroundCommWDT
                0x20003044       0x1c ./src/SubSystemModules/Maintenance/Maintenance.o
                0x20003044                ResetGroundCommWDT
 .text.IsGroundCommunicationWDTKick
                0x20003060       0x78 ./src/SubSystemModules/Maintenance/Maintenance.o
                0x20003060                IsGroundCommunicationWDTKick
 .text.GetGsWdtKickTime
                0x200030d8       0x38 ./src/SubSystemModules/Maintenance/Maintenance.o
                0x200030d8                GetGsWdtKickTime
 .text.findMinMaxDate
                0x20003110       0xdc ./src/SubSystemModules/Maintenance/Maintenance.o
                0x20003110                findMinMaxDate
 .text.DeleteOldFiels
                0x200031ec       0xf0 ./src/SubSystemModules/Maintenance/Maintenance.o
                0x200031ec                DeleteOldFiels
 .text.CheckDeployAnt
                0x200032dc       0x84 ./src/SubSystemModules/Maintenance/Maintenance.o
                0x200032dc                CheckDeployAnt
 .text.HardResetMCU
                0x20003360       0x3c ./src/SubSystemModules/Maintenance/Maintenance.o
                0x20003360                HardResetMCU
 .text.Maintenance
                0x2000339c       0xa4 ./src/SubSystemModules/Maintenance/Maintenance.o
                0x2000339c                Maintenance
 .text.get_radfet_data
                0x20003440       0x4c ./src/SubSystemModules/Housekepping/Payload.o
                0x20003440                get_radfet_data
 .text.get_sel_data
                0x2000348c       0xc8 ./src/SubSystemModules/Housekepping/Payload.o
                0x2000348c                get_sel_data
 .text.get_seu_data
                0x20003554       0x38 ./src/SubSystemModules/Housekepping/Payload.o
                0x20003554                get_seu_data
 .text.ResetRamTlm
                0x2000358c      0x104 ./src/SubSystemModules/Housekepping/RAMTelemetry.o
                0x2000358c                ResetRamTlm
 .text.inc      0x20003690       0x4c ./src/SubSystemModules/Housekepping/RAMTelemetry.o
                0x20003690                inc
 .text.dec      0x200036dc       0x48 ./src/SubSystemModules/Housekepping/RAMTelemetry.o
                0x200036dc                dec
 .text.saveTlmToRam
                0x20003724      0x304 ./src/SubSystemModules/Housekepping/RAMTelemetry.o
                0x20003724                saveTlmToRam
 .text.getTlm   0x20003a28      0x210 ./src/SubSystemModules/Housekepping/RAMTelemetry.o
                0x20003a28                getTlm
 .text.getRange
                0x20003c38      0x204 ./src/SubSystemModules/Housekepping/RAMTelemetry.o
                0x20003c38                getRange
 .text.InitSavePeriodTimes
                0x20003e3c       0xb8 ./src/SubSystemModules/Housekepping/TelemetryCollector.o
                0x20003e3c                InitSavePeriodTimes
 .text.CMD_GetTLMPeriodTimes
                0x20003ef4       0x38 ./src/SubSystemModules/Housekepping/TelemetryCollector.o
                0x20003ef4                CMD_GetTLMPeriodTimes
 .text.CMD_SetTLMPeriodTimes
                0x20003f2c      0x204 ./src/SubSystemModules/Housekepping/TelemetryCollector.o
                0x20003f2c                CMD_SetTLMPeriodTimes
 .text.TelemetryCollectorLogic
                0x20004130      0x328 ./src/SubSystemModules/Housekepping/TelemetryCollector.o
                0x20004130                TelemetryCollectorLogic
 .text.TelemetrySaveEPS
                0x20004458       0x54 ./src/SubSystemModules/Housekepping/TelemetryCollector.o
                0x20004458                TelemetrySaveEPS
 .text.TelemetrySaveTRXVU
                0x200044ac       0x94 ./src/SubSystemModules/Housekepping/TelemetryCollector.o
                0x200044ac                TelemetrySaveTRXVU
 .text.TelemetrySaveANT
                0x20004540       0x5c ./src/SubSystemModules/Housekepping/TelemetryCollector.o
                0x20004540                TelemetrySaveANT
 .text.TelemetrySaveSolarPanels
                0x2000459c      0x22c ./src/SubSystemModules/Housekepping/TelemetryCollector.o
                0x2000459c                TelemetrySaveSolarPanels
 .text.TelemetrySaveWOD
                0x200047c8       0x5c ./src/SubSystemModules/Housekepping/TelemetryCollector.o
                0x200047c8                TelemetrySaveWOD
 .text.TelemetrySaveRADFET
                0x20004824       0x54 ./src/SubSystemModules/Housekepping/TelemetryCollector.o
                0x20004824                TelemetrySaveRADFET
 .text.TelemetrySaveSEL
                0x20004878       0x84 ./src/SubSystemModules/Housekepping/TelemetryCollector.o
                0x20004878                TelemetrySaveSEL
 .text.TelemetrySaveSEU
                0x200048fc       0x54 ./src/SubSystemModules/Housekepping/TelemetryCollector.o
                0x200048fc                TelemetrySaveSEU
 .text.GetCurrentWODTelemetry
                0x20004950      0x7e0 ./src/SubSystemModules/Housekepping/TelemetryCollector.o
                0x20004950                GetCurrentWODTelemetry
 .text.CMD_EPS_ResetWDT
                0x20005130       0x58 ./src/SubSystemModules/Communication/SubsystemCommands/EPS_Commands.o
                0x20005130                CMD_EPS_ResetWDT
 .text.CMD_DeleteTLM
                0x20005188      0x1d8 ./src/SubSystemModules/Communication/SubsystemCommands/FS_Commands.o
                0x20005188                CMD_DeleteTLM
 .text.CMD_DeleteAllFiles
                0x20005360       0x38 ./src/SubSystemModules/Communication/SubsystemCommands/FS_Commands.o
                0x20005360                CMD_DeleteAllFiles
 .text.CMD_GetLastFS_Error
                0x20005398       0x4c ./src/SubSystemModules/Communication/SubsystemCommands/FS_Commands.o
                0x20005398                CMD_GetLastFS_Error
 .text.CMD_Get_TLM_Info
                0x200053e4      0x158 ./src/SubSystemModules/Communication/SubsystemCommands/FS_Commands.o
                0x200053e4                CMD_Get_TLM_Info
 .text.CMD_Switch_SD_Card
                0x2000553c       0xb8 ./src/SubSystemModules/Communication/SubsystemCommands/FS_Commands.o
                0x2000553c                CMD_Switch_SD_Card
 .text.CMD_Format_SD_Card
                0x200055f4       0x80 ./src/SubSystemModules/Communication/SubsystemCommands/FS_Commands.o
                0x200055f4                CMD_Format_SD_Card
 .text.CMD_GenericI2C
                0x20005674      0x144 ./src/SubSystemModules/Communication/SubsystemCommands/Maintanence_Commands.o
                0x20005674                CMD_GenericI2C
 .text.CMD_FRAM_ReadAndTransmitt
                0x200057b8       0xe8 ./src/SubSystemModules/Communication/SubsystemCommands/Maintanence_Commands.o
                0x200057b8                CMD_FRAM_ReadAndTransmitt
 .text.CMD_FRAM_WriteAndTransmitt
                0x200058a0      0x11c ./src/SubSystemModules/Communication/SubsystemCommands/Maintanence_Commands.o
                0x200058a0                CMD_FRAM_WriteAndTransmitt
 .text.CMD_FRAM_ReStart
                0x200059bc       0x4c ./src/SubSystemModules/Communication/SubsystemCommands/Maintanence_Commands.o
                0x200059bc                CMD_FRAM_ReStart
 .text.CMD_UpdateSatTime
                0x20005a08       0xa4 ./src/SubSystemModules/Communication/SubsystemCommands/Maintanence_Commands.o
                0x20005a08                CMD_UpdateSatTime
 .text.CMD_GetSatUptime
                0x20005aac       0x48 ./src/SubSystemModules/Communication/SubsystemCommands/Maintanence_Commands.o
                0x20005aac                CMD_GetSatUptime
 .text.CMD_ResetComponent
                0x20005af4      0x274 ./src/SubSystemModules/Communication/SubsystemCommands/Maintanence_Commands.o
                0x20005af4                CMD_ResetComponent
 .text.DumpTask
                0x20005d68      0x310 ./src/SubSystemModules/Communication/SubsystemCommands/TRXVU_Commands.o
                0x20005d68                DumpTask
 .text.DumpRamTask
                0x20006078      0x320 ./src/SubSystemModules/Communication/SubsystemCommands/TRXVU_Commands.o
                0x20006078                DumpRamTask
 .text.CMD_AntennaDeploy
                0x20006398       0x8c ./src/SubSystemModules/Communication/SubsystemCommands/TRXVU_Commands.o
                0x20006398                CMD_AntennaDeploy
 .text.CMD_StartDump
                0x20006424      0x224 ./src/SubSystemModules/Communication/SubsystemCommands/TRXVU_Commands.o
                0x20006424                CMD_StartDump
 .text.CMD_SendDumpAbortRequest
                0x20006648       0x38 ./src/SubSystemModules/Communication/SubsystemCommands/TRXVU_Commands.o
                0x20006648                CMD_SendDumpAbortRequest
 .text.CMD_ForceDumpAbort
                0x20006680       0x3c ./src/SubSystemModules/Communication/SubsystemCommands/TRXVU_Commands.o
                0x20006680                CMD_ForceDumpAbort
 .text.CMD_SetTransponder
                0x200066bc      0x110 ./src/SubSystemModules/Communication/SubsystemCommands/TRXVU_Commands.o
                0x200066bc                CMD_SetTransponder
 .text.CMD_SetRSSITransponder
                0x200067cc       0x90 ./src/SubSystemModules/Communication/SubsystemCommands/TRXVU_Commands.o
                0x200067cc                CMD_SetRSSITransponder
 .text.CMD_MuteTRXVU
                0x2000685c       0xc4 ./src/SubSystemModules/Communication/SubsystemCommands/TRXVU_Commands.o
                0x2000685c                CMD_MuteTRXVU
 .text.CMD_SetIdleState
                0x20006920       0x94 ./src/SubSystemModules/Communication/SubsystemCommands/TRXVU_Commands.o
                0x20006920                CMD_SetIdleState
 .text.CMD_UnMuteTRXVU
                0x200069b4       0x38 ./src/SubSystemModules/Communication/SubsystemCommands/TRXVU_Commands.o
                0x200069b4                CMD_UnMuteTRXVU
 .text.CMD_GetBaudRate
                0x200069ec       0x6c ./src/SubSystemModules/Communication/SubsystemCommands/TRXVU_Commands.o
                0x200069ec                CMD_GetBaudRate
 .text.CMD_TrasmitBeacon
                0x20006a58       0x48 ./src/SubSystemModules/Communication/SubsystemCommands/TRXVU_Commands.o
                0x20006a58                CMD_TrasmitBeacon
 .text.CMD_GetBeaconInterval
                0x20006aa0       0x6c ./src/SubSystemModules/Communication/SubsystemCommands/TRXVU_Commands.o
                0x20006aa0                CMD_GetBeaconInterval
 .text.CMD_SetBaudRate
                0x20006b0c       0x64 ./src/SubSystemModules/Communication/SubsystemCommands/TRXVU_Commands.o
                0x20006b0c                CMD_SetBaudRate
 .text.CMD_GetTxUptime
                0x20006b70       0x68 ./src/SubSystemModules/Communication/SubsystemCommands/TRXVU_Commands.o
                0x20006b70                CMD_GetTxUptime
 .text.CMD_GetRxUptime
                0x20006bd8       0x68 ./src/SubSystemModules/Communication/SubsystemCommands/TRXVU_Commands.o
                0x20006bd8                CMD_GetRxUptime
 .text.CMD_GetNumOfOnlineCommands
                0x20006c40       0x68 ./src/SubSystemModules/Communication/SubsystemCommands/TRXVU_Commands.o
                0x20006c40                CMD_GetNumOfOnlineCommands
 .text.CMD_AntSetArmStatus
                0x20006ca8       0x3c ./src/SubSystemModules/Communication/SubsystemCommands/TRXVU_Commands.o
                0x20006ca8                CMD_AntSetArmStatus
 .text.CMD_AntGetArmStatus
                0x20006ce4       0x60 ./src/SubSystemModules/Communication/SubsystemCommands/TRXVU_Commands.o
                0x20006ce4                CMD_AntGetArmStatus
 .text.CMD_AntGetUptime
                0x20006d44       0x68 ./src/SubSystemModules/Communication/SubsystemCommands/TRXVU_Commands.o
                0x20006d44                CMD_AntGetUptime
 .text.CMD_StopReDeployment
                0x20006dac       0x74 ./src/SubSystemModules/Communication/SubsystemCommands/TRXVU_Commands.o
                0x20006dac                CMD_StopReDeployment
 .text.CMD_AntCancelDeployment
                0x20006e20       0x58 ./src/SubSystemModules/Communication/SubsystemCommands/TRXVU_Commands.o
                0x20006e20                CMD_AntCancelDeployment
 .text.CMD_DumpRamTLM
                0x20006e78      0x180 ./src/SubSystemModules/Communication/SubsystemCommands/TRXVU_Commands.o
                0x20006e78                CMD_DumpRamTLM
 .text.SendAckPacket
                0x20006ff8       0xe4 ./src/SubSystemModules/Communication/AckHandler.o
                0x20006ff8                SendAckPacket
 .text.trxvu_command_router
                0x200070dc      0x578 ./src/SubSystemModules/Communication/CommandDictionary.o
                0x200070dc                trxvu_command_router
 .text.eps_command_router
                0x20007654       0xdc ./src/SubSystemModules/Communication/CommandDictionary.o
                0x20007654                eps_command_router
 .text.telemetry_command_router
                0x20007730      0x23c ./src/SubSystemModules/Communication/CommandDictionary.o
                0x20007730                telemetry_command_router
 .text.managment_command_router
                0x2000796c      0x12c ./src/SubSystemModules/Communication/CommandDictionary.o
                0x2000796c                managment_command_router
 .text.filesystem_command_router
                0x20007a98       0x24 ./src/SubSystemModules/Communication/CommandDictionary.o
                0x20007a98                filesystem_command_router
 .text.sha256_transform
                0x20007abc      0x4b8 ./src/SubSystemModules/Communication/HashSecuredCMD.o
                0x20007abc                sha256_transform
 .text.sha256_init
                0x20007f74       0xb8 ./src/SubSystemModules/Communication/HashSecuredCMD.o
                0x20007f74                sha256_init
 .text.sha256_update
                0x2000802c       0xc8 ./src/SubSystemModules/Communication/HashSecuredCMD.o
                0x2000802c                sha256_update
 .text.sha256_final
                0x200080f4      0x470 ./src/SubSystemModules/Communication/HashSecuredCMD.o
                0x200080f4                sha256_final
 .text.ParseDataToCommand
                0x20008564      0x1ac ./src/SubSystemModules/Communication/SatCommandHandler.o
                0x20008564                ParseDataToCommand
 .text.AssembleCommand
                0x20008710      0x148 ./src/SubSystemModules/Communication/SatCommandHandler.o
                0x20008710                AssembleCommand
 .text.ActUponCommand
                0x20008858      0x108 ./src/SubSystemModules/Communication/SatCommandHandler.o
                0x20008858                ActUponCommand
 .text.setMuteEndTime
                0x20008960       0x40 ./src/SubSystemModules/Communication/TRXVU.o
                0x20008960                setMuteEndTime
 .text.getMuteEndTime
                0x200089a0       0x44 ./src/SubSystemModules/Communication/TRXVU.o
                0x200089a0                getMuteEndTime
 .text.setTransponderEndTime
                0x200089e4       0x40 ./src/SubSystemModules/Communication/TRXVU.o
                0x200089e4                setTransponderEndTime
 .text.getTransponderEndTime
                0x20008a24       0x44 ./src/SubSystemModules/Communication/TRXVU.o
                0x20008a24                getTransponderEndTime
 .text.setTransponderRSSIinFRAM
                0x20008a68       0x44 ./src/SubSystemModules/Communication/TRXVU.o
                0x20008a68                setTransponderRSSIinFRAM
 .text.getTransponderRSSIFromFRAM
                0x20008aac       0x4c ./src/SubSystemModules/Communication/TRXVU.o
                0x20008aac                getTransponderRSSIFromFRAM
 .text.InitTxModule
                0x20008af8       0x68 ./src/SubSystemModules/Communication/TRXVU.o
                0x20008af8                InitTxModule
 .text.CMD_SetBeaconInterval
                0x20008b60       0xdc ./src/SubSystemModules/Communication/TRXVU.o
                0x20008b60                CMD_SetBeaconInterval
 .text.InitBeaconParams
                0x20008c3c       0x3c ./src/SubSystemModules/Communication/TRXVU.o
                0x20008c3c                InitBeaconParams
 .text.InitSemaphores
                0x20008c78       0x98 ./src/SubSystemModules/Communication/TRXVU.o
                0x20008c78                InitSemaphores
 .text.InitTrxvu
                0x20008d10      0x100 ./src/SubSystemModules/Communication/TRXVU.o
                0x20008d10                InitTrxvu
 .text.checkIdleFinish
                0x20008e10       0x68 ./src/SubSystemModules/Communication/TRXVU.o
                0x20008e10                checkIdleFinish
 .text.checkTransponderFinish
                0x20008e78       0x50 ./src/SubSystemModules/Communication/TRXVU.o
                0x20008e78                checkTransponderFinish
 .text.checkTransponderStart
                0x20008ec8       0x50 ./src/SubSystemModules/Communication/TRXVU.o
                0x20008ec8                checkTransponderStart
 .text.turnOnTransponder
                0x20008f18       0xa0 ./src/SubSystemModules/Communication/TRXVU.o
                0x20008f18                turnOnTransponder
 .text.turnOffTransponder
                0x20008fb8       0x90 ./src/SubSystemModules/Communication/TRXVU.o
                0x20008fb8                turnOffTransponder
 .text.SetRSSITransponder
                0x20009048       0x80 ./src/SubSystemModules/Communication/TRXVU.o
                0x20009048                SetRSSITransponder
 .text.TRX_Logic
                0x200090c8       0xe4 ./src/SubSystemModules/Communication/TRXVU.o
                0x200090c8                TRX_Logic
 .text.GetNumberOfFramesInBuffer
                0x200091ac       0x5c ./src/SubSystemModules/Communication/TRXVU.o
                0x200091ac                GetNumberOfFramesInBuffer
 .text.GetOnlineCommand
                0x20009208      0x184 ./src/SubSystemModules/Communication/TRXVU.o
                0x20009208                GetOnlineCommand
 .text.CheckTransmitionAllowed
                0x2000938c       0xc0 ./src/SubSystemModules/Communication/TRXVU.o
                0x2000938c                CheckTransmitionAllowed
 .text.FinishDump
                0x2000944c       0xf0 ./src/SubSystemModules/Communication/TRXVU.o
                0x2000944c                FinishDump
 .text.AbortDump
                0x2000953c       0x34 ./src/SubSystemModules/Communication/TRXVU.o
                0x2000953c                AbortDump
 .text.SendDumpAbortRequest
                0x20009570       0x6c ./src/SubSystemModules/Communication/TRXVU.o
                0x20009570                SendDumpAbortRequest
 .text.CheckDumpAbort
                0x200095dc       0x6c ./src/SubSystemModules/Communication/TRXVU.o
                0x200095dc                CheckDumpAbort
 .text.BeaconLogic
                0x20009648      0x184 ./src/SubSystemModules/Communication/TRXVU.o
                0x20009648                BeaconLogic
 .text.SetIdleState
                0x200097cc      0x144 ./src/SubSystemModules/Communication/TRXVU.o
                0x200097cc                SetIdleState
 .text.muteTRXVU
                0x20009910       0x74 ./src/SubSystemModules/Communication/TRXVU.o
                0x20009910                muteTRXVU
 .text.UnMuteTRXVU
                0x20009984       0x14 ./src/SubSystemModules/Communication/TRXVU.o
                0x20009984                UnMuteTRXVU
 .text.TransmitDataAsSPL_Packet
                0x20009998      0x114 ./src/SubSystemModules/Communication/TRXVU.o
                0x20009998                TransmitDataAsSPL_Packet
 .text.TransmitSplPacket
                0x20009aac      0x124 ./src/SubSystemModules/Communication/TRXVU.o
                0x20009aac                TransmitSplPacket
 .text.isFirstActivation
                0x20009bd0       0x38 ./src/InitSystem.o
                0x20009bd0                isFirstActivation
 .text.WriteDefaultValuesToFRAM
                0x20009c08      0x2ac ./src/InitSystem.o
                0x20009c08                WriteDefaultValuesToFRAM
 .text.StartFRAM
                0x20009eb4       0x64 ./src/InitSystem.o
                0x20009eb4                StartFRAM
 .text.StartI2C
                0x20009f18       0x38 ./src/InitSystem.o
                0x20009f18                StartI2C
 .text.StartSPI
                0x20009f50       0x34 ./src/InitSystem.o
                0x20009f50                StartSPI
 .text.StartTIME
                0x20009f84       0xbc ./src/InitSystem.o
                0x20009f84                StartTIME
 .text.DeploySystem
                0x2000a040      0x1b4 ./src/InitSystem.o
                0x2000a040                DeploySystem
 .text.InitSubsystems
                0x2000a1f4       0x64 ./src/InitSystem.o
                0x2000a1f4                InitSubsystems
 .text.CMD_getInfoImage
                0x2000a258      0x158 ./src/TLM_management.o
                0x2000a258                CMD_getInfoImage
 .text.CMD_getDataImage
                0x2000a3b0      0x218 ./src/TLM_management.o
                0x2000a3b0                CMD_getDataImage
 .text.delete_allTMFilesFromSD
                0x2000a5c8       0x8c ./src/TLM_management.o
                0x2000a5c8                delete_allTMFilesFromSD
 .text.deleteTLMFiles
                0x2000a654       0x94 ./src/TLM_management.o
                0x2000a654                deleteTLMFiles
 .text.deleteTLMFile
                0x2000a6e8       0xcc ./src/TLM_management.o
                0x2000a6e8                deleteTLMFile
 .text.deleteTLMbyMonth
                0x2000a7b4       0xac ./src/TLM_management.o
                0x2000a7b4                deleteTLMbyMonth
 .text.deleteDirectory
                0x2000a860      0x158 ./src/TLM_management.o
                0x2000a860                deleteDirectory
 .text.InitializeFS
                0x2000a9b8       0xec ./src/TLM_management.o
                0x2000a9b8                InitializeFS
 .text.calculateFileName
                0x2000aaa4      0x130 ./src/TLM_management.o
                0x2000aaa4                calculateFileName
 .text.getTlmTypeInfo
                0x2000abd4      0x294 ./src/TLM_management.o
                0x2000abd4                getTlmTypeInfo
 .text.write2File
                0x2000ae68      0x1dc ./src/TLM_management.o
                0x2000ae68                write2File
 .text.printTLM
                0x2000b044       0x24 ./src/TLM_management.o
                0x2000b044                printTLM
 .text.readTLMFile
                0x2000b068      0x328 ./src/TLM_management.o
                0x2000b068                readTLMFile
 .text.readTLMFiles
                0x2000b390       0xdc ./src/TLM_management.o
                0x2000b390                readTLMFiles
 .text.readTLMFileTimeRange
                0x2000b46c      0x2f0 ./src/TLM_management.o
                0x2000b46c                readTLMFileTimeRange
 .text.DeInitializeFS
                0x2000b75c       0x38 ./src/TLM_management.o
                0x2000b75c                DeInitializeFS
 .text.taskMain
                0x2000b794       0x84 ./src/main.o
                0x2000b794                taskMain
 .text.main     0x2000b818       0x98 ./src/main.o
                0x2000b818                main
 .text.timeU2time
                0x2000b8b0       0xbc ./src/utils.o
                0x2000b8b0                timeU2time
 .text.logError
                0x2000b96c      0x148 ./src/utils.o
                0x2000b96c                logError
 .text.clearPDCtransfers
                0x2000bab4       0xe8 C:/ISIS/workspace_ycube/GlobusSatProject/..//hal/hal/lib\libHALD.a(SPI.o)
 .text.SPI_start
                0x2000bb9c      0x4b0 C:/ISIS/workspace_ycube/GlobusSatProject/..//hal/hal/lib\libHALD.a(SPI.o)
                0x2000bb9c                SPI_start
 .text.SPI_stop
                0x2000c04c      0x244 C:/ISIS/workspace_ycube/GlobusSatProject/..//hal/hal/lib\libHALD.a(SPI.o)
                0x2000c04c                SPI_stop
 .text.SPI_queueTransfer
                0x2000c290      0x1cc C:/ISIS/workspace_ycube/GlobusSatProject/..//hal/hal/lib\libHALD.a(SPI.o)
                0x2000c290                SPI_queueTransfer
 .text.SPI_internalCallback
                0x2000c45c       0x64 C:/ISIS/workspace_ycube/GlobusSatProject/..//hal/hal/lib\libHALD.a(SPI.o)
 .text.SPI_writeRead
                0x2000c4c0      0x1c0 C:/ISIS/workspace_ycube/GlobusSatProject/..//hal/hal/lib\libHALD.a(SPI.o)
                0x2000c4c0                SPI_writeRead
 .text.waitForTransfer
                0x2000c680       0x78 C:/ISIS/workspace_ycube/GlobusSatProject/..//hal/hal/lib\libHALD.a(SPI.o)
 .text.SPI_getDriverState
                0x2000c6f8       0x58 C:/ISIS/workspace_ycube/GlobusSatProject/..//hal/hal/lib\libHALD.a(SPI.o)
                0x2000c6f8                SPI_getDriverState
 .text.validateTransferParameters
                0x2000c750      0x10c C:/ISIS/workspace_ycube/GlobusSatProject/..//hal/hal/lib\libHALD.a(I2C.o)
 .text.I2C_queueTransfer
                0x2000c85c       0xfc C:/ISIS/workspace_ycube/GlobusSatProject/..//hal/hal/lib\libHALD.a(I2C.o)
                0x2000c85c                I2C_queueTransfer
 .text.I2C_internalCallback
                0x2000c958       0x64 C:/ISIS/workspace_ycube/GlobusSatProject/..//hal/hal/lib\libHALD.a(I2C.o)
 .text.I2C_doBlockingTransfer
                0x2000c9bc      0x180 C:/ISIS/workspace_ycube/GlobusSatProject/..//hal/hal/lib\libHALD.a(I2C.o)
 .text.I2C_write
                0x2000cb3c      0x110 C:/ISIS/workspace_ycube/GlobusSatProject/..//hal/hal/lib\libHALD.a(I2C.o)
                0x2000cb3c                I2C_write
 .text.I2C_read
                0x2000cc4c      0x110 C:/ISIS/workspace_ycube/GlobusSatProject/..//hal/hal/lib\libHALD.a(I2C.o)
                0x2000cc4c                I2C_read
 .text.I2C_writeRead
                0x2000cd5c      0x17c C:/ISIS/workspace_ycube/GlobusSatProject/..//hal/hal/lib\libHALD.a(I2C.o)
                0x2000cd5c                I2C_writeRead
 .text.I2C_start
                0x2000ced8      0x2e8 C:/ISIS/workspace_ycube/GlobusSatProject/..//hal/hal/lib\libHALD.a(I2C.o)
                0x2000ced8                I2C_start
 .text.I2C_stop
                0x2000d1c0      0x184 C:/ISIS/workspace_ycube/GlobusSatProject/..//hal/hal/lib\libHALD.a(I2C.o)
                0x2000d1c0                I2C_stop
 .text.I2C_setTransferTimeout
                0x2000d344       0x48 C:/ISIS/workspace_ycube/GlobusSatProject/..//hal/hal/lib\libHALD.a(I2C.o)
                0x2000d344                I2C_setTransferTimeout
 .text.ADC_ConvertRaw10bitToMillivolt
                0x2000d38c       0x50 C:/ISIS/workspace_ycube/GlobusSatProject/..//hal/hal/lib\libHALD.a(ADC.o)
                0x2000d38c                ADC_ConvertRaw10bitToMillivolt
 .text.ADC_SingleShot
                0x2000d3dc      0x230 C:/ISIS/workspace_ycube/GlobusSatProject/..//hal/hal/lib\libHALD.a(ADC.o)
                0x2000d3dc                ADC_SingleShot
 .text.FRAM_start
                0x2000d60c      0x120 C:/ISIS/workspace_ycube/GlobusSatProject/..//hal/hal/lib\libHALD.a(FRAM.o)
                0x2000d60c                FRAM_start
 .text.FRAM_stop
                0x2000d72c       0x6c C:/ISIS/workspace_ycube/GlobusSatProject/..//hal/hal/lib\libHALD.a(FRAM.o)
                0x2000d72c                FRAM_stop
 .text.FRAM_dummyCallback
                0x2000d798       0x24 C:/ISIS/workspace_ycube/GlobusSatProject/..//hal/hal/lib\libHALD.a(FRAM.o)
                0x2000d798                FRAM_dummyCallback
 .text.FRAM_unlockingCallback
                0x2000d7bc       0x64 C:/ISIS/workspace_ycube/GlobusSatProject/..//hal/hal/lib\libHALD.a(FRAM.o)
                0x2000d7bc                FRAM_unlockingCallback
 .text.doBlockingTransfer
                0x2000d820       0x78 C:/ISIS/workspace_ycube/GlobusSatProject/..//hal/hal/lib\libHALD.a(FRAM.o)
 .text.FRAM_writePacket
                0x2000d898      0x134 C:/ISIS/workspace_ycube/GlobusSatProject/..//hal/hal/lib\libHALD.a(FRAM.o)
 .text.FRAM_write
                0x2000d9cc      0x1e0 C:/ISIS/workspace_ycube/GlobusSatProject/..//hal/hal/lib\libHALD.a(FRAM.o)
                0x2000d9cc                FRAM_write
 .text.FRAM_readPacket
                0x2000dbac       0xf0 C:/ISIS/workspace_ycube/GlobusSatProject/..//hal/hal/lib\libHALD.a(FRAM.o)
 .text.FRAM_read
                0x2000dc9c      0x1ec C:/ISIS/workspace_ycube/GlobusSatProject/..//hal/hal/lib\libHALD.a(FRAM.o)
                0x2000dc9c                FRAM_read
 .text.Time_start
                0x2000de88      0x170 C:/ISIS/workspace_ycube/GlobusSatProject/..//hal/hal/lib\libHALD.a(Time.o)
                0x2000de88                Time_start
 .text.taskTimeSync
                0x2000dff8       0x64 C:/ISIS/workspace_ycube/GlobusSatProject/..//hal/hal/lib\libHALD.a(Time.o)
 .text.Time_convertEpochToTime
                0x2000e05c      0x100 C:/ISIS/workspace_ycube/GlobusSatProject/..//hal/hal/lib\libHALD.a(Time.o)
                0x2000e05c                Time_convertEpochToTime
 .text.Time_calculateSecondsOfYear
                0x2000e15c       0xd8 C:/ISIS/workspace_ycube/GlobusSatProject/..//hal/hal/lib\libHALD.a(Time.o)
 .text.Time_set
                0x2000e234       0xd8 C:/ISIS/workspace_ycube/GlobusSatProject/..//hal/hal/lib\libHALD.a(Time.o)
                0x2000e234                Time_set
 .text.Time_isLeapYear
                0x2000e30c       0x98 C:/ISIS/workspace_ycube/GlobusSatProject/..//hal/hal/lib\libHALD.a(Time.o)
                0x2000e30c                Time_isLeapYear
 .text.Time_get
                0x2000e3a4      0x478 C:/ISIS/workspace_ycube/GlobusSatProject/..//hal/hal/lib\libHALD.a(Time.o)
                0x2000e3a4                Time_get
 .text.Time_getUnixEpoch
                0x2000e81c      0x108 C:/ISIS/workspace_ycube/GlobusSatProject/..//hal/hal/lib\libHALD.a(Time.o)
                0x2000e81c                Time_getUnixEpoch
 .text.Time_secondsOfYearToTime
                0x2000e924      0x33c C:/ISIS/workspace_ycube/GlobusSatProject/..//hal/hal/lib\libHALD.a(Time.o)
 .text.Time_setUnixEpoch
                0x2000ec60       0x54 C:/ISIS/workspace_ycube/GlobusSatProject/..//hal/hal/lib\libHALD.a(Time.o)
                0x2000ec60                Time_setUnixEpoch
 .text.Time_getUptimeSeconds
                0x2000ecb4       0x28 C:/ISIS/workspace_ycube/GlobusSatProject/..//hal/hal/lib\libHALD.a(Time.o)
                0x2000ecb4                Time_getUptimeSeconds
 .text.Time_sync
                0x2000ecdc      0x1a8 C:/ISIS/workspace_ycube/GlobusSatProject/..//hal/hal/lib\libHALD.a(Time.o)
                0x2000ecdc                Time_sync
 .text.Time_syncIfNeeded
                0x2000ee84       0xac C:/ISIS/workspace_ycube/GlobusSatProject/..//hal/hal/lib\libHALD.a(Time.o)
                0x2000ee84                Time_syncIfNeeded
 .text.WDT_start
                0x2000ef30       0x48 C:/ISIS/workspace_ycube/GlobusSatProject/..//hal/hal/lib\libHALD.a(WatchDogTimerNoOS.o)
                0x2000ef30                WDT_start
 .text.RTT_start
                0x2000ef78       0x24 C:/ISIS/workspace_ycube/GlobusSatProject/..//hal/hal/lib\libHALD.a(RTT.o)
                0x2000ef78                RTT_start
 .text.RTT_GetTime
                0x2000ef9c       0x24 C:/ISIS/workspace_ycube/GlobusSatProject/..//hal/hal/lib\libHALD.a(RTT.o)
                0x2000ef9c                RTT_GetTime
 .text.RTC_start
                0x2000efc0       0x3c C:/ISIS/workspace_ycube/GlobusSatProject/..//hal/hal/lib\libHALD.a(RTC.o)
                0x2000efc0                RTC_start
 .text.RTC_setTime
                0x2000effc      0x2a4 C:/ISIS/workspace_ycube/GlobusSatProject/..//hal/hal/lib\libHALD.a(RTC.o)
                0x2000effc                RTC_setTime
 .text.RTC_getTime
                0x2000f2a0      0x230 C:/ISIS/workspace_ycube/GlobusSatProject/..//hal/hal/lib\libHALD.a(RTC.o)
                0x2000f2a0                RTC_getTime
 .text.RTC_checkTimeValid
                0x2000f4d0       0xd8 C:/ISIS/workspace_ycube/GlobusSatProject/..//hal/hal/lib\libHALD.a(RTC.o)
                0x2000f4d0                RTC_checkTimeValid
 .text.WDT_startWatchdogKickTask
                0x2000f5a8       0xb4 C:/ISIS/workspace_ycube/GlobusSatProject/..//hal/hal/lib\libHALD.a(WatchDogTimerOS.o)
                0x2000f5a8                WDT_startWatchdogKickTask
 .text.WDT_forceKickEveryNms
                0x2000f65c       0x50 C:/ISIS/workspace_ycube/GlobusSatProject/..//hal/hal/lib\libHALD.a(WatchDogTimerOS.o)
                0x2000f65c                WDT_forceKickEveryNms
 .text.f_puts   0x2000f6ac       0x80 C:/ISIS/workspace_ycube/GlobusSatProject/..//hal/hal/lib\libHALD.a(fprintf.o)
                0x2000f6ac                f_puts
 .text.LED_glow
                0x2000f72c       0x58 C:/ISIS/workspace_ycube/GlobusSatProject/..//hal/hal/lib\libHALD.a(LED.o)
                0x2000f72c                LED_glow
 .text.LED_dark
                0x2000f784       0x58 C:/ISIS/workspace_ycube/GlobusSatProject/..//hal/hal/lib\libHALD.a(LED.o)
                0x2000f784                LED_dark
 .text.LED_toggle
                0x2000f7dc       0x50 C:/ISIS/workspace_ycube/GlobusSatProject/..//hal/hal/lib\libHALD.a(LED.o)
                0x2000f7dc                LED_toggle
 .text.fm_initvolume
                0x2000f82c       0x70 C:/ISIS/workspace_ycube/GlobusSatProject/..//hal/hcc/lib\libHCCD.a(fat_m.o)
                0x2000f82c                fm_initvolume
 .text.fm_delvolume
                0x2000f89c       0x60 C:/ISIS/workspace_ycube/GlobusSatProject/..//hal/hcc/lib\libHCCD.a(fat_m.o)
                0x2000f89c                fm_delvolume
 .text.fm_format
                0x2000f8fc       0x68 C:/ISIS/workspace_ycube/GlobusSatProject/..//hal/hcc/lib\libHCCD.a(fat_m.o)
                0x2000f8fc                fm_format
 .text.fm_getdrive
                0x2000f964       0x70 C:/ISIS/workspace_ycube/GlobusSatProject/..//hal/hcc/lib\libHCCD.a(fat_m.o)
                0x2000f964                fm_getdrive
 .text.fm_getfreespace
                0x2000f9d4       0x68 C:/ISIS/workspace_ycube/GlobusSatProject/..//hal/hcc/lib\libHCCD.a(fat_m.o)
                0x2000f9d4                fm_getfreespace
 .text.fm_mkdir
                0x2000fa3c       0x60 C:/ISIS/workspace_ycube/GlobusSatProject/..//hal/hcc/lib\libHCCD.a(fat_m.o)
                0x2000fa3c                fm_mkdir
 .text.fm_rmdir
                0x2000fa9c       0x60 C:/ISIS/workspace_ycube/GlobusSatProject/..//hal/hcc/lib\libHCCD.a(fat_m.o)
                0x2000fa9c                fm_rmdir
 .text.fm_findfirst
                0x2000fafc       0x68 C:/ISIS/workspace_ycube/GlobusSatProject/..//hal/hcc/lib\libHCCD.a(fat_m.o)
                0x2000fafc                fm_findfirst
 .text.fm_findnext
                0x2000fb64       0x60 C:/ISIS/workspace_ycube/GlobusSatProject/..//hal/hcc/lib\libHCCD.a(fat_m.o)
                0x2000fb64                fm_findnext
 .text.fm_close
                0x2000fbc4       0x60 C:/ISIS/workspace_ycube/GlobusSatProject/..//hal/hcc/lib\libHCCD.a(fat_m.o)
                0x2000fbc4                fm_close
 .text.fm_flush
                0x2000fc24       0x60 C:/ISIS/workspace_ycube/GlobusSatProject/..//hal/hcc/lib\libHCCD.a(fat_m.o)
                0x2000fc24                fm_flush
 .text.fm_open  0x2000fc84       0x68 C:/ISIS/workspace_ycube/GlobusSatProject/..//hal/hcc/lib\libHCCD.a(fat_m.o)
                0x2000fc84                fm_open
 .text.fm_read  0x2000fcec       0x7c C:/ISIS/workspace_ycube/GlobusSatProject/..//hal/hcc/lib\libHCCD.a(fat_m.o)
                0x2000fcec                fm_read
 .text.fm_write
                0x2000fd68       0x7c C:/ISIS/workspace_ycube/GlobusSatProject/..//hal/hcc/lib\libHCCD.a(fat_m.o)
                0x2000fd68                fm_write
 .text.fm_seek  0x2000fde4       0x70 C:/ISIS/workspace_ycube/GlobusSatProject/..//hal/hcc/lib\libHCCD.a(fat_m.o)
                0x2000fde4                fm_seek
 .text.fm_tell  0x2000fe54       0x60 C:/ISIS/workspace_ycube/GlobusSatProject/..//hal/hcc/lib\libHCCD.a(fat_m.o)
                0x2000fe54                fm_tell
 .text.fm_putc  0x2000feb4       0x68 C:/ISIS/workspace_ycube/GlobusSatProject/..//hal/hcc/lib\libHCCD.a(fat_m.o)
                0x2000feb4                fm_putc
 .text.fm_rewind
                0x2000ff1c       0x60 C:/ISIS/workspace_ycube/GlobusSatProject/..//hal/hcc/lib\libHCCD.a(fat_m.o)
                0x2000ff1c                fm_rewind
 .text.fm_delete
                0x2000ff7c       0x64 C:/ISIS/workspace_ycube/GlobusSatProject/..//hal/hcc/lib\libHCCD.a(fat_m.o)
                0x2000ff7c                fm_delete
 .text.fm_getlasterror
                0x2000ffe0       0x40 C:/ISIS/workspace_ycube/GlobusSatProject/..//hal/hcc/lib\libHCCD.a(fat_m.o)
                0x2000ffe0                fm_getlasterror
 .text._f_invalidatedir
                0x20010020       0x28 C:/ISIS/workspace_ycube/GlobusSatProject/..//hal/hcc/lib\libHCCD.a(fat.o)
                0x20010020                _f_invalidatedir
 .text._f_getdirsector
                0x20010048       0x88 C:/ISIS/workspace_ycube/GlobusSatProject/..//hal/hcc/lib\libHCCD.a(fat.o)
                0x20010048                _f_getdirsector
 .text._f_writedirsector
                0x200100d0       0x74 C:/ISIS/workspace_ycube/GlobusSatProject/..//hal/hcc/lib\libHCCD.a(fat.o)
                0x200100d0                _f_writedirsector
 .text._f_checknameinv
                0x20010144      0x180 C:/ISIS/workspace_ycube/GlobusSatProject/..//hal/hcc/lib\libHCCD.a(fat.o)
 .text._f_checkname
                0x200102c4       0x7c C:/ISIS/workspace_ycube/GlobusSatProject/..//hal/hcc/lib\libHCCD.a(fat.o)
 .text._f_checknamewc
                0x20010340       0xf8 C:/ISIS/workspace_ycube/GlobusSatProject/..//hal/hcc/lib\libHCCD.a(fat.o)
 .text._f_setnameext
                0x20010438      0x300 C:/ISIS/workspace_ycube/GlobusSatProject/..//hal/hcc/lib\libHCCD.a(fat.o)
 .text._f_setfsname
                0x20010738      0x584 C:/ISIS/workspace_ycube/GlobusSatProject/..//hal/hcc/lib\libHCCD.a(fat.o)
 .text._f_findfile
                0x20010cbc      0x30c C:/ISIS/workspace_ycube/GlobusSatProject/..//hal/hcc/lib\libHCCD.a(fat.o)
 .text._f_cmp_wname
                0x20010fc8      0x274 C:/ISIS/workspace_ycube/GlobusSatProject/..//hal/hcc/lib\libHCCD.a(fat.o)
 .text._f_to_string
                0x2001123c      0x130 C:/ISIS/workspace_ycube/GlobusSatProject/..//hal/hcc/lib\libHCCD.a(fat.o)
 .text._f_findfilewc
                0x2001136c      0x278 C:/ISIS/workspace_ycube/GlobusSatProject/..//hal/hcc/lib\libHCCD.a(fat.o)
 .text._f_getfilename
                0x200115e4      0x20c C:/ISIS/workspace_ycube/GlobusSatProject/..//hal/hcc/lib\libHCCD.a(fat.o)
 .text._f_findpath
                0x200117f0      0x35c C:/ISIS/workspace_ycube/GlobusSatProject/..//hal/hcc/lib\libHCCD.a(fat.o)
 .text.fn_getdcwd
                0x20011b4c      0x1e0 C:/ISIS/workspace_ycube/GlobusSatProject/..//hal/hcc/lib\libHCCD.a(fat.o)
                0x20011b4c                fn_getdcwd
 .text.fn_findfirst
                0x20011d2c      0x13c C:/ISIS/workspace_ycube/GlobusSatProject/..//hal/hcc/lib\libHCCD.a(fat.o)
                0x20011d2c                fn_findfirst
 .text.fn_findnext
                0x20011e68      0x360 C:/ISIS/workspace_ycube/GlobusSatProject/..//hal/hcc/lib\libHCCD.a(fat.o)
                0x20011e68                fn_findnext
 .text._f_lock_resfile
                0x200121c8       0x6c C:/ISIS/workspace_ycube/GlobusSatProject/..//hal/hcc/lib\libHCCD.a(fat.o)
 .text._f_unlock_resfile
                0x20012234       0x40 C:/ISIS/workspace_ycube/GlobusSatProject/..//hal/hcc/lib\libHCCD.a(fat.o)
 .text._f_getintfile
                0x20012274      0x124 C:/ISIS/workspace_ycube/GlobusSatProject/..//hal/hcc/lib\libHCCD.a(fat.o)
 .text._f_addentry
                0x20012398      0x540 C:/ISIS/workspace_ycube/GlobusSatProject/..//hal/hcc/lib\libHCCD.a(fat.o)
 .text.fn_mkdir
                0x200128d8      0x75c C:/ISIS/workspace_ycube/GlobusSatProject/..//hal/hcc/lib\libHCCD.a(fat.o)
                0x200128d8                fn_mkdir
 .text.fn_open_sub
                0x20013034     0x1698 C:/ISIS/workspace_ycube/GlobusSatProject/..//hal/hcc/lib\libHCCD.a(fat.o)
 .text.fn_open  0x200146cc       0x44 C:/ISIS/workspace_ycube/GlobusSatProject/..//hal/hcc/lib\libHCCD.a(fat.o)
                0x200146cc                fn_open
 .text.fn_delete
                0x20014710      0x490 C:/ISIS/workspace_ycube/GlobusSatProject/..//hal/hcc/lib\libHCCD.a(fat.o)
                0x20014710                fn_delete
 .text.fn_rmdir
                0x20014ba0      0x5ac C:/ISIS/workspace_ycube/GlobusSatProject/..//hal/hcc/lib\libHCCD.a(fat.o)
                0x20014ba0                fn_rmdir
 .text.fn_init  0x2001514c      0x2dc C:/ISIS/workspace_ycube/GlobusSatProject/..//hal/hcc/lib\libHCCD.a(fat_common.o)
                0x2001514c                fn_init
 .text.fn_start
                0x20015428       0x1c C:/ISIS/workspace_ycube/GlobusSatProject/..//hal/hcc/lib\libHCCD.a(fat_common.o)
                0x20015428                fn_start
 .text.fsn_delete
                0x20015444       0xc8 C:/ISIS/workspace_ycube/GlobusSatProject/..//hal/hcc/lib\libHCCD.a(fat_common.o)
                0x20015444                fsn_delete
 .text._f_get16bitl
                0x2001550c       0x4c C:/ISIS/workspace_ycube/GlobusSatProject/..//hal/hcc/lib\libHCCD.a(fat_common.o)
                0x2001550c                _f_get16bitl
 .text._f_set16bitl
                0x20015558       0x54 C:/ISIS/workspace_ycube/GlobusSatProject/..//hal/hcc/lib\libHCCD.a(fat_common.o)
                0x20015558                _f_set16bitl
 .text._f_get32bitl
                0x200155ac       0x68 C:/ISIS/workspace_ycube/GlobusSatProject/..//hal/hcc/lib\libHCCD.a(fat_common.o)
                0x200155ac                _f_get32bitl
 .text._f_set32bitl
                0x20015614       0x78 C:/ISIS/workspace_ycube/GlobusSatProject/..//hal/hcc/lib\libHCCD.a(fat_common.o)
                0x20015614                _f_set32bitl
 .text._get8bit
                0x2001568c       0xa0 C:/ISIS/workspace_ycube/GlobusSatProject/..//hal/hcc/lib\libHCCD.a(fat_common.o)
 .text._get16bitl
                0x2001572c       0x40 C:/ISIS/workspace_ycube/GlobusSatProject/..//hal/hcc/lib\libHCCD.a(fat_common.o)
 .text._get32bitl
                0x2001576c       0x3c C:/ISIS/workspace_ycube/GlobusSatProject/..//hal/hcc/lib\libHCCD.a(fat_common.o)
 .text._set8bitzero
                0x200157a8       0x6c C:/ISIS/workspace_ycube/GlobusSatProject/..//hal/hcc/lib\libHCCD.a(fat_common.o)
 .text._set8bit
                0x20015814       0xa0 C:/ISIS/workspace_ycube/GlobusSatProject/..//hal/hcc/lib\libHCCD.a(fat_common.o)
 .text._set16bitl
                0x200158b4       0x3c C:/ISIS/workspace_ycube/GlobusSatProject/..//hal/hcc/lib\libHCCD.a(fat_common.o)
 .text._set32bitl
                0x200158f0       0x34 C:/ISIS/workspace_ycube/GlobusSatProject/..//hal/hcc/lib\libHCCD.a(fat_common.o)
 .text._f_setcardremoved
                0x20015924       0x94 C:/ISIS/workspace_ycube/GlobusSatProject/..//hal/hcc/lib\libHCCD.a(fat_common.o)
 .text._f_checkstatus
                0x200159b8      0x104 C:/ISIS/workspace_ycube/GlobusSatProject/..//hal/hcc/lib\libHCCD.a(fat_common.o)
                0x200159b8                _f_checkstatus
 .text._f_drvgetphy
                0x20015abc      0x114 C:/ISIS/workspace_ycube/GlobusSatProject/..//hal/hcc/lib\libHCCD.a(fat_common.o)
 .text._f_drvwritesector
                0x20015bd0       0xdc C:/ISIS/workspace_ycube/GlobusSatProject/..//hal/hcc/lib\libHCCD.a(fat_common.o)
 .text._f_drvreadsector
                0x20015cac       0xa8 C:/ISIS/workspace_ycube/GlobusSatProject/..//hal/hcc/lib\libHCCD.a(fat_common.o)
 .text._f_writesector
                0x20015d54      0x23c C:/ISIS/workspace_ycube/GlobusSatProject/..//hal/hcc/lib\libHCCD.a(fat_common.o)
                0x20015d54                _f_writesector
 .text._f_readsector
                0x20015f90      0x1dc C:/ISIS/workspace_ycube/GlobusSatProject/..//hal/hcc/lib\libHCCD.a(fat_common.o)
                0x20015f90                _f_readsector
 .text._f_getmaxcluster
                0x2001616c       0x94 C:/ISIS/workspace_ycube/GlobusSatProject/..//hal/hcc/lib\libHCCD.a(fat_common.o)
                0x2001616c                _f_getmaxcluster
 .text._getsectorfromcluster
                0x20016200       0x68 C:/ISIS/workspace_ycube/GlobusSatProject/..//hal/hcc/lib\libHCCD.a(fat_common.o)
 .text._f_buildsectors
                0x20016268      0x268 C:/ISIS/workspace_ycube/GlobusSatProject/..//hal/hcc/lib\libHCCD.a(fat_common.o)
 .text._f_getbootrecord
                0x200164d0      0x5e4 C:/ISIS/workspace_ycube/GlobusSatProject/..//hal/hcc/lib\libHCCD.a(fat_common.o)
 .text._f_readbootrecord
                0x20016ab4      0x4f8 C:/ISIS/workspace_ycube/GlobusSatProject/..//hal/hcc/lib\libHCCD.a(fat_common.o)
 .text._f_writebootrecord
                0x20016fac      0x5e4 C:/ISIS/workspace_ycube/GlobusSatProject/..//hal/hcc/lib\libHCCD.a(fat_common.o)
 .text._f_flushcffiles
                0x20017590      0x17c C:/ISIS/workspace_ycube/GlobusSatProject/..//hal/hcc/lib\libHCCD.a(fat_common.o)
                0x20017590                _f_flushcffiles
 .text._f_fatcache_flush
                0x2001770c      0x270 C:/ISIS/workspace_ycube/GlobusSatProject/..//hal/hcc/lib\libHCCD.a(fat_common.o)
                0x2001770c                _f_fatcache_flush
 .text._f_writefatsector
                0x2001797c      0x100 C:/ISIS/workspace_ycube/GlobusSatProject/..//hal/hcc/lib\libHCCD.a(fat_common.o)
                0x2001797c                _f_writefatsector
 .text._f_getfatsector
                0x20017a7c      0x3bc C:/ISIS/workspace_ycube/GlobusSatProject/..//hal/hcc/lib\libHCCD.a(fat_common.o)
 .text._f_setclustervalue
                0x20017e38      0x490 C:/ISIS/workspace_ycube/GlobusSatProject/..//hal/hcc/lib\libHCCD.a(fat_common.o)
                0x20017e38                _f_setclustervalue
 .text._f_getclustervalue
                0x200182c8      0x388 C:/ISIS/workspace_ycube/GlobusSatProject/..//hal/hcc/lib\libHCCD.a(fat_common.o)
                0x200182c8                _f_getclustervalue
 .text._f_close_drive_files
                0x20018650       0xac C:/ISIS/workspace_ycube/GlobusSatProject/..//hal/hcc/lib\libHCCD.a(fat_common.o)
 .text._f_inc_mount_count
                0x200186fc       0xa4 C:/ISIS/workspace_ycube/GlobusSatProject/..//hal/hcc/lib\libHCCD.a(fat_common.o)
 .text._f_getvolume
                0x200187a0      0x2f8 C:/ISIS/workspace_ycube/GlobusSatProject/..//hal/hcc/lib\libHCCD.a(fat_common.o)
                0x200187a0                _f_getvolume
 .text.fn_createdriver
                0x20018a98      0x118 C:/ISIS/workspace_ycube/GlobusSatProject/..//hal/hcc/lib\libHCCD.a(fat_common.o)
                0x20018a98                fn_createdriver
 .text.fn_initvolume
                0x20018bb0      0x12c C:/ISIS/workspace_ycube/GlobusSatProject/..//hal/hcc/lib\libHCCD.a(fat_common.o)
                0x20018bb0                fn_initvolume
 .text.fn_releasedriver
                0x20018cdc       0xf4 C:/ISIS/workspace_ycube/GlobusSatProject/..//hal/hcc/lib\libHCCD.a(fat_common.o)
                0x20018cdc                fn_releasedriver
 .text.fn_initvolumepartition_sub
                0x20018dd0       0xe0 C:/ISIS/workspace_ycube/GlobusSatProject/..//hal/hcc/lib\libHCCD.a(fat_common.o)
 .text.fn_initvolumepartition
                0x20018eb0       0xac C:/ISIS/workspace_ycube/GlobusSatProject/..//hal/hcc/lib\libHCCD.a(fat_common.o)
                0x20018eb0                fn_initvolumepartition
 .text.fn_delvolume
                0x20018f5c      0x194 C:/ISIS/workspace_ycube/GlobusSatProject/..//hal/hcc/lib\libHCCD.a(fat_common.o)
                0x20018f5c                fn_delvolume
 .text._f_clustertopos
                0x200190f0       0xf8 C:/ISIS/workspace_ycube/GlobusSatProject/..//hal/hcc/lib\libHCCD.a(fat_common.o)
                0x200190f0                _f_clustertopos
 .text._f_prepareformat
                0x200191e8      0x8b8 C:/ISIS/workspace_ycube/GlobusSatProject/..//hal/hcc/lib\libHCCD.a(fat_common.o)
 .text._f_resetfatentries
                0x20019aa0      0x410 C:/ISIS/workspace_ycube/GlobusSatProject/..//hal/hcc/lib\libHCCD.a(fat_common.o)
 .text._f_resetrootdir
                0x20019eb0       0xcc C:/ISIS/workspace_ycube/GlobusSatProject/..//hal/hcc/lib\libHCCD.a(fat_common.o)
 .text._f_postformat
                0x20019f7c      0x178 C:/ISIS/workspace_ycube/GlobusSatProject/..//hal/hcc/lib\libHCCD.a(fat_common.o)
 .text.fn_format
                0x2001a0f4      0x148 C:/ISIS/workspace_ycube/GlobusSatProject/..//hal/hcc/lib\libHCCD.a(fat_common.o)
                0x2001a0f4                fn_format
 .text._f_getcurrsector
                0x2001a23c      0x6c8 C:/ISIS/workspace_ycube/GlobusSatProject/..//hal/hcc/lib\libHCCD.a(fat_common.o)
                0x2001a23c                _f_getcurrsector
 .text._f_getdecluster
                0x2001a904       0x90 C:/ISIS/workspace_ycube/GlobusSatProject/..//hal/hcc/lib\libHCCD.a(fat_common.o)
                0x2001a904                _f_getdecluster
 .text._f_setdecluster
                0x2001a994       0x8c C:/ISIS/workspace_ycube/GlobusSatProject/..//hal/hcc/lib\libHCCD.a(fat_common.o)
                0x2001a994                _f_setdecluster
 .text.fn_getdrive
                0x2001aa20       0x30 C:/ISIS/workspace_ycube/GlobusSatProject/..//hal/hcc/lib\libHCCD.a(fat_common.o)
                0x2001aa20                fn_getdrive
 .text._f_getcurrenttimedate
                0x2001aa50      0x138 C:/ISIS/workspace_ycube/GlobusSatProject/..//hal/hcc/lib\libHCCD.a(fat_common.o)
                0x2001aa50                _f_getcurrenttimedate
 .text._f_initentry
                0x2001ab88       0xa0 C:/ISIS/workspace_ycube/GlobusSatProject/..//hal/hcc/lib\libHCCD.a(fat_common.o)
                0x2001ab88                _f_initentry
 .text._f_alloccluster
                0x2001ac28      0x344 C:/ISIS/workspace_ycube/GlobusSatProject/..//hal/hcc/lib\libHCCD.a(fat_common.o)
                0x2001ac28                _f_alloccluster
 .text._f_dobadblock
                0x2001af6c      0x2cc C:/ISIS/workspace_ycube/GlobusSatProject/..//hal/hcc/lib\libHCCD.a(fat_common.o)
                0x2001af6c                _f_dobadblock
 .text._f_checklocked
                0x2001b238       0xe4 C:/ISIS/workspace_ycube/GlobusSatProject/..//hal/hcc/lib\libHCCD.a(fat_common.o)
                0x2001b238                _f_checklocked
 .text._f_checkappendlocked
                0x2001b31c      0x110 C:/ISIS/workspace_ycube/GlobusSatProject/..//hal/hcc/lib\libHCCD.a(fat_common.o)
                0x2001b31c                _f_checkappendlocked
 .text._f_setsyncafile
                0x2001b42c      0x114 C:/ISIS/workspace_ycube/GlobusSatProject/..//hal/hcc/lib\libHCCD.a(fat_common.o)
                0x2001b42c                _f_setsyncafile
 .text._f_syncfiles
                0x2001b540      0x128 C:/ISIS/workspace_ycube/GlobusSatProject/..//hal/hcc/lib\libHCCD.a(fat_common.o)
                0x2001b540                _f_syncfiles
 .text._f_syncfilescontent
                0x2001b668      0x15c C:/ISIS/workspace_ycube/GlobusSatProject/..//hal/hcc/lib\libHCCD.a(fat_common.o)
 .text.fn_getfreespace
                0x2001b7c4      0x4c0 C:/ISIS/workspace_ycube/GlobusSatProject/..//hal/hcc/lib\libHCCD.a(fat_common.o)
                0x2001b7c4                fn_getfreespace
 .text._f_emptywritecache
                0x2001bc84      0x4a4 C:/ISIS/workspace_ycube/GlobusSatProject/..//hal/hcc/lib\libHCCD.a(fat_common.o)
 .text._f_allocnextcluster
                0x2001c128      0x54c C:/ISIS/workspace_ycube/GlobusSatProject/..//hal/hcc/lib\libHCCD.a(fat_common.o)
 .text._f_emptywritebuffer
                0x2001c674      0x20c C:/ISIS/workspace_ycube/GlobusSatProject/..//hal/hcc/lib\libHCCD.a(fat_common.o)
 .text._f_writezeros
                0x2001c880       0xf0 C:/ISIS/workspace_ycube/GlobusSatProject/..//hal/hcc/lib\libHCCD.a(fat_common.o)
                0x2001c880                _f_writezeros
 .text._f_extend_file
                0x2001c970      0x570 C:/ISIS/workspace_ycube/GlobusSatProject/..//hal/hcc/lib\libHCCD.a(fat_common.o)
 .text._f_fseek
                0x2001cee0      0x9bc C:/ISIS/workspace_ycube/GlobusSatProject/..//hal/hcc/lib\libHCCD.a(fat_common.o)
                0x2001cee0                _f_fseek
 .text._f_removechain
                0x2001d89c      0x104 C:/ISIS/workspace_ycube/GlobusSatProject/..//hal/hcc/lib\libHCCD.a(fat_common.o)
                0x2001d89c                _f_removechain
 .text._f_updatefileentry
                0x2001d9a0      0x1cc C:/ISIS/workspace_ycube/GlobusSatProject/..//hal/hcc/lib\libHCCD.a(fat_common.o)
 .text._f_checkreadlocked
                0x2001db6c      0x1bc C:/ISIS/workspace_ycube/GlobusSatProject/..//hal/hcc/lib\libHCCD.a(fat_common.o)
                0x2001db6c                _f_checkreadlocked
 .text._f_check_handle
                0x2001dd28       0x98 C:/ISIS/workspace_ycube/GlobusSatProject/..//hal/hcc/lib\libHCCD.a(fat_common.o)
                0x2001dd28                _f_check_handle
 .text._f_removesyncafile
                0x2001ddc0      0x1ec C:/ISIS/workspace_ycube/GlobusSatProject/..//hal/hcc/lib\libHCCD.a(fat_common.o)
 .text.fn_close
                0x2001dfac      0x3f8 C:/ISIS/workspace_ycube/GlobusSatProject/..//hal/hcc/lib\libHCCD.a(fat_common.o)
                0x2001dfac                fn_close
 .text.fn_flush
                0x2001e3a4      0x374 C:/ISIS/workspace_ycube/GlobusSatProject/..//hal/hcc/lib\libHCCD.a(fat_common.o)
                0x2001e3a4                fn_flush
 .text.fn_read  0x2001e718      0x690 C:/ISIS/workspace_ycube/GlobusSatProject/..//hal/hcc/lib\libHCCD.a(fat_common.o)
                0x2001e718                fn_read
 .text._f_abortwrite
                0x2001eda8      0x100 C:/ISIS/workspace_ycube/GlobusSatProject/..//hal/hcc/lib\libHCCD.a(fat_common.o)
 .text._f_checkwritecluster
                0x2001eea8       0xe4 C:/ISIS/workspace_ycube/GlobusSatProject/..//hal/hcc/lib\libHCCD.a(fat_common.o)
 .text.fn_write
                0x2001ef8c      0x8a8 C:/ISIS/workspace_ycube/GlobusSatProject/..//hal/hcc/lib\libHCCD.a(fat_common.o)
                0x2001ef8c                fn_write
 .text.fn_seek  0x2001f834      0x270 C:/ISIS/workspace_ycube/GlobusSatProject/..//hal/hcc/lib\libHCCD.a(fat_common.o)
                0x2001f834                fn_seek
 .text.fn_tell  0x2001faa4      0x19c C:/ISIS/workspace_ycube/GlobusSatProject/..//hal/hcc/lib\libHCCD.a(fat_common.o)
                0x2001faa4                fn_tell
 .text.fn_rewind
                0x2001fc40       0x38 C:/ISIS/workspace_ycube/GlobusSatProject/..//hal/hcc/lib\libHCCD.a(fat_common.o)
                0x2001fc40                fn_rewind
 .text.fn_putc  0x2001fc78       0x68 C:/ISIS/workspace_ycube/GlobusSatProject/..//hal/hcc/lib\libHCCD.a(fat_common.o)
                0x2001fc78                fn_putc
 .text.f_enterFS
                0x2001fce0      0x1c0 C:/ISIS/workspace_ycube/GlobusSatProject/..//hal/hcc/lib\libHCCD.a(fat_common.o)
                0x2001fce0                f_enterFS
 .text.f_releaseFS
                0x2001fea0       0xb0 C:/ISIS/workspace_ycube/GlobusSatProject/..//hal/hcc/lib\libHCCD.a(fat_common.o)
                0x2001fea0                f_releaseFS
 .text.fnGetTask
                0x2001ff50       0xfc C:/ISIS/workspace_ycube/GlobusSatProject/..//hal/hcc/lib\libHCCD.a(fat_common.o)
                0x2001ff50                fnGetTask
 .text._f_mutex_get
                0x2002004c       0x98 C:/ISIS/workspace_ycube/GlobusSatProject/..//hal/hcc/lib\libHCCD.a(fat_common.o)
                0x2002004c                _f_mutex_get
 .text._f_mutex_put
                0x200200e4       0x54 C:/ISIS/workspace_ycube/GlobusSatProject/..//hal/hcc/lib\libHCCD.a(fat_common.o)
                0x200200e4                _f_mutex_put
 .text._fn_initseekdivisor
                0x20020138      0x158 C:/ISIS/workspace_ycube/GlobusSatProject/..//hal/hcc/lib\libHCCD.a(fat_common.o)
                0x20020138                _fn_initseekdivisor
 .text._fn_updateseekpos
                0x20020290       0xc4 C:/ISIS/workspace_ycube/GlobusSatProject/..//hal/hcc/lib\libHCCD.a(fat_common.o)
 .text._f_findopensize
                0x20020354       0x2c C:/ISIS/workspace_ycube/GlobusSatProject/..//hal/hcc/lib\libHCCD.a(fat_common.o)
                0x20020354                _f_findopensize
 .text.fn_setlasterror
                0x20020380       0x34 C:/ISIS/workspace_ycube/GlobusSatProject/..//hal/hcc/lib\libHCCD.a(fat_common.o)
                0x20020380                fn_setlasterror
 .text.fn_setlasterror_noret
                0x200203b4       0x2c C:/ISIS/workspace_ycube/GlobusSatProject/..//hal/hcc/lib\libHCCD.a(fat_common.o)
                0x200203b4                fn_setlasterror_noret
 .text._s_checkzeroclusteratend
                0x200203e0       0xf8 C:/ISIS/workspace_ycube/GlobusSatProject/..//hal/hcc/lib\libHCCD.a(safefat.o)
 .text._s_clearclustercontent
                0x200204d8      0x108 C:/ISIS/workspace_ycube/GlobusSatProject/..//hal/hcc/lib\libHCCD.a(safefat.o)
 .text._s_clearclustercontentdir
                0x200205e0      0x19c C:/ISIS/workspace_ycube/GlobusSatProject/..//hal/hcc/lib\libHCCD.a(safefat.o)
 .text._s_writedirsector
                0x2002077c       0xd0 C:/ISIS/workspace_ycube/GlobusSatProject/..//hal/hcc/lib\libHCCD.a(safefat.o)
 .text._s_getdirsector
                0x2002084c      0x100 C:/ISIS/workspace_ycube/GlobusSatProject/..//hal/hcc/lib\libHCCD.a(safefat.o)
 .text._s_addentry
                0x2002094c      0x394 C:/ISIS/workspace_ycube/GlobusSatProject/..//hal/hcc/lib\libHCCD.a(safefat.o)
 .text._s_findfile
                0x20020ce0      0x33c C:/ISIS/workspace_ycube/GlobusSatProject/..//hal/hcc/lib\libHCCD.a(safefat.o)
 .text._s_findsubdir
                0x2002101c      0x248 C:/ISIS/workspace_ycube/GlobusSatProject/..//hal/hcc/lib\libHCCD.a(safefat.o)
 .text._s_createfile
                0x20021264      0x190 C:/ISIS/workspace_ycube/GlobusSatProject/..//hal/hcc/lib\libHCCD.a(safefat.o)
 .text._s_findsaffile
                0x200213f4      0x1b8 C:/ISIS/workspace_ycube/GlobusSatProject/..//hal/hcc/lib\libHCCD.a(safefat.o)
 .text._s_open  0x200215ac       0xe4 C:/ISIS/workspace_ycube/GlobusSatProject/..//hal/hcc/lib\libHCCD.a(safefat.o)
 .text._s_open_saf
                0x20021690       0xe8 C:/ISIS/workspace_ycube/GlobusSatProject/..//hal/hcc/lib\libHCCD.a(safefat.o)
 .text._s_flush
                0x20021778       0x84 C:/ISIS/workspace_ycube/GlobusSatProject/..//hal/hcc/lib\libHCCD.a(safefat.o)
 .text._s_allocnextcluster
                0x200217fc      0x13c C:/ISIS/workspace_ycube/GlobusSatProject/..//hal/hcc/lib\libHCCD.a(safefat.o)
 .text._s_getnextsector
                0x20021938       0xdc C:/ISIS/workspace_ycube/GlobusSatProject/..//hal/hcc/lib\libHCCD.a(safefat.o)
 .text._s_seek  0x20021a14      0x1e8 C:/ISIS/workspace_ycube/GlobusSatProject/..//hal/hcc/lib\libHCCD.a(safefat.o)
 .text._s_get_len
                0x20021bfc      0x10c C:/ISIS/workspace_ycube/GlobusSatProject/..//hal/hcc/lib\libHCCD.a(safefat.o)
 .text._s_set_len
                0x20021d08       0xb4 C:/ISIS/workspace_ycube/GlobusSatProject/..//hal/hcc/lib\libHCCD.a(safefat.o)
 .text.safe_fix_filelengths
                0x20021dbc       0xcc C:/ISIS/workspace_ycube/GlobusSatProject/..//hal/hcc/lib\libHCCD.a(safefat.o)
                0x20021dbc                safe_fix_filelengths
 .text._s_read  0x20021e88      0x228 C:/ISIS/workspace_ycube/GlobusSatProject/..//hal/hcc/lib\libHCCD.a(safefat.o)
 .text._s_write
                0x200220b0      0x384 C:/ISIS/workspace_ycube/GlobusSatProject/..//hal/hcc/lib\libHCCD.a(safefat.o)
 .text._s_restoreclusters
                0x20022434      0x270 C:/ISIS/workspace_ycube/GlobusSatProject/..//hal/hcc/lib\libHCCD.a(safefat.o)
                0x20022434                _s_restoreclusters
 .text._s_findrestore
                0x200226a4      0x18c C:/ISIS/workspace_ycube/GlobusSatProject/..//hal/hcc/lib\libHCCD.a(safefat.o)
 .text._s_cmd_writede
                0x20022830       0xd8 C:/ISIS/workspace_ycube/GlobusSatProject/..//hal/hcc/lib\libHCCD.a(safefat.o)
 .text._s_cmd_setcluster
                0x20022908       0x88 C:/ISIS/workspace_ycube/GlobusSatProject/..//hal/hcc/lib\libHCCD.a(safefat.o)
 .text._s_cmd_deletechain
                0x20022990      0x100 C:/ISIS/workspace_ycube/GlobusSatProject/..//hal/hcc/lib\libHCCD.a(safefat.o)
 .text._s_cmd_validatecfn
                0x20022a90      0x308 C:/ISIS/workspace_ycube/GlobusSatProject/..//hal/hcc/lib\libHCCD.a(safefat.o)
 .text._s_cmd_seteof
                0x20022d98      0x3c4 C:/ISIS/workspace_ycube/GlobusSatProject/..//hal/hcc/lib\libHCCD.a(safefat.o)
 .text.safe_docommands
                0x2002315c      0x56c C:/ISIS/workspace_ycube/GlobusSatProject/..//hal/hcc/lib\libHCCD.a(safefat.o)
                0x2002315c                safe_docommands
 .text.safe_entercommand
                0x200236c8       0x68 C:/ISIS/workspace_ycube/GlobusSatProject/..//hal/hcc/lib\libHCCD.a(safefat.o)
                0x200236c8                safe_entercommand
 .text.safe_ready
                0x20023730       0xf4 C:/ISIS/workspace_ycube/GlobusSatProject/..//hal/hcc/lib\libHCCD.a(safefat.o)
                0x20023730                safe_ready
 .text.safe_copycfn
                0x20023824       0xb8 C:/ISIS/workspace_ycube/GlobusSatProject/..//hal/hcc/lib\libHCCD.a(safefat.o)
                0x20023824                safe_copycfn
 .text.safe_cfremove
                0x200238dc       0xb8 C:/ISIS/workspace_ycube/GlobusSatProject/..//hal/hcc/lib\libHCCD.a(safefat.o)
                0x200238dc                safe_cfremove
 .text.safe_writede
                0x20023994      0x104 C:/ISIS/workspace_ycube/GlobusSatProject/..//hal/hcc/lib\libHCCD.a(safefat.o)
                0x20023994                safe_writede
 .text.safe_setcluster
                0x20023a98       0xcc C:/ISIS/workspace_ycube/GlobusSatProject/..//hal/hcc/lib\libHCCD.a(safefat.o)
                0x20023a98                safe_setcluster
 .text.safe_deletechain
                0x20023b64      0x1c8 C:/ISIS/workspace_ycube/GlobusSatProject/..//hal/hcc/lib\libHCCD.a(safefat.o)
                0x20023b64                safe_deletechain
 .text.safe_cfclose
                0x20023d2c      0x104 C:/ISIS/workspace_ycube/GlobusSatProject/..//hal/hcc/lib\libHCCD.a(safefat.o)
                0x20023d2c                safe_cfclose
 .text.safe_cfflush
                0x20023e30      0x124 C:/ISIS/workspace_ycube/GlobusSatProject/..//hal/hcc/lib\libHCCD.a(safefat.o)
                0x20023e30                safe_cfflush
 .text.safe_reset
                0x20023f54       0x78 C:/ISIS/workspace_ycube/GlobusSatProject/..//hal/hcc/lib\libHCCD.a(safefat.o)
                0x20023f54                safe_reset
 .text.safe_loadcommands
                0x20023fcc       0x78 C:/ISIS/workspace_ycube/GlobusSatProject/..//hal/hcc/lib\libHCCD.a(safefat.o)
                0x20023fcc                safe_loadcommands
 .text.safe_poweron
                0x20024044      0x1fc C:/ISIS/workspace_ycube/GlobusSatProject/..//hal/hcc/lib\libHCCD.a(safefat.o)
                0x20024044                safe_poweron
 .text.cf_getname
                0x20024240       0xc0 C:/ISIS/workspace_ycube/GlobusSatProject/..//hal/hcc/lib\libHCCD.a(safefat.o)
 .text.cf_copyclusterchain
                0x20024300      0x138 C:/ISIS/workspace_ycube/GlobusSatProject/..//hal/hcc/lib\libHCCD.a(safefat.o)
 .text.cf_seektozero
                0x20024438       0x94 C:/ISIS/workspace_ycube/GlobusSatProject/..//hal/hcc/lib\libHCCD.a(safefat.o)
                0x20024438                cf_seektozero
 .text.cf_create
                0x200244cc      0x3a8 C:/ISIS/workspace_ycube/GlobusSatProject/..//hal/hcc/lib\libHCCD.a(safefat.o)
                0x200244cc                cf_create
 .text.cf_copyclustercontent
                0x20024874      0x128 C:/ISIS/workspace_ycube/GlobusSatProject/..//hal/hcc/lib\libHCCD.a(safefat.o)
                0x20024874                cf_copyclustercontent
 .text.cf_copycfn
                0x2002499c      0x4bc C:/ISIS/workspace_ycube/GlobusSatProject/..//hal/hcc/lib\libHCCD.a(safefat.o)
                0x2002499c                cf_copycfn
 .text.cf_remove
                0x20024e58      0x344 C:/ISIS/workspace_ycube/GlobusSatProject/..//hal/hcc/lib\libHCCD.a(safefat.o)
                0x20024e58                cf_remove
 .text.cf_setclusternew
                0x2002519c       0xf0 C:/ISIS/workspace_ycube/GlobusSatProject/..//hal/hcc/lib\libHCCD.a(safefat.o)
                0x2002519c                cf_setclusternew
 .text.cf_flush
                0x2002528c       0x58 C:/ISIS/workspace_ycube/GlobusSatProject/..//hal/hcc/lib\libHCCD.a(safefat.o)
                0x2002528c                cf_flush
 .text.cf_getcluster
                0x200252e4      0x1b4 C:/ISIS/workspace_ycube/GlobusSatProject/..//hal/hcc/lib\libHCCD.a(safefat.o)
                0x200252e4                cf_getcluster
 .text.cf_setnextcluster
                0x20025498      0x194 C:/ISIS/workspace_ycube/GlobusSatProject/..//hal/hcc/lib\libHCCD.a(safefat.o)
                0x20025498                cf_setnextcluster
 .text.cf_getpositions
                0x2002562c       0xbc C:/ISIS/workspace_ycube/GlobusSatProject/..//hal/hcc/lib\libHCCD.a(safefat.o)
                0x2002562c                cf_getpositions
 .text.cf_setpositions
                0x200256e8       0xb0 C:/ISIS/workspace_ycube/GlobusSatProject/..//hal/hcc/lib\libHCCD.a(safefat.o)
                0x200256e8                cf_setpositions
 .text.cf_opensyncafile
                0x20025798      0x150 C:/ISIS/workspace_ycube/GlobusSatProject/..//hal/hcc/lib\libHCCD.a(safefat.o)
                0x20025798                cf_opensyncafile
 .text.cf_reloadcfo
                0x200258e8       0xd8 C:/ISIS/workspace_ycube/GlobusSatProject/..//hal/hcc/lib\libHCCD.a(safefat.o)
                0x200258e8                cf_reloadcfo
 .text.mcipdc_cmd
                0x200259c0      0x22c C:/ISIS/workspace_ycube/GlobusSatProject/..//hal/hcc/lib\libHCCD.a(atmel_mcipdc.o)
 .text.mcipdc_stop
                0x20025bec       0xfc C:/ISIS/workspace_ycube/GlobusSatProject/..//hal/hcc/lib\libHCCD.a(atmel_mcipdc.o)
                0x20025bec                mcipdc_stop
 .text.mcipdc_read
                0x20025ce8      0x27c C:/ISIS/workspace_ycube/GlobusSatProject/..//hal/hcc/lib\libHCCD.a(atmel_mcipdc.o)
 .text.mcipdc_write
                0x20025f64      0x298 C:/ISIS/workspace_ycube/GlobusSatProject/..//hal/hcc/lib\libHCCD.a(atmel_mcipdc.o)
 .text.mcipdc_readsector
                0x200261fc       0x9c C:/ISIS/workspace_ycube/GlobusSatProject/..//hal/hcc/lib\libHCCD.a(atmel_mcipdc.o)
                0x200261fc                mcipdc_readsector
 .text.mcipdc_readmultiplesector
                0x20026298      0x124 C:/ISIS/workspace_ycube/GlobusSatProject/..//hal/hcc/lib\libHCCD.a(atmel_mcipdc.o)
                0x20026298                mcipdc_readmultiplesector
 .text.mcipdc_writesector
                0x200263bc       0x90 C:/ISIS/workspace_ycube/GlobusSatProject/..//hal/hcc/lib\libHCCD.a(atmel_mcipdc.o)
                0x200263bc                mcipdc_writesector
 .text.mcipdc_writemultiplesector
                0x2002644c      0x120 C:/ISIS/workspace_ycube/GlobusSatProject/..//hal/hcc/lib\libHCCD.a(atmel_mcipdc.o)
                0x2002644c                mcipdc_writemultiplesector
 .text.mcipdc_set_speed
                0x2002656c       0xb0 C:/ISIS/workspace_ycube/GlobusSatProject/..//hal/hcc/lib\libHCCD.a(atmel_mcipdc.o)
 .text.mcipdc_get_speed
                0x2002661c       0x48 C:/ISIS/workspace_ycube/GlobusSatProject/..//hal/hcc/lib\libHCCD.a(atmel_mcipdc.o)
 .text._get_csd_bits
                0x20026664      0x14c C:/ISIS/workspace_ycube/GlobusSatProject/..//hal/hcc/lib\libHCCD.a(atmel_mcipdc.o)
 .text.mcipdc_initcard
                0x200267b0      0x8f4 C:/ISIS/workspace_ycube/GlobusSatProject/..//hal/hcc/lib\libHCCD.a(atmel_mcipdc.o)
 .text.mcipdc_getstatus
                0x200270a4       0xe8 C:/ISIS/workspace_ycube/GlobusSatProject/..//hal/hcc/lib\libHCCD.a(atmel_mcipdc.o)
 .text.mcipdc_getphy
                0x2002718c       0x90 C:/ISIS/workspace_ycube/GlobusSatProject/..//hal/hcc/lib\libHCCD.a(atmel_mcipdc.o)
 .text.mcipdc_release
                0x2002721c       0x50 C:/ISIS/workspace_ycube/GlobusSatProject/..//hal/hcc/lib\libHCCD.a(atmel_mcipdc.o)
 .text.atmel_mcipdc_initfunc
                0x2002726c      0x160 C:/ISIS/workspace_ycube/GlobusSatProject/..//hal/hcc/lib\libHCCD.a(atmel_mcipdc.o)
                0x2002726c                atmel_mcipdc_initfunc
 .text.oal_task_get_id
                0x200273cc       0x18 C:/ISIS/workspace_ycube/GlobusSatProject/..//hal/hcc/lib\libHCCD.a(oalp_task.o)
                0x200273cc                oal_task_get_id
 .text.oal_mutex_create
                0x200273e4       0x54 C:/ISIS/workspace_ycube/GlobusSatProject/..//hal/hcc/lib\libHCCD.a(oalp_mutex.o)
                0x200273e4                oal_mutex_create
 .text.oal_mutex_delete
                0x20027438       0x30 C:/ISIS/workspace_ycube/GlobusSatProject/..//hal/hcc/lib\libHCCD.a(oalp_mutex.o)
                0x20027438                oal_mutex_delete
 .text.oal_mutex_get
                0x20027468       0x58 C:/ISIS/workspace_ycube/GlobusSatProject/..//hal/hcc/lib\libHCCD.a(oalp_mutex.o)
                0x20027468                oal_mutex_get
 .text.oal_mutex_put
                0x200274c0       0x58 C:/ISIS/workspace_ycube/GlobusSatProject/..//hal/hcc/lib\libHCCD.a(oalp_mutex.o)
                0x200274c0                oal_mutex_put
 .text.mcipdc_hw_init
                0x20027518       0xe8 C:/ISIS/workspace_ycube/GlobusSatProject/..//hal/hcc/lib\libHCCD.a(atmel_mcipdc_hw.o)
                0x20027518                mcipdc_hw_init
 .text.mcipdc_hw_delete
                0x20027600       0x78 C:/ISIS/workspace_ycube/GlobusSatProject/..//hal/hcc/lib\libHCCD.a(atmel_mcipdc_hw.o)
                0x20027600                mcipdc_hw_delete
 .text.mcipdc_hw_card_plugged
                0x20027678       0x1c C:/ISIS/workspace_ycube/GlobusSatProject/..//hal/hcc/lib\libHCCD.a(atmel_mcipdc_hw.o)
                0x20027678                mcipdc_hw_card_plugged
 .text.mcipdc_hw_card_writeprotect
                0x20027694       0x1c C:/ISIS/workspace_ycube/GlobusSatProject/..//hal/hcc/lib\libHCCD.a(atmel_mcipdc_hw.o)
                0x20027694                mcipdc_hw_card_writeprotect
 .text.psp_getrand
                0x200276b0      0x14c C:/ISIS/workspace_ycube/GlobusSatProject/..//hal/hcc/lib\libHCCD.a(psp_rand.o)
                0x200276b0                psp_getrand
 .text.psp_getcurrenttimedate
                0x200277fc       0x8c C:/ISIS/workspace_ycube/GlobusSatProject/..//hal/hcc/lib\libHCCD.a(psp_rtc.o)
                0x200277fc                psp_getcurrenttimedate
 .text._hcc_get_buf_dsc
                0x20027888       0x8c C:/ISIS/workspace_ycube/GlobusSatProject/..//hal/hcc/lib\libHCCD.a(hcc_mem.o)
 .text._hcc_check_free_pages
                0x20027914      0x18c C:/ISIS/workspace_ycube/GlobusSatProject/..//hal/hcc/lib\libHCCD.a(hcc_mem.o)
 .text._hcc_mark_pages
                0x20027aa0      0x158 C:/ISIS/workspace_ycube/GlobusSatProject/..//hal/hcc/lib\libHCCD.a(hcc_mem.o)
 .text._hcc_clear_lock_dsc
                0x20027bf8       0x80 C:/ISIS/workspace_ycube/GlobusSatProject/..//hal/hcc/lib\libHCCD.a(hcc_mem.o)
 .text._hcc_lock_access
                0x20027c78      0x128 C:/ISIS/workspace_ycube/GlobusSatProject/..//hal/hcc/lib\libHCCD.a(hcc_mem.o)
 .text._hcc_unlock_access
                0x20027da0       0x30 C:/ISIS/workspace_ycube/GlobusSatProject/..//hal/hcc/lib\libHCCD.a(hcc_mem.o)
 .text.hcc_mem_alloc
                0x20027dd0      0x454 C:/ISIS/workspace_ycube/GlobusSatProject/..//hal/hcc/lib\libHCCD.a(hcc_mem.o)
                0x20027dd0                hcc_mem_alloc
 .text.hcc_mem_free
                0x20028224      0x178 C:/ISIS/workspace_ycube/GlobusSatProject/..//hal/hcc/lib\libHCCD.a(hcc_mem.o)
                0x20028224                hcc_mem_free
 .text.hcc_mem_add
                0x2002839c      0x3b0 C:/ISIS/workspace_ycube/GlobusSatProject/..//hal/hcc/lib\libHCCD.a(hcc_mem.o)
                0x2002839c                hcc_mem_add
 .text.hcc_mem_init
                0x2002874c      0x164 C:/ISIS/workspace_ycube/GlobusSatProject/..//hal/hcc/lib\libHCCD.a(hcc_mem.o)
                0x2002874c                hcc_mem_init
 .text.hcc_mem_delete
                0x200288b0       0x94 C:/ISIS/workspace_ycube/GlobusSatProject/..//hal/hcc/lib\libHCCD.a(hcc_mem.o)
                0x200288b0                hcc_mem_delete
 .text.hcc_mem_buf_alloc
                0x20028944       0xe4 C:/ISIS/workspace_ycube/GlobusSatProject/..//hal/hcc/lib\libHCCD.a(psp_hcc_mem.o)
                0x20028944                hcc_mem_buf_alloc
 .text.hcc_mem_buf_free
                0x20028a28       0x6c C:/ISIS/workspace_ycube/GlobusSatProject/..//hal/hcc/lib\libHCCD.a(psp_hcc_mem.o)
                0x20028a28                hcc_mem_buf_free
 .text.IsisSolarPanelv2_initialize
                0x20028a94      0x118 C:/ISIS/workspace_ycube/GlobusSatProject/..//satellite-subsystems/satellite-subsystems/lib\libSatelliteSubsystemsD.a(IsisSolarPanelv2.o)
                0x20028a94                IsisSolarPanelv2_initialize
 .text.IsisSolarPanelv2_getTemperature
                0x20028bac       0xfc C:/ISIS/workspace_ycube/GlobusSatProject/..//satellite-subsystems/satellite-subsystems/lib\libSatelliteSubsystemsD.a(IsisSolarPanelv2.o)
                0x20028bac                IsisSolarPanelv2_getTemperature
 .text.IsisSolarPanelv2_getState
                0x20028ca8       0x24 C:/ISIS/workspace_ycube/GlobusSatProject/..//satellite-subsystems/satellite-subsystems/lib\libSatelliteSubsystemsD.a(IsisSolarPanelv2.o)
                0x20028ca8                IsisSolarPanelv2_getState
 .text._Reset   0x20028ccc       0x20 C:/ISIS/workspace_ycube/GlobusSatProject/..//satellite-subsystems/satellite-subsystems/lib\libSatelliteSubsystemsD.a(IsisSolarPanelv2.o)
 .text._WaitForStartup
                0x20028cec       0xa0 C:/ISIS/workspace_ycube/GlobusSatProject/..//satellite-subsystems/satellite-subsystems/lib\libSatelliteSubsystemsD.a(IsisSolarPanelv2.o)
 .text._AssignAllChannels
                0x20028d8c       0x90 C:/ISIS/workspace_ycube/GlobusSatProject/..//satellite-subsystems/satellite-subsystems/lib\libSatelliteSubsystemsD.a(IsisSolarPanelv2.o)
 .text._AssignThisChannel
                0x20028e1c       0xe8 C:/ISIS/workspace_ycube/GlobusSatProject/..//satellite-subsystems/satellite-subsystems/lib\libSatelliteSubsystemsD.a(IsisSolarPanelv2.o)
 .text._InitiateConversion
                0x20028f04       0xac C:/ISIS/workspace_ycube/GlobusSatProject/..//satellite-subsystems/satellite-subsystems/lib\libSatelliteSubsystemsD.a(IsisSolarPanelv2.o)
 .text._WaitForConversionComplete
                0x20028fb0      0x110 C:/ISIS/workspace_ycube/GlobusSatProject/..//satellite-subsystems/satellite-subsystems/lib\libSatelliteSubsystemsD.a(IsisSolarPanelv2.o)
 .text._ReadResult
                0x200290c0      0x158 C:/ISIS/workspace_ycube/GlobusSatProject/..//satellite-subsystems/satellite-subsystems/lib\libSatelliteSubsystemsD.a(IsisSolarPanelv2.o)
 .text._ExtractByte
                0x20029218       0x38 C:/ISIS/workspace_ycube/GlobusSatProject/..//satellite-subsystems/satellite-subsystems/lib\libSatelliteSubsystemsD.a(IsisSolarPanelv2.o)
 .text._ExtendSign
                0x20029250       0x6c C:/ISIS/workspace_ycube/GlobusSatProject/..//satellite-subsystems/satellite-subsystems/lib\libSatelliteSubsystemsD.a(IsisSolarPanelv2.o)
 .text._PinsInit
                0x200292bc       0x68 C:/ISIS/workspace_ycube/GlobusSatProject/..//satellite-subsystems/satellite-subsystems/lib\libSatelliteSubsystemsD.a(IsisSolarPanelv2.o)
 .text._SpiWriteRead
                0x20029324       0x70 C:/ISIS/workspace_ycube/GlobusSatProject/..//satellite-subsystems/satellite-subsystems/lib\libSatelliteSubsystemsD.a(IsisSolarPanelv2.o)
 .text.ISIS_ANTS_REV2_Init
                0x20029394       0xc4 C:/ISIS/workspace_ycube/GlobusSatProject/..//satellite-subsystems/satellite-subsystems/lib\libSatelliteSubsystemsD.a(isis_ants_rev2.o)
                0x20029394                ISIS_ANTS_REV2_Init
 .text.isis_ants_rev2__arm
                0x20029458       0x98 C:/ISIS/workspace_ycube/GlobusSatProject/..//satellite-subsystems/satellite-subsystems/lib\libSatelliteSubsystemsD.a(isis_ants_rev2.o)
                0x20029458                isis_ants_rev2__arm
 .text.isis_ants_rev2__cancel_deploy
                0x200294f0       0x98 C:/ISIS/workspace_ycube/GlobusSatProject/..//satellite-subsystems/satellite-subsystems/lib\libSatelliteSubsystemsD.a(isis_ants_rev2.o)
                0x200294f0                isis_ants_rev2__cancel_deploy
 .text.isis_ants_rev2__disarm
                0x20029588       0x98 C:/ISIS/workspace_ycube/GlobusSatProject/..//satellite-subsystems/satellite-subsystems/lib\libSatelliteSubsystemsD.a(isis_ants_rev2.o)
                0x20029588                isis_ants_rev2__disarm
 .text.isis_ants_rev2__get_all_telemetry
                0x20029620       0xa8 C:/ISIS/workspace_ycube/GlobusSatProject/..//satellite-subsystems/satellite-subsystems/lib\libSatelliteSubsystemsD.a(isis_ants_rev2.o)
                0x20029620                isis_ants_rev2__get_all_telemetry
 .text.isis_ants_rev2__get_status
                0x200296c8       0xa8 C:/ISIS/workspace_ycube/GlobusSatProject/..//satellite-subsystems/satellite-subsystems/lib\libSatelliteSubsystemsD.a(isis_ants_rev2.o)
                0x200296c8                isis_ants_rev2__get_status
 .text.isis_ants_rev2__get_uptime
                0x20029770       0xa8 C:/ISIS/workspace_ycube/GlobusSatProject/..//satellite-subsystems/satellite-subsystems/lib\libSatelliteSubsystemsD.a(isis_ants_rev2.o)
                0x20029770                isis_ants_rev2__get_uptime
 .text.isis_ants_rev2__reset
                0x20029818       0x98 C:/ISIS/workspace_ycube/GlobusSatProject/..//satellite-subsystems/satellite-subsystems/lib\libSatelliteSubsystemsD.a(isis_ants_rev2.o)
                0x20029818                isis_ants_rev2__reset
 .text.isis_ants_rev2__start_auto_deploy
                0x200298b0       0xb0 C:/ISIS/workspace_ycube/GlobusSatProject/..//satellite-subsystems/satellite-subsystems/lib\libSatelliteSubsystemsD.a(isis_ants_rev2.o)
                0x200298b0                isis_ants_rev2__start_auto_deploy
 .text._ISIS_ANTS_REV2_I2C_Send
                0x20029960       0x8c C:/ISIS/workspace_ycube/GlobusSatProject/..//satellite-subsystems/satellite-subsystems/lib\libSatelliteSubsystemsD.a(isis_ants_rev2.o)
 .text.ISIS_VU_E_Init
                0x200299ec       0xe4 C:/ISIS/workspace_ycube/GlobusSatProject/..//satellite-subsystems/satellite-subsystems/lib\libSatelliteSubsystemsD.a(isis_vu_e.o)