Archive member included because of file (symbol)

C:/ISIS/workspace/ycube/GlobusSatProject/..//hal/hal/lib\libHALD.a(SPI.o)
                              ./src/InitSystem.o (SPI_start)
C:/ISIS/workspace/ycube/GlobusSatProject/..//hal/hal/lib\libHALD.a(I2C.o)
                              ./src/SubSystemModules/Housekepping/Payload.o (I2C_write)
C:/ISIS/workspace/ycube/GlobusSatProject/..//hal/hal/lib\libHALD.a(ADC.o)
                              ./src/SubSystemModules/Housekepping/TelemetryCollector.o (ADC_ConvertRaw10bitToMillivolt)
C:/ISIS/workspace/ycube/GlobusSatProject/..//hal/hal/lib\libHALD.a(FRAM.o)
                              ./src/SubSystemModules/Communication/SubsystemCommands/Maintanence_Commands.o (FRAM_start)
C:/ISIS/workspace/ycube/GlobusSatProject/..//hal/hal/lib\libHALD.a(Time.o)
                              ./src/InitSystem.o (Time_start)
C:/ISIS/workspace/ycube/GlobusSatProject/..//hal/hal/lib\libHALD.a(WatchDogTimerNoOS.o)
                              ./src/main.o (WDT_start)
C:/ISIS/workspace/ycube/GlobusSatProject/..//hal/hal/lib\libHALD.a(RTT.o)
                              C:/ISIS/workspace/ycube/GlobusSatProject/..//hal/hal/lib\libHALD.a(Time.o) (RTT_start)
C:/ISIS/workspace/ycube/GlobusSatProject/..//hal/hal/lib\libHALD.a(RTC.o)
                              C:/ISIS/workspace/ycube/GlobusSatProject/..//hal/hal/lib\libHALD.a(Time.o) (RTC_getTime)
C:/ISIS/workspace/ycube/GlobusSatProject/..//hal/hal/lib\libHALD.a(WatchDogTimerOS.o)
                              ./src/TestingDemos/MainTest.o (WDT_startWatchdogKickTask)
C:/ISIS/workspace/ycube/GlobusSatProject/..//hal/hal/lib\libHALD.a(fprintf.o)
                              ./src/TLM_management.o (f_puts)
C:/ISIS/workspace/ycube/GlobusSatProject/..//hal/hal/lib\libHALD.a(util.o)
                              ./src/TestingDemos/CommandsTestingDemo.o (UTIL_DbguGetIntegerMinMax)
C:/ISIS/workspace/ycube/GlobusSatProject/..//hal/hal/lib\libHALD.a(LED.o)
                              C:/ISIS/workspace/ycube/GlobusSatProject/..//hal/hal/lib\libHALD.a(WatchDogTimerOS.o) (LED_toggle)
C:/ISIS/workspace/ycube/GlobusSatProject/..//hal/hcc/lib\libHCCD.a(fat_m.o)
                              ./src/TLM_management.o (fm_initvolume)
C:/ISIS/workspace/ycube/GlobusSatProject/..//hal/hcc/lib\libHCCD.a(fat.o)
                              C:/ISIS/workspace/ycube/GlobusSatProject/..//hal/hcc/lib\libHCCD.a(fat_m.o) (fn_getdcwd)
C:/ISIS/workspace/ycube/GlobusSatProject/..//hal/hcc/lib\libHCCD.a(fat_common.o)
                              C:/ISIS/workspace/ycube/GlobusSatProject/..//hal/hcc/lib\libHCCD.a(fat.o) (p_filesystem)
C:/ISIS/workspace/ycube/GlobusSatProject/..//hal/hcc/lib\libHCCD.a(safefat.o)
                              C:/ISIS/workspace/ycube/GlobusSatProject/..//hal/hcc/lib\libHCCD.a(fat.o) (s_subdir)
C:/ISIS/workspace/ycube/GlobusSatProject/..//hal/hcc/lib\libHCCD.a(atmel_mcipdc.o)
                              ./src/TLM_management.o (atmel_mcipdc_initfunc)
C:/ISIS/workspace/ycube/GlobusSatProject/..//hal/hcc/lib\libHCCD.a(oalp_task.o)
                              C:/ISIS/workspace/ycube/GlobusSatProject/..//hal/hcc/lib\libHCCD.a(fat_common.o) (oal_task_get_id)
C:/ISIS/workspace/ycube/GlobusSatProject/..//hal/hcc/lib\libHCCD.a(oalp_mutex.o)
                              C:/ISIS/workspace/ycube/GlobusSatProject/..//hal/hcc/lib\libHCCD.a(fat_common.o) (oal_mutex_create)
C:/ISIS/workspace/ycube/GlobusSatProject/..//hal/hcc/lib\libHCCD.a(atmel_mcipdc_hw.o)
                              C:/ISIS/workspace/ycube/GlobusSatProject/..//hal/hcc/lib\libHCCD.a(atmel_mcipdc.o) (mcipdc_hw_init)
C:/ISIS/workspace/ycube/GlobusSatProject/..//hal/hcc/lib\libHCCD.a(psp_rand.o)
                              C:/ISIS/workspace/ycube/GlobusSatProject/..//hal/hcc/lib\libHCCD.a(fat_common.o) (psp_getrand)
C:/ISIS/workspace/ycube/GlobusSatProject/..//hal/hcc/lib\libHCCD.a(psp_rtc.o)
                              C:/ISIS/workspace/ycube/GlobusSatProject/..//hal/hcc/lib\libHCCD.a(fat_common.o) (psp_getcurrenttimedate)
C:/ISIS/workspace/ycube/GlobusSatProject/..//hal/hcc/lib\libHCCD.a(hcc_mem.o)
                              C:/ISIS/workspace/ycube/GlobusSatProject/..//hal/hcc/lib\libHCCD.a(atmel_mcipdc.o) (hcc_mem_alloc)
C:/ISIS/workspace/ycube/GlobusSatProject/..//hal/hcc/lib\libHCCD.a(psp_hcc_mem.o)
                              C:/ISIS/workspace/ycube/GlobusSatProject/..//hal/hcc/lib\libHCCD.a(hcc_mem.o) (hcc_mem_buf_alloc)
C:/ISIS/workspace/ycube/GlobusSatProject/..//satellite-subsystems/satellite-subsystems/lib\libSatelliteSubsystemsD.a(IsisSolarPanelv2.o)
                              ./src/SubSystemModules/PowerManagment/EPS.o (IsisSolarPanelv2_initialize)
C:/ISIS/workspace/ycube/GlobusSatProject/..//satellite-subsystems/satellite-subsystems/lib\libSatelliteSubsystemsD.a(isis_ants_rev2.o)
                              ./src/SubSystemModules/Communication/TRXVU.o (ISIS_ANTS_REV2_Init)
[...]
Memory Configuration

Name             Origin             Length             Attributes
sram0            0x00200000         0x00004000         w !xr
sram1            0x00300000         0x00004000         w !xr
sdram            0x20000000         0x02000000         w !xr
*default*        0x00000000         0xffffffff

Linker script and memory map

LOAD c:/isis/application/toolchain/bin/../lib/gcc/arm-none-eabi/4.7.4/../../../../arm-none-eabi/lib\libc.a
LOAD ./src/TestingDemos/CommandsTestingDemo.o
LOAD ./src/TestingDemos/EpsTestingDemo.o
LOAD ./src/TestingDemos/FileSystemTestingDemo.o
LOAD ./src/TestingDemos/MainTest.o
LOAD ./src/TestingDemos/MaintenanceTestingDemo.o
LOAD ./src/TestingDemos/TelemetryTestingDemo.o
LOAD ./src/TestingDemos/TrxvuTestingDemo.o
LOAD ./src/SubSystemModules/PowerManagment/EPS.o
LOAD ./src/SubSystemModules/PowerManagment/EPSOperationModes.o
LOAD ./src/SubSystemModules/Maintenance/Maintenance.o
LOAD ./src/SubSystemModules/Housekepping/Payload.o
LOAD ./src/SubSystemModules/Housekepping/RAMTelemetry.o
LOAD ./src/SubSystemModules/Housekepping/TelemetryCollector.o
LOAD ./src/SubSystemModules/Communication/SubsystemCommands/EPS_Commands.o
LOAD ./src/SubSystemModules/Communication/SubsystemCommands/FS_Commands.o
LOAD ./src/SubSystemModules/Communication/SubsystemCommands/Maintanence_Commands.o
LOAD ./src/SubSystemModules/Communication/SubsystemCommands/TRXVU_Commands.o
LOAD ./src/SubSystemModules/Communication/AckHandler.o
LOAD ./src/SubSystemModules/Communication/CommandDictionary.o
LOAD ./src/SubSystemModules/Communication/HashSecuredCMD.o
LOAD ./src/SubSystemModules/Communication/SatCommandHandler.o
LOAD ./src/SubSystemModules/Communication/TRXVU.o
LOAD ./src/InitSystem.o
LOAD ./src/TLM_management.o
LOAD ./src/main.o
LOAD ./src/utils.o
LOAD C:/ISIS/workspace/ycube/GlobusSatProject/..//hal/hal/lib\libHALD.a
LOAD C:/ISIS/workspace/ycube/GlobusSatProject/..//hal/hcc/lib\libHCCD.a
LOAD C:/ISIS/workspace/ycube/GlobusSatProject/..//satellite-subsystems/satellite-subsystems/lib\libSatelliteSubsystemsD.a
LOAD C:/ISIS/workspace/ycube/GlobusSatProject/..//hal/freertos/lib\libFreeRTOSD.a
LOAD C:/ISIS/workspace/ycube/GlobusSatProject/..//hal/at91/lib\libAt91D.a
START GROUP
LOAD c:/isis/application/toolchain/bin/../lib/gcc/arm-none-eabi/4.7.4\libgcc.a
LOAD c:/isis/application/toolchain/bin/../lib/gcc/arm-none-eabi/4.7.4/../../../../arm-none-eabi/lib\libg.a
LOAD c:/isis/application/toolchain/bin/../lib/gcc/arm-none-eabi/4.7.4/../../../../arm-none-eabi/lib\libc.a
END GROUP

.fixed          0x20000000    0x3f7d0
                0x20000000                . = ALIGN (0x4)
                0x20000000                _sfixed = .
 *(.startup)
 .startup       0x20000000      0x184 C:/ISIS/workspace/ycube/GlobusSatProject/..//hal/at91/lib\libAt91D.a(board_cstartup.o)
                0x20000000                entry
 *(.text)
 .text          0x20000184       0x64 C:/ISIS/workspace/ycube/GlobusSatProject/..//hal/at91/lib\libAt91D.a(cp15_asm.o)
                0x20000184                _readControlRegister
                0x20000190                _writeControlRegister
                0x20000198                _waitForInterrupt
                0x200001a4                _writeTTB
                0x200001ac                _writeDomain
                0x200001b4                _writeITLBLockdown
                0x200001bc                _prefetchICacheLine
                0x200001c4                _flushDCache
                0x200001d0                _flushWriteBuffer
                0x200001dc                _invalidateIDTLBs
 .text          0x200001e8      0x114 c:/isis/application/toolchain/bin/../lib/gcc/arm-none-eabi/4.7.4\libgcc.a(_udivsi3.o)
                0x200001e8                __aeabi_uidiv
                0x200001e8                __udivsi3
                0x200002dc                __aeabi_uidivmod
 .text          0x200002fc      0x148 c:/isis/application/toolchain/bin/../lib/gcc/arm-none-eabi/4.7.4\libgcc.a(_divsi3.o)
                0x200002fc                __divsi3
                0x200002fc                __aeabi_idiv
                0x20000424                __aeabi_idivmod
 .text          0x20000444        0x4 c:/isis/application/toolchain/bin/../lib/gcc/arm-none-eabi/4.7.4\libgcc.a(_dvmd_tls.o)
                0x20000444                __aeabi_idiv0
                0x20000444                __aeabi_ldiv0
 .text          0x20000448      0x41c c:/isis/application/toolchain/bin/../lib/gcc/arm-none-eabi/4.7.4\libgcc.a(_arm_addsubdf3.o)
                0x20000448                __aeabi_drsub
                0x20000450                __aeabi_dsub
                0x20000450                __subdf3
                0x20000454                __aeabi_dadd
                0x20000454                __adddf3
                0x20000764                __floatunsidf
                0x20000764                __aeabi_ui2d
                0x20000788                __floatsidf
                0x20000788                __aeabi_i2d
                0x200007b0                __aeabi_f2d
                0x200007b0                __extendsfdf2
                0x200007f0                __floatundidf
                0x200007f0                __aeabi_ul2d
                0x20000804                __floatdidf
                0x20000804                __aeabi_l2d
 .text          0x20000864      0x49c c:/isis/application/toolchain/bin/../lib/gcc/arm-none-eabi/4.7.4\libgcc.a(_arm_muldivdf3.o)
                0x20000864                __aeabi_dmul
                0x20000864                __muldf3
                0x20000af4                __divdf3
                0x20000af4                __aeabi_ddiv
 .text          0x20000d00      0x2ac c:/isis/application/toolchain/bin/../lib/gcc/arm-none-eabi/4.7.4\libgcc.a(_arm_addsubsf3.o)
                0x20000d00                __aeabi_frsub
                0x20000d08                __subsf3
                0x20000d08                __aeabi_fsub
                0x20000d0c                __aeabi_fadd
                0x20000d0c                __addsf3
                0x20000ec8                __aeabi_ui2f
                0x20000ec8                __floatunsisf
                0x20000ed0                __aeabi_i2f
                0x20000ed0                __floatsisf
                0x20000ef0                __aeabi_ul2f
                0x20000ef0                __floatundisf
                0x20000f00                __aeabi_l2f
                0x20000f00                __floatdisf
 .text          0x20000fac      0x2f8 c:/isis/application/toolchain/bin/../lib/gcc/arm-none-eabi/4.7.4\libgcc.a(_arm_muldivsf3.o)
                0x20000fac                __mulsf3
                0x20000fac                __aeabi_fmul
                0x20001144                __aeabi_fdiv
                0x20001144                __divsf3
 .text          0x200012a4      0x114 c:/isis/application/toolchain/bin/../lib/gcc/arm-none-eabi/4.7.4\libgcc.a(_arm_cmpsf2.o)
                0x200012a4                __gesf2
                0x200012a4                __gtsf2
                0x200012ac                __lesf2
                0x200012ac                __ltsf2
                0x200012b4                __nesf2
                0x200012b4                __eqsf2
                0x200012b4                __cmpsf2
                0x20001318                __aeabi_cfrcmple
                0x20001328                __aeabi_cfcmpeq
                0x20001328                __aeabi_cfcmple
                0x20001340                __aeabi_fcmpeq
                0x20001358                __aeabi_fcmplt
                0x20001370                __aeabi_fcmple
                0x20001388                __aeabi_fcmpge
                0x200013a0                __aeabi_fcmpgt
 .text          0x200013b8       0x54 c:/isis/application/toolchain/bin/../lib/gcc/arm-none-eabi/4.7.4\libgcc.a(_arm_fixunssfsi.o)
                0x200013b8                __fixunssfsi
                0x200013b8                __aeabi_f2uiz
 .text          0x2000140c      0x144 c:/isis/application/toolchain/bin/../lib/gcc/arm-none-eabi/4.7.4\libgcc.a(_arm_cmpdf2.o)
                0x2000140c                __gtdf2
                0x2000140c                __gedf2
                0x20001414                __ltdf2
                0x20001414                __ledf2
                0x2000141c                __nedf2
                0x2000141c                __eqdf2
                0x2000141c                __cmpdf2
                0x200014a4                __aeabi_cdrcmple
                0x200014c0                __aeabi_cdcmpeq
                0x200014c0                __aeabi_cdcmple
                0x200014d8                __aeabi_dcmpeq
                0x200014f0                __aeabi_dcmplt
                0x20001508                __aeabi_dcmple
                0x20001520                __aeabi_dcmpge
                0x20001538                __aeabi_dcmpgt
 .text          0x20001550       0x5c c:/isis/application/toolchain/bin/../lib/gcc/arm-none-eabi/4.7.4\libgcc.a(_arm_fixdfsi.o)
                0x20001550                __aeabi_d2iz
                0x20001550                __fixdfsi
 .text          0x200015ac       0x3c c:/isis/application/toolchain/bin/../lib/gcc/arm-none-eabi/4.7.4\libgcc.a(_aeabi_uldivmod.o)
                0x200015ac                __aeabi_uldivmod
 .text          0x200015e8       0x84 c:/isis/application/toolchain/bin/../lib/gcc/arm-none-eabi/4.7.4\libgcc.a(bpabi.o)
                0x200015e8                __gnu_ldivmod_helper
                0x2000162c                __gnu_uldivmod_helper
 .text          0x2000166c      0x4f0 c:/isis/application/toolchain/bin/../lib/gcc/arm-none-eabi/4.7.4\libgcc.a(_divdi3.o)
                0x2000166c                __divdi3
 .text          0x20001b5c      0x488 c:/isis/application/toolchain/bin/../lib/gcc/arm-none-eabi/4.7.4\libgcc.a(_udivdi3.o)
                0x20001b5c                __udivdi3
 .text          0x20001fe4       0x48 c:/isis/application/toolchain/bin/../lib/gcc/arm-none-eabi/4.7.4\libgcc.a(_clzsi2.o)
                0x20001fe4                __clzsi2
 *(.text*)
 .text.GetBatteryVoltage
                0x2000202c       0x44 ./src/SubSystemModules/PowerManagment/EPS.o
                0x2000202c                GetBatteryVoltage
 .text.EPS_Init
                0x20002070      0x124 ./src/SubSystemModules/PowerManagment/EPS.o
                0x20002070                EPS_Init
 .text.EPS_Conditioning
                0x20002194      0x1c4 ./src/SubSystemModules/PowerManagment/EPS.o
                0x20002194                EPS_Conditioning
 .text.UpdateAlpha
                0x20002358       0xd8 ./src/SubSystemModules/PowerManagment/EPS.o
                0x20002358                UpdateAlpha
 .text.GetThresholdVoltages
                0x20002430       0x80 ./src/SubSystemModules/PowerManagment/EPS.o
                0x20002430                GetThresholdVoltages
 .text.GetAlpha
                0x200024b0       0x7c ./src/SubSystemModules/PowerManagment/EPS.o
                0x200024b0                GetAlpha
 .text.CMDGetHeaterValues
                0x2000252c      0x1f8 ./src/SubSystemModules/PowerManagment/EPS.o
                0x2000252c                CMDGetHeaterValues
 .text.CMDSetHeaterValues
                0x20002724      0x204 ./src/SubSystemModules/PowerManagment/EPS.o
                0x20002724                CMDSetHeaterValues
 .text.EnterFullMode
                0x20002928       0x5c ./src/SubSystemModules/PowerManagment/EPSOperationModes.o
                0x20002928                EnterFullMode
 .text.EnterCruiseMode
                0x20002984       0x58 ./src/SubSystemModules/PowerManagment/EPSOperationModes.o
                0x20002984                EnterCruiseMode
 .text.EnterSafeMode
                0x200029dc       0x5c ./src/SubSystemModules/PowerManagment/EPSOperationModes.o
                0x200029dc                EnterSafeMode
 .text.EnterCriticalMode
                0x20002a38       0x5c ./src/SubSystemModules/PowerManagment/EPSOperationModes.o
                0x20002a38                EnterCriticalMode
 .text.PayloadOperations
                0x20002a94      0x134 ./src/SubSystemModules/PowerManagment/EPSOperationModes.o
                0x20002a94                PayloadOperations
 .text.DoesPayloadChannelOn
                0x20002bc8       0xa4 ./src/SubSystemModules/PowerManagment/EPSOperationModes.o
                0x20002bc8                DoesPayloadChannelOn
 .text.EpsGetLowVoltageFlag
                0x20002c6c       0x24 ./src/SubSystemModules/PowerManagment/EPSOperationModes.o
                0x20002c6c                EpsGetLowVoltageFlag
 .text.EpsSetLowVoltageFlag
                0x20002c90       0x2c ./src/SubSystemModules/PowerManagment/EPSOperationModes.o
                0x20002c90                EpsSetLowVoltageFlag
 .text.CheckExecutionTime
                0x20002cbc       0x80 ./src/SubSystemModules/Maintenance/Maintenance.o
                0x20002cbc                CheckExecutionTime
 .text.SaveSatTimeInFRAM
                0x20002d3c       0x44 ./src/SubSystemModules/Maintenance/Maintenance.o
                0x20002d3c                SaveSatTimeInFRAM
 .text.WakeupFromResetCMD
                0x20002d80      0x120 ./src/SubSystemModules/Maintenance/Maintenance.o
                0x20002d80                WakeupFromResetCMD
 .text.ResetGroundCommWDT
                0x20002ea0       0x1c ./src/SubSystemModules/Maintenance/Maintenance.o
                0x20002ea0                ResetGroundCommWDT
 .text.IsGroundCommunicationWDTKick
                0x20002ebc       0x78 ./src/SubSystemModules/Maintenance/Maintenance.o
                0x20002ebc                IsGroundCommunicationWDTKick
 .text.GetGsWdtKickTime
                0x20002f34       0x38 ./src/SubSystemModules/Maintenance/Maintenance.o
                0x20002f34                GetGsWdtKickTime
 .text.findMinMaxDate
                0x20002f6c       0xdc ./src/SubSystemModules/Maintenance/Maintenance.o
                0x20002f6c                findMinMaxDate
 .text.DeleteOldFiels
                0x20003048       0xf0 ./src/SubSystemModules/Maintenance/Maintenance.o
                0x20003048                DeleteOldFiels
 .text.CheckDeployAnt
                0x20003138       0x84 ./src/SubSystemModules/Maintenance/Maintenance.o
                0x20003138                CheckDeployAnt
 .text.HardResetMCU
                0x200031bc       0x3c ./src/SubSystemModules/Maintenance/Maintenance.o
                0x200031bc                HardResetMCU
 .text.Maintenance
                0x200031f8       0xa4 ./src/SubSystemModules/Maintenance/Maintenance.o
                0x200031f8                Maintenance
 .text.payloadRead
                0x2000329c       0xe8 ./src/SubSystemModules/Housekepping/Payload.o
                0x2000329c                payloadRead
 .text.payloadSendCommand
                0x20003384       0xc4 ./src/SubSystemModules/Housekepping/Payload.o
                0x20003384                payloadSendCommand
 .text.get_radfet_data
                0x20003448      0x444 ./src/SubSystemModules/Housekepping/Payload.o
                0x20003448                get_radfet_data
 .text.get_sel_data
                0x2000388c      0x224 ./src/SubSystemModules/Housekepping/Payload.o
                0x2000388c                get_sel_data
 .text.get_seu_data
                0x20003ab0      0x180 ./src/SubSystemModules/Housekepping/Payload.o
                0x20003ab0                get_seu_data
 .text.changeIntIndian
                0x20003c30       0x5c ./src/SubSystemModules/Housekepping/Payload.o
                0x20003c30                changeIntIndian
 .text.ResetRamTlm
                0x20003c8c      0x104 ./src/SubSystemModules/Housekepping/RAMTelemetry.o
                0x20003c8c                ResetRamTlm
 .text.inc      0x20003d90       0x4c ./src/SubSystemModules/Housekepping/RAMTelemetry.o
                0x20003d90                inc
 .text.dec      0x20003ddc       0x48 ./src/SubSystemModules/Housekepping/RAMTelemetry.o
                0x20003ddc                dec
 .text.saveTlmToRam
                0x20003e24      0x304 ./src/SubSystemModules/Housekepping/RAMTelemetry.o
                0x20003e24                saveTlmToRam
 .text.getTlm   0x20004128      0x210 ./src/SubSystemModules/Housekepping/RAMTelemetry.o
                0x20004128                getTlm
 .text.getRange
                0x20004338      0x204 ./src/SubSystemModules/Housekepping/RAMTelemetry.o
                0x20004338                getRange
 .text.InitSavePeriodTimes
                0x2000453c       0xb8 ./src/SubSystemModules/Housekepping/TelemetryCollector.o
                0x2000453c                InitSavePeriodTimes
 .text.CMD_GetTLMPeriodTimes
                0x200045f4       0x38 ./src/SubSystemModules/Housekepping/TelemetryCollector.o
                0x200045f4                CMD_GetTLMPeriodTimes
 .text.CMD_SetTLMPeriodTimes
                0x2000462c      0x204 ./src/SubSystemModules/Housekepping/TelemetryCollector.o
                0x2000462c                CMD_SetTLMPeriodTimes
 .text.TelemetryCollectorLogic
                0x20004830      0x268 ./src/SubSystemModules/Housekepping/TelemetryCollector.o
                0x20004830                TelemetryCollectorLogic
 .text.TelemetrySaveEPS
                0x20004a98       0x54 ./src/SubSystemModules/Housekepping/TelemetryCollector.o
                0x20004a98                TelemetrySaveEPS
 .text.TelemetrySaveTRXVU
                0x20004aec       0x94 ./src/SubSystemModules/Housekepping/TelemetryCollector.o
                0x20004aec                TelemetrySaveTRXVU
 .text.TelemetrySaveWOD
                0x20004b80       0x5c ./src/SubSystemModules/Housekepping/TelemetryCollector.o
                0x20004b80                TelemetrySaveWOD
 .text.TelemetrySaveRADFET
                0x20004bdc       0xac ./src/SubSystemModules/Housekepping/TelemetryCollector.o
                0x20004bdc                TelemetrySaveRADFET
 .text.TelemetrySaveSEL
                0x20004c88       0xa0 ./src/SubSystemModules/Housekepping/TelemetryCollector.o
                0x20004c88                TelemetrySaveSEL
 .text.TelemetrySaveSEU
                0x20004d28       0x70 ./src/SubSystemModules/Housekepping/TelemetryCollector.o
                0x20004d28                TelemetrySaveSEU
 .text.GetCurrentWODTelemetry
                0x20004d98      0x7e0 ./src/SubSystemModules/Housekepping/TelemetryCollector.o
                0x20004d98                GetCurrentWODTelemetry
 .text.CMD_EPS_ResetWDT
                0x20005578       0x58 ./src/SubSystemModules/Communication/SubsystemCommands/EPS_Commands.o
                0x20005578                CMD_EPS_ResetWDT
 .text.CMD_Payload_Operations
                0x200055d0       0xb4 ./src/SubSystemModules/Communication/SubsystemCommands/EPS_Commands.o
                0x200055d0                CMD_Payload_Operations
 .text.CMD_DeleteTLM
                0x20005684      0x1a0 ./src/SubSystemModules/Communication/SubsystemCommands/FS_Commands.o
                0x20005684                CMD_DeleteTLM
 .text.CMD_DeleteAllFiles
                0x20005824       0x38 ./src/SubSystemModules/Communication/SubsystemCommands/FS_Commands.o
                0x20005824                CMD_DeleteAllFiles
 .text.CMD_GetLastFS_Error
                0x2000585c       0x4c ./src/SubSystemModules/Communication/SubsystemCommands/FS_Commands.o
                0x2000585c                CMD_GetLastFS_Error
 .text.CMD_Get_TLM_Info
                0x200058a8      0x16c ./src/SubSystemModules/Communication/SubsystemCommands/FS_Commands.o
                0x200058a8                CMD_Get_TLM_Info
 .text.CMD_Switch_SD_Card
                0x20005a14       0xcc ./src/SubSystemModules/Communication/SubsystemCommands/FS_Commands.o
                0x20005a14                CMD_Switch_SD_Card
 .text.CMD_Format_SD_Card
                0x20005ae0       0xa4 ./src/SubSystemModules/Communication/SubsystemCommands/FS_Commands.o
                0x20005ae0                CMD_Format_SD_Card
 .text.CMD_GenericI2C
                0x20005b84      0x144 ./src/SubSystemModules/Communication/SubsystemCommands/Maintanence_Commands.o
                0x20005b84                CMD_GenericI2C
 .text.CMD_FRAM_ReadAndTransmitt
                0x20005cc8       0xe8 ./src/SubSystemModules/Communication/SubsystemCommands/Maintanence_Commands.o
                0x20005cc8                CMD_FRAM_ReadAndTransmitt
 .text.CMD_FRAM_WriteAndTransmitt
                0x20005db0       0xfc ./src/SubSystemModules/Communication/SubsystemCommands/Maintanence_Commands.o
                0x20005db0                CMD_FRAM_WriteAndTransmitt
 .text.CMD_FRAM_ReStart
                0x20005eac       0x4c ./src/SubSystemModules/Communication/SubsystemCommands/Maintanence_Commands.o
                0x20005eac                CMD_FRAM_ReStart
 .text.CMD_UpdateSatTime
                0x20005ef8       0xa4 ./src/SubSystemModules/Communication/SubsystemCommands/Maintanence_Commands.o
                0x20005ef8                CMD_UpdateSatTime
 .text.CMD_GetSatUptime
                0x20005f9c       0x48 ./src/SubSystemModules/Communication/SubsystemCommands/Maintanence_Commands.o
                0x20005f9c                CMD_GetSatUptime
 .text.CMD_ResetComponent
                0x20005fe4      0x274 ./src/SubSystemModules/Communication/SubsystemCommands/Maintanence_Commands.o
                0x20005fe4                CMD_ResetComponent
 .text.DumpTask
                0x20006258      0x310 ./src/SubSystemModules/Communication/SubsystemCommands/TRXVU_Commands.o
                0x20006258                DumpTask
 .text.DumpRamTask
                0x20006568      0x40c ./src/SubSystemModules/Communication/SubsystemCommands/TRXVU_Commands.o
                0x20006568                DumpRamTask
 .text.CMD_AntennaDeploy
                0x20006974       0x8c ./src/SubSystemModules/Communication/SubsystemCommands/TRXVU_Commands.o
                0x20006974                CMD_AntennaDeploy
 .text.CMD_StartDump
                0x20006a00      0x200 ./src/SubSystemModules/Communication/SubsystemCommands/TRXVU_Commands.o
                0x20006a00                CMD_StartDump
 .text.CMD_SendDumpAbortRequest
                0x20006c00       0x38 ./src/SubSystemModules/Communication/SubsystemCommands/TRXVU_Commands.o
                0x20006c00                CMD_SendDumpAbortRequest
 .text.CMD_ForceDumpAbort
                0x20006c38       0x3c ./src/SubSystemModules/Communication/SubsystemCommands/TRXVU_Commands.o
                0x20006c38                CMD_ForceDumpAbort
 .text.CMD_SetTransponder
                0x20006c74      0x110 ./src/SubSystemModules/Communication/SubsystemCommands/TRXVU_Commands.o
                0x20006c74                CMD_SetTransponder
 .text.CMD_SetRSSITransponder
                0x20006d84       0x90 ./src/SubSystemModules/Communication/SubsystemCommands/TRXVU_Commands.o
                0x20006d84                CMD_SetRSSITransponder
 .text.CMD_MuteTRXVU
                0x20006e14       0xc4 ./src/SubSystemModules/Communication/SubsystemCommands/TRXVU_Commands.o
                0x20006e14                CMD_MuteTRXVU
 .text.CMD_SetIdleState
                0x20006ed8       0x94 ./src/SubSystemModules/Communication/SubsystemCommands/TRXVU_Commands.o
                0x20006ed8                CMD_SetIdleState
 .text.CMD_UnMuteTRXVU
                0x20006f6c       0x38 ./src/SubSystemModules/Communication/SubsystemCommands/TRXVU_Commands.o
                0x20006f6c                CMD_UnMuteTRXVU
 .text.CMD_GetBaudRate
                0x20006fa4       0x6c ./src/SubSystemModules/Communication/SubsystemCommands/TRXVU_Commands.o
                0x20006fa4                CMD_GetBaudRate
 .text.CMD_TrasmitBeacon
                0x20007010       0x48 ./src/SubSystemModules/Communication/SubsystemCommands/TRXVU_Commands.o
                0x20007010                CMD_TrasmitBeacon
 .text.CMD_GetBeaconInterval
                0x20007058       0x6c ./src/SubSystemModules/Communication/SubsystemCommands/TRXVU_Commands.o
                0x20007058                CMD_GetBeaconInterval
 .text.CMD_SetBaudRate
                0x200070c4       0x64 ./src/SubSystemModules/Communication/SubsystemCommands/TRXVU_Commands.o
                0x200070c4                CMD_SetBaudRate
 .text.CMD_GetTxUptime
                0x20007128       0x68 ./src/SubSystemModules/Communication/SubsystemCommands/TRXVU_Commands.o
                0x20007128                CMD_GetTxUptime
 .text.CMD_GetRxUptime
                0x20007190       0x68 ./src/SubSystemModules/Communication/SubsystemCommands/TRXVU_Commands.o
                0x20007190                CMD_GetRxUptime
 .text.CMD_GetNumOfOnlineCommands
                0x200071f8       0x68 ./src/SubSystemModules/Communication/SubsystemCommands/TRXVU_Commands.o
                0x200071f8                CMD_GetNumOfOnlineCommands
 .text.CMD_AntSetArmStatus
                0x20007260       0x3c ./src/SubSystemModules/Communication/SubsystemCommands/TRXVU_Commands.o
                0x20007260                CMD_AntSetArmStatus
 .text.CMD_AntGetArmStatus
                0x2000729c       0x60 ./src/SubSystemModules/Communication/SubsystemCommands/TRXVU_Commands.o
                0x2000729c                CMD_AntGetArmStatus
 .text.CMD_AntGetUptime
                0x200072fc       0x68 ./src/SubSystemModules/Communication/SubsystemCommands/TRXVU_Commands.o
                0x200072fc                CMD_AntGetUptime
 .text.CMD_StopReDeployment
                0x20007364       0x74 ./src/SubSystemModules/Communication/SubsystemCommands/TRXVU_Commands.o
                0x20007364                CMD_StopReDeployment
 .text.CMD_AntCancelDeployment
                0x200073d8       0x58 ./src/SubSystemModules/Communication/SubsystemCommands/TRXVU_Commands.o
                0x200073d8                CMD_AntCancelDeployment
 .text.CMD_DumpRamTLM
                0x20007430      0x180 ./src/SubSystemModules/Communication/SubsystemCommands/TRXVU_Commands.o
                0x20007430                CMD_DumpRamTLM
 .text.SendAckPacket
                0x200075b0       0xfc ./src/SubSystemModules/Communication/AckHandler.o
                0x200075b0                SendAckPacket
 .text.trxvu_command_router
                0x200076ac      0x578 ./src/SubSystemModules/Communication/CommandDictionary.o
                0x200076ac                trxvu_command_router
 .text.eps_command_router
                0x20007c24       0xf4 ./src/SubSystemModules/Communication/CommandDictionary.o
                0x20007c24                eps_command_router
 .text.telemetry_command_router
                0x20007d18      0x23c ./src/SubSystemModules/Communication/CommandDictionary.o
                0x20007d18                telemetry_command_router
 .text.managment_command_router
                0x20007f54      0x12c ./src/SubSystemModules/Communication/CommandDictionary.o
                0x20007f54                managment_command_router
 .text.filesystem_command_router
                0x20008080       0x24 ./src/SubSystemModules/Communication/CommandDictionary.o
                0x20008080                filesystem_command_router
 .text.ParseDataToCommand
                0x200080a4      0x1ac ./src/SubSystemModules/Communication/SatCommandHandler.o
                0x200080a4                ParseDataToCommand
 .text.AssembleCommand
                0x20008250      0x148 ./src/SubSystemModules/Communication/SatCommandHandler.o
                0x20008250                AssembleCommand
 .text.ActUponCommand
                0x20008398      0x108 ./src/SubSystemModules/Communication/SatCommandHandler.o
                0x20008398                ActUponCommand
 .text.setMuteEndTime
                0x200084a0       0x40 ./src/SubSystemModules/Communication/TRXVU.o
                0x200084a0                setMuteEndTime
 .text.getMuteEndTime
                0x200084e0       0x44 ./src/SubSystemModules/Communication/TRXVU.o
                0x200084e0                getMuteEndTime
 .text.setTransponderEndTime
                0x20008524       0x40 ./src/SubSystemModules/Communication/TRXVU.o
                0x20008524                setTransponderEndTime
 .text.getTransponderEndTime
                0x20008564       0x44 ./src/SubSystemModules/Communication/TRXVU.o
                0x20008564                getTransponderEndTime
 .text.setTransponderRSSIinFRAM
                0x200085a8       0x44 ./src/SubSystemModules/Communication/TRXVU.o
                0x200085a8                setTransponderRSSIinFRAM
 .text.getTransponderRSSIFromFRAM
                0x200085ec       0x4c ./src/SubSystemModules/Communication/TRXVU.o
                0x200085ec                getTransponderRSSIFromFRAM
 .text.InitTxModule
                0x20008638       0x68 ./src/SubSystemModules/Communication/TRXVU.o
                0x20008638                InitTxModule
 .text.CMD_SetBeaconInterval
                0x200086a0       0xdc ./src/SubSystemModules/Communication/TRXVU.o
                0x200086a0                CMD_SetBeaconInterval
 .text.InitBeaconParams
                0x2000877c       0x3c ./src/SubSystemModules/Communication/TRXVU.o
                0x2000877c                InitBeaconParams
 .text.InitSemaphores
                0x200087b8       0x98 ./src/SubSystemModules/Communication/TRXVU.o
                0x200087b8                InitSemaphores
 .text.InitTrxvu
                0x20008850      0x138 ./src/SubSystemModules/Communication/TRXVU.o
                0x20008850                InitTrxvu
 .text.checkIdleFinish
                0x20008988       0x68 ./src/SubSystemModules/Communication/TRXVU.o
                0x20008988                checkIdleFinish
 .text.checkTransponderFinish
                0x200089f0       0x50 ./src/SubSystemModules/Communication/TRXVU.o
                0x200089f0                checkTransponderFinish
 .text.checkTransponderStart
                0x20008a40       0x50 ./src/SubSystemModules/Communication/TRXVU.o
                0x20008a40                checkTransponderStart
 .text.turnOnTransponder
                0x20008a90       0xa0 ./src/SubSystemModules/Communication/TRXVU.o
                0x20008a90                turnOnTransponder
 .text.turnOffTransponder
                0x20008b30       0x90 ./src/SubSystemModules/Communication/TRXVU.o
                0x20008b30                turnOffTransponder
 .text.SetRSSITransponder
                0x20008bc0       0x80 ./src/SubSystemModules/Communication/TRXVU.o
                0x20008bc0                SetRSSITransponder
 .text.TRX_Logic
                0x20008c40       0xe4 ./src/SubSystemModules/Communication/TRXVU.o
                0x20008c40                TRX_Logic
 .text.GetNumberOfFramesInBuffer
                0x20008d24       0x94 ./src/SubSystemModules/Communication/TRXVU.o
                0x20008d24                GetNumberOfFramesInBuffer
 .text.GetOnlineCommand
                0x20008db8      0x1d0 ./src/SubSystemModules/Communication/TRXVU.o
                0x20008db8                GetOnlineCommand
 .text.CheckTransmitionAllowed
                0x20008f88       0xc0 ./src/SubSystemModules/Communication/TRXVU.o
                0x20008f88                CheckTransmitionAllowed
 .text.FinishDump
                0x20009048       0xf0 ./src/SubSystemModules/Communication/TRXVU.o
                0x20009048                FinishDump
 .text.AbortDump
                0x20009138       0x34 ./src/SubSystemModules/Communication/TRXVU.o
                0x20009138                AbortDump
 .text.SendDumpAbortRequest
                0x2000916c       0x6c ./src/SubSystemModules/Communication/TRXVU.o
                0x2000916c                SendDumpAbortRequest
 .text.CheckDumpAbort
                0x200091d8       0x6c ./src/SubSystemModules/Communication/TRXVU.o
                0x200091d8                CheckDumpAbort
 .text.BeaconLogic
                0x20009244      0x184 ./src/SubSystemModules/Communication/TRXVU.o
                0x20009244                BeaconLogic
 .text.SetIdleState
                0x200093c8      0x144 ./src/SubSystemModules/Communication/TRXVU.o
                0x200093c8                SetIdleState
 .text.muteTRXVU
                0x2000950c       0x74 ./src/SubSystemModules/Communication/TRXVU.o
                0x2000950c                muteTRXVU
 .text.UnMuteTRXVU
                0x20009580       0x14 ./src/SubSystemModules/Communication/TRXVU.o
                0x20009580                UnMuteTRXVU
 .text.TransmitDataAsSPL_Packet
                0x20009594      0x12c ./src/SubSystemModules/Communication/TRXVU.o
                0x20009594                TransmitDataAsSPL_Packet
 .text.CMD_Hash256
                0x200096c0       0x20 ./src/SubSystemModules/Communication/TRXVU.o
                0x200096c0                CMD_Hash256
 .text.CMD_Secure_Ping
                0x200096e0       0x68 ./src/SubSystemModules/Communication/TRXVU.o
                0x200096e0                CMD_Secure_Ping
 .text.TransmitSplPacket
                0x20009748      0x124 ./src/SubSystemModules/Communication/TRXVU.o
                0x20009748                TransmitSplPacket
 .text.isFirstActivation
                0x2000986c       0x38 ./src/InitSystem.o
                0x2000986c                isFirstActivation
 .text.WriteDefaultValuesToFRAM
                0x200098a4      0x2ac ./src/InitSystem.o
                0x200098a4                WriteDefaultValuesToFRAM
 .text.StartFRAM
                0x20009b50       0x64 ./src/InitSystem.o
                0x20009b50                StartFRAM
 .text.StartI2C
                0x20009bb4       0x38 ./src/InitSystem.o
                0x20009bb4                StartI2C
 .text.StartSPI
                0x20009bec       0x34 ./src/InitSystem.o
                0x20009bec                StartSPI
 .text.StartTIME
                0x20009c20       0xbc ./src/InitSystem.o
                0x20009c20                StartTIME
 .text.DeploySystem
                0x20009cdc      0x1b4 ./src/InitSystem.o
                0x20009cdc                DeploySystem
 .text.InitSubsystems
                0x20009e90       0x64 ./src/InitSystem.o
                0x20009e90                InitSubsystems
 .text.CMD_getInfoImage
                0x20009ef4      0x158 ./src/TLM_management.o
                0x20009ef4                CMD_getInfoImage
 .text.CMD_getDataImage
                0x2000a04c      0x218 ./src/TLM_management.o
                0x2000a04c                CMD_getDataImage
 .text.delete_allTMFilesFromSD
                0x2000a264       0x8c ./src/TLM_management.o
                0x2000a264                delete_allTMFilesFromSD
 .text.deleteTLMFiles
                0x2000a2f0       0x94 ./src/TLM_management.o
                0x2000a2f0                deleteTLMFiles
 .text.deleteTLMFile
                0x2000a384       0xcc ./src/TLM_management.o
                0x2000a384                deleteTLMFile
 .text.deleteTLMbyMonth
                0x2000a450       0xac ./src/TLM_management.o
                0x2000a450                deleteTLMbyMonth
 .text.deleteDirectory
                0x2000a4fc      0x158 ./src/TLM_management.o
                0x2000a4fc                deleteDirectory
 .text.InitializeFS
                0x2000a654       0xec ./src/TLM_management.o
                0x2000a654                InitializeFS
 .text.calculateFileName
                0x2000a740      0x130 ./src/TLM_management.o
                0x2000a740                calculateFileName
 .text.getTlmTypeInfo
                0x2000a870      0x294 ./src/TLM_management.o
                0x2000a870                getTlmTypeInfo
 .text.write2File
                0x2000ab04      0x1dc ./src/TLM_management.o
                0x2000ab04                write2File
 .text.printTLM
                0x2000ace0       0x24 ./src/TLM_management.o
                0x2000ace0                printTLM
 .text.readTLMFile
                0x2000ad04      0x328 ./src/TLM_management.o
                0x2000ad04                readTLMFile
 .text.readTLMFiles
                0x2000b02c       0xdc ./src/TLM_management.o
                0x2000b02c                readTLMFiles
 .text.readTLMFileTimeRange
                0x2000b108      0x2f0 ./src/TLM_management.o
                0x2000b108                readTLMFileTimeRange
 .text.DeInitializeFS
                0x2000b3f8       0x38 ./src/TLM_management.o
                0x2000b3f8                DeInitializeFS
 .text.taskMain
                0x2000b430       0x84 ./src/main.o
                0x2000b430                taskMain
 .text.main     0x2000b4b4       0x98 ./src/main.o
                0x2000b4b4                main
 .text.timeU2time
                0x2000b54c       0xbc ./src/utils.o
                0x2000b54c                timeU2time
 .text.logError
                0x2000b608      0x148 ./src/utils.o
                0x2000b608                logError
 .text.clearPDCtransfers
                0x2000b750       0xe8 C:/ISIS/workspace/ycube/GlobusSatProject/..//hal/hal/lib\libHALD.a(SPI.o)
 .text.SPI_start
                0x2000b838      0x4b0 C:/ISIS/workspace/ycube/GlobusSatProject/..//hal/hal/lib\libHALD.a(SPI.o)
                0x2000b838                SPI_start
 .text.SPI_stop
                0x2000bce8      0x244 C:/ISIS/workspace/ycube/GlobusSatProject/..//hal/hal/lib\libHALD.a(SPI.o)
                0x2000bce8                SPI_stop
 .text.SPI_queueTransfer
                0x2000bf2c      0x1cc C:/ISIS/workspace/ycube/GlobusSatProject/..//hal/hal/lib\libHALD.a(SPI.o)
                0x2000bf2c                SPI_queueTransfer
 .text.SPI_internalCallback
                0x2000c0f8       0x64 C:/ISIS/workspace/ycube/GlobusSatProject/..//hal/hal/lib\libHALD.a(SPI.o)
 .text.SPI_writeRead
                0x2000c15c      0x1c0 C:/ISIS/workspace/ycube/GlobusSatProject/..//hal/hal/lib\libHALD.a(SPI.o)
                0x2000c15c                SPI_writeRead
 .text.waitForTransfer
                0x2000c31c       0x78 C:/ISIS/workspace/ycube/GlobusSatProject/..//hal/hal/lib\libHALD.a(SPI.o)
 .text.SPI_getDriverState
                0x2000c394       0x58 C:/ISIS/workspace/ycube/GlobusSatProject/..//hal/hal/lib\libHALD.a(SPI.o)
                0x2000c394                SPI_getDriverState
 .text.validateTransferParameters
                0x2000c3ec      0x10c C:/ISIS/workspace/ycube/GlobusSatProject/..//hal/hal/lib\libHALD.a(I2C.o)
 .text.I2C_queueTransfer
                0x2000c4f8       0xfc C:/ISIS/workspace/ycube/GlobusSatProject/..//hal/hal/lib\libHALD.a(I2C.o)
                0x2000c4f8                I2C_queueTransfer
 .text.I2C_internalCallback
                0x2000c5f4       0x64 C:/ISIS/workspace/ycube/GlobusSatProject/..//hal/hal/lib\libHALD.a(I2C.o)
 .text.I2C_doBlockingTransfer
                0x2000c658      0x180 C:/ISIS/workspace/ycube/GlobusSatProject/..//hal/hal/lib\libHALD.a(I2C.o)
 .text.I2C_write
                0x2000c7d8      0x110 C:/ISIS/workspace/ycube/GlobusSatProject/..//hal/hal/lib\libHALD.a(I2C.o)
                0x2000c7d8                I2C_write
 .text.I2C_read
                0x2000c8e8      0x110 C:/ISIS/workspace/ycube/GlobusSatProject/..//hal/hal/lib\libHALD.a(I2C.o)
                0x2000c8e8                I2C_read
 .text.I2C_writeRead
                0x2000c9f8      0x17c C:/ISIS/workspace/ycube/GlobusSatProject/..//hal/hal/lib\libHALD.a(I2C.o)
                0x2000c9f8                I2C_writeRead
 .text.I2C_start
                0x2000cb74      0x2e8 C:/ISIS/workspace/ycube/GlobusSatProject/..//hal/hal/lib\libHALD.a(I2C.o)
                0x2000cb74                I2C_start
 .text.I2C_stop
                0x2000ce5c      0x184 C:/ISIS/workspace/ycube/GlobusSatProject/..//hal/hal/lib\libHALD.a(I2C.o)
                0x2000ce5c                I2C_stop
 .text.I2C_setTransferTimeout
                0x2000cfe0       0x48 C:/ISIS/workspace/ycube/GlobusSatProject/..//hal/hal/lib\libHALD.a(I2C.o)
                0x2000cfe0                I2C_setTransferTimeout
 .text.ADC_ConvertRaw10bitToMillivolt
                0x2000d028       0x50 C:/ISIS/workspace/ycube/GlobusSatProject/..//hal/hal/lib\libHALD.a(ADC.o)
                0x2000d028                ADC_ConvertRaw10bitToMillivolt
 .text.ADC_SingleShot
                0x2000d078      0x230 C:/ISIS/workspace/ycube/GlobusSatProject/..//hal/hal/lib\libHALD.a(ADC.o)
                0x2000d078                ADC_SingleShot
 .text.FRAM_start
                0x2000d2a8      0x120 C:/ISIS/workspace/ycube/GlobusSatProject/..//hal/hal/lib\libHALD.a(FRAM.o)
                0x2000d2a8                FRAM_start
 .text.FRAM_stop
                0x2000d3c8       0x6c C:/ISIS/workspace/ycube/GlobusSatProject/..//hal/hal/lib\libHALD.a(FRAM.o)
                0x2000d3c8                FRAM_stop
 .text.FRAM_dummyCallback
                0x2000d434       0x24 C:/ISIS/workspace/ycube/GlobusSatProject/..//hal/hal/lib\libHALD.a(FRAM.o)
                0x2000d434                FRAM_dummyCallback
 .text.FRAM_unlockingCallback
                0x2000d458       0x64 C:/ISIS/workspace/ycube/GlobusSatProject/..//hal/hal/lib\libHALD.a(FRAM.o)
                0x2000d458                FRAM_unlockingCallback
 .text.doBlockingTransfer
                0x2000d4bc       0x78 C:/ISIS/workspace/ycube/GlobusSatProject/..//hal/hal/lib\libHALD.a(FRAM.o)
 .text.FRAM_writePacket
                0x2000d534      0x134 C:/ISIS/workspace/ycube/GlobusSatProject/..//hal/hal/lib\libHALD.a(FRAM.o)
 .text.FRAM_write
                0x2000d668      0x1e0 C:/ISIS/workspace/ycube/GlobusSatProject/..//hal/hal/lib\libHALD.a(FRAM.o)
                0x2000d668                FRAM_write
 .text.FRAM_readPacket
                0x2000d848       0xf0 C:/ISIS/workspace/ycube/GlobusSatProject/..//hal/hal/lib\libHALD.a(FRAM.o)
 .text.FRAM_read
                0x2000d938      0x1ec C:/ISIS/workspace/ycube/GlobusSatProject/..//hal/hal/lib\libHALD.a(FRAM.o)
                0x2000d938                FRAM_read
 .text.Time_start
                0x2000db24      0x170 C:/ISIS/workspace/ycube/GlobusSatProject/..//hal/hal/lib\libHALD.a(Time.o)
                0x2000db24                Time_start
 .text.taskTimeSync
                0x2000dc94       0x64 C:/ISIS/workspace/ycube/GlobusSatProject/..//hal/hal/lib\libHALD.a(Time.o)
 .text.Time_convertEpochToTime
                0x2000dcf8      0x100 C:/ISIS/workspace/ycube/GlobusSatProject/..//hal/hal/lib\libHALD.a(Time.o)
                0x2000dcf8                Time_convertEpochToTime
 .text.Time_calculateSecondsOfYear
                0x2000ddf8       0xd8 C:/ISIS/workspace/ycube/GlobusSatProject/..//hal/hal/lib\libHALD.a(Time.o)
 .text.Time_set
                0x2000ded0       0xd8 C:/ISIS/workspace/ycube/GlobusSatProject/..//hal/hal/lib\libHALD.a(Time.o)
                0x2000ded0                Time_set
 .text.Time_isLeapYear
                0x2000dfa8       0x98 C:/ISIS/workspace/ycube/GlobusSatProject/..//hal/hal/lib\libHALD.a(Time.o)
                0x2000dfa8                Time_isLeapYear
 .text.Time_get
                0x2000e040      0x478 C:/ISIS/workspace/ycube/GlobusSatProject/..//hal/hal/lib\libHALD.a(Time.o)
                0x2000e040                Time_get
 .text.Time_getUnixEpoch
                0x2000e4b8      0x108 C:/ISIS/workspace/ycube/GlobusSatProject/..//hal/hal/lib\libHALD.a(Time.o)
                0x2000e4b8                Time_getUnixEpoch
 .text.Time_secondsOfYearToTime
                0x2000e5c0      0x33c C:/ISIS/workspace/ycube/GlobusSatProject/..//hal/hal/lib\libHALD.a(Time.o)
 .text.Time_setUnixEpoch
                0x2000e8fc       0x54 C:/ISIS/workspace/ycube/GlobusSatProject/..//hal/hal/lib\libHALD.a(Time.o)
                0x2000e8fc                Time_setUnixEpoch
 .text.Time_getUptimeSeconds
                0x2000e950       0x28 C:/ISIS/workspace/ycube/GlobusSatProject/..//hal/hal/lib\libHALD.a(Time.o)
                0x2000e950                Time_getUptimeSeconds
 .text.Time_sync
                0x2000e978      0x1a8 C:/ISIS/workspace/ycube/GlobusSatProject/..//hal/hal/lib\libHALD.a(Time.o)
                0x2000e978                Time_sync
 .text.Time_syncIfNeeded
                0x2000eb20       0xac C:/ISIS/workspace/ycube/GlobusSatProject/..//hal/hal/lib\libHALD.a(Time.o)
                0x2000eb20                Time_syncIfNeeded
 .text.WDT_start
                0x2000ebcc       0x48 C:/ISIS/workspace/ycube/GlobusSatProject/..//hal/hal/lib\libHALD.a(WatchDogTimerNoOS.o)
                0x2000ebcc                WDT_start
 .text.RTT_start
                0x2000ec14       0x24 C:/ISIS/workspace/ycube/GlobusSatProject/..//hal/hal/lib\libHALD.a(RTT.o)
                0x2000ec14                RTT_start
 .text.RTT_GetTime
                0x2000ec38       0x24 C:/ISIS/workspace/ycube/GlobusSatProject/..//hal/hal/lib\libHALD.a(RTT.o)
                0x2000ec38                RTT_GetTime
 .text.RTC_start
                0x2000ec5c       0x3c C:/ISIS/workspace/ycube/GlobusSatProject/..//hal/hal/lib\libHALD.a(RTC.o)
                0x2000ec5c                RTC_start
 .text.RTC_setTime
                0x2000ec98      0x2a4 C:/ISIS/workspace/ycube/GlobusSatProject/..//hal/hal/lib\libHALD.a(RTC.o)
                0x2000ec98                RTC_setTime
 .text.RTC_getTime
                0x2000ef3c      0x230 C:/ISIS/workspace/ycube/GlobusSatProject/..//hal/hal/lib\libHALD.a(RTC.o)
                0x2000ef3c                RTC_getTime
 .text.RTC_checkTimeValid
                0x2000f16c       0xd8 C:/ISIS/workspace/ycube/GlobusSatProject/..//hal/hal/lib\libHALD.a(RTC.o)
                0x2000f16c                RTC_checkTimeValid
 .text.WDT_startWatchdogKickTask
                0x2000f244       0xb4 C:/ISIS/workspace/ycube/GlobusSatProject/..//hal/hal/lib\libHALD.a(WatchDogTimerOS.o)
                0x2000f244                WDT_startWatchdogKickTask
 .text.WDT_forceKickEveryNms
                0x2000f2f8       0x50 C:/ISIS/workspace/ycube/GlobusSatProject/..//hal/hal/lib\libHALD.a(WatchDogTimerOS.o)
                0x2000f2f8                WDT_forceKickEveryNms
 .text.f_puts   0x2000f348       0x80 C:/ISIS/workspace/ycube/GlobusSatProject/..//hal/hal/lib\libHALD.a(fprintf.o)
                0x2000f348                f_puts
 .text.LED_glow
                0x2000f3c8       0x58 C:/ISIS/workspace/ycube/GlobusSatProject/..//hal/hal/lib\libHALD.a(LED.o)
                0x2000f3c8                LED_glow
 .text.LED_dark
                0x2000f420       0x58 C:/ISIS/workspace/ycube/GlobusSatProject/..//hal/hal/lib\libHALD.a(LED.o)
                0x2000f420                LED_dark
 .text.LED_toggle
                0x2000f478       0x50 C:/ISIS/workspace/ycube/GlobusSatProject/..//hal/hal/lib\libHALD.a(LED.o)
                0x2000f478                LED_toggle
 .text.fm_initvolume
                0x2000f4c8       0x70 C:/ISIS/workspace/ycube/GlobusSatProject/..//hal/hcc/lib\libHCCD.a(fat_m.o)
                0x2000f4c8                fm_initvolume
 .text.fm_delvolume
                0x2000f538       0x60 C:/ISIS/workspace/ycube/GlobusSatProject/..//hal/hcc/lib\libHCCD.a(fat_m.o)
                0x2000f538                fm_delvolume
 .text.fm_format
                0x2000f598       0x68 C:/ISIS/workspace/ycube/GlobusSatProject/..//hal/hcc/lib\libHCCD.a(fat_m.o)
                0x2000f598                fm_format
 .text.fm_getdrive
                0x2000f600       0x70 C:/ISIS/workspace/ycube/GlobusSatProject/..//hal/hcc/lib\libHCCD.a(fat_m.o)
                0x2000f600                fm_getdrive
 .text.fm_getfreespace
                0x2000f670       0x68 C:/ISIS/workspace/ycube/GlobusSatProject/..//hal/hcc/lib\libHCCD.a(fat_m.o)
                0x2000f670                fm_getfreespace
 .text.fm_mkdir
                0x2000f6d8       0x60 C:/ISIS/workspace/ycube/GlobusSatProject/..//hal/hcc/lib\libHCCD.a(fat_m.o)
                0x2000f6d8                fm_mkdir
 .text.fm_rmdir
                0x2000f738       0x60 C:/ISIS/workspace/ycube/GlobusSatProject/..//hal/hcc/lib\libHCCD.a(fat_m.o)
                0x2000f738                fm_rmdir
 .text.fm_findfirst
                0x2000f798       0x68 C:/ISIS/workspace/ycube/GlobusSatProject/..//hal/hcc/lib\libHCCD.a(fat_m.o)
                0x2000f798                fm_findfirst
 .text.fm_findnext
                0x2000f800       0x60 C:/ISIS/workspace/ycube/GlobusSatProject/..//hal/hcc/lib\libHCCD.a(fat_m.o)
                0x2000f800                fm_findnext
 .text.fm_close
                0x2000f860       0x60 C:/ISIS/workspace/ycube/GlobusSatProject/..//hal/hcc/lib\libHCCD.a(fat_m.o)
                0x2000f860                fm_close
 .text.fm_flush
                0x2000f8c0       0x60 C:/ISIS/workspace/ycube/GlobusSatProject/..//hal/hcc/lib\libHCCD.a(fat_m.o)
                0x2000f8c0                fm_flush
 .text.fm_open  0x2000f920       0x68 C:/ISIS/workspace/ycube/GlobusSatProject/..//hal/hcc/lib\libHCCD.a(fat_m.o)
                0x2000f920                fm_open
 .text.fm_read  0x2000f988       0x7c C:/ISIS/workspace/ycube/GlobusSatProject/..//hal/hcc/lib\libHCCD.a(fat_m.o)
                0x2000f988                fm_read
 .text.fm_write
                0x2000fa04       0x7c C:/ISIS/workspace/ycube/GlobusSatProject/..//hal/hcc/lib\libHCCD.a(fat_m.o)
                0x2000fa04                fm_write
 .text.fm_seek  0x2000fa80       0x70 C:/ISIS/workspace/ycube/GlobusSatProject/..//hal/hcc/lib\libHCCD.a(fat_m.o)
                0x2000fa80                fm_seek
 .text.fm_tell  0x2000faf0       0x60 C:/ISIS/workspace/ycube/GlobusSatProject/..//hal/hcc/lib\libHCCD.a(fat_m.o)
                0x2000faf0                fm_tell
 .text.fm_putc  0x2000fb50       0x68 C:/ISIS/workspace/ycube/GlobusSatProject/..//hal/hcc/lib\libHCCD.a(fat_m.o)
                0x2000fb50                fm_putc
 .text.fm_rewind
                0x2000fbb8       0x60 C:/ISIS/workspace/ycube/GlobusSatProject/..//hal/hcc/lib\libHCCD.a(fat_m.o)
                0x2000fbb8                fm_rewind
 .text.fm_delete
                0x2000fc18       0x64 C:/ISIS/workspace/ycube/GlobusSatProject/..//hal/hcc/lib\libHCCD.a(fat_m.o)
                0x2000fc18                fm_delete
 .text.fm_getlasterror
                0x2000fc7c       0x40 C:/ISIS/workspace/ycube/GlobusSatProject/..//hal/hcc/lib\libHCCD.a(fat_m.o)
                0x2000fc7c                fm_getlasterror
 .text._f_invalidatedir
                0x2000fcbc       0x28 C:/ISIS/workspace/ycube/GlobusSatProject/..//hal/hcc/lib\libHCCD.a(fat.o)
                0x2000fcbc                _f_invalidatedir
 .text._f_getdirsector
                0x2000fce4       0x88 C:/ISIS/workspace/ycube/GlobusSatProject/..//hal/hcc/lib\libHCCD.a(fat.o)
                0x2000fce4                _f_getdirsector
 .text._f_writedirsector
                0x2000fd6c       0x74 C:/ISIS/workspace/ycube/GlobusSatProject/..//hal/hcc/lib\libHCCD.a(fat.o)
                0x2000fd6c                _f_writedirsector
 .text._f_checknameinv
                0x2000fde0      0x180 C:/ISIS/workspace/ycube/GlobusSatProject/..//hal/hcc/lib\libHCCD.a(fat.o)
 .text._f_checkname
                0x2000ff60       0x7c C:/ISIS/workspace/ycube/GlobusSatProject/..//hal/hcc/lib\libHCCD.a(fat.o)
 .text._f_checknamewc
                0x2000ffdc       0xf8 C:/ISIS/workspace/ycube/GlobusSatProject/..//hal/hcc/lib\libHCCD.a(fat.o)
 .text._f_setnameext
                0x200100d4      0x300 C:/ISIS/workspace/ycube/GlobusSatProject/..//hal/hcc/lib\libHCCD.a(fat.o)
 .text._f_setfsname
                0x200103d4      0x584 C:/ISIS/workspace/ycube/GlobusSatProject/..//hal/hcc/lib\libHCCD.a(fat.o)
 .text._f_findfile
                0x20010958      0x30c C:/ISIS/workspace/ycube/GlobusSatProject/..//hal/hcc/lib\libHCCD.a(fat.o)
 .text._f_cmp_wname
                0x20010c64      0x274 C:/ISIS/workspace/ycube/GlobusSatProject/..//hal/hcc/lib\libHCCD.a(fat.o)
 .text._f_to_string
                0x20010ed8      0x130 C:/ISIS/workspace/ycube/GlobusSatProject/..//hal/hcc/lib\libHCCD.a(fat.o)
 .text._f_findfilewc
                0x20011008      0x278 C:/ISIS/workspace/ycube/GlobusSatProject/..//hal/hcc/lib\libHCCD.a(fat.o)
 .text._f_getfilename
                0x20011280      0x20c C:/ISIS/workspace/ycube/GlobusSatProject/..//hal/hcc/lib\libHCCD.a(fat.o)
 .text._f_findpath
                0x2001148c      0x35c C:/ISIS/workspace/ycube/GlobusSatProject/..//hal/hcc/lib\libHCCD.a(fat.o)
 .text.fn_getdcwd
                0x200117e8      0x1e0 C:/ISIS/workspace/ycube/GlobusSatProject/..//hal/hcc/lib\libHCCD.a(fat.o)
                0x200117e8                fn_getdcwd
 .text.fn_findfirst
                0x200119c8      0x13c C:/ISIS/workspace/ycube/GlobusSatProject/..//hal/hcc/lib\libHCCD.a(fat.o)
                0x200119c8                fn_findfirst
 .text.fn_findnext
                0x20011b04      0x360 C:/ISIS/workspace/ycube/GlobusSatProject/..//hal/hcc/lib\libHCCD.a(fat.o)
                0x20011b04                fn_findnext
 .text._f_lock_resfile
                0x20011e64       0x6c C:/ISIS/workspace/ycube/GlobusSatProject/..//hal/hcc/lib\libHCCD.a(fat.o)
 .text._f_unlock_resfile
                0x20011ed0       0x40 C:/ISIS/workspace/ycube/GlobusSatProject/..//hal/hcc/lib\libHCCD.a(fat.o)
 .text._f_getintfile
                0x20011f10      0x124 C:/ISIS/workspace/ycube/GlobusSatProject/..//hal/hcc/lib\libHCCD.a(fat.o)
 .text._f_addentry
                0x20012034      0x540 C:/ISIS/workspace/ycube/GlobusSatProject/..//hal/hcc/lib\libHCCD.a(fat.o)
 .text.fn_mkdir
                0x20012574      0x75c C:/ISIS/workspace/ycube/GlobusSatProject/..//hal/hcc/lib\libHCCD.a(fat.o)
                0x20012574                fn_mkdir
 .text.fn_open_sub
                0x20012cd0     0x1698 C:/ISIS/workspace/ycube/GlobusSatProject/..//hal/hcc/lib\libHCCD.a(fat.o)
 .text.fn_open  0x20014368       0x44 C:/ISIS/workspace/ycube/GlobusSatProject/..//hal/hcc/lib\libHCCD.a(fat.o)
                0x20014368                fn_open
 .text.fn_delete
                0x200143ac      0x490 C:/ISIS/workspace/ycube/GlobusSatProject/..//hal/hcc/lib\libHCCD.a(fat.o)
                0x200143ac                fn_delete
 .text.fn_rmdir
                0x2001483c      0x5ac C:/ISIS/workspace/ycube/GlobusSatProject/..//hal/hcc/lib\libHCCD.a(fat.o)
                0x2001483c                fn_rmdir
 .text.fn_init  0x20014de8      0x2dc C:/ISIS/workspace/ycube/GlobusSatProject/..//hal/hcc/lib\libHCCD.a(fat_common.o)
                0x20014de8                fn_init
 .text.fn_start
                0x200150c4       0x1c C:/ISIS/workspace/ycube/GlobusSatProject/..//hal/hcc/lib\libHCCD.a(fat_common.o)
                0x200150c4                fn_start
 .text.fsn_delete
                0x200150e0       0xc8 C:/ISIS/workspace/ycube/GlobusSatProject/..//hal/hcc/lib\libHCCD.a(fat_common.o)
                0x200150e0                fsn_delete
 .text._f_get16bitl
                0x200151a8       0x4c C:/ISIS/workspace/ycube/GlobusSatProject/..//hal/hcc/lib\libHCCD.a(fat_common.o)
                0x200151a8                _f_get16bitl
 .text._f_set16bitl
                0x200151f4       0x54 C:/ISIS/workspace/ycube/GlobusSatProject/..//hal/hcc/lib\libHCCD.a(fat_common.o)
                0x200151f4                _f_set16bitl
 .text._f_get32bitl
                0x20015248       0x68 C:/ISIS/workspace/ycube/GlobusSatProject/..//hal/hcc/lib\libHCCD.a(fat_common.o)
                0x20015248                _f_get32bitl
 .text._f_set32bitl
                0x200152b0       0x78 C:/ISIS/workspace/ycube/GlobusSatProject/..//hal/hcc/lib\libHCCD.a(fat_common.o)
                0x200152b0                _f_set32bitl
 .text._get8bit
                0x20015328       0xa0 C:/ISIS/workspace/ycube/GlobusSatProject/..//hal/hcc/lib\libHCCD.a(fat_common.o)
 .text._get16bitl
                0x200153c8       0x40 C:/ISIS/workspace/ycube/GlobusSatProject/..//hal/hcc/lib\libHCCD.a(fat_common.o)
 .text._get32bitl
                0x20015408       0x3c C:/ISIS/workspace/ycube/GlobusSatProject/..//hal/hcc/lib\libHCCD.a(fat_common.o)
 .text._set8bitzero
                0x20015444       0x6c C:/ISIS/workspace/ycube/GlobusSatProject/..//hal/hcc/lib\libHCCD.a(fat_common.o)
 .text._set8bit
                0x200154b0       0xa0 C:/ISIS/workspace/ycube/GlobusSatProject/..//hal/hcc/lib\libHCCD.a(fat_common.o)
 .text._set16bitl
                0x20015550       0x3c C:/ISIS/workspace/ycube/GlobusSatProject/..//hal/hcc/lib\libHCCD.a(fat_common.o)
 .text._set32bitl
                0x2001558c       0x34 C:/ISIS/workspace/ycube/GlobusSatProject/..//hal/hcc/lib\libHCCD.a(fat_common.o)
 .text._f_setcardremoved
                0x200155c0       0x94 C:/ISIS/workspace/ycube/GlobusSatProject/..//hal/hcc/lib\libHCCD.a(fat_common.o)
 .text._f_checkstatus
                0x20015654      0x104 C:/ISIS/workspace/ycube/GlobusSatProject/..//hal/hcc/lib\libHCCD.a(fat_common.o)
                0x20015654                _f_checkstatus
 .text._f_drvgetphy
                0x20015758      0x114 C:/ISIS/workspace/ycube/GlobusSatProject/..//hal/hcc/lib\libHCCD.a(fat_common.o)
 .text._f_drvwritesector
                0x2001586c       0xdc C:/ISIS/workspace/ycube/GlobusSatProject/..//hal/hcc/lib\libHCCD.a(fat_common.o)
 .text._f_drvreadsector
                0x20015948       0xa8 C:/ISIS/workspace/ycube/GlobusSatProject/..//hal/hcc/lib\libHCCD.a(fat_common.o)
 .text._f_writesector
                0x200159f0      0x23c C:/ISIS/workspace/ycube/GlobusSatProject/..//hal/hcc/lib\libHCCD.a(fat_common.o)
                0x200159f0                _f_writesector
 .text._f_readsector
                0x20015c2c      0x1dc C:/ISIS/workspace/ycube/GlobusSatProject/..//hal/hcc/lib\libHCCD.a(fat_common.o)
                0x20015c2c                _f_readsector
 .text._f_getmaxcluster
                0x20015e08       0x94 C:/ISIS/workspace/ycube/GlobusSatProject/..//hal/hcc/lib\libHCCD.a(fat_common.o)
                0x20015e08                _f_getmaxcluster
 .text._getsectorfromcluster
                0x20015e9c       0x68 C:/ISIS/workspace/ycube/GlobusSatProject/..//hal/hcc/lib\libHCCD.a(fat_common.o)
 .text._f_buildsectors
                0x20015f04      0x268 C:/ISIS/workspace/ycube/GlobusSatProject/..//hal/hcc/lib\libHCCD.a(fat_common.o)
 .text._f_getbootrecord
                0x2001616c      0x5e4 C:/ISIS/workspace/ycube/GlobusSatProject/..//hal/hcc/lib\libHCCD.a(fat_common.o)
 .text._f_readbootrecord
                0x20016750      0x4f8 C:/ISIS/workspace/ycube/GlobusSatProject/..//hal/hcc/lib\libHCCD.a(fat_common.o)
 .text._f_writebootrecord
                0x20016c48      0x5e4 C:/ISIS/workspace/ycube/GlobusSatProject/..//hal/hcc/lib\libHCCD.a(fat_common.o)
 .text._f_flushcffiles
                0x2001722c      0x17c C:/ISIS/workspace/ycube/GlobusSatProject/..//hal/hcc/lib\libHCCD.a(fat_common.o)
                0x2001722c                _f_flushcffiles
 .text._f_fatcache_flush
                0x200173a8      0x270 C:/ISIS/workspace/ycube/GlobusSatProject/..//hal/hcc/lib\libHCCD.a(fat_common.o)
                0x200173a8                _f_fatcache_flush
 .text._f_writefatsector
                0x20017618      0x100 C:/ISIS/workspace/ycube/GlobusSatProject/..//hal/hcc/lib\libHCCD.a(fat_common.o)
                0x20017618                _f_writefatsector
 .text._f_getfatsector
                0x20017718      0x3bc C:/ISIS/workspace/ycube/GlobusSatProject/..//hal/hcc/lib\libHCCD.a(fat_common.o)
 .text._f_setclustervalue
                0x20017ad4      0x490 C:/ISIS/workspace/ycube/GlobusSatProject/..//hal/hcc/lib\libHCCD.a(fat_common.o)
                0x20017ad4                _f_setclustervalue
 .text._f_getclustervalue
                0x20017f64      0x388 C:/ISIS/workspace/ycube/GlobusSatProject/..//hal/hcc/lib\libHCCD.a(fat_common.o)
                0x20017f64                _f_getclustervalue
 .text._f_close_drive_files
                0x200182ec       0xac C:/ISIS/workspace/ycube/GlobusSatProject/..//hal/hcc/lib\libHCCD.a(fat_common.o)
 .text._f_inc_mount_count
                0x20018398       0xa4 C:/ISIS/workspace/ycube/GlobusSatProject/..//hal/hcc/lib\libHCCD.a(fat_common.o)
 .text._f_getvolume
                0x2001843c      0x2f8 C:/ISIS/workspace/ycube/GlobusSatProject/..//hal/hcc/lib\libHCCD.a(fat_common.o)
                0x2001843c                _f_getvolume
 .text.fn_createdriver
                0x20018734      0x118 C:/ISIS/workspace/ycube/GlobusSatProject/..//hal/hcc/lib\libHCCD.a(fat_common.o)
                0x20018734                fn_createdriver
 .text.fn_initvolume
                0x2001884c      0x12c C:/ISIS/workspace/ycube/GlobusSatProject/..//hal/hcc/lib\libHCCD.a(fat_common.o)
                0x2001884c                fn_initvolume
 .text.fn_releasedriver
                0x20018978       0xf4 C:/ISIS/workspace/ycube/GlobusSatProject/..//hal/hcc/lib\libHCCD.a(fat_common.o)
                0x20018978                fn_releasedriver
 .text.fn_initvolumepartition_sub
                0x20018a6c       0xe0 C:/ISIS/workspace/ycube/GlobusSatProject/..//hal/hcc/lib\libHCCD.a(fat_common.o)
 .text.fn_initvolumepartition
                0x20018b4c       0xac C:/ISIS/workspace/ycube/GlobusSatProject/..//hal/hcc/lib\libHCCD.a(fat_common.o)
                0x20018b4c                fn_initvolumepartition
 .text.fn_delvolume
                0x20018bf8      0x194 C:/ISIS/workspace/ycube/GlobusSatProject/..//hal/hcc/lib\libHCCD.a(fat_common.o)
                0x20018bf8                fn_delvolume
 .text._f_clustertopos
                0x20018d8c       0xf8 C:/ISIS/workspace/ycube/GlobusSatProject/..//hal/hcc/lib\libHCCD.a(fat_common.o)
                0x20018d8c                _f_clustertopos
 .text._f_prepareformat
                0x20018e84      0x8b8 C:/ISIS/workspace/ycube/GlobusSatProject/..//hal/hcc/lib\libHCCD.a(fat_common.o)
 .text._f_resetfatentries
                0x2001973c      0x410 C:/ISIS/workspace/ycube/GlobusSatProject/..//hal/hcc/lib\libHCCD.a(fat_common.o)
 .text._f_resetrootdir
                0x20019b4c       0xcc C:/ISIS/workspace/ycube/GlobusSatProject/..//hal/hcc/lib\libHCCD.a(fat_common.o)
 .text._f_postformat
                0x20019c18      0x178 C:/ISIS/workspace/ycube/GlobusSatProject/..//hal/hcc/lib\libHCCD.a(fat_common.o)
 .text.fn_format
                0x20019d90      0x148 C:/ISIS/workspace/ycube/GlobusSatProject/..//hal/hcc/lib\libHCCD.a(fat_common.o)
                0x20019d90                fn_format
 .text._f_getcurrsector
                0x20019ed8      0x6c8 C:/ISIS/workspace/ycube/GlobusSatProject/..//hal/hcc/lib\libHCCD.a(fat_common.o)
                0x20019ed8                _f_getcurrsector
 .text._f_getdecluster
                0x2001a5a0       0x90 C:/ISIS/workspace/ycube/GlobusSatProject/..//hal/hcc/lib\libHCCD.a(fat_common.o)
                0x2001a5a0                _f_getdecluster
 .text._f_setdecluster
                0x2001a630       0x8c C:/ISIS/workspace/ycube/GlobusSatProject/..//hal/hcc/lib\libHCCD.a(fat_common.o)
                0x2001a630                _f_setdecluster
 .text.fn_getdrive
                0x2001a6bc       0x30 C:/ISIS/workspace/ycube/GlobusSatProject/..//hal/hcc/lib\libHCCD.a(fat_common.o)
                0x2001a6bc                fn_getdrive
 .text._f_getcurrenttimedate
                0x2001a6ec      0x138 C:/ISIS/workspace/ycube/GlobusSatProject/..//hal/hcc/lib\libHCCD.a(fat_common.o)
                0x2001a6ec                _f_getcurrenttimedate
 .text._f_initentry
                0x2001a824       0xa0 C:/ISIS/workspace/ycube/GlobusSatProject/..//hal/hcc/lib\libHCCD.a(fat_common.o)
                0x2001a824                _f_initentry
 .text._f_alloccluster
                0x2001a8c4      0x344 C:/ISIS/workspace/ycube/GlobusSatProject/..//hal/hcc/lib\libHCCD.a(fat_common.o)
                0x2001a8c4                _f_alloccluster
 .text._f_dobadblock
                0x2001ac08      0x2cc C:/ISIS/workspace/ycube/GlobusSatProject/..//hal/hcc/lib\libHCCD.a(fat_common.o)
                0x2001ac08                _f_dobadblock
 .text._f_checklocked
                0x2001aed4       0xe4 C:/ISIS/workspace/ycube/GlobusSatProject/..//hal/hcc/lib\libHCCD.a(fat_common.o)
                0x2001aed4                _f_checklocked
 .text._f_checkappendlocked
                0x2001afb8      0x110 C:/ISIS/workspace/ycube/GlobusSatProject/..//hal/hcc/lib\libHCCD.a(fat_common.o)
                0x2001afb8                _f_checkappendlocked
 .text._f_setsyncafile
                0x2001b0c8      0x114 C:/ISIS/workspace/ycube/GlobusSatProject/..//hal/hcc/lib\libHCCD.a(fat_common.o)
                0x2001b0c8                _f_setsyncafile
 .text._f_syncfiles
                0x2001b1dc      0x128 C:/ISIS/workspace/ycube/GlobusSatProject/..//hal/hcc/lib\libHCCD.a(fat_common.o)
                0x2001b1dc                _f_syncfiles
 .text._f_syncfilescontent
                0x2001b304      0x15c C:/ISIS/workspace/ycube/GlobusSatProject/..//hal/hcc/lib\libHCCD.a(fat_common.o)
 .text.fn_getfreespace
                0x2001b460      0x4c0 C:/ISIS/workspace/ycube/GlobusSatProject/..//hal/hcc/lib\libHCCD.a(fat_common.o)
                0x2001b460                fn_getfreespace
 .text._f_emptywritecache
                0x2001b920      0x4a4 C:/ISIS/workspace/ycube/GlobusSatProject/..//hal/hcc/lib\libHCCD.a(fat_common.o)
 .text._f_allocnextcluster
                0x2001bdc4      0x54c C:/ISIS/workspace/ycube/GlobusSatProject/..//hal/hcc/lib\libHCCD.a(fat_common.o)
 .text._f_emptywritebuffer
                0x2001c310      0x20c C:/ISIS/workspace/ycube/GlobusSatProject/..//hal/hcc/lib\libHCCD.a(fat_common.o)
 .text._f_writezeros
                0x2001c51c       0xf0 C:/ISIS/workspace/ycube/GlobusSatProject/..//hal/hcc/lib\libHCCD.a(fat_common.o)
                0x2001c51c                _f_writezeros
 .text._f_extend_file
                0x2001c60c      0x570 C:/ISIS/workspace/ycube/GlobusSatProject/..//hal/hcc/lib\libHCCD.a(fat_common.o)
 .text._f_fseek
                0x2001cb7c      0x9bc C:/ISIS/workspace/ycube/GlobusSatProject/..//hal/hcc/lib\libHCCD.a(fat_common.o)
                0x2001cb7c                _f_fseek
 .text._f_removechain
                0x2001d538      0x104 C:/ISIS/workspace/ycube/GlobusSatProject/..//hal/hcc/lib\libHCCD.a(fat_common.o)
                0x2001d538                _f_removechain
 .text._f_updatefileentry
                0x2001d63c      0x1cc C:/ISIS/workspace/ycube/GlobusSatProject/..//hal/hcc/lib\libHCCD.a(fat_common.o)
 .text._f_checkreadlocked
                0x2001d808      0x1bc C:/ISIS/workspace/ycube/GlobusSatProject/..//hal/hcc/lib\libHCCD.a(fat_common.o)
                0x2001d808                _f_checkreadlocked
 .text._f_check_handle
                0x2001d9c4       0x98 C:/ISIS/workspace/ycube/GlobusSatProject/..//hal/hcc/lib\libHCCD.a(fat_common.o)
                0x2001d9c4                _f_check_handle
 .text._f_removesyncafile
                0x2001da5c      0x1ec C:/ISIS/workspace/ycube/GlobusSatProject/..//hal/hcc/lib\libHCCD.a(fat_common.o)
 .text.fn_close
                0x2001dc48      0x3f8 C:/ISIS/workspace/ycube/GlobusSatProject/..//hal/hcc/lib\libHCCD.a(fat_common.o)
                0x2001dc48                fn_close
 .text.fn_flush
                0x2001e040      0x374 C:/ISIS/workspace/ycube/GlobusSatProject/..//hal/hcc/lib\libHCCD.a(fat_common.o)
                0x2001e040                fn_flush
 .text.fn_read  0x2001e3b4      0x690 C:/ISIS/workspace/ycube/GlobusSatProject/..//hal/hcc/lib\libHCCD.a(fat_common.o)
                0x2001e3b4                fn_read
 .text._f_abortwrite
                0x2001ea44      0x100 C:/ISIS/workspace/ycube/GlobusSatProject/..//hal/hcc/lib\libHCCD.a(fat_common.o)
 .text._f_checkwritecluster
                0x2001eb44       0xe4 C:/ISIS/workspace/ycube/GlobusSatProject/..//hal/hcc/lib\libHCCD.a(fat_common.o)
 .text.fn_write
                0x2001ec28      0x8a8 C:/ISIS/workspace/ycube/GlobusSatProject/..//hal/hcc/lib\libHCCD.a(fat_common.o)
                0x2001ec28                fn_write
 .text.fn_seek  0x2001f4d0      0x270 C:/ISIS/workspace/ycube/GlobusSatProject/..//hal/hcc/lib\libHCCD.a(fat_common.o)
                0x2001f4d0                fn_seek
 .text.fn_tell  0x2001f740      0x19c C:/ISIS/workspace/ycube/GlobusSatProject/..//hal/hcc/lib\libHCCD.a(fat_common.o)
                0x2001f740                fn_tell
 .text.fn_rewind
                0x2001f8dc       0x38 C:/ISIS/workspace/ycube/GlobusSatProject/..//hal/hcc/lib\libHCCD.a(fat_common.o)
                0x2001f8dc                fn_rewind
 .text.fn_putc  0x2001f914       0x68 C:/ISIS/workspace/ycube/GlobusSatProject/..//hal/hcc/lib\libHCCD.a(fat_common.o)
                0x2001f914                fn_putc
 .text.f_enterFS
                0x2001f97c      0x1c0 C:/ISIS/workspace/ycube/GlobusSatProject/..//hal/hcc/lib\libHCCD.a(fat_common.o)
                0x2001f97c                f_enterFS
 .text.f_releaseFS
                0x2001fb3c       0xb0 C:/ISIS/workspace/ycube/GlobusSatProject/..//hal/hcc/lib\libHCCD.a(fat_common.o)
                0x2001fb3c                f_releaseFS
 .text.fnGetTask
                0x2001fbec       0xfc C:/ISIS/workspace/ycube/GlobusSatProject/..//hal/hcc/lib\libHCCD.a(fat_common.o)
                0x2001fbec                fnGetTask
 .text._f_mutex_get
                0x2001fce8       0x98 C:/ISIS/workspace/ycube/GlobusSatProject/..//hal/hcc/lib\libHCCD.a(fat_common.o)
                0x2001fce8                _f_mutex_get
 .text._f_mutex_put
                0x2001fd80       0x54 C:/ISIS/workspace/ycube/GlobusSatProject/..//hal/hcc/lib\libHCCD.a(fat_common.o)
                0x2001fd80                _f_mutex_put
 .text._fn_initseekdivisor
                0x2001fdd4      0x158 C:/ISIS/workspace/ycube/GlobusSatProject/..//hal/hcc/lib\libHCCD.a(fat_common.o)
                0x2001fdd4                _fn_initseekdivisor
 .text._fn_updateseekpos
                0x2001ff2c       0xc4 C:/ISIS/workspace/ycube/GlobusSatProject/..//hal/hcc/lib\libHCCD.a(fat_common.o)
 .text._f_findopensize
                0x2001fff0       0x2c C:/ISIS/workspace/ycube/GlobusSatProject/..//hal/hcc/lib\libHCCD.a(fat_common.o)
                0x2001fff0                _f_findopensize
 .text.fn_setlasterror
                0x2002001c       0x34 C:/ISIS/workspace/ycube/GlobusSatProject/..//hal/hcc/lib\libHCCD.a(fat_common.o)
                0x2002001c                fn_setlasterror
 .text.fn_setlasterror_noret
                0x20020050       0x2c C:/ISIS/workspace/ycube/GlobusSatProject/..//hal/hcc/lib\libHCCD.a(fat_common.o)
                0x20020050                fn_setlasterror_noret
 .text._s_checkzeroclusteratend
                0x2002007c       0xf8 C:/ISIS/workspace/ycube/GlobusSatProject/..//hal/hcc/lib\libHCCD.a(safefat.o)
 .text._s_clearclustercontent
                0x20020174      0x108 C:/ISIS/workspace/ycube/GlobusSatProject/..//hal/hcc/lib\libHCCD.a(safefat.o)
 .text._s_clearclustercontentdir
                0x2002027c      0x19c C:/ISIS/workspace/ycube/GlobusSatProject/..//hal/hcc/lib\libHCCD.a(safefat.o)
 .text._s_writedirsector
                0x20020418       0xd0 C:/ISIS/workspace/ycube/GlobusSatProject/..//hal/hcc/lib\libHCCD.a(safefat.o)
 .text._s_getdirsector
                0x200204e8      0x100 C:/ISIS/workspace/ycube/GlobusSatProject/..//hal/hcc/lib\libHCCD.a(safefat.o)
 .text._s_addentry
                0x200205e8      0x394 C:/ISIS/workspace/ycube/GlobusSatProject/..//hal/hcc/lib\libHCCD.a(safefat.o)
 .text._s_findfile
                0x2002097c      0x33c C:/ISIS/workspace/ycube/GlobusSatProject/..//hal/hcc/lib\libHCCD.a(safefat.o)
 .text._s_findsubdir
                0x20020cb8      0x248 C:/ISIS/workspace/ycube/GlobusSatProject/..//hal/hcc/lib\libHCCD.a(safefat.o)
 .text._s_createfile
                0x20020f00      0x190 C:/ISIS/workspace/ycube/GlobusSatProject/..//hal/hcc/lib\libHCCD.a(safefat.o)
 .text._s_findsaffile
                0x20021090      0x1b8 C:/ISIS/workspace/ycube/GlobusSatProject/..//hal/hcc/lib\libHCCD.a(safefat.o)
 .text._s_open  0x20021248       0xe4 C:/ISIS/workspace/ycube/GlobusSatProject/..//hal/hcc/lib\libHCCD.a(safefat.o)
 .text._s_open_saf
                0x2002132c       0xe8 C:/ISIS/workspace/ycube/GlobusSatProject/..//hal/hcc/lib\libHCCD.a(safefat.o)
 .text._s_flush
                0x20021414       0x84 C:/ISIS/workspace/ycube/GlobusSatProject/..//hal/hcc/lib\libHCCD.a(safefat.o)
 .text._s_allocnextcluster
                0x20021498      0x13c C:/ISIS/workspace/ycube/GlobusSatProject/..//hal/hcc/lib\libHCCD.a(safefat.o)
 .text._s_getnextsector
                0x200215d4       0xdc C:/ISIS/workspace/ycube/GlobusSatProject/..//hal/hcc/lib\libHCCD.a(safefat.o)
 .text._s_seek  0x200216b0      0x1e8 C:/ISIS/workspace/ycube/GlobusSatProject/..//hal/hcc/lib\libHCCD.a(safefat.o)
 .text._s_get_len
                0x20021898      0x10c C:/ISIS/workspace/ycube/GlobusSatProject/..//hal/hcc/lib\libHCCD.a(safefat.o)
 .text._s_set_len
                0x200219a4       0xb4 C:/ISIS/workspace/ycube/GlobusSatProject/..//hal/hcc/lib\libHCCD.a(safefat.o)
 .text.safe_fix_filelengths
                0x20021a58       0xcc C:/ISIS/workspace/ycube/GlobusSatProject/..//hal/hcc/lib\libHCCD.a(safefat.o)
                0x20021a58                safe_fix_filelengths
 .text._s_read  0x20021b24      0x228 C:/ISIS/workspace/ycube/GlobusSatProject/..//hal/hcc/lib\libHCCD.a(safefat.o)
 .text._s_write
                0x20021d4c      0x384 C:/ISIS/workspace/ycube/GlobusSatProject/..//hal/hcc/lib\libHCCD.a(safefat.o)
 .text._s_restoreclusters
                0x200220d0      0x270 C:/ISIS/workspace/ycube/GlobusSatProject/..//hal/hcc/lib\libHCCD.a(safefat.o)
                0x200220d0                _s_restoreclusters
 .text._s_findrestore
                0x20022340      0x18c C:/ISIS/workspace/ycube/GlobusSatProject/..//hal/hcc/lib\libHCCD.a(safefat.o)
 .text._s_cmd_writede
                0x200224cc       0xd8 C:/ISIS/workspace/ycube/GlobusSatProject/..//hal/hcc/lib\libHCCD.a(safefat.o)
 .text._s_cmd_setcluster
                0x200225a4       0x88 C:/ISIS/workspace/ycube/GlobusSatProject/..//hal/hcc/lib\libHCCD.a(safefat.o)
 .text._s_cmd_deletechain
                0x2002262c      0x100 C:/ISIS/workspace/ycube/GlobusSatProject/..//hal/hcc/lib\libHCCD.a(safefat.o)
 .text._s_cmd_validatecfn
                0x2002272c      0x308 C:/ISIS/workspace/ycube/GlobusSatProject/..//hal/hcc/lib\libHCCD.a(safefat.o)
 .text._s_cmd_seteof
                0x20022a34      0x3c4 C:/ISIS/workspace/ycube/GlobusSatProject/..//hal/hcc/lib\libHCCD.a(safefat.o)
 .text.safe_docommands
                0x20022df8      0x56c C:/ISIS/workspace/ycube/GlobusSatProject/..//hal/hcc/lib\libHCCD.a(safefat.o)
                0x20022df8                safe_docommands
 .text.safe_entercommand
                0x20023364       0x68 C:/ISIS/workspace/ycube/GlobusSatProject/..//hal/hcc/lib\libHCCD.a(safefat.o)
                0x20023364                safe_entercommand
 .text.safe_ready
                0x200233cc       0xf4 C:/ISIS/workspace/ycube/GlobusSatProject/..//hal/hcc/lib\libHCCD.a(safefat.o)
                0x200233cc                safe_ready
 .text.safe_copycfn
                0x200234c0       0xb8 C:/ISIS/workspace/ycube/GlobusSatProject/..//hal/hcc/lib\libHCCD.a(safefat.o)
                0x200234c0                safe_copycfn
 .text.safe_cfremove
                0x20023578       0xb8 C:/ISIS/workspace/ycube/GlobusSatProject/..//hal/hcc/lib\libHCCD.a(safefat.o)
                0x20023578                safe_cfremove
 .text.safe_writede
                0x20023630      0x104 C:/ISIS/workspace/ycube/GlobusSatProject/..//hal/hcc/lib\libHCCD.a(safefat.o)
                0x20023630                safe_writede
 .text.safe_setcluster
                0x20023734       0xcc C:/ISIS/workspace/ycube/GlobusSatProject/..//hal/hcc/lib\libHCCD.a(safefat.o)
                0x20023734                safe_setcluster
 .text.safe_deletechain
                0x20023800      0x1c8 C:/ISIS/workspace/ycube/GlobusSatProject/..//hal/hcc/lib\libHCCD.a(safefat.o)
                0x20023800                safe_deletechain
 .text.safe_cfclose
                0x200239c8      0x104 C:/ISIS/workspace/ycube/GlobusSatProject/..//hal/hcc/lib\libHCCD.a(safefat.o)
                0x200239c8                safe_cfclose
 .text.safe_cfflush
                0x20023acc      0x124 C:/ISIS/workspace/ycube/GlobusSatProject/..//hal/hcc/lib\libHCCD.a(safefat.o)
                0x20023acc                safe_cfflush
 .text.safe_reset
                0x20023bf0       0x78 C:/ISIS/workspace/ycube/GlobusSatProject/..//hal/hcc/lib\libHCCD.a(safefat.o)
                0x20023bf0                safe_reset
 .text.safe_loadcommands
                0x20023c68       0x78 C:/ISIS/workspace/ycube/GlobusSatProject/..//hal/hcc/lib\libHCCD.a(safefat.o)
                0x20023c68                safe_loadcommands
 .text.safe_poweron
                0x20023ce0      0x1fc C:/ISIS/workspace/ycube/GlobusSatProject/..//hal/hcc/lib\libHCCD.a(safefat.o)
                0x20023ce0                safe_poweron
 .text.cf_getname
                0x20023edc       0xc0 C:/ISIS/workspace/ycube/GlobusSatProject/..//hal/hcc/lib\libHCCD.a(safefat.o)
 .text.cf_copyclusterchain
                0x20023f9c      0x138 C:/ISIS/workspace/ycube/GlobusSatProject/..//hal/hcc/lib\libHCCD.a(safefat.o)
 .text.cf_seektozero
                0x200240d4       0x94 C:/ISIS/workspace/ycube/GlobusSatProject/..//hal/hcc/lib\libHCCD.a(safefat.o)
                0x200240d4                cf_seektozero
 .text.cf_create
                0x20024168      0x3a8 C:/ISIS/workspace/ycube/GlobusSatProject/..//hal/hcc/lib\libHCCD.a(safefat.o)
                0x20024168                cf_create
 .text.cf_copyclustercontent
                0x20024510      0x128 C:/ISIS/workspace/ycube/GlobusSatProject/..//hal/hcc/lib\libHCCD.a(safefat.o)
                0x20024510                cf_copyclustercontent
 .text.cf_copycfn
                0x20024638      0x4bc C:/ISIS/workspace/ycube/GlobusSatProject/..//hal/hcc/lib\libHCCD.a(safefat.o)
                0x20024638                cf_copycfn
 .text.cf_remove
                0x20024af4      0x344 C:/ISIS/workspace/ycube/GlobusSatProject/..//hal/hcc/lib\libHCCD.a(safefat.o)
                0x20024af4                cf_remove
 .text.cf_setclusternew
                0x20024e38       0xf0 C:/ISIS/workspace/ycube/GlobusSatProject/..//hal/hcc/lib\libHCCD.a(safefat.o)
                0x20024e38                cf_setclusternew
 .text.cf_flush
                0x20024f28       0x58 C:/ISIS/workspace/ycube/GlobusSatProject/..//hal/hcc/lib\libHCCD.a(safefat.o)
                0x20024f28                cf_flush
 .text.cf_getcluster
                0x20024f80      0x1b4 C:/ISIS/workspace/ycube/GlobusSatProject/..//hal/hcc/lib\libHCCD.a(safefat.o)
                0x20024f80                cf_getcluster
 .text.cf_setnextcluster
                0x20025134      0x194 C:/ISIS/workspace/ycube/GlobusSatProject/..//hal/hcc/lib\libHCCD.a(safefat.o)
                0x20025134                cf_setnextcluster
 .text.cf_getpositions
                0x200252c8       0xbc C:/ISIS/workspace/ycube/GlobusSatProject/..//hal/hcc/lib\libHCCD.a(safefat.o)
                0x200252c8                cf_getpositions
 .text.cf_setpositions
                0x20025384       0xb0 C:/ISIS/workspace/ycube/GlobusSatProject/..//hal/hcc/lib\libHCCD.a(safefat.o)
                0x20025384                cf_setpositions
 .text.cf_opensyncafile
                0x20025434      0x150 C:/ISIS/workspace/ycube/GlobusSatProject/..//hal/hcc/lib\libHCCD.a(safefat.o)
                0x20025434                cf_opensyncafile
 .text.cf_reloadcfo
                0x20025584       0xd8 C:/ISIS/workspace/ycube/GlobusSatProject/..//hal/hcc/lib\libHCCD.a(safefat.o)
                0x20025584                cf_reloadcfo
 .text.mcipdc_cmd
                0x2002565c      0x22c C:/ISIS/workspace/ycube/GlobusSatProject/..//hal/hcc/lib\libHCCD.a(atmel_mcipdc.o)
 .text.mcipdc_stop
                0x20025888       0xfc C:/ISIS/workspace/ycube/GlobusSatProject/..//hal/hcc/lib\libHCCD.a(atmel_mcipdc.o)
                0x20025888                mcipdc_stop
 .text.mcipdc_read
                0x20025984      0x27c C:/ISIS/workspace/ycube/GlobusSatProject/..//hal/hcc/lib\libHCCD.a(atmel_mcipdc.o)
 .text.mcipdc_write
                0x20025c00      0x298 C:/ISIS/workspace/ycube/GlobusSatProject/..//hal/hcc/lib\libHCCD.a(atmel_mcipdc.o)
 .text.mcipdc_readsector
                0x20025e98       0x9c C:/ISIS/workspace/ycube/GlobusSatProject/..//hal/hcc/lib\libHCCD.a(atmel_mcipdc.o)
                0x20025e98                mcipdc_readsector
 .text.mcipdc_readmultiplesector
                0x20025f34      0x124 C:/ISIS/workspace/ycube/GlobusSatProject/..//hal/hcc/lib\libHCCD.a(atmel_mcipdc.o)
                0x20025f34                mcipdc_readmultiplesector
 .text.mcipdc_writesector
                0x20026058       0x90 C:/ISIS/workspace/ycube/GlobusSatProject/..//hal/hcc/lib\libHCCD.a(atmel_mcipdc.o)
                0x20026058                mcipdc_writesector
 .text.mcipdc_writemultiplesector
                0x200260e8      0x120 C:/ISIS/workspace/ycube/GlobusSatProject/..//hal/hcc/lib\libHCCD.a(atmel_mcipdc.o)
                0x200260e8                mcipdc_writemultiplesector
 .text.mcipdc_set_speed
                0x20026208       0xb0 C:/ISIS/workspace/ycube/GlobusSatProject/..//hal/hcc/lib\libHCCD.a(atmel_mcipdc.o)
 .text.mcipdc_get_speed
                0x200262b8       0x48 C:/ISIS/workspace/ycube/GlobusSatProject/..//hal/hcc/lib\libHCCD.a(atmel_mcipdc.o)
 .text._get_csd_bits
                0x20026300      0x14c C:/ISIS/workspace/ycube/GlobusSatProject/..//hal/hcc/lib\libHCCD.a(atmel_mcipdc.o)
 .text.mcipdc_initcard
                0x2002644c      0x8f4 C:/ISIS/workspace/ycube/GlobusSatProject/..//hal/hcc/lib\libHCCD.a(atmel_mcipdc.o)
 .text.mcipdc_getstatus
                0x20026d40       0xe8 C:/ISIS/workspace/ycube/GlobusSatProject/..//hal/hcc/lib\libHCCD.a(atmel_mcipdc.o)
 .text.mcipdc_getphy
                0x20026e28       0x90 C:/ISIS/workspace/ycube/GlobusSatProject/..//hal/hcc/lib\libHCCD.a(atmel_mcipdc.o)
 .text.mcipdc_release
                0x20026eb8       0x50 C:/ISIS/workspace/ycube/GlobusSatProject/..//hal/hcc/lib\libHCCD.a(atmel_mcipdc.o)
 .text.atmel_mcipdc_initfunc
                0x20026f08      0x160 C:/ISIS/workspace/ycube/GlobusSatProject/..//hal/hcc/lib\libHCCD.a(atmel_mcipdc.o)
                0x20026f08                atmel_mcipdc_initfunc
 .text.oal_task_get_id
                0x20027068       0x18 C:/ISIS/workspace/ycube/GlobusSatProject/..//hal/hcc/lib\libHCCD.a(oalp_task.o)
                0x20027068                oal_task_get_id
 .text.oal_mutex_create
                0x20027080       0x54 C:/ISIS/workspace/ycube/GlobusSatProject/..//hal/hcc/lib\libHCCD.a(oalp_mutex.o)
                0x20027080                oal_mutex_create
 .text.oal_mutex_delete
                0x200270d4       0x30 C:/ISIS/workspace/ycube/GlobusSatProject/..//hal/hcc/lib\libHCCD.a(oalp_mutex.o)
                0x200270d4                oal_mutex_delete
 .text.oal_mutex_get
                0x20027104       0x58 C:/ISIS/workspace/ycube/GlobusSatProject/..//hal/hcc/lib\libHCCD.a(oalp_mutex.o)
                0x20027104                oal_mutex_get
 .text.oal_mutex_put
                0x2002715c       0x58 C:/ISIS/workspace/ycube/GlobusSatProject/..//hal/hcc/lib\libHCCD.a(oalp_mutex.o)
                0x2002715c                oal_mutex_put
 .text.mcipdc_hw_init
                0x200271b4       0xe8 C:/ISIS/workspace/ycube/GlobusSatProject/..//hal/hcc/lib\libHCCD.a(atmel_mcipdc_hw.o)
                0x200271b4                mcipdc_hw_init
 .text.mcipdc_hw_delete
                0x2002729c       0x78 C:/ISIS/workspace/ycube/GlobusSatProject/..//hal/hcc/lib\libHCCD.a(atmel_mcipdc_hw.o)
                0x2002729c                mcipdc_hw_delete
 .text.mcipdc_hw_card_plugged
                0x20027314       0x1c C:/ISIS/workspace/ycube/GlobusSatProject/..//hal/hcc/lib\libHCCD.a(atmel_mcipdc_hw.o)
                0x20027314                mcipdc_hw_card_plugged
 .text.mcipdc_hw_card_writeprotect
                0x20027330       0x1c C:/ISIS/workspace/ycube/GlobusSatProject/..//hal/hcc/lib\libHCCD.a(atmel_mcipdc_hw.o)
                0x20027330                mcipdc_hw_card_writeprotect
 .text.psp_getrand
                0x2002734c      0x14c C:/ISIS/workspace/ycube/GlobusSatProject/..//hal/hcc/lib\libHCCD.a(psp_rand.o)
                0x2002734c                psp_getrand
 .text.psp_getcurrenttimedate
                0x20027498       0x8c C:/ISIS/workspace/ycube/GlobusSatProject/..//hal/hcc/lib\libHCCD.a(psp_rtc.o)
                0x20027498                psp_getcurrenttimedate
 .text._hcc_get_buf_dsc
                0x20027524       0x8c C:/ISIS/workspace/ycube/GlobusSatProject/..//hal/hcc/lib\libHCCD.a(hcc_mem.o)
 .text._hcc_check_free_pages
                0x200275b0      0x18c C:/ISIS/workspace/ycube/GlobusSatProject/..//hal/hcc/lib\libHCCD.a(hcc_mem.o)
 .text._hcc_mark_pages
                0x2002773c      0x158 C:/ISIS/workspace/ycube/GlobusSatProject/..//hal/hcc/lib\libHCCD.a(hcc_mem.o)
 .text._hcc_clear_lock_dsc
                0x20027894       0x80 C:/ISIS/workspace/ycube/GlobusSatProject/..//hal/hcc/lib\libHCCD.a(hcc_mem.o)
 .text._hcc_lock_access
                0x20027914      0x128 C:/ISIS/workspace/ycube/GlobusSatProject/..//hal/hcc/lib\libHCCD.a(hcc_mem.o)
 .text._hcc_unlock_access
                0x20027a3c       0x30 C:/ISIS/workspace/ycube/GlobusSatProject/..//hal/hcc/lib\libHCCD.a(hcc_mem.o)
 .text.hcc_mem_alloc
                0x20027a6c      0x454 C:/ISIS/workspace/ycube/GlobusSatProject/..//hal/hcc/lib\libHCCD.a(hcc_mem.o)
                0x20027a6c                hcc_mem_alloc
 .text.hcc_mem_free
                0x20027ec0      0x178 C:/ISIS/workspace/ycube/GlobusSatProject/..//hal/hcc/lib\libHCCD.a(hcc_mem.o)
                0x20027ec0                hcc_mem_free
 .text.hcc_mem_add
                0x20028038      0x3b0 C:/ISIS/workspace/ycube/GlobusSatProject/..//hal/hcc/lib\libHCCD.a(hcc_mem.o)
                0x20028038                hcc_mem_add
 .text.hcc_mem_init
                0x200283e8      0x164 C:/ISIS/workspace/ycube/GlobusSatProject/..//hal/hcc/lib\libHCCD.a(hcc_mem.o)
                0x200283e8                hcc_mem_init
 .text.hcc_mem_delete
                0x2002854c       0x94 C:/ISIS/workspace/ycube/GlobusSatProject/..//hal/hcc/lib\libHCCD.a(hcc_mem.o)
                0x2002854c                hcc_mem_delete
 .text.hcc_mem_buf_alloc
                0x200285e0       0xe4 C:/ISIS/workspace/ycube/GlobusSatProject/..//hal/hcc/lib\libHCCD.a(psp_hcc_mem.o)
                0x200285e0                hcc_mem_buf_alloc
 .text.hcc_mem_buf_free
                0x200286c4       0x6c C:/ISIS/workspace/ycube/GlobusSatProject/..//hal/hcc/lib\libHCCD.a(psp_hcc_mem.o)
                0x200286c4                hcc_mem_buf_free
 .text.IsisSolarPanelv2_initialize
                0x20028730      0x118 C:/ISIS/workspace/ycube/GlobusSatProject/..//satellite-subsystems/satellite-subsystems/lib\libSatelliteSubsystemsD.a(IsisSolarPanelv2.o)
                0x20028730                IsisSolarPanelv2_initialize
 .text.IsisSolarPanelv2_getTemperature
                0x20028848       0xfc C:/ISIS/workspace/ycube/GlobusSatProject/..//satellite-subsystems/satellite-subsystems/lib\libSatelliteSubsystemsD.a(IsisSolarPanelv2.o)
                0x20028848                IsisSolarPanelv2_getTemperature
 .text._Reset   0x20028944       0x20 C:/ISIS/workspace/ycube/GlobusSatProject/..//satellite-subsystems/satellite-subsystems/lib\libSatelliteSubsystemsD.a(IsisSolarPanelv2.o)
 .text._WaitForStartup
                0x20028964       0xa0 C:/ISIS/workspace/ycube/GlobusSatProject/..//satellite-subsystems/satellite-subsystems/lib\libSatelliteSubsystemsD.a(IsisSolarPanelv2.o)
 .text._AssignAllChannels
                0x20028a04       0x90 C:/ISIS/workspace/ycube/GlobusSatProject/..//satellite-subsystems/satellite-subsystems/lib\libSatelliteSubsystemsD.a(IsisSolarPanelv2.o)
 .text._AssignThisChannel
                0x20028a94       0xe8 C:/ISIS/workspace/ycube/GlobusSatProject/..//satellite-subsystems/satellite-subsystems/lib\libSatelliteSubsystemsD.a(IsisSolarPanelv2.o)
 .text._InitiateConversion
                0x20028b7c       0xac C:/ISIS/workspace/ycube/GlobusSatProject/..//satellite-subsystems/satellite-subsystems/lib\libSatelliteSubsystemsD.a(IsisSolarPanelv2.o)
 .text._WaitForConversionComplete
                0x20028c28      0x110 C:/ISIS/workspace/ycube/GlobusSatProject/..//satellite-subsystems/satellite-subsystems/lib\libSatelliteSubsystemsD.a(IsisSolarPanelv2.o)
 .text._ReadResult
                0x20028d38      0x158 C:/ISIS/workspace/ycube/GlobusSatProject/..//satellite-subsystems/satellite-subsystems/lib\libSatelliteSubsystemsD.a(IsisSolarPanelv2.o)
 .text._ExtractByte
                0x20028e90       0x38 C:/ISIS/workspace/ycube/GlobusSatProject/..//satellite-subsystems/satellite-subsystems/lib\libSatelliteSubsystemsD.a(IsisSolarPanelv2.o)
 .text._ExtendSign
                0x20028ec8       0x6c C:/ISIS/workspace/ycube/GlobusSatProject/..//satellite-subsystems/satellite-subsystems/lib\libSatelliteSubsystemsD.a(IsisSolarPanelv2.o)
 .text._PinsInit
                0x20028f34       0x68 C:/ISIS/workspace/ycube/GlobusSatProject/..//satellite-subsystems/satellite-subsystems/lib\libSatelliteSubsystemsD.a(IsisSolarPanelv2.o)
 .text._SpiWriteRead
                0x20028f9c       0x70 C:/ISIS/workspace/ycube/GlobusSatProject/..//satellite-subsystems/satellite-subsystems/lib\libSatelliteSubsystemsD.a(IsisSolarPanelv2.o)
 .text.ISIS_ANTS_REV2_Init
                0x2002900c       0xc4 C:/ISIS/workspace/ycube/GlobusSatProject/..//satellite-subsystems/satellite-subsystems/lib\libSatelliteSubsystemsD.a(isis_ants_rev2.o)
                0x2002900c                ISIS_ANTS_REV2_Init
 .text.isis_ants_rev2__arm
                0x200290d0       0x98 C:/ISIS/workspace/ycube/GlobusSatProject/..//satellite-subsystems/satellite-subsystems/lib\libSatelliteSubsystemsD.a(isis_ants_rev2.o)
                0x200290d0                isis_ants_rev2__arm
 .text.isis_ants_rev2__cancel_deploy
                0x20029168       0x98 C:/ISIS/workspace/ycube/GlobusSatProject/..//satellite-subsystems/satellite-subsystems/lib\libSatelliteSubsystemsD.a(isis_ants_rev2.o)
                0x20029168                isis_ants_rev2__cancel_deploy
 .text.isis_ants_rev2__disarm
                0x20029200       0x98 C:/ISIS/workspace/ycube/GlobusSatProject/..//satellite-subsystems/satellite-subsystems/lib\libSatelliteSubsystemsD.a(isis_ants_rev2.o)
                0x20029200                isis_ants_rev2__disarm
 .text.isis_ants_rev2__get_status
                0x20029298       0xa8 C:/ISIS/workspace/ycube/GlobusSatProject/..//satellite-subsystems/satellite-subsystems/lib\libSatelliteSubsystemsD.a(isis_ants_rev2.o)
                0x20029298                isis_ants_rev2__get_status
 .text.isis_ants_rev2__get_uptime
                0x20029340       0xa8 C:/ISIS/workspace/ycube/GlobusSatProject/..//satellite-subsystems/satellite-subsystems/lib\libSatelliteSubsystemsD.a(isis_ants_rev2.o)
                0x20029340                isis_ants_rev2__get_uptime
 .text.isis_ants_rev2__reset
                0x200293e8       0x98 C:/ISIS/workspace/ycube/GlobusSatProject/..//satellite-subsystems/satellite-subsystems/lib\libSatelliteSubsystemsD.a(isis_ants_rev2.o)
                0x200293e8                isis_ants_rev2__reset
 .text.isis_ants_rev2__start_auto_deploy
                0x20029480       0xb0 C:/ISIS/workspace/ycube/GlobusSatProject/..//satellite-subsystems/satellite-subsystems/lib\libSatelliteSubsystemsD.a(isis_ants_rev2.o)
                0x20029480                isis_ants_rev2__start_auto_deploy
 .text._ISIS_ANTS_REV2_I2C_Send
                0x20029530       0x8c C:/ISIS/workspace/ycube/GlobusSatProject/..//satellite-subsystems/satellite-subsystems/lib\libSatelliteSubsystemsD.a(isis_ants_rev2.o)
 .text.ISIS_VU_E_Init
                0x200295bc       0xe4 C:/ISIS/workspace/ycube/GlobusSatProject/..//satellite-subsystems/satellite-subsystems/lib\libSatelliteSubsystemsD.a(isis_vu_e.o)
                0x200295bc                ISIS_VU_E_Init
 .text.isis_vu_e__get_frame
                0x200296a0       0x84 C:/ISIS/workspace/ycube/GlobusSatProject/..//satellite-subsystems/satellite-subsystems/lib\libSatelliteSubsystemsD.a(isis_vu_e.o)
                0x200296a0                isis_vu_e__get_frame
 .text.isis_vu_e__get_frame_variable
                0x20029724      0x190 C:/ISIS/workspace/ycube/GlobusSatProject/..//satellite-subsystems/satellite-subsystems/lib\libSatelliteSubsystemsD.a(isis_vu_e.o)
                0x20029724                isis_vu_e__get_frame_variable
 .text.isis_vu_e__get_frame_count