Archive member included because of file (symbol)

C:/ISIS/workspace/ycube/GlobusSatProject/..//hal/hal/lib\libHALD.a(SPI.o)
                              ./src/InitSystem.o (SPI_start)
C:/ISIS/workspace/ycube/GlobusSatProject/..//hal/hal/lib\libHALD.a(I2C.o)
                              ./src/SubSystemModules/Communication/SubsystemCommands/Maintanence_Commands.o (I2C_write)
C:/ISIS/workspace/ycube/GlobusSatProject/..//hal/hal/lib\libHALD.a(ADC.o)
                              ./src/SubSystemModules/Housekepping/TelemetryCollector.o (ADC_ConvertRaw10bitToMillivolt)
C:/ISIS/workspace/ycube/GlobusSatProject/..//hal/hal/lib\libHALD.a(FRAM.o)
                              ./src/SubSystemModules/Communication/SubsystemCommands/Maintanence_Commands.o (FRAM_start)
C:/ISIS/workspace/ycube/GlobusSatProject/..//hal/hal/lib\libHALD.a(Time.o)
                              ./src/InitSystem.o (Time_start)
C:/ISIS/workspace/ycube/GlobusSatProject/..//hal/hal/lib\libHALD.a(WatchDogTimerNoOS.o)
                              ./src/main.o (WDT_start)
C:/ISIS/workspace/ycube/GlobusSatProject/..//hal/hal/lib\libHALD.a(RTT.o)
                              C:/ISIS/workspace/ycube/GlobusSatProject/..//hal/hal/lib\libHALD.a(Time.o) (RTT_start)
C:/ISIS/workspace/ycube/GlobusSatProject/..//hal/hal/lib\libHALD.a(RTC.o)
                              C:/ISIS/workspace/ycube/GlobusSatProject/..//hal/hal/lib\libHALD.a(Time.o) (RTC_getTime)
C:/ISIS/workspace/ycube/GlobusSatProject/..//hal/hal/lib\libHALD.a(WatchDogTimerOS.o)
                              ./src/TestingDemos/MainTest.o (WDT_startWatchdogKickTask)
C:/ISIS/workspace/ycube/GlobusSatProject/..//hal/hal/lib\libHALD.a(fprintf.o)
                              ./src/TLM_management.o (f_puts)
C:/ISIS/workspace/ycube/GlobusSatProject/..//hal/hal/lib\libHALD.a(util.o)
                              ./src/TestingDemos/EpsTestingDemo.o (UTIL_DbguGetInteger)
C:/ISIS/workspace/ycube/GlobusSatProject/..//hal/hal/lib\libHALD.a(LED.o)
                              C:/ISIS/workspace/ycube/GlobusSatProject/..//hal/hal/lib\libHALD.a(WatchDogTimerOS.o) (LED_toggle)
C:/ISIS/workspace/ycube/GlobusSatProject/..//hal/hcc/lib\libHCCD.a(fat_m.o)
                              ./src/SubSystemModules/Communication/SubsystemCommands/FS_Commands.o (fm_initvolume)
C:/ISIS/workspace/ycube/GlobusSatProject/..//hal/hcc/lib\libHCCD.a(fat.o)
                              C:/ISIS/workspace/ycube/GlobusSatProject/..//hal/hcc/lib\libHCCD.a(fat_m.o) (fn_getdcwd)
C:/ISIS/workspace/ycube/GlobusSatProject/..//hal/hcc/lib\libHCCD.a(fat_common.o)
                              C:/ISIS/workspace/ycube/GlobusSatProject/..//hal/hcc/lib\libHCCD.a(fat.o) (p_filesystem)
C:/ISIS/workspace/ycube/GlobusSatProject/..//hal/hcc/lib\libHCCD.a(safefat.o)
                              C:/ISIS/workspace/ycube/GlobusSatProject/..//hal/hcc/lib\libHCCD.a(fat.o) (s_subdir)
C:/ISIS/workspace/ycube/GlobusSatProject/..//hal/hcc/lib\libHCCD.a(atmel_mcipdc.o)
                              ./src/SubSystemModules/Communication/SubsystemCommands/FS_Commands.o (atmel_mcipdc_initfunc)
C:/ISIS/workspace/ycube/GlobusSatProject/..//hal/hcc/lib\libHCCD.a(oalp_task.o)
                              C:/ISIS/workspace/ycube/GlobusSatProject/..//hal/hcc/lib\libHCCD.a(fat_common.o) (oal_task_get_id)
C:/ISIS/workspace/ycube/GlobusSatProject/..//hal/hcc/lib\libHCCD.a(oalp_mutex.o)
                              C:/ISIS/workspace/ycube/GlobusSatProject/..//hal/hcc/lib\libHCCD.a(fat_common.o) (oal_mutex_create)
C:/ISIS/workspace/ycube/GlobusSatProject/..//hal/hcc/lib\libHCCD.a(atmel_mcipdc_hw.o)
                              C:/ISIS/workspace/ycube/GlobusSatProject/..//hal/hcc/lib\libHCCD.a(atmel_mcipdc.o) (mcipdc_hw_init)
C:/ISIS/workspace/ycube/GlobusSatProject/..//hal/hcc/lib\libHCCD.a(psp_rand.o)
                              C:/ISIS/workspace/ycube/GlobusSatProject/..//hal/hcc/lib\libHCCD.a(fat_common.o) (psp_getrand)
C:/ISIS/workspace/ycube/GlobusSatProject/..//hal/hcc/lib\libHCCD.a(psp_rtc.o)
                              C:/ISIS/workspace/ycube/GlobusSatProject/..//hal/hcc/lib\libHCCD.a(fat_common.o) (psp_getcurrenttimedate)
C:/ISIS/workspace/ycube/GlobusSatProject/..//hal/hcc/lib\libHCCD.a(hcc_mem.o)
                              C:/ISIS/workspace/ycube/GlobusSatProject/..//hal/hcc/lib\libHCCD.a(atmel_mcipdc.o) (hcc_mem_alloc)
C:/ISIS/workspace/ycube/GlobusSatProject/..//hal/hcc/lib\libHCCD.a(psp_hcc_mem.o)
                              C:/ISIS/workspace/ycube/GlobusSatProject/..//hal/hcc/lib\libHCCD.a(hcc_mem.o) (hcc_mem_buf_alloc)
C:/ISIS/workspace/ycube/GlobusSatProject/..//satellite-subsystems/satellite-subsystems/lib\libSatelliteSubsystemsD.a(IsisAntS.o)
                              ./src/SubSystemModules/Communication/TRXVU.o (IsisAntS_initialize)
C:/ISIS/workspace/ycube/GlobusSatProject/..//satellite-subsystems/satellite-subsystems/lib\libSatelliteSubsystemsD.a(IsisTRXVU.o)
[...]
Memory Configuration

Name             Origin             Length             Attributes
sram0            0x00200000         0x00004000         w !xr
sram1            0x00300000         0x00004000         w !xr
sdram            0x20000000         0x02000000         w !xr
*default*        0x00000000         0xffffffff

Linker script and memory map

LOAD c:/isis/application/toolchain/bin/../lib/gcc/arm-none-eabi/4.7.4/../../../../arm-none-eabi/lib\libc.a
LOAD ./src/TestingDemos/CommandsTestingDemo.o
LOAD ./src/TestingDemos/EpsTestingDemo.o
LOAD ./src/TestingDemos/FileSystemTestingDemo.o
LOAD ./src/TestingDemos/MainTest.o
LOAD ./src/TestingDemos/MaintenanceTestingDemo.o
LOAD ./src/TestingDemos/TelemetryTestingDemo.o
LOAD ./src/TestingDemos/TrxvuTestingDemo.o
LOAD ./src/SubSystemModules/PowerManagment/EPS.o
LOAD ./src/SubSystemModules/PowerManagment/EPSOperationModes.o
LOAD ./src/SubSystemModules/Maintenance/Maintenance.o
LOAD ./src/SubSystemModules/Housekepping/TelemetryCollector.o
LOAD ./src/SubSystemModules/Communication/SubsystemCommands/EPS_Commands.o
LOAD ./src/SubSystemModules/Communication/SubsystemCommands/FS_Commands.o
LOAD ./src/SubSystemModules/Communication/SubsystemCommands/Maintanence_Commands.o
LOAD ./src/SubSystemModules/Communication/SubsystemCommands/TRXVU_Commands.o
LOAD ./src/SubSystemModules/Communication/AckHandler.o
LOAD ./src/SubSystemModules/Communication/CommandDictionary.o
LOAD ./src/SubSystemModules/Communication/SatCommandHandler.o
LOAD ./src/SubSystemModules/Communication/TRXVU.o
LOAD ./src/InitSystem.o
LOAD ./src/TLM_management.o
LOAD ./src/main.o
LOAD ./src/utils.o
LOAD C:/ISIS/workspace/ycube/GlobusSatProject/..//hal/hal/lib\libHALD.a
LOAD C:/ISIS/workspace/ycube/GlobusSatProject/..//hal/hcc/lib\libHCCD.a
LOAD C:/ISIS/workspace/ycube/GlobusSatProject/..//satellite-subsystems/satellite-subsystems/lib\libSatelliteSubsystemsD.a
LOAD C:/ISIS/workspace/ycube/GlobusSatProject/..//hal/freertos/lib\libFreeRTOSD.a
LOAD C:/ISIS/workspace/ycube/GlobusSatProject/..//hal/at91/lib\libAt91D.a
START GROUP
LOAD c:/isis/application/toolchain/bin/../lib/gcc/arm-none-eabi/4.7.4\libgcc.a
LOAD c:/isis/application/toolchain/bin/../lib/gcc/arm-none-eabi/4.7.4/../../../../arm-none-eabi/lib\libg.a
LOAD c:/isis/application/toolchain/bin/../lib/gcc/arm-none-eabi/4.7.4/../../../../arm-none-eabi/lib\libc.a
END GROUP

.fixed          0x20000000    0x47b34
                0x20000000                . = ALIGN (0x4)
                0x20000000                _sfixed = .
 *(.startup)
 .startup       0x20000000      0x184 C:/ISIS/workspace/ycube/GlobusSatProject/..//hal/at91/lib\libAt91D.a(board_cstartup.o)
                0x20000000                entry
 *(.text)
 .text          0x20000184       0x64 C:/ISIS/workspace/ycube/GlobusSatProject/..//hal/at91/lib\libAt91D.a(cp15_asm.o)
                0x20000184                _readControlRegister
                0x20000190                _writeControlRegister
                0x20000198                _waitForInterrupt
                0x200001a4                _writeTTB
                0x200001ac                _writeDomain
                0x200001b4                _writeITLBLockdown
                0x200001bc                _prefetchICacheLine
                0x200001c4                _flushDCache
                0x200001d0                _flushWriteBuffer
                0x200001dc                _invalidateIDTLBs
 .text          0x200001e8      0x114 c:/isis/application/toolchain/bin/../lib/gcc/arm-none-eabi/4.7.4\libgcc.a(_udivsi3.o)
                0x200001e8                __aeabi_uidiv
                0x200001e8                __udivsi3
                0x200002dc                __aeabi_uidivmod
 .text          0x200002fc      0x148 c:/isis/application/toolchain/bin/../lib/gcc/arm-none-eabi/4.7.4\libgcc.a(_divsi3.o)
                0x200002fc                __divsi3
                0x200002fc                __aeabi_idiv
                0x20000424                __aeabi_idivmod
 .text          0x20000444        0x4 c:/isis/application/toolchain/bin/../lib/gcc/arm-none-eabi/4.7.4\libgcc.a(_dvmd_tls.o)
                0x20000444                __aeabi_idiv0
                0x20000444                __aeabi_ldiv0
 .text          0x20000448      0x41c c:/isis/application/toolchain/bin/../lib/gcc/arm-none-eabi/4.7.4\libgcc.a(_arm_addsubdf3.o)
                0x20000448                __aeabi_drsub
                0x20000450                __aeabi_dsub
                0x20000450                __subdf3
                0x20000454                __aeabi_dadd
                0x20000454                __adddf3
                0x20000764                __floatunsidf
                0x20000764                __aeabi_ui2d
                0x20000788                __floatsidf
                0x20000788                __aeabi_i2d
                0x200007b0                __aeabi_f2d
                0x200007b0                __extendsfdf2
                0x200007f0                __floatundidf
                0x200007f0                __aeabi_ul2d
                0x20000804                __floatdidf
                0x20000804                __aeabi_l2d
 .text          0x20000864      0x49c c:/isis/application/toolchain/bin/../lib/gcc/arm-none-eabi/4.7.4\libgcc.a(_arm_muldivdf3.o)
                0x20000864                __aeabi_dmul
                0x20000864                __muldf3
                0x20000af4                __divdf3
                0x20000af4                __aeabi_ddiv
 .text          0x20000d00       0xa0 c:/isis/application/toolchain/bin/../lib/gcc/arm-none-eabi/4.7.4\libgcc.a(_arm_truncdfsf2.o)
                0x20000d00                __truncdfsf2
                0x20000d00                __aeabi_d2f
 .text          0x20000da0      0x2ac c:/isis/application/toolchain/bin/../lib/gcc/arm-none-eabi/4.7.4\libgcc.a(_arm_addsubsf3.o)
                0x20000da0                __aeabi_frsub
                0x20000da8                __subsf3
                0x20000da8                __aeabi_fsub
                0x20000dac                __aeabi_fadd
                0x20000dac                __addsf3
                0x20000f68                __aeabi_ui2f
                0x20000f68                __floatunsisf
                0x20000f70                __aeabi_i2f
                0x20000f70                __floatsisf
                0x20000f90                __aeabi_ul2f
                0x20000f90                __floatundisf
                0x20000fa0                __aeabi_l2f
                0x20000fa0                __floatdisf
 .text          0x2000104c      0x2f8 c:/isis/application/toolchain/bin/../lib/gcc/arm-none-eabi/4.7.4\libgcc.a(_arm_muldivsf3.o)
                0x2000104c                __mulsf3
                0x2000104c                __aeabi_fmul
                0x200011e4                __aeabi_fdiv
                0x200011e4                __divsf3
 .text          0x20001344      0x114 c:/isis/application/toolchain/bin/../lib/gcc/arm-none-eabi/4.7.4\libgcc.a(_arm_cmpsf2.o)
                0x20001344                __gesf2
                0x20001344                __gtsf2
                0x2000134c                __lesf2
                0x2000134c                __ltsf2
                0x20001354                __nesf2
                0x20001354                __eqsf2
                0x20001354                __cmpsf2
                0x200013b8                __aeabi_cfrcmple
                0x200013c8                __aeabi_cfcmpeq
                0x200013c8                __aeabi_cfcmple
                0x200013e0                __aeabi_fcmpeq
                0x200013f8                __aeabi_fcmplt
                0x20001410                __aeabi_fcmple
                0x20001428                __aeabi_fcmpge
                0x20001440                __aeabi_fcmpgt
 .text          0x20001458       0x54 c:/isis/application/toolchain/bin/../lib/gcc/arm-none-eabi/4.7.4\libgcc.a(_arm_fixunssfsi.o)
                0x20001458                __fixunssfsi
                0x20001458                __aeabi_f2uiz
 .text          0x200014ac      0x144 c:/isis/application/toolchain/bin/../lib/gcc/arm-none-eabi/4.7.4\libgcc.a(_arm_cmpdf2.o)
                0x200014ac                __gtdf2
                0x200014ac                __gedf2
                0x200014b4                __ltdf2
                0x200014b4                __ledf2
                0x200014bc                __nedf2
                0x200014bc                __eqdf2
                0x200014bc                __cmpdf2
                0x20001544                __aeabi_cdrcmple
                0x20001560                __aeabi_cdcmpeq
                0x20001560                __aeabi_cdcmple
                0x20001578                __aeabi_dcmpeq
                0x20001590                __aeabi_dcmplt
                0x200015a8                __aeabi_dcmple
                0x200015c0                __aeabi_dcmpge
                0x200015d8                __aeabi_dcmpgt
 .text          0x200015f0       0x5c c:/isis/application/toolchain/bin/../lib/gcc/arm-none-eabi/4.7.4\libgcc.a(_arm_fixdfsi.o)
                0x200015f0                __aeabi_d2iz
                0x200015f0                __fixdfsi
 .text          0x2000164c       0x54 c:/isis/application/toolchain/bin/../lib/gcc/arm-none-eabi/4.7.4\libgcc.a(_arm_fixunsdfsi.o)
                0x2000164c                __aeabi_d2uiz
                0x2000164c                __fixunsdfsi
 .text          0x200016a0       0x3c c:/isis/application/toolchain/bin/../lib/gcc/arm-none-eabi/4.7.4\libgcc.a(_aeabi_uldivmod.o)
                0x200016a0                __aeabi_uldivmod
 .text          0x200016dc       0x84 c:/isis/application/toolchain/bin/../lib/gcc/arm-none-eabi/4.7.4\libgcc.a(bpabi.o)
                0x200016dc                __gnu_ldivmod_helper
                0x20001720                __gnu_uldivmod_helper
 .text          0x20001760      0x4f0 c:/isis/application/toolchain/bin/../lib/gcc/arm-none-eabi/4.7.4\libgcc.a(_divdi3.o)
                0x20001760                __divdi3
 .text          0x20001c50      0x488 c:/isis/application/toolchain/bin/../lib/gcc/arm-none-eabi/4.7.4\libgcc.a(_udivdi3.o)
                0x20001c50                __udivdi3
 .text          0x200020d8       0x48 c:/isis/application/toolchain/bin/../lib/gcc/arm-none-eabi/4.7.4\libgcc.a(_clzsi2.o)
                0x200020d8                __clzsi2
 *(.text*)
 .text.TestActUponCommand
                0x20002120      0x114 ./src/TestingDemos/CommandsTestingDemo.o
                0x20002120                TestActUponCommand
 .text.TestAssmbleCommand
                0x20002234      0x134 ./src/TestingDemos/CommandsTestingDemo.o
                0x20002234                TestAssmbleCommand
 .text.TestGetDelayedCommand
                0x20002368       0xa0 ./src/TestingDemos/CommandsTestingDemo.o
                0x20002368                TestGetDelayedCommand
 .text.TestAddDelayedCommand
                0x20002408       0xbc ./src/TestingDemos/CommandsTestingDemo.o
                0x20002408                TestAddDelayedCommand
 .text.TestGetDelayedCommandBufferCount
                0x200024c4       0x54 ./src/TestingDemos/CommandsTestingDemo.o
                0x200024c4                TestGetDelayedCommandBufferCount
 .text.TestGetOnlineCommand
                0x20002518       0xc8 ./src/TestingDemos/CommandsTestingDemo.o
                0x20002518                TestGetOnlineCommand
 .text.TestDeleteDelayedCommandByIndex
                0x200025e0      0x1c0 ./src/TestingDemos/CommandsTestingDemo.o
                0x200025e0                TestDeleteDelayedCommandByIndex
 .text.TestDeleteDelayedBuffer
                0x200027a0      0x140 ./src/TestingDemos/CommandsTestingDemo.o
                0x200027a0                TestDeleteDelayedBuffer
 .text.selectAndExecuteCommandsDemoTest
                0x200028e0      0x174 ./src/TestingDemos/CommandsTestingDemo.o
                0x200028e0                selectAndExecuteCommandsDemoTest
 .text.MainCommandsTestBench
                0x20002a54       0x44 ./src/TestingDemos/CommandsTestingDemo.o
                0x20002a54                MainCommandsTestBench
 .text.TestEpsConditioning
                0x20002a98      0x1e8 ./src/TestingDemos/EpsTestingDemo.o
                0x20002a98                TestEpsConditioning
 .text.TestGetBatteryVoltage
                0x20002c80       0x64 ./src/TestingDemos/EpsTestingDemo.o
                0x20002c80                TestGetBatteryVoltage
 .text.TestUpdateThreshVoltages
                0x20002ce4      0x170 ./src/TestingDemos/EpsTestingDemo.o
                0x20002ce4                TestUpdateThreshVoltages
 .text.TestGetThreshVoltages
                0x20002e54       0xb0 ./src/TestingDemos/EpsTestingDemo.o
                0x20002e54                TestGetThreshVoltages
 .text.TestUpdateAlpha
                0x20002f04       0xc0 ./src/TestingDemos/EpsTestingDemo.o
                0x20002f04                TestUpdateAlpha
 .text.TestGetAlpha
                0x20002fc4       0x78 ./src/TestingDemos/EpsTestingDemo.o
                0x20002fc4                TestGetAlpha
 .text.TestRestoreDefaultAlpha
                0x2000303c       0xf4 ./src/TestingDemos/EpsTestingDemo.o
                0x2000303c                TestRestoreDefaultAlpha
 .text.TestRestoreDefaultThresholdVoltages
                0x20003130      0x154 ./src/TestingDemos/EpsTestingDemo.o
                0x20003130                TestRestoreDefaultThresholdVoltages
 .text.GetHeaterValues
                0x20003284       0xb0 ./src/TestingDemos/EpsTestingDemo.o
                0x20003284                GetHeaterValues
 .text.SetHeaterValues
                0x20003334      0x104 ./src/TestingDemos/EpsTestingDemo.o
                0x20003334                SetHeaterValues
 .text.selectAndExecuteEpsDemoTest
                0x20003438      0x1b0 ./src/TestingDemos/EpsTestingDemo.o
                0x20003438                selectAndExecuteEpsDemoTest
 .text.MainEpsTestBench
                0x200035e8       0x40 ./src/TestingDemos/EpsTestingDemo.o
                0x200035e8                MainEpsTestBench
 .text.TestListFiles
                0x20003628      0x198 ./src/TestingDemos/FileSystemTestingDemo.o
                0x20003628                TestListFiles
 .text.TestListAllFiles
                0x200037c0       0xf8 ./src/TestingDemos/FileSystemTestingDemo.o
                0x200037c0                TestListAllFiles
 .text.TestLOGTLM
                0x200038b8      0x110 ./src/TestingDemos/FileSystemTestingDemo.o
                0x200038b8                TestLOGTLM
 .text.TestEPSTLM
                0x200039c8       0xa8 ./src/TestingDemos/FileSystemTestingDemo.o
                0x200039c8                TestEPSTLM
 .text.TestReadTimeRangeTLMRes
                0x20003a70      0x210 ./src/TestingDemos/FileSystemTestingDemo.o
                0x20003a70                TestReadTimeRangeTLMRes
 .text.TestReadTimeRangeTLM
                0x20003c80      0x178 ./src/TestingDemos/FileSystemTestingDemo.o
                0x20003c80                TestReadTimeRangeTLM
 .text.GenerateWODTLM
                0x20003df8       0xd0 ./src/TestingDemos/FileSystemTestingDemo.o
                0x20003df8                GenerateWODTLM
 .text.DeleteOldFiles
                0x20003ec8      0x148 ./src/TestingDemos/FileSystemTestingDemo.o
                0x20003ec8                DeleteOldFiles
 .text.createSingleDayTLM
                0x20004010       0xa8 ./src/TestingDemos/FileSystemTestingDemo.o
                0x20004010                createSingleDayTLM
 .text.printLastError
                0x200040b8       0x38 ./src/TestingDemos/FileSystemTestingDemo.o
                0x200040b8                printLastError
 .text.copyTLMFile
                0x200040f0      0x2cc ./src/TestingDemos/FileSystemTestingDemo.o
                0x200040f0                copyTLMFile
 .text.TestWODTLM
                0x200043bc       0xa8 ./src/TestingDemos/FileSystemTestingDemo.o
                0x200043bc                TestWODTLM
 .text.TestDeleteFiels
                0x20004464      0x2b8 ./src/TestingDemos/FileSystemTestingDemo.o
                0x20004464                TestDeleteFiels
 .text.TestReadMultiFiels
                0x2000471c      0x2ac ./src/TestingDemos/FileSystemTestingDemo.o
                0x2000471c                TestReadMultiFiels
 .text.TestTRXVUTLM
                0x200049c8      0x11c ./src/TestingDemos/FileSystemTestingDemo.o
                0x200049c8                TestTRXVUTLM
 .text.FullSDTest
                0x20004ae4      0x174 ./src/TestingDemos/FileSystemTestingDemo.o
                0x20004ae4                FullSDTest
 .text.LogErrorRateTest
                0x20004c58      0x148 ./src/TestingDemos/FileSystemTestingDemo.o
                0x20004c58                LogErrorRateTest
 .text.deleteMonth
                0x20004da0       0x78 ./src/TestingDemos/FileSystemTestingDemo.o
                0x20004da0                deleteMonth
 .text.deleteYear
                0x20004e18       0xb0 ./src/TestingDemos/FileSystemTestingDemo.o
                0x20004e18                deleteYear
 .text.readFileTest
                0x20004ec8       0x88 ./src/TestingDemos/FileSystemTestingDemo.o
                0x20004ec8                readFileTest
 .text.writeFileOnScreen
                0x20004f50       0xcc ./src/TestingDemos/FileSystemTestingDemo.o
                0x20004f50                writeFileOnScreen
 .text.mashoo   0x2000501c       0x7c ./src/TestingDemos/FileSystemTestingDemo.o
                0x2000501c                mashoo
 .text.showFreeSapce
                0x20005098      0x110 ./src/TestingDemos/FileSystemTestingDemo.o
                0x20005098                showFreeSapce
 .text.selectAndExecuteFSTest
                0x200051a8      0x2b8 ./src/TestingDemos/FileSystemTestingDemo.o
                0x200051a8                selectAndExecuteFSTest
 .text.MainFileSystemTestBench
                0x20005460       0x44 ./src/TestingDemos/FileSystemTestingDemo.o
                0x20005460                MainFileSystemTestBench
 .text.selectAndExecuteTest
                0x200054a4      0x168 ./src/TestingDemos/MainTest.o
                0x200054a4                selectAndExecuteTest
 .text.taskTesting
                0x2000560c       0x28 ./src/TestingDemos/MainTest.o
                0x2000560c                taskTesting
 .text.printSDINfo
                0x20005634       0x84 ./src/TestingDemos/MaintenanceTestingDemo.o
                0x20005634                printSDINfo
 .text.changeFirstActivation
                0x200056b8       0x84 ./src/TestingDemos/MaintenanceTestingDemo.o
                0x200056b8                changeFirstActivation
 .text.selectAndExecuteMaintenanceDemoTest
                0x2000573c      0x19c ./src/TestingDemos/MaintenanceTestingDemo.o
                0x2000573c                selectAndExecuteMaintenanceDemoTest
 .text.MainMaintenanceTestBench
                0x200058d8       0x40 ./src/TestingDemos/MaintenanceTestingDemo.o
                0x200058d8                MainMaintenanceTestBench
 .text.MainTelemetryTestBench
                0x20005918       0x1c ./src/TestingDemos/TelemetryTestingDemo.o
                0x20005918                MainTelemetryTestBench
 .text.TestInitTrxvu
                0x20005934       0x54 ./src/TestingDemos/TrxvuTestingDemo.o
                0x20005934                TestInitTrxvu
 .text.TestInitTrxvuWithDifferentFrameLengths
                0x20005988      0x134 ./src/TestingDemos/TrxvuTestingDemo.o
                0x20005988                TestInitTrxvuWithDifferentFrameLengths
 .text.TestTrxvuLogic
                0x20005abc       0xd4 ./src/TestingDemos/TrxvuTestingDemo.o
                0x20005abc                TestTrxvuLogic
 .text.TestCheckTransmitionAllowed
                0x20005b90       0xa4 ./src/TestingDemos/TrxvuTestingDemo.o
                0x20005b90                TestCheckTransmitionAllowed
 .text.TestLoopSPL
                0x20005c34       0xc4 ./src/TestingDemos/TrxvuTestingDemo.o
                0x20005c34                TestLoopSPL
 .text.TestSendDumpAbortRequest
                0x20005cf8       0x24 ./src/TestingDemos/TrxvuTestingDemo.o
                0x20005cf8                TestSendDumpAbortRequest
 .text.TestTransmitDummySplPacket
                0x20005d1c       0xc0 ./src/TestingDemos/TrxvuTestingDemo.o
                0x20005d1c                TestTransmitDummySplPacket
 .text.TestTransmitSplPacket
                0x20005ddc      0x1ec ./src/TestingDemos/TrxvuTestingDemo.o
                0x20005ddc                TestTransmitSplPacket
 .text.TestExitDump
                0x20005fc8       0x1c ./src/TestingDemos/TrxvuTestingDemo.o
                0x20005fc8                TestExitDump
 .text.TestDumpTelemetry
                0x20005fe4       0x9c ./src/TestingDemos/TrxvuTestingDemo.o
                0x20005fe4                TestDumpTelemetry
 .text.TestRestoreDefaultBeaconParameters
                0x20006080       0x1c ./src/TestingDemos/TrxvuTestingDemo.o
                0x20006080                TestRestoreDefaultBeaconParameters
 .text.TestChooseDefaultBeaconCycle
                0x2000609c       0xe0 ./src/TestingDemos/TrxvuTestingDemo.o
                0x2000609c                TestChooseDefaultBeaconCycle
 .text.TestBeaconLogic
                0x2000617c       0xdc ./src/TestingDemos/TrxvuTestingDemo.o
                0x2000617c                TestBeaconLogic
 .text.TestMuteTrxvu
                0x20006258       0x9c ./src/TestingDemos/TrxvuTestingDemo.o
                0x20006258                TestMuteTrxvu
 .text.TestUnMuteTrxvu
                0x200062f4       0x30 ./src/TestingDemos/TrxvuTestingDemo.o
                0x200062f4                TestUnMuteTrxvu
 .text.TestGetNumberOfFramesInBuffer
                0x20006324       0x54 ./src/TestingDemos/TrxvuTestingDemo.o
                0x20006324                TestGetNumberOfFramesInBuffer
 .text.TestSetTrxvuBitrate
                0x20006378       0xf0 ./src/TestingDemos/TrxvuTestingDemo.o
                0x20006378                TestSetTrxvuBitrate
 .text.TestGetTrxvuBitrate
                0x20006468       0xb0 ./src/TestingDemos/TrxvuTestingDemo.o
                0x20006468                TestGetTrxvuBitrate
 .text.TestTransmitDataAsSPL_Packet
                0x20006518      0x114 ./src/TestingDemos/TrxvuTestingDemo.o
                0x20006518                TestTransmitDataAsSPL_Packet
 .text.selectAndExecuteTrxvuDemoTest
                0x2000662c      0x2ac ./src/TestingDemos/TrxvuTestingDemo.o
                0x2000662c                selectAndExecuteTrxvuDemoTest
 .text.MainTrxvuTestBench
                0x200068d8       0x44 ./src/TestingDemos/TrxvuTestingDemo.o
                0x200068d8                MainTrxvuTestBench
 .text.GetBatteryVoltage
                0x2000691c       0x38 ./src/SubSystemModules/PowerManagment/EPS.o
                0x2000691c                GetBatteryVoltage
 .text.EPS_Init
                0x20006954       0xb8 ./src/SubSystemModules/PowerManagment/EPS.o
                0x20006954                EPS_Init
 .text.EPS_Conditioning
                0x20006a0c      0x1c4 ./src/SubSystemModules/PowerManagment/EPS.o
                0x20006a0c                EPS_Conditioning
 .text.UpdateAlpha
                0x20006bd0       0xd8 ./src/SubSystemModules/PowerManagment/EPS.o
                0x20006bd0                UpdateAlpha
 .text.UpdateThresholdVoltages
                0x20006ca8      0x218 ./src/SubSystemModules/PowerManagment/EPS.o
                0x20006ca8                UpdateThresholdVoltages
 .text.GetThresholdVoltages
                0x20006ec0       0x80 ./src/SubSystemModules/PowerManagment/EPS.o
                0x20006ec0                GetThresholdVoltages
 .text.GetAlpha
                0x20006f40       0x7c ./src/SubSystemModules/PowerManagment/EPS.o
                0x20006f40                GetAlpha
 .text.RestoreDefaultThresholdVoltages
                0x20006fbc       0x74 ./src/SubSystemModules/PowerManagment/EPS.o
                0x20006fbc                RestoreDefaultThresholdVoltages
 .text.CMDGetHeaterValues
                0x20007030       0x24 ./src/SubSystemModules/PowerManagment/EPS.o
                0x20007030                CMDGetHeaterValues
 .text.CMDSetHeaterValues
                0x20007054       0x58 ./src/SubSystemModules/PowerManagment/EPS.o
                0x20007054                CMDSetHeaterValues
 .text.EnterFullMode
                0x200070ac       0x44 ./src/SubSystemModules/PowerManagment/EPSOperationModes.o
                0x200070ac                EnterFullMode
 .text.EnterCruiseMode
                0x200070f0       0x44 ./src/SubSystemModules/PowerManagment/EPSOperationModes.o
                0x200070f0                EnterCruiseMode
 .text.EnterSafeMode
                0x20007134       0x44 ./src/SubSystemModules/PowerManagment/EPSOperationModes.o
                0x20007134                EnterSafeMode
 .text.EnterCriticalMode
                0x20007178       0x44 ./src/SubSystemModules/PowerManagment/EPSOperationModes.o
                0x20007178                EnterCriticalMode
 .text.GetSystemState
                0x200071bc       0x24 ./src/SubSystemModules/PowerManagment/EPSOperationModes.o
                0x200071bc                GetSystemState
 .text.GetSystemChannelState
                0x200071e0       0x24 ./src/SubSystemModules/PowerManagment/EPSOperationModes.o
                0x200071e0                GetSystemChannelState
 .text.EpsGetLowVoltageFlag
                0x20007204       0x24 ./src/SubSystemModules/PowerManagment/EPSOperationModes.o
                0x20007204                EpsGetLowVoltageFlag
 .text.EpsSetLowVoltageFlag
                0x20007228       0x2c ./src/SubSystemModules/PowerManagment/EPSOperationModes.o
                0x20007228                EpsSetLowVoltageFlag
 .text.CheckExecutionTime
                0x20007254       0x80 ./src/SubSystemModules/Maintenance/Maintenance.o
                0x20007254                CheckExecutionTime
 .text.SaveSatTimeInFRAM
                0x200072d4       0x44 ./src/SubSystemModules/Maintenance/Maintenance.o
                0x200072d4                SaveSatTimeInFRAM
 .text.WakeupFromResetCMD
                0x20007318      0x120 ./src/SubSystemModules/Maintenance/Maintenance.o
                0x20007318                WakeupFromResetCMD
 .text.ResetGroundCommWDT
                0x20007438       0x1c ./src/SubSystemModules/Maintenance/Maintenance.o
                0x20007438                ResetGroundCommWDT
 .text.findMinMaxDate
                0x20007454       0xdc ./src/SubSystemModules/Maintenance/Maintenance.o
                0x20007454                findMinMaxDate
 .text.DeleteOldFiels
                0x20007530       0xf0 ./src/SubSystemModules/Maintenance/Maintenance.o
                0x20007530                DeleteOldFiels
 .text.HardResetMCU
                0x20007620       0x24 ./src/SubSystemModules/Maintenance/Maintenance.o
                0x20007620                HardResetMCU
 .text.InitSavePeriodTimes
                0x20007644       0x78 ./src/SubSystemModules/Housekepping/TelemetryCollector.o
                0x20007644                InitSavePeriodTimes
 .text.CMD_GetTLMPeriodTimes
                0x200076bc       0x38 ./src/SubSystemModules/Housekepping/TelemetryCollector.o
                0x200076bc                CMD_GetTLMPeriodTimes
 .text.CMD_SetTLMPeriodTimes
                0x200076f4      0x17c ./src/SubSystemModules/Housekepping/TelemetryCollector.o
                0x200076f4                CMD_SetTLMPeriodTimes
 .text.TelemetryCollectorLogic
                0x20007870      0x208 ./src/SubSystemModules/Housekepping/TelemetryCollector.o
                0x20007870                TelemetryCollectorLogic
 .text.TelemetrySaveEPS
                0x20007a78       0x18 ./src/SubSystemModules/Housekepping/TelemetryCollector.o
                0x20007a78                TelemetrySaveEPS
 .text.TelemetrySaveTRXVU
                0x20007a90       0x94 ./src/SubSystemModules/Housekepping/TelemetryCollector.o
                0x20007a90                TelemetrySaveTRXVU
 .text.TelemetrySaveANT
                0x20007b24       0xa4 ./src/SubSystemModules/Housekepping/TelemetryCollector.o
                0x20007b24                TelemetrySaveANT
 .text.TelemetrySaveSolarPanels
                0x20007bc8      0x228 ./src/SubSystemModules/Housekepping/TelemetryCollector.o
                0x20007bc8                TelemetrySaveSolarPanels
 .text.TelemetrySaveWOD
                0x20007df0       0x48 ./src/SubSystemModules/Housekepping/TelemetryCollector.o
                0x20007df0                TelemetrySaveWOD
 .text.GetCurrentWODTelemetry
                0x20007e38      0x74c ./src/SubSystemModules/Housekepping/TelemetryCollector.o
                0x20007e38                GetCurrentWODTelemetry
 .text.CMD_EPS_ResetWDT
                0x20008584       0x48 ./src/SubSystemModules/Communication/SubsystemCommands/EPS_Commands.o
                0x20008584                CMD_EPS_ResetWDT
 .text.CMD_DeleteTLM
                0x200085cc      0x1d8 ./src/SubSystemModules/Communication/SubsystemCommands/FS_Commands.o
                0x200085cc                CMD_DeleteTLM
 .text.CMD_DeleteAllFiles
                0x200087a4       0x38 ./src/SubSystemModules/Communication/SubsystemCommands/FS_Commands.o
                0x200087a4                CMD_DeleteAllFiles
 .text.CMD_GetLastFS_Error
                0x200087dc       0x4c ./src/SubSystemModules/Communication/SubsystemCommands/FS_Commands.o
                0x200087dc                CMD_GetLastFS_Error
 .text.CMD_Get_TLM_Info
                0x20008828      0x118 ./src/SubSystemModules/Communication/SubsystemCommands/FS_Commands.o
                0x20008828                CMD_Get_TLM_Info
 .text.CMD_Switch_SD_Card
                0x20008940       0x9c ./src/SubSystemModules/Communication/SubsystemCommands/FS_Commands.o
                0x20008940                CMD_Switch_SD_Card
 .text.CMD_GenericI2C
                0x200089dc      0x144 ./src/SubSystemModules/Communication/SubsystemCommands/Maintanence_Commands.o
                0x200089dc                CMD_GenericI2C
 .text.CMD_FRAM_ReadAndTransmitt
                0x20008b20       0xe8 ./src/SubSystemModules/Communication/SubsystemCommands/Maintanence_Commands.o
                0x20008b20                CMD_FRAM_ReadAndTransmitt
 .text.CMD_FRAM_WriteAndTransmitt
                0x20008c08      0x11c ./src/SubSystemModules/Communication/SubsystemCommands/Maintanence_Commands.o
                0x20008c08                CMD_FRAM_WriteAndTransmitt
 .text.CMD_FRAM_ReStart
                0x20008d24       0x4c ./src/SubSystemModules/Communication/SubsystemCommands/Maintanence_Commands.o
                0x20008d24                CMD_FRAM_ReStart
 .text.CMD_UpdateSatTime
                0x20008d70       0xa4 ./src/SubSystemModules/Communication/SubsystemCommands/Maintanence_Commands.o
                0x20008d70                CMD_UpdateSatTime
 .text.CMD_GetSatUptime
                0x20008e14       0x48 ./src/SubSystemModules/Communication/SubsystemCommands/Maintanence_Commands.o
                0x20008e14                CMD_GetSatUptime
 .text.CMD_ResetComponent
                0x20008e5c      0x290 ./src/SubSystemModules/Communication/SubsystemCommands/Maintanence_Commands.o
                0x20008e5c                CMD_ResetComponent
 .text.DumpTask
                0x200090ec      0x310 ./src/SubSystemModules/Communication/SubsystemCommands/TRXVU_Commands.o
                0x200090ec                DumpTask
 .text.CMD_AntennaDeploy
                0x200093fc       0xec ./src/SubSystemModules/Communication/SubsystemCommands/TRXVU_Commands.o
                0x200093fc                CMD_AntennaDeploy
 .text.CMD_StartDump
                0x200094e8      0x224 ./src/SubSystemModules/Communication/SubsystemCommands/TRXVU_Commands.o
                0x200094e8                CMD_StartDump
 .text.CMD_SendDumpAbortRequest
                0x2000970c       0x38 ./src/SubSystemModules/Communication/SubsystemCommands/TRXVU_Commands.o
                0x2000970c                CMD_SendDumpAbortRequest
 .text.CMD_ForceDumpAbort
                0x20009744       0x3c ./src/SubSystemModules/Communication/SubsystemCommands/TRXVU_Commands.o
                0x20009744                CMD_ForceDumpAbort
 .text.CMD_SetTransponder
                0x20009780      0x148 ./src/SubSystemModules/Communication/SubsystemCommands/TRXVU_Commands.o
                0x20009780                CMD_SetTransponder
 .text.CMD_SetRSSITransponder
                0x200098c8       0x90 ./src/SubSystemModules/Communication/SubsystemCommands/TRXVU_Commands.o
                0x200098c8                CMD_SetRSSITransponder
 .text.CMD_MuteTRXVU
                0x20009958       0xc4 ./src/SubSystemModules/Communication/SubsystemCommands/TRXVU_Commands.o
                0x20009958                CMD_MuteTRXVU
 .text.CMD_SetIdleState
                0x20009a1c       0x94 ./src/SubSystemModules/Communication/SubsystemCommands/TRXVU_Commands.o
                0x20009a1c                CMD_SetIdleState
 .text.CMD_UnMuteTRXVU
                0x20009ab0       0x38 ./src/SubSystemModules/Communication/SubsystemCommands/TRXVU_Commands.o
                0x20009ab0                CMD_UnMuteTRXVU
 .text.CMD_GetBaudRate
                0x20009ae8       0x68 ./src/SubSystemModules/Communication/SubsystemCommands/TRXVU_Commands.o
                0x20009ae8                CMD_GetBaudRate
 .text.CMD_TrasmitBeacon
                0x20009b50       0x48 ./src/SubSystemModules/Communication/SubsystemCommands/TRXVU_Commands.o
                0x20009b50                CMD_TrasmitBeacon
 .text.CMD_GetBeaconInterval
                0x20009b98       0x6c ./src/SubSystemModules/Communication/SubsystemCommands/TRXVU_Commands.o
                0x20009b98                CMD_GetBeaconInterval
 .text.CMD_SetBaudRate
                0x20009c04       0x60 ./src/SubSystemModules/Communication/SubsystemCommands/TRXVU_Commands.o
                0x20009c04                CMD_SetBaudRate
 .text.CMD_GetTxUptime
                0x20009c64       0x64 ./src/SubSystemModules/Communication/SubsystemCommands/TRXVU_Commands.o
                0x20009c64                CMD_GetTxUptime
 .text.CMD_GetRxUptime
                0x20009cc8       0x64 ./src/SubSystemModules/Communication/SubsystemCommands/TRXVU_Commands.o
                0x20009cc8                CMD_GetRxUptime
 .text.CMD_GetNumOfOnlineCommands
                0x20009d2c       0x64 ./src/SubSystemModules/Communication/SubsystemCommands/TRXVU_Commands.o
                0x20009d2c                CMD_GetNumOfOnlineCommands
 .text.CMD_AntSetArmStatus
                0x20009d90       0xa0 ./src/SubSystemModules/Communication/SubsystemCommands/TRXVU_Commands.o
                0x20009d90                CMD_AntSetArmStatus
 .text.CMD_AntGetArmStatus
                0x20009e30       0x70 ./src/SubSystemModules/Communication/SubsystemCommands/TRXVU_Commands.o
                0x20009e30                CMD_AntGetArmStatus
 .text.CMD_AntGetUptime
                0x20009ea0       0x78 ./src/SubSystemModules/Communication/SubsystemCommands/TRXVU_Commands.o
                0x20009ea0                CMD_AntGetUptime
 .text.CMD_StopReDeployment
                0x20009f18       0xac ./src/SubSystemModules/Communication/SubsystemCommands/TRXVU_Commands.o
                0x20009f18                CMD_StopReDeployment
 .text.CMD_AntCancelDeployment
                0x20009fc4       0x68 ./src/SubSystemModules/Communication/SubsystemCommands/TRXVU_Commands.o
                0x20009fc4                CMD_AntCancelDeployment
 .text.SendAckPacket
                0x2000a02c       0xe4 ./src/SubSystemModules/Communication/AckHandler.o
                0x2000a02c                SendAckPacket
 .text.trxvu_command_router
                0x2000a110      0x548 ./src/SubSystemModules/Communication/CommandDictionary.o
                0x2000a110                trxvu_command_router
 .text.eps_command_router
                0x2000a658       0xdc ./src/SubSystemModules/Communication/CommandDictionary.o
                0x2000a658                eps_command_router
 .text.telemetry_command_router
                0x2000a734      0x224 ./src/SubSystemModules/Communication/CommandDictionary.o
                0x2000a734                telemetry_command_router
 .text.managment_command_router
                0x2000a958      0x12c ./src/SubSystemModules/Communication/CommandDictionary.o
                0x2000a958                managment_command_router
 .text.filesystem_command_router
                0x2000aa84       0x24 ./src/SubSystemModules/Communication/CommandDictionary.o
                0x2000aa84                filesystem_command_router
 .text.ParseDataToCommand
                0x2000aaa8      0x1ac ./src/SubSystemModules/Communication/SatCommandHandler.o
                0x2000aaa8                ParseDataToCommand
 .text.AssembleCommand
                0x2000ac54      0x148 ./src/SubSystemModules/Communication/SatCommandHandler.o
                0x2000ac54                AssembleCommand
 .text.GetDelayedCommand
                0x2000ad9c       0x24 ./src/SubSystemModules/Communication/SatCommandHandler.o
                0x2000ad9c                GetDelayedCommand
 .text.AddDelayedCommand
                0x2000adc0       0x24 ./src/SubSystemModules/Communication/SatCommandHandler.o
                0x2000adc0                AddDelayedCommand
 .text.GetDelayedCommandBufferCount
                0x2000ade4       0x50 ./src/SubSystemModules/Communication/SatCommandHandler.o
                0x2000ade4                GetDelayedCommandBufferCount
 .text.GetDelayedCommandByIndex
                0x2000ae34       0x28 ./src/SubSystemModules/Communication/SatCommandHandler.o
                0x2000ae34                GetDelayedCommandByIndex
 .text.DeleteDelayedCommandByIndex
                0x2000ae5c       0x24 ./src/SubSystemModules/Communication/SatCommandHandler.o
                0x2000ae5c                DeleteDelayedCommandByIndex
 .text.DeleteDelayedBuffer
                0x2000ae80       0x1c ./src/SubSystemModules/Communication/SatCommandHandler.o
                0x2000ae80                DeleteDelayedBuffer
 .text.ActUponCommand
                0x2000ae9c      0x108 ./src/SubSystemModules/Communication/SatCommandHandler.o
                0x2000ae9c                ActUponCommand
 .text.setMuteEndTime
                0x2000afa4       0x40 ./src/SubSystemModules/Communication/TRXVU.o
                0x2000afa4                setMuteEndTime
 .text.getMuteEndTime
                0x2000afe4       0x44 ./src/SubSystemModules/Communication/TRXVU.o
                0x2000afe4                getMuteEndTime
 .text.setTransponderEndTime
                0x2000b028       0x40 ./src/SubSystemModules/Communication/TRXVU.o
                0x2000b028                setTransponderEndTime
 .text.getTransponderEndTime
                0x2000b068       0x44 ./src/SubSystemModules/Communication/TRXVU.o
                0x2000b068                getTransponderEndTime
 .text.setTransponderRSSIinFRAM
                0x2000b0ac       0x44 ./src/SubSystemModules/Communication/TRXVU.o
                0x2000b0ac                setTransponderRSSIinFRAM
 .text.getTransponderRSSIFromFRAM
                0x2000b0f0       0x4c ./src/SubSystemModules/Communication/TRXVU.o
                0x2000b0f0                getTransponderRSSIFromFRAM
 .text.InitTxModule
                0x2000b13c       0x68 ./src/SubSystemModules/Communication/TRXVU.o
                0x2000b13c                InitTxModule
 .text.CMD_SetBeaconInterval
                0x2000b1a4       0xdc ./src/SubSystemModules/Communication/TRXVU.o
                0x2000b1a4                CMD_SetBeaconInterval
 .text.InitBeaconParams
                0x2000b280       0x3c ./src/SubSystemModules/Communication/TRXVU.o
                0x2000b280                InitBeaconParams
 .text.InitSemaphores
                0x2000b2bc       0x98 ./src/SubSystemModules/Communication/TRXVU.o
                0x2000b2bc                InitSemaphores
 .text.InitTrxvu
                0x2000b354       0xec ./src/SubSystemModules/Communication/TRXVU.o
                0x2000b354                InitTrxvu
 .text.checkIdleFinish
                0x2000b440       0x68 ./src/SubSystemModules/Communication/TRXVU.o
                0x2000b440                checkIdleFinish
 .text.checkTransponderFinish
                0x2000b4a8       0x98 ./src/SubSystemModules/Communication/TRXVU.o
                0x2000b4a8                checkTransponderFinish
 .text.checkTransponderStart
                0x2000b540       0x50 ./src/SubSystemModules/Communication/TRXVU.o
                0x2000b540                checkTransponderStart
 .text.turnOnTransponder
                0x2000b590       0xa0 ./src/SubSystemModules/Communication/TRXVU.o
                0x2000b590                turnOnTransponder
 .text.SetRSSITransponder
                0x2000b630       0x80 ./src/SubSystemModules/Communication/TRXVU.o
                0x2000b630                SetRSSITransponder
 .text.TRX_Logic
                0x2000b6b0       0xd4 ./src/SubSystemModules/Communication/TRXVU.o
                0x2000b6b0                TRX_Logic
 .text.GetNumberOfFramesInBuffer
                0x2000b784       0x5c ./src/SubSystemModules/Communication/TRXVU.o
                0x2000b784                GetNumberOfFramesInBuffer
 .text.GetOnlineCommand
                0x2000b7e0      0x17c ./src/SubSystemModules/Communication/TRXVU.o
                0x2000b7e0                GetOnlineCommand
 .text.CheckTransmitionAllowed
                0x2000b95c       0xc0 ./src/SubSystemModules/Communication/TRXVU.o
                0x2000b95c                CheckTransmitionAllowed
 .text.FinishDump
                0x2000ba1c       0xf0 ./src/SubSystemModules/Communication/TRXVU.o
                0x2000ba1c                FinishDump
 .text.AbortDump
                0x2000bb0c       0x34 ./src/SubSystemModules/Communication/TRXVU.o
                0x2000bb0c                AbortDump
 .text.SendDumpAbortRequest
                0x2000bb40       0x6c ./src/SubSystemModules/Communication/TRXVU.o
                0x2000bb40                SendDumpAbortRequest
 .text.CheckDumpAbort
                0x2000bbac       0x6c ./src/SubSystemModules/Communication/TRXVU.o
                0x2000bbac                CheckDumpAbort
 .text.BeaconLogic
                0x2000bc18      0x1b8 ./src/SubSystemModules/Communication/TRXVU.o
                0x2000bc18                BeaconLogic
 .text.SetIdleState
                0x2000bdd0      0x144 ./src/SubSystemModules/Communication/TRXVU.o
                0x2000bdd0                SetIdleState
 .text.muteTRXVU
                0x2000bf14       0x74 ./src/SubSystemModules/Communication/TRXVU.o
                0x2000bf14                muteTRXVU
 .text.UnMuteTRXVU
                0x2000bf88       0x14 ./src/SubSystemModules/Communication/TRXVU.o
                0x2000bf88                UnMuteTRXVU
 .text.TransmitDataAsSPL_Packet
                0x2000bf9c      0x114 ./src/SubSystemModules/Communication/TRXVU.o
                0x2000bf9c                TransmitDataAsSPL_Packet
 .text.TransmitSplPacket
                0x2000c0b0      0x1cc ./src/SubSystemModules/Communication/TRXVU.o
                0x2000c0b0                TransmitSplPacket
 .text.isFirstActivation
                0x2000c27c       0x38 ./src/InitSystem.o
                0x2000c27c                isFirstActivation
 .text.WriteDefaultValuesToFRAM
                0x2000c2b4      0x1e8 ./src/InitSystem.o
                0x2000c2b4                WriteDefaultValuesToFRAM
 .text.StartFRAM
                0x2000c49c       0x2c ./src/InitSystem.o
                0x2000c49c                StartFRAM
 .text.StartI2C
                0x2000c4c8       0x38 ./src/InitSystem.o
                0x2000c4c8                StartI2C
 .text.StartSPI
                0x2000c500       0x34 ./src/InitSystem.o
                0x2000c500                StartSPI
 .text.StartTIME
                0x2000c534       0xbc ./src/InitSystem.o
                0x2000c534                StartTIME
 .text.DeploySystem
                0x2000c5f0      0x1a4 ./src/InitSystem.o
                0x2000c5f0                DeploySystem
 .text.InitSubsystems
                0x2000c794       0x60 ./src/InitSystem.o
                0x2000c794                InitSubsystems
 .text.CMD_getInfoImage
                0x2000c7f4      0x158 ./src/TLM_management.o
                0x2000c7f4                CMD_getInfoImage
 .text.CMD_getDataImage
                0x2000c94c      0x218 ./src/TLM_management.o
                0x2000c94c                CMD_getDataImage
 .text.delete_allTMFilesFromSD
                0x2000cb64       0x8c ./src/TLM_management.o
                0x2000cb64                delete_allTMFilesFromSD
 .text.deleteTLMFiles
                0x2000cbf0       0x94 ./src/TLM_management.o
                0x2000cbf0                deleteTLMFiles
 .text.deleteTLMFile
                0x2000cc84       0xcc ./src/TLM_management.o
                0x2000cc84                deleteTLMFile
 .text.deleteTLMbyMonth
                0x2000cd50       0xac ./src/TLM_management.o
                0x2000cd50                deleteTLMbyMonth
 .text.deleteDirectory
                0x2000cdfc      0x158 ./src/TLM_management.o
                0x2000cdfc                deleteDirectory
 .text.InitializeFS
                0x2000cf54      0x100 ./src/TLM_management.o
                0x2000cf54                InitializeFS
 .text.calculateFileName
                0x2000d054      0x130 ./src/TLM_management.o
                0x2000d054                calculateFileName
 .text.getTlmTypeInfo
                0x2000d184      0x230 ./src/TLM_management.o
                0x2000d184                getTlmTypeInfo
 .text.write2File
                0x2000d3b4      0x1dc ./src/TLM_management.o
                0x2000d3b4                write2File
 .text.printTLM
                0x2000d590      0x490 ./src/TLM_management.o
                0x2000d590                printTLM
 .text.readTLMFile
                0x2000da20      0x328 ./src/TLM_management.o
                0x2000da20                readTLMFile
 .text.readTLMFiles
                0x2000dd48       0xdc ./src/TLM_management.o
                0x2000dd48                readTLMFiles
 .text.readTLMFileTimeRange
                0x2000de24      0x2f0 ./src/TLM_management.o
                0x2000de24                readTLMFileTimeRange
 .text.DeInitializeFS
                0x2000e114       0x38 ./src/TLM_management.o
                0x2000e114                DeInitializeFS
 .text.main     0x2000e14c       0x98 ./src/main.o
                0x2000e14c                main
 .text.timeU2time
                0x2000e1e4       0xbc ./src/utils.o
                0x2000e1e4                timeU2time
 .text.logError
                0x2000e2a0      0x134 ./src/utils.o
                0x2000e2a0                logError
 .text.clearPDCtransfers
                0x2000e3d4       0xe8 C:/ISIS/workspace/ycube/GlobusSatProject/..//hal/hal/lib\libHALD.a(SPI.o)
 .text.SPI_start
                0x2000e4bc      0x4b0 C:/ISIS/workspace/ycube/GlobusSatProject/..//hal/hal/lib\libHALD.a(SPI.o)
                0x2000e4bc                SPI_start
 .text.SPI_stop
                0x2000e96c      0x244 C:/ISIS/workspace/ycube/GlobusSatProject/..//hal/hal/lib\libHALD.a(SPI.o)
                0x2000e96c                SPI_stop
 .text.SPI_queueTransfer
                0x2000ebb0      0x1cc C:/ISIS/workspace/ycube/GlobusSatProject/..//hal/hal/lib\libHALD.a(SPI.o)
                0x2000ebb0                SPI_queueTransfer
 .text.SPI_internalCallback
                0x2000ed7c       0x64 C:/ISIS/workspace/ycube/GlobusSatProject/..//hal/hal/lib\libHALD.a(SPI.o)
 .text.SPI_writeRead
                0x2000ede0      0x1c0 C:/ISIS/workspace/ycube/GlobusSatProject/..//hal/hal/lib\libHALD.a(SPI.o)
                0x2000ede0                SPI_writeRead
 .text.waitForTransfer
                0x2000efa0       0x78 C:/ISIS/workspace/ycube/GlobusSatProject/..//hal/hal/lib\libHALD.a(SPI.o)
 .text.SPI_getDriverState
                0x2000f018       0x58 C:/ISIS/workspace/ycube/GlobusSatProject/..//hal/hal/lib\libHALD.a(SPI.o)
                0x2000f018                SPI_getDriverState
 .text.validateTransferParameters
                0x2000f070      0x10c C:/ISIS/workspace/ycube/GlobusSatProject/..//hal/hal/lib\libHALD.a(I2C.o)
 .text.I2C_queueTransfer
                0x2000f17c       0xfc C:/ISIS/workspace/ycube/GlobusSatProject/..//hal/hal/lib\libHALD.a(I2C.o)
                0x2000f17c                I2C_queueTransfer
 .text.I2C_internalCallback
                0x2000f278       0x64 C:/ISIS/workspace/ycube/GlobusSatProject/..//hal/hal/lib\libHALD.a(I2C.o)
 .text.I2C_doBlockingTransfer
                0x2000f2dc      0x180 C:/ISIS/workspace/ycube/GlobusSatProject/..//hal/hal/lib\libHALD.a(I2C.o)
 .text.I2C_write
                0x2000f45c      0x110 C:/ISIS/workspace/ycube/GlobusSatProject/..//hal/hal/lib\libHALD.a(I2C.o)
                0x2000f45c                I2C_write
 .text.I2C_read
                0x2000f56c      0x110 C:/ISIS/workspace/ycube/GlobusSatProject/..//hal/hal/lib\libHALD.a(I2C.o)
                0x2000f56c                I2C_read
 .text.I2C_writeRead
                0x2000f67c      0x17c C:/ISIS/workspace/ycube/GlobusSatProject/..//hal/hal/lib\libHALD.a(I2C.o)
                0x2000f67c                I2C_writeRead
 .text.I2C_start
                0x2000f7f8      0x2e8 C:/ISIS/workspace/ycube/GlobusSatProject/..//hal/hal/lib\libHALD.a(I2C.o)
                0x2000f7f8                I2C_start
 .text.I2C_stop
                0x2000fae0      0x184 C:/ISIS/workspace/ycube/GlobusSatProject/..//hal/hal/lib\libHALD.a(I2C.o)
                0x2000fae0                I2C_stop
 .text.I2C_setTransferTimeout
                0x2000fc64       0x48 C:/ISIS/workspace/ycube/GlobusSatProject/..//hal/hal/lib\libHALD.a(I2C.o)
                0x2000fc64                I2C_setTransferTimeout
 .text.ADC_ConvertRaw10bitToMillivolt
                0x2000fcac       0x50 C:/ISIS/workspace/ycube/GlobusSatProject/..//hal/hal/lib\libHALD.a(ADC.o)
                0x2000fcac                ADC_ConvertRaw10bitToMillivolt
 .text.ADC_SingleShot
                0x2000fcfc      0x230 C:/ISIS/workspace/ycube/GlobusSatProject/..//hal/hal/lib\libHALD.a(ADC.o)
                0x2000fcfc                ADC_SingleShot
 .text.FRAM_start
                0x2000ff2c      0x120 C:/ISIS/workspace/ycube/GlobusSatProject/..//hal/hal/lib\libHALD.a(FRAM.o)
                0x2000ff2c                FRAM_start
 .text.FRAM_stop
                0x2001004c       0x6c C:/ISIS/workspace/ycube/GlobusSatProject/..//hal/hal/lib\libHALD.a(FRAM.o)
                0x2001004c                FRAM_stop
 .text.FRAM_dummyCallback
                0x200100b8       0x24 C:/ISIS/workspace/ycube/GlobusSatProject/..//hal/hal/lib\libHALD.a(FRAM.o)
                0x200100b8                FRAM_dummyCallback
 .text.FRAM_unlockingCallback
                0x200100dc       0x64 C:/ISIS/workspace/ycube/GlobusSatProject/..//hal/hal/lib\libHALD.a(FRAM.o)
                0x200100dc                FRAM_unlockingCallback
 .text.doBlockingTransfer
                0x20010140       0x78 C:/ISIS/workspace/ycube/GlobusSatProject/..//hal/hal/lib\libHALD.a(FRAM.o)
 .text.FRAM_writePacket
                0x200101b8      0x134 C:/ISIS/workspace/ycube/GlobusSatProject/..//hal/hal/lib\libHALD.a(FRAM.o)
 .text.FRAM_write
                0x200102ec      0x1e0 C:/ISIS/workspace/ycube/GlobusSatProject/..//hal/hal/lib\libHALD.a(FRAM.o)
                0x200102ec                FRAM_write
 .text.FRAM_readPacket
                0x200104cc       0xf0 C:/ISIS/workspace/ycube/GlobusSatProject/..//hal/hal/lib\libHALD.a(FRAM.o)
 .text.FRAM_read
                0x200105bc      0x1ec C:/ISIS/workspace/ycube/GlobusSatProject/..//hal/hal/lib\libHALD.a(FRAM.o)
                0x200105bc                FRAM_read
 .text.Time_start
                0x200107a8      0x170 C:/ISIS/workspace/ycube/GlobusSatProject/..//hal/hal/lib\libHALD.a(Time.o)
                0x200107a8                Time_start
 .text.taskTimeSync
                0x20010918       0x64 C:/ISIS/workspace/ycube/GlobusSatProject/..//hal/hal/lib\libHALD.a(Time.o)
 .text.Time_convertEpochToTime
                0x2001097c      0x100 C:/ISIS/workspace/ycube/GlobusSatProject/..//hal/hal/lib\libHALD.a(Time.o)
                0x2001097c                Time_convertEpochToTime
 .text.Time_calculateSecondsOfYear
                0x20010a7c       0xd8 C:/ISIS/workspace/ycube/GlobusSatProject/..//hal/hal/lib\libHALD.a(Time.o)
 .text.Time_set
                0x20010b54       0xd8 C:/ISIS/workspace/ycube/GlobusSatProject/..//hal/hal/lib\libHALD.a(Time.o)
                0x20010b54                Time_set
 .text.Time_isLeapYear
                0x20010c2c       0x98 C:/ISIS/workspace/ycube/GlobusSatProject/..//hal/hal/lib\libHALD.a(Time.o)
                0x20010c2c                Time_isLeapYear
 .text.Time_get
                0x20010cc4      0x478 C:/ISIS/workspace/ycube/GlobusSatProject/..//hal/hal/lib\libHALD.a(Time.o)
                0x20010cc4                Time_get
 .text.Time_getUnixEpoch
                0x2001113c      0x108 C:/ISIS/workspace/ycube/GlobusSatProject/..//hal/hal/lib\libHALD.a(Time.o)
                0x2001113c                Time_getUnixEpoch
 .text.Time_secondsOfYearToTime
                0x20011244      0x33c C:/ISIS/workspace/ycube/GlobusSatProject/..//hal/hal/lib\libHALD.a(Time.o)
 .text.Time_setUnixEpoch
                0x20011580       0x54 C:/ISIS/workspace/ycube/GlobusSatProject/..//hal/hal/lib\libHALD.a(Time.o)
                0x20011580                Time_setUnixEpoch
 .text.Time_getUptimeSeconds
                0x200115d4       0x28 C:/ISIS/workspace/ycube/GlobusSatProject/..//hal/hal/lib\libHALD.a(Time.o)
                0x200115d4                Time_getUptimeSeconds
 .text.Time_sync
                0x200115fc      0x1a8 C:/ISIS/workspace/ycube/GlobusSatProject/..//hal/hal/lib\libHALD.a(Time.o)
                0x200115fc                Time_sync
 .text.Time_syncIfNeeded
                0x200117a4       0xac C:/ISIS/workspace/ycube/GlobusSatProject/..//hal/hal/lib\libHALD.a(Time.o)
                0x200117a4                Time_syncIfNeeded
 .text.WDT_start
                0x20011850       0x48 C:/ISIS/workspace/ycube/GlobusSatProject/..//hal/hal/lib\libHALD.a(WatchDogTimerNoOS.o)
                0x20011850                WDT_start
 .text.RTT_start
                0x20011898       0x24 C:/ISIS/workspace/ycube/GlobusSatProject/..//hal/hal/lib\libHALD.a(RTT.o)
                0x20011898                RTT_start
 .text.RTT_GetTime
                0x200118bc       0x24 C:/ISIS/workspace/ycube/GlobusSatProject/..//hal/hal/lib\libHALD.a(RTT.o)
                0x200118bc                RTT_GetTime
 .text.RTC_start
                0x200118e0       0x3c C:/ISIS/workspace/ycube/GlobusSatProject/..//hal/hal/lib\libHALD.a(RTC.o)
                0x200118e0                RTC_start
 .text.RTC_setTime
                0x2001191c      0x2a4 C:/ISIS/workspace/ycube/GlobusSatProject/..//hal/hal/lib\libHALD.a(RTC.o)
                0x2001191c                RTC_setTime
 .text.RTC_getTime
                0x20011bc0      0x230 C:/ISIS/workspace/ycube/GlobusSatProject/..//hal/hal/lib\libHALD.a(RTC.o)
                0x20011bc0                RTC_getTime
 .text.RTC_checkTimeValid
                0x20011df0       0xd8 C:/ISIS/workspace/ycube/GlobusSatProject/..//hal/hal/lib\libHALD.a(RTC.o)
                0x20011df0                RTC_checkTimeValid
 .text.WDT_startWatchdogKickTask
                0x20011ec8       0xb4 C:/ISIS/workspace/ycube/GlobusSatProject/..//hal/hal/lib\libHALD.a(WatchDogTimerOS.o)
                0x20011ec8                WDT_startWatchdogKickTask
 .text.WDT_forceKickEveryNms
                0x20011f7c       0x50 C:/ISIS/workspace/ycube/GlobusSatProject/..//hal/hal/lib\libHALD.a(WatchDogTimerOS.o)
                0x20011f7c                WDT_forceKickEveryNms
 .text.f_puts   0x20011fcc       0x80 C:/ISIS/workspace/ycube/GlobusSatProject/..//hal/hal/lib\libHALD.a(fprintf.o)
                0x20011fcc                f_puts
 .text.UTIL_DbguGetInteger
                0x2001204c      0x168 C:/ISIS/workspace/ycube/GlobusSatProject/..//hal/hal/lib\libHALD.a(util.o)
                0x2001204c                UTIL_DbguGetInteger
 .text.UTIL_DbguGetIntegerMinMax
                0x200121b4       0xa4 C:/ISIS/workspace/ycube/GlobusSatProject/..//hal/hal/lib\libHALD.a(util.o)
                0x200121b4                UTIL_DbguGetIntegerMinMax
 .text.LED_glow
                0x20012258       0x58 C:/ISIS/workspace/ycube/GlobusSatProject/..//hal/hal/lib\libHALD.a(LED.o)
                0x20012258                LED_glow
 .text.LED_dark
                0x200122b0       0x58 C:/ISIS/workspace/ycube/GlobusSatProject/..//hal/hal/lib\libHALD.a(LED.o)
                0x200122b0                LED_dark
 .text.LED_toggle
                0x20012308       0x50 C:/ISIS/workspace/ycube/GlobusSatProject/..//hal/hal/lib\libHALD.a(LED.o)
                0x20012308                LED_toggle
 .text.fm_initvolume
                0x20012358       0x70 C:/ISIS/workspace/ycube/GlobusSatProject/..//hal/hcc/lib\libHCCD.a(fat_m.o)
                0x20012358                fm_initvolume
 .text.fm_delvolume
                0x200123c8       0x60 C:/ISIS/workspace/ycube/GlobusSatProject/..//hal/hcc/lib\libHCCD.a(fat_m.o)
                0x200123c8                fm_delvolume
 .text.fm_getdrive
                0x20012428       0x70 C:/ISIS/workspace/ycube/GlobusSatProject/..//hal/hcc/lib\libHCCD.a(fat_m.o)
                0x20012428                fm_getdrive
 .text.fm_getfreespace
                0x20012498       0x68 C:/ISIS/workspace/ycube/GlobusSatProject/..//hal/hcc/lib\libHCCD.a(fat_m.o)
                0x20012498                fm_getfreespace
 .text.fm_mkdir
                0x20012500       0x60 C:/ISIS/workspace/ycube/GlobusSatProject/..//hal/hcc/lib\libHCCD.a(fat_m.o)
                0x20012500                fm_mkdir
 .text.fm_rmdir
                0x20012560       0x60 C:/ISIS/workspace/ycube/GlobusSatProject/..//hal/hcc/lib\libHCCD.a(fat_m.o)
                0x20012560                fm_rmdir
 .text.fm_findfirst
                0x200125c0       0x68 C:/ISIS/workspace/ycube/GlobusSatProject/..//hal/hcc/lib\libHCCD.a(fat_m.o)
                0x200125c0                fm_findfirst
 .text.fm_findnext
                0x20012628       0x60 C:/ISIS/workspace/ycube/GlobusSatProject/..//hal/hcc/lib\libHCCD.a(fat_m.o)
                0x20012628                fm_findnext
 .text.fm_close
                0x20012688       0x60 C:/ISIS/workspace/ycube/GlobusSatProject/..//hal/hcc/lib\libHCCD.a(fat_m.o)
                0x20012688                fm_close
 .text.fm_flush
                0x200126e8       0x60 C:/ISIS/workspace/ycube/GlobusSatProject/..//hal/hcc/lib\libHCCD.a(fat_m.o)
                0x200126e8                fm_flush
 .text.fm_open  0x20012748       0x68 C:/ISIS/workspace/ycube/GlobusSatProject/..//hal/hcc/lib\libHCCD.a(fat_m.o)
                0x20012748                fm_open
 .text.fm_read  0x200127b0       0x7c C:/ISIS/workspace/ycube/GlobusSatProject/..//hal/hcc/lib\libHCCD.a(fat_m.o)
                0x200127b0                fm_read
 .text.fm_write
                0x2001282c       0x7c C:/ISIS/workspace/ycube/GlobusSatProject/..//hal/hcc/lib\libHCCD.a(fat_m.o)
                0x2001282c                fm_write
 .text.fm_seek  0x200128a8       0x70 C:/ISIS/workspace/ycube/GlobusSatProject/..//hal/hcc/lib\libHCCD.a(fat_m.o)
                0x200128a8                fm_seek
 .text.fm_tell  0x20012918       0x60 C:/ISIS/workspace/ycube/GlobusSatProject/..//hal/hcc/lib\libHCCD.a(fat_m.o)
                0x20012918                fm_tell
 .text.fm_putc  0x20012978       0x68 C:/ISIS/workspace/ycube/GlobusSatProject/..//hal/hcc/lib\libHCCD.a(fat_m.o)
                0x20012978                fm_putc
 .text.fm_rewind
                0x200129e0       0x60 C:/ISIS/workspace/ycube/GlobusSatProject/..//hal/hcc/lib\libHCCD.a(fat_m.o)
                0x200129e0                fm_rewind
 .text.fm_delete
                0x20012a40       0x64 C:/ISIS/workspace/ycube/GlobusSatProject/..//hal/hcc/lib\libHCCD.a(fat_m.o)
                0x20012a40                fm_delete
 .text.fm_getlasterror
                0x20012aa4       0x40 C:/ISIS/workspace/ycube/GlobusSatProject/..//hal/hcc/lib\libHCCD.a(fat_m.o)
                0x20012aa4                fm_getlasterror
 .text._f_invalidatedir
                0x20012ae4       0x28 C:/ISIS/workspace/ycube/GlobusSatProject/..//hal/hcc/lib\libHCCD.a(fat.o)
                0x20012ae4                _f_invalidatedir
 .text._f_getdirsector
                0x20012b0c       0x88 C:/ISIS/workspace/ycube/GlobusSatProject/..//hal/hcc/lib\libHCCD.a(fat.o)
                0x20012b0c                _f_getdirsector
 .text._f_writedirsector
                0x20012b94       0x74 C:/ISIS/workspace/ycube/GlobusSatProject/..//hal/hcc/lib\libHCCD.a(fat.o)
                0x20012b94                _f_writedirsector
 .text._f_checknameinv
                0x20012c08      0x180 C:/ISIS/workspace/ycube/GlobusSatProject/..//hal/hcc/lib\libHCCD.a(fat.o)
 .text._f_checkname
                0x20012d88       0x7c C:/ISIS/workspace/ycube/GlobusSatProject/..//hal/hcc/lib\libHCCD.a(fat.o)
 .text._f_checknamewc
                0x20012e04       0xf8 C:/ISIS/workspace/ycube/GlobusSatProject/..//hal/hcc/lib\libHCCD.a(fat.o)
 .text._f_setnameext
                0x20012efc      0x300 C:/ISIS/workspace/ycube/GlobusSatProject/..//hal/hcc/lib\libHCCD.a(fat.o)
 .text._f_setfsname
                0x200131fc      0x584 C:/ISIS/workspace/ycube/GlobusSatProject/..//hal/hcc/lib\libHCCD.a(fat.o)
 .text._f_findfile
                0x20013780      0x30c C:/ISIS/workspace/ycube/GlobusSatProject/..//hal/hcc/lib\libHCCD.a(fat.o)
 .text._f_cmp_wname
                0x20013a8c      0x274 C:/ISIS/workspace/ycube/GlobusSatProject/..//hal/hcc/lib\libHCCD.a(fat.o)
 .text._f_to_string
                0x20013d00      0x130 C:/ISIS/workspace/ycube/GlobusSatProject/..//hal/hcc/lib\libHCCD.a(fat.o)
 .text._f_findfilewc
                0x20013e30      0x278 C:/ISIS/workspace/ycube/GlobusSatProject/..//hal/hcc/lib\libHCCD.a(fat.o)
 .text._f_getfilename
                0x200140a8      0x20c C:/ISIS/workspace/ycube/GlobusSatProject/..//hal/hcc/lib\libHCCD.a(fat.o)
 .text._f_findpath
                0x200142b4      0x35c C:/ISIS/workspace/ycube/GlobusSatProject/..//hal/hcc/lib\libHCCD.a(fat.o)
 .text.fn_getdcwd
                0x20014610      0x1e0 C:/ISIS/workspace/ycube/GlobusSatProject/..//hal/hcc/lib\libHCCD.a(fat.o)
                0x20014610                fn_getdcwd
 .text.fn_findfirst
                0x200147f0      0x13c C:/ISIS/workspace/ycube/GlobusSatProject/..//hal/hcc/lib\libHCCD.a(fat.o)
                0x200147f0                fn_findfirst
 .text.fn_findnext
                0x2001492c      0x360 C:/ISIS/workspace/ycube/GlobusSatProject/..//hal/hcc/lib\libHCCD.a(fat.o)
                0x2001492c                fn_findnext
 .text._f_lock_resfile
                0x20014c8c       0x6c C:/ISIS/workspace/ycube/GlobusSatProject/..//hal/hcc/lib\libHCCD.a(fat.o)
 .text._f_unlock_resfile
                0x20014cf8       0x40 C:/ISIS/workspace/ycube/GlobusSatProject/..//hal/hcc/lib\libHCCD.a(fat.o)
 .text._f_getintfile
                0x20014d38      0x124 C:/ISIS/workspace/ycube/GlobusSatProject/..//hal/hcc/lib\libHCCD.a(fat.o)
 .text._f_addentry
                0x20014e5c      0x540 C:/ISIS/workspace/ycube/GlobusSatProject/..//hal/hcc/lib\libHCCD.a(fat.o)
 .text.fn_mkdir
                0x2001539c      0x75c C:/ISIS/workspace/ycube/GlobusSatProject/..//hal/hcc/lib\libHCCD.a(fat.o)
                0x2001539c                fn_mkdir
 .text.fn_open_sub
                0x20015af8     0x1698 C:/ISIS/workspace/ycube/GlobusSatProject/..//hal/hcc/lib\libHCCD.a(fat.o)
 .text.fn_open  0x20017190       0x44 C:/ISIS/workspace/ycube/GlobusSatProject/..//hal/hcc/lib\libHCCD.a(fat.o)
                0x20017190                fn_open
 .text.fn_delete
                0x200171d4      0x490 C:/ISIS/workspace/ycube/GlobusSatProject/..//hal/hcc/lib\libHCCD.a(fat.o)
                0x200171d4                fn_delete
 .text.fn_rmdir
                0x20017664      0x5ac C:/ISIS/workspace/ycube/GlobusSatProject/..//hal/hcc/lib\libHCCD.a(fat.o)
                0x20017664                fn_rmdir
 .text.fn_init  0x20017c10      0x2dc C:/ISIS/workspace/ycube/GlobusSatProject/..//hal/hcc/lib\libHCCD.a(fat_common.o)
                0x20017c10                fn_init
 .text.fn_start
                0x20017eec       0x1c C:/ISIS/workspace/ycube/GlobusSatProject/..//hal/hcc/lib\libHCCD.a(fat_common.o)
                0x20017eec                fn_start
 .text.fsn_delete
                0x20017f08       0xc8 C:/ISIS/workspace/ycube/GlobusSatProject/..//hal/hcc/lib\libHCCD.a(fat_common.o)
                0x20017f08                fsn_delete
 .text._f_get16bitl
                0x20017fd0       0x4c C:/ISIS/workspace/ycube/GlobusSatProject/..//hal/hcc/lib\libHCCD.a(fat_common.o)
                0x20017fd0                _f_get16bitl
 .text._f_set16bitl
                0x2001801c       0x54 C:/ISIS/workspace/ycube/GlobusSatProject/..//hal/hcc/lib\libHCCD.a(fat_common.o)
                0x2001801c                _f_set16bitl
 .text._f_get32bitl
                0x20018070       0x68 C:/ISIS/workspace/ycube/GlobusSatProject/..//hal/hcc/lib\libHCCD.a(fat_common.o)
                0x20018070                _f_get32bitl
 .text._f_set32bitl
                0x200180d8       0x78 C:/ISIS/workspace/ycube/GlobusSatProject/..//hal/hcc/lib\libHCCD.a(fat_common.o)
                0x200180d8                _f_set32bitl
 .text._get8bit
                0x20018150       0xa0 C:/ISIS/workspace/ycube/GlobusSatProject/..//hal/hcc/lib\libHCCD.a(fat_common.o)
 .text._get16bitl
                0x200181f0       0x40 C:/ISIS/workspace/ycube/GlobusSatProject/..//hal/hcc/lib\libHCCD.a(fat_common.o)
 .text._get32bitl
                0x20018230       0x3c C:/ISIS/workspace/ycube/GlobusSatProject/..//hal/hcc/lib\libHCCD.a(fat_common.o)
 .text._f_setcardremoved
                0x2001826c       0x94 C:/ISIS/workspace/ycube/GlobusSatProject/..//hal/hcc/lib\libHCCD.a(fat_common.o)
 .text._f_checkstatus
                0x20018300      0x104 C:/ISIS/workspace/ycube/GlobusSatProject/..//hal/hcc/lib\libHCCD.a(fat_common.o)
                0x20018300                _f_checkstatus
 .text._f_drvgetphy
                0x20018404      0x114 C:/ISIS/workspace/ycube/GlobusSatProject/..//hal/hcc/lib\libHCCD.a(fat_common.o)
 .text._f_drvwritesector
                0x20018518       0xdc C:/ISIS/workspace/ycube/GlobusSatProject/..//hal/hcc/lib\libHCCD.a(fat_common.o)
 .text._f_drvreadsector
                0x200185f4       0xa8 C:/ISIS/workspace/ycube/GlobusSatProject/..//hal/hcc/lib\libHCCD.a(fat_common.o)
 .text._f_writesector
                0x2001869c      0x23c C:/ISIS/workspace/ycube/GlobusSatProject/..//hal/hcc/lib\libHCCD.a(fat_common.o)
                0x2001869c                _f_writesector
 .text._f_readsector
                0x200188d8      0x1dc C:/ISIS/workspace/ycube/GlobusSatProject/..//hal/hcc/lib\libHCCD.a(fat_common.o)
                0x200188d8                _f_readsector
 .text._f_getmaxcluster
                0x20018ab4       0x94 C:/ISIS/workspace/ycube/GlobusSatProject/..//hal/hcc/lib\libHCCD.a(fat_common.o)
                0x20018ab4                _f_getmaxcluster
 .text._getsectorfromcluster
                0x20018b48       0x68 C:/ISIS/workspace/ycube/GlobusSatProject/..//hal/hcc/lib\libHCCD.a(fat_common.o)
 .text._f_buildsectors
                0x20018bb0      0x268 C:/ISIS/workspace/ycube/GlobusSatProject/..//hal/hcc/lib\libHCCD.a(fat_common.o)
 .text._f_getbootrecord
                0x20018e18      0x5e4 C:/ISIS/workspace/ycube/GlobusSatProject/..//hal/hcc/lib\libHCCD.a(fat_common.o)
 .text._f_readbootrecord
                0x200193fc      0x4f8 C:/ISIS/workspace/ycube/GlobusSatProject/..//hal/hcc/lib\libHCCD.a(fat_common.o)
 .text._f_flushcffiles
                0x200198f4      0x17c C:/ISIS/workspace/ycube/GlobusSatProject/..//hal/hcc/lib\libHCCD.a(fat_common.o)
                0x200198f4                _f_flushcffiles
 .text._f_fatcache_flush
                0x20019a70      0x270 C:/ISIS/workspace/ycube/GlobusSatProject/..//hal/hcc/lib\libHCCD.a(fat_common.o)
                0x20019a70                _f_fatcache_flush
 .text._f_writefatsector
                0x20019ce0      0x100 C:/ISIS/workspace/ycube/GlobusSatProject/..//hal/hcc/lib\libHCCD.a(fat_common.o)
                0x20019ce0                _f_writefatsector
 .text._f_getfatsector
                0x20019de0      0x3bc C:/ISIS/workspace/ycube/GlobusSatProject/..//hal/hcc/lib\libHCCD.a(fat_common.o)
 .text._f_setclustervalue
                0x2001a19c      0x490 C:/ISIS/workspace/ycube/GlobusSatProject/..//hal/hcc/lib\libHCCD.a(fat_common.o)
                0x2001a19c                _f_setclustervalue
 .text._f_getclustervalue
                0x2001a62c      0x388 C:/ISIS/workspace/ycube/GlobusSatProject/..//hal/hcc/lib\libHCCD.a(fat_common.o)
                0x2001a62c                _f_getclustervalue
 .text._f_close_drive_files
                0x2001a9b4       0xac C:/ISIS/workspace/ycube/GlobusSatProject/..//hal/hcc/lib\libHCCD.a(fat_common.o)
 .text._f_inc_mount_count
                0x2001aa60       0xa4 C:/ISIS/workspace/ycube/GlobusSatProject/..//hal/hcc/lib\libHCCD.a(fat_common.o)
 .text._f_getvolume
                0x2001ab04      0x2f8 C:/ISIS/workspace/ycube/GlobusSatProject/..//hal/hcc/lib\libHCCD.a(fat_common.o)
                0x2001ab04                _f_getvolume
 .text.fn_createdriver
                0x2001adfc      0x118 C:/ISIS/workspace/ycube/GlobusSatProject/..//hal/hcc/lib\libHCCD.a(fat_common.o)
                0x2001adfc                fn_createdriver
 .text.fn_initvolume
                0x2001af14      0x12c C:/ISIS/workspace/ycube/GlobusSatProject/..//hal/hcc/lib\libHCCD.a(fat_common.o)
                0x2001af14                fn_initvolume
 .text.fn_releasedriver
                0x2001b040       0xf4 C:/ISIS/workspace/ycube/GlobusSatProject/..//hal/hcc/lib\libHCCD.a(fat_common.o)
                0x2001b040                fn_releasedriver
 .text.fn_initvolumepartition_sub
                0x2001b134       0xe0 C:/ISIS/workspace/ycube/GlobusSatProject/..//hal/hcc/lib\libHCCD.a(fat_common.o)
 .text.fn_initvolumepartition
                0x2001b214       0xac C:/ISIS/workspace/ycube/GlobusSatProject/..//hal/hcc/lib\libHCCD.a(fat_common.o)
                0x2001b214                fn_initvolumepartition
 .text.fn_delvolume
                0x2001b2c0      0x194 C:/ISIS/workspace/ycube/GlobusSatProject/..//hal/hcc/lib\libHCCD.a(fat_common.o)
                0x2001b2c0                fn_delvolume
 .text._f_clustertopos
                0x2001b454       0xf8 C:/ISIS/workspace/ycube/GlobusSatProject/..//hal/hcc/lib\libHCCD.a(fat_common.o)
                0x2001b454                _f_clustertopos
 .text._f_getcurrsector
                0x2001b54c      0x6c8 C:/ISIS/workspace/ycube/GlobusSatProject/..//hal/hcc/lib\libHCCD.a(fat_common.o)
                0x2001b54c                _f_getcurrsector
 .text._f_getdecluster
                0x2001bc14       0x90 C:/ISIS/workspace/ycube/GlobusSatProject/..//hal/hcc/lib\libHCCD.a(fat_common.o)
                0x2001bc14                _f_getdecluster
 .text._f_setdecluster
                0x2001bca4       0x8c C:/ISIS/workspace/ycube/GlobusSatProject/..//hal/hcc/lib\libHCCD.a(fat_common.o)
                0x2001bca4                _f_setdecluster
 .text.fn_getdrive
                0x2001bd30       0x30 C:/ISIS/workspace/ycube/GlobusSatProject/..//hal/hcc/lib\libHCCD.a(fat_common.o)
                0x2001bd30                fn_getdrive
 .text._f_getcurrenttimedate
                0x2001bd60      0x138 C:/ISIS/workspace/ycube/GlobusSatProject/..//hal/hcc/lib\libHCCD.a(fat_common.o)
                0x2001bd60                _f_getcurrenttimedate
 .text._f_initentry
                0x2001be98       0xa0 C:/ISIS/workspace/ycube/GlobusSatProject/..//hal/hcc/lib\libHCCD.a(fat_common.o)
                0x2001be98                _f_initentry
 .text._f_alloccluster
                0x2001bf38      0x344 C:/ISIS/workspace/ycube/GlobusSatProject/..//hal/hcc/lib\libHCCD.a(fat_common.o)
                0x2001bf38                _f_alloccluster
 .text._f_dobadblock
                0x2001c27c      0x2cc C:/ISIS/workspace/ycube/GlobusSatProject/..//hal/hcc/lib\libHCCD.a(fat_common.o)
                0x2001c27c                _f_dobadblock
 .text._f_checklocked
                0x2001c548       0xe4 C:/ISIS/workspace/ycube/GlobusSatProject/..//hal/hcc/lib\libHCCD.a(fat_common.o)
                0x2001c548                _f_checklocked
 .text._f_checkappendlocked
                0x2001c62c      0x110 C:/ISIS/workspace/ycube/GlobusSatProject/..//hal/hcc/lib\libHCCD.a(fat_common.o)
                0x2001c62c                _f_checkappendlocked
 .text._f_setsyncafile
                0x2001c73c      0x114 C:/ISIS/workspace/ycube/GlobusSatProject/..//hal/hcc/lib\libHCCD.a(fat_common.o)
                0x2001c73c                _f_setsyncafile
 .text._f_syncfiles
                0x2001c850      0x128 C:/ISIS/workspace/ycube/GlobusSatProject/..//hal/hcc/lib\libHCCD.a(fat_common.o)
                0x2001c850                _f_syncfiles
 .text._f_syncfilescontent
                0x2001c978      0x15c C:/ISIS/workspace/ycube/GlobusSatProject/..//hal/hcc/lib\libHCCD.a(fat_common.o)
 .text.fn_getfreespace
                0x2001cad4      0x4c0 C:/ISIS/workspace/ycube/GlobusSatProject/..//hal/hcc/lib\libHCCD.a(fat_common.o)
                0x2001cad4                fn_getfreespace
 .text._f_emptywritecache
                0x2001cf94      0x4a4 C:/ISIS/workspace/ycube/GlobusSatProject/..//hal/hcc/lib\libHCCD.a(fat_common.o)
 .text._f_allocnextcluster
                0x2001d438      0x54c C:/ISIS/workspace/ycube/GlobusSatProject/..//hal/hcc/lib\libHCCD.a(fat_common.o)
 .text._f_emptywritebuffer
                0x2001d984      0x20c C:/ISIS/workspace/ycube/GlobusSatProject/..//hal/hcc/lib\libHCCD.a(fat_common.o)
 .text._f_writezeros
                0x2001db90       0xf0 C:/ISIS/workspace/ycube/GlobusSatProject/..//hal/hcc/lib\libHCCD.a(fat_common.o)
                0x2001db90                _f_writezeros
 .text._f_extend_file
                0x2001dc80      0x570 C:/ISIS/workspace/ycube/GlobusSatProject/..//hal/hcc/lib\libHCCD.a(fat_common.o)
 .text._f_fseek
                0x2001e1f0      0x9bc C:/ISIS/workspace/ycube/GlobusSatProject/..//hal/hcc/lib\libHCCD.a(fat_common.o)
                0x2001e1f0                _f_fseek
 .text._f_removechain
                0x2001ebac      0x104 C:/ISIS/workspace/ycube/GlobusSatProject/..//hal/hcc/lib\libHCCD.a(fat_common.o)
                0x2001ebac                _f_removechain
 .text._f_updatefileentry
                0x2001ecb0      0x1cc C:/ISIS/workspace/ycube/GlobusSatProject/..//hal/hcc/lib\libHCCD.a(fat_common.o)
 .text._f_checkreadlocked
                0x2001ee7c      0x1bc C:/ISIS/workspace/ycube/GlobusSatProject/..//hal/hcc/lib\libHCCD.a(fat_common.o)
                0x2001ee7c                _f_checkreadlocked
 .text._f_check_handle
                0x2001f038       0x98 C:/ISIS/workspace/ycube/GlobusSatProject/..//hal/hcc/lib\libHCCD.a(fat_common.o)
                0x2001f038                _f_check_handle
 .text._f_removesyncafile
                0x2001f0d0      0x1ec C:/ISIS/workspace/ycube/GlobusSatProject/..//hal/hcc/lib\libHCCD.a(fat_common.o)
 .text.fn_close
                0x2001f2bc      0x3f8 C:/ISIS/workspace/ycube/GlobusSatProject/..//hal/hcc/lib\libHCCD.a(fat_common.o)
                0x2001f2bc                fn_close
 .text.fn_flush
                0x2001f6b4      0x374 C:/ISIS/workspace/ycube/GlobusSatProject/..//hal/hcc/lib\libHCCD.a(fat_common.o)
                0x2001f6b4                fn_flush
 .text.fn_read  0x2001fa28      0x690 C:/ISIS/workspace/ycube/GlobusSatProject/..//hal/hcc/lib\libHCCD.a(fat_common.o)
                0x2001fa28                fn_read
 .text._f_abortwrite
                0x200200b8      0x100 C:/ISIS/workspace/ycube/GlobusSatProject/..//hal/hcc/lib\libHCCD.a(fat_common.o)
 .text._f_checkwritecluster
                0x200201b8       0xe4 C:/ISIS/workspace/ycube/GlobusSatProject/..//hal/hcc/lib\libHCCD.a(fat_common.o)
 .text.fn_write
                0x2002029c      0x8a8 C:/ISIS/workspace/ycube/GlobusSatProject/..//hal/hcc/lib\libHCCD.a(fat_common.o)
                0x2002029c                fn_write
 .text.fn_seek  0x20020b44      0x270 C:/ISIS/workspace/ycube/GlobusSatProject/..//hal/hcc/lib\libHCCD.a(fat_common.o)
                0x20020b44                fn_seek
 .text.fn_tell  0x20020db4      0x19c C:/ISIS/workspace/ycube/GlobusSatProject/..//hal/hcc/lib\libHCCD.a(fat_common.o)
                0x20020db4                fn_tell
 .text.fn_rewind
                0x20020f50       0x38 C:/ISIS/workspace/ycube/GlobusSatProject/..//hal/hcc/lib\libHCCD.a(fat_common.o)
                0x20020f50                fn_rewind
 .text.fn_putc  0x20020f88       0x68 C:/ISIS/workspace/ycube/GlobusSatProject/..//hal/hcc/lib\libHCCD.a(fat_common.o)
                0x20020f88                fn_putc
 .text.f_enterFS
                0x20020ff0      0x1c0 C:/ISIS/workspace/ycube/GlobusSatProject/..//hal/hcc/lib\libHCCD.a(fat_common.o)
                0x20020ff0                f_enterFS
 .text.f_releaseFS
                0x200211b0       0xb0 C:/ISIS/workspace/ycube/GlobusSatProject/..//hal/hcc/lib\libHCCD.a(fat_common.o)
                0x200211b0                f_releaseFS
 .text.fnGetTask
                0x20021260       0xfc C:/ISIS/workspace/ycube/GlobusSatProject/..//hal/hcc/lib\libHCCD.a(fat_common.o)
                0x20021260                fnGetTask
 .text._f_mutex_get
                0x2002135c       0x98 C:/ISIS/workspace/ycube/GlobusSatProject/..//hal/hcc/lib\libHCCD.a(fat_common.o)
                0x2002135c                _f_mutex_get
 .text._f_mutex_put
                0x200213f4       0x54 C:/ISIS/workspace/ycube/GlobusSatProject/..//hal/hcc/lib\libHCCD.a(fat_common.o)
                0x200213f4                _f_mutex_put
 .text._fn_initseekdivisor
                0x20021448      0x158 C:/ISIS/workspace/ycube/GlobusSatProject/..//hal/hcc/lib\libHCCD.a(fat_common.o)
                0x20021448                _fn_initseekdivisor
 .text._fn_updateseekpos
                0x200215a0       0xc4 C:/ISIS/workspace/ycube/GlobusSatProject/..//hal/hcc/lib\libHCCD.a(fat_common.o)
 .text._f_findopensize
                0x20021664       0x2c C:/ISIS/workspace/ycube/GlobusSatProject/..//hal/hcc/lib\libHCCD.a(fat_common.o)
                0x20021664                _f_findopensize
 .text.fn_setlasterror
                0x20021690       0x34 C:/ISIS/workspace/ycube/GlobusSatProject/..//hal/hcc/lib\libHCCD.a(fat_common.o)
                0x20021690                fn_setlasterror
 .text.fn_setlasterror_noret
                0x200216c4       0x2c C:/ISIS/workspace/ycube/GlobusSatProject/..//hal/hcc/lib\libHCCD.a(fat_common.o)
                0x200216c4                fn_setlasterror_noret
 .text._s_checkzeroclusteratend
                0x200216f0       0xf8 C:/ISIS/workspace/ycube/GlobusSatProject/..//hal/hcc/lib\libHCCD.a(safefat.o)
 .text._s_clearclustercontent
                0x200217e8      0x108 C:/ISIS/workspace/ycube/GlobusSatProject/..//hal/hcc/lib\libHCCD.a(safefat.o)
 .text._s_clearclustercontentdir
                0x200218f0      0x19c C:/ISIS/workspace/ycube/GlobusSatProject/..//hal/hcc/lib\libHCCD.a(safefat.o)
 .text._s_writedirsector
                0x20021a8c       0xd0 C:/ISIS/workspace/ycube/GlobusSatProject/..//hal/hcc/lib\libHCCD.a(safefat.o)
 .text._s_getdirsector
                0x20021b5c      0x100 C:/ISIS/workspace/ycube/GlobusSatProject/..//hal/hcc/lib\libHCCD.a(safefat.o)
 .text._s_addentry
                0x20021c5c      0x394 C:/ISIS/workspace/ycube/GlobusSatProject/..//hal/hcc/lib\libHCCD.a(safefat.o)
 .text._s_findfile
                0x20021ff0      0x33c C:/ISIS/workspace/ycube/GlobusSatProject/..//hal/hcc/lib\libHCCD.a(safefat.o)
 .text._s_findsubdir
                0x2002232c      0x248 C:/ISIS/workspace/ycube/GlobusSatProject/..//hal/hcc/lib\libHCCD.a(safefat.o)
 .text._s_createfile
                0x20022574      0x190 C:/ISIS/workspace/ycube/GlobusSatProject/..//hal/hcc/lib\libHCCD.a(safefat.o)
 .text._s_findsaffile
                0x20022704      0x1b8 C:/ISIS/workspace/ycube/GlobusSatProject/..//hal/hcc/lib\libHCCD.a(safefat.o)
 .text._s_open  0x200228bc       0xe4 C:/ISIS/workspace/ycube/GlobusSatProject/..//hal/hcc/lib\libHCCD.a(safefat.o)
 .text._s_open_saf
                0x200229a0       0xe8 C:/ISIS/workspace/ycube/GlobusSatProject/..//hal/hcc/lib\libHCCD.a(safefat.o)
 .text._s_flush
                0x20022a88       0x84 C:/ISIS/workspace/ycube/GlobusSatProject/..//hal/hcc/lib\libHCCD.a(safefat.o)
 .text._s_allocnextcluster
                0x20022b0c      0x13c C:/ISIS/workspace/ycube/GlobusSatProject/..//hal/hcc/lib\libHCCD.a(safefat.o)
 .text._s_getnextsector
                0x20022c48       0xdc C:/ISIS/workspace/ycube/GlobusSatProject/..//hal/hcc/lib\libHCCD.a(safefat.o)
 .text._s_seek  0x20022d24      0x1e8 C:/ISIS/workspace/ycube/GlobusSatProject/..//hal/hcc/lib\libHCCD.a(safefat.o)
 .text._s_get_len
                0x20022f0c      0x10c C:/ISIS/workspace/ycube/GlobusSatProject/..//hal/hcc/lib\libHCCD.a(safefat.o)
 .text._s_set_len
                0x20023018       0xb4 C:/ISIS/workspace/ycube/GlobusSatProject/..//hal/hcc/lib\libHCCD.a(safefat.o)
 .text.safe_fix_filelengths
                0x200230cc       0xcc C:/ISIS/workspace/ycube/GlobusSatProject/..//hal/hcc/lib\libHCCD.a(safefat.o)
                0x200230cc                safe_fix_filelengths
 .text._s_read  0x20023198      0x228 C:/ISIS/workspace/ycube/GlobusSatProject/..//hal/hcc/lib\libHCCD.a(safefat.o)
 .text._s_write
                0x200233c0      0x384 C:/ISIS/workspace/ycube/GlobusSatProject/..//hal/hcc/lib\libHCCD.a(safefat.o)
 .text._s_restoreclusters
                0x20023744      0x270 C:/ISIS/workspace/ycube/GlobusSatProject/..//hal/hcc/lib\libHCCD.a(safefat.o)
                0x20023744                _s_restoreclusters
 .text._s_findrestore
                0x200239b4      0x18c C:/ISIS/workspace/ycube/GlobusSatProject/..//hal/hcc/lib\libHCCD.a(safefat.o)
 .text._s_cmd_writede
                0x20023b40       0xd8 C:/ISIS/workspace/ycube/GlobusSatProject/..//hal/hcc/lib\libHCCD.a(safefat.o)
 .text._s_cmd_setcluster
                0x20023c18       0x88 C:/ISIS/workspace/ycube/GlobusSatProject/..//hal/hcc/lib\libHCCD.a(safefat.o)
 .text._s_cmd_deletechain
                0x20023ca0      0x100 C:/ISIS/workspace/ycube/GlobusSatProject/..//hal/hcc/lib\libHCCD.a(safefat.o)
 .text._s_cmd_validatecfn
                0x20023da0      0x308 C:/ISIS/workspace/ycube/GlobusSatProject/..//hal/hcc/lib\libHCCD.a(safefat.o)
 .text._s_cmd_seteof
                0x200240a8      0x3c4 C:/ISIS/workspace/ycube/GlobusSatProject/..//hal/hcc/lib\libHCCD.a(safefat.o)
 .text.safe_docommands
                0x2002446c      0x56c C:/ISIS/workspace/ycube/GlobusSatProject/..//hal/hcc/lib\libHCCD.a(safefat.o)
                0x2002446c                safe_docommands
 .text.safe_entercommand
                0x200249d8       0x68 C:/ISIS/workspace/ycube/GlobusSatProject/..//hal/hcc/lib\libHCCD.a(safefat.o)
                0x200249d8                safe_entercommand
 .text.safe_ready
                0x20024a40       0xf4 C:/ISIS/workspace/ycube/GlobusSatProject/..//hal/hcc/lib\libHCCD.a(safefat.o)
                0x20024a40                safe_ready
 .text.safe_copycfn
                0x20024b34       0xb8 C:/ISIS/workspace/ycube/GlobusSatProject/..//hal/hcc/lib\libHCCD.a(safefat.o)
                0x20024b34                safe_copycfn
 .text.safe_cfremove
                0x20024bec       0xb8 C:/ISIS/workspace/ycube/GlobusSatProject/..//hal/hcc/lib\libHCCD.a(safefat.o)
                0x20024bec                safe_cfremove
 .text.safe_writede
                0x20024ca4      0x104 C:/ISIS/workspace/ycube/GlobusSatProject/..//hal/hcc/lib\libHCCD.a(safefat.o)
                0x20024ca4                safe_writede
 .text.safe_setcluster
                0x20024da8       0xcc C:/ISIS/workspace/ycube/GlobusSatProject/..//hal/hcc/lib\libHCCD.a(safefat.o)
                0x20024da8                safe_setcluster
 .text.safe_deletechain
                0x20024e74      0x1c8 C:/ISIS/workspace/ycube/GlobusSatProject/..//hal/hcc/lib\libHCCD.a(safefat.o)
                0x20024e74                safe_deletechain
 .text.safe_cfclose
                0x2002503c      0x104 C:/ISIS/workspace/ycube/GlobusSatProject/..//hal/hcc/lib\libHCCD.a(safefat.o)
                0x2002503c                safe_cfclose
 .text.safe_cfflush
                0x20025140      0x124 C:/ISIS/workspace/ycube/GlobusSatProject/..//hal/hcc/lib\libHCCD.a(safefat.o)
                0x20025140                safe_cfflush
 .text.safe_reset
                0x20025264       0x78 C:/ISIS/workspace/ycube/GlobusSatProject/..//hal/hcc/lib\libHCCD.a(safefat.o)
                0x20025264                safe_reset
 .text.safe_loadcommands
                0x200252dc       0x78 C:/ISIS/workspace/ycube/GlobusSatProject/..//hal/hcc/lib\libHCCD.a(safefat.o)
                0x200252dc                safe_loadcommands
 .text.safe_poweron
                0x20025354      0x1fc C:/ISIS/workspace/ycube/GlobusSatProject/..//hal/hcc/lib\libHCCD.a(safefat.o)
                0x20025354                safe_poweron
 .text.cf_getname
                0x20025550       0xc0 C:/ISIS/workspace/ycube/GlobusSatProject/..//hal/hcc/lib\libHCCD.a(safefat.o)
 .text.cf_copyclusterchain
                0x20025610      0x138 C:/ISIS/workspace/ycube/GlobusSatProject/..//hal/hcc/lib\libHCCD.a(safefat.o)
 .text.cf_seektozero
                0x20025748       0x94 C:/ISIS/workspace/ycube/GlobusSatProject/..//hal/hcc/lib\libHCCD.a(safefat.o)
                0x20025748                cf_seektozero
 .text.cf_create
                0x200257dc      0x3a8 C:/ISIS/workspace/ycube/GlobusSatProject/..//hal/hcc/lib\libHCCD.a(safefat.o)
                0x200257dc                cf_create
 .text.cf_copyclustercontent
                0x20025b84      0x128 C:/ISIS/workspace/ycube/GlobusSatProject/..//hal/hcc/lib\libHCCD.a(safefat.o)
                0x20025b84                cf_copyclustercontent
 .text.cf_copycfn
                0x20025cac      0x4bc C:/ISIS/workspace/ycube/GlobusSatProject/..//hal/hcc/lib\libHCCD.a(safefat.o)
                0x20025cac                cf_copycfn
 .text.cf_remove
                0x20026168      0x344 C:/ISIS/workspace/ycube/GlobusSatProject/..//hal/hcc/lib\libHCCD.a(safefat.o)
                0x20026168                cf_remove
 .text.cf_setclusternew
                0x200264ac       0xf0 C:/ISIS/workspace/ycube/GlobusSatProject/..//hal/hcc/lib\libHCCD.a(safefat.o)
                0x200264ac                cf_setclusternew
 .text.cf_flush
                0x2002659c       0x58 C:/ISIS/workspace/ycube/GlobusSatProject/..//hal/hcc/lib\libHCCD.a(safefat.o)
                0x2002659c                cf_flush
 .text.cf_getcluster
                0x200265f4      0x1b4 C:/ISIS/workspace/ycube/GlobusSatProject/..//hal/hcc/lib\libHCCD.a(safefat.o)
                0x200265f4                cf_getcluster
 .text.cf_setnextcluster
                0x200267a8      0x194 C:/ISIS/workspace/ycube/GlobusSatProject/..//hal/hcc/lib\libHCCD.a(safefat.o)
                0x200267a8                cf_setnextcluster
 .text.cf_getpositions
                0x2002693c       0xbc C:/ISIS/workspace/ycube/GlobusSatProject/..//hal/hcc/lib\libHCCD.a(safefat.o)
                0x2002693c                cf_getpositions
 .text.cf_setpositions
                0x200269f8       0xb0 C:/ISIS/workspace/ycube/GlobusSatProject/..//hal/hcc/lib\libHCCD.a(safefat.o)
                0x200269f8                cf_setpositions
 .text.cf_opensyncafile
                0x20026aa8      0x150 C:/ISIS/workspace/ycube/GlobusSatProject/..//hal/hcc/lib\libHCCD.a(safefat.o)
                0x20026aa8                cf_opensyncafile
 .text.cf_reloadcfo
                0x20026bf8       0xd8 C:/ISIS/workspace/ycube/GlobusSatProject/..//hal/hcc/lib\libHCCD.a(safefat.o)
                0x20026bf8                cf_reloadcfo
 .text.mcipdc_cmd
                0x20026cd0      0x22c C:/ISIS/workspace/ycube/GlobusSatProject/..//hal/hcc/lib\libHCCD.a(atmel_mcipdc.o)
 .text.mcipdc_stop
                0x20026efc       0xfc C:/ISIS/workspace/ycube/GlobusSatProject/..//hal/hcc/lib\libHCCD.a(atmel_mcipdc.o)
                0x20026efc                mcipdc_stop
 .text.mcipdc_read
                0x20026ff8      0x27c C:/ISIS/workspace/ycube/GlobusSatProject/..//hal/hcc/lib\libHCCD.a(atmel_mcipdc.o)
 .text.mcipdc_write
                0x20027274      0x298 C:/ISIS/workspace/ycube/GlobusSatProject/..//hal/hcc/lib\libHCCD.a(atmel_mcipdc.o)
 .text.mcipdc_readsector
                0x2002750c       0x9c C:/ISIS/workspace/ycube/GlobusSatProject/..//hal/hcc/lib\libHCCD.a(atmel_mcipdc.o)
                0x2002750c                mcipdc_readsector
 .text.mcipdc_readmultiplesector
                0x200275a8      0x124 C:/ISIS/workspace/ycube/GlobusSatProject/..//hal/hcc/lib\libHCCD.a(atmel_mcipdc.o)
                0x200275a8                mcipdc_readmultiplesector
 .text.mcipdc_writesector
                0x200276cc       0x90 C:/ISIS/workspace/ycube/GlobusSatProject/..//hal/hcc/lib\libHCCD.a(atmel_mcipdc.o)
                0x200276cc                mcipdc_writesector
 .text.mcipdc_writemultiplesector
                0x2002775c      0x120 C:/ISIS/workspace/ycube/GlobusSatProject/..//hal/hcc/lib\libHCCD.a(atmel_mcipdc.o)
                0x2002775c                mcipdc_writemultiplesector
 .text.mcipdc_set_speed
                0x2002787c       0xb0 C:/ISIS/workspace/ycube/GlobusSatProject/..//hal/hcc/lib\libHCCD.a(atmel_mcipdc.o)
 .text.mcipdc_get_speed
                0x2002792c       0x48 C:/ISIS/workspace/ycube/GlobusSatProject/..//hal/hcc/lib\libHCCD.a(atmel_mcipdc.o)
 .text._get_csd_bits
                0x20027974      0x14c C:/ISIS/workspace/ycube/GlobusSatProject/..//hal/hcc/lib\libHCCD.a(atmel_mcipdc.o)
 .text.mcipdc_initcard
                0x20027ac0      0x8f4 C:/ISIS/workspace/ycube/GlobusSatProject/..//hal/hcc/lib\libHCCD.a(atmel_mcipdc.o)
 .text.mcipdc_getstatus
                0x200283b4       0xe8 C:/ISIS/workspace/ycube/GlobusSatProject/..//hal/hcc/lib\libHCCD.a(atmel_mcipdc.o)
 .text.mcipdc_getphy
                0x2002849c       0x90 C:/ISIS/workspace/ycube/GlobusSatProject/..//hal/hcc/lib\libHCCD.a(atmel_mcipdc.o)
 .text.mcipdc_release
                0x2002852c       0x50 C:/ISIS/workspace/ycube/GlobusSatProject/..//hal/hcc/lib\libHCCD.a(atmel_mcipdc.o)
 .text.atmel_mcipdc_initfunc
                0x2002857c      0x160 C:/ISIS/workspace/ycube/GlobusSatProject/..//hal/hcc/lib\libHCCD.a(atmel_mcipdc.o)
                0x2002857c                atmel_mcipdc_initfunc
 .text.oal_task_get_id
                0x200286dc       0x18 C:/ISIS/workspace/ycube/GlobusSatProject/..//hal/hcc/lib\libHCCD.a(oalp_task.o)
                0x200286dc                oal_task_get_id
 .text.oal_mutex_create
                0x200286f4       0x54 C:/ISIS/workspace/ycube/GlobusSatProject/..//hal/hcc/lib\libHCCD.a(oalp_mutex.o)
                0x200286f4                oal_mutex_create
 .text.oal_mutex_delete
                0x20028748       0x30 C:/ISIS/workspace/ycube/GlobusSatProject/..//hal/hcc/lib\libHCCD.a(oalp_mutex.o)
                0x20028748                oal_mutex_delete
 .text.oal_mutex_get
                0x20028778       0x58 C:/ISIS/workspace/ycube/GlobusSatProject/..//hal/hcc/lib\libHCCD.a(oalp_mutex.o)
                0x20028778                oal_mutex_get
 .text.oal_mutex_put
                0x200287d0       0x58 C:/ISIS/workspace/ycube/GlobusSatProject/..//hal/hcc/lib\libHCCD.a(oalp_mutex.o)
                0x200287d0                oal_mutex_put
 .text.mcipdc_hw_init
                0x20028828       0xe8 C:/ISIS/workspace/ycube/GlobusSatProject/..//hal/hcc/lib\libHCCD.a(atmel_mcipdc_hw.o)
                0x20028828                mcipdc_hw_init
 .text.mcipdc_hw_delete
                0x20028910       0x78 C:/ISIS/workspace/ycube/GlobusSatProject/..//hal/hcc/lib\libHCCD.a(atmel_mcipdc_hw.o)
                0x20028910                mcipdc_hw_delete