Archive member included because of file (symbol)

c:/isis/application/toolchain/bin/../lib/gcc/arm-none-eabi/4.7.4/../../../../arm-none-eabi/lib\libc_s.a(lib_a-vfprintf_float.o)
                              (_printf_float)
c:/isis/application/toolchain/bin/../lib/gcc/arm-none-eabi/4.7.4/../../../../arm-none-eabi/lib\libc_s.a(lib_a-vfprintf_i.o)
                              c:/isis/application/toolchain/bin/../lib/gcc/arm-none-eabi/4.7.4/../../../../arm-none-eabi/lib\libc_s.a(lib_a-vfprintf_float.o) (_printf_common)
c:/isis/application/toolchain/bin/../lib/gcc/arm-none-eabi/4.7.4/../../../../arm-none-eabi/lib\libc_s.a(lib_a-vfscanf_float.o)
                              (_scanf_float)
c:/isis/application/toolchain/bin/../lib/gcc/arm-none-eabi/4.7.4/../../../../arm-none-eabi/lib\libc_s.a(lib_a-dtoa.o)
                              c:/isis/application/toolchain/bin/../lib/gcc/arm-none-eabi/4.7.4/../../../../arm-none-eabi/lib\libc_s.a(lib_a-vfprintf_float.o) (_dtoa_r)
c:/isis/application/toolchain/bin/../lib/gcc/arm-none-eabi/4.7.4/../../../../arm-none-eabi/lib\libc_s.a(lib_a-locale.o)
                              c:/isis/application/toolchain/bin/../lib/gcc/arm-none-eabi/4.7.4/../../../../arm-none-eabi/lib\libc_s.a(lib_a-vfprintf_float.o) (_localeconv_r)
c:/isis/application/toolchain/bin/../lib/gcc/arm-none-eabi/4.7.4/../../../../arm-none-eabi/lib\libc_s.a(lib_a-malloc.o)
                              c:/isis/application/toolchain/bin/../lib/gcc/arm-none-eabi/4.7.4/../../../../arm-none-eabi/lib\libc_s.a(lib_a-dtoa.o) (malloc)
c:/isis/application/toolchain/bin/../lib/gcc/arm-none-eabi/4.7.4/../../../../arm-none-eabi/lib\libc_s.a(lib_a-mallocr.o)
                              c:/isis/application/toolchain/bin/../lib/gcc/arm-none-eabi/4.7.4/../../../../arm-none-eabi/lib\libc_s.a(lib_a-malloc.o) (_malloc_r)
c:/isis/application/toolchain/bin/../lib/gcc/arm-none-eabi/4.7.4/../../../../arm-none-eabi/lib\libc_s.a(lib_a-memcpy.o)
                              c:/isis/application/toolchain/bin/../lib/gcc/arm-none-eabi/4.7.4/../../../../arm-none-eabi/lib\libc_s.a(lib_a-dtoa.o) (memcpy)
c:/isis/application/toolchain/bin/../lib/gcc/arm-none-eabi/4.7.4/../../../../arm-none-eabi/lib\libc_s.a(lib_a-mprec.o)
                              c:/isis/application/toolchain/bin/../lib/gcc/arm-none-eabi/4.7.4/../../../../arm-none-eabi/lib\libc_s.a(lib_a-dtoa.o) (_Balloc)
c:/isis/application/toolchain/bin/../lib/gcc/arm-none-eabi/4.7.4/../../../../arm-none-eabi/lib\libc_s.a(lib_a-s_fpclassify.o)
                              c:/isis/application/toolchain/bin/../lib/gcc/arm-none-eabi/4.7.4/../../../../arm-none-eabi/lib\libc_s.a(lib_a-vfprintf_float.o) (__fpclassifyd)
c:/isis/application/toolchain/bin/../lib/gcc/arm-none-eabi/4.7.4/../../../../arm-none-eabi/lib\libc_s.a(lib_a-sbrkr.o)
                              c:/isis/application/toolchain/bin/../lib/gcc/arm-none-eabi/4.7.4/../../../../arm-none-eabi/lib\libc_s.a(lib_a-mallocr.o) (_sbrk_r)
c:/isis/application/toolchain/bin/../lib/gcc/arm-none-eabi/4.7.4/../../../../arm-none-eabi/lib\libc_s.a(lib_a-sf_nan.o)
                              c:/isis/application/toolchain/bin/../lib/gcc/arm-none-eabi/4.7.4/../../../../arm-none-eabi/lib\libc_s.a(lib_a-vfscanf_float.o) (nanf)
c:/isis/application/toolchain/bin/../lib/gcc/arm-none-eabi/4.7.4/../../../../arm-none-eabi/lib\libc_s.a(lib_a-sprintf.o)
                              c:/isis/application/toolchain/bin/../lib/gcc/arm-none-eabi/4.7.4/../../../../arm-none-eabi/lib\libc_s.a(lib_a-vfscanf_float.o) (sprintf)
c:/isis/application/toolchain/bin/../lib/gcc/arm-none-eabi/4.7.4/../../../../arm-none-eabi/lib\libc_s.a(lib_a-strcmp.o)
                              c:/isis/application/toolchain/bin/../lib/gcc/arm-none-eabi/4.7.4/../../../../arm-none-eabi/lib\libc_s.a(lib_a-locale.o) (strcmp)
c:/isis/application/toolchain/bin/../lib/gcc/arm-none-eabi/4.7.4/../../../../arm-none-eabi/lib\libc_s.a(lib_a-strlen.o)
                              c:/isis/application/toolchain/bin/../lib/gcc/arm-none-eabi/4.7.4/../../../../arm-none-eabi/lib\libc_s.a(lib_a-vfprintf_float.o) (strlen)
c:/isis/application/toolchain/bin/../lib/gcc/arm-none-eabi/4.7.4/../../../../arm-none-eabi/lib\libc_s.a(lib_a-strtod.o)
                              c:/isis/application/toolchain/bin/../lib/gcc/arm-none-eabi/4.7.4/../../../../arm-none-eabi/lib\libc_s.a(lib_a-vfscanf_float.o) (_strtod_r)
c:/isis/application/toolchain/bin/../lib/gcc/arm-none-eabi/4.7.4/../../../../arm-none-eabi/lib\libc_s.a(lib_a-strtol.o)
                              c:/isis/application/toolchain/bin/../lib/gcc/arm-none-eabi/4.7.4/../../../../arm-none-eabi/lib\libc_s.a(lib_a-vfscanf_float.o) (_strtol_r)
c:/isis/application/toolchain/bin/../lib/gcc/arm-none-eabi/4.7.4/../../../../arm-none-eabi/lib\libc_s.a(lib_a-svfprintf.o)
[...]
Memory Configuration

Name             Origin             Length             Attributes
sram0            0x00200000         0x00004000         w !xr
sram1            0x00300000         0x00004000         w !xr
sdram            0x20000000         0x02000000         w !xr
*default*        0x00000000         0xffffffff

Linker script and memory map

LOAD c:/isis/application/toolchain/bin/../lib/gcc/arm-none-eabi/4.7.4/../../../../arm-none-eabi/lib\libc_s.a
LOAD ./src/TestingDemos/CommandsTestingDemo.o
LOAD ./src/TestingDemos/EpsTestingDemo.o
LOAD ./src/TestingDemos/FileSystemTestingDemo.o
LOAD ./src/TestingDemos/MainTest.o
LOAD ./src/TestingDemos/MaintenanceTestingDemo.o
LOAD ./src/TestingDemos/TelemetryTestingDemo.o
LOAD ./src/TestingDemos/TrxvuTestingDemo.o
LOAD ./src/SubSystemModules/PowerManagment/EPS.o
LOAD ./src/SubSystemModules/PowerManagment/EPSOperationModes.o
LOAD ./src/SubSystemModules/Maintenance/Maintenance.o
LOAD ./src/SubSystemModules/Housekepping/TelemetryCollector.o
LOAD ./src/SubSystemModules/Communication/SubsystemCommands/EPS_Commands.o
LOAD ./src/SubSystemModules/Communication/SubsystemCommands/FS_Commands.o
LOAD ./src/SubSystemModules/Communication/SubsystemCommands/Maintanence_Commands.o
LOAD ./src/SubSystemModules/Communication/SubsystemCommands/TRXVU_Commands.o
LOAD ./src/SubSystemModules/Communication/AckHandler.o
LOAD ./src/SubSystemModules/Communication/CommandDictionary.o
LOAD ./src/SubSystemModules/Communication/SatCommandHandler.o
LOAD ./src/SubSystemModules/Communication/TRXVU.o
LOAD ./src/InitSystem.o
LOAD ./src/TLM_management.o
LOAD ./src/main.o
LOAD ./src/utils.o
LOAD C:/ISIS/workspace_ycube/GlobusSatProject/..//hal/hal/lib\libHALD.a
LOAD C:/ISIS/workspace_ycube/GlobusSatProject/..//hal/hcc/lib\libHCCD.a
LOAD C:/ISIS/workspace_ycube/satellite-subsystems/satellite-subsystems/lib\libSatelliteSubsystemsD.a
LOAD C:/ISIS/workspace_ycube/GlobusSatProject/..//hal/freertos/lib\libFreeRTOSD.a
LOAD C:/ISIS/workspace_ycube/GlobusSatProject/..//hal/at91/lib\libAt91D.a
START GROUP
LOAD c:/isis/application/toolchain/bin/../lib/gcc/arm-none-eabi/4.7.4\libgcc.a
LOAD c:/isis/application/toolchain/bin/../lib/gcc/arm-none-eabi/4.7.4/../../../../arm-none-eabi/lib\libc_s.a
END GROUP

.fixed          0x20000000    0x36b08
                0x20000000                . = ALIGN (0x4)
                0x20000000                _sfixed = .
 *(.startup)
 .startup       0x20000000      0x134 C:/ISIS/workspace_ycube/GlobusSatProject/..//hal/at91/lib\libAt91D.a(board_cstartup.o)
                0x20000000                entry
 *(.text)
 .text          0x20000134       0x64 C:/ISIS/workspace_ycube/GlobusSatProject/..//hal/at91/lib\libAt91D.a(cp15_asm.o)
                0x20000134                _readControlRegister
                0x20000140                _writeControlRegister
                0x20000148                _waitForInterrupt
                0x20000154                _writeTTB
                0x2000015c                _writeDomain
                0x20000164                _writeITLBLockdown
                0x2000016c                _prefetchICacheLine
                0x20000174                _flushDCache
                0x20000180                _flushWriteBuffer
                0x2000018c                _invalidateIDTLBs
 .text          0x20000198      0x114 c:/isis/application/toolchain/bin/../lib/gcc/arm-none-eabi/4.7.4\libgcc.a(_udivsi3.o)
                0x20000198                __aeabi_uidiv
                0x20000198                __udivsi3
                0x2000028c                __aeabi_uidivmod
 .text          0x200002ac      0x148 c:/isis/application/toolchain/bin/../lib/gcc/arm-none-eabi/4.7.4\libgcc.a(_divsi3.o)
                0x200002ac                __divsi3
                0x200002ac                __aeabi_idiv
                0x200003d4                __aeabi_idivmod
 .text          0x200003f4        0x4 c:/isis/application/toolchain/bin/../lib/gcc/arm-none-eabi/4.7.4\libgcc.a(_dvmd_tls.o)
                0x200003f4                __aeabi_idiv0
                0x200003f4                __aeabi_ldiv0
 .text          0x200003f8      0x41c c:/isis/application/toolchain/bin/../lib/gcc/arm-none-eabi/4.7.4\libgcc.a(_arm_addsubdf3.o)
                0x200003f8                __aeabi_drsub
                0x20000400                __aeabi_dsub
                0x20000400                __subdf3
                0x20000404                __aeabi_dadd
                0x20000404                __adddf3
                0x20000714                __floatunsidf
                0x20000714                __aeabi_ui2d
                0x20000738                __floatsidf
                0x20000738                __aeabi_i2d
                0x20000760                __aeabi_f2d
                0x20000760                __extendsfdf2
                0x200007a0                __floatundidf
                0x200007a0                __aeabi_ul2d
                0x200007b4                __floatdidf
                0x200007b4                __aeabi_l2d
 .text          0x20000814      0x49c c:/isis/application/toolchain/bin/../lib/gcc/arm-none-eabi/4.7.4\libgcc.a(_arm_muldivdf3.o)
                0x20000814                __aeabi_dmul
                0x20000814                __muldf3
                0x20000aa4                __divdf3
                0x20000aa4                __aeabi_ddiv
 .text          0x20000cb0      0x144 c:/isis/application/toolchain/bin/../lib/gcc/arm-none-eabi/4.7.4\libgcc.a(_arm_cmpdf2.o)
                0x20000cb0                __gtdf2
                0x20000cb0                __gedf2
                0x20000cb8                __ltdf2
                0x20000cb8                __ledf2
                0x20000cc0                __nedf2
                0x20000cc0                __eqdf2
                0x20000cc0                __cmpdf2
                0x20000d48                __aeabi_cdrcmple
                0x20000d64                __aeabi_cdcmpeq
                0x20000d64                __aeabi_cdcmple
                0x20000d7c                __aeabi_dcmpeq
                0x20000d94                __aeabi_dcmplt
                0x20000dac                __aeabi_dcmple
                0x20000dc4                __aeabi_dcmpge
                0x20000ddc                __aeabi_dcmpgt
 .text          0x20000df4       0x5c c:/isis/application/toolchain/bin/../lib/gcc/arm-none-eabi/4.7.4\libgcc.a(_arm_fixdfsi.o)
                0x20000df4                __aeabi_d2iz
                0x20000df4                __fixdfsi
 .text          0x20000e50       0x54 c:/isis/application/toolchain/bin/../lib/gcc/arm-none-eabi/4.7.4\libgcc.a(_arm_fixunsdfsi.o)
                0x20000e50                __aeabi_d2uiz
                0x20000e50                __fixunsdfsi
 .text          0x20000ea4       0xa0 c:/isis/application/toolchain/bin/../lib/gcc/arm-none-eabi/4.7.4\libgcc.a(_arm_truncdfsf2.o)
                0x20000ea4                __truncdfsf2
                0x20000ea4                __aeabi_d2f
 .text          0x20000f44      0x2ac c:/isis/application/toolchain/bin/../lib/gcc/arm-none-eabi/4.7.4\libgcc.a(_arm_addsubsf3.o)
                0x20000f44                __aeabi_frsub
                0x20000f4c                __subsf3
                0x20000f4c                __aeabi_fsub
                0x20000f50                __aeabi_fadd
                0x20000f50                __addsf3
                0x2000110c                __aeabi_ui2f
                0x2000110c                __floatunsisf
                0x20001114                __aeabi_i2f
                0x20001114                __floatsisf
                0x20001134                __aeabi_ul2f
                0x20001134                __floatundisf
                0x20001144                __aeabi_l2f
                0x20001144                __floatdisf
 .text          0x200011f0      0x2f8 c:/isis/application/toolchain/bin/../lib/gcc/arm-none-eabi/4.7.4\libgcc.a(_arm_muldivsf3.o)
                0x200011f0                __mulsf3
                0x200011f0                __aeabi_fmul
                0x20001388                __aeabi_fdiv
                0x20001388                __divsf3
 .text          0x200014e8      0x114 c:/isis/application/toolchain/bin/../lib/gcc/arm-none-eabi/4.7.4\libgcc.a(_arm_cmpsf2.o)
                0x200014e8                __gesf2
                0x200014e8                __gtsf2
                0x200014f0                __lesf2
                0x200014f0                __ltsf2
                0x200014f8                __nesf2
                0x200014f8                __eqsf2
                0x200014f8                __cmpsf2
                0x2000155c                __aeabi_cfrcmple
                0x2000156c                __aeabi_cfcmpeq
                0x2000156c                __aeabi_cfcmple
                0x20001584                __aeabi_fcmpeq
                0x2000159c                __aeabi_fcmplt
                0x200015b4                __aeabi_fcmple
                0x200015cc                __aeabi_fcmpge
                0x200015e4                __aeabi_fcmpgt
 .text          0x200015fc       0x54 c:/isis/application/toolchain/bin/../lib/gcc/arm-none-eabi/4.7.4\libgcc.a(_arm_fixunssfsi.o)
                0x200015fc                __fixunssfsi
                0x200015fc                __aeabi_f2uiz
 *(.text*)
 .text.__cvt    0x20001650      0x138 c:/isis/application/toolchain/bin/../lib/gcc/arm-none-eabi/4.7.4/../../../../arm-none-eabi/lib\libc_s.a(lib_a-vfprintf_float.o)
                0x20001650                __cvt
 .text.__exponent
                0x20001788       0xa8 c:/isis/application/toolchain/bin/../lib/gcc/arm-none-eabi/4.7.4/../../../../arm-none-eabi/lib\libc_s.a(lib_a-vfprintf_float.o)
                0x20001788                __exponent
 .text._printf_float
                0x20001830      0x7dc c:/isis/application/toolchain/bin/../lib/gcc/arm-none-eabi/4.7.4/../../../../arm-none-eabi/lib\libc_s.a(lib_a-vfprintf_float.o)
                0x20001830                _printf_float
 .text._printf_common
                0x2000200c      0x174 c:/isis/application/toolchain/bin/../lib/gcc/arm-none-eabi/4.7.4/../../../../arm-none-eabi/lib\libc_s.a(lib_a-vfprintf_i.o)
                0x2000200c                _printf_common
 .text._printf_i
                0x20002180      0x3c4 c:/isis/application/toolchain/bin/../lib/gcc/arm-none-eabi/4.7.4/../../../../arm-none-eabi/lib\libc_s.a(lib_a-vfprintf_i.o)
                0x20002180                _printf_i
 .text._scanf_float
                0x20002544      0x5f4 c:/isis/application/toolchain/bin/../lib/gcc/arm-none-eabi/4.7.4/../../../../arm-none-eabi/lib\libc_s.a(lib_a-vfscanf_float.o)
                0x20002544                _scanf_float
 .text.quorem   0x20002b38      0x1ac c:/isis/application/toolchain/bin/../lib/gcc/arm-none-eabi/4.7.4/../../../../arm-none-eabi/lib\libc_s.a(lib_a-dtoa.o)
 .text._dtoa_r  0x20002ce4     0x1268 c:/isis/application/toolchain/bin/../lib/gcc/arm-none-eabi/4.7.4/../../../../arm-none-eabi/lib\libc_s.a(lib_a-dtoa.o)
                0x20002ce4                _dtoa_r
 .text._localeconv_r
                0x20003f4c        0xc c:/isis/application/toolchain/bin/../lib/gcc/arm-none-eabi/4.7.4/../../../../arm-none-eabi/lib\libc_s.a(lib_a-locale.o)
                0x20003f4c                _localeconv_r
 .text.malloc   0x20003f58       0x20 c:/isis/application/toolchain/bin/../lib/gcc/arm-none-eabi/4.7.4/../../../../arm-none-eabi/lib\libc_s.a(lib_a-malloc.o)
                0x20003f58                malloc
 .text.free     0x20003f78       0x20 c:/isis/application/toolchain/bin/../lib/gcc/arm-none-eabi/4.7.4/../../../../arm-none-eabi/lib\libc_s.a(lib_a-malloc.o)
                0x20003f78                free
 .text._malloc_r
                0x20003f98       0xfc c:/isis/application/toolchain/bin/../lib/gcc/arm-none-eabi/4.7.4/../../../../arm-none-eabi/lib\libc_s.a(lib_a-mallocr.o)
                0x20003f98                _malloc_r
 .text.memcpy   0x20004094       0x20 c:/isis/application/toolchain/bin/../lib/gcc/arm-none-eabi/4.7.4/../../../../arm-none-eabi/lib\libc_s.a(lib_a-memcpy.o)
                0x20004094                memcpy
 .text._Balloc  0x200040b4       0xcc c:/isis/application/toolchain/bin/../lib/gcc/arm-none-eabi/4.7.4/../../../../arm-none-eabi/lib\libc_s.a(lib_a-mprec.o)
                0x200040b4                _Balloc
 .text._Bfree   0x20004180       0x5c c:/isis/application/toolchain/bin/../lib/gcc/arm-none-eabi/4.7.4/../../../../arm-none-eabi/lib\libc_s.a(lib_a-mprec.o)
                0x20004180                _Bfree
 .text.__multadd
                0x200041dc       0xbc c:/isis/application/toolchain/bin/../lib/gcc/arm-none-eabi/4.7.4/../../../../arm-none-eabi/lib\libc_s.a(lib_a-mprec.o)
                0x200041dc                __multadd
 .text.__s2b    0x20004298       0xd8 c:/isis/application/toolchain/bin/../lib/gcc/arm-none-eabi/4.7.4/../../../../arm-none-eabi/lib\libc_s.a(lib_a-mprec.o)
                0x20004298                __s2b
 .text.__hi0bits
                0x20004370       0x58 c:/isis/application/toolchain/bin/../lib/gcc/arm-none-eabi/4.7.4/../../../../arm-none-eabi/lib\libc_s.a(lib_a-mprec.o)
                0x20004370                __hi0bits
 .text.__lo0bits
                0x200043c8       0x94 c:/isis/application/toolchain/bin/../lib/gcc/arm-none-eabi/4.7.4/../../../../arm-none-eabi/lib\libc_s.a(lib_a-mprec.o)
                0x200043c8                __lo0bits
 .text.__i2b    0x2000445c       0x24 c:/isis/application/toolchain/bin/../lib/gcc/arm-none-eabi/4.7.4/../../../../arm-none-eabi/lib\libc_s.a(lib_a-mprec.o)
                0x2000445c                __i2b
 .text.__multiply
                0x20004480      0x1ac c:/isis/application/toolchain/bin/../lib/gcc/arm-none-eabi/4.7.4/../../../../arm-none-eabi/lib\libc_s.a(lib_a-mprec.o)
                0x20004480                __multiply
 .text.__pow5mult
                0x2000462c      0x10c c:/isis/application/toolchain/bin/../lib/gcc/arm-none-eabi/4.7.4/../../../../arm-none-eabi/lib\libc_s.a(lib_a-mprec.o)
                0x2000462c                __pow5mult
 .text.__lshift
                0x20004738       0xf0 c:/isis/application/toolchain/bin/../lib/gcc/arm-none-eabi/4.7.4/../../../../arm-none-eabi/lib\libc_s.a(lib_a-mprec.o)
                0x20004738                __lshift
 .text.__mcmp   0x20004828       0x60 c:/isis/application/toolchain/bin/../lib/gcc/arm-none-eabi/4.7.4/../../../../arm-none-eabi/lib\libc_s.a(lib_a-mprec.o)
                0x20004828                __mcmp
 .text.__mdiff  0x20004888      0x128 c:/isis/application/toolchain/bin/../lib/gcc/arm-none-eabi/4.7.4/../../../../arm-none-eabi/lib\libc_s.a(lib_a-mprec.o)
                0x20004888                __mdiff
 .text.__ulp    0x200049b0       0x5c c:/isis/application/toolchain/bin/../lib/gcc/arm-none-eabi/4.7.4/../../../../arm-none-eabi/lib\libc_s.a(lib_a-mprec.o)
                0x200049b0                __ulp
 .text.__b2d    0x20004a0c       0xc8 c:/isis/application/toolchain/bin/../lib/gcc/arm-none-eabi/4.7.4/../../../../arm-none-eabi/lib\libc_s.a(lib_a-mprec.o)
                0x20004a0c                __b2d
 .text.__d2b    0x20004ad4       0xfc c:/isis/application/toolchain/bin/../lib/gcc/arm-none-eabi/4.7.4/../../../../arm-none-eabi/lib\libc_s.a(lib_a-mprec.o)
                0x20004ad4                __d2b
 .text.__ratio  0x20004bd0       0x70 c:/isis/application/toolchain/bin/../lib/gcc/arm-none-eabi/4.7.4/../../../../arm-none-eabi/lib\libc_s.a(lib_a-mprec.o)
                0x20004bd0                __ratio
 .text.__copybits
                0x20004c40       0x4c c:/isis/application/toolchain/bin/../lib/gcc/arm-none-eabi/4.7.4/../../../../arm-none-eabi/lib\libc_s.a(lib_a-mprec.o)
                0x20004c40                __copybits
 .text.__any_on
                0x20004c8c       0x7c c:/isis/application/toolchain/bin/../lib/gcc/arm-none-eabi/4.7.4/../../../../arm-none-eabi/lib\libc_s.a(lib_a-mprec.o)
                0x20004c8c                __any_on
 .text.__fpclassifyd
                0x20004d08       0x6c c:/isis/application/toolchain/bin/../lib/gcc/arm-none-eabi/4.7.4/../../../../arm-none-eabi/lib\libc_s.a(lib_a-s_fpclassify.o)
                0x20004d08                __fpclassifyd
 .text._sbrk_r  0x20004d74       0x3c c:/isis/application/toolchain/bin/../lib/gcc/arm-none-eabi/4.7.4/../../../../arm-none-eabi/lib\libc_s.a(lib_a-sbrkr.o)
                0x20004d74                _sbrk_r
 .text.nanf     0x20004db0        0xc c:/isis/application/toolchain/bin/../lib/gcc/arm-none-eabi/4.7.4/../../../../arm-none-eabi/lib\libc_s.a(lib_a-sf_nan.o)
                0x20004db0                nanf
 .text.sprintf  0x20004dbc       0x6c c:/isis/application/toolchain/bin/../lib/gcc/arm-none-eabi/4.7.4/../../../../arm-none-eabi/lib\libc_s.a(lib_a-sprintf.o)
                0x20004dbc                siprintf
                0x20004dbc                sprintf
 .text.strlen   0x20004e28       0x1c c:/isis/application/toolchain/bin/../lib/gcc/arm-none-eabi/4.7.4/../../../../arm-none-eabi/lib\libc_s.a(lib_a-strlen.o)
                0x20004e28                strlen
 .text.match    0x20004e44       0x54 c:/isis/application/toolchain/bin/../lib/gcc/arm-none-eabi/4.7.4/../../../../arm-none-eabi/lib\libc_s.a(lib_a-strtod.o)
 .text._strtod_r
                0x20004e98     0x1168 c:/isis/application/toolchain/bin/../lib/gcc/arm-none-eabi/4.7.4/../../../../arm-none-eabi/lib\libc_s.a(lib_a-strtod.o)
                0x20004e98                _strtod_r
 .text._strtol_r
                0x20006000      0x1b8 c:/isis/application/toolchain/bin/../lib/gcc/arm-none-eabi/4.7.4/../../../../arm-none-eabi/lib\libc_s.a(lib_a-strtol.o)
                0x20006000                _strtol_r
 .text.__ssputc_r
                0x200061b8      0x10c c:/isis/application/toolchain/bin/../lib/gcc/arm-none-eabi/4.7.4/../../../../arm-none-eabi/lib\libc_s.a(lib_a-svfprintf.o)
                0x200061b8                __ssputc_r
 .text._svfprintf_r
                0x200062c4      0x328 c:/isis/application/toolchain/bin/../lib/gcc/arm-none-eabi/4.7.4/../../../../arm-none-eabi/lib\libc_s.a(lib_a-svfprintf.o)
                0x200062c4                _svfiprintf_r
                0x200062c4                _svfprintf_r
 .text._calloc_r
                0x200065ec       0x2c c:/isis/application/toolchain/bin/../lib/gcc/arm-none-eabi/4.7.4/../../../../arm-none-eabi/lib\libc_s.a(lib_a-callocr.o)
                0x200065ec                _calloc_r
 .text._free_r  0x20006618      0x108 c:/isis/application/toolchain/bin/../lib/gcc/arm-none-eabi/4.7.4/../../../../arm-none-eabi/lib\libc_s.a(lib_a-freer.o)
                0x20006618                _free_r
 .text.rshift   0x20006720       0xb0 c:/isis/application/toolchain/bin/../lib/gcc/arm-none-eabi/4.7.4/../../../../arm-none-eabi/lib\libc_s.a(lib_a-gdtoa-gethex.o)
 .text.htinit.constprop.0
                0x200067d0       0x34 c:/isis/application/toolchain/bin/../lib/gcc/arm-none-eabi/4.7.4/../../../../arm-none-eabi/lib\libc_s.a(lib_a-gdtoa-gethex.o)
 .text.__hexdig_init
                0x20006804       0x38 c:/isis/application/toolchain/bin/../lib/gcc/arm-none-eabi/4.7.4/../../../../arm-none-eabi/lib\libc_s.a(lib_a-gdtoa-gethex.o)
                0x20006804                __hexdig_init
 .text.__gethex
                0x2000683c      0x6cc c:/isis/application/toolchain/bin/../lib/gcc/arm-none-eabi/4.7.4/../../../../arm-none-eabi/lib\libc_s.a(lib_a-gdtoa-gethex.o)
                0x2000683c                __gethex
 .text.L_shift  0x20006f08       0x38 c:/isis/application/toolchain/bin/../lib/gcc/arm-none-eabi/4.7.4/../../../../arm-none-eabi/lib\libc_s.a(lib_a-gdtoa-hexnan.o)
 .text.__hexnan
                0x20006f40      0x1d8 c:/isis/application/toolchain/bin/../lib/gcc/arm-none-eabi/4.7.4/../../../../arm-none-eabi/lib\libc_s.a(lib_a-gdtoa-hexnan.o)
                0x20006f40                __hexnan
 .text.memchr   0x20007118       0x34 c:/isis/application/toolchain/bin/../lib/gcc/arm-none-eabi/4.7.4/../../../../arm-none-eabi/lib\libc_s.a(lib_a-memchr.o)
                0x20007118                memchr
 .text.memset   0x2000714c       0x1c c:/isis/application/toolchain/bin/../lib/gcc/arm-none-eabi/4.7.4/../../../../arm-none-eabi/lib\libc_s.a(lib_a-memset.o)
                0x2000714c                memset
 .text._realloc_r
                0x20007168       0x80 c:/isis/application/toolchain/bin/../lib/gcc/arm-none-eabi/4.7.4/../../../../arm-none-eabi/lib\libc_s.a(lib_a-reallocr.o)
                0x20007168                _realloc_r
 .text.strncmp  0x200071e8       0x64 c:/isis/application/toolchain/bin/../lib/gcc/arm-none-eabi/4.7.4/../../../../arm-none-eabi/lib\libc_s.a(lib_a-strncmp.o)
                0x200071e8                strncmp
 .text._malloc_usable_size_r
                0x2000724c       0x1c c:/isis/application/toolchain/bin/../lib/gcc/arm-none-eabi/4.7.4/../../../../arm-none-eabi/lib\libc_s.a(lib_a-msizer.o)
                0x2000724c                _malloc_usable_size_r
 .text.TestActUponCommand
                0x20007268      0x114 ./src/TestingDemos/CommandsTestingDemo.o
                0x20007268                TestActUponCommand
 .text.TestAssmbleCommand
                0x2000737c      0x14c ./src/TestingDemos/CommandsTestingDemo.o
                0x2000737c                TestAssmbleCommand
 .text.TestGetDelayedCommand
                0x200074c8       0xa0 ./src/TestingDemos/CommandsTestingDemo.o
                0x200074c8                TestGetDelayedCommand
 .text.TestAddDelayedCommand
                0x20007568       0xd0 ./src/TestingDemos/CommandsTestingDemo.o
                0x20007568                TestAddDelayedCommand
 .text.TestGetDelayedCommandBufferCount
                0x20007638       0x54 ./src/TestingDemos/CommandsTestingDemo.o
                0x20007638                TestGetDelayedCommandBufferCount
 .text.TestGetOnlineCommand
                0x2000768c       0xc8 ./src/TestingDemos/CommandsTestingDemo.o
                0x2000768c                TestGetOnlineCommand
 .text.TestDeleteDelayedCommandByIndex
                0x20007754      0x1c0 ./src/TestingDemos/CommandsTestingDemo.o
                0x20007754                TestDeleteDelayedCommandByIndex
 .text.TestDeleteDelayedBuffer
                0x20007914      0x140 ./src/TestingDemos/CommandsTestingDemo.o
                0x20007914                TestDeleteDelayedBuffer
 .text.selectAndExecuteCommandsDemoTest
                0x20007a54      0x170 ./src/TestingDemos/CommandsTestingDemo.o
                0x20007a54                selectAndExecuteCommandsDemoTest
 .text.MainCommandsTestBench
                0x20007bc4       0x44 ./src/TestingDemos/CommandsTestingDemo.o
                0x20007bc4                MainCommandsTestBench
 .text.TestEpsConditioning
                0x20007c08      0x1e8 ./src/TestingDemos/EpsTestingDemo.o
                0x20007c08                TestEpsConditioning
 .text.TestGetBatteryVoltage
                0x20007df0       0x64 ./src/TestingDemos/EpsTestingDemo.o
                0x20007df0                TestGetBatteryVoltage
 .text.TestUpdateThreshVoltages
                0x20007e54      0x170 ./src/TestingDemos/EpsTestingDemo.o
                0x20007e54                TestUpdateThreshVoltages
 .text.TestGetThreshVoltages
                0x20007fc4       0xb0 ./src/TestingDemos/EpsTestingDemo.o
                0x20007fc4                TestGetThreshVoltages
 .text.TestUpdateAlpha
                0x20008074       0xd0 ./src/TestingDemos/EpsTestingDemo.o
                0x20008074                TestUpdateAlpha
 .text.TestGetAlpha
                0x20008144       0x78 ./src/TestingDemos/EpsTestingDemo.o
                0x20008144                TestGetAlpha
 .text.TestRestoreDefaultAlpha
                0x200081bc       0xfc ./src/TestingDemos/EpsTestingDemo.o
                0x200081bc                TestRestoreDefaultAlpha
 .text.TestRestoreDefaultThresholdVoltages
                0x200082b8      0x154 ./src/TestingDemos/EpsTestingDemo.o
                0x200082b8                TestRestoreDefaultThresholdVoltages
 .text.selectAndExecuteEpsDemoTest
                0x2000840c      0x174 ./src/TestingDemos/EpsTestingDemo.o
                0x2000840c                selectAndExecuteEpsDemoTest
 .text.MainEpsTestBench
                0x20008580       0x40 ./src/TestingDemos/EpsTestingDemo.o
                0x20008580                MainEpsTestBench
 .text.TestlistFiels
                0x200085c0       0xa8 ./src/TestingDemos/FileSystemTestingDemo.o
                0x200085c0                TestlistFiels
 .text.TestLOGTLM
                0x20008668      0x110 ./src/TestingDemos/FileSystemTestingDemo.o
                0x20008668                TestLOGTLM
 .text.TestEPSTLM
                0x20008778       0xa8 ./src/TestingDemos/FileSystemTestingDemo.o
                0x20008778                TestEPSTLM
 .text.TestReadTimeRangeTLMRes
                0x20008820      0x210 ./src/TestingDemos/FileSystemTestingDemo.o
                0x20008820                TestReadTimeRangeTLMRes
 .text.TestReadTimeRangeTLM
                0x20008a30      0x178 ./src/TestingDemos/FileSystemTestingDemo.o
                0x20008a30                TestReadTimeRangeTLM
 .text.GenerateWODTLM
                0x20008ba8       0xd0 ./src/TestingDemos/FileSystemTestingDemo.o
                0x20008ba8                GenerateWODTLM
 .text.DeleteOldFiles
                0x20008c78      0x294 ./src/TestingDemos/FileSystemTestingDemo.o
                0x20008c78                DeleteOldFiles
 .text.TestWODTLM
                0x20008f0c       0xa8 ./src/TestingDemos/FileSystemTestingDemo.o
                0x20008f0c                TestWODTLM
 .text.TestDeleteFiels
                0x20008fb4      0x2b8 ./src/TestingDemos/FileSystemTestingDemo.o
                0x20008fb4                TestDeleteFiels
 .text.TestReadMultiFiels
                0x2000926c      0x2ac ./src/TestingDemos/FileSystemTestingDemo.o
                0x2000926c                TestReadMultiFiels
 .text.TestTRXVUTLM
                0x20009518      0x11c ./src/TestingDemos/FileSystemTestingDemo.o
                0x20009518                TestTRXVUTLM
 .text.selectAndExecuteFSTest
                0x20009634      0x1c8 ./src/TestingDemos/FileSystemTestingDemo.o
                0x20009634                selectAndExecuteFSTest
 .text.MainFileSystemTestBench
                0x200097fc       0x44 ./src/TestingDemos/FileSystemTestingDemo.o
                0x200097fc                MainFileSystemTestBench
 .text.selectAndExecuteTest
                0x20009840      0x164 ./src/TestingDemos/MainTest.o
                0x20009840                selectAndExecuteTest
 .text.taskTesting
                0x200099a4       0x28 ./src/TestingDemos/MainTest.o
                0x200099a4                taskTesting
 .text.printSDINfo
                0x200099cc       0x84 ./src/TestingDemos/MaintenanceTestingDemo.o
                0x200099cc                printSDINfo
 .text.changeFirstActivation
                0x20009a50       0x84 ./src/TestingDemos/MaintenanceTestingDemo.o
                0x20009a50                changeFirstActivation
 .text.selectAndExecuteMaintenanceDemoTest
                0x20009ad4      0x198 ./src/TestingDemos/MaintenanceTestingDemo.o
                0x20009ad4                selectAndExecuteMaintenanceDemoTest
 .text.MainMaintenanceTestBench
                0x20009c6c       0x40 ./src/TestingDemos/MaintenanceTestingDemo.o
                0x20009c6c                MainMaintenanceTestBench
 .text.MainTelemetryTestBench
                0x20009cac       0x1c ./src/TestingDemos/TelemetryTestingDemo.o
                0x20009cac                MainTelemetryTestBench
 .text.TestInitTrxvu
                0x20009cc8       0x54 ./src/TestingDemos/TrxvuTestingDemo.o
                0x20009cc8                TestInitTrxvu
 .text.TestInitTrxvuWithDifferentFrameLengths
                0x20009d1c      0x134 ./src/TestingDemos/TrxvuTestingDemo.o
                0x20009d1c                TestInitTrxvuWithDifferentFrameLengths
 .text.TestTrxvuLogic
                0x20009e50       0xd4 ./src/TestingDemos/TrxvuTestingDemo.o
                0x20009e50                TestTrxvuLogic
 .text.TestCheckTransmitionAllowed
                0x20009f24       0xa4 ./src/TestingDemos/TrxvuTestingDemo.o
                0x20009f24                TestCheckTransmitionAllowed
 .text.TestSendDumpAbortRequest
                0x20009fc8       0x24 ./src/TestingDemos/TrxvuTestingDemo.o
                0x20009fc8                TestSendDumpAbortRequest
 .text.TestTransmitDummySplPacket
                0x20009fec       0xd4 ./src/TestingDemos/TrxvuTestingDemo.o
                0x20009fec                TestTransmitDummySplPacket
 .text.TestTransmitSplPacket
                0x2000a0c0      0x1f8 ./src/TestingDemos/TrxvuTestingDemo.o
                0x2000a0c0                TestTransmitSplPacket
 .text.TestExitDump
                0x2000a2b8       0x18 ./src/TestingDemos/TrxvuTestingDemo.o
                0x2000a2b8                TestExitDump
 .text.TestDumpTelemetry
                0x2000a2d0       0xf8 ./src/TestingDemos/TrxvuTestingDemo.o
                0x2000a2d0                TestDumpTelemetry
 .text.TestRestoreDefaultBeaconParameters
                0x2000a3c8       0x1c ./src/TestingDemos/TrxvuTestingDemo.o
                0x2000a3c8                TestRestoreDefaultBeaconParameters
 .text.TestChooseDefaultBeaconCycle
                0x2000a3e4       0xe0 ./src/TestingDemos/TrxvuTestingDemo.o
                0x2000a3e4                TestChooseDefaultBeaconCycle
 .text.TestBeaconLogic
                0x2000a4c4       0xd8 ./src/TestingDemos/TrxvuTestingDemo.o
                0x2000a4c4                TestBeaconLogic
 .text.TestMuteTrxvu
                0x2000a59c       0x9c ./src/TestingDemos/TrxvuTestingDemo.o
                0x2000a59c                TestMuteTrxvu
 .text.TestUnMuteTrxvu
                0x2000a638       0x30 ./src/TestingDemos/TrxvuTestingDemo.o
                0x2000a638                TestUnMuteTrxvu
 .text.TestGetNumberOfFramesInBuffer
                0x2000a668       0x54 ./src/TestingDemos/TrxvuTestingDemo.o
                0x2000a668                TestGetNumberOfFramesInBuffer
 .text.TestSetTrxvuBitrate
                0x2000a6bc       0xf0 ./src/TestingDemos/TrxvuTestingDemo.o
                0x2000a6bc                TestSetTrxvuBitrate
 .text.TestGetTrxvuBitrate
                0x2000a7ac       0xb0 ./src/TestingDemos/TrxvuTestingDemo.o
                0x2000a7ac                TestGetTrxvuBitrate
 .text.TestTransmitDataAsSPL_Packet
                0x2000a85c      0x114 ./src/TestingDemos/TrxvuTestingDemo.o
                0x2000a85c                TestTransmitDataAsSPL_Packet
 .text.selectAndExecuteTrxvuDemoTest
                0x2000a970      0x28c ./src/TestingDemos/TrxvuTestingDemo.o
                0x2000a970                selectAndExecuteTrxvuDemoTest
 .text.MainTrxvuTestBench
                0x2000abfc       0x44 ./src/TestingDemos/TrxvuTestingDemo.o
                0x2000abfc                MainTrxvuTestBench
 .text.GetBatteryVoltage
                0x2000ac40       0x64 ./src/SubSystemModules/PowerManagment/EPS.o
                0x2000ac40                GetBatteryVoltage
 .text.EPS_Init
                0x2000aca4       0xe0 ./src/SubSystemModules/PowerManagment/EPS.o
                0x2000aca4                EPS_Init
 .text.EPS_Conditioning
                0x2000ad84      0x1c4 ./src/SubSystemModules/PowerManagment/EPS.o
                0x2000ad84                EPS_Conditioning
 .text.UpdateAlpha
                0x2000af48       0xa8 ./src/SubSystemModules/PowerManagment/EPS.o
                0x2000af48                UpdateAlpha
 .text.UpdateThresholdVoltages
                0x2000aff0      0x204 ./src/SubSystemModules/PowerManagment/EPS.o
                0x2000aff0                UpdateThresholdVoltages
 .text.GetThresholdVoltages
                0x2000b1f4       0x70 ./src/SubSystemModules/PowerManagment/EPS.o
                0x2000b1f4                GetThresholdVoltages
 .text.GetAlpha
                0x2000b264       0x6c ./src/SubSystemModules/PowerManagment/EPS.o
                0x2000b264                GetAlpha
 .text.RestoreDefaultAlpha
                0x2000b2d0       0x50 ./src/SubSystemModules/PowerManagment/EPS.o
                0x2000b2d0                RestoreDefaultAlpha
 .text.RestoreDefaultThresholdVoltages
                0x2000b320       0x6c ./src/SubSystemModules/PowerManagment/EPS.o
                0x2000b320                RestoreDefaultThresholdVoltages
 .text.EnterFullMode
                0x2000b38c       0x44 ./src/SubSystemModules/PowerManagment/EPSOperationModes.o
                0x2000b38c                EnterFullMode
 .text.EnterCruiseMode
                0x2000b3d0       0x44 ./src/SubSystemModules/PowerManagment/EPSOperationModes.o
                0x2000b3d0                EnterCruiseMode
 .text.EnterSafeMode
                0x2000b414       0x44 ./src/SubSystemModules/PowerManagment/EPSOperationModes.o
                0x2000b414                EnterSafeMode
 .text.EnterCriticalMode
                0x2000b458       0x44 ./src/SubSystemModules/PowerManagment/EPSOperationModes.o
                0x2000b458                EnterCriticalMode
 .text.GetSystemState
                0x2000b49c       0x24 ./src/SubSystemModules/PowerManagment/EPSOperationModes.o
                0x2000b49c                GetSystemState
 .text.GetSystemChannelState
                0x2000b4c0       0x24 ./src/SubSystemModules/PowerManagment/EPSOperationModes.o
                0x2000b4c0                GetSystemChannelState
 .text.EpsGetLowVoltageFlag
                0x2000b4e4       0x24 ./src/SubSystemModules/PowerManagment/EPSOperationModes.o
                0x2000b4e4                EpsGetLowVoltageFlag
 .text.EpsSetLowVoltageFlag
                0x2000b508       0x2c ./src/SubSystemModules/PowerManagment/EPSOperationModes.o
                0x2000b508                EpsSetLowVoltageFlag
 .text.CheckExecutionTime
                0x2000b534       0x78 ./src/SubSystemModules/Maintenance/Maintenance.o
                0x2000b534                CheckExecutionTime
 .text.SaveSatTimeInFRAM
                0x2000b5ac       0x44 ./src/SubSystemModules/Maintenance/Maintenance.o
                0x2000b5ac                SaveSatTimeInFRAM
 .text.WakeupFromResetCMD
                0x2000b5f0      0x120 ./src/SubSystemModules/Maintenance/Maintenance.o
                0x2000b5f0                WakeupFromResetCMD
 .text.ResetGroundCommWDT
                0x2000b710       0x1c ./src/SubSystemModules/Maintenance/Maintenance.o
                0x2000b710                ResetGroundCommWDT
 .text.DeleteOldFiels
                0x2000b72c      0x33c ./src/SubSystemModules/Maintenance/Maintenance.o
                0x2000b72c                DeleteOldFiels
 .text.InitSavePeriodTimes
                0x2000ba68       0xc0 ./src/SubSystemModules/Housekepping/TelemetryCollector.o
                0x2000ba68                InitSavePeriodTimes
 .text.TelemetryCollectorLogic
                0x2000bb28      0x1f0 ./src/SubSystemModules/Housekepping/TelemetryCollector.o
                0x2000bb28                TelemetryCollectorLogic
 .text.TelemetrySaveEPS
                0x2000bd18       0xf4 ./src/SubSystemModules/Housekepping/TelemetryCollector.o
                0x2000bd18                TelemetrySaveEPS
 .text.TelemetrySaveTRXVU
                0x2000be0c       0x84 ./src/SubSystemModules/Housekepping/TelemetryCollector.o
                0x2000be0c                TelemetrySaveTRXVU
 .text.TelemetrySaveANT
                0x2000be90       0xa4 ./src/SubSystemModules/Housekepping/TelemetryCollector.o
                0x2000be90                TelemetrySaveANT
 .text.TelemetrySaveSolarPanels
                0x2000bf34      0x1c4 ./src/SubSystemModules/Housekepping/TelemetryCollector.o
                0x2000bf34                TelemetrySaveSolarPanels
 .text.TelemetrySaveWOD
                0x2000c0f8       0xa0 ./src/SubSystemModules/Housekepping/TelemetryCollector.o
                0x2000c0f8                TelemetrySaveWOD
 .text.GetCurrentWODTelemetry
                0x2000c198      0x4b0 ./src/SubSystemModules/Housekepping/TelemetryCollector.o
                0x2000c198                GetCurrentWODTelemetry
 .text.CMD_UpdateSatTime
                0x2000c648       0x94 ./src/SubSystemModules/Communication/SubsystemCommands/Maintanence_Commands.o
                0x2000c648                CMD_UpdateSatTime
 .text.CMD_ResetComponent
                0x2000c6dc      0x258 ./src/SubSystemModules/Communication/SubsystemCommands/Maintanence_Commands.o
                0x2000c6dc                CMD_ResetComponent
 .text.DumpTask
                0x2000c934      0x36c ./src/SubSystemModules/Communication/SubsystemCommands/TRXVU_Commands.o
                0x2000c934                DumpTask
 .text.CMD_StartDump
                0x2000cca0      0x170 ./src/SubSystemModules/Communication/SubsystemCommands/TRXVU_Commands.o
                0x2000cca0                CMD_StartDump
 .text.CMD_SendDumpAbortRequest
                0x2000ce10       0x24 ./src/SubSystemModules/Communication/SubsystemCommands/TRXVU_Commands.o
                0x2000ce10                CMD_SendDumpAbortRequest
 .text.CMD_ForceDumpAbort
                0x2000ce34       0x24 ./src/SubSystemModules/Communication/SubsystemCommands/TRXVU_Commands.o
                0x2000ce34                CMD_ForceDumpAbort
 .text.CMD_MuteTRXVU
                0x2000ce58       0x70 ./src/SubSystemModules/Communication/SubsystemCommands/TRXVU_Commands.o
                0x2000ce58                CMD_MuteTRXVU
 .text.CMD_SetIdleState
                0x2000cec8       0x70 ./src/SubSystemModules/Communication/SubsystemCommands/TRXVU_Commands.o
                0x2000cec8                CMD_SetIdleState
 .text.CMD_UnMuteTRXVU
                0x2000cf38       0x24 ./src/SubSystemModules/Communication/SubsystemCommands/TRXVU_Commands.o
                0x2000cf38                CMD_UnMuteTRXVU
 .text.CMD_GetBaudRate
                0x2000cf5c       0x78 ./src/SubSystemModules/Communication/SubsystemCommands/TRXVU_Commands.o
                0x2000cf5c                CMD_GetBaudRate
 .text.CMD_GetBeaconInterval
                0x2000cfd4       0x60 ./src/SubSystemModules/Communication/SubsystemCommands/TRXVU_Commands.o
                0x2000cfd4                CMD_GetBeaconInterval
 .text.CMD_SetBaudRate
                0x2000d034       0x3c ./src/SubSystemModules/Communication/SubsystemCommands/TRXVU_Commands.o
                0x2000d034                CMD_SetBaudRate
 .text.CMD_GetTxUptime
                0x2000d070       0x58 ./src/SubSystemModules/Communication/SubsystemCommands/TRXVU_Commands.o
                0x2000d070                CMD_GetTxUptime
 .text.CMD_GetRxUptime
                0x2000d0c8       0x58 ./src/SubSystemModules/Communication/SubsystemCommands/TRXVU_Commands.o
                0x2000d0c8                CMD_GetRxUptime
 .text.CMD_GetNumOfOnlineCommands
                0x2000d120       0x58 ./src/SubSystemModules/Communication/SubsystemCommands/TRXVU_Commands.o
                0x2000d120                CMD_GetNumOfOnlineCommands
 .text.CMD_AntSetArmStatus
                0x2000d178       0x80 ./src/SubSystemModules/Communication/SubsystemCommands/TRXVU_Commands.o
                0x2000d178                CMD_AntSetArmStatus
 .text.CMD_AntGetArmStatus
                0x2000d1f8       0x64 ./src/SubSystemModules/Communication/SubsystemCommands/TRXVU_Commands.o
                0x2000d1f8                CMD_AntGetArmStatus
 .text.CMD_AntGetUptime
                0x2000d25c       0x6c ./src/SubSystemModules/Communication/SubsystemCommands/TRXVU_Commands.o
                0x2000d25c                CMD_AntGetUptime
 .text.CMD_AntCancelDeployment
                0x2000d2c8       0x48 ./src/SubSystemModules/Communication/SubsystemCommands/TRXVU_Commands.o
                0x2000d2c8                CMD_AntCancelDeployment
 .text.SendAckPacket
                0x2000d310       0xe0 ./src/SubSystemModules/Communication/AckHandler.o
                0x2000d310                SendAckPacket
 .text.trxvu_command_router
                0x2000d3f0      0x4a0 ./src/SubSystemModules/Communication/CommandDictionary.o
                0x2000d3f0                trxvu_command_router
 .text.eps_command_router
                0x2000d890       0x94 ./src/SubSystemModules/Communication/CommandDictionary.o
                0x2000d890                eps_command_router
 .text.telemetry_command_router
                0x2000d924       0x24 ./src/SubSystemModules/Communication/CommandDictionary.o
                0x2000d924                telemetry_command_router
 .text.managment_command_router
                0x2000d948       0xbc ./src/SubSystemModules/Communication/CommandDictionary.o
                0x2000d948                managment_command_router
 .text.filesystem_command_router
                0x2000da04       0x24 ./src/SubSystemModules/Communication/CommandDictionary.o
                0x2000da04                filesystem_command_router
 .text.ParseDataToCommand
                0x2000da28      0x1ac ./src/SubSystemModules/Communication/SatCommandHandler.o
                0x2000da28                ParseDataToCommand
 .text.AssembleCommand
                0x2000dbd4      0x150 ./src/SubSystemModules/Communication/SatCommandHandler.o
                0x2000dbd4                AssembleCommand
 .text.GetDelayedCommand
                0x2000dd24       0x24 ./src/SubSystemModules/Communication/SatCommandHandler.o
                0x2000dd24                GetDelayedCommand
 .text.AddDelayedCommand
                0x2000dd48       0x24 ./src/SubSystemModules/Communication/SatCommandHandler.o
                0x2000dd48                AddDelayedCommand
 .text.GetDelayedCommandBufferCount
                0x2000dd6c       0x50 ./src/SubSystemModules/Communication/SatCommandHandler.o
                0x2000dd6c                GetDelayedCommandBufferCount
 .text.GetDelayedCommandByIndex
                0x2000ddbc       0x28 ./src/SubSystemModules/Communication/SatCommandHandler.o
                0x2000ddbc                GetDelayedCommandByIndex
 .text.DeleteDelayedCommandByIndex
                0x2000dde4       0x24 ./src/SubSystemModules/Communication/SatCommandHandler.o
                0x2000dde4                DeleteDelayedCommandByIndex
 .text.DeleteDelayedBuffer
                0x2000de08       0x1c ./src/SubSystemModules/Communication/SatCommandHandler.o
                0x2000de08                DeleteDelayedBuffer
 .text.ActUponCommand
                0x2000de24       0xd0 ./src/SubSystemModules/Communication/SatCommandHandler.o
                0x2000de24                ActUponCommand
 .text.InitTxModule
                0x2000def4       0x68 ./src/SubSystemModules/Communication/TRXVU.o
                0x2000def4                InitTxModule
 .text.CMD_SetBeaconInterval
                0x2000df5c       0x98 ./src/SubSystemModules/Communication/TRXVU.o
                0x2000df5c                CMD_SetBeaconInterval
 .text.InitBeaconParams
                0x2000dff4       0x3c ./src/SubSystemModules/Communication/TRXVU.o
                0x2000dff4                InitBeaconParams
 .text.InitSemaphores
                0x2000e030       0x98 ./src/SubSystemModules/Communication/TRXVU.o
                0x2000e030                InitSemaphores
 .text.InitTrxvu
                0x2000e0c8      0x110 ./src/SubSystemModules/Communication/TRXVU.o
                0x2000e0c8                InitTrxvu
 .text.checkIdleFinish
                0x2000e1d8       0x68 ./src/SubSystemModules/Communication/TRXVU.o
                0x2000e1d8                checkIdleFinish
 .text.TRX_Logic
                0x2000e240       0xc8 ./src/SubSystemModules/Communication/TRXVU.o
                0x2000e240                TRX_Logic
 .text.GetNumberOfFramesInBuffer
                0x2000e308       0x54 ./src/SubSystemModules/Communication/TRXVU.o
                0x2000e308                GetNumberOfFramesInBuffer
 .text.GetOnlineCommand
                0x2000e35c      0x128 ./src/SubSystemModules/Communication/TRXVU.o
                0x2000e35c                GetOnlineCommand
 .text.CheckTransmitionAllowed
                0x2000e484       0xc4 ./src/SubSystemModules/Communication/TRXVU.o
                0x2000e484                CheckTransmitionAllowed
 .text.FinishDump
                0x2000e548       0xe8 ./src/SubSystemModules/Communication/TRXVU.o
                0x2000e548                FinishDump
 .text.AbortDump
                0x2000e630       0x30 ./src/SubSystemModules/Communication/TRXVU.o
                0x2000e630                AbortDump
 .text.SendDumpAbortRequest
                0x2000e660       0xc0 ./src/SubSystemModules/Communication/TRXVU.o
                0x2000e660                SendDumpAbortRequest
 .text.BeaconLogic
                0x2000e720      0x1e0 ./src/SubSystemModules/Communication/TRXVU.o
                0x2000e720                BeaconLogic
 .text.SetIdleState
                0x2000e900       0xac ./src/SubSystemModules/Communication/TRXVU.o
                0x2000e900                SetIdleState
 .text.muteTRXVU
                0x2000e9ac       0x70 ./src/SubSystemModules/Communication/TRXVU.o
                0x2000e9ac                muteTRXVU
 .text.UnMuteTRXVU
                0x2000ea1c       0x24 ./src/SubSystemModules/Communication/TRXVU.o
                0x2000ea1c                UnMuteTRXVU
 .text.TransmitDataAsSPL_Packet
                0x2000ea40      0x104 ./src/SubSystemModules/Communication/TRXVU.o
                0x2000ea40                TransmitDataAsSPL_Packet
 .text.TransmitSplPacket
                0x2000eb44      0x1b4 ./src/SubSystemModules/Communication/TRXVU.o
                0x2000eb44                TransmitSplPacket
 .text.isFirstActivation
                0x2000ecf8       0x38 ./src/InitSystem.o
                0x2000ecf8                isFirstActivation
 .text.WriteDefaultValuesToFRAM
                0x2000ed30      0x190 ./src/InitSystem.o
                0x2000ed30                WriteDefaultValuesToFRAM
 .text.StartFRAM
                0x2000eec0       0x24 ./src/InitSystem.o
                0x2000eec0                StartFRAM
 .text.StartI2C
                0x2000eee4       0x30 ./src/InitSystem.o
                0x2000eee4                StartI2C
 .text.StartSPI
                0x2000ef14       0x2c ./src/InitSystem.o
                0x2000ef14                StartSPI
 .text.StartTIME
                0x2000ef40       0xb0 ./src/InitSystem.o
                0x2000ef40                StartTIME
 .text.DeploySystem
                0x2000eff0      0x130 ./src/InitSystem.o
                0x2000eff0                DeploySystem
 .text.InitSubsystems
                0x2000f120       0x48 ./src/InitSystem.o
                0x2000f120                InitSubsystems
 .text.delete_allTMFilesFromSD
                0x2000f168       0x58 ./src/TLM_management.o
                0x2000f168                delete_allTMFilesFromSD
 .text.deleteTLMFiles
                0x2000f1c0       0x6c ./src/TLM_management.o
                0x2000f1c0                deleteTLMFiles
 .text.deleteTLMFile
                0x2000f22c       0xc0 ./src/TLM_management.o
                0x2000f22c                deleteTLMFile
 .text.InitializeFS
                0x2000f2ec       0xd0 ./src/TLM_management.o
                0x2000f2ec                InitializeFS
 .text.calculateFileName
                0x2000f3bc      0x108 ./src/TLM_management.o
                0x2000f3bc                calculateFileName
 .text.getTlmTypeInfo
                0x2000f4c4      0x230 ./src/TLM_management.o
                0x2000f4c4                getTlmTypeInfo
 .text.write2File
                0x2000f6f4      0x150 ./src/TLM_management.o
                0x2000f6f4                write2File
 .text.printTLM
                0x2000f844      0x648 ./src/TLM_management.o
                0x2000f844                printTLM
 .text.readTLMFile
                0x2000fe8c      0x2ec ./src/TLM_management.o
                0x2000fe8c                readTLMFile
 .text.readTLMFiles
                0x20010178       0x84 ./src/TLM_management.o
                0x20010178                readTLMFiles
 .text.readTLMFileTimeRange
                0x200101fc      0x2e8 ./src/TLM_management.o
                0x200101fc                readTLMFileTimeRange
 .text.DeInitializeFS
                0x200104e4       0x14 ./src/TLM_management.o
                0x200104e4                DeInitializeFS
 .text.main     0x200104f8       0xa0 ./src/main.o
                0x200104f8                main
 .text.timeU2time
                0x20010598       0xbc ./src/utils.o
                0x20010598                timeU2time
 .text.logError
                0x20010654      0x134 ./src/utils.o
                0x20010654                logError
 .text.validateTransferParameters
                0x20010788      0x10c C:/ISIS/workspace_ycube/GlobusSatProject/..//hal/hal/lib\libHALD.a(I2C.o)
 .text.I2C_queueTransfer
                0x20010894       0xe8 C:/ISIS/workspace_ycube/GlobusSatProject/..//hal/hal/lib\libHALD.a(I2C.o)
                0x20010894                I2C_queueTransfer
 .text.I2C_internalCallback
                0x2001097c       0x64 C:/ISIS/workspace_ycube/GlobusSatProject/..//hal/hal/lib\libHALD.a(I2C.o)
 .text.I2C_doBlockingTransfer
                0x200109e0      0x160 C:/ISIS/workspace_ycube/GlobusSatProject/..//hal/hal/lib\libHALD.a(I2C.o)
 .text.I2C_writeRead
                0x20010b40      0x180 C:/ISIS/workspace_ycube/GlobusSatProject/..//hal/hal/lib\libHALD.a(I2C.o)
                0x20010b40                I2C_writeRead
 .text.I2C_start
                0x20010cc0      0x2e8 C:/ISIS/workspace_ycube/GlobusSatProject/..//hal/hal/lib\libHALD.a(I2C.o)
                0x20010cc0                I2C_start
 .text.I2C_stop
                0x20010fa8      0x184 C:/ISIS/workspace_ycube/GlobusSatProject/..//hal/hal/lib\libHALD.a(I2C.o)
                0x20010fa8                I2C_stop
 .text.I2C_setTransferTimeout
                0x2001112c       0x48 C:/ISIS/workspace_ycube/GlobusSatProject/..//hal/hal/lib\libHALD.a(I2C.o)
                0x2001112c                I2C_setTransferTimeout
 .text.clearPDCtransfers
                0x20011174       0xdc C:/ISIS/workspace_ycube/GlobusSatProject/..//hal/hal/lib\libHALD.a(SPI.o)
 .text.SPI_start
                0x20011250      0x4c0 C:/ISIS/workspace_ycube/GlobusSatProject/..//hal/hal/lib\libHALD.a(SPI.o)
                0x20011250                SPI_start
 .text.SPI_stop
                0x20011710      0x22c C:/ISIS/workspace_ycube/GlobusSatProject/..//hal/hal/lib\libHALD.a(SPI.o)
                0x20011710                SPI_stop
 .text.SPI_queueTransfer
                0x2001193c      0x190 C:/ISIS/workspace_ycube/GlobusSatProject/..//hal/hal/lib\libHALD.a(SPI.o)
                0x2001193c                SPI_queueTransfer
 .text.SPI_internalCallback
                0x20011acc       0x64 C:/ISIS/workspace_ycube/GlobusSatProject/..//hal/hal/lib\libHALD.a(SPI.o)
 .text.SPI_writeRead
                0x20011b30      0x188 C:/ISIS/workspace_ycube/GlobusSatProject/..//hal/hal/lib\libHALD.a(SPI.o)
                0x20011b30                SPI_writeRead
 .text.waitForTransfer
                0x20011cb8       0x68 C:/ISIS/workspace_ycube/GlobusSatProject/..//hal/hal/lib\libHALD.a(SPI.o)
 .text.SPI_getDriverState
                0x20011d20       0x58 C:/ISIS/workspace_ycube/GlobusSatProject/..//hal/hal/lib\libHALD.a(SPI.o)
                0x20011d20                SPI_getDriverState
 .text.FRAM_start
                0x20011d78       0xf4 C:/ISIS/workspace_ycube/GlobusSatProject/..//hal/hal/lib\libHALD.a(FRAM.o)
                0x20011d78                FRAM_start
 .text.FRAM_dummyCallback
                0x20011e6c       0x24 C:/ISIS/workspace_ycube/GlobusSatProject/..//hal/hal/lib\libHALD.a(FRAM.o)
                0x20011e6c                FRAM_dummyCallback
 .text.FRAM_unlockingCallback
                0x20011e90       0x78 C:/ISIS/workspace_ycube/GlobusSatProject/..//hal/hal/lib\libHALD.a(FRAM.o)
                0x20011e90                FRAM_unlockingCallback
 .text.doBlockingTransfer
                0x20011f08       0x88 C:/ISIS/workspace_ycube/GlobusSatProject/..//hal/hal/lib\libHALD.a(FRAM.o)
 .text.FRAM_writePacket
                0x20011f90      0x148 C:/ISIS/workspace_ycube/GlobusSatProject/..//hal/hal/lib\libHALD.a(FRAM.o)
 .text.FRAM_write
                0x200120d8      0x1c8 C:/ISIS/workspace_ycube/GlobusSatProject/..//hal/hal/lib\libHALD.a(FRAM.o)
                0x200120d8                FRAM_write
 .text.FRAM_readPacket
                0x200122a0      0x114 C:/ISIS/workspace_ycube/GlobusSatProject/..//hal/hal/lib\libHALD.a(FRAM.o)
 .text.FRAM_read
                0x200123b4      0x1d4 C:/ISIS/workspace_ycube/GlobusSatProject/..//hal/hal/lib\libHALD.a(FRAM.o)
                0x200123b4                FRAM_read
 .text.Time_start
                0x20012588      0x150 C:/ISIS/workspace_ycube/GlobusSatProject/..//hal/hal/lib\libHALD.a(Time.o)
                0x20012588                Time_start
 .text.taskTimeSync
                0x200126d8       0x38 C:/ISIS/workspace_ycube/GlobusSatProject/..//hal/hal/lib\libHALD.a(Time.o)
 .text.Time_set
                0x20012710      0x278 C:/ISIS/workspace_ycube/GlobusSatProject/..//hal/hal/lib\libHALD.a(Time.o)
                0x20012710                Time_set
 .text.Time_isLeapYear
                0x20012988       0x98 C:/ISIS/workspace_ycube/GlobusSatProject/..//hal/hal/lib\libHALD.a(Time.o)
                0x20012988                Time_isLeapYear
 .text.Time_get
                0x20012a20      0x410 C:/ISIS/workspace_ycube/GlobusSatProject/..//hal/hal/lib\libHALD.a(Time.o)
                0x20012a20                Time_get
 .text.Time_getUnixEpoch
                0x20012e30       0xf4 C:/ISIS/workspace_ycube/GlobusSatProject/..//hal/hal/lib\libHALD.a(Time.o)
                0x20012e30                Time_getUnixEpoch
 .text.secondsOfYearToTime
                0x20012f24      0x328 C:/ISIS/workspace_ycube/GlobusSatProject/..//hal/hal/lib\libHALD.a(Time.o)
 .text.Time_setUnixEpoch
                0x2001324c      0x100 C:/ISIS/workspace_ycube/GlobusSatProject/..//hal/hal/lib\libHALD.a(Time.o)
                0x2001324c                Time_setUnixEpoch
 .text.Time_getUptimeSeconds
                0x2001334c       0x28 C:/ISIS/workspace_ycube/GlobusSatProject/..//hal/hal/lib\libHALD.a(Time.o)
                0x2001334c                Time_getUptimeSeconds
 .text.Time_sync
                0x20013374      0x2b8 C:/ISIS/workspace_ycube/GlobusSatProject/..//hal/hal/lib\libHALD.a(Time.o)
                0x20013374                Time_sync
 .text.Time_syncIfNeeded
                0x2001362c       0x70 C:/ISIS/workspace_ycube/GlobusSatProject/..//hal/hal/lib\libHALD.a(Time.o)
                0x2001362c                Time_syncIfNeeded
 .text.Time_setSyncInterval
                0x2001369c       0x38 C:/ISIS/workspace_ycube/GlobusSatProject/..//hal/hal/lib\libHALD.a(Time.o)
                0x2001369c                Time_setSyncInterval
 .text.WDT_start
                0x200136d4       0x48 C:/ISIS/workspace_ycube/GlobusSatProject/..//hal/hal/lib\libHALD.a(WatchDogTimerNoOS.o)
                0x200136d4                WDT_start
 .text.WDT_startWatchdogKickTask
                0x2001371c       0xb4 C:/ISIS/workspace_ycube/GlobusSatProject/..//hal/hal/lib\libHALD.a(WatchDogTimerOS.o)
                0x2001371c                WDT_startWatchdogKickTask
 .text.WDT_forceKickEveryNms
                0x200137d0       0x50 C:/ISIS/workspace_ycube/GlobusSatProject/..//hal/hal/lib\libHALD.a(WatchDogTimerOS.o)
                0x200137d0                WDT_forceKickEveryNms
 .text.UTIL_DbguGetInteger
                0x20013820      0x124 C:/ISIS/workspace_ycube/GlobusSatProject/..//hal/hal/lib\libHALD.a(util.o)
                0x20013820                UTIL_DbguGetInteger
 .text.UTIL_DbguGetIntegerMinMax
                0x20013944       0xa4 C:/ISIS/workspace_ycube/GlobusSatProject/..//hal/hal/lib\libHALD.a(util.o)
                0x20013944                UTIL_DbguGetIntegerMinMax
 .text.LED_glow
                0x200139e8       0x58 C:/ISIS/workspace_ycube/GlobusSatProject/..//hal/hal/lib\libHALD.a(LED.o)
                0x200139e8                LED_glow
 .text.LED_dark
                0x20013a40       0x58 C:/ISIS/workspace_ycube/GlobusSatProject/..//hal/hal/lib\libHALD.a(LED.o)
                0x20013a40                LED_dark
 .text.LED_toggle
                0x20013a98       0x50 C:/ISIS/workspace_ycube/GlobusSatProject/..//hal/hal/lib\libHALD.a(LED.o)
                0x20013a98                LED_toggle
 .text.RTC_start
                0x20013ae8       0x3c C:/ISIS/workspace_ycube/GlobusSatProject/..//hal/hal/lib\libHALD.a(RTC.o)
                0x20013ae8                RTC_start
 .text.RTC_setTime
                0x20013b24      0x2a4 C:/ISIS/workspace_ycube/GlobusSatProject/..//hal/hal/lib\libHALD.a(RTC.o)
                0x20013b24                RTC_setTime
 .text.RTC_getTime
                0x20013dc8      0x224 C:/ISIS/workspace_ycube/GlobusSatProject/..//hal/hal/lib\libHALD.a(RTC.o)
                0x20013dc8                RTC_getTime
 .text.RTC_checkTimeValid
                0x20013fec       0xdc C:/ISIS/workspace_ycube/GlobusSatProject/..//hal/hal/lib\libHALD.a(RTC.o)
                0x20013fec                RTC_checkTimeValid
 .text.RTT_start
                0x200140c8       0x24 C:/ISIS/workspace_ycube/GlobusSatProject/..//hal/hal/lib\libHALD.a(RTT.o)
                0x200140c8                RTT_start
 .text.fn_init  0x200140ec      0x2e0 C:/ISIS/workspace_ycube/GlobusSatProject/..//hal/hcc/lib\libHCCD.a(fat_common.o)
                0x200140ec                fn_init
 .text._f_get16bitl
                0x200143cc       0x4c C:/ISIS/workspace_ycube/GlobusSatProject/..//hal/hcc/lib\libHCCD.a(fat_common.o)
                0x200143cc                _f_get16bitl
 .text._f_set16bitl
                0x20014418       0x54 C:/ISIS/workspace_ycube/GlobusSatProject/..//hal/hcc/lib\libHCCD.a(fat_common.o)
                0x20014418                _f_set16bitl
 .text._f_get32bitl
                0x2001446c       0x68 C:/ISIS/workspace_ycube/GlobusSatProject/..//hal/hcc/lib\libHCCD.a(fat_common.o)
                0x2001446c                _f_get32bitl
 .text._f_set32bitl
                0x200144d4       0x78 C:/ISIS/workspace_ycube/GlobusSatProject/..//hal/hcc/lib\libHCCD.a(fat_common.o)
                0x200144d4                _f_set32bitl
 .text._get8bit
                0x2001454c       0xa0 C:/ISIS/workspace_ycube/GlobusSatProject/..//hal/hcc/lib\libHCCD.a(fat_common.o)
 .text._get16bitl
                0x200145ec       0x40 C:/ISIS/workspace_ycube/GlobusSatProject/..//hal/hcc/lib\libHCCD.a(fat_common.o)
 .text._get32bitl
                0x2001462c       0x3c C:/ISIS/workspace_ycube/GlobusSatProject/..//hal/hcc/lib\libHCCD.a(fat_common.o)
 .text._f_setcardremoved
                0x20014668       0x94 C:/ISIS/workspace_ycube/GlobusSatProject/..//hal/hcc/lib\libHCCD.a(fat_common.o)
 .text._f_checkstatus
                0x200146fc      0x104 C:/ISIS/workspace_ycube/GlobusSatProject/..//hal/hcc/lib\libHCCD.a(fat_common.o)
                0x200146fc                _f_checkstatus
 .text._f_drvgetphy
                0x20014800      0x114 C:/ISIS/workspace_ycube/GlobusSatProject/..//hal/hcc/lib\libHCCD.a(fat_common.o)
 .text._f_drvwritesector
                0x20014914       0xdc C:/ISIS/workspace_ycube/GlobusSatProject/..//hal/hcc/lib\libHCCD.a(fat_common.o)
 .text._f_drvreadsector
                0x200149f0       0xa8 C:/ISIS/workspace_ycube/GlobusSatProject/..//hal/hcc/lib\libHCCD.a(fat_common.o)
 .text._f_writesector
                0x20014a98      0x23c C:/ISIS/workspace_ycube/GlobusSatProject/..//hal/hcc/lib\libHCCD.a(fat_common.o)
                0x20014a98                _f_writesector
 .text._f_readsector
                0x20014cd4      0x1dc C:/ISIS/workspace_ycube/GlobusSatProject/..//hal/hcc/lib\libHCCD.a(fat_common.o)
                0x20014cd4                _f_readsector
 .text._f_getmaxcluster
                0x20014eb0       0x94 C:/ISIS/workspace_ycube/GlobusSatProject/..//hal/hcc/lib\libHCCD.a(fat_common.o)
                0x20014eb0                _f_getmaxcluster
 .text._getsectorfromcluster
                0x20014f44       0x68 C:/ISIS/workspace_ycube/GlobusSatProject/..//hal/hcc/lib\libHCCD.a(fat_common.o)
 .text._f_buildsectors
                0x20014fac      0x268 C:/ISIS/workspace_ycube/GlobusSatProject/..//hal/hcc/lib\libHCCD.a(fat_common.o)
 .text._f_getbootrecord
                0x20015214      0x5e4 C:/ISIS/workspace_ycube/GlobusSatProject/..//hal/hcc/lib\libHCCD.a(fat_common.o)
 .text._f_readbootrecord
                0x200157f8      0x4f8 C:/ISIS/workspace_ycube/GlobusSatProject/..//hal/hcc/lib\libHCCD.a(fat_common.o)
 .text._f_flushcffiles
                0x20015cf0      0x17c C:/ISIS/workspace_ycube/GlobusSatProject/..//hal/hcc/lib\libHCCD.a(fat_common.o)
                0x20015cf0                _f_flushcffiles
 .text._f_fatcache_flush
                0x20015e6c      0x270 C:/ISIS/workspace_ycube/GlobusSatProject/..//hal/hcc/lib\libHCCD.a(fat_common.o)
                0x20015e6c                _f_fatcache_flush
 .text._f_writefatsector
                0x200160dc      0x100 C:/ISIS/workspace_ycube/GlobusSatProject/..//hal/hcc/lib\libHCCD.a(fat_common.o)
                0x200160dc                _f_writefatsector
 .text._f_getfatsector
                0x200161dc      0x3bc C:/ISIS/workspace_ycube/GlobusSatProject/..//hal/hcc/lib\libHCCD.a(fat_common.o)
 .text._f_setclustervalue
                0x20016598      0x490 C:/ISIS/workspace_ycube/GlobusSatProject/..//hal/hcc/lib\libHCCD.a(fat_common.o)
                0x20016598                _f_setclustervalue
 .text._f_getclustervalue
                0x20016a28      0x388 C:/ISIS/workspace_ycube/GlobusSatProject/..//hal/hcc/lib\libHCCD.a(fat_common.o)
                0x20016a28                _f_getclustervalue
 .text._f_close_drive_files
                0x20016db0       0xac C:/ISIS/workspace_ycube/GlobusSatProject/..//hal/hcc/lib\libHCCD.a(fat_common.o)
 .text._f_inc_mount_count
                0x20016e5c       0xa4 C:/ISIS/workspace_ycube/GlobusSatProject/..//hal/hcc/lib\libHCCD.a(fat_common.o)
 .text._f_getvolume
                0x20016f00      0x2f8 C:/ISIS/workspace_ycube/GlobusSatProject/..//hal/hcc/lib\libHCCD.a(fat_common.o)
                0x20016f00                _f_getvolume
 .text.fn_createdriver
                0x200171f8      0x118 C:/ISIS/workspace_ycube/GlobusSatProject/..//hal/hcc/lib\libHCCD.a(fat_common.o)
                0x200171f8                fn_createdriver
 .text.fn_initvolume
                0x20017310      0x12c C:/ISIS/workspace_ycube/GlobusSatProject/..//hal/hcc/lib\libHCCD.a(fat_common.o)
                0x20017310                fn_initvolume
 .text.fn_initvolumepartition_sub
                0x2001743c       0xe0 C:/ISIS/workspace_ycube/GlobusSatProject/..//hal/hcc/lib\libHCCD.a(fat_common.o)
 .text.fn_initvolumepartition
                0x2001751c       0xac C:/ISIS/workspace_ycube/GlobusSatProject/..//hal/hcc/lib\libHCCD.a(fat_common.o)
                0x2001751c                fn_initvolumepartition
 .text._f_clustertopos
                0x200175c8       0xf8 C:/ISIS/workspace_ycube/GlobusSatProject/..//hal/hcc/lib\libHCCD.a(fat_common.o)
                0x200175c8                _f_clustertopos
 .text._f_getcurrsector
                0x200176c0      0x6c8 C:/ISIS/workspace_ycube/GlobusSatProject/..//hal/hcc/lib\libHCCD.a(fat_common.o)
                0x200176c0                _f_getcurrsector
 .text._f_getdecluster
                0x20017d88       0x90 C:/ISIS/workspace_ycube/GlobusSatProject/..//hal/hcc/lib\libHCCD.a(fat_common.o)
                0x20017d88                _f_getdecluster
 .text._f_setdecluster
                0x20017e18       0x8c C:/ISIS/workspace_ycube/GlobusSatProject/..//hal/hcc/lib\libHCCD.a(fat_common.o)
                0x20017e18                _f_setdecluster
 .text.fn_getdrive
                0x20017ea4       0x30 C:/ISIS/workspace_ycube/GlobusSatProject/..//hal/hcc/lib\libHCCD.a(fat_common.o)
                0x20017ea4                fn_getdrive
 .text._f_getcurrenttimedate
                0x20017ed4      0x138 C:/ISIS/workspace_ycube/GlobusSatProject/..//hal/hcc/lib\libHCCD.a(fat_common.o)
                0x20017ed4                _f_getcurrenttimedate
 .text._f_initentry
                0x2001800c       0xa0 C:/ISIS/workspace_ycube/GlobusSatProject/..//hal/hcc/lib\libHCCD.a(fat_common.o)
                0x2001800c                _f_initentry
 .text._f_alloccluster
                0x200180ac      0x344 C:/ISIS/workspace_ycube/GlobusSatProject/..//hal/hcc/lib\libHCCD.a(fat_common.o)
                0x200180ac                _f_alloccluster
 .text._f_dobadblock
                0x200183f0      0x2cc C:/ISIS/workspace_ycube/GlobusSatProject/..//hal/hcc/lib\libHCCD.a(fat_common.o)
                0x200183f0                _f_dobadblock
 .text._f_checklocked
                0x200186bc       0xe4 C:/ISIS/workspace_ycube/GlobusSatProject/..//hal/hcc/lib\libHCCD.a(fat_common.o)
                0x200186bc                _f_checklocked
 .text._f_checkappendlocked
                0x200187a0      0x110 C:/ISIS/workspace_ycube/GlobusSatProject/..//hal/hcc/lib\libHCCD.a(fat_common.o)
                0x200187a0                _f_checkappendlocked
 .text._f_setsyncafile
                0x200188b0      0x114 C:/ISIS/workspace_ycube/GlobusSatProject/..//hal/hcc/lib\libHCCD.a(fat_common.o)
                0x200188b0                _f_setsyncafile
 .text._f_syncfiles
                0x200189c4      0x128 C:/ISIS/workspace_ycube/GlobusSatProject/..//hal/hcc/lib\libHCCD.a(fat_common.o)
                0x200189c4                _f_syncfiles
 .text._f_syncfilescontent
                0x20018aec      0x15c C:/ISIS/workspace_ycube/GlobusSatProject/..//hal/hcc/lib\libHCCD.a(fat_common.o)
 .text.fn_getfreespace
                0x20018c48      0x4c0 C:/ISIS/workspace_ycube/GlobusSatProject/..//hal/hcc/lib\libHCCD.a(fat_common.o)
                0x20018c48                fn_getfreespace
 .text._f_emptywritecache
                0x20019108      0x4a4 C:/ISIS/workspace_ycube/GlobusSatProject/..//hal/hcc/lib\libHCCD.a(fat_common.o)
 .text._f_allocnextcluster
                0x200195ac      0x54c C:/ISIS/workspace_ycube/GlobusSatProject/..//hal/hcc/lib\libHCCD.a(fat_common.o)
 .text._f_emptywritebuffer
                0x20019af8      0x20c C:/ISIS/workspace_ycube/GlobusSatProject/..//hal/hcc/lib\libHCCD.a(fat_common.o)
 .text._f_writezeros
                0x20019d04       0xf0 C:/ISIS/workspace_ycube/GlobusSatProject/..//hal/hcc/lib\libHCCD.a(fat_common.o)
                0x20019d04                _f_writezeros
 .text._f_extend_file
                0x20019df4      0x570 C:/ISIS/workspace_ycube/GlobusSatProject/..//hal/hcc/lib\libHCCD.a(fat_common.o)
 .text._f_fseek
                0x2001a364      0x9bc C:/ISIS/workspace_ycube/GlobusSatProject/..//hal/hcc/lib\libHCCD.a(fat_common.o)
                0x2001a364                _f_fseek
 .text._f_removechain
                0x2001ad20      0x104 C:/ISIS/workspace_ycube/GlobusSatProject/..//hal/hcc/lib\libHCCD.a(fat_common.o)
                0x2001ad20                _f_removechain
 .text._f_updatefileentry
                0x2001ae24      0x1cc C:/ISIS/workspace_ycube/GlobusSatProject/..//hal/hcc/lib\libHCCD.a(fat_common.o)
 .text._f_checkreadlocked
                0x2001aff0      0x1bc C:/ISIS/workspace_ycube/GlobusSatProject/..//hal/hcc/lib\libHCCD.a(fat_common.o)
                0x2001aff0                _f_checkreadlocked
 .text._f_check_handle
                0x2001b1ac       0x98 C:/ISIS/workspace_ycube/GlobusSatProject/..//hal/hcc/lib\libHCCD.a(fat_common.o)
                0x2001b1ac                _f_check_handle
 .text._f_removesyncafile
                0x2001b244      0x1ec C:/ISIS/workspace_ycube/GlobusSatProject/..//hal/hcc/lib\libHCCD.a(fat_common.o)
 .text.fn_close
                0x2001b430      0x3f8 C:/ISIS/workspace_ycube/GlobusSatProject/..//hal/hcc/lib\libHCCD.a(fat_common.o)
                0x2001b430                fn_close
 .text.fn_flush
                0x2001b828      0x374 C:/ISIS/workspace_ycube/GlobusSatProject/..//hal/hcc/lib\libHCCD.a(fat_common.o)
                0x2001b828                fn_flush
 .text.fn_read  0x2001bb9c      0x690 C:/ISIS/workspace_ycube/GlobusSatProject/..//hal/hcc/lib\libHCCD.a(fat_common.o)
                0x2001bb9c                fn_read
 .text._f_abortwrite
                0x2001c22c      0x100 C:/ISIS/workspace_ycube/GlobusSatProject/..//hal/hcc/lib\libHCCD.a(fat_common.o)
 .text._f_checkwritecluster
                0x2001c32c       0xe4 C:/ISIS/workspace_ycube/GlobusSatProject/..//hal/hcc/lib\libHCCD.a(fat_common.o)
 .text.fn_write
                0x2001c410      0x8a8 C:/ISIS/workspace_ycube/GlobusSatProject/..//hal/hcc/lib\libHCCD.a(fat_common.o)
                0x2001c410                fn_write
 .text.f_enterFS
                0x2001ccb8      0x1c0 C:/ISIS/workspace_ycube/GlobusSatProject/..//hal/hcc/lib\libHCCD.a(fat_common.o)
                0x2001ccb8                f_enterFS
 .text.fnGetTask
                0x2001ce78       0xfc C:/ISIS/workspace_ycube/GlobusSatProject/..//hal/hcc/lib\libHCCD.a(fat_common.o)
                0x2001ce78                fnGetTask
 .text._f_mutex_get
                0x2001cf74       0x98 C:/ISIS/workspace_ycube/GlobusSatProject/..//hal/hcc/lib\libHCCD.a(fat_common.o)
                0x2001cf74                _f_mutex_get
 .text._f_mutex_put
                0x2001d00c       0x54 C:/ISIS/workspace_ycube/GlobusSatProject/..//hal/hcc/lib\libHCCD.a(fat_common.o)
                0x2001d00c                _f_mutex_put
 .text._fn_initseekdivisor
                0x2001d060      0x158 C:/ISIS/workspace_ycube/GlobusSatProject/..//hal/hcc/lib\libHCCD.a(fat_common.o)
                0x2001d060                _fn_initseekdivisor
 .text._fn_updateseekpos
                0x2001d1b8       0xc4 C:/ISIS/workspace_ycube/GlobusSatProject/..//hal/hcc/lib\libHCCD.a(fat_common.o)
 .text._f_findopensize
                0x2001d27c       0x2c C:/ISIS/workspace_ycube/GlobusSatProject/..//hal/hcc/lib\libHCCD.a(fat_common.o)
                0x2001d27c                _f_findopensize
 .text.fn_setlasterror
                0x2001d2a8       0x34 C:/ISIS/workspace_ycube/GlobusSatProject/..//hal/hcc/lib\libHCCD.a(fat_common.o)
                0x2001d2a8                fn_setlasterror
 .text.fn_setlasterror_noret
                0x2001d2dc       0x2c C:/ISIS/workspace_ycube/GlobusSatProject/..//hal/hcc/lib\libHCCD.a(fat_common.o)
                0x2001d2dc                fn_setlasterror_noret
 .text.fm_initvolume
                0x2001d308       0x70 C:/ISIS/workspace_ycube/GlobusSatProject/..//hal/hcc/lib\libHCCD.a(fat_m.o)
                0x2001d308                fm_initvolume
 .text.fm_getdrive
                0x2001d378       0x70 C:/ISIS/workspace_ycube/GlobusSatProject/..//hal/hcc/lib\libHCCD.a(fat_m.o)
                0x2001d378                fm_getdrive
 .text.fm_getfreespace
                0x2001d3e8       0x68 C:/ISIS/workspace_ycube/GlobusSatProject/..//hal/hcc/lib\libHCCD.a(fat_m.o)
                0x2001d3e8                fm_getfreespace
 .text.fm_findfirst
                0x2001d450       0x68 C:/ISIS/workspace_ycube/GlobusSatProject/..//hal/hcc/lib\libHCCD.a(fat_m.o)
                0x2001d450                fm_findfirst
 .text.fm_findnext
                0x2001d4b8       0x60 C:/ISIS/workspace_ycube/GlobusSatProject/..//hal/hcc/lib\libHCCD.a(fat_m.o)
                0x2001d4b8                fm_findnext
 .text.fm_close
                0x2001d518       0x60 C:/ISIS/workspace_ycube/GlobusSatProject/..//hal/hcc/lib\libHCCD.a(fat_m.o)
                0x2001d518                fm_close
 .text.fm_flush
                0x2001d578       0x60 C:/ISIS/workspace_ycube/GlobusSatProject/..//hal/hcc/lib\libHCCD.a(fat_m.o)
                0x2001d578                fm_flush
 .text.fm_open  0x2001d5d8       0x68 C:/ISIS/workspace_ycube/GlobusSatProject/..//hal/hcc/lib\libHCCD.a(fat_m.o)
                0x2001d5d8                fm_open
 .text.fm_read  0x2001d640       0x7c C:/ISIS/workspace_ycube/GlobusSatProject/..//hal/hcc/lib\libHCCD.a(fat_m.o)
                0x2001d640                fm_read
 .text.fm_write
                0x2001d6bc       0x7c C:/ISIS/workspace_ycube/GlobusSatProject/..//hal/hcc/lib\libHCCD.a(fat_m.o)
                0x2001d6bc                fm_write
 .text.fm_delete
                0x2001d738       0x64 C:/ISIS/workspace_ycube/GlobusSatProject/..//hal/hcc/lib\libHCCD.a(fat_m.o)
                0x2001d738                fm_delete
 .text.fm_getlasterror
                0x2001d79c       0x40 C:/ISIS/workspace_ycube/GlobusSatProject/..//hal/hcc/lib\libHCCD.a(fat_m.o)
                0x2001d79c                fm_getlasterror
 .text._s_checkzeroclusteratend
                0x2001d7dc       0xf8 C:/ISIS/workspace_ycube/GlobusSatProject/..//hal/hcc/lib\libHCCD.a(safefat.o)
 .text._s_clearclustercontent
                0x2001d8d4      0x108 C:/ISIS/workspace_ycube/GlobusSatProject/..//hal/hcc/lib\libHCCD.a(safefat.o)
 .text._s_clearclustercontentdir
                0x2001d9dc      0x19c C:/ISIS/workspace_ycube/GlobusSatProject/..//hal/hcc/lib\libHCCD.a(safefat.o)
 .text._s_writedirsector
                0x2001db78       0xd0 C:/ISIS/workspace_ycube/GlobusSatProject/..//hal/hcc/lib\libHCCD.a(safefat.o)
 .text._s_getdirsector
                0x2001dc48      0x100 C:/ISIS/workspace_ycube/GlobusSatProject/..//hal/hcc/lib\libHCCD.a(safefat.o)
 .text._s_addentry
                0x2001dd48      0x394 C:/ISIS/workspace_ycube/GlobusSatProject/..//hal/hcc/lib\libHCCD.a(safefat.o)
 .text._s_findfile
                0x2001e0dc      0x33c C:/ISIS/workspace_ycube/GlobusSatProject/..//hal/hcc/lib\libHCCD.a(safefat.o)
 .text._s_findsubdir
                0x2001e418      0x248 C:/ISIS/workspace_ycube/GlobusSatProject/..//hal/hcc/lib\libHCCD.a(safefat.o)
 .text._s_createfile
                0x2001e660      0x190 C:/ISIS/workspace_ycube/GlobusSatProject/..//hal/hcc/lib\libHCCD.a(safefat.o)
 .text._s_findsaffile
                0x2001e7f0      0x1b8 C:/ISIS/workspace_ycube/GlobusSatProject/..//hal/hcc/lib\libHCCD.a(safefat.o)
 .text._s_open  0x2001e9a8       0xe4 C:/ISIS/workspace_ycube/GlobusSatProject/..//hal/hcc/lib\libHCCD.a(safefat.o)
 .text._s_open_saf
                0x2001ea8c       0xe8 C:/ISIS/workspace_ycube/GlobusSatProject/..//hal/hcc/lib\libHCCD.a(safefat.o)
 .text._s_flush
                0x2001eb74       0x84 C:/ISIS/workspace_ycube/GlobusSatProject/..//hal/hcc/lib\libHCCD.a(safefat.o)
 .text._s_allocnextcluster
                0x2001ebf8      0x13c C:/ISIS/workspace_ycube/GlobusSatProject/..//hal/hcc/lib\libHCCD.a(safefat.o)
 .text._s_getnextsector
                0x2001ed34       0xdc C:/ISIS/workspace_ycube/GlobusSatProject/..//hal/hcc/lib\libHCCD.a(safefat.o)
 .text._s_seek  0x2001ee10      0x1e8 C:/ISIS/workspace_ycube/GlobusSatProject/..//hal/hcc/lib\libHCCD.a(safefat.o)
 .text._s_read  0x2001eff8      0x228 C:/ISIS/workspace_ycube/GlobusSatProject/..//hal/hcc/lib\libHCCD.a(safefat.o)
 .text._s_write
                0x2001f220      0x384 C:/ISIS/workspace_ycube/GlobusSatProject/..//hal/hcc/lib\libHCCD.a(safefat.o)
 .text._s_restoreclusters
                0x2001f5a4      0x270 C:/ISIS/workspace_ycube/GlobusSatProject/..//hal/hcc/lib\libHCCD.a(safefat.o)
                0x2001f5a4                _s_restoreclusters
 .text._s_findrestore
                0x2001f814      0x18c C:/ISIS/workspace_ycube/GlobusSatProject/..//hal/hcc/lib\libHCCD.a(safefat.o)
 .text._s_cmd_writede
                0x2001f9a0       0xd8 C:/ISIS/workspace_ycube/GlobusSatProject/..//hal/hcc/lib\libHCCD.a(safefat.o)
 .text._s_cmd_setcluster
                0x2001fa78       0x88 C:/ISIS/workspace_ycube/GlobusSatProject/..//hal/hcc/lib\libHCCD.a(safefat.o)
 .text._s_cmd_deletechain
                0x2001fb00      0x100 C:/ISIS/workspace_ycube/GlobusSatProject/..//hal/hcc/lib\libHCCD.a(safefat.o)
 .text._s_cmd_validatecfn
                0x2001fc00      0x308 C:/ISIS/workspace_ycube/GlobusSatProject/..//hal/hcc/lib\libHCCD.a(safefat.o)
 .text._s_cmd_seteof
                0x2001ff08      0x3c4 C:/ISIS/workspace_ycube/GlobusSatProject/..//hal/hcc/lib\libHCCD.a(safefat.o)
 .text.safe_docommands
                0x200202cc      0x56c C:/ISIS/workspace_ycube/GlobusSatProject/..//hal/hcc/lib\libHCCD.a(safefat.o)
                0x200202cc                safe_docommands
 .text.safe_entercommand
                0x20020838       0x68 C:/ISIS/workspace_ycube/GlobusSatProject/..//hal/hcc/lib\libHCCD.a(safefat.o)
                0x20020838                safe_entercommand
 .text.safe_ready
                0x200208a0       0xf4 C:/ISIS/workspace_ycube/GlobusSatProject/..//hal/hcc/lib\libHCCD.a(safefat.o)
                0x200208a0                safe_ready
 .text.safe_copycfn
                0x20020994       0xb8 C:/ISIS/workspace_ycube/GlobusSatProject/..//hal/hcc/lib\libHCCD.a(safefat.o)
                0x20020994                safe_copycfn
 .text.safe_cfremove
                0x20020a4c       0xb8 C:/ISIS/workspace_ycube/GlobusSatProject/..//hal/hcc/lib\libHCCD.a(safefat.o)
                0x20020a4c                safe_cfremove
 .text.safe_writede
                0x20020b04      0x104 C:/ISIS/workspace_ycube/GlobusSatProject/..//hal/hcc/lib\libHCCD.a(safefat.o)
                0x20020b04                safe_writede
 .text.safe_setcluster
                0x20020c08       0xcc C:/ISIS/workspace_ycube/GlobusSatProject/..//hal/hcc/lib\libHCCD.a(safefat.o)
                0x20020c08                safe_setcluster
 .text.safe_deletechain
                0x20020cd4      0x1c8 C:/ISIS/workspace_ycube/GlobusSatProject/..//hal/hcc/lib\libHCCD.a(safefat.o)
                0x20020cd4                safe_deletechain
 .text.safe_cfclose
                0x20020e9c      0x104 C:/ISIS/workspace_ycube/GlobusSatProject/..//hal/hcc/lib\libHCCD.a(safefat.o)
                0x20020e9c                safe_cfclose
 .text.safe_cfflush
                0x20020fa0      0x124 C:/ISIS/workspace_ycube/GlobusSatProject/..//hal/hcc/lib\libHCCD.a(safefat.o)
                0x20020fa0                safe_cfflush
 .text.safe_reset
                0x200210c4       0x78 C:/ISIS/workspace_ycube/GlobusSatProject/..//hal/hcc/lib\libHCCD.a(safefat.o)
                0x200210c4                safe_reset
 .text.safe_loadcommands
                0x2002113c       0x78 C:/ISIS/workspace_ycube/GlobusSatProject/..//hal/hcc/lib\libHCCD.a(safefat.o)
                0x2002113c                safe_loadcommands
 .text.safe_poweron
                0x200211b4      0x1fc C:/ISIS/workspace_ycube/GlobusSatProject/..//hal/hcc/lib\libHCCD.a(safefat.o)
                0x200211b4                safe_poweron
 .text.cf_getname
                0x200213b0       0xc0 C:/ISIS/workspace_ycube/GlobusSatProject/..//hal/hcc/lib\libHCCD.a(safefat.o)
 .text.cf_copyclusterchain
                0x20021470      0x138 C:/ISIS/workspace_ycube/GlobusSatProject/..//hal/hcc/lib\libHCCD.a(safefat.o)
 .text.cf_seektozero
                0x200215a8       0x94 C:/ISIS/workspace_ycube/GlobusSatProject/..//hal/hcc/lib\libHCCD.a(safefat.o)
                0x200215a8                cf_seektozero
 .text.cf_create
                0x2002163c      0x3a8 C:/ISIS/workspace_ycube/GlobusSatProject/..//hal/hcc/lib\libHCCD.a(safefat.o)
                0x2002163c                cf_create
 .text.cf_copyclustercontent
                0x200219e4      0x128 C:/ISIS/workspace_ycube/GlobusSatProject/..//hal/hcc/lib\libHCCD.a(safefat.o)
                0x200219e4                cf_copyclustercontent
 .text.cf_copycfn
                0x20021b0c      0x4bc C:/ISIS/workspace_ycube/GlobusSatProject/..//hal/hcc/lib\libHCCD.a(safefat.o)
                0x20021b0c                cf_copycfn
 .text.cf_remove
                0x20021fc8      0x344 C:/ISIS/workspace_ycube/GlobusSatProject/..//hal/hcc/lib\libHCCD.a(safefat.o)
                0x20021fc8                cf_remove
 .text.cf_setclusternew
                0x2002230c       0xf0 C:/ISIS/workspace_ycube/GlobusSatProject/..//hal/hcc/lib\libHCCD.a(safefat.o)
                0x2002230c                cf_setclusternew
 .text.cf_flush
                0x200223fc       0x58 C:/ISIS/workspace_ycube/GlobusSatProject/..//hal/hcc/lib\libHCCD.a(safefat.o)
                0x200223fc                cf_flush
 .text.cf_getcluster
                0x20022454      0x1b4 C:/ISIS/workspace_ycube/GlobusSatProject/..//hal/hcc/lib\libHCCD.a(safefat.o)
                0x20022454                cf_getcluster
 .text.cf_setnextcluster
                0x20022608      0x194 C:/ISIS/workspace_ycube/GlobusSatProject/..//hal/hcc/lib\libHCCD.a(safefat.o)
                0x20022608                cf_setnextcluster
 .text.cf_getpositions
                0x2002279c       0xbc C:/ISIS/workspace_ycube/GlobusSatProject/..//hal/hcc/lib\libHCCD.a(safefat.o)
                0x2002279c                cf_getpositions
 .text.cf_setpositions
                0x20022858       0xb0 C:/ISIS/workspace_ycube/GlobusSatProject/..//hal/hcc/lib\libHCCD.a(safefat.o)
                0x20022858                cf_setpositions
 .text.cf_opensyncafile
                0x20022908      0x150 C:/ISIS/workspace_ycube/GlobusSatProject/..//hal/hcc/lib\libHCCD.a(safefat.o)
                0x20022908                cf_opensyncafile
 .text.cf_reloadcfo
                0x20022a58       0xd8 C:/ISIS/workspace_ycube/GlobusSatProject/..//hal/hcc/lib\libHCCD.a(safefat.o)
                0x20022a58                cf_reloadcfo
 .text.mcipdc_cmd
                0x20022b30      0x22c C:/ISIS/workspace_ycube/GlobusSatProject/..//hal/hcc/lib\libHCCD.a(atmel_mcipdc.o)
 .text.mcipdc_stop
                0x20022d5c       0xfc C:/ISIS/workspace_ycube/GlobusSatProject/..//hal/hcc/lib\libHCCD.a(atmel_mcipdc.o)
                0x20022d5c                mcipdc_stop
 .text.mcipdc_read
                0x20022e58      0x27c C:/ISIS/workspace_ycube/GlobusSatProject/..//hal/hcc/lib\libHCCD.a(atmel_mcipdc.o)
 .text.mcipdc_write
                0x200230d4      0x298 C:/ISIS/workspace_ycube/GlobusSatProject/..//hal/hcc/lib\libHCCD.a(atmel_mcipdc.o)
 .text.mcipdc_readsector
                0x2002336c       0x9c C:/ISIS/workspace_ycube/GlobusSatProject/..//hal/hcc/lib\libHCCD.a(atmel_mcipdc.o)
                0x2002336c                mcipdc_readsector
 .text.mcipdc_readmultiplesector
                0x20023408      0x124 C:/ISIS/workspace_ycube/GlobusSatProject/..//hal/hcc/lib\libHCCD.a(atmel_mcipdc.o)
                0x20023408                mcipdc_readmultiplesector
 .text.mcipdc_writesector
                0x2002352c       0x90 C:/ISIS/workspace_ycube/GlobusSatProject/..//hal/hcc/lib\libHCCD.a(atmel_mcipdc.o)
                0x2002352c                mcipdc_writesector
 .text.mcipdc_writemultiplesector
                0x200235bc      0x120 C:/ISIS/workspace_ycube/GlobusSatProject/..//hal/hcc/lib\libHCCD.a(atmel_mcipdc.o)
                0x200235bc                mcipdc_writemultiplesector
 .text.mcipdc_set_speed
                0x200236dc       0xb0 C:/ISIS/workspace_ycube/GlobusSatProject/..//hal/hcc/lib\libHCCD.a(atmel_mcipdc.o)
 .text.mcipdc_get_speed
                0x2002378c       0x48 C:/ISIS/workspace_ycube/GlobusSatProject/..//hal/hcc/lib\libHCCD.a(atmel_mcipdc.o)
 .text._get_csd_bits
                0x200237d4      0x14c C:/ISIS/workspace_ycube/GlobusSatProject/..//hal/hcc/lib\libHCCD.a(atmel_mcipdc.o)
 .text.mcipdc_initcard
                0x20023920      0x8f4 C:/ISIS/workspace_ycube/GlobusSatProject/..//hal/hcc/lib\libHCCD.a(atmel_mcipdc.o)
 .text.mcipdc_getstatus
                0x20024214       0xe8 C:/ISIS/workspace_ycube/GlobusSatProject/..//hal/hcc/lib\libHCCD.a(atmel_mcipdc.o)
 .text.mcipdc_getphy
                0x200242fc       0x90 C:/ISIS/workspace_ycube/GlobusSatProject/..//hal/hcc/lib\libHCCD.a(atmel_mcipdc.o)
 .text.mcipdc_release
                0x2002438c       0x50 C:/ISIS/workspace_ycube/GlobusSatProject/..//hal/hcc/lib\libHCCD.a(atmel_mcipdc.o)
 .text.atmel_mcipdc_initfunc
                0x200243dc      0x160 C:/ISIS/workspace_ycube/GlobusSatProject/..//hal/hcc/lib\libHCCD.a(atmel_mcipdc.o)
                0x200243dc                atmel_mcipdc_initfunc
 .text.oal_mutex_create
                0x2002453c       0x54 C:/ISIS/workspace_ycube/GlobusSatProject/..//hal/hcc/lib\libHCCD.a(oalp_mutex.o)
                0x2002453c                oal_mutex_create
 .text.oal_mutex_delete
                0x20024590       0x30 C:/ISIS/workspace_ycube/GlobusSatProject/..//hal/hcc/lib\libHCCD.a(oalp_mutex.o)
                0x20024590                oal_mutex_delete
 .text.oal_mutex_get
                0x200245c0       0x58 C:/ISIS/workspace_ycube/GlobusSatProject/..//hal/hcc/lib\libHCCD.a(oalp_mutex.o)
                0x200245c0                oal_mutex_get
 .text.oal_mutex_put
                0x20024618       0x58 C:/ISIS/workspace_ycube/GlobusSatProject/..//hal/hcc/lib\libHCCD.a(oalp_mutex.o)
                0x20024618                oal_mutex_put
 .text.oal_task_get_id
                0x20024670       0x18 C:/ISIS/workspace_ycube/GlobusSatProject/..//hal/hcc/lib\libHCCD.a(oalp_task.o)
                0x20024670                oal_task_get_id
 .text.mcipdc_hw_init
                0x20024688       0xe8 C:/ISIS/workspace_ycube/GlobusSatProject/..//hal/hcc/lib\libHCCD.a(atmel_mcipdc_hw.o)
                0x20024688                mcipdc_hw_init
 .text.mcipdc_hw_delete
                0x20024770       0x78 C:/ISIS/workspace_ycube/GlobusSatProject/..//hal/hcc/lib\libHCCD.a(atmel_mcipdc_hw.o)
                0x20024770                mcipdc_hw_delete
 .text.mcipdc_hw_card_plugged
                0x200247e8       0x1c C:/ISIS/workspace_ycube/GlobusSatProject/..//hal/hcc/lib\libHCCD.a(atmel_mcipdc_hw.o)
                0x200247e8                mcipdc_hw_card_plugged
 .text.mcipdc_hw_card_writeprotect
                0x20024804       0x1c C:/ISIS/workspace_ycube/GlobusSatProject/..//hal/hcc/lib\libHCCD.a(atmel_mcipdc_hw.o)
                0x20024804                mcipdc_hw_card_writeprotect
 .text.psp_getcurrenttimedate
                0x20024820       0x8c C:/ISIS/workspace_ycube/GlobusSatProject/..//hal/hcc/lib\libHCCD.a(psp_rtc.o)
                0x20024820                psp_getcurrenttimedate
 .text._hcc_get_buf_dsc
                0x200248ac       0x8c C:/ISIS/workspace_ycube/GlobusSatProject/..//hal/hcc/lib\libHCCD.a(hcc_mem.o)
 .text._hcc_check_free_pages
                0x20024938      0x18c C:/ISIS/workspace_ycube/GlobusSatProject/..//hal/hcc/lib\libHCCD.a(hcc_mem.o)
 .text._hcc_mark_pages
                0x20024ac4      0x158 C:/ISIS/workspace_ycube/GlobusSatProject/..//hal/hcc/lib\libHCCD.a(hcc_mem.o)
 .text._hcc_clear_lock_dsc
                0x20024c1c       0x80 C:/ISIS/workspace_ycube/GlobusSatProject/..//hal/hcc/lib\libHCCD.a(hcc_mem.o)
 .text._hcc_lock_access
                0x20024c9c      0x128 C:/ISIS/workspace_ycube/GlobusSatProject/..//hal/hcc/lib\libHCCD.a(hcc_mem.o)
 .text._hcc_unlock_access
                0x20024dc4       0x30 C:/ISIS/workspace_ycube/GlobusSatProject/..//hal/hcc/lib\libHCCD.a(hcc_mem.o)
 .text.hcc_mem_alloc
                0x20024df4      0x454 C:/ISIS/workspace_ycube/GlobusSatProject/..//hal/hcc/lib\libHCCD.a(hcc_mem.o)
                0x20024df4                hcc_mem_alloc
 .text.hcc_mem_free
                0x20025248      0x178 C:/ISIS/workspace_ycube/GlobusSatProject/..//hal/hcc/lib\libHCCD.a(hcc_mem.o)
                0x20025248                hcc_mem_free
 .text.hcc_mem_add
                0x200253c0      0x3b0 C:/ISIS/workspace_ycube/GlobusSatProject/..//hal/hcc/lib\libHCCD.a(hcc_mem.o)
                0x200253c0                hcc_mem_add
 .text.hcc_mem_init
                0x20025770      0x164 C:/ISIS/workspace_ycube/GlobusSatProject/..//hal/hcc/lib\libHCCD.a(hcc_mem.o)
                0x20025770                hcc_mem_init
 .text._f_invalidatedir
                0x200258d4       0x28 C:/ISIS/workspace_ycube/GlobusSatProject/..//hal/hcc/lib\libHCCD.a(fat.o)
                0x200258d4                _f_invalidatedir
 .text._f_getdirsector
                0x200258fc       0x88 C:/ISIS/workspace_ycube/GlobusSatProject/..//hal/hcc/lib\libHCCD.a(fat.o)
                0x200258fc                _f_getdirsector
 .text._f_writedirsector
                0x20025984       0x74 C:/ISIS/workspace_ycube/GlobusSatProject/..//hal/hcc/lib\libHCCD.a(fat.o)
                0x20025984                _f_writedirsector
 .text._f_checknameinv
                0x200259f8      0x180 C:/ISIS/workspace_ycube/GlobusSatProject/..//hal/hcc/lib\libHCCD.a(fat.o)
 .text._f_checkname
                0x20025b78       0x7c C:/ISIS/workspace_ycube/GlobusSatProject/..//hal/hcc/lib\libHCCD.a(fat.o)
 .text._f_checknamewc
                0x20025bf4       0xf8 C:/ISIS/workspace_ycube/GlobusSatProject/..//hal/hcc/lib\libHCCD.a(fat.o)
 .text._f_setnameext
                0x20025cec      0x300 C:/ISIS/workspace_ycube/GlobusSatProject/..//hal/hcc/lib\libHCCD.a(fat.o)
 .text._f_setfsname
                0x20025fec      0x584 C:/ISIS/workspace_ycube/GlobusSatProject/..//hal/hcc/lib\libHCCD.a(fat.o)
 .text._f_findfile
                0x20026570      0x30c C:/ISIS/workspace_ycube/GlobusSatProject/..//hal/hcc/lib\libHCCD.a(fat.o)
 .text._f_cmp_wname
                0x2002687c      0x274 C:/ISIS/workspace_ycube/GlobusSatProject/..//hal/hcc/lib\libHCCD.a(fat.o)
 .text._f_to_string
                0x20026af0      0x130 C:/ISIS/workspace_ycube/GlobusSatProject/..//hal/hcc/lib\libHCCD.a(fat.o)
 .text._f_findfilewc
                0x20026c20      0x278 C:/ISIS/workspace_ycube/GlobusSatProject/..//hal/hcc/lib\libHCCD.a(fat.o)
 .text._f_getfilename
                0x20026e98      0x20c C:/ISIS/workspace_ycube/GlobusSatProject/..//hal/hcc/lib\libHCCD.a(fat.o)
 .text._f_findpath
                0x200270a4      0x35c C:/ISIS/workspace_ycube/GlobusSatProject/..//hal/hcc/lib\libHCCD.a(fat.o)
 .text.fn_getdcwd
                0x20027400      0x1e0 C:/ISIS/workspace_ycube/GlobusSatProject/..//hal/hcc/lib\libHCCD.a(fat.o)
                0x20027400                fn_getdcwd
 .text.fn_findfirst
                0x200275e0      0x13c C:/ISIS/workspace_ycube/GlobusSatProject/..//hal/hcc/lib\libHCCD.a(fat.o)
                0x200275e0                fn_findfirst
 .text.fn_findnext
                0x2002771c      0x360 C:/ISIS/workspace_ycube/GlobusSatProject/..//hal/hcc/lib\libHCCD.a(fat.o)
                0x2002771c                fn_findnext
 .text._f_lock_resfile
                0x20027a7c       0x6c C:/ISIS/workspace_ycube/GlobusSatProject/..//hal/hcc/lib\libHCCD.a(fat.o)
 .text._f_unlock_resfile
                0x20027ae8       0x40 C:/ISIS/workspace_ycube/GlobusSatProject/..//hal/hcc/lib\libHCCD.a(fat.o)
 .text._f_getintfile
                0x20027b28      0x124 C:/ISIS/workspace_ycube/GlobusSatProject/..//hal/hcc/lib\libHCCD.a(fat.o)
 .text._f_addentry
                0x20027c4c      0x540 C:/ISIS/workspace_ycube/GlobusSatProject/..//hal/hcc/lib\libHCCD.a(fat.o)
 .text.fn_open_sub
                0x2002818c     0x1698 C:/ISIS/workspace_ycube/GlobusSatProject/..//hal/hcc/lib\libHCCD.a(fat.o)
 .text.fn_open  0x20029824       0x44 C:/ISIS/workspace_ycube/GlobusSatProject/..//hal/hcc/lib\libHCCD.a(fat.o)
                0x20029824                fn_open
 .text.fn_delete
                0x20029868      0x490 C:/ISIS/workspace_ycube/GlobusSatProject/..//hal/hcc/lib\libHCCD.a(fat.o)
                0x20029868                fn_delete
 .text.hcc_mem_buf_alloc
                0x20029cf8       0xe4 C:/ISIS/workspace_ycube/GlobusSatProject/..//hal/hcc/lib\libHCCD.a(psp_hcc_mem.o)
                0x20029cf8                hcc_mem_buf_alloc
 .text.makeAntStransfer
                0x20029ddc       0x4c C:/ISIS/workspace_ycube/satellite-subsystems/satellite-subsystems/lib\libSatelliteSubsystemsD.a(IsisAntS.o)
 .text.checkInputsValid
                0x20029e28       0x7c C:/ISIS/workspace_ycube/satellite-subsystems/satellite-subsystems/lib\libSatelliteSubsystemsD.a(IsisAntS.o)
 .text.IsisAntS_initialize
                0x20029ea4      0x26c C:/ISIS/workspace_ycube/satellite-subsystems/satellite-subsystems/lib\libSatelliteSubsystemsD.a(IsisAntS.o)
                0x20029ea4                IsisAntS_initialize
 .text.IsisAntS_setArmStatus
                0x2002a110      0x104 C:/ISIS/workspace_ycube/satellite-subsystems/satellite-subsystems/lib\libSatelliteSubsystemsD.a(IsisAntS.o)
                0x2002a110                IsisAntS_setArmStatus
 .text.IsisAntS_getStatusData