Archive member included because of file (symbol)

C:/ISIS/workspace_ycube/GlobusSatProject/..//hal/hal/lib\libHALD.a(I2C.o)
                              ./src/SubSystemModules/Communication/SubsystemCommands/Maintanence_Commands.o (I2C_write)
C:/ISIS/workspace_ycube/GlobusSatProject/..//hal/hal/lib\libHALD.a(SPI.o)
                              ./src/InitSystem.o (SPI_start)
C:/ISIS/workspace_ycube/GlobusSatProject/..//hal/hal/lib\libHALD.a(FRAM.o)
                              ./src/SubSystemModules/Communication/SubsystemCommands/Maintanence_Commands.o (FRAM_start)
C:/ISIS/workspace_ycube/GlobusSatProject/..//hal/hal/lib\libHALD.a(Time.o)
                              ./src/InitSystem.o (Time_start)
C:/ISIS/workspace_ycube/GlobusSatProject/..//hal/hal/lib\libHALD.a(WatchDogTimerNoOS.o)
                              ./src/main.o (WDT_start)
C:/ISIS/workspace_ycube/GlobusSatProject/..//hal/hal/lib\libHALD.a(WatchDogTimerOS.o)
                              ./src/TestingDemos/MainTest.o (WDT_startWatchdogKickTask)
C:/ISIS/workspace_ycube/GlobusSatProject/..//hal/hal/lib\libHALD.a(util.o)
                              ./src/TestingDemos/EpsTestingDemo.o (UTIL_DbguGetInteger)
C:/ISIS/workspace_ycube/GlobusSatProject/..//hal/hal/lib\libHALD.a(LED.o)
                              C:/ISIS/workspace_ycube/GlobusSatProject/..//hal/hal/lib\libHALD.a(WatchDogTimerOS.o) (LED_toggle)
C:/ISIS/workspace_ycube/GlobusSatProject/..//hal/hal/lib\libHALD.a(RTC.o)
                              C:/ISIS/workspace_ycube/GlobusSatProject/..//hal/hal/lib\libHALD.a(Time.o) (RTC_getTime)
C:/ISIS/workspace_ycube/GlobusSatProject/..//hal/hal/lib\libHALD.a(RTT.o)
                              C:/ISIS/workspace_ycube/GlobusSatProject/..//hal/hal/lib\libHALD.a(Time.o) (RTT_start)
C:/ISIS/workspace_ycube/GlobusSatProject/..//hal/hcc/lib\libHCCD.a(fat_common.o)
                              ./src/TLM_management.o (fn_init)
C:/ISIS/workspace_ycube/GlobusSatProject/..//hal/hcc/lib\libHCCD.a(fat_m.o)
                              ./src/TLM_management.o (fm_initvolume)
C:/ISIS/workspace_ycube/GlobusSatProject/..//hal/hcc/lib\libHCCD.a(safefat.o)
                              C:/ISIS/workspace_ycube/GlobusSatProject/..//hal/hcc/lib\libHCCD.a(fat_common.o) (safe_fix_filelengths)
C:/ISIS/workspace_ycube/GlobusSatProject/..//hal/hcc/lib\libHCCD.a(atmel_mcipdc.o)
                              ./src/TLM_management.o (atmel_mcipdc_initfunc)
C:/ISIS/workspace_ycube/GlobusSatProject/..//hal/hcc/lib\libHCCD.a(oalp_mutex.o)
                              C:/ISIS/workspace_ycube/GlobusSatProject/..//hal/hcc/lib\libHCCD.a(fat_common.o) (oal_mutex_create)
C:/ISIS/workspace_ycube/GlobusSatProject/..//hal/hcc/lib\libHCCD.a(oalp_task.o)
                              C:/ISIS/workspace_ycube/GlobusSatProject/..//hal/hcc/lib\libHCCD.a(fat_common.o) (oal_task_get_id)
C:/ISIS/workspace_ycube/GlobusSatProject/..//hal/hcc/lib\libHCCD.a(atmel_mcipdc_hw.o)
                              C:/ISIS/workspace_ycube/GlobusSatProject/..//hal/hcc/lib\libHCCD.a(atmel_mcipdc.o) (mcipdc_hw_init)
C:/ISIS/workspace_ycube/GlobusSatProject/..//hal/hcc/lib\libHCCD.a(psp_rand.o)
                              C:/ISIS/workspace_ycube/GlobusSatProject/..//hal/hcc/lib\libHCCD.a(fat_common.o) (psp_getrand)
C:/ISIS/workspace_ycube/GlobusSatProject/..//hal/hcc/lib\libHCCD.a(psp_rtc.o)
                              C:/ISIS/workspace_ycube/GlobusSatProject/..//hal/hcc/lib\libHCCD.a(fat_common.o) (psp_getcurrenttimedate)
C:/ISIS/workspace_ycube/GlobusSatProject/..//hal/hcc/lib\libHCCD.a(hcc_mem.o)
                              C:/ISIS/workspace_ycube/GlobusSatProject/..//hal/hcc/lib\libHCCD.a(atmel_mcipdc.o) (hcc_mem_alloc)
C:/ISIS/workspace_ycube/GlobusSatProject/..//hal/hcc/lib\libHCCD.a(fat.o)
                              C:/ISIS/workspace_ycube/GlobusSatProject/..//hal/hcc/lib\libHCCD.a(fat_common.o) (_f_getdirsector)
C:/ISIS/workspace_ycube/GlobusSatProject/..//hal/hcc/lib\libHCCD.a(psp_hcc_mem.o)
                              C:/ISIS/workspace_ycube/GlobusSatProject/..//hal/hcc/lib\libHCCD.a(hcc_mem.o) (hcc_mem_buf_alloc)
C:/ISIS/workspace_ycube/satellite-subsystems/satellite-subsystems/lib\libSatelliteSubsystemsD.a(IsisAntS.o)
                              ./src/SubSystemModules/Communication/TRXVU.o (IsisAntS_initialize)
C:/ISIS/workspace_ycube/satellite-subsystems/satellite-subsystems/lib\libSatelliteSubsystemsD.a(IsisSolarPanelv2.o)
                              ./src/SubSystemModules/PowerManagment/EPS.o (IsisSolarPanelv2_initialize)
C:/ISIS/workspace_ycube/satellite-subsystems/satellite-subsystems/lib\libSatelliteSubsystemsD.a(IsisTRXVU.o)
                              ./src/TestingDemos/TrxvuTestingDemo.o (IsisTrxvu_initialize)
C:/ISIS/workspace_ycube/satellite-subsystems/satellite-subsystems/lib\libSatelliteSubsystemsD.a(isis_eps_driver.o)
                              ./src/SubSystemModules/PowerManagment/EPS.o (ISIS_EPS_Init)
[...]
Memory Configuration

Name             Origin             Length             Attributes
sram0            0x00200000         0x00004000         w !xr
sram1            0x00300000         0x00004000         w !xr
sdram            0x20000000         0x02000000         w !xr
*default*        0x00000000         0xffffffff

Linker script and memory map

LOAD c:/isis/application/toolchain/bin/../lib/gcc/arm-none-eabi/4.7.4/../../../../arm-none-eabi/lib\libc.a
LOAD ./src/TestingDemos/CommandsTestingDemo.o
LOAD ./src/TestingDemos/EpsTestingDemo.o
LOAD ./src/TestingDemos/FileSystemTestingDemo.o
LOAD ./src/TestingDemos/MainTest.o
LOAD ./src/TestingDemos/MaintenanceTestingDemo.o
LOAD ./src/TestingDemos/TelemetryTestingDemo.o
LOAD ./src/TestingDemos/TrxvuTestingDemo.o
LOAD ./src/SubSystemModules/PowerManagment/EPS.o
LOAD ./src/SubSystemModules/PowerManagment/EPSOperationModes.o
LOAD ./src/SubSystemModules/Maintenance/Maintenance.o
LOAD ./src/SubSystemModules/Housekepping/TelemetryCollector.o
LOAD ./src/SubSystemModules/Communication/SubsystemCommands/EPS_Commands.o
LOAD ./src/SubSystemModules/Communication/SubsystemCommands/FS_Commands.o
LOAD ./src/SubSystemModules/Communication/SubsystemCommands/Maintanence_Commands.o
LOAD ./src/SubSystemModules/Communication/SubsystemCommands/TRXVU_Commands.o
LOAD ./src/SubSystemModules/Communication/AckHandler.o
LOAD ./src/SubSystemModules/Communication/CommandDictionary.o
LOAD ./src/SubSystemModules/Communication/SatCommandHandler.o
LOAD ./src/SubSystemModules/Communication/TRXVU.o
LOAD ./src/InitSystem.o
LOAD ./src/TLM_management.o
LOAD ./src/main.o
LOAD ./src/utils.o
LOAD C:/ISIS/workspace_ycube/GlobusSatProject/..//hal/hal/lib\libHALD.a
LOAD C:/ISIS/workspace_ycube/GlobusSatProject/..//hal/hcc/lib\libHCCD.a
LOAD C:/ISIS/workspace_ycube/satellite-subsystems/satellite-subsystems/lib\libSatelliteSubsystemsD.a
LOAD C:/ISIS/workspace_ycube/GlobusSatProject/..//hal/freertos/lib\libFreeRTOSD.a
LOAD C:/ISIS/workspace_ycube/GlobusSatProject/..//hal/at91/lib\libAt91D.a
START GROUP
LOAD c:/isis/application/toolchain/bin/../lib/gcc/arm-none-eabi/4.7.4\libgcc.a
LOAD c:/isis/application/toolchain/bin/../lib/gcc/arm-none-eabi/4.7.4/../../../../arm-none-eabi/lib\libg.a
LOAD c:/isis/application/toolchain/bin/../lib/gcc/arm-none-eabi/4.7.4/../../../../arm-none-eabi/lib\libc.a
END GROUP

.fixed          0x20000000    0x38010
                0x20000000                . = ALIGN (0x4)
                0x20000000                _sfixed = .
 *(.startup)
 .startup       0x20000000      0x14c C:/ISIS/workspace_ycube/GlobusSatProject/..//hal/at91/lib\libAt91D.a(board_cstartup.o)
                0x20000000                entry
 *(.text)
 .text          0x2000014c       0x64 C:/ISIS/workspace_ycube/GlobusSatProject/..//hal/at91/lib\libAt91D.a(cp15_asm.o)
                0x2000014c                _readControlRegister
                0x20000158                _writeControlRegister
                0x20000160                _waitForInterrupt
                0x2000016c                _writeTTB
                0x20000174                _writeDomain
                0x2000017c                _writeITLBLockdown
                0x20000184                _prefetchICacheLine
                0x2000018c                _flushDCache
                0x20000198                _flushWriteBuffer
                0x200001a4                _invalidateIDTLBs
 .text          0x200001b0      0x114 c:/isis/application/toolchain/bin/../lib/gcc/arm-none-eabi/4.7.4\libgcc.a(_udivsi3.o)
                0x200001b0                __aeabi_uidiv
                0x200001b0                __udivsi3
                0x200002a4                __aeabi_uidivmod
 .text          0x200002c4      0x148 c:/isis/application/toolchain/bin/../lib/gcc/arm-none-eabi/4.7.4\libgcc.a(_divsi3.o)
                0x200002c4                __divsi3
                0x200002c4                __aeabi_idiv
                0x200003ec                __aeabi_idivmod
 .text          0x2000040c        0x4 c:/isis/application/toolchain/bin/../lib/gcc/arm-none-eabi/4.7.4\libgcc.a(_dvmd_tls.o)
                0x2000040c                __aeabi_idiv0
                0x2000040c                __aeabi_ldiv0
 .text          0x20000410      0x41c c:/isis/application/toolchain/bin/../lib/gcc/arm-none-eabi/4.7.4\libgcc.a(_arm_addsubdf3.o)
                0x20000410                __aeabi_drsub
                0x20000418                __aeabi_dsub
                0x20000418                __subdf3
                0x2000041c                __aeabi_dadd
                0x2000041c                __adddf3
                0x2000072c                __floatunsidf
                0x2000072c                __aeabi_ui2d
                0x20000750                __floatsidf
                0x20000750                __aeabi_i2d
                0x20000778                __aeabi_f2d
                0x20000778                __extendsfdf2
                0x200007b8                __floatundidf
                0x200007b8                __aeabi_ul2d
                0x200007cc                __floatdidf
                0x200007cc                __aeabi_l2d
 .text          0x2000082c      0x49c c:/isis/application/toolchain/bin/../lib/gcc/arm-none-eabi/4.7.4\libgcc.a(_arm_muldivdf3.o)
                0x2000082c                __aeabi_dmul
                0x2000082c                __muldf3
                0x20000abc                __divdf3
                0x20000abc                __aeabi_ddiv
 .text          0x20000cc8      0x144 c:/isis/application/toolchain/bin/../lib/gcc/arm-none-eabi/4.7.4\libgcc.a(_arm_cmpdf2.o)
                0x20000cc8                __gtdf2
                0x20000cc8                __gedf2
                0x20000cd0                __ltdf2
                0x20000cd0                __ledf2
                0x20000cd8                __nedf2
                0x20000cd8                __eqdf2
                0x20000cd8                __cmpdf2
                0x20000d60                __aeabi_cdrcmple
                0x20000d7c                __aeabi_cdcmpeq
                0x20000d7c                __aeabi_cdcmple
                0x20000d94                __aeabi_dcmpeq
                0x20000dac                __aeabi_dcmplt
                0x20000dc4                __aeabi_dcmple
                0x20000ddc                __aeabi_dcmpge
                0x20000df4                __aeabi_dcmpgt
 .text          0x20000e0c      0x2ac c:/isis/application/toolchain/bin/../lib/gcc/arm-none-eabi/4.7.4\libgcc.a(_arm_addsubsf3.o)
                0x20000e0c                __aeabi_frsub
                0x20000e14                __subsf3
                0x20000e14                __aeabi_fsub
                0x20000e18                __aeabi_fadd
                0x20000e18                __addsf3
                0x20000fd4                __aeabi_ui2f
                0x20000fd4                __floatunsisf
                0x20000fdc                __aeabi_i2f
                0x20000fdc                __floatsisf
                0x20000ffc                __aeabi_ul2f
                0x20000ffc                __floatundisf
                0x2000100c                __aeabi_l2f
                0x2000100c                __floatdisf
 .text          0x200010b8      0x2f8 c:/isis/application/toolchain/bin/../lib/gcc/arm-none-eabi/4.7.4\libgcc.a(_arm_muldivsf3.o)
                0x200010b8                __mulsf3
                0x200010b8                __aeabi_fmul
                0x20001250                __aeabi_fdiv
                0x20001250                __divsf3
 .text          0x200013b0      0x114 c:/isis/application/toolchain/bin/../lib/gcc/arm-none-eabi/4.7.4\libgcc.a(_arm_cmpsf2.o)
                0x200013b0                __gesf2
                0x200013b0                __gtsf2
                0x200013b8                __lesf2
                0x200013b8                __ltsf2
                0x200013c0                __nesf2
                0x200013c0                __eqsf2
                0x200013c0                __cmpsf2
                0x20001424                __aeabi_cfrcmple
                0x20001434                __aeabi_cfcmpeq
                0x20001434                __aeabi_cfcmple
                0x2000144c                __aeabi_fcmpeq
                0x20001464                __aeabi_fcmplt
                0x2000147c                __aeabi_fcmple
                0x20001494                __aeabi_fcmpge
                0x200014ac                __aeabi_fcmpgt
 .text          0x200014c4       0x54 c:/isis/application/toolchain/bin/../lib/gcc/arm-none-eabi/4.7.4\libgcc.a(_arm_fixunssfsi.o)
                0x200014c4                __fixunssfsi
                0x200014c4                __aeabi_f2uiz
 .text          0x20001518       0x5c c:/isis/application/toolchain/bin/../lib/gcc/arm-none-eabi/4.7.4\libgcc.a(_arm_fixdfsi.o)
                0x20001518                __aeabi_d2iz
                0x20001518                __fixdfsi
 .text          0x20001574       0x3c c:/isis/application/toolchain/bin/../lib/gcc/arm-none-eabi/4.7.4\libgcc.a(_aeabi_uldivmod.o)
                0x20001574                __aeabi_uldivmod
 .text          0x200015b0       0x84 c:/isis/application/toolchain/bin/../lib/gcc/arm-none-eabi/4.7.4\libgcc.a(bpabi.o)
                0x200015b0                __gnu_ldivmod_helper
                0x200015f4                __gnu_uldivmod_helper
 .text          0x20001634      0x4f0 c:/isis/application/toolchain/bin/../lib/gcc/arm-none-eabi/4.7.4\libgcc.a(_divdi3.o)
                0x20001634                __divdi3
 .text          0x20001b24      0x488 c:/isis/application/toolchain/bin/../lib/gcc/arm-none-eabi/4.7.4\libgcc.a(_udivdi3.o)
                0x20001b24                __udivdi3
 .text          0x20001fac       0x48 c:/isis/application/toolchain/bin/../lib/gcc/arm-none-eabi/4.7.4\libgcc.a(_clzsi2.o)
                0x20001fac                __clzsi2
 *(.text*)
 .text.GetBatteryVoltage
                0x20001ff4       0x6c ./src/SubSystemModules/PowerManagment/EPS.o
                0x20001ff4                GetBatteryVoltage
 .text.EPS_Init
                0x20002060       0xf0 ./src/SubSystemModules/PowerManagment/EPS.o
                0x20002060                EPS_Init
 .text.EPS_Conditioning
                0x20002150      0x1c4 ./src/SubSystemModules/PowerManagment/EPS.o
                0x20002150                EPS_Conditioning
 .text.UpdateAlpha
                0x20002314       0xd8 ./src/SubSystemModules/PowerManagment/EPS.o
                0x20002314                UpdateAlpha
 .text.GetThresholdVoltages
                0x200023ec       0x80 ./src/SubSystemModules/PowerManagment/EPS.o
                0x200023ec                GetThresholdVoltages
 .text.GetAlpha
                0x2000246c       0x7c ./src/SubSystemModules/PowerManagment/EPS.o
                0x2000246c                GetAlpha
 .text.CMDGetHeaterValues
                0x200024e8      0x234 ./src/SubSystemModules/PowerManagment/EPS.o
                0x200024e8                CMDGetHeaterValues
 .text.CMDSetHeaterValues
                0x2000271c      0x200 ./src/SubSystemModules/PowerManagment/EPS.o
                0x2000271c                CMDSetHeaterValues
 .text.EnterFullMode
                0x2000291c       0x44 ./src/SubSystemModules/PowerManagment/EPSOperationModes.o
                0x2000291c                EnterFullMode
 .text.EnterCruiseMode
                0x20002960       0x44 ./src/SubSystemModules/PowerManagment/EPSOperationModes.o
                0x20002960                EnterCruiseMode
 .text.EnterSafeMode
                0x200029a4       0x44 ./src/SubSystemModules/PowerManagment/EPSOperationModes.o
                0x200029a4                EnterSafeMode
 .text.EnterCriticalMode
                0x200029e8       0x44 ./src/SubSystemModules/PowerManagment/EPSOperationModes.o
                0x200029e8                EnterCriticalMode
 .text.EpsGetLowVoltageFlag
                0x20002a2c       0x24 ./src/SubSystemModules/PowerManagment/EPSOperationModes.o
                0x20002a2c                EpsGetLowVoltageFlag
 .text.EpsSetLowVoltageFlag
                0x20002a50       0x2c ./src/SubSystemModules/PowerManagment/EPSOperationModes.o
                0x20002a50                EpsSetLowVoltageFlag
 .text.CheckExecutionTime
                0x20002a7c       0x80 ./src/SubSystemModules/Maintenance/Maintenance.o
                0x20002a7c                CheckExecutionTime
 .text.SaveSatTimeInFRAM
                0x20002afc       0x44 ./src/SubSystemModules/Maintenance/Maintenance.o
                0x20002afc                SaveSatTimeInFRAM
 .text.WakeupFromResetCMD
                0x20002b40      0x120 ./src/SubSystemModules/Maintenance/Maintenance.o
                0x20002b40                WakeupFromResetCMD
 .text.ResetGroundCommWDT
                0x20002c60       0x1c ./src/SubSystemModules/Maintenance/Maintenance.o
                0x20002c60                ResetGroundCommWDT
 .text.IsGroundCommunicationWDTKick
                0x20002c7c       0x78 ./src/SubSystemModules/Maintenance/Maintenance.o
                0x20002c7c                IsGroundCommunicationWDTKick
 .text.GetGsWdtKickTime
                0x20002cf4       0x38 ./src/SubSystemModules/Maintenance/Maintenance.o
                0x20002cf4                GetGsWdtKickTime
 .text.DeleteOldFiels
                0x20002d2c      0x344 ./src/SubSystemModules/Maintenance/Maintenance.o
                0x20002d2c                DeleteOldFiels
 .text.DeployAnt
                0x20003070       0x6c ./src/SubSystemModules/Maintenance/Maintenance.o
                0x20003070                DeployAnt
 .text.Maintenance
                0x200030dc       0x40 ./src/SubSystemModules/Maintenance/Maintenance.o
                0x200030dc                Maintenance
 .text.InitSavePeriodTimes
                0x2000311c       0xd0 ./src/SubSystemModules/Housekepping/TelemetryCollector.o
                0x2000311c                InitSavePeriodTimes
 .text.CMD_SetTLMPeriodTimes
                0x200031ec      0x17c ./src/SubSystemModules/Housekepping/TelemetryCollector.o
                0x200031ec                CMD_SetTLMPeriodTimes
 .text.TelemetryCollectorLogic
                0x20003368      0x208 ./src/SubSystemModules/Housekepping/TelemetryCollector.o
                0x20003368                TelemetryCollectorLogic
 .text.TelemetrySaveEPS
                0x20003570       0x54 ./src/SubSystemModules/Housekepping/TelemetryCollector.o
                0x20003570                TelemetrySaveEPS
 .text.TelemetrySaveTRXVU
                0x200035c4       0x94 ./src/SubSystemModules/Housekepping/TelemetryCollector.o
                0x200035c4                TelemetrySaveTRXVU
 .text.TelemetrySaveANT
                0x20003658       0xa4 ./src/SubSystemModules/Housekepping/TelemetryCollector.o
                0x20003658                TelemetrySaveANT
 .text.TelemetrySaveSolarPanels
                0x200036fc      0x228 ./src/SubSystemModules/Housekepping/TelemetryCollector.o
                0x200036fc                TelemetrySaveSolarPanels
 .text.TelemetrySaveWOD
                0x20003924       0xd0 ./src/SubSystemModules/Housekepping/TelemetryCollector.o
                0x20003924                TelemetrySaveWOD
 .text.GetCurrentWODTelemetry
                0x200039f4      0x5c4 ./src/SubSystemModules/Housekepping/TelemetryCollector.o
                0x200039f4                GetCurrentWODTelemetry
 .text.CMD_EPS_ResetWDT
                0x20003fb8       0x54 ./src/SubSystemModules/Communication/SubsystemCommands/EPS_Commands.o
                0x20003fb8                CMD_EPS_ResetWDT
 .text.CMD_DeleteTLM
                0x2000400c      0x1f4 ./src/SubSystemModules/Communication/SubsystemCommands/FS_Commands.o
                0x2000400c                CMD_DeleteTLM
 .text.CMD_DeleteAllFiles
                0x20004200       0x38 ./src/SubSystemModules/Communication/SubsystemCommands/FS_Commands.o
                0x20004200                CMD_DeleteAllFiles
 .text.CMD_GetLastFS_Error
                0x20004238       0x4c ./src/SubSystemModules/Communication/SubsystemCommands/FS_Commands.o
                0x20004238                CMD_GetLastFS_Error
 .text.CMD_GenericI2C
                0x20004284      0x150 ./src/SubSystemModules/Communication/SubsystemCommands/Maintanence_Commands.o
                0x20004284                CMD_GenericI2C
 .text.CMD_FRAM_ReadAndTransmitt
                0x200043d4      0x110 ./src/SubSystemModules/Communication/SubsystemCommands/Maintanence_Commands.o
                0x200043d4                CMD_FRAM_ReadAndTransmitt
 .text.CMD_FRAM_WriteAndTransmitt
                0x200044e4      0x124 ./src/SubSystemModules/Communication/SubsystemCommands/Maintanence_Commands.o
                0x200044e4                CMD_FRAM_WriteAndTransmitt
 .text.CMD_FRAM_ReStart
                0x20004608       0x4c ./src/SubSystemModules/Communication/SubsystemCommands/Maintanence_Commands.o
                0x20004608                CMD_FRAM_ReStart
 .text.CMD_UpdateSatTime
                0x20004654       0xa0 ./src/SubSystemModules/Communication/SubsystemCommands/Maintanence_Commands.o
                0x20004654                CMD_UpdateSatTime
 .text.CMD_GetSatUptime
                0x200046f4       0x48 ./src/SubSystemModules/Communication/SubsystemCommands/Maintanence_Commands.o
                0x200046f4                CMD_GetSatUptime
 .text.CMD_ResetComponent
                0x2000473c      0x294 ./src/SubSystemModules/Communication/SubsystemCommands/Maintanence_Commands.o
                0x2000473c                CMD_ResetComponent
 .text.DumpTask
                0x200049d0      0x2e4 ./src/SubSystemModules/Communication/SubsystemCommands/TRXVU_Commands.o
                0x200049d0                DumpTask
 .text.CMD_AntennaDeploy
                0x20004cb4       0xec ./src/SubSystemModules/Communication/SubsystemCommands/TRXVU_Commands.o
                0x20004cb4                CMD_AntennaDeploy
 .text.CMD_StartDump
                0x20004da0      0x200 ./src/SubSystemModules/Communication/SubsystemCommands/TRXVU_Commands.o
                0x20004da0                CMD_StartDump
 .text.CMD_SendDumpAbortRequest
                0x20004fa0       0x38 ./src/SubSystemModules/Communication/SubsystemCommands/TRXVU_Commands.o
                0x20004fa0                CMD_SendDumpAbortRequest
 .text.CMD_ForceDumpAbort
                0x20004fd8       0x3c ./src/SubSystemModules/Communication/SubsystemCommands/TRXVU_Commands.o
                0x20004fd8                CMD_ForceDumpAbort
 .text.CMD_SetTransponder
                0x20005014      0x120 ./src/SubSystemModules/Communication/SubsystemCommands/TRXVU_Commands.o
                0x20005014                CMD_SetTransponder
 .text.CMD_SetRSSITransponder
                0x20005134       0x90 ./src/SubSystemModules/Communication/SubsystemCommands/TRXVU_Commands.o
                0x20005134                CMD_SetRSSITransponder
 .text.CMD_MuteTRXVU
                0x200051c4       0x7c ./src/SubSystemModules/Communication/SubsystemCommands/TRXVU_Commands.o
                0x200051c4                CMD_MuteTRXVU
 .text.CMD_SetIdleState
                0x20005240       0xc8 ./src/SubSystemModules/Communication/SubsystemCommands/TRXVU_Commands.o
                0x20005240                CMD_SetIdleState
 .text.CMD_UnMuteTRXVU
                0x20005308       0x38 ./src/SubSystemModules/Communication/SubsystemCommands/TRXVU_Commands.o
                0x20005308                CMD_UnMuteTRXVU
 .text.CMD_GetBaudRate
                0x20005340       0x68 ./src/SubSystemModules/Communication/SubsystemCommands/TRXVU_Commands.o
                0x20005340                CMD_GetBaudRate
 .text.CMD_TrasmitBeacon
                0x200053a8       0x48 ./src/SubSystemModules/Communication/SubsystemCommands/TRXVU_Commands.o
                0x200053a8                CMD_TrasmitBeacon
 .text.CMD_GetBeaconInterval
                0x200053f0       0x6c ./src/SubSystemModules/Communication/SubsystemCommands/TRXVU_Commands.o
                0x200053f0                CMD_GetBeaconInterval
 .text.CMD_SetBaudRate
                0x2000545c       0x60 ./src/SubSystemModules/Communication/SubsystemCommands/TRXVU_Commands.o
                0x2000545c                CMD_SetBaudRate
 .text.CMD_GetTxUptime
                0x200054bc       0x64 ./src/SubSystemModules/Communication/SubsystemCommands/TRXVU_Commands.o
                0x200054bc                CMD_GetTxUptime
 .text.CMD_GetRxUptime
                0x20005520       0x64 ./src/SubSystemModules/Communication/SubsystemCommands/TRXVU_Commands.o
                0x20005520                CMD_GetRxUptime
 .text.CMD_GetNumOfOnlineCommands
                0x20005584       0x64 ./src/SubSystemModules/Communication/SubsystemCommands/TRXVU_Commands.o
                0x20005584                CMD_GetNumOfOnlineCommands
 .text.CMD_AntSetArmStatus
                0x200055e8       0xa0 ./src/SubSystemModules/Communication/SubsystemCommands/TRXVU_Commands.o
                0x200055e8                CMD_AntSetArmStatus
 .text.CMD_AntGetArmStatus
                0x20005688       0x70 ./src/SubSystemModules/Communication/SubsystemCommands/TRXVU_Commands.o
                0x20005688                CMD_AntGetArmStatus
 .text.CMD_AntGetUptime
                0x200056f8       0x78 ./src/SubSystemModules/Communication/SubsystemCommands/TRXVU_Commands.o
                0x200056f8                CMD_AntGetUptime
 .text.CMD_StopReDeployment
                0x20005770       0xac ./src/SubSystemModules/Communication/SubsystemCommands/TRXVU_Commands.o
                0x20005770                CMD_StopReDeployment
 .text.CMD_AntCancelDeployment
                0x2000581c       0x68 ./src/SubSystemModules/Communication/SubsystemCommands/TRXVU_Commands.o
                0x2000581c                CMD_AntCancelDeployment
 .text.SendAckPacket
                0x20005884       0xe0 ./src/SubSystemModules/Communication/AckHandler.o
                0x20005884                SendAckPacket
 .text.trxvu_command_router
                0x20005964      0x548 ./src/SubSystemModules/Communication/CommandDictionary.o
                0x20005964                trxvu_command_router
 .text.eps_command_router
                0x20005eac       0xdc ./src/SubSystemModules/Communication/CommandDictionary.o
                0x20005eac                eps_command_router
 .text.telemetry_command_router
                0x20005f88      0x160 ./src/SubSystemModules/Communication/CommandDictionary.o
                0x20005f88                telemetry_command_router
 .text.managment_command_router
                0x200060e8      0x12c ./src/SubSystemModules/Communication/CommandDictionary.o
                0x200060e8                managment_command_router
 .text.filesystem_command_router
                0x20006214       0x24 ./src/SubSystemModules/Communication/CommandDictionary.o
                0x20006214                filesystem_command_router
 .text.ParseDataToCommand
                0x20006238      0x1ac ./src/SubSystemModules/Communication/SatCommandHandler.o
                0x20006238                ParseDataToCommand
 .text.AssembleCommand
                0x200063e4      0x178 ./src/SubSystemModules/Communication/SatCommandHandler.o
                0x200063e4                AssembleCommand
 .text.ActUponCommand
                0x2000655c       0xb4 ./src/SubSystemModules/Communication/SatCommandHandler.o
                0x2000655c                ActUponCommand
 .text.InitTxModule
                0x20006610       0x68 ./src/SubSystemModules/Communication/TRXVU.o
                0x20006610                InitTxModule
 .text.CMD_SetBeaconInterval
                0x20006678       0xdc ./src/SubSystemModules/Communication/TRXVU.o
                0x20006678                CMD_SetBeaconInterval
 .text.InitBeaconParams
                0x20006754       0x3c ./src/SubSystemModules/Communication/TRXVU.o
                0x20006754                InitBeaconParams
 .text.InitSemaphores
                0x20006790       0x98 ./src/SubSystemModules/Communication/TRXVU.o
                0x20006790                InitSemaphores
 .text.InitTrxvu
                0x20006828      0x128 ./src/SubSystemModules/Communication/TRXVU.o
                0x20006828                InitTrxvu
 .text.checkIdleFinish
                0x20006950       0x68 ./src/SubSystemModules/Communication/TRXVU.o
                0x20006950                checkIdleFinish
 .text.checkTransponderFinish
                0x200069b8       0x84 ./src/SubSystemModules/Communication/TRXVU.o
                0x200069b8                checkTransponderFinish
 .text.TRX_Logic
                0x20006a3c       0xd4 ./src/SubSystemModules/Communication/TRXVU.o
                0x20006a3c                TRX_Logic
 .text.GetNumberOfFramesInBuffer
                0x20006b10       0x5c ./src/SubSystemModules/Communication/TRXVU.o
                0x20006b10                GetNumberOfFramesInBuffer
 .text.GetOnlineCommand
                0x20006b6c      0x140 ./src/SubSystemModules/Communication/TRXVU.o
                0x20006b6c                GetOnlineCommand
 .text.CheckTransmitionAllowed
                0x20006cac       0xc4 ./src/SubSystemModules/Communication/TRXVU.o
                0x20006cac                CheckTransmitionAllowed
 .text.FinishDump
                0x20006d70       0xe8 ./src/SubSystemModules/Communication/TRXVU.o
                0x20006d70                FinishDump
 .text.AbortDump
                0x20006e58       0x34 ./src/SubSystemModules/Communication/TRXVU.o
                0x20006e58                AbortDump
 .text.SendDumpAbortRequest
                0x20006e8c       0x6c ./src/SubSystemModules/Communication/TRXVU.o
                0x20006e8c                SendDumpAbortRequest
 .text.CheckDumpAbort
                0x20006ef8       0x6c ./src/SubSystemModules/Communication/TRXVU.o
                0x20006ef8                CheckDumpAbort
 .text.BeaconLogic
                0x20006f64      0x24c ./src/SubSystemModules/Communication/TRXVU.o
                0x20006f64                BeaconLogic
 .text.SetIdleState
                0x200071b0       0xb8 ./src/SubSystemModules/Communication/TRXVU.o
                0x200071b0                SetIdleState
 .text.muteTRXVU
                0x20007268       0x78 ./src/SubSystemModules/Communication/TRXVU.o
                0x20007268                muteTRXVU
 .text.UnMuteTRXVU
                0x200072e0       0x24 ./src/SubSystemModules/Communication/TRXVU.o
                0x200072e0                UnMuteTRXVU
 .text.TransmitDataAsSPL_Packet
                0x20007304      0x104 ./src/SubSystemModules/Communication/TRXVU.o
                0x20007304                TransmitDataAsSPL_Packet
 .text.TransmitSplPacket
                0x20007408      0x100 ./src/SubSystemModules/Communication/TRXVU.o
                0x20007408                TransmitSplPacket
 .text.isFirstActivation
                0x20007508       0x38 ./src/InitSystem.o
                0x20007508                isFirstActivation
 .text.WriteDefaultValuesToFRAM
                0x20007540      0x1c0 ./src/InitSystem.o
                0x20007540                WriteDefaultValuesToFRAM
 .text.StartFRAM
                0x20007700       0x2c ./src/InitSystem.o
                0x20007700                StartFRAM
 .text.StartI2C
                0x2000772c       0x38 ./src/InitSystem.o
                0x2000772c                StartI2C
 .text.StartSPI
                0x20007764       0x34 ./src/InitSystem.o
                0x20007764                StartSPI
 .text.StartTIME
                0x20007798       0xb8 ./src/InitSystem.o
                0x20007798                StartTIME
 .text.DeploySystem
                0x20007850      0x148 ./src/InitSystem.o
                0x20007850                DeploySystem
 .text.InitSubsystems
                0x20007998       0x48 ./src/InitSystem.o
                0x20007998                InitSubsystems
 .text.delete_allTMFilesFromSD
                0x200079e0       0xa0 ./src/TLM_management.o
                0x200079e0                delete_allTMFilesFromSD
 .text.deleteTLMFiles
                0x20007a80       0x94 ./src/TLM_management.o
                0x20007a80                deleteTLMFiles
 .text.deleteTLMFile
                0x20007b14       0xc0 ./src/TLM_management.o
                0x20007b14                deleteTLMFile
 .text.InitializeFS
                0x20007bd4       0xf0 ./src/TLM_management.o
                0x20007bd4                InitializeFS
 .text.calculateFileName
                0x20007cc4      0x108 ./src/TLM_management.o
                0x20007cc4                calculateFileName
 .text.getTlmTypeInfo
                0x20007dcc      0x230 ./src/TLM_management.o
                0x20007dcc                getTlmTypeInfo
 .text.write2File
                0x20007ffc      0x190 ./src/TLM_management.o
                0x20007ffc                write2File
 .text.printTLM
                0x2000818c       0x24 ./src/TLM_management.o
                0x2000818c                printTLM
 .text.readTLMFile
                0x200081b0      0x364 ./src/TLM_management.o
                0x200081b0                readTLMFile
 .text.readTLMFiles
                0x20008514       0xd4 ./src/TLM_management.o
                0x20008514                readTLMFiles
 .text.readTLMFileTimeRange
                0x200085e8      0x324 ./src/TLM_management.o
                0x200085e8                readTLMFileTimeRange
 .text.DeInitializeFS
                0x2000890c       0x14 ./src/TLM_management.o
                0x2000890c                DeInitializeFS
 .text.taskMain
                0x20008920       0x34 ./src/main.o
                0x20008920                taskMain
 .text.main     0x20008954       0x98 ./src/main.o
                0x20008954                main
 .text.timeU2time
                0x200089ec       0xbc ./src/utils.o
                0x200089ec                timeU2time
 .text.logError
                0x20008aa8      0x134 ./src/utils.o
                0x20008aa8                logError
 .text.validateTransferParameters
                0x20008bdc      0x10c C:/ISIS/workspace_ycube/GlobusSatProject/..//hal/hal/lib\libHALD.a(I2C.o)
 .text.I2C_queueTransfer
                0x20008ce8       0xfc C:/ISIS/workspace_ycube/GlobusSatProject/..//hal/hal/lib\libHALD.a(I2C.o)
                0x20008ce8                I2C_queueTransfer
 .text.I2C_internalCallback
                0x20008de4       0x64 C:/ISIS/workspace_ycube/GlobusSatProject/..//hal/hal/lib\libHALD.a(I2C.o)
 .text.I2C_doBlockingTransfer
                0x20008e48      0x180 C:/ISIS/workspace_ycube/GlobusSatProject/..//hal/hal/lib\libHALD.a(I2C.o)
 .text.I2C_write
                0x20008fc8      0x110 C:/ISIS/workspace_ycube/GlobusSatProject/..//hal/hal/lib\libHALD.a(I2C.o)
                0x20008fc8                I2C_write
 .text.I2C_read
                0x200090d8      0x110 C:/ISIS/workspace_ycube/GlobusSatProject/..//hal/hal/lib\libHALD.a(I2C.o)
                0x200090d8                I2C_read
 .text.I2C_writeRead
                0x200091e8      0x17c C:/ISIS/workspace_ycube/GlobusSatProject/..//hal/hal/lib\libHALD.a(I2C.o)
                0x200091e8                I2C_writeRead
 .text.I2C_start
                0x20009364      0x2e8 C:/ISIS/workspace_ycube/GlobusSatProject/..//hal/hal/lib\libHALD.a(I2C.o)
                0x20009364                I2C_start
 .text.I2C_stop
                0x2000964c      0x184 C:/ISIS/workspace_ycube/GlobusSatProject/..//hal/hal/lib\libHALD.a(I2C.o)
                0x2000964c                I2C_stop
 .text.I2C_setTransferTimeout
                0x200097d0       0x48 C:/ISIS/workspace_ycube/GlobusSatProject/..//hal/hal/lib\libHALD.a(I2C.o)
                0x200097d0                I2C_setTransferTimeout
 .text.clearPDCtransfers
                0x20009818       0xe8 C:/ISIS/workspace_ycube/GlobusSatProject/..//hal/hal/lib\libHALD.a(SPI.o)
 .text.SPI_start
                0x20009900      0x4b0 C:/ISIS/workspace_ycube/GlobusSatProject/..//hal/hal/lib\libHALD.a(SPI.o)
                0x20009900                SPI_start
 .text.SPI_stop
                0x20009db0      0x244 C:/ISIS/workspace_ycube/GlobusSatProject/..//hal/hal/lib\libHALD.a(SPI.o)
                0x20009db0                SPI_stop
 .text.SPI_queueTransfer
                0x20009ff4      0x1cc C:/ISIS/workspace_ycube/GlobusSatProject/..//hal/hal/lib\libHALD.a(SPI.o)
                0x20009ff4                SPI_queueTransfer
 .text.SPI_internalCallback
                0x2000a1c0       0x64 C:/ISIS/workspace_ycube/GlobusSatProject/..//hal/hal/lib\libHALD.a(SPI.o)
 .text.SPI_writeRead
                0x2000a224      0x1c0 C:/ISIS/workspace_ycube/GlobusSatProject/..//hal/hal/lib\libHALD.a(SPI.o)
                0x2000a224                SPI_writeRead
 .text.waitForTransfer
                0x2000a3e4       0x78 C:/ISIS/workspace_ycube/GlobusSatProject/..//hal/hal/lib\libHALD.a(SPI.o)
 .text.SPI_getDriverState
                0x2000a45c       0x58 C:/ISIS/workspace_ycube/GlobusSatProject/..//hal/hal/lib\libHALD.a(SPI.o)
                0x2000a45c                SPI_getDriverState
 .text.FRAM_start
                0x2000a4b4      0x120 C:/ISIS/workspace_ycube/GlobusSatProject/..//hal/hal/lib\libHALD.a(FRAM.o)
                0x2000a4b4                FRAM_start
 .text.FRAM_stop
                0x2000a5d4       0x6c C:/ISIS/workspace_ycube/GlobusSatProject/..//hal/hal/lib\libHALD.a(FRAM.o)
                0x2000a5d4                FRAM_stop
 .text.FRAM_dummyCallback
                0x2000a640       0x24 C:/ISIS/workspace_ycube/GlobusSatProject/..//hal/hal/lib\libHALD.a(FRAM.o)
                0x2000a640                FRAM_dummyCallback
 .text.FRAM_unlockingCallback
                0x2000a664       0x64 C:/ISIS/workspace_ycube/GlobusSatProject/..//hal/hal/lib\libHALD.a(FRAM.o)
                0x2000a664                FRAM_unlockingCallback
 .text.doBlockingTransfer
                0x2000a6c8       0x78 C:/ISIS/workspace_ycube/GlobusSatProject/..//hal/hal/lib\libHALD.a(FRAM.o)
 .text.FRAM_writePacket
                0x2000a740      0x144 C:/ISIS/workspace_ycube/GlobusSatProject/..//hal/hal/lib\libHALD.a(FRAM.o)
 .text.FRAM_write
                0x2000a884      0x1d8 C:/ISIS/workspace_ycube/GlobusSatProject/..//hal/hal/lib\libHALD.a(FRAM.o)
                0x2000a884                FRAM_write
 .text.FRAM_readPacket
                0x2000aa5c       0xf0 C:/ISIS/workspace_ycube/GlobusSatProject/..//hal/hal/lib\libHALD.a(FRAM.o)
 .text.FRAM_read
                0x2000ab4c      0x1e4 C:/ISIS/workspace_ycube/GlobusSatProject/..//hal/hal/lib\libHALD.a(FRAM.o)
                0x2000ab4c                FRAM_read
 .text.Time_start
                0x2000ad30      0x150 C:/ISIS/workspace_ycube/GlobusSatProject/..//hal/hal/lib\libHALD.a(Time.o)
                0x2000ad30                Time_start
 .text.taskTimeSync
                0x2000ae80       0x38 C:/ISIS/workspace_ycube/GlobusSatProject/..//hal/hal/lib\libHALD.a(Time.o)
 .text.Time_convertEpochToTime
                0x2000aeb8       0xf4 C:/ISIS/workspace_ycube/GlobusSatProject/..//hal/hal/lib\libHALD.a(Time.o)
                0x2000aeb8                Time_convertEpochToTime
 .text.Time_populateSecondsOfYear
                0x2000afac      0x188 C:/ISIS/workspace_ycube/GlobusSatProject/..//hal/hal/lib\libHALD.a(Time.o)
 .text.Time_set
                0x2000b134      0x110 C:/ISIS/workspace_ycube/GlobusSatProject/..//hal/hal/lib\libHALD.a(Time.o)
                0x2000b134                Time_set
 .text.Time_isLeapYear
                0x2000b244       0x98 C:/ISIS/workspace_ycube/GlobusSatProject/..//hal/hal/lib\libHALD.a(Time.o)
                0x2000b244                Time_isLeapYear
 .text.Time_get
                0x2000b2dc      0x410 C:/ISIS/workspace_ycube/GlobusSatProject/..//hal/hal/lib\libHALD.a(Time.o)
                0x2000b2dc                Time_get
 .text.Time_getUnixEpoch
                0x2000b6ec       0xf4 C:/ISIS/workspace_ycube/GlobusSatProject/..//hal/hal/lib\libHALD.a(Time.o)
                0x2000b6ec                Time_getUnixEpoch
 .text.Time_secondsOfYearToTime
                0x2000b7e0      0x328 C:/ISIS/workspace_ycube/GlobusSatProject/..//hal/hal/lib\libHALD.a(Time.o)
 .text.Time_setUnixEpoch
                0x2000bb08       0x54 C:/ISIS/workspace_ycube/GlobusSatProject/..//hal/hal/lib\libHALD.a(Time.o)
                0x2000bb08                Time_setUnixEpoch
 .text.Time_getUptimeSeconds
                0x2000bb5c       0x28 C:/ISIS/workspace_ycube/GlobusSatProject/..//hal/hal/lib\libHALD.a(Time.o)
                0x2000bb5c                Time_getUptimeSeconds
 .text.Time_sync
                0x2000bb84      0x2d8 C:/ISIS/workspace_ycube/GlobusSatProject/..//hal/hal/lib\libHALD.a(Time.o)
                0x2000bb84                Time_sync
 .text.Time_syncIfNeeded
                0x2000be5c       0x90 C:/ISIS/workspace_ycube/GlobusSatProject/..//hal/hal/lib\libHALD.a(Time.o)
                0x2000be5c                Time_syncIfNeeded
 .text.Time_setSyncInterval
                0x2000beec       0x38 C:/ISIS/workspace_ycube/GlobusSatProject/..//hal/hal/lib\libHALD.a(Time.o)
                0x2000beec                Time_setSyncInterval
 .text.WDT_start
                0x2000bf24       0x48 C:/ISIS/workspace_ycube/GlobusSatProject/..//hal/hal/lib\libHALD.a(WatchDogTimerNoOS.o)
                0x2000bf24                WDT_start
 .text.WDT_startWatchdogKickTask
                0x2000bf6c       0xb4 C:/ISIS/workspace_ycube/GlobusSatProject/..//hal/hal/lib\libHALD.a(WatchDogTimerOS.o)
                0x2000bf6c                WDT_startWatchdogKickTask
 .text.WDT_forceKickEveryNms
                0x2000c020       0x50 C:/ISIS/workspace_ycube/GlobusSatProject/..//hal/hal/lib\libHALD.a(WatchDogTimerOS.o)
                0x2000c020                WDT_forceKickEveryNms
 .text.LED_glow
                0x2000c070       0x58 C:/ISIS/workspace_ycube/GlobusSatProject/..//hal/hal/lib\libHALD.a(LED.o)
                0x2000c070                LED_glow
 .text.LED_dark
                0x2000c0c8       0x58 C:/ISIS/workspace_ycube/GlobusSatProject/..//hal/hal/lib\libHALD.a(LED.o)
                0x2000c0c8                LED_dark
 .text.LED_toggle
                0x2000c120       0x50 C:/ISIS/workspace_ycube/GlobusSatProject/..//hal/hal/lib\libHALD.a(LED.o)
                0x2000c120                LED_toggle
 .text.RTC_start
                0x2000c170       0x3c C:/ISIS/workspace_ycube/GlobusSatProject/..//hal/hal/lib\libHALD.a(RTC.o)
                0x2000c170                RTC_start
 .text.RTC_setTime
                0x2000c1ac      0x2a4 C:/ISIS/workspace_ycube/GlobusSatProject/..//hal/hal/lib\libHALD.a(RTC.o)
                0x2000c1ac                RTC_setTime
 .text.RTC_getTime
                0x2000c450      0x224 C:/ISIS/workspace_ycube/GlobusSatProject/..//hal/hal/lib\libHALD.a(RTC.o)
                0x2000c450                RTC_getTime
 .text.RTC_checkTimeValid
                0x2000c674       0xdc C:/ISIS/workspace_ycube/GlobusSatProject/..//hal/hal/lib\libHALD.a(RTC.o)
                0x2000c674                RTC_checkTimeValid
 .text.RTT_start
                0x2000c750       0x24 C:/ISIS/workspace_ycube/GlobusSatProject/..//hal/hal/lib\libHALD.a(RTT.o)
                0x2000c750                RTT_start
 .text.fn_init  0x2000c774      0x2dc C:/ISIS/workspace_ycube/GlobusSatProject/..//hal/hcc/lib\libHCCD.a(fat_common.o)
                0x2000c774                fn_init
 .text._f_get16bitl
                0x2000ca50       0x4c C:/ISIS/workspace_ycube/GlobusSatProject/..//hal/hcc/lib\libHCCD.a(fat_common.o)
                0x2000ca50                _f_get16bitl
 .text._f_set16bitl
                0x2000ca9c       0x54 C:/ISIS/workspace_ycube/GlobusSatProject/..//hal/hcc/lib\libHCCD.a(fat_common.o)
                0x2000ca9c                _f_set16bitl
 .text._f_get32bitl
                0x2000caf0       0x68 C:/ISIS/workspace_ycube/GlobusSatProject/..//hal/hcc/lib\libHCCD.a(fat_common.o)
                0x2000caf0                _f_get32bitl
 .text._f_set32bitl
                0x2000cb58       0x78 C:/ISIS/workspace_ycube/GlobusSatProject/..//hal/hcc/lib\libHCCD.a(fat_common.o)
                0x2000cb58                _f_set32bitl
 .text._get8bit
                0x2000cbd0       0xa0 C:/ISIS/workspace_ycube/GlobusSatProject/..//hal/hcc/lib\libHCCD.a(fat_common.o)
 .text._get16bitl
                0x2000cc70       0x40 C:/ISIS/workspace_ycube/GlobusSatProject/..//hal/hcc/lib\libHCCD.a(fat_common.o)
 .text._get32bitl
                0x2000ccb0       0x3c C:/ISIS/workspace_ycube/GlobusSatProject/..//hal/hcc/lib\libHCCD.a(fat_common.o)
 .text._f_setcardremoved
                0x2000ccec       0x94 C:/ISIS/workspace_ycube/GlobusSatProject/..//hal/hcc/lib\libHCCD.a(fat_common.o)
 .text._f_checkstatus
                0x2000cd80      0x104 C:/ISIS/workspace_ycube/GlobusSatProject/..//hal/hcc/lib\libHCCD.a(fat_common.o)
                0x2000cd80                _f_checkstatus
 .text._f_drvgetphy
                0x2000ce84      0x114 C:/ISIS/workspace_ycube/GlobusSatProject/..//hal/hcc/lib\libHCCD.a(fat_common.o)
 .text._f_drvwritesector
                0x2000cf98       0xdc C:/ISIS/workspace_ycube/GlobusSatProject/..//hal/hcc/lib\libHCCD.a(fat_common.o)
 .text._f_drvreadsector
                0x2000d074       0xa8 C:/ISIS/workspace_ycube/GlobusSatProject/..//hal/hcc/lib\libHCCD.a(fat_common.o)
 .text._f_writesector
                0x2000d11c      0x23c C:/ISIS/workspace_ycube/GlobusSatProject/..//hal/hcc/lib\libHCCD.a(fat_common.o)
                0x2000d11c                _f_writesector
 .text._f_readsector
                0x2000d358      0x1dc C:/ISIS/workspace_ycube/GlobusSatProject/..//hal/hcc/lib\libHCCD.a(fat_common.o)
                0x2000d358                _f_readsector
 .text._f_getmaxcluster
                0x2000d534       0x94 C:/ISIS/workspace_ycube/GlobusSatProject/..//hal/hcc/lib\libHCCD.a(fat_common.o)
                0x2000d534                _f_getmaxcluster
 .text._getsectorfromcluster
                0x2000d5c8       0x68 C:/ISIS/workspace_ycube/GlobusSatProject/..//hal/hcc/lib\libHCCD.a(fat_common.o)
 .text._f_buildsectors
                0x2000d630      0x268 C:/ISIS/workspace_ycube/GlobusSatProject/..//hal/hcc/lib\libHCCD.a(fat_common.o)
 .text._f_getbootrecord
                0x2000d898      0x5e4 C:/ISIS/workspace_ycube/GlobusSatProject/..//hal/hcc/lib\libHCCD.a(fat_common.o)
 .text._f_readbootrecord
                0x2000de7c      0x4f8 C:/ISIS/workspace_ycube/GlobusSatProject/..//hal/hcc/lib\libHCCD.a(fat_common.o)
 .text._f_flushcffiles
                0x2000e374      0x17c C:/ISIS/workspace_ycube/GlobusSatProject/..//hal/hcc/lib\libHCCD.a(fat_common.o)
                0x2000e374                _f_flushcffiles
 .text._f_fatcache_flush
                0x2000e4f0      0x270 C:/ISIS/workspace_ycube/GlobusSatProject/..//hal/hcc/lib\libHCCD.a(fat_common.o)
                0x2000e4f0                _f_fatcache_flush
 .text._f_writefatsector
                0x2000e760      0x100 C:/ISIS/workspace_ycube/GlobusSatProject/..//hal/hcc/lib\libHCCD.a(fat_common.o)
                0x2000e760                _f_writefatsector
 .text._f_getfatsector
                0x2000e860      0x3bc C:/ISIS/workspace_ycube/GlobusSatProject/..//hal/hcc/lib\libHCCD.a(fat_common.o)
 .text._f_setclustervalue
                0x2000ec1c      0x490 C:/ISIS/workspace_ycube/GlobusSatProject/..//hal/hcc/lib\libHCCD.a(fat_common.o)
                0x2000ec1c                _f_setclustervalue
 .text._f_getclustervalue
                0x2000f0ac      0x388 C:/ISIS/workspace_ycube/GlobusSatProject/..//hal/hcc/lib\libHCCD.a(fat_common.o)
                0x2000f0ac                _f_getclustervalue
 .text._f_close_drive_files
                0x2000f434       0xac C:/ISIS/workspace_ycube/GlobusSatProject/..//hal/hcc/lib\libHCCD.a(fat_common.o)
 .text._f_inc_mount_count
                0x2000f4e0       0xa4 C:/ISIS/workspace_ycube/GlobusSatProject/..//hal/hcc/lib\libHCCD.a(fat_common.o)
 .text._f_getvolume
                0x2000f584      0x2f8 C:/ISIS/workspace_ycube/GlobusSatProject/..//hal/hcc/lib\libHCCD.a(fat_common.o)
                0x2000f584                _f_getvolume
 .text.fn_createdriver
                0x2000f87c      0x118 C:/ISIS/workspace_ycube/GlobusSatProject/..//hal/hcc/lib\libHCCD.a(fat_common.o)
                0x2000f87c                fn_createdriver
 .text.fn_initvolume
                0x2000f994      0x12c C:/ISIS/workspace_ycube/GlobusSatProject/..//hal/hcc/lib\libHCCD.a(fat_common.o)
                0x2000f994                fn_initvolume
 .text.fn_initvolumepartition_sub
                0x2000fac0       0xe0 C:/ISIS/workspace_ycube/GlobusSatProject/..//hal/hcc/lib\libHCCD.a(fat_common.o)
 .text.fn_initvolumepartition
                0x2000fba0       0xac C:/ISIS/workspace_ycube/GlobusSatProject/..//hal/hcc/lib\libHCCD.a(fat_common.o)
                0x2000fba0                fn_initvolumepartition
 .text._f_clustertopos
                0x2000fc4c       0xf8 C:/ISIS/workspace_ycube/GlobusSatProject/..//hal/hcc/lib\libHCCD.a(fat_common.o)
                0x2000fc4c                _f_clustertopos
 .text._f_getcurrsector
                0x2000fd44      0x6c8 C:/ISIS/workspace_ycube/GlobusSatProject/..//hal/hcc/lib\libHCCD.a(fat_common.o)
                0x2000fd44                _f_getcurrsector
 .text._f_getdecluster
                0x2001040c       0x90 C:/ISIS/workspace_ycube/GlobusSatProject/..//hal/hcc/lib\libHCCD.a(fat_common.o)
                0x2001040c                _f_getdecluster
 .text._f_setdecluster
                0x2001049c       0x8c C:/ISIS/workspace_ycube/GlobusSatProject/..//hal/hcc/lib\libHCCD.a(fat_common.o)
                0x2001049c                _f_setdecluster
 .text.fn_getdrive
                0x20010528       0x30 C:/ISIS/workspace_ycube/GlobusSatProject/..//hal/hcc/lib\libHCCD.a(fat_common.o)
                0x20010528                fn_getdrive
 .text._f_getcurrenttimedate
                0x20010558      0x138 C:/ISIS/workspace_ycube/GlobusSatProject/..//hal/hcc/lib\libHCCD.a(fat_common.o)
                0x20010558                _f_getcurrenttimedate
 .text._f_initentry
                0x20010690       0xa0 C:/ISIS/workspace_ycube/GlobusSatProject/..//hal/hcc/lib\libHCCD.a(fat_common.o)
                0x20010690                _f_initentry
 .text._f_alloccluster
                0x20010730      0x344 C:/ISIS/workspace_ycube/GlobusSatProject/..//hal/hcc/lib\libHCCD.a(fat_common.o)
                0x20010730                _f_alloccluster
 .text._f_dobadblock
                0x20010a74      0x2cc C:/ISIS/workspace_ycube/GlobusSatProject/..//hal/hcc/lib\libHCCD.a(fat_common.o)
                0x20010a74                _f_dobadblock
 .text._f_checklocked
                0x20010d40       0xe4 C:/ISIS/workspace_ycube/GlobusSatProject/..//hal/hcc/lib\libHCCD.a(fat_common.o)
                0x20010d40                _f_checklocked
 .text._f_checkappendlocked
                0x20010e24      0x110 C:/ISIS/workspace_ycube/GlobusSatProject/..//hal/hcc/lib\libHCCD.a(fat_common.o)
                0x20010e24                _f_checkappendlocked
 .text._f_setsyncafile
                0x20010f34      0x114 C:/ISIS/workspace_ycube/GlobusSatProject/..//hal/hcc/lib\libHCCD.a(fat_common.o)
                0x20010f34                _f_setsyncafile
 .text._f_syncfiles
                0x20011048      0x128 C:/ISIS/workspace_ycube/GlobusSatProject/..//hal/hcc/lib\libHCCD.a(fat_common.o)
                0x20011048                _f_syncfiles
 .text._f_syncfilescontent
                0x20011170      0x15c C:/ISIS/workspace_ycube/GlobusSatProject/..//hal/hcc/lib\libHCCD.a(fat_common.o)
 .text.fn_getfreespace
                0x200112cc      0x4c0 C:/ISIS/workspace_ycube/GlobusSatProject/..//hal/hcc/lib\libHCCD.a(fat_common.o)
                0x200112cc                fn_getfreespace
 .text._f_emptywritecache
                0x2001178c      0x4a4 C:/ISIS/workspace_ycube/GlobusSatProject/..//hal/hcc/lib\libHCCD.a(fat_common.o)
 .text._f_allocnextcluster
                0x20011c30      0x54c C:/ISIS/workspace_ycube/GlobusSatProject/..//hal/hcc/lib\libHCCD.a(fat_common.o)
 .text._f_emptywritebuffer
                0x2001217c      0x20c C:/ISIS/workspace_ycube/GlobusSatProject/..//hal/hcc/lib\libHCCD.a(fat_common.o)
 .text._f_writezeros
                0x20012388       0xf0 C:/ISIS/workspace_ycube/GlobusSatProject/..//hal/hcc/lib\libHCCD.a(fat_common.o)
                0x20012388                _f_writezeros
 .text._f_extend_file
                0x20012478      0x570 C:/ISIS/workspace_ycube/GlobusSatProject/..//hal/hcc/lib\libHCCD.a(fat_common.o)
 .text._f_fseek
                0x200129e8      0x9bc C:/ISIS/workspace_ycube/GlobusSatProject/..//hal/hcc/lib\libHCCD.a(fat_common.o)
                0x200129e8                _f_fseek
 .text._f_removechain
                0x200133a4      0x104 C:/ISIS/workspace_ycube/GlobusSatProject/..//hal/hcc/lib\libHCCD.a(fat_common.o)
                0x200133a4                _f_removechain
 .text._f_updatefileentry
                0x200134a8      0x1cc C:/ISIS/workspace_ycube/GlobusSatProject/..//hal/hcc/lib\libHCCD.a(fat_common.o)
 .text._f_checkreadlocked
                0x20013674      0x1bc C:/ISIS/workspace_ycube/GlobusSatProject/..//hal/hcc/lib\libHCCD.a(fat_common.o)
                0x20013674                _f_checkreadlocked
 .text._f_check_handle
                0x20013830       0x98 C:/ISIS/workspace_ycube/GlobusSatProject/..//hal/hcc/lib\libHCCD.a(fat_common.o)
                0x20013830                _f_check_handle
 .text._f_removesyncafile
                0x200138c8      0x1ec C:/ISIS/workspace_ycube/GlobusSatProject/..//hal/hcc/lib\libHCCD.a(fat_common.o)
 .text.fn_close
                0x20013ab4      0x3f8 C:/ISIS/workspace_ycube/GlobusSatProject/..//hal/hcc/lib\libHCCD.a(fat_common.o)
                0x20013ab4                fn_close
 .text.fn_flush
                0x20013eac      0x374 C:/ISIS/workspace_ycube/GlobusSatProject/..//hal/hcc/lib\libHCCD.a(fat_common.o)
                0x20013eac                fn_flush
 .text.fn_read  0x20014220      0x690 C:/ISIS/workspace_ycube/GlobusSatProject/..//hal/hcc/lib\libHCCD.a(fat_common.o)
                0x20014220                fn_read
 .text._f_abortwrite
                0x200148b0      0x100 C:/ISIS/workspace_ycube/GlobusSatProject/..//hal/hcc/lib\libHCCD.a(fat_common.o)
 .text._f_checkwritecluster
                0x200149b0       0xe4 C:/ISIS/workspace_ycube/GlobusSatProject/..//hal/hcc/lib\libHCCD.a(fat_common.o)
 .text.fn_write
                0x20014a94      0x8a8 C:/ISIS/workspace_ycube/GlobusSatProject/..//hal/hcc/lib\libHCCD.a(fat_common.o)
                0x20014a94                fn_write
 .text.f_enterFS
                0x2001533c      0x1c0 C:/ISIS/workspace_ycube/GlobusSatProject/..//hal/hcc/lib\libHCCD.a(fat_common.o)
                0x2001533c                f_enterFS
 .text.f_releaseFS
                0x200154fc       0xb0 C:/ISIS/workspace_ycube/GlobusSatProject/..//hal/hcc/lib\libHCCD.a(fat_common.o)
                0x200154fc                f_releaseFS
 .text.fnGetTask
                0x200155ac       0xfc C:/ISIS/workspace_ycube/GlobusSatProject/..//hal/hcc/lib\libHCCD.a(fat_common.o)
                0x200155ac                fnGetTask
 .text._f_mutex_get
                0x200156a8       0x98 C:/ISIS/workspace_ycube/GlobusSatProject/..//hal/hcc/lib\libHCCD.a(fat_common.o)
                0x200156a8                _f_mutex_get
 .text._f_mutex_put
                0x20015740       0x54 C:/ISIS/workspace_ycube/GlobusSatProject/..//hal/hcc/lib\libHCCD.a(fat_common.o)
                0x20015740                _f_mutex_put
 .text._fn_initseekdivisor
                0x20015794      0x158 C:/ISIS/workspace_ycube/GlobusSatProject/..//hal/hcc/lib\libHCCD.a(fat_common.o)
                0x20015794                _fn_initseekdivisor
 .text._fn_updateseekpos
                0x200158ec       0xc4 C:/ISIS/workspace_ycube/GlobusSatProject/..//hal/hcc/lib\libHCCD.a(fat_common.o)
 .text._f_findopensize
                0x200159b0       0x2c C:/ISIS/workspace_ycube/GlobusSatProject/..//hal/hcc/lib\libHCCD.a(fat_common.o)
                0x200159b0                _f_findopensize
 .text.fn_setlasterror
                0x200159dc       0x34 C:/ISIS/workspace_ycube/GlobusSatProject/..//hal/hcc/lib\libHCCD.a(fat_common.o)
                0x200159dc                fn_setlasterror
 .text.fn_setlasterror_noret
                0x20015a10       0x2c C:/ISIS/workspace_ycube/GlobusSatProject/..//hal/hcc/lib\libHCCD.a(fat_common.o)
                0x20015a10                fn_setlasterror_noret
 .text.fm_initvolume
                0x20015a3c       0x70 C:/ISIS/workspace_ycube/GlobusSatProject/..//hal/hcc/lib\libHCCD.a(fat_m.o)
                0x20015a3c                fm_initvolume
 .text.fm_getdrive
                0x20015aac       0x70 C:/ISIS/workspace_ycube/GlobusSatProject/..//hal/hcc/lib\libHCCD.a(fat_m.o)
                0x20015aac                fm_getdrive
 .text.fm_getfreespace
                0x20015b1c       0x68 C:/ISIS/workspace_ycube/GlobusSatProject/..//hal/hcc/lib\libHCCD.a(fat_m.o)
                0x20015b1c                fm_getfreespace
 .text.fm_findfirst
                0x20015b84       0x68 C:/ISIS/workspace_ycube/GlobusSatProject/..//hal/hcc/lib\libHCCD.a(fat_m.o)
                0x20015b84                fm_findfirst
 .text.fm_findnext
                0x20015bec       0x60 C:/ISIS/workspace_ycube/GlobusSatProject/..//hal/hcc/lib\libHCCD.a(fat_m.o)
                0x20015bec                fm_findnext
 .text.fm_close
                0x20015c4c       0x60 C:/ISIS/workspace_ycube/GlobusSatProject/..//hal/hcc/lib\libHCCD.a(fat_m.o)
                0x20015c4c                fm_close
 .text.fm_flush
                0x20015cac       0x60 C:/ISIS/workspace_ycube/GlobusSatProject/..//hal/hcc/lib\libHCCD.a(fat_m.o)
                0x20015cac                fm_flush
 .text.fm_open  0x20015d0c       0x68 C:/ISIS/workspace_ycube/GlobusSatProject/..//hal/hcc/lib\libHCCD.a(fat_m.o)
                0x20015d0c                fm_open
 .text.fm_read  0x20015d74       0x7c C:/ISIS/workspace_ycube/GlobusSatProject/..//hal/hcc/lib\libHCCD.a(fat_m.o)
                0x20015d74                fm_read
 .text.fm_write
                0x20015df0       0x7c C:/ISIS/workspace_ycube/GlobusSatProject/..//hal/hcc/lib\libHCCD.a(fat_m.o)
                0x20015df0                fm_write
 .text.fm_delete
                0x20015e6c       0x64 C:/ISIS/workspace_ycube/GlobusSatProject/..//hal/hcc/lib\libHCCD.a(fat_m.o)
                0x20015e6c                fm_delete
 .text.fm_getlasterror
                0x20015ed0       0x40 C:/ISIS/workspace_ycube/GlobusSatProject/..//hal/hcc/lib\libHCCD.a(fat_m.o)
                0x20015ed0                fm_getlasterror
 .text._s_checkzeroclusteratend
                0x20015f10       0xf8 C:/ISIS/workspace_ycube/GlobusSatProject/..//hal/hcc/lib\libHCCD.a(safefat.o)
 .text._s_clearclustercontent
                0x20016008      0x108 C:/ISIS/workspace_ycube/GlobusSatProject/..//hal/hcc/lib\libHCCD.a(safefat.o)
 .text._s_clearclustercontentdir
                0x20016110      0x19c C:/ISIS/workspace_ycube/GlobusSatProject/..//hal/hcc/lib\libHCCD.a(safefat.o)
 .text._s_writedirsector
                0x200162ac       0xd0 C:/ISIS/workspace_ycube/GlobusSatProject/..//hal/hcc/lib\libHCCD.a(safefat.o)
 .text._s_getdirsector
                0x2001637c      0x100 C:/ISIS/workspace_ycube/GlobusSatProject/..//hal/hcc/lib\libHCCD.a(safefat.o)
 .text._s_addentry
                0x2001647c      0x394 C:/ISIS/workspace_ycube/GlobusSatProject/..//hal/hcc/lib\libHCCD.a(safefat.o)
 .text._s_findfile
                0x20016810      0x33c C:/ISIS/workspace_ycube/GlobusSatProject/..//hal/hcc/lib\libHCCD.a(safefat.o)
 .text._s_findsubdir
                0x20016b4c      0x248 C:/ISIS/workspace_ycube/GlobusSatProject/..//hal/hcc/lib\libHCCD.a(safefat.o)
 .text._s_createfile
                0x20016d94      0x190 C:/ISIS/workspace_ycube/GlobusSatProject/..//hal/hcc/lib\libHCCD.a(safefat.o)
 .text._s_findsaffile
                0x20016f24      0x1b8 C:/ISIS/workspace_ycube/GlobusSatProject/..//hal/hcc/lib\libHCCD.a(safefat.o)
 .text._s_open  0x200170dc       0xe4 C:/ISIS/workspace_ycube/GlobusSatProject/..//hal/hcc/lib\libHCCD.a(safefat.o)
 .text._s_open_saf
                0x200171c0       0xe8 C:/ISIS/workspace_ycube/GlobusSatProject/..//hal/hcc/lib\libHCCD.a(safefat.o)
 .text._s_flush
                0x200172a8       0x84 C:/ISIS/workspace_ycube/GlobusSatProject/..//hal/hcc/lib\libHCCD.a(safefat.o)
 .text._s_allocnextcluster
                0x2001732c      0x13c C:/ISIS/workspace_ycube/GlobusSatProject/..//hal/hcc/lib\libHCCD.a(safefat.o)
 .text._s_getnextsector
                0x20017468       0xdc C:/ISIS/workspace_ycube/GlobusSatProject/..//hal/hcc/lib\libHCCD.a(safefat.o)
 .text._s_seek  0x20017544      0x1e8 C:/ISIS/workspace_ycube/GlobusSatProject/..//hal/hcc/lib\libHCCD.a(safefat.o)
 .text._s_read  0x2001772c      0x228 C:/ISIS/workspace_ycube/GlobusSatProject/..//hal/hcc/lib\libHCCD.a(safefat.o)
 .text._s_write
                0x20017954      0x384 C:/ISIS/workspace_ycube/GlobusSatProject/..//hal/hcc/lib\libHCCD.a(safefat.o)
 .text._s_restoreclusters
                0x20017cd8      0x270 C:/ISIS/workspace_ycube/GlobusSatProject/..//hal/hcc/lib\libHCCD.a(safefat.o)
                0x20017cd8                _s_restoreclusters
 .text._s_findrestore
                0x20017f48      0x18c C:/ISIS/workspace_ycube/GlobusSatProject/..//hal/hcc/lib\libHCCD.a(safefat.o)
 .text._s_cmd_writede
                0x200180d4       0xd8 C:/ISIS/workspace_ycube/GlobusSatProject/..//hal/hcc/lib\libHCCD.a(safefat.o)
 .text._s_cmd_setcluster
                0x200181ac       0x88 C:/ISIS/workspace_ycube/GlobusSatProject/..//hal/hcc/lib\libHCCD.a(safefat.o)
 .text._s_cmd_deletechain
                0x20018234      0x100 C:/ISIS/workspace_ycube/GlobusSatProject/..//hal/hcc/lib\libHCCD.a(safefat.o)
 .text._s_cmd_validatecfn
                0x20018334      0x308 C:/ISIS/workspace_ycube/GlobusSatProject/..//hal/hcc/lib\libHCCD.a(safefat.o)
 .text._s_cmd_seteof
                0x2001863c      0x3c4 C:/ISIS/workspace_ycube/GlobusSatProject/..//hal/hcc/lib\libHCCD.a(safefat.o)
 .text.safe_docommands
                0x20018a00      0x56c C:/ISIS/workspace_ycube/GlobusSatProject/..//hal/hcc/lib\libHCCD.a(safefat.o)
                0x20018a00                safe_docommands
 .text.safe_entercommand
                0x20018f6c       0x68 C:/ISIS/workspace_ycube/GlobusSatProject/..//hal/hcc/lib\libHCCD.a(safefat.o)
                0x20018f6c                safe_entercommand
 .text.safe_ready
                0x20018fd4       0xf4 C:/ISIS/workspace_ycube/GlobusSatProject/..//hal/hcc/lib\libHCCD.a(safefat.o)
                0x20018fd4                safe_ready
 .text.safe_copycfn
                0x200190c8       0xb8 C:/ISIS/workspace_ycube/GlobusSatProject/..//hal/hcc/lib\libHCCD.a(safefat.o)
                0x200190c8                safe_copycfn
 .text.safe_cfremove
                0x20019180       0xb8 C:/ISIS/workspace_ycube/GlobusSatProject/..//hal/hcc/lib\libHCCD.a(safefat.o)
                0x20019180                safe_cfremove
 .text.safe_writede
                0x20019238      0x104 C:/ISIS/workspace_ycube/GlobusSatProject/..//hal/hcc/lib\libHCCD.a(safefat.o)
                0x20019238                safe_writede
 .text.safe_setcluster
                0x2001933c       0xcc C:/ISIS/workspace_ycube/GlobusSatProject/..//hal/hcc/lib\libHCCD.a(safefat.o)
                0x2001933c                safe_setcluster
 .text.safe_deletechain
                0x20019408      0x1c8 C:/ISIS/workspace_ycube/GlobusSatProject/..//hal/hcc/lib\libHCCD.a(safefat.o)
                0x20019408                safe_deletechain
 .text.safe_cfclose
                0x200195d0      0x104 C:/ISIS/workspace_ycube/GlobusSatProject/..//hal/hcc/lib\libHCCD.a(safefat.o)
                0x200195d0                safe_cfclose
 .text.safe_cfflush
                0x200196d4      0x124 C:/ISIS/workspace_ycube/GlobusSatProject/..//hal/hcc/lib\libHCCD.a(safefat.o)
                0x200196d4                safe_cfflush
 .text.safe_reset
                0x200197f8       0x78 C:/ISIS/workspace_ycube/GlobusSatProject/..//hal/hcc/lib\libHCCD.a(safefat.o)
                0x200197f8                safe_reset
 .text.safe_loadcommands
                0x20019870       0x78 C:/ISIS/workspace_ycube/GlobusSatProject/..//hal/hcc/lib\libHCCD.a(safefat.o)
                0x20019870                safe_loadcommands
 .text.safe_poweron
                0x200198e8      0x1fc C:/ISIS/workspace_ycube/GlobusSatProject/..//hal/hcc/lib\libHCCD.a(safefat.o)
                0x200198e8                safe_poweron
 .text.cf_getname
                0x20019ae4       0xc0 C:/ISIS/workspace_ycube/GlobusSatProject/..//hal/hcc/lib\libHCCD.a(safefat.o)
 .text.cf_copyclusterchain
                0x20019ba4      0x138 C:/ISIS/workspace_ycube/GlobusSatProject/..//hal/hcc/lib\libHCCD.a(safefat.o)
 .text.cf_seektozero
                0x20019cdc       0x94 C:/ISIS/workspace_ycube/GlobusSatProject/..//hal/hcc/lib\libHCCD.a(safefat.o)
                0x20019cdc                cf_seektozero
 .text.cf_create
                0x20019d70      0x3a8 C:/ISIS/workspace_ycube/GlobusSatProject/..//hal/hcc/lib\libHCCD.a(safefat.o)
                0x20019d70                cf_create
 .text.cf_copyclustercontent
                0x2001a118      0x128 C:/ISIS/workspace_ycube/GlobusSatProject/..//hal/hcc/lib\libHCCD.a(safefat.o)
                0x2001a118                cf_copyclustercontent
 .text.cf_copycfn
                0x2001a240      0x4bc C:/ISIS/workspace_ycube/GlobusSatProject/..//hal/hcc/lib\libHCCD.a(safefat.o)
                0x2001a240                cf_copycfn
 .text.cf_remove
                0x2001a6fc      0x344 C:/ISIS/workspace_ycube/GlobusSatProject/..//hal/hcc/lib\libHCCD.a(safefat.o)
                0x2001a6fc                cf_remove
 .text.cf_setclusternew
                0x2001aa40       0xf0 C:/ISIS/workspace_ycube/GlobusSatProject/..//hal/hcc/lib\libHCCD.a(safefat.o)
                0x2001aa40                cf_setclusternew
 .text.cf_flush
                0x2001ab30       0x58 C:/ISIS/workspace_ycube/GlobusSatProject/..//hal/hcc/lib\libHCCD.a(safefat.o)
                0x2001ab30                cf_flush
 .text.cf_getcluster
                0x2001ab88      0x1b4 C:/ISIS/workspace_ycube/GlobusSatProject/..//hal/hcc/lib\libHCCD.a(safefat.o)
                0x2001ab88                cf_getcluster
 .text.cf_setnextcluster
                0x2001ad3c      0x194 C:/ISIS/workspace_ycube/GlobusSatProject/..//hal/hcc/lib\libHCCD.a(safefat.o)
                0x2001ad3c                cf_setnextcluster
 .text.cf_getpositions
                0x2001aed0       0xbc C:/ISIS/workspace_ycube/GlobusSatProject/..//hal/hcc/lib\libHCCD.a(safefat.o)
                0x2001aed0                cf_getpositions
 .text.cf_setpositions
                0x2001af8c       0xb0 C:/ISIS/workspace_ycube/GlobusSatProject/..//hal/hcc/lib\libHCCD.a(safefat.o)
                0x2001af8c                cf_setpositions
 .text.cf_opensyncafile
                0x2001b03c      0x150 C:/ISIS/workspace_ycube/GlobusSatProject/..//hal/hcc/lib\libHCCD.a(safefat.o)
                0x2001b03c                cf_opensyncafile
 .text.cf_reloadcfo
                0x2001b18c       0xd8 C:/ISIS/workspace_ycube/GlobusSatProject/..//hal/hcc/lib\libHCCD.a(safefat.o)
                0x2001b18c                cf_reloadcfo
 .text.mcipdc_cmd
                0x2001b264      0x22c C:/ISIS/workspace_ycube/GlobusSatProject/..//hal/hcc/lib\libHCCD.a(atmel_mcipdc.o)
 .text.mcipdc_stop
                0x2001b490       0xfc C:/ISIS/workspace_ycube/GlobusSatProject/..//hal/hcc/lib\libHCCD.a(atmel_mcipdc.o)
                0x2001b490                mcipdc_stop
 .text.mcipdc_read
                0x2001b58c      0x27c C:/ISIS/workspace_ycube/GlobusSatProject/..//hal/hcc/lib\libHCCD.a(atmel_mcipdc.o)
 .text.mcipdc_write
                0x2001b808      0x298 C:/ISIS/workspace_ycube/GlobusSatProject/..//hal/hcc/lib\libHCCD.a(atmel_mcipdc.o)
 .text.mcipdc_readsector
                0x2001baa0       0x9c C:/ISIS/workspace_ycube/GlobusSatProject/..//hal/hcc/lib\libHCCD.a(atmel_mcipdc.o)
                0x2001baa0                mcipdc_readsector
 .text.mcipdc_readmultiplesector
                0x2001bb3c      0x124 C:/ISIS/workspace_ycube/GlobusSatProject/..//hal/hcc/lib\libHCCD.a(atmel_mcipdc.o)
                0x2001bb3c                mcipdc_readmultiplesector
 .text.mcipdc_writesector
                0x2001bc60       0x90 C:/ISIS/workspace_ycube/GlobusSatProject/..//hal/hcc/lib\libHCCD.a(atmel_mcipdc.o)
                0x2001bc60                mcipdc_writesector
 .text.mcipdc_writemultiplesector
                0x2001bcf0      0x120 C:/ISIS/workspace_ycube/GlobusSatProject/..//hal/hcc/lib\libHCCD.a(atmel_mcipdc.o)
                0x2001bcf0                mcipdc_writemultiplesector
 .text.mcipdc_set_speed
                0x2001be10       0xb0 C:/ISIS/workspace_ycube/GlobusSatProject/..//hal/hcc/lib\libHCCD.a(atmel_mcipdc.o)
 .text.mcipdc_get_speed
                0x2001bec0       0x48 C:/ISIS/workspace_ycube/GlobusSatProject/..//hal/hcc/lib\libHCCD.a(atmel_mcipdc.o)
 .text._get_csd_bits
                0x2001bf08      0x14c C:/ISIS/workspace_ycube/GlobusSatProject/..//hal/hcc/lib\libHCCD.a(atmel_mcipdc.o)
 .text.mcipdc_initcard
                0x2001c054      0x8f4 C:/ISIS/workspace_ycube/GlobusSatProject/..//hal/hcc/lib\libHCCD.a(atmel_mcipdc.o)
 .text.mcipdc_getstatus
                0x2001c948       0xe8 C:/ISIS/workspace_ycube/GlobusSatProject/..//hal/hcc/lib\libHCCD.a(atmel_mcipdc.o)
 .text.mcipdc_getphy
                0x2001ca30       0x90 C:/ISIS/workspace_ycube/GlobusSatProject/..//hal/hcc/lib\libHCCD.a(atmel_mcipdc.o)
 .text.mcipdc_release
                0x2001cac0       0x50 C:/ISIS/workspace_ycube/GlobusSatProject/..//hal/hcc/lib\libHCCD.a(atmel_mcipdc.o)
 .text.atmel_mcipdc_initfunc
                0x2001cb10      0x160 C:/ISIS/workspace_ycube/GlobusSatProject/..//hal/hcc/lib\libHCCD.a(atmel_mcipdc.o)
                0x2001cb10                atmel_mcipdc_initfunc
 .text.oal_mutex_create
                0x2001cc70       0x54 C:/ISIS/workspace_ycube/GlobusSatProject/..//hal/hcc/lib\libHCCD.a(oalp_mutex.o)
                0x2001cc70                oal_mutex_create
 .text.oal_mutex_delete
                0x2001ccc4       0x30 C:/ISIS/workspace_ycube/GlobusSatProject/..//hal/hcc/lib\libHCCD.a(oalp_mutex.o)
                0x2001ccc4                oal_mutex_delete
 .text.oal_mutex_get
                0x2001ccf4       0x58 C:/ISIS/workspace_ycube/GlobusSatProject/..//hal/hcc/lib\libHCCD.a(oalp_mutex.o)
                0x2001ccf4                oal_mutex_get
 .text.oal_mutex_put
                0x2001cd4c       0x58 C:/ISIS/workspace_ycube/GlobusSatProject/..//hal/hcc/lib\libHCCD.a(oalp_mutex.o)
                0x2001cd4c                oal_mutex_put
 .text.oal_task_get_id
                0x2001cda4       0x18 C:/ISIS/workspace_ycube/GlobusSatProject/..//hal/hcc/lib\libHCCD.a(oalp_task.o)
                0x2001cda4                oal_task_get_id
 .text.mcipdc_hw_init
                0x2001cdbc       0xe8 C:/ISIS/workspace_ycube/GlobusSatProject/..//hal/hcc/lib\libHCCD.a(atmel_mcipdc_hw.o)
                0x2001cdbc                mcipdc_hw_init
 .text.mcipdc_hw_delete
                0x2001cea4       0x78 C:/ISIS/workspace_ycube/GlobusSatProject/..//hal/hcc/lib\libHCCD.a(atmel_mcipdc_hw.o)
                0x2001cea4                mcipdc_hw_delete
 .text.mcipdc_hw_card_plugged
                0x2001cf1c       0x1c C:/ISIS/workspace_ycube/GlobusSatProject/..//hal/hcc/lib\libHCCD.a(atmel_mcipdc_hw.o)
                0x2001cf1c                mcipdc_hw_card_plugged
 .text.mcipdc_hw_card_writeprotect
                0x2001cf38       0x1c C:/ISIS/workspace_ycube/GlobusSatProject/..//hal/hcc/lib\libHCCD.a(atmel_mcipdc_hw.o)
                0x2001cf38                mcipdc_hw_card_writeprotect
 .text.psp_getcurrenttimedate
                0x2001cf54       0x8c C:/ISIS/workspace_ycube/GlobusSatProject/..//hal/hcc/lib\libHCCD.a(psp_rtc.o)
                0x2001cf54                psp_getcurrenttimedate
 .text._hcc_get_buf_dsc
                0x2001cfe0       0x8c C:/ISIS/workspace_ycube/GlobusSatProject/..//hal/hcc/lib\libHCCD.a(hcc_mem.o)
 .text._hcc_check_free_pages
                0x2001d06c      0x18c C:/ISIS/workspace_ycube/GlobusSatProject/..//hal/hcc/lib\libHCCD.a(hcc_mem.o)
 .text._hcc_mark_pages
                0x2001d1f8      0x158 C:/ISIS/workspace_ycube/GlobusSatProject/..//hal/hcc/lib\libHCCD.a(hcc_mem.o)
 .text._hcc_clear_lock_dsc
                0x2001d350       0x80 C:/ISIS/workspace_ycube/GlobusSatProject/..//hal/hcc/lib\libHCCD.a(hcc_mem.o)
 .text._hcc_lock_access
                0x2001d3d0      0x128 C:/ISIS/workspace_ycube/GlobusSatProject/..//hal/hcc/lib\libHCCD.a(hcc_mem.o)
 .text._hcc_unlock_access
                0x2001d4f8       0x30 C:/ISIS/workspace_ycube/GlobusSatProject/..//hal/hcc/lib\libHCCD.a(hcc_mem.o)
 .text.hcc_mem_alloc
                0x2001d528      0x454 C:/ISIS/workspace_ycube/GlobusSatProject/..//hal/hcc/lib\libHCCD.a(hcc_mem.o)
                0x2001d528                hcc_mem_alloc
 .text.hcc_mem_free
                0x2001d97c      0x178 C:/ISIS/workspace_ycube/GlobusSatProject/..//hal/hcc/lib\libHCCD.a(hcc_mem.o)
                0x2001d97c                hcc_mem_free
 .text.hcc_mem_add
                0x2001daf4      0x3b0 C:/ISIS/workspace_ycube/GlobusSatProject/..//hal/hcc/lib\libHCCD.a(hcc_mem.o)
                0x2001daf4                hcc_mem_add
 .text.hcc_mem_init
                0x2001dea4      0x164 C:/ISIS/workspace_ycube/GlobusSatProject/..//hal/hcc/lib\libHCCD.a(hcc_mem.o)
                0x2001dea4                hcc_mem_init
 .text._f_invalidatedir
                0x2001e008       0x28 C:/ISIS/workspace_ycube/GlobusSatProject/..//hal/hcc/lib\libHCCD.a(fat.o)
                0x2001e008                _f_invalidatedir
 .text._f_getdirsector
                0x2001e030       0x88 C:/ISIS/workspace_ycube/GlobusSatProject/..//hal/hcc/lib\libHCCD.a(fat.o)
                0x2001e030                _f_getdirsector
 .text._f_writedirsector
                0x2001e0b8       0x74 C:/ISIS/workspace_ycube/GlobusSatProject/..//hal/hcc/lib\libHCCD.a(fat.o)
                0x2001e0b8                _f_writedirsector
 .text._f_checknameinv
                0x2001e12c      0x180 C:/ISIS/workspace_ycube/GlobusSatProject/..//hal/hcc/lib\libHCCD.a(fat.o)
 .text._f_checkname
                0x2001e2ac       0x7c C:/ISIS/workspace_ycube/GlobusSatProject/..//hal/hcc/lib\libHCCD.a(fat.o)
 .text._f_checknamewc
                0x2001e328       0xf8 C:/ISIS/workspace_ycube/GlobusSatProject/..//hal/hcc/lib\libHCCD.a(fat.o)
 .text._f_setnameext
                0x2001e420      0x300 C:/ISIS/workspace_ycube/GlobusSatProject/..//hal/hcc/lib\libHCCD.a(fat.o)
 .text._f_setfsname
                0x2001e720      0x584 C:/ISIS/workspace_ycube/GlobusSatProject/..//hal/hcc/lib\libHCCD.a(fat.o)
 .text._f_findfile
                0x2001eca4      0x30c C:/ISIS/workspace_ycube/GlobusSatProject/..//hal/hcc/lib\libHCCD.a(fat.o)
 .text._f_cmp_wname
                0x2001efb0      0x274 C:/ISIS/workspace_ycube/GlobusSatProject/..//hal/hcc/lib\libHCCD.a(fat.o)
 .text._f_to_string
                0x2001f224      0x130 C:/ISIS/workspace_ycube/GlobusSatProject/..//hal/hcc/lib\libHCCD.a(fat.o)
 .text._f_findfilewc
                0x2001f354      0x278 C:/ISIS/workspace_ycube/GlobusSatProject/..//hal/hcc/lib\libHCCD.a(fat.o)
 .text._f_getfilename
                0x2001f5cc      0x20c C:/ISIS/workspace_ycube/GlobusSatProject/..//hal/hcc/lib\libHCCD.a(fat.o)
 .text._f_findpath
                0x2001f7d8      0x35c C:/ISIS/workspace_ycube/GlobusSatProject/..//hal/hcc/lib\libHCCD.a(fat.o)
 .text.fn_getdcwd
                0x2001fb34      0x1e0 C:/ISIS/workspace_ycube/GlobusSatProject/..//hal/hcc/lib\libHCCD.a(fat.o)
                0x2001fb34                fn_getdcwd
 .text.fn_findfirst
                0x2001fd14      0x13c C:/ISIS/workspace_ycube/GlobusSatProject/..//hal/hcc/lib\libHCCD.a(fat.o)
                0x2001fd14                fn_findfirst
 .text.fn_findnext
                0x2001fe50      0x360 C:/ISIS/workspace_ycube/GlobusSatProject/..//hal/hcc/lib\libHCCD.a(fat.o)
                0x2001fe50                fn_findnext
 .text._f_lock_resfile
                0x200201b0       0x6c C:/ISIS/workspace_ycube/GlobusSatProject/..//hal/hcc/lib\libHCCD.a(fat.o)
 .text._f_unlock_resfile
                0x2002021c       0x40 C:/ISIS/workspace_ycube/GlobusSatProject/..//hal/hcc/lib\libHCCD.a(fat.o)
 .text._f_getintfile
                0x2002025c      0x124 C:/ISIS/workspace_ycube/GlobusSatProject/..//hal/hcc/lib\libHCCD.a(fat.o)
 .text._f_addentry
                0x20020380      0x540 C:/ISIS/workspace_ycube/GlobusSatProject/..//hal/hcc/lib\libHCCD.a(fat.o)
 .text.fn_open_sub
                0x200208c0     0x1698 C:/ISIS/workspace_ycube/GlobusSatProject/..//hal/hcc/lib\libHCCD.a(fat.o)
 .text.fn_open  0x20021f58       0x44 C:/ISIS/workspace_ycube/GlobusSatProject/..//hal/hcc/lib\libHCCD.a(fat.o)
                0x20021f58                fn_open
 .text.fn_delete
                0x20021f9c      0x490 C:/ISIS/workspace_ycube/GlobusSatProject/..//hal/hcc/lib\libHCCD.a(fat.o)
                0x20021f9c                fn_delete
 .text.hcc_mem_buf_alloc
                0x2002242c       0xe4 C:/ISIS/workspace_ycube/GlobusSatProject/..//hal/hcc/lib\libHCCD.a(psp_hcc_mem.o)
                0x2002242c                hcc_mem_buf_alloc
 .text.makeAntStransfer
                0x20022510       0x4c C:/ISIS/workspace_ycube/satellite-subsystems/satellite-subsystems/lib\libSatelliteSubsystemsD.a(IsisAntS.o)
 .text.checkInputsValid
                0x2002255c       0x7c C:/ISIS/workspace_ycube/satellite-subsystems/satellite-subsystems/lib\libSatelliteSubsystemsD.a(IsisAntS.o)
 .text.IsisAntS_initialize
                0x200225d8      0x26c C:/ISIS/workspace_ycube/satellite-subsystems/satellite-subsystems/lib\libSatelliteSubsystemsD.a(IsisAntS.o)
                0x200225d8                IsisAntS_initialize
 .text.IsisAntS_setArmStatus
                0x20022844      0x104 C:/ISIS/workspace_ycube/satellite-subsystems/satellite-subsystems/lib\libSatelliteSubsystemsD.a(IsisAntS.o)
                0x20022844                IsisAntS_setArmStatus
 .text.IsisAntS_getStatusData
                0x20022948      0x120 C:/ISIS/workspace_ycube/satellite-subsystems/satellite-subsystems/lib\libSatelliteSubsystemsD.a(IsisAntS.o)
                0x20022948                IsisAntS_getStatusData
 .text.IsisAntS_getUptime
                0x20022a68      0x120 C:/ISIS/workspace_ycube/satellite-subsystems/satellite-subsystems/lib\libSatelliteSubsystemsD.a(IsisAntS.o)
                0x20022a68                IsisAntS_getUptime
 .text.IsisAntS_getAlltelemetry
                0x20022b88      0x120 C:/ISIS/workspace_ycube/satellite-subsystems/satellite-subsystems/lib\libSatelliteSubsystemsD.a(IsisAntS.o)
                0x20022b88                IsisAntS_getAlltelemetry
 .text.IsisAntS_reset
                0x20022ca8      0x104 C:/ISIS/workspace_ycube/satellite-subsystems/satellite-subsystems/lib\libSatelliteSubsystemsD.a(IsisAntS.o)
                0x20022ca8                IsisAntS_reset
 .text.IsisAntS_cancelDeployment
                0x20022dac      0x104 C:/ISIS/workspace_ycube/satellite-subsystems/satellite-subsystems/lib\libSatelliteSubsystemsD.a(IsisAntS.o)
                0x20022dac                IsisAntS_cancelDeployment
 .text.IsisAntS_autoDeployment
                0x20022eb0      0x114 C:/ISIS/workspace_ycube/satellite-subsystems/satellite-subsystems/lib\libSatelliteSubsystemsD.a(IsisAntS.o)
                0x20022eb0                IsisAntS_autoDeployment
 .text.IsisSolarPanelv2_initialize
                0x20022fc4       0xb4 C:/ISIS/workspace_ycube/satellite-subsystems/satellite-subsystems/lib\libSatelliteSubsystemsD.a(IsisSolarPanelv2.o)
                0x20022fc4                IsisSolarPanelv2_initialize
 .text.IsisSolarPanelv2_getTemperature
                0x20023078       0xc8 C:/ISIS/workspace_ycube/satellite-subsystems/satellite-subsystems/lib\libSatelliteSubsystemsD.a(IsisSolarPanelv2.o)
                0x20023078                IsisSolarPanelv2_getTemperature
 .text.IsisSolarPanelv2_getState
                0x20023140       0x24 C:/ISIS/workspace_ycube/satellite-subsystems/satellite-subsystems/lib\libSatelliteSubsystemsD.a(IsisSolarPanelv2.o)
                0x20023140                IsisSolarPanelv2_getState
 .text._Reset   0x20023164       0x20 C:/ISIS/workspace_ycube/satellite-subsystems/satellite-subsystems/lib\libSatelliteSubsystemsD.a(IsisSolarPanelv2.o)
 .text._WaitForStartup
                0x20023184       0x90 C:/ISIS/workspace_ycube/satellite-subsystems/satellite-subsystems/lib\libSatelliteSubsystemsD.a(IsisSolarPanelv2.o)
 .text._AssignAllChannels
                0x20023214       0x90 C:/ISIS/workspace_ycube/satellite-subsystems/satellite-subsystems/lib\libSatelliteSubsystemsD.a(IsisSolarPanelv2.o)
 .text._AssignThisChannel
                0x200232a4       0xe8 C:/ISIS/workspace_ycube/satellite-subsystems/satellite-subsystems/lib\libSatelliteSubsystemsD.a(IsisSolarPanelv2.o)
 .text._InitiateConversion
                0x2002338c       0xac C:/ISIS/workspace_ycube/satellite-subsystems/satellite-subsystems/lib\libSatelliteSubsystemsD.a(IsisSolarPanelv2.o)
 .text._WaitForConversionComplete
                0x20023438      0x100 C:/ISIS/workspace_ycube/satellite-subsystems/satellite-subsystems/lib\libSatelliteSubsystemsD.a(IsisSolarPanelv2.o)
 .text._ReadResult
                0x20023538      0x158 C:/ISIS/workspace_ycube/satellite-subsystems/satellite-subsystems/lib\libSatelliteSubsystemsD.a(IsisSolarPanelv2.o)
 .text._ExtractByte
                0x20023690       0x38 C:/ISIS/workspace_ycube/satellite-subsystems/satellite-subsystems/lib\libSatelliteSubsystemsD.a(IsisSolarPanelv2.o)
 .text._ExtendSign
                0x200236c8       0x6c C:/ISIS/workspace_ycube/satellite-subsystems/satellite-subsystems/lib\libSatelliteSubsystemsD.a(IsisSolarPanelv2.o)
 .text._PinsInit
                0x20023734       0x50 C:/ISIS/workspace_ycube/satellite-subsystems/satellite-subsystems/lib\libSatelliteSubsystemsD.a(IsisSolarPanelv2.o)
 .text._SpiWriteRead
                0x20023784       0x70 C:/ISIS/workspace_ycube/satellite-subsystems/satellite-subsystems/lib\libSatelliteSubsystemsD.a(IsisSolarPanelv2.o)
 .text.IsisTrxvu_initialize
                0x200237f4      0x2f4 C:/ISIS/workspace_ycube/satellite-subsystems/satellite-subsystems/lib\libSatelliteSubsystemsD.a(IsisTRXVU.o)
                0x200237f4                IsisTrxvu_initialize
 .text.makeTRXVUtransfer
                0x20023ae8       0x44 C:/ISIS/workspace_ycube/satellite-subsystems/satellite-subsystems/lib\libSatelliteSubsystemsD.a(IsisTRXVU.o)
 .text.IsisTrxvu_componentSoftReset
                0x20023b2c       0x6c C:/ISIS/workspace_ycube/satellite-subsystems/satellite-subsystems/lib\libSatelliteSubsystemsD.a(IsisTRXVU.o)
                0x20023b2c                IsisTrxvu_componentSoftReset
 .text.IsisTrxvu_componentHardReset
                0x20023b98       0xc8 C:/ISIS/workspace_ycube/satellite-subsystems/satellite-subsystems/lib\libSatelliteSubsystemsD.a(IsisTRXVU.o)
                0x20023b98                IsisTrxvu_componentHardReset
 .text.IsisTrxvu_softReset
                0x20023c60       0x74 C:/ISIS/workspace_ycube/satellite-subsystems/satellite-subsystems/lib\libSatelliteSubsystemsD.a(IsisTRXVU.o)
                0x20023c60                IsisTrxvu_softReset
 .text.IsisTrxvu_hardReset
                0x20023cd4       0x74 C:/ISIS/workspace_ycube/satellite-subsystems/satellite-subsystems/lib\libSatelliteSubsystemsD.a(IsisTRXVU.o)
                0x20023cd4                IsisTrxvu_hardReset
 .text.IsisTrxvu_tcSendAX25DefClSign
                0x20023d48       0xec C:/ISIS/workspace_ycube/satellite-subsystems/satellite-subsystems/lib\libSatelliteSubsystemsD.a(IsisTRXVU.o)
                0x20023d48                IsisTrxvu_tcSendAX25DefClSign
 .text.IsisTrxvu_tcSetIdlestate
                0x20023e34       0xa4 C:/ISIS/workspace_ycube/satellite-subsystems/satellite-subsystems/lib\libSatelliteSubsystemsD.a(IsisTRXVU.o)
                0x20023e34                IsisTrxvu_tcSetIdlestate
 .text.IsisTrxvu_tcSetAx25Bitrate
                0x20023ed8       0xc4 C:/ISIS/workspace_ycube/satellite-subsystems/satellite-subsystems/lib\libSatelliteSubsystemsD.a(IsisTRXVU.o)
                0x20023ed8                IsisTrxvu_tcSetAx25Bitrate
 .text.IsisTrxvu_tcGetUptime
                0x20023f9c       0xa0 C:/ISIS/workspace_ycube/satellite-subsystems/satellite-subsystems/lib\libSatelliteSubsystemsD.a(IsisTRXVU.o)
                0x20023f9c                IsisTrxvu_tcGetUptime
 .text.IsisTrxvu_tcGetState
                0x2002403c       0xd0 C:/ISIS/workspace_ycube/satellite-subsystems/satellite-subsystems/lib\libSatelliteSubsystemsD.a(IsisTRXVU.o)
                0x2002403c                IsisTrxvu_tcGetState
 .text.IsisTrxvu_tcGetTelemetryAll
                0x2002410c       0xd0 C:/ISIS/workspace_ycube/satellite-subsystems/satellite-subsystems/lib\libSatelliteSubsystemsD.a(IsisTRXVU.o)
                0x2002410c                IsisTrxvu_tcGetTelemetryAll
 .text.IsisTrxvu_rcGetFrameCount
                0x200241dc       0xa0 C:/ISIS/workspace_ycube/satellite-subsystems/satellite-subsystems/lib\libSatelliteSubsystemsD.a(IsisTRXVU.o)
                0x200241dc                IsisTrxvu_rcGetFrameCount
 .text.IsisTrxvu_rcGetCommandFrame
                0x2002427c      0x2d8 C:/ISIS/workspace_ycube/satellite-subsystems/satellite-subsystems/lib\libSatelliteSubsystemsD.a(IsisTRXVU.o)
                0x2002427c                IsisTrxvu_rcGetCommandFrame
 .text.IsisTrxvu_rcGetTelemetryAll
                0x20024554       0xd0 C:/ISIS/workspace_ycube/satellite-subsystems/satellite-subsystems/lib\libSatelliteSubsystemsD.a(IsisTRXVU.o)
                0x20024554                IsisTrxvu_rcGetTelemetryAll
 .text.IsisTrxvu_rcGetUptime
                0x20024624       0xa0 C:/ISIS/workspace_ycube/satellite-subsystems/satellite-subsystems/lib\libSatelliteSubsystemsD.a(IsisTRXVU.o)
                0x20024624                IsisTrxvu_rcGetUptime
 .text.ISIS_EPS_Init
                0x200246c4       0xc8 C:/ISIS/workspace_ycube/satellite-subsystems/satellite-subsystems/lib\libSatelliteSubsystemsD.a(isis_eps_driver.o)
                0x200246c4                ISIS_EPS_Init
 .text.isis_eps__reset__tmtc
                0x2002478c       0xe8 C:/ISIS/workspace_ycube/satellite-subsystems/satellite-subsystems/lib\libSatelliteSubsystemsD.a(isis_eps_driver.o)
                0x2002478c                isis_eps__reset__tmtc
 .text.isis_eps__watchdog__tm
                0x20024874       0xac C:/ISIS/workspace_ycube/satellite-subsystems/satellite-subsystems/lib\libSatelliteSubsystemsD.a(isis_eps_driver.o)
                0x20024874                isis_eps__watchdog__tm
 .text.isis_eps__getparameter__tmtc
                0x20024920       0xe8 C:/ISIS/workspace_ycube/satellite-subsystems/satellite-subsystems/lib\libSatelliteSubsystemsD.a(isis_eps_driver.o)
                0x20024920                isis_eps__getparameter__tmtc
 .text.isis_eps__setparameter__tmtc
                0x20024a08       0xe8 C:/ISIS/workspace_ycube/satellite-subsystems/satellite-subsystems/lib\libSatelliteSubsystemsD.a(isis_eps_driver.o)
                0x20024a08                isis_eps__setparameter__tmtc
 .text.isis_eps__gethousekeepingeng__tm
                0x20024af0       0xac C:/ISIS/workspace_ycube/satellite-subsystems/satellite-subsystems/lib\libSatelliteSubsystemsD.a(isis_eps_driver.o)
                0x20024af0                isis_eps__gethousekeepingeng__tm
 .text.isis_eps__gethousekeepingengincdb__tm
                0x20024b9c       0xac C:/ISIS/workspace_ycube/satellite-subsystems/satellite-subsystems/lib\libSatelliteSubsystemsD.a(isis_eps_driver.o)
                0x20024b9c                isis_eps__gethousekeepingengincdb__tm
 .text._I2C_Send
                0x20024c48       0x78 C:/ISIS/workspace_ycube/satellite-subsystems/satellite-subsystems/lib\libSatelliteSubsystemsD.a(isis_eps_driver.o)
 .text.makeTRXCommonTransfer
                0x20024cc0       0x34 C:/ISIS/workspace_ycube/satellite-subsystems/satellite-subsystems/lib\libSatelliteSubsystemsD.a(IsisTRXCommon.o)
 .text.IsisTrxCommon_componentReset
                0x20024cf4       0x68 C:/ISIS/workspace_ycube/satellite-subsystems/satellite-subsystems/lib\libSatelliteSubsystemsD.a(IsisTRXCommon.o)
                0x20024cf4                IsisTrxCommon_componentReset
 .text.IsisTrxCommon_TxSendAX25DefClSign
                0x20024d5c       0xf4 C:/ISIS/workspace_ycube/satellite-subsystems/satellite-subsystems/lib\libSatelliteSubsystemsD.a(IsisTRXCommon.o)
                0x20024d5c                IsisTrxCommon_TxSendAX25DefClSign
 .text.IsisTrxCommon_TxSetIdlestate
                0x20024e50       0x78 C:/ISIS/workspace_ycube/satellite-subsystems/satellite-subsystems/lib\libSatelliteSubsystemsD.a(IsisTRXCommon.o)
                0x20024e50                IsisTrxCommon_TxSetIdlestate
 .text.IsisTrxCommon_TxSetAx25Bitrate
                0x20024ec8       0x78 C:/ISIS/workspace_ycube/satellite-subsystems/satellite-subsystems/lib\libSatelliteSubsystemsD.a(IsisTRXCommon.o)
                0x20024ec8                IsisTrxCommon_TxSetAx25Bitrate
 .text.IsisTrxCommon_RxGetFrameCount
                0x20024f40       0x8c C:/ISIS/workspace_ycube/satellite-subsystems/satellite-subsystems/lib\libSatelliteSubsystemsD.a(IsisTRXCommon.o)
                0x20024f40                IsisTrxCommon_RxGetFrameCount
 .text.IsisTrxCommon_GetUptime
                0x20024fcc       0x8c C:/ISIS/workspace_ycube/satellite-subsystems/satellite-subsystems/lib\libSatelliteSubsystemsD.a(IsisTRXCommon.o)
                0x20024fcc                IsisTrxCommon_GetUptime
 .text.xQueueGenericReset
                0x20025058      0x150 C:/ISIS/workspace_ycube/GlobusSatProject/..//hal/freertos/lib\libFreeRTOSD.a(queue.o)
                0x20025058                xQueueGenericReset
 .text.xQueueGenericCreate
                0x200251a8      0x108 C:/ISIS/workspace_ycube/GlobusSatProject/..//hal/freertos/lib\libFreeRTOSD.a(queue.o)
                0x200251a8                xQueueGenericCreate
 .text.xQueueCreateMutex
                0x200252b0      0x11c C:/ISIS/workspace_ycube/GlobusSatProject/..//hal/freertos/lib\libFreeRTOSD.a(queue.o)
                0x200252b0                xQueueCreateMutex
 .text.xQueueGenericSend
                0x200253cc      0x298 C:/ISIS/workspace_ycube/GlobusSatProject/..//hal/freertos/lib\libFreeRTOSD.a(queue.o)
                0x200253cc                xQueueGenericSend
 .text.xQueueGenericSendFromISR
                0x20025664      0x1e0 C:/ISIS/workspace_ycube/GlobusSatProject/..//hal/freertos/lib\libFreeRTOSD.a(queue.o)
                0x20025664                xQueueGenericSendFromISR
 .text.xQueueGenericReceive
                0x20025844      0x2cc C:/ISIS/workspace_ycube/GlobusSatProject/..//hal/freertos/lib\libFreeRTOSD.a(queue.o)
                0x20025844                xQueueGenericReceive
 .text.uxQueueMessagesWaiting
                0x20025b10       0x6c C:/ISIS/workspace_ycube/GlobusSatProject/..//hal/freertos/lib\libFreeRTOSD.a(queue.o)
                0x20025b10                uxQueueMessagesWaiting
 .text.vQueueDelete
                0x20025b7c       0x78 C:/ISIS/workspace_ycube/GlobusSatProject/..//hal/freertos/lib\libFreeRTOSD.a(queue.o)
                0x20025b7c                vQueueDelete
 .text.prvCopyDataToQueue
                0x20025bf4      0x190 C:/ISIS/workspace_ycube/GlobusSatProject/..//hal/freertos/lib\libFreeRTOSD.a(queue.o)
 .text.prvCopyDataFromQueue
                0x20025d84       0x90 C:/ISIS/workspace_ycube/GlobusSatProject/..//hal/freertos/lib\libFreeRTOSD.a(queue.o)
 .text.prvUnlockQueue
                0x20025e14      0x130 C:/ISIS/workspace_ycube/GlobusSatProject/..//hal/freertos/lib\libFreeRTOSD.a(queue.o)
 .text.prvIsQueueEmpty
                0x20025f44       0x4c C:/ISIS/workspace_ycube/GlobusSatProject/..//hal/freertos/lib\libFreeRTOSD.a(queue.o)
 .text.prvIsQueueFull
                0x20025f90       0x54 C:/ISIS/workspace_ycube/GlobusSatProject/..//hal/freertos/lib\libFreeRTOSD.a(queue.o)
 .text.vQueueUnregisterQueue
                0x20025fe4       0x80 C:/ISIS/workspace_ycube/GlobusSatProject/..//hal/freertos/lib\libFreeRTOSD.a(queue.o)
                0x20025fe4                vQueueUnregisterQueue
 .text.vQueueWaitForMessageRestricted
                0x20026064       0x90 C:/ISIS/workspace_ycube/GlobusSatProject/..//hal/freertos/lib\libFreeRTOSD.a(queue.o)
                0x20026064                vQueueWaitForMessageRestricted
 .text.prvNotifyQueueSetContainer
                0x200260f4      0x108 C:/ISIS/workspace_ycube/GlobusSatProject/..//hal/freertos/lib\libFreeRTOSD.a(queue.o)
 .text.xTaskGenericCreate
                0x200261fc      0x2ac C:/ISIS/workspace_ycube/GlobusSatProject/..//hal/freertos/lib\libFreeRTOSD.a(tasks.o)
                0x200261fc                xTaskGenericCreate
 .text.vTaskDelete
                0x200264a8       0xe8 C:/ISIS/workspace_ycube/GlobusSatProject/..//hal/freertos/lib\libFreeRTOSD.a(tasks.o)
                0x200264a8                vTaskDelete
 .text.vTaskDelay
                0x20026590       0x80 C:/ISIS/workspace_ycube/GlobusSatProject/..//hal/freertos/lib\libFreeRTOSD.a(tasks.o)
                0x20026590                vTaskDelay
 .text.vTaskStartScheduler
                0x20026610      0x104 C:/ISIS/workspace_ycube/GlobusSatProject/..//hal/freertos/lib\libFreeRTOSD.a(tasks.o)
                0x20026610                vTaskStartScheduler
 .text.vTaskSuspendAll
                0x20026714       0x2c C:/ISIS/workspace_ycube/GlobusSatProject/..//hal/freertos/lib\libFreeRTOSD.a(tasks.o)
                0x20026714                vTaskSuspendAll
 .text.xTaskResumeAll
                0x20026740      0x1f4 C:/ISIS/workspace_ycube/GlobusSatProject/..//hal/freertos/lib\libFreeRTOSD.a(tasks.o)
                0x20026740                xTaskResumeAll
 .text.xTaskGetTickCount
                0x20026934       0x34 C:/ISIS/workspace_ycube/GlobusSatProject/..//hal/freertos/lib\libFreeRTOSD.a(tasks.o)
                0x20026934                xTaskGetTickCount
 .text.xTaskIncrementTick
                0x20026968      0x298 C:/ISIS/workspace_ycube/GlobusSatProject/..//hal/freertos/lib\libFreeRTOSD.a(tasks.o)
                0x20026968                xTaskIncrementTick
 .text.vTaskSwitchContext
                0x20026c00      0x1a4 C:/ISIS/workspace_ycube/GlobusSatProject/..//hal/freertos/lib\libFreeRTOSD.a(tasks.o)
                0x20026c00                vTaskSwitchContext
 .text.vTaskPlaceOnEventList
                0x20026da4       0xcc C:/ISIS/workspace_ycube/GlobusSatProject/..//hal/freertos/lib\libFreeRTOSD.a(tasks.o)
                0x20026da4                vTaskPlaceOnEventList
 .text.vTaskPlaceOnEventListRestricted
                0x20026e70       0xa4 C:/ISIS/workspace_ycube/GlobusSatProject/..//hal/freertos/lib\libFreeRTOSD.a(tasks.o)
                0x20026e70                vTaskPlaceOnEventListRestricted
 .text.xTaskRemoveFromEventList
                0x20026f14      0x160 C:/ISIS/workspace_ycube/GlobusSatProject/..//hal/freertos/lib\libFreeRTOSD.a(tasks.o)
                0x20026f14                xTaskRemoveFromEventList
 .text.vTaskSetTimeOutState
                0x20027074       0x78 C:/ISIS/workspace_ycube/GlobusSatProject/..//hal/freertos/lib\libFreeRTOSD.a(tasks.o)
                0x20027074                vTaskSetTimeOutState
 .text.xTaskCheckForTimeOut
                0x200270ec      0x158 C:/ISIS/workspace_ycube/GlobusSatProject/..//hal/freertos/lib\libFreeRTOSD.a(tasks.o)
                0x200270ec                xTaskCheckForTimeOut
 .text.vTaskMissedYield
                0x20027244       0x24 C:/ISIS/workspace_ycube/GlobusSatProject/..//hal/freertos/lib\libFreeRTOSD.a(tasks.o)
                0x20027244                vTaskMissedYield
 .text.prvIdleTask
                0x20027268       0x20 C:/ISIS/workspace_ycube/GlobusSatProject/..//hal/freertos/lib\libFreeRTOSD.a(tasks.o)
 .text.prvInitialiseTCBVariables
                0x20027288      0x450 C:/ISIS/workspace_ycube/GlobusSatProject/..//hal/freertos/lib\libFreeRTOSD.a(tasks.o)
 .text.prvInitialiseTaskLists
                0x200276d8       0xbc C:/ISIS/workspace_ycube/GlobusSatProject/..//hal/freertos/lib\libFreeRTOSD.a(tasks.o)
 .text.prvCheckTasksWaitingTermination