Archive member included because of file (symbol)

C:/ISIS/workspace_ycube/GlobusSatProject/..//hal/hal/lib\libHALD.a(SPI.o)
                              ./src/InitSystem.o (SPI_start)
C:/ISIS/workspace_ycube/GlobusSatProject/..//hal/hal/lib\libHALD.a(I2C.o)
                              ./src/SubSystemModules/Housekepping/Payload.o (I2C_write)
C:/ISIS/workspace_ycube/GlobusSatProject/..//hal/hal/lib\libHALD.a(ADC.o)
                              ./src/SubSystemModules/Housekepping/TelemetryCollector.o (ADC_ConvertRaw10bitToMillivolt)
C:/ISIS/workspace_ycube/GlobusSatProject/..//hal/hal/lib\libHALD.a(FRAM.o)
                              ./src/SubSystemModules/Communication/SubsystemCommands/Maintanence_Commands.o (FRAM_start)
C:/ISIS/workspace_ycube/GlobusSatProject/..//hal/hal/lib\libHALD.a(Time.o)
                              ./src/InitSystem.o (Time_start)
C:/ISIS/workspace_ycube/GlobusSatProject/..//hal/hal/lib\libHALD.a(WatchDogTimerNoOS.o)
                              ./src/main.o (WDT_start)
C:/ISIS/workspace_ycube/GlobusSatProject/..//hal/hal/lib\libHALD.a(RTT.o)
                              C:/ISIS/workspace_ycube/GlobusSatProject/..//hal/hal/lib\libHALD.a(Time.o) (RTT_start)
C:/ISIS/workspace_ycube/GlobusSatProject/..//hal/hal/lib\libHALD.a(RTC.o)
                              C:/ISIS/workspace_ycube/GlobusSatProject/..//hal/hal/lib\libHALD.a(Time.o) (RTC_getTime)
C:/ISIS/workspace_ycube/GlobusSatProject/..//hal/hal/lib\libHALD.a(WatchDogTimerOS.o)
                              ./src/TestingDemos/MainTest.o (WDT_startWatchdogKickTask)
C:/ISIS/workspace_ycube/GlobusSatProject/..//hal/hal/lib\libHALD.a(fprintf.o)
                              ./src/TLM_management.o (f_puts)
C:/ISIS/workspace_ycube/GlobusSatProject/..//hal/hal/lib\libHALD.a(util.o)
                              ./src/TestingDemos/CommandsTestingDemo.o (UTIL_DbguGetIntegerMinMax)
C:/ISIS/workspace_ycube/GlobusSatProject/..//hal/hal/lib\libHALD.a(LED.o)
                              C:/ISIS/workspace_ycube/GlobusSatProject/..//hal/hal/lib\libHALD.a(WatchDogTimerOS.o) (LED_toggle)
C:/ISIS/workspace_ycube/GlobusSatProject/..//hal/hcc/lib\libHCCD.a(fat_m.o)
                              ./src/TLM_management.o (fm_initvolume)
C:/ISIS/workspace_ycube/GlobusSatProject/..//hal/hcc/lib\libHCCD.a(fat.o)
                              C:/ISIS/workspace_ycube/GlobusSatProject/..//hal/hcc/lib\libHCCD.a(fat_m.o) (fn_getdcwd)
C:/ISIS/workspace_ycube/GlobusSatProject/..//hal/hcc/lib\libHCCD.a(fat_common.o)
                              C:/ISIS/workspace_ycube/GlobusSatProject/..//hal/hcc/lib\libHCCD.a(fat.o) (p_filesystem)
C:/ISIS/workspace_ycube/GlobusSatProject/..//hal/hcc/lib\libHCCD.a(safefat.o)
                              C:/ISIS/workspace_ycube/GlobusSatProject/..//hal/hcc/lib\libHCCD.a(fat.o) (s_subdir)
C:/ISIS/workspace_ycube/GlobusSatProject/..//hal/hcc/lib\libHCCD.a(atmel_mcipdc.o)
                              ./src/TLM_management.o (atmel_mcipdc_initfunc)
C:/ISIS/workspace_ycube/GlobusSatProject/..//hal/hcc/lib\libHCCD.a(oalp_task.o)
                              C:/ISIS/workspace_ycube/GlobusSatProject/..//hal/hcc/lib\libHCCD.a(fat_common.o) (oal_task_get_id)
C:/ISIS/workspace_ycube/GlobusSatProject/..//hal/hcc/lib\libHCCD.a(oalp_mutex.o)
                              C:/ISIS/workspace_ycube/GlobusSatProject/..//hal/hcc/lib\libHCCD.a(fat_common.o) (oal_mutex_create)
C:/ISIS/workspace_ycube/GlobusSatProject/..//hal/hcc/lib\libHCCD.a(atmel_mcipdc_hw.o)
                              C:/ISIS/workspace_ycube/GlobusSatProject/..//hal/hcc/lib\libHCCD.a(atmel_mcipdc.o) (mcipdc_hw_init)
C:/ISIS/workspace_ycube/GlobusSatProject/..//hal/hcc/lib\libHCCD.a(psp_rand.o)
                              C:/ISIS/workspace_ycube/GlobusSatProject/..//hal/hcc/lib\libHCCD.a(fat_common.o) (psp_getrand)
C:/ISIS/workspace_ycube/GlobusSatProject/..//hal/hcc/lib\libHCCD.a(psp_rtc.o)
                              C:/ISIS/workspace_ycube/GlobusSatProject/..//hal/hcc/lib\libHCCD.a(fat_common.o) (psp_getcurrenttimedate)
C:/ISIS/workspace_ycube/GlobusSatProject/..//hal/hcc/lib\libHCCD.a(hcc_mem.o)
                              C:/ISIS/workspace_ycube/GlobusSatProject/..//hal/hcc/lib\libHCCD.a(atmel_mcipdc.o) (hcc_mem_alloc)
C:/ISIS/workspace_ycube/GlobusSatProject/..//hal/hcc/lib\libHCCD.a(psp_hcc_mem.o)
                              C:/ISIS/workspace_ycube/GlobusSatProject/..//hal/hcc/lib\libHCCD.a(hcc_mem.o) (hcc_mem_buf_alloc)
C:/ISIS/workspace_ycube/GlobusSatProject/..//satellite-subsystems/satellite-subsystems/lib\libSatelliteSubsystemsD.a(IsisSolarPanelv2.o)
                              ./src/SubSystemModules/PowerManagment/EPS.o (IsisSolarPanelv2_initialize)
C:/ISIS/workspace_ycube/GlobusSatProject/..//satellite-subsystems/satellite-subsystems/lib\libSatelliteSubsystemsD.a(isis_ants_rev2.o)
                              ./src/SubSystemModules/Communication/TRXVU.o (ISIS_ANTS_REV2_Init)
[...]
Memory Configuration

Name             Origin             Length             Attributes
sram0            0x00200000         0x00004000         w !xr
sram1            0x00300000         0x00004000         w !xr
sdram            0x20000000         0x02000000         w !xr
*default*        0x00000000         0xffffffff

Linker script and memory map

LOAD c:/isis/application/toolchain/bin/../lib/gcc/arm-none-eabi/4.7.4/../../../../arm-none-eabi/lib\libc.a
LOAD ./src/TestingDemos/CommandsTestingDemo.o
LOAD ./src/TestingDemos/EpsTestingDemo.o
LOAD ./src/TestingDemos/FileSystemTestingDemo.o
LOAD ./src/TestingDemos/MainTest.o
LOAD ./src/TestingDemos/MaintenanceTestingDemo.o
LOAD ./src/TestingDemos/TelemetryTestingDemo.o
LOAD ./src/TestingDemos/TrxvuTestingDemo.o
LOAD ./src/SubSystemModules/PowerManagment/EPS.o
LOAD ./src/SubSystemModules/PowerManagment/EPSOperationModes.o
LOAD ./src/SubSystemModules/Maintenance/Maintenance.o
LOAD ./src/SubSystemModules/Housekepping/Payload.o
LOAD ./src/SubSystemModules/Housekepping/RAMTelemetry.o
LOAD ./src/SubSystemModules/Housekepping/TelemetryCollector.o
LOAD ./src/SubSystemModules/Communication/SubsystemCommands/EPS_Commands.o
LOAD ./src/SubSystemModules/Communication/SubsystemCommands/FS_Commands.o
LOAD ./src/SubSystemModules/Communication/SubsystemCommands/Maintanence_Commands.o
LOAD ./src/SubSystemModules/Communication/SubsystemCommands/TRXVU_Commands.o
LOAD ./src/SubSystemModules/Communication/AckHandler.o
LOAD ./src/SubSystemModules/Communication/CommandDictionary.o
LOAD ./src/SubSystemModules/Communication/HashSecuredCMD.o
LOAD ./src/SubSystemModules/Communication/SatCommandHandler.o
LOAD ./src/SubSystemModules/Communication/TRXVU.o
LOAD ./src/InitSystem.o
LOAD ./src/TLM_management.o
LOAD ./src/main.o
LOAD ./src/utils.o
LOAD C:/ISIS/workspace_ycube/GlobusSatProject/..//hal/hal/lib\libHALD.a
LOAD C:/ISIS/workspace_ycube/GlobusSatProject/..//hal/hcc/lib\libHCCD.a
LOAD C:/ISIS/workspace_ycube/GlobusSatProject/..//satellite-subsystems/satellite-subsystems/lib\libSatelliteSubsystemsD.a
LOAD C:/ISIS/workspace_ycube/GlobusSatProject/..//hal/freertos/lib\libFreeRTOSD.a
LOAD C:/ISIS/workspace_ycube/GlobusSatProject/..//hal/at91/lib\libAt91D.a
START GROUP
LOAD c:/isis/application/toolchain/bin/../lib/gcc/arm-none-eabi/4.7.4\libgcc.a
LOAD c:/isis/application/toolchain/bin/../lib/gcc/arm-none-eabi/4.7.4/../../../../arm-none-eabi/lib\libg.a
LOAD c:/isis/application/toolchain/bin/../lib/gcc/arm-none-eabi/4.7.4/../../../../arm-none-eabi/lib\libc.a
END GROUP

.fixed          0x20000000    0x40c48
                0x20000000                . = ALIGN (0x4)
                0x20000000                _sfixed = .
 *(.startup)
 .startup       0x20000000      0x184 C:/ISIS/workspace_ycube/GlobusSatProject/..//hal/at91/lib\libAt91D.a(board_cstartup.o)
                0x20000000                entry
 *(.text)
 .text          0x20000184       0x64 C:/ISIS/workspace_ycube/GlobusSatProject/..//hal/at91/lib\libAt91D.a(cp15_asm.o)
                0x20000184                _readControlRegister
                0x20000190                _writeControlRegister
                0x20000198                _waitForInterrupt
                0x200001a4                _writeTTB
                0x200001ac                _writeDomain
                0x200001b4                _writeITLBLockdown
                0x200001bc                _prefetchICacheLine
                0x200001c4                _flushDCache
                0x200001d0                _flushWriteBuffer
                0x200001dc                _invalidateIDTLBs
 .text          0x200001e8      0x114 c:/isis/application/toolchain/bin/../lib/gcc/arm-none-eabi/4.7.4\libgcc.a(_udivsi3.o)
                0x200001e8                __aeabi_uidiv
                0x200001e8                __udivsi3
                0x200002dc                __aeabi_uidivmod
 .text          0x200002fc      0x148 c:/isis/application/toolchain/bin/../lib/gcc/arm-none-eabi/4.7.4\libgcc.a(_divsi3.o)
                0x200002fc                __divsi3
                0x200002fc                __aeabi_idiv
                0x20000424                __aeabi_idivmod
 .text          0x20000444        0x4 c:/isis/application/toolchain/bin/../lib/gcc/arm-none-eabi/4.7.4\libgcc.a(_dvmd_tls.o)
                0x20000444                __aeabi_idiv0
                0x20000444                __aeabi_ldiv0
 .text          0x20000448      0x41c c:/isis/application/toolchain/bin/../lib/gcc/arm-none-eabi/4.7.4\libgcc.a(_arm_addsubdf3.o)
                0x20000448                __aeabi_drsub
                0x20000450                __aeabi_dsub
                0x20000450                __subdf3
                0x20000454                __aeabi_dadd
                0x20000454                __adddf3
                0x20000764                __floatunsidf
                0x20000764                __aeabi_ui2d
                0x20000788                __floatsidf
                0x20000788                __aeabi_i2d
                0x200007b0                __aeabi_f2d
                0x200007b0                __extendsfdf2
                0x200007f0                __floatundidf
                0x200007f0                __aeabi_ul2d
                0x20000804                __floatdidf
                0x20000804                __aeabi_l2d
 .text          0x20000864      0x2ac c:/isis/application/toolchain/bin/../lib/gcc/arm-none-eabi/4.7.4\libgcc.a(_arm_addsubsf3.o)
                0x20000864                __aeabi_frsub
                0x2000086c                __subsf3
                0x2000086c                __aeabi_fsub
                0x20000870                __aeabi_fadd
                0x20000870                __addsf3
                0x20000a2c                __aeabi_ui2f
                0x20000a2c                __floatunsisf
                0x20000a34                __aeabi_i2f
                0x20000a34                __floatsisf
                0x20000a54                __aeabi_ul2f
                0x20000a54                __floatundisf
                0x20000a64                __aeabi_l2f
                0x20000a64                __floatdisf
 .text          0x20000b10      0x2f8 c:/isis/application/toolchain/bin/../lib/gcc/arm-none-eabi/4.7.4\libgcc.a(_arm_muldivsf3.o)
                0x20000b10                __mulsf3
                0x20000b10                __aeabi_fmul
                0x20000ca8                __aeabi_fdiv
                0x20000ca8                __divsf3
 .text          0x20000e08      0x114 c:/isis/application/toolchain/bin/../lib/gcc/arm-none-eabi/4.7.4\libgcc.a(_arm_cmpsf2.o)
                0x20000e08                __gesf2
                0x20000e08                __gtsf2
                0x20000e10                __lesf2
                0x20000e10                __ltsf2
                0x20000e18                __nesf2
                0x20000e18                __eqsf2
                0x20000e18                __cmpsf2
                0x20000e7c                __aeabi_cfrcmple
                0x20000e8c                __aeabi_cfcmpeq
                0x20000e8c                __aeabi_cfcmple
                0x20000ea4                __aeabi_fcmpeq
                0x20000ebc                __aeabi_fcmplt
                0x20000ed4                __aeabi_fcmple
                0x20000eec                __aeabi_fcmpge
                0x20000f04                __aeabi_fcmpgt
 .text          0x20000f1c       0x54 c:/isis/application/toolchain/bin/../lib/gcc/arm-none-eabi/4.7.4\libgcc.a(_arm_fixunssfsi.o)
                0x20000f1c                __fixunssfsi
                0x20000f1c                __aeabi_f2uiz
 .text          0x20000f70      0x49c c:/isis/application/toolchain/bin/../lib/gcc/arm-none-eabi/4.7.4\libgcc.a(_arm_muldivdf3.o)
                0x20000f70                __aeabi_dmul
                0x20000f70                __muldf3
                0x20001200                __divdf3
                0x20001200                __aeabi_ddiv
 .text          0x2000140c      0x144 c:/isis/application/toolchain/bin/../lib/gcc/arm-none-eabi/4.7.4\libgcc.a(_arm_cmpdf2.o)
                0x2000140c                __gtdf2
                0x2000140c                __gedf2
                0x20001414                __ltdf2
                0x20001414                __ledf2
                0x2000141c                __nedf2
                0x2000141c                __eqdf2
                0x2000141c                __cmpdf2
                0x200014a4                __aeabi_cdrcmple
                0x200014c0                __aeabi_cdcmpeq
                0x200014c0                __aeabi_cdcmple
                0x200014d8                __aeabi_dcmpeq
                0x200014f0                __aeabi_dcmplt
                0x20001508                __aeabi_dcmple
                0x20001520                __aeabi_dcmpge
                0x20001538                __aeabi_dcmpgt
 .text          0x20001550       0x5c c:/isis/application/toolchain/bin/../lib/gcc/arm-none-eabi/4.7.4\libgcc.a(_arm_fixdfsi.o)
                0x20001550                __aeabi_d2iz
                0x20001550                __fixdfsi
 .text          0x200015ac       0x3c c:/isis/application/toolchain/bin/../lib/gcc/arm-none-eabi/4.7.4\libgcc.a(_aeabi_uldivmod.o)
                0x200015ac                __aeabi_uldivmod
 .text          0x200015e8       0x84 c:/isis/application/toolchain/bin/../lib/gcc/arm-none-eabi/4.7.4\libgcc.a(bpabi.o)
                0x200015e8                __gnu_ldivmod_helper
                0x2000162c                __gnu_uldivmod_helper
 .text          0x2000166c      0x4f0 c:/isis/application/toolchain/bin/../lib/gcc/arm-none-eabi/4.7.4\libgcc.a(_divdi3.o)
                0x2000166c                __divdi3
 .text          0x20001b5c      0x488 c:/isis/application/toolchain/bin/../lib/gcc/arm-none-eabi/4.7.4\libgcc.a(_udivdi3.o)
                0x20001b5c                __udivdi3
 .text          0x20001fe4       0x48 c:/isis/application/toolchain/bin/../lib/gcc/arm-none-eabi/4.7.4\libgcc.a(_clzsi2.o)
                0x20001fe4                __clzsi2
 *(.text*)
 .text.Hash256  0x2000202c       0x84 ./src/TestingDemos/TrxvuTestingDemo.o
                0x2000202c                Hash256
 .text.CMD_Hash256
                0x200020b0      0x2d0 ./src/TestingDemos/TrxvuTestingDemo.o
                0x200020b0                CMD_Hash256
 .text.GetBatteryVoltage
                0x20002380       0x44 ./src/SubSystemModules/PowerManagment/EPS.o
                0x20002380                GetBatteryVoltage
 .text.EPS_Init
                0x200023c4      0x124 ./src/SubSystemModules/PowerManagment/EPS.o
                0x200023c4                EPS_Init
 .text.EPS_Conditioning
                0x200024e8      0x1c4 ./src/SubSystemModules/PowerManagment/EPS.o
                0x200024e8                EPS_Conditioning
 .text.UpdateAlpha
                0x200026ac       0xd8 ./src/SubSystemModules/PowerManagment/EPS.o
                0x200026ac                UpdateAlpha
 .text.GetThresholdVoltages
                0x20002784       0x80 ./src/SubSystemModules/PowerManagment/EPS.o
                0x20002784                GetThresholdVoltages
 .text.GetAlpha
                0x20002804       0x7c ./src/SubSystemModules/PowerManagment/EPS.o
                0x20002804                GetAlpha
 .text.CMDGetHeaterValues
                0x20002880      0x1f8 ./src/SubSystemModules/PowerManagment/EPS.o
                0x20002880                CMDGetHeaterValues
 .text.CMDSetHeaterValues
                0x20002a78      0x204 ./src/SubSystemModules/PowerManagment/EPS.o
                0x20002a78                CMDSetHeaterValues
 .text.EnterFullMode
                0x20002c7c       0x5c ./src/SubSystemModules/PowerManagment/EPSOperationModes.o
                0x20002c7c                EnterFullMode
 .text.EnterCruiseMode
                0x20002cd8       0x58 ./src/SubSystemModules/PowerManagment/EPSOperationModes.o
                0x20002cd8                EnterCruiseMode
 .text.EnterSafeMode
                0x20002d30       0x5c ./src/SubSystemModules/PowerManagment/EPSOperationModes.o
                0x20002d30                EnterSafeMode
 .text.EnterCriticalMode
                0x20002d8c       0x5c ./src/SubSystemModules/PowerManagment/EPSOperationModes.o
                0x20002d8c                EnterCriticalMode
 .text.PayloadOperations
                0x20002de8      0x114 ./src/SubSystemModules/PowerManagment/EPSOperationModes.o
                0x20002de8                PayloadOperations
 .text.EpsGetLowVoltageFlag
                0x20002efc       0x24 ./src/SubSystemModules/PowerManagment/EPSOperationModes.o
                0x20002efc                EpsGetLowVoltageFlag
 .text.EpsSetLowVoltageFlag
                0x20002f20       0x2c ./src/SubSystemModules/PowerManagment/EPSOperationModes.o
                0x20002f20                EpsSetLowVoltageFlag
 .text.CheckExecutionTime
                0x20002f4c       0x80 ./src/SubSystemModules/Maintenance/Maintenance.o
                0x20002f4c                CheckExecutionTime
 .text.SaveSatTimeInFRAM
                0x20002fcc       0x44 ./src/SubSystemModules/Maintenance/Maintenance.o
                0x20002fcc                SaveSatTimeInFRAM
 .text.WakeupFromResetCMD
                0x20003010      0x120 ./src/SubSystemModules/Maintenance/Maintenance.o
                0x20003010                WakeupFromResetCMD
 .text.ResetGroundCommWDT
                0x20003130       0x1c ./src/SubSystemModules/Maintenance/Maintenance.o
                0x20003130                ResetGroundCommWDT
 .text.IsGroundCommunicationWDTKick
                0x2000314c       0x78 ./src/SubSystemModules/Maintenance/Maintenance.o
                0x2000314c                IsGroundCommunicationWDTKick
 .text.GetGsWdtKickTime
                0x200031c4       0x38 ./src/SubSystemModules/Maintenance/Maintenance.o
                0x200031c4                GetGsWdtKickTime
 .text.findMinMaxDate
                0x200031fc       0xdc ./src/SubSystemModules/Maintenance/Maintenance.o
                0x200031fc                findMinMaxDate
 .text.DeleteOldFiels
                0x200032d8       0xf0 ./src/SubSystemModules/Maintenance/Maintenance.o
                0x200032d8                DeleteOldFiels
 .text.CheckDeployAnt
                0x200033c8       0x84 ./src/SubSystemModules/Maintenance/Maintenance.o
                0x200033c8                CheckDeployAnt
 .text.HardResetMCU
                0x2000344c       0x3c ./src/SubSystemModules/Maintenance/Maintenance.o
                0x2000344c                HardResetMCU
 .text.Maintenance
                0x20003488       0xa4 ./src/SubSystemModules/Maintenance/Maintenance.o
                0x20003488                Maintenance
 .text.payloadRead
                0x2000352c       0xd0 ./src/SubSystemModules/Housekepping/Payload.o
                0x2000352c                payloadRead
 .text.payloadSendCommand
                0x200035fc       0xb4 ./src/SubSystemModules/Housekepping/Payload.o
                0x200035fc                payloadSendCommand
 .text.get_radfet_data
                0x200036b0      0x12c ./src/SubSystemModules/Housekepping/Payload.o
                0x200036b0                get_radfet_data
 .text.get_sel_data
                0x200037dc      0x200 ./src/SubSystemModules/Housekepping/Payload.o
                0x200037dc                get_sel_data
 .text.get_seu_data
                0x200039dc      0x140 ./src/SubSystemModules/Housekepping/Payload.o
                0x200039dc                get_seu_data
 .text.changeIntIndian
                0x20003b1c       0x5c ./src/SubSystemModules/Housekepping/Payload.o
                0x20003b1c                changeIntIndian
 .text.ResetRamTlm
                0x20003b78      0x104 ./src/SubSystemModules/Housekepping/RAMTelemetry.o
                0x20003b78                ResetRamTlm
 .text.inc      0x20003c7c       0x4c ./src/SubSystemModules/Housekepping/RAMTelemetry.o
                0x20003c7c                inc
 .text.dec      0x20003cc8       0x48 ./src/SubSystemModules/Housekepping/RAMTelemetry.o
                0x20003cc8                dec
 .text.saveTlmToRam
                0x20003d10      0x304 ./src/SubSystemModules/Housekepping/RAMTelemetry.o
                0x20003d10                saveTlmToRam
 .text.getTlm   0x20004014      0x210 ./src/SubSystemModules/Housekepping/RAMTelemetry.o
                0x20004014                getTlm
 .text.getRange
                0x20004224      0x204 ./src/SubSystemModules/Housekepping/RAMTelemetry.o
                0x20004224                getRange
 .text.InitSavePeriodTimes
                0x20004428       0xb8 ./src/SubSystemModules/Housekepping/TelemetryCollector.o
                0x20004428                InitSavePeriodTimes
 .text.CMD_GetTLMPeriodTimes
                0x200044e0       0x38 ./src/SubSystemModules/Housekepping/TelemetryCollector.o
                0x200044e0                CMD_GetTLMPeriodTimes
 .text.CMD_SetTLMPeriodTimes
                0x20004518      0x204 ./src/SubSystemModules/Housekepping/TelemetryCollector.o
                0x20004518                CMD_SetTLMPeriodTimes
 .text.TelemetryCollectorLogic
                0x2000471c      0x328 ./src/SubSystemModules/Housekepping/TelemetryCollector.o
                0x2000471c                TelemetryCollectorLogic
 .text.TelemetrySaveEPS
                0x20004a44       0x54 ./src/SubSystemModules/Housekepping/TelemetryCollector.o
                0x20004a44                TelemetrySaveEPS
 .text.TelemetrySaveTRXVU
                0x20004a98       0x94 ./src/SubSystemModules/Housekepping/TelemetryCollector.o
                0x20004a98                TelemetrySaveTRXVU
 .text.TelemetrySaveANT
                0x20004b2c       0x5c ./src/SubSystemModules/Housekepping/TelemetryCollector.o
                0x20004b2c                TelemetrySaveANT
 .text.TelemetrySaveSolarPanels
                0x20004b88      0x22c ./src/SubSystemModules/Housekepping/TelemetryCollector.o
                0x20004b88                TelemetrySaveSolarPanels
 .text.TelemetrySaveWOD
                0x20004db4       0x5c ./src/SubSystemModules/Housekepping/TelemetryCollector.o
                0x20004db4                TelemetrySaveWOD
 .text.TelemetrySaveRADFET
                0x20004e10       0x54 ./src/SubSystemModules/Housekepping/TelemetryCollector.o
                0x20004e10                TelemetrySaveRADFET
 .text.TelemetrySaveSEL
                0x20004e64       0x84 ./src/SubSystemModules/Housekepping/TelemetryCollector.o
                0x20004e64                TelemetrySaveSEL
 .text.TelemetrySaveSEU
                0x20004ee8       0x54 ./src/SubSystemModules/Housekepping/TelemetryCollector.o
                0x20004ee8                TelemetrySaveSEU
 .text.GetCurrentWODTelemetry
                0x20004f3c      0x7e0 ./src/SubSystemModules/Housekepping/TelemetryCollector.o
                0x20004f3c                GetCurrentWODTelemetry
 .text.CMD_EPS_ResetWDT
                0x2000571c       0x58 ./src/SubSystemModules/Communication/SubsystemCommands/EPS_Commands.o
                0x2000571c                CMD_EPS_ResetWDT
 .text.CMD_DeleteTLM
                0x20005774      0x1a0 ./src/SubSystemModules/Communication/SubsystemCommands/FS_Commands.o
                0x20005774                CMD_DeleteTLM
 .text.CMD_DeleteAllFiles
                0x20005914       0x38 ./src/SubSystemModules/Communication/SubsystemCommands/FS_Commands.o
                0x20005914                CMD_DeleteAllFiles
 .text.CMD_GetLastFS_Error
                0x2000594c       0x4c ./src/SubSystemModules/Communication/SubsystemCommands/FS_Commands.o
                0x2000594c                CMD_GetLastFS_Error
 .text.CMD_Get_TLM_Info
                0x20005998      0x158 ./src/SubSystemModules/Communication/SubsystemCommands/FS_Commands.o
                0x20005998                CMD_Get_TLM_Info
 .text.CMD_Switch_SD_Card
                0x20005af0       0xb8 ./src/SubSystemModules/Communication/SubsystemCommands/FS_Commands.o
                0x20005af0                CMD_Switch_SD_Card
 .text.CMD_Format_SD_Card
                0x20005ba8       0x80 ./src/SubSystemModules/Communication/SubsystemCommands/FS_Commands.o
                0x20005ba8                CMD_Format_SD_Card
 .text.CMD_GenericI2C
                0x20005c28      0x144 ./src/SubSystemModules/Communication/SubsystemCommands/Maintanence_Commands.o
                0x20005c28                CMD_GenericI2C
 .text.CMD_FRAM_ReadAndTransmitt
                0x20005d6c       0xe8 ./src/SubSystemModules/Communication/SubsystemCommands/Maintanence_Commands.o
                0x20005d6c                CMD_FRAM_ReadAndTransmitt
 .text.CMD_FRAM_WriteAndTransmitt
                0x20005e54      0x11c ./src/SubSystemModules/Communication/SubsystemCommands/Maintanence_Commands.o
                0x20005e54                CMD_FRAM_WriteAndTransmitt
 .text.CMD_FRAM_ReStart
                0x20005f70       0x4c ./src/SubSystemModules/Communication/SubsystemCommands/Maintanence_Commands.o
                0x20005f70                CMD_FRAM_ReStart
 .text.CMD_UpdateSatTime
                0x20005fbc       0xa4 ./src/SubSystemModules/Communication/SubsystemCommands/Maintanence_Commands.o
                0x20005fbc                CMD_UpdateSatTime
 .text.CMD_GetSatUptime
                0x20006060       0x48 ./src/SubSystemModules/Communication/SubsystemCommands/Maintanence_Commands.o
                0x20006060                CMD_GetSatUptime
 .text.CMD_ResetComponent
                0x200060a8      0x274 ./src/SubSystemModules/Communication/SubsystemCommands/Maintanence_Commands.o
                0x200060a8                CMD_ResetComponent
 .text.DumpTask
                0x2000631c      0x310 ./src/SubSystemModules/Communication/SubsystemCommands/TRXVU_Commands.o
                0x2000631c                DumpTask
 .text.DumpRamTask
                0x2000662c      0x320 ./src/SubSystemModules/Communication/SubsystemCommands/TRXVU_Commands.o
                0x2000662c                DumpRamTask
 .text.CMD_AntennaDeploy
                0x2000694c       0x8c ./src/SubSystemModules/Communication/SubsystemCommands/TRXVU_Commands.o
                0x2000694c                CMD_AntennaDeploy
 .text.CMD_StartDump
                0x200069d8      0x200 ./src/SubSystemModules/Communication/SubsystemCommands/TRXVU_Commands.o
                0x200069d8                CMD_StartDump
 .text.CMD_SendDumpAbortRequest
                0x20006bd8       0x38 ./src/SubSystemModules/Communication/SubsystemCommands/TRXVU_Commands.o
                0x20006bd8                CMD_SendDumpAbortRequest
 .text.CMD_ForceDumpAbort
                0x20006c10       0x3c ./src/SubSystemModules/Communication/SubsystemCommands/TRXVU_Commands.o
                0x20006c10                CMD_ForceDumpAbort
 .text.CMD_SetTransponder
                0x20006c4c      0x110 ./src/SubSystemModules/Communication/SubsystemCommands/TRXVU_Commands.o
                0x20006c4c                CMD_SetTransponder
 .text.CMD_SetRSSITransponder
                0x20006d5c       0x90 ./src/SubSystemModules/Communication/SubsystemCommands/TRXVU_Commands.o
                0x20006d5c                CMD_SetRSSITransponder
 .text.CMD_MuteTRXVU
                0x20006dec       0xc4 ./src/SubSystemModules/Communication/SubsystemCommands/TRXVU_Commands.o
                0x20006dec                CMD_MuteTRXVU
 .text.CMD_SetIdleState
                0x20006eb0       0x94 ./src/SubSystemModules/Communication/SubsystemCommands/TRXVU_Commands.o
                0x20006eb0                CMD_SetIdleState
 .text.CMD_UnMuteTRXVU
                0x20006f44       0x38 ./src/SubSystemModules/Communication/SubsystemCommands/TRXVU_Commands.o
                0x20006f44                CMD_UnMuteTRXVU
 .text.CMD_GetBaudRate
                0x20006f7c       0x6c ./src/SubSystemModules/Communication/SubsystemCommands/TRXVU_Commands.o
                0x20006f7c                CMD_GetBaudRate
 .text.CMD_TrasmitBeacon
                0x20006fe8       0x48 ./src/SubSystemModules/Communication/SubsystemCommands/TRXVU_Commands.o
                0x20006fe8                CMD_TrasmitBeacon
 .text.CMD_GetBeaconInterval
                0x20007030       0x6c ./src/SubSystemModules/Communication/SubsystemCommands/TRXVU_Commands.o
                0x20007030                CMD_GetBeaconInterval
 .text.CMD_SetBaudRate
                0x2000709c       0x64 ./src/SubSystemModules/Communication/SubsystemCommands/TRXVU_Commands.o
                0x2000709c                CMD_SetBaudRate
 .text.CMD_GetTxUptime
                0x20007100       0x68 ./src/SubSystemModules/Communication/SubsystemCommands/TRXVU_Commands.o
                0x20007100                CMD_GetTxUptime
 .text.CMD_GetRxUptime
                0x20007168       0x68 ./src/SubSystemModules/Communication/SubsystemCommands/TRXVU_Commands.o
                0x20007168                CMD_GetRxUptime
 .text.CMD_GetNumOfOnlineCommands
                0x200071d0       0x68 ./src/SubSystemModules/Communication/SubsystemCommands/TRXVU_Commands.o
                0x200071d0                CMD_GetNumOfOnlineCommands
 .text.CMD_AntSetArmStatus
                0x20007238       0x3c ./src/SubSystemModules/Communication/SubsystemCommands/TRXVU_Commands.o
                0x20007238                CMD_AntSetArmStatus
 .text.CMD_AntGetArmStatus
                0x20007274       0x60 ./src/SubSystemModules/Communication/SubsystemCommands/TRXVU_Commands.o
                0x20007274                CMD_AntGetArmStatus
 .text.CMD_AntGetUptime
                0x200072d4       0x68 ./src/SubSystemModules/Communication/SubsystemCommands/TRXVU_Commands.o
                0x200072d4                CMD_AntGetUptime
 .text.CMD_StopReDeployment
                0x2000733c       0x74 ./src/SubSystemModules/Communication/SubsystemCommands/TRXVU_Commands.o
                0x2000733c                CMD_StopReDeployment
 .text.CMD_AntCancelDeployment
                0x200073b0       0x58 ./src/SubSystemModules/Communication/SubsystemCommands/TRXVU_Commands.o
                0x200073b0                CMD_AntCancelDeployment
 .text.CMD_DumpRamTLM
                0x20007408      0x180 ./src/SubSystemModules/Communication/SubsystemCommands/TRXVU_Commands.o
                0x20007408                CMD_DumpRamTLM
 .text.SendAckPacket
                0x20007588       0xfc ./src/SubSystemModules/Communication/AckHandler.o
                0x20007588                SendAckPacket
 .text.trxvu_command_router
                0x20007684      0x578 ./src/SubSystemModules/Communication/CommandDictionary.o
                0x20007684                trxvu_command_router
 .text.eps_command_router
                0x20007bfc       0xdc ./src/SubSystemModules/Communication/CommandDictionary.o
                0x20007bfc                eps_command_router
 .text.telemetry_command_router
                0x20007cd8      0x23c ./src/SubSystemModules/Communication/CommandDictionary.o
                0x20007cd8                telemetry_command_router
 .text.managment_command_router
                0x20007f14      0x12c ./src/SubSystemModules/Communication/CommandDictionary.o
                0x20007f14                managment_command_router
 .text.filesystem_command_router
                0x20008040       0x24 ./src/SubSystemModules/Communication/CommandDictionary.o
                0x20008040                filesystem_command_router
 .text.sha256_transform
                0x20008064      0x4b8 ./src/SubSystemModules/Communication/HashSecuredCMD.o
                0x20008064                sha256_transform
 .text.sha256_init
                0x2000851c       0xb8 ./src/SubSystemModules/Communication/HashSecuredCMD.o
                0x2000851c                sha256_init
 .text.sha256_update
                0x200085d4       0xc8 ./src/SubSystemModules/Communication/HashSecuredCMD.o
                0x200085d4                sha256_update
 .text.sha256_final
                0x2000869c      0x470 ./src/SubSystemModules/Communication/HashSecuredCMD.o
                0x2000869c                sha256_final
 .text.ParseDataToCommand
                0x20008b0c      0x1ac ./src/SubSystemModules/Communication/SatCommandHandler.o
                0x20008b0c                ParseDataToCommand
 .text.AssembleCommand
                0x20008cb8      0x148 ./src/SubSystemModules/Communication/SatCommandHandler.o
                0x20008cb8                AssembleCommand
 .text.ActUponCommand
                0x20008e00      0x108 ./src/SubSystemModules/Communication/SatCommandHandler.o
                0x20008e00                ActUponCommand
 .text.setMuteEndTime
                0x20008f08       0x40 ./src/SubSystemModules/Communication/TRXVU.o
                0x20008f08                setMuteEndTime
 .text.getMuteEndTime
                0x20008f48       0x44 ./src/SubSystemModules/Communication/TRXVU.o
                0x20008f48                getMuteEndTime
 .text.setTransponderEndTime
                0x20008f8c       0x40 ./src/SubSystemModules/Communication/TRXVU.o
                0x20008f8c                setTransponderEndTime
 .text.getTransponderEndTime
                0x20008fcc       0x44 ./src/SubSystemModules/Communication/TRXVU.o
                0x20008fcc                getTransponderEndTime
 .text.setTransponderRSSIinFRAM
                0x20009010       0x44 ./src/SubSystemModules/Communication/TRXVU.o
                0x20009010                setTransponderRSSIinFRAM
 .text.getTransponderRSSIFromFRAM
                0x20009054       0x4c ./src/SubSystemModules/Communication/TRXVU.o
                0x20009054                getTransponderRSSIFromFRAM
 .text.InitTxModule
                0x200090a0       0x68 ./src/SubSystemModules/Communication/TRXVU.o
                0x200090a0                InitTxModule
 .text.CMD_SetBeaconInterval
                0x20009108       0xdc ./src/SubSystemModules/Communication/TRXVU.o
                0x20009108                CMD_SetBeaconInterval
 .text.InitBeaconParams
                0x200091e4       0x3c ./src/SubSystemModules/Communication/TRXVU.o
                0x200091e4                InitBeaconParams
 .text.InitSemaphores
                0x20009220       0x98 ./src/SubSystemModules/Communication/TRXVU.o
                0x20009220                InitSemaphores
 .text.InitTrxvu
                0x200092b8      0x100 ./src/SubSystemModules/Communication/TRXVU.o
                0x200092b8                InitTrxvu
 .text.checkIdleFinish
                0x200093b8       0x68 ./src/SubSystemModules/Communication/TRXVU.o
                0x200093b8                checkIdleFinish
 .text.checkTransponderFinish
                0x20009420       0x50 ./src/SubSystemModules/Communication/TRXVU.o
                0x20009420                checkTransponderFinish
 .text.checkTransponderStart
                0x20009470       0x50 ./src/SubSystemModules/Communication/TRXVU.o
                0x20009470                checkTransponderStart
 .text.turnOnTransponder
                0x200094c0       0xa0 ./src/SubSystemModules/Communication/TRXVU.o
                0x200094c0                turnOnTransponder
 .text.turnOffTransponder
                0x20009560       0x90 ./src/SubSystemModules/Communication/TRXVU.o
                0x20009560                turnOffTransponder
 .text.SetRSSITransponder
                0x200095f0       0x80 ./src/SubSystemModules/Communication/TRXVU.o
                0x200095f0                SetRSSITransponder
 .text.TRX_Logic
                0x20009670       0xe4 ./src/SubSystemModules/Communication/TRXVU.o
                0x20009670                TRX_Logic
 .text.GetNumberOfFramesInBuffer
                0x20009754       0x94 ./src/SubSystemModules/Communication/TRXVU.o
                0x20009754                GetNumberOfFramesInBuffer
 .text.GetOnlineCommand
                0x200097e8      0x1a4 ./src/SubSystemModules/Communication/TRXVU.o
                0x200097e8                GetOnlineCommand
 .text.CheckTransmitionAllowed
                0x2000998c       0xc0 ./src/SubSystemModules/Communication/TRXVU.o
                0x2000998c                CheckTransmitionAllowed
 .text.FinishDump
                0x20009a4c       0xf0 ./src/SubSystemModules/Communication/TRXVU.o
                0x20009a4c                FinishDump
 .text.AbortDump
                0x20009b3c       0x34 ./src/SubSystemModules/Communication/TRXVU.o
                0x20009b3c                AbortDump
 .text.SendDumpAbortRequest
                0x20009b70       0x6c ./src/SubSystemModules/Communication/TRXVU.o
                0x20009b70                SendDumpAbortRequest
 .text.CheckDumpAbort
                0x20009bdc       0x6c ./src/SubSystemModules/Communication/TRXVU.o
                0x20009bdc                CheckDumpAbort
 .text.BeaconLogic
                0x20009c48      0x184 ./src/SubSystemModules/Communication/TRXVU.o
                0x20009c48                BeaconLogic
 .text.SetIdleState
                0x20009dcc      0x144 ./src/SubSystemModules/Communication/TRXVU.o
                0x20009dcc                SetIdleState
 .text.muteTRXVU
                0x20009f10       0x74 ./src/SubSystemModules/Communication/TRXVU.o
                0x20009f10                muteTRXVU
 .text.UnMuteTRXVU
                0x20009f84       0x14 ./src/SubSystemModules/Communication/TRXVU.o
                0x20009f84                UnMuteTRXVU
 .text.TransmitDataAsSPL_Packet
                0x20009f98      0x12c ./src/SubSystemModules/Communication/TRXVU.o
                0x20009f98                TransmitDataAsSPL_Packet
 .text.TransmitSplPacket
                0x2000a0c4      0x124 ./src/SubSystemModules/Communication/TRXVU.o
                0x2000a0c4                TransmitSplPacket
 .text.isFirstActivation
                0x2000a1e8       0x38 ./src/InitSystem.o
                0x2000a1e8                isFirstActivation
 .text.WriteDefaultValuesToFRAM
                0x2000a220      0x2ac ./src/InitSystem.o
                0x2000a220                WriteDefaultValuesToFRAM
 .text.StartFRAM
                0x2000a4cc       0x64 ./src/InitSystem.o
                0x2000a4cc                StartFRAM
 .text.StartI2C
                0x2000a530       0x38 ./src/InitSystem.o
                0x2000a530                StartI2C
 .text.StartSPI
                0x2000a568       0x34 ./src/InitSystem.o
                0x2000a568                StartSPI
 .text.StartTIME
                0x2000a59c       0xbc ./src/InitSystem.o
                0x2000a59c                StartTIME
 .text.DeploySystem
                0x2000a658      0x1b4 ./src/InitSystem.o
                0x2000a658                DeploySystem
 .text.InitSubsystems
                0x2000a80c       0x64 ./src/InitSystem.o
                0x2000a80c                InitSubsystems
 .text.CMD_getInfoImage
                0x2000a870      0x158 ./src/TLM_management.o
                0x2000a870                CMD_getInfoImage
 .text.CMD_getDataImage
                0x2000a9c8      0x218 ./src/TLM_management.o
                0x2000a9c8                CMD_getDataImage
 .text.delete_allTMFilesFromSD
                0x2000abe0       0x8c ./src/TLM_management.o
                0x2000abe0                delete_allTMFilesFromSD
 .text.deleteTLMFiles
                0x2000ac6c       0x94 ./src/TLM_management.o
                0x2000ac6c                deleteTLMFiles
 .text.deleteTLMFile
                0x2000ad00       0xcc ./src/TLM_management.o
                0x2000ad00                deleteTLMFile
 .text.deleteTLMbyMonth
                0x2000adcc       0xac ./src/TLM_management.o
                0x2000adcc                deleteTLMbyMonth
 .text.deleteDirectory
                0x2000ae78      0x158 ./src/TLM_management.o
                0x2000ae78                deleteDirectory
 .text.InitializeFS
                0x2000afd0       0xec ./src/TLM_management.o
                0x2000afd0                InitializeFS
 .text.calculateFileName
                0x2000b0bc      0x130 ./src/TLM_management.o
                0x2000b0bc                calculateFileName
 .text.getTlmTypeInfo
                0x2000b1ec      0x294 ./src/TLM_management.o
                0x2000b1ec                getTlmTypeInfo
 .text.write2File
                0x2000b480      0x1dc ./src/TLM_management.o
                0x2000b480                write2File
 .text.printTLM
                0x2000b65c       0x24 ./src/TLM_management.o
                0x2000b65c                printTLM
 .text.readTLMFile
                0x2000b680      0x328 ./src/TLM_management.o
                0x2000b680                readTLMFile
 .text.readTLMFiles
                0x2000b9a8       0xdc ./src/TLM_management.o
                0x2000b9a8                readTLMFiles
 .text.readTLMFileTimeRange
                0x2000ba84      0x2f0 ./src/TLM_management.o
                0x2000ba84                readTLMFileTimeRange
 .text.DeInitializeFS
                0x2000bd74       0x38 ./src/TLM_management.o
                0x2000bd74                DeInitializeFS
 .text.taskMain
                0x2000bdac       0x84 ./src/main.o
                0x2000bdac                taskMain
 .text.main     0x2000be30       0x98 ./src/main.o
                0x2000be30                main
 .text.timeU2time
                0x2000bec8       0xbc ./src/utils.o
                0x2000bec8                timeU2time
 .text.logError
                0x2000bf84      0x148 ./src/utils.o
                0x2000bf84                logError
 .text.clearPDCtransfers
                0x2000c0cc       0xe8 C:/ISIS/workspace_ycube/GlobusSatProject/..//hal/hal/lib\libHALD.a(SPI.o)
 .text.SPI_start
                0x2000c1b4      0x4b0 C:/ISIS/workspace_ycube/GlobusSatProject/..//hal/hal/lib\libHALD.a(SPI.o)
                0x2000c1b4                SPI_start
 .text.SPI_stop
                0x2000c664      0x244 C:/ISIS/workspace_ycube/GlobusSatProject/..//hal/hal/lib\libHALD.a(SPI.o)
                0x2000c664                SPI_stop
 .text.SPI_queueTransfer
                0x2000c8a8      0x1cc C:/ISIS/workspace_ycube/GlobusSatProject/..//hal/hal/lib\libHALD.a(SPI.o)
                0x2000c8a8                SPI_queueTransfer
 .text.SPI_internalCallback
                0x2000ca74       0x64 C:/ISIS/workspace_ycube/GlobusSatProject/..//hal/hal/lib\libHALD.a(SPI.o)
 .text.SPI_writeRead
                0x2000cad8      0x1c0 C:/ISIS/workspace_ycube/GlobusSatProject/..//hal/hal/lib\libHALD.a(SPI.o)
                0x2000cad8                SPI_writeRead
 .text.waitForTransfer
                0x2000cc98       0x78 C:/ISIS/workspace_ycube/GlobusSatProject/..//hal/hal/lib\libHALD.a(SPI.o)
 .text.SPI_getDriverState
                0x2000cd10       0x58 C:/ISIS/workspace_ycube/GlobusSatProject/..//hal/hal/lib\libHALD.a(SPI.o)
                0x2000cd10                SPI_getDriverState
 .text.validateTransferParameters
                0x2000cd68      0x10c C:/ISIS/workspace_ycube/GlobusSatProject/..//hal/hal/lib\libHALD.a(I2C.o)
 .text.I2C_queueTransfer
                0x2000ce74       0xfc C:/ISIS/workspace_ycube/GlobusSatProject/..//hal/hal/lib\libHALD.a(I2C.o)
                0x2000ce74                I2C_queueTransfer
 .text.I2C_internalCallback
                0x2000cf70       0x64 C:/ISIS/workspace_ycube/GlobusSatProject/..//hal/hal/lib\libHALD.a(I2C.o)
 .text.I2C_doBlockingTransfer
                0x2000cfd4      0x180 C:/ISIS/workspace_ycube/GlobusSatProject/..//hal/hal/lib\libHALD.a(I2C.o)
 .text.I2C_write
                0x2000d154      0x110 C:/ISIS/workspace_ycube/GlobusSatProject/..//hal/hal/lib\libHALD.a(I2C.o)
                0x2000d154                I2C_write
 .text.I2C_read
                0x2000d264      0x110 C:/ISIS/workspace_ycube/GlobusSatProject/..//hal/hal/lib\libHALD.a(I2C.o)
                0x2000d264                I2C_read
 .text.I2C_writeRead
                0x2000d374      0x17c C:/ISIS/workspace_ycube/GlobusSatProject/..//hal/hal/lib\libHALD.a(I2C.o)
                0x2000d374                I2C_writeRead
 .text.I2C_start
                0x2000d4f0      0x2e8 C:/ISIS/workspace_ycube/GlobusSatProject/..//hal/hal/lib\libHALD.a(I2C.o)
                0x2000d4f0                I2C_start
 .text.I2C_stop
                0x2000d7d8      0x184 C:/ISIS/workspace_ycube/GlobusSatProject/..//hal/hal/lib\libHALD.a(I2C.o)
                0x2000d7d8                I2C_stop
 .text.I2C_setTransferTimeout
                0x2000d95c       0x48 C:/ISIS/workspace_ycube/GlobusSatProject/..//hal/hal/lib\libHALD.a(I2C.o)
                0x2000d95c                I2C_setTransferTimeout
 .text.ADC_ConvertRaw10bitToMillivolt
                0x2000d9a4       0x50 C:/ISIS/workspace_ycube/GlobusSatProject/..//hal/hal/lib\libHALD.a(ADC.o)
                0x2000d9a4                ADC_ConvertRaw10bitToMillivolt
 .text.ADC_SingleShot
                0x2000d9f4      0x230 C:/ISIS/workspace_ycube/GlobusSatProject/..//hal/hal/lib\libHALD.a(ADC.o)
                0x2000d9f4                ADC_SingleShot
 .text.FRAM_start
                0x2000dc24      0x120 C:/ISIS/workspace_ycube/GlobusSatProject/..//hal/hal/lib\libHALD.a(FRAM.o)
                0x2000dc24                FRAM_start
 .text.FRAM_stop
                0x2000dd44       0x6c C:/ISIS/workspace_ycube/GlobusSatProject/..//hal/hal/lib\libHALD.a(FRAM.o)
                0x2000dd44                FRAM_stop
 .text.FRAM_dummyCallback
                0x2000ddb0       0x24 C:/ISIS/workspace_ycube/GlobusSatProject/..//hal/hal/lib\libHALD.a(FRAM.o)
                0x2000ddb0                FRAM_dummyCallback
 .text.FRAM_unlockingCallback
                0x2000ddd4       0x64 C:/ISIS/workspace_ycube/GlobusSatProject/..//hal/hal/lib\libHALD.a(FRAM.o)
                0x2000ddd4                FRAM_unlockingCallback
 .text.doBlockingTransfer
                0x2000de38       0x78 C:/ISIS/workspace_ycube/GlobusSatProject/..//hal/hal/lib\libHALD.a(FRAM.o)
 .text.FRAM_writePacket
                0x2000deb0      0x134 C:/ISIS/workspace_ycube/GlobusSatProject/..//hal/hal/lib\libHALD.a(FRAM.o)
 .text.FRAM_write
                0x2000dfe4      0x1e0 C:/ISIS/workspace_ycube/GlobusSatProject/..//hal/hal/lib\libHALD.a(FRAM.o)
                0x2000dfe4                FRAM_write
 .text.FRAM_readPacket
                0x2000e1c4       0xf0 C:/ISIS/workspace_ycube/GlobusSatProject/..//hal/hal/lib\libHALD.a(FRAM.o)
 .text.FRAM_read
                0x2000e2b4      0x1ec C:/ISIS/workspace_ycube/GlobusSatProject/..//hal/hal/lib\libHALD.a(FRAM.o)
                0x2000e2b4                FRAM_read
 .text.Time_start
                0x2000e4a0      0x170 C:/ISIS/workspace_ycube/GlobusSatProject/..//hal/hal/lib\libHALD.a(Time.o)
                0x2000e4a0                Time_start
 .text.taskTimeSync
                0x2000e610       0x64 C:/ISIS/workspace_ycube/GlobusSatProject/..//hal/hal/lib\libHALD.a(Time.o)
 .text.Time_convertEpochToTime
                0x2000e674      0x100 C:/ISIS/workspace_ycube/GlobusSatProject/..//hal/hal/lib\libHALD.a(Time.o)
                0x2000e674                Time_convertEpochToTime
 .text.Time_calculateSecondsOfYear
                0x2000e774       0xd8 C:/ISIS/workspace_ycube/GlobusSatProject/..//hal/hal/lib\libHALD.a(Time.o)
 .text.Time_set
                0x2000e84c       0xd8 C:/ISIS/workspace_ycube/GlobusSatProject/..//hal/hal/lib\libHALD.a(Time.o)
                0x2000e84c                Time_set
 .text.Time_isLeapYear
                0x2000e924       0x98 C:/ISIS/workspace_ycube/GlobusSatProject/..//hal/hal/lib\libHALD.a(Time.o)
                0x2000e924                Time_isLeapYear
 .text.Time_get
                0x2000e9bc      0x478 C:/ISIS/workspace_ycube/GlobusSatProject/..//hal/hal/lib\libHALD.a(Time.o)
                0x2000e9bc                Time_get
 .text.Time_getUnixEpoch
                0x2000ee34      0x108 C:/ISIS/workspace_ycube/GlobusSatProject/..//hal/hal/lib\libHALD.a(Time.o)
                0x2000ee34                Time_getUnixEpoch
 .text.Time_secondsOfYearToTime
                0x2000ef3c      0x33c C:/ISIS/workspace_ycube/GlobusSatProject/..//hal/hal/lib\libHALD.a(Time.o)
 .text.Time_setUnixEpoch
                0x2000f278       0x54 C:/ISIS/workspace_ycube/GlobusSatProject/..//hal/hal/lib\libHALD.a(Time.o)
                0x2000f278                Time_setUnixEpoch
 .text.Time_getUptimeSeconds
                0x2000f2cc       0x28 C:/ISIS/workspace_ycube/GlobusSatProject/..//hal/hal/lib\libHALD.a(Time.o)
                0x2000f2cc                Time_getUptimeSeconds
 .text.Time_sync
                0x2000f2f4      0x1a8 C:/ISIS/workspace_ycube/GlobusSatProject/..//hal/hal/lib\libHALD.a(Time.o)
                0x2000f2f4                Time_sync
 .text.Time_syncIfNeeded
                0x2000f49c       0xac C:/ISIS/workspace_ycube/GlobusSatProject/..//hal/hal/lib\libHALD.a(Time.o)
                0x2000f49c                Time_syncIfNeeded
 .text.WDT_start
                0x2000f548       0x48 C:/ISIS/workspace_ycube/GlobusSatProject/..//hal/hal/lib\libHALD.a(WatchDogTimerNoOS.o)
                0x2000f548                WDT_start
 .text.RTT_start
                0x2000f590       0x24 C:/ISIS/workspace_ycube/GlobusSatProject/..//hal/hal/lib\libHALD.a(RTT.o)
                0x2000f590                RTT_start
 .text.RTT_GetTime
                0x2000f5b4       0x24 C:/ISIS/workspace_ycube/GlobusSatProject/..//hal/hal/lib\libHALD.a(RTT.o)
                0x2000f5b4                RTT_GetTime
 .text.RTC_start
                0x2000f5d8       0x3c C:/ISIS/workspace_ycube/GlobusSatProject/..//hal/hal/lib\libHALD.a(RTC.o)
                0x2000f5d8                RTC_start
 .text.RTC_setTime
                0x2000f614      0x2a4 C:/ISIS/workspace_ycube/GlobusSatProject/..//hal/hal/lib\libHALD.a(RTC.o)
                0x2000f614                RTC_setTime
 .text.RTC_getTime
                0x2000f8b8      0x230 C:/ISIS/workspace_ycube/GlobusSatProject/..//hal/hal/lib\libHALD.a(RTC.o)
                0x2000f8b8                RTC_getTime
 .text.RTC_checkTimeValid
                0x2000fae8       0xd8 C:/ISIS/workspace_ycube/GlobusSatProject/..//hal/hal/lib\libHALD.a(RTC.o)
                0x2000fae8                RTC_checkTimeValid
 .text.WDT_startWatchdogKickTask
                0x2000fbc0       0xb4 C:/ISIS/workspace_ycube/GlobusSatProject/..//hal/hal/lib\libHALD.a(WatchDogTimerOS.o)
                0x2000fbc0                WDT_startWatchdogKickTask
 .text.WDT_forceKickEveryNms
                0x2000fc74       0x50 C:/ISIS/workspace_ycube/GlobusSatProject/..//hal/hal/lib\libHALD.a(WatchDogTimerOS.o)
                0x2000fc74                WDT_forceKickEveryNms
 .text.f_puts   0x2000fcc4       0x80 C:/ISIS/workspace_ycube/GlobusSatProject/..//hal/hal/lib\libHALD.a(fprintf.o)
                0x2000fcc4                f_puts
 .text.LED_glow
                0x2000fd44       0x58 C:/ISIS/workspace_ycube/GlobusSatProject/..//hal/hal/lib\libHALD.a(LED.o)
                0x2000fd44                LED_glow
 .text.LED_dark
                0x2000fd9c       0x58 C:/ISIS/workspace_ycube/GlobusSatProject/..//hal/hal/lib\libHALD.a(LED.o)
                0x2000fd9c                LED_dark
 .text.LED_toggle
                0x2000fdf4       0x50 C:/ISIS/workspace_ycube/GlobusSatProject/..//hal/hal/lib\libHALD.a(LED.o)
                0x2000fdf4                LED_toggle
 .text.fm_initvolume
                0x2000fe44       0x70 C:/ISIS/workspace_ycube/GlobusSatProject/..//hal/hcc/lib\libHCCD.a(fat_m.o)
                0x2000fe44                fm_initvolume
 .text.fm_delvolume
                0x2000feb4       0x60 C:/ISIS/workspace_ycube/GlobusSatProject/..//hal/hcc/lib\libHCCD.a(fat_m.o)
                0x2000feb4                fm_delvolume
 .text.fm_format
                0x2000ff14       0x68 C:/ISIS/workspace_ycube/GlobusSatProject/..//hal/hcc/lib\libHCCD.a(fat_m.o)
                0x2000ff14                fm_format
 .text.fm_getdrive
                0x2000ff7c       0x70 C:/ISIS/workspace_ycube/GlobusSatProject/..//hal/hcc/lib\libHCCD.a(fat_m.o)
                0x2000ff7c                fm_getdrive
 .text.fm_getfreespace
                0x2000ffec       0x68 C:/ISIS/workspace_ycube/GlobusSatProject/..//hal/hcc/lib\libHCCD.a(fat_m.o)
                0x2000ffec                fm_getfreespace
 .text.fm_mkdir
                0x20010054       0x60 C:/ISIS/workspace_ycube/GlobusSatProject/..//hal/hcc/lib\libHCCD.a(fat_m.o)
                0x20010054                fm_mkdir
 .text.fm_rmdir
                0x200100b4       0x60 C:/ISIS/workspace_ycube/GlobusSatProject/..//hal/hcc/lib\libHCCD.a(fat_m.o)
                0x200100b4                fm_rmdir
 .text.fm_findfirst
                0x20010114       0x68 C:/ISIS/workspace_ycube/GlobusSatProject/..//hal/hcc/lib\libHCCD.a(fat_m.o)
                0x20010114                fm_findfirst
 .text.fm_findnext
                0x2001017c       0x60 C:/ISIS/workspace_ycube/GlobusSatProject/..//hal/hcc/lib\libHCCD.a(fat_m.o)
                0x2001017c                fm_findnext
 .text.fm_close
                0x200101dc       0x60 C:/ISIS/workspace_ycube/GlobusSatProject/..//hal/hcc/lib\libHCCD.a(fat_m.o)
                0x200101dc                fm_close
 .text.fm_flush
                0x2001023c       0x60 C:/ISIS/workspace_ycube/GlobusSatProject/..//hal/hcc/lib\libHCCD.a(fat_m.o)
                0x2001023c                fm_flush
 .text.fm_open  0x2001029c       0x68 C:/ISIS/workspace_ycube/GlobusSatProject/..//hal/hcc/lib\libHCCD.a(fat_m.o)
                0x2001029c                fm_open
 .text.fm_read  0x20010304       0x7c C:/ISIS/workspace_ycube/GlobusSatProject/..//hal/hcc/lib\libHCCD.a(fat_m.o)
                0x20010304                fm_read
 .text.fm_write
                0x20010380       0x7c C:/ISIS/workspace_ycube/GlobusSatProject/..//hal/hcc/lib\libHCCD.a(fat_m.o)
                0x20010380                fm_write
 .text.fm_seek  0x200103fc       0x70 C:/ISIS/workspace_ycube/GlobusSatProject/..//hal/hcc/lib\libHCCD.a(fat_m.o)
                0x200103fc                fm_seek
 .text.fm_tell  0x2001046c       0x60 C:/ISIS/workspace_ycube/GlobusSatProject/..//hal/hcc/lib\libHCCD.a(fat_m.o)
                0x2001046c                fm_tell
 .text.fm_putc  0x200104cc       0x68 C:/ISIS/workspace_ycube/GlobusSatProject/..//hal/hcc/lib\libHCCD.a(fat_m.o)
                0x200104cc                fm_putc
 .text.fm_rewind
                0x20010534       0x60 C:/ISIS/workspace_ycube/GlobusSatProject/..//hal/hcc/lib\libHCCD.a(fat_m.o)
                0x20010534                fm_rewind
 .text.fm_delete
                0x20010594       0x64 C:/ISIS/workspace_ycube/GlobusSatProject/..//hal/hcc/lib\libHCCD.a(fat_m.o)
                0x20010594                fm_delete
 .text.fm_getlasterror
                0x200105f8       0x40 C:/ISIS/workspace_ycube/GlobusSatProject/..//hal/hcc/lib\libHCCD.a(fat_m.o)
                0x200105f8                fm_getlasterror
 .text._f_invalidatedir
                0x20010638       0x28 C:/ISIS/workspace_ycube/GlobusSatProject/..//hal/hcc/lib\libHCCD.a(fat.o)
                0x20010638                _f_invalidatedir
 .text._f_getdirsector
                0x20010660       0x88 C:/ISIS/workspace_ycube/GlobusSatProject/..//hal/hcc/lib\libHCCD.a(fat.o)
                0x20010660                _f_getdirsector
 .text._f_writedirsector
                0x200106e8       0x74 C:/ISIS/workspace_ycube/GlobusSatProject/..//hal/hcc/lib\libHCCD.a(fat.o)
                0x200106e8                _f_writedirsector
 .text._f_checknameinv
                0x2001075c      0x180 C:/ISIS/workspace_ycube/GlobusSatProject/..//hal/hcc/lib\libHCCD.a(fat.o)
 .text._f_checkname
                0x200108dc       0x7c C:/ISIS/workspace_ycube/GlobusSatProject/..//hal/hcc/lib\libHCCD.a(fat.o)
 .text._f_checknamewc
                0x20010958       0xf8 C:/ISIS/workspace_ycube/GlobusSatProject/..//hal/hcc/lib\libHCCD.a(fat.o)
 .text._f_setnameext
                0x20010a50      0x300 C:/ISIS/workspace_ycube/GlobusSatProject/..//hal/hcc/lib\libHCCD.a(fat.o)
 .text._f_setfsname
                0x20010d50      0x584 C:/ISIS/workspace_ycube/GlobusSatProject/..//hal/hcc/lib\libHCCD.a(fat.o)
 .text._f_findfile
                0x200112d4      0x30c C:/ISIS/workspace_ycube/GlobusSatProject/..//hal/hcc/lib\libHCCD.a(fat.o)
 .text._f_cmp_wname
                0x200115e0      0x274 C:/ISIS/workspace_ycube/GlobusSatProject/..//hal/hcc/lib\libHCCD.a(fat.o)
 .text._f_to_string
                0x20011854      0x130 C:/ISIS/workspace_ycube/GlobusSatProject/..//hal/hcc/lib\libHCCD.a(fat.o)
 .text._f_findfilewc
                0x20011984      0x278 C:/ISIS/workspace_ycube/GlobusSatProject/..//hal/hcc/lib\libHCCD.a(fat.o)
 .text._f_getfilename
                0x20011bfc      0x20c C:/ISIS/workspace_ycube/GlobusSatProject/..//hal/hcc/lib\libHCCD.a(fat.o)
 .text._f_findpath
                0x20011e08      0x35c C:/ISIS/workspace_ycube/GlobusSatProject/..//hal/hcc/lib\libHCCD.a(fat.o)
 .text.fn_getdcwd
                0x20012164      0x1e0 C:/ISIS/workspace_ycube/GlobusSatProject/..//hal/hcc/lib\libHCCD.a(fat.o)
                0x20012164                fn_getdcwd
 .text.fn_findfirst
                0x20012344      0x13c C:/ISIS/workspace_ycube/GlobusSatProject/..//hal/hcc/lib\libHCCD.a(fat.o)
                0x20012344                fn_findfirst
 .text.fn_findnext
                0x20012480      0x360 C:/ISIS/workspace_ycube/GlobusSatProject/..//hal/hcc/lib\libHCCD.a(fat.o)
                0x20012480                fn_findnext
 .text._f_lock_resfile
                0x200127e0       0x6c C:/ISIS/workspace_ycube/GlobusSatProject/..//hal/hcc/lib\libHCCD.a(fat.o)
 .text._f_unlock_resfile
                0x2001284c       0x40 C:/ISIS/workspace_ycube/GlobusSatProject/..//hal/hcc/lib\libHCCD.a(fat.o)
 .text._f_getintfile
                0x2001288c      0x124 C:/ISIS/workspace_ycube/GlobusSatProject/..//hal/hcc/lib\libHCCD.a(fat.o)
 .text._f_addentry
                0x200129b0      0x540 C:/ISIS/workspace_ycube/GlobusSatProject/..//hal/hcc/lib\libHCCD.a(fat.o)
 .text.fn_mkdir
                0x20012ef0      0x75c C:/ISIS/workspace_ycube/GlobusSatProject/..//hal/hcc/lib\libHCCD.a(fat.o)
                0x20012ef0                fn_mkdir
 .text.fn_open_sub
                0x2001364c     0x1698 C:/ISIS/workspace_ycube/GlobusSatProject/..//hal/hcc/lib\libHCCD.a(fat.o)
 .text.fn_open  0x20014ce4       0x44 C:/ISIS/workspace_ycube/GlobusSatProject/..//hal/hcc/lib\libHCCD.a(fat.o)
                0x20014ce4                fn_open
 .text.fn_delete
                0x20014d28      0x490 C:/ISIS/workspace_ycube/GlobusSatProject/..//hal/hcc/lib\libHCCD.a(fat.o)
                0x20014d28                fn_delete
 .text.fn_rmdir
                0x200151b8      0x5ac C:/ISIS/workspace_ycube/GlobusSatProject/..//hal/hcc/lib\libHCCD.a(fat.o)
                0x200151b8                fn_rmdir
 .text.fn_init  0x20015764      0x2dc C:/ISIS/workspace_ycube/GlobusSatProject/..//hal/hcc/lib\libHCCD.a(fat_common.o)
                0x20015764                fn_init
 .text.fn_start
                0x20015a40       0x1c C:/ISIS/workspace_ycube/GlobusSatProject/..//hal/hcc/lib\libHCCD.a(fat_common.o)
                0x20015a40                fn_start
 .text.fsn_delete
                0x20015a5c       0xc8 C:/ISIS/workspace_ycube/GlobusSatProject/..//hal/hcc/lib\libHCCD.a(fat_common.o)
                0x20015a5c                fsn_delete
 .text._f_get16bitl
                0x20015b24       0x4c C:/ISIS/workspace_ycube/GlobusSatProject/..//hal/hcc/lib\libHCCD.a(fat_common.o)
                0x20015b24                _f_get16bitl
 .text._f_set16bitl
                0x20015b70       0x54 C:/ISIS/workspace_ycube/GlobusSatProject/..//hal/hcc/lib\libHCCD.a(fat_common.o)
                0x20015b70                _f_set16bitl
 .text._f_get32bitl
                0x20015bc4       0x68 C:/ISIS/workspace_ycube/GlobusSatProject/..//hal/hcc/lib\libHCCD.a(fat_common.o)
                0x20015bc4                _f_get32bitl
 .text._f_set32bitl
                0x20015c2c       0x78 C:/ISIS/workspace_ycube/GlobusSatProject/..//hal/hcc/lib\libHCCD.a(fat_common.o)
                0x20015c2c                _f_set32bitl
 .text._get8bit
                0x20015ca4       0xa0 C:/ISIS/workspace_ycube/GlobusSatProject/..//hal/hcc/lib\libHCCD.a(fat_common.o)
 .text._get16bitl
                0x20015d44       0x40 C:/ISIS/workspace_ycube/GlobusSatProject/..//hal/hcc/lib\libHCCD.a(fat_common.o)
 .text._get32bitl
                0x20015d84       0x3c C:/ISIS/workspace_ycube/GlobusSatProject/..//hal/hcc/lib\libHCCD.a(fat_common.o)
 .text._set8bitzero
                0x20015dc0       0x6c C:/ISIS/workspace_ycube/GlobusSatProject/..//hal/hcc/lib\libHCCD.a(fat_common.o)
 .text._set8bit
                0x20015e2c       0xa0 C:/ISIS/workspace_ycube/GlobusSatProject/..//hal/hcc/lib\libHCCD.a(fat_common.o)
 .text._set16bitl
                0x20015ecc       0x3c C:/ISIS/workspace_ycube/GlobusSatProject/..//hal/hcc/lib\libHCCD.a(fat_common.o)
 .text._set32bitl
                0x20015f08       0x34 C:/ISIS/workspace_ycube/GlobusSatProject/..//hal/hcc/lib\libHCCD.a(fat_common.o)
 .text._f_setcardremoved
                0x20015f3c       0x94 C:/ISIS/workspace_ycube/GlobusSatProject/..//hal/hcc/lib\libHCCD.a(fat_common.o)
 .text._f_checkstatus
                0x20015fd0      0x104 C:/ISIS/workspace_ycube/GlobusSatProject/..//hal/hcc/lib\libHCCD.a(fat_common.o)
                0x20015fd0                _f_checkstatus
 .text._f_drvgetphy
                0x200160d4      0x114 C:/ISIS/workspace_ycube/GlobusSatProject/..//hal/hcc/lib\libHCCD.a(fat_common.o)
 .text._f_drvwritesector
                0x200161e8       0xdc C:/ISIS/workspace_ycube/GlobusSatProject/..//hal/hcc/lib\libHCCD.a(fat_common.o)
 .text._f_drvreadsector
                0x200162c4       0xa8 C:/ISIS/workspace_ycube/GlobusSatProject/..//hal/hcc/lib\libHCCD.a(fat_common.o)
 .text._f_writesector
                0x2001636c      0x23c C:/ISIS/workspace_ycube/GlobusSatProject/..//hal/hcc/lib\libHCCD.a(fat_common.o)
                0x2001636c                _f_writesector
 .text._f_readsector
                0x200165a8      0x1dc C:/ISIS/workspace_ycube/GlobusSatProject/..//hal/hcc/lib\libHCCD.a(fat_common.o)
                0x200165a8                _f_readsector
 .text._f_getmaxcluster
                0x20016784       0x94 C:/ISIS/workspace_ycube/GlobusSatProject/..//hal/hcc/lib\libHCCD.a(fat_common.o)
                0x20016784                _f_getmaxcluster
 .text._getsectorfromcluster
                0x20016818       0x68 C:/ISIS/workspace_ycube/GlobusSatProject/..//hal/hcc/lib\libHCCD.a(fat_common.o)
 .text._f_buildsectors
                0x20016880      0x268 C:/ISIS/workspace_ycube/GlobusSatProject/..//hal/hcc/lib\libHCCD.a(fat_common.o)
 .text._f_getbootrecord
                0x20016ae8      0x5e4 C:/ISIS/workspace_ycube/GlobusSatProject/..//hal/hcc/lib\libHCCD.a(fat_common.o)
 .text._f_readbootrecord
                0x200170cc      0x4f8 C:/ISIS/workspace_ycube/GlobusSatProject/..//hal/hcc/lib\libHCCD.a(fat_common.o)
 .text._f_writebootrecord
                0x200175c4      0x5e4 C:/ISIS/workspace_ycube/GlobusSatProject/..//hal/hcc/lib\libHCCD.a(fat_common.o)
 .text._f_flushcffiles
                0x20017ba8      0x17c C:/ISIS/workspace_ycube/GlobusSatProject/..//hal/hcc/lib\libHCCD.a(fat_common.o)
                0x20017ba8                _f_flushcffiles
 .text._f_fatcache_flush
                0x20017d24      0x270 C:/ISIS/workspace_ycube/GlobusSatProject/..//hal/hcc/lib\libHCCD.a(fat_common.o)
                0x20017d24                _f_fatcache_flush
 .text._f_writefatsector
                0x20017f94      0x100 C:/ISIS/workspace_ycube/GlobusSatProject/..//hal/hcc/lib\libHCCD.a(fat_common.o)
                0x20017f94                _f_writefatsector
 .text._f_getfatsector
                0x20018094      0x3bc C:/ISIS/workspace_ycube/GlobusSatProject/..//hal/hcc/lib\libHCCD.a(fat_common.o)
 .text._f_setclustervalue
                0x20018450      0x490 C:/ISIS/workspace_ycube/GlobusSatProject/..//hal/hcc/lib\libHCCD.a(fat_common.o)
                0x20018450                _f_setclustervalue
 .text._f_getclustervalue
                0x200188e0      0x388 C:/ISIS/workspace_ycube/GlobusSatProject/..//hal/hcc/lib\libHCCD.a(fat_common.o)
                0x200188e0                _f_getclustervalue
 .text._f_close_drive_files
                0x20018c68       0xac C:/ISIS/workspace_ycube/GlobusSatProject/..//hal/hcc/lib\libHCCD.a(fat_common.o)
 .text._f_inc_mount_count
                0x20018d14       0xa4 C:/ISIS/workspace_ycube/GlobusSatProject/..//hal/hcc/lib\libHCCD.a(fat_common.o)
 .text._f_getvolume
                0x20018db8      0x2f8 C:/ISIS/workspace_ycube/GlobusSatProject/..//hal/hcc/lib\libHCCD.a(fat_common.o)
                0x20018db8                _f_getvolume
 .text.fn_createdriver
                0x200190b0      0x118 C:/ISIS/workspace_ycube/GlobusSatProject/..//hal/hcc/lib\libHCCD.a(fat_common.o)
                0x200190b0                fn_createdriver
 .text.fn_initvolume
                0x200191c8      0x12c C:/ISIS/workspace_ycube/GlobusSatProject/..//hal/hcc/lib\libHCCD.a(fat_common.o)
                0x200191c8                fn_initvolume
 .text.fn_releasedriver
                0x200192f4       0xf4 C:/ISIS/workspace_ycube/GlobusSatProject/..//hal/hcc/lib\libHCCD.a(fat_common.o)
                0x200192f4                fn_releasedriver
 .text.fn_initvolumepartition_sub
                0x200193e8       0xe0 C:/ISIS/workspace_ycube/GlobusSatProject/..//hal/hcc/lib\libHCCD.a(fat_common.o)
 .text.fn_initvolumepartition
                0x200194c8       0xac C:/ISIS/workspace_ycube/GlobusSatProject/..//hal/hcc/lib\libHCCD.a(fat_common.o)
                0x200194c8                fn_initvolumepartition
 .text.fn_delvolume
                0x20019574      0x194 C:/ISIS/workspace_ycube/GlobusSatProject/..//hal/hcc/lib\libHCCD.a(fat_common.o)
                0x20019574                fn_delvolume
 .text._f_clustertopos
                0x20019708       0xf8 C:/ISIS/workspace_ycube/GlobusSatProject/..//hal/hcc/lib\libHCCD.a(fat_common.o)
                0x20019708                _f_clustertopos
 .text._f_prepareformat
                0x20019800      0x8b8 C:/ISIS/workspace_ycube/GlobusSatProject/..//hal/hcc/lib\libHCCD.a(fat_common.o)
 .text._f_resetfatentries
                0x2001a0b8      0x410 C:/ISIS/workspace_ycube/GlobusSatProject/..//hal/hcc/lib\libHCCD.a(fat_common.o)
 .text._f_resetrootdir
                0x2001a4c8       0xcc C:/ISIS/workspace_ycube/GlobusSatProject/..//hal/hcc/lib\libHCCD.a(fat_common.o)
 .text._f_postformat
                0x2001a594      0x178 C:/ISIS/workspace_ycube/GlobusSatProject/..//hal/hcc/lib\libHCCD.a(fat_common.o)
 .text.fn_format
                0x2001a70c      0x148 C:/ISIS/workspace_ycube/GlobusSatProject/..//hal/hcc/lib\libHCCD.a(fat_common.o)
                0x2001a70c                fn_format
 .text._f_getcurrsector
                0x2001a854      0x6c8 C:/ISIS/workspace_ycube/GlobusSatProject/..//hal/hcc/lib\libHCCD.a(fat_common.o)
                0x2001a854                _f_getcurrsector
 .text._f_getdecluster
                0x2001af1c       0x90 C:/ISIS/workspace_ycube/GlobusSatProject/..//hal/hcc/lib\libHCCD.a(fat_common.o)
                0x2001af1c                _f_getdecluster
 .text._f_setdecluster
                0x2001afac       0x8c C:/ISIS/workspace_ycube/GlobusSatProject/..//hal/hcc/lib\libHCCD.a(fat_common.o)
                0x2001afac                _f_setdecluster
 .text.fn_getdrive
                0x2001b038       0x30 C:/ISIS/workspace_ycube/GlobusSatProject/..//hal/hcc/lib\libHCCD.a(fat_common.o)
                0x2001b038                fn_getdrive
 .text._f_getcurrenttimedate
                0x2001b068      0x138 C:/ISIS/workspace_ycube/GlobusSatProject/..//hal/hcc/lib\libHCCD.a(fat_common.o)
                0x2001b068                _f_getcurrenttimedate
 .text._f_initentry
                0x2001b1a0       0xa0 C:/ISIS/workspace_ycube/GlobusSatProject/..//hal/hcc/lib\libHCCD.a(fat_common.o)
                0x2001b1a0                _f_initentry
 .text._f_alloccluster
                0x2001b240      0x344 C:/ISIS/workspace_ycube/GlobusSatProject/..//hal/hcc/lib\libHCCD.a(fat_common.o)
                0x2001b240                _f_alloccluster
 .text._f_dobadblock
                0x2001b584      0x2cc C:/ISIS/workspace_ycube/GlobusSatProject/..//hal/hcc/lib\libHCCD.a(fat_common.o)
                0x2001b584                _f_dobadblock
 .text._f_checklocked
                0x2001b850       0xe4 C:/ISIS/workspace_ycube/GlobusSatProject/..//hal/hcc/lib\libHCCD.a(fat_common.o)
                0x2001b850                _f_checklocked
 .text._f_checkappendlocked
                0x2001b934      0x110 C:/ISIS/workspace_ycube/GlobusSatProject/..//hal/hcc/lib\libHCCD.a(fat_common.o)
                0x2001b934                _f_checkappendlocked
 .text._f_setsyncafile
                0x2001ba44      0x114 C:/ISIS/workspace_ycube/GlobusSatProject/..//hal/hcc/lib\libHCCD.a(fat_common.o)
                0x2001ba44                _f_setsyncafile
 .text._f_syncfiles
                0x2001bb58      0x128 C:/ISIS/workspace_ycube/GlobusSatProject/..//hal/hcc/lib\libHCCD.a(fat_common.o)
                0x2001bb58                _f_syncfiles
 .text._f_syncfilescontent
                0x2001bc80      0x15c C:/ISIS/workspace_ycube/GlobusSatProject/..//hal/hcc/lib\libHCCD.a(fat_common.o)
 .text.fn_getfreespace
                0x2001bddc      0x4c0 C:/ISIS/workspace_ycube/GlobusSatProject/..//hal/hcc/lib\libHCCD.a(fat_common.o)
                0x2001bddc                fn_getfreespace
 .text._f_emptywritecache
                0x2001c29c      0x4a4 C:/ISIS/workspace_ycube/GlobusSatProject/..//hal/hcc/lib\libHCCD.a(fat_common.o)
 .text._f_allocnextcluster
                0x2001c740      0x54c C:/ISIS/workspace_ycube/GlobusSatProject/..//hal/hcc/lib\libHCCD.a(fat_common.o)
 .text._f_emptywritebuffer
                0x2001cc8c      0x20c C:/ISIS/workspace_ycube/GlobusSatProject/..//hal/hcc/lib\libHCCD.a(fat_common.o)
 .text._f_writezeros
                0x2001ce98       0xf0 C:/ISIS/workspace_ycube/GlobusSatProject/..//hal/hcc/lib\libHCCD.a(fat_common.o)
                0x2001ce98                _f_writezeros
 .text._f_extend_file
                0x2001cf88      0x570 C:/ISIS/workspace_ycube/GlobusSatProject/..//hal/hcc/lib\libHCCD.a(fat_common.o)
 .text._f_fseek
                0x2001d4f8      0x9bc C:/ISIS/workspace_ycube/GlobusSatProject/..//hal/hcc/lib\libHCCD.a(fat_common.o)
                0x2001d4f8                _f_fseek
 .text._f_removechain
                0x2001deb4      0x104 C:/ISIS/workspace_ycube/GlobusSatProject/..//hal/hcc/lib\libHCCD.a(fat_common.o)
                0x2001deb4                _f_removechain
 .text._f_updatefileentry
                0x2001dfb8      0x1cc C:/ISIS/workspace_ycube/GlobusSatProject/..//hal/hcc/lib\libHCCD.a(fat_common.o)
 .text._f_checkreadlocked
                0x2001e184      0x1bc C:/ISIS/workspace_ycube/GlobusSatProject/..//hal/hcc/lib\libHCCD.a(fat_common.o)
                0x2001e184                _f_checkreadlocked
 .text._f_check_handle
                0x2001e340       0x98 C:/ISIS/workspace_ycube/GlobusSatProject/..//hal/hcc/lib\libHCCD.a(fat_common.o)
                0x2001e340                _f_check_handle
 .text._f_removesyncafile
                0x2001e3d8      0x1ec C:/ISIS/workspace_ycube/GlobusSatProject/..//hal/hcc/lib\libHCCD.a(fat_common.o)
 .text.fn_close
                0x2001e5c4      0x3f8 C:/ISIS/workspace_ycube/GlobusSatProject/..//hal/hcc/lib\libHCCD.a(fat_common.o)
                0x2001e5c4                fn_close
 .text.fn_flush
                0x2001e9bc      0x374 C:/ISIS/workspace_ycube/GlobusSatProject/..//hal/hcc/lib\libHCCD.a(fat_common.o)
                0x2001e9bc                fn_flush
 .text.fn_read  0x2001ed30      0x690 C:/ISIS/workspace_ycube/GlobusSatProject/..//hal/hcc/lib\libHCCD.a(fat_common.o)
                0x2001ed30                fn_read
 .text._f_abortwrite
                0x2001f3c0      0x100 C:/ISIS/workspace_ycube/GlobusSatProject/..//hal/hcc/lib\libHCCD.a(fat_common.o)
 .text._f_checkwritecluster
                0x2001f4c0       0xe4 C:/ISIS/workspace_ycube/GlobusSatProject/..//hal/hcc/lib\libHCCD.a(fat_common.o)
 .text.fn_write
                0x2001f5a4      0x8a8 C:/ISIS/workspace_ycube/GlobusSatProject/..//hal/hcc/lib\libHCCD.a(fat_common.o)
                0x2001f5a4                fn_write
 .text.fn_seek  0x2001fe4c      0x270 C:/ISIS/workspace_ycube/GlobusSatProject/..//hal/hcc/lib\libHCCD.a(fat_common.o)
                0x2001fe4c                fn_seek
 .text.fn_tell  0x200200bc      0x19c C:/ISIS/workspace_ycube/GlobusSatProject/..//hal/hcc/lib\libHCCD.a(fat_common.o)
                0x200200bc                fn_tell
 .text.fn_rewind
                0x20020258       0x38 C:/ISIS/workspace_ycube/GlobusSatProject/..//hal/hcc/lib\libHCCD.a(fat_common.o)
                0x20020258                fn_rewind
 .text.fn_putc  0x20020290       0x68 C:/ISIS/workspace_ycube/GlobusSatProject/..//hal/hcc/lib\libHCCD.a(fat_common.o)
                0x20020290                fn_putc
 .text.f_enterFS
                0x200202f8      0x1c0 C:/ISIS/workspace_ycube/GlobusSatProject/..//hal/hcc/lib\libHCCD.a(fat_common.o)
                0x200202f8                f_enterFS
 .text.f_releaseFS
                0x200204b8       0xb0 C:/ISIS/workspace_ycube/GlobusSatProject/..//hal/hcc/lib\libHCCD.a(fat_common.o)
                0x200204b8                f_releaseFS
 .text.fnGetTask
                0x20020568       0xfc C:/ISIS/workspace_ycube/GlobusSatProject/..//hal/hcc/lib\libHCCD.a(fat_common.o)
                0x20020568                fnGetTask
 .text._f_mutex_get
                0x20020664       0x98 C:/ISIS/workspace_ycube/GlobusSatProject/..//hal/hcc/lib\libHCCD.a(fat_common.o)
                0x20020664                _f_mutex_get
 .text._f_mutex_put
                0x200206fc       0x54 C:/ISIS/workspace_ycube/GlobusSatProject/..//hal/hcc/lib\libHCCD.a(fat_common.o)
                0x200206fc                _f_mutex_put
 .text._fn_initseekdivisor
                0x20020750      0x158 C:/ISIS/workspace_ycube/GlobusSatProject/..//hal/hcc/lib\libHCCD.a(fat_common.o)
                0x20020750                _fn_initseekdivisor
 .text._fn_updateseekpos
                0x200208a8       0xc4 C:/ISIS/workspace_ycube/GlobusSatProject/..//hal/hcc/lib\libHCCD.a(fat_common.o)
 .text._f_findopensize
                0x2002096c       0x2c C:/ISIS/workspace_ycube/GlobusSatProject/..//hal/hcc/lib\libHCCD.a(fat_common.o)
                0x2002096c                _f_findopensize
 .text.fn_setlasterror
                0x20020998       0x34 C:/ISIS/workspace_ycube/GlobusSatProject/..//hal/hcc/lib\libHCCD.a(fat_common.o)
                0x20020998                fn_setlasterror
 .text.fn_setlasterror_noret
                0x200209cc       0x2c C:/ISIS/workspace_ycube/GlobusSatProject/..//hal/hcc/lib\libHCCD.a(fat_common.o)
                0x200209cc                fn_setlasterror_noret
 .text._s_checkzeroclusteratend
                0x200209f8       0xf8 C:/ISIS/workspace_ycube/GlobusSatProject/..//hal/hcc/lib\libHCCD.a(safefat.o)
 .text._s_clearclustercontent
                0x20020af0      0x108 C:/ISIS/workspace_ycube/GlobusSatProject/..//hal/hcc/lib\libHCCD.a(safefat.o)
 .text._s_clearclustercontentdir
                0x20020bf8      0x19c C:/ISIS/workspace_ycube/GlobusSatProject/..//hal/hcc/lib\libHCCD.a(safefat.o)
 .text._s_writedirsector
                0x20020d94       0xd0 C:/ISIS/workspace_ycube/GlobusSatProject/..//hal/hcc/lib\libHCCD.a(safefat.o)
 .text._s_getdirsector
                0x20020e64      0x100 C:/ISIS/workspace_ycube/GlobusSatProject/..//hal/hcc/lib\libHCCD.a(safefat.o)
 .text._s_addentry
                0x20020f64      0x394 C:/ISIS/workspace_ycube/GlobusSatProject/..//hal/hcc/lib\libHCCD.a(safefat.o)
 .text._s_findfile
                0x200212f8      0x33c C:/ISIS/workspace_ycube/GlobusSatProject/..//hal/hcc/lib\libHCCD.a(safefat.o)
 .text._s_findsubdir
                0x20021634      0x248 C:/ISIS/workspace_ycube/GlobusSatProject/..//hal/hcc/lib\libHCCD.a(safefat.o)
 .text._s_createfile
                0x2002187c      0x190 C:/ISIS/workspace_ycube/GlobusSatProject/..//hal/hcc/lib\libHCCD.a(safefat.o)
 .text._s_findsaffile
                0x20021a0c      0x1b8 C:/ISIS/workspace_ycube/GlobusSatProject/..//hal/hcc/lib\libHCCD.a(safefat.o)
 .text._s_open  0x20021bc4       0xe4 C:/ISIS/workspace_ycube/GlobusSatProject/..//hal/hcc/lib\libHCCD.a(safefat.o)
 .text._s_open_saf
                0x20021ca8       0xe8 C:/ISIS/workspace_ycube/GlobusSatProject/..//hal/hcc/lib\libHCCD.a(safefat.o)
 .text._s_flush
                0x20021d90       0x84 C:/ISIS/workspace_ycube/GlobusSatProject/..//hal/hcc/lib\libHCCD.a(safefat.o)
 .text._s_allocnextcluster
                0x20021e14      0x13c C:/ISIS/workspace_ycube/GlobusSatProject/..//hal/hcc/lib\libHCCD.a(safefat.o)
 .text._s_getnextsector
                0x20021f50       0xdc C:/ISIS/workspace_ycube/GlobusSatProject/..//hal/hcc/lib\libHCCD.a(safefat.o)
 .text._s_seek  0x2002202c      0x1e8 C:/ISIS/workspace_ycube/GlobusSatProject/..//hal/hcc/lib\libHCCD.a(safefat.o)
 .text._s_get_len
                0x20022214      0x10c C:/ISIS/workspace_ycube/GlobusSatProject/..//hal/hcc/lib\libHCCD.a(safefat.o)
 .text._s_set_len
                0x20022320       0xb4 C:/ISIS/workspace_ycube/GlobusSatProject/..//hal/hcc/lib\libHCCD.a(safefat.o)
 .text.safe_fix_filelengths
                0x200223d4       0xcc C:/ISIS/workspace_ycube/GlobusSatProject/..//hal/hcc/lib\libHCCD.a(safefat.o)
                0x200223d4                safe_fix_filelengths
 .text._s_read  0x200224a0      0x228 C:/ISIS/workspace_ycube/GlobusSatProject/..//hal/hcc/lib\libHCCD.a(safefat.o)
 .text._s_write
                0x200226c8      0x384 C:/ISIS/workspace_ycube/GlobusSatProject/..//hal/hcc/lib\libHCCD.a(safefat.o)
 .text._s_restoreclusters
                0x20022a4c      0x270 C:/ISIS/workspace_ycube/GlobusSatProject/..//hal/hcc/lib\libHCCD.a(safefat.o)
                0x20022a4c                _s_restoreclusters
 .text._s_findrestore
                0x20022cbc      0x18c C:/ISIS/workspace_ycube/GlobusSatProject/..//hal/hcc/lib\libHCCD.a(safefat.o)
 .text._s_cmd_writede
                0x20022e48       0xd8 C:/ISIS/workspace_ycube/GlobusSatProject/..//hal/hcc/lib\libHCCD.a(safefat.o)
 .text._s_cmd_setcluster
                0x20022f20       0x88 C:/ISIS/workspace_ycube/GlobusSatProject/..//hal/hcc/lib\libHCCD.a(safefat.o)
 .text._s_cmd_deletechain
                0x20022fa8      0x100 C:/ISIS/workspace_ycube/GlobusSatProject/..//hal/hcc/lib\libHCCD.a(safefat.o)
 .text._s_cmd_validatecfn
                0x200230a8      0x308 C:/ISIS/workspace_ycube/GlobusSatProject/..//hal/hcc/lib\libHCCD.a(safefat.o)
 .text._s_cmd_seteof
                0x200233b0      0x3c4 C:/ISIS/workspace_ycube/GlobusSatProject/..//hal/hcc/lib\libHCCD.a(safefat.o)
 .text.safe_docommands
                0x20023774      0x56c C:/ISIS/workspace_ycube/GlobusSatProject/..//hal/hcc/lib\libHCCD.a(safefat.o)
                0x20023774                safe_docommands
 .text.safe_entercommand
                0x20023ce0       0x68 C:/ISIS/workspace_ycube/GlobusSatProject/..//hal/hcc/lib\libHCCD.a(safefat.o)
                0x20023ce0                safe_entercommand
 .text.safe_ready
                0x20023d48       0xf4 C:/ISIS/workspace_ycube/GlobusSatProject/..//hal/hcc/lib\libHCCD.a(safefat.o)
                0x20023d48                safe_ready
 .text.safe_copycfn
                0x20023e3c       0xb8 C:/ISIS/workspace_ycube/GlobusSatProject/..//hal/hcc/lib\libHCCD.a(safefat.o)
                0x20023e3c                safe_copycfn
 .text.safe_cfremove
                0x20023ef4       0xb8 C:/ISIS/workspace_ycube/GlobusSatProject/..//hal/hcc/lib\libHCCD.a(safefat.o)
                0x20023ef4                safe_cfremove
 .text.safe_writede
                0x20023fac      0x104 C:/ISIS/workspace_ycube/GlobusSatProject/..//hal/hcc/lib\libHCCD.a(safefat.o)
                0x20023fac                safe_writede
 .text.safe_setcluster
                0x200240b0       0xcc C:/ISIS/workspace_ycube/GlobusSatProject/..//hal/hcc/lib\libHCCD.a(safefat.o)
                0x200240b0                safe_setcluster
 .text.safe_deletechain
                0x2002417c      0x1c8 C:/ISIS/workspace_ycube/GlobusSatProject/..//hal/hcc/lib\libHCCD.a(safefat.o)
                0x2002417c                safe_deletechain
 .text.safe_cfclose
                0x20024344      0x104 C:/ISIS/workspace_ycube/GlobusSatProject/..//hal/hcc/lib\libHCCD.a(safefat.o)
                0x20024344                safe_cfclose
 .text.safe_cfflush
                0x20024448      0x124 C:/ISIS/workspace_ycube/GlobusSatProject/..//hal/hcc/lib\libHCCD.a(safefat.o)
                0x20024448                safe_cfflush
 .text.safe_reset
                0x2002456c       0x78 C:/ISIS/workspace_ycube/GlobusSatProject/..//hal/hcc/lib\libHCCD.a(safefat.o)
                0x2002456c                safe_reset
 .text.safe_loadcommands
                0x200245e4       0x78 C:/ISIS/workspace_ycube/GlobusSatProject/..//hal/hcc/lib\libHCCD.a(safefat.o)
                0x200245e4                safe_loadcommands
 .text.safe_poweron
                0x2002465c      0x1fc C:/ISIS/workspace_ycube/GlobusSatProject/..//hal/hcc/lib\libHCCD.a(safefat.o)
                0x2002465c                safe_poweron
 .text.cf_getname
                0x20024858       0xc0 C:/ISIS/workspace_ycube/GlobusSatProject/..//hal/hcc/lib\libHCCD.a(safefat.o)
 .text.cf_copyclusterchain
                0x20024918      0x138 C:/ISIS/workspace_ycube/GlobusSatProject/..//hal/hcc/lib\libHCCD.a(safefat.o)
 .text.cf_seektozero
                0x20024a50       0x94 C:/ISIS/workspace_ycube/GlobusSatProject/..//hal/hcc/lib\libHCCD.a(safefat.o)
                0x20024a50                cf_seektozero
 .text.cf_create
                0x20024ae4      0x3a8 C:/ISIS/workspace_ycube/GlobusSatProject/..//hal/hcc/lib\libHCCD.a(safefat.o)
                0x20024ae4                cf_create
 .text.cf_copyclustercontent
                0x20024e8c      0x128 C:/ISIS/workspace_ycube/GlobusSatProject/..//hal/hcc/lib\libHCCD.a(safefat.o)
                0x20024e8c                cf_copyclustercontent
 .text.cf_copycfn
                0x20024fb4      0x4bc C:/ISIS/workspace_ycube/GlobusSatProject/..//hal/hcc/lib\libHCCD.a(safefat.o)
                0x20024fb4                cf_copycfn
 .text.cf_remove
                0x20025470      0x344 C:/ISIS/workspace_ycube/GlobusSatProject/..//hal/hcc/lib\libHCCD.a(safefat.o)
                0x20025470                cf_remove
 .text.cf_setclusternew
                0x200257b4       0xf0 C:/ISIS/workspace_ycube/GlobusSatProject/..//hal/hcc/lib\libHCCD.a(safefat.o)
                0x200257b4                cf_setclusternew
 .text.cf_flush
                0x200258a4       0x58 C:/ISIS/workspace_ycube/GlobusSatProject/..//hal/hcc/lib\libHCCD.a(safefat.o)
                0x200258a4                cf_flush
 .text.cf_getcluster
                0x200258fc      0x1b4 C:/ISIS/workspace_ycube/GlobusSatProject/..//hal/hcc/lib\libHCCD.a(safefat.o)
                0x200258fc                cf_getcluster
 .text.cf_setnextcluster
                0x20025ab0      0x194 C:/ISIS/workspace_ycube/GlobusSatProject/..//hal/hcc/lib\libHCCD.a(safefat.o)
                0x20025ab0                cf_setnextcluster
 .text.cf_getpositions
                0x20025c44       0xbc C:/ISIS/workspace_ycube/GlobusSatProject/..//hal/hcc/lib\libHCCD.a(safefat.o)
                0x20025c44                cf_getpositions
 .text.cf_setpositions
                0x20025d00       0xb0 C:/ISIS/workspace_ycube/GlobusSatProject/..//hal/hcc/lib\libHCCD.a(safefat.o)
                0x20025d00                cf_setpositions
 .text.cf_opensyncafile
                0x20025db0      0x150 C:/ISIS/workspace_ycube/GlobusSatProject/..//hal/hcc/lib\libHCCD.a(safefat.o)
                0x20025db0                cf_opensyncafile
 .text.cf_reloadcfo
                0x20025f00       0xd8 C:/ISIS/workspace_ycube/GlobusSatProject/..//hal/hcc/lib\libHCCD.a(safefat.o)
                0x20025f00                cf_reloadcfo
 .text.mcipdc_cmd
                0x20025fd8      0x22c C:/ISIS/workspace_ycube/GlobusSatProject/..//hal/hcc/lib\libHCCD.a(atmel_mcipdc.o)
 .text.mcipdc_stop
                0x20026204       0xfc C:/ISIS/workspace_ycube/GlobusSatProject/..//hal/hcc/lib\libHCCD.a(atmel_mcipdc.o)
                0x20026204                mcipdc_stop
 .text.mcipdc_read
                0x20026300      0x27c C:/ISIS/workspace_ycube/GlobusSatProject/..//hal/hcc/lib\libHCCD.a(atmel_mcipdc.o)
 .text.mcipdc_write
                0x2002657c      0x298 C:/ISIS/workspace_ycube/GlobusSatProject/..//hal/hcc/lib\libHCCD.a(atmel_mcipdc.o)
 .text.mcipdc_readsector
                0x20026814       0x9c C:/ISIS/workspace_ycube/GlobusSatProject/..//hal/hcc/lib\libHCCD.a(atmel_mcipdc.o)
                0x20026814                mcipdc_readsector
 .text.mcipdc_readmultiplesector
                0x200268b0      0x124 C:/ISIS/workspace_ycube/GlobusSatProject/..//hal/hcc/lib\libHCCD.a(atmel_mcipdc.o)
                0x200268b0                mcipdc_readmultiplesector
 .text.mcipdc_writesector
                0x200269d4       0x90 C:/ISIS/workspace_ycube/GlobusSatProject/..//hal/hcc/lib\libHCCD.a(atmel_mcipdc.o)
                0x200269d4                mcipdc_writesector
 .text.mcipdc_writemultiplesector
                0x20026a64      0x120 C:/ISIS/workspace_ycube/GlobusSatProject/..//hal/hcc/lib\libHCCD.a(atmel_mcipdc.o)
                0x20026a64                mcipdc_writemultiplesector
 .text.mcipdc_set_speed
                0x20026b84       0xb0 C:/ISIS/workspace_ycube/GlobusSatProject/..//hal/hcc/lib\libHCCD.a(atmel_mcipdc.o)
 .text.mcipdc_get_speed
                0x20026c34       0x48 C:/ISIS/workspace_ycube/GlobusSatProject/..//hal/hcc/lib\libHCCD.a(atmel_mcipdc.o)
 .text._get_csd_bits
                0x20026c7c      0x14c C:/ISIS/workspace_ycube/GlobusSatProject/..//hal/hcc/lib\libHCCD.a(atmel_mcipdc.o)
 .text.mcipdc_initcard
                0x20026dc8      0x8f4 C:/ISIS/workspace_ycube/GlobusSatProject/..//hal/hcc/lib\libHCCD.a(atmel_mcipdc.o)
 .text.mcipdc_getstatus
                0x200276bc       0xe8 C:/ISIS/workspace_ycube/GlobusSatProject/..//hal/hcc/lib\libHCCD.a(atmel_mcipdc.o)
 .text.mcipdc_getphy
                0x200277a4       0x90 C:/ISIS/workspace_ycube/GlobusSatProject/..//hal/hcc/lib\libHCCD.a(atmel_mcipdc.o)
 .text.mcipdc_release
                0x20027834       0x50 C:/ISIS/workspace_ycube/GlobusSatProject/..//hal/hcc/lib\libHCCD.a(atmel_mcipdc.o)
 .text.atmel_mcipdc_initfunc
                0x20027884      0x160 C:/ISIS/workspace_ycube/GlobusSatProject/..//hal/hcc/lib\libHCCD.a(atmel_mcipdc.o)
                0x20027884                atmel_mcipdc_initfunc
 .text.oal_task_get_id
                0x200279e4       0x18 C:/ISIS/workspace_ycube/GlobusSatProject/..//hal/hcc/lib\libHCCD.a(oalp_task.o)
                0x200279e4                oal_task_get_id
 .text.oal_mutex_create
                0x200279fc       0x54 C:/ISIS/workspace_ycube/GlobusSatProject/..//hal/hcc/lib\libHCCD.a(oalp_mutex.o)
                0x200279fc                oal_mutex_create
 .text.oal_mutex_delete
                0x20027a50       0x30 C:/ISIS/workspace_ycube/GlobusSatProject/..//hal/hcc/lib\libHCCD.a(oalp_mutex.o)
                0x20027a50                oal_mutex_delete
 .text.oal_mutex_get
                0x20027a80       0x58 C:/ISIS/workspace_ycube/GlobusSatProject/..//hal/hcc/lib\libHCCD.a(oalp_mutex.o)
                0x20027a80                oal_mutex_get
 .text.oal_mutex_put
                0x20027ad8       0x58 C:/ISIS/workspace_ycube/GlobusSatProject/..//hal/hcc/lib\libHCCD.a(oalp_mutex.o)
                0x20027ad8                oal_mutex_put
 .text.mcipdc_hw_init
                0x20027b30       0xe8 C:/ISIS/workspace_ycube/GlobusSatProject/..//hal/hcc/lib\libHCCD.a(atmel_mcipdc_hw.o)
                0x20027b30                mcipdc_hw_init
 .text.mcipdc_hw_delete
                0x20027c18       0x78 C:/ISIS/workspace_ycube/GlobusSatProject/..//hal/hcc/lib\libHCCD.a(atmel_mcipdc_hw.o)
                0x20027c18                mcipdc_hw_delete
 .text.mcipdc_hw_card_plugged
                0x20027c90       0x1c C:/ISIS/workspace_ycube/GlobusSatProject/..//hal/hcc/lib\libHCCD.a(atmel_mcipdc_hw.o)
                0x20027c90                mcipdc_hw_card_plugged
 .text.mcipdc_hw_card_writeprotect
                0x20027cac       0x1c C:/ISIS/workspace_ycube/GlobusSatProject/..//hal/hcc/lib\libHCCD.a(atmel_mcipdc_hw.o)
                0x20027cac                mcipdc_hw_card_writeprotect
 .text.psp_getrand
                0x20027cc8      0x14c C:/ISIS/workspace_ycube/GlobusSatProject/..//hal/hcc/lib\libHCCD.a(psp_rand.o)
                0x20027cc8                psp_getrand
 .text.psp_getcurrenttimedate
                0x20027e14       0x8c C:/ISIS/workspace_ycube/GlobusSatProject/..//hal/hcc/lib\libHCCD.a(psp_rtc.o)
                0x20027e14                psp_getcurrenttimedate
 .text._hcc_get_buf_dsc
                0x20027ea0       0x8c C:/ISIS/workspace_ycube/GlobusSatProject/..//hal/hcc/lib\libHCCD.a(hcc_mem.o)
 .text._hcc_check_free_pages
                0x20027f2c      0x18c C:/ISIS/workspace_ycube/GlobusSatProject/..//hal/hcc/lib\libHCCD.a(hcc_mem.o)
 .text._hcc_mark_pages
                0x200280b8      0x158 C:/ISIS/workspace_ycube/GlobusSatProject/..//hal/hcc/lib\libHCCD.a(hcc_mem.o)
 .text._hcc_clear_lock_dsc
                0x20028210       0x80 C:/ISIS/workspace_ycube/GlobusSatProject/..//hal/hcc/lib\libHCCD.a(hcc_mem.o)
 .text._hcc_lock_access
                0x20028290      0x128 C:/ISIS/workspace_ycube/GlobusSatProject/..//hal/hcc/lib\libHCCD.a(hcc_mem.o)
 .text._hcc_unlock_access
                0x200283b8       0x30 C:/ISIS/workspace_ycube/GlobusSatProject/..//hal/hcc/lib\libHCCD.a(hcc_mem.o)
 .text.hcc_mem_alloc
                0x200283e8      0x454 C:/ISIS/workspace_ycube/GlobusSatProject/..//hal/hcc/lib\libHCCD.a(hcc_mem.o)
                0x200283e8                hcc_mem_alloc
 .text.hcc_mem_free
                0x2002883c      0x178 C:/ISIS/workspace_ycube/GlobusSatProject/..//hal/hcc/lib\libHCCD.a(hcc_mem.o)
                0x2002883c                hcc_mem_free
 .text.hcc_mem_add
                0x200289b4      0x3b0 C:/ISIS/workspace_ycube/GlobusSatProject/..//hal/hcc/lib\libHCCD.a(hcc_mem.o)
                0x200289b4                hcc_mem_add
 .text.hcc_mem_init
                0x20028d64      0x164 C:/ISIS/workspace_ycube/GlobusSatProject/..//hal/hcc/lib\libHCCD.a(hcc_mem.o)
                0x20028d64                hcc_mem_init
 .text.hcc_mem_delete
                0x20028ec8       0x94 C:/ISIS/workspace_ycube/GlobusSatProject/..//hal/hcc/lib\libHCCD.a(hcc_mem.o)
                0x20028ec8                hcc_mem_delete
 .text.hcc_mem_buf_alloc
                0x20028f5c       0xe4 C:/ISIS/workspace_ycube/GlobusSatProject/..//hal/hcc/lib\libHCCD.a(psp_hcc_mem.o)
                0x20028f5c                hcc_mem_buf_alloc
 .text.hcc_mem_buf_free
                0x20029040       0x6c C:/ISIS/workspace_ycube/GlobusSatProject/..//hal/hcc/lib\libHCCD.a(psp_hcc_mem.o)
                0x20029040                hcc_mem_buf_free
 .text.IsisSolarPanelv2_initialize
                0x200290ac      0x118 C:/ISIS/workspace_ycube/GlobusSatProject/..//satellite-subsystems/satellite-subsystems/lib\libSatelliteSubsystemsD.a(IsisSolarPanelv2.o)
                0x200290ac                IsisSolarPanelv2_initialize
 .text.IsisSolarPanelv2_getTemperature
                0x200291c4       0xfc C:/ISIS/workspace_ycube/GlobusSatProject/..//satellite-subsystems/satellite-subsystems/lib\libSatelliteSubsystemsD.a(IsisSolarPanelv2.o)
                0x200291c4                IsisSolarPanelv2_getTemperature
 .text.IsisSolarPanelv2_getState
                0x200292c0       0x24 C:/ISIS/workspace_ycube/GlobusSatProject/..//satellite-subsystems/satellite-subsystems/lib\libSatelliteSubsystemsD.a(IsisSolarPanelv2.o)
                0x200292c0                IsisSolarPanelv2_getState
 .text._Reset   0x200292e4       0x20 C:/ISIS/workspace_ycube/GlobusSatProject/..//satellite-subsystems/satellite-subsystems/lib\libSatelliteSubsystemsD.a(IsisSolarPanelv2.o)
 .text._WaitForStartup
                0x20029304       0xa0 C:/ISIS/workspace_ycube/GlobusSatProject/..//satellite-subsystems/satellite-subsystems/lib\libSatelliteSubsystemsD.a(IsisSolarPanelv2.o)
 .text._AssignAllChannels
                0x200293a4       0x90 C:/ISIS/workspace_ycube/GlobusSatProject/..//satellite-subsystems/satellite-subsystems/lib\libSatelliteSubsystemsD.a(IsisSolarPanelv2.o)
 .text._AssignThisChannel
                0x20029434       0xe8 C:/ISIS/workspace_ycube/GlobusSatProject/..//satellite-subsystems/satellite-subsystems/lib\libSatelliteSubsystemsD.a(IsisSolarPanelv2.o)
 .text._InitiateConversion
                0x2002951c       0xac C:/ISIS/workspace_ycube/GlobusSatProject/..//satellite-subsystems/satellite-subsystems/lib\libSatelliteSubsystemsD.a(IsisSolarPanelv2.o)
 .text._WaitForConversionComplete
                0x200295c8      0x110 C:/ISIS/workspace_ycube/GlobusSatProject/..//satellite-subsystems/satellite-subsystems/lib\libSatelliteSubsystemsD.a(IsisSolarPanelv2.o)
 .text._ReadResult
                0x200296d8      0x158 C:/ISIS/workspace_ycube/GlobusSatProject/..//satellite-subsystems/satellite-subsystems/lib\libSatelliteSubsystemsD.a(IsisSolarPanelv2.o)
 .text._ExtractByte
                0x20029830       0x38 C:/ISIS/workspace_ycube/GlobusSatProject/..//satellite-subsystems/satellite-subsystems/lib\libSatelliteSubsystemsD.a(IsisSolarPanelv2.o)
 .text._ExtendSign
                0x20029868       0x6c C:/ISIS/workspace_ycube/GlobusSatProject/..//satellite-subsystems/satellite-subsystems/lib\libSatelliteSubsystemsD.a(IsisSolarPanelv2.o)
 .text._PinsInit
                0x200298d4       0x68 C:/ISIS/workspace_ycube/GlobusSatProject/..//satellite-subsystems/satellite-subsystems/lib\libSatelliteSubsystemsD.a(IsisSolarPanelv2.o)
 .text._SpiWriteRead
                0x2002993c       0x70 C:/ISIS/workspace_ycube/GlobusSatProject/..//satellite-subsystems/satellite-subsystems/lib\libSatelliteSubsystemsD.a(IsisSolarPanelv2.o)
 .text.ISIS_ANTS_REV2_Init
                0x200299ac       0xc4 C:/ISIS/workspace_ycube/GlobusSatProject/..//satellite-subsystems/satellite-subsystems/lib\libSatelliteSubsystemsD.a(isis_ants_rev2.o)
                0x200299ac                ISIS_ANTS_REV2_Init
 .text.isis_ants_rev2__arm
                0x20029a70       0x98 C:/ISIS/workspace_ycube/GlobusSatProject/..//satellite-subsystems/satellite-subsystems/lib\libSatelliteSubsystemsD.a(isis_ants_rev2.o)
                0x20029a70                isis_ants_rev2__arm
 .text.isis_ants_rev2__cancel_deploy
                0x20029b08       0x98 C:/ISIS/workspace_ycube/GlobusSatProject/..//satellite-subsystems/satellite-subsystems/lib\libSatelliteSubsystemsD.a(isis_ants_rev2.o)
                0x20029b08                isis_ants_rev2__cancel_deploy
 .text.isis_ants_rev2__disarm
                0x20029ba0       0x98 C:/ISIS/workspace_ycube/GlobusSatProject/..//satellite-subsystems/satellite-subsystems/lib\libSatelliteSubsystemsD.a(isis_ants_rev2.o)
                0x20029ba0                isis_ants_rev2__disarm
 .text.isis_ants_rev2__get_all_telemetry
                0x20029c38       0xa8 C:/ISIS/workspace_ycube/GlobusSatProject/..//satellite-subsystems/satellite-subsystems/lib\libSatelliteSubsystemsD.a(isis_ants_rev2.o)
                0x20029c38                isis_ants_rev2__get_all_telemetry
 .text.isis_ants_rev2__get_status
                0x20029ce0       0xa8 C:/ISIS/workspace_ycube/GlobusSatProject/..//satellite-subsystems/satellite-subsystems/lib\libSatelliteSubsystemsD.a(isis_ants_rev2.o)
                0x20029ce0                isis_ants_rev2__get_status
 .text.isis_ants_rev2__get_uptime
                0x20029d88       0xa8 C:/ISIS/workspace_ycube/GlobusSatProject/..//satellite-subsystems/satellite-subsystems/lib\libSatelliteSubsystemsD.a(isis_ants_rev2.o)
                0x20029d88                isis_ants_rev2__get_uptime
 .text.isis_ants_rev2__reset
                0x20029e30       0x98 C:/ISIS/workspace_ycube/GlobusSatProject/..//satellite-subsystems/satellite-subsystems/lib\libSatelliteSubsystemsD.a(isis_ants_rev2.o)
                0x20029e30                isis_ants_rev2__reset
 .text.isis_ants_rev2__start_auto_deploy
                0x20029ec8       0xb0 C:/ISIS/workspace_ycube/GlobusSatProject/..//satellite-subsystems/satellite-subsystems/lib\libSatelliteSubsystemsD.a(isis_ants_rev2.o)