Archive member included because of file (symbol)

C:/ISIS/workspace/ycube/GlobusSatProject/..//hal/hal/lib\libHALD.a(SPI.o)
                              ./src/InitSystem.o (SPI_start)
C:/ISIS/workspace/ycube/GlobusSatProject/..//hal/hal/lib\libHALD.a(I2C.o)
                              ./src/SubSystemModules/Communication/SubsystemCommands/Maintanence_Commands.o (I2C_write)
C:/ISIS/workspace/ycube/GlobusSatProject/..//hal/hal/lib\libHALD.a(ADC.o)
                              ./src/SubSystemModules/Housekepping/TelemetryCollector.o (ADC_ConvertRaw10bitToMillivolt)
C:/ISIS/workspace/ycube/GlobusSatProject/..//hal/hal/lib\libHALD.a(FRAM.o)
                              ./src/SubSystemModules/Communication/SubsystemCommands/Maintanence_Commands.o (FRAM_start)
C:/ISIS/workspace/ycube/GlobusSatProject/..//hal/hal/lib\libHALD.a(Time.o)
                              ./src/InitSystem.o (Time_start)
C:/ISIS/workspace/ycube/GlobusSatProject/..//hal/hal/lib\libHALD.a(WatchDogTimerNoOS.o)
                              ./src/main.o (WDT_start)
C:/ISIS/workspace/ycube/GlobusSatProject/..//hal/hal/lib\libHALD.a(RTT.o)
                              C:/ISIS/workspace/ycube/GlobusSatProject/..//hal/hal/lib\libHALD.a(Time.o) (RTT_start)
C:/ISIS/workspace/ycube/GlobusSatProject/..//hal/hal/lib\libHALD.a(RTC.o)
                              C:/ISIS/workspace/ycube/GlobusSatProject/..//hal/hal/lib\libHALD.a(Time.o) (RTC_getTime)
C:/ISIS/workspace/ycube/GlobusSatProject/..//hal/hal/lib\libHALD.a(WatchDogTimerOS.o)
                              ./src/TestingDemos/MainTest.o (WDT_startWatchdogKickTask)
C:/ISIS/workspace/ycube/GlobusSatProject/..//hal/hal/lib\libHALD.a(fprintf.o)
                              ./src/TLM_management.o (f_puts)
C:/ISIS/workspace/ycube/GlobusSatProject/..//hal/hal/lib\libHALD.a(util.o)
                              ./src/TestingDemos/EpsTestingDemo.o (UTIL_DbguGetInteger)
C:/ISIS/workspace/ycube/GlobusSatProject/..//hal/hal/lib\libHALD.a(LED.o)
                              C:/ISIS/workspace/ycube/GlobusSatProject/..//hal/hal/lib\libHALD.a(WatchDogTimerOS.o) (LED_toggle)
C:/ISIS/workspace/ycube/GlobusSatProject/..//hal/hcc/lib\libHCCD.a(fat_m.o)
                              ./src/TLM_management.o (fm_initvolume)
C:/ISIS/workspace/ycube/GlobusSatProject/..//hal/hcc/lib\libHCCD.a(fat.o)
                              C:/ISIS/workspace/ycube/GlobusSatProject/..//hal/hcc/lib\libHCCD.a(fat_m.o) (fn_getdcwd)
C:/ISIS/workspace/ycube/GlobusSatProject/..//hal/hcc/lib\libHCCD.a(fat_common.o)
                              C:/ISIS/workspace/ycube/GlobusSatProject/..//hal/hcc/lib\libHCCD.a(fat.o) (p_filesystem)
C:/ISIS/workspace/ycube/GlobusSatProject/..//hal/hcc/lib\libHCCD.a(safefat.o)
                              C:/ISIS/workspace/ycube/GlobusSatProject/..//hal/hcc/lib\libHCCD.a(fat.o) (s_subdir)
C:/ISIS/workspace/ycube/GlobusSatProject/..//hal/hcc/lib\libHCCD.a(atmel_mcipdc.o)
                              ./src/TLM_management.o (atmel_mcipdc_initfunc)
C:/ISIS/workspace/ycube/GlobusSatProject/..//hal/hcc/lib\libHCCD.a(oalp_task.o)
                              C:/ISIS/workspace/ycube/GlobusSatProject/..//hal/hcc/lib\libHCCD.a(fat_common.o) (oal_task_get_id)
C:/ISIS/workspace/ycube/GlobusSatProject/..//hal/hcc/lib\libHCCD.a(oalp_mutex.o)
                              C:/ISIS/workspace/ycube/GlobusSatProject/..//hal/hcc/lib\libHCCD.a(fat_common.o) (oal_mutex_create)
C:/ISIS/workspace/ycube/GlobusSatProject/..//hal/hcc/lib\libHCCD.a(atmel_mcipdc_hw.o)
                              C:/ISIS/workspace/ycube/GlobusSatProject/..//hal/hcc/lib\libHCCD.a(atmel_mcipdc.o) (mcipdc_hw_init)
C:/ISIS/workspace/ycube/GlobusSatProject/..//hal/hcc/lib\libHCCD.a(psp_rand.o)
                              C:/ISIS/workspace/ycube/GlobusSatProject/..//hal/hcc/lib\libHCCD.a(fat_common.o) (psp_getrand)
C:/ISIS/workspace/ycube/GlobusSatProject/..//hal/hcc/lib\libHCCD.a(psp_rtc.o)
                              C:/ISIS/workspace/ycube/GlobusSatProject/..//hal/hcc/lib\libHCCD.a(fat_common.o) (psp_getcurrenttimedate)
C:/ISIS/workspace/ycube/GlobusSatProject/..//hal/hcc/lib\libHCCD.a(hcc_mem.o)
                              C:/ISIS/workspace/ycube/GlobusSatProject/..//hal/hcc/lib\libHCCD.a(atmel_mcipdc.o) (hcc_mem_alloc)
C:/ISIS/workspace/ycube/GlobusSatProject/..//hal/hcc/lib\libHCCD.a(psp_hcc_mem.o)
                              C:/ISIS/workspace/ycube/GlobusSatProject/..//hal/hcc/lib\libHCCD.a(hcc_mem.o) (hcc_mem_buf_alloc)
C:/ISIS/workspace/ycube/GlobusSatProject/..//satellite-subsystems/satellite-subsystems/lib\libSatelliteSubsystemsD.a(IsisAntS.o)
                              ./src/SubSystemModules/Communication/TRXVU.o (IsisAntS_initialize)
C:/ISIS/workspace/ycube/GlobusSatProject/..//satellite-subsystems/satellite-subsystems/lib\libSatelliteSubsystemsD.a(IsisTRXVU.o)
                              ./src/TestingDemos/TrxvuTestingDemo.o (IsisTrxvu_initialize)
[...]
Memory Configuration

Name             Origin             Length             Attributes
sram0            0x00200000         0x00004000         w !xr
sram1            0x00300000         0x00004000         w !xr
sdram            0x20000000         0x02000000         w !xr
*default*        0x00000000         0xffffffff

Linker script and memory map

LOAD c:/isis/application/toolchain/bin/../lib/gcc/arm-none-eabi/4.7.4/../../../../arm-none-eabi/lib\libc.a
LOAD ./src/TestingDemos/CommandsTestingDemo.o
LOAD ./src/TestingDemos/EpsTestingDemo.o
LOAD ./src/TestingDemos/FileSystemTestingDemo.o
LOAD ./src/TestingDemos/MainTest.o
LOAD ./src/TestingDemos/MaintenanceTestingDemo.o
LOAD ./src/TestingDemos/TelemetryTestingDemo.o
LOAD ./src/TestingDemos/TrxvuTestingDemo.o
LOAD ./src/SubSystemModules/PowerManagment/EPS.o
LOAD ./src/SubSystemModules/PowerManagment/EPSOperationModes.o
LOAD ./src/SubSystemModules/Maintenance/Maintenance.o
LOAD ./src/SubSystemModules/Housekepping/TelemetryCollector.o
LOAD ./src/SubSystemModules/Communication/SubsystemCommands/EPS_Commands.o
LOAD ./src/SubSystemModules/Communication/SubsystemCommands/FS_Commands.o
LOAD ./src/SubSystemModules/Communication/SubsystemCommands/Maintanence_Commands.o
LOAD ./src/SubSystemModules/Communication/SubsystemCommands/TRXVU_Commands.o
LOAD ./src/SubSystemModules/Communication/AckHandler.o
LOAD ./src/SubSystemModules/Communication/CommandDictionary.o
LOAD ./src/SubSystemModules/Communication/SatCommandHandler.o
LOAD ./src/SubSystemModules/Communication/TRXVU.o
LOAD ./src/InitSystem.o
LOAD ./src/TLM_management.o
LOAD ./src/main.o
LOAD ./src/utils.o
LOAD C:/ISIS/workspace/ycube/GlobusSatProject/..//hal/hal/lib\libHALD.a
LOAD C:/ISIS/workspace/ycube/GlobusSatProject/..//hal/hcc/lib\libHCCD.a
LOAD C:/ISIS/workspace/ycube/GlobusSatProject/..//satellite-subsystems/satellite-subsystems/lib\libSatelliteSubsystemsD.a
LOAD C:/ISIS/workspace/ycube/GlobusSatProject/..//hal/freertos/lib\libFreeRTOSD.a
LOAD C:/ISIS/workspace/ycube/GlobusSatProject/..//hal/at91/lib\libAt91D.a
START GROUP
LOAD c:/isis/application/toolchain/bin/../lib/gcc/arm-none-eabi/4.7.4\libgcc.a
LOAD c:/isis/application/toolchain/bin/../lib/gcc/arm-none-eabi/4.7.4/../../../../arm-none-eabi/lib\libg.a
LOAD c:/isis/application/toolchain/bin/../lib/gcc/arm-none-eabi/4.7.4/../../../../arm-none-eabi/lib\libc.a
END GROUP

.fixed          0x20000000    0x417d0
                0x20000000                . = ALIGN (0x4)
                0x20000000                _sfixed = .
 *(.startup)
 .startup       0x20000000      0x184 C:/ISIS/workspace/ycube/GlobusSatProject/..//hal/at91/lib\libAt91D.a(board_cstartup.o)
                0x20000000                entry
 *(.text)
 .text          0x20000184       0x64 C:/ISIS/workspace/ycube/GlobusSatProject/..//hal/at91/lib\libAt91D.a(cp15_asm.o)
                0x20000184                _readControlRegister
                0x20000190                _writeControlRegister
                0x20000198                _waitForInterrupt
                0x200001a4                _writeTTB
                0x200001ac                _writeDomain
                0x200001b4                _writeITLBLockdown
                0x200001bc                _prefetchICacheLine
                0x200001c4                _flushDCache
                0x200001d0                _flushWriteBuffer
                0x200001dc                _invalidateIDTLBs
 .text          0x200001e8      0x114 c:/isis/application/toolchain/bin/../lib/gcc/arm-none-eabi/4.7.4\libgcc.a(_udivsi3.o)
                0x200001e8                __aeabi_uidiv
                0x200001e8                __udivsi3
                0x200002dc                __aeabi_uidivmod
 .text          0x200002fc      0x148 c:/isis/application/toolchain/bin/../lib/gcc/arm-none-eabi/4.7.4\libgcc.a(_divsi3.o)
                0x200002fc                __divsi3
                0x200002fc                __aeabi_idiv
                0x20000424                __aeabi_idivmod
 .text          0x20000444        0x4 c:/isis/application/toolchain/bin/../lib/gcc/arm-none-eabi/4.7.4\libgcc.a(_dvmd_tls.o)
                0x20000444                __aeabi_idiv0
                0x20000444                __aeabi_ldiv0
 .text          0x20000448      0x41c c:/isis/application/toolchain/bin/../lib/gcc/arm-none-eabi/4.7.4\libgcc.a(_arm_addsubdf3.o)
                0x20000448                __aeabi_drsub
                0x20000450                __aeabi_dsub
                0x20000450                __subdf3
                0x20000454                __aeabi_dadd
                0x20000454                __adddf3
                0x20000764                __floatunsidf
                0x20000764                __aeabi_ui2d
                0x20000788                __floatsidf
                0x20000788                __aeabi_i2d
                0x200007b0                __aeabi_f2d
                0x200007b0                __extendsfdf2
                0x200007f0                __floatundidf
                0x200007f0                __aeabi_ul2d
                0x20000804                __floatdidf
                0x20000804                __aeabi_l2d
 .text          0x20000864      0x49c c:/isis/application/toolchain/bin/../lib/gcc/arm-none-eabi/4.7.4\libgcc.a(_arm_muldivdf3.o)
                0x20000864                __aeabi_dmul
                0x20000864                __muldf3
                0x20000af4                __divdf3
                0x20000af4                __aeabi_ddiv
 .text          0x20000d00      0x144 c:/isis/application/toolchain/bin/../lib/gcc/arm-none-eabi/4.7.4\libgcc.a(_arm_cmpdf2.o)
                0x20000d00                __gtdf2
                0x20000d00                __gedf2
                0x20000d08                __ltdf2
                0x20000d08                __ledf2
                0x20000d10                __nedf2
                0x20000d10                __eqdf2
                0x20000d10                __cmpdf2
                0x20000d98                __aeabi_cdrcmple
                0x20000db4                __aeabi_cdcmpeq
                0x20000db4                __aeabi_cdcmple
                0x20000dcc                __aeabi_dcmpeq
                0x20000de4                __aeabi_dcmplt
                0x20000dfc                __aeabi_dcmple
                0x20000e14                __aeabi_dcmpge
                0x20000e2c                __aeabi_dcmpgt
 .text          0x20000e44      0x2ac c:/isis/application/toolchain/bin/../lib/gcc/arm-none-eabi/4.7.4\libgcc.a(_arm_addsubsf3.o)
                0x20000e44                __aeabi_frsub
                0x20000e4c                __subsf3
                0x20000e4c                __aeabi_fsub
                0x20000e50                __aeabi_fadd
                0x20000e50                __addsf3
                0x2000100c                __aeabi_ui2f
                0x2000100c                __floatunsisf
                0x20001014                __aeabi_i2f
                0x20001014                __floatsisf
                0x20001034                __aeabi_ul2f
                0x20001034                __floatundisf
                0x20001044                __aeabi_l2f
                0x20001044                __floatdisf
 .text          0x200010f0      0x2f8 c:/isis/application/toolchain/bin/../lib/gcc/arm-none-eabi/4.7.4\libgcc.a(_arm_muldivsf3.o)
                0x200010f0                __mulsf3
                0x200010f0                __aeabi_fmul
                0x20001288                __aeabi_fdiv
                0x20001288                __divsf3
 .text          0x200013e8      0x114 c:/isis/application/toolchain/bin/../lib/gcc/arm-none-eabi/4.7.4\libgcc.a(_arm_cmpsf2.o)
                0x200013e8                __gesf2
                0x200013e8                __gtsf2
                0x200013f0                __lesf2
                0x200013f0                __ltsf2
                0x200013f8                __nesf2
                0x200013f8                __eqsf2
                0x200013f8                __cmpsf2
                0x2000145c                __aeabi_cfrcmple
                0x2000146c                __aeabi_cfcmpeq
                0x2000146c                __aeabi_cfcmple
                0x20001484                __aeabi_fcmpeq
                0x2000149c                __aeabi_fcmplt
                0x200014b4                __aeabi_fcmple
                0x200014cc                __aeabi_fcmpge
                0x200014e4                __aeabi_fcmpgt
 .text          0x200014fc       0x54 c:/isis/application/toolchain/bin/../lib/gcc/arm-none-eabi/4.7.4\libgcc.a(_arm_fixunssfsi.o)
                0x200014fc                __fixunssfsi
                0x200014fc                __aeabi_f2uiz
 .text          0x20001550       0x5c c:/isis/application/toolchain/bin/../lib/gcc/arm-none-eabi/4.7.4\libgcc.a(_arm_fixdfsi.o)
                0x20001550                __aeabi_d2iz
                0x20001550                __fixdfsi
 .text          0x200015ac       0x3c c:/isis/application/toolchain/bin/../lib/gcc/arm-none-eabi/4.7.4\libgcc.a(_aeabi_uldivmod.o)
                0x200015ac                __aeabi_uldivmod
 .text          0x200015e8       0x84 c:/isis/application/toolchain/bin/../lib/gcc/arm-none-eabi/4.7.4\libgcc.a(bpabi.o)
                0x200015e8                __gnu_ldivmod_helper
                0x2000162c                __gnu_uldivmod_helper
 .text          0x2000166c      0x4f0 c:/isis/application/toolchain/bin/../lib/gcc/arm-none-eabi/4.7.4\libgcc.a(_divdi3.o)
                0x2000166c                __divdi3
 .text          0x20001b5c      0x488 c:/isis/application/toolchain/bin/../lib/gcc/arm-none-eabi/4.7.4\libgcc.a(_udivdi3.o)
                0x20001b5c                __udivdi3
 .text          0x20001fe4       0x48 c:/isis/application/toolchain/bin/../lib/gcc/arm-none-eabi/4.7.4\libgcc.a(_clzsi2.o)
                0x20001fe4                __clzsi2
 *(.text*)
 .text.TestActUponCommand
                0x2000202c      0x114 ./src/TestingDemos/CommandsTestingDemo.o
                0x2000202c                TestActUponCommand
 .text.TestAssmbleCommand
                0x20002140      0x134 ./src/TestingDemos/CommandsTestingDemo.o
                0x20002140                TestAssmbleCommand
 .text.TestGetDelayedCommand
                0x20002274       0xa0 ./src/TestingDemos/CommandsTestingDemo.o
                0x20002274                TestGetDelayedCommand
 .text.TestAddDelayedCommand
                0x20002314       0xbc ./src/TestingDemos/CommandsTestingDemo.o
                0x20002314                TestAddDelayedCommand
 .text.TestGetDelayedCommandBufferCount
                0x200023d0       0x54 ./src/TestingDemos/CommandsTestingDemo.o
                0x200023d0                TestGetDelayedCommandBufferCount
 .text.TestGetOnlineCommand
                0x20002424       0xc8 ./src/TestingDemos/CommandsTestingDemo.o
                0x20002424                TestGetOnlineCommand
 .text.TestDeleteDelayedCommandByIndex
                0x200024ec      0x1c0 ./src/TestingDemos/CommandsTestingDemo.o
                0x200024ec                TestDeleteDelayedCommandByIndex
 .text.TestDeleteDelayedBuffer
                0x200026ac      0x140 ./src/TestingDemos/CommandsTestingDemo.o
                0x200026ac                TestDeleteDelayedBuffer
 .text.selectAndExecuteCommandsDemoTest
                0x200027ec      0x174 ./src/TestingDemos/CommandsTestingDemo.o
                0x200027ec                selectAndExecuteCommandsDemoTest
 .text.MainCommandsTestBench
                0x20002960       0x44 ./src/TestingDemos/CommandsTestingDemo.o
                0x20002960                MainCommandsTestBench
 .text.TestEpsConditioning
                0x200029a4      0x1e8 ./src/TestingDemos/EpsTestingDemo.o
                0x200029a4                TestEpsConditioning
 .text.TestGetBatteryVoltage
                0x20002b8c       0x64 ./src/TestingDemos/EpsTestingDemo.o
                0x20002b8c                TestGetBatteryVoltage
 .text.TestUpdateThreshVoltages
                0x20002bf0      0x170 ./src/TestingDemos/EpsTestingDemo.o
                0x20002bf0                TestUpdateThreshVoltages
 .text.TestGetThreshVoltages
                0x20002d60       0xb0 ./src/TestingDemos/EpsTestingDemo.o
                0x20002d60                TestGetThreshVoltages
 .text.TestUpdateAlpha
                0x20002e10       0xc0 ./src/TestingDemos/EpsTestingDemo.o
                0x20002e10                TestUpdateAlpha
 .text.TestGetAlpha
                0x20002ed0       0x78 ./src/TestingDemos/EpsTestingDemo.o
                0x20002ed0                TestGetAlpha
 .text.TestRestoreDefaultAlpha
                0x20002f48       0xf4 ./src/TestingDemos/EpsTestingDemo.o
                0x20002f48                TestRestoreDefaultAlpha
 .text.TestRestoreDefaultThresholdVoltages
                0x2000303c      0x154 ./src/TestingDemos/EpsTestingDemo.o
                0x2000303c                TestRestoreDefaultThresholdVoltages
 .text.GetHeaterValues
                0x20003190       0xb0 ./src/TestingDemos/EpsTestingDemo.o
                0x20003190                GetHeaterValues
 .text.SetHeaterValues
                0x20003240      0x104 ./src/TestingDemos/EpsTestingDemo.o
                0x20003240                SetHeaterValues
 .text.selectAndExecuteEpsDemoTest
                0x20003344      0x1b0 ./src/TestingDemos/EpsTestingDemo.o
                0x20003344                selectAndExecuteEpsDemoTest
 .text.MainEpsTestBench
                0x200034f4       0x40 ./src/TestingDemos/EpsTestingDemo.o
                0x200034f4                MainEpsTestBench
 .text.TestlistFiels
                0x20003534       0xc0 ./src/TestingDemos/FileSystemTestingDemo.o
                0x20003534                TestlistFiels
 .text.TestLOGTLM
                0x200035f4      0x110 ./src/TestingDemos/FileSystemTestingDemo.o
                0x200035f4                TestLOGTLM
 .text.TestEPSTLM
                0x20003704       0xa8 ./src/TestingDemos/FileSystemTestingDemo.o
                0x20003704                TestEPSTLM
 .text.TestReadTimeRangeTLMRes
                0x200037ac      0x210 ./src/TestingDemos/FileSystemTestingDemo.o
                0x200037ac                TestReadTimeRangeTLMRes
 .text.TestReadTimeRangeTLM
                0x200039bc      0x178 ./src/TestingDemos/FileSystemTestingDemo.o
                0x200039bc                TestReadTimeRangeTLM
 .text.GenerateWODTLM
                0x20003b34       0xd0 ./src/TestingDemos/FileSystemTestingDemo.o
                0x20003b34                GenerateWODTLM
 .text.DeleteOldFiles
                0x20003c04      0x294 ./src/TestingDemos/FileSystemTestingDemo.o
                0x20003c04                DeleteOldFiles
 .text.CreateFiles4DeleteTest
                0x20003e98      0x100 ./src/TestingDemos/FileSystemTestingDemo.o
                0x20003e98                CreateFiles4DeleteTest
 .text.copyTLMFile
                0x20003f98      0x22c ./src/TestingDemos/FileSystemTestingDemo.o
                0x20003f98                copyTLMFile
 .text.TestWODTLM
                0x200041c4       0xa8 ./src/TestingDemos/FileSystemTestingDemo.o
                0x200041c4                TestWODTLM
 .text.TestDeleteFiels
                0x2000426c      0x2b8 ./src/TestingDemos/FileSystemTestingDemo.o
                0x2000426c                TestDeleteFiels
 .text.TestReadMultiFiels
                0x20004524      0x2ac ./src/TestingDemos/FileSystemTestingDemo.o
                0x20004524                TestReadMultiFiels
 .text.TestTRXVUTLM
                0x200047d0      0x11c ./src/TestingDemos/FileSystemTestingDemo.o
                0x200047d0                TestTRXVUTLM
 .text.FullSDTest
                0x200048ec      0x180 ./src/TestingDemos/FileSystemTestingDemo.o
                0x200048ec                FullSDTest
 .text.LogErrorRateTest
                0x20004a6c      0x11c ./src/TestingDemos/FileSystemTestingDemo.o
                0x20004a6c                LogErrorRateTest
 .text.selectAndExecuteFSTest
                0x20004b88      0x21c ./src/TestingDemos/FileSystemTestingDemo.o
                0x20004b88                selectAndExecuteFSTest
 .text.MainFileSystemTestBench
                0x20004da4       0x44 ./src/TestingDemos/FileSystemTestingDemo.o
                0x20004da4                MainFileSystemTestBench
 .text.selectAndExecuteTest
                0x20004de8      0x168 ./src/TestingDemos/MainTest.o
                0x20004de8                selectAndExecuteTest
 .text.taskTesting
                0x20004f50       0x28 ./src/TestingDemos/MainTest.o
                0x20004f50                taskTesting
 .text.printSDINfo
                0x20004f78       0x84 ./src/TestingDemos/MaintenanceTestingDemo.o
                0x20004f78                printSDINfo
 .text.changeFirstActivation
                0x20004ffc       0x84 ./src/TestingDemos/MaintenanceTestingDemo.o
                0x20004ffc                changeFirstActivation
 .text.selectAndExecuteMaintenanceDemoTest
                0x20005080      0x19c ./src/TestingDemos/MaintenanceTestingDemo.o
                0x20005080                selectAndExecuteMaintenanceDemoTest
 .text.MainMaintenanceTestBench
                0x2000521c       0x40 ./src/TestingDemos/MaintenanceTestingDemo.o
                0x2000521c                MainMaintenanceTestBench
 .text.MainTelemetryTestBench
                0x2000525c       0x1c ./src/TestingDemos/TelemetryTestingDemo.o
                0x2000525c                MainTelemetryTestBench
 .text.TestInitTrxvu
                0x20005278       0x54 ./src/TestingDemos/TrxvuTestingDemo.o
                0x20005278                TestInitTrxvu
 .text.TestInitTrxvuWithDifferentFrameLengths
                0x200052cc      0x134 ./src/TestingDemos/TrxvuTestingDemo.o
                0x200052cc                TestInitTrxvuWithDifferentFrameLengths
 .text.TestTrxvuLogic
                0x20005400       0xd4 ./src/TestingDemos/TrxvuTestingDemo.o
                0x20005400                TestTrxvuLogic
 .text.TestCheckTransmitionAllowed
                0x200054d4       0xa4 ./src/TestingDemos/TrxvuTestingDemo.o
                0x200054d4                TestCheckTransmitionAllowed
 .text.TestSendDumpAbortRequest
                0x20005578       0x24 ./src/TestingDemos/TrxvuTestingDemo.o
                0x20005578                TestSendDumpAbortRequest
 .text.TestTransmitDummySplPacket
                0x2000559c       0xc0 ./src/TestingDemos/TrxvuTestingDemo.o
                0x2000559c                TestTransmitDummySplPacket
 .text.TestTransmitSplPacket
                0x2000565c      0x1ec ./src/TestingDemos/TrxvuTestingDemo.o
                0x2000565c                TestTransmitSplPacket
 .text.TestExitDump
                0x20005848       0x1c ./src/TestingDemos/TrxvuTestingDemo.o
                0x20005848                TestExitDump
 .text.TestDumpTelemetry
                0x20005864       0x9c ./src/TestingDemos/TrxvuTestingDemo.o
                0x20005864                TestDumpTelemetry
 .text.TestRestoreDefaultBeaconParameters
                0x20005900       0x1c ./src/TestingDemos/TrxvuTestingDemo.o
                0x20005900                TestRestoreDefaultBeaconParameters
 .text.TestChooseDefaultBeaconCycle
                0x2000591c       0xe0 ./src/TestingDemos/TrxvuTestingDemo.o
                0x2000591c                TestChooseDefaultBeaconCycle
 .text.TestBeaconLogic
                0x200059fc       0xdc ./src/TestingDemos/TrxvuTestingDemo.o
                0x200059fc                TestBeaconLogic
 .text.TestMuteTrxvu
                0x20005ad8       0x9c ./src/TestingDemos/TrxvuTestingDemo.o
                0x20005ad8                TestMuteTrxvu
 .text.TestUnMuteTrxvu
                0x20005b74       0x30 ./src/TestingDemos/TrxvuTestingDemo.o
                0x20005b74                TestUnMuteTrxvu
 .text.TestGetNumberOfFramesInBuffer
                0x20005ba4       0x54 ./src/TestingDemos/TrxvuTestingDemo.o
                0x20005ba4                TestGetNumberOfFramesInBuffer
 .text.TestSetTrxvuBitrate
                0x20005bf8       0xf0 ./src/TestingDemos/TrxvuTestingDemo.o
                0x20005bf8                TestSetTrxvuBitrate
 .text.TestGetTrxvuBitrate
                0x20005ce8       0xb0 ./src/TestingDemos/TrxvuTestingDemo.o
                0x20005ce8                TestGetTrxvuBitrate
 .text.TestTransmitDataAsSPL_Packet
                0x20005d98      0x114 ./src/TestingDemos/TrxvuTestingDemo.o
                0x20005d98                TestTransmitDataAsSPL_Packet
 .text.selectAndExecuteTrxvuDemoTest
                0x20005eac      0x290 ./src/TestingDemos/TrxvuTestingDemo.o
                0x20005eac                selectAndExecuteTrxvuDemoTest
 .text.MainTrxvuTestBench
                0x2000613c       0x44 ./src/TestingDemos/TrxvuTestingDemo.o
                0x2000613c                MainTrxvuTestBench
 .text.GetBatteryVoltage
                0x20006180       0x38 ./src/SubSystemModules/PowerManagment/EPS.o
                0x20006180                GetBatteryVoltage
 .text.EPS_Init
                0x200061b8       0xb8 ./src/SubSystemModules/PowerManagment/EPS.o
                0x200061b8                EPS_Init
 .text.EPS_Conditioning
                0x20006270      0x1c4 ./src/SubSystemModules/PowerManagment/EPS.o
                0x20006270                EPS_Conditioning
 .text.UpdateAlpha
                0x20006434       0xd8 ./src/SubSystemModules/PowerManagment/EPS.o
                0x20006434                UpdateAlpha
 .text.UpdateThresholdVoltages
                0x2000650c      0x218 ./src/SubSystemModules/PowerManagment/EPS.o
                0x2000650c                UpdateThresholdVoltages
 .text.GetThresholdVoltages
                0x20006724       0x80 ./src/SubSystemModules/PowerManagment/EPS.o
                0x20006724                GetThresholdVoltages
 .text.GetAlpha
                0x200067a4       0x7c ./src/SubSystemModules/PowerManagment/EPS.o
                0x200067a4                GetAlpha
 .text.RestoreDefaultThresholdVoltages
                0x20006820       0x74 ./src/SubSystemModules/PowerManagment/EPS.o
                0x20006820                RestoreDefaultThresholdVoltages
 .text.CMDGetHeaterValues
                0x20006894       0x24 ./src/SubSystemModules/PowerManagment/EPS.o
                0x20006894                CMDGetHeaterValues
 .text.CMDSetHeaterValues
                0x200068b8       0x58 ./src/SubSystemModules/PowerManagment/EPS.o
                0x200068b8                CMDSetHeaterValues
 .text.EnterFullMode
                0x20006910       0x44 ./src/SubSystemModules/PowerManagment/EPSOperationModes.o
                0x20006910                EnterFullMode
 .text.EnterCruiseMode
                0x20006954       0x44 ./src/SubSystemModules/PowerManagment/EPSOperationModes.o
                0x20006954                EnterCruiseMode
 .text.EnterSafeMode
                0x20006998       0x44 ./src/SubSystemModules/PowerManagment/EPSOperationModes.o
                0x20006998                EnterSafeMode
 .text.EnterCriticalMode
                0x200069dc       0x44 ./src/SubSystemModules/PowerManagment/EPSOperationModes.o
                0x200069dc                EnterCriticalMode
 .text.GetSystemState
                0x20006a20       0x24 ./src/SubSystemModules/PowerManagment/EPSOperationModes.o
                0x20006a20                GetSystemState
 .text.GetSystemChannelState
                0x20006a44       0x24 ./src/SubSystemModules/PowerManagment/EPSOperationModes.o
                0x20006a44                GetSystemChannelState
 .text.EpsGetLowVoltageFlag
                0x20006a68       0x24 ./src/SubSystemModules/PowerManagment/EPSOperationModes.o
                0x20006a68                EpsGetLowVoltageFlag
 .text.EpsSetLowVoltageFlag
                0x20006a8c       0x2c ./src/SubSystemModules/PowerManagment/EPSOperationModes.o
                0x20006a8c                EpsSetLowVoltageFlag
 .text.CheckExecutionTime
                0x20006ab8       0x80 ./src/SubSystemModules/Maintenance/Maintenance.o
                0x20006ab8                CheckExecutionTime
 .text.SaveSatTimeInFRAM
                0x20006b38       0x44 ./src/SubSystemModules/Maintenance/Maintenance.o
                0x20006b38                SaveSatTimeInFRAM
 .text.WakeupFromResetCMD
                0x20006b7c      0x120 ./src/SubSystemModules/Maintenance/Maintenance.o
                0x20006b7c                WakeupFromResetCMD
 .text.ResetGroundCommWDT
                0x20006c9c       0x1c ./src/SubSystemModules/Maintenance/Maintenance.o
                0x20006c9c                ResetGroundCommWDT
 .text.DeleteOldFiels
                0x20006cb8      0x2f4 ./src/SubSystemModules/Maintenance/Maintenance.o
                0x20006cb8                DeleteOldFiels
 .text.HardResetMCU
                0x20006fac       0x24 ./src/SubSystemModules/Maintenance/Maintenance.o
                0x20006fac                HardResetMCU
 .text.InitSavePeriodTimes
                0x20006fd0       0x78 ./src/SubSystemModules/Housekepping/TelemetryCollector.o
                0x20006fd0                InitSavePeriodTimes
 .text.CMD_GetTLMPeriodTimes
                0x20007048       0x38 ./src/SubSystemModules/Housekepping/TelemetryCollector.o
                0x20007048                CMD_GetTLMPeriodTimes
 .text.CMD_SetTLMPeriodTimes
                0x20007080      0x17c ./src/SubSystemModules/Housekepping/TelemetryCollector.o
                0x20007080                CMD_SetTLMPeriodTimes
 .text.TelemetryCollectorLogic
                0x200071fc      0x208 ./src/SubSystemModules/Housekepping/TelemetryCollector.o
                0x200071fc                TelemetryCollectorLogic
 .text.TelemetrySaveEPS
                0x20007404       0x18 ./src/SubSystemModules/Housekepping/TelemetryCollector.o
                0x20007404                TelemetrySaveEPS
 .text.TelemetrySaveTRXVU
                0x2000741c       0x94 ./src/SubSystemModules/Housekepping/TelemetryCollector.o
                0x2000741c                TelemetrySaveTRXVU
 .text.TelemetrySaveANT
                0x200074b0       0xa4 ./src/SubSystemModules/Housekepping/TelemetryCollector.o
                0x200074b0                TelemetrySaveANT
 .text.TelemetrySaveSolarPanels
                0x20007554      0x228 ./src/SubSystemModules/Housekepping/TelemetryCollector.o
                0x20007554                TelemetrySaveSolarPanels
 .text.TelemetrySaveWOD
                0x2000777c       0x48 ./src/SubSystemModules/Housekepping/TelemetryCollector.o
                0x2000777c                TelemetrySaveWOD
 .text.GetCurrentWODTelemetry
                0x200077c4      0x74c ./src/SubSystemModules/Housekepping/TelemetryCollector.o
                0x200077c4                GetCurrentWODTelemetry
 .text.CMD_EPS_ResetWDT
                0x20007f10       0x48 ./src/SubSystemModules/Communication/SubsystemCommands/EPS_Commands.o
                0x20007f10                CMD_EPS_ResetWDT
 .text.CMD_DeleteTLM
                0x20007f58      0x1d8 ./src/SubSystemModules/Communication/SubsystemCommands/FS_Commands.o
                0x20007f58                CMD_DeleteTLM
 .text.CMD_DeleteAllFiles
                0x20008130       0x38 ./src/SubSystemModules/Communication/SubsystemCommands/FS_Commands.o
                0x20008130                CMD_DeleteAllFiles
 .text.CMD_GetLastFS_Error
                0x20008168       0x4c ./src/SubSystemModules/Communication/SubsystemCommands/FS_Commands.o
                0x20008168                CMD_GetLastFS_Error
 .text.CMD_GenericI2C
                0x200081b4      0x144 ./src/SubSystemModules/Communication/SubsystemCommands/Maintanence_Commands.o
                0x200081b4                CMD_GenericI2C
 .text.CMD_FRAM_ReadAndTransmitt
                0x200082f8       0xe8 ./src/SubSystemModules/Communication/SubsystemCommands/Maintanence_Commands.o
                0x200082f8                CMD_FRAM_ReadAndTransmitt
 .text.CMD_FRAM_WriteAndTransmitt
                0x200083e0      0x11c ./src/SubSystemModules/Communication/SubsystemCommands/Maintanence_Commands.o
                0x200083e0                CMD_FRAM_WriteAndTransmitt
 .text.CMD_FRAM_ReStart
                0x200084fc       0x4c ./src/SubSystemModules/Communication/SubsystemCommands/Maintanence_Commands.o
                0x200084fc                CMD_FRAM_ReStart
 .text.CMD_UpdateSatTime
                0x20008548       0xa4 ./src/SubSystemModules/Communication/SubsystemCommands/Maintanence_Commands.o
                0x20008548                CMD_UpdateSatTime
 .text.CMD_GetSatUptime
                0x200085ec       0x48 ./src/SubSystemModules/Communication/SubsystemCommands/Maintanence_Commands.o
                0x200085ec                CMD_GetSatUptime
 .text.CMD_ResetComponent
                0x20008634      0x290 ./src/SubSystemModules/Communication/SubsystemCommands/Maintanence_Commands.o
                0x20008634                CMD_ResetComponent
 .text.DumpTask
                0x200088c4      0x310 ./src/SubSystemModules/Communication/SubsystemCommands/TRXVU_Commands.o
                0x200088c4                DumpTask
 .text.CMD_AntennaDeploy
                0x20008bd4       0xec ./src/SubSystemModules/Communication/SubsystemCommands/TRXVU_Commands.o
                0x20008bd4                CMD_AntennaDeploy
 .text.CMD_StartDump
                0x20008cc0      0x224 ./src/SubSystemModules/Communication/SubsystemCommands/TRXVU_Commands.o
                0x20008cc0                CMD_StartDump
 .text.CMD_SendDumpAbortRequest
                0x20008ee4       0x38 ./src/SubSystemModules/Communication/SubsystemCommands/TRXVU_Commands.o
                0x20008ee4                CMD_SendDumpAbortRequest
 .text.CMD_ForceDumpAbort
                0x20008f1c       0x3c ./src/SubSystemModules/Communication/SubsystemCommands/TRXVU_Commands.o
                0x20008f1c                CMD_ForceDumpAbort
 .text.CMD_SetTransponder
                0x20008f58      0x148 ./src/SubSystemModules/Communication/SubsystemCommands/TRXVU_Commands.o
                0x20008f58                CMD_SetTransponder
 .text.CMD_SetRSSITransponder
                0x200090a0       0x90 ./src/SubSystemModules/Communication/SubsystemCommands/TRXVU_Commands.o
                0x200090a0                CMD_SetRSSITransponder
 .text.CMD_MuteTRXVU
                0x20009130       0xc4 ./src/SubSystemModules/Communication/SubsystemCommands/TRXVU_Commands.o
                0x20009130                CMD_MuteTRXVU
 .text.CMD_SetIdleState
                0x200091f4       0x94 ./src/SubSystemModules/Communication/SubsystemCommands/TRXVU_Commands.o
                0x200091f4                CMD_SetIdleState
 .text.CMD_UnMuteTRXVU
                0x20009288       0x38 ./src/SubSystemModules/Communication/SubsystemCommands/TRXVU_Commands.o
                0x20009288                CMD_UnMuteTRXVU
 .text.CMD_GetBaudRate
                0x200092c0       0x68 ./src/SubSystemModules/Communication/SubsystemCommands/TRXVU_Commands.o
                0x200092c0                CMD_GetBaudRate
 .text.CMD_TrasmitBeacon
                0x20009328       0x48 ./src/SubSystemModules/Communication/SubsystemCommands/TRXVU_Commands.o
                0x20009328                CMD_TrasmitBeacon
 .text.CMD_GetBeaconInterval
                0x20009370       0x6c ./src/SubSystemModules/Communication/SubsystemCommands/TRXVU_Commands.o
                0x20009370                CMD_GetBeaconInterval
 .text.CMD_SetBaudRate
                0x200093dc       0x60 ./src/SubSystemModules/Communication/SubsystemCommands/TRXVU_Commands.o
                0x200093dc                CMD_SetBaudRate
 .text.CMD_GetTxUptime
                0x2000943c       0x64 ./src/SubSystemModules/Communication/SubsystemCommands/TRXVU_Commands.o
                0x2000943c                CMD_GetTxUptime
 .text.CMD_GetRxUptime
                0x200094a0       0x64 ./src/SubSystemModules/Communication/SubsystemCommands/TRXVU_Commands.o
                0x200094a0                CMD_GetRxUptime
 .text.CMD_GetNumOfOnlineCommands
                0x20009504       0x64 ./src/SubSystemModules/Communication/SubsystemCommands/TRXVU_Commands.o
                0x20009504                CMD_GetNumOfOnlineCommands
 .text.CMD_AntSetArmStatus
                0x20009568       0xa0 ./src/SubSystemModules/Communication/SubsystemCommands/TRXVU_Commands.o
                0x20009568                CMD_AntSetArmStatus
 .text.CMD_AntGetArmStatus
                0x20009608       0x70 ./src/SubSystemModules/Communication/SubsystemCommands/TRXVU_Commands.o
                0x20009608                CMD_AntGetArmStatus
 .text.CMD_AntGetUptime
                0x20009678       0x78 ./src/SubSystemModules/Communication/SubsystemCommands/TRXVU_Commands.o
                0x20009678                CMD_AntGetUptime
 .text.CMD_StopReDeployment
                0x200096f0       0xac ./src/SubSystemModules/Communication/SubsystemCommands/TRXVU_Commands.o
                0x200096f0                CMD_StopReDeployment
 .text.CMD_AntCancelDeployment
                0x2000979c       0x68 ./src/SubSystemModules/Communication/SubsystemCommands/TRXVU_Commands.o
                0x2000979c                CMD_AntCancelDeployment
 .text.SendAckPacket
                0x20009804       0xe4 ./src/SubSystemModules/Communication/AckHandler.o
                0x20009804                SendAckPacket
 .text.trxvu_command_router
                0x200098e8      0x548 ./src/SubSystemModules/Communication/CommandDictionary.o
                0x200098e8                trxvu_command_router
 .text.eps_command_router
                0x20009e30       0xdc ./src/SubSystemModules/Communication/CommandDictionary.o
                0x20009e30                eps_command_router
 .text.telemetry_command_router
                0x20009f0c      0x1f4 ./src/SubSystemModules/Communication/CommandDictionary.o
                0x20009f0c                telemetry_command_router
 .text.managment_command_router
                0x2000a100      0x12c ./src/SubSystemModules/Communication/CommandDictionary.o
                0x2000a100                managment_command_router
 .text.filesystem_command_router
                0x2000a22c       0x24 ./src/SubSystemModules/Communication/CommandDictionary.o
                0x2000a22c                filesystem_command_router
 .text.ParseDataToCommand
                0x2000a250      0x1ac ./src/SubSystemModules/Communication/SatCommandHandler.o
                0x2000a250                ParseDataToCommand
 .text.AssembleCommand
                0x2000a3fc      0x148 ./src/SubSystemModules/Communication/SatCommandHandler.o
                0x2000a3fc                AssembleCommand
 .text.GetDelayedCommand
                0x2000a544       0x24 ./src/SubSystemModules/Communication/SatCommandHandler.o
                0x2000a544                GetDelayedCommand
 .text.AddDelayedCommand
                0x2000a568       0x24 ./src/SubSystemModules/Communication/SatCommandHandler.o
                0x2000a568                AddDelayedCommand
 .text.GetDelayedCommandBufferCount
                0x2000a58c       0x50 ./src/SubSystemModules/Communication/SatCommandHandler.o
                0x2000a58c                GetDelayedCommandBufferCount
 .text.GetDelayedCommandByIndex
                0x2000a5dc       0x28 ./src/SubSystemModules/Communication/SatCommandHandler.o
                0x2000a5dc                GetDelayedCommandByIndex
 .text.DeleteDelayedCommandByIndex
                0x2000a604       0x24 ./src/SubSystemModules/Communication/SatCommandHandler.o
                0x2000a604                DeleteDelayedCommandByIndex
 .text.DeleteDelayedBuffer
                0x2000a628       0x1c ./src/SubSystemModules/Communication/SatCommandHandler.o
                0x2000a628                DeleteDelayedBuffer
 .text.ActUponCommand
                0x2000a644      0x108 ./src/SubSystemModules/Communication/SatCommandHandler.o
                0x2000a644                ActUponCommand
 .text.setMuteEndTime
                0x2000a74c       0x40 ./src/SubSystemModules/Communication/TRXVU.o
                0x2000a74c                setMuteEndTime
 .text.getMuteEndTime
                0x2000a78c       0x44 ./src/SubSystemModules/Communication/TRXVU.o
                0x2000a78c                getMuteEndTime
 .text.setTransponderEndTime
                0x2000a7d0       0x40 ./src/SubSystemModules/Communication/TRXVU.o
                0x2000a7d0                setTransponderEndTime
 .text.getTransponderEndTime
                0x2000a810       0x44 ./src/SubSystemModules/Communication/TRXVU.o
                0x2000a810                getTransponderEndTime
 .text.setTransponderRSSIinFRAM
                0x2000a854       0x44 ./src/SubSystemModules/Communication/TRXVU.o
                0x2000a854                setTransponderRSSIinFRAM
 .text.getTransponderRSSIFromFRAM
                0x2000a898       0x4c ./src/SubSystemModules/Communication/TRXVU.o
                0x2000a898                getTransponderRSSIFromFRAM
 .text.InitTxModule
                0x2000a8e4       0x68 ./src/SubSystemModules/Communication/TRXVU.o
                0x2000a8e4                InitTxModule
 .text.CMD_SetBeaconInterval
                0x2000a94c       0xdc ./src/SubSystemModules/Communication/TRXVU.o
                0x2000a94c                CMD_SetBeaconInterval
 .text.InitBeaconParams
                0x2000aa28       0x3c ./src/SubSystemModules/Communication/TRXVU.o
                0x2000aa28                InitBeaconParams
 .text.InitSemaphores
                0x2000aa64       0x98 ./src/SubSystemModules/Communication/TRXVU.o
                0x2000aa64                InitSemaphores
 .text.InitTrxvu
                0x2000aafc       0xec ./src/SubSystemModules/Communication/TRXVU.o
                0x2000aafc                InitTrxvu
 .text.checkIdleFinish
                0x2000abe8       0x68 ./src/SubSystemModules/Communication/TRXVU.o
                0x2000abe8                checkIdleFinish
 .text.checkTransponderFinish
                0x2000ac50       0x98 ./src/SubSystemModules/Communication/TRXVU.o
                0x2000ac50                checkTransponderFinish
 .text.checkTransponderStart
                0x2000ace8       0x50 ./src/SubSystemModules/Communication/TRXVU.o
                0x2000ace8                checkTransponderStart
 .text.turnOnTransponder
                0x2000ad38       0xa0 ./src/SubSystemModules/Communication/TRXVU.o
                0x2000ad38                turnOnTransponder
 .text.SetRSSITransponder
                0x2000add8       0x80 ./src/SubSystemModules/Communication/TRXVU.o
                0x2000add8                SetRSSITransponder
 .text.TRX_Logic
                0x2000ae58       0xd4 ./src/SubSystemModules/Communication/TRXVU.o
                0x2000ae58                TRX_Logic
 .text.GetNumberOfFramesInBuffer
                0x2000af2c       0x5c ./src/SubSystemModules/Communication/TRXVU.o
                0x2000af2c                GetNumberOfFramesInBuffer
 .text.GetOnlineCommand
                0x2000af88      0x17c ./src/SubSystemModules/Communication/TRXVU.o
                0x2000af88                GetOnlineCommand
 .text.CheckTransmitionAllowed
                0x2000b104       0xc0 ./src/SubSystemModules/Communication/TRXVU.o
                0x2000b104                CheckTransmitionAllowed
 .text.FinishDump
                0x2000b1c4       0xf0 ./src/SubSystemModules/Communication/TRXVU.o
                0x2000b1c4                FinishDump
 .text.AbortDump
                0x2000b2b4       0x34 ./src/SubSystemModules/Communication/TRXVU.o
                0x2000b2b4                AbortDump
 .text.SendDumpAbortRequest
                0x2000b2e8       0x6c ./src/SubSystemModules/Communication/TRXVU.o
                0x2000b2e8                SendDumpAbortRequest
 .text.CheckDumpAbort
                0x2000b354       0x6c ./src/SubSystemModules/Communication/TRXVU.o
                0x2000b354                CheckDumpAbort
 .text.BeaconLogic
                0x2000b3c0      0x1b8 ./src/SubSystemModules/Communication/TRXVU.o
                0x2000b3c0                BeaconLogic
 .text.SetIdleState
                0x2000b578      0x144 ./src/SubSystemModules/Communication/TRXVU.o
                0x2000b578                SetIdleState
 .text.muteTRXVU
                0x2000b6bc       0x74 ./src/SubSystemModules/Communication/TRXVU.o
                0x2000b6bc                muteTRXVU
 .text.UnMuteTRXVU
                0x2000b730       0x14 ./src/SubSystemModules/Communication/TRXVU.o
                0x2000b730                UnMuteTRXVU
 .text.TransmitDataAsSPL_Packet
                0x2000b744      0x114 ./src/SubSystemModules/Communication/TRXVU.o
                0x2000b744                TransmitDataAsSPL_Packet
 .text.TransmitSplPacket
                0x2000b858      0x1cc ./src/SubSystemModules/Communication/TRXVU.o
                0x2000b858                TransmitSplPacket
 .text.isFirstActivation
                0x2000ba24       0x38 ./src/InitSystem.o
                0x2000ba24                isFirstActivation
 .text.WriteDefaultValuesToFRAM
                0x2000ba5c      0x1e8 ./src/InitSystem.o
                0x2000ba5c                WriteDefaultValuesToFRAM
 .text.StartFRAM
                0x2000bc44       0x2c ./src/InitSystem.o
                0x2000bc44                StartFRAM
 .text.StartI2C
                0x2000bc70       0x38 ./src/InitSystem.o
                0x2000bc70                StartI2C
 .text.StartSPI
                0x2000bca8       0x34 ./src/InitSystem.o
                0x2000bca8                StartSPI
 .text.StartTIME
                0x2000bcdc       0xbc ./src/InitSystem.o
                0x2000bcdc                StartTIME
 .text.DeploySystem
                0x2000bd98      0x1a4 ./src/InitSystem.o
                0x2000bd98                DeploySystem
 .text.InitSubsystems
                0x2000bf3c       0x60 ./src/InitSystem.o
                0x2000bf3c                InitSubsystems
 .text.CMD_getInfoImage
                0x2000bf9c      0x158 ./src/TLM_management.o
                0x2000bf9c                CMD_getInfoImage
 .text.CMD_getDataImage
                0x2000c0f4      0x218 ./src/TLM_management.o
                0x2000c0f4                CMD_getDataImage
 .text.delete_allTMFilesFromSD
                0x2000c30c       0x8c ./src/TLM_management.o
                0x2000c30c                delete_allTMFilesFromSD
 .text.deleteTLMFiles
                0x2000c398       0x94 ./src/TLM_management.o
                0x2000c398                deleteTLMFiles
 .text.deleteTLMFile
                0x2000c42c       0xcc ./src/TLM_management.o
                0x2000c42c                deleteTLMFile
 .text.InitializeFS
                0x2000c4f8       0xe8 ./src/TLM_management.o
                0x2000c4f8                InitializeFS
 .text.calculateFileName
                0x2000c5e0      0x130 ./src/TLM_management.o
                0x2000c5e0                calculateFileName
 .text.getTlmTypeInfo
                0x2000c710      0x230 ./src/TLM_management.o
                0x2000c710                getTlmTypeInfo
 .text.write2File
                0x2000c940      0x1dc ./src/TLM_management.o
                0x2000c940                write2File
 .text.printTLM
                0x2000cb1c      0x490 ./src/TLM_management.o
                0x2000cb1c                printTLM
 .text.readTLMFile
                0x2000cfac      0x328 ./src/TLM_management.o
                0x2000cfac                readTLMFile
 .text.readTLMFiles
                0x2000d2d4       0xdc ./src/TLM_management.o
                0x2000d2d4                readTLMFiles
 .text.readTLMFileTimeRange
                0x2000d3b0      0x2f0 ./src/TLM_management.o
                0x2000d3b0                readTLMFileTimeRange
 .text.DeInitializeFS
                0x2000d6a0       0x38 ./src/TLM_management.o
                0x2000d6a0                DeInitializeFS
 .text.main     0x2000d6d8       0x98 ./src/main.o
                0x2000d6d8                main
 .text.timeU2time
                0x2000d770       0xbc ./src/utils.o
                0x2000d770                timeU2time
 .text.logError
                0x2000d82c      0x134 ./src/utils.o
                0x2000d82c                logError
 .text.clearPDCtransfers
                0x2000d960       0xe8 C:/ISIS/workspace/ycube/GlobusSatProject/..//hal/hal/lib\libHALD.a(SPI.o)
 .text.SPI_start
                0x2000da48      0x4b0 C:/ISIS/workspace/ycube/GlobusSatProject/..//hal/hal/lib\libHALD.a(SPI.o)
                0x2000da48                SPI_start
 .text.SPI_stop
                0x2000def8      0x244 C:/ISIS/workspace/ycube/GlobusSatProject/..//hal/hal/lib\libHALD.a(SPI.o)
                0x2000def8                SPI_stop
 .text.SPI_queueTransfer
                0x2000e13c      0x1cc C:/ISIS/workspace/ycube/GlobusSatProject/..//hal/hal/lib\libHALD.a(SPI.o)
                0x2000e13c                SPI_queueTransfer
 .text.SPI_internalCallback
                0x2000e308       0x64 C:/ISIS/workspace/ycube/GlobusSatProject/..//hal/hal/lib\libHALD.a(SPI.o)
 .text.SPI_writeRead
                0x2000e36c      0x1c0 C:/ISIS/workspace/ycube/GlobusSatProject/..//hal/hal/lib\libHALD.a(SPI.o)
                0x2000e36c                SPI_writeRead
 .text.waitForTransfer
                0x2000e52c       0x78 C:/ISIS/workspace/ycube/GlobusSatProject/..//hal/hal/lib\libHALD.a(SPI.o)
 .text.SPI_getDriverState
                0x2000e5a4       0x58 C:/ISIS/workspace/ycube/GlobusSatProject/..//hal/hal/lib\libHALD.a(SPI.o)
                0x2000e5a4                SPI_getDriverState
 .text.validateTransferParameters
                0x2000e5fc      0x10c C:/ISIS/workspace/ycube/GlobusSatProject/..//hal/hal/lib\libHALD.a(I2C.o)
 .text.I2C_queueTransfer
                0x2000e708       0xfc C:/ISIS/workspace/ycube/GlobusSatProject/..//hal/hal/lib\libHALD.a(I2C.o)
                0x2000e708                I2C_queueTransfer
 .text.I2C_internalCallback
                0x2000e804       0x64 C:/ISIS/workspace/ycube/GlobusSatProject/..//hal/hal/lib\libHALD.a(I2C.o)
 .text.I2C_doBlockingTransfer
                0x2000e868      0x180 C:/ISIS/workspace/ycube/GlobusSatProject/..//hal/hal/lib\libHALD.a(I2C.o)
 .text.I2C_write
                0x2000e9e8      0x110 C:/ISIS/workspace/ycube/GlobusSatProject/..//hal/hal/lib\libHALD.a(I2C.o)
                0x2000e9e8                I2C_write
 .text.I2C_read
                0x2000eaf8      0x110 C:/ISIS/workspace/ycube/GlobusSatProject/..//hal/hal/lib\libHALD.a(I2C.o)
                0x2000eaf8                I2C_read
 .text.I2C_writeRead
                0x2000ec08      0x17c C:/ISIS/workspace/ycube/GlobusSatProject/..//hal/hal/lib\libHALD.a(I2C.o)
                0x2000ec08                I2C_writeRead
 .text.I2C_start
                0x2000ed84      0x2e8 C:/ISIS/workspace/ycube/GlobusSatProject/..//hal/hal/lib\libHALD.a(I2C.o)
                0x2000ed84                I2C_start
 .text.I2C_stop
                0x2000f06c      0x184 C:/ISIS/workspace/ycube/GlobusSatProject/..//hal/hal/lib\libHALD.a(I2C.o)
                0x2000f06c                I2C_stop
 .text.I2C_setTransferTimeout
                0x2000f1f0       0x48 C:/ISIS/workspace/ycube/GlobusSatProject/..//hal/hal/lib\libHALD.a(I2C.o)
                0x2000f1f0                I2C_setTransferTimeout
 .text.ADC_ConvertRaw10bitToMillivolt
                0x2000f238       0x50 C:/ISIS/workspace/ycube/GlobusSatProject/..//hal/hal/lib\libHALD.a(ADC.o)
                0x2000f238                ADC_ConvertRaw10bitToMillivolt
 .text.ADC_SingleShot
                0x2000f288      0x230 C:/ISIS/workspace/ycube/GlobusSatProject/..//hal/hal/lib\libHALD.a(ADC.o)
                0x2000f288                ADC_SingleShot
 .text.FRAM_start
                0x2000f4b8      0x120 C:/ISIS/workspace/ycube/GlobusSatProject/..//hal/hal/lib\libHALD.a(FRAM.o)
                0x2000f4b8                FRAM_start
 .text.FRAM_stop
                0x2000f5d8       0x6c C:/ISIS/workspace/ycube/GlobusSatProject/..//hal/hal/lib\libHALD.a(FRAM.o)
                0x2000f5d8                FRAM_stop
 .text.FRAM_dummyCallback
                0x2000f644       0x24 C:/ISIS/workspace/ycube/GlobusSatProject/..//hal/hal/lib\libHALD.a(FRAM.o)
                0x2000f644                FRAM_dummyCallback
 .text.FRAM_unlockingCallback
                0x2000f668       0x64 C:/ISIS/workspace/ycube/GlobusSatProject/..//hal/hal/lib\libHALD.a(FRAM.o)
                0x2000f668                FRAM_unlockingCallback
 .text.doBlockingTransfer
                0x2000f6cc       0x78 C:/ISIS/workspace/ycube/GlobusSatProject/..//hal/hal/lib\libHALD.a(FRAM.o)
 .text.FRAM_writePacket
                0x2000f744      0x134 C:/ISIS/workspace/ycube/GlobusSatProject/..//hal/hal/lib\libHALD.a(FRAM.o)
 .text.FRAM_write
                0x2000f878      0x1e0 C:/ISIS/workspace/ycube/GlobusSatProject/..//hal/hal/lib\libHALD.a(FRAM.o)
                0x2000f878                FRAM_write
 .text.FRAM_readPacket
                0x2000fa58       0xf0 C:/ISIS/workspace/ycube/GlobusSatProject/..//hal/hal/lib\libHALD.a(FRAM.o)
 .text.FRAM_read
                0x2000fb48      0x1ec C:/ISIS/workspace/ycube/GlobusSatProject/..//hal/hal/lib\libHALD.a(FRAM.o)
                0x2000fb48                FRAM_read
 .text.Time_start
                0x2000fd34      0x170 C:/ISIS/workspace/ycube/GlobusSatProject/..//hal/hal/lib\libHALD.a(Time.o)
                0x2000fd34                Time_start
 .text.taskTimeSync
                0x2000fea4       0x64 C:/ISIS/workspace/ycube/GlobusSatProject/..//hal/hal/lib\libHALD.a(Time.o)
 .text.Time_convertEpochToTime
                0x2000ff08      0x100 C:/ISIS/workspace/ycube/GlobusSatProject/..//hal/hal/lib\libHALD.a(Time.o)
                0x2000ff08                Time_convertEpochToTime
 .text.Time_calculateSecondsOfYear
                0x20010008       0xd8 C:/ISIS/workspace/ycube/GlobusSatProject/..//hal/hal/lib\libHALD.a(Time.o)
 .text.Time_set
                0x200100e0       0xd8 C:/ISIS/workspace/ycube/GlobusSatProject/..//hal/hal/lib\libHALD.a(Time.o)
                0x200100e0                Time_set
 .text.Time_isLeapYear
                0x200101b8       0x98 C:/ISIS/workspace/ycube/GlobusSatProject/..//hal/hal/lib\libHALD.a(Time.o)
                0x200101b8                Time_isLeapYear
 .text.Time_get
                0x20010250      0x478 C:/ISIS/workspace/ycube/GlobusSatProject/..//hal/hal/lib\libHALD.a(Time.o)
                0x20010250                Time_get
 .text.Time_getUnixEpoch
                0x200106c8      0x108 C:/ISIS/workspace/ycube/GlobusSatProject/..//hal/hal/lib\libHALD.a(Time.o)
                0x200106c8                Time_getUnixEpoch
 .text.Time_secondsOfYearToTime
                0x200107d0      0x33c C:/ISIS/workspace/ycube/GlobusSatProject/..//hal/hal/lib\libHALD.a(Time.o)
 .text.Time_setUnixEpoch
                0x20010b0c       0x54 C:/ISIS/workspace/ycube/GlobusSatProject/..//hal/hal/lib\libHALD.a(Time.o)
                0x20010b0c                Time_setUnixEpoch
 .text.Time_getUptimeSeconds
                0x20010b60       0x28 C:/ISIS/workspace/ycube/GlobusSatProject/..//hal/hal/lib\libHALD.a(Time.o)
                0x20010b60                Time_getUptimeSeconds
 .text.Time_sync
                0x20010b88      0x1a8 C:/ISIS/workspace/ycube/GlobusSatProject/..//hal/hal/lib\libHALD.a(Time.o)
                0x20010b88                Time_sync
 .text.Time_syncIfNeeded
                0x20010d30       0xac C:/ISIS/workspace/ycube/GlobusSatProject/..//hal/hal/lib\libHALD.a(Time.o)
                0x20010d30                Time_syncIfNeeded
 .text.WDT_start
                0x20010ddc       0x48 C:/ISIS/workspace/ycube/GlobusSatProject/..//hal/hal/lib\libHALD.a(WatchDogTimerNoOS.o)
                0x20010ddc                WDT_start
 .text.RTT_start
                0x20010e24       0x24 C:/ISIS/workspace/ycube/GlobusSatProject/..//hal/hal/lib\libHALD.a(RTT.o)
                0x20010e24                RTT_start
 .text.RTT_GetTime
                0x20010e48       0x24 C:/ISIS/workspace/ycube/GlobusSatProject/..//hal/hal/lib\libHALD.a(RTT.o)
                0x20010e48                RTT_GetTime
 .text.RTC_start
                0x20010e6c       0x3c C:/ISIS/workspace/ycube/GlobusSatProject/..//hal/hal/lib\libHALD.a(RTC.o)
                0x20010e6c                RTC_start
 .text.RTC_setTime
                0x20010ea8      0x2a4 C:/ISIS/workspace/ycube/GlobusSatProject/..//hal/hal/lib\libHALD.a(RTC.o)
                0x20010ea8                RTC_setTime
 .text.RTC_getTime
                0x2001114c      0x230 C:/ISIS/workspace/ycube/GlobusSatProject/..//hal/hal/lib\libHALD.a(RTC.o)
                0x2001114c                RTC_getTime
 .text.RTC_checkTimeValid
                0x2001137c       0xd8 C:/ISIS/workspace/ycube/GlobusSatProject/..//hal/hal/lib\libHALD.a(RTC.o)
                0x2001137c                RTC_checkTimeValid
 .text.WDT_startWatchdogKickTask
                0x20011454       0xb4 C:/ISIS/workspace/ycube/GlobusSatProject/..//hal/hal/lib\libHALD.a(WatchDogTimerOS.o)
                0x20011454                WDT_startWatchdogKickTask
 .text.WDT_forceKickEveryNms
                0x20011508       0x50 C:/ISIS/workspace/ycube/GlobusSatProject/..//hal/hal/lib\libHALD.a(WatchDogTimerOS.o)
                0x20011508                WDT_forceKickEveryNms
 .text.f_puts   0x20011558       0x80 C:/ISIS/workspace/ycube/GlobusSatProject/..//hal/hal/lib\libHALD.a(fprintf.o)
                0x20011558                f_puts
 .text.UTIL_DbguGetInteger
                0x200115d8      0x168 C:/ISIS/workspace/ycube/GlobusSatProject/..//hal/hal/lib\libHALD.a(util.o)
                0x200115d8                UTIL_DbguGetInteger
 .text.UTIL_DbguGetIntegerMinMax
                0x20011740       0xa4 C:/ISIS/workspace/ycube/GlobusSatProject/..//hal/hal/lib\libHALD.a(util.o)
                0x20011740                UTIL_DbguGetIntegerMinMax
 .text.LED_glow
                0x200117e4       0x58 C:/ISIS/workspace/ycube/GlobusSatProject/..//hal/hal/lib\libHALD.a(LED.o)
                0x200117e4                LED_glow
 .text.LED_dark
                0x2001183c       0x58 C:/ISIS/workspace/ycube/GlobusSatProject/..//hal/hal/lib\libHALD.a(LED.o)
                0x2001183c                LED_dark
 .text.LED_toggle
                0x20011894       0x50 C:/ISIS/workspace/ycube/GlobusSatProject/..//hal/hal/lib\libHALD.a(LED.o)
                0x20011894                LED_toggle
 .text.fm_initvolume
                0x200118e4       0x70 C:/ISIS/workspace/ycube/GlobusSatProject/..//hal/hcc/lib\libHCCD.a(fat_m.o)
                0x200118e4                fm_initvolume
 .text.fm_delvolume
                0x20011954       0x60 C:/ISIS/workspace/ycube/GlobusSatProject/..//hal/hcc/lib\libHCCD.a(fat_m.o)
                0x20011954                fm_delvolume
 .text.fm_getdrive
                0x200119b4       0x70 C:/ISIS/workspace/ycube/GlobusSatProject/..//hal/hcc/lib\libHCCD.a(fat_m.o)
                0x200119b4                fm_getdrive
 .text.fm_getfreespace
                0x20011a24       0x68 C:/ISIS/workspace/ycube/GlobusSatProject/..//hal/hcc/lib\libHCCD.a(fat_m.o)
                0x20011a24                fm_getfreespace
 .text.fm_mkdir
                0x20011a8c       0x60 C:/ISIS/workspace/ycube/GlobusSatProject/..//hal/hcc/lib\libHCCD.a(fat_m.o)
                0x20011a8c                fm_mkdir
 .text.fm_findfirst
                0x20011aec       0x68 C:/ISIS/workspace/ycube/GlobusSatProject/..//hal/hcc/lib\libHCCD.a(fat_m.o)
                0x20011aec                fm_findfirst
 .text.fm_findnext
                0x20011b54       0x60 C:/ISIS/workspace/ycube/GlobusSatProject/..//hal/hcc/lib\libHCCD.a(fat_m.o)
                0x20011b54                fm_findnext
 .text.fm_close
                0x20011bb4       0x60 C:/ISIS/workspace/ycube/GlobusSatProject/..//hal/hcc/lib\libHCCD.a(fat_m.o)
                0x20011bb4                fm_close
 .text.fm_flush
                0x20011c14       0x60 C:/ISIS/workspace/ycube/GlobusSatProject/..//hal/hcc/lib\libHCCD.a(fat_m.o)
                0x20011c14                fm_flush
 .text.fm_open  0x20011c74       0x68 C:/ISIS/workspace/ycube/GlobusSatProject/..//hal/hcc/lib\libHCCD.a(fat_m.o)
                0x20011c74                fm_open
 .text.fm_read  0x20011cdc       0x7c C:/ISIS/workspace/ycube/GlobusSatProject/..//hal/hcc/lib\libHCCD.a(fat_m.o)
                0x20011cdc                fm_read
 .text.fm_write
                0x20011d58       0x7c C:/ISIS/workspace/ycube/GlobusSatProject/..//hal/hcc/lib\libHCCD.a(fat_m.o)
                0x20011d58                fm_write
 .text.fm_seek  0x20011dd4       0x70 C:/ISIS/workspace/ycube/GlobusSatProject/..//hal/hcc/lib\libHCCD.a(fat_m.o)
                0x20011dd4                fm_seek
 .text.fm_tell  0x20011e44       0x60 C:/ISIS/workspace/ycube/GlobusSatProject/..//hal/hcc/lib\libHCCD.a(fat_m.o)
                0x20011e44                fm_tell
 .text.fm_putc  0x20011ea4       0x68 C:/ISIS/workspace/ycube/GlobusSatProject/..//hal/hcc/lib\libHCCD.a(fat_m.o)
                0x20011ea4                fm_putc
 .text.fm_rewind
                0x20011f0c       0x60 C:/ISIS/workspace/ycube/GlobusSatProject/..//hal/hcc/lib\libHCCD.a(fat_m.o)
                0x20011f0c                fm_rewind
 .text.fm_delete
                0x20011f6c       0x64 C:/ISIS/workspace/ycube/GlobusSatProject/..//hal/hcc/lib\libHCCD.a(fat_m.o)
                0x20011f6c                fm_delete
 .text.fm_getlasterror
                0x20011fd0       0x40 C:/ISIS/workspace/ycube/GlobusSatProject/..//hal/hcc/lib\libHCCD.a(fat_m.o)
                0x20011fd0                fm_getlasterror
 .text._f_invalidatedir
                0x20012010       0x28 C:/ISIS/workspace/ycube/GlobusSatProject/..//hal/hcc/lib\libHCCD.a(fat.o)
                0x20012010                _f_invalidatedir
 .text._f_getdirsector
                0x20012038       0x88 C:/ISIS/workspace/ycube/GlobusSatProject/..//hal/hcc/lib\libHCCD.a(fat.o)
                0x20012038                _f_getdirsector
 .text._f_writedirsector
                0x200120c0       0x74 C:/ISIS/workspace/ycube/GlobusSatProject/..//hal/hcc/lib\libHCCD.a(fat.o)
                0x200120c0                _f_writedirsector
 .text._f_checknameinv
                0x20012134      0x180 C:/ISIS/workspace/ycube/GlobusSatProject/..//hal/hcc/lib\libHCCD.a(fat.o)
 .text._f_checkname
                0x200122b4       0x7c C:/ISIS/workspace/ycube/GlobusSatProject/..//hal/hcc/lib\libHCCD.a(fat.o)
 .text._f_checknamewc
                0x20012330       0xf8 C:/ISIS/workspace/ycube/GlobusSatProject/..//hal/hcc/lib\libHCCD.a(fat.o)
 .text._f_setnameext
                0x20012428      0x300 C:/ISIS/workspace/ycube/GlobusSatProject/..//hal/hcc/lib\libHCCD.a(fat.o)
 .text._f_setfsname
                0x20012728      0x584 C:/ISIS/workspace/ycube/GlobusSatProject/..//hal/hcc/lib\libHCCD.a(fat.o)
 .text._f_findfile
                0x20012cac      0x30c C:/ISIS/workspace/ycube/GlobusSatProject/..//hal/hcc/lib\libHCCD.a(fat.o)
 .text._f_cmp_wname
                0x20012fb8      0x274 C:/ISIS/workspace/ycube/GlobusSatProject/..//hal/hcc/lib\libHCCD.a(fat.o)
 .text._f_to_string
                0x2001322c      0x130 C:/ISIS/workspace/ycube/GlobusSatProject/..//hal/hcc/lib\libHCCD.a(fat.o)
 .text._f_findfilewc
                0x2001335c      0x278 C:/ISIS/workspace/ycube/GlobusSatProject/..//hal/hcc/lib\libHCCD.a(fat.o)
 .text._f_getfilename
                0x200135d4      0x20c C:/ISIS/workspace/ycube/GlobusSatProject/..//hal/hcc/lib\libHCCD.a(fat.o)
 .text._f_findpath
                0x200137e0      0x35c C:/ISIS/workspace/ycube/GlobusSatProject/..//hal/hcc/lib\libHCCD.a(fat.o)
 .text.fn_getdcwd
                0x20013b3c      0x1e0 C:/ISIS/workspace/ycube/GlobusSatProject/..//hal/hcc/lib\libHCCD.a(fat.o)
                0x20013b3c                fn_getdcwd
 .text.fn_findfirst
                0x20013d1c      0x13c C:/ISIS/workspace/ycube/GlobusSatProject/..//hal/hcc/lib\libHCCD.a(fat.o)
                0x20013d1c                fn_findfirst
 .text.fn_findnext
                0x20013e58      0x360 C:/ISIS/workspace/ycube/GlobusSatProject/..//hal/hcc/lib\libHCCD.a(fat.o)
                0x20013e58                fn_findnext
 .text._f_lock_resfile
                0x200141b8       0x6c C:/ISIS/workspace/ycube/GlobusSatProject/..//hal/hcc/lib\libHCCD.a(fat.o)
 .text._f_unlock_resfile
                0x20014224       0x40 C:/ISIS/workspace/ycube/GlobusSatProject/..//hal/hcc/lib\libHCCD.a(fat.o)
 .text._f_getintfile
                0x20014264      0x124 C:/ISIS/workspace/ycube/GlobusSatProject/..//hal/hcc/lib\libHCCD.a(fat.o)
 .text._f_addentry
                0x20014388      0x540 C:/ISIS/workspace/ycube/GlobusSatProject/..//hal/hcc/lib\libHCCD.a(fat.o)
 .text.fn_mkdir
                0x200148c8      0x75c C:/ISIS/workspace/ycube/GlobusSatProject/..//hal/hcc/lib\libHCCD.a(fat.o)
                0x200148c8                fn_mkdir
 .text.fn_open_sub
                0x20015024     0x1698 C:/ISIS/workspace/ycube/GlobusSatProject/..//hal/hcc/lib\libHCCD.a(fat.o)
 .text.fn_open  0x200166bc       0x44 C:/ISIS/workspace/ycube/GlobusSatProject/..//hal/hcc/lib\libHCCD.a(fat.o)
                0x200166bc                fn_open
 .text.fn_delete
                0x20016700      0x490 C:/ISIS/workspace/ycube/GlobusSatProject/..//hal/hcc/lib\libHCCD.a(fat.o)
                0x20016700                fn_delete
 .text.fn_init  0x20016b90      0x2dc C:/ISIS/workspace/ycube/GlobusSatProject/..//hal/hcc/lib\libHCCD.a(fat_common.o)
                0x20016b90                fn_init
 .text.fn_start
                0x20016e6c       0x1c C:/ISIS/workspace/ycube/GlobusSatProject/..//hal/hcc/lib\libHCCD.a(fat_common.o)
                0x20016e6c                fn_start
 .text.fsn_delete
                0x20016e88       0xc8 C:/ISIS/workspace/ycube/GlobusSatProject/..//hal/hcc/lib\libHCCD.a(fat_common.o)
                0x20016e88                fsn_delete
 .text._f_get16bitl
                0x20016f50       0x4c C:/ISIS/workspace/ycube/GlobusSatProject/..//hal/hcc/lib\libHCCD.a(fat_common.o)
                0x20016f50                _f_get16bitl
 .text._f_set16bitl
                0x20016f9c       0x54 C:/ISIS/workspace/ycube/GlobusSatProject/..//hal/hcc/lib\libHCCD.a(fat_common.o)
                0x20016f9c                _f_set16bitl
 .text._f_get32bitl
                0x20016ff0       0x68 C:/ISIS/workspace/ycube/GlobusSatProject/..//hal/hcc/lib\libHCCD.a(fat_common.o)
                0x20016ff0                _f_get32bitl
 .text._f_set32bitl
                0x20017058       0x78 C:/ISIS/workspace/ycube/GlobusSatProject/..//hal/hcc/lib\libHCCD.a(fat_common.o)
                0x20017058                _f_set32bitl
 .text._get8bit
                0x200170d0       0xa0 C:/ISIS/workspace/ycube/GlobusSatProject/..//hal/hcc/lib\libHCCD.a(fat_common.o)
 .text._get16bitl
                0x20017170       0x40 C:/ISIS/workspace/ycube/GlobusSatProject/..//hal/hcc/lib\libHCCD.a(fat_common.o)
 .text._get32bitl
                0x200171b0       0x3c C:/ISIS/workspace/ycube/GlobusSatProject/..//hal/hcc/lib\libHCCD.a(fat_common.o)
 .text._f_setcardremoved
                0x200171ec       0x94 C:/ISIS/workspace/ycube/GlobusSatProject/..//hal/hcc/lib\libHCCD.a(fat_common.o)
 .text._f_checkstatus
                0x20017280      0x104 C:/ISIS/workspace/ycube/GlobusSatProject/..//hal/hcc/lib\libHCCD.a(fat_common.o)
                0x20017280                _f_checkstatus
 .text._f_drvgetphy
                0x20017384      0x114 C:/ISIS/workspace/ycube/GlobusSatProject/..//hal/hcc/lib\libHCCD.a(fat_common.o)
 .text._f_drvwritesector
                0x20017498       0xdc C:/ISIS/workspace/ycube/GlobusSatProject/..//hal/hcc/lib\libHCCD.a(fat_common.o)
 .text._f_drvreadsector
                0x20017574       0xa8 C:/ISIS/workspace/ycube/GlobusSatProject/..//hal/hcc/lib\libHCCD.a(fat_common.o)
 .text._f_writesector
                0x2001761c      0x23c C:/ISIS/workspace/ycube/GlobusSatProject/..//hal/hcc/lib\libHCCD.a(fat_common.o)
                0x2001761c                _f_writesector
 .text._f_readsector
                0x20017858      0x1dc C:/ISIS/workspace/ycube/GlobusSatProject/..//hal/hcc/lib\libHCCD.a(fat_common.o)
                0x20017858                _f_readsector
 .text._f_getmaxcluster
                0x20017a34       0x94 C:/ISIS/workspace/ycube/GlobusSatProject/..//hal/hcc/lib\libHCCD.a(fat_common.o)
                0x20017a34                _f_getmaxcluster
 .text._getsectorfromcluster
                0x20017ac8       0x68 C:/ISIS/workspace/ycube/GlobusSatProject/..//hal/hcc/lib\libHCCD.a(fat_common.o)
 .text._f_buildsectors
                0x20017b30      0x268 C:/ISIS/workspace/ycube/GlobusSatProject/..//hal/hcc/lib\libHCCD.a(fat_common.o)
 .text._f_getbootrecord
                0x20017d98      0x5e4 C:/ISIS/workspace/ycube/GlobusSatProject/..//hal/hcc/lib\libHCCD.a(fat_common.o)
 .text._f_readbootrecord
                0x2001837c      0x4f8 C:/ISIS/workspace/ycube/GlobusSatProject/..//hal/hcc/lib\libHCCD.a(fat_common.o)
 .text._f_flushcffiles
                0x20018874      0x17c C:/ISIS/workspace/ycube/GlobusSatProject/..//hal/hcc/lib\libHCCD.a(fat_common.o)
                0x20018874                _f_flushcffiles
 .text._f_fatcache_flush
                0x200189f0      0x270 C:/ISIS/workspace/ycube/GlobusSatProject/..//hal/hcc/lib\libHCCD.a(fat_common.o)
                0x200189f0                _f_fatcache_flush
 .text._f_writefatsector
                0x20018c60      0x100 C:/ISIS/workspace/ycube/GlobusSatProject/..//hal/hcc/lib\libHCCD.a(fat_common.o)
                0x20018c60                _f_writefatsector
 .text._f_getfatsector
                0x20018d60      0x3bc C:/ISIS/workspace/ycube/GlobusSatProject/..//hal/hcc/lib\libHCCD.a(fat_common.o)
 .text._f_setclustervalue
                0x2001911c      0x490 C:/ISIS/workspace/ycube/GlobusSatProject/..//hal/hcc/lib\libHCCD.a(fat_common.o)
                0x2001911c                _f_setclustervalue
 .text._f_getclustervalue
                0x200195ac      0x388 C:/ISIS/workspace/ycube/GlobusSatProject/..//hal/hcc/lib\libHCCD.a(fat_common.o)
                0x200195ac                _f_getclustervalue
 .text._f_close_drive_files
                0x20019934       0xac C:/ISIS/workspace/ycube/GlobusSatProject/..//hal/hcc/lib\libHCCD.a(fat_common.o)
 .text._f_inc_mount_count
                0x200199e0       0xa4 C:/ISIS/workspace/ycube/GlobusSatProject/..//hal/hcc/lib\libHCCD.a(fat_common.o)
 .text._f_getvolume
                0x20019a84      0x2f8 C:/ISIS/workspace/ycube/GlobusSatProject/..//hal/hcc/lib\libHCCD.a(fat_common.o)
                0x20019a84                _f_getvolume
 .text.fn_createdriver
                0x20019d7c      0x118 C:/ISIS/workspace/ycube/GlobusSatProject/..//hal/hcc/lib\libHCCD.a(fat_common.o)
                0x20019d7c                fn_createdriver
 .text.fn_initvolume
                0x20019e94      0x12c C:/ISIS/workspace/ycube/GlobusSatProject/..//hal/hcc/lib\libHCCD.a(fat_common.o)
                0x20019e94                fn_initvolume
 .text.fn_releasedriver
                0x20019fc0       0xf4 C:/ISIS/workspace/ycube/GlobusSatProject/..//hal/hcc/lib\libHCCD.a(fat_common.o)
                0x20019fc0                fn_releasedriver
 .text.fn_initvolumepartition_sub
                0x2001a0b4       0xe0 C:/ISIS/workspace/ycube/GlobusSatProject/..//hal/hcc/lib\libHCCD.a(fat_common.o)
 .text.fn_initvolumepartition
                0x2001a194       0xac C:/ISIS/workspace/ycube/GlobusSatProject/..//hal/hcc/lib\libHCCD.a(fat_common.o)
                0x2001a194                fn_initvolumepartition
 .text.fn_delvolume
                0x2001a240      0x194 C:/ISIS/workspace/ycube/GlobusSatProject/..//hal/hcc/lib\libHCCD.a(fat_common.o)
                0x2001a240                fn_delvolume
 .text._f_clustertopos
                0x2001a3d4       0xf8 C:/ISIS/workspace/ycube/GlobusSatProject/..//hal/hcc/lib\libHCCD.a(fat_common.o)
                0x2001a3d4                _f_clustertopos
 .text._f_getcurrsector
                0x2001a4cc      0x6c8 C:/ISIS/workspace/ycube/GlobusSatProject/..//hal/hcc/lib\libHCCD.a(fat_common.o)
                0x2001a4cc                _f_getcurrsector
 .text._f_getdecluster
                0x2001ab94       0x90 C:/ISIS/workspace/ycube/GlobusSatProject/..//hal/hcc/lib\libHCCD.a(fat_common.o)
                0x2001ab94                _f_getdecluster
 .text._f_setdecluster
                0x2001ac24       0x8c C:/ISIS/workspace/ycube/GlobusSatProject/..//hal/hcc/lib\libHCCD.a(fat_common.o)
                0x2001ac24                _f_setdecluster
 .text.fn_getdrive
                0x2001acb0       0x30 C:/ISIS/workspace/ycube/GlobusSatProject/..//hal/hcc/lib\libHCCD.a(fat_common.o)
                0x2001acb0                fn_getdrive
 .text._f_getcurrenttimedate
                0x2001ace0      0x138 C:/ISIS/workspace/ycube/GlobusSatProject/..//hal/hcc/lib\libHCCD.a(fat_common.o)
                0x2001ace0                _f_getcurrenttimedate
 .text._f_initentry
                0x2001ae18       0xa0 C:/ISIS/workspace/ycube/GlobusSatProject/..//hal/hcc/lib\libHCCD.a(fat_common.o)
                0x2001ae18                _f_initentry
 .text._f_alloccluster
                0x2001aeb8      0x344 C:/ISIS/workspace/ycube/GlobusSatProject/..//hal/hcc/lib\libHCCD.a(fat_common.o)
                0x2001aeb8                _f_alloccluster
 .text._f_dobadblock
                0x2001b1fc      0x2cc C:/ISIS/workspace/ycube/GlobusSatProject/..//hal/hcc/lib\libHCCD.a(fat_common.o)
                0x2001b1fc                _f_dobadblock
 .text._f_checklocked
                0x2001b4c8       0xe4 C:/ISIS/workspace/ycube/GlobusSatProject/..//hal/hcc/lib\libHCCD.a(fat_common.o)
                0x2001b4c8                _f_checklocked
 .text._f_checkappendlocked
                0x2001b5ac      0x110 C:/ISIS/workspace/ycube/GlobusSatProject/..//hal/hcc/lib\libHCCD.a(fat_common.o)
                0x2001b5ac                _f_checkappendlocked
 .text._f_setsyncafile
                0x2001b6bc      0x114 C:/ISIS/workspace/ycube/GlobusSatProject/..//hal/hcc/lib\libHCCD.a(fat_common.o)
                0x2001b6bc                _f_setsyncafile
 .text._f_syncfiles
                0x2001b7d0      0x128 C:/ISIS/workspace/ycube/GlobusSatProject/..//hal/hcc/lib\libHCCD.a(fat_common.o)
                0x2001b7d0                _f_syncfiles
 .text._f_syncfilescontent
                0x2001b8f8      0x15c C:/ISIS/workspace/ycube/GlobusSatProject/..//hal/hcc/lib\libHCCD.a(fat_common.o)
 .text.fn_getfreespace
                0x2001ba54      0x4c0 C:/ISIS/workspace/ycube/GlobusSatProject/..//hal/hcc/lib\libHCCD.a(fat_common.o)
                0x2001ba54                fn_getfreespace
 .text._f_emptywritecache
                0x2001bf14      0x4a4 C:/ISIS/workspace/ycube/GlobusSatProject/..//hal/hcc/lib\libHCCD.a(fat_common.o)
 .text._f_allocnextcluster
                0x2001c3b8      0x54c C:/ISIS/workspace/ycube/GlobusSatProject/..//hal/hcc/lib\libHCCD.a(fat_common.o)
 .text._f_emptywritebuffer
                0x2001c904      0x20c C:/ISIS/workspace/ycube/GlobusSatProject/..//hal/hcc/lib\libHCCD.a(fat_common.o)
 .text._f_writezeros
                0x2001cb10       0xf0 C:/ISIS/workspace/ycube/GlobusSatProject/..//hal/hcc/lib\libHCCD.a(fat_common.o)
                0x2001cb10                _f_writezeros
 .text._f_extend_file
                0x2001cc00      0x570 C:/ISIS/workspace/ycube/GlobusSatProject/..//hal/hcc/lib\libHCCD.a(fat_common.o)
 .text._f_fseek
                0x2001d170      0x9bc C:/ISIS/workspace/ycube/GlobusSatProject/..//hal/hcc/lib\libHCCD.a(fat_common.o)
                0x2001d170                _f_fseek
 .text._f_removechain
                0x2001db2c      0x104 C:/ISIS/workspace/ycube/GlobusSatProject/..//hal/hcc/lib\libHCCD.a(fat_common.o)
                0x2001db2c                _f_removechain
 .text._f_updatefileentry
                0x2001dc30      0x1cc C:/ISIS/workspace/ycube/GlobusSatProject/..//hal/hcc/lib\libHCCD.a(fat_common.o)
 .text._f_checkreadlocked
                0x2001ddfc      0x1bc C:/ISIS/workspace/ycube/GlobusSatProject/..//hal/hcc/lib\libHCCD.a(fat_common.o)
                0x2001ddfc                _f_checkreadlocked
 .text._f_check_handle
                0x2001dfb8       0x98 C:/ISIS/workspace/ycube/GlobusSatProject/..//hal/hcc/lib\libHCCD.a(fat_common.o)
                0x2001dfb8                _f_check_handle
 .text._f_removesyncafile
                0x2001e050      0x1ec C:/ISIS/workspace/ycube/GlobusSatProject/..//hal/hcc/lib\libHCCD.a(fat_common.o)
 .text.fn_close
                0x2001e23c      0x3f8 C:/ISIS/workspace/ycube/GlobusSatProject/..//hal/hcc/lib\libHCCD.a(fat_common.o)
                0x2001e23c                fn_close
 .text.fn_flush
                0x2001e634      0x374 C:/ISIS/workspace/ycube/GlobusSatProject/..//hal/hcc/lib\libHCCD.a(fat_common.o)
                0x2001e634                fn_flush
 .text.fn_read  0x2001e9a8      0x690 C:/ISIS/workspace/ycube/GlobusSatProject/..//hal/hcc/lib\libHCCD.a(fat_common.o)
                0x2001e9a8                fn_read
 .text._f_abortwrite
                0x2001f038      0x100 C:/ISIS/workspace/ycube/GlobusSatProject/..//hal/hcc/lib\libHCCD.a(fat_common.o)
 .text._f_checkwritecluster
                0x2001f138       0xe4 C:/ISIS/workspace/ycube/GlobusSatProject/..//hal/hcc/lib\libHCCD.a(fat_common.o)
 .text.fn_write
                0x2001f21c      0x8a8 C:/ISIS/workspace/ycube/GlobusSatProject/..//hal/hcc/lib\libHCCD.a(fat_common.o)
                0x2001f21c                fn_write
 .text.fn_seek  0x2001fac4      0x270 C:/ISIS/workspace/ycube/GlobusSatProject/..//hal/hcc/lib\libHCCD.a(fat_common.o)
                0x2001fac4                fn_seek
 .text.fn_tell  0x2001fd34      0x19c C:/ISIS/workspace/ycube/GlobusSatProject/..//hal/hcc/lib\libHCCD.a(fat_common.o)
                0x2001fd34                fn_tell
 .text.fn_rewind
                0x2001fed0       0x38 C:/ISIS/workspace/ycube/GlobusSatProject/..//hal/hcc/lib\libHCCD.a(fat_common.o)
                0x2001fed0                fn_rewind
 .text.fn_putc  0x2001ff08       0x68 C:/ISIS/workspace/ycube/GlobusSatProject/..//hal/hcc/lib\libHCCD.a(fat_common.o)
                0x2001ff08                fn_putc
 .text.f_enterFS
                0x2001ff70      0x1c0 C:/ISIS/workspace/ycube/GlobusSatProject/..//hal/hcc/lib\libHCCD.a(fat_common.o)
                0x2001ff70                f_enterFS
 .text.f_releaseFS
                0x20020130       0xb0 C:/ISIS/workspace/ycube/GlobusSatProject/..//hal/hcc/lib\libHCCD.a(fat_common.o)
                0x20020130                f_releaseFS
 .text.fnGetTask
                0x200201e0       0xfc C:/ISIS/workspace/ycube/GlobusSatProject/..//hal/hcc/lib\libHCCD.a(fat_common.o)
                0x200201e0                fnGetTask
 .text._f_mutex_get
                0x200202dc       0x98 C:/ISIS/workspace/ycube/GlobusSatProject/..//hal/hcc/lib\libHCCD.a(fat_common.o)
                0x200202dc                _f_mutex_get
 .text._f_mutex_put
                0x20020374       0x54 C:/ISIS/workspace/ycube/GlobusSatProject/..//hal/hcc/lib\libHCCD.a(fat_common.o)
                0x20020374                _f_mutex_put
 .text._fn_initseekdivisor
                0x200203c8      0x158 C:/ISIS/workspace/ycube/GlobusSatProject/..//hal/hcc/lib\libHCCD.a(fat_common.o)
                0x200203c8                _fn_initseekdivisor
 .text._fn_updateseekpos
                0x20020520       0xc4 C:/ISIS/workspace/ycube/GlobusSatProject/..//hal/hcc/lib\libHCCD.a(fat_common.o)
 .text._f_findopensize
                0x200205e4       0x2c C:/ISIS/workspace/ycube/GlobusSatProject/..//hal/hcc/lib\libHCCD.a(fat_common.o)
                0x200205e4                _f_findopensize
 .text.fn_setlasterror
                0x20020610       0x34 C:/ISIS/workspace/ycube/GlobusSatProject/..//hal/hcc/lib\libHCCD.a(fat_common.o)
                0x20020610                fn_setlasterror
 .text.fn_setlasterror_noret
                0x20020644       0x2c C:/ISIS/workspace/ycube/GlobusSatProject/..//hal/hcc/lib\libHCCD.a(fat_common.o)
                0x20020644                fn_setlasterror_noret
 .text._s_checkzeroclusteratend
                0x20020670       0xf8 C:/ISIS/workspace/ycube/GlobusSatProject/..//hal/hcc/lib\libHCCD.a(safefat.o)
 .text._s_clearclustercontent
                0x20020768      0x108 C:/ISIS/workspace/ycube/GlobusSatProject/..//hal/hcc/lib\libHCCD.a(safefat.o)
 .text._s_clearclustercontentdir
                0x20020870      0x19c C:/ISIS/workspace/ycube/GlobusSatProject/..//hal/hcc/lib\libHCCD.a(safefat.o)
 .text._s_writedirsector
                0x20020a0c       0xd0 C:/ISIS/workspace/ycube/GlobusSatProject/..//hal/hcc/lib\libHCCD.a(safefat.o)
 .text._s_getdirsector
                0x20020adc      0x100 C:/ISIS/workspace/ycube/GlobusSatProject/..//hal/hcc/lib\libHCCD.a(safefat.o)
 .text._s_addentry
                0x20020bdc      0x394 C:/ISIS/workspace/ycube/GlobusSatProject/..//hal/hcc/lib\libHCCD.a(safefat.o)
 .text._s_findfile
                0x20020f70      0x33c C:/ISIS/workspace/ycube/GlobusSatProject/..//hal/hcc/lib\libHCCD.a(safefat.o)
 .text._s_findsubdir
                0x200212ac      0x248 C:/ISIS/workspace/ycube/GlobusSatProject/..//hal/hcc/lib\libHCCD.a(safefat.o)
 .text._s_createfile
                0x200214f4      0x190 C:/ISIS/workspace/ycube/GlobusSatProject/..//hal/hcc/lib\libHCCD.a(safefat.o)
 .text._s_findsaffile
                0x20021684      0x1b8 C:/ISIS/workspace/ycube/GlobusSatProject/..//hal/hcc/lib\libHCCD.a(safefat.o)
 .text._s_open  0x2002183c       0xe4 C:/ISIS/workspace/ycube/GlobusSatProject/..//hal/hcc/lib\libHCCD.a(safefat.o)
 .text._s_open_saf
                0x20021920       0xe8 C:/ISIS/workspace/ycube/GlobusSatProject/..//hal/hcc/lib\libHCCD.a(safefat.o)
 .text._s_flush
                0x20021a08       0x84 C:/ISIS/workspace/ycube/GlobusSatProject/..//hal/hcc/lib\libHCCD.a(safefat.o)
 .text._s_allocnextcluster
                0x20021a8c      0x13c C:/ISIS/workspace/ycube/GlobusSatProject/..//hal/hcc/lib\libHCCD.a(safefat.o)
 .text._s_getnextsector
                0x20021bc8       0xdc C:/ISIS/workspace/ycube/GlobusSatProject/..//hal/hcc/lib\libHCCD.a(safefat.o)
 .text._s_seek  0x20021ca4      0x1e8 C:/ISIS/workspace/ycube/GlobusSatProject/..//hal/hcc/lib\libHCCD.a(safefat.o)
 .text._s_get_len
                0x20021e8c      0x10c C:/ISIS/workspace/ycube/GlobusSatProject/..//hal/hcc/lib\libHCCD.a(safefat.o)
 .text._s_set_len
                0x20021f98       0xb4 C:/ISIS/workspace/ycube/GlobusSatProject/..//hal/hcc/lib\libHCCD.a(safefat.o)
 .text.safe_fix_filelengths
                0x2002204c       0xcc C:/ISIS/workspace/ycube/GlobusSatProject/..//hal/hcc/lib\libHCCD.a(safefat.o)
                0x2002204c                safe_fix_filelengths
 .text._s_read  0x20022118      0x228 C:/ISIS/workspace/ycube/GlobusSatProject/..//hal/hcc/lib\libHCCD.a(safefat.o)
 .text._s_write
                0x20022340      0x384 C:/ISIS/workspace/ycube/GlobusSatProject/..//hal/hcc/lib\libHCCD.a(safefat.o)
 .text._s_restoreclusters
                0x200226c4      0x270 C:/ISIS/workspace/ycube/GlobusSatProject/..//hal/hcc/lib\libHCCD.a(safefat.o)
                0x200226c4                _s_restoreclusters
 .text._s_findrestore
                0x20022934      0x18c C:/ISIS/workspace/ycube/GlobusSatProject/..//hal/hcc/lib\libHCCD.a(safefat.o)
 .text._s_cmd_writede
                0x20022ac0       0xd8 C:/ISIS/workspace/ycube/GlobusSatProject/..//hal/hcc/lib\libHCCD.a(safefat.o)
 .text._s_cmd_setcluster
                0x20022b98       0x88 C:/ISIS/workspace/ycube/GlobusSatProject/..//hal/hcc/lib\libHCCD.a(safefat.o)
 .text._s_cmd_deletechain
                0x20022c20      0x100 C:/ISIS/workspace/ycube/GlobusSatProject/..//hal/hcc/lib\libHCCD.a(safefat.o)
 .text._s_cmd_validatecfn
                0x20022d20      0x308 C:/ISIS/workspace/ycube/GlobusSatProject/..//hal/hcc/lib\libHCCD.a(safefat.o)
 .text._s_cmd_seteof
                0x20023028      0x3c4 C:/ISIS/workspace/ycube/GlobusSatProject/..//hal/hcc/lib\libHCCD.a(safefat.o)
 .text.safe_docommands
                0x200233ec      0x56c C:/ISIS/workspace/ycube/GlobusSatProject/..//hal/hcc/lib\libHCCD.a(safefat.o)
                0x200233ec                safe_docommands
 .text.safe_entercommand
                0x20023958       0x68 C:/ISIS/workspace/ycube/GlobusSatProject/..//hal/hcc/lib\libHCCD.a(safefat.o)
                0x20023958                safe_entercommand
 .text.safe_ready
                0x200239c0       0xf4 C:/ISIS/workspace/ycube/GlobusSatProject/..//hal/hcc/lib\libHCCD.a(safefat.o)
                0x200239c0                safe_ready
 .text.safe_copycfn
                0x20023ab4       0xb8 C:/ISIS/workspace/ycube/GlobusSatProject/..//hal/hcc/lib\libHCCD.a(safefat.o)
                0x20023ab4                safe_copycfn
 .text.safe_cfremove
                0x20023b6c       0xb8 C:/ISIS/workspace/ycube/GlobusSatProject/..//hal/hcc/lib\libHCCD.a(safefat.o)
                0x20023b6c                safe_cfremove
 .text.safe_writede
                0x20023c24      0x104 C:/ISIS/workspace/ycube/GlobusSatProject/..//hal/hcc/lib\libHCCD.a(safefat.o)
                0x20023c24                safe_writede
 .text.safe_setcluster
                0x20023d28       0xcc C:/ISIS/workspace/ycube/GlobusSatProject/..//hal/hcc/lib\libHCCD.a(safefat.o)
                0x20023d28                safe_setcluster
 .text.safe_deletechain
                0x20023df4      0x1c8 C:/ISIS/workspace/ycube/GlobusSatProject/..//hal/hcc/lib\libHCCD.a(safefat.o)
                0x20023df4                safe_deletechain
 .text.safe_cfclose
                0x20023fbc      0x104 C:/ISIS/workspace/ycube/GlobusSatProject/..//hal/hcc/lib\libHCCD.a(safefat.o)
                0x20023fbc                safe_cfclose
 .text.safe_cfflush
                0x200240c0      0x124 C:/ISIS/workspace/ycube/GlobusSatProject/..//hal/hcc/lib\libHCCD.a(safefat.o)
                0x200240c0                safe_cfflush
 .text.safe_reset
                0x200241e4       0x78 C:/ISIS/workspace/ycube/GlobusSatProject/..//hal/hcc/lib\libHCCD.a(safefat.o)
                0x200241e4                safe_reset
 .text.safe_loadcommands
                0x2002425c       0x78 C:/ISIS/workspace/ycube/GlobusSatProject/..//hal/hcc/lib\libHCCD.a(safefat.o)
                0x2002425c                safe_loadcommands
 .text.safe_poweron
                0x200242d4      0x1fc C:/ISIS/workspace/ycube/GlobusSatProject/..//hal/hcc/lib\libHCCD.a(safefat.o)
                0x200242d4                safe_poweron
 .text.cf_getname
                0x200244d0       0xc0 C:/ISIS/workspace/ycube/GlobusSatProject/..//hal/hcc/lib\libHCCD.a(safefat.o)
 .text.cf_copyclusterchain
                0x20024590      0x138 C:/ISIS/workspace/ycube/GlobusSatProject/..//hal/hcc/lib\libHCCD.a(safefat.o)
 .text.cf_seektozero
                0x200246c8       0x94 C:/ISIS/workspace/ycube/GlobusSatProject/..//hal/hcc/lib\libHCCD.a(safefat.o)
                0x200246c8                cf_seektozero
 .text.cf_create
                0x2002475c      0x3a8 C:/ISIS/workspace/ycube/GlobusSatProject/..//hal/hcc/lib\libHCCD.a(safefat.o)
                0x2002475c                cf_create
 .text.cf_copyclustercontent
                0x20024b04      0x128 C:/ISIS/workspace/ycube/GlobusSatProject/..//hal/hcc/lib\libHCCD.a(safefat.o)
                0x20024b04                cf_copyclustercontent
 .text.cf_copycfn
                0x20024c2c      0x4bc C:/ISIS/workspace/ycube/GlobusSatProject/..//hal/hcc/lib\libHCCD.a(safefat.o)
                0x20024c2c                cf_copycfn
 .text.cf_remove
                0x200250e8      0x344 C:/ISIS/workspace/ycube/GlobusSatProject/..//hal/hcc/lib\libHCCD.a(safefat.o)
                0x200250e8                cf_remove
 .text.cf_setclusternew
                0x2002542c       0xf0 C:/ISIS/workspace/ycube/GlobusSatProject/..//hal/hcc/lib\libHCCD.a(safefat.o)
                0x2002542c                cf_setclusternew
 .text.cf_flush
                0x2002551c       0x58 C:/ISIS/workspace/ycube/GlobusSatProject/..//hal/hcc/lib\libHCCD.a(safefat.o)
                0x2002551c                cf_flush
 .text.cf_getcluster
                0x20025574      0x1b4 C:/ISIS/workspace/ycube/GlobusSatProject/..//hal/hcc/lib\libHCCD.a(safefat.o)
                0x20025574                cf_getcluster
 .text.cf_setnextcluster
                0x20025728      0x194 C:/ISIS/workspace/ycube/GlobusSatProject/..//hal/hcc/lib\libHCCD.a(safefat.o)
                0x20025728                cf_setnextcluster
 .text.cf_getpositions
                0x200258bc       0xbc C:/ISIS/workspace/ycube/GlobusSatProject/..//hal/hcc/lib\libHCCD.a(safefat.o)
                0x200258bc                cf_getpositions
 .text.cf_setpositions
                0x20025978       0xb0 C:/ISIS/workspace/ycube/GlobusSatProject/..//hal/hcc/lib\libHCCD.a(safefat.o)
                0x20025978                cf_setpositions
 .text.cf_opensyncafile
                0x20025a28      0x150 C:/ISIS/workspace/ycube/GlobusSatProject/..//hal/hcc/lib\libHCCD.a(safefat.o)
                0x20025a28                cf_opensyncafile
 .text.cf_reloadcfo
                0x20025b78       0xd8 C:/ISIS/workspace/ycube/GlobusSatProject/..//hal/hcc/lib\libHCCD.a(safefat.o)
                0x20025b78                cf_reloadcfo
 .text.mcipdc_cmd
                0x20025c50      0x22c C:/ISIS/workspace/ycube/GlobusSatProject/..//hal/hcc/lib\libHCCD.a(atmel_mcipdc.o)
 .text.mcipdc_stop
                0x20025e7c       0xfc C:/ISIS/workspace/ycube/GlobusSatProject/..//hal/hcc/lib\libHCCD.a(atmel_mcipdc.o)
                0x20025e7c                mcipdc_stop
 .text.mcipdc_read
                0x20025f78      0x27c C:/ISIS/workspace/ycube/GlobusSatProject/..//hal/hcc/lib\libHCCD.a(atmel_mcipdc.o)
 .text.mcipdc_write
                0x200261f4      0x298 C:/ISIS/workspace/ycube/GlobusSatProject/..//hal/hcc/lib\libHCCD.a(atmel_mcipdc.o)
 .text.mcipdc_readsector
                0x2002648c       0x9c C:/ISIS/workspace/ycube/GlobusSatProject/..//hal/hcc/lib\libHCCD.a(atmel_mcipdc.o)
                0x2002648c                mcipdc_readsector
 .text.mcipdc_readmultiplesector
                0x20026528      0x124 C:/ISIS/workspace/ycube/GlobusSatProject/..//hal/hcc/lib\libHCCD.a(atmel_mcipdc.o)
                0x20026528                mcipdc_readmultiplesector
 .text.mcipdc_writesector
                0x2002664c       0x90 C:/ISIS/workspace/ycube/GlobusSatProject/..//hal/hcc/lib\libHCCD.a(atmel_mcipdc.o)
                0x2002664c                mcipdc_writesector
 .text.mcipdc_writemultiplesector
                0x200266dc      0x120 C:/ISIS/workspace/ycube/GlobusSatProject/..//hal/hcc/lib\libHCCD.a(atmel_mcipdc.o)
                0x200266dc                mcipdc_writemultiplesector
 .text.mcipdc_set_speed
                0x200267fc       0xb0 C:/ISIS/workspace/ycube/GlobusSatProject/..//hal/hcc/lib\libHCCD.a(atmel_mcipdc.o)
 .text.mcipdc_get_speed
                0x200268ac       0x48 C:/ISIS/workspace/ycube/GlobusSatProject/..//hal/hcc/lib\libHCCD.a(atmel_mcipdc.o)
 .text._get_csd_bits
                0x200268f4      0x14c C:/ISIS/workspace/ycube/GlobusSatProject/..//hal/hcc/lib\libHCCD.a(atmel_mcipdc.o)
 .text.mcipdc_initcard
                0x20026a40      0x8f4 C:/ISIS/workspace/ycube/GlobusSatProject/..//hal/hcc/lib\libHCCD.a(atmel_mcipdc.o)
 .text.mcipdc_getstatus
                0x20027334       0xe8 C:/ISIS/workspace/ycube/GlobusSatProject/..//hal/hcc/lib\libHCCD.a(atmel_mcipdc.o)
 .text.mcipdc_getphy
                0x2002741c       0x90 C:/ISIS/workspace/ycube/GlobusSatProject/..//hal/hcc/lib\libHCCD.a(atmel_mcipdc.o)
 .text.mcipdc_release
                0x200274ac       0x50 C:/ISIS/workspace/ycube/GlobusSatProject/..//hal/hcc/lib\libHCCD.a(atmel_mcipdc.o)
 .text.atmel_mcipdc_initfunc
                0x200274fc      0x160 C:/ISIS/workspace/ycube/GlobusSatProject/..//hal/hcc/lib\libHCCD.a(atmel_mcipdc.o)
                0x200274fc                atmel_mcipdc_initfunc
 .text.oal_task_get_id
                0x2002765c       0x18 C:/ISIS/workspace/ycube/GlobusSatProject/..//hal/hcc/lib\libHCCD.a(oalp_task.o)
                0x2002765c                oal_task_get_id
 .text.oal_mutex_create
                0x20027674       0x54 C:/ISIS/workspace/ycube/GlobusSatProject/..//hal/hcc/lib\libHCCD.a(oalp_mutex.o)
                0x20027674                oal_mutex_create
 .text.oal_mutex_delete
                0x200276c8       0x30 C:/ISIS/workspace/ycube/GlobusSatProject/..//hal/hcc/lib\libHCCD.a(oalp_mutex.o)
                0x200276c8                oal_mutex_delete
 .text.oal_mutex_get
                0x200276f8       0x58 C:/ISIS/workspace/ycube/GlobusSatProject/..//hal/hcc/lib\libHCCD.a(oalp_mutex.o)
                0x200276f8                oal_mutex_get
 .text.oal_mutex_put
                0x20027750       0x58 C:/ISIS/workspace/ycube/GlobusSatProject/..//hal/hcc/lib\libHCCD.a(oalp_mutex.o)
                0x20027750                oal_mutex_put
 .text.mcipdc_hw_init
                0x200277a8       0xe8 C:/ISIS/workspace/ycube/GlobusSatProject/..//hal/hcc/lib\libHCCD.a(atmel_mcipdc_hw.o)
                0x200277a8                mcipdc_hw_init
 .text.mcipdc_hw_delete
                0x20027890       0x78 C:/ISIS/workspace/ycube/GlobusSatProject/..//hal/hcc/lib\libHCCD.a(atmel_mcipdc_hw.o)
                0x20027890                mcipdc_hw_delete
 .text.mcipdc_hw_card_plugged
                0x20027908       0x1c C:/ISIS/workspace/ycube/GlobusSatProject/..//hal/hcc/lib\libHCCD.a(atmel_mcipdc_hw.o)
                0x20027908                mcipdc_hw_card_plugged
 .text.mcipdc_hw_card_writeprotect
                0x20027924       0x1c C:/ISIS/workspace/ycube/GlobusSatProject/..//hal/hcc/lib\libHCCD.a(atmel_mcipdc_hw.o)
                0x20027924                mcipdc_hw_card_writeprotect
 .text.psp_getcurrenttimedate
                0x20027940       0x8c C:/ISIS/workspace/ycube/GlobusSatProject/..//hal/hcc/lib\libHCCD.a(psp_rtc.o)
                0x20027940                psp_getcurrenttimedate
 .text._hcc_get_buf_dsc
                0x200279cc       0x8c C:/ISIS/workspace/ycube/GlobusSatProject/..//hal/hcc/lib\libHCCD.a(hcc_mem.o)
 .text._hcc_check_free_pages
                0x20027a58      0x18c C:/ISIS/workspace/ycube/GlobusSatProject/..//hal/hcc/lib\libHCCD.a(hcc_mem.o)
 .text._hcc_mark_pages
                0x20027be4      0x158 C:/ISIS/workspace/ycube/GlobusSatProject/..//hal/hcc/lib\libHCCD.a(hcc_mem.o)
 .text._hcc_clear_lock_dsc
                0x20027d3c       0x80 C:/ISIS/workspace/ycube/GlobusSatProject/..//hal/hcc/lib\libHCCD.a(hcc_mem.o)
 .text._hcc_lock_access
                0x20027dbc      0x128 C:/ISIS/workspace/ycube/GlobusSatProject/..//hal/hcc/lib\libHCCD.a(hcc_mem.o)
 .text._hcc_unlock_access
                0x20027ee4       0x30 C:/ISIS/workspace/ycube/GlobusSatProject/..//hal/hcc/lib\libHCCD.a(hcc_mem.o)
 .text.hcc_mem_alloc
                0x20027f14      0x454 C:/ISIS/workspace/ycube/GlobusSatProject/..//hal/hcc/lib\libHCCD.a(hcc_mem.o)
                0x20027f14                hcc_mem_alloc
 .text.hcc_mem_free
                0x20028368      0x178 C:/ISIS/workspace/ycube/GlobusSatProject/..//hal/hcc/lib\libHCCD.a(hcc_mem.o)
                0x20028368                hcc_mem_free
 .text.hcc_mem_add
                0x200284e0      0x3b0 C:/ISIS/workspace/ycube/GlobusSatProject/..//hal/hcc/lib\libHCCD.a(hcc_mem.o)
                0x200284e0                hcc_mem_add
 .text.hcc_mem_init
                0x20028890      0x164 C:/ISIS/workspace/ycube/GlobusSatProject/..//hal/hcc/lib\libHCCD.a(hcc_mem.o)
                0x20028890                hcc_mem_init
 .text.hcc_mem_delete
                0x200289f4       0x94 C:/ISIS/workspace/ycube/GlobusSatProject/..//hal/hcc/lib\libHCCD.a(hcc_mem.o)
                0x200289f4                hcc_mem_delete
 .text.hcc_mem_buf_alloc
                0x20028a88       0xe4 C:/ISIS/workspace/ycube/GlobusSatProject/..//hal/hcc/lib\libHCCD.a(psp_hcc_mem.o)
                0x20028a88                hcc_mem_buf_alloc
 .text.hcc_mem_buf_free
                0x20028b6c       0x6c C:/ISIS/workspace/ycube/GlobusSatProject/..//hal/hcc/lib\libHCCD.a(psp_hcc_mem.o)
                0x20028b6c                hcc_mem_buf_free
 .text.makeAntStransfer
                0x20028bd8       0x4c C:/ISIS/workspace/ycube/GlobusSatProject/..//satellite-subsystems/satellite-subsystems/lib\libSatelliteSubsystemsD.a(IsisAntS.o)