Archive member included because of file (symbol)

C:/ISIS/workspace/ycube/GlobusSatProject/..//hal/hal/lib\libHALD.a(SPI.o)
                              ./src/InitSystem.o (SPI_start)
C:/ISIS/workspace/ycube/GlobusSatProject/..//hal/hal/lib\libHALD.a(I2C.o)
                              ./src/SubSystemModules/Communication/SubsystemCommands/Maintanence_Commands.o (I2C_write)
C:/ISIS/workspace/ycube/GlobusSatProject/..//hal/hal/lib\libHALD.a(ADC.o)
                              ./src/SubSystemModules/Housekepping/TelemetryCollector.o (ADC_ConvertRaw10bitToMillivolt)
C:/ISIS/workspace/ycube/GlobusSatProject/..//hal/hal/lib\libHALD.a(FRAM.o)
                              ./src/SubSystemModules/Communication/SubsystemCommands/Maintanence_Commands.o (FRAM_start)
C:/ISIS/workspace/ycube/GlobusSatProject/..//hal/hal/lib\libHALD.a(Time.o)
                              ./src/InitSystem.o (Time_start)
C:/ISIS/workspace/ycube/GlobusSatProject/..//hal/hal/lib\libHALD.a(WatchDogTimerNoOS.o)
                              ./src/main.o (WDT_start)
C:/ISIS/workspace/ycube/GlobusSatProject/..//hal/hal/lib\libHALD.a(RTT.o)
                              C:/ISIS/workspace/ycube/GlobusSatProject/..//hal/hal/lib\libHALD.a(Time.o) (RTT_start)
C:/ISIS/workspace/ycube/GlobusSatProject/..//hal/hal/lib\libHALD.a(RTC.o)
                              C:/ISIS/workspace/ycube/GlobusSatProject/..//hal/hal/lib\libHALD.a(Time.o) (RTC_getTime)
C:/ISIS/workspace/ycube/GlobusSatProject/..//hal/hal/lib\libHALD.a(WatchDogTimerOS.o)
                              ./src/TestingDemos/MainTest.o (WDT_startWatchdogKickTask)
C:/ISIS/workspace/ycube/GlobusSatProject/..//hal/hal/lib\libHALD.a(fprintf.o)
                              ./src/TLM_management.o (f_puts)
C:/ISIS/workspace/ycube/GlobusSatProject/..//hal/hal/lib\libHALD.a(util.o)
                              ./src/TestingDemos/EpsTestingDemo.o (UTIL_DbguGetInteger)
C:/ISIS/workspace/ycube/GlobusSatProject/..//hal/hal/lib\libHALD.a(LED.o)
                              C:/ISIS/workspace/ycube/GlobusSatProject/..//hal/hal/lib\libHALD.a(WatchDogTimerOS.o) (LED_toggle)
C:/ISIS/workspace/ycube/GlobusSatProject/..//hal/hcc/lib\libHCCD.a(fat_m.o)
                              ./src/TLM_management.o (fm_initvolume)
C:/ISIS/workspace/ycube/GlobusSatProject/..//hal/hcc/lib\libHCCD.a(fat.o)
                              C:/ISIS/workspace/ycube/GlobusSatProject/..//hal/hcc/lib\libHCCD.a(fat_m.o) (fn_getdcwd)
C:/ISIS/workspace/ycube/GlobusSatProject/..//hal/hcc/lib\libHCCD.a(fat_common.o)
                              C:/ISIS/workspace/ycube/GlobusSatProject/..//hal/hcc/lib\libHCCD.a(fat.o) (p_filesystem)
C:/ISIS/workspace/ycube/GlobusSatProject/..//hal/hcc/lib\libHCCD.a(safefat.o)
                              C:/ISIS/workspace/ycube/GlobusSatProject/..//hal/hcc/lib\libHCCD.a(fat.o) (s_subdir)
C:/ISIS/workspace/ycube/GlobusSatProject/..//hal/hcc/lib\libHCCD.a(atmel_mcipdc.o)
                              ./src/TLM_management.o (atmel_mcipdc_initfunc)
C:/ISIS/workspace/ycube/GlobusSatProject/..//hal/hcc/lib\libHCCD.a(oalp_task.o)
                              C:/ISIS/workspace/ycube/GlobusSatProject/..//hal/hcc/lib\libHCCD.a(fat_common.o) (oal_task_get_id)
C:/ISIS/workspace/ycube/GlobusSatProject/..//hal/hcc/lib\libHCCD.a(oalp_mutex.o)
                              C:/ISIS/workspace/ycube/GlobusSatProject/..//hal/hcc/lib\libHCCD.a(fat_common.o) (oal_mutex_create)
C:/ISIS/workspace/ycube/GlobusSatProject/..//hal/hcc/lib\libHCCD.a(atmel_mcipdc_hw.o)
                              C:/ISIS/workspace/ycube/GlobusSatProject/..//hal/hcc/lib\libHCCD.a(atmel_mcipdc.o) (mcipdc_hw_init)
C:/ISIS/workspace/ycube/GlobusSatProject/..//hal/hcc/lib\libHCCD.a(psp_rand.o)
                              C:/ISIS/workspace/ycube/GlobusSatProject/..//hal/hcc/lib\libHCCD.a(fat_common.o) (psp_getrand)
C:/ISIS/workspace/ycube/GlobusSatProject/..//hal/hcc/lib\libHCCD.a(psp_rtc.o)
                              C:/ISIS/workspace/ycube/GlobusSatProject/..//hal/hcc/lib\libHCCD.a(fat_common.o) (psp_getcurrenttimedate)
C:/ISIS/workspace/ycube/GlobusSatProject/..//hal/hcc/lib\libHCCD.a(hcc_mem.o)
                              C:/ISIS/workspace/ycube/GlobusSatProject/..//hal/hcc/lib\libHCCD.a(atmel_mcipdc.o) (hcc_mem_alloc)
C:/ISIS/workspace/ycube/GlobusSatProject/..//hal/hcc/lib\libHCCD.a(psp_hcc_mem.o)
                              C:/ISIS/workspace/ycube/GlobusSatProject/..//hal/hcc/lib\libHCCD.a(hcc_mem.o) (hcc_mem_buf_alloc)
C:/ISIS/workspace/ycube/GlobusSatProject/..//satellite-subsystems/satellite-subsystems/lib\libSatelliteSubsystemsD.a(IsisAntS.o)
                              ./src/SubSystemModules/Communication/TRXVU.o (IsisAntS_initialize)
C:/ISIS/workspace/ycube/GlobusSatProject/..//satellite-subsystems/satellite-subsystems/lib\libSatelliteSubsystemsD.a(IsisTRXVU.o)
                              ./src/TestingDemos/TrxvuTestingDemo.o (IsisTrxvu_initialize)
[...]
Memory Configuration

Name             Origin             Length             Attributes
sram0            0x00200000         0x00004000         w !xr
sram1            0x00300000         0x00004000         w !xr
sdram            0x20000000         0x02000000         w !xr
*default*        0x00000000         0xffffffff

Linker script and memory map

LOAD c:/isis/application/toolchain/bin/../lib/gcc/arm-none-eabi/4.7.4/../../../../arm-none-eabi/lib\libc.a
LOAD ./src/TestingDemos/CommandsTestingDemo.o
LOAD ./src/TestingDemos/EpsTestingDemo.o
LOAD ./src/TestingDemos/FileSystemTestingDemo.o
LOAD ./src/TestingDemos/MainTest.o
LOAD ./src/TestingDemos/MaintenanceTestingDemo.o
LOAD ./src/TestingDemos/TelemetryTestingDemo.o
LOAD ./src/TestingDemos/TrxvuTestingDemo.o
LOAD ./src/SubSystemModules/PowerManagment/EPS.o
LOAD ./src/SubSystemModules/PowerManagment/EPSOperationModes.o
LOAD ./src/SubSystemModules/Maintenance/Maintenance.o
LOAD ./src/SubSystemModules/Housekepping/RAMTelemetry.o
LOAD ./src/SubSystemModules/Housekepping/TelemetryCollector.o
LOAD ./src/SubSystemModules/Communication/SubsystemCommands/EPS_Commands.o
LOAD ./src/SubSystemModules/Communication/SubsystemCommands/FS_Commands.o
LOAD ./src/SubSystemModules/Communication/SubsystemCommands/Maintanence_Commands.o
LOAD ./src/SubSystemModules/Communication/SubsystemCommands/TRXVU_Commands.o
LOAD ./src/SubSystemModules/Communication/AckHandler.o
LOAD ./src/SubSystemModules/Communication/CommandDictionary.o
LOAD ./src/SubSystemModules/Communication/SatCommandHandler.o
LOAD ./src/SubSystemModules/Communication/TRXVU.o
LOAD ./src/InitSystem.o
LOAD ./src/TLM_management.o
LOAD ./src/main.o
LOAD ./src/utils.o
LOAD C:/ISIS/workspace/ycube/GlobusSatProject/..//hal/hal/lib\libHALD.a
LOAD C:/ISIS/workspace/ycube/GlobusSatProject/..//hal/hcc/lib\libHCCD.a
LOAD C:/ISIS/workspace/ycube/GlobusSatProject/..//satellite-subsystems/satellite-subsystems/lib\libSatelliteSubsystemsD.a
LOAD C:/ISIS/workspace/ycube/GlobusSatProject/..//hal/freertos/lib\libFreeRTOSD.a
LOAD C:/ISIS/workspace/ycube/GlobusSatProject/..//hal/at91/lib\libAt91D.a
START GROUP
LOAD c:/isis/application/toolchain/bin/../lib/gcc/arm-none-eabi/4.7.4\libgcc.a
LOAD c:/isis/application/toolchain/bin/../lib/gcc/arm-none-eabi/4.7.4/../../../../arm-none-eabi/lib\libg.a
LOAD c:/isis/application/toolchain/bin/../lib/gcc/arm-none-eabi/4.7.4/../../../../arm-none-eabi/lib\libc.a
END GROUP

.fixed          0x20000000    0x4b844
                0x20000000                . = ALIGN (0x4)
                0x20000000                _sfixed = .
 *(.startup)
 .startup       0x20000000      0x184 C:/ISIS/workspace/ycube/GlobusSatProject/..//hal/at91/lib\libAt91D.a(board_cstartup.o)
                0x20000000                entry
 *(.text)
 .text          0x20000184       0x64 C:/ISIS/workspace/ycube/GlobusSatProject/..//hal/at91/lib\libAt91D.a(cp15_asm.o)
                0x20000184                _readControlRegister
                0x20000190                _writeControlRegister
                0x20000198                _waitForInterrupt
                0x200001a4                _writeTTB
                0x200001ac                _writeDomain
                0x200001b4                _writeITLBLockdown
                0x200001bc                _prefetchICacheLine
                0x200001c4                _flushDCache
                0x200001d0                _flushWriteBuffer
                0x200001dc                _invalidateIDTLBs
 .text          0x200001e8      0x114 c:/isis/application/toolchain/bin/../lib/gcc/arm-none-eabi/4.7.4\libgcc.a(_udivsi3.o)
                0x200001e8                __aeabi_uidiv
                0x200001e8                __udivsi3
                0x200002dc                __aeabi_uidivmod
 .text          0x200002fc      0x148 c:/isis/application/toolchain/bin/../lib/gcc/arm-none-eabi/4.7.4\libgcc.a(_divsi3.o)
                0x200002fc                __divsi3
                0x200002fc                __aeabi_idiv
                0x20000424                __aeabi_idivmod
 .text          0x20000444        0x4 c:/isis/application/toolchain/bin/../lib/gcc/arm-none-eabi/4.7.4\libgcc.a(_dvmd_tls.o)
                0x20000444                __aeabi_idiv0
                0x20000444                __aeabi_ldiv0
 .text          0x20000448      0x41c c:/isis/application/toolchain/bin/../lib/gcc/arm-none-eabi/4.7.4\libgcc.a(_arm_addsubdf3.o)
                0x20000448                __aeabi_drsub
                0x20000450                __aeabi_dsub
                0x20000450                __subdf3
                0x20000454                __aeabi_dadd
                0x20000454                __adddf3
                0x20000764                __floatunsidf
                0x20000764                __aeabi_ui2d
                0x20000788                __floatsidf
                0x20000788                __aeabi_i2d
                0x200007b0                __aeabi_f2d
                0x200007b0                __extendsfdf2
                0x200007f0                __floatundidf
                0x200007f0                __aeabi_ul2d
                0x20000804                __floatdidf
                0x20000804                __aeabi_l2d
 .text          0x20000864      0x49c c:/isis/application/toolchain/bin/../lib/gcc/arm-none-eabi/4.7.4\libgcc.a(_arm_muldivdf3.o)
                0x20000864                __aeabi_dmul
                0x20000864                __muldf3
                0x20000af4                __divdf3
                0x20000af4                __aeabi_ddiv
 .text          0x20000d00       0xa0 c:/isis/application/toolchain/bin/../lib/gcc/arm-none-eabi/4.7.4\libgcc.a(_arm_truncdfsf2.o)
                0x20000d00                __truncdfsf2
                0x20000d00                __aeabi_d2f
 .text          0x20000da0      0x2ac c:/isis/application/toolchain/bin/../lib/gcc/arm-none-eabi/4.7.4\libgcc.a(_arm_addsubsf3.o)
                0x20000da0                __aeabi_frsub
                0x20000da8                __subsf3
                0x20000da8                __aeabi_fsub
                0x20000dac                __aeabi_fadd
                0x20000dac                __addsf3
                0x20000f68                __aeabi_ui2f
                0x20000f68                __floatunsisf
                0x20000f70                __aeabi_i2f
                0x20000f70                __floatsisf
                0x20000f90                __aeabi_ul2f
                0x20000f90                __floatundisf
                0x20000fa0                __aeabi_l2f
                0x20000fa0                __floatdisf
 .text          0x2000104c      0x2f8 c:/isis/application/toolchain/bin/../lib/gcc/arm-none-eabi/4.7.4\libgcc.a(_arm_muldivsf3.o)
                0x2000104c                __mulsf3
                0x2000104c                __aeabi_fmul
                0x200011e4                __aeabi_fdiv
                0x200011e4                __divsf3
 .text          0x20001344      0x114 c:/isis/application/toolchain/bin/../lib/gcc/arm-none-eabi/4.7.4\libgcc.a(_arm_cmpsf2.o)
                0x20001344                __gesf2
                0x20001344                __gtsf2
                0x2000134c                __lesf2
                0x2000134c                __ltsf2
                0x20001354                __nesf2
                0x20001354                __eqsf2
                0x20001354                __cmpsf2
                0x200013b8                __aeabi_cfrcmple
                0x200013c8                __aeabi_cfcmpeq
                0x200013c8                __aeabi_cfcmple
                0x200013e0                __aeabi_fcmpeq
                0x200013f8                __aeabi_fcmplt
                0x20001410                __aeabi_fcmple
                0x20001428                __aeabi_fcmpge
                0x20001440                __aeabi_fcmpgt
 .text          0x20001458       0x54 c:/isis/application/toolchain/bin/../lib/gcc/arm-none-eabi/4.7.4\libgcc.a(_arm_fixunssfsi.o)
                0x20001458                __fixunssfsi
                0x20001458                __aeabi_f2uiz
 .text          0x200014ac      0x144 c:/isis/application/toolchain/bin/../lib/gcc/arm-none-eabi/4.7.4\libgcc.a(_arm_cmpdf2.o)
                0x200014ac                __gtdf2
                0x200014ac                __gedf2
                0x200014b4                __ltdf2
                0x200014b4                __ledf2
                0x200014bc                __nedf2
                0x200014bc                __eqdf2
                0x200014bc                __cmpdf2
                0x20001544                __aeabi_cdrcmple
                0x20001560                __aeabi_cdcmpeq
                0x20001560                __aeabi_cdcmple
                0x20001578                __aeabi_dcmpeq
                0x20001590                __aeabi_dcmplt
                0x200015a8                __aeabi_dcmple
                0x200015c0                __aeabi_dcmpge
                0x200015d8                __aeabi_dcmpgt
 .text          0x200015f0       0x5c c:/isis/application/toolchain/bin/../lib/gcc/arm-none-eabi/4.7.4\libgcc.a(_arm_fixdfsi.o)
                0x200015f0                __aeabi_d2iz
                0x200015f0                __fixdfsi
 .text          0x2000164c       0x54 c:/isis/application/toolchain/bin/../lib/gcc/arm-none-eabi/4.7.4\libgcc.a(_arm_fixunsdfsi.o)
                0x2000164c                __aeabi_d2uiz
                0x2000164c                __fixunsdfsi
 .text          0x200016a0       0x3c c:/isis/application/toolchain/bin/../lib/gcc/arm-none-eabi/4.7.4\libgcc.a(_aeabi_uldivmod.o)
                0x200016a0                __aeabi_uldivmod
 .text          0x200016dc       0x84 c:/isis/application/toolchain/bin/../lib/gcc/arm-none-eabi/4.7.4\libgcc.a(bpabi.o)
                0x200016dc                __gnu_ldivmod_helper
                0x20001720                __gnu_uldivmod_helper
 .text          0x20001760      0x4f0 c:/isis/application/toolchain/bin/../lib/gcc/arm-none-eabi/4.7.4\libgcc.a(_divdi3.o)
                0x20001760                __divdi3
 .text          0x20001c50      0x488 c:/isis/application/toolchain/bin/../lib/gcc/arm-none-eabi/4.7.4\libgcc.a(_udivdi3.o)
                0x20001c50                __udivdi3
 .text          0x200020d8       0x48 c:/isis/application/toolchain/bin/../lib/gcc/arm-none-eabi/4.7.4\libgcc.a(_clzsi2.o)
                0x200020d8                __clzsi2
 *(.text*)
 .text.TestActUponCommand
                0x20002120      0x114 ./src/TestingDemos/CommandsTestingDemo.o
                0x20002120                TestActUponCommand
 .text.TestAssmbleCommand
                0x20002234      0x134 ./src/TestingDemos/CommandsTestingDemo.o
                0x20002234                TestAssmbleCommand
 .text.TestGetDelayedCommand
                0x20002368       0xa0 ./src/TestingDemos/CommandsTestingDemo.o
                0x20002368                TestGetDelayedCommand
 .text.TestAddDelayedCommand
                0x20002408       0xbc ./src/TestingDemos/CommandsTestingDemo.o
                0x20002408                TestAddDelayedCommand
 .text.TestGetDelayedCommandBufferCount
                0x200024c4       0x54 ./src/TestingDemos/CommandsTestingDemo.o
                0x200024c4                TestGetDelayedCommandBufferCount
 .text.TestGetOnlineCommand
                0x20002518       0xc8 ./src/TestingDemos/CommandsTestingDemo.o
                0x20002518                TestGetOnlineCommand
 .text.TestDeleteDelayedCommandByIndex
                0x200025e0      0x1c0 ./src/TestingDemos/CommandsTestingDemo.o
                0x200025e0                TestDeleteDelayedCommandByIndex
 .text.TestDeleteDelayedBuffer
                0x200027a0      0x140 ./src/TestingDemos/CommandsTestingDemo.o
                0x200027a0                TestDeleteDelayedBuffer
 .text.selectAndExecuteCommandsDemoTest
                0x200028e0      0x174 ./src/TestingDemos/CommandsTestingDemo.o
                0x200028e0                selectAndExecuteCommandsDemoTest
 .text.MainCommandsTestBench
                0x20002a54       0x44 ./src/TestingDemos/CommandsTestingDemo.o
                0x20002a54                MainCommandsTestBench
 .text.TestEpsConditioning
                0x20002a98      0x1e8 ./src/TestingDemos/EpsTestingDemo.o
                0x20002a98                TestEpsConditioning
 .text.TestGetBatteryVoltage
                0x20002c80       0x64 ./src/TestingDemos/EpsTestingDemo.o
                0x20002c80                TestGetBatteryVoltage
 .text.TestUpdateThreshVoltages
                0x20002ce4      0x170 ./src/TestingDemos/EpsTestingDemo.o
                0x20002ce4                TestUpdateThreshVoltages
 .text.TestGetThreshVoltages
                0x20002e54       0xb0 ./src/TestingDemos/EpsTestingDemo.o
                0x20002e54                TestGetThreshVoltages
 .text.TestUpdateAlpha
                0x20002f04       0xc0 ./src/TestingDemos/EpsTestingDemo.o
                0x20002f04                TestUpdateAlpha
 .text.TestGetAlpha
                0x20002fc4       0x78 ./src/TestingDemos/EpsTestingDemo.o
                0x20002fc4                TestGetAlpha
 .text.TestRestoreDefaultAlpha
                0x2000303c       0xf4 ./src/TestingDemos/EpsTestingDemo.o
                0x2000303c                TestRestoreDefaultAlpha
 .text.TestRestoreDefaultThresholdVoltages
                0x20003130      0x154 ./src/TestingDemos/EpsTestingDemo.o
                0x20003130                TestRestoreDefaultThresholdVoltages
 .text.GetHeaterValues
                0x20003284       0xb0 ./src/TestingDemos/EpsTestingDemo.o
                0x20003284                GetHeaterValues
 .text.SetHeaterValues
                0x20003334      0x104 ./src/TestingDemos/EpsTestingDemo.o
                0x20003334                SetHeaterValues
 .text.selectAndExecuteEpsDemoTest
                0x20003438      0x1b0 ./src/TestingDemos/EpsTestingDemo.o
                0x20003438                selectAndExecuteEpsDemoTest
 .text.MainEpsTestBench
                0x200035e8       0x40 ./src/TestingDemos/EpsTestingDemo.o
                0x200035e8                MainEpsTestBench
 .text.TestListFiles
                0x20003628      0x198 ./src/TestingDemos/FileSystemTestingDemo.o
                0x20003628                TestListFiles
 .text.TestListAllFiles
                0x200037c0      0x134 ./src/TestingDemos/FileSystemTestingDemo.o
                0x200037c0                TestListAllFiles
 .text.TestLOGTLM
                0x200038f4      0x110 ./src/TestingDemos/FileSystemTestingDemo.o
                0x200038f4                TestLOGTLM
 .text.TestEPSTLM
                0x20003a04       0xa8 ./src/TestingDemos/FileSystemTestingDemo.o
                0x20003a04                TestEPSTLM
 .text.TestReadTimeRangeTLMRes
                0x20003aac      0x210 ./src/TestingDemos/FileSystemTestingDemo.o
                0x20003aac                TestReadTimeRangeTLMRes
 .text.TestReadTimeRangeTLM
                0x20003cbc      0x178 ./src/TestingDemos/FileSystemTestingDemo.o
                0x20003cbc                TestReadTimeRangeTLM
 .text.GenerateWODTLM
                0x20003e34       0xd0 ./src/TestingDemos/FileSystemTestingDemo.o
                0x20003e34                GenerateWODTLM
 .text.DeleteOldFiles
                0x20003f04      0x148 ./src/TestingDemos/FileSystemTestingDemo.o
                0x20003f04                DeleteOldFiles
 .text.createSingleDayTLM
                0x2000404c       0xb0 ./src/TestingDemos/FileSystemTestingDemo.o
                0x2000404c                createSingleDayTLM
 .text.printLastError
                0x200040fc       0x38 ./src/TestingDemos/FileSystemTestingDemo.o
                0x200040fc                printLastError
 .text.copyTLMFile
                0x20004134      0x2ac ./src/TestingDemos/FileSystemTestingDemo.o
                0x20004134                copyTLMFile
 .text.TestWODTLM
                0x200043e0       0xa8 ./src/TestingDemos/FileSystemTestingDemo.o
                0x200043e0                TestWODTLM
 .text.TestDeleteFiels
                0x20004488      0x2b8 ./src/TestingDemos/FileSystemTestingDemo.o
                0x20004488                TestDeleteFiels
 .text.TestReadMultiFiels
                0x20004740      0x2ac ./src/TestingDemos/FileSystemTestingDemo.o
                0x20004740                TestReadMultiFiels
 .text.TestTRXVUTLM
                0x200049ec      0x11c ./src/TestingDemos/FileSystemTestingDemo.o
                0x200049ec                TestTRXVUTLM
 .text.FullSDTest
                0x20004b08      0x19c ./src/TestingDemos/FileSystemTestingDemo.o
                0x20004b08                FullSDTest
 .text.LogErrorRateTest
                0x20004ca4      0x148 ./src/TestingDemos/FileSystemTestingDemo.o
                0x20004ca4                LogErrorRateTest
 .text.deleteMonth
                0x20004dec       0x78 ./src/TestingDemos/FileSystemTestingDemo.o
                0x20004dec                deleteMonth
 .text.deleteYear
                0x20004e64       0xb0 ./src/TestingDemos/FileSystemTestingDemo.o
                0x20004e64                deleteYear
 .text.readFileTest
                0x20004f14       0x88 ./src/TestingDemos/FileSystemTestingDemo.o
                0x20004f14                readFileTest
 .text.writeFileOnScreen
                0x20004f9c       0xcc ./src/TestingDemos/FileSystemTestingDemo.o
                0x20004f9c                writeFileOnScreen
 .text.GetExtraData
                0x20005068       0x4c ./src/TestingDemos/FileSystemTestingDemo.o
                0x20005068                GetExtraData
 .text.showFreeSapce
                0x200050b4      0x110 ./src/TestingDemos/FileSystemTestingDemo.o
                0x200050b4                showFreeSapce
 .text.SwitchSDCardTest
                0x200051c4       0x98 ./src/TestingDemos/FileSystemTestingDemo.o
                0x200051c4                SwitchSDCardTest
 .text.FormatSDTest
                0x2000525c       0x9c ./src/TestingDemos/FileSystemTestingDemo.o
                0x2000525c                FormatSDTest
 .text.showFreeSpaceHeap
                0x200052f8       0xa4 ./src/TestingDemos/FileSystemTestingDemo.o
                0x200052f8                showFreeSpaceHeap
 .text.selectAndExecuteFSTest
                0x2000539c      0x344 ./src/TestingDemos/FileSystemTestingDemo.o
                0x2000539c                selectAndExecuteFSTest
 .text.MainFileSystemTestBench
                0x200056e0       0x44 ./src/TestingDemos/FileSystemTestingDemo.o
                0x200056e0                MainFileSystemTestBench
 .text.selectAndExecuteTest
                0x20005724      0x168 ./src/TestingDemos/MainTest.o
                0x20005724                selectAndExecuteTest
 .text.taskTesting
                0x2000588c       0x28 ./src/TestingDemos/MainTest.o
                0x2000588c                taskTesting
 .text.printSDINfo
                0x200058b4       0x84 ./src/TestingDemos/MaintenanceTestingDemo.o
                0x200058b4                printSDINfo
 .text.changeFirstActivation
                0x20005938       0x84 ./src/TestingDemos/MaintenanceTestingDemo.o
                0x20005938                changeFirstActivation
 .text.selectAndExecuteMaintenanceDemoTest
                0x200059bc      0x19c ./src/TestingDemos/MaintenanceTestingDemo.o
                0x200059bc                selectAndExecuteMaintenanceDemoTest
 .text.MainMaintenanceTestBench
                0x20005b58       0x40 ./src/TestingDemos/MaintenanceTestingDemo.o
                0x20005b58                MainMaintenanceTestBench
 .text.savePacketsInRam
                0x20005b98      0x104 ./src/TestingDemos/TelemetryTestingDemo.o
                0x20005b98                savePacketsInRam
 .text.checkPacket
                0x20005c9c       0xa4 ./src/TestingDemos/TelemetryTestingDemo.o
                0x20005c9c                checkPacket
 .text.singleTlmWodTest
                0x20005d40       0xa0 ./src/TestingDemos/TelemetryTestingDemo.o
                0x20005d40                singleTlmWodTest
 .text.singleTLMLogTest
                0x20005de0       0xb8 ./src/TestingDemos/TelemetryTestingDemo.o
                0x20005de0                singleTLMLogTest
 .text.singleTlmLogTestHelp
                0x20005e98       0x4c ./src/TestingDemos/TelemetryTestingDemo.o
                0x20005e98                singleTlmLogTestHelp
 .text.saveNGetMultipleTlmTest
                0x20005ee4      0x1e0 ./src/TestingDemos/TelemetryTestingDemo.o
                0x20005ee4                saveNGetMultipleTlmTest
 .text.saveMultipleNGetSomeTlmTest
                0x200060c4      0x25c ./src/TestingDemos/TelemetryTestingDemo.o
                0x200060c4                saveMultipleNGetSomeTlmTest
 .text.getWodMinMaxTest
                0x20006320      0x130 ./src/TestingDemos/TelemetryTestingDemo.o
                0x20006320                getWodMinMaxTest
 .text.tlmTest  0x20006450      0x1ec ./src/TestingDemos/TelemetryTestingDemo.o
                0x20006450                tlmTest
 .text.saveNGetLog
                0x2000663c      0x19c ./src/TestingDemos/TelemetryTestingDemo.o
                0x2000663c                saveNGetLog
 .text.PrintStaticSize
                0x200067d8       0x20 ./src/TestingDemos/TelemetryTestingDemo.o
                0x200067d8                PrintStaticSize
 .text.MainTelemetryTestBench
                0x200067f8      0x128 ./src/TestingDemos/TelemetryTestingDemo.o
                0x200067f8                MainTelemetryTestBench
 .text.TestInitTrxvu
                0x20006920       0x54 ./src/TestingDemos/TrxvuTestingDemo.o
                0x20006920                TestInitTrxvu
 .text.TestInitTrxvuWithDifferentFrameLengths
                0x20006974      0x134 ./src/TestingDemos/TrxvuTestingDemo.o
                0x20006974                TestInitTrxvuWithDifferentFrameLengths
 .text.TestTrxvuLogic
                0x20006aa8       0xd4 ./src/TestingDemos/TrxvuTestingDemo.o
                0x20006aa8                TestTrxvuLogic
 .text.TestCheckTransmitionAllowed
                0x20006b7c       0xa4 ./src/TestingDemos/TrxvuTestingDemo.o
                0x20006b7c                TestCheckTransmitionAllowed
 .text.TestLoopSPL
                0x20006c20       0xc4 ./src/TestingDemos/TrxvuTestingDemo.o
                0x20006c20                TestLoopSPL
 .text.TestSendDumpAbortRequest
                0x20006ce4       0x24 ./src/TestingDemos/TrxvuTestingDemo.o
                0x20006ce4                TestSendDumpAbortRequest
 .text.TestTransmitDummySplPacket
                0x20006d08       0xc0 ./src/TestingDemos/TrxvuTestingDemo.o
                0x20006d08                TestTransmitDummySplPacket
 .text.TestTransmitSplPacket
                0x20006dc8      0x1ec ./src/TestingDemos/TrxvuTestingDemo.o
                0x20006dc8                TestTransmitSplPacket
 .text.TestExitDump
                0x20006fb4       0x1c ./src/TestingDemos/TrxvuTestingDemo.o
                0x20006fb4                TestExitDump
 .text.TestDumpTelemetry
                0x20006fd0       0x9c ./src/TestingDemos/TrxvuTestingDemo.o
                0x20006fd0                TestDumpTelemetry
 .text.TestRestoreDefaultBeaconParameters
                0x2000706c       0x1c ./src/TestingDemos/TrxvuTestingDemo.o
                0x2000706c                TestRestoreDefaultBeaconParameters
 .text.TestChooseDefaultBeaconCycle
                0x20007088       0xe0 ./src/TestingDemos/TrxvuTestingDemo.o
                0x20007088                TestChooseDefaultBeaconCycle
 .text.TestBeaconLogic
                0x20007168       0xdc ./src/TestingDemos/TrxvuTestingDemo.o
                0x20007168                TestBeaconLogic
 .text.TestMuteTrxvu
                0x20007244       0x9c ./src/TestingDemos/TrxvuTestingDemo.o
                0x20007244                TestMuteTrxvu
 .text.TestUnMuteTrxvu
                0x200072e0       0x30 ./src/TestingDemos/TrxvuTestingDemo.o
                0x200072e0                TestUnMuteTrxvu
 .text.TestGetNumberOfFramesInBuffer
                0x20007310       0x54 ./src/TestingDemos/TrxvuTestingDemo.o
                0x20007310                TestGetNumberOfFramesInBuffer
 .text.TestSetTrxvuBitrate
                0x20007364       0xf0 ./src/TestingDemos/TrxvuTestingDemo.o
                0x20007364                TestSetTrxvuBitrate
 .text.TestGetTrxvuBitrate
                0x20007454       0xb0 ./src/TestingDemos/TrxvuTestingDemo.o
                0x20007454                TestGetTrxvuBitrate
 .text.TestTransmitDataAsSPL_Packet
                0x20007504      0x114 ./src/TestingDemos/TrxvuTestingDemo.o
                0x20007504                TestTransmitDataAsSPL_Packet
 .text.selectAndExecuteTrxvuDemoTest
                0x20007618      0x2ac ./src/TestingDemos/TrxvuTestingDemo.o
                0x20007618                selectAndExecuteTrxvuDemoTest
 .text.MainTrxvuTestBench
                0x200078c4       0x44 ./src/TestingDemos/TrxvuTestingDemo.o
                0x200078c4                MainTrxvuTestBench
 .text.GetBatteryVoltage
                0x20007908       0x38 ./src/SubSystemModules/PowerManagment/EPS.o
                0x20007908                GetBatteryVoltage
 .text.EPS_Init
                0x20007940       0xb8 ./src/SubSystemModules/PowerManagment/EPS.o
                0x20007940                EPS_Init
 .text.EPS_Conditioning
                0x200079f8      0x1c4 ./src/SubSystemModules/PowerManagment/EPS.o
                0x200079f8                EPS_Conditioning
 .text.UpdateAlpha
                0x20007bbc       0xd8 ./src/SubSystemModules/PowerManagment/EPS.o
                0x20007bbc                UpdateAlpha
 .text.UpdateThresholdVoltages
                0x20007c94      0x218 ./src/SubSystemModules/PowerManagment/EPS.o
                0x20007c94                UpdateThresholdVoltages
 .text.GetThresholdVoltages
                0x20007eac       0x80 ./src/SubSystemModules/PowerManagment/EPS.o
                0x20007eac                GetThresholdVoltages
 .text.GetAlpha
                0x20007f2c       0x7c ./src/SubSystemModules/PowerManagment/EPS.o
                0x20007f2c                GetAlpha
 .text.RestoreDefaultThresholdVoltages
                0x20007fa8       0x74 ./src/SubSystemModules/PowerManagment/EPS.o
                0x20007fa8                RestoreDefaultThresholdVoltages
 .text.CMDGetHeaterValues
                0x2000801c       0x24 ./src/SubSystemModules/PowerManagment/EPS.o
                0x2000801c                CMDGetHeaterValues
 .text.CMDSetHeaterValues
                0x20008040       0x58 ./src/SubSystemModules/PowerManagment/EPS.o
                0x20008040                CMDSetHeaterValues
 .text.EnterFullMode
                0x20008098       0x44 ./src/SubSystemModules/PowerManagment/EPSOperationModes.o
                0x20008098                EnterFullMode
 .text.EnterCruiseMode
                0x200080dc       0x40 ./src/SubSystemModules/PowerManagment/EPSOperationModes.o
                0x200080dc                EnterCruiseMode
 .text.EnterSafeMode
                0x2000811c       0x44 ./src/SubSystemModules/PowerManagment/EPSOperationModes.o
                0x2000811c                EnterSafeMode
 .text.EnterCriticalMode
                0x20008160       0x44 ./src/SubSystemModules/PowerManagment/EPSOperationModes.o
                0x20008160                EnterCriticalMode
 .text.GetSystemState
                0x200081a4       0x24 ./src/SubSystemModules/PowerManagment/EPSOperationModes.o
                0x200081a4                GetSystemState
 .text.GetSystemChannelState
                0x200081c8       0x24 ./src/SubSystemModules/PowerManagment/EPSOperationModes.o
                0x200081c8                GetSystemChannelState
 .text.EpsGetLowVoltageFlag
                0x200081ec       0x24 ./src/SubSystemModules/PowerManagment/EPSOperationModes.o
                0x200081ec                EpsGetLowVoltageFlag
 .text.EpsSetLowVoltageFlag
                0x20008210       0x2c ./src/SubSystemModules/PowerManagment/EPSOperationModes.o
                0x20008210                EpsSetLowVoltageFlag
 .text.CheckExecutionTime
                0x2000823c       0x80 ./src/SubSystemModules/Maintenance/Maintenance.o
                0x2000823c                CheckExecutionTime
 .text.SaveSatTimeInFRAM
                0x200082bc       0x44 ./src/SubSystemModules/Maintenance/Maintenance.o
                0x200082bc                SaveSatTimeInFRAM
 .text.WakeupFromResetCMD
                0x20008300      0x120 ./src/SubSystemModules/Maintenance/Maintenance.o
                0x20008300                WakeupFromResetCMD
 .text.ResetGroundCommWDT
                0x20008420       0x1c ./src/SubSystemModules/Maintenance/Maintenance.o
                0x20008420                ResetGroundCommWDT
 .text.findMinMaxDate
                0x2000843c       0xdc ./src/SubSystemModules/Maintenance/Maintenance.o
                0x2000843c                findMinMaxDate
 .text.DeleteOldFiels
                0x20008518       0xf0 ./src/SubSystemModules/Maintenance/Maintenance.o
                0x20008518                DeleteOldFiels
 .text.HardResetMCU
                0x20008608       0x24 ./src/SubSystemModules/Maintenance/Maintenance.o
                0x20008608                HardResetMCU
 .text.ResetRamTlm
                0x2000862c       0x8c ./src/SubSystemModules/Housekepping/RAMTelemetry.o
                0x2000862c                ResetRamTlm
 .text.inc      0x200086b8       0x4c ./src/SubSystemModules/Housekepping/RAMTelemetry.o
                0x200086b8                inc
 .text.dec      0x20008704       0x48 ./src/SubSystemModules/Housekepping/RAMTelemetry.o
                0x20008704                dec
 .text.saveTlmToRam
                0x2000874c      0x138 ./src/SubSystemModules/Housekepping/RAMTelemetry.o
                0x2000874c                saveTlmToRam
 .text.getTlm   0x20008884      0x164 ./src/SubSystemModules/Housekepping/RAMTelemetry.o
                0x20008884                getTlm
 .text.getRange
                0x200089e8      0x158 ./src/SubSystemModules/Housekepping/RAMTelemetry.o
                0x200089e8                getRange
 .text.InitSavePeriodTimes
                0x20008b40       0x78 ./src/SubSystemModules/Housekepping/TelemetryCollector.o
                0x20008b40                InitSavePeriodTimes
 .text.CMD_GetTLMPeriodTimes
                0x20008bb8       0x38 ./src/SubSystemModules/Housekepping/TelemetryCollector.o
                0x20008bb8                CMD_GetTLMPeriodTimes
 .text.CMD_SetTLMPeriodTimes
                0x20008bf0      0x17c ./src/SubSystemModules/Housekepping/TelemetryCollector.o
                0x20008bf0                CMD_SetTLMPeriodTimes
 .text.TelemetryCollectorLogic
                0x20008d6c      0x208 ./src/SubSystemModules/Housekepping/TelemetryCollector.o
                0x20008d6c                TelemetryCollectorLogic
 .text.TelemetrySaveEPS
                0x20008f74       0x18 ./src/SubSystemModules/Housekepping/TelemetryCollector.o
                0x20008f74                TelemetrySaveEPS
 .text.TelemetrySaveTRXVU
                0x20008f8c       0x94 ./src/SubSystemModules/Housekepping/TelemetryCollector.o
                0x20008f8c                TelemetrySaveTRXVU
 .text.TelemetrySaveANT
                0x20009020       0xa4 ./src/SubSystemModules/Housekepping/TelemetryCollector.o
                0x20009020                TelemetrySaveANT
 .text.TelemetrySaveSolarPanels
                0x200090c4      0x228 ./src/SubSystemModules/Housekepping/TelemetryCollector.o
                0x200090c4                TelemetrySaveSolarPanels
 .text.TelemetrySaveWOD
                0x200092ec       0x5c ./src/SubSystemModules/Housekepping/TelemetryCollector.o
                0x200092ec                TelemetrySaveWOD
 .text.GetCurrentWODTelemetry
                0x20009348      0x74c ./src/SubSystemModules/Housekepping/TelemetryCollector.o
                0x20009348                GetCurrentWODTelemetry
 .text.CMD_EPS_ResetWDT
                0x20009a94       0x48 ./src/SubSystemModules/Communication/SubsystemCommands/EPS_Commands.o
                0x20009a94                CMD_EPS_ResetWDT
 .text.CMD_DeleteTLM
                0x20009adc      0x1d8 ./src/SubSystemModules/Communication/SubsystemCommands/FS_Commands.o
                0x20009adc                CMD_DeleteTLM
 .text.CMD_DeleteAllFiles
                0x20009cb4       0x38 ./src/SubSystemModules/Communication/SubsystemCommands/FS_Commands.o
                0x20009cb4                CMD_DeleteAllFiles
 .text.CMD_GetLastFS_Error
                0x20009cec       0x4c ./src/SubSystemModules/Communication/SubsystemCommands/FS_Commands.o
                0x20009cec                CMD_GetLastFS_Error
 .text.CMD_Get_TLM_Info
                0x20009d38      0x118 ./src/SubSystemModules/Communication/SubsystemCommands/FS_Commands.o
                0x20009d38                CMD_Get_TLM_Info
 .text.CMD_Switch_SD_Card
                0x20009e50       0xb8 ./src/SubSystemModules/Communication/SubsystemCommands/FS_Commands.o
                0x20009e50                CMD_Switch_SD_Card
 .text.CMD_Format_SD_Card
                0x20009f08       0x80 ./src/SubSystemModules/Communication/SubsystemCommands/FS_Commands.o
                0x20009f08                CMD_Format_SD_Card
 .text.CMD_GenericI2C
                0x20009f88      0x144 ./src/SubSystemModules/Communication/SubsystemCommands/Maintanence_Commands.o
                0x20009f88                CMD_GenericI2C
 .text.CMD_FRAM_ReadAndTransmitt
                0x2000a0cc       0xe8 ./src/SubSystemModules/Communication/SubsystemCommands/Maintanence_Commands.o
                0x2000a0cc                CMD_FRAM_ReadAndTransmitt
 .text.CMD_FRAM_WriteAndTransmitt
                0x2000a1b4      0x11c ./src/SubSystemModules/Communication/SubsystemCommands/Maintanence_Commands.o
                0x2000a1b4                CMD_FRAM_WriteAndTransmitt
 .text.CMD_FRAM_ReStart
                0x2000a2d0       0x4c ./src/SubSystemModules/Communication/SubsystemCommands/Maintanence_Commands.o
                0x2000a2d0                CMD_FRAM_ReStart
 .text.CMD_UpdateSatTime
                0x2000a31c       0xa4 ./src/SubSystemModules/Communication/SubsystemCommands/Maintanence_Commands.o
                0x2000a31c                CMD_UpdateSatTime
 .text.CMD_GetSatUptime
                0x2000a3c0       0x48 ./src/SubSystemModules/Communication/SubsystemCommands/Maintanence_Commands.o
                0x2000a3c0                CMD_GetSatUptime
 .text.CMD_ResetComponent
                0x2000a408      0x28c ./src/SubSystemModules/Communication/SubsystemCommands/Maintanence_Commands.o
                0x2000a408                CMD_ResetComponent
 .text.DumpTask
                0x2000a694      0x310 ./src/SubSystemModules/Communication/SubsystemCommands/TRXVU_Commands.o
                0x2000a694                DumpTask
 .text.DumpRamTask
                0x2000a9a4      0x2d0 ./src/SubSystemModules/Communication/SubsystemCommands/TRXVU_Commands.o
                0x2000a9a4                DumpRamTask
 .text.CMD_AntennaDeploy
                0x2000ac74       0xec ./src/SubSystemModules/Communication/SubsystemCommands/TRXVU_Commands.o
                0x2000ac74                CMD_AntennaDeploy
 .text.CMD_StartDump
                0x2000ad60      0x224 ./src/SubSystemModules/Communication/SubsystemCommands/TRXVU_Commands.o
                0x2000ad60                CMD_StartDump
 .text.CMD_SendDumpAbortRequest
                0x2000af84       0x38 ./src/SubSystemModules/Communication/SubsystemCommands/TRXVU_Commands.o
                0x2000af84                CMD_SendDumpAbortRequest
 .text.CMD_ForceDumpAbort
                0x2000afbc       0x3c ./src/SubSystemModules/Communication/SubsystemCommands/TRXVU_Commands.o
                0x2000afbc                CMD_ForceDumpAbort
 .text.CMD_SetTransponder
                0x2000aff8      0x110 ./src/SubSystemModules/Communication/SubsystemCommands/TRXVU_Commands.o
                0x2000aff8                CMD_SetTransponder
 .text.CMD_SetRSSITransponder
                0x2000b108       0x90 ./src/SubSystemModules/Communication/SubsystemCommands/TRXVU_Commands.o
                0x2000b108                CMD_SetRSSITransponder
 .text.CMD_MuteTRXVU
                0x2000b198       0xc4 ./src/SubSystemModules/Communication/SubsystemCommands/TRXVU_Commands.o
                0x2000b198                CMD_MuteTRXVU
 .text.CMD_SetIdleState
                0x2000b25c       0x94 ./src/SubSystemModules/Communication/SubsystemCommands/TRXVU_Commands.o
                0x2000b25c                CMD_SetIdleState
 .text.CMD_UnMuteTRXVU
                0x2000b2f0       0x38 ./src/SubSystemModules/Communication/SubsystemCommands/TRXVU_Commands.o
                0x2000b2f0                CMD_UnMuteTRXVU
 .text.CMD_GetBaudRate
                0x2000b328       0x68 ./src/SubSystemModules/Communication/SubsystemCommands/TRXVU_Commands.o
                0x2000b328                CMD_GetBaudRate
 .text.CMD_TrasmitBeacon
                0x2000b390       0x48 ./src/SubSystemModules/Communication/SubsystemCommands/TRXVU_Commands.o
                0x2000b390                CMD_TrasmitBeacon
 .text.CMD_GetBeaconInterval
                0x2000b3d8       0x6c ./src/SubSystemModules/Communication/SubsystemCommands/TRXVU_Commands.o
                0x2000b3d8                CMD_GetBeaconInterval
 .text.CMD_SetBaudRate
                0x2000b444       0x60 ./src/SubSystemModules/Communication/SubsystemCommands/TRXVU_Commands.o
                0x2000b444                CMD_SetBaudRate
 .text.CMD_GetTxUptime
                0x2000b4a4       0x64 ./src/SubSystemModules/Communication/SubsystemCommands/TRXVU_Commands.o
                0x2000b4a4                CMD_GetTxUptime
 .text.CMD_GetRxUptime
                0x2000b508       0x64 ./src/SubSystemModules/Communication/SubsystemCommands/TRXVU_Commands.o
                0x2000b508                CMD_GetRxUptime
 .text.CMD_GetNumOfOnlineCommands
                0x2000b56c       0x64 ./src/SubSystemModules/Communication/SubsystemCommands/TRXVU_Commands.o
                0x2000b56c                CMD_GetNumOfOnlineCommands
 .text.CMD_AntSetArmStatus
                0x2000b5d0       0xa0 ./src/SubSystemModules/Communication/SubsystemCommands/TRXVU_Commands.o
                0x2000b5d0                CMD_AntSetArmStatus
 .text.CMD_AntGetArmStatus
                0x2000b670       0x70 ./src/SubSystemModules/Communication/SubsystemCommands/TRXVU_Commands.o
                0x2000b670                CMD_AntGetArmStatus
 .text.CMD_AntGetUptime
                0x2000b6e0       0x78 ./src/SubSystemModules/Communication/SubsystemCommands/TRXVU_Commands.o
                0x2000b6e0                CMD_AntGetUptime
 .text.CMD_StopReDeployment
                0x2000b758       0xac ./src/SubSystemModules/Communication/SubsystemCommands/TRXVU_Commands.o
                0x2000b758                CMD_StopReDeployment
 .text.CMD_AntCancelDeployment
                0x2000b804       0x68 ./src/SubSystemModules/Communication/SubsystemCommands/TRXVU_Commands.o
                0x2000b804                CMD_AntCancelDeployment
 .text.CMD_DumpRamTLM
                0x2000b86c      0x224 ./src/SubSystemModules/Communication/SubsystemCommands/TRXVU_Commands.o
                0x2000b86c                CMD_DumpRamTLM
 .text.SendAckPacket
                0x2000ba90       0xe4 ./src/SubSystemModules/Communication/AckHandler.o
                0x2000ba90                SendAckPacket
 .text.trxvu_command_router
                0x2000bb74      0x560 ./src/SubSystemModules/Communication/CommandDictionary.o
                0x2000bb74                trxvu_command_router
 .text.eps_command_router
                0x2000c0d4       0xdc ./src/SubSystemModules/Communication/CommandDictionary.o
                0x2000c0d4                eps_command_router
 .text.telemetry_command_router
                0x2000c1b0      0x23c ./src/SubSystemModules/Communication/CommandDictionary.o
                0x2000c1b0                telemetry_command_router
 .text.managment_command_router
                0x2000c3ec      0x12c ./src/SubSystemModules/Communication/CommandDictionary.o
                0x2000c3ec                managment_command_router
 .text.filesystem_command_router
                0x2000c518       0x24 ./src/SubSystemModules/Communication/CommandDictionary.o
                0x2000c518                filesystem_command_router
 .text.ParseDataToCommand
                0x2000c53c      0x1ac ./src/SubSystemModules/Communication/SatCommandHandler.o
                0x2000c53c                ParseDataToCommand
 .text.AssembleCommand
                0x2000c6e8      0x148 ./src/SubSystemModules/Communication/SatCommandHandler.o
                0x2000c6e8                AssembleCommand
 .text.GetDelayedCommand
                0x2000c830       0x24 ./src/SubSystemModules/Communication/SatCommandHandler.o
                0x2000c830                GetDelayedCommand
 .text.AddDelayedCommand
                0x2000c854       0x24 ./src/SubSystemModules/Communication/SatCommandHandler.o
                0x2000c854                AddDelayedCommand
 .text.GetDelayedCommandBufferCount
                0x2000c878       0x50 ./src/SubSystemModules/Communication/SatCommandHandler.o
                0x2000c878                GetDelayedCommandBufferCount
 .text.GetDelayedCommandByIndex
                0x2000c8c8       0x28 ./src/SubSystemModules/Communication/SatCommandHandler.o
                0x2000c8c8                GetDelayedCommandByIndex
 .text.DeleteDelayedCommandByIndex
                0x2000c8f0       0x24 ./src/SubSystemModules/Communication/SatCommandHandler.o
                0x2000c8f0                DeleteDelayedCommandByIndex
 .text.DeleteDelayedBuffer
                0x2000c914       0x1c ./src/SubSystemModules/Communication/SatCommandHandler.o
                0x2000c914                DeleteDelayedBuffer
 .text.ActUponCommand
                0x2000c930      0x108 ./src/SubSystemModules/Communication/SatCommandHandler.o
                0x2000c930                ActUponCommand
 .text.setMuteEndTime
                0x2000ca38       0x40 ./src/SubSystemModules/Communication/TRXVU.o
                0x2000ca38                setMuteEndTime
 .text.getMuteEndTime
                0x2000ca78       0x44 ./src/SubSystemModules/Communication/TRXVU.o
                0x2000ca78                getMuteEndTime
 .text.setTransponderEndTime
                0x2000cabc       0x40 ./src/SubSystemModules/Communication/TRXVU.o
                0x2000cabc                setTransponderEndTime
 .text.getTransponderEndTime
                0x2000cafc       0x44 ./src/SubSystemModules/Communication/TRXVU.o
                0x2000cafc                getTransponderEndTime
 .text.setTransponderRSSIinFRAM
                0x2000cb40       0x44 ./src/SubSystemModules/Communication/TRXVU.o
                0x2000cb40                setTransponderRSSIinFRAM
 .text.getTransponderRSSIFromFRAM
                0x2000cb84       0x4c ./src/SubSystemModules/Communication/TRXVU.o
                0x2000cb84                getTransponderRSSIFromFRAM
 .text.InitTxModule
                0x2000cbd0       0x68 ./src/SubSystemModules/Communication/TRXVU.o
                0x2000cbd0                InitTxModule
 .text.CMD_SetBeaconInterval
                0x2000cc38       0xdc ./src/SubSystemModules/Communication/TRXVU.o
                0x2000cc38                CMD_SetBeaconInterval
 .text.InitBeaconParams
                0x2000cd14       0x3c ./src/SubSystemModules/Communication/TRXVU.o
                0x2000cd14                InitBeaconParams
 .text.InitSemaphores
                0x2000cd50       0x98 ./src/SubSystemModules/Communication/TRXVU.o
                0x2000cd50                InitSemaphores
 .text.InitTrxvu
                0x2000cde8       0xec ./src/SubSystemModules/Communication/TRXVU.o
                0x2000cde8                InitTrxvu
 .text.checkIdleFinish
                0x2000ced4       0x68 ./src/SubSystemModules/Communication/TRXVU.o
                0x2000ced4                checkIdleFinish
 .text.checkTransponderFinish
                0x2000cf3c       0x50 ./src/SubSystemModules/Communication/TRXVU.o
                0x2000cf3c                checkTransponderFinish
 .text.checkTransponderStart
                0x2000cf8c       0x50 ./src/SubSystemModules/Communication/TRXVU.o
                0x2000cf8c                checkTransponderStart
 .text.turnOnTransponder
                0x2000cfdc       0xa0 ./src/SubSystemModules/Communication/TRXVU.o
                0x2000cfdc                turnOnTransponder
 .text.turnOffTransponder
                0x2000d07c       0x90 ./src/SubSystemModules/Communication/TRXVU.o
                0x2000d07c                turnOffTransponder
 .text.SetRSSITransponder
                0x2000d10c       0x80 ./src/SubSystemModules/Communication/TRXVU.o
                0x2000d10c                SetRSSITransponder
 .text.TRX_Logic
                0x2000d18c       0xd4 ./src/SubSystemModules/Communication/TRXVU.o
                0x2000d18c                TRX_Logic
 .text.GetNumberOfFramesInBuffer
                0x2000d260       0x5c ./src/SubSystemModules/Communication/TRXVU.o
                0x2000d260                GetNumberOfFramesInBuffer
 .text.GetOnlineCommand
                0x2000d2bc      0x17c ./src/SubSystemModules/Communication/TRXVU.o
                0x2000d2bc                GetOnlineCommand
 .text.CheckTransmitionAllowed
                0x2000d438       0xc0 ./src/SubSystemModules/Communication/TRXVU.o
                0x2000d438                CheckTransmitionAllowed
 .text.FinishDump
                0x2000d4f8       0xf0 ./src/SubSystemModules/Communication/TRXVU.o
                0x2000d4f8                FinishDump
 .text.AbortDump
                0x2000d5e8       0x34 ./src/SubSystemModules/Communication/TRXVU.o
                0x2000d5e8                AbortDump
 .text.SendDumpAbortRequest
                0x2000d61c       0x6c ./src/SubSystemModules/Communication/TRXVU.o
                0x2000d61c                SendDumpAbortRequest
 .text.CheckDumpAbort
                0x2000d688       0x6c ./src/SubSystemModules/Communication/TRXVU.o
                0x2000d688                CheckDumpAbort
 .text.BeaconLogic
                0x2000d6f4      0x1b8 ./src/SubSystemModules/Communication/TRXVU.o
                0x2000d6f4                BeaconLogic
 .text.SetIdleState
                0x2000d8ac      0x144 ./src/SubSystemModules/Communication/TRXVU.o
                0x2000d8ac                SetIdleState
 .text.muteTRXVU
                0x2000d9f0       0x74 ./src/SubSystemModules/Communication/TRXVU.o
                0x2000d9f0                muteTRXVU
 .text.UnMuteTRXVU
                0x2000da64       0x14 ./src/SubSystemModules/Communication/TRXVU.o
                0x2000da64                UnMuteTRXVU
 .text.TransmitDataAsSPL_Packet
                0x2000da78      0x114 ./src/SubSystemModules/Communication/TRXVU.o
                0x2000da78                TransmitDataAsSPL_Packet
 .text.TransmitSplPacket
                0x2000db8c      0x1cc ./src/SubSystemModules/Communication/TRXVU.o
                0x2000db8c                TransmitSplPacket
 .text.isFirstActivation
                0x2000dd58       0x38 ./src/InitSystem.o
                0x2000dd58                isFirstActivation
 .text.WriteDefaultValuesToFRAM
                0x2000dd90      0x208 ./src/InitSystem.o
                0x2000dd90                WriteDefaultValuesToFRAM
 .text.StartFRAM
                0x2000df98       0x64 ./src/InitSystem.o
                0x2000df98                StartFRAM
 .text.StartI2C
                0x2000dffc       0x38 ./src/InitSystem.o
                0x2000dffc                StartI2C
 .text.StartSPI
                0x2000e034       0x34 ./src/InitSystem.o
                0x2000e034                StartSPI
 .text.StartTIME
                0x2000e068       0xbc ./src/InitSystem.o
                0x2000e068                StartTIME
 .text.DeploySystem
                0x2000e124      0x1a4 ./src/InitSystem.o
                0x2000e124                DeploySystem
 .text.InitSubsystems
                0x2000e2c8       0x64 ./src/InitSystem.o
                0x2000e2c8                InitSubsystems
 .text.CMD_getInfoImage
                0x2000e32c      0x158 ./src/TLM_management.o
                0x2000e32c                CMD_getInfoImage
 .text.CMD_getDataImage
                0x2000e484      0x218 ./src/TLM_management.o
                0x2000e484                CMD_getDataImage
 .text.delete_allTMFilesFromSD
                0x2000e69c       0x8c ./src/TLM_management.o
                0x2000e69c                delete_allTMFilesFromSD
 .text.deleteTLMFiles
                0x2000e728       0x94 ./src/TLM_management.o
                0x2000e728                deleteTLMFiles
 .text.deleteTLMFile
                0x2000e7bc       0xcc ./src/TLM_management.o
                0x2000e7bc                deleteTLMFile
 .text.deleteTLMbyMonth
                0x2000e888       0xac ./src/TLM_management.o
                0x2000e888                deleteTLMbyMonth
 .text.deleteDirectory
                0x2000e934      0x158 ./src/TLM_management.o
                0x2000e934                deleteDirectory
 .text.InitializeFS
                0x2000ea8c       0xec ./src/TLM_management.o
                0x2000ea8c                InitializeFS
 .text.calculateFileName
                0x2000eb78      0x130 ./src/TLM_management.o
                0x2000eb78                calculateFileName
 .text.getTlmTypeInfo
                0x2000eca8      0x230 ./src/TLM_management.o
                0x2000eca8                getTlmTypeInfo
 .text.write2File
                0x2000eed8      0x1dc ./src/TLM_management.o
                0x2000eed8                write2File
 .text.printTLM
                0x2000f0b4      0x490 ./src/TLM_management.o
                0x2000f0b4                printTLM
 .text.readTLMFile
                0x2000f544      0x328 ./src/TLM_management.o
                0x2000f544                readTLMFile
 .text.readTLMFiles
                0x2000f86c       0xdc ./src/TLM_management.o
                0x2000f86c                readTLMFiles
 .text.readTLMFileTimeRange
                0x2000f948      0x2f0 ./src/TLM_management.o
                0x2000f948                readTLMFileTimeRange
 .text.DeInitializeFS
                0x2000fc38       0x38 ./src/TLM_management.o
                0x2000fc38                DeInitializeFS
 .text.main     0x2000fc70       0x98 ./src/main.o
                0x2000fc70                main
 .text.timeU2time
                0x2000fd08       0xbc ./src/utils.o
                0x2000fd08                timeU2time
 .text.logError
                0x2000fdc4      0x148 ./src/utils.o
                0x2000fdc4                logError
 .text.clearPDCtransfers
                0x2000ff0c       0xe8 C:/ISIS/workspace/ycube/GlobusSatProject/..//hal/hal/lib\libHALD.a(SPI.o)
 .text.SPI_start
                0x2000fff4      0x4b0 C:/ISIS/workspace/ycube/GlobusSatProject/..//hal/hal/lib\libHALD.a(SPI.o)
                0x2000fff4                SPI_start
 .text.SPI_stop
                0x200104a4      0x244 C:/ISIS/workspace/ycube/GlobusSatProject/..//hal/hal/lib\libHALD.a(SPI.o)
                0x200104a4                SPI_stop
 .text.SPI_queueTransfer
                0x200106e8      0x1cc C:/ISIS/workspace/ycube/GlobusSatProject/..//hal/hal/lib\libHALD.a(SPI.o)
                0x200106e8                SPI_queueTransfer
 .text.SPI_internalCallback
                0x200108b4       0x64 C:/ISIS/workspace/ycube/GlobusSatProject/..//hal/hal/lib\libHALD.a(SPI.o)
 .text.SPI_writeRead
                0x20010918      0x1c0 C:/ISIS/workspace/ycube/GlobusSatProject/..//hal/hal/lib\libHALD.a(SPI.o)
                0x20010918                SPI_writeRead
 .text.waitForTransfer
                0x20010ad8       0x78 C:/ISIS/workspace/ycube/GlobusSatProject/..//hal/hal/lib\libHALD.a(SPI.o)
 .text.SPI_getDriverState
                0x20010b50       0x58 C:/ISIS/workspace/ycube/GlobusSatProject/..//hal/hal/lib\libHALD.a(SPI.o)
                0x20010b50                SPI_getDriverState
 .text.validateTransferParameters
                0x20010ba8      0x10c C:/ISIS/workspace/ycube/GlobusSatProject/..//hal/hal/lib\libHALD.a(I2C.o)
 .text.I2C_queueTransfer
                0x20010cb4       0xfc C:/ISIS/workspace/ycube/GlobusSatProject/..//hal/hal/lib\libHALD.a(I2C.o)
                0x20010cb4                I2C_queueTransfer
 .text.I2C_internalCallback
                0x20010db0       0x64 C:/ISIS/workspace/ycube/GlobusSatProject/..//hal/hal/lib\libHALD.a(I2C.o)
 .text.I2C_doBlockingTransfer
                0x20010e14      0x180 C:/ISIS/workspace/ycube/GlobusSatProject/..//hal/hal/lib\libHALD.a(I2C.o)
 .text.I2C_write
                0x20010f94      0x110 C:/ISIS/workspace/ycube/GlobusSatProject/..//hal/hal/lib\libHALD.a(I2C.o)
                0x20010f94                I2C_write
 .text.I2C_read
                0x200110a4      0x110 C:/ISIS/workspace/ycube/GlobusSatProject/..//hal/hal/lib\libHALD.a(I2C.o)
                0x200110a4                I2C_read
 .text.I2C_writeRead
                0x200111b4      0x17c C:/ISIS/workspace/ycube/GlobusSatProject/..//hal/hal/lib\libHALD.a(I2C.o)
                0x200111b4                I2C_writeRead
 .text.I2C_start
                0x20011330      0x2e8 C:/ISIS/workspace/ycube/GlobusSatProject/..//hal/hal/lib\libHALD.a(I2C.o)
                0x20011330                I2C_start
 .text.I2C_stop
                0x20011618      0x184 C:/ISIS/workspace/ycube/GlobusSatProject/..//hal/hal/lib\libHALD.a(I2C.o)
                0x20011618                I2C_stop
 .text.I2C_setTransferTimeout
                0x2001179c       0x48 C:/ISIS/workspace/ycube/GlobusSatProject/..//hal/hal/lib\libHALD.a(I2C.o)
                0x2001179c                I2C_setTransferTimeout
 .text.ADC_ConvertRaw10bitToMillivolt
                0x200117e4       0x50 C:/ISIS/workspace/ycube/GlobusSatProject/..//hal/hal/lib\libHALD.a(ADC.o)
                0x200117e4                ADC_ConvertRaw10bitToMillivolt
 .text.ADC_SingleShot
                0x20011834      0x230 C:/ISIS/workspace/ycube/GlobusSatProject/..//hal/hal/lib\libHALD.a(ADC.o)
                0x20011834                ADC_SingleShot
 .text.FRAM_start
                0x20011a64      0x120 C:/ISIS/workspace/ycube/GlobusSatProject/..//hal/hal/lib\libHALD.a(FRAM.o)
                0x20011a64                FRAM_start
 .text.FRAM_stop
                0x20011b84       0x6c C:/ISIS/workspace/ycube/GlobusSatProject/..//hal/hal/lib\libHALD.a(FRAM.o)
                0x20011b84                FRAM_stop
 .text.FRAM_dummyCallback
                0x20011bf0       0x24 C:/ISIS/workspace/ycube/GlobusSatProject/..//hal/hal/lib\libHALD.a(FRAM.o)
                0x20011bf0                FRAM_dummyCallback
 .text.FRAM_unlockingCallback
                0x20011c14       0x64 C:/ISIS/workspace/ycube/GlobusSatProject/..//hal/hal/lib\libHALD.a(FRAM.o)
                0x20011c14                FRAM_unlockingCallback
 .text.doBlockingTransfer
                0x20011c78       0x78 C:/ISIS/workspace/ycube/GlobusSatProject/..//hal/hal/lib\libHALD.a(FRAM.o)
 .text.FRAM_writePacket
                0x20011cf0      0x134 C:/ISIS/workspace/ycube/GlobusSatProject/..//hal/hal/lib\libHALD.a(FRAM.o)
 .text.FRAM_write
                0x20011e24      0x1e0 C:/ISIS/workspace/ycube/GlobusSatProject/..//hal/hal/lib\libHALD.a(FRAM.o)
                0x20011e24                FRAM_write
 .text.FRAM_readPacket
                0x20012004       0xf0 C:/ISIS/workspace/ycube/GlobusSatProject/..//hal/hal/lib\libHALD.a(FRAM.o)
 .text.FRAM_read
                0x200120f4      0x1ec C:/ISIS/workspace/ycube/GlobusSatProject/..//hal/hal/lib\libHALD.a(FRAM.o)
                0x200120f4                FRAM_read
 .text.Time_start
                0x200122e0      0x170 C:/ISIS/workspace/ycube/GlobusSatProject/..//hal/hal/lib\libHALD.a(Time.o)
                0x200122e0                Time_start
 .text.taskTimeSync
                0x20012450       0x64 C:/ISIS/workspace/ycube/GlobusSatProject/..//hal/hal/lib\libHALD.a(Time.o)
 .text.Time_convertEpochToTime
                0x200124b4      0x100 C:/ISIS/workspace/ycube/GlobusSatProject/..//hal/hal/lib\libHALD.a(Time.o)
                0x200124b4                Time_convertEpochToTime
 .text.Time_calculateSecondsOfYear
                0x200125b4       0xd8 C:/ISIS/workspace/ycube/GlobusSatProject/..//hal/hal/lib\libHALD.a(Time.o)
 .text.Time_set
                0x2001268c       0xd8 C:/ISIS/workspace/ycube/GlobusSatProject/..//hal/hal/lib\libHALD.a(Time.o)
                0x2001268c                Time_set
 .text.Time_isLeapYear
                0x20012764       0x98 C:/ISIS/workspace/ycube/GlobusSatProject/..//hal/hal/lib\libHALD.a(Time.o)
                0x20012764                Time_isLeapYear
 .text.Time_get
                0x200127fc      0x478 C:/ISIS/workspace/ycube/GlobusSatProject/..//hal/hal/lib\libHALD.a(Time.o)
                0x200127fc                Time_get
 .text.Time_getUnixEpoch
                0x20012c74      0x108 C:/ISIS/workspace/ycube/GlobusSatProject/..//hal/hal/lib\libHALD.a(Time.o)
                0x20012c74                Time_getUnixEpoch
 .text.Time_secondsOfYearToTime
                0x20012d7c      0x33c C:/ISIS/workspace/ycube/GlobusSatProject/..//hal/hal/lib\libHALD.a(Time.o)
 .text.Time_setUnixEpoch
                0x200130b8       0x54 C:/ISIS/workspace/ycube/GlobusSatProject/..//hal/hal/lib\libHALD.a(Time.o)
                0x200130b8                Time_setUnixEpoch
 .text.Time_getUptimeSeconds
                0x2001310c       0x28 C:/ISIS/workspace/ycube/GlobusSatProject/..//hal/hal/lib\libHALD.a(Time.o)
                0x2001310c                Time_getUptimeSeconds
 .text.Time_sync
                0x20013134      0x1a8 C:/ISIS/workspace/ycube/GlobusSatProject/..//hal/hal/lib\libHALD.a(Time.o)
                0x20013134                Time_sync
 .text.Time_syncIfNeeded
                0x200132dc       0xac C:/ISIS/workspace/ycube/GlobusSatProject/..//hal/hal/lib\libHALD.a(Time.o)
                0x200132dc                Time_syncIfNeeded
 .text.WDT_start
                0x20013388       0x48 C:/ISIS/workspace/ycube/GlobusSatProject/..//hal/hal/lib\libHALD.a(WatchDogTimerNoOS.o)
                0x20013388                WDT_start
 .text.RTT_start
                0x200133d0       0x24 C:/ISIS/workspace/ycube/GlobusSatProject/..//hal/hal/lib\libHALD.a(RTT.o)
                0x200133d0                RTT_start
 .text.RTT_GetTime
                0x200133f4       0x24 C:/ISIS/workspace/ycube/GlobusSatProject/..//hal/hal/lib\libHALD.a(RTT.o)
                0x200133f4                RTT_GetTime
 .text.RTC_start
                0x20013418       0x3c C:/ISIS/workspace/ycube/GlobusSatProject/..//hal/hal/lib\libHALD.a(RTC.o)
                0x20013418                RTC_start
 .text.RTC_setTime
                0x20013454      0x2a4 C:/ISIS/workspace/ycube/GlobusSatProject/..//hal/hal/lib\libHALD.a(RTC.o)
                0x20013454                RTC_setTime
 .text.RTC_getTime
                0x200136f8      0x230 C:/ISIS/workspace/ycube/GlobusSatProject/..//hal/hal/lib\libHALD.a(RTC.o)
                0x200136f8                RTC_getTime
 .text.RTC_checkTimeValid
                0x20013928       0xd8 C:/ISIS/workspace/ycube/GlobusSatProject/..//hal/hal/lib\libHALD.a(RTC.o)
                0x20013928                RTC_checkTimeValid
 .text.WDT_startWatchdogKickTask
                0x20013a00       0xb4 C:/ISIS/workspace/ycube/GlobusSatProject/..//hal/hal/lib\libHALD.a(WatchDogTimerOS.o)
                0x20013a00                WDT_startWatchdogKickTask
 .text.WDT_forceKickEveryNms
                0x20013ab4       0x50 C:/ISIS/workspace/ycube/GlobusSatProject/..//hal/hal/lib\libHALD.a(WatchDogTimerOS.o)
                0x20013ab4                WDT_forceKickEveryNms
 .text.f_puts   0x20013b04       0x80 C:/ISIS/workspace/ycube/GlobusSatProject/..//hal/hal/lib\libHALD.a(fprintf.o)
                0x20013b04                f_puts
 .text.UTIL_DbguGetInteger
                0x20013b84      0x168 C:/ISIS/workspace/ycube/GlobusSatProject/..//hal/hal/lib\libHALD.a(util.o)
                0x20013b84                UTIL_DbguGetInteger
 .text.UTIL_DbguGetIntegerMinMax
                0x20013cec       0xa4 C:/ISIS/workspace/ycube/GlobusSatProject/..//hal/hal/lib\libHALD.a(util.o)
                0x20013cec                UTIL_DbguGetIntegerMinMax
 .text.LED_glow
                0x20013d90       0x58 C:/ISIS/workspace/ycube/GlobusSatProject/..//hal/hal/lib\libHALD.a(LED.o)
                0x20013d90                LED_glow
 .text.LED_dark
                0x20013de8       0x58 C:/ISIS/workspace/ycube/GlobusSatProject/..//hal/hal/lib\libHALD.a(LED.o)
                0x20013de8                LED_dark
 .text.LED_toggle
                0x20013e40       0x50 C:/ISIS/workspace/ycube/GlobusSatProject/..//hal/hal/lib\libHALD.a(LED.o)
                0x20013e40                LED_toggle
 .text.fm_initvolume
                0x20013e90       0x70 C:/ISIS/workspace/ycube/GlobusSatProject/..//hal/hcc/lib\libHCCD.a(fat_m.o)
                0x20013e90                fm_initvolume
 .text.fm_delvolume
                0x20013f00       0x60 C:/ISIS/workspace/ycube/GlobusSatProject/..//hal/hcc/lib\libHCCD.a(fat_m.o)
                0x20013f00                fm_delvolume
 .text.fm_format
                0x20013f60       0x68 C:/ISIS/workspace/ycube/GlobusSatProject/..//hal/hcc/lib\libHCCD.a(fat_m.o)
                0x20013f60                fm_format
 .text.fm_getdrive
                0x20013fc8       0x70 C:/ISIS/workspace/ycube/GlobusSatProject/..//hal/hcc/lib\libHCCD.a(fat_m.o)
                0x20013fc8                fm_getdrive
 .text.fm_getfreespace
                0x20014038       0x68 C:/ISIS/workspace/ycube/GlobusSatProject/..//hal/hcc/lib\libHCCD.a(fat_m.o)
                0x20014038                fm_getfreespace
 .text.fm_mkdir
                0x200140a0       0x60 C:/ISIS/workspace/ycube/GlobusSatProject/..//hal/hcc/lib\libHCCD.a(fat_m.o)
                0x200140a0                fm_mkdir
 .text.fm_rmdir
                0x20014100       0x60 C:/ISIS/workspace/ycube/GlobusSatProject/..//hal/hcc/lib\libHCCD.a(fat_m.o)
                0x20014100                fm_rmdir
 .text.fm_findfirst
                0x20014160       0x68 C:/ISIS/workspace/ycube/GlobusSatProject/..//hal/hcc/lib\libHCCD.a(fat_m.o)
                0x20014160                fm_findfirst
 .text.fm_findnext
                0x200141c8       0x60 C:/ISIS/workspace/ycube/GlobusSatProject/..//hal/hcc/lib\libHCCD.a(fat_m.o)
                0x200141c8                fm_findnext
 .text.fm_close
                0x20014228       0x60 C:/ISIS/workspace/ycube/GlobusSatProject/..//hal/hcc/lib\libHCCD.a(fat_m.o)
                0x20014228                fm_close
 .text.fm_flush
                0x20014288       0x60 C:/ISIS/workspace/ycube/GlobusSatProject/..//hal/hcc/lib\libHCCD.a(fat_m.o)
                0x20014288                fm_flush
 .text.fm_open  0x200142e8       0x68 C:/ISIS/workspace/ycube/GlobusSatProject/..//hal/hcc/lib\libHCCD.a(fat_m.o)
                0x200142e8                fm_open
 .text.fm_read  0x20014350       0x7c C:/ISIS/workspace/ycube/GlobusSatProject/..//hal/hcc/lib\libHCCD.a(fat_m.o)
                0x20014350                fm_read
 .text.fm_write
                0x200143cc       0x7c C:/ISIS/workspace/ycube/GlobusSatProject/..//hal/hcc/lib\libHCCD.a(fat_m.o)
                0x200143cc                fm_write
 .text.fm_seek  0x20014448       0x70 C:/ISIS/workspace/ycube/GlobusSatProject/..//hal/hcc/lib\libHCCD.a(fat_m.o)
                0x20014448                fm_seek
 .text.fm_tell  0x200144b8       0x60 C:/ISIS/workspace/ycube/GlobusSatProject/..//hal/hcc/lib\libHCCD.a(fat_m.o)
                0x200144b8                fm_tell
 .text.fm_putc  0x20014518       0x68 C:/ISIS/workspace/ycube/GlobusSatProject/..//hal/hcc/lib\libHCCD.a(fat_m.o)
                0x20014518                fm_putc
 .text.fm_rewind
                0x20014580       0x60 C:/ISIS/workspace/ycube/GlobusSatProject/..//hal/hcc/lib\libHCCD.a(fat_m.o)
                0x20014580                fm_rewind
 .text.fm_delete
                0x200145e0       0x64 C:/ISIS/workspace/ycube/GlobusSatProject/..//hal/hcc/lib\libHCCD.a(fat_m.o)
                0x200145e0                fm_delete
 .text.fm_getlasterror
                0x20014644       0x40 C:/ISIS/workspace/ycube/GlobusSatProject/..//hal/hcc/lib\libHCCD.a(fat_m.o)
                0x20014644                fm_getlasterror
 .text._f_invalidatedir
                0x20014684       0x28 C:/ISIS/workspace/ycube/GlobusSatProject/..//hal/hcc/lib\libHCCD.a(fat.o)
                0x20014684                _f_invalidatedir
 .text._f_getdirsector
                0x200146ac       0x88 C:/ISIS/workspace/ycube/GlobusSatProject/..//hal/hcc/lib\libHCCD.a(fat.o)
                0x200146ac                _f_getdirsector
 .text._f_writedirsector
                0x20014734       0x74 C:/ISIS/workspace/ycube/GlobusSatProject/..//hal/hcc/lib\libHCCD.a(fat.o)
                0x20014734                _f_writedirsector
 .text._f_checknameinv
                0x200147a8      0x180 C:/ISIS/workspace/ycube/GlobusSatProject/..//hal/hcc/lib\libHCCD.a(fat.o)
 .text._f_checkname
                0x20014928       0x7c C:/ISIS/workspace/ycube/GlobusSatProject/..//hal/hcc/lib\libHCCD.a(fat.o)
 .text._f_checknamewc
                0x200149a4       0xf8 C:/ISIS/workspace/ycube/GlobusSatProject/..//hal/hcc/lib\libHCCD.a(fat.o)
 .text._f_setnameext
                0x20014a9c      0x300 C:/ISIS/workspace/ycube/GlobusSatProject/..//hal/hcc/lib\libHCCD.a(fat.o)
 .text._f_setfsname
                0x20014d9c      0x584 C:/ISIS/workspace/ycube/GlobusSatProject/..//hal/hcc/lib\libHCCD.a(fat.o)
 .text._f_findfile
                0x20015320      0x30c C:/ISIS/workspace/ycube/GlobusSatProject/..//hal/hcc/lib\libHCCD.a(fat.o)
 .text._f_cmp_wname
                0x2001562c      0x274 C:/ISIS/workspace/ycube/GlobusSatProject/..//hal/hcc/lib\libHCCD.a(fat.o)
 .text._f_to_string
                0x200158a0      0x130 C:/ISIS/workspace/ycube/GlobusSatProject/..//hal/hcc/lib\libHCCD.a(fat.o)
 .text._f_findfilewc
                0x200159d0      0x278 C:/ISIS/workspace/ycube/GlobusSatProject/..//hal/hcc/lib\libHCCD.a(fat.o)
 .text._f_getfilename
                0x20015c48      0x20c C:/ISIS/workspace/ycube/GlobusSatProject/..//hal/hcc/lib\libHCCD.a(fat.o)
 .text._f_findpath
                0x20015e54      0x35c C:/ISIS/workspace/ycube/GlobusSatProject/..//hal/hcc/lib\libHCCD.a(fat.o)
 .text.fn_getdcwd
                0x200161b0      0x1e0 C:/ISIS/workspace/ycube/GlobusSatProject/..//hal/hcc/lib\libHCCD.a(fat.o)
                0x200161b0                fn_getdcwd
 .text.fn_findfirst
                0x20016390      0x13c C:/ISIS/workspace/ycube/GlobusSatProject/..//hal/hcc/lib\libHCCD.a(fat.o)
                0x20016390                fn_findfirst
 .text.fn_findnext
                0x200164cc      0x360 C:/ISIS/workspace/ycube/GlobusSatProject/..//hal/hcc/lib\libHCCD.a(fat.o)
                0x200164cc                fn_findnext
 .text._f_lock_resfile
                0x2001682c       0x6c C:/ISIS/workspace/ycube/GlobusSatProject/..//hal/hcc/lib\libHCCD.a(fat.o)
 .text._f_unlock_resfile
                0x20016898       0x40 C:/ISIS/workspace/ycube/GlobusSatProject/..//hal/hcc/lib\libHCCD.a(fat.o)
 .text._f_getintfile
                0x200168d8      0x124 C:/ISIS/workspace/ycube/GlobusSatProject/..//hal/hcc/lib\libHCCD.a(fat.o)
 .text._f_addentry
                0x200169fc      0x540 C:/ISIS/workspace/ycube/GlobusSatProject/..//hal/hcc/lib\libHCCD.a(fat.o)
 .text.fn_mkdir
                0x20016f3c      0x75c C:/ISIS/workspace/ycube/GlobusSatProject/..//hal/hcc/lib\libHCCD.a(fat.o)
                0x20016f3c                fn_mkdir
 .text.fn_open_sub
                0x20017698     0x1698 C:/ISIS/workspace/ycube/GlobusSatProject/..//hal/hcc/lib\libHCCD.a(fat.o)
 .text.fn_open  0x20018d30       0x44 C:/ISIS/workspace/ycube/GlobusSatProject/..//hal/hcc/lib\libHCCD.a(fat.o)
                0x20018d30                fn_open
 .text.fn_delete
                0x20018d74      0x490 C:/ISIS/workspace/ycube/GlobusSatProject/..//hal/hcc/lib\libHCCD.a(fat.o)
                0x20018d74                fn_delete
 .text.fn_rmdir
                0x20019204      0x5ac C:/ISIS/workspace/ycube/GlobusSatProject/..//hal/hcc/lib\libHCCD.a(fat.o)
                0x20019204                fn_rmdir
 .text.fn_init  0x200197b0      0x2dc C:/ISIS/workspace/ycube/GlobusSatProject/..//hal/hcc/lib\libHCCD.a(fat_common.o)
                0x200197b0                fn_init
 .text.fn_start
                0x20019a8c       0x1c C:/ISIS/workspace/ycube/GlobusSatProject/..//hal/hcc/lib\libHCCD.a(fat_common.o)
                0x20019a8c                fn_start
 .text.fsn_delete
                0x20019aa8       0xc8 C:/ISIS/workspace/ycube/GlobusSatProject/..//hal/hcc/lib\libHCCD.a(fat_common.o)
                0x20019aa8                fsn_delete
 .text._f_get16bitl
                0x20019b70       0x4c C:/ISIS/workspace/ycube/GlobusSatProject/..//hal/hcc/lib\libHCCD.a(fat_common.o)
                0x20019b70                _f_get16bitl
 .text._f_set16bitl
                0x20019bbc       0x54 C:/ISIS/workspace/ycube/GlobusSatProject/..//hal/hcc/lib\libHCCD.a(fat_common.o)
                0x20019bbc                _f_set16bitl
 .text._f_get32bitl
                0x20019c10       0x68 C:/ISIS/workspace/ycube/GlobusSatProject/..//hal/hcc/lib\libHCCD.a(fat_common.o)
                0x20019c10                _f_get32bitl
 .text._f_set32bitl
                0x20019c78       0x78 C:/ISIS/workspace/ycube/GlobusSatProject/..//hal/hcc/lib\libHCCD.a(fat_common.o)
                0x20019c78                _f_set32bitl
 .text._get8bit
                0x20019cf0       0xa0 C:/ISIS/workspace/ycube/GlobusSatProject/..//hal/hcc/lib\libHCCD.a(fat_common.o)
 .text._get16bitl
                0x20019d90       0x40 C:/ISIS/workspace/ycube/GlobusSatProject/..//hal/hcc/lib\libHCCD.a(fat_common.o)
 .text._get32bitl
                0x20019dd0       0x3c C:/ISIS/workspace/ycube/GlobusSatProject/..//hal/hcc/lib\libHCCD.a(fat_common.o)
 .text._set8bitzero
                0x20019e0c       0x6c C:/ISIS/workspace/ycube/GlobusSatProject/..//hal/hcc/lib\libHCCD.a(fat_common.o)
 .text._set8bit
                0x20019e78       0xa0 C:/ISIS/workspace/ycube/GlobusSatProject/..//hal/hcc/lib\libHCCD.a(fat_common.o)
 .text._set16bitl
                0x20019f18       0x3c C:/ISIS/workspace/ycube/GlobusSatProject/..//hal/hcc/lib\libHCCD.a(fat_common.o)
 .text._set32bitl
                0x20019f54       0x34 C:/ISIS/workspace/ycube/GlobusSatProject/..//hal/hcc/lib\libHCCD.a(fat_common.o)
 .text._f_setcardremoved
                0x20019f88       0x94 C:/ISIS/workspace/ycube/GlobusSatProject/..//hal/hcc/lib\libHCCD.a(fat_common.o)
 .text._f_checkstatus
                0x2001a01c      0x104 C:/ISIS/workspace/ycube/GlobusSatProject/..//hal/hcc/lib\libHCCD.a(fat_common.o)
                0x2001a01c                _f_checkstatus
 .text._f_drvgetphy
                0x2001a120      0x114 C:/ISIS/workspace/ycube/GlobusSatProject/..//hal/hcc/lib\libHCCD.a(fat_common.o)
 .text._f_drvwritesector
                0x2001a234       0xdc C:/ISIS/workspace/ycube/GlobusSatProject/..//hal/hcc/lib\libHCCD.a(fat_common.o)
 .text._f_drvreadsector
                0x2001a310       0xa8 C:/ISIS/workspace/ycube/GlobusSatProject/..//hal/hcc/lib\libHCCD.a(fat_common.o)
 .text._f_writesector
                0x2001a3b8      0x23c C:/ISIS/workspace/ycube/GlobusSatProject/..//hal/hcc/lib\libHCCD.a(fat_common.o)
                0x2001a3b8                _f_writesector
 .text._f_readsector
                0x2001a5f4      0x1dc C:/ISIS/workspace/ycube/GlobusSatProject/..//hal/hcc/lib\libHCCD.a(fat_common.o)
                0x2001a5f4                _f_readsector
 .text._f_getmaxcluster
                0x2001a7d0       0x94 C:/ISIS/workspace/ycube/GlobusSatProject/..//hal/hcc/lib\libHCCD.a(fat_common.o)
                0x2001a7d0                _f_getmaxcluster
 .text._getsectorfromcluster
                0x2001a864       0x68 C:/ISIS/workspace/ycube/GlobusSatProject/..//hal/hcc/lib\libHCCD.a(fat_common.o)
 .text._f_buildsectors
                0x2001a8cc      0x268 C:/ISIS/workspace/ycube/GlobusSatProject/..//hal/hcc/lib\libHCCD.a(fat_common.o)
 .text._f_getbootrecord
                0x2001ab34      0x5e4 C:/ISIS/workspace/ycube/GlobusSatProject/..//hal/hcc/lib\libHCCD.a(fat_common.o)
 .text._f_readbootrecord
                0x2001b118      0x4f8 C:/ISIS/workspace/ycube/GlobusSatProject/..//hal/hcc/lib\libHCCD.a(fat_common.o)
 .text._f_writebootrecord
                0x2001b610      0x5e4 C:/ISIS/workspace/ycube/GlobusSatProject/..//hal/hcc/lib\libHCCD.a(fat_common.o)
 .text._f_flushcffiles
                0x2001bbf4      0x17c C:/ISIS/workspace/ycube/GlobusSatProject/..//hal/hcc/lib\libHCCD.a(fat_common.o)
                0x2001bbf4                _f_flushcffiles
 .text._f_fatcache_flush
                0x2001bd70      0x270 C:/ISIS/workspace/ycube/GlobusSatProject/..//hal/hcc/lib\libHCCD.a(fat_common.o)
                0x2001bd70                _f_fatcache_flush
 .text._f_writefatsector
                0x2001bfe0      0x100 C:/ISIS/workspace/ycube/GlobusSatProject/..//hal/hcc/lib\libHCCD.a(fat_common.o)
                0x2001bfe0                _f_writefatsector
 .text._f_getfatsector
                0x2001c0e0      0x3bc C:/ISIS/workspace/ycube/GlobusSatProject/..//hal/hcc/lib\libHCCD.a(fat_common.o)
 .text._f_setclustervalue
                0x2001c49c      0x490 C:/ISIS/workspace/ycube/GlobusSatProject/..//hal/hcc/lib\libHCCD.a(fat_common.o)
                0x2001c49c                _f_setclustervalue
 .text._f_getclustervalue
                0x2001c92c      0x388 C:/ISIS/workspace/ycube/GlobusSatProject/..//hal/hcc/lib\libHCCD.a(fat_common.o)
                0x2001c92c                _f_getclustervalue
 .text._f_close_drive_files
                0x2001ccb4       0xac C:/ISIS/workspace/ycube/GlobusSatProject/..//hal/hcc/lib\libHCCD.a(fat_common.o)
 .text._f_inc_mount_count
                0x2001cd60       0xa4 C:/ISIS/workspace/ycube/GlobusSatProject/..//hal/hcc/lib\libHCCD.a(fat_common.o)
 .text._f_getvolume
                0x2001ce04      0x2f8 C:/ISIS/workspace/ycube/GlobusSatProject/..//hal/hcc/lib\libHCCD.a(fat_common.o)
                0x2001ce04                _f_getvolume
 .text.fn_createdriver
                0x2001d0fc      0x118 C:/ISIS/workspace/ycube/GlobusSatProject/..//hal/hcc/lib\libHCCD.a(fat_common.o)
                0x2001d0fc                fn_createdriver
 .text.fn_initvolume
                0x2001d214      0x12c C:/ISIS/workspace/ycube/GlobusSatProject/..//hal/hcc/lib\libHCCD.a(fat_common.o)
                0x2001d214                fn_initvolume
 .text.fn_releasedriver
                0x2001d340       0xf4 C:/ISIS/workspace/ycube/GlobusSatProject/..//hal/hcc/lib\libHCCD.a(fat_common.o)
                0x2001d340                fn_releasedriver
 .text.fn_initvolumepartition_sub
                0x2001d434       0xe0 C:/ISIS/workspace/ycube/GlobusSatProject/..//hal/hcc/lib\libHCCD.a(fat_common.o)
 .text.fn_initvolumepartition
                0x2001d514       0xac C:/ISIS/workspace/ycube/GlobusSatProject/..//hal/hcc/lib\libHCCD.a(fat_common.o)
                0x2001d514                fn_initvolumepartition
 .text.fn_delvolume
                0x2001d5c0      0x194 C:/ISIS/workspace/ycube/GlobusSatProject/..//hal/hcc/lib\libHCCD.a(fat_common.o)
                0x2001d5c0                fn_delvolume
 .text._f_clustertopos
                0x2001d754       0xf8 C:/ISIS/workspace/ycube/GlobusSatProject/..//hal/hcc/lib\libHCCD.a(fat_common.o)
                0x2001d754                _f_clustertopos
 .text._f_prepareformat
                0x2001d84c      0x8b8 C:/ISIS/workspace/ycube/GlobusSatProject/..//hal/hcc/lib\libHCCD.a(fat_common.o)
 .text._f_resetfatentries
                0x2001e104      0x410 C:/ISIS/workspace/ycube/GlobusSatProject/..//hal/hcc/lib\libHCCD.a(fat_common.o)
 .text._f_resetrootdir
                0x2001e514       0xcc C:/ISIS/workspace/ycube/GlobusSatProject/..//hal/hcc/lib\libHCCD.a(fat_common.o)
 .text._f_postformat
                0x2001e5e0      0x178 C:/ISIS/workspace/ycube/GlobusSatProject/..//hal/hcc/lib\libHCCD.a(fat_common.o)
 .text.fn_format
                0x2001e758      0x148 C:/ISIS/workspace/ycube/GlobusSatProject/..//hal/hcc/lib\libHCCD.a(fat_common.o)
                0x2001e758                fn_format
 .text._f_getcurrsector
                0x2001e8a0      0x6c8 C:/ISIS/workspace/ycube/GlobusSatProject/..//hal/hcc/lib\libHCCD.a(fat_common.o)
                0x2001e8a0                _f_getcurrsector
 .text._f_getdecluster
                0x2001ef68       0x90 C:/ISIS/workspace/ycube/GlobusSatProject/..//hal/hcc/lib\libHCCD.a(fat_common.o)
                0x2001ef68                _f_getdecluster
 .text._f_setdecluster
                0x2001eff8       0x8c C:/ISIS/workspace/ycube/GlobusSatProject/..//hal/hcc/lib\libHCCD.a(fat_common.o)
                0x2001eff8                _f_setdecluster
 .text.fn_getdrive
                0x2001f084       0x30 C:/ISIS/workspace/ycube/GlobusSatProject/..//hal/hcc/lib\libHCCD.a(fat_common.o)
                0x2001f084                fn_getdrive
 .text._f_getcurrenttimedate
                0x2001f0b4      0x138 C:/ISIS/workspace/ycube/GlobusSatProject/..//hal/hcc/lib\libHCCD.a(fat_common.o)
                0x2001f0b4                _f_getcurrenttimedate
 .text._f_initentry
                0x2001f1ec       0xa0 C:/ISIS/workspace/ycube/GlobusSatProject/..//hal/hcc/lib\libHCCD.a(fat_common.o)
                0x2001f1ec                _f_initentry
 .text._f_alloccluster
                0x2001f28c      0x344 C:/ISIS/workspace/ycube/GlobusSatProject/..//hal/hcc/lib\libHCCD.a(fat_common.o)
                0x2001f28c                _f_alloccluster
 .text._f_dobadblock
                0x2001f5d0      0x2cc C:/ISIS/workspace/ycube/GlobusSatProject/..//hal/hcc/lib\libHCCD.a(fat_common.o)
                0x2001f5d0                _f_dobadblock
 .text._f_checklocked
                0x2001f89c       0xe4 C:/ISIS/workspace/ycube/GlobusSatProject/..//hal/hcc/lib\libHCCD.a(fat_common.o)
                0x2001f89c                _f_checklocked
 .text._f_checkappendlocked
                0x2001f980      0x110 C:/ISIS/workspace/ycube/GlobusSatProject/..//hal/hcc/lib\libHCCD.a(fat_common.o)
                0x2001f980                _f_checkappendlocked
 .text._f_setsyncafile
                0x2001fa90      0x114 C:/ISIS/workspace/ycube/GlobusSatProject/..//hal/hcc/lib\libHCCD.a(fat_common.o)
                0x2001fa90                _f_setsyncafile
 .text._f_syncfiles
                0x2001fba4      0x128 C:/ISIS/workspace/ycube/GlobusSatProject/..//hal/hcc/lib\libHCCD.a(fat_common.o)
                0x2001fba4                _f_syncfiles
 .text._f_syncfilescontent
                0x2001fccc      0x15c C:/ISIS/workspace/ycube/GlobusSatProject/..//hal/hcc/lib\libHCCD.a(fat_common.o)
 .text.fn_getfreespace
                0x2001fe28      0x4c0 C:/ISIS/workspace/ycube/GlobusSatProject/..//hal/hcc/lib\libHCCD.a(fat_common.o)
                0x2001fe28                fn_getfreespace
 .text._f_emptywritecache
                0x200202e8      0x4a4 C:/ISIS/workspace/ycube/GlobusSatProject/..//hal/hcc/lib\libHCCD.a(fat_common.o)
 .text._f_allocnextcluster
                0x2002078c      0x54c C:/ISIS/workspace/ycube/GlobusSatProject/..//hal/hcc/lib\libHCCD.a(fat_common.o)
 .text._f_emptywritebuffer
                0x20020cd8      0x20c C:/ISIS/workspace/ycube/GlobusSatProject/..//hal/hcc/lib\libHCCD.a(fat_common.o)
 .text._f_writezeros
                0x20020ee4       0xf0 C:/ISIS/workspace/ycube/GlobusSatProject/..//hal/hcc/lib\libHCCD.a(fat_common.o)
                0x20020ee4                _f_writezeros
 .text._f_extend_file
                0x20020fd4      0x570 C:/ISIS/workspace/ycube/GlobusSatProject/..//hal/hcc/lib\libHCCD.a(fat_common.o)
 .text._f_fseek
                0x20021544      0x9bc C:/ISIS/workspace/ycube/GlobusSatProject/..//hal/hcc/lib\libHCCD.a(fat_common.o)
                0x20021544                _f_fseek
 .text._f_removechain
                0x20021f00      0x104 C:/ISIS/workspace/ycube/GlobusSatProject/..//hal/hcc/lib\libHCCD.a(fat_common.o)
                0x20021f00                _f_removechain
 .text._f_updatefileentry
                0x20022004      0x1cc C:/ISIS/workspace/ycube/GlobusSatProject/..//hal/hcc/lib\libHCCD.a(fat_common.o)
 .text._f_checkreadlocked
                0x200221d0      0x1bc C:/ISIS/workspace/ycube/GlobusSatProject/..//hal/hcc/lib\libHCCD.a(fat_common.o)
                0x200221d0                _f_checkreadlocked
 .text._f_check_handle
                0x2002238c       0x98 C:/ISIS/workspace/ycube/GlobusSatProject/..//hal/hcc/lib\libHCCD.a(fat_common.o)
                0x2002238c                _f_check_handle
 .text._f_removesyncafile
                0x20022424      0x1ec C:/ISIS/workspace/ycube/GlobusSatProject/..//hal/hcc/lib\libHCCD.a(fat_common.o)
 .text.fn_close
                0x20022610      0x3f8 C:/ISIS/workspace/ycube/GlobusSatProject/..//hal/hcc/lib\libHCCD.a(fat_common.o)
                0x20022610                fn_close
 .text.fn_flush
                0x20022a08      0x374 C:/ISIS/workspace/ycube/GlobusSatProject/..//hal/hcc/lib\libHCCD.a(fat_common.o)
                0x20022a08                fn_flush
 .text.fn_read  0x20022d7c      0x690 C:/ISIS/workspace/ycube/GlobusSatProject/..//hal/hcc/lib\libHCCD.a(fat_common.o)
                0x20022d7c                fn_read
 .text._f_abortwrite
                0x2002340c      0x100 C:/ISIS/workspace/ycube/GlobusSatProject/..//hal/hcc/lib\libHCCD.a(fat_common.o)
 .text._f_checkwritecluster
                0x2002350c       0xe4 C:/ISIS/workspace/ycube/GlobusSatProject/..//hal/hcc/lib\libHCCD.a(fat_common.o)
 .text.fn_write
                0x200235f0      0x8a8 C:/ISIS/workspace/ycube/GlobusSatProject/..//hal/hcc/lib\libHCCD.a(fat_common.o)
                0x200235f0                fn_write
 .text.fn_seek  0x20023e98      0x270 C:/ISIS/workspace/ycube/GlobusSatProject/..//hal/hcc/lib\libHCCD.a(fat_common.o)
                0x20023e98                fn_seek
 .text.fn_tell  0x20024108      0x19c C:/ISIS/workspace/ycube/GlobusSatProject/..//hal/hcc/lib\libHCCD.a(fat_common.o)
                0x20024108                fn_tell
 .text.fn_rewind
                0x200242a4       0x38 C:/ISIS/workspace/ycube/GlobusSatProject/..//hal/hcc/lib\libHCCD.a(fat_common.o)
                0x200242a4                fn_rewind
 .text.fn_putc  0x200242dc       0x68 C:/ISIS/workspace/ycube/GlobusSatProject/..//hal/hcc/lib\libHCCD.a(fat_common.o)
                0x200242dc                fn_putc
 .text.f_enterFS
                0x20024344      0x1c0 C:/ISIS/workspace/ycube/GlobusSatProject/..//hal/hcc/lib\libHCCD.a(fat_common.o)
                0x20024344                f_enterFS
 .text.f_releaseFS
                0x20024504       0xb0 C:/ISIS/workspace/ycube/GlobusSatProject/..//hal/hcc/lib\libHCCD.a(fat_common.o)
                0x20024504                f_releaseFS
 .text.fnGetTask
                0x200245b4       0xfc C:/ISIS/workspace/ycube/GlobusSatProject/..//hal/hcc/lib\libHCCD.a(fat_common.o)
                0x200245b4                fnGetTask
 .text._f_mutex_get
                0x200246b0       0x98 C:/ISIS/workspace/ycube/GlobusSatProject/..//hal/hcc/lib\libHCCD.a(fat_common.o)
                0x200246b0                _f_mutex_get
 .text._f_mutex_put
                0x20024748       0x54 C:/ISIS/workspace/ycube/GlobusSatProject/..//hal/hcc/lib\libHCCD.a(fat_common.o)
                0x20024748                _f_mutex_put
 .text._fn_initseekdivisor
                0x2002479c      0x158 C:/ISIS/workspace/ycube/GlobusSatProject/..//hal/hcc/lib\libHCCD.a(fat_common.o)
                0x2002479c                _fn_initseekdivisor
 .text._fn_updateseekpos
                0x200248f4       0xc4 C:/ISIS/workspace/ycube/GlobusSatProject/..//hal/hcc/lib\libHCCD.a(fat_common.o)
 .text._f_findopensize
                0x200249b8       0x2c C:/ISIS/workspace/ycube/GlobusSatProject/..//hal/hcc/lib\libHCCD.a(fat_common.o)
                0x200249b8                _f_findopensize
 .text.fn_setlasterror
                0x200249e4       0x34 C:/ISIS/workspace/ycube/GlobusSatProject/..//hal/hcc/lib\libHCCD.a(fat_common.o)
                0x200249e4                fn_setlasterror
 .text.fn_setlasterror_noret
                0x20024a18       0x2c C:/ISIS/workspace/ycube/GlobusSatProject/..//hal/hcc/lib\libHCCD.a(fat_common.o)
                0x20024a18                fn_setlasterror_noret
 .text._s_checkzeroclusteratend
                0x20024a44       0xf8 C:/ISIS/workspace/ycube/GlobusSatProject/..//hal/hcc/lib\libHCCD.a(safefat.o)
 .text._s_clearclustercontent
                0x20024b3c      0x108 C:/ISIS/workspace/ycube/GlobusSatProject/..//hal/hcc/lib\libHCCD.a(safefat.o)
 .text._s_clearclustercontentdir
                0x20024c44      0x19c C:/ISIS/workspace/ycube/GlobusSatProject/..//hal/hcc/lib\libHCCD.a(safefat.o)
 .text._s_writedirsector
                0x20024de0       0xd0 C:/ISIS/workspace/ycube/GlobusSatProject/..//hal/hcc/lib\libHCCD.a(safefat.o)
 .text._s_getdirsector
                0x20024eb0      0x100 C:/ISIS/workspace/ycube/GlobusSatProject/..//hal/hcc/lib\libHCCD.a(safefat.o)
 .text._s_addentry
                0x20024fb0      0x394 C:/ISIS/workspace/ycube/GlobusSatProject/..//hal/hcc/lib\libHCCD.a(safefat.o)
 .text._s_findfile
                0x20025344      0x33c C:/ISIS/workspace/ycube/GlobusSatProject/..//hal/hcc/lib\libHCCD.a(safefat.o)
 .text._s_findsubdir
                0x20025680      0x248 C:/ISIS/workspace/ycube/GlobusSatProject/..//hal/hcc/lib\libHCCD.a(safefat.o)
 .text._s_createfile
                0x200258c8      0x190 C:/ISIS/workspace/ycube/GlobusSatProject/..//hal/hcc/lib\libHCCD.a(safefat.o)
 .text._s_findsaffile
                0x20025a58      0x1b8 C:/ISIS/workspace/ycube/GlobusSatProject/..//hal/hcc/lib\libHCCD.a(safefat.o)
 .text._s_open  0x20025c10       0xe4 C:/ISIS/workspace/ycube/GlobusSatProject/..//hal/hcc/lib\libHCCD.a(safefat.o)
 .text._s_open_saf
                0x20025cf4       0xe8 C:/ISIS/workspace/ycube/GlobusSatProject/..//hal/hcc/lib\libHCCD.a(safefat.o)
 .text._s_flush
                0x20025ddc       0x84 C:/ISIS/workspace/ycube/GlobusSatProject/..//hal/hcc/lib\libHCCD.a(safefat.o)
 .text._s_allocnextcluster
                0x20025e60      0x13c C:/ISIS/workspace/ycube/GlobusSatProject/..//hal/hcc/lib\libHCCD.a(safefat.o)
 .text._s_getnextsector
                0x20025f9c       0xdc C:/ISIS/workspace/ycube/GlobusSatProject/..//hal/hcc/lib\libHCCD.a(safefat.o)
 .text._s_seek  0x20026078      0x1e8 C:/ISIS/workspace/ycube/GlobusSatProject/..//hal/hcc/lib\libHCCD.a(safefat.o)
 .text._s_get_len
                0x20026260      0x10c C:/ISIS/workspace/ycube/GlobusSatProject/..//hal/hcc/lib\libHCCD.a(safefat.o)
 .text._s_set_len
                0x2002636c       0xb4 C:/ISIS/workspace/ycube/GlobusSatProject/..//hal/hcc/lib\libHCCD.a(safefat.o)
 .text.safe_fix_filelengths
                0x20026420       0xcc C:/ISIS/workspace/ycube/GlobusSatProject/..//hal/hcc/lib\libHCCD.a(safefat.o)
                0x20026420                safe_fix_filelengths
 .text._s_read  0x200264ec      0x228 C:/ISIS/workspace/ycube/GlobusSatProject/..//hal/hcc/lib\libHCCD.a(safefat.o)
 .text._s_write
                0x20026714      0x384 C:/ISIS/workspace/ycube/GlobusSatProject/..//hal/hcc/lib\libHCCD.a(safefat.o)
 .text._s_restoreclusters
                0x20026a98      0x270 C:/ISIS/workspace/ycube/GlobusSatProject/..//hal/hcc/lib\libHCCD.a(safefat.o)
                0x20026a98                _s_restoreclusters
 .text._s_findrestore
                0x20026d08      0x18c C:/ISIS/workspace/ycube/GlobusSatProject/..//hal/hcc/lib\libHCCD.a(safefat.o)
 .text._s_cmd_writede
                0x20026e94       0xd8 C:/ISIS/workspace/ycube/GlobusSatProject/..//hal/hcc/lib\libHCCD.a(safefat.o)
 .text._s_cmd_setcluster
                0x20026f6c       0x88 C:/ISIS/workspace/ycube/GlobusSatProject/..//hal/hcc/lib\libHCCD.a(safefat.o)
 .text._s_cmd_deletechain
                0x20026ff4      0x100 C:/ISIS/workspace/ycube/GlobusSatProject/..//hal/hcc/lib\libHCCD.a(safefat.o)
 .text._s_cmd_validatecfn
                0x200270f4      0x308 C:/ISIS/workspace/ycube/GlobusSatProject/..//hal/hcc/lib\libHCCD.a(safefat.o)
 .text._s_cmd_seteof
                0x200273fc      0x3c4 C:/ISIS/workspace/ycube/GlobusSatProject/..//hal/hcc/lib\libHCCD.a(safefat.o)
 .text.safe_docommands
                0x200277c0      0x56c C:/ISIS/workspace/ycube/GlobusSatProject/..//hal/hcc/lib\libHCCD.a(safefat.o)
                0x200277c0                safe_docommands
 .text.safe_entercommand
                0x20027d2c       0x68 C:/ISIS/workspace/ycube/GlobusSatProject/..//hal/hcc/lib\libHCCD.a(safefat.o)
                0x20027d2c                safe_entercommand
 .text.safe_ready
                0x20027d94       0xf4 C:/ISIS/workspace/ycube/GlobusSatProject/..//hal/hcc/lib\libHCCD.a(safefat.o)
                0x20027d94                safe_ready
 .text.safe_copycfn
                0x20027e88       0xb8 C:/ISIS/workspace/ycube/GlobusSatProject/..//hal/hcc/lib\libHCCD.a(safefat.o)
                0x20027e88                safe_copycfn
 .text.safe_cfremove
                0x20027f40       0xb8 C:/ISIS/workspace/ycube/GlobusSatProject/..//hal/hcc/lib\libHCCD.a(safefat.o)
                0x20027f40                safe_cfremove
 .text.safe_writede
                0x20027ff8      0x104 C:/ISIS/workspace/ycube/GlobusSatProject/..//hal/hcc/lib\libHCCD.a(safefat.o)
                0x20027ff8                safe_writede
 .text.safe_setcluster
                0x200280fc       0xcc C:/ISIS/workspace/ycube/GlobusSatProject/..//hal/hcc/lib\libHCCD.a(safefat.o)
                0x200280fc                safe_setcluster
 .text.safe_deletechain
                0x200281c8      0x1c8 C:/ISIS/workspace/ycube/GlobusSatProject/..//hal/hcc/lib\libHCCD.a(safefat.o)
                0x200281c8                safe_deletechain
 .text.safe_cfclose
                0x20028390      0x104 C:/ISIS/workspace/ycube/GlobusSatProject/..//hal/hcc/lib\libHCCD.a(safefat.o)
                0x20028390                safe_cfclose
 .text.safe_cfflush
                0x20028494      0x124 C:/ISIS/workspace/ycube/GlobusSatProject/..//hal/hcc/lib\libHCCD.a(safefat.o)
                0x20028494                safe_cfflush
 .text.safe_reset
                0x200285b8       0x78 C:/ISIS/workspace/ycube/GlobusSatProject/..//hal/hcc/lib\libHCCD.a(safefat.o)
                0x200285b8                safe_reset
 .text.safe_loadcommands
                0x20028630       0x78 C:/ISIS/workspace/ycube/GlobusSatProject/..//hal/hcc/lib\libHCCD.a(safefat.o)
                0x20028630                safe_loadcommands
 .text.safe_poweron
                0x200286a8      0x1fc C:/ISIS/workspace/ycube/GlobusSatProject/..//hal/hcc/lib\libHCCD.a(safefat.o)
                0x200286a8                safe_poweron
 .text.cf_getname
                0x200288a4       0xc0 C:/ISIS/workspace/ycube/GlobusSatProject/..//hal/hcc/lib\libHCCD.a(safefat.o)
 .text.cf_copyclusterchain
                0x20028964      0x138 C:/ISIS/workspace/ycube/GlobusSatProject/..//hal/hcc/lib\libHCCD.a(safefat.o)
 .text.cf_seektozero
                0x20028a9c       0x94 C:/ISIS/workspace/ycube/GlobusSatProject/..//hal/hcc/lib\libHCCD.a(safefat.o)
                0x20028a9c                cf_seektozero
 .text.cf_create
                0x20028b30      0x3a8 C:/ISIS/workspace/ycube/GlobusSatProject/..//hal/hcc/lib\libHCCD.a(safefat.o)
                0x20028b30                cf_create
 .text.cf_copyclustercontent
                0x20028ed8      0x128 C:/ISIS/workspace/ycube/GlobusSatProject/..//hal/hcc/lib\libHCCD.a(safefat.o)
                0x20028ed8                cf_copyclustercontent
 .text.cf_copycfn
                0x20029000      0x4bc C:/ISIS/workspace/ycube/GlobusSatProject/..//hal/hcc/lib\libHCCD.a(safefat.o)
                0x20029000                cf_copycfn
 .text.cf_remove
                0x200294bc      0x344 C:/ISIS/workspace/ycube/GlobusSatProject/..//hal/hcc/lib\libHCCD.a(safefat.o)
                0x200294bc                cf_remove
 .text.cf_setclusternew