Archive member included because of file (symbol)

C:/ISIS/workspace/ycube/GlobusSatProject/..//hal/hal/lib\libHALD.a(SPI.o)
                              ./src/InitSystem.o (SPI_start)
C:/ISIS/workspace/ycube/GlobusSatProject/..//hal/hal/lib\libHALD.a(I2C.o)
                              ./src/SubSystemModules/Payload/payload_drivers.o (I2C_write)
C:/ISIS/workspace/ycube/GlobusSatProject/..//hal/hal/lib\libHALD.a(ADC.o)
                              ./src/SubSystemModules/Housekepping/TelemetryCollector.o (ADC_ConvertRaw10bitToMillivolt)
C:/ISIS/workspace/ycube/GlobusSatProject/..//hal/hal/lib\libHALD.a(FRAM.o)
                              ./src/SubSystemModules/Communication/SubsystemCommands/Maintanence_Commands.o (FRAM_start)
C:/ISIS/workspace/ycube/GlobusSatProject/..//hal/hal/lib\libHALD.a(Time.o)
                              ./src/InitSystem.o (Time_start)
C:/ISIS/workspace/ycube/GlobusSatProject/..//hal/hal/lib\libHALD.a(WatchDogTimerNoOS.o)
                              ./src/main.o (WDT_start)
C:/ISIS/workspace/ycube/GlobusSatProject/..//hal/hal/lib\libHALD.a(RTT.o)
                              C:/ISIS/workspace/ycube/GlobusSatProject/..//hal/hal/lib\libHALD.a(Time.o) (RTT_start)
C:/ISIS/workspace/ycube/GlobusSatProject/..//hal/hal/lib\libHALD.a(RTC.o)
                              C:/ISIS/workspace/ycube/GlobusSatProject/..//hal/hal/lib\libHALD.a(Time.o) (RTC_getTime)
C:/ISIS/workspace/ycube/GlobusSatProject/..//hal/hal/lib\libHALD.a(WatchDogTimerOS.o)
                              ./src/TestingDemos/MainTest.o (WDT_startWatchdogKickTask)
C:/ISIS/workspace/ycube/GlobusSatProject/..//hal/hal/lib\libHALD.a(fprintf.o)
                              ./src/TLM_management.o (f_puts)
C:/ISIS/workspace/ycube/GlobusSatProject/..//hal/hal/lib\libHALD.a(util.o)
                              ./src/TestingDemos/CommandsTestingDemo.o (UTIL_DbguGetIntegerMinMax)
C:/ISIS/workspace/ycube/GlobusSatProject/..//hal/hal/lib\libHALD.a(LED.o)
                              C:/ISIS/workspace/ycube/GlobusSatProject/..//hal/hal/lib\libHALD.a(WatchDogTimerOS.o) (LED_toggle)
C:/ISIS/workspace/ycube/GlobusSatProject/..//hal/hcc/lib\libHCCD.a(fat_m.o)
                              ./src/TLM_management.o (fm_initvolume)
C:/ISIS/workspace/ycube/GlobusSatProject/..//hal/hcc/lib\libHCCD.a(fat.o)
                              C:/ISIS/workspace/ycube/GlobusSatProject/..//hal/hcc/lib\libHCCD.a(fat_m.o) (fn_getdcwd)
C:/ISIS/workspace/ycube/GlobusSatProject/..//hal/hcc/lib\libHCCD.a(fat_common.o)
                              C:/ISIS/workspace/ycube/GlobusSatProject/..//hal/hcc/lib\libHCCD.a(fat.o) (p_filesystem)
C:/ISIS/workspace/ycube/GlobusSatProject/..//hal/hcc/lib\libHCCD.a(safefat.o)
                              C:/ISIS/workspace/ycube/GlobusSatProject/..//hal/hcc/lib\libHCCD.a(fat.o) (s_subdir)
C:/ISIS/workspace/ycube/GlobusSatProject/..//hal/hcc/lib\libHCCD.a(atmel_mcipdc.o)
                              ./src/TLM_management.o (atmel_mcipdc_initfunc)
C:/ISIS/workspace/ycube/GlobusSatProject/..//hal/hcc/lib\libHCCD.a(oalp_task.o)
                              C:/ISIS/workspace/ycube/GlobusSatProject/..//hal/hcc/lib\libHCCD.a(fat_common.o) (oal_task_get_id)
C:/ISIS/workspace/ycube/GlobusSatProject/..//hal/hcc/lib\libHCCD.a(oalp_mutex.o)
                              C:/ISIS/workspace/ycube/GlobusSatProject/..//hal/hcc/lib\libHCCD.a(fat_common.o) (oal_mutex_create)
C:/ISIS/workspace/ycube/GlobusSatProject/..//hal/hcc/lib\libHCCD.a(atmel_mcipdc_hw.o)
                              C:/ISIS/workspace/ycube/GlobusSatProject/..//hal/hcc/lib\libHCCD.a(atmel_mcipdc.o) (mcipdc_hw_init)
C:/ISIS/workspace/ycube/GlobusSatProject/..//hal/hcc/lib\libHCCD.a(psp_rand.o)
                              C:/ISIS/workspace/ycube/GlobusSatProject/..//hal/hcc/lib\libHCCD.a(fat_common.o) (psp_getrand)
C:/ISIS/workspace/ycube/GlobusSatProject/..//hal/hcc/lib\libHCCD.a(psp_rtc.o)
                              C:/ISIS/workspace/ycube/GlobusSatProject/..//hal/hcc/lib\libHCCD.a(fat_common.o) (psp_getcurrenttimedate)
C:/ISIS/workspace/ycube/GlobusSatProject/..//hal/hcc/lib\libHCCD.a(hcc_mem.o)
                              C:/ISIS/workspace/ycube/GlobusSatProject/..//hal/hcc/lib\libHCCD.a(atmel_mcipdc.o) (hcc_mem_alloc)
C:/ISIS/workspace/ycube/GlobusSatProject/..//hal/hcc/lib\libHCCD.a(psp_hcc_mem.o)
                              C:/ISIS/workspace/ycube/GlobusSatProject/..//hal/hcc/lib\libHCCD.a(hcc_mem.o) (hcc_mem_buf_alloc)
C:/ISIS/workspace/ycube/GlobusSatProject/..//satellite-subsystems/satellite-subsystems/lib\libSatelliteSubsystemsD.a(IsisSolarPanelv2.o)
                              ./src/SubSystemModules/PowerManagment/EPS.o (IsisSolarPanelv2_initialize)
C:/ISIS/workspace/ycube/GlobusSatProject/..//satellite-subsystems/satellite-subsystems/lib\libSatelliteSubsystemsD.a(isis_ants_rev2.o)
                              ./src/SubSystemModules/Communication/TRXVU.o (ISIS_ANTS_REV2_Init)
[...]
Memory Configuration

Name             Origin             Length             Attributes
sram0            0x00200000         0x00004000         w !xr
sram1            0x00300000         0x00004000         w !xr
sdram            0x20000000         0x02000000         w !xr
*default*        0x00000000         0xffffffff

Linker script and memory map

LOAD c:/isis/application/toolchain/bin/../lib/gcc/arm-none-eabi/4.7.4/../../../../arm-none-eabi/lib\libc.a
LOAD ./src/TestingDemos/CommandsTestingDemo.o
LOAD ./src/TestingDemos/EpsTestingDemo.o
LOAD ./src/TestingDemos/FileSystemTestingDemo.o
LOAD ./src/TestingDemos/MainTest.o
LOAD ./src/TestingDemos/MaintenanceTestingDemo.o
LOAD ./src/TestingDemos/TelemetryTestingDemo.o
LOAD ./src/TestingDemos/TrxvuTestingDemo.o
LOAD ./src/SubSystemModules/PowerManagment/EPS.o
LOAD ./src/SubSystemModules/PowerManagment/EPSOperationModes.o
LOAD ./src/SubSystemModules/Payload/payload_drivers.o
LOAD ./src/SubSystemModules/Maintenance/Maintenance.o
LOAD ./src/SubSystemModules/Housekepping/RAMTelemetry.o
LOAD ./src/SubSystemModules/Housekepping/TelemetryCollector.o
LOAD ./src/SubSystemModules/Communication/SubsystemCommands/EPS_Commands.o
LOAD ./src/SubSystemModules/Communication/SubsystemCommands/FS_Commands.o
LOAD ./src/SubSystemModules/Communication/SubsystemCommands/Maintanence_Commands.o
LOAD ./src/SubSystemModules/Communication/SubsystemCommands/TRXVU_Commands.o
LOAD ./src/SubSystemModules/Communication/AckHandler.o
LOAD ./src/SubSystemModules/Communication/CommandDictionary.o
LOAD ./src/SubSystemModules/Communication/HashSecuredCMD.o
LOAD ./src/SubSystemModules/Communication/SatCommandHandler.o
LOAD ./src/SubSystemModules/Communication/TRXVU.o
LOAD ./src/InitSystem.o
LOAD ./src/TLM_management.o
LOAD ./src/main.o
LOAD ./src/utils.o
LOAD C:/ISIS/workspace/ycube/GlobusSatProject/..//hal/hal/lib\libHALD.a
LOAD C:/ISIS/workspace/ycube/GlobusSatProject/..//hal/hcc/lib\libHCCD.a
LOAD C:/ISIS/workspace/ycube/GlobusSatProject/..//satellite-subsystems/satellite-subsystems/lib\libSatelliteSubsystemsD.a
LOAD C:/ISIS/workspace/ycube/GlobusSatProject/..//hal/freertos/lib\libFreeRTOSD.a
LOAD C:/ISIS/workspace/ycube/GlobusSatProject/..//hal/at91/lib\libAt91D.a
START GROUP
LOAD c:/isis/application/toolchain/bin/../lib/gcc/arm-none-eabi/4.7.4\libgcc.a
LOAD c:/isis/application/toolchain/bin/../lib/gcc/arm-none-eabi/4.7.4/../../../../arm-none-eabi/lib\libg.a
LOAD c:/isis/application/toolchain/bin/../lib/gcc/arm-none-eabi/4.7.4/../../../../arm-none-eabi/lib\libc.a
END GROUP

.fixed          0x20000000    0x40538
                0x20000000                . = ALIGN (0x4)
                0x20000000                _sfixed = .
 *(.startup)
 .startup       0x20000000      0x184 C:/ISIS/workspace/ycube/GlobusSatProject/..//hal/at91/lib\libAt91D.a(board_cstartup.o)
                0x20000000                entry
 *(.text)
 .text          0x20000184       0x64 C:/ISIS/workspace/ycube/GlobusSatProject/..//hal/at91/lib\libAt91D.a(cp15_asm.o)
                0x20000184                _readControlRegister
                0x20000190                _writeControlRegister
                0x20000198                _waitForInterrupt
                0x200001a4                _writeTTB
                0x200001ac                _writeDomain
                0x200001b4                _writeITLBLockdown
                0x200001bc                _prefetchICacheLine
                0x200001c4                _flushDCache
                0x200001d0                _flushWriteBuffer
                0x200001dc                _invalidateIDTLBs
 .text          0x200001e8      0x114 c:/isis/application/toolchain/bin/../lib/gcc/arm-none-eabi/4.7.4\libgcc.a(_udivsi3.o)
                0x200001e8                __aeabi_uidiv
                0x200001e8                __udivsi3
                0x200002dc                __aeabi_uidivmod
 .text          0x200002fc      0x148 c:/isis/application/toolchain/bin/../lib/gcc/arm-none-eabi/4.7.4\libgcc.a(_divsi3.o)
                0x200002fc                __divsi3
                0x200002fc                __aeabi_idiv
                0x20000424                __aeabi_idivmod
 .text          0x20000444        0x4 c:/isis/application/toolchain/bin/../lib/gcc/arm-none-eabi/4.7.4\libgcc.a(_dvmd_tls.o)
                0x20000444                __aeabi_idiv0
                0x20000444                __aeabi_ldiv0
 .text          0x20000448      0x41c c:/isis/application/toolchain/bin/../lib/gcc/arm-none-eabi/4.7.4\libgcc.a(_arm_addsubdf3.o)
                0x20000448                __aeabi_drsub
                0x20000450                __aeabi_dsub
                0x20000450                __subdf3
                0x20000454                __aeabi_dadd
                0x20000454                __adddf3
                0x20000764                __floatunsidf
                0x20000764                __aeabi_ui2d
                0x20000788                __floatsidf
                0x20000788                __aeabi_i2d
                0x200007b0                __aeabi_f2d
                0x200007b0                __extendsfdf2
                0x200007f0                __floatundidf
                0x200007f0                __aeabi_ul2d
                0x20000804                __floatdidf
                0x20000804                __aeabi_l2d
 .text          0x20000864      0x49c c:/isis/application/toolchain/bin/../lib/gcc/arm-none-eabi/4.7.4\libgcc.a(_arm_muldivdf3.o)
                0x20000864                __aeabi_dmul
                0x20000864                __muldf3
                0x20000af4                __divdf3
                0x20000af4                __aeabi_ddiv
 .text          0x20000d00      0x2ac c:/isis/application/toolchain/bin/../lib/gcc/arm-none-eabi/4.7.4\libgcc.a(_arm_addsubsf3.o)
                0x20000d00                __aeabi_frsub
                0x20000d08                __subsf3
                0x20000d08                __aeabi_fsub
                0x20000d0c                __aeabi_fadd
                0x20000d0c                __addsf3
                0x20000ec8                __aeabi_ui2f
                0x20000ec8                __floatunsisf
                0x20000ed0                __aeabi_i2f
                0x20000ed0                __floatsisf
                0x20000ef0                __aeabi_ul2f
                0x20000ef0                __floatundisf
                0x20000f00                __aeabi_l2f
                0x20000f00                __floatdisf
 .text          0x20000fac      0x2f8 c:/isis/application/toolchain/bin/../lib/gcc/arm-none-eabi/4.7.4\libgcc.a(_arm_muldivsf3.o)
                0x20000fac                __mulsf3
                0x20000fac                __aeabi_fmul
                0x20001144                __aeabi_fdiv
                0x20001144                __divsf3
 .text          0x200012a4      0x114 c:/isis/application/toolchain/bin/../lib/gcc/arm-none-eabi/4.7.4\libgcc.a(_arm_cmpsf2.o)
                0x200012a4                __gesf2
                0x200012a4                __gtsf2
                0x200012ac                __lesf2
                0x200012ac                __ltsf2
                0x200012b4                __nesf2
                0x200012b4                __eqsf2
                0x200012b4                __cmpsf2
                0x20001318                __aeabi_cfrcmple
                0x20001328                __aeabi_cfcmpeq
                0x20001328                __aeabi_cfcmple
                0x20001340                __aeabi_fcmpeq
                0x20001358                __aeabi_fcmplt
                0x20001370                __aeabi_fcmple
                0x20001388                __aeabi_fcmpge
                0x200013a0                __aeabi_fcmpgt
 .text          0x200013b8       0x54 c:/isis/application/toolchain/bin/../lib/gcc/arm-none-eabi/4.7.4\libgcc.a(_arm_fixunssfsi.o)
                0x200013b8                __fixunssfsi
                0x200013b8                __aeabi_f2uiz
 .text          0x2000140c      0x144 c:/isis/application/toolchain/bin/../lib/gcc/arm-none-eabi/4.7.4\libgcc.a(_arm_cmpdf2.o)
                0x2000140c                __gtdf2
                0x2000140c                __gedf2
                0x20001414                __ltdf2
                0x20001414                __ledf2
                0x2000141c                __nedf2
                0x2000141c                __eqdf2
                0x2000141c                __cmpdf2
                0x200014a4                __aeabi_cdrcmple
                0x200014c0                __aeabi_cdcmpeq
                0x200014c0                __aeabi_cdcmple
                0x200014d8                __aeabi_dcmpeq
                0x200014f0                __aeabi_dcmplt
                0x20001508                __aeabi_dcmple
                0x20001520                __aeabi_dcmpge
                0x20001538                __aeabi_dcmpgt
 .text          0x20001550       0x5c c:/isis/application/toolchain/bin/../lib/gcc/arm-none-eabi/4.7.4\libgcc.a(_arm_fixdfsi.o)
                0x20001550                __aeabi_d2iz
                0x20001550                __fixdfsi
 .text          0x200015ac       0x3c c:/isis/application/toolchain/bin/../lib/gcc/arm-none-eabi/4.7.4\libgcc.a(_aeabi_uldivmod.o)
                0x200015ac                __aeabi_uldivmod
 .text          0x200015e8       0x84 c:/isis/application/toolchain/bin/../lib/gcc/arm-none-eabi/4.7.4\libgcc.a(bpabi.o)
                0x200015e8                __gnu_ldivmod_helper
                0x2000162c                __gnu_uldivmod_helper
 .text          0x2000166c      0x4f0 c:/isis/application/toolchain/bin/../lib/gcc/arm-none-eabi/4.7.4\libgcc.a(_divdi3.o)
                0x2000166c                __divdi3
 .text          0x20001b5c      0x488 c:/isis/application/toolchain/bin/../lib/gcc/arm-none-eabi/4.7.4\libgcc.a(_udivdi3.o)
                0x20001b5c                __udivdi3
 .text          0x20001fe4       0x48 c:/isis/application/toolchain/bin/../lib/gcc/arm-none-eabi/4.7.4\libgcc.a(_clzsi2.o)
                0x20001fe4                __clzsi2
 *(.text*)
 .text.Hash256  0x2000202c       0x84 ./src/TestingDemos/TrxvuTestingDemo.o
                0x2000202c                Hash256
 .text.GetBatteryVoltage
                0x200020b0       0x44 ./src/SubSystemModules/PowerManagment/EPS.o
                0x200020b0                GetBatteryVoltage
 .text.EPS_Init
                0x200020f4      0x124 ./src/SubSystemModules/PowerManagment/EPS.o
                0x200020f4                EPS_Init
 .text.EPS_Conditioning
                0x20002218      0x1c4 ./src/SubSystemModules/PowerManagment/EPS.o
                0x20002218                EPS_Conditioning
 .text.UpdateAlpha
                0x200023dc       0xd8 ./src/SubSystemModules/PowerManagment/EPS.o
                0x200023dc                UpdateAlpha
 .text.GetThresholdVoltages
                0x200024b4       0x80 ./src/SubSystemModules/PowerManagment/EPS.o
                0x200024b4                GetThresholdVoltages
 .text.GetAlpha
                0x20002534       0x7c ./src/SubSystemModules/PowerManagment/EPS.o
                0x20002534                GetAlpha
 .text.CMDGetHeaterValues
                0x200025b0      0x1f8 ./src/SubSystemModules/PowerManagment/EPS.o
                0x200025b0                CMDGetHeaterValues
 .text.CMDSetHeaterValues
                0x200027a8      0x204 ./src/SubSystemModules/PowerManagment/EPS.o
                0x200027a8                CMDSetHeaterValues
 .text.EnterFullMode
                0x200029ac       0x3c ./src/SubSystemModules/PowerManagment/EPSOperationModes.o
                0x200029ac                EnterFullMode
 .text.EnterCruiseMode
                0x200029e8       0x48 ./src/SubSystemModules/PowerManagment/EPSOperationModes.o
                0x200029e8                EnterCruiseMode
 .text.EnterSafeMode
                0x20002a30       0x4c ./src/SubSystemModules/PowerManagment/EPSOperationModes.o
                0x20002a30                EnterSafeMode
 .text.EnterCriticalMode
                0x20002a7c       0x4c ./src/SubSystemModules/PowerManagment/EPSOperationModes.o
                0x20002a7c                EnterCriticalMode
 .text.PayloadOperations
                0x20002ac8      0x164 ./src/SubSystemModules/PowerManagment/EPSOperationModes.o
                0x20002ac8                PayloadOperations
 .text.Payload_Safety
                0x20002c2c       0xb0 ./src/SubSystemModules/PowerManagment/EPSOperationModes.o
                0x20002c2c                Payload_Safety
 .text.Payload_Safety_IN_Maintenance
                0x20002cdc       0x58 ./src/SubSystemModules/PowerManagment/EPSOperationModes.o
                0x20002cdc                Payload_Safety_IN_Maintenance
 .text.DoesPayloadChannelOn
                0x20002d34       0xa4 ./src/SubSystemModules/PowerManagment/EPSOperationModes.o
                0x20002d34                DoesPayloadChannelOn
 .text.EpsGetLowVoltageFlag
                0x20002dd8       0x24 ./src/SubSystemModules/PowerManagment/EPSOperationModes.o
                0x20002dd8                EpsGetLowVoltageFlag
 .text.EpsSetLowVoltageFlag
                0x20002dfc       0x2c ./src/SubSystemModules/PowerManagment/EPSOperationModes.o
                0x20002dfc                EpsSetLowVoltageFlag
 .text.payloadRead
                0x20002e28       0xbc ./src/SubSystemModules/Payload/payload_drivers.o
                0x20002e28                payloadRead
 .text.payloadSendCommand
                0x20002ee4       0x70 ./src/SubSystemModules/Payload/payload_drivers.o
                0x20002ee4                payloadSendCommand
 .text.payloadReadEnvironment
                0x20002f54      0x2d0 ./src/SubSystemModules/Payload/payload_drivers.o
                0x20002f54                payloadReadEnvironment
 .text.payloadReadEvents
                0x20003224      0x1e8 ./src/SubSystemModules/Payload/payload_drivers.o
                0x20003224                payloadReadEvents
 .text.CheckExecutionTime
                0x2000340c       0x80 ./src/SubSystemModules/Maintenance/Maintenance.o
                0x2000340c                CheckExecutionTime
 .text.SaveSatTimeInFRAM
                0x2000348c       0x44 ./src/SubSystemModules/Maintenance/Maintenance.o
                0x2000348c                SaveSatTimeInFRAM
 .text.WakeupFromResetCMD
                0x200034d0      0x120 ./src/SubSystemModules/Maintenance/Maintenance.o
                0x200034d0                WakeupFromResetCMD
 .text.ResetGroundCommWDT
                0x200035f0       0x1c ./src/SubSystemModules/Maintenance/Maintenance.o
                0x200035f0                ResetGroundCommWDT
 .text.IsGroundCommunicationWDTKick
                0x2000360c       0x78 ./src/SubSystemModules/Maintenance/Maintenance.o
                0x2000360c                IsGroundCommunicationWDTKick
 .text.GetGsWdtKickTime
                0x20003684       0x38 ./src/SubSystemModules/Maintenance/Maintenance.o
                0x20003684                GetGsWdtKickTime
 .text.findMinMaxDate
                0x200036bc       0xdc ./src/SubSystemModules/Maintenance/Maintenance.o
                0x200036bc                findMinMaxDate
 .text.DeleteOldFiels
                0x20003798       0xf0 ./src/SubSystemModules/Maintenance/Maintenance.o
                0x20003798                DeleteOldFiels
 .text.CheckDeployAnt
                0x20003888       0x84 ./src/SubSystemModules/Maintenance/Maintenance.o
                0x20003888                CheckDeployAnt
 .text.HardResetMCU
                0x2000390c       0x3c ./src/SubSystemModules/Maintenance/Maintenance.o
                0x2000390c                HardResetMCU
 .text.Maintenance
                0x20003948       0xa8 ./src/SubSystemModules/Maintenance/Maintenance.o
                0x20003948                Maintenance
 .text.ResetRamTlm
                0x200039f0       0xdc ./src/SubSystemModules/Housekepping/RAMTelemetry.o
                0x200039f0                ResetRamTlm
 .text.inc      0x20003acc       0x4c ./src/SubSystemModules/Housekepping/RAMTelemetry.o
                0x20003acc                inc
 .text.dec      0x20003b18       0x48 ./src/SubSystemModules/Housekepping/RAMTelemetry.o
                0x20003b18                dec
 .text.saveTlmToRam
                0x20003b60      0x27c ./src/SubSystemModules/Housekepping/RAMTelemetry.o
                0x20003b60                saveTlmToRam
 .text.getTlm   0x20003ddc      0x1e8 ./src/SubSystemModules/Housekepping/RAMTelemetry.o
                0x20003ddc                getTlm
 .text.getRange
                0x20003fc4      0x1dc ./src/SubSystemModules/Housekepping/RAMTelemetry.o
                0x20003fc4                getRange
 .text.InitSavePeriodTimes
                0x200041a0       0xa4 ./src/SubSystemModules/Housekepping/TelemetryCollector.o
                0x200041a0                InitSavePeriodTimes
 .text.CMD_GetTLMPeriodTimes
                0x20004244       0x38 ./src/SubSystemModules/Housekepping/TelemetryCollector.o
                0x20004244                CMD_GetTLMPeriodTimes
 .text.CMD_SetTLMPeriodTimes
                0x2000427c      0x1dc ./src/SubSystemModules/Housekepping/TelemetryCollector.o
                0x2000427c                CMD_SetTLMPeriodTimes
 .text.TelemetryCollectorLogic
                0x20004458      0x208 ./src/SubSystemModules/Housekepping/TelemetryCollector.o
                0x20004458                TelemetryCollectorLogic
 .text.TelemetrySaveEPS
                0x20004660       0x54 ./src/SubSystemModules/Housekepping/TelemetryCollector.o
                0x20004660                TelemetrySaveEPS
 .text.TelemetrySaveTRXVU
                0x200046b4       0x94 ./src/SubSystemModules/Housekepping/TelemetryCollector.o
                0x200046b4                TelemetrySaveTRXVU
 .text.TelemetrySaveWOD
                0x20004748       0x5c ./src/SubSystemModules/Housekepping/TelemetryCollector.o
                0x20004748                TelemetrySaveWOD
 .text.TelemetrySaveRADFET
                0x200047a4       0xd4 ./src/SubSystemModules/Housekepping/TelemetryCollector.o
                0x200047a4                TelemetrySaveRADFET
 .text.TelemetrySavePayloadEvents
                0x20004878       0xf0 ./src/SubSystemModules/Housekepping/TelemetryCollector.o
                0x20004878                TelemetrySavePayloadEvents
 .text.GetCurrentWODTelemetry
                0x20004968      0x7e0 ./src/SubSystemModules/Housekepping/TelemetryCollector.o
                0x20004968                GetCurrentWODTelemetry
 .text.CMD_EPS_ResetWDT
                0x20005148       0x58 ./src/SubSystemModules/Communication/SubsystemCommands/EPS_Commands.o
                0x20005148                CMD_EPS_ResetWDT
 .text.CMD_Connect_Payload
                0x200051a0       0x68 ./src/SubSystemModules/Communication/SubsystemCommands/EPS_Commands.o
                0x200051a0                CMD_Connect_Payload
 .text.CMD_Payload_Operations
                0x20005208       0x84 ./src/SubSystemModules/Communication/SubsystemCommands/EPS_Commands.o
                0x20005208                CMD_Payload_Operations
 .text.CMD_DeleteTLM
                0x2000528c      0x1a0 ./src/SubSystemModules/Communication/SubsystemCommands/FS_Commands.o
                0x2000528c                CMD_DeleteTLM
 .text.CMD_DeleteAllFiles
                0x2000542c       0x38 ./src/SubSystemModules/Communication/SubsystemCommands/FS_Commands.o
                0x2000542c                CMD_DeleteAllFiles
 .text.CMD_GetLastFS_Error
                0x20005464       0x4c ./src/SubSystemModules/Communication/SubsystemCommands/FS_Commands.o
                0x20005464                CMD_GetLastFS_Error
 .text.CMD_Get_TLM_Info
                0x200054b0      0x16c ./src/SubSystemModules/Communication/SubsystemCommands/FS_Commands.o
                0x200054b0                CMD_Get_TLM_Info
 .text.CMD_Switch_SD_Card
                0x2000561c       0xcc ./src/SubSystemModules/Communication/SubsystemCommands/FS_Commands.o
                0x2000561c                CMD_Switch_SD_Card
 .text.CMD_Format_SD_Card
                0x200056e8       0xa4 ./src/SubSystemModules/Communication/SubsystemCommands/FS_Commands.o
                0x200056e8                CMD_Format_SD_Card
 .text.CMD_GenericI2C
                0x2000578c      0x144 ./src/SubSystemModules/Communication/SubsystemCommands/Maintanence_Commands.o
                0x2000578c                CMD_GenericI2C
 .text.CMD_FRAM_ReadAndTransmitt
                0x200058d0       0xe8 ./src/SubSystemModules/Communication/SubsystemCommands/Maintanence_Commands.o
                0x200058d0                CMD_FRAM_ReadAndTransmitt
 .text.CMD_FRAM_WriteAndTransmitt
                0x200059b8       0xfc ./src/SubSystemModules/Communication/SubsystemCommands/Maintanence_Commands.o
                0x200059b8                CMD_FRAM_WriteAndTransmitt
 .text.CMD_FRAM_ReStart
                0x20005ab4       0x4c ./src/SubSystemModules/Communication/SubsystemCommands/Maintanence_Commands.o
                0x20005ab4                CMD_FRAM_ReStart
 .text.CMD_UpdateSatTime
                0x20005b00       0xa4 ./src/SubSystemModules/Communication/SubsystemCommands/Maintanence_Commands.o
                0x20005b00                CMD_UpdateSatTime
 .text.CMD_GetSatUptime
                0x20005ba4       0x48 ./src/SubSystemModules/Communication/SubsystemCommands/Maintanence_Commands.o
                0x20005ba4                CMD_GetSatUptime
 .text.CMD_ResetComponent
                0x20005bec      0x274 ./src/SubSystemModules/Communication/SubsystemCommands/Maintanence_Commands.o
                0x20005bec                CMD_ResetComponent
 .text.DumpTask
                0x20005e60      0x310 ./src/SubSystemModules/Communication/SubsystemCommands/TRXVU_Commands.o
                0x20005e60                DumpTask
 .text.DumpRamTask
                0x20006170      0x42c ./src/SubSystemModules/Communication/SubsystemCommands/TRXVU_Commands.o
                0x20006170                DumpRamTask
 .text.CMD_AntennaDeploy
                0x2000659c       0x8c ./src/SubSystemModules/Communication/SubsystemCommands/TRXVU_Commands.o
                0x2000659c                CMD_AntennaDeploy
 .text.CMD_StartDump
                0x20006628      0x200 ./src/SubSystemModules/Communication/SubsystemCommands/TRXVU_Commands.o
                0x20006628                CMD_StartDump
 .text.CMD_SendDumpAbortRequest
                0x20006828       0x38 ./src/SubSystemModules/Communication/SubsystemCommands/TRXVU_Commands.o
                0x20006828                CMD_SendDumpAbortRequest
 .text.CMD_ForceDumpAbort
                0x20006860       0x3c ./src/SubSystemModules/Communication/SubsystemCommands/TRXVU_Commands.o
                0x20006860                CMD_ForceDumpAbort
 .text.CMD_SetTransponder
                0x2000689c      0x110 ./src/SubSystemModules/Communication/SubsystemCommands/TRXVU_Commands.o
                0x2000689c                CMD_SetTransponder
 .text.CMD_SetRSSITransponder
                0x200069ac       0x90 ./src/SubSystemModules/Communication/SubsystemCommands/TRXVU_Commands.o
                0x200069ac                CMD_SetRSSITransponder
 .text.CMD_MuteTRXVU
                0x20006a3c       0xc4 ./src/SubSystemModules/Communication/SubsystemCommands/TRXVU_Commands.o
                0x20006a3c                CMD_MuteTRXVU
 .text.CMD_SetIdleState
                0x20006b00       0x94 ./src/SubSystemModules/Communication/SubsystemCommands/TRXVU_Commands.o
                0x20006b00                CMD_SetIdleState
 .text.CMD_UnMuteTRXVU
                0x20006b94       0x38 ./src/SubSystemModules/Communication/SubsystemCommands/TRXVU_Commands.o
                0x20006b94                CMD_UnMuteTRXVU
 .text.CMD_GetBaudRate
                0x20006bcc       0x6c ./src/SubSystemModules/Communication/SubsystemCommands/TRXVU_Commands.o
                0x20006bcc                CMD_GetBaudRate
 .text.CMD_TrasmitBeacon
                0x20006c38       0x48 ./src/SubSystemModules/Communication/SubsystemCommands/TRXVU_Commands.o
                0x20006c38                CMD_TrasmitBeacon
 .text.CMD_GetBeaconInterval
                0x20006c80       0x6c ./src/SubSystemModules/Communication/SubsystemCommands/TRXVU_Commands.o
                0x20006c80                CMD_GetBeaconInterval
 .text.CMD_SetBaudRate
                0x20006cec       0x64 ./src/SubSystemModules/Communication/SubsystemCommands/TRXVU_Commands.o
                0x20006cec                CMD_SetBaudRate
 .text.CMD_GetTxUptime
                0x20006d50       0x68 ./src/SubSystemModules/Communication/SubsystemCommands/TRXVU_Commands.o
                0x20006d50                CMD_GetTxUptime
 .text.CMD_GetRxUptime
                0x20006db8       0x68 ./src/SubSystemModules/Communication/SubsystemCommands/TRXVU_Commands.o
                0x20006db8                CMD_GetRxUptime
 .text.CMD_GetNumOfOnlineCommands
                0x20006e20       0x68 ./src/SubSystemModules/Communication/SubsystemCommands/TRXVU_Commands.o
                0x20006e20                CMD_GetNumOfOnlineCommands
 .text.CMD_AntSetArmStatus
                0x20006e88       0x3c ./src/SubSystemModules/Communication/SubsystemCommands/TRXVU_Commands.o
                0x20006e88                CMD_AntSetArmStatus
 .text.CMD_AntGetArmStatus
                0x20006ec4       0x60 ./src/SubSystemModules/Communication/SubsystemCommands/TRXVU_Commands.o
                0x20006ec4                CMD_AntGetArmStatus
 .text.CMD_AntGetUptime
                0x20006f24       0x68 ./src/SubSystemModules/Communication/SubsystemCommands/TRXVU_Commands.o
                0x20006f24                CMD_AntGetUptime
 .text.CMD_StopReDeployment
                0x20006f8c       0x74 ./src/SubSystemModules/Communication/SubsystemCommands/TRXVU_Commands.o
                0x20006f8c                CMD_StopReDeployment
 .text.CMD_AntCancelDeployment
                0x20007000       0x58 ./src/SubSystemModules/Communication/SubsystemCommands/TRXVU_Commands.o
                0x20007000                CMD_AntCancelDeployment
 .text.CMD_DumpRamTLM
                0x20007058      0x180 ./src/SubSystemModules/Communication/SubsystemCommands/TRXVU_Commands.o
                0x20007058                CMD_DumpRamTLM
 .text.SendAckPacket
                0x200071d8       0xfc ./src/SubSystemModules/Communication/AckHandler.o
                0x200071d8                SendAckPacket
 .text.trxvu_command_router
                0x200072d4      0x578 ./src/SubSystemModules/Communication/CommandDictionary.o
                0x200072d4                trxvu_command_router
 .text.eps_command_router
                0x2000784c      0x10c ./src/SubSystemModules/Communication/CommandDictionary.o
                0x2000784c                eps_command_router
 .text.telemetry_command_router
                0x20007958      0x23c ./src/SubSystemModules/Communication/CommandDictionary.o
                0x20007958                telemetry_command_router
 .text.managment_command_router
                0x20007b94      0x12c ./src/SubSystemModules/Communication/CommandDictionary.o
                0x20007b94                managment_command_router
 .text.filesystem_command_router
                0x20007cc0       0x24 ./src/SubSystemModules/Communication/CommandDictionary.o
                0x20007cc0                filesystem_command_router
 .text.sha256_transform
                0x20007ce4      0x4b8 ./src/SubSystemModules/Communication/HashSecuredCMD.o
                0x20007ce4                sha256_transform
 .text.sha256_init
                0x2000819c       0xb8 ./src/SubSystemModules/Communication/HashSecuredCMD.o
                0x2000819c                sha256_init
 .text.sha256_update
                0x20008254       0xc8 ./src/SubSystemModules/Communication/HashSecuredCMD.o
                0x20008254                sha256_update
 .text.sha256_final
                0x2000831c      0x470 ./src/SubSystemModules/Communication/HashSecuredCMD.o
                0x2000831c                sha256_final
 .text.ParseDataToCommand
                0x2000878c      0x1ac ./src/SubSystemModules/Communication/SatCommandHandler.o
                0x2000878c                ParseDataToCommand
 .text.AssembleCommand
                0x20008938      0x148 ./src/SubSystemModules/Communication/SatCommandHandler.o
                0x20008938                AssembleCommand
 .text.ActUponCommand
                0x20008a80      0x108 ./src/SubSystemModules/Communication/SatCommandHandler.o
                0x20008a80                ActUponCommand
 .text.setMuteEndTime
                0x20008b88       0x40 ./src/SubSystemModules/Communication/TRXVU.o
                0x20008b88                setMuteEndTime
 .text.getMuteEndTime
                0x20008bc8       0x44 ./src/SubSystemModules/Communication/TRXVU.o
                0x20008bc8                getMuteEndTime
 .text.setTransponderEndTime
                0x20008c0c       0x40 ./src/SubSystemModules/Communication/TRXVU.o
                0x20008c0c                setTransponderEndTime
 .text.getTransponderEndTime
                0x20008c4c       0x44 ./src/SubSystemModules/Communication/TRXVU.o
                0x20008c4c                getTransponderEndTime
 .text.setTransponderRSSIinFRAM
                0x20008c90       0x44 ./src/SubSystemModules/Communication/TRXVU.o
                0x20008c90                setTransponderRSSIinFRAM
 .text.getTransponderRSSIFromFRAM
                0x20008cd4       0x4c ./src/SubSystemModules/Communication/TRXVU.o
                0x20008cd4                getTransponderRSSIFromFRAM
 .text.InitTxModule
                0x20008d20       0x68 ./src/SubSystemModules/Communication/TRXVU.o
                0x20008d20                InitTxModule
 .text.CMD_SetBeaconInterval
                0x20008d88       0xdc ./src/SubSystemModules/Communication/TRXVU.o
                0x20008d88                CMD_SetBeaconInterval
 .text.InitBeaconParams
                0x20008e64       0x3c ./src/SubSystemModules/Communication/TRXVU.o
                0x20008e64                InitBeaconParams
 .text.InitSemaphores
                0x20008ea0       0x98 ./src/SubSystemModules/Communication/TRXVU.o
                0x20008ea0                InitSemaphores
 .text.InitTrxvu
                0x20008f38      0x170 ./src/SubSystemModules/Communication/TRXVU.o
                0x20008f38                InitTrxvu
 .text.checkIdleFinish
                0x200090a8       0x68 ./src/SubSystemModules/Communication/TRXVU.o
                0x200090a8                checkIdleFinish
 .text.checkTransponderFinish
                0x20009110       0x50 ./src/SubSystemModules/Communication/TRXVU.o
                0x20009110                checkTransponderFinish
 .text.checkTransponderStart
                0x20009160       0x50 ./src/SubSystemModules/Communication/TRXVU.o
                0x20009160                checkTransponderStart
 .text.turnOnTransponder
                0x200091b0       0xa0 ./src/SubSystemModules/Communication/TRXVU.o
                0x200091b0                turnOnTransponder
 .text.turnOffTransponder
                0x20009250       0x90 ./src/SubSystemModules/Communication/TRXVU.o
                0x20009250                turnOffTransponder
 .text.SetRSSITransponder
                0x200092e0       0x80 ./src/SubSystemModules/Communication/TRXVU.o
                0x200092e0                SetRSSITransponder
 .text.TRX_Logic
                0x20009360       0xe4 ./src/SubSystemModules/Communication/TRXVU.o
                0x20009360                TRX_Logic
 .text.GetNumberOfFramesInBuffer
                0x20009444       0x94 ./src/SubSystemModules/Communication/TRXVU.o
                0x20009444                GetNumberOfFramesInBuffer
 .text.GetOnlineCommand
                0x200094d8      0x1d0 ./src/SubSystemModules/Communication/TRXVU.o
                0x200094d8                GetOnlineCommand
 .text.CheckTransmitionAllowed
                0x200096a8       0xc0 ./src/SubSystemModules/Communication/TRXVU.o
                0x200096a8                CheckTransmitionAllowed
 .text.FinishDump
                0x20009768       0xf0 ./src/SubSystemModules/Communication/TRXVU.o
                0x20009768                FinishDump
 .text.AbortDump
                0x20009858       0x34 ./src/SubSystemModules/Communication/TRXVU.o
                0x20009858                AbortDump
 .text.SendDumpAbortRequest
                0x2000988c       0x6c ./src/SubSystemModules/Communication/TRXVU.o
                0x2000988c                SendDumpAbortRequest
 .text.CheckDumpAbort
                0x200098f8       0x6c ./src/SubSystemModules/Communication/TRXVU.o
                0x200098f8                CheckDumpAbort
 .text.BeaconLogic
                0x20009964      0x184 ./src/SubSystemModules/Communication/TRXVU.o
                0x20009964                BeaconLogic
 .text.SetIdleState
                0x20009ae8      0x144 ./src/SubSystemModules/Communication/TRXVU.o
                0x20009ae8                SetIdleState
 .text.muteTRXVU
                0x20009c2c       0x74 ./src/SubSystemModules/Communication/TRXVU.o
                0x20009c2c                muteTRXVU
 .text.UnMuteTRXVU
                0x20009ca0       0x14 ./src/SubSystemModules/Communication/TRXVU.o
                0x20009ca0                UnMuteTRXVU
 .text.TransmitDataAsSPL_Packet
                0x20009cb4      0x12c ./src/SubSystemModules/Communication/TRXVU.o
                0x20009cb4                TransmitDataAsSPL_Packet
 .text.CMD_Hash256
                0x20009de0      0x2f8 ./src/SubSystemModules/Communication/TRXVU.o
                0x20009de0                CMD_Hash256
 .text.CMD_Secure_Ping
                0x2000a0d8       0x6c ./src/SubSystemModules/Communication/TRXVU.o
                0x2000a0d8                CMD_Secure_Ping
 .text.TransmitSplPacket
                0x2000a144      0x124 ./src/SubSystemModules/Communication/TRXVU.o
                0x2000a144                TransmitSplPacket
 .text.isFirstActivation
                0x2000a268       0x38 ./src/InitSystem.o
                0x2000a268                isFirstActivation
 .text.WriteDefaultValuesToFRAM
                0x2000a2a0      0x2c0 ./src/InitSystem.o
                0x2000a2a0                WriteDefaultValuesToFRAM
 .text.StartFRAM
                0x2000a560       0x64 ./src/InitSystem.o
                0x2000a560                StartFRAM
 .text.StartI2C
                0x2000a5c4       0x38 ./src/InitSystem.o
                0x2000a5c4                StartI2C
 .text.StartSPI
                0x2000a5fc       0x34 ./src/InitSystem.o
                0x2000a5fc                StartSPI
 .text.StartTIME
                0x2000a630       0xbc ./src/InitSystem.o
                0x2000a630                StartTIME
 .text.DeploySystem
                0x2000a6ec      0x1b4 ./src/InitSystem.o
                0x2000a6ec                DeploySystem
 .text.InitSubsystems
                0x2000a8a0       0x64 ./src/InitSystem.o
                0x2000a8a0                InitSubsystems
 .text.CMD_getInfoImage
                0x2000a904      0x158 ./src/TLM_management.o
                0x2000a904                CMD_getInfoImage
 .text.CMD_getDataImage
                0x2000aa5c      0x218 ./src/TLM_management.o
                0x2000aa5c                CMD_getDataImage
 .text.delete_allTMFilesFromSD
                0x2000ac74       0x8c ./src/TLM_management.o
                0x2000ac74                delete_allTMFilesFromSD
 .text.deleteTLMFiles
                0x2000ad00       0x94 ./src/TLM_management.o
                0x2000ad00                deleteTLMFiles
 .text.deleteTLMFile
                0x2000ad94       0xcc ./src/TLM_management.o
                0x2000ad94                deleteTLMFile
 .text.deleteTLMbyMonth
                0x2000ae60       0xac ./src/TLM_management.o
                0x2000ae60                deleteTLMbyMonth
 .text.deleteDirectory
                0x2000af0c      0x158 ./src/TLM_management.o
                0x2000af0c                deleteDirectory
 .text.InitializeFS
                0x2000b064       0xec ./src/TLM_management.o
                0x2000b064                InitializeFS
 .text.calculateFileName
                0x2000b150      0x130 ./src/TLM_management.o
                0x2000b150                calculateFileName
 .text.getTlmTypeInfo
                0x2000b280      0x264 ./src/TLM_management.o
                0x2000b280                getTlmTypeInfo
 .text.write2File
                0x2000b4e4      0x1dc ./src/TLM_management.o
                0x2000b4e4                write2File
 .text.printTLM
                0x2000b6c0       0x24 ./src/TLM_management.o
                0x2000b6c0                printTLM
 .text.readTLMFile
                0x2000b6e4      0x328 ./src/TLM_management.o
                0x2000b6e4                readTLMFile
 .text.readTLMFiles
                0x2000ba0c       0xdc ./src/TLM_management.o
                0x2000ba0c                readTLMFiles
 .text.readTLMFileTimeRange
                0x2000bae8      0x2f0 ./src/TLM_management.o
                0x2000bae8                readTLMFileTimeRange
 .text.DeInitializeFS
                0x2000bdd8       0x38 ./src/TLM_management.o
                0x2000bdd8                DeInitializeFS
 .text.taskMain
                0x2000be10       0x90 ./src/main.o
                0x2000be10                taskMain
 .text.main     0x2000bea0       0x98 ./src/main.o
                0x2000bea0                main
 .text.timeU2time
                0x2000bf38       0xbc ./src/utils.o
                0x2000bf38                timeU2time
 .text.logError
                0x2000bff4      0x148 ./src/utils.o
                0x2000bff4                logError
 .text.clearPDCtransfers
                0x2000c13c       0xe8 C:/ISIS/workspace/ycube/GlobusSatProject/..//hal/hal/lib\libHALD.a(SPI.o)
 .text.SPI_start
                0x2000c224      0x4b0 C:/ISIS/workspace/ycube/GlobusSatProject/..//hal/hal/lib\libHALD.a(SPI.o)
                0x2000c224                SPI_start
 .text.SPI_stop
                0x2000c6d4      0x244 C:/ISIS/workspace/ycube/GlobusSatProject/..//hal/hal/lib\libHALD.a(SPI.o)
                0x2000c6d4                SPI_stop
 .text.SPI_queueTransfer
                0x2000c918      0x1cc C:/ISIS/workspace/ycube/GlobusSatProject/..//hal/hal/lib\libHALD.a(SPI.o)
                0x2000c918                SPI_queueTransfer
 .text.SPI_internalCallback
                0x2000cae4       0x64 C:/ISIS/workspace/ycube/GlobusSatProject/..//hal/hal/lib\libHALD.a(SPI.o)
 .text.SPI_writeRead
                0x2000cb48      0x1c0 C:/ISIS/workspace/ycube/GlobusSatProject/..//hal/hal/lib\libHALD.a(SPI.o)
                0x2000cb48                SPI_writeRead
 .text.waitForTransfer
                0x2000cd08       0x78 C:/ISIS/workspace/ycube/GlobusSatProject/..//hal/hal/lib\libHALD.a(SPI.o)
 .text.SPI_getDriverState
                0x2000cd80       0x58 C:/ISIS/workspace/ycube/GlobusSatProject/..//hal/hal/lib\libHALD.a(SPI.o)
                0x2000cd80                SPI_getDriverState
 .text.validateTransferParameters
                0x2000cdd8      0x10c C:/ISIS/workspace/ycube/GlobusSatProject/..//hal/hal/lib\libHALD.a(I2C.o)
 .text.I2C_queueTransfer
                0x2000cee4       0xfc C:/ISIS/workspace/ycube/GlobusSatProject/..//hal/hal/lib\libHALD.a(I2C.o)
                0x2000cee4                I2C_queueTransfer
 .text.I2C_internalCallback
                0x2000cfe0       0x64 C:/ISIS/workspace/ycube/GlobusSatProject/..//hal/hal/lib\libHALD.a(I2C.o)
 .text.I2C_doBlockingTransfer
                0x2000d044      0x180 C:/ISIS/workspace/ycube/GlobusSatProject/..//hal/hal/lib\libHALD.a(I2C.o)
 .text.I2C_write
                0x2000d1c4      0x110 C:/ISIS/workspace/ycube/GlobusSatProject/..//hal/hal/lib\libHALD.a(I2C.o)
                0x2000d1c4                I2C_write
 .text.I2C_read
                0x2000d2d4      0x110 C:/ISIS/workspace/ycube/GlobusSatProject/..//hal/hal/lib\libHALD.a(I2C.o)
                0x2000d2d4                I2C_read
 .text.I2C_writeRead
                0x2000d3e4      0x17c C:/ISIS/workspace/ycube/GlobusSatProject/..//hal/hal/lib\libHALD.a(I2C.o)
                0x2000d3e4                I2C_writeRead
 .text.I2C_start
                0x2000d560      0x2e8 C:/ISIS/workspace/ycube/GlobusSatProject/..//hal/hal/lib\libHALD.a(I2C.o)
                0x2000d560                I2C_start
 .text.I2C_stop
                0x2000d848      0x184 C:/ISIS/workspace/ycube/GlobusSatProject/..//hal/hal/lib\libHALD.a(I2C.o)
                0x2000d848                I2C_stop
 .text.I2C_setTransferTimeout
                0x2000d9cc       0x48 C:/ISIS/workspace/ycube/GlobusSatProject/..//hal/hal/lib\libHALD.a(I2C.o)
                0x2000d9cc                I2C_setTransferTimeout
 .text.ADC_ConvertRaw10bitToMillivolt
                0x2000da14       0x50 C:/ISIS/workspace/ycube/GlobusSatProject/..//hal/hal/lib\libHALD.a(ADC.o)
                0x2000da14                ADC_ConvertRaw10bitToMillivolt
 .text.ADC_SingleShot
                0x2000da64      0x230 C:/ISIS/workspace/ycube/GlobusSatProject/..//hal/hal/lib\libHALD.a(ADC.o)
                0x2000da64                ADC_SingleShot
 .text.FRAM_start
                0x2000dc94      0x120 C:/ISIS/workspace/ycube/GlobusSatProject/..//hal/hal/lib\libHALD.a(FRAM.o)
                0x2000dc94                FRAM_start
 .text.FRAM_stop
                0x2000ddb4       0x6c C:/ISIS/workspace/ycube/GlobusSatProject/..//hal/hal/lib\libHALD.a(FRAM.o)
                0x2000ddb4                FRAM_stop
 .text.FRAM_dummyCallback
                0x2000de20       0x24 C:/ISIS/workspace/ycube/GlobusSatProject/..//hal/hal/lib\libHALD.a(FRAM.o)
                0x2000de20                FRAM_dummyCallback
 .text.FRAM_unlockingCallback
                0x2000de44       0x64 C:/ISIS/workspace/ycube/GlobusSatProject/..//hal/hal/lib\libHALD.a(FRAM.o)
                0x2000de44                FRAM_unlockingCallback
 .text.doBlockingTransfer
                0x2000dea8       0x78 C:/ISIS/workspace/ycube/GlobusSatProject/..//hal/hal/lib\libHALD.a(FRAM.o)
 .text.FRAM_writePacket
                0x2000df20      0x134 C:/ISIS/workspace/ycube/GlobusSatProject/..//hal/hal/lib\libHALD.a(FRAM.o)
 .text.FRAM_write
                0x2000e054      0x1e0 C:/ISIS/workspace/ycube/GlobusSatProject/..//hal/hal/lib\libHALD.a(FRAM.o)
                0x2000e054                FRAM_write
 .text.FRAM_readPacket
                0x2000e234       0xf0 C:/ISIS/workspace/ycube/GlobusSatProject/..//hal/hal/lib\libHALD.a(FRAM.o)
 .text.FRAM_read
                0x2000e324      0x1ec C:/ISIS/workspace/ycube/GlobusSatProject/..//hal/hal/lib\libHALD.a(FRAM.o)
                0x2000e324                FRAM_read
 .text.Time_start
                0x2000e510      0x170 C:/ISIS/workspace/ycube/GlobusSatProject/..//hal/hal/lib\libHALD.a(Time.o)
                0x2000e510                Time_start
 .text.taskTimeSync
                0x2000e680       0x64 C:/ISIS/workspace/ycube/GlobusSatProject/..//hal/hal/lib\libHALD.a(Time.o)
 .text.Time_convertEpochToTime
                0x2000e6e4      0x100 C:/ISIS/workspace/ycube/GlobusSatProject/..//hal/hal/lib\libHALD.a(Time.o)
                0x2000e6e4                Time_convertEpochToTime
 .text.Time_calculateSecondsOfYear
                0x2000e7e4       0xd8 C:/ISIS/workspace/ycube/GlobusSatProject/..//hal/hal/lib\libHALD.a(Time.o)
 .text.Time_set
                0x2000e8bc       0xd8 C:/ISIS/workspace/ycube/GlobusSatProject/..//hal/hal/lib\libHALD.a(Time.o)
                0x2000e8bc                Time_set
 .text.Time_isLeapYear
                0x2000e994       0x98 C:/ISIS/workspace/ycube/GlobusSatProject/..//hal/hal/lib\libHALD.a(Time.o)
                0x2000e994                Time_isLeapYear
 .text.Time_get
                0x2000ea2c      0x478 C:/ISIS/workspace/ycube/GlobusSatProject/..//hal/hal/lib\libHALD.a(Time.o)
                0x2000ea2c                Time_get
 .text.Time_getUnixEpoch
                0x2000eea4      0x108 C:/ISIS/workspace/ycube/GlobusSatProject/..//hal/hal/lib\libHALD.a(Time.o)
                0x2000eea4                Time_getUnixEpoch
 .text.Time_secondsOfYearToTime
                0x2000efac      0x33c C:/ISIS/workspace/ycube/GlobusSatProject/..//hal/hal/lib\libHALD.a(Time.o)
 .text.Time_setUnixEpoch
                0x2000f2e8       0x54 C:/ISIS/workspace/ycube/GlobusSatProject/..//hal/hal/lib\libHALD.a(Time.o)
                0x2000f2e8                Time_setUnixEpoch
 .text.Time_getUptimeSeconds
                0x2000f33c       0x28 C:/ISIS/workspace/ycube/GlobusSatProject/..//hal/hal/lib\libHALD.a(Time.o)
                0x2000f33c                Time_getUptimeSeconds
 .text.Time_sync
                0x2000f364      0x1a8 C:/ISIS/workspace/ycube/GlobusSatProject/..//hal/hal/lib\libHALD.a(Time.o)
                0x2000f364                Time_sync
 .text.Time_syncIfNeeded
                0x2000f50c       0xac C:/ISIS/workspace/ycube/GlobusSatProject/..//hal/hal/lib\libHALD.a(Time.o)
                0x2000f50c                Time_syncIfNeeded
 .text.WDT_start
                0x2000f5b8       0x48 C:/ISIS/workspace/ycube/GlobusSatProject/..//hal/hal/lib\libHALD.a(WatchDogTimerNoOS.o)
                0x2000f5b8                WDT_start
 .text.RTT_start
                0x2000f600       0x24 C:/ISIS/workspace/ycube/GlobusSatProject/..//hal/hal/lib\libHALD.a(RTT.o)
                0x2000f600                RTT_start
 .text.RTT_GetTime
                0x2000f624       0x24 C:/ISIS/workspace/ycube/GlobusSatProject/..//hal/hal/lib\libHALD.a(RTT.o)
                0x2000f624                RTT_GetTime
 .text.RTC_start
                0x2000f648       0x3c C:/ISIS/workspace/ycube/GlobusSatProject/..//hal/hal/lib\libHALD.a(RTC.o)
                0x2000f648                RTC_start
 .text.RTC_setTime
                0x2000f684      0x2a4 C:/ISIS/workspace/ycube/GlobusSatProject/..//hal/hal/lib\libHALD.a(RTC.o)
                0x2000f684                RTC_setTime
 .text.RTC_getTime
                0x2000f928      0x230 C:/ISIS/workspace/ycube/GlobusSatProject/..//hal/hal/lib\libHALD.a(RTC.o)
                0x2000f928                RTC_getTime
 .text.RTC_checkTimeValid
                0x2000fb58       0xd8 C:/ISIS/workspace/ycube/GlobusSatProject/..//hal/hal/lib\libHALD.a(RTC.o)
                0x2000fb58                RTC_checkTimeValid
 .text.WDT_startWatchdogKickTask
                0x2000fc30       0xb4 C:/ISIS/workspace/ycube/GlobusSatProject/..//hal/hal/lib\libHALD.a(WatchDogTimerOS.o)
                0x2000fc30                WDT_startWatchdogKickTask
 .text.WDT_forceKickEveryNms
                0x2000fce4       0x50 C:/ISIS/workspace/ycube/GlobusSatProject/..//hal/hal/lib\libHALD.a(WatchDogTimerOS.o)
                0x2000fce4                WDT_forceKickEveryNms
 .text.f_puts   0x2000fd34       0x80 C:/ISIS/workspace/ycube/GlobusSatProject/..//hal/hal/lib\libHALD.a(fprintf.o)
                0x2000fd34                f_puts
 .text.LED_glow
                0x2000fdb4       0x58 C:/ISIS/workspace/ycube/GlobusSatProject/..//hal/hal/lib\libHALD.a(LED.o)
                0x2000fdb4                LED_glow
 .text.LED_dark
                0x2000fe0c       0x58 C:/ISIS/workspace/ycube/GlobusSatProject/..//hal/hal/lib\libHALD.a(LED.o)
                0x2000fe0c                LED_dark
 .text.LED_toggle
                0x2000fe64       0x50 C:/ISIS/workspace/ycube/GlobusSatProject/..//hal/hal/lib\libHALD.a(LED.o)
                0x2000fe64                LED_toggle
 .text.fm_initvolume
                0x2000feb4       0x70 C:/ISIS/workspace/ycube/GlobusSatProject/..//hal/hcc/lib\libHCCD.a(fat_m.o)
                0x2000feb4                fm_initvolume
 .text.fm_delvolume
                0x2000ff24       0x60 C:/ISIS/workspace/ycube/GlobusSatProject/..//hal/hcc/lib\libHCCD.a(fat_m.o)
                0x2000ff24                fm_delvolume
 .text.fm_format
                0x2000ff84       0x68 C:/ISIS/workspace/ycube/GlobusSatProject/..//hal/hcc/lib\libHCCD.a(fat_m.o)
                0x2000ff84                fm_format
 .text.fm_getdrive
                0x2000ffec       0x70 C:/ISIS/workspace/ycube/GlobusSatProject/..//hal/hcc/lib\libHCCD.a(fat_m.o)
                0x2000ffec                fm_getdrive
 .text.fm_getfreespace
                0x2001005c       0x68 C:/ISIS/workspace/ycube/GlobusSatProject/..//hal/hcc/lib\libHCCD.a(fat_m.o)
                0x2001005c                fm_getfreespace
 .text.fm_mkdir
                0x200100c4       0x60 C:/ISIS/workspace/ycube/GlobusSatProject/..//hal/hcc/lib\libHCCD.a(fat_m.o)
                0x200100c4                fm_mkdir
 .text.fm_rmdir
                0x20010124       0x60 C:/ISIS/workspace/ycube/GlobusSatProject/..//hal/hcc/lib\libHCCD.a(fat_m.o)
                0x20010124                fm_rmdir
 .text.fm_findfirst
                0x20010184       0x68 C:/ISIS/workspace/ycube/GlobusSatProject/..//hal/hcc/lib\libHCCD.a(fat_m.o)
                0x20010184                fm_findfirst
 .text.fm_findnext
                0x200101ec       0x60 C:/ISIS/workspace/ycube/GlobusSatProject/..//hal/hcc/lib\libHCCD.a(fat_m.o)
                0x200101ec                fm_findnext
 .text.fm_close
                0x2001024c       0x60 C:/ISIS/workspace/ycube/GlobusSatProject/..//hal/hcc/lib\libHCCD.a(fat_m.o)
                0x2001024c                fm_close
 .text.fm_flush
                0x200102ac       0x60 C:/ISIS/workspace/ycube/GlobusSatProject/..//hal/hcc/lib\libHCCD.a(fat_m.o)
                0x200102ac                fm_flush
 .text.fm_open  0x2001030c       0x68 C:/ISIS/workspace/ycube/GlobusSatProject/..//hal/hcc/lib\libHCCD.a(fat_m.o)
                0x2001030c                fm_open
 .text.fm_read  0x20010374       0x7c C:/ISIS/workspace/ycube/GlobusSatProject/..//hal/hcc/lib\libHCCD.a(fat_m.o)
                0x20010374                fm_read
 .text.fm_write
                0x200103f0       0x7c C:/ISIS/workspace/ycube/GlobusSatProject/..//hal/hcc/lib\libHCCD.a(fat_m.o)
                0x200103f0                fm_write
 .text.fm_seek  0x2001046c       0x70 C:/ISIS/workspace/ycube/GlobusSatProject/..//hal/hcc/lib\libHCCD.a(fat_m.o)
                0x2001046c                fm_seek
 .text.fm_tell  0x200104dc       0x60 C:/ISIS/workspace/ycube/GlobusSatProject/..//hal/hcc/lib\libHCCD.a(fat_m.o)
                0x200104dc                fm_tell
 .text.fm_putc  0x2001053c       0x68 C:/ISIS/workspace/ycube/GlobusSatProject/..//hal/hcc/lib\libHCCD.a(fat_m.o)
                0x2001053c                fm_putc
 .text.fm_rewind
                0x200105a4       0x60 C:/ISIS/workspace/ycube/GlobusSatProject/..//hal/hcc/lib\libHCCD.a(fat_m.o)
                0x200105a4                fm_rewind
 .text.fm_delete
                0x20010604       0x64 C:/ISIS/workspace/ycube/GlobusSatProject/..//hal/hcc/lib\libHCCD.a(fat_m.o)
                0x20010604                fm_delete
 .text.fm_getlasterror
                0x20010668       0x40 C:/ISIS/workspace/ycube/GlobusSatProject/..//hal/hcc/lib\libHCCD.a(fat_m.o)
                0x20010668                fm_getlasterror
 .text._f_invalidatedir
                0x200106a8       0x28 C:/ISIS/workspace/ycube/GlobusSatProject/..//hal/hcc/lib\libHCCD.a(fat.o)
                0x200106a8                _f_invalidatedir
 .text._f_getdirsector
                0x200106d0       0x88 C:/ISIS/workspace/ycube/GlobusSatProject/..//hal/hcc/lib\libHCCD.a(fat.o)
                0x200106d0                _f_getdirsector
 .text._f_writedirsector
                0x20010758       0x74 C:/ISIS/workspace/ycube/GlobusSatProject/..//hal/hcc/lib\libHCCD.a(fat.o)
                0x20010758                _f_writedirsector
 .text._f_checknameinv
                0x200107cc      0x180 C:/ISIS/workspace/ycube/GlobusSatProject/..//hal/hcc/lib\libHCCD.a(fat.o)
 .text._f_checkname
                0x2001094c       0x7c C:/ISIS/workspace/ycube/GlobusSatProject/..//hal/hcc/lib\libHCCD.a(fat.o)
 .text._f_checknamewc
                0x200109c8       0xf8 C:/ISIS/workspace/ycube/GlobusSatProject/..//hal/hcc/lib\libHCCD.a(fat.o)
 .text._f_setnameext
                0x20010ac0      0x300 C:/ISIS/workspace/ycube/GlobusSatProject/..//hal/hcc/lib\libHCCD.a(fat.o)
 .text._f_setfsname
                0x20010dc0      0x584 C:/ISIS/workspace/ycube/GlobusSatProject/..//hal/hcc/lib\libHCCD.a(fat.o)
 .text._f_findfile
                0x20011344      0x30c C:/ISIS/workspace/ycube/GlobusSatProject/..//hal/hcc/lib\libHCCD.a(fat.o)
 .text._f_cmp_wname
                0x20011650      0x274 C:/ISIS/workspace/ycube/GlobusSatProject/..//hal/hcc/lib\libHCCD.a(fat.o)
 .text._f_to_string
                0x200118c4      0x130 C:/ISIS/workspace/ycube/GlobusSatProject/..//hal/hcc/lib\libHCCD.a(fat.o)
 .text._f_findfilewc
                0x200119f4      0x278 C:/ISIS/workspace/ycube/GlobusSatProject/..//hal/hcc/lib\libHCCD.a(fat.o)
 .text._f_getfilename
                0x20011c6c      0x20c C:/ISIS/workspace/ycube/GlobusSatProject/..//hal/hcc/lib\libHCCD.a(fat.o)
 .text._f_findpath
                0x20011e78      0x35c C:/ISIS/workspace/ycube/GlobusSatProject/..//hal/hcc/lib\libHCCD.a(fat.o)
 .text.fn_getdcwd
                0x200121d4      0x1e0 C:/ISIS/workspace/ycube/GlobusSatProject/..//hal/hcc/lib\libHCCD.a(fat.o)
                0x200121d4                fn_getdcwd
 .text.fn_findfirst
                0x200123b4      0x13c C:/ISIS/workspace/ycube/GlobusSatProject/..//hal/hcc/lib\libHCCD.a(fat.o)
                0x200123b4                fn_findfirst
 .text.fn_findnext
                0x200124f0      0x360 C:/ISIS/workspace/ycube/GlobusSatProject/..//hal/hcc/lib\libHCCD.a(fat.o)
                0x200124f0                fn_findnext
 .text._f_lock_resfile
                0x20012850       0x6c C:/ISIS/workspace/ycube/GlobusSatProject/..//hal/hcc/lib\libHCCD.a(fat.o)
 .text._f_unlock_resfile
                0x200128bc       0x40 C:/ISIS/workspace/ycube/GlobusSatProject/..//hal/hcc/lib\libHCCD.a(fat.o)
 .text._f_getintfile
                0x200128fc      0x124 C:/ISIS/workspace/ycube/GlobusSatProject/..//hal/hcc/lib\libHCCD.a(fat.o)
 .text._f_addentry
                0x20012a20      0x540 C:/ISIS/workspace/ycube/GlobusSatProject/..//hal/hcc/lib\libHCCD.a(fat.o)
 .text.fn_mkdir
                0x20012f60      0x75c C:/ISIS/workspace/ycube/GlobusSatProject/..//hal/hcc/lib\libHCCD.a(fat.o)
                0x20012f60                fn_mkdir
 .text.fn_open_sub
                0x200136bc     0x1698 C:/ISIS/workspace/ycube/GlobusSatProject/..//hal/hcc/lib\libHCCD.a(fat.o)
 .text.fn_open  0x20014d54       0x44 C:/ISIS/workspace/ycube/GlobusSatProject/..//hal/hcc/lib\libHCCD.a(fat.o)
                0x20014d54                fn_open
 .text.fn_delete
                0x20014d98      0x490 C:/ISIS/workspace/ycube/GlobusSatProject/..//hal/hcc/lib\libHCCD.a(fat.o)
                0x20014d98                fn_delete
 .text.fn_rmdir
                0x20015228      0x5ac C:/ISIS/workspace/ycube/GlobusSatProject/..//hal/hcc/lib\libHCCD.a(fat.o)
                0x20015228                fn_rmdir
 .text.fn_init  0x200157d4      0x2dc C:/ISIS/workspace/ycube/GlobusSatProject/..//hal/hcc/lib\libHCCD.a(fat_common.o)
                0x200157d4                fn_init
 .text.fn_start
                0x20015ab0       0x1c C:/ISIS/workspace/ycube/GlobusSatProject/..//hal/hcc/lib\libHCCD.a(fat_common.o)
                0x20015ab0                fn_start
 .text.fsn_delete
                0x20015acc       0xc8 C:/ISIS/workspace/ycube/GlobusSatProject/..//hal/hcc/lib\libHCCD.a(fat_common.o)
                0x20015acc                fsn_delete
 .text._f_get16bitl
                0x20015b94       0x4c C:/ISIS/workspace/ycube/GlobusSatProject/..//hal/hcc/lib\libHCCD.a(fat_common.o)
                0x20015b94                _f_get16bitl
 .text._f_set16bitl
                0x20015be0       0x54 C:/ISIS/workspace/ycube/GlobusSatProject/..//hal/hcc/lib\libHCCD.a(fat_common.o)
                0x20015be0                _f_set16bitl
 .text._f_get32bitl
                0x20015c34       0x68 C:/ISIS/workspace/ycube/GlobusSatProject/..//hal/hcc/lib\libHCCD.a(fat_common.o)
                0x20015c34                _f_get32bitl
 .text._f_set32bitl
                0x20015c9c       0x78 C:/ISIS/workspace/ycube/GlobusSatProject/..//hal/hcc/lib\libHCCD.a(fat_common.o)
                0x20015c9c                _f_set32bitl
 .text._get8bit
                0x20015d14       0xa0 C:/ISIS/workspace/ycube/GlobusSatProject/..//hal/hcc/lib\libHCCD.a(fat_common.o)
 .text._get16bitl
                0x20015db4       0x40 C:/ISIS/workspace/ycube/GlobusSatProject/..//hal/hcc/lib\libHCCD.a(fat_common.o)
 .text._get32bitl
                0x20015df4       0x3c C:/ISIS/workspace/ycube/GlobusSatProject/..//hal/hcc/lib\libHCCD.a(fat_common.o)
 .text._set8bitzero
                0x20015e30       0x6c C:/ISIS/workspace/ycube/GlobusSatProject/..//hal/hcc/lib\libHCCD.a(fat_common.o)
 .text._set8bit
                0x20015e9c       0xa0 C:/ISIS/workspace/ycube/GlobusSatProject/..//hal/hcc/lib\libHCCD.a(fat_common.o)
 .text._set16bitl
                0x20015f3c       0x3c C:/ISIS/workspace/ycube/GlobusSatProject/..//hal/hcc/lib\libHCCD.a(fat_common.o)
 .text._set32bitl
                0x20015f78       0x34 C:/ISIS/workspace/ycube/GlobusSatProject/..//hal/hcc/lib\libHCCD.a(fat_common.o)
 .text._f_setcardremoved
                0x20015fac       0x94 C:/ISIS/workspace/ycube/GlobusSatProject/..//hal/hcc/lib\libHCCD.a(fat_common.o)
 .text._f_checkstatus
                0x20016040      0x104 C:/ISIS/workspace/ycube/GlobusSatProject/..//hal/hcc/lib\libHCCD.a(fat_common.o)
                0x20016040                _f_checkstatus
 .text._f_drvgetphy
                0x20016144      0x114 C:/ISIS/workspace/ycube/GlobusSatProject/..//hal/hcc/lib\libHCCD.a(fat_common.o)
 .text._f_drvwritesector
                0x20016258       0xdc C:/ISIS/workspace/ycube/GlobusSatProject/..//hal/hcc/lib\libHCCD.a(fat_common.o)
 .text._f_drvreadsector
                0x20016334       0xa8 C:/ISIS/workspace/ycube/GlobusSatProject/..//hal/hcc/lib\libHCCD.a(fat_common.o)
 .text._f_writesector
                0x200163dc      0x23c C:/ISIS/workspace/ycube/GlobusSatProject/..//hal/hcc/lib\libHCCD.a(fat_common.o)
                0x200163dc                _f_writesector
 .text._f_readsector
                0x20016618      0x1dc C:/ISIS/workspace/ycube/GlobusSatProject/..//hal/hcc/lib\libHCCD.a(fat_common.o)
                0x20016618                _f_readsector
 .text._f_getmaxcluster
                0x200167f4       0x94 C:/ISIS/workspace/ycube/GlobusSatProject/..//hal/hcc/lib\libHCCD.a(fat_common.o)
                0x200167f4                _f_getmaxcluster
 .text._getsectorfromcluster
                0x20016888       0x68 C:/ISIS/workspace/ycube/GlobusSatProject/..//hal/hcc/lib\libHCCD.a(fat_common.o)
 .text._f_buildsectors
                0x200168f0      0x268 C:/ISIS/workspace/ycube/GlobusSatProject/..//hal/hcc/lib\libHCCD.a(fat_common.o)
 .text._f_getbootrecord
                0x20016b58      0x5e4 C:/ISIS/workspace/ycube/GlobusSatProject/..//hal/hcc/lib\libHCCD.a(fat_common.o)
 .text._f_readbootrecord
                0x2001713c      0x4f8 C:/ISIS/workspace/ycube/GlobusSatProject/..//hal/hcc/lib\libHCCD.a(fat_common.o)
 .text._f_writebootrecord
                0x20017634      0x5e4 C:/ISIS/workspace/ycube/GlobusSatProject/..//hal/hcc/lib\libHCCD.a(fat_common.o)
 .text._f_flushcffiles
                0x20017c18      0x17c C:/ISIS/workspace/ycube/GlobusSatProject/..//hal/hcc/lib\libHCCD.a(fat_common.o)
                0x20017c18                _f_flushcffiles
 .text._f_fatcache_flush
                0x20017d94      0x270 C:/ISIS/workspace/ycube/GlobusSatProject/..//hal/hcc/lib\libHCCD.a(fat_common.o)
                0x20017d94                _f_fatcache_flush
 .text._f_writefatsector
                0x20018004      0x100 C:/ISIS/workspace/ycube/GlobusSatProject/..//hal/hcc/lib\libHCCD.a(fat_common.o)
                0x20018004                _f_writefatsector
 .text._f_getfatsector
                0x20018104      0x3bc C:/ISIS/workspace/ycube/GlobusSatProject/..//hal/hcc/lib\libHCCD.a(fat_common.o)
 .text._f_setclustervalue
                0x200184c0      0x490 C:/ISIS/workspace/ycube/GlobusSatProject/..//hal/hcc/lib\libHCCD.a(fat_common.o)
                0x200184c0                _f_setclustervalue
 .text._f_getclustervalue
                0x20018950      0x388 C:/ISIS/workspace/ycube/GlobusSatProject/..//hal/hcc/lib\libHCCD.a(fat_common.o)
                0x20018950                _f_getclustervalue
 .text._f_close_drive_files
                0x20018cd8       0xac C:/ISIS/workspace/ycube/GlobusSatProject/..//hal/hcc/lib\libHCCD.a(fat_common.o)
 .text._f_inc_mount_count
                0x20018d84       0xa4 C:/ISIS/workspace/ycube/GlobusSatProject/..//hal/hcc/lib\libHCCD.a(fat_common.o)
 .text._f_getvolume
                0x20018e28      0x2f8 C:/ISIS/workspace/ycube/GlobusSatProject/..//hal/hcc/lib\libHCCD.a(fat_common.o)
                0x20018e28                _f_getvolume
 .text.fn_createdriver
                0x20019120      0x118 C:/ISIS/workspace/ycube/GlobusSatProject/..//hal/hcc/lib\libHCCD.a(fat_common.o)
                0x20019120                fn_createdriver
 .text.fn_initvolume
                0x20019238      0x12c C:/ISIS/workspace/ycube/GlobusSatProject/..//hal/hcc/lib\libHCCD.a(fat_common.o)
                0x20019238                fn_initvolume
 .text.fn_releasedriver
                0x20019364       0xf4 C:/ISIS/workspace/ycube/GlobusSatProject/..//hal/hcc/lib\libHCCD.a(fat_common.o)
                0x20019364                fn_releasedriver
 .text.fn_initvolumepartition_sub
                0x20019458       0xe0 C:/ISIS/workspace/ycube/GlobusSatProject/..//hal/hcc/lib\libHCCD.a(fat_common.o)
 .text.fn_initvolumepartition
                0x20019538       0xac C:/ISIS/workspace/ycube/GlobusSatProject/..//hal/hcc/lib\libHCCD.a(fat_common.o)
                0x20019538                fn_initvolumepartition
 .text.fn_delvolume
                0x200195e4      0x194 C:/ISIS/workspace/ycube/GlobusSatProject/..//hal/hcc/lib\libHCCD.a(fat_common.o)
                0x200195e4                fn_delvolume
 .text._f_clustertopos
                0x20019778       0xf8 C:/ISIS/workspace/ycube/GlobusSatProject/..//hal/hcc/lib\libHCCD.a(fat_common.o)
                0x20019778                _f_clustertopos
 .text._f_prepareformat
                0x20019870      0x8b8 C:/ISIS/workspace/ycube/GlobusSatProject/..//hal/hcc/lib\libHCCD.a(fat_common.o)
 .text._f_resetfatentries
                0x2001a128      0x410 C:/ISIS/workspace/ycube/GlobusSatProject/..//hal/hcc/lib\libHCCD.a(fat_common.o)
 .text._f_resetrootdir
                0x2001a538       0xcc C:/ISIS/workspace/ycube/GlobusSatProject/..//hal/hcc/lib\libHCCD.a(fat_common.o)
 .text._f_postformat
                0x2001a604      0x178 C:/ISIS/workspace/ycube/GlobusSatProject/..//hal/hcc/lib\libHCCD.a(fat_common.o)
 .text.fn_format
                0x2001a77c      0x148 C:/ISIS/workspace/ycube/GlobusSatProject/..//hal/hcc/lib\libHCCD.a(fat_common.o)
                0x2001a77c                fn_format
 .text._f_getcurrsector
                0x2001a8c4      0x6c8 C:/ISIS/workspace/ycube/GlobusSatProject/..//hal/hcc/lib\libHCCD.a(fat_common.o)
                0x2001a8c4                _f_getcurrsector
 .text._f_getdecluster
                0x2001af8c       0x90 C:/ISIS/workspace/ycube/GlobusSatProject/..//hal/hcc/lib\libHCCD.a(fat_common.o)
                0x2001af8c                _f_getdecluster
 .text._f_setdecluster
                0x2001b01c       0x8c C:/ISIS/workspace/ycube/GlobusSatProject/..//hal/hcc/lib\libHCCD.a(fat_common.o)
                0x2001b01c                _f_setdecluster
 .text.fn_getdrive
                0x2001b0a8       0x30 C:/ISIS/workspace/ycube/GlobusSatProject/..//hal/hcc/lib\libHCCD.a(fat_common.o)
                0x2001b0a8                fn_getdrive
 .text._f_getcurrenttimedate
                0x2001b0d8      0x138 C:/ISIS/workspace/ycube/GlobusSatProject/..//hal/hcc/lib\libHCCD.a(fat_common.o)
                0x2001b0d8                _f_getcurrenttimedate
 .text._f_initentry
                0x2001b210       0xa0 C:/ISIS/workspace/ycube/GlobusSatProject/..//hal/hcc/lib\libHCCD.a(fat_common.o)
                0x2001b210                _f_initentry
 .text._f_alloccluster
                0x2001b2b0      0x344 C:/ISIS/workspace/ycube/GlobusSatProject/..//hal/hcc/lib\libHCCD.a(fat_common.o)
                0x2001b2b0                _f_alloccluster
 .text._f_dobadblock
                0x2001b5f4      0x2cc C:/ISIS/workspace/ycube/GlobusSatProject/..//hal/hcc/lib\libHCCD.a(fat_common.o)
                0x2001b5f4                _f_dobadblock
 .text._f_checklocked
                0x2001b8c0       0xe4 C:/ISIS/workspace/ycube/GlobusSatProject/..//hal/hcc/lib\libHCCD.a(fat_common.o)
                0x2001b8c0                _f_checklocked
 .text._f_checkappendlocked
                0x2001b9a4      0x110 C:/ISIS/workspace/ycube/GlobusSatProject/..//hal/hcc/lib\libHCCD.a(fat_common.o)
                0x2001b9a4                _f_checkappendlocked
 .text._f_setsyncafile
                0x2001bab4      0x114 C:/ISIS/workspace/ycube/GlobusSatProject/..//hal/hcc/lib\libHCCD.a(fat_common.o)
                0x2001bab4                _f_setsyncafile
 .text._f_syncfiles
                0x2001bbc8      0x128 C:/ISIS/workspace/ycube/GlobusSatProject/..//hal/hcc/lib\libHCCD.a(fat_common.o)
                0x2001bbc8                _f_syncfiles
 .text._f_syncfilescontent
                0x2001bcf0      0x15c C:/ISIS/workspace/ycube/GlobusSatProject/..//hal/hcc/lib\libHCCD.a(fat_common.o)
 .text.fn_getfreespace
                0x2001be4c      0x4c0 C:/ISIS/workspace/ycube/GlobusSatProject/..//hal/hcc/lib\libHCCD.a(fat_common.o)
                0x2001be4c                fn_getfreespace
 .text._f_emptywritecache
                0x2001c30c      0x4a4 C:/ISIS/workspace/ycube/GlobusSatProject/..//hal/hcc/lib\libHCCD.a(fat_common.o)
 .text._f_allocnextcluster
                0x2001c7b0      0x54c C:/ISIS/workspace/ycube/GlobusSatProject/..//hal/hcc/lib\libHCCD.a(fat_common.o)
 .text._f_emptywritebuffer
                0x2001ccfc      0x20c C:/ISIS/workspace/ycube/GlobusSatProject/..//hal/hcc/lib\libHCCD.a(fat_common.o)
 .text._f_writezeros
                0x2001cf08       0xf0 C:/ISIS/workspace/ycube/GlobusSatProject/..//hal/hcc/lib\libHCCD.a(fat_common.o)
                0x2001cf08                _f_writezeros
 .text._f_extend_file
                0x2001cff8      0x570 C:/ISIS/workspace/ycube/GlobusSatProject/..//hal/hcc/lib\libHCCD.a(fat_common.o)
 .text._f_fseek
                0x2001d568      0x9bc C:/ISIS/workspace/ycube/GlobusSatProject/..//hal/hcc/lib\libHCCD.a(fat_common.o)
                0x2001d568                _f_fseek
 .text._f_removechain
                0x2001df24      0x104 C:/ISIS/workspace/ycube/GlobusSatProject/..//hal/hcc/lib\libHCCD.a(fat_common.o)
                0x2001df24                _f_removechain
 .text._f_updatefileentry
                0x2001e028      0x1cc C:/ISIS/workspace/ycube/GlobusSatProject/..//hal/hcc/lib\libHCCD.a(fat_common.o)
 .text._f_checkreadlocked
                0x2001e1f4      0x1bc C:/ISIS/workspace/ycube/GlobusSatProject/..//hal/hcc/lib\libHCCD.a(fat_common.o)
                0x2001e1f4                _f_checkreadlocked
 .text._f_check_handle
                0x2001e3b0       0x98 C:/ISIS/workspace/ycube/GlobusSatProject/..//hal/hcc/lib\libHCCD.a(fat_common.o)
                0x2001e3b0                _f_check_handle
 .text._f_removesyncafile
                0x2001e448      0x1ec C:/ISIS/workspace/ycube/GlobusSatProject/..//hal/hcc/lib\libHCCD.a(fat_common.o)
 .text.fn_close
                0x2001e634      0x3f8 C:/ISIS/workspace/ycube/GlobusSatProject/..//hal/hcc/lib\libHCCD.a(fat_common.o)
                0x2001e634                fn_close
 .text.fn_flush
                0x2001ea2c      0x374 C:/ISIS/workspace/ycube/GlobusSatProject/..//hal/hcc/lib\libHCCD.a(fat_common.o)
                0x2001ea2c                fn_flush
 .text.fn_read  0x2001eda0      0x690 C:/ISIS/workspace/ycube/GlobusSatProject/..//hal/hcc/lib\libHCCD.a(fat_common.o)
                0x2001eda0                fn_read
 .text._f_abortwrite
                0x2001f430      0x100 C:/ISIS/workspace/ycube/GlobusSatProject/..//hal/hcc/lib\libHCCD.a(fat_common.o)
 .text._f_checkwritecluster
                0x2001f530       0xe4 C:/ISIS/workspace/ycube/GlobusSatProject/..//hal/hcc/lib\libHCCD.a(fat_common.o)
 .text.fn_write
                0x2001f614      0x8a8 C:/ISIS/workspace/ycube/GlobusSatProject/..//hal/hcc/lib\libHCCD.a(fat_common.o)
                0x2001f614                fn_write
 .text.fn_seek  0x2001febc      0x270 C:/ISIS/workspace/ycube/GlobusSatProject/..//hal/hcc/lib\libHCCD.a(fat_common.o)
                0x2001febc                fn_seek
 .text.fn_tell  0x2002012c      0x19c C:/ISIS/workspace/ycube/GlobusSatProject/..//hal/hcc/lib\libHCCD.a(fat_common.o)
                0x2002012c                fn_tell
 .text.fn_rewind
                0x200202c8       0x38 C:/ISIS/workspace/ycube/GlobusSatProject/..//hal/hcc/lib\libHCCD.a(fat_common.o)
                0x200202c8                fn_rewind
 .text.fn_putc  0x20020300       0x68 C:/ISIS/workspace/ycube/GlobusSatProject/..//hal/hcc/lib\libHCCD.a(fat_common.o)
                0x20020300                fn_putc
 .text.f_enterFS
                0x20020368      0x1c0 C:/ISIS/workspace/ycube/GlobusSatProject/..//hal/hcc/lib\libHCCD.a(fat_common.o)
                0x20020368                f_enterFS
 .text.f_releaseFS
                0x20020528       0xb0 C:/ISIS/workspace/ycube/GlobusSatProject/..//hal/hcc/lib\libHCCD.a(fat_common.o)
                0x20020528                f_releaseFS
 .text.fnGetTask
                0x200205d8       0xfc C:/ISIS/workspace/ycube/GlobusSatProject/..//hal/hcc/lib\libHCCD.a(fat_common.o)
                0x200205d8                fnGetTask
 .text._f_mutex_get
                0x200206d4       0x98 C:/ISIS/workspace/ycube/GlobusSatProject/..//hal/hcc/lib\libHCCD.a(fat_common.o)
                0x200206d4                _f_mutex_get
 .text._f_mutex_put
                0x2002076c       0x54 C:/ISIS/workspace/ycube/GlobusSatProject/..//hal/hcc/lib\libHCCD.a(fat_common.o)
                0x2002076c                _f_mutex_put
 .text._fn_initseekdivisor
                0x200207c0      0x158 C:/ISIS/workspace/ycube/GlobusSatProject/..//hal/hcc/lib\libHCCD.a(fat_common.o)
                0x200207c0                _fn_initseekdivisor
 .text._fn_updateseekpos
                0x20020918       0xc4 C:/ISIS/workspace/ycube/GlobusSatProject/..//hal/hcc/lib\libHCCD.a(fat_common.o)
 .text._f_findopensize
                0x200209dc       0x2c C:/ISIS/workspace/ycube/GlobusSatProject/..//hal/hcc/lib\libHCCD.a(fat_common.o)
                0x200209dc                _f_findopensize
 .text.fn_setlasterror
                0x20020a08       0x34 C:/ISIS/workspace/ycube/GlobusSatProject/..//hal/hcc/lib\libHCCD.a(fat_common.o)
                0x20020a08                fn_setlasterror
 .text.fn_setlasterror_noret
                0x20020a3c       0x2c C:/ISIS/workspace/ycube/GlobusSatProject/..//hal/hcc/lib\libHCCD.a(fat_common.o)
                0x20020a3c                fn_setlasterror_noret
 .text._s_checkzeroclusteratend
                0x20020a68       0xf8 C:/ISIS/workspace/ycube/GlobusSatProject/..//hal/hcc/lib\libHCCD.a(safefat.o)
 .text._s_clearclustercontent
                0x20020b60      0x108 C:/ISIS/workspace/ycube/GlobusSatProject/..//hal/hcc/lib\libHCCD.a(safefat.o)
 .text._s_clearclustercontentdir
                0x20020c68      0x19c C:/ISIS/workspace/ycube/GlobusSatProject/..//hal/hcc/lib\libHCCD.a(safefat.o)
 .text._s_writedirsector
                0x20020e04       0xd0 C:/ISIS/workspace/ycube/GlobusSatProject/..//hal/hcc/lib\libHCCD.a(safefat.o)
 .text._s_getdirsector
                0x20020ed4      0x100 C:/ISIS/workspace/ycube/GlobusSatProject/..//hal/hcc/lib\libHCCD.a(safefat.o)
 .text._s_addentry
                0x20020fd4      0x394 C:/ISIS/workspace/ycube/GlobusSatProject/..//hal/hcc/lib\libHCCD.a(safefat.o)
 .text._s_findfile
                0x20021368      0x33c C:/ISIS/workspace/ycube/GlobusSatProject/..//hal/hcc/lib\libHCCD.a(safefat.o)
 .text._s_findsubdir
                0x200216a4      0x248 C:/ISIS/workspace/ycube/GlobusSatProject/..//hal/hcc/lib\libHCCD.a(safefat.o)
 .text._s_createfile
                0x200218ec      0x190 C:/ISIS/workspace/ycube/GlobusSatProject/..//hal/hcc/lib\libHCCD.a(safefat.o)
 .text._s_findsaffile
                0x20021a7c      0x1b8 C:/ISIS/workspace/ycube/GlobusSatProject/..//hal/hcc/lib\libHCCD.a(safefat.o)
 .text._s_open  0x20021c34       0xe4 C:/ISIS/workspace/ycube/GlobusSatProject/..//hal/hcc/lib\libHCCD.a(safefat.o)
 .text._s_open_saf
                0x20021d18       0xe8 C:/ISIS/workspace/ycube/GlobusSatProject/..//hal/hcc/lib\libHCCD.a(safefat.o)
 .text._s_flush
                0x20021e00       0x84 C:/ISIS/workspace/ycube/GlobusSatProject/..//hal/hcc/lib\libHCCD.a(safefat.o)
 .text._s_allocnextcluster
                0x20021e84      0x13c C:/ISIS/workspace/ycube/GlobusSatProject/..//hal/hcc/lib\libHCCD.a(safefat.o)
 .text._s_getnextsector
                0x20021fc0       0xdc C:/ISIS/workspace/ycube/GlobusSatProject/..//hal/hcc/lib\libHCCD.a(safefat.o)
 .text._s_seek  0x2002209c      0x1e8 C:/ISIS/workspace/ycube/GlobusSatProject/..//hal/hcc/lib\libHCCD.a(safefat.o)
 .text._s_get_len
                0x20022284      0x10c C:/ISIS/workspace/ycube/GlobusSatProject/..//hal/hcc/lib\libHCCD.a(safefat.o)
 .text._s_set_len
                0x20022390       0xb4 C:/ISIS/workspace/ycube/GlobusSatProject/..//hal/hcc/lib\libHCCD.a(safefat.o)
 .text.safe_fix_filelengths
                0x20022444       0xcc C:/ISIS/workspace/ycube/GlobusSatProject/..//hal/hcc/lib\libHCCD.a(safefat.o)
                0x20022444                safe_fix_filelengths
 .text._s_read  0x20022510      0x228 C:/ISIS/workspace/ycube/GlobusSatProject/..//hal/hcc/lib\libHCCD.a(safefat.o)
 .text._s_write
                0x20022738      0x384 C:/ISIS/workspace/ycube/GlobusSatProject/..//hal/hcc/lib\libHCCD.a(safefat.o)
 .text._s_restoreclusters
                0x20022abc      0x270 C:/ISIS/workspace/ycube/GlobusSatProject/..//hal/hcc/lib\libHCCD.a(safefat.o)
                0x20022abc                _s_restoreclusters
 .text._s_findrestore
                0x20022d2c      0x18c C:/ISIS/workspace/ycube/GlobusSatProject/..//hal/hcc/lib\libHCCD.a(safefat.o)
 .text._s_cmd_writede
                0x20022eb8       0xd8 C:/ISIS/workspace/ycube/GlobusSatProject/..//hal/hcc/lib\libHCCD.a(safefat.o)
 .text._s_cmd_setcluster
                0x20022f90       0x88 C:/ISIS/workspace/ycube/GlobusSatProject/..//hal/hcc/lib\libHCCD.a(safefat.o)
 .text._s_cmd_deletechain
                0x20023018      0x100 C:/ISIS/workspace/ycube/GlobusSatProject/..//hal/hcc/lib\libHCCD.a(safefat.o)
 .text._s_cmd_validatecfn
                0x20023118      0x308 C:/ISIS/workspace/ycube/GlobusSatProject/..//hal/hcc/lib\libHCCD.a(safefat.o)
 .text._s_cmd_seteof
                0x20023420      0x3c4 C:/ISIS/workspace/ycube/GlobusSatProject/..//hal/hcc/lib\libHCCD.a(safefat.o)
 .text.safe_docommands
                0x200237e4      0x56c C:/ISIS/workspace/ycube/GlobusSatProject/..//hal/hcc/lib\libHCCD.a(safefat.o)
                0x200237e4                safe_docommands
 .text.safe_entercommand
                0x20023d50       0x68 C:/ISIS/workspace/ycube/GlobusSatProject/..//hal/hcc/lib\libHCCD.a(safefat.o)
                0x20023d50                safe_entercommand
 .text.safe_ready
                0x20023db8       0xf4 C:/ISIS/workspace/ycube/GlobusSatProject/..//hal/hcc/lib\libHCCD.a(safefat.o)
                0x20023db8                safe_ready
 .text.safe_copycfn
                0x20023eac       0xb8 C:/ISIS/workspace/ycube/GlobusSatProject/..//hal/hcc/lib\libHCCD.a(safefat.o)
                0x20023eac                safe_copycfn
 .text.safe_cfremove
                0x20023f64       0xb8 C:/ISIS/workspace/ycube/GlobusSatProject/..//hal/hcc/lib\libHCCD.a(safefat.o)
                0x20023f64                safe_cfremove
 .text.safe_writede
                0x2002401c      0x104 C:/ISIS/workspace/ycube/GlobusSatProject/..//hal/hcc/lib\libHCCD.a(safefat.o)
                0x2002401c                safe_writede
 .text.safe_setcluster
                0x20024120       0xcc C:/ISIS/workspace/ycube/GlobusSatProject/..//hal/hcc/lib\libHCCD.a(safefat.o)
                0x20024120                safe_setcluster
 .text.safe_deletechain
                0x200241ec      0x1c8 C:/ISIS/workspace/ycube/GlobusSatProject/..//hal/hcc/lib\libHCCD.a(safefat.o)
                0x200241ec                safe_deletechain
 .text.safe_cfclose
                0x200243b4      0x104 C:/ISIS/workspace/ycube/GlobusSatProject/..//hal/hcc/lib\libHCCD.a(safefat.o)
                0x200243b4                safe_cfclose
 .text.safe_cfflush
                0x200244b8      0x124 C:/ISIS/workspace/ycube/GlobusSatProject/..//hal/hcc/lib\libHCCD.a(safefat.o)
                0x200244b8                safe_cfflush
 .text.safe_reset
                0x200245dc       0x78 C:/ISIS/workspace/ycube/GlobusSatProject/..//hal/hcc/lib\libHCCD.a(safefat.o)
                0x200245dc                safe_reset
 .text.safe_loadcommands
                0x20024654       0x78 C:/ISIS/workspace/ycube/GlobusSatProject/..//hal/hcc/lib\libHCCD.a(safefat.o)
                0x20024654                safe_loadcommands
 .text.safe_poweron
                0x200246cc      0x1fc C:/ISIS/workspace/ycube/GlobusSatProject/..//hal/hcc/lib\libHCCD.a(safefat.o)
                0x200246cc                safe_poweron
 .text.cf_getname
                0x200248c8       0xc0 C:/ISIS/workspace/ycube/GlobusSatProject/..//hal/hcc/lib\libHCCD.a(safefat.o)
 .text.cf_copyclusterchain
                0x20024988      0x138 C:/ISIS/workspace/ycube/GlobusSatProject/..//hal/hcc/lib\libHCCD.a(safefat.o)
 .text.cf_seektozero
                0x20024ac0       0x94 C:/ISIS/workspace/ycube/GlobusSatProject/..//hal/hcc/lib\libHCCD.a(safefat.o)
                0x20024ac0                cf_seektozero
 .text.cf_create
                0x20024b54      0x3a8 C:/ISIS/workspace/ycube/GlobusSatProject/..//hal/hcc/lib\libHCCD.a(safefat.o)
                0x20024b54                cf_create
 .text.cf_copyclustercontent
                0x20024efc      0x128 C:/ISIS/workspace/ycube/GlobusSatProject/..//hal/hcc/lib\libHCCD.a(safefat.o)
                0x20024efc                cf_copyclustercontent
 .text.cf_copycfn
                0x20025024      0x4bc C:/ISIS/workspace/ycube/GlobusSatProject/..//hal/hcc/lib\libHCCD.a(safefat.o)
                0x20025024                cf_copycfn
 .text.cf_remove
                0x200254e0      0x344 C:/ISIS/workspace/ycube/GlobusSatProject/..//hal/hcc/lib\libHCCD.a(safefat.o)
                0x200254e0                cf_remove
 .text.cf_setclusternew
                0x20025824       0xf0 C:/ISIS/workspace/ycube/GlobusSatProject/..//hal/hcc/lib\libHCCD.a(safefat.o)
                0x20025824                cf_setclusternew
 .text.cf_flush
                0x20025914       0x58 C:/ISIS/workspace/ycube/GlobusSatProject/..//hal/hcc/lib\libHCCD.a(safefat.o)
                0x20025914                cf_flush
 .text.cf_getcluster
                0x2002596c      0x1b4 C:/ISIS/workspace/ycube/GlobusSatProject/..//hal/hcc/lib\libHCCD.a(safefat.o)
                0x2002596c                cf_getcluster
 .text.cf_setnextcluster
                0x20025b20      0x194 C:/ISIS/workspace/ycube/GlobusSatProject/..//hal/hcc/lib\libHCCD.a(safefat.o)
                0x20025b20                cf_setnextcluster
 .text.cf_getpositions
                0x20025cb4       0xbc C:/ISIS/workspace/ycube/GlobusSatProject/..//hal/hcc/lib\libHCCD.a(safefat.o)
                0x20025cb4                cf_getpositions
 .text.cf_setpositions
                0x20025d70       0xb0 C:/ISIS/workspace/ycube/GlobusSatProject/..//hal/hcc/lib\libHCCD.a(safefat.o)
                0x20025d70                cf_setpositions
 .text.cf_opensyncafile
                0x20025e20      0x150 C:/ISIS/workspace/ycube/GlobusSatProject/..//hal/hcc/lib\libHCCD.a(safefat.o)
                0x20025e20                cf_opensyncafile
 .text.cf_reloadcfo
                0x20025f70       0xd8 C:/ISIS/workspace/ycube/GlobusSatProject/..//hal/hcc/lib\libHCCD.a(safefat.o)
                0x20025f70                cf_reloadcfo
 .text.mcipdc_cmd
                0x20026048      0x22c C:/ISIS/workspace/ycube/GlobusSatProject/..//hal/hcc/lib\libHCCD.a(atmel_mcipdc.o)
 .text.mcipdc_stop
                0x20026274       0xfc C:/ISIS/workspace/ycube/GlobusSatProject/..//hal/hcc/lib\libHCCD.a(atmel_mcipdc.o)
                0x20026274                mcipdc_stop
 .text.mcipdc_read
                0x20026370      0x27c C:/ISIS/workspace/ycube/GlobusSatProject/..//hal/hcc/lib\libHCCD.a(atmel_mcipdc.o)
 .text.mcipdc_write
                0x200265ec      0x298 C:/ISIS/workspace/ycube/GlobusSatProject/..//hal/hcc/lib\libHCCD.a(atmel_mcipdc.o)
 .text.mcipdc_readsector
                0x20026884       0x9c C:/ISIS/workspace/ycube/GlobusSatProject/..//hal/hcc/lib\libHCCD.a(atmel_mcipdc.o)
                0x20026884                mcipdc_readsector
 .text.mcipdc_readmultiplesector
                0x20026920      0x124 C:/ISIS/workspace/ycube/GlobusSatProject/..//hal/hcc/lib\libHCCD.a(atmel_mcipdc.o)
                0x20026920                mcipdc_readmultiplesector
 .text.mcipdc_writesector
                0x20026a44       0x90 C:/ISIS/workspace/ycube/GlobusSatProject/..//hal/hcc/lib\libHCCD.a(atmel_mcipdc.o)
                0x20026a44                mcipdc_writesector
 .text.mcipdc_writemultiplesector
                0x20026ad4      0x120 C:/ISIS/workspace/ycube/GlobusSatProject/..//hal/hcc/lib\libHCCD.a(atmel_mcipdc.o)
                0x20026ad4                mcipdc_writemultiplesector
 .text.mcipdc_set_speed
                0x20026bf4       0xb0 C:/ISIS/workspace/ycube/GlobusSatProject/..//hal/hcc/lib\libHCCD.a(atmel_mcipdc.o)
 .text.mcipdc_get_speed
                0x20026ca4       0x48 C:/ISIS/workspace/ycube/GlobusSatProject/..//hal/hcc/lib\libHCCD.a(atmel_mcipdc.o)
 .text._get_csd_bits
                0x20026cec      0x14c C:/ISIS/workspace/ycube/GlobusSatProject/..//hal/hcc/lib\libHCCD.a(atmel_mcipdc.o)
 .text.mcipdc_initcard
                0x20026e38      0x8f4 C:/ISIS/workspace/ycube/GlobusSatProject/..//hal/hcc/lib\libHCCD.a(atmel_mcipdc.o)
 .text.mcipdc_getstatus
                0x2002772c       0xe8 C:/ISIS/workspace/ycube/GlobusSatProject/..//hal/hcc/lib\libHCCD.a(atmel_mcipdc.o)
 .text.mcipdc_getphy
                0x20027814       0x90 C:/ISIS/workspace/ycube/GlobusSatProject/..//hal/hcc/lib\libHCCD.a(atmel_mcipdc.o)
 .text.mcipdc_release
                0x200278a4       0x50 C:/ISIS/workspace/ycube/GlobusSatProject/..//hal/hcc/lib\libHCCD.a(atmel_mcipdc.o)
 .text.atmel_mcipdc_initfunc
                0x200278f4      0x160 C:/ISIS/workspace/ycube/GlobusSatProject/..//hal/hcc/lib\libHCCD.a(atmel_mcipdc.o)
                0x200278f4                atmel_mcipdc_initfunc
 .text.oal_task_get_id
                0x20027a54       0x18 C:/ISIS/workspace/ycube/GlobusSatProject/..//hal/hcc/lib\libHCCD.a(oalp_task.o)
                0x20027a54                oal_task_get_id
 .text.oal_mutex_create
                0x20027a6c       0x54 C:/ISIS/workspace/ycube/GlobusSatProject/..//hal/hcc/lib\libHCCD.a(oalp_mutex.o)
                0x20027a6c                oal_mutex_create
 .text.oal_mutex_delete
                0x20027ac0       0x30 C:/ISIS/workspace/ycube/GlobusSatProject/..//hal/hcc/lib\libHCCD.a(oalp_mutex.o)
                0x20027ac0                oal_mutex_delete
 .text.oal_mutex_get
                0x20027af0       0x58 C:/ISIS/workspace/ycube/GlobusSatProject/..//hal/hcc/lib\libHCCD.a(oalp_mutex.o)
                0x20027af0                oal_mutex_get
 .text.oal_mutex_put
                0x20027b48       0x58 C:/ISIS/workspace/ycube/GlobusSatProject/..//hal/hcc/lib\libHCCD.a(oalp_mutex.o)
                0x20027b48                oal_mutex_put
 .text.mcipdc_hw_init
                0x20027ba0       0xe8 C:/ISIS/workspace/ycube/GlobusSatProject/..//hal/hcc/lib\libHCCD.a(atmel_mcipdc_hw.o)
                0x20027ba0                mcipdc_hw_init
 .text.mcipdc_hw_delete
                0x20027c88       0x78 C:/ISIS/workspace/ycube/GlobusSatProject/..//hal/hcc/lib\libHCCD.a(atmel_mcipdc_hw.o)
                0x20027c88                mcipdc_hw_delete
 .text.mcipdc_hw_card_plugged
                0x20027d00       0x1c C:/ISIS/workspace/ycube/GlobusSatProject/..//hal/hcc/lib\libHCCD.a(atmel_mcipdc_hw.o)
                0x20027d00                mcipdc_hw_card_plugged
 .text.mcipdc_hw_card_writeprotect
                0x20027d1c       0x1c C:/ISIS/workspace/ycube/GlobusSatProject/..//hal/hcc/lib\libHCCD.a(atmel_mcipdc_hw.o)
                0x20027d1c                mcipdc_hw_card_writeprotect
 .text.psp_getrand
                0x20027d38      0x14c C:/ISIS/workspace/ycube/GlobusSatProject/..//hal/hcc/lib\libHCCD.a(psp_rand.o)
                0x20027d38                psp_getrand
 .text.psp_getcurrenttimedate
                0x20027e84       0x8c C:/ISIS/workspace/ycube/GlobusSatProject/..//hal/hcc/lib\libHCCD.a(psp_rtc.o)
                0x20027e84                psp_getcurrenttimedate
 .text._hcc_get_buf_dsc
                0x20027f10       0x8c C:/ISIS/workspace/ycube/GlobusSatProject/..//hal/hcc/lib\libHCCD.a(hcc_mem.o)
 .text._hcc_check_free_pages
                0x20027f9c      0x18c C:/ISIS/workspace/ycube/GlobusSatProject/..//hal/hcc/lib\libHCCD.a(hcc_mem.o)
 .text._hcc_mark_pages
                0x20028128      0x158 C:/ISIS/workspace/ycube/GlobusSatProject/..//hal/hcc/lib\libHCCD.a(hcc_mem.o)
 .text._hcc_clear_lock_dsc
                0x20028280       0x80 C:/ISIS/workspace/ycube/GlobusSatProject/..//hal/hcc/lib\libHCCD.a(hcc_mem.o)
 .text._hcc_lock_access
                0x20028300      0x128 C:/ISIS/workspace/ycube/GlobusSatProject/..//hal/hcc/lib\libHCCD.a(hcc_mem.o)
 .text._hcc_unlock_access
                0x20028428       0x30 C:/ISIS/workspace/ycube/GlobusSatProject/..//hal/hcc/lib\libHCCD.a(hcc_mem.o)
 .text.hcc_mem_alloc
                0x20028458      0x454 C:/ISIS/workspace/ycube/GlobusSatProject/..//hal/hcc/lib\libHCCD.a(hcc_mem.o)
                0x20028458                hcc_mem_alloc
 .text.hcc_mem_free
                0x200288ac      0x178 C:/ISIS/workspace/ycube/GlobusSatProject/..//hal/hcc/lib\libHCCD.a(hcc_mem.o)
                0x200288ac                hcc_mem_free
 .text.hcc_mem_add
                0x20028a24      0x3b0 C:/ISIS/workspace/ycube/GlobusSatProject/..//hal/hcc/lib\libHCCD.a(hcc_mem.o)
                0x20028a24                hcc_mem_add
 .text.hcc_mem_init
                0x20028dd4      0x164 C:/ISIS/workspace/ycube/GlobusSatProject/..//hal/hcc/lib\libHCCD.a(hcc_mem.o)
                0x20028dd4                hcc_mem_init
 .text.hcc_mem_delete
                0x20028f38       0x94 C:/ISIS/workspace/ycube/GlobusSatProject/..//hal/hcc/lib\libHCCD.a(hcc_mem.o)
                0x20028f38                hcc_mem_delete
 .text.hcc_mem_buf_alloc
                0x20028fcc       0xe4 C:/ISIS/workspace/ycube/GlobusSatProject/..//hal/hcc/lib\libHCCD.a(psp_hcc_mem.o)
                0x20028fcc                hcc_mem_buf_alloc
 .text.hcc_mem_buf_free
                0x200290b0       0x6c C:/ISIS/workspace/ycube/GlobusSatProject/..//hal/hcc/lib\libHCCD.a(psp_hcc_mem.o)
                0x200290b0                hcc_mem_buf_free
 .text.IsisSolarPanelv2_initialize
                0x2002911c      0x118 C:/ISIS/workspace/ycube/GlobusSatProject/..//satellite-subsystems/satellite-subsystems/lib\libSatelliteSubsystemsD.a(IsisSolarPanelv2.o)
                0x2002911c                IsisSolarPanelv2_initialize
 .text.IsisSolarPanelv2_getTemperature
                0x20029234       0xfc C:/ISIS/workspace/ycube/GlobusSatProject/..//satellite-subsystems/satellite-subsystems/lib\libSatelliteSubsystemsD.a(IsisSolarPanelv2.o)
                0x20029234                IsisSolarPanelv2_getTemperature
 .text._Reset   0x20029330       0x20 C:/ISIS/workspace/ycube/GlobusSatProject/..//satellite-subsystems/satellite-subsystems/lib\libSatelliteSubsystemsD.a(IsisSolarPanelv2.o)
 .text._WaitForStartup
                0x20029350       0xa0 C:/ISIS/workspace/ycube/GlobusSatProject/..//satellite-subsystems/satellite-subsystems/lib\libSatelliteSubsystemsD.a(IsisSolarPanelv2.o)
 .text._AssignAllChannels
                0x200293f0       0x90 C:/ISIS/workspace/ycube/GlobusSatProject/..//satellite-subsystems/satellite-subsystems/lib\libSatelliteSubsystemsD.a(IsisSolarPanelv2.o)
 .text._AssignThisChannel
                0x20029480       0xe8 C:/ISIS/workspace/ycube/GlobusSatProject/..//satellite-subsystems/satellite-subsystems/lib\libSatelliteSubsystemsD.a(IsisSolarPanelv2.o)
 .text._InitiateConversion
                0x20029568       0xac C:/ISIS/workspace/ycube/GlobusSatProject/..//satellite-subsystems/satellite-subsystems/lib\libSatelliteSubsystemsD.a(IsisSolarPanelv2.o)
 .text._WaitForConversionComplete
                0x20029614      0x110 C:/ISIS/workspace/ycube/GlobusSatProject/..//satellite-subsystems/satellite-subsystems/lib\libSatelliteSubsystemsD.a(IsisSolarPanelv2.o)
 .text._ReadResult
                0x20029724      0x158 C:/ISIS/workspace/ycube/GlobusSatProject/..//satellite-subsystems/satellite-subsystems/lib\libSatelliteSubsystemsD.a(IsisSolarPanelv2.o)
 .text._ExtractByte
                0x2002987c       0x38 C:/ISIS/workspace/ycube/GlobusSatProject/..//satellite-subsystems/satellite-subsystems/lib\libSatelliteSubsystemsD.a(IsisSolarPanelv2.o)
 .text._ExtendSign
                0x200298b4       0x6c C:/ISIS/workspace/ycube/GlobusSatProject/..//satellite-subsystems/satellite-subsystems/lib\libSatelliteSubsystemsD.a(IsisSolarPanelv2.o)
 .text._PinsInit
                0x20029920       0x68 C:/ISIS/workspace/ycube/GlobusSatProject/..//satellite-subsystems/satellite-subsystems/lib\libSatelliteSubsystemsD.a(IsisSolarPanelv2.o)
 .text._SpiWriteRead
                0x20029988       0x70 C:/ISIS/workspace/ycube/GlobusSatProject/..//satellite-subsystems/satellite-subsystems/lib\libSatelliteSubsystemsD.a(IsisSolarPanelv2.o)
 .text.ISIS_ANTS_REV2_Init
                0x200299f8       0xc4 C:/ISIS/workspace/ycube/GlobusSatProject/..//satellite-subsystems/satellite-subsystems/lib\libSatelliteSubsystemsD.a(isis_ants_rev2.o)
                0x200299f8                ISIS_ANTS_REV2_Init
 .text.isis_ants_rev2__arm
                0x20029abc       0x98 C:/ISIS/workspace/ycube/GlobusSatProject/..//satellite-subsystems/satellite-subsystems/lib\libSatelliteSubsystemsD.a(isis_ants_rev2.o)
                0x20029abc                isis_ants_rev2__arm
 .text.isis_ants_rev2__cancel_deploy
                0x20029b54       0x98 C:/ISIS/workspace/ycube/GlobusSatProject/..//satellite-subsystems/satellite-subsystems/lib\libSatelliteSubsystemsD.a(isis_ants_rev2.o)
                0x20029b54                isis_ants_rev2__cancel_deploy
 .text.isis_ants_rev2__disarm
                0x20029bec       0x98 C:/ISIS/workspace/ycube/GlobusSatProject/..//satellite-subsystems/satellite-subsystems/lib\libSatelliteSubsystemsD.a(isis_ants_rev2.o)
                0x20029bec                isis_ants_rev2__disarm
 .text.isis_ants_rev2__get_status
                0x20029c84       0xa8 C:/ISIS/workspace/ycube/GlobusSatProject/..//satellite-subsystems/satellite-subsystems/lib\libSatelliteSubsystemsD.a(isis_ants_rev2.o)
                0x20029c84                isis_ants_rev2__get_status
 .text.isis_ants_rev2__get_uptime
                0x20029d2c       0xa8 C:/ISIS/workspace/ycube/GlobusSatProject/..//satellite-subsystems/satellite-subsystems/lib\libSatelliteSubsystemsD.a(isis_ants_rev2.o)
                0x20029d2c                isis_ants_rev2__get_uptime
 .text.isis_ants_rev2__reset
                0x20029dd4       0x98 C:/ISIS/workspace/ycube/GlobusSatProject/..//satellite-subsystems/satellite-subsystems/lib\libSatelliteSubsystemsD.a(isis_ants_rev2.o)
                0x20029dd4                isis_ants_rev2__reset
 .text.isis_ants_rev2__start_auto_deploy
                0x20029e6c       0xb0 C:/ISIS/workspace/ycube/GlobusSatProject/..//satellite-subsystems/satellite-subsystems/lib\libSatelliteSubsystemsD.a(isis_ants_rev2.o)
                0x20029e6c                isis_ants_rev2__start_auto_deploy
 .text._ISIS_ANTS_REV2_I2C_Send