Archive member included because of file (symbol)

C:/ISIS/workspace_ycube/GlobusSatProject/..//hal/hal/lib\libHALD.a(I2C.o)
                              ./src/SubSystemModules/Communication/SubsystemCommands/Maintanence_Commands.o (I2C_write)
C:/ISIS/workspace_ycube/GlobusSatProject/..//hal/hal/lib\libHALD.a(SPI.o)
                              ./src/InitSystem.o (SPI_start)
C:/ISIS/workspace_ycube/GlobusSatProject/..//hal/hal/lib\libHALD.a(FRAM.o)
                              ./src/SubSystemModules/Communication/SubsystemCommands/Maintanence_Commands.o (FRAM_start)
C:/ISIS/workspace_ycube/GlobusSatProject/..//hal/hal/lib\libHALD.a(Time.o)
                              ./src/InitSystem.o (Time_start)
C:/ISIS/workspace_ycube/GlobusSatProject/..//hal/hal/lib\libHALD.a(WatchDogTimerNoOS.o)
                              ./src/main.o (WDT_start)
C:/ISIS/workspace_ycube/GlobusSatProject/..//hal/hal/lib\libHALD.a(WatchDogTimerOS.o)
                              ./src/TestingDemos/MainTest.o (WDT_startWatchdogKickTask)
C:/ISIS/workspace_ycube/GlobusSatProject/..//hal/hal/lib\libHALD.a(util.o)
                              ./src/TestingDemos/EpsTestingDemo.o (UTIL_DbguGetInteger)
C:/ISIS/workspace_ycube/GlobusSatProject/..//hal/hal/lib\libHALD.a(LED.o)
                              C:/ISIS/workspace_ycube/GlobusSatProject/..//hal/hal/lib\libHALD.a(WatchDogTimerOS.o) (LED_toggle)
C:/ISIS/workspace_ycube/GlobusSatProject/..//hal/hal/lib\libHALD.a(RTC.o)
                              C:/ISIS/workspace_ycube/GlobusSatProject/..//hal/hal/lib\libHALD.a(Time.o) (RTC_getTime)
C:/ISIS/workspace_ycube/GlobusSatProject/..//hal/hal/lib\libHALD.a(RTT.o)
                              C:/ISIS/workspace_ycube/GlobusSatProject/..//hal/hal/lib\libHALD.a(Time.o) (RTT_start)
C:/ISIS/workspace_ycube/GlobusSatProject/..//hal/hcc/lib\libHCCD.a(fat_common.o)
                              ./src/TLM_management.o (fn_init)
C:/ISIS/workspace_ycube/GlobusSatProject/..//hal/hcc/lib\libHCCD.a(fat_m.o)
                              ./src/TLM_management.o (fm_initvolume)
C:/ISIS/workspace_ycube/GlobusSatProject/..//hal/hcc/lib\libHCCD.a(safefat.o)
                              C:/ISIS/workspace_ycube/GlobusSatProject/..//hal/hcc/lib\libHCCD.a(fat_common.o) (safe_fix_filelengths)
C:/ISIS/workspace_ycube/GlobusSatProject/..//hal/hcc/lib\libHCCD.a(atmel_mcipdc.o)
                              ./src/TLM_management.o (atmel_mcipdc_initfunc)
C:/ISIS/workspace_ycube/GlobusSatProject/..//hal/hcc/lib\libHCCD.a(oalp_mutex.o)
                              C:/ISIS/workspace_ycube/GlobusSatProject/..//hal/hcc/lib\libHCCD.a(fat_common.o) (oal_mutex_create)
C:/ISIS/workspace_ycube/GlobusSatProject/..//hal/hcc/lib\libHCCD.a(oalp_task.o)
                              C:/ISIS/workspace_ycube/GlobusSatProject/..//hal/hcc/lib\libHCCD.a(fat_common.o) (oal_task_get_id)
C:/ISIS/workspace_ycube/GlobusSatProject/..//hal/hcc/lib\libHCCD.a(atmel_mcipdc_hw.o)
                              C:/ISIS/workspace_ycube/GlobusSatProject/..//hal/hcc/lib\libHCCD.a(atmel_mcipdc.o) (mcipdc_hw_init)
C:/ISIS/workspace_ycube/GlobusSatProject/..//hal/hcc/lib\libHCCD.a(psp_rand.o)
                              C:/ISIS/workspace_ycube/GlobusSatProject/..//hal/hcc/lib\libHCCD.a(fat_common.o) (psp_getrand)
C:/ISIS/workspace_ycube/GlobusSatProject/..//hal/hcc/lib\libHCCD.a(psp_rtc.o)
                              C:/ISIS/workspace_ycube/GlobusSatProject/..//hal/hcc/lib\libHCCD.a(fat_common.o) (psp_getcurrenttimedate)
C:/ISIS/workspace_ycube/GlobusSatProject/..//hal/hcc/lib\libHCCD.a(hcc_mem.o)
                              C:/ISIS/workspace_ycube/GlobusSatProject/..//hal/hcc/lib\libHCCD.a(atmel_mcipdc.o) (hcc_mem_alloc)
C:/ISIS/workspace_ycube/GlobusSatProject/..//hal/hcc/lib\libHCCD.a(fat.o)
                              C:/ISIS/workspace_ycube/GlobusSatProject/..//hal/hcc/lib\libHCCD.a(fat_common.o) (_f_getdirsector)
C:/ISIS/workspace_ycube/GlobusSatProject/..//hal/hcc/lib\libHCCD.a(psp_hcc_mem.o)
                              C:/ISIS/workspace_ycube/GlobusSatProject/..//hal/hcc/lib\libHCCD.a(hcc_mem.o) (hcc_mem_buf_alloc)
C:/ISIS/workspace_ycube/satellite-subsystems/satellite-subsystems/lib\libSatelliteSubsystemsD.a(IsisAntS.o)
                              ./src/SubSystemModules/Communication/TRXVU.o (IsisAntS_initialize)
C:/ISIS/workspace_ycube/satellite-subsystems/satellite-subsystems/lib\libSatelliteSubsystemsD.a(IsisSolarPanelv2.o)
                              ./src/SubSystemModules/PowerManagment/EPS.o (IsisSolarPanelv2_initialize)
C:/ISIS/workspace_ycube/satellite-subsystems/satellite-subsystems/lib\libSatelliteSubsystemsD.a(IsisTRXVU.o)
                              ./src/TestingDemos/TrxvuTestingDemo.o (IsisTrxvu_initialize)
C:/ISIS/workspace_ycube/satellite-subsystems/satellite-subsystems/lib\libSatelliteSubsystemsD.a(isis_eps_driver.o)
                              ./src/SubSystemModules/PowerManagment/EPS.o (ISIS_EPS_Init)
[...]
Memory Configuration

Name             Origin             Length             Attributes
sram0            0x00200000         0x00004000         w !xr
sram1            0x00300000         0x00004000         w !xr
sdram            0x20000000         0x02000000         w !xr
*default*        0x00000000         0xffffffff

Linker script and memory map

LOAD c:/isis/application/toolchain/bin/../lib/gcc/arm-none-eabi/4.7.4/../../../../arm-none-eabi/lib\libc.a
LOAD ./src/TestingDemos/CommandsTestingDemo.o
LOAD ./src/TestingDemos/EpsTestingDemo.o
LOAD ./src/TestingDemos/FileSystemTestingDemo.o
LOAD ./src/TestingDemos/MainTest.o
LOAD ./src/TestingDemos/MaintenanceTestingDemo.o
LOAD ./src/TestingDemos/TelemetryTestingDemo.o
LOAD ./src/TestingDemos/TrxvuTestingDemo.o
LOAD ./src/SubSystemModules/PowerManagment/EPS.o
LOAD ./src/SubSystemModules/PowerManagment/EPSOperationModes.o
LOAD ./src/SubSystemModules/Maintenance/Maintenance.o
LOAD ./src/SubSystemModules/Housekepping/TelemetryCollector.o
LOAD ./src/SubSystemModules/Communication/SubsystemCommands/EPS_Commands.o
LOAD ./src/SubSystemModules/Communication/SubsystemCommands/FS_Commands.o
LOAD ./src/SubSystemModules/Communication/SubsystemCommands/Maintanence_Commands.o
LOAD ./src/SubSystemModules/Communication/SubsystemCommands/TRXVU_Commands.o
LOAD ./src/SubSystemModules/Communication/AckHandler.o
LOAD ./src/SubSystemModules/Communication/CommandDictionary.o
LOAD ./src/SubSystemModules/Communication/SatCommandHandler.o
LOAD ./src/SubSystemModules/Communication/TRXVU.o
LOAD ./src/InitSystem.o
LOAD ./src/TLM_management.o
LOAD ./src/main.o
LOAD ./src/utils.o
LOAD C:/ISIS/workspace_ycube/GlobusSatProject/..//hal/hal/lib\libHALD.a
LOAD C:/ISIS/workspace_ycube/GlobusSatProject/..//hal/hcc/lib\libHCCD.a
LOAD C:/ISIS/workspace_ycube/satellite-subsystems/satellite-subsystems/lib\libSatelliteSubsystemsD.a
LOAD C:/ISIS/workspace_ycube/GlobusSatProject/..//hal/freertos/lib\libFreeRTOSD.a
LOAD C:/ISIS/workspace_ycube/GlobusSatProject/..//hal/at91/lib\libAt91D.a
START GROUP
LOAD c:/isis/application/toolchain/bin/../lib/gcc/arm-none-eabi/4.7.4\libgcc.a
LOAD c:/isis/application/toolchain/bin/../lib/gcc/arm-none-eabi/4.7.4/../../../../arm-none-eabi/lib\libg.a
LOAD c:/isis/application/toolchain/bin/../lib/gcc/arm-none-eabi/4.7.4/../../../../arm-none-eabi/lib\libc.a
END GROUP

.fixed          0x20000000    0x36528
                0x20000000                . = ALIGN (0x4)
                0x20000000                _sfixed = .
 *(.startup)
 .startup       0x20000000      0x14c C:/ISIS/workspace_ycube/GlobusSatProject/..//hal/at91/lib\libAt91D.a(board_cstartup.o)
                0x20000000                entry
 *(.text)
 .text          0x2000014c       0x64 C:/ISIS/workspace_ycube/GlobusSatProject/..//hal/at91/lib\libAt91D.a(cp15_asm.o)
                0x2000014c                _readControlRegister
                0x20000158                _writeControlRegister
                0x20000160                _waitForInterrupt
                0x2000016c                _writeTTB
                0x20000174                _writeDomain
                0x2000017c                _writeITLBLockdown
                0x20000184                _prefetchICacheLine
                0x2000018c                _flushDCache
                0x20000198                _flushWriteBuffer
                0x200001a4                _invalidateIDTLBs
 .text          0x200001b0      0x114 c:/isis/application/toolchain/bin/../lib/gcc/arm-none-eabi/4.7.4\libgcc.a(_udivsi3.o)
                0x200001b0                __aeabi_uidiv
                0x200001b0                __udivsi3
                0x200002a4                __aeabi_uidivmod
 .text          0x200002c4      0x148 c:/isis/application/toolchain/bin/../lib/gcc/arm-none-eabi/4.7.4\libgcc.a(_divsi3.o)
                0x200002c4                __divsi3
                0x200002c4                __aeabi_idiv
                0x200003ec                __aeabi_idivmod
 .text          0x2000040c        0x4 c:/isis/application/toolchain/bin/../lib/gcc/arm-none-eabi/4.7.4\libgcc.a(_dvmd_tls.o)
                0x2000040c                __aeabi_idiv0
                0x2000040c                __aeabi_ldiv0
 .text          0x20000410      0x41c c:/isis/application/toolchain/bin/../lib/gcc/arm-none-eabi/4.7.4\libgcc.a(_arm_addsubdf3.o)
                0x20000410                __aeabi_drsub
                0x20000418                __aeabi_dsub
                0x20000418                __subdf3
                0x2000041c                __aeabi_dadd
                0x2000041c                __adddf3
                0x2000072c                __floatunsidf
                0x2000072c                __aeabi_ui2d
                0x20000750                __floatsidf
                0x20000750                __aeabi_i2d
                0x20000778                __aeabi_f2d
                0x20000778                __extendsfdf2
                0x200007b8                __floatundidf
                0x200007b8                __aeabi_ul2d
                0x200007cc                __floatdidf
                0x200007cc                __aeabi_l2d
 .text          0x2000082c      0x49c c:/isis/application/toolchain/bin/../lib/gcc/arm-none-eabi/4.7.4\libgcc.a(_arm_muldivdf3.o)
                0x2000082c                __aeabi_dmul
                0x2000082c                __muldf3
                0x20000abc                __divdf3
                0x20000abc                __aeabi_ddiv
 .text          0x20000cc8      0x144 c:/isis/application/toolchain/bin/../lib/gcc/arm-none-eabi/4.7.4\libgcc.a(_arm_cmpdf2.o)
                0x20000cc8                __gtdf2
                0x20000cc8                __gedf2
                0x20000cd0                __ltdf2
                0x20000cd0                __ledf2
                0x20000cd8                __nedf2
                0x20000cd8                __eqdf2
                0x20000cd8                __cmpdf2
                0x20000d60                __aeabi_cdrcmple
                0x20000d7c                __aeabi_cdcmpeq
                0x20000d7c                __aeabi_cdcmple
                0x20000d94                __aeabi_dcmpeq
                0x20000dac                __aeabi_dcmplt
                0x20000dc4                __aeabi_dcmple
                0x20000ddc                __aeabi_dcmpge
                0x20000df4                __aeabi_dcmpgt
 .text          0x20000e0c      0x2ac c:/isis/application/toolchain/bin/../lib/gcc/arm-none-eabi/4.7.4\libgcc.a(_arm_addsubsf3.o)
                0x20000e0c                __aeabi_frsub
                0x20000e14                __subsf3
                0x20000e14                __aeabi_fsub
                0x20000e18                __aeabi_fadd
                0x20000e18                __addsf3
                0x20000fd4                __aeabi_ui2f
                0x20000fd4                __floatunsisf
                0x20000fdc                __aeabi_i2f
                0x20000fdc                __floatsisf
                0x20000ffc                __aeabi_ul2f
                0x20000ffc                __floatundisf
                0x2000100c                __aeabi_l2f
                0x2000100c                __floatdisf
 .text          0x200010b8      0x2f8 c:/isis/application/toolchain/bin/../lib/gcc/arm-none-eabi/4.7.4\libgcc.a(_arm_muldivsf3.o)
                0x200010b8                __mulsf3
                0x200010b8                __aeabi_fmul
                0x20001250                __aeabi_fdiv
                0x20001250                __divsf3
 .text          0x200013b0      0x114 c:/isis/application/toolchain/bin/../lib/gcc/arm-none-eabi/4.7.4\libgcc.a(_arm_cmpsf2.o)
                0x200013b0                __gesf2
                0x200013b0                __gtsf2
                0x200013b8                __lesf2
                0x200013b8                __ltsf2
                0x200013c0                __nesf2
                0x200013c0                __eqsf2
                0x200013c0                __cmpsf2
                0x20001424                __aeabi_cfrcmple
                0x20001434                __aeabi_cfcmpeq
                0x20001434                __aeabi_cfcmple
                0x2000144c                __aeabi_fcmpeq
                0x20001464                __aeabi_fcmplt
                0x2000147c                __aeabi_fcmple
                0x20001494                __aeabi_fcmpge
                0x200014ac                __aeabi_fcmpgt
 .text          0x200014c4       0x54 c:/isis/application/toolchain/bin/../lib/gcc/arm-none-eabi/4.7.4\libgcc.a(_arm_fixunssfsi.o)
                0x200014c4                __fixunssfsi
                0x200014c4                __aeabi_f2uiz
 .text          0x20001518       0x5c c:/isis/application/toolchain/bin/../lib/gcc/arm-none-eabi/4.7.4\libgcc.a(_arm_fixdfsi.o)
                0x20001518                __aeabi_d2iz
                0x20001518                __fixdfsi
 .text          0x20001574       0x3c c:/isis/application/toolchain/bin/../lib/gcc/arm-none-eabi/4.7.4\libgcc.a(_aeabi_uldivmod.o)
                0x20001574                __aeabi_uldivmod
 .text          0x200015b0       0x84 c:/isis/application/toolchain/bin/../lib/gcc/arm-none-eabi/4.7.4\libgcc.a(bpabi.o)
                0x200015b0                __gnu_ldivmod_helper
                0x200015f4                __gnu_uldivmod_helper
 .text          0x20001634      0x4f0 c:/isis/application/toolchain/bin/../lib/gcc/arm-none-eabi/4.7.4\libgcc.a(_divdi3.o)
                0x20001634                __divdi3
 .text          0x20001b24      0x488 c:/isis/application/toolchain/bin/../lib/gcc/arm-none-eabi/4.7.4\libgcc.a(_udivdi3.o)
                0x20001b24                __udivdi3
 .text          0x20001fac       0x48 c:/isis/application/toolchain/bin/../lib/gcc/arm-none-eabi/4.7.4\libgcc.a(_clzsi2.o)
                0x20001fac                __clzsi2
 *(.text*)
 .text.GetBatteryVoltage
                0x20001ff4       0x64 ./src/SubSystemModules/PowerManagment/EPS.o
                0x20001ff4                GetBatteryVoltage
 .text.EPS_Init
                0x20002058       0xe0 ./src/SubSystemModules/PowerManagment/EPS.o
                0x20002058                EPS_Init
 .text.EPS_Conditioning
                0x20002138      0x1c4 ./src/SubSystemModules/PowerManagment/EPS.o
                0x20002138                EPS_Conditioning
 .text.UpdateAlpha
                0x200022fc       0xc8 ./src/SubSystemModules/PowerManagment/EPS.o
                0x200022fc                UpdateAlpha
 .text.GetThresholdVoltages
                0x200023c4       0x70 ./src/SubSystemModules/PowerManagment/EPS.o
                0x200023c4                GetThresholdVoltages
 .text.GetAlpha
                0x20002434       0x6c ./src/SubSystemModules/PowerManagment/EPS.o
                0x20002434                GetAlpha
 .text.EnterFullMode
                0x200024a0       0x44 ./src/SubSystemModules/PowerManagment/EPSOperationModes.o
                0x200024a0                EnterFullMode
 .text.EnterCruiseMode
                0x200024e4       0x44 ./src/SubSystemModules/PowerManagment/EPSOperationModes.o
                0x200024e4                EnterCruiseMode
 .text.EnterSafeMode
                0x20002528       0x44 ./src/SubSystemModules/PowerManagment/EPSOperationModes.o
                0x20002528                EnterSafeMode
 .text.EnterCriticalMode
                0x2000256c       0x44 ./src/SubSystemModules/PowerManagment/EPSOperationModes.o
                0x2000256c                EnterCriticalMode
 .text.EpsGetLowVoltageFlag
                0x200025b0       0x24 ./src/SubSystemModules/PowerManagment/EPSOperationModes.o
                0x200025b0                EpsGetLowVoltageFlag
 .text.EpsSetLowVoltageFlag
                0x200025d4       0x2c ./src/SubSystemModules/PowerManagment/EPSOperationModes.o
                0x200025d4                EpsSetLowVoltageFlag
 .text.CheckExecutionTime
                0x20002600       0x78 ./src/SubSystemModules/Maintenance/Maintenance.o
                0x20002600                CheckExecutionTime
 .text.SaveSatTimeInFRAM
                0x20002678       0x44 ./src/SubSystemModules/Maintenance/Maintenance.o
                0x20002678                SaveSatTimeInFRAM
 .text.WakeupFromResetCMD
                0x200026bc      0x120 ./src/SubSystemModules/Maintenance/Maintenance.o
                0x200026bc                WakeupFromResetCMD
 .text.ResetGroundCommWDT
                0x200027dc       0x1c ./src/SubSystemModules/Maintenance/Maintenance.o
                0x200027dc                ResetGroundCommWDT
 .text.IsGroundCommunicationWDTKick
                0x200027f8       0x78 ./src/SubSystemModules/Maintenance/Maintenance.o
                0x200027f8                IsGroundCommunicationWDTKick
 .text.GetGsWdtKickTime
                0x20002870       0x38 ./src/SubSystemModules/Maintenance/Maintenance.o
                0x20002870                GetGsWdtKickTime
 .text.DeleteOldFiels
                0x200028a8      0x33c ./src/SubSystemModules/Maintenance/Maintenance.o
                0x200028a8                DeleteOldFiels
 .text.DeployAnt
                0x20002be4       0x6c ./src/SubSystemModules/Maintenance/Maintenance.o
                0x20002be4                DeployAnt
 .text.Maintenance
                0x20002c50       0x38 ./src/SubSystemModules/Maintenance/Maintenance.o
                0x20002c50                Maintenance
 .text.InitSavePeriodTimes
                0x20002c88       0xc0 ./src/SubSystemModules/Housekepping/TelemetryCollector.o
                0x20002c88                InitSavePeriodTimes
 .text.TelemetryCollectorLogic
                0x20002d48      0x1f0 ./src/SubSystemModules/Housekepping/TelemetryCollector.o
                0x20002d48                TelemetryCollectorLogic
 .text.TelemetrySaveEPS
                0x20002f38       0xf4 ./src/SubSystemModules/Housekepping/TelemetryCollector.o
                0x20002f38                TelemetrySaveEPS
 .text.TelemetrySaveTRXVU
                0x2000302c       0x84 ./src/SubSystemModules/Housekepping/TelemetryCollector.o
                0x2000302c                TelemetrySaveTRXVU
 .text.TelemetrySaveANT
                0x200030b0       0xa4 ./src/SubSystemModules/Housekepping/TelemetryCollector.o
                0x200030b0                TelemetrySaveANT
 .text.TelemetrySaveSolarPanels
                0x20003154      0x1c4 ./src/SubSystemModules/Housekepping/TelemetryCollector.o
                0x20003154                TelemetrySaveSolarPanels
 .text.TelemetrySaveWOD
                0x20003318       0xa0 ./src/SubSystemModules/Housekepping/TelemetryCollector.o
                0x20003318                TelemetrySaveWOD
 .text.GetCurrentWODTelemetry
                0x200033b8      0x4b0 ./src/SubSystemModules/Housekepping/TelemetryCollector.o
                0x200033b8                GetCurrentWODTelemetry
 .text.CMD_DeleteTLM
                0x20003868      0x1f4 ./src/SubSystemModules/Communication/SubsystemCommands/FS_Commands.o
                0x20003868                CMD_DeleteTLM
 .text.CMD_GenericI2C
                0x20003a5c      0x144 ./src/SubSystemModules/Communication/SubsystemCommands/Maintanence_Commands.o
                0x20003a5c                CMD_GenericI2C
 .text.CMD_FRAM_ReadAndTransmitt
                0x20003ba0      0x100 ./src/SubSystemModules/Communication/SubsystemCommands/Maintanence_Commands.o
                0x20003ba0                CMD_FRAM_ReadAndTransmitt
 .text.CMD_FRAM_WriteAndTransmitt
                0x20003ca0      0x124 ./src/SubSystemModules/Communication/SubsystemCommands/Maintanence_Commands.o
                0x20003ca0                CMD_FRAM_WriteAndTransmitt
 .text.CMD_UpdateSatTime
                0x20003dc4       0xa0 ./src/SubSystemModules/Communication/SubsystemCommands/Maintanence_Commands.o
                0x20003dc4                CMD_UpdateSatTime
 .text.CMD_ResetComponent
                0x20003e64      0x28c ./src/SubSystemModules/Communication/SubsystemCommands/Maintanence_Commands.o
                0x20003e64                CMD_ResetComponent
 .text.DumpTask
                0x200040f0      0x2cc ./src/SubSystemModules/Communication/SubsystemCommands/TRXVU_Commands.o
                0x200040f0                DumpTask
 .text.CMD_AntennaDeploy
                0x200043bc       0xcc ./src/SubSystemModules/Communication/SubsystemCommands/TRXVU_Commands.o
                0x200043bc                CMD_AntennaDeploy
 .text.CMD_StartDump
                0x20004488      0x1ec ./src/SubSystemModules/Communication/SubsystemCommands/TRXVU_Commands.o
                0x20004488                CMD_StartDump
 .text.CMD_SendDumpAbortRequest
                0x20004674       0x38 ./src/SubSystemModules/Communication/SubsystemCommands/TRXVU_Commands.o
                0x20004674                CMD_SendDumpAbortRequest
 .text.CMD_ForceDumpAbort
                0x200046ac       0x3c ./src/SubSystemModules/Communication/SubsystemCommands/TRXVU_Commands.o
                0x200046ac                CMD_ForceDumpAbort
 .text.CMD_MuteTRXVU
                0x200046e8       0x7c ./src/SubSystemModules/Communication/SubsystemCommands/TRXVU_Commands.o
                0x200046e8                CMD_MuteTRXVU
 .text.CMD_SetIdleState
                0x20004764       0x94 ./src/SubSystemModules/Communication/SubsystemCommands/TRXVU_Commands.o
                0x20004764                CMD_SetIdleState
 .text.CMD_UnMuteTRXVU
                0x200047f8       0x38 ./src/SubSystemModules/Communication/SubsystemCommands/TRXVU_Commands.o
                0x200047f8                CMD_UnMuteTRXVU
 .text.CMD_GetBaudRate
                0x20004830       0x68 ./src/SubSystemModules/Communication/SubsystemCommands/TRXVU_Commands.o
                0x20004830                CMD_GetBaudRate
 .text.CMD_GetBeaconInterval
                0x20004898       0x6c ./src/SubSystemModules/Communication/SubsystemCommands/TRXVU_Commands.o
                0x20004898                CMD_GetBeaconInterval
 .text.CMD_SetBaudRate
                0x20004904       0x60 ./src/SubSystemModules/Communication/SubsystemCommands/TRXVU_Commands.o
                0x20004904                CMD_SetBaudRate
 .text.CMD_GetTxUptime
                0x20004964       0x64 ./src/SubSystemModules/Communication/SubsystemCommands/TRXVU_Commands.o
                0x20004964                CMD_GetTxUptime
 .text.CMD_GetRxUptime
                0x200049c8       0x64 ./src/SubSystemModules/Communication/SubsystemCommands/TRXVU_Commands.o
                0x200049c8                CMD_GetRxUptime
 .text.CMD_GetNumOfOnlineCommands
                0x20004a2c       0x64 ./src/SubSystemModules/Communication/SubsystemCommands/TRXVU_Commands.o
                0x20004a2c                CMD_GetNumOfOnlineCommands
 .text.CMD_AntSetArmStatus
                0x20004a90       0xa0 ./src/SubSystemModules/Communication/SubsystemCommands/TRXVU_Commands.o
                0x20004a90                CMD_AntSetArmStatus
 .text.CMD_AntGetArmStatus
                0x20004b30       0x70 ./src/SubSystemModules/Communication/SubsystemCommands/TRXVU_Commands.o
                0x20004b30                CMD_AntGetArmStatus
 .text.CMD_AntGetUptime
                0x20004ba0       0x78 ./src/SubSystemModules/Communication/SubsystemCommands/TRXVU_Commands.o
                0x20004ba0                CMD_AntGetUptime
 .text.CMD_StopReDeployment
                0x20004c18       0x9c ./src/SubSystemModules/Communication/SubsystemCommands/TRXVU_Commands.o
                0x20004c18                CMD_StopReDeployment
 .text.CMD_AntCancelDeployment
                0x20004cb4       0x68 ./src/SubSystemModules/Communication/SubsystemCommands/TRXVU_Commands.o
                0x20004cb4                CMD_AntCancelDeployment
 .text.SendAckPacket
                0x20004d1c       0xe0 ./src/SubSystemModules/Communication/AckHandler.o
                0x20004d1c                SendAckPacket
 .text.trxvu_command_router
                0x20004dfc      0x4ec ./src/SubSystemModules/Communication/CommandDictionary.o
                0x20004dfc                trxvu_command_router
 .text.eps_command_router
                0x200052e8       0x88 ./src/SubSystemModules/Communication/CommandDictionary.o
                0x200052e8                eps_command_router
 .text.telemetry_command_router
                0x20005370       0x90 ./src/SubSystemModules/Communication/CommandDictionary.o
                0x20005370                telemetry_command_router
 .text.managment_command_router
                0x20005400       0xfc ./src/SubSystemModules/Communication/CommandDictionary.o
                0x20005400                managment_command_router
 .text.filesystem_command_router
                0x200054fc       0x24 ./src/SubSystemModules/Communication/CommandDictionary.o
                0x200054fc                filesystem_command_router
 .text.ParseDataToCommand
                0x20005520      0x1ac ./src/SubSystemModules/Communication/SatCommandHandler.o
                0x20005520                ParseDataToCommand
 .text.AssembleCommand
                0x200056cc      0x150 ./src/SubSystemModules/Communication/SatCommandHandler.o
                0x200056cc                AssembleCommand
 .text.ActUponCommand
                0x2000581c       0xd0 ./src/SubSystemModules/Communication/SatCommandHandler.o
                0x2000581c                ActUponCommand
 .text.InitTxModule
                0x200058ec       0x68 ./src/SubSystemModules/Communication/TRXVU.o
                0x200058ec                InitTxModule
 .text.CMD_SetBeaconInterval
                0x20005954       0x98 ./src/SubSystemModules/Communication/TRXVU.o
                0x20005954                CMD_SetBeaconInterval
 .text.InitBeaconParams
                0x200059ec       0x3c ./src/SubSystemModules/Communication/TRXVU.o
                0x200059ec                InitBeaconParams
 .text.InitSemaphores
                0x20005a28       0x98 ./src/SubSystemModules/Communication/TRXVU.o
                0x20005a28                InitSemaphores
 .text.InitTrxvu
                0x20005ac0      0x110 ./src/SubSystemModules/Communication/TRXVU.o
                0x20005ac0                InitTrxvu
 .text.checkIdleFinish
                0x20005bd0       0x68 ./src/SubSystemModules/Communication/TRXVU.o
                0x20005bd0                checkIdleFinish
 .text.TRX_Logic
                0x20005c38       0xc4 ./src/SubSystemModules/Communication/TRXVU.o
                0x20005c38                TRX_Logic
 .text.GetNumberOfFramesInBuffer
                0x20005cfc       0x54 ./src/SubSystemModules/Communication/TRXVU.o
                0x20005cfc                GetNumberOfFramesInBuffer
 .text.GetOnlineCommand
                0x20005d50      0x128 ./src/SubSystemModules/Communication/TRXVU.o
                0x20005d50                GetOnlineCommand
 .text.CheckTransmitionAllowed
                0x20005e78       0xc4 ./src/SubSystemModules/Communication/TRXVU.o
                0x20005e78                CheckTransmitionAllowed
 .text.FinishDump
                0x20005f3c       0xa8 ./src/SubSystemModules/Communication/TRXVU.o
                0x20005f3c                FinishDump
 .text.AbortDump
                0x20005fe4       0x34 ./src/SubSystemModules/Communication/TRXVU.o
                0x20005fe4                AbortDump
 .text.SendDumpAbortRequest
                0x20006018       0xc0 ./src/SubSystemModules/Communication/TRXVU.o
                0x20006018                SendDumpAbortRequest
 .text.BeaconLogic
                0x200060d8      0x1e0 ./src/SubSystemModules/Communication/TRXVU.o
                0x200060d8                BeaconLogic
 .text.SetIdleState
                0x200062b8       0xa8 ./src/SubSystemModules/Communication/TRXVU.o
                0x200062b8                SetIdleState
 .text.muteTRXVU
                0x20006360       0x70 ./src/SubSystemModules/Communication/TRXVU.o
                0x20006360                muteTRXVU
 .text.UnMuteTRXVU
                0x200063d0       0x24 ./src/SubSystemModules/Communication/TRXVU.o
                0x200063d0                UnMuteTRXVU
 .text.TransmitDataAsSPL_Packet
                0x200063f4      0x104 ./src/SubSystemModules/Communication/TRXVU.o
                0x200063f4                TransmitDataAsSPL_Packet
 .text.TransmitSplPacket
                0x200064f8       0xfc ./src/SubSystemModules/Communication/TRXVU.o
                0x200064f8                TransmitSplPacket
 .text.isFirstActivation
                0x200065f4       0x38 ./src/InitSystem.o
                0x200065f4                isFirstActivation
 .text.WriteDefaultValuesToFRAM
                0x2000662c      0x1c0 ./src/InitSystem.o
                0x2000662c                WriteDefaultValuesToFRAM
 .text.StartFRAM
                0x200067ec       0x24 ./src/InitSystem.o
                0x200067ec                StartFRAM
 .text.StartI2C
                0x20006810       0x30 ./src/InitSystem.o
                0x20006810                StartI2C
 .text.StartSPI
                0x20006840       0x2c ./src/InitSystem.o
                0x20006840                StartSPI
 .text.StartTIME
                0x2000686c       0xb0 ./src/InitSystem.o
                0x2000686c                StartTIME
 .text.DeploySystem
                0x2000691c      0x140 ./src/InitSystem.o
                0x2000691c                DeploySystem
 .text.InitSubsystems
                0x20006a5c       0x48 ./src/InitSystem.o
                0x20006a5c                InitSubsystems
 .text.delete_allTMFilesFromSD
                0x20006aa4       0x58 ./src/TLM_management.o
                0x20006aa4                delete_allTMFilesFromSD
 .text.deleteTLMFiles
                0x20006afc       0x94 ./src/TLM_management.o
                0x20006afc                deleteTLMFiles
 .text.deleteTLMFile
                0x20006b90       0xc0 ./src/TLM_management.o
                0x20006b90                deleteTLMFile
 .text.InitializeFS
                0x20006c50       0xd0 ./src/TLM_management.o
                0x20006c50                InitializeFS
 .text.calculateFileName
                0x20006d20      0x108 ./src/TLM_management.o
                0x20006d20                calculateFileName
 .text.getTlmTypeInfo
                0x20006e28      0x230 ./src/TLM_management.o
                0x20006e28                getTlmTypeInfo
 .text.write2File
                0x20007058      0x150 ./src/TLM_management.o
                0x20007058                write2File
 .text.printTLM
                0x200071a8       0x24 ./src/TLM_management.o
                0x200071a8                printTLM
 .text.readTLMFile
                0x200071cc      0x2f4 ./src/TLM_management.o
                0x200071cc                readTLMFile
 .text.readTLMFiles
                0x200074c0       0xac ./src/TLM_management.o
                0x200074c0                readTLMFiles
 .text.readTLMFileTimeRange
                0x2000756c      0x2e8 ./src/TLM_management.o
                0x2000756c                readTLMFileTimeRange
 .text.DeInitializeFS
                0x20007854       0x14 ./src/TLM_management.o
                0x20007854                DeInitializeFS
 .text.taskMain
                0x20007868       0x2c ./src/main.o
                0x20007868                taskMain
 .text.main     0x20007894       0x98 ./src/main.o
                0x20007894                main
 .text.timeU2time
                0x2000792c       0xbc ./src/utils.o
                0x2000792c                timeU2time
 .text.logError
                0x200079e8      0x138 ./src/utils.o
                0x200079e8                logError
 .text.validateTransferParameters
                0x20007b20      0x10c C:/ISIS/workspace_ycube/GlobusSatProject/..//hal/hal/lib\libHALD.a(I2C.o)
 .text.I2C_queueTransfer
                0x20007c2c       0xfc C:/ISIS/workspace_ycube/GlobusSatProject/..//hal/hal/lib\libHALD.a(I2C.o)
                0x20007c2c                I2C_queueTransfer
 .text.I2C_internalCallback
                0x20007d28       0x64 C:/ISIS/workspace_ycube/GlobusSatProject/..//hal/hal/lib\libHALD.a(I2C.o)
 .text.I2C_doBlockingTransfer
                0x20007d8c      0x180 C:/ISIS/workspace_ycube/GlobusSatProject/..//hal/hal/lib\libHALD.a(I2C.o)
 .text.I2C_write
                0x20007f0c      0x110 C:/ISIS/workspace_ycube/GlobusSatProject/..//hal/hal/lib\libHALD.a(I2C.o)
                0x20007f0c                I2C_write
 .text.I2C_read
                0x2000801c      0x110 C:/ISIS/workspace_ycube/GlobusSatProject/..//hal/hal/lib\libHALD.a(I2C.o)
                0x2000801c                I2C_read
 .text.I2C_writeRead
                0x2000812c      0x17c C:/ISIS/workspace_ycube/GlobusSatProject/..//hal/hal/lib\libHALD.a(I2C.o)
                0x2000812c                I2C_writeRead
 .text.I2C_start
                0x200082a8      0x2e8 C:/ISIS/workspace_ycube/GlobusSatProject/..//hal/hal/lib\libHALD.a(I2C.o)
                0x200082a8                I2C_start
 .text.I2C_stop
                0x20008590      0x184 C:/ISIS/workspace_ycube/GlobusSatProject/..//hal/hal/lib\libHALD.a(I2C.o)
                0x20008590                I2C_stop
 .text.I2C_setTransferTimeout
                0x20008714       0x48 C:/ISIS/workspace_ycube/GlobusSatProject/..//hal/hal/lib\libHALD.a(I2C.o)
                0x20008714                I2C_setTransferTimeout
 .text.clearPDCtransfers
                0x2000875c       0xe8 C:/ISIS/workspace_ycube/GlobusSatProject/..//hal/hal/lib\libHALD.a(SPI.o)
 .text.SPI_start
                0x20008844      0x4b0 C:/ISIS/workspace_ycube/GlobusSatProject/..//hal/hal/lib\libHALD.a(SPI.o)
                0x20008844                SPI_start
 .text.SPI_stop
                0x20008cf4      0x244 C:/ISIS/workspace_ycube/GlobusSatProject/..//hal/hal/lib\libHALD.a(SPI.o)
                0x20008cf4                SPI_stop
 .text.SPI_queueTransfer
                0x20008f38      0x1cc C:/ISIS/workspace_ycube/GlobusSatProject/..//hal/hal/lib\libHALD.a(SPI.o)
                0x20008f38                SPI_queueTransfer
 .text.SPI_internalCallback
                0x20009104       0x64 C:/ISIS/workspace_ycube/GlobusSatProject/..//hal/hal/lib\libHALD.a(SPI.o)
 .text.SPI_writeRead
                0x20009168      0x1c0 C:/ISIS/workspace_ycube/GlobusSatProject/..//hal/hal/lib\libHALD.a(SPI.o)
                0x20009168                SPI_writeRead
 .text.waitForTransfer
                0x20009328       0x78 C:/ISIS/workspace_ycube/GlobusSatProject/..//hal/hal/lib\libHALD.a(SPI.o)
 .text.SPI_getDriverState
                0x200093a0       0x58 C:/ISIS/workspace_ycube/GlobusSatProject/..//hal/hal/lib\libHALD.a(SPI.o)
                0x200093a0                SPI_getDriverState
 .text.FRAM_start
                0x200093f8      0x120 C:/ISIS/workspace_ycube/GlobusSatProject/..//hal/hal/lib\libHALD.a(FRAM.o)
                0x200093f8                FRAM_start
 .text.FRAM_dummyCallback
                0x20009518       0x24 C:/ISIS/workspace_ycube/GlobusSatProject/..//hal/hal/lib\libHALD.a(FRAM.o)
                0x20009518                FRAM_dummyCallback
 .text.FRAM_unlockingCallback
                0x2000953c       0x64 C:/ISIS/workspace_ycube/GlobusSatProject/..//hal/hal/lib\libHALD.a(FRAM.o)
                0x2000953c                FRAM_unlockingCallback
 .text.doBlockingTransfer
                0x200095a0       0x78 C:/ISIS/workspace_ycube/GlobusSatProject/..//hal/hal/lib\libHALD.a(FRAM.o)
 .text.FRAM_writePacket
                0x20009618      0x144 C:/ISIS/workspace_ycube/GlobusSatProject/..//hal/hal/lib\libHALD.a(FRAM.o)
 .text.FRAM_write
                0x2000975c      0x1d8 C:/ISIS/workspace_ycube/GlobusSatProject/..//hal/hal/lib\libHALD.a(FRAM.o)
                0x2000975c                FRAM_write
 .text.FRAM_readPacket
                0x20009934       0xf0 C:/ISIS/workspace_ycube/GlobusSatProject/..//hal/hal/lib\libHALD.a(FRAM.o)
 .text.FRAM_read
                0x20009a24      0x1e4 C:/ISIS/workspace_ycube/GlobusSatProject/..//hal/hal/lib\libHALD.a(FRAM.o)
                0x20009a24                FRAM_read
 .text.Time_start
                0x20009c08      0x150 C:/ISIS/workspace_ycube/GlobusSatProject/..//hal/hal/lib\libHALD.a(Time.o)
                0x20009c08                Time_start
 .text.taskTimeSync
                0x20009d58       0x38 C:/ISIS/workspace_ycube/GlobusSatProject/..//hal/hal/lib\libHALD.a(Time.o)
 .text.Time_convertEpochToTime
                0x20009d90       0xf4 C:/ISIS/workspace_ycube/GlobusSatProject/..//hal/hal/lib\libHALD.a(Time.o)
                0x20009d90                Time_convertEpochToTime
 .text.Time_populateSecondsOfYear
                0x20009e84      0x188 C:/ISIS/workspace_ycube/GlobusSatProject/..//hal/hal/lib\libHALD.a(Time.o)
 .text.Time_set
                0x2000a00c      0x110 C:/ISIS/workspace_ycube/GlobusSatProject/..//hal/hal/lib\libHALD.a(Time.o)
                0x2000a00c                Time_set
 .text.Time_isLeapYear
                0x2000a11c       0x98 C:/ISIS/workspace_ycube/GlobusSatProject/..//hal/hal/lib\libHALD.a(Time.o)
                0x2000a11c                Time_isLeapYear
 .text.Time_get
                0x2000a1b4      0x410 C:/ISIS/workspace_ycube/GlobusSatProject/..//hal/hal/lib\libHALD.a(Time.o)
                0x2000a1b4                Time_get
 .text.Time_getUnixEpoch
                0x2000a5c4       0xf4 C:/ISIS/workspace_ycube/GlobusSatProject/..//hal/hal/lib\libHALD.a(Time.o)
                0x2000a5c4                Time_getUnixEpoch
 .text.Time_secondsOfYearToTime
                0x2000a6b8      0x328 C:/ISIS/workspace_ycube/GlobusSatProject/..//hal/hal/lib\libHALD.a(Time.o)
 .text.Time_setUnixEpoch
                0x2000a9e0       0x54 C:/ISIS/workspace_ycube/GlobusSatProject/..//hal/hal/lib\libHALD.a(Time.o)
                0x2000a9e0                Time_setUnixEpoch
 .text.Time_getUptimeSeconds
                0x2000aa34       0x28 C:/ISIS/workspace_ycube/GlobusSatProject/..//hal/hal/lib\libHALD.a(Time.o)
                0x2000aa34                Time_getUptimeSeconds
 .text.Time_sync
                0x2000aa5c      0x2d8 C:/ISIS/workspace_ycube/GlobusSatProject/..//hal/hal/lib\libHALD.a(Time.o)
                0x2000aa5c                Time_sync
 .text.Time_syncIfNeeded
                0x2000ad34       0x90 C:/ISIS/workspace_ycube/GlobusSatProject/..//hal/hal/lib\libHALD.a(Time.o)
                0x2000ad34                Time_syncIfNeeded
 .text.Time_setSyncInterval
                0x2000adc4       0x38 C:/ISIS/workspace_ycube/GlobusSatProject/..//hal/hal/lib\libHALD.a(Time.o)
                0x2000adc4                Time_setSyncInterval
 .text.WDT_start
                0x2000adfc       0x48 C:/ISIS/workspace_ycube/GlobusSatProject/..//hal/hal/lib\libHALD.a(WatchDogTimerNoOS.o)
                0x2000adfc                WDT_start
 .text.WDT_startWatchdogKickTask
                0x2000ae44       0xb4 C:/ISIS/workspace_ycube/GlobusSatProject/..//hal/hal/lib\libHALD.a(WatchDogTimerOS.o)
                0x2000ae44                WDT_startWatchdogKickTask
 .text.WDT_forceKickEveryNms
                0x2000aef8       0x50 C:/ISIS/workspace_ycube/GlobusSatProject/..//hal/hal/lib\libHALD.a(WatchDogTimerOS.o)
                0x2000aef8                WDT_forceKickEveryNms
 .text.LED_glow
                0x2000af48       0x58 C:/ISIS/workspace_ycube/GlobusSatProject/..//hal/hal/lib\libHALD.a(LED.o)
                0x2000af48                LED_glow
 .text.LED_dark
                0x2000afa0       0x58 C:/ISIS/workspace_ycube/GlobusSatProject/..//hal/hal/lib\libHALD.a(LED.o)
                0x2000afa0                LED_dark
 .text.LED_toggle
                0x2000aff8       0x50 C:/ISIS/workspace_ycube/GlobusSatProject/..//hal/hal/lib\libHALD.a(LED.o)
                0x2000aff8                LED_toggle
 .text.RTC_start
                0x2000b048       0x3c C:/ISIS/workspace_ycube/GlobusSatProject/..//hal/hal/lib\libHALD.a(RTC.o)
                0x2000b048                RTC_start
 .text.RTC_setTime
                0x2000b084      0x2a4 C:/ISIS/workspace_ycube/GlobusSatProject/..//hal/hal/lib\libHALD.a(RTC.o)
                0x2000b084                RTC_setTime
 .text.RTC_getTime
                0x2000b328      0x224 C:/ISIS/workspace_ycube/GlobusSatProject/..//hal/hal/lib\libHALD.a(RTC.o)
                0x2000b328                RTC_getTime
 .text.RTC_checkTimeValid
                0x2000b54c       0xdc C:/ISIS/workspace_ycube/GlobusSatProject/..//hal/hal/lib\libHALD.a(RTC.o)
                0x2000b54c                RTC_checkTimeValid
 .text.RTT_start
                0x2000b628       0x24 C:/ISIS/workspace_ycube/GlobusSatProject/..//hal/hal/lib\libHALD.a(RTT.o)
                0x2000b628                RTT_start
 .text.fn_init  0x2000b64c      0x2dc C:/ISIS/workspace_ycube/GlobusSatProject/..//hal/hcc/lib\libHCCD.a(fat_common.o)
                0x2000b64c                fn_init
 .text._f_get16bitl
                0x2000b928       0x4c C:/ISIS/workspace_ycube/GlobusSatProject/..//hal/hcc/lib\libHCCD.a(fat_common.o)
                0x2000b928                _f_get16bitl
 .text._f_set16bitl
                0x2000b974       0x54 C:/ISIS/workspace_ycube/GlobusSatProject/..//hal/hcc/lib\libHCCD.a(fat_common.o)
                0x2000b974                _f_set16bitl
 .text._f_get32bitl
                0x2000b9c8       0x68 C:/ISIS/workspace_ycube/GlobusSatProject/..//hal/hcc/lib\libHCCD.a(fat_common.o)
                0x2000b9c8                _f_get32bitl
 .text._f_set32bitl
                0x2000ba30       0x78 C:/ISIS/workspace_ycube/GlobusSatProject/..//hal/hcc/lib\libHCCD.a(fat_common.o)
                0x2000ba30                _f_set32bitl
 .text._get8bit
                0x2000baa8       0xa0 C:/ISIS/workspace_ycube/GlobusSatProject/..//hal/hcc/lib\libHCCD.a(fat_common.o)
 .text._get16bitl
                0x2000bb48       0x40 C:/ISIS/workspace_ycube/GlobusSatProject/..//hal/hcc/lib\libHCCD.a(fat_common.o)
 .text._get32bitl
                0x2000bb88       0x3c C:/ISIS/workspace_ycube/GlobusSatProject/..//hal/hcc/lib\libHCCD.a(fat_common.o)
 .text._f_setcardremoved
                0x2000bbc4       0x94 C:/ISIS/workspace_ycube/GlobusSatProject/..//hal/hcc/lib\libHCCD.a(fat_common.o)
 .text._f_checkstatus
                0x2000bc58      0x104 C:/ISIS/workspace_ycube/GlobusSatProject/..//hal/hcc/lib\libHCCD.a(fat_common.o)
                0x2000bc58                _f_checkstatus
 .text._f_drvgetphy
                0x2000bd5c      0x114 C:/ISIS/workspace_ycube/GlobusSatProject/..//hal/hcc/lib\libHCCD.a(fat_common.o)
 .text._f_drvwritesector
                0x2000be70       0xdc C:/ISIS/workspace_ycube/GlobusSatProject/..//hal/hcc/lib\libHCCD.a(fat_common.o)
 .text._f_drvreadsector
                0x2000bf4c       0xa8 C:/ISIS/workspace_ycube/GlobusSatProject/..//hal/hcc/lib\libHCCD.a(fat_common.o)
 .text._f_writesector
                0x2000bff4      0x23c C:/ISIS/workspace_ycube/GlobusSatProject/..//hal/hcc/lib\libHCCD.a(fat_common.o)
                0x2000bff4                _f_writesector
 .text._f_readsector
                0x2000c230      0x1dc C:/ISIS/workspace_ycube/GlobusSatProject/..//hal/hcc/lib\libHCCD.a(fat_common.o)
                0x2000c230                _f_readsector
 .text._f_getmaxcluster
                0x2000c40c       0x94 C:/ISIS/workspace_ycube/GlobusSatProject/..//hal/hcc/lib\libHCCD.a(fat_common.o)
                0x2000c40c                _f_getmaxcluster
 .text._getsectorfromcluster
                0x2000c4a0       0x68 C:/ISIS/workspace_ycube/GlobusSatProject/..//hal/hcc/lib\libHCCD.a(fat_common.o)
 .text._f_buildsectors
                0x2000c508      0x268 C:/ISIS/workspace_ycube/GlobusSatProject/..//hal/hcc/lib\libHCCD.a(fat_common.o)
 .text._f_getbootrecord
                0x2000c770      0x5e4 C:/ISIS/workspace_ycube/GlobusSatProject/..//hal/hcc/lib\libHCCD.a(fat_common.o)
 .text._f_readbootrecord
                0x2000cd54      0x4f8 C:/ISIS/workspace_ycube/GlobusSatProject/..//hal/hcc/lib\libHCCD.a(fat_common.o)
 .text._f_flushcffiles
                0x2000d24c      0x17c C:/ISIS/workspace_ycube/GlobusSatProject/..//hal/hcc/lib\libHCCD.a(fat_common.o)
                0x2000d24c                _f_flushcffiles
 .text._f_fatcache_flush
                0x2000d3c8      0x270 C:/ISIS/workspace_ycube/GlobusSatProject/..//hal/hcc/lib\libHCCD.a(fat_common.o)
                0x2000d3c8                _f_fatcache_flush
 .text._f_writefatsector
                0x2000d638      0x100 C:/ISIS/workspace_ycube/GlobusSatProject/..//hal/hcc/lib\libHCCD.a(fat_common.o)
                0x2000d638                _f_writefatsector
 .text._f_getfatsector
                0x2000d738      0x3bc C:/ISIS/workspace_ycube/GlobusSatProject/..//hal/hcc/lib\libHCCD.a(fat_common.o)
 .text._f_setclustervalue
                0x2000daf4      0x490 C:/ISIS/workspace_ycube/GlobusSatProject/..//hal/hcc/lib\libHCCD.a(fat_common.o)
                0x2000daf4                _f_setclustervalue
 .text._f_getclustervalue
                0x2000df84      0x388 C:/ISIS/workspace_ycube/GlobusSatProject/..//hal/hcc/lib\libHCCD.a(fat_common.o)
                0x2000df84                _f_getclustervalue
 .text._f_close_drive_files
                0x2000e30c       0xac C:/ISIS/workspace_ycube/GlobusSatProject/..//hal/hcc/lib\libHCCD.a(fat_common.o)
 .text._f_inc_mount_count
                0x2000e3b8       0xa4 C:/ISIS/workspace_ycube/GlobusSatProject/..//hal/hcc/lib\libHCCD.a(fat_common.o)
 .text._f_getvolume
                0x2000e45c      0x2f8 C:/ISIS/workspace_ycube/GlobusSatProject/..//hal/hcc/lib\libHCCD.a(fat_common.o)
                0x2000e45c                _f_getvolume
 .text.fn_createdriver
                0x2000e754      0x118 C:/ISIS/workspace_ycube/GlobusSatProject/..//hal/hcc/lib\libHCCD.a(fat_common.o)
                0x2000e754                fn_createdriver
 .text.fn_initvolume
                0x2000e86c      0x12c C:/ISIS/workspace_ycube/GlobusSatProject/..//hal/hcc/lib\libHCCD.a(fat_common.o)
                0x2000e86c                fn_initvolume
 .text.fn_initvolumepartition_sub
                0x2000e998       0xe0 C:/ISIS/workspace_ycube/GlobusSatProject/..//hal/hcc/lib\libHCCD.a(fat_common.o)
 .text.fn_initvolumepartition
                0x2000ea78       0xac C:/ISIS/workspace_ycube/GlobusSatProject/..//hal/hcc/lib\libHCCD.a(fat_common.o)
                0x2000ea78                fn_initvolumepartition
 .text._f_clustertopos
                0x2000eb24       0xf8 C:/ISIS/workspace_ycube/GlobusSatProject/..//hal/hcc/lib\libHCCD.a(fat_common.o)
                0x2000eb24                _f_clustertopos
 .text._f_getcurrsector
                0x2000ec1c      0x6c8 C:/ISIS/workspace_ycube/GlobusSatProject/..//hal/hcc/lib\libHCCD.a(fat_common.o)
                0x2000ec1c                _f_getcurrsector
 .text._f_getdecluster
                0x2000f2e4       0x90 C:/ISIS/workspace_ycube/GlobusSatProject/..//hal/hcc/lib\libHCCD.a(fat_common.o)
                0x2000f2e4                _f_getdecluster
 .text._f_setdecluster
                0x2000f374       0x8c C:/ISIS/workspace_ycube/GlobusSatProject/..//hal/hcc/lib\libHCCD.a(fat_common.o)
                0x2000f374                _f_setdecluster
 .text.fn_getdrive
                0x2000f400       0x30 C:/ISIS/workspace_ycube/GlobusSatProject/..//hal/hcc/lib\libHCCD.a(fat_common.o)
                0x2000f400                fn_getdrive
 .text._f_getcurrenttimedate
                0x2000f430      0x138 C:/ISIS/workspace_ycube/GlobusSatProject/..//hal/hcc/lib\libHCCD.a(fat_common.o)
                0x2000f430                _f_getcurrenttimedate
 .text._f_initentry
                0x2000f568       0xa0 C:/ISIS/workspace_ycube/GlobusSatProject/..//hal/hcc/lib\libHCCD.a(fat_common.o)
                0x2000f568                _f_initentry
 .text._f_alloccluster
                0x2000f608      0x344 C:/ISIS/workspace_ycube/GlobusSatProject/..//hal/hcc/lib\libHCCD.a(fat_common.o)
                0x2000f608                _f_alloccluster
 .text._f_dobadblock
                0x2000f94c      0x2cc C:/ISIS/workspace_ycube/GlobusSatProject/..//hal/hcc/lib\libHCCD.a(fat_common.o)
                0x2000f94c                _f_dobadblock
 .text._f_checklocked
                0x2000fc18       0xe4 C:/ISIS/workspace_ycube/GlobusSatProject/..//hal/hcc/lib\libHCCD.a(fat_common.o)
                0x2000fc18                _f_checklocked
 .text._f_checkappendlocked
                0x2000fcfc      0x110 C:/ISIS/workspace_ycube/GlobusSatProject/..//hal/hcc/lib\libHCCD.a(fat_common.o)
                0x2000fcfc                _f_checkappendlocked
 .text._f_setsyncafile
                0x2000fe0c      0x114 C:/ISIS/workspace_ycube/GlobusSatProject/..//hal/hcc/lib\libHCCD.a(fat_common.o)
                0x2000fe0c                _f_setsyncafile
 .text._f_syncfiles
                0x2000ff20      0x128 C:/ISIS/workspace_ycube/GlobusSatProject/..//hal/hcc/lib\libHCCD.a(fat_common.o)
                0x2000ff20                _f_syncfiles
 .text._f_syncfilescontent
                0x20010048      0x15c C:/ISIS/workspace_ycube/GlobusSatProject/..//hal/hcc/lib\libHCCD.a(fat_common.o)
 .text.fn_getfreespace
                0x200101a4      0x4c0 C:/ISIS/workspace_ycube/GlobusSatProject/..//hal/hcc/lib\libHCCD.a(fat_common.o)
                0x200101a4                fn_getfreespace
 .text._f_emptywritecache
                0x20010664      0x4a4 C:/ISIS/workspace_ycube/GlobusSatProject/..//hal/hcc/lib\libHCCD.a(fat_common.o)
 .text._f_allocnextcluster
                0x20010b08      0x54c C:/ISIS/workspace_ycube/GlobusSatProject/..//hal/hcc/lib\libHCCD.a(fat_common.o)
 .text._f_emptywritebuffer
                0x20011054      0x20c C:/ISIS/workspace_ycube/GlobusSatProject/..//hal/hcc/lib\libHCCD.a(fat_common.o)
 .text._f_writezeros
                0x20011260       0xf0 C:/ISIS/workspace_ycube/GlobusSatProject/..//hal/hcc/lib\libHCCD.a(fat_common.o)
                0x20011260                _f_writezeros
 .text._f_extend_file
                0x20011350      0x570 C:/ISIS/workspace_ycube/GlobusSatProject/..//hal/hcc/lib\libHCCD.a(fat_common.o)
 .text._f_fseek
                0x200118c0      0x9bc C:/ISIS/workspace_ycube/GlobusSatProject/..//hal/hcc/lib\libHCCD.a(fat_common.o)
                0x200118c0                _f_fseek
 .text._f_removechain
                0x2001227c      0x104 C:/ISIS/workspace_ycube/GlobusSatProject/..//hal/hcc/lib\libHCCD.a(fat_common.o)
                0x2001227c                _f_removechain
 .text._f_updatefileentry
                0x20012380      0x1cc C:/ISIS/workspace_ycube/GlobusSatProject/..//hal/hcc/lib\libHCCD.a(fat_common.o)
 .text._f_checkreadlocked
                0x2001254c      0x1bc C:/ISIS/workspace_ycube/GlobusSatProject/..//hal/hcc/lib\libHCCD.a(fat_common.o)
                0x2001254c                _f_checkreadlocked
 .text._f_check_handle
                0x20012708       0x98 C:/ISIS/workspace_ycube/GlobusSatProject/..//hal/hcc/lib\libHCCD.a(fat_common.o)
                0x20012708                _f_check_handle
 .text._f_removesyncafile
                0x200127a0      0x1ec C:/ISIS/workspace_ycube/GlobusSatProject/..//hal/hcc/lib\libHCCD.a(fat_common.o)
 .text.fn_close
                0x2001298c      0x3f8 C:/ISIS/workspace_ycube/GlobusSatProject/..//hal/hcc/lib\libHCCD.a(fat_common.o)
                0x2001298c                fn_close
 .text.fn_flush
                0x20012d84      0x374 C:/ISIS/workspace_ycube/GlobusSatProject/..//hal/hcc/lib\libHCCD.a(fat_common.o)
                0x20012d84                fn_flush
 .text.fn_read  0x200130f8      0x690 C:/ISIS/workspace_ycube/GlobusSatProject/..//hal/hcc/lib\libHCCD.a(fat_common.o)
                0x200130f8                fn_read
 .text._f_abortwrite
                0x20013788      0x100 C:/ISIS/workspace_ycube/GlobusSatProject/..//hal/hcc/lib\libHCCD.a(fat_common.o)
 .text._f_checkwritecluster
                0x20013888       0xe4 C:/ISIS/workspace_ycube/GlobusSatProject/..//hal/hcc/lib\libHCCD.a(fat_common.o)
 .text.fn_write
                0x2001396c      0x8a8 C:/ISIS/workspace_ycube/GlobusSatProject/..//hal/hcc/lib\libHCCD.a(fat_common.o)
                0x2001396c                fn_write
 .text.f_enterFS
                0x20014214      0x1c0 C:/ISIS/workspace_ycube/GlobusSatProject/..//hal/hcc/lib\libHCCD.a(fat_common.o)
                0x20014214                f_enterFS
 .text.fnGetTask
                0x200143d4       0xfc C:/ISIS/workspace_ycube/GlobusSatProject/..//hal/hcc/lib\libHCCD.a(fat_common.o)
                0x200143d4                fnGetTask
 .text._f_mutex_get
                0x200144d0       0x98 C:/ISIS/workspace_ycube/GlobusSatProject/..//hal/hcc/lib\libHCCD.a(fat_common.o)
                0x200144d0                _f_mutex_get
 .text._f_mutex_put
                0x20014568       0x54 C:/ISIS/workspace_ycube/GlobusSatProject/..//hal/hcc/lib\libHCCD.a(fat_common.o)
                0x20014568                _f_mutex_put
 .text._fn_initseekdivisor
                0x200145bc      0x158 C:/ISIS/workspace_ycube/GlobusSatProject/..//hal/hcc/lib\libHCCD.a(fat_common.o)
                0x200145bc                _fn_initseekdivisor
 .text._fn_updateseekpos
                0x20014714       0xc4 C:/ISIS/workspace_ycube/GlobusSatProject/..//hal/hcc/lib\libHCCD.a(fat_common.o)
 .text._f_findopensize
                0x200147d8       0x2c C:/ISIS/workspace_ycube/GlobusSatProject/..//hal/hcc/lib\libHCCD.a(fat_common.o)
                0x200147d8                _f_findopensize
 .text.fn_setlasterror
                0x20014804       0x34 C:/ISIS/workspace_ycube/GlobusSatProject/..//hal/hcc/lib\libHCCD.a(fat_common.o)
                0x20014804                fn_setlasterror
 .text.fn_setlasterror_noret
                0x20014838       0x2c C:/ISIS/workspace_ycube/GlobusSatProject/..//hal/hcc/lib\libHCCD.a(fat_common.o)
                0x20014838                fn_setlasterror_noret
 .text.fm_initvolume
                0x20014864       0x70 C:/ISIS/workspace_ycube/GlobusSatProject/..//hal/hcc/lib\libHCCD.a(fat_m.o)
                0x20014864                fm_initvolume
 .text.fm_getdrive
                0x200148d4       0x70 C:/ISIS/workspace_ycube/GlobusSatProject/..//hal/hcc/lib\libHCCD.a(fat_m.o)
                0x200148d4                fm_getdrive
 .text.fm_getfreespace
                0x20014944       0x68 C:/ISIS/workspace_ycube/GlobusSatProject/..//hal/hcc/lib\libHCCD.a(fat_m.o)
                0x20014944                fm_getfreespace
 .text.fm_findfirst
                0x200149ac       0x68 C:/ISIS/workspace_ycube/GlobusSatProject/..//hal/hcc/lib\libHCCD.a(fat_m.o)
                0x200149ac                fm_findfirst
 .text.fm_findnext
                0x20014a14       0x60 C:/ISIS/workspace_ycube/GlobusSatProject/..//hal/hcc/lib\libHCCD.a(fat_m.o)
                0x20014a14                fm_findnext
 .text.fm_close
                0x20014a74       0x60 C:/ISIS/workspace_ycube/GlobusSatProject/..//hal/hcc/lib\libHCCD.a(fat_m.o)
                0x20014a74                fm_close
 .text.fm_flush
                0x20014ad4       0x60 C:/ISIS/workspace_ycube/GlobusSatProject/..//hal/hcc/lib\libHCCD.a(fat_m.o)
                0x20014ad4                fm_flush
 .text.fm_open  0x20014b34       0x68 C:/ISIS/workspace_ycube/GlobusSatProject/..//hal/hcc/lib\libHCCD.a(fat_m.o)
                0x20014b34                fm_open
 .text.fm_read  0x20014b9c       0x7c C:/ISIS/workspace_ycube/GlobusSatProject/..//hal/hcc/lib\libHCCD.a(fat_m.o)
                0x20014b9c                fm_read
 .text.fm_write
                0x20014c18       0x7c C:/ISIS/workspace_ycube/GlobusSatProject/..//hal/hcc/lib\libHCCD.a(fat_m.o)
                0x20014c18                fm_write
 .text.fm_delete
                0x20014c94       0x64 C:/ISIS/workspace_ycube/GlobusSatProject/..//hal/hcc/lib\libHCCD.a(fat_m.o)
                0x20014c94                fm_delete
 .text.fm_getlasterror
                0x20014cf8       0x40 C:/ISIS/workspace_ycube/GlobusSatProject/..//hal/hcc/lib\libHCCD.a(fat_m.o)
                0x20014cf8                fm_getlasterror
 .text._s_checkzeroclusteratend
                0x20014d38       0xf8 C:/ISIS/workspace_ycube/GlobusSatProject/..//hal/hcc/lib\libHCCD.a(safefat.o)
 .text._s_clearclustercontent
                0x20014e30      0x108 C:/ISIS/workspace_ycube/GlobusSatProject/..//hal/hcc/lib\libHCCD.a(safefat.o)
 .text._s_clearclustercontentdir
                0x20014f38      0x19c C:/ISIS/workspace_ycube/GlobusSatProject/..//hal/hcc/lib\libHCCD.a(safefat.o)
 .text._s_writedirsector
                0x200150d4       0xd0 C:/ISIS/workspace_ycube/GlobusSatProject/..//hal/hcc/lib\libHCCD.a(safefat.o)
 .text._s_getdirsector
                0x200151a4      0x100 C:/ISIS/workspace_ycube/GlobusSatProject/..//hal/hcc/lib\libHCCD.a(safefat.o)
 .text._s_addentry
                0x200152a4      0x394 C:/ISIS/workspace_ycube/GlobusSatProject/..//hal/hcc/lib\libHCCD.a(safefat.o)
 .text._s_findfile
                0x20015638      0x33c C:/ISIS/workspace_ycube/GlobusSatProject/..//hal/hcc/lib\libHCCD.a(safefat.o)
 .text._s_findsubdir
                0x20015974      0x248 C:/ISIS/workspace_ycube/GlobusSatProject/..//hal/hcc/lib\libHCCD.a(safefat.o)
 .text._s_createfile
                0x20015bbc      0x190 C:/ISIS/workspace_ycube/GlobusSatProject/..//hal/hcc/lib\libHCCD.a(safefat.o)
 .text._s_findsaffile
                0x20015d4c      0x1b8 C:/ISIS/workspace_ycube/GlobusSatProject/..//hal/hcc/lib\libHCCD.a(safefat.o)
 .text._s_open  0x20015f04       0xe4 C:/ISIS/workspace_ycube/GlobusSatProject/..//hal/hcc/lib\libHCCD.a(safefat.o)
 .text._s_open_saf
                0x20015fe8       0xe8 C:/ISIS/workspace_ycube/GlobusSatProject/..//hal/hcc/lib\libHCCD.a(safefat.o)
 .text._s_flush
                0x200160d0       0x84 C:/ISIS/workspace_ycube/GlobusSatProject/..//hal/hcc/lib\libHCCD.a(safefat.o)
 .text._s_allocnextcluster
                0x20016154      0x13c C:/ISIS/workspace_ycube/GlobusSatProject/..//hal/hcc/lib\libHCCD.a(safefat.o)
 .text._s_getnextsector
                0x20016290       0xdc C:/ISIS/workspace_ycube/GlobusSatProject/..//hal/hcc/lib\libHCCD.a(safefat.o)
 .text._s_seek  0x2001636c      0x1e8 C:/ISIS/workspace_ycube/GlobusSatProject/..//hal/hcc/lib\libHCCD.a(safefat.o)
 .text._s_read  0x20016554      0x228 C:/ISIS/workspace_ycube/GlobusSatProject/..//hal/hcc/lib\libHCCD.a(safefat.o)
 .text._s_write
                0x2001677c      0x384 C:/ISIS/workspace_ycube/GlobusSatProject/..//hal/hcc/lib\libHCCD.a(safefat.o)
 .text._s_restoreclusters
                0x20016b00      0x270 C:/ISIS/workspace_ycube/GlobusSatProject/..//hal/hcc/lib\libHCCD.a(safefat.o)
                0x20016b00                _s_restoreclusters
 .text._s_findrestore
                0x20016d70      0x18c C:/ISIS/workspace_ycube/GlobusSatProject/..//hal/hcc/lib\libHCCD.a(safefat.o)
 .text._s_cmd_writede
                0x20016efc       0xd8 C:/ISIS/workspace_ycube/GlobusSatProject/..//hal/hcc/lib\libHCCD.a(safefat.o)
 .text._s_cmd_setcluster
                0x20016fd4       0x88 C:/ISIS/workspace_ycube/GlobusSatProject/..//hal/hcc/lib\libHCCD.a(safefat.o)
 .text._s_cmd_deletechain
                0x2001705c      0x100 C:/ISIS/workspace_ycube/GlobusSatProject/..//hal/hcc/lib\libHCCD.a(safefat.o)
 .text._s_cmd_validatecfn
                0x2001715c      0x308 C:/ISIS/workspace_ycube/GlobusSatProject/..//hal/hcc/lib\libHCCD.a(safefat.o)
 .text._s_cmd_seteof
                0x20017464      0x3c4 C:/ISIS/workspace_ycube/GlobusSatProject/..//hal/hcc/lib\libHCCD.a(safefat.o)
 .text.safe_docommands
                0x20017828      0x56c C:/ISIS/workspace_ycube/GlobusSatProject/..//hal/hcc/lib\libHCCD.a(safefat.o)
                0x20017828                safe_docommands
 .text.safe_entercommand
                0x20017d94       0x68 C:/ISIS/workspace_ycube/GlobusSatProject/..//hal/hcc/lib\libHCCD.a(safefat.o)
                0x20017d94                safe_entercommand
 .text.safe_ready
                0x20017dfc       0xf4 C:/ISIS/workspace_ycube/GlobusSatProject/..//hal/hcc/lib\libHCCD.a(safefat.o)
                0x20017dfc                safe_ready
 .text.safe_copycfn
                0x20017ef0       0xb8 C:/ISIS/workspace_ycube/GlobusSatProject/..//hal/hcc/lib\libHCCD.a(safefat.o)
                0x20017ef0                safe_copycfn
 .text.safe_cfremove
                0x20017fa8       0xb8 C:/ISIS/workspace_ycube/GlobusSatProject/..//hal/hcc/lib\libHCCD.a(safefat.o)
                0x20017fa8                safe_cfremove
 .text.safe_writede
                0x20018060      0x104 C:/ISIS/workspace_ycube/GlobusSatProject/..//hal/hcc/lib\libHCCD.a(safefat.o)
                0x20018060                safe_writede
 .text.safe_setcluster
                0x20018164       0xcc C:/ISIS/workspace_ycube/GlobusSatProject/..//hal/hcc/lib\libHCCD.a(safefat.o)
                0x20018164                safe_setcluster
 .text.safe_deletechain
                0x20018230      0x1c8 C:/ISIS/workspace_ycube/GlobusSatProject/..//hal/hcc/lib\libHCCD.a(safefat.o)
                0x20018230                safe_deletechain
 .text.safe_cfclose
                0x200183f8      0x104 C:/ISIS/workspace_ycube/GlobusSatProject/..//hal/hcc/lib\libHCCD.a(safefat.o)
                0x200183f8                safe_cfclose
 .text.safe_cfflush
                0x200184fc      0x124 C:/ISIS/workspace_ycube/GlobusSatProject/..//hal/hcc/lib\libHCCD.a(safefat.o)
                0x200184fc                safe_cfflush
 .text.safe_reset
                0x20018620       0x78 C:/ISIS/workspace_ycube/GlobusSatProject/..//hal/hcc/lib\libHCCD.a(safefat.o)
                0x20018620                safe_reset
 .text.safe_loadcommands
                0x20018698       0x78 C:/ISIS/workspace_ycube/GlobusSatProject/..//hal/hcc/lib\libHCCD.a(safefat.o)
                0x20018698                safe_loadcommands
 .text.safe_poweron
                0x20018710      0x1fc C:/ISIS/workspace_ycube/GlobusSatProject/..//hal/hcc/lib\libHCCD.a(safefat.o)
                0x20018710                safe_poweron
 .text.cf_getname
                0x2001890c       0xc0 C:/ISIS/workspace_ycube/GlobusSatProject/..//hal/hcc/lib\libHCCD.a(safefat.o)
 .text.cf_copyclusterchain
                0x200189cc      0x138 C:/ISIS/workspace_ycube/GlobusSatProject/..//hal/hcc/lib\libHCCD.a(safefat.o)
 .text.cf_seektozero
                0x20018b04       0x94 C:/ISIS/workspace_ycube/GlobusSatProject/..//hal/hcc/lib\libHCCD.a(safefat.o)
                0x20018b04                cf_seektozero
 .text.cf_create
                0x20018b98      0x3a8 C:/ISIS/workspace_ycube/GlobusSatProject/..//hal/hcc/lib\libHCCD.a(safefat.o)
                0x20018b98                cf_create
 .text.cf_copyclustercontent
                0x20018f40      0x128 C:/ISIS/workspace_ycube/GlobusSatProject/..//hal/hcc/lib\libHCCD.a(safefat.o)
                0x20018f40                cf_copyclustercontent
 .text.cf_copycfn
                0x20019068      0x4bc C:/ISIS/workspace_ycube/GlobusSatProject/..//hal/hcc/lib\libHCCD.a(safefat.o)
                0x20019068                cf_copycfn
 .text.cf_remove
                0x20019524      0x344 C:/ISIS/workspace_ycube/GlobusSatProject/..//hal/hcc/lib\libHCCD.a(safefat.o)
                0x20019524                cf_remove
 .text.cf_setclusternew
                0x20019868       0xf0 C:/ISIS/workspace_ycube/GlobusSatProject/..//hal/hcc/lib\libHCCD.a(safefat.o)
                0x20019868                cf_setclusternew
 .text.cf_flush
                0x20019958       0x58 C:/ISIS/workspace_ycube/GlobusSatProject/..//hal/hcc/lib\libHCCD.a(safefat.o)
                0x20019958                cf_flush
 .text.cf_getcluster
                0x200199b0      0x1b4 C:/ISIS/workspace_ycube/GlobusSatProject/..//hal/hcc/lib\libHCCD.a(safefat.o)
                0x200199b0                cf_getcluster
 .text.cf_setnextcluster
                0x20019b64      0x194 C:/ISIS/workspace_ycube/GlobusSatProject/..//hal/hcc/lib\libHCCD.a(safefat.o)
                0x20019b64                cf_setnextcluster
 .text.cf_getpositions
                0x20019cf8       0xbc C:/ISIS/workspace_ycube/GlobusSatProject/..//hal/hcc/lib\libHCCD.a(safefat.o)
                0x20019cf8                cf_getpositions
 .text.cf_setpositions
                0x20019db4       0xb0 C:/ISIS/workspace_ycube/GlobusSatProject/..//hal/hcc/lib\libHCCD.a(safefat.o)
                0x20019db4                cf_setpositions
 .text.cf_opensyncafile
                0x20019e64      0x150 C:/ISIS/workspace_ycube/GlobusSatProject/..//hal/hcc/lib\libHCCD.a(safefat.o)
                0x20019e64                cf_opensyncafile
 .text.cf_reloadcfo
                0x20019fb4       0xd8 C:/ISIS/workspace_ycube/GlobusSatProject/..//hal/hcc/lib\libHCCD.a(safefat.o)
                0x20019fb4                cf_reloadcfo
 .text.mcipdc_cmd
                0x2001a08c      0x22c C:/ISIS/workspace_ycube/GlobusSatProject/..//hal/hcc/lib\libHCCD.a(atmel_mcipdc.o)
 .text.mcipdc_stop
                0x2001a2b8       0xfc C:/ISIS/workspace_ycube/GlobusSatProject/..//hal/hcc/lib\libHCCD.a(atmel_mcipdc.o)
                0x2001a2b8                mcipdc_stop
 .text.mcipdc_read
                0x2001a3b4      0x27c C:/ISIS/workspace_ycube/GlobusSatProject/..//hal/hcc/lib\libHCCD.a(atmel_mcipdc.o)
 .text.mcipdc_write
                0x2001a630      0x298 C:/ISIS/workspace_ycube/GlobusSatProject/..//hal/hcc/lib\libHCCD.a(atmel_mcipdc.o)
 .text.mcipdc_readsector
                0x2001a8c8       0x9c C:/ISIS/workspace_ycube/GlobusSatProject/..//hal/hcc/lib\libHCCD.a(atmel_mcipdc.o)
                0x2001a8c8                mcipdc_readsector
 .text.mcipdc_readmultiplesector
                0x2001a964      0x124 C:/ISIS/workspace_ycube/GlobusSatProject/..//hal/hcc/lib\libHCCD.a(atmel_mcipdc.o)
                0x2001a964                mcipdc_readmultiplesector
 .text.mcipdc_writesector
                0x2001aa88       0x90 C:/ISIS/workspace_ycube/GlobusSatProject/..//hal/hcc/lib\libHCCD.a(atmel_mcipdc.o)
                0x2001aa88                mcipdc_writesector
 .text.mcipdc_writemultiplesector
                0x2001ab18      0x120 C:/ISIS/workspace_ycube/GlobusSatProject/..//hal/hcc/lib\libHCCD.a(atmel_mcipdc.o)
                0x2001ab18                mcipdc_writemultiplesector
 .text.mcipdc_set_speed
                0x2001ac38       0xb0 C:/ISIS/workspace_ycube/GlobusSatProject/..//hal/hcc/lib\libHCCD.a(atmel_mcipdc.o)
 .text.mcipdc_get_speed
                0x2001ace8       0x48 C:/ISIS/workspace_ycube/GlobusSatProject/..//hal/hcc/lib\libHCCD.a(atmel_mcipdc.o)
 .text._get_csd_bits
                0x2001ad30      0x14c C:/ISIS/workspace_ycube/GlobusSatProject/..//hal/hcc/lib\libHCCD.a(atmel_mcipdc.o)
 .text.mcipdc_initcard
                0x2001ae7c      0x8f4 C:/ISIS/workspace_ycube/GlobusSatProject/..//hal/hcc/lib\libHCCD.a(atmel_mcipdc.o)
 .text.mcipdc_getstatus
                0x2001b770       0xe8 C:/ISIS/workspace_ycube/GlobusSatProject/..//hal/hcc/lib\libHCCD.a(atmel_mcipdc.o)
 .text.mcipdc_getphy
                0x2001b858       0x90 C:/ISIS/workspace_ycube/GlobusSatProject/..//hal/hcc/lib\libHCCD.a(atmel_mcipdc.o)
 .text.mcipdc_release
                0x2001b8e8       0x50 C:/ISIS/workspace_ycube/GlobusSatProject/..//hal/hcc/lib\libHCCD.a(atmel_mcipdc.o)
 .text.atmel_mcipdc_initfunc
                0x2001b938      0x160 C:/ISIS/workspace_ycube/GlobusSatProject/..//hal/hcc/lib\libHCCD.a(atmel_mcipdc.o)
                0x2001b938                atmel_mcipdc_initfunc
 .text.oal_mutex_create
                0x2001ba98       0x54 C:/ISIS/workspace_ycube/GlobusSatProject/..//hal/hcc/lib\libHCCD.a(oalp_mutex.o)
                0x2001ba98                oal_mutex_create
 .text.oal_mutex_delete
                0x2001baec       0x30 C:/ISIS/workspace_ycube/GlobusSatProject/..//hal/hcc/lib\libHCCD.a(oalp_mutex.o)
                0x2001baec                oal_mutex_delete
 .text.oal_mutex_get
                0x2001bb1c       0x58 C:/ISIS/workspace_ycube/GlobusSatProject/..//hal/hcc/lib\libHCCD.a(oalp_mutex.o)
                0x2001bb1c                oal_mutex_get
 .text.oal_mutex_put
                0x2001bb74       0x58 C:/ISIS/workspace_ycube/GlobusSatProject/..//hal/hcc/lib\libHCCD.a(oalp_mutex.o)
                0x2001bb74                oal_mutex_put
 .text.oal_task_get_id
                0x2001bbcc       0x18 C:/ISIS/workspace_ycube/GlobusSatProject/..//hal/hcc/lib\libHCCD.a(oalp_task.o)
                0x2001bbcc                oal_task_get_id
 .text.mcipdc_hw_init
                0x2001bbe4       0xe8 C:/ISIS/workspace_ycube/GlobusSatProject/..//hal/hcc/lib\libHCCD.a(atmel_mcipdc_hw.o)
                0x2001bbe4                mcipdc_hw_init
 .text.mcipdc_hw_delete
                0x2001bccc       0x78 C:/ISIS/workspace_ycube/GlobusSatProject/..//hal/hcc/lib\libHCCD.a(atmel_mcipdc_hw.o)
                0x2001bccc                mcipdc_hw_delete
 .text.mcipdc_hw_card_plugged
                0x2001bd44       0x1c C:/ISIS/workspace_ycube/GlobusSatProject/..//hal/hcc/lib\libHCCD.a(atmel_mcipdc_hw.o)
                0x2001bd44                mcipdc_hw_card_plugged
 .text.mcipdc_hw_card_writeprotect
                0x2001bd60       0x1c C:/ISIS/workspace_ycube/GlobusSatProject/..//hal/hcc/lib\libHCCD.a(atmel_mcipdc_hw.o)
                0x2001bd60                mcipdc_hw_card_writeprotect
 .text.psp_getcurrenttimedate
                0x2001bd7c       0x8c C:/ISIS/workspace_ycube/GlobusSatProject/..//hal/hcc/lib\libHCCD.a(psp_rtc.o)
                0x2001bd7c                psp_getcurrenttimedate
 .text._hcc_get_buf_dsc
                0x2001be08       0x8c C:/ISIS/workspace_ycube/GlobusSatProject/..//hal/hcc/lib\libHCCD.a(hcc_mem.o)
 .text._hcc_check_free_pages
                0x2001be94      0x18c C:/ISIS/workspace_ycube/GlobusSatProject/..//hal/hcc/lib\libHCCD.a(hcc_mem.o)
 .text._hcc_mark_pages
                0x2001c020      0x158 C:/ISIS/workspace_ycube/GlobusSatProject/..//hal/hcc/lib\libHCCD.a(hcc_mem.o)
 .text._hcc_clear_lock_dsc
                0x2001c178       0x80 C:/ISIS/workspace_ycube/GlobusSatProject/..//hal/hcc/lib\libHCCD.a(hcc_mem.o)
 .text._hcc_lock_access
                0x2001c1f8      0x128 C:/ISIS/workspace_ycube/GlobusSatProject/..//hal/hcc/lib\libHCCD.a(hcc_mem.o)
 .text._hcc_unlock_access
                0x2001c320       0x30 C:/ISIS/workspace_ycube/GlobusSatProject/..//hal/hcc/lib\libHCCD.a(hcc_mem.o)
 .text.hcc_mem_alloc
                0x2001c350      0x454 C:/ISIS/workspace_ycube/GlobusSatProject/..//hal/hcc/lib\libHCCD.a(hcc_mem.o)
                0x2001c350                hcc_mem_alloc
 .text.hcc_mem_free
                0x2001c7a4      0x178 C:/ISIS/workspace_ycube/GlobusSatProject/..//hal/hcc/lib\libHCCD.a(hcc_mem.o)
                0x2001c7a4                hcc_mem_free
 .text.hcc_mem_add
                0x2001c91c      0x3b0 C:/ISIS/workspace_ycube/GlobusSatProject/..//hal/hcc/lib\libHCCD.a(hcc_mem.o)
                0x2001c91c                hcc_mem_add
 .text.hcc_mem_init
                0x2001cccc      0x164 C:/ISIS/workspace_ycube/GlobusSatProject/..//hal/hcc/lib\libHCCD.a(hcc_mem.o)
                0x2001cccc                hcc_mem_init
 .text._f_invalidatedir
                0x2001ce30       0x28 C:/ISIS/workspace_ycube/GlobusSatProject/..//hal/hcc/lib\libHCCD.a(fat.o)
                0x2001ce30                _f_invalidatedir
 .text._f_getdirsector
                0x2001ce58       0x88 C:/ISIS/workspace_ycube/GlobusSatProject/..//hal/hcc/lib\libHCCD.a(fat.o)
                0x2001ce58                _f_getdirsector
 .text._f_writedirsector
                0x2001cee0       0x74 C:/ISIS/workspace_ycube/GlobusSatProject/..//hal/hcc/lib\libHCCD.a(fat.o)
                0x2001cee0                _f_writedirsector
 .text._f_checknameinv
                0x2001cf54      0x180 C:/ISIS/workspace_ycube/GlobusSatProject/..//hal/hcc/lib\libHCCD.a(fat.o)
 .text._f_checkname
                0x2001d0d4       0x7c C:/ISIS/workspace_ycube/GlobusSatProject/..//hal/hcc/lib\libHCCD.a(fat.o)
 .text._f_checknamewc
                0x2001d150       0xf8 C:/ISIS/workspace_ycube/GlobusSatProject/..//hal/hcc/lib\libHCCD.a(fat.o)
 .text._f_setnameext
                0x2001d248      0x300 C:/ISIS/workspace_ycube/GlobusSatProject/..//hal/hcc/lib\libHCCD.a(fat.o)
 .text._f_setfsname
                0x2001d548      0x584 C:/ISIS/workspace_ycube/GlobusSatProject/..//hal/hcc/lib\libHCCD.a(fat.o)
 .text._f_findfile
                0x2001dacc      0x30c C:/ISIS/workspace_ycube/GlobusSatProject/..//hal/hcc/lib\libHCCD.a(fat.o)
 .text._f_cmp_wname
                0x2001ddd8      0x274 C:/ISIS/workspace_ycube/GlobusSatProject/..//hal/hcc/lib\libHCCD.a(fat.o)
 .text._f_to_string
                0x2001e04c      0x130 C:/ISIS/workspace_ycube/GlobusSatProject/..//hal/hcc/lib\libHCCD.a(fat.o)
 .text._f_findfilewc
                0x2001e17c      0x278 C:/ISIS/workspace_ycube/GlobusSatProject/..//hal/hcc/lib\libHCCD.a(fat.o)
 .text._f_getfilename
                0x2001e3f4      0x20c C:/ISIS/workspace_ycube/GlobusSatProject/..//hal/hcc/lib\libHCCD.a(fat.o)
 .text._f_findpath
                0x2001e600      0x35c C:/ISIS/workspace_ycube/GlobusSatProject/..//hal/hcc/lib\libHCCD.a(fat.o)
 .text.fn_getdcwd
                0x2001e95c      0x1e0 C:/ISIS/workspace_ycube/GlobusSatProject/..//hal/hcc/lib\libHCCD.a(fat.o)
                0x2001e95c                fn_getdcwd
 .text.fn_findfirst
                0x2001eb3c      0x13c C:/ISIS/workspace_ycube/GlobusSatProject/..//hal/hcc/lib\libHCCD.a(fat.o)
                0x2001eb3c                fn_findfirst
 .text.fn_findnext
                0x2001ec78      0x360 C:/ISIS/workspace_ycube/GlobusSatProject/..//hal/hcc/lib\libHCCD.a(fat.o)
                0x2001ec78                fn_findnext
 .text._f_lock_resfile
                0x2001efd8       0x6c C:/ISIS/workspace_ycube/GlobusSatProject/..//hal/hcc/lib\libHCCD.a(fat.o)
 .text._f_unlock_resfile
                0x2001f044       0x40 C:/ISIS/workspace_ycube/GlobusSatProject/..//hal/hcc/lib\libHCCD.a(fat.o)
 .text._f_getintfile
                0x2001f084      0x124 C:/ISIS/workspace_ycube/GlobusSatProject/..//hal/hcc/lib\libHCCD.a(fat.o)
 .text._f_addentry
                0x2001f1a8      0x540 C:/ISIS/workspace_ycube/GlobusSatProject/..//hal/hcc/lib\libHCCD.a(fat.o)
 .text.fn_open_sub
                0x2001f6e8     0x1698 C:/ISIS/workspace_ycube/GlobusSatProject/..//hal/hcc/lib\libHCCD.a(fat.o)
 .text.fn_open  0x20020d80       0x44 C:/ISIS/workspace_ycube/GlobusSatProject/..//hal/hcc/lib\libHCCD.a(fat.o)
                0x20020d80                fn_open
 .text.fn_delete
                0x20020dc4      0x490 C:/ISIS/workspace_ycube/GlobusSatProject/..//hal/hcc/lib\libHCCD.a(fat.o)
                0x20020dc4                fn_delete
 .text.hcc_mem_buf_alloc
                0x20021254       0xe4 C:/ISIS/workspace_ycube/GlobusSatProject/..//hal/hcc/lib\libHCCD.a(psp_hcc_mem.o)
                0x20021254                hcc_mem_buf_alloc
 .text.makeAntStransfer
                0x20021338       0x4c C:/ISIS/workspace_ycube/satellite-subsystems/satellite-subsystems/lib\libSatelliteSubsystemsD.a(IsisAntS.o)
 .text.checkInputsValid
                0x20021384       0x7c C:/ISIS/workspace_ycube/satellite-subsystems/satellite-subsystems/lib\libSatelliteSubsystemsD.a(IsisAntS.o)
 .text.IsisAntS_initialize
                0x20021400      0x26c C:/ISIS/workspace_ycube/satellite-subsystems/satellite-subsystems/lib\libSatelliteSubsystemsD.a(IsisAntS.o)
                0x20021400                IsisAntS_initialize
 .text.IsisAntS_setArmStatus
                0x2002166c      0x104 C:/ISIS/workspace_ycube/satellite-subsystems/satellite-subsystems/lib\libSatelliteSubsystemsD.a(IsisAntS.o)
                0x2002166c                IsisAntS_setArmStatus
 .text.IsisAntS_getStatusData
                0x20021770      0x120 C:/ISIS/workspace_ycube/satellite-subsystems/satellite-subsystems/lib\libSatelliteSubsystemsD.a(IsisAntS.o)
                0x20021770                IsisAntS_getStatusData
 .text.IsisAntS_getUptime
                0x20021890      0x120 C:/ISIS/workspace_ycube/satellite-subsystems/satellite-subsystems/lib\libSatelliteSubsystemsD.a(IsisAntS.o)
                0x20021890                IsisAntS_getUptime
 .text.IsisAntS_getAlltelemetry
                0x200219b0      0x120 C:/ISIS/workspace_ycube/satellite-subsystems/satellite-subsystems/lib\libSatelliteSubsystemsD.a(IsisAntS.o)
                0x200219b0                IsisAntS_getAlltelemetry
 .text.IsisAntS_reset
                0x20021ad0      0x104 C:/ISIS/workspace_ycube/satellite-subsystems/satellite-subsystems/lib\libSatelliteSubsystemsD.a(IsisAntS.o)
                0x20021ad0                IsisAntS_reset
 .text.IsisAntS_cancelDeployment
                0x20021bd4      0x104 C:/ISIS/workspace_ycube/satellite-subsystems/satellite-subsystems/lib\libSatelliteSubsystemsD.a(IsisAntS.o)
                0x20021bd4                IsisAntS_cancelDeployment
 .text.IsisAntS_autoDeployment
                0x20021cd8      0x114 C:/ISIS/workspace_ycube/satellite-subsystems/satellite-subsystems/lib\libSatelliteSubsystemsD.a(IsisAntS.o)
                0x20021cd8                IsisAntS_autoDeployment
 .text.IsisSolarPanelv2_initialize
                0x20021dec       0xb4 C:/ISIS/workspace_ycube/satellite-subsystems/satellite-subsystems/lib\libSatelliteSubsystemsD.a(IsisSolarPanelv2.o)
                0x20021dec                IsisSolarPanelv2_initialize
 .text.IsisSolarPanelv2_getTemperature
                0x20021ea0       0xc8 C:/ISIS/workspace_ycube/satellite-subsystems/satellite-subsystems/lib\libSatelliteSubsystemsD.a(IsisSolarPanelv2.o)
                0x20021ea0                IsisSolarPanelv2_getTemperature
 .text.IsisSolarPanelv2_getState
                0x20021f68       0x24 C:/ISIS/workspace_ycube/satellite-subsystems/satellite-subsystems/lib\libSatelliteSubsystemsD.a(IsisSolarPanelv2.o)
                0x20021f68                IsisSolarPanelv2_getState
 .text._Reset   0x20021f8c       0x20 C:/ISIS/workspace_ycube/satellite-subsystems/satellite-subsystems/lib\libSatelliteSubsystemsD.a(IsisSolarPanelv2.o)
 .text._WaitForStartup
                0x20021fac       0x90 C:/ISIS/workspace_ycube/satellite-subsystems/satellite-subsystems/lib\libSatelliteSubsystemsD.a(IsisSolarPanelv2.o)
 .text._AssignAllChannels
                0x2002203c       0x90 C:/ISIS/workspace_ycube/satellite-subsystems/satellite-subsystems/lib\libSatelliteSubsystemsD.a(IsisSolarPanelv2.o)
 .text._AssignThisChannel
                0x200220cc       0xe8 C:/ISIS/workspace_ycube/satellite-subsystems/satellite-subsystems/lib\libSatelliteSubsystemsD.a(IsisSolarPanelv2.o)
 .text._InitiateConversion
                0x200221b4       0xac C:/ISIS/workspace_ycube/satellite-subsystems/satellite-subsystems/lib\libSatelliteSubsystemsD.a(IsisSolarPanelv2.o)
 .text._WaitForConversionComplete
                0x20022260      0x100 C:/ISIS/workspace_ycube/satellite-subsystems/satellite-subsystems/lib\libSatelliteSubsystemsD.a(IsisSolarPanelv2.o)
 .text._ReadResult
                0x20022360      0x158 C:/ISIS/workspace_ycube/satellite-subsystems/satellite-subsystems/lib\libSatelliteSubsystemsD.a(IsisSolarPanelv2.o)
 .text._ExtractByte
                0x200224b8       0x38 C:/ISIS/workspace_ycube/satellite-subsystems/satellite-subsystems/lib\libSatelliteSubsystemsD.a(IsisSolarPanelv2.o)
 .text._ExtendSign
                0x200224f0       0x6c C:/ISIS/workspace_ycube/satellite-subsystems/satellite-subsystems/lib\libSatelliteSubsystemsD.a(IsisSolarPanelv2.o)
 .text._PinsInit
                0x2002255c       0x50 C:/ISIS/workspace_ycube/satellite-subsystems/satellite-subsystems/lib\libSatelliteSubsystemsD.a(IsisSolarPanelv2.o)
 .text._SpiWriteRead
                0x200225ac       0x70 C:/ISIS/workspace_ycube/satellite-subsystems/satellite-subsystems/lib\libSatelliteSubsystemsD.a(IsisSolarPanelv2.o)
 .text.IsisTrxvu_initialize
                0x2002261c      0x2f4 C:/ISIS/workspace_ycube/satellite-subsystems/satellite-subsystems/lib\libSatelliteSubsystemsD.a(IsisTRXVU.o)
                0x2002261c                IsisTrxvu_initialize
 .text.makeTRXVUtransfer
                0x20022910       0x44 C:/ISIS/workspace_ycube/satellite-subsystems/satellite-subsystems/lib\libSatelliteSubsystemsD.a(IsisTRXVU.o)
 .text.IsisTrxvu_componentSoftReset
                0x20022954       0x6c C:/ISIS/workspace_ycube/satellite-subsystems/satellite-subsystems/lib\libSatelliteSubsystemsD.a(IsisTRXVU.o)
                0x20022954                IsisTrxvu_componentSoftReset
 .text.IsisTrxvu_componentHardReset
                0x200229c0       0xc8 C:/ISIS/workspace_ycube/satellite-subsystems/satellite-subsystems/lib\libSatelliteSubsystemsD.a(IsisTRXVU.o)
                0x200229c0                IsisTrxvu_componentHardReset
 .text.IsisTrxvu_softReset
                0x20022a88       0x74 C:/ISIS/workspace_ycube/satellite-subsystems/satellite-subsystems/lib\libSatelliteSubsystemsD.a(IsisTRXVU.o)
                0x20022a88                IsisTrxvu_softReset
 .text.IsisTrxvu_hardReset
                0x20022afc       0x74 C:/ISIS/workspace_ycube/satellite-subsystems/satellite-subsystems/lib\libSatelliteSubsystemsD.a(IsisTRXVU.o)
                0x20022afc                IsisTrxvu_hardReset
 .text.IsisTrxvu_tcSendAX25DefClSign
                0x20022b70       0xec C:/ISIS/workspace_ycube/satellite-subsystems/satellite-subsystems/lib\libSatelliteSubsystemsD.a(IsisTRXVU.o)
                0x20022b70                IsisTrxvu_tcSendAX25DefClSign
 .text.IsisTrxvu_tcSetIdlestate
                0x20022c5c       0xa4 C:/ISIS/workspace_ycube/satellite-subsystems/satellite-subsystems/lib\libSatelliteSubsystemsD.a(IsisTRXVU.o)
                0x20022c5c                IsisTrxvu_tcSetIdlestate
 .text.IsisTrxvu_tcSetAx25Bitrate
                0x20022d00       0xc4 C:/ISIS/workspace_ycube/satellite-subsystems/satellite-subsystems/lib\libSatelliteSubsystemsD.a(IsisTRXVU.o)
                0x20022d00                IsisTrxvu_tcSetAx25Bitrate
 .text.IsisTrxvu_tcGetUptime
                0x20022dc4       0xa0 C:/ISIS/workspace_ycube/satellite-subsystems/satellite-subsystems/lib\libSatelliteSubsystemsD.a(IsisTRXVU.o)
                0x20022dc4                IsisTrxvu_tcGetUptime
 .text.IsisTrxvu_tcGetState
                0x20022e64       0xd0 C:/ISIS/workspace_ycube/satellite-subsystems/satellite-subsystems/lib\libSatelliteSubsystemsD.a(IsisTRXVU.o)
                0x20022e64                IsisTrxvu_tcGetState
 .text.IsisTrxvu_tcGetTelemetryAll
                0x20022f34       0xd0 C:/ISIS/workspace_ycube/satellite-subsystems/satellite-subsystems/lib\libSatelliteSubsystemsD.a(IsisTRXVU.o)
                0x20022f34                IsisTrxvu_tcGetTelemetryAll
 .text.IsisTrxvu_rcGetFrameCount
                0x20023004       0xa0 C:/ISIS/workspace_ycube/satellite-subsystems/satellite-subsystems/lib\libSatelliteSubsystemsD.a(IsisTRXVU.o)
                0x20023004                IsisTrxvu_rcGetFrameCount
 .text.IsisTrxvu_rcGetCommandFrame
                0x200230a4      0x2d8 C:/ISIS/workspace_ycube/satellite-subsystems/satellite-subsystems/lib\libSatelliteSubsystemsD.a(IsisTRXVU.o)
                0x200230a4                IsisTrxvu_rcGetCommandFrame
 .text.IsisTrxvu_rcGetTelemetryAll
                0x2002337c       0xd0 C:/ISIS/workspace_ycube/satellite-subsystems/satellite-subsystems/lib\libSatelliteSubsystemsD.a(IsisTRXVU.o)
                0x2002337c                IsisTrxvu_rcGetTelemetryAll
 .text.IsisTrxvu_rcGetUptime
                0x2002344c       0xa0 C:/ISIS/workspace_ycube/satellite-subsystems/satellite-subsystems/lib\libSatelliteSubsystemsD.a(IsisTRXVU.o)
                0x2002344c                IsisTrxvu_rcGetUptime
 .text.ISIS_EPS_Init
                0x200234ec       0xc8 C:/ISIS/workspace_ycube/satellite-subsystems/satellite-subsystems/lib\libSatelliteSubsystemsD.a(isis_eps_driver.o)
                0x200234ec                ISIS_EPS_Init
 .text.isis_eps__reset__tmtc
                0x200235b4       0xe8 C:/ISIS/workspace_ycube/satellite-subsystems/satellite-subsystems/lib\libSatelliteSubsystemsD.a(isis_eps_driver.o)
                0x200235b4                isis_eps__reset__tmtc
 .text.isis_eps__watchdog__tm
                0x2002369c       0xac C:/ISIS/workspace_ycube/satellite-subsystems/satellite-subsystems/lib\libSatelliteSubsystemsD.a(isis_eps_driver.o)
                0x2002369c                isis_eps__watchdog__tm
 .text.isis_eps__gethousekeepingraw__tm
                0x20023748       0xac C:/ISIS/workspace_ycube/satellite-subsystems/satellite-subsystems/lib\libSatelliteSubsystemsD.a(isis_eps_driver.o)
                0x20023748                isis_eps__gethousekeepingraw__tm
 .text.isis_eps__gethousekeepingrawincdb__tm
                0x200237f4       0xac C:/ISIS/workspace_ycube/satellite-subsystems/satellite-subsystems/lib\libSatelliteSubsystemsD.a(isis_eps_driver.o)
                0x200237f4                isis_eps__gethousekeepingrawincdb__tm
 .text.isis_eps__gethousekeepingeng__tm
                0x200238a0       0xac C:/ISIS/workspace_ycube/satellite-subsystems/satellite-subsystems/lib\libSatelliteSubsystemsD.a(isis_eps_driver.o)
                0x200238a0                isis_eps__gethousekeepingeng__tm
 .text.isis_eps__gethousekeepingengincdb__tm
                0x2002394c       0xac C:/ISIS/workspace_ycube/satellite-subsystems/satellite-subsystems/lib\libSatelliteSubsystemsD.a(isis_eps_driver.o)
                0x2002394c                isis_eps__gethousekeepingengincdb__tm
 .text._I2C_Send
                0x200239f8       0x78 C:/ISIS/workspace_ycube/satellite-subsystems/satellite-subsystems/lib\libSatelliteSubsystemsD.a(isis_eps_driver.o)
 .text.makeTRXCommonTransfer
                0x20023a70       0x34 C:/ISIS/workspace_ycube/satellite-subsystems/satellite-subsystems/lib\libSatelliteSubsystemsD.a(IsisTRXCommon.o)
 .text.IsisTrxCommon_componentReset
                0x20023aa4       0x68 C:/ISIS/workspace_ycube/satellite-subsystems/satellite-subsystems/lib\libSatelliteSubsystemsD.a(IsisTRXCommon.o)
                0x20023aa4                IsisTrxCommon_componentReset
 .text.IsisTrxCommon_TxSendAX25DefClSign
                0x20023b0c       0xf4 C:/ISIS/workspace_ycube/satellite-subsystems/satellite-subsystems/lib\libSatelliteSubsystemsD.a(IsisTRXCommon.o)
                0x20023b0c                IsisTrxCommon_TxSendAX25DefClSign
 .text.IsisTrxCommon_TxSetIdlestate
                0x20023c00       0x78 C:/ISIS/workspace_ycube/satellite-subsystems/satellite-subsystems/lib\libSatelliteSubsystemsD.a(IsisTRXCommon.o)
                0x20023c00                IsisTrxCommon_TxSetIdlestate
 .text.IsisTrxCommon_TxSetAx25Bitrate
                0x20023c78       0x78 C:/ISIS/workspace_ycube/satellite-subsystems/satellite-subsystems/lib\libSatelliteSubsystemsD.a(IsisTRXCommon.o)
                0x20023c78                IsisTrxCommon_TxSetAx25Bitrate
 .text.IsisTrxCommon_RxGetFrameCount
                0x20023cf0       0x8c C:/ISIS/workspace_ycube/satellite-subsystems/satellite-subsystems/lib\libSatelliteSubsystemsD.a(IsisTRXCommon.o)
                0x20023cf0                IsisTrxCommon_RxGetFrameCount
 .text.IsisTrxCommon_GetUptime
                0x20023d7c       0x8c C:/ISIS/workspace_ycube/satellite-subsystems/satellite-subsystems/lib\libSatelliteSubsystemsD.a(IsisTRXCommon.o)
                0x20023d7c                IsisTrxCommon_GetUptime
 .text.xQueueGenericReset
                0x20023e08      0x150 C:/ISIS/workspace_ycube/GlobusSatProject/..//hal/freertos/lib\libFreeRTOSD.a(queue.o)
                0x20023e08                xQueueGenericReset
 .text.xQueueGenericCreate
                0x20023f58      0x108 C:/ISIS/workspace_ycube/GlobusSatProject/..//hal/freertos/lib\libFreeRTOSD.a(queue.o)
                0x20023f58                xQueueGenericCreate
 .text.xQueueCreateMutex
                0x20024060      0x11c C:/ISIS/workspace_ycube/GlobusSatProject/..//hal/freertos/lib\libFreeRTOSD.a(queue.o)
                0x20024060                xQueueCreateMutex
 .text.xQueueGenericSend
                0x2002417c      0x298 C:/ISIS/workspace_ycube/GlobusSatProject/..//hal/freertos/lib\libFreeRTOSD.a(queue.o)
                0x2002417c                xQueueGenericSend
 .text.xQueueGenericSendFromISR
                0x20024414      0x1e0 C:/ISIS/workspace_ycube/GlobusSatProject/..//hal/freertos/lib\libFreeRTOSD.a(queue.o)
                0x20024414                xQueueGenericSendFromISR
 .text.xQueueGenericReceive
                0x200245f4      0x2cc C:/ISIS/workspace_ycube/GlobusSatProject/..//hal/freertos/lib\libFreeRTOSD.a(queue.o)
                0x200245f4                xQueueGenericReceive
 .text.uxQueueMessagesWaiting
                0x200248c0       0x6c C:/ISIS/workspace_ycube/GlobusSatProject/..//hal/freertos/lib\libFreeRTOSD.a(queue.o)
                0x200248c0                uxQueueMessagesWaiting
 .text.vQueueDelete
                0x2002492c       0x78 C:/ISIS/workspace_ycube/GlobusSatProject/..//hal/freertos/lib\libFreeRTOSD.a(queue.o)
                0x2002492c                vQueueDelete
 .text.prvCopyDataToQueue
                0x200249a4      0x190 C:/ISIS/workspace_ycube/GlobusSatProject/..//hal/freertos/lib\libFreeRTOSD.a(queue.o)
 .text.prvCopyDataFromQueue
                0x20024b34       0x90 C:/ISIS/workspace_ycube/GlobusSatProject/..//hal/freertos/lib\libFreeRTOSD.a(queue.o)
 .text.prvUnlockQueue
                0x20024bc4      0x130 C:/ISIS/workspace_ycube/GlobusSatProject/..//hal/freertos/lib\libFreeRTOSD.a(queue.o)
 .text.prvIsQueueEmpty
                0x20024cf4       0x4c C:/ISIS/workspace_ycube/GlobusSatProject/..//hal/freertos/lib\libFreeRTOSD.a(queue.o)
 .text.prvIsQueueFull
                0x20024d40       0x54 C:/ISIS/workspace_ycube/GlobusSatProject/..//hal/freertos/lib\libFreeRTOSD.a(queue.o)
 .text.vQueueUnregisterQueue
                0x20024d94       0x80 C:/ISIS/workspace_ycube/GlobusSatProject/..//hal/freertos/lib\libFreeRTOSD.a(queue.o)
                0x20024d94                vQueueUnregisterQueue
 .text.vQueueWaitForMessageRestricted
                0x20024e14       0x90 C:/ISIS/workspace_ycube/GlobusSatProject/..//hal/freertos/lib\libFreeRTOSD.a(queue.o)
                0x20024e14                vQueueWaitForMessageRestricted
 .text.prvNotifyQueueSetContainer
                0x20024ea4      0x108 C:/ISIS/workspace_ycube/GlobusSatProject/..//hal/freertos/lib\libFreeRTOSD.a(queue.o)
 .text.xTaskGenericCreate
                0x20024fac      0x2ac C:/ISIS/workspace_ycube/GlobusSatProject/..//hal/freertos/lib\libFreeRTOSD.a(tasks.o)
                0x20024fac                xTaskGenericCreate
 .text.vTaskDelete
                0x20025258       0xe8 C:/ISIS/workspace_ycube/GlobusSatProject/..//hal/freertos/lib\libFreeRTOSD.a(tasks.o)
                0x20025258                vTaskDelete
 .text.vTaskDelay
                0x20025340       0x80 C:/ISIS/workspace_ycube/GlobusSatProject/..//hal/freertos/lib\libFreeRTOSD.a(tasks.o)
                0x20025340                vTaskDelay
 .text.eTaskGetState
                0x200253c0       0xe4 C:/ISIS/workspace_ycube/GlobusSatProject/..//hal/freertos/lib\libFreeRTOSD.a(tasks.o)
                0x200253c0                eTaskGetState
 .text.vTaskStartScheduler
                0x200254a4      0x104 C:/ISIS/workspace_ycube/GlobusSatProject/..//hal/freertos/lib\libFreeRTOSD.a(tasks.o)
                0x200254a4                vTaskStartScheduler
 .text.vTaskSuspendAll
                0x200255a8       0x2c C:/ISIS/workspace_ycube/GlobusSatProject/..//hal/freertos/lib\libFreeRTOSD.a(tasks.o)
                0x200255a8                vTaskSuspendAll
 .text.xTaskResumeAll
                0x200255d4      0x1f4 C:/ISIS/workspace_ycube/GlobusSatProject/..//hal/freertos/lib\libFreeRTOSD.a(tasks.o)
                0x200255d4                xTaskResumeAll
 .text.xTaskGetTickCount
                0x200257c8       0x34 C:/ISIS/workspace_ycube/GlobusSatProject/..//hal/freertos/lib\libFreeRTOSD.a(tasks.o)
                0x200257c8                xTaskGetTickCount
 .text.xTaskIncrementTick
                0x200257fc      0x298 C:/ISIS/workspace_ycube/GlobusSatProject/..//hal/freertos/lib\libFreeRTOSD.a(tasks.o)
                0x200257fc                xTaskIncrementTick
 .text.vTaskSwitchContext
                0x20025a94      0x1a4 C:/ISIS/workspace_ycube/GlobusSatProject/..//hal/freertos/lib\libFreeRTOSD.a(tasks.o)
                0x20025a94                vTaskSwitchContext
 .text.vTaskPlaceOnEventList
                0x20025c38       0xcc C:/ISIS/workspace_ycube/GlobusSatProject/..//hal/freertos/lib\libFreeRTOSD.a(tasks.o)
                0x20025c38                vTaskPlaceOnEventList
 .text.vTaskPlaceOnEventListRestricted
                0x20025d04       0xa4 C:/ISIS/workspace_ycube/GlobusSatProject/..//hal/freertos/lib\libFreeRTOSD.a(tasks.o)
                0x20025d04                vTaskPlaceOnEventListRestricted
 .text.xTaskRemoveFromEventList
                0x20025da8      0x160 C:/ISIS/workspace_ycube/GlobusSatProject/..//hal/freertos/lib\libFreeRTOSD.a(tasks.o)
                0x20025da8                xTaskRemoveFromEventList
 .text.vTaskSetTimeOutState
                0x20025f08       0x78 C:/ISIS/workspace_ycube/GlobusSatProject/..//hal/freertos/lib\libFreeRTOSD.a(tasks.o)
                0x20025f08                vTaskSetTimeOutState
 .text.xTaskCheckForTimeOut
                0x20025f80      0x158 C:/ISIS/workspace_ycube/GlobusSatProject/..//hal/freertos/lib\libFreeRTOSD.a(tasks.o)
                0x20025f80                xTaskCheckForTimeOut
 .text.vTaskMissedYield
                0x200260d8       0x24 C:/ISIS/workspace_ycube/GlobusSatProject/..//hal/freertos/lib\libFreeRTOSD.a(tasks.o)
                0x200260d8                vTaskMissedYield
 .text.prvIdleTask
                0x200260fc       0x20 C:/ISIS/workspace_ycube/GlobusSatProject/..//hal/freertos/lib\libFreeRTOSD.a(tasks.o)
 .text.prvInitialiseTCBVariables
                0x2002611c      0x450 C:/ISIS/workspace_ycube/GlobusSatProject/..//hal/freertos/lib\libFreeRTOSD.a(tasks.o)
 .text.prvInitialiseTaskLists
                0x2002656c       0xbc C:/ISIS/workspace_ycube/GlobusSatProject/..//hal/freertos/lib\libFreeRTOSD.a(tasks.o)
 .text.prvCheckTasksWaitingTermination
                0x20026628       0xbc C:/ISIS/workspace_ycube/GlobusSatProject/..//hal/freertos/lib\libFreeRTOSD.a(tasks.o)
 .text.prvAddCurrentTaskToDelayedList
                0x200266e4       0xb4 C:/ISIS/workspace_ycube/GlobusSatProject/..//hal/freertos/lib\libFreeRTOSD.a(tasks.o)
 .text.prvAllocateTCBAndStack
                0x20026798       0xb4 C:/ISIS/workspace_ycube/GlobusSatProject/..//hal/freertos/lib\libFreeRTOSD.a(tasks.o)
 .text.prvDeleteTCB
                0x2002684c       0x30 C:/ISIS/workspace_ycube/GlobusSatProject/..//hal/freertos/lib\libFreeRTOSD.a(tasks.o)
 .text.xTaskGetCurrentTaskHandle
                0x2002687c       0x30 C:/ISIS/workspace_ycube/GlobusSatProject/..//hal/freertos/lib\libFreeRTOSD.a(tasks.o)
                0x2002687c                xTaskGetCurrentTaskHandle
 .text.xTaskGetSchedulerState
                0x200268ac       0x68 C:/ISIS/workspace_ycube/GlobusSatProject/..//hal/freertos/lib\libFreeRTOSD.a(tasks.o)
                0x200268ac                xTaskGetSchedulerState
 .text.vTaskPriorityInherit
                0x20026914      0x148 C:/ISIS/workspace_ycube/GlobusSatProject/..//hal/freertos/lib\libFreeRTOSD.a(tasks.o)
                0x20026914                vTaskPriorityInherit
 .text.vTaskPriorityDisinherit
                0x20026a5c       0xdc C:/ISIS/workspace_ycube/GlobusSatProject/..//hal/freertos/lib\libFreeRTOSD.a(tasks.o)
                0x20026a5c                vTaskPriorityDisinherit
 .text.xTimerCreateTimerTask
                0x20026b38       0xb0 C:/ISIS/workspace_ycube/GlobusSatProject/..//hal/freertos/lib\libFreeRTOSD.a(timers.o)
                0x20026b38                xTimerCreateTimerTask
 .text.xTimerGenericCommand
                0x20026be8       0xf0 C:/ISIS/workspace_ycube/GlobusSatProject/..//hal/freertos/lib\libFreeRTOSD.a(timers.o)
                0x20026be8                xTimerGenericCommand
 .text.prvProcessExpiredTimer
                0x20026cd8       0xec C:/ISIS/workspace_ycube/GlobusSatProject/..//hal/freertos/lib\libFreeRTOSD.a(timers.o)
 .text.prvTimerTask
                0x20026dc4       0x38 C:/ISIS/workspace_ycube/GlobusSatProject/..//hal/freertos/lib\libFreeRTOSD.a(timers.o)
 .text.prvProcessTimerOrBlockTask
                0x20026dfc       0xb4 C:/ISIS/workspace_ycube/GlobusSatProject/..//hal/freertos/lib\libFreeRTOSD.a(timers.o)
 .text.prvGetNextExpireTime
                0x20026eb0       0x80 C:/ISIS/workspace_ycube/GlobusSatProject/..//hal/freertos/lib\libFreeRTOSD.a(timers.o)
 .text.prvSampleTimeNow