Archive member included because of file (symbol)

C:/ISIS/workspace_ycube/ycube/GlobusSatProject/..//hal/hal/lib\libHALD.a(SPI.o)
                              ./src/InitSystem.o (SPI_start)
C:/ISIS/workspace_ycube/ycube/GlobusSatProject/..//hal/hal/lib\libHALD.a(I2C.o)
                              ./src/SubSystemModules/Payload/payload_drivers.o (I2C_write)
C:/ISIS/workspace_ycube/ycube/GlobusSatProject/..//hal/hal/lib\libHALD.a(ADC.o)
                              ./src/SubSystemModules/Housekepping/TelemetryCollector.o (ADC_ConvertRaw10bitToMillivolt)
C:/ISIS/workspace_ycube/ycube/GlobusSatProject/..//hal/hal/lib\libHALD.a(FRAM.o)
                              ./src/SubSystemModules/Communication/SubsystemCommands/Maintanence_Commands.o (FRAM_start)
C:/ISIS/workspace_ycube/ycube/GlobusSatProject/..//hal/hal/lib\libHALD.a(Time.o)
                              ./src/InitSystem.o (Time_start)
C:/ISIS/workspace_ycube/ycube/GlobusSatProject/..//hal/hal/lib\libHALD.a(WatchDogTimerNoOS.o)
                              ./src/main.o (WDT_start)
C:/ISIS/workspace_ycube/ycube/GlobusSatProject/..//hal/hal/lib\libHALD.a(RTT.o)
                              C:/ISIS/workspace_ycube/ycube/GlobusSatProject/..//hal/hal/lib\libHALD.a(Time.o) (RTT_start)
C:/ISIS/workspace_ycube/ycube/GlobusSatProject/..//hal/hal/lib\libHALD.a(RTC.o)
                              C:/ISIS/workspace_ycube/ycube/GlobusSatProject/..//hal/hal/lib\libHALD.a(Time.o) (RTC_getTime)
C:/ISIS/workspace_ycube/ycube/GlobusSatProject/..//hal/hal/lib\libHALD.a(WatchDogTimerOS.o)
                              ./src/TestingDemos/MainTest.o (WDT_startWatchdogKickTask)
C:/ISIS/workspace_ycube/ycube/GlobusSatProject/..//hal/hal/lib\libHALD.a(fprintf.o)
                              ./src/TLM_management.o (f_puts)
C:/ISIS/workspace_ycube/ycube/GlobusSatProject/..//hal/hal/lib\libHALD.a(util.o)
                              ./src/TestingDemos/CommandsTestingDemo.o (UTIL_DbguGetIntegerMinMax)
C:/ISIS/workspace_ycube/ycube/GlobusSatProject/..//hal/hal/lib\libHALD.a(LED.o)
                              C:/ISIS/workspace_ycube/ycube/GlobusSatProject/..//hal/hal/lib\libHALD.a(WatchDogTimerOS.o) (LED_toggle)
C:/ISIS/workspace_ycube/ycube/GlobusSatProject/..//hal/hcc/lib\libHCCD.a(fat_m.o)
                              ./src/TLM_management.o (fm_initvolume)
C:/ISIS/workspace_ycube/ycube/GlobusSatProject/..//hal/hcc/lib\libHCCD.a(fat.o)
                              C:/ISIS/workspace_ycube/ycube/GlobusSatProject/..//hal/hcc/lib\libHCCD.a(fat_m.o) (fn_getdcwd)
C:/ISIS/workspace_ycube/ycube/GlobusSatProject/..//hal/hcc/lib\libHCCD.a(fat_common.o)
                              C:/ISIS/workspace_ycube/ycube/GlobusSatProject/..//hal/hcc/lib\libHCCD.a(fat.o) (p_filesystem)
C:/ISIS/workspace_ycube/ycube/GlobusSatProject/..//hal/hcc/lib\libHCCD.a(safefat.o)
                              C:/ISIS/workspace_ycube/ycube/GlobusSatProject/..//hal/hcc/lib\libHCCD.a(fat.o) (s_subdir)
C:/ISIS/workspace_ycube/ycube/GlobusSatProject/..//hal/hcc/lib\libHCCD.a(atmel_mcipdc.o)
                              ./src/TLM_management.o (atmel_mcipdc_initfunc)
C:/ISIS/workspace_ycube/ycube/GlobusSatProject/..//hal/hcc/lib\libHCCD.a(oalp_task.o)
                              C:/ISIS/workspace_ycube/ycube/GlobusSatProject/..//hal/hcc/lib\libHCCD.a(fat_common.o) (oal_task_get_id)
C:/ISIS/workspace_ycube/ycube/GlobusSatProject/..//hal/hcc/lib\libHCCD.a(oalp_mutex.o)
                              C:/ISIS/workspace_ycube/ycube/GlobusSatProject/..//hal/hcc/lib\libHCCD.a(fat_common.o) (oal_mutex_create)
C:/ISIS/workspace_ycube/ycube/GlobusSatProject/..//hal/hcc/lib\libHCCD.a(atmel_mcipdc_hw.o)
                              C:/ISIS/workspace_ycube/ycube/GlobusSatProject/..//hal/hcc/lib\libHCCD.a(atmel_mcipdc.o) (mcipdc_hw_init)
C:/ISIS/workspace_ycube/ycube/GlobusSatProject/..//hal/hcc/lib\libHCCD.a(psp_rand.o)
                              C:/ISIS/workspace_ycube/ycube/GlobusSatProject/..//hal/hcc/lib\libHCCD.a(fat_common.o) (psp_getrand)
C:/ISIS/workspace_ycube/ycube/GlobusSatProject/..//hal/hcc/lib\libHCCD.a(psp_rtc.o)
                              C:/ISIS/workspace_ycube/ycube/GlobusSatProject/..//hal/hcc/lib\libHCCD.a(fat_common.o) (psp_getcurrenttimedate)
C:/ISIS/workspace_ycube/ycube/GlobusSatProject/..//hal/hcc/lib\libHCCD.a(hcc_mem.o)
                              C:/ISIS/workspace_ycube/ycube/GlobusSatProject/..//hal/hcc/lib\libHCCD.a(atmel_mcipdc.o) (hcc_mem_alloc)
C:/ISIS/workspace_ycube/ycube/GlobusSatProject/..//hal/hcc/lib\libHCCD.a(psp_hcc_mem.o)
                              C:/ISIS/workspace_ycube/ycube/GlobusSatProject/..//hal/hcc/lib\libHCCD.a(hcc_mem.o) (hcc_mem_buf_alloc)
C:/ISIS/workspace_ycube/ycube/GlobusSatProject/..//satellite-subsystems/satellite-subsystems/lib\libSatelliteSubsystemsD.a(IsisSolarPanelv2.o)
                              ./src/SubSystemModules/PowerManagment/EPS.o (IsisSolarPanelv2_initialize)
[...]
Memory Configuration

Name             Origin             Length             Attributes
sram0            0x00200000         0x00004000         w !xr
sram1            0x00300000         0x00004000         w !xr
sdram            0x20000000         0x02000000         w !xr
*default*        0x00000000         0xffffffff

Linker script and memory map

LOAD c:/isis/application/toolchain/bin/../lib/gcc/arm-none-eabi/4.7.4/../../../../arm-none-eabi/lib\libc.a
LOAD ./src/TestingDemos/CommandsTestingDemo.o
LOAD ./src/TestingDemos/EpsTestingDemo.o
LOAD ./src/TestingDemos/FileSystemTestingDemo.o
LOAD ./src/TestingDemos/MainTest.o
LOAD ./src/TestingDemos/MaintenanceTestingDemo.o
LOAD ./src/TestingDemos/TelemetryTestingDemo.o
LOAD ./src/TestingDemos/TrxvuTestingDemo.o
LOAD ./src/SubSystemModules/PowerManagment/EPS.o
LOAD ./src/SubSystemModules/PowerManagment/EPSOperationModes.o
LOAD ./src/SubSystemModules/Payload/payload_drivers.o
LOAD ./src/SubSystemModules/Maintenance/Maintenance.o
LOAD ./src/SubSystemModules/Housekepping/NamesLogic.o
LOAD ./src/SubSystemModules/Housekepping/RAMTelemetry.o
LOAD ./src/SubSystemModules/Housekepping/TelemetryCollector.o
LOAD ./src/SubSystemModules/Communication/SubsystemCommands/EPS_Commands.o
LOAD ./src/SubSystemModules/Communication/SubsystemCommands/FS_Commands.o
LOAD ./src/SubSystemModules/Communication/SubsystemCommands/Maintanence_Commands.o
LOAD ./src/SubSystemModules/Communication/SubsystemCommands/TRXVU_Commands.o
LOAD ./src/SubSystemModules/Communication/AckHandler.o
LOAD ./src/SubSystemModules/Communication/CommandDictionary.o
LOAD ./src/SubSystemModules/Communication/HashSecuredCMD.o
LOAD ./src/SubSystemModules/Communication/SatCommandHandler.o
LOAD ./src/SubSystemModules/Communication/TRXVU.o
LOAD ./src/InitSystem.o
LOAD ./src/TLM_management.o
LOAD ./src/main.o
LOAD ./src/utils.o
LOAD C:/ISIS/workspace_ycube/ycube/GlobusSatProject/..//hal/hal/lib\libHALD.a
LOAD C:/ISIS/workspace_ycube/ycube/GlobusSatProject/..//hal/hcc/lib\libHCCD.a
LOAD C:/ISIS/workspace_ycube/ycube/GlobusSatProject/..//satellite-subsystems/satellite-subsystems/lib\libSatelliteSubsystemsD.a
LOAD C:/ISIS/workspace_ycube/ycube/GlobusSatProject/..//hal/freertos/lib\libFreeRTOSD.a
LOAD C:/ISIS/workspace_ycube/ycube/GlobusSatProject/..//hal/at91/lib\libAt91D.a
START GROUP
LOAD c:/isis/application/toolchain/bin/../lib/gcc/arm-none-eabi/4.7.4\libgcc.a
LOAD c:/isis/application/toolchain/bin/../lib/gcc/arm-none-eabi/4.7.4/../../../../arm-none-eabi/lib\libg.a
LOAD c:/isis/application/toolchain/bin/../lib/gcc/arm-none-eabi/4.7.4/../../../../arm-none-eabi/lib\libc.a
END GROUP

.fixed          0x20000000    0x4e388
                0x20000000                . = ALIGN (0x4)
                0x20000000                _sfixed = .
 *(.startup)
 .startup       0x20000000      0x184 C:/ISIS/workspace_ycube/ycube/GlobusSatProject/..//hal/at91/lib\libAt91D.a(board_cstartup.o)
                0x20000000                entry
 *(.text)
 .text          0x20000184       0x64 C:/ISIS/workspace_ycube/ycube/GlobusSatProject/..//hal/at91/lib\libAt91D.a(cp15_asm.o)
                0x20000184                _readControlRegister
                0x20000190                _writeControlRegister
                0x20000198                _waitForInterrupt
                0x200001a4                _writeTTB
                0x200001ac                _writeDomain
                0x200001b4                _writeITLBLockdown
                0x200001bc                _prefetchICacheLine
                0x200001c4                _flushDCache
                0x200001d0                _flushWriteBuffer
                0x200001dc                _invalidateIDTLBs
 .text          0x200001e8      0x114 c:/isis/application/toolchain/bin/../lib/gcc/arm-none-eabi/4.7.4\libgcc.a(_udivsi3.o)
                0x200001e8                __aeabi_uidiv
                0x200001e8                __udivsi3
                0x200002dc                __aeabi_uidivmod
 .text          0x200002fc      0x148 c:/isis/application/toolchain/bin/../lib/gcc/arm-none-eabi/4.7.4\libgcc.a(_divsi3.o)
                0x200002fc                __divsi3
                0x200002fc                __aeabi_idiv
                0x20000424                __aeabi_idivmod
 .text          0x20000444        0x4 c:/isis/application/toolchain/bin/../lib/gcc/arm-none-eabi/4.7.4\libgcc.a(_dvmd_tls.o)
                0x20000444                __aeabi_idiv0
                0x20000444                __aeabi_ldiv0
 .text          0x20000448      0x41c c:/isis/application/toolchain/bin/../lib/gcc/arm-none-eabi/4.7.4\libgcc.a(_arm_addsubdf3.o)
                0x20000448                __aeabi_drsub
                0x20000450                __aeabi_dsub
                0x20000450                __subdf3
                0x20000454                __aeabi_dadd
                0x20000454                __adddf3
                0x20000764                __floatunsidf
                0x20000764                __aeabi_ui2d
                0x20000788                __floatsidf
                0x20000788                __aeabi_i2d
                0x200007b0                __aeabi_f2d
                0x200007b0                __extendsfdf2
                0x200007f0                __floatundidf
                0x200007f0                __aeabi_ul2d
                0x20000804                __floatdidf
                0x20000804                __aeabi_l2d
 .text          0x20000864      0x49c c:/isis/application/toolchain/bin/../lib/gcc/arm-none-eabi/4.7.4\libgcc.a(_arm_muldivdf3.o)
                0x20000864                __aeabi_dmul
                0x20000864                __muldf3
                0x20000af4                __divdf3
                0x20000af4                __aeabi_ddiv
 .text          0x20000d00      0x2ac c:/isis/application/toolchain/bin/../lib/gcc/arm-none-eabi/4.7.4\libgcc.a(_arm_addsubsf3.o)
                0x20000d00                __aeabi_frsub
                0x20000d08                __subsf3
                0x20000d08                __aeabi_fsub
                0x20000d0c                __aeabi_fadd
                0x20000d0c                __addsf3
                0x20000ec8                __aeabi_ui2f
                0x20000ec8                __floatunsisf
                0x20000ed0                __aeabi_i2f
                0x20000ed0                __floatsisf
                0x20000ef0                __aeabi_ul2f
                0x20000ef0                __floatundisf
                0x20000f00                __aeabi_l2f
                0x20000f00                __floatdisf
 .text          0x20000fac      0x2f8 c:/isis/application/toolchain/bin/../lib/gcc/arm-none-eabi/4.7.4\libgcc.a(_arm_muldivsf3.o)
                0x20000fac                __mulsf3
                0x20000fac                __aeabi_fmul
                0x20001144                __aeabi_fdiv
                0x20001144                __divsf3
 .text          0x200012a4      0x114 c:/isis/application/toolchain/bin/../lib/gcc/arm-none-eabi/4.7.4\libgcc.a(_arm_cmpsf2.o)
                0x200012a4                __gesf2
                0x200012a4                __gtsf2
                0x200012ac                __lesf2
                0x200012ac                __ltsf2
                0x200012b4                __nesf2
                0x200012b4                __eqsf2
                0x200012b4                __cmpsf2
                0x20001318                __aeabi_cfrcmple
                0x20001328                __aeabi_cfcmpeq
                0x20001328                __aeabi_cfcmple
                0x20001340                __aeabi_fcmpeq
                0x20001358                __aeabi_fcmplt
                0x20001370                __aeabi_fcmple
                0x20001388                __aeabi_fcmpge
                0x200013a0                __aeabi_fcmpgt
 .text          0x200013b8       0x54 c:/isis/application/toolchain/bin/../lib/gcc/arm-none-eabi/4.7.4\libgcc.a(_arm_fixunssfsi.o)
                0x200013b8                __fixunssfsi
                0x200013b8                __aeabi_f2uiz
 .text          0x2000140c      0x144 c:/isis/application/toolchain/bin/../lib/gcc/arm-none-eabi/4.7.4\libgcc.a(_arm_cmpdf2.o)
                0x2000140c                __gtdf2
                0x2000140c                __gedf2
                0x20001414                __ltdf2
                0x20001414                __ledf2
                0x2000141c                __nedf2
                0x2000141c                __eqdf2
                0x2000141c                __cmpdf2
                0x200014a4                __aeabi_cdrcmple
                0x200014c0                __aeabi_cdcmpeq
                0x200014c0                __aeabi_cdcmple
                0x200014d8                __aeabi_dcmpeq
                0x200014f0                __aeabi_dcmplt
                0x20001508                __aeabi_dcmple
                0x20001520                __aeabi_dcmpge
                0x20001538                __aeabi_dcmpgt
 .text          0x20001550       0x5c c:/isis/application/toolchain/bin/../lib/gcc/arm-none-eabi/4.7.4\libgcc.a(_arm_fixdfsi.o)
                0x20001550                __aeabi_d2iz
                0x20001550                __fixdfsi
 .text          0x200015ac       0x3c c:/isis/application/toolchain/bin/../lib/gcc/arm-none-eabi/4.7.4\libgcc.a(_aeabi_uldivmod.o)
                0x200015ac                __aeabi_uldivmod
 .text          0x200015e8       0x84 c:/isis/application/toolchain/bin/../lib/gcc/arm-none-eabi/4.7.4\libgcc.a(bpabi.o)
                0x200015e8                __gnu_ldivmod_helper
                0x2000162c                __gnu_uldivmod_helper
 .text          0x2000166c      0x4f0 c:/isis/application/toolchain/bin/../lib/gcc/arm-none-eabi/4.7.4\libgcc.a(_divdi3.o)
                0x2000166c                __divdi3
 .text          0x20001b5c      0x488 c:/isis/application/toolchain/bin/../lib/gcc/arm-none-eabi/4.7.4\libgcc.a(_udivdi3.o)
                0x20001b5c                __udivdi3
 .text          0x20001fe4       0x48 c:/isis/application/toolchain/bin/../lib/gcc/arm-none-eabi/4.7.4\libgcc.a(_clzsi2.o)
                0x20001fe4                __clzsi2
 *(.text*)
 .text.GetBatteryVoltage
                0x2000202c       0x78 ./src/SubSystemModules/PowerManagment/EPS.o
                0x2000202c                GetBatteryVoltage
 .text.EPS_Init
                0x200020a4      0x13c ./src/SubSystemModules/PowerManagment/EPS.o
                0x200020a4                EPS_Init
 .text.EPS_Conditioning
                0x200021e0      0x1e4 ./src/SubSystemModules/PowerManagment/EPS.o
                0x200021e0                EPS_Conditioning
 .text.UpdateAlpha
                0x200023c4       0xd8 ./src/SubSystemModules/PowerManagment/EPS.o
                0x200023c4                UpdateAlpha
 .text.GetThresholdVoltages
                0x2000249c       0x80 ./src/SubSystemModules/PowerManagment/EPS.o
                0x2000249c                GetThresholdVoltages
 .text.GetAlpha
                0x2000251c       0x7c ./src/SubSystemModules/PowerManagment/EPS.o
                0x2000251c                GetAlpha
 .text.CMDGetHeaterValues
                0x20002598      0x1f8 ./src/SubSystemModules/PowerManagment/EPS.o
                0x20002598                CMDGetHeaterValues
 .text.CMDSetHeaterValues
                0x20002790      0x204 ./src/SubSystemModules/PowerManagment/EPS.o
                0x20002790                CMDSetHeaterValues
 .text.EnterFullMode
                0x20002994       0x38 ./src/SubSystemModules/PowerManagment/EPSOperationModes.o
                0x20002994                EnterFullMode
 .text.EnterCruiseMode
                0x200029cc       0x34 ./src/SubSystemModules/PowerManagment/EPSOperationModes.o
                0x200029cc                EnterCruiseMode
 .text.EnterSafeMode
                0x20002a00       0x3c ./src/SubSystemModules/PowerManagment/EPSOperationModes.o
                0x20002a00                EnterSafeMode
 .text.EnterCriticalMode
                0x20002a3c       0x3c ./src/SubSystemModules/PowerManagment/EPSOperationModes.o
                0x20002a3c                EnterCriticalMode
 .text.PayloadOperations
                0x20002a78      0x1a4 ./src/SubSystemModules/PowerManagment/EPSOperationModes.o
                0x20002a78                PayloadOperations
 .text.Payload_Safety
                0x20002c1c       0xc8 ./src/SubSystemModules/PowerManagment/EPSOperationModes.o
                0x20002c1c                Payload_Safety
 .text.Payload_Safety_IN_Maintenance
                0x20002ce4       0x60 ./src/SubSystemModules/PowerManagment/EPSOperationModes.o
                0x20002ce4                Payload_Safety_IN_Maintenance
 .text.DoesPayloadChannelOn
                0x20002d44       0xa4 ./src/SubSystemModules/PowerManagment/EPSOperationModes.o
                0x20002d44                DoesPayloadChannelOn
 .text.GetSystemState
                0x20002de8       0x24 ./src/SubSystemModules/PowerManagment/EPSOperationModes.o
                0x20002de8                GetSystemState
 .text.EpsGetLowVoltageFlag
                0x20002e0c       0x24 ./src/SubSystemModules/PowerManagment/EPSOperationModes.o
                0x20002e0c                EpsGetLowVoltageFlag
 .text.EpsSetLowVoltageFlag
                0x20002e30       0x2c ./src/SubSystemModules/PowerManagment/EPSOperationModes.o
                0x20002e30                EpsSetLowVoltageFlag
 .text.payloadRead
                0x20002e5c       0xbc ./src/SubSystemModules/Payload/payload_drivers.o
                0x20002e5c                payloadRead
 .text.payloadSendCommand
                0x20002f18       0x70 ./src/SubSystemModules/Payload/payload_drivers.o
                0x20002f18                payloadSendCommand
 .text.payloadReadEnvironment
                0x20002f88      0x2d0 ./src/SubSystemModules/Payload/payload_drivers.o
                0x20002f88                payloadReadEnvironment
 .text.payloadReadEvents
                0x20003258      0x1e8 ./src/SubSystemModules/Payload/payload_drivers.o
                0x20003258                payloadReadEvents
 .text.CheckExecutionTime
                0x20003440       0x80 ./src/SubSystemModules/Maintenance/Maintenance.o
                0x20003440                CheckExecutionTime
 .text.SaveSatTimeInFRAM
                0x200034c0       0x44 ./src/SubSystemModules/Maintenance/Maintenance.o
                0x200034c0                SaveSatTimeInFRAM
 .text.WakeupFromResetCMD
                0x20003504      0x120 ./src/SubSystemModules/Maintenance/Maintenance.o
                0x20003504                WakeupFromResetCMD
 .text.ResetGroundCommWDT
                0x20003624       0x1c ./src/SubSystemModules/Maintenance/Maintenance.o
                0x20003624                ResetGroundCommWDT
 .text.IsGroundCommunicationWDTKick
                0x20003640       0x78 ./src/SubSystemModules/Maintenance/Maintenance.o
                0x20003640                IsGroundCommunicationWDTKick
 .text.GetGsWdtKickTime
                0x200036b8       0x38 ./src/SubSystemModules/Maintenance/Maintenance.o
                0x200036b8                GetGsWdtKickTime
 .text.findMinMaxDate
                0x200036f0       0xdc ./src/SubSystemModules/Maintenance/Maintenance.o
                0x200036f0                findMinMaxDate
 .text.DeleteOldFiels
                0x200037cc       0xf0 ./src/SubSystemModules/Maintenance/Maintenance.o
                0x200037cc                DeleteOldFiels
 .text.CheckDeployAnt
                0x200038bc       0x84 ./src/SubSystemModules/Maintenance/Maintenance.o
                0x200038bc                CheckDeployAnt
 .text.HardResetMCU
                0x20003940       0x3c ./src/SubSystemModules/Maintenance/Maintenance.o
                0x20003940                HardResetMCU
 .text.Maintenance
                0x2000397c       0xcc ./src/SubSystemModules/Maintenance/Maintenance.o
                0x2000397c                Maintenance
 .text.GetRandomName
                0x20003a48       0x7c ./src/SubSystemModules/Housekepping/NamesLogic.o
                0x20003a48                GetRandomName
 .text.ResetRamTlm
                0x20003ac4       0xe4 ./src/SubSystemModules/Housekepping/RAMTelemetry.o
                0x20003ac4                ResetRamTlm
 .text.inc      0x20003ba8       0x4c ./src/SubSystemModules/Housekepping/RAMTelemetry.o
                0x20003ba8                inc
 .text.dec      0x20003bf4       0x48 ./src/SubSystemModules/Housekepping/RAMTelemetry.o
                0x20003bf4                dec
 .text.saveTlmToRam
                0x20003c3c      0x28c ./src/SubSystemModules/Housekepping/RAMTelemetry.o
                0x20003c3c                saveTlmToRam
 .text.getTlm   0x20003ec8      0x350 ./src/SubSystemModules/Housekepping/RAMTelemetry.o
                0x20003ec8                getTlm
 .text.getRange
                0x20004218      0x1dc ./src/SubSystemModules/Housekepping/RAMTelemetry.o
                0x20004218                getRange
 .text.InitSavePeriodTimes
                0x200043f4       0xa4 ./src/SubSystemModules/Housekepping/TelemetryCollector.o
                0x200043f4                InitSavePeriodTimes
 .text.CMD_GetTLMPeriodTimes
                0x20004498       0x38 ./src/SubSystemModules/Housekepping/TelemetryCollector.o
                0x20004498                CMD_GetTLMPeriodTimes
 .text.CMD_SetTLMPeriodTimes
                0x200044d0      0x1dc ./src/SubSystemModules/Housekepping/TelemetryCollector.o
                0x200044d0                CMD_SetTLMPeriodTimes
 .text.TelemetryCollectorLogic
                0x200046ac      0x268 ./src/SubSystemModules/Housekepping/TelemetryCollector.o
                0x200046ac                TelemetryCollectorLogic
 .text.TelemetrySaveEPS
                0x20004914       0x54 ./src/SubSystemModules/Housekepping/TelemetryCollector.o
                0x20004914                TelemetrySaveEPS
 .text.TelemetrySaveTRXVU
                0x20004968       0x94 ./src/SubSystemModules/Housekepping/TelemetryCollector.o
                0x20004968                TelemetrySaveTRXVU
 .text.TelemetrySaveANT
                0x200049fc       0x5c ./src/SubSystemModules/Housekepping/TelemetryCollector.o
                0x200049fc                TelemetrySaveANT
 .text.TelemetrySaveWOD
                0x20004a58       0x5c ./src/SubSystemModules/Housekepping/TelemetryCollector.o
                0x20004a58                TelemetrySaveWOD
 .text.TelemetrySaveRADFET
                0x20004ab4       0xd4 ./src/SubSystemModules/Housekepping/TelemetryCollector.o
                0x20004ab4                TelemetrySaveRADFET
 .text.TelemetrySavePayloadEvents
                0x20004b88       0xf0 ./src/SubSystemModules/Housekepping/TelemetryCollector.o
                0x20004b88                TelemetrySavePayloadEvents
 .text.GetCurrentWODTelemetry
                0x20004c78      0xa5c ./src/SubSystemModules/Housekepping/TelemetryCollector.o
                0x20004c78                GetCurrentWODTelemetry
 .text.CMD_EPS_ResetWDT
                0x200056d4       0x58 ./src/SubSystemModules/Communication/SubsystemCommands/EPS_Commands.o
                0x200056d4                CMD_EPS_ResetWDT
 .text.CMD_Change_Payload_State_INFRAM
                0x2000572c       0x8c ./src/SubSystemModules/Communication/SubsystemCommands/EPS_Commands.o
                0x2000572c                CMD_Change_Payload_State_INFRAM
 .text.CMD_Payload_Operations
                0x200057b8       0xa8 ./src/SubSystemModules/Communication/SubsystemCommands/EPS_Commands.o
                0x200057b8                CMD_Payload_Operations
 .text.CMD_DeleteTLM
                0x20005860      0x1a0 ./src/SubSystemModules/Communication/SubsystemCommands/FS_Commands.o
                0x20005860                CMD_DeleteTLM
 .text.CMD_DeleteAllFiles
                0x20005a00       0x38 ./src/SubSystemModules/Communication/SubsystemCommands/FS_Commands.o
                0x20005a00                CMD_DeleteAllFiles
 .text.CMD_GetLastFS_Error
                0x20005a38       0x4c ./src/SubSystemModules/Communication/SubsystemCommands/FS_Commands.o
                0x20005a38                CMD_GetLastFS_Error
 .text.CMD_Get_TLM_Info
                0x20005a84      0x1ac ./src/SubSystemModules/Communication/SubsystemCommands/FS_Commands.o
                0x20005a84                CMD_Get_TLM_Info
 .text.CMD_Switch_SD_Card
                0x20005c30       0xcc ./src/SubSystemModules/Communication/SubsystemCommands/FS_Commands.o
                0x20005c30                CMD_Switch_SD_Card
 .text.CMD_Format_SD_Card
                0x20005cfc       0xa4 ./src/SubSystemModules/Communication/SubsystemCommands/FS_Commands.o
                0x20005cfc                CMD_Format_SD_Card
 .text.CMD_GenericI2C
                0x20005da0      0x144 ./src/SubSystemModules/Communication/SubsystemCommands/Maintanence_Commands.o
                0x20005da0                CMD_GenericI2C
 .text.CMD_FRAM_ReadAndTransmitt
                0x20005ee4       0xe8 ./src/SubSystemModules/Communication/SubsystemCommands/Maintanence_Commands.o
                0x20005ee4                CMD_FRAM_ReadAndTransmitt
 .text.CMD_FRAM_WriteAndTransmitt
                0x20005fcc       0xfc ./src/SubSystemModules/Communication/SubsystemCommands/Maintanence_Commands.o
                0x20005fcc                CMD_FRAM_WriteAndTransmitt
 .text.CMD_FRAM_ReStart
                0x200060c8       0x4c ./src/SubSystemModules/Communication/SubsystemCommands/Maintanence_Commands.o
                0x200060c8                CMD_FRAM_ReStart
 .text.CMD_UpdateSatTime
                0x20006114       0xa4 ./src/SubSystemModules/Communication/SubsystemCommands/Maintanence_Commands.o
                0x20006114                CMD_UpdateSatTime
 .text.CMD_GetDevInfo
                0x200061b8       0x5c ./src/SubSystemModules/Communication/SubsystemCommands/Maintanence_Commands.o
                0x200061b8                CMD_GetDevInfo
 .text.CMD_GetSatUptime
                0x20006214       0x48 ./src/SubSystemModules/Communication/SubsystemCommands/Maintanence_Commands.o
                0x20006214                CMD_GetSatUptime
 .text.CMD_ResetComponent
                0x2000625c      0x274 ./src/SubSystemModules/Communication/SubsystemCommands/Maintanence_Commands.o
                0x2000625c                CMD_ResetComponent
 .text.DumpTask
                0x200064d0      0x310 ./src/SubSystemModules/Communication/SubsystemCommands/TRXVU_Commands.o
                0x200064d0                DumpTask
 .text.DumpRamTask
                0x200067e0      0x104 ./src/SubSystemModules/Communication/SubsystemCommands/TRXVU_Commands.o
                0x200067e0                DumpRamTask
 .text.CMD_AntennaDeploy
                0x200068e4       0x5c ./src/SubSystemModules/Communication/SubsystemCommands/TRXVU_Commands.o
                0x200068e4                CMD_AntennaDeploy
 .text.CMD_StartDump
                0x20006940      0x200 ./src/SubSystemModules/Communication/SubsystemCommands/TRXVU_Commands.o
                0x20006940                CMD_StartDump
 .text.CMD_SendDumpAbortRequest
                0x20006b40       0x38 ./src/SubSystemModules/Communication/SubsystemCommands/TRXVU_Commands.o
                0x20006b40                CMD_SendDumpAbortRequest
 .text.CMD_SetTransponder
                0x20006b78      0x110 ./src/SubSystemModules/Communication/SubsystemCommands/TRXVU_Commands.o
                0x20006b78                CMD_SetTransponder
 .text.CMD_SetRSSITransponder
                0x20006c88       0x90 ./src/SubSystemModules/Communication/SubsystemCommands/TRXVU_Commands.o
                0x20006c88                CMD_SetRSSITransponder
 .text.CMD_MuteTRXVU
                0x20006d18       0xc4 ./src/SubSystemModules/Communication/SubsystemCommands/TRXVU_Commands.o
                0x20006d18                CMD_MuteTRXVU
 .text.CMD_SetIdleState
                0x20006ddc       0x94 ./src/SubSystemModules/Communication/SubsystemCommands/TRXVU_Commands.o
                0x20006ddc                CMD_SetIdleState
 .text.CMD_UnMuteTRXVU
                0x20006e70       0x38 ./src/SubSystemModules/Communication/SubsystemCommands/TRXVU_Commands.o
                0x20006e70                CMD_UnMuteTRXVU
 .text.CMD_GetBaudRate
                0x20006ea8       0x6c ./src/SubSystemModules/Communication/SubsystemCommands/TRXVU_Commands.o
                0x20006ea8                CMD_GetBaudRate
 .text.CMD_TrasmitBeacon
                0x20006f14       0x48 ./src/SubSystemModules/Communication/SubsystemCommands/TRXVU_Commands.o
                0x20006f14                CMD_TrasmitBeacon
 .text.CMD_GetBeaconInterval
                0x20006f5c       0x6c ./src/SubSystemModules/Communication/SubsystemCommands/TRXVU_Commands.o
                0x20006f5c                CMD_GetBeaconInterval
 .text.CMD_SetBaudRate
                0x20006fc8       0x64 ./src/SubSystemModules/Communication/SubsystemCommands/TRXVU_Commands.o
                0x20006fc8                CMD_SetBaudRate
 .text.CMD_GetTxUptime
                0x2000702c       0x68 ./src/SubSystemModules/Communication/SubsystemCommands/TRXVU_Commands.o
                0x2000702c                CMD_GetTxUptime
 .text.CMD_GetRxUptime
                0x20007094       0x68 ./src/SubSystemModules/Communication/SubsystemCommands/TRXVU_Commands.o
                0x20007094                CMD_GetRxUptime
 .text.CMD_GetNumOfOnlineCommands
                0x200070fc       0x68 ./src/SubSystemModules/Communication/SubsystemCommands/TRXVU_Commands.o
                0x200070fc                CMD_GetNumOfOnlineCommands
 .text.CMD_SecurePing
                0x20007164       0x6c ./src/SubSystemModules/Communication/SubsystemCommands/TRXVU_Commands.o
                0x20007164                CMD_SecurePing
 .text.CMD_AntSetArmStatus
                0x200071d0       0x3c ./src/SubSystemModules/Communication/SubsystemCommands/TRXVU_Commands.o
                0x200071d0                CMD_AntSetArmStatus
 .text.CMD_AntGetArmStatus
                0x2000720c       0x60 ./src/SubSystemModules/Communication/SubsystemCommands/TRXVU_Commands.o
                0x2000720c                CMD_AntGetArmStatus
 .text.CMD_AntGetUptime
                0x2000726c       0x68 ./src/SubSystemModules/Communication/SubsystemCommands/TRXVU_Commands.o
                0x2000726c                CMD_AntGetUptime
 .text.CMD_StopReDeployment
                0x200072d4       0x84 ./src/SubSystemModules/Communication/SubsystemCommands/TRXVU_Commands.o
                0x200072d4                CMD_StopReDeployment
 .text.CMD_AntCancelDeployment
                0x20007358       0x68 ./src/SubSystemModules/Communication/SubsystemCommands/TRXVU_Commands.o
                0x20007358                CMD_AntCancelDeployment
 .text.CMD_DumpRamTLM
                0x200073c0      0x180 ./src/SubSystemModules/Communication/SubsystemCommands/TRXVU_Commands.o
                0x200073c0                CMD_DumpRamTLM
 .text.SendAckPacket
                0x20007540       0xfc ./src/SubSystemModules/Communication/AckHandler.o
                0x20007540                SendAckPacket
 .text.trxvu_command_router
                0x2000763c      0x564 ./src/SubSystemModules/Communication/CommandDictionary.o
                0x2000763c                trxvu_command_router
 .text.eps_command_router
                0x20007ba0      0x10c ./src/SubSystemModules/Communication/CommandDictionary.o
                0x20007ba0                eps_command_router
 .text.telemetry_command_router
                0x20007cac      0x23c ./src/SubSystemModules/Communication/CommandDictionary.o
                0x20007cac                telemetry_command_router
 .text.managment_command_router
                0x20007ee8      0x144 ./src/SubSystemModules/Communication/CommandDictionary.o
                0x20007ee8                managment_command_router
 .text.filesystem_command_router
                0x2000802c       0x24 ./src/SubSystemModules/Communication/CommandDictionary.o
                0x2000802c                filesystem_command_router
 .text.sha256_transform
                0x20008050      0x4b8 ./src/SubSystemModules/Communication/HashSecuredCMD.o
                0x20008050                sha256_transform
 .text.sha256_init
                0x20008508       0xb8 ./src/SubSystemModules/Communication/HashSecuredCMD.o
                0x20008508                sha256_init
 .text.sha256_update
                0x200085c0       0xc8 ./src/SubSystemModules/Communication/HashSecuredCMD.o
                0x200085c0                sha256_update
 .text.sha256_final
                0x20008688      0x470 ./src/SubSystemModules/Communication/HashSecuredCMD.o
                0x20008688                sha256_final
 .text.ParseDataToCommand
                0x20008af8      0x1ac ./src/SubSystemModules/Communication/SatCommandHandler.o
                0x20008af8                ParseDataToCommand
 .text.AssembleCommand
                0x20008ca4      0x148 ./src/SubSystemModules/Communication/SatCommandHandler.o
                0x20008ca4                AssembleCommand
 .text.ActUponCommand
                0x20008dec      0x108 ./src/SubSystemModules/Communication/SatCommandHandler.o
                0x20008dec                ActUponCommand
 .text.setMuteEndTime
                0x20008ef4       0x40 ./src/SubSystemModules/Communication/TRXVU.o
                0x20008ef4                setMuteEndTime
 .text.getMuteEndTime
                0x20008f34       0x44 ./src/SubSystemModules/Communication/TRXVU.o
                0x20008f34                getMuteEndTime
 .text.setTransponderEndTime
                0x20008f78       0x40 ./src/SubSystemModules/Communication/TRXVU.o
                0x20008f78                setTransponderEndTime
 .text.getTransponderEndTime
                0x20008fb8       0x44 ./src/SubSystemModules/Communication/TRXVU.o
                0x20008fb8                getTransponderEndTime
 .text.setTransponderRSSIinFRAM
                0x20008ffc       0x44 ./src/SubSystemModules/Communication/TRXVU.o
                0x20008ffc                setTransponderRSSIinFRAM
 .text.getTransponderRSSIFromFRAM
                0x20009040       0x4c ./src/SubSystemModules/Communication/TRXVU.o
                0x20009040                getTransponderRSSIFromFRAM
 .text.InitTxModule
                0x2000908c       0x68 ./src/SubSystemModules/Communication/TRXVU.o
                0x2000908c                InitTxModule
 .text.CMD_SetBeaconInterval
                0x200090f4       0xdc ./src/SubSystemModules/Communication/TRXVU.o
                0x200090f4                CMD_SetBeaconInterval
 .text.InitBeaconParams
                0x200091d0       0x3c ./src/SubSystemModules/Communication/TRXVU.o
                0x200091d0                InitBeaconParams
 .text.InitSemaphores
                0x2000920c       0x98 ./src/SubSystemModules/Communication/TRXVU.o
                0x2000920c                InitSemaphores
 .text.InitTrxvu
                0x200092a4      0x12c ./src/SubSystemModules/Communication/TRXVU.o
                0x200092a4                InitTrxvu
 .text.checkIdleFinish
                0x200093d0       0x68 ./src/SubSystemModules/Communication/TRXVU.o
                0x200093d0                checkIdleFinish
 .text.checkTransponderFinish
                0x20009438       0x50 ./src/SubSystemModules/Communication/TRXVU.o
                0x20009438                checkTransponderFinish
 .text.checkTransponderStart
                0x20009488       0x50 ./src/SubSystemModules/Communication/TRXVU.o
                0x20009488                checkTransponderStart
 .text.turnOnTransponder
                0x200094d8       0xa0 ./src/SubSystemModules/Communication/TRXVU.o
                0x200094d8                turnOnTransponder
 .text.turnOffTransponder
                0x20009578       0x90 ./src/SubSystemModules/Communication/TRXVU.o
                0x20009578                turnOffTransponder
 .text.SetRSSITransponder
                0x20009608       0x80 ./src/SubSystemModules/Communication/TRXVU.o
                0x20009608                SetRSSITransponder
 .text.TRX_Logic
                0x20009688       0xe4 ./src/SubSystemModules/Communication/TRXVU.o
                0x20009688                TRX_Logic
 .text.GetNumberOfFramesInBuffer
                0x2000976c       0x94 ./src/SubSystemModules/Communication/TRXVU.o
                0x2000976c                GetNumberOfFramesInBuffer
 .text.GetOnlineCommand
                0x20009800      0x1d0 ./src/SubSystemModules/Communication/TRXVU.o
                0x20009800                GetOnlineCommand
 .text.CheckTransmitionAllowed
                0x200099d0       0xc0 ./src/SubSystemModules/Communication/TRXVU.o
                0x200099d0                CheckTransmitionAllowed
 .text.FinishDump
                0x20009a90       0xf0 ./src/SubSystemModules/Communication/TRXVU.o
                0x20009a90                FinishDump
 .text.SendDumpAbortRequest
                0x20009b80       0x6c ./src/SubSystemModules/Communication/TRXVU.o
                0x20009b80                SendDumpAbortRequest
 .text.CheckDumpAbort
                0x20009bec       0x6c ./src/SubSystemModules/Communication/TRXVU.o
                0x20009bec                CheckDumpAbort
 .text.BeaconLogic
                0x20009c58      0x19c ./src/SubSystemModules/Communication/TRXVU.o
                0x20009c58                BeaconLogic
 .text.SetIdleState
                0x20009df4      0x144 ./src/SubSystemModules/Communication/TRXVU.o
                0x20009df4                SetIdleState
 .text.muteTRXVU
                0x20009f38       0x74 ./src/SubSystemModules/Communication/TRXVU.o
                0x20009f38                muteTRXVU
 .text.UnMuteTRXVU
                0x20009fac       0x14 ./src/SubSystemModules/Communication/TRXVU.o
                0x20009fac                UnMuteTRXVU
 .text.TransmitDataAsSPL_Packet
                0x20009fc0      0x12c ./src/SubSystemModules/Communication/TRXVU.o
                0x20009fc0                TransmitDataAsSPL_Packet
 .text.Hash256  0x2000a0ec       0x7c ./src/SubSystemModules/Communication/TRXVU.o
                0x2000a0ec                Hash256
 .text.CMD_Hash256
                0x2000a168      0x238 ./src/SubSystemModules/Communication/TRXVU.o
                0x2000a168                CMD_Hash256
 .text.TransmitSplPacket
                0x2000a3a0      0x124 ./src/SubSystemModules/Communication/TRXVU.o
                0x2000a3a0                TransmitSplPacket
 .text.ChangeTrxvuConfigValues
                0x2000a4c4      0x124 ./src/SubSystemModules/Communication/TRXVU.o
                0x2000a4c4                ChangeTrxvuConfigValues
 .text.isFirstActivation
                0x2000a5e8       0x38 ./src/InitSystem.o
                0x2000a5e8                isFirstActivation
 .text.WriteDefaultValuesToFRAM
                0x2000a620      0x2cc ./src/InitSystem.o
                0x2000a620                WriteDefaultValuesToFRAM
 .text.StartFRAM
                0x2000a8ec       0x64 ./src/InitSystem.o
                0x2000a8ec                StartFRAM
 .text.StartI2C
                0x2000a950       0x38 ./src/InitSystem.o
                0x2000a950                StartI2C
 .text.StartSPI
                0x2000a988       0x34 ./src/InitSystem.o
                0x2000a988                StartSPI
 .text.StartTIME
                0x2000a9bc       0xbc ./src/InitSystem.o
                0x2000a9bc                StartTIME
 .text.DeploySystem
                0x2000aa78      0x1c8 ./src/InitSystem.o
                0x2000aa78                DeploySystem
 .text.InitSubsystems
                0x2000ac40       0x64 ./src/InitSystem.o
                0x2000ac40                InitSubsystems
 .text.CMD_getInfoImage
                0x2000aca4      0x158 ./src/TLM_management.o
                0x2000aca4                CMD_getInfoImage
 .text.CMD_getDataImage
                0x2000adfc      0x218 ./src/TLM_management.o
                0x2000adfc                CMD_getDataImage
 .text.delete_allTMFilesFromSD
                0x2000b014       0x8c ./src/TLM_management.o
                0x2000b014                delete_allTMFilesFromSD
 .text.deleteTLMFiles
                0x2000b0a0       0x94 ./src/TLM_management.o
                0x2000b0a0                deleteTLMFiles
 .text.deleteTLMFile
                0x2000b134       0xcc ./src/TLM_management.o
                0x2000b134                deleteTLMFile
 .text.deleteTLMbyMonth
                0x2000b200       0xac ./src/TLM_management.o
                0x2000b200                deleteTLMbyMonth
 .text.deleteDirectory
                0x2000b2ac      0x158 ./src/TLM_management.o
                0x2000b2ac                deleteDirectory
 .text.InitializeFS
                0x2000b404       0xec ./src/TLM_management.o
                0x2000b404                InitializeFS
 .text.calculateFileName
                0x2000b4f0      0x130 ./src/TLM_management.o
                0x2000b4f0                calculateFileName
 .text.getTlmTypeInfo
                0x2000b620      0x264 ./src/TLM_management.o
                0x2000b620                getTlmTypeInfo
 .text.write2File
                0x2000b884      0x1dc ./src/TLM_management.o
                0x2000b884                write2File
 .text.printTLM
                0x2000ba60       0x24 ./src/TLM_management.o
                0x2000ba60                printTLM
 .text.readTLMFile
                0x2000ba84      0x328 ./src/TLM_management.o
                0x2000ba84                readTLMFile
 .text.readTLMFiles
                0x2000bdac       0xdc ./src/TLM_management.o
                0x2000bdac                readTLMFiles
 .text.readTLMFileTimeRange
                0x2000be88      0x2f0 ./src/TLM_management.o
                0x2000be88                readTLMFileTimeRange
 .text.DeInitializeFS
                0x2000c178       0x38 ./src/TLM_management.o
                0x2000c178                DeInitializeFS
 .text.taskMain
                0x2000c1b0       0x90 ./src/main.o
                0x2000c1b0                taskMain
 .text.main     0x2000c240       0x98 ./src/main.o
                0x2000c240                main
 .text.timeU2time
                0x2000c2d8       0xbc ./src/utils.o
                0x2000c2d8                timeU2time
 .text.logError
                0x2000c394      0x148 ./src/utils.o
                0x2000c394                logError
 .text.clearPDCtransfers
                0x2000c4dc       0xe8 C:/ISIS/workspace_ycube/ycube/GlobusSatProject/..//hal/hal/lib\libHALD.a(SPI.o)
 .text.SPI_start
                0x2000c5c4      0x4b0 C:/ISIS/workspace_ycube/ycube/GlobusSatProject/..//hal/hal/lib\libHALD.a(SPI.o)
                0x2000c5c4                SPI_start
 .text.SPI_stop
                0x2000ca74      0x244 C:/ISIS/workspace_ycube/ycube/GlobusSatProject/..//hal/hal/lib\libHALD.a(SPI.o)
                0x2000ca74                SPI_stop
 .text.SPI_queueTransfer
                0x2000ccb8      0x1cc C:/ISIS/workspace_ycube/ycube/GlobusSatProject/..//hal/hal/lib\libHALD.a(SPI.o)
                0x2000ccb8                SPI_queueTransfer
 .text.SPI_internalCallback
                0x2000ce84       0x64 C:/ISIS/workspace_ycube/ycube/GlobusSatProject/..//hal/hal/lib\libHALD.a(SPI.o)
 .text.SPI_writeRead
                0x2000cee8      0x1c0 C:/ISIS/workspace_ycube/ycube/GlobusSatProject/..//hal/hal/lib\libHALD.a(SPI.o)
                0x2000cee8                SPI_writeRead
 .text.waitForTransfer
                0x2000d0a8       0x78 C:/ISIS/workspace_ycube/ycube/GlobusSatProject/..//hal/hal/lib\libHALD.a(SPI.o)
 .text.SPI_getDriverState
                0x2000d120       0x58 C:/ISIS/workspace_ycube/ycube/GlobusSatProject/..//hal/hal/lib\libHALD.a(SPI.o)
                0x2000d120                SPI_getDriverState
 .text.validateTransferParameters
                0x2000d178      0x10c C:/ISIS/workspace_ycube/ycube/GlobusSatProject/..//hal/hal/lib\libHALD.a(I2C.o)
 .text.I2C_queueTransfer
                0x2000d284       0xfc C:/ISIS/workspace_ycube/ycube/GlobusSatProject/..//hal/hal/lib\libHALD.a(I2C.o)
                0x2000d284                I2C_queueTransfer
 .text.I2C_internalCallback
                0x2000d380       0x64 C:/ISIS/workspace_ycube/ycube/GlobusSatProject/..//hal/hal/lib\libHALD.a(I2C.o)
 .text.I2C_doBlockingTransfer
                0x2000d3e4      0x180 C:/ISIS/workspace_ycube/ycube/GlobusSatProject/..//hal/hal/lib\libHALD.a(I2C.o)
 .text.I2C_write
                0x2000d564      0x110 C:/ISIS/workspace_ycube/ycube/GlobusSatProject/..//hal/hal/lib\libHALD.a(I2C.o)
                0x2000d564                I2C_write
 .text.I2C_read
                0x2000d674      0x110 C:/ISIS/workspace_ycube/ycube/GlobusSatProject/..//hal/hal/lib\libHALD.a(I2C.o)
                0x2000d674                I2C_read
 .text.I2C_writeRead
                0x2000d784      0x17c C:/ISIS/workspace_ycube/ycube/GlobusSatProject/..//hal/hal/lib\libHALD.a(I2C.o)
                0x2000d784                I2C_writeRead
 .text.I2C_start
                0x2000d900      0x2e8 C:/ISIS/workspace_ycube/ycube/GlobusSatProject/..//hal/hal/lib\libHALD.a(I2C.o)
                0x2000d900                I2C_start
 .text.I2C_stop
                0x2000dbe8      0x184 C:/ISIS/workspace_ycube/ycube/GlobusSatProject/..//hal/hal/lib\libHALD.a(I2C.o)
                0x2000dbe8                I2C_stop
 .text.I2C_setTransferTimeout
                0x2000dd6c       0x48 C:/ISIS/workspace_ycube/ycube/GlobusSatProject/..//hal/hal/lib\libHALD.a(I2C.o)
                0x2000dd6c                I2C_setTransferTimeout
 .text.ADC_ConvertRaw10bitToMillivolt
                0x2000ddb4       0x50 C:/ISIS/workspace_ycube/ycube/GlobusSatProject/..//hal/hal/lib\libHALD.a(ADC.o)
                0x2000ddb4                ADC_ConvertRaw10bitToMillivolt
 .text.ADC_SingleShot
                0x2000de04      0x230 C:/ISIS/workspace_ycube/ycube/GlobusSatProject/..//hal/hal/lib\libHALD.a(ADC.o)
                0x2000de04                ADC_SingleShot
 .text.FRAM_start
                0x2000e034      0x120 C:/ISIS/workspace_ycube/ycube/GlobusSatProject/..//hal/hal/lib\libHALD.a(FRAM.o)
                0x2000e034                FRAM_start
 .text.FRAM_stop
                0x2000e154       0x6c C:/ISIS/workspace_ycube/ycube/GlobusSatProject/..//hal/hal/lib\libHALD.a(FRAM.o)
                0x2000e154                FRAM_stop
 .text.FRAM_dummyCallback
                0x2000e1c0       0x24 C:/ISIS/workspace_ycube/ycube/GlobusSatProject/..//hal/hal/lib\libHALD.a(FRAM.o)
                0x2000e1c0                FRAM_dummyCallback
 .text.FRAM_unlockingCallback
                0x2000e1e4       0x64 C:/ISIS/workspace_ycube/ycube/GlobusSatProject/..//hal/hal/lib\libHALD.a(FRAM.o)
                0x2000e1e4                FRAM_unlockingCallback
 .text.doBlockingTransfer
                0x2000e248       0x78 C:/ISIS/workspace_ycube/ycube/GlobusSatProject/..//hal/hal/lib\libHALD.a(FRAM.o)
 .text.FRAM_writePacket
                0x2000e2c0      0x134 C:/ISIS/workspace_ycube/ycube/GlobusSatProject/..//hal/hal/lib\libHALD.a(FRAM.o)
 .text.FRAM_write
                0x2000e3f4      0x1e0 C:/ISIS/workspace_ycube/ycube/GlobusSatProject/..//hal/hal/lib\libHALD.a(FRAM.o)
                0x2000e3f4                FRAM_write
 .text.FRAM_readPacket
                0x2000e5d4       0xf0 C:/ISIS/workspace_ycube/ycube/GlobusSatProject/..//hal/hal/lib\libHALD.a(FRAM.o)
 .text.FRAM_read
                0x2000e6c4      0x1ec C:/ISIS/workspace_ycube/ycube/GlobusSatProject/..//hal/hal/lib\libHALD.a(FRAM.o)
                0x2000e6c4                FRAM_read
 .text.Time_start
                0x2000e8b0      0x170 C:/ISIS/workspace_ycube/ycube/GlobusSatProject/..//hal/hal/lib\libHALD.a(Time.o)
                0x2000e8b0                Time_start
 .text.taskTimeSync
                0x2000ea20       0x64 C:/ISIS/workspace_ycube/ycube/GlobusSatProject/..//hal/hal/lib\libHALD.a(Time.o)
 .text.Time_convertEpochToTime
                0x2000ea84      0x100 C:/ISIS/workspace_ycube/ycube/GlobusSatProject/..//hal/hal/lib\libHALD.a(Time.o)
                0x2000ea84                Time_convertEpochToTime
 .text.Time_calculateSecondsOfYear
                0x2000eb84       0xd8 C:/ISIS/workspace_ycube/ycube/GlobusSatProject/..//hal/hal/lib\libHALD.a(Time.o)
 .text.Time_set
                0x2000ec5c       0xd8 C:/ISIS/workspace_ycube/ycube/GlobusSatProject/..//hal/hal/lib\libHALD.a(Time.o)
                0x2000ec5c                Time_set
 .text.Time_isLeapYear
                0x2000ed34       0x98 C:/ISIS/workspace_ycube/ycube/GlobusSatProject/..//hal/hal/lib\libHALD.a(Time.o)
                0x2000ed34                Time_isLeapYear
 .text.Time_get
                0x2000edcc      0x478 C:/ISIS/workspace_ycube/ycube/GlobusSatProject/..//hal/hal/lib\libHALD.a(Time.o)
                0x2000edcc                Time_get
 .text.Time_getUnixEpoch
                0x2000f244      0x108 C:/ISIS/workspace_ycube/ycube/GlobusSatProject/..//hal/hal/lib\libHALD.a(Time.o)
                0x2000f244                Time_getUnixEpoch
 .text.Time_secondsOfYearToTime
                0x2000f34c      0x33c C:/ISIS/workspace_ycube/ycube/GlobusSatProject/..//hal/hal/lib\libHALD.a(Time.o)
 .text.Time_setUnixEpoch
                0x2000f688       0x54 C:/ISIS/workspace_ycube/ycube/GlobusSatProject/..//hal/hal/lib\libHALD.a(Time.o)
                0x2000f688                Time_setUnixEpoch
 .text.Time_getUptimeSeconds
                0x2000f6dc       0x28 C:/ISIS/workspace_ycube/ycube/GlobusSatProject/..//hal/hal/lib\libHALD.a(Time.o)
                0x2000f6dc                Time_getUptimeSeconds
 .text.Time_sync
                0x2000f704      0x1a8 C:/ISIS/workspace_ycube/ycube/GlobusSatProject/..//hal/hal/lib\libHALD.a(Time.o)
                0x2000f704                Time_sync
 .text.Time_syncIfNeeded
                0x2000f8ac       0xac C:/ISIS/workspace_ycube/ycube/GlobusSatProject/..//hal/hal/lib\libHALD.a(Time.o)
                0x2000f8ac                Time_syncIfNeeded
 .text.WDT_start
                0x2000f958       0x48 C:/ISIS/workspace_ycube/ycube/GlobusSatProject/..//hal/hal/lib\libHALD.a(WatchDogTimerNoOS.o)
                0x2000f958                WDT_start
 .text.RTT_start
                0x2000f9a0       0x24 C:/ISIS/workspace_ycube/ycube/GlobusSatProject/..//hal/hal/lib\libHALD.a(RTT.o)
                0x2000f9a0                RTT_start
 .text.RTT_GetTime
                0x2000f9c4       0x24 C:/ISIS/workspace_ycube/ycube/GlobusSatProject/..//hal/hal/lib\libHALD.a(RTT.o)
                0x2000f9c4                RTT_GetTime
 .text.RTC_start
                0x2000f9e8       0x3c C:/ISIS/workspace_ycube/ycube/GlobusSatProject/..//hal/hal/lib\libHALD.a(RTC.o)
                0x2000f9e8                RTC_start
 .text.RTC_setTime
                0x2000fa24      0x2a4 C:/ISIS/workspace_ycube/ycube/GlobusSatProject/..//hal/hal/lib\libHALD.a(RTC.o)
                0x2000fa24                RTC_setTime
 .text.RTC_getTime
                0x2000fcc8      0x230 C:/ISIS/workspace_ycube/ycube/GlobusSatProject/..//hal/hal/lib\libHALD.a(RTC.o)
                0x2000fcc8                RTC_getTime
 .text.RTC_checkTimeValid
                0x2000fef8       0xd8 C:/ISIS/workspace_ycube/ycube/GlobusSatProject/..//hal/hal/lib\libHALD.a(RTC.o)
                0x2000fef8                RTC_checkTimeValid
 .text.WDT_startWatchdogKickTask
                0x2000ffd0       0xb4 C:/ISIS/workspace_ycube/ycube/GlobusSatProject/..//hal/hal/lib\libHALD.a(WatchDogTimerOS.o)
                0x2000ffd0                WDT_startWatchdogKickTask
 .text.WDT_forceKickEveryNms
                0x20010084       0x50 C:/ISIS/workspace_ycube/ycube/GlobusSatProject/..//hal/hal/lib\libHALD.a(WatchDogTimerOS.o)
                0x20010084                WDT_forceKickEveryNms
 .text.f_puts   0x200100d4       0x80 C:/ISIS/workspace_ycube/ycube/GlobusSatProject/..//hal/hal/lib\libHALD.a(fprintf.o)
                0x200100d4                f_puts
 .text.LED_glow
                0x20010154       0x58 C:/ISIS/workspace_ycube/ycube/GlobusSatProject/..//hal/hal/lib\libHALD.a(LED.o)
                0x20010154                LED_glow
 .text.LED_dark
                0x200101ac       0x58 C:/ISIS/workspace_ycube/ycube/GlobusSatProject/..//hal/hal/lib\libHALD.a(LED.o)
                0x200101ac                LED_dark
 .text.LED_toggle
                0x20010204       0x50 C:/ISIS/workspace_ycube/ycube/GlobusSatProject/..//hal/hal/lib\libHALD.a(LED.o)
                0x20010204                LED_toggle
 .text.fm_initvolume
                0x20010254       0x70 C:/ISIS/workspace_ycube/ycube/GlobusSatProject/..//hal/hcc/lib\libHCCD.a(fat_m.o)
                0x20010254                fm_initvolume
 .text.fm_delvolume
                0x200102c4       0x60 C:/ISIS/workspace_ycube/ycube/GlobusSatProject/..//hal/hcc/lib\libHCCD.a(fat_m.o)
                0x200102c4                fm_delvolume
 .text.fm_format
                0x20010324       0x68 C:/ISIS/workspace_ycube/ycube/GlobusSatProject/..//hal/hcc/lib\libHCCD.a(fat_m.o)
                0x20010324                fm_format
 .text.fm_getdrive
                0x2001038c       0x70 C:/ISIS/workspace_ycube/ycube/GlobusSatProject/..//hal/hcc/lib\libHCCD.a(fat_m.o)
                0x2001038c                fm_getdrive
 .text.fm_getfreespace
                0x200103fc       0x68 C:/ISIS/workspace_ycube/ycube/GlobusSatProject/..//hal/hcc/lib\libHCCD.a(fat_m.o)
                0x200103fc                fm_getfreespace
 .text.fm_mkdir
                0x20010464       0x60 C:/ISIS/workspace_ycube/ycube/GlobusSatProject/..//hal/hcc/lib\libHCCD.a(fat_m.o)
                0x20010464                fm_mkdir
 .text.fm_rmdir
                0x200104c4       0x60 C:/ISIS/workspace_ycube/ycube/GlobusSatProject/..//hal/hcc/lib\libHCCD.a(fat_m.o)
                0x200104c4                fm_rmdir
 .text.fm_findfirst
                0x20010524       0x68 C:/ISIS/workspace_ycube/ycube/GlobusSatProject/..//hal/hcc/lib\libHCCD.a(fat_m.o)
                0x20010524                fm_findfirst
 .text.fm_findnext
                0x2001058c       0x60 C:/ISIS/workspace_ycube/ycube/GlobusSatProject/..//hal/hcc/lib\libHCCD.a(fat_m.o)
                0x2001058c                fm_findnext
 .text.fm_close
                0x200105ec       0x60 C:/ISIS/workspace_ycube/ycube/GlobusSatProject/..//hal/hcc/lib\libHCCD.a(fat_m.o)
                0x200105ec                fm_close
 .text.fm_flush
                0x2001064c       0x60 C:/ISIS/workspace_ycube/ycube/GlobusSatProject/..//hal/hcc/lib\libHCCD.a(fat_m.o)
                0x2001064c                fm_flush
 .text.fm_open  0x200106ac       0x68 C:/ISIS/workspace_ycube/ycube/GlobusSatProject/..//hal/hcc/lib\libHCCD.a(fat_m.o)
                0x200106ac                fm_open
 .text.fm_read  0x20010714       0x7c C:/ISIS/workspace_ycube/ycube/GlobusSatProject/..//hal/hcc/lib\libHCCD.a(fat_m.o)
                0x20010714                fm_read
 .text.fm_write
                0x20010790       0x7c C:/ISIS/workspace_ycube/ycube/GlobusSatProject/..//hal/hcc/lib\libHCCD.a(fat_m.o)
                0x20010790                fm_write
 .text.fm_seek  0x2001080c       0x70 C:/ISIS/workspace_ycube/ycube/GlobusSatProject/..//hal/hcc/lib\libHCCD.a(fat_m.o)
                0x2001080c                fm_seek
 .text.fm_tell  0x2001087c       0x60 C:/ISIS/workspace_ycube/ycube/GlobusSatProject/..//hal/hcc/lib\libHCCD.a(fat_m.o)
                0x2001087c                fm_tell
 .text.fm_putc  0x200108dc       0x68 C:/ISIS/workspace_ycube/ycube/GlobusSatProject/..//hal/hcc/lib\libHCCD.a(fat_m.o)
                0x200108dc                fm_putc
 .text.fm_rewind
                0x20010944       0x60 C:/ISIS/workspace_ycube/ycube/GlobusSatProject/..//hal/hcc/lib\libHCCD.a(fat_m.o)
                0x20010944                fm_rewind
 .text.fm_delete
                0x200109a4       0x64 C:/ISIS/workspace_ycube/ycube/GlobusSatProject/..//hal/hcc/lib\libHCCD.a(fat_m.o)
                0x200109a4                fm_delete
 .text.fm_getlasterror
                0x20010a08       0x40 C:/ISIS/workspace_ycube/ycube/GlobusSatProject/..//hal/hcc/lib\libHCCD.a(fat_m.o)
                0x20010a08                fm_getlasterror
 .text._f_invalidatedir
                0x20010a48       0x28 C:/ISIS/workspace_ycube/ycube/GlobusSatProject/..//hal/hcc/lib\libHCCD.a(fat.o)
                0x20010a48                _f_invalidatedir
 .text._f_getdirsector
                0x20010a70       0x88 C:/ISIS/workspace_ycube/ycube/GlobusSatProject/..//hal/hcc/lib\libHCCD.a(fat.o)
                0x20010a70                _f_getdirsector
 .text._f_writedirsector
                0x20010af8       0x74 C:/ISIS/workspace_ycube/ycube/GlobusSatProject/..//hal/hcc/lib\libHCCD.a(fat.o)
                0x20010af8                _f_writedirsector
 .text._f_checknameinv
                0x20010b6c      0x180 C:/ISIS/workspace_ycube/ycube/GlobusSatProject/..//hal/hcc/lib\libHCCD.a(fat.o)
 .text._f_checkname
                0x20010cec       0x7c C:/ISIS/workspace_ycube/ycube/GlobusSatProject/..//hal/hcc/lib\libHCCD.a(fat.o)
 .text._f_checknamewc
                0x20010d68       0xf8 C:/ISIS/workspace_ycube/ycube/GlobusSatProject/..//hal/hcc/lib\libHCCD.a(fat.o)
 .text._f_setnameext
                0x20010e60      0x300 C:/ISIS/workspace_ycube/ycube/GlobusSatProject/..//hal/hcc/lib\libHCCD.a(fat.o)
 .text._f_setfsname
                0x20011160      0x584 C:/ISIS/workspace_ycube/ycube/GlobusSatProject/..//hal/hcc/lib\libHCCD.a(fat.o)
 .text._f_findfile
                0x200116e4      0x30c C:/ISIS/workspace_ycube/ycube/GlobusSatProject/..//hal/hcc/lib\libHCCD.a(fat.o)
 .text._f_cmp_wname
                0x200119f0      0x274 C:/ISIS/workspace_ycube/ycube/GlobusSatProject/..//hal/hcc/lib\libHCCD.a(fat.o)
 .text._f_to_string
                0x20011c64      0x130 C:/ISIS/workspace_ycube/ycube/GlobusSatProject/..//hal/hcc/lib\libHCCD.a(fat.o)
 .text._f_findfilewc
                0x20011d94      0x278 C:/ISIS/workspace_ycube/ycube/GlobusSatProject/..//hal/hcc/lib\libHCCD.a(fat.o)
 .text._f_getfilename
                0x2001200c      0x20c C:/ISIS/workspace_ycube/ycube/GlobusSatProject/..//hal/hcc/lib\libHCCD.a(fat.o)
 .text._f_findpath
                0x20012218      0x35c C:/ISIS/workspace_ycube/ycube/GlobusSatProject/..//hal/hcc/lib\libHCCD.a(fat.o)
 .text.fn_getdcwd
                0x20012574      0x1e0 C:/ISIS/workspace_ycube/ycube/GlobusSatProject/..//hal/hcc/lib\libHCCD.a(fat.o)
                0x20012574                fn_getdcwd
 .text.fn_findfirst
                0x20012754      0x13c C:/ISIS/workspace_ycube/ycube/GlobusSatProject/..//hal/hcc/lib\libHCCD.a(fat.o)
                0x20012754                fn_findfirst
 .text.fn_findnext
                0x20012890      0x360 C:/ISIS/workspace_ycube/ycube/GlobusSatProject/..//hal/hcc/lib\libHCCD.a(fat.o)
                0x20012890                fn_findnext
 .text._f_lock_resfile
                0x20012bf0       0x6c C:/ISIS/workspace_ycube/ycube/GlobusSatProject/..//hal/hcc/lib\libHCCD.a(fat.o)
 .text._f_unlock_resfile
                0x20012c5c       0x40 C:/ISIS/workspace_ycube/ycube/GlobusSatProject/..//hal/hcc/lib\libHCCD.a(fat.o)
 .text._f_getintfile
                0x20012c9c      0x124 C:/ISIS/workspace_ycube/ycube/GlobusSatProject/..//hal/hcc/lib\libHCCD.a(fat.o)
 .text._f_addentry
                0x20012dc0      0x540 C:/ISIS/workspace_ycube/ycube/GlobusSatProject/..//hal/hcc/lib\libHCCD.a(fat.o)
 .text.fn_mkdir
                0x20013300      0x75c C:/ISIS/workspace_ycube/ycube/GlobusSatProject/..//hal/hcc/lib\libHCCD.a(fat.o)
                0x20013300                fn_mkdir
 .text.fn_open_sub
                0x20013a5c     0x1698 C:/ISIS/workspace_ycube/ycube/GlobusSatProject/..//hal/hcc/lib\libHCCD.a(fat.o)
 .text.fn_open  0x200150f4       0x44 C:/ISIS/workspace_ycube/ycube/GlobusSatProject/..//hal/hcc/lib\libHCCD.a(fat.o)
                0x200150f4                fn_open
 .text.fn_delete
                0x20015138      0x490 C:/ISIS/workspace_ycube/ycube/GlobusSatProject/..//hal/hcc/lib\libHCCD.a(fat.o)
                0x20015138                fn_delete
 .text.fn_rmdir
                0x200155c8      0x5ac C:/ISIS/workspace_ycube/ycube/GlobusSatProject/..//hal/hcc/lib\libHCCD.a(fat.o)
                0x200155c8                fn_rmdir
 .text.fn_init  0x20015b74      0x2dc C:/ISIS/workspace_ycube/ycube/GlobusSatProject/..//hal/hcc/lib\libHCCD.a(fat_common.o)
                0x20015b74                fn_init
 .text.fn_start
                0x20015e50       0x1c C:/ISIS/workspace_ycube/ycube/GlobusSatProject/..//hal/hcc/lib\libHCCD.a(fat_common.o)
                0x20015e50                fn_start
 .text.fsn_delete
                0x20015e6c       0xc8 C:/ISIS/workspace_ycube/ycube/GlobusSatProject/..//hal/hcc/lib\libHCCD.a(fat_common.o)
                0x20015e6c                fsn_delete
 .text._f_get16bitl
                0x20015f34       0x4c C:/ISIS/workspace_ycube/ycube/GlobusSatProject/..//hal/hcc/lib\libHCCD.a(fat_common.o)
                0x20015f34                _f_get16bitl
 .text._f_set16bitl
                0x20015f80       0x54 C:/ISIS/workspace_ycube/ycube/GlobusSatProject/..//hal/hcc/lib\libHCCD.a(fat_common.o)
                0x20015f80                _f_set16bitl
 .text._f_get32bitl
                0x20015fd4       0x68 C:/ISIS/workspace_ycube/ycube/GlobusSatProject/..//hal/hcc/lib\libHCCD.a(fat_common.o)
                0x20015fd4                _f_get32bitl
 .text._f_set32bitl
                0x2001603c       0x78 C:/ISIS/workspace_ycube/ycube/GlobusSatProject/..//hal/hcc/lib\libHCCD.a(fat_common.o)
                0x2001603c                _f_set32bitl
 .text._get8bit
                0x200160b4       0xa0 C:/ISIS/workspace_ycube/ycube/GlobusSatProject/..//hal/hcc/lib\libHCCD.a(fat_common.o)
 .text._get16bitl
                0x20016154       0x40 C:/ISIS/workspace_ycube/ycube/GlobusSatProject/..//hal/hcc/lib\libHCCD.a(fat_common.o)
 .text._get32bitl
                0x20016194       0x3c C:/ISIS/workspace_ycube/ycube/GlobusSatProject/..//hal/hcc/lib\libHCCD.a(fat_common.o)
 .text._set8bitzero
                0x200161d0       0x6c C:/ISIS/workspace_ycube/ycube/GlobusSatProject/..//hal/hcc/lib\libHCCD.a(fat_common.o)
 .text._set8bit
                0x2001623c       0xa0 C:/ISIS/workspace_ycube/ycube/GlobusSatProject/..//hal/hcc/lib\libHCCD.a(fat_common.o)
 .text._set16bitl
                0x200162dc       0x3c C:/ISIS/workspace_ycube/ycube/GlobusSatProject/..//hal/hcc/lib\libHCCD.a(fat_common.o)
 .text._set32bitl
                0x20016318       0x34 C:/ISIS/workspace_ycube/ycube/GlobusSatProject/..//hal/hcc/lib\libHCCD.a(fat_common.o)
 .text._f_setcardremoved
                0x2001634c       0x94 C:/ISIS/workspace_ycube/ycube/GlobusSatProject/..//hal/hcc/lib\libHCCD.a(fat_common.o)
 .text._f_checkstatus
                0x200163e0      0x104 C:/ISIS/workspace_ycube/ycube/GlobusSatProject/..//hal/hcc/lib\libHCCD.a(fat_common.o)
                0x200163e0                _f_checkstatus
 .text._f_drvgetphy
                0x200164e4      0x114 C:/ISIS/workspace_ycube/ycube/GlobusSatProject/..//hal/hcc/lib\libHCCD.a(fat_common.o)
 .text._f_drvwritesector
                0x200165f8       0xdc C:/ISIS/workspace_ycube/ycube/GlobusSatProject/..//hal/hcc/lib\libHCCD.a(fat_common.o)
 .text._f_drvreadsector
                0x200166d4       0xa8 C:/ISIS/workspace_ycube/ycube/GlobusSatProject/..//hal/hcc/lib\libHCCD.a(fat_common.o)
 .text._f_writesector
                0x2001677c      0x23c C:/ISIS/workspace_ycube/ycube/GlobusSatProject/..//hal/hcc/lib\libHCCD.a(fat_common.o)
                0x2001677c                _f_writesector
 .text._f_readsector
                0x200169b8      0x1dc C:/ISIS/workspace_ycube/ycube/GlobusSatProject/..//hal/hcc/lib\libHCCD.a(fat_common.o)
                0x200169b8                _f_readsector
 .text._f_getmaxcluster
                0x20016b94       0x94 C:/ISIS/workspace_ycube/ycube/GlobusSatProject/..//hal/hcc/lib\libHCCD.a(fat_common.o)
                0x20016b94                _f_getmaxcluster
 .text._getsectorfromcluster
                0x20016c28       0x68 C:/ISIS/workspace_ycube/ycube/GlobusSatProject/..//hal/hcc/lib\libHCCD.a(fat_common.o)
 .text._f_buildsectors
                0x20016c90      0x268 C:/ISIS/workspace_ycube/ycube/GlobusSatProject/..//hal/hcc/lib\libHCCD.a(fat_common.o)
 .text._f_getbootrecord
                0x20016ef8      0x5e4 C:/ISIS/workspace_ycube/ycube/GlobusSatProject/..//hal/hcc/lib\libHCCD.a(fat_common.o)
 .text._f_readbootrecord
                0x200174dc      0x4f8 C:/ISIS/workspace_ycube/ycube/GlobusSatProject/..//hal/hcc/lib\libHCCD.a(fat_common.o)
 .text._f_writebootrecord
                0x200179d4      0x5e4 C:/ISIS/workspace_ycube/ycube/GlobusSatProject/..//hal/hcc/lib\libHCCD.a(fat_common.o)
 .text._f_flushcffiles
                0x20017fb8      0x17c C:/ISIS/workspace_ycube/ycube/GlobusSatProject/..//hal/hcc/lib\libHCCD.a(fat_common.o)
                0x20017fb8                _f_flushcffiles
 .text._f_fatcache_flush
                0x20018134      0x270 C:/ISIS/workspace_ycube/ycube/GlobusSatProject/..//hal/hcc/lib\libHCCD.a(fat_common.o)
                0x20018134                _f_fatcache_flush
 .text._f_writefatsector
                0x200183a4      0x100 C:/ISIS/workspace_ycube/ycube/GlobusSatProject/..//hal/hcc/lib\libHCCD.a(fat_common.o)
                0x200183a4                _f_writefatsector
 .text._f_getfatsector
                0x200184a4      0x3bc C:/ISIS/workspace_ycube/ycube/GlobusSatProject/..//hal/hcc/lib\libHCCD.a(fat_common.o)
 .text._f_setclustervalue
                0x20018860      0x490 C:/ISIS/workspace_ycube/ycube/GlobusSatProject/..//hal/hcc/lib\libHCCD.a(fat_common.o)
                0x20018860                _f_setclustervalue
 .text._f_getclustervalue
                0x20018cf0      0x388 C:/ISIS/workspace_ycube/ycube/GlobusSatProject/..//hal/hcc/lib\libHCCD.a(fat_common.o)
                0x20018cf0                _f_getclustervalue
 .text._f_close_drive_files
                0x20019078       0xac C:/ISIS/workspace_ycube/ycube/GlobusSatProject/..//hal/hcc/lib\libHCCD.a(fat_common.o)
 .text._f_inc_mount_count
                0x20019124       0xa4 C:/ISIS/workspace_ycube/ycube/GlobusSatProject/..//hal/hcc/lib\libHCCD.a(fat_common.o)
 .text._f_getvolume
                0x200191c8      0x2f8 C:/ISIS/workspace_ycube/ycube/GlobusSatProject/..//hal/hcc/lib\libHCCD.a(fat_common.o)
                0x200191c8                _f_getvolume
 .text.fn_createdriver
                0x200194c0      0x118 C:/ISIS/workspace_ycube/ycube/GlobusSatProject/..//hal/hcc/lib\libHCCD.a(fat_common.o)
                0x200194c0                fn_createdriver
 .text.fn_initvolume
                0x200195d8      0x12c C:/ISIS/workspace_ycube/ycube/GlobusSatProject/..//hal/hcc/lib\libHCCD.a(fat_common.o)
                0x200195d8                fn_initvolume
 .text.fn_releasedriver
                0x20019704       0xf4 C:/ISIS/workspace_ycube/ycube/GlobusSatProject/..//hal/hcc/lib\libHCCD.a(fat_common.o)
                0x20019704                fn_releasedriver
 .text.fn_initvolumepartition_sub
                0x200197f8       0xe0 C:/ISIS/workspace_ycube/ycube/GlobusSatProject/..//hal/hcc/lib\libHCCD.a(fat_common.o)
 .text.fn_initvolumepartition
                0x200198d8       0xac C:/ISIS/workspace_ycube/ycube/GlobusSatProject/..//hal/hcc/lib\libHCCD.a(fat_common.o)
                0x200198d8                fn_initvolumepartition
 .text.fn_delvolume
                0x20019984      0x194 C:/ISIS/workspace_ycube/ycube/GlobusSatProject/..//hal/hcc/lib\libHCCD.a(fat_common.o)
                0x20019984                fn_delvolume
 .text._f_clustertopos
                0x20019b18       0xf8 C:/ISIS/workspace_ycube/ycube/GlobusSatProject/..//hal/hcc/lib\libHCCD.a(fat_common.o)
                0x20019b18                _f_clustertopos
 .text._f_prepareformat
                0x20019c10      0x8b8 C:/ISIS/workspace_ycube/ycube/GlobusSatProject/..//hal/hcc/lib\libHCCD.a(fat_common.o)
 .text._f_resetfatentries
                0x2001a4c8      0x410 C:/ISIS/workspace_ycube/ycube/GlobusSatProject/..//hal/hcc/lib\libHCCD.a(fat_common.o)
 .text._f_resetrootdir
                0x2001a8d8       0xcc C:/ISIS/workspace_ycube/ycube/GlobusSatProject/..//hal/hcc/lib\libHCCD.a(fat_common.o)
 .text._f_postformat
                0x2001a9a4      0x178 C:/ISIS/workspace_ycube/ycube/GlobusSatProject/..//hal/hcc/lib\libHCCD.a(fat_common.o)
 .text.fn_format
                0x2001ab1c      0x148 C:/ISIS/workspace_ycube/ycube/GlobusSatProject/..//hal/hcc/lib\libHCCD.a(fat_common.o)
                0x2001ab1c                fn_format
 .text._f_getcurrsector
                0x2001ac64      0x6c8 C:/ISIS/workspace_ycube/ycube/GlobusSatProject/..//hal/hcc/lib\libHCCD.a(fat_common.o)
                0x2001ac64                _f_getcurrsector
 .text._f_getdecluster
                0x2001b32c       0x90 C:/ISIS/workspace_ycube/ycube/GlobusSatProject/..//hal/hcc/lib\libHCCD.a(fat_common.o)
                0x2001b32c                _f_getdecluster
 .text._f_setdecluster
                0x2001b3bc       0x8c C:/ISIS/workspace_ycube/ycube/GlobusSatProject/..//hal/hcc/lib\libHCCD.a(fat_common.o)
                0x2001b3bc                _f_setdecluster
 .text.fn_getdrive
                0x2001b448       0x30 C:/ISIS/workspace_ycube/ycube/GlobusSatProject/..//hal/hcc/lib\libHCCD.a(fat_common.o)
                0x2001b448                fn_getdrive
 .text._f_getcurrenttimedate
                0x2001b478      0x138 C:/ISIS/workspace_ycube/ycube/GlobusSatProject/..//hal/hcc/lib\libHCCD.a(fat_common.o)
                0x2001b478                _f_getcurrenttimedate
 .text._f_initentry
                0x2001b5b0       0xa0 C:/ISIS/workspace_ycube/ycube/GlobusSatProject/..//hal/hcc/lib\libHCCD.a(fat_common.o)
                0x2001b5b0                _f_initentry
 .text._f_alloccluster
                0x2001b650      0x344 C:/ISIS/workspace_ycube/ycube/GlobusSatProject/..//hal/hcc/lib\libHCCD.a(fat_common.o)
                0x2001b650                _f_alloccluster
 .text._f_dobadblock
                0x2001b994      0x2cc C:/ISIS/workspace_ycube/ycube/GlobusSatProject/..//hal/hcc/lib\libHCCD.a(fat_common.o)
                0x2001b994                _f_dobadblock
 .text._f_checklocked
                0x2001bc60       0xe4 C:/ISIS/workspace_ycube/ycube/GlobusSatProject/..//hal/hcc/lib\libHCCD.a(fat_common.o)
                0x2001bc60                _f_checklocked
 .text._f_checkappendlocked
                0x2001bd44      0x110 C:/ISIS/workspace_ycube/ycube/GlobusSatProject/..//hal/hcc/lib\libHCCD.a(fat_common.o)
                0x2001bd44                _f_checkappendlocked
 .text._f_setsyncafile
                0x2001be54      0x114 C:/ISIS/workspace_ycube/ycube/GlobusSatProject/..//hal/hcc/lib\libHCCD.a(fat_common.o)
                0x2001be54                _f_setsyncafile
 .text._f_syncfiles
                0x2001bf68      0x128 C:/ISIS/workspace_ycube/ycube/GlobusSatProject/..//hal/hcc/lib\libHCCD.a(fat_common.o)
                0x2001bf68                _f_syncfiles
 .text._f_syncfilescontent
                0x2001c090      0x15c C:/ISIS/workspace_ycube/ycube/GlobusSatProject/..//hal/hcc/lib\libHCCD.a(fat_common.o)
 .text.fn_getfreespace
                0x2001c1ec      0x4c0 C:/ISIS/workspace_ycube/ycube/GlobusSatProject/..//hal/hcc/lib\libHCCD.a(fat_common.o)
                0x2001c1ec                fn_getfreespace
 .text._f_emptywritecache
                0x2001c6ac      0x4a4 C:/ISIS/workspace_ycube/ycube/GlobusSatProject/..//hal/hcc/lib\libHCCD.a(fat_common.o)
 .text._f_allocnextcluster
                0x2001cb50      0x54c C:/ISIS/workspace_ycube/ycube/GlobusSatProject/..//hal/hcc/lib\libHCCD.a(fat_common.o)
 .text._f_emptywritebuffer
                0x2001d09c      0x20c C:/ISIS/workspace_ycube/ycube/GlobusSatProject/..//hal/hcc/lib\libHCCD.a(fat_common.o)
 .text._f_writezeros
                0x2001d2a8       0xf0 C:/ISIS/workspace_ycube/ycube/GlobusSatProject/..//hal/hcc/lib\libHCCD.a(fat_common.o)
                0x2001d2a8                _f_writezeros
 .text._f_extend_file
                0x2001d398      0x570 C:/ISIS/workspace_ycube/ycube/GlobusSatProject/..//hal/hcc/lib\libHCCD.a(fat_common.o)
 .text._f_fseek
                0x2001d908      0x9bc C:/ISIS/workspace_ycube/ycube/GlobusSatProject/..//hal/hcc/lib\libHCCD.a(fat_common.o)
                0x2001d908                _f_fseek
 .text._f_removechain
                0x2001e2c4      0x104 C:/ISIS/workspace_ycube/ycube/GlobusSatProject/..//hal/hcc/lib\libHCCD.a(fat_common.o)
                0x2001e2c4                _f_removechain
 .text._f_updatefileentry
                0x2001e3c8      0x1cc C:/ISIS/workspace_ycube/ycube/GlobusSatProject/..//hal/hcc/lib\libHCCD.a(fat_common.o)
 .text._f_checkreadlocked
                0x2001e594      0x1bc C:/ISIS/workspace_ycube/ycube/GlobusSatProject/..//hal/hcc/lib\libHCCD.a(fat_common.o)
                0x2001e594                _f_checkreadlocked
 .text._f_check_handle
                0x2001e750       0x98 C:/ISIS/workspace_ycube/ycube/GlobusSatProject/..//hal/hcc/lib\libHCCD.a(fat_common.o)
                0x2001e750                _f_check_handle
 .text._f_removesyncafile
                0x2001e7e8      0x1ec C:/ISIS/workspace_ycube/ycube/GlobusSatProject/..//hal/hcc/lib\libHCCD.a(fat_common.o)
 .text.fn_close
                0x2001e9d4      0x3f8 C:/ISIS/workspace_ycube/ycube/GlobusSatProject/..//hal/hcc/lib\libHCCD.a(fat_common.o)
                0x2001e9d4                fn_close
 .text.fn_flush
                0x2001edcc      0x374 C:/ISIS/workspace_ycube/ycube/GlobusSatProject/..//hal/hcc/lib\libHCCD.a(fat_common.o)
                0x2001edcc                fn_flush
 .text.fn_read  0x2001f140      0x690 C:/ISIS/workspace_ycube/ycube/GlobusSatProject/..//hal/hcc/lib\libHCCD.a(fat_common.o)
                0x2001f140                fn_read
 .text._f_abortwrite
                0x2001f7d0      0x100 C:/ISIS/workspace_ycube/ycube/GlobusSatProject/..//hal/hcc/lib\libHCCD.a(fat_common.o)
 .text._f_checkwritecluster
                0x2001f8d0       0xe4 C:/ISIS/workspace_ycube/ycube/GlobusSatProject/..//hal/hcc/lib\libHCCD.a(fat_common.o)
 .text.fn_write
                0x2001f9b4      0x8a8 C:/ISIS/workspace_ycube/ycube/GlobusSatProject/..//hal/hcc/lib\libHCCD.a(fat_common.o)
                0x2001f9b4                fn_write
 .text.fn_seek  0x2002025c      0x270 C:/ISIS/workspace_ycube/ycube/GlobusSatProject/..//hal/hcc/lib\libHCCD.a(fat_common.o)
                0x2002025c                fn_seek
 .text.fn_tell  0x200204cc      0x19c C:/ISIS/workspace_ycube/ycube/GlobusSatProject/..//hal/hcc/lib\libHCCD.a(fat_common.o)
                0x200204cc                fn_tell
 .text.fn_rewind
                0x20020668       0x38 C:/ISIS/workspace_ycube/ycube/GlobusSatProject/..//hal/hcc/lib\libHCCD.a(fat_common.o)
                0x20020668                fn_rewind
 .text.fn_putc  0x200206a0       0x68 C:/ISIS/workspace_ycube/ycube/GlobusSatProject/..//hal/hcc/lib\libHCCD.a(fat_common.o)
                0x200206a0                fn_putc
 .text.f_enterFS
                0x20020708      0x1c0 C:/ISIS/workspace_ycube/ycube/GlobusSatProject/..//hal/hcc/lib\libHCCD.a(fat_common.o)
                0x20020708                f_enterFS
 .text.f_releaseFS
                0x200208c8       0xb0 C:/ISIS/workspace_ycube/ycube/GlobusSatProject/..//hal/hcc/lib\libHCCD.a(fat_common.o)
                0x200208c8                f_releaseFS
 .text.fnGetTask
                0x20020978       0xfc C:/ISIS/workspace_ycube/ycube/GlobusSatProject/..//hal/hcc/lib\libHCCD.a(fat_common.o)
                0x20020978                fnGetTask
 .text._f_mutex_get
                0x20020a74       0x98 C:/ISIS/workspace_ycube/ycube/GlobusSatProject/..//hal/hcc/lib\libHCCD.a(fat_common.o)
                0x20020a74                _f_mutex_get
 .text._f_mutex_put
                0x20020b0c       0x54 C:/ISIS/workspace_ycube/ycube/GlobusSatProject/..//hal/hcc/lib\libHCCD.a(fat_common.o)
                0x20020b0c                _f_mutex_put
 .text._fn_initseekdivisor
                0x20020b60      0x158 C:/ISIS/workspace_ycube/ycube/GlobusSatProject/..//hal/hcc/lib\libHCCD.a(fat_common.o)
                0x20020b60                _fn_initseekdivisor
 .text._fn_updateseekpos
                0x20020cb8       0xc4 C:/ISIS/workspace_ycube/ycube/GlobusSatProject/..//hal/hcc/lib\libHCCD.a(fat_common.o)
 .text._f_findopensize
                0x20020d7c       0x2c C:/ISIS/workspace_ycube/ycube/GlobusSatProject/..//hal/hcc/lib\libHCCD.a(fat_common.o)
                0x20020d7c                _f_findopensize
 .text.fn_setlasterror
                0x20020da8       0x34 C:/ISIS/workspace_ycube/ycube/GlobusSatProject/..//hal/hcc/lib\libHCCD.a(fat_common.o)
                0x20020da8                fn_setlasterror
 .text.fn_setlasterror_noret
                0x20020ddc       0x2c C:/ISIS/workspace_ycube/ycube/GlobusSatProject/..//hal/hcc/lib\libHCCD.a(fat_common.o)
                0x20020ddc                fn_setlasterror_noret
 .text._s_checkzeroclusteratend
                0x20020e08       0xf8 C:/ISIS/workspace_ycube/ycube/GlobusSatProject/..//hal/hcc/lib\libHCCD.a(safefat.o)
 .text._s_clearclustercontent
                0x20020f00      0x108 C:/ISIS/workspace_ycube/ycube/GlobusSatProject/..//hal/hcc/lib\libHCCD.a(safefat.o)
 .text._s_clearclustercontentdir
                0x20021008      0x19c C:/ISIS/workspace_ycube/ycube/GlobusSatProject/..//hal/hcc/lib\libHCCD.a(safefat.o)
 .text._s_writedirsector
                0x200211a4       0xd0 C:/ISIS/workspace_ycube/ycube/GlobusSatProject/..//hal/hcc/lib\libHCCD.a(safefat.o)
 .text._s_getdirsector
                0x20021274      0x100 C:/ISIS/workspace_ycube/ycube/GlobusSatProject/..//hal/hcc/lib\libHCCD.a(safefat.o)
 .text._s_addentry
                0x20021374      0x394 C:/ISIS/workspace_ycube/ycube/GlobusSatProject/..//hal/hcc/lib\libHCCD.a(safefat.o)
 .text._s_findfile
                0x20021708      0x33c C:/ISIS/workspace_ycube/ycube/GlobusSatProject/..//hal/hcc/lib\libHCCD.a(safefat.o)
 .text._s_findsubdir
                0x20021a44      0x248 C:/ISIS/workspace_ycube/ycube/GlobusSatProject/..//hal/hcc/lib\libHCCD.a(safefat.o)
 .text._s_createfile
                0x20021c8c      0x190 C:/ISIS/workspace_ycube/ycube/GlobusSatProject/..//hal/hcc/lib\libHCCD.a(safefat.o)
 .text._s_findsaffile
                0x20021e1c      0x1b8 C:/ISIS/workspace_ycube/ycube/GlobusSatProject/..//hal/hcc/lib\libHCCD.a(safefat.o)
 .text._s_open  0x20021fd4       0xe4 C:/ISIS/workspace_ycube/ycube/GlobusSatProject/..//hal/hcc/lib\libHCCD.a(safefat.o)
 .text._s_open_saf
                0x200220b8       0xe8 C:/ISIS/workspace_ycube/ycube/GlobusSatProject/..//hal/hcc/lib\libHCCD.a(safefat.o)
 .text._s_flush
                0x200221a0       0x84 C:/ISIS/workspace_ycube/ycube/GlobusSatProject/..//hal/hcc/lib\libHCCD.a(safefat.o)
 .text._s_allocnextcluster
                0x20022224      0x13c C:/ISIS/workspace_ycube/ycube/GlobusSatProject/..//hal/hcc/lib\libHCCD.a(safefat.o)
 .text._s_getnextsector
                0x20022360       0xdc C:/ISIS/workspace_ycube/ycube/GlobusSatProject/..//hal/hcc/lib\libHCCD.a(safefat.o)
 .text._s_seek  0x2002243c      0x1e8 C:/ISIS/workspace_ycube/ycube/GlobusSatProject/..//hal/hcc/lib\libHCCD.a(safefat.o)
 .text._s_get_len
                0x20022624      0x10c C:/ISIS/workspace_ycube/ycube/GlobusSatProject/..//hal/hcc/lib\libHCCD.a(safefat.o)
 .text._s_set_len
                0x20022730       0xb4 C:/ISIS/workspace_ycube/ycube/GlobusSatProject/..//hal/hcc/lib\libHCCD.a(safefat.o)
 .text.safe_fix_filelengths
                0x200227e4       0xcc C:/ISIS/workspace_ycube/ycube/GlobusSatProject/..//hal/hcc/lib\libHCCD.a(safefat.o)
                0x200227e4                safe_fix_filelengths
 .text._s_read  0x200228b0      0x228 C:/ISIS/workspace_ycube/ycube/GlobusSatProject/..//hal/hcc/lib\libHCCD.a(safefat.o)
 .text._s_write
                0x20022ad8      0x384 C:/ISIS/workspace_ycube/ycube/GlobusSatProject/..//hal/hcc/lib\libHCCD.a(safefat.o)
 .text._s_restoreclusters
                0x20022e5c      0x270 C:/ISIS/workspace_ycube/ycube/GlobusSatProject/..//hal/hcc/lib\libHCCD.a(safefat.o)
                0x20022e5c                _s_restoreclusters
 .text._s_findrestore
                0x200230cc      0x18c C:/ISIS/workspace_ycube/ycube/GlobusSatProject/..//hal/hcc/lib\libHCCD.a(safefat.o)
 .text._s_cmd_writede
                0x20023258       0xd8 C:/ISIS/workspace_ycube/ycube/GlobusSatProject/..//hal/hcc/lib\libHCCD.a(safefat.o)
 .text._s_cmd_setcluster
                0x20023330       0x88 C:/ISIS/workspace_ycube/ycube/GlobusSatProject/..//hal/hcc/lib\libHCCD.a(safefat.o)
 .text._s_cmd_deletechain
                0x200233b8      0x100 C:/ISIS/workspace_ycube/ycube/GlobusSatProject/..//hal/hcc/lib\libHCCD.a(safefat.o)
 .text._s_cmd_validatecfn
                0x200234b8      0x308 C:/ISIS/workspace_ycube/ycube/GlobusSatProject/..//hal/hcc/lib\libHCCD.a(safefat.o)
 .text._s_cmd_seteof
                0x200237c0      0x3c4 C:/ISIS/workspace_ycube/ycube/GlobusSatProject/..//hal/hcc/lib\libHCCD.a(safefat.o)
 .text.safe_docommands
                0x20023b84      0x56c C:/ISIS/workspace_ycube/ycube/GlobusSatProject/..//hal/hcc/lib\libHCCD.a(safefat.o)
                0x20023b84                safe_docommands
 .text.safe_entercommand
                0x200240f0       0x68 C:/ISIS/workspace_ycube/ycube/GlobusSatProject/..//hal/hcc/lib\libHCCD.a(safefat.o)
                0x200240f0                safe_entercommand
 .text.safe_ready
                0x20024158       0xf4 C:/ISIS/workspace_ycube/ycube/GlobusSatProject/..//hal/hcc/lib\libHCCD.a(safefat.o)
                0x20024158                safe_ready
 .text.safe_copycfn
                0x2002424c       0xb8 C:/ISIS/workspace_ycube/ycube/GlobusSatProject/..//hal/hcc/lib\libHCCD.a(safefat.o)
                0x2002424c                safe_copycfn
 .text.safe_cfremove
                0x20024304       0xb8 C:/ISIS/workspace_ycube/ycube/GlobusSatProject/..//hal/hcc/lib\libHCCD.a(safefat.o)
                0x20024304                safe_cfremove
 .text.safe_writede
                0x200243bc      0x104 C:/ISIS/workspace_ycube/ycube/GlobusSatProject/..//hal/hcc/lib\libHCCD.a(safefat.o)
                0x200243bc                safe_writede
 .text.safe_setcluster
                0x200244c0       0xcc C:/ISIS/workspace_ycube/ycube/GlobusSatProject/..//hal/hcc/lib\libHCCD.a(safefat.o)
                0x200244c0                safe_setcluster
 .text.safe_deletechain
                0x2002458c      0x1c8 C:/ISIS/workspace_ycube/ycube/GlobusSatProject/..//hal/hcc/lib\libHCCD.a(safefat.o)
                0x2002458c                safe_deletechain
 .text.safe_cfclose
                0x20024754      0x104 C:/ISIS/workspace_ycube/ycube/GlobusSatProject/..//hal/hcc/lib\libHCCD.a(safefat.o)
                0x20024754                safe_cfclose
 .text.safe_cfflush
                0x20024858      0x124 C:/ISIS/workspace_ycube/ycube/GlobusSatProject/..//hal/hcc/lib\libHCCD.a(safefat.o)
                0x20024858                safe_cfflush
 .text.safe_reset
                0x2002497c       0x78 C:/ISIS/workspace_ycube/ycube/GlobusSatProject/..//hal/hcc/lib\libHCCD.a(safefat.o)
                0x2002497c                safe_reset
 .text.safe_loadcommands
                0x200249f4       0x78 C:/ISIS/workspace_ycube/ycube/GlobusSatProject/..//hal/hcc/lib\libHCCD.a(safefat.o)
                0x200249f4                safe_loadcommands
 .text.safe_poweron
                0x20024a6c      0x1fc C:/ISIS/workspace_ycube/ycube/GlobusSatProject/..//hal/hcc/lib\libHCCD.a(safefat.o)
                0x20024a6c                safe_poweron
 .text.cf_getname
                0x20024c68       0xc0 C:/ISIS/workspace_ycube/ycube/GlobusSatProject/..//hal/hcc/lib\libHCCD.a(safefat.o)
 .text.cf_copyclusterchain
                0x20024d28      0x138 C:/ISIS/workspace_ycube/ycube/GlobusSatProject/..//hal/hcc/lib\libHCCD.a(safefat.o)
 .text.cf_seektozero
                0x20024e60       0x94 C:/ISIS/workspace_ycube/ycube/GlobusSatProject/..//hal/hcc/lib\libHCCD.a(safefat.o)
                0x20024e60                cf_seektozero
 .text.cf_create
                0x20024ef4      0x3a8 C:/ISIS/workspace_ycube/ycube/GlobusSatProject/..//hal/hcc/lib\libHCCD.a(safefat.o)
                0x20024ef4                cf_create
 .text.cf_copyclustercontent
                0x2002529c      0x128 C:/ISIS/workspace_ycube/ycube/GlobusSatProject/..//hal/hcc/lib\libHCCD.a(safefat.o)
                0x2002529c                cf_copyclustercontent
 .text.cf_copycfn
                0x200253c4      0x4bc C:/ISIS/workspace_ycube/ycube/GlobusSatProject/..//hal/hcc/lib\libHCCD.a(safefat.o)
                0x200253c4                cf_copycfn
 .text.cf_remove
                0x20025880      0x344 C:/ISIS/workspace_ycube/ycube/GlobusSatProject/..//hal/hcc/lib\libHCCD.a(safefat.o)
                0x20025880                cf_remove
 .text.cf_setclusternew
                0x20025bc4       0xf0 C:/ISIS/workspace_ycube/ycube/GlobusSatProject/..//hal/hcc/lib\libHCCD.a(safefat.o)
                0x20025bc4                cf_setclusternew
 .text.cf_flush
                0x20025cb4       0x58 C:/ISIS/workspace_ycube/ycube/GlobusSatProject/..//hal/hcc/lib\libHCCD.a(safefat.o)
                0x20025cb4                cf_flush
 .text.cf_getcluster
                0x20025d0c      0x1b4 C:/ISIS/workspace_ycube/ycube/GlobusSatProject/..//hal/hcc/lib\libHCCD.a(safefat.o)
                0x20025d0c                cf_getcluster
 .text.cf_setnextcluster
                0x20025ec0      0x194 C:/ISIS/workspace_ycube/ycube/GlobusSatProject/..//hal/hcc/lib\libHCCD.a(safefat.o)
                0x20025ec0                cf_setnextcluster
 .text.cf_getpositions
                0x20026054       0xbc C:/ISIS/workspace_ycube/ycube/GlobusSatProject/..//hal/hcc/lib\libHCCD.a(safefat.o)
                0x20026054                cf_getpositions
 .text.cf_setpositions
                0x20026110       0xb0 C:/ISIS/workspace_ycube/ycube/GlobusSatProject/..//hal/hcc/lib\libHCCD.a(safefat.o)
                0x20026110                cf_setpositions
 .text.cf_opensyncafile
                0x200261c0      0x150 C:/ISIS/workspace_ycube/ycube/GlobusSatProject/..//hal/hcc/lib\libHCCD.a(safefat.o)
                0x200261c0                cf_opensyncafile
 .text.cf_reloadcfo
                0x20026310       0xd8 C:/ISIS/workspace_ycube/ycube/GlobusSatProject/..//hal/hcc/lib\libHCCD.a(safefat.o)
                0x20026310                cf_reloadcfo
 .text.mcipdc_cmd
                0x200263e8      0x22c C:/ISIS/workspace_ycube/ycube/GlobusSatProject/..//hal/hcc/lib\libHCCD.a(atmel_mcipdc.o)
 .text.mcipdc_stop
                0x20026614       0xfc C:/ISIS/workspace_ycube/ycube/GlobusSatProject/..//hal/hcc/lib\libHCCD.a(atmel_mcipdc.o)
                0x20026614                mcipdc_stop
 .text.mcipdc_read
                0x20026710      0x27c C:/ISIS/workspace_ycube/ycube/GlobusSatProject/..//hal/hcc/lib\libHCCD.a(atmel_mcipdc.o)
 .text.mcipdc_write
                0x2002698c      0x298 C:/ISIS/workspace_ycube/ycube/GlobusSatProject/..//hal/hcc/lib\libHCCD.a(atmel_mcipdc.o)
 .text.mcipdc_readsector
                0x20026c24       0x9c C:/ISIS/workspace_ycube/ycube/GlobusSatProject/..//hal/hcc/lib\libHCCD.a(atmel_mcipdc.o)
                0x20026c24                mcipdc_readsector
 .text.mcipdc_readmultiplesector
                0x20026cc0      0x124 C:/ISIS/workspace_ycube/ycube/GlobusSatProject/..//hal/hcc/lib\libHCCD.a(atmel_mcipdc.o)
                0x20026cc0                mcipdc_readmultiplesector
 .text.mcipdc_writesector
                0x20026de4       0x90 C:/ISIS/workspace_ycube/ycube/GlobusSatProject/..//hal/hcc/lib\libHCCD.a(atmel_mcipdc.o)
                0x20026de4                mcipdc_writesector
 .text.mcipdc_writemultiplesector
                0x20026e74      0x120 C:/ISIS/workspace_ycube/ycube/GlobusSatProject/..//hal/hcc/lib\libHCCD.a(atmel_mcipdc.o)
                0x20026e74                mcipdc_writemultiplesector
 .text.mcipdc_set_speed
                0x20026f94       0xb0 C:/ISIS/workspace_ycube/ycube/GlobusSatProject/..//hal/hcc/lib\libHCCD.a(atmel_mcipdc.o)
 .text.mcipdc_get_speed
                0x20027044       0x48 C:/ISIS/workspace_ycube/ycube/GlobusSatProject/..//hal/hcc/lib\libHCCD.a(atmel_mcipdc.o)
 .text._get_csd_bits
                0x2002708c      0x14c C:/ISIS/workspace_ycube/ycube/GlobusSatProject/..//hal/hcc/lib\libHCCD.a(atmel_mcipdc.o)
 .text.mcipdc_initcard
                0x200271d8      0x8f4 C:/ISIS/workspace_ycube/ycube/GlobusSatProject/..//hal/hcc/lib\libHCCD.a(atmel_mcipdc.o)
 .text.mcipdc_getstatus
                0x20027acc       0xe8 C:/ISIS/workspace_ycube/ycube/GlobusSatProject/..//hal/hcc/lib\libHCCD.a(atmel_mcipdc.o)
 .text.mcipdc_getphy
                0x20027bb4       0x90 C:/ISIS/workspace_ycube/ycube/GlobusSatProject/..//hal/hcc/lib\libHCCD.a(atmel_mcipdc.o)
 .text.mcipdc_release
                0x20027c44       0x50 C:/ISIS/workspace_ycube/ycube/GlobusSatProject/..//hal/hcc/lib\libHCCD.a(atmel_mcipdc.o)
 .text.atmel_mcipdc_initfunc
                0x20027c94      0x160 C:/ISIS/workspace_ycube/ycube/GlobusSatProject/..//hal/hcc/lib\libHCCD.a(atmel_mcipdc.o)
                0x20027c94                atmel_mcipdc_initfunc
 .text.oal_task_get_id
                0x20027df4       0x18 C:/ISIS/workspace_ycube/ycube/GlobusSatProject/..//hal/hcc/lib\libHCCD.a(oalp_task.o)
                0x20027df4                oal_task_get_id
 .text.oal_mutex_create
                0x20027e0c       0x54 C:/ISIS/workspace_ycube/ycube/GlobusSatProject/..//hal/hcc/lib\libHCCD.a(oalp_mutex.o)
                0x20027e0c                oal_mutex_create
 .text.oal_mutex_delete
                0x20027e60       0x30 C:/ISIS/workspace_ycube/ycube/GlobusSatProject/..//hal/hcc/lib\libHCCD.a(oalp_mutex.o)
                0x20027e60                oal_mutex_delete
 .text.oal_mutex_get
                0x20027e90       0x58 C:/ISIS/workspace_ycube/ycube/GlobusSatProject/..//hal/hcc/lib\libHCCD.a(oalp_mutex.o)
                0x20027e90                oal_mutex_get
 .text.oal_mutex_put
                0x20027ee8       0x58 C:/ISIS/workspace_ycube/ycube/GlobusSatProject/..//hal/hcc/lib\libHCCD.a(oalp_mutex.o)
                0x20027ee8                oal_mutex_put
 .text.mcipdc_hw_init
                0x20027f40       0xe8 C:/ISIS/workspace_ycube/ycube/GlobusSatProject/..//hal/hcc/lib\libHCCD.a(atmel_mcipdc_hw.o)
                0x20027f40                mcipdc_hw_init
 .text.mcipdc_hw_delete
                0x20028028       0x78 C:/ISIS/workspace_ycube/ycube/GlobusSatProject/..//hal/hcc/lib\libHCCD.a(atmel_mcipdc_hw.o)
                0x20028028                mcipdc_hw_delete
 .text.mcipdc_hw_card_plugged
                0x200280a0       0x1c C:/ISIS/workspace_ycube/ycube/GlobusSatProject/..//hal/hcc/lib\libHCCD.a(atmel_mcipdc_hw.o)
                0x200280a0                mcipdc_hw_card_plugged
 .text.mcipdc_hw_card_writeprotect
                0x200280bc       0x1c C:/ISIS/workspace_ycube/ycube/GlobusSatProject/..//hal/hcc/lib\libHCCD.a(atmel_mcipdc_hw.o)
                0x200280bc                mcipdc_hw_card_writeprotect
 .text.psp_getrand
                0x200280d8      0x14c C:/ISIS/workspace_ycube/ycube/GlobusSatProject/..//hal/hcc/lib\libHCCD.a(psp_rand.o)
                0x200280d8                psp_getrand
 .text.psp_getcurrenttimedate
                0x20028224       0x8c C:/ISIS/workspace_ycube/ycube/GlobusSatProject/..//hal/hcc/lib\libHCCD.a(psp_rtc.o)
                0x20028224                psp_getcurrenttimedate
 .text._hcc_get_buf_dsc
                0x200282b0       0x8c C:/ISIS/workspace_ycube/ycube/GlobusSatProject/..//hal/hcc/lib\libHCCD.a(hcc_mem.o)
 .text._hcc_check_free_pages
                0x2002833c      0x18c C:/ISIS/workspace_ycube/ycube/GlobusSatProject/..//hal/hcc/lib\libHCCD.a(hcc_mem.o)
 .text._hcc_mark_pages
                0x200284c8      0x158 C:/ISIS/workspace_ycube/ycube/GlobusSatProject/..//hal/hcc/lib\libHCCD.a(hcc_mem.o)
 .text._hcc_clear_lock_dsc
                0x20028620       0x80 C:/ISIS/workspace_ycube/ycube/GlobusSatProject/..//hal/hcc/lib\libHCCD.a(hcc_mem.o)
 .text._hcc_lock_access
                0x200286a0      0x128 C:/ISIS/workspace_ycube/ycube/GlobusSatProject/..//hal/hcc/lib\libHCCD.a(hcc_mem.o)
 .text._hcc_unlock_access
                0x200287c8       0x30 C:/ISIS/workspace_ycube/ycube/GlobusSatProject/..//hal/hcc/lib\libHCCD.a(hcc_mem.o)
 .text.hcc_mem_alloc
                0x200287f8      0x454 C:/ISIS/workspace_ycube/ycube/GlobusSatProject/..//hal/hcc/lib\libHCCD.a(hcc_mem.o)
                0x200287f8                hcc_mem_alloc
 .text.hcc_mem_free
                0x20028c4c      0x178 C:/ISIS/workspace_ycube/ycube/GlobusSatProject/..//hal/hcc/lib\libHCCD.a(hcc_mem.o)
                0x20028c4c                hcc_mem_free
 .text.hcc_mem_add
                0x20028dc4      0x3b0 C:/ISIS/workspace_ycube/ycube/GlobusSatProject/..//hal/hcc/lib\libHCCD.a(hcc_mem.o)
                0x20028dc4                hcc_mem_add
 .text.hcc_mem_init
                0x20029174      0x164 C:/ISIS/workspace_ycube/ycube/GlobusSatProject/..//hal/hcc/lib\libHCCD.a(hcc_mem.o)
                0x20029174                hcc_mem_init
 .text.hcc_mem_delete
                0x200292d8       0x94 C:/ISIS/workspace_ycube/ycube/GlobusSatProject/..//hal/hcc/lib\libHCCD.a(hcc_mem.o)
                0x200292d8                hcc_mem_delete
 .text.hcc_mem_buf_alloc
                0x2002936c       0xe4 C:/ISIS/workspace_ycube/ycube/GlobusSatProject/..//hal/hcc/lib\libHCCD.a(psp_hcc_mem.o)
                0x2002936c                hcc_mem_buf_alloc
 .text.hcc_mem_buf_free
                0x20029450       0x6c C:/ISIS/workspace_ycube/ycube/GlobusSatProject/..//hal/hcc/lib\libHCCD.a(psp_hcc_mem.o)
                0x20029450                hcc_mem_buf_free
 .text.IsisSolarPanelv2_initialize
                0x200294bc      0x118 C:/ISIS/workspace_ycube/ycube/GlobusSatProject/..//satellite-subsystems/satellite-subsystems/lib\libSatelliteSubsystemsD.a(IsisSolarPanelv2.o)
                0x200294bc                IsisSolarPanelv2_initialize
 .text.IsisSolarPanelv2_getTemperature
                0x200295d4       0xfc C:/ISIS/workspace_ycube/ycube/GlobusSatProject/..//satellite-subsystems/satellite-subsystems/lib\libSatelliteSubsystemsD.a(IsisSolarPanelv2.o)
                0x200295d4                IsisSolarPanelv2_getTemperature
 .text._Reset   0x200296d0       0x20 C:/ISIS/workspace_ycube/ycube/GlobusSatProject/..//satellite-subsystems/satellite-subsystems/lib\libSatelliteSubsystemsD.a(IsisSolarPanelv2.o)
 .text._WaitForStartup
                0x200296f0       0xa0 C:/ISIS/workspace_ycube/ycube/GlobusSatProject/..//satellite-subsystems/satellite-subsystems/lib\libSatelliteSubsystemsD.a(IsisSolarPanelv2.o)
 .text._AssignAllChannels
                0x20029790       0x90 C:/ISIS/workspace_ycube/ycube/GlobusSatProject/..//satellite-subsystems/satellite-subsystems/lib\libSatelliteSubsystemsD.a(IsisSolarPanelv2.o)
 .text._AssignThisChannel
                0x20029820       0xe8 C:/ISIS/workspace_ycube/ycube/GlobusSatProject/..//satellite-subsystems/satellite-subsystems/lib\libSatelliteSubsystemsD.a(IsisSolarPanelv2.o)
 .text._InitiateConversion
                0x20029908       0xac C:/ISIS/workspace_ycube/ycube/GlobusSatProject/..//satellite-subsystems/satellite-subsystems/lib\libSatelliteSubsystemsD.a(IsisSolarPanelv2.o)
 .text._WaitForConversionComplete
                0x200299b4      0x110 C:/ISIS/workspace_ycube/ycube/GlobusSatProject/..//satellite-subsystems/satellite-subsystems/lib\libSatelliteSubsystemsD.a(IsisSolarPanelv2.o)
 .text._ReadResult
                0x20029ac4      0x158 C:/ISIS/workspace_ycube/ycube/GlobusSatProject/..//satellite-subsystems/satellite-subsystems/lib\libSatelliteSubsystemsD.a(IsisSolarPanelv2.o)
 .text._ExtractByte
                0x20029c1c       0x38 C:/ISIS/workspace_ycube/ycube/GlobusSatProject/..//satellite-subsystems/satellite-subsystems/lib\libSatelliteSubsystemsD.a(IsisSolarPanelv2.o)
 .text._ExtendSign
                0x20029c54       0x6c C:/ISIS/workspace_ycube/ycube/GlobusSatProject/..//satellite-subsystems/satellite-subsystems/lib\libSatelliteSubsystemsD.a(IsisSolarPanelv2.o)
 .text._PinsInit
                0x20029cc0       0x68 C:/ISIS/workspace_ycube/ycube/GlobusSatProject/..//satellite-subsystems/satellite-subsystems/lib\libSatelliteSubsystemsD.a(IsisSolarPanelv2.o)
 .text._SpiWriteRead