Archive member included because of file (symbol)

C:/ISIS/workspace_ycube/GlobusSatProject/..//hal/hal/lib\libHALD.a(I2C.o)
                              ./src/SubSystemModules/Communication/SubsystemCommands/Maintanence_Commands.o (I2C_write)
C:/ISIS/workspace_ycube/GlobusSatProject/..//hal/hal/lib\libHALD.a(SPI.o)
                              ./src/InitSystem.o (SPI_start)
C:/ISIS/workspace_ycube/GlobusSatProject/..//hal/hal/lib\libHALD.a(FRAM.o)
                              ./src/SubSystemModules/Communication/SubsystemCommands/Maintanence_Commands.o (FRAM_start)
C:/ISIS/workspace_ycube/GlobusSatProject/..//hal/hal/lib\libHALD.a(Time.o)
                              ./src/InitSystem.o (Time_start)
C:/ISIS/workspace_ycube/GlobusSatProject/..//hal/hal/lib\libHALD.a(WatchDogTimerNoOS.o)
                              ./src/main.o (WDT_start)
C:/ISIS/workspace_ycube/GlobusSatProject/..//hal/hal/lib\libHALD.a(WatchDogTimerOS.o)
                              ./src/TestingDemos/MainTest.o (WDT_startWatchdogKickTask)
C:/ISIS/workspace_ycube/GlobusSatProject/..//hal/hal/lib\libHALD.a(util.o)
                              ./src/TestingDemos/EpsTestingDemo.o (UTIL_DbguGetInteger)
C:/ISIS/workspace_ycube/GlobusSatProject/..//hal/hal/lib\libHALD.a(LED.o)
                              C:/ISIS/workspace_ycube/GlobusSatProject/..//hal/hal/lib\libHALD.a(WatchDogTimerOS.o) (LED_toggle)
C:/ISIS/workspace_ycube/GlobusSatProject/..//hal/hal/lib\libHALD.a(RTC.o)
                              C:/ISIS/workspace_ycube/GlobusSatProject/..//hal/hal/lib\libHALD.a(Time.o) (RTC_getTime)
C:/ISIS/workspace_ycube/GlobusSatProject/..//hal/hal/lib\libHALD.a(RTT.o)
                              C:/ISIS/workspace_ycube/GlobusSatProject/..//hal/hal/lib\libHALD.a(Time.o) (RTT_start)
C:/ISIS/workspace_ycube/GlobusSatProject/..//hal/hcc/lib\libHCCD.a(fat_common.o)
                              ./src/TLM_management.o (fn_init)
C:/ISIS/workspace_ycube/GlobusSatProject/..//hal/hcc/lib\libHCCD.a(fat_m.o)
                              ./src/TLM_management.o (fm_initvolume)
C:/ISIS/workspace_ycube/GlobusSatProject/..//hal/hcc/lib\libHCCD.a(safefat.o)
                              C:/ISIS/workspace_ycube/GlobusSatProject/..//hal/hcc/lib\libHCCD.a(fat_common.o) (safe_fix_filelengths)
C:/ISIS/workspace_ycube/GlobusSatProject/..//hal/hcc/lib\libHCCD.a(atmel_mcipdc.o)
                              ./src/TLM_management.o (atmel_mcipdc_initfunc)
C:/ISIS/workspace_ycube/GlobusSatProject/..//hal/hcc/lib\libHCCD.a(oalp_mutex.o)
                              C:/ISIS/workspace_ycube/GlobusSatProject/..//hal/hcc/lib\libHCCD.a(fat_common.o) (oal_mutex_create)
C:/ISIS/workspace_ycube/GlobusSatProject/..//hal/hcc/lib\libHCCD.a(oalp_task.o)
                              C:/ISIS/workspace_ycube/GlobusSatProject/..//hal/hcc/lib\libHCCD.a(fat_common.o) (oal_task_get_id)
C:/ISIS/workspace_ycube/GlobusSatProject/..//hal/hcc/lib\libHCCD.a(atmel_mcipdc_hw.o)
                              C:/ISIS/workspace_ycube/GlobusSatProject/..//hal/hcc/lib\libHCCD.a(atmel_mcipdc.o) (mcipdc_hw_init)
C:/ISIS/workspace_ycube/GlobusSatProject/..//hal/hcc/lib\libHCCD.a(psp_rand.o)
                              C:/ISIS/workspace_ycube/GlobusSatProject/..//hal/hcc/lib\libHCCD.a(fat_common.o) (psp_getrand)
C:/ISIS/workspace_ycube/GlobusSatProject/..//hal/hcc/lib\libHCCD.a(psp_rtc.o)
                              C:/ISIS/workspace_ycube/GlobusSatProject/..//hal/hcc/lib\libHCCD.a(fat_common.o) (psp_getcurrenttimedate)
C:/ISIS/workspace_ycube/GlobusSatProject/..//hal/hcc/lib\libHCCD.a(hcc_mem.o)
                              C:/ISIS/workspace_ycube/GlobusSatProject/..//hal/hcc/lib\libHCCD.a(atmel_mcipdc.o) (hcc_mem_alloc)
C:/ISIS/workspace_ycube/GlobusSatProject/..//hal/hcc/lib\libHCCD.a(fat.o)
                              C:/ISIS/workspace_ycube/GlobusSatProject/..//hal/hcc/lib\libHCCD.a(fat_common.o) (_f_getdirsector)
C:/ISIS/workspace_ycube/GlobusSatProject/..//hal/hcc/lib\libHCCD.a(psp_hcc_mem.o)
                              C:/ISIS/workspace_ycube/GlobusSatProject/..//hal/hcc/lib\libHCCD.a(hcc_mem.o) (hcc_mem_buf_alloc)
C:/ISIS/workspace_ycube/satellite-subsystems/satellite-subsystems/lib\libSatelliteSubsystemsD.a(IsisAntS.o)
                              ./src/SubSystemModules/Communication/TRXVU.o (IsisAntS_initialize)
C:/ISIS/workspace_ycube/satellite-subsystems/satellite-subsystems/lib\libSatelliteSubsystemsD.a(IsisSolarPanelv2.o)
                              ./src/SubSystemModules/PowerManagment/EPS.o (IsisSolarPanelv2_initialize)
C:/ISIS/workspace_ycube/satellite-subsystems/satellite-subsystems/lib\libSatelliteSubsystemsD.a(IsisTRXVU.o)
                              ./src/TestingDemos/TrxvuTestingDemo.o (IsisTrxvu_initialize)
C:/ISIS/workspace_ycube/satellite-subsystems/satellite-subsystems/lib\libSatelliteSubsystemsD.a(isis_eps_driver.o)
                              ./src/SubSystemModules/PowerManagment/EPS.o (ISIS_EPS_Init)
[...]
Memory Configuration

Name             Origin             Length             Attributes
sram0            0x00200000         0x00004000         w !xr
sram1            0x00300000         0x00004000         w !xr
sdram            0x20000000         0x02000000         w !xr
*default*        0x00000000         0xffffffff

Linker script and memory map

LOAD c:/isis/application/toolchain/bin/../lib/gcc/arm-none-eabi/4.7.4/../../../../arm-none-eabi/lib\libc.a
LOAD ./src/TestingDemos/CommandsTestingDemo.o
LOAD ./src/TestingDemos/EpsTestingDemo.o
LOAD ./src/TestingDemos/FileSystemTestingDemo.o
LOAD ./src/TestingDemos/MainTest.o
LOAD ./src/TestingDemos/MaintenanceTestingDemo.o
LOAD ./src/TestingDemos/TelemetryTestingDemo.o
LOAD ./src/TestingDemos/TrxvuTestingDemo.o
LOAD ./src/SubSystemModules/PowerManagment/EPS.o
LOAD ./src/SubSystemModules/PowerManagment/EPSOperationModes.o
LOAD ./src/SubSystemModules/Maintenance/Maintenance.o
LOAD ./src/SubSystemModules/Housekepping/TelemetryCollector.o
LOAD ./src/SubSystemModules/Communication/SubsystemCommands/EPS_Commands.o
LOAD ./src/SubSystemModules/Communication/SubsystemCommands/FS_Commands.o
LOAD ./src/SubSystemModules/Communication/SubsystemCommands/Maintanence_Commands.o
LOAD ./src/SubSystemModules/Communication/SubsystemCommands/TRXVU_Commands.o
LOAD ./src/SubSystemModules/Communication/AckHandler.o
LOAD ./src/SubSystemModules/Communication/CommandDictionary.o
LOAD ./src/SubSystemModules/Communication/SatCommandHandler.o
LOAD ./src/SubSystemModules/Communication/TRXVU.o
LOAD ./src/InitSystem.o
LOAD ./src/TLM_management.o
LOAD ./src/main.o
LOAD ./src/utils.o
LOAD C:/ISIS/workspace_ycube/GlobusSatProject/..//hal/hal/lib\libHALD.a
LOAD C:/ISIS/workspace_ycube/GlobusSatProject/..//hal/hcc/lib\libHCCD.a
LOAD C:/ISIS/workspace_ycube/satellite-subsystems/satellite-subsystems/lib\libSatelliteSubsystemsD.a
LOAD C:/ISIS/workspace_ycube/GlobusSatProject/..//hal/freertos/lib\libFreeRTOSD.a
LOAD C:/ISIS/workspace_ycube/GlobusSatProject/..//hal/at91/lib\libAt91D.a
START GROUP
LOAD c:/isis/application/toolchain/bin/../lib/gcc/arm-none-eabi/4.7.4\libgcc.a
LOAD c:/isis/application/toolchain/bin/../lib/gcc/arm-none-eabi/4.7.4/../../../../arm-none-eabi/lib\libg.a
LOAD c:/isis/application/toolchain/bin/../lib/gcc/arm-none-eabi/4.7.4/../../../../arm-none-eabi/lib\libc.a
END GROUP

.fixed          0x20000000    0x3d400
                0x20000000                . = ALIGN (0x4)
                0x20000000                _sfixed = .
 *(.startup)
 .startup       0x20000000      0x14c C:/ISIS/workspace_ycube/GlobusSatProject/..//hal/at91/lib\libAt91D.a(board_cstartup.o)
                0x20000000                entry
 *(.text)
 .text          0x2000014c       0x64 C:/ISIS/workspace_ycube/GlobusSatProject/..//hal/at91/lib\libAt91D.a(cp15_asm.o)
                0x2000014c                _readControlRegister
                0x20000158                _writeControlRegister
                0x20000160                _waitForInterrupt
                0x2000016c                _writeTTB
                0x20000174                _writeDomain
                0x2000017c                _writeITLBLockdown
                0x20000184                _prefetchICacheLine
                0x2000018c                _flushDCache
                0x20000198                _flushWriteBuffer
                0x200001a4                _invalidateIDTLBs
 .text          0x200001b0      0x114 c:/isis/application/toolchain/bin/../lib/gcc/arm-none-eabi/4.7.4\libgcc.a(_udivsi3.o)
                0x200001b0                __aeabi_uidiv
                0x200001b0                __udivsi3
                0x200002a4                __aeabi_uidivmod
 .text          0x200002c4      0x148 c:/isis/application/toolchain/bin/../lib/gcc/arm-none-eabi/4.7.4\libgcc.a(_divsi3.o)
                0x200002c4                __divsi3
                0x200002c4                __aeabi_idiv
                0x200003ec                __aeabi_idivmod
 .text          0x2000040c        0x4 c:/isis/application/toolchain/bin/../lib/gcc/arm-none-eabi/4.7.4\libgcc.a(_dvmd_tls.o)
                0x2000040c                __aeabi_idiv0
                0x2000040c                __aeabi_ldiv0
 .text          0x20000410      0x41c c:/isis/application/toolchain/bin/../lib/gcc/arm-none-eabi/4.7.4\libgcc.a(_arm_addsubdf3.o)
                0x20000410                __aeabi_drsub
                0x20000418                __aeabi_dsub
                0x20000418                __subdf3
                0x2000041c                __aeabi_dadd
                0x2000041c                __adddf3
                0x2000072c                __floatunsidf
                0x2000072c                __aeabi_ui2d
                0x20000750                __floatsidf
                0x20000750                __aeabi_i2d
                0x20000778                __aeabi_f2d
                0x20000778                __extendsfdf2
                0x200007b8                __floatundidf
                0x200007b8                __aeabi_ul2d
                0x200007cc                __floatdidf
                0x200007cc                __aeabi_l2d
 .text          0x2000082c      0x49c c:/isis/application/toolchain/bin/../lib/gcc/arm-none-eabi/4.7.4\libgcc.a(_arm_muldivdf3.o)
                0x2000082c                __aeabi_dmul
                0x2000082c                __muldf3
                0x20000abc                __divdf3
                0x20000abc                __aeabi_ddiv
 .text          0x20000cc8      0x144 c:/isis/application/toolchain/bin/../lib/gcc/arm-none-eabi/4.7.4\libgcc.a(_arm_cmpdf2.o)
                0x20000cc8                __gtdf2
                0x20000cc8                __gedf2
                0x20000cd0                __ltdf2
                0x20000cd0                __ledf2
                0x20000cd8                __nedf2
                0x20000cd8                __eqdf2
                0x20000cd8                __cmpdf2
                0x20000d60                __aeabi_cdrcmple
                0x20000d7c                __aeabi_cdcmpeq
                0x20000d7c                __aeabi_cdcmple
                0x20000d94                __aeabi_dcmpeq
                0x20000dac                __aeabi_dcmplt
                0x20000dc4                __aeabi_dcmple
                0x20000ddc                __aeabi_dcmpge
                0x20000df4                __aeabi_dcmpgt
 .text          0x20000e0c      0x2ac c:/isis/application/toolchain/bin/../lib/gcc/arm-none-eabi/4.7.4\libgcc.a(_arm_addsubsf3.o)
                0x20000e0c                __aeabi_frsub
                0x20000e14                __subsf3
                0x20000e14                __aeabi_fsub
                0x20000e18                __aeabi_fadd
                0x20000e18                __addsf3
                0x20000fd4                __aeabi_ui2f
                0x20000fd4                __floatunsisf
                0x20000fdc                __aeabi_i2f
                0x20000fdc                __floatsisf
                0x20000ffc                __aeabi_ul2f
                0x20000ffc                __floatundisf
                0x2000100c                __aeabi_l2f
                0x2000100c                __floatdisf
 .text          0x200010b8      0x2f8 c:/isis/application/toolchain/bin/../lib/gcc/arm-none-eabi/4.7.4\libgcc.a(_arm_muldivsf3.o)
                0x200010b8                __mulsf3
                0x200010b8                __aeabi_fmul
                0x20001250                __aeabi_fdiv
                0x20001250                __divsf3
 .text          0x200013b0      0x114 c:/isis/application/toolchain/bin/../lib/gcc/arm-none-eabi/4.7.4\libgcc.a(_arm_cmpsf2.o)
                0x200013b0                __gesf2
                0x200013b0                __gtsf2
                0x200013b8                __lesf2
                0x200013b8                __ltsf2
                0x200013c0                __nesf2
                0x200013c0                __eqsf2
                0x200013c0                __cmpsf2
                0x20001424                __aeabi_cfrcmple
                0x20001434                __aeabi_cfcmpeq
                0x20001434                __aeabi_cfcmple
                0x2000144c                __aeabi_fcmpeq
                0x20001464                __aeabi_fcmplt
                0x2000147c                __aeabi_fcmple
                0x20001494                __aeabi_fcmpge
                0x200014ac                __aeabi_fcmpgt
 .text          0x200014c4       0x54 c:/isis/application/toolchain/bin/../lib/gcc/arm-none-eabi/4.7.4\libgcc.a(_arm_fixunssfsi.o)
                0x200014c4                __fixunssfsi
                0x200014c4                __aeabi_f2uiz
 .text          0x20001518       0x5c c:/isis/application/toolchain/bin/../lib/gcc/arm-none-eabi/4.7.4\libgcc.a(_arm_fixdfsi.o)
                0x20001518                __aeabi_d2iz
                0x20001518                __fixdfsi
 .text          0x20001574       0x3c c:/isis/application/toolchain/bin/../lib/gcc/arm-none-eabi/4.7.4\libgcc.a(_aeabi_uldivmod.o)
                0x20001574                __aeabi_uldivmod
 .text          0x200015b0       0x84 c:/isis/application/toolchain/bin/../lib/gcc/arm-none-eabi/4.7.4\libgcc.a(bpabi.o)
                0x200015b0                __gnu_ldivmod_helper
                0x200015f4                __gnu_uldivmod_helper
 .text          0x20001634      0x4f0 c:/isis/application/toolchain/bin/../lib/gcc/arm-none-eabi/4.7.4\libgcc.a(_divdi3.o)
                0x20001634                __divdi3
 .text          0x20001b24      0x488 c:/isis/application/toolchain/bin/../lib/gcc/arm-none-eabi/4.7.4\libgcc.a(_udivdi3.o)
                0x20001b24                __udivdi3
 .text          0x20001fac       0x48 c:/isis/application/toolchain/bin/../lib/gcc/arm-none-eabi/4.7.4\libgcc.a(_clzsi2.o)
                0x20001fac                __clzsi2
 *(.text*)
 .text.TestActUponCommand
                0x20001ff4      0x114 ./src/TestingDemos/CommandsTestingDemo.o
                0x20001ff4                TestActUponCommand
 .text.TestAssmbleCommand
                0x20002108      0x14c ./src/TestingDemos/CommandsTestingDemo.o
                0x20002108                TestAssmbleCommand
 .text.TestGetDelayedCommand
                0x20002254       0xa0 ./src/TestingDemos/CommandsTestingDemo.o
                0x20002254                TestGetDelayedCommand
 .text.TestAddDelayedCommand
                0x200022f4       0xd0 ./src/TestingDemos/CommandsTestingDemo.o
                0x200022f4                TestAddDelayedCommand
 .text.TestGetDelayedCommandBufferCount
                0x200023c4       0x54 ./src/TestingDemos/CommandsTestingDemo.o
                0x200023c4                TestGetDelayedCommandBufferCount
 .text.TestGetOnlineCommand
                0x20002418       0xc8 ./src/TestingDemos/CommandsTestingDemo.o
                0x20002418                TestGetOnlineCommand
 .text.TestDeleteDelayedCommandByIndex
                0x200024e0      0x1c0 ./src/TestingDemos/CommandsTestingDemo.o
                0x200024e0                TestDeleteDelayedCommandByIndex
 .text.TestDeleteDelayedBuffer
                0x200026a0      0x140 ./src/TestingDemos/CommandsTestingDemo.o
                0x200026a0                TestDeleteDelayedBuffer
 .text.selectAndExecuteCommandsDemoTest
                0x200027e0      0x170 ./src/TestingDemos/CommandsTestingDemo.o
                0x200027e0                selectAndExecuteCommandsDemoTest
 .text.MainCommandsTestBench
                0x20002950       0x44 ./src/TestingDemos/CommandsTestingDemo.o
                0x20002950                MainCommandsTestBench
 .text.TestEpsConditioning
                0x20002994      0x1e8 ./src/TestingDemos/EpsTestingDemo.o
                0x20002994                TestEpsConditioning
 .text.TestGetBatteryVoltage
                0x20002b7c       0x64 ./src/TestingDemos/EpsTestingDemo.o
                0x20002b7c                TestGetBatteryVoltage
 .text.TestUpdateThreshVoltages
                0x20002be0      0x170 ./src/TestingDemos/EpsTestingDemo.o
                0x20002be0                TestUpdateThreshVoltages
 .text.TestGetThreshVoltages
                0x20002d50       0xb0 ./src/TestingDemos/EpsTestingDemo.o
                0x20002d50                TestGetThreshVoltages
 .text.TestUpdateAlpha
                0x20002e00       0xc0 ./src/TestingDemos/EpsTestingDemo.o
                0x20002e00                TestUpdateAlpha
 .text.TestGetAlpha
                0x20002ec0       0x78 ./src/TestingDemos/EpsTestingDemo.o
                0x20002ec0                TestGetAlpha
 .text.TestRestoreDefaultAlpha
                0x20002f38       0xf4 ./src/TestingDemos/EpsTestingDemo.o
                0x20002f38                TestRestoreDefaultAlpha
 .text.TestRestoreDefaultThresholdVoltages
                0x2000302c      0x154 ./src/TestingDemos/EpsTestingDemo.o
                0x2000302c                TestRestoreDefaultThresholdVoltages
 .text.GetHeaterValues
                0x20003180       0xe0 ./src/TestingDemos/EpsTestingDemo.o
                0x20003180                GetHeaterValues
 .text.SetHeaterValues
                0x20003260      0x134 ./src/TestingDemos/EpsTestingDemo.o
                0x20003260                SetHeaterValues
 .text.selectAndExecuteEpsDemoTest
                0x20003394      0x1ac ./src/TestingDemos/EpsTestingDemo.o
                0x20003394                selectAndExecuteEpsDemoTest
 .text.MainEpsTestBench
                0x20003540       0x40 ./src/TestingDemos/EpsTestingDemo.o
                0x20003540                MainEpsTestBench
 .text.TestlistFiels
                0x20003580       0xa8 ./src/TestingDemos/FileSystemTestingDemo.o
                0x20003580                TestlistFiels
 .text.TestLOGTLM
                0x20003628      0x110 ./src/TestingDemos/FileSystemTestingDemo.o
                0x20003628                TestLOGTLM
 .text.TestEPSTLM
                0x20003738       0xa8 ./src/TestingDemos/FileSystemTestingDemo.o
                0x20003738                TestEPSTLM
 .text.TestReadTimeRangeTLMRes
                0x200037e0      0x210 ./src/TestingDemos/FileSystemTestingDemo.o
                0x200037e0                TestReadTimeRangeTLMRes
 .text.TestReadTimeRangeTLM
                0x200039f0      0x178 ./src/TestingDemos/FileSystemTestingDemo.o
                0x200039f0                TestReadTimeRangeTLM
 .text.GenerateWODTLM
                0x20003b68       0xd0 ./src/TestingDemos/FileSystemTestingDemo.o
                0x20003b68                GenerateWODTLM
 .text.DeleteOldFiles
                0x20003c38      0x294 ./src/TestingDemos/FileSystemTestingDemo.o
                0x20003c38                DeleteOldFiles
 .text.CreateFiles4DeleteTest
                0x20003ecc      0x100 ./src/TestingDemos/FileSystemTestingDemo.o
                0x20003ecc                CreateFiles4DeleteTest
 .text.copyTLMFile
                0x20003fcc      0x234 ./src/TestingDemos/FileSystemTestingDemo.o
                0x20003fcc                copyTLMFile
 .text.TestWODTLM
                0x20004200       0xa8 ./src/TestingDemos/FileSystemTestingDemo.o
                0x20004200                TestWODTLM
 .text.TestDeleteFiels
                0x200042a8      0x2b8 ./src/TestingDemos/FileSystemTestingDemo.o
                0x200042a8                TestDeleteFiels
 .text.TestReadMultiFiels
                0x20004560      0x2ac ./src/TestingDemos/FileSystemTestingDemo.o
                0x20004560                TestReadMultiFiels
 .text.TestTRXVUTLM
                0x2000480c      0x11c ./src/TestingDemos/FileSystemTestingDemo.o
                0x2000480c                TestTRXVUTLM
 .text.FullSDTest
                0x20004928       0x78 ./src/TestingDemos/FileSystemTestingDemo.o
                0x20004928                FullSDTest
 .text.LogErrorRateTest
                0x200049a0      0x108 ./src/TestingDemos/FileSystemTestingDemo.o
                0x200049a0                LogErrorRateTest
 .text.selectAndExecuteFSTest
                0x20004aa8      0x21c ./src/TestingDemos/FileSystemTestingDemo.o
                0x20004aa8                selectAndExecuteFSTest
 .text.MainFileSystemTestBench
                0x20004cc4       0x44 ./src/TestingDemos/FileSystemTestingDemo.o
                0x20004cc4                MainFileSystemTestBench
 .text.selectAndExecuteTest
                0x20004d08      0x164 ./src/TestingDemos/MainTest.o
                0x20004d08                selectAndExecuteTest
 .text.taskTesting
                0x20004e6c       0x28 ./src/TestingDemos/MainTest.o
                0x20004e6c                taskTesting
 .text.printSDINfo
                0x20004e94       0x84 ./src/TestingDemos/MaintenanceTestingDemo.o
                0x20004e94                printSDINfo
 .text.changeFirstActivation
                0x20004f18       0x84 ./src/TestingDemos/MaintenanceTestingDemo.o
                0x20004f18                changeFirstActivation
 .text.selectAndExecuteMaintenanceDemoTest
                0x20004f9c      0x198 ./src/TestingDemos/MaintenanceTestingDemo.o
                0x20004f9c                selectAndExecuteMaintenanceDemoTest
 .text.MainMaintenanceTestBench
                0x20005134       0x40 ./src/TestingDemos/MaintenanceTestingDemo.o
                0x20005134                MainMaintenanceTestBench
 .text.MainTelemetryTestBench
                0x20005174       0x1c ./src/TestingDemos/TelemetryTestingDemo.o
                0x20005174                MainTelemetryTestBench
 .text.TestInitTrxvu
                0x20005190       0x54 ./src/TestingDemos/TrxvuTestingDemo.o
                0x20005190                TestInitTrxvu
 .text.TestInitTrxvuWithDifferentFrameLengths
                0x200051e4      0x134 ./src/TestingDemos/TrxvuTestingDemo.o
                0x200051e4                TestInitTrxvuWithDifferentFrameLengths
 .text.TestTrxvuLogic
                0x20005318       0xd4 ./src/TestingDemos/TrxvuTestingDemo.o
                0x20005318                TestTrxvuLogic
 .text.TestCheckTransmitionAllowed
                0x200053ec       0xa4 ./src/TestingDemos/TrxvuTestingDemo.o
                0x200053ec                TestCheckTransmitionAllowed
 .text.TestSendDumpAbortRequest
                0x20005490       0x24 ./src/TestingDemos/TrxvuTestingDemo.o
                0x20005490                TestSendDumpAbortRequest
 .text.TestTransmitDummySplPacket
                0x200054b4       0xd4 ./src/TestingDemos/TrxvuTestingDemo.o
                0x200054b4                TestTransmitDummySplPacket
 .text.TestTransmitSplPacket
                0x20005588      0x1f8 ./src/TestingDemos/TrxvuTestingDemo.o
                0x20005588                TestTransmitSplPacket
 .text.TestExitDump
                0x20005780       0x1c ./src/TestingDemos/TrxvuTestingDemo.o
                0x20005780                TestExitDump
 .text.TestDumpTelemetry
                0x2000579c       0xb0 ./src/TestingDemos/TrxvuTestingDemo.o
                0x2000579c                TestDumpTelemetry
 .text.TestRestoreDefaultBeaconParameters
                0x2000584c       0x1c ./src/TestingDemos/TrxvuTestingDemo.o
                0x2000584c                TestRestoreDefaultBeaconParameters
 .text.TestChooseDefaultBeaconCycle
                0x20005868       0xe0 ./src/TestingDemos/TrxvuTestingDemo.o
                0x20005868                TestChooseDefaultBeaconCycle
 .text.TestBeaconLogic
                0x20005948       0xd8 ./src/TestingDemos/TrxvuTestingDemo.o
                0x20005948                TestBeaconLogic
 .text.TestMuteTrxvu
                0x20005a20       0x9c ./src/TestingDemos/TrxvuTestingDemo.o
                0x20005a20                TestMuteTrxvu
 .text.TestUnMuteTrxvu
                0x20005abc       0x30 ./src/TestingDemos/TrxvuTestingDemo.o
                0x20005abc                TestUnMuteTrxvu
 .text.TestGetNumberOfFramesInBuffer
                0x20005aec       0x54 ./src/TestingDemos/TrxvuTestingDemo.o
                0x20005aec                TestGetNumberOfFramesInBuffer
 .text.TestSetTrxvuBitrate
                0x20005b40       0xf0 ./src/TestingDemos/TrxvuTestingDemo.o
                0x20005b40                TestSetTrxvuBitrate
 .text.TestGetTrxvuBitrate
                0x20005c30       0xb0 ./src/TestingDemos/TrxvuTestingDemo.o
                0x20005c30                TestGetTrxvuBitrate
 .text.TestTransmitDataAsSPL_Packet
                0x20005ce0      0x114 ./src/TestingDemos/TrxvuTestingDemo.o
                0x20005ce0                TestTransmitDataAsSPL_Packet
 .text.selectAndExecuteTrxvuDemoTest
                0x20005df4      0x28c ./src/TestingDemos/TrxvuTestingDemo.o
                0x20005df4                selectAndExecuteTrxvuDemoTest
 .text.MainTrxvuTestBench
                0x20006080       0x44 ./src/TestingDemos/TrxvuTestingDemo.o
                0x20006080                MainTrxvuTestBench
 .text.GetBatteryVoltage
                0x200060c4       0x64 ./src/SubSystemModules/PowerManagment/EPS.o
                0x200060c4                GetBatteryVoltage
 .text.EPS_Init
                0x20006128       0xe0 ./src/SubSystemModules/PowerManagment/EPS.o
                0x20006128                EPS_Init
 .text.EPS_Conditioning
                0x20006208      0x1c4 ./src/SubSystemModules/PowerManagment/EPS.o
                0x20006208                EPS_Conditioning
 .text.UpdateAlpha
                0x200063cc       0xc8 ./src/SubSystemModules/PowerManagment/EPS.o
                0x200063cc                UpdateAlpha
 .text.UpdateThresholdVoltages
                0x20006494      0x204 ./src/SubSystemModules/PowerManagment/EPS.o
                0x20006494                UpdateThresholdVoltages
 .text.GetThresholdVoltages
                0x20006698       0x70 ./src/SubSystemModules/PowerManagment/EPS.o
                0x20006698                GetThresholdVoltages
 .text.GetAlpha
                0x20006708       0x6c ./src/SubSystemModules/PowerManagment/EPS.o
                0x20006708                GetAlpha
 .text.RestoreDefaultThresholdVoltages
                0x20006774       0x6c ./src/SubSystemModules/PowerManagment/EPS.o
                0x20006774                RestoreDefaultThresholdVoltages
 .text.CMDGetHeaterValues
                0x200067e0       0xb0 ./src/SubSystemModules/PowerManagment/EPS.o
                0x200067e0                CMDGetHeaterValues
 .text.CMDSetHeaterValues
                0x20006890       0xbc ./src/SubSystemModules/PowerManagment/EPS.o
                0x20006890                CMDSetHeaterValues
 .text.EnterFullMode
                0x2000694c       0x44 ./src/SubSystemModules/PowerManagment/EPSOperationModes.o
                0x2000694c                EnterFullMode
 .text.EnterCruiseMode
                0x20006990       0x44 ./src/SubSystemModules/PowerManagment/EPSOperationModes.o
                0x20006990                EnterCruiseMode
 .text.EnterSafeMode
                0x200069d4       0x44 ./src/SubSystemModules/PowerManagment/EPSOperationModes.o
                0x200069d4                EnterSafeMode
 .text.EnterCriticalMode
                0x20006a18       0x44 ./src/SubSystemModules/PowerManagment/EPSOperationModes.o
                0x20006a18                EnterCriticalMode
 .text.GetSystemState
                0x20006a5c       0x24 ./src/SubSystemModules/PowerManagment/EPSOperationModes.o
                0x20006a5c                GetSystemState
 .text.GetSystemChannelState
                0x20006a80       0x24 ./src/SubSystemModules/PowerManagment/EPSOperationModes.o
                0x20006a80                GetSystemChannelState
 .text.EpsGetLowVoltageFlag
                0x20006aa4       0x24 ./src/SubSystemModules/PowerManagment/EPSOperationModes.o
                0x20006aa4                EpsGetLowVoltageFlag
 .text.EpsSetLowVoltageFlag
                0x20006ac8       0x2c ./src/SubSystemModules/PowerManagment/EPSOperationModes.o
                0x20006ac8                EpsSetLowVoltageFlag
 .text.CheckExecutionTime
                0x20006af4       0x78 ./src/SubSystemModules/Maintenance/Maintenance.o
                0x20006af4                CheckExecutionTime
 .text.SaveSatTimeInFRAM
                0x20006b6c       0x44 ./src/SubSystemModules/Maintenance/Maintenance.o
                0x20006b6c                SaveSatTimeInFRAM
 .text.WakeupFromResetCMD
                0x20006bb0      0x120 ./src/SubSystemModules/Maintenance/Maintenance.o
                0x20006bb0                WakeupFromResetCMD
 .text.ResetGroundCommWDT
                0x20006cd0       0x1c ./src/SubSystemModules/Maintenance/Maintenance.o
                0x20006cd0                ResetGroundCommWDT
 .text.DeleteOldFiels
                0x20006cec      0x33c ./src/SubSystemModules/Maintenance/Maintenance.o
                0x20006cec                DeleteOldFiels
 .text.InitSavePeriodTimes
                0x20007028       0xc0 ./src/SubSystemModules/Housekepping/TelemetryCollector.o
                0x20007028                InitSavePeriodTimes
 .text.TelemetryCollectorLogic
                0x200070e8      0x1f0 ./src/SubSystemModules/Housekepping/TelemetryCollector.o
                0x200070e8                TelemetryCollectorLogic
 .text.TelemetrySaveEPS
                0x200072d8       0x4c ./src/SubSystemModules/Housekepping/TelemetryCollector.o
                0x200072d8                TelemetrySaveEPS
 .text.TelemetrySaveTRXVU
                0x20007324       0x84 ./src/SubSystemModules/Housekepping/TelemetryCollector.o
                0x20007324                TelemetrySaveTRXVU
 .text.TelemetrySaveANT
                0x200073a8       0xa4 ./src/SubSystemModules/Housekepping/TelemetryCollector.o
                0x200073a8                TelemetrySaveANT
 .text.TelemetrySaveSolarPanels
                0x2000744c      0x1c4 ./src/SubSystemModules/Housekepping/TelemetryCollector.o
                0x2000744c                TelemetrySaveSolarPanels
 .text.TelemetrySaveWOD
                0x20007610       0xa0 ./src/SubSystemModules/Housekepping/TelemetryCollector.o
                0x20007610                TelemetrySaveWOD
 .text.GetCurrentWODTelemetry
                0x200076b0      0x4b0 ./src/SubSystemModules/Housekepping/TelemetryCollector.o
                0x200076b0                GetCurrentWODTelemetry
 .text.CMD_DeleteTLM
                0x20007b60      0x1f4 ./src/SubSystemModules/Communication/SubsystemCommands/FS_Commands.o
                0x20007b60                CMD_DeleteTLM
 .text.CMD_GenericI2C
                0x20007d54      0x150 ./src/SubSystemModules/Communication/SubsystemCommands/Maintanence_Commands.o
                0x20007d54                CMD_GenericI2C
 .text.CMD_FRAM_ReadAndTransmitt
                0x20007ea4      0x100 ./src/SubSystemModules/Communication/SubsystemCommands/Maintanence_Commands.o
                0x20007ea4                CMD_FRAM_ReadAndTransmitt
 .text.CMD_FRAM_WriteAndTransmitt
                0x20007fa4      0x124 ./src/SubSystemModules/Communication/SubsystemCommands/Maintanence_Commands.o
                0x20007fa4                CMD_FRAM_WriteAndTransmitt
 .text.CMD_UpdateSatTime
                0x200080c8       0xa0 ./src/SubSystemModules/Communication/SubsystemCommands/Maintanence_Commands.o
                0x200080c8                CMD_UpdateSatTime
 .text.CMD_ResetComponent
                0x20008168      0x2a4 ./src/SubSystemModules/Communication/SubsystemCommands/Maintanence_Commands.o
                0x20008168                CMD_ResetComponent
 .text.DumpTask
                0x2000840c      0x2cc ./src/SubSystemModules/Communication/SubsystemCommands/TRXVU_Commands.o
                0x2000840c                DumpTask
 .text.CMD_AntennaDeploy
                0x200086d8       0xcc ./src/SubSystemModules/Communication/SubsystemCommands/TRXVU_Commands.o
                0x200086d8                CMD_AntennaDeploy
 .text.CMD_StartDump
                0x200087a4      0x1ec ./src/SubSystemModules/Communication/SubsystemCommands/TRXVU_Commands.o
                0x200087a4                CMD_StartDump
 .text.CMD_SendDumpAbortRequest
                0x20008990       0x38 ./src/SubSystemModules/Communication/SubsystemCommands/TRXVU_Commands.o
                0x20008990                CMD_SendDumpAbortRequest
 .text.CMD_ForceDumpAbort
                0x200089c8       0x3c ./src/SubSystemModules/Communication/SubsystemCommands/TRXVU_Commands.o
                0x200089c8                CMD_ForceDumpAbort
 .text.CMD_MuteTRXVU
                0x20008a04       0x7c ./src/SubSystemModules/Communication/SubsystemCommands/TRXVU_Commands.o
                0x20008a04                CMD_MuteTRXVU
 .text.CMD_SetIdleState
                0x20008a80       0x94 ./src/SubSystemModules/Communication/SubsystemCommands/TRXVU_Commands.o
                0x20008a80                CMD_SetIdleState
 .text.CMD_UnMuteTRXVU
                0x20008b14       0x38 ./src/SubSystemModules/Communication/SubsystemCommands/TRXVU_Commands.o
                0x20008b14                CMD_UnMuteTRXVU
 .text.CMD_GetBaudRate
                0x20008b4c       0x68 ./src/SubSystemModules/Communication/SubsystemCommands/TRXVU_Commands.o
                0x20008b4c                CMD_GetBaudRate
 .text.CMD_GetBeaconInterval
                0x20008bb4       0x6c ./src/SubSystemModules/Communication/SubsystemCommands/TRXVU_Commands.o
                0x20008bb4                CMD_GetBeaconInterval
 .text.CMD_SetBaudRate
                0x20008c20       0x60 ./src/SubSystemModules/Communication/SubsystemCommands/TRXVU_Commands.o
                0x20008c20                CMD_SetBaudRate
 .text.CMD_GetTxUptime
                0x20008c80       0x64 ./src/SubSystemModules/Communication/SubsystemCommands/TRXVU_Commands.o
                0x20008c80                CMD_GetTxUptime
 .text.CMD_GetRxUptime
                0x20008ce4       0x64 ./src/SubSystemModules/Communication/SubsystemCommands/TRXVU_Commands.o
                0x20008ce4                CMD_GetRxUptime
 .text.CMD_GetNumOfOnlineCommands
                0x20008d48       0x64 ./src/SubSystemModules/Communication/SubsystemCommands/TRXVU_Commands.o
                0x20008d48                CMD_GetNumOfOnlineCommands
 .text.CMD_AntSetArmStatus
                0x20008dac       0xa0 ./src/SubSystemModules/Communication/SubsystemCommands/TRXVU_Commands.o
                0x20008dac                CMD_AntSetArmStatus
 .text.CMD_AntGetArmStatus
                0x20008e4c       0x70 ./src/SubSystemModules/Communication/SubsystemCommands/TRXVU_Commands.o
                0x20008e4c                CMD_AntGetArmStatus
 .text.CMD_AntGetUptime
                0x20008ebc       0x78 ./src/SubSystemModules/Communication/SubsystemCommands/TRXVU_Commands.o
                0x20008ebc                CMD_AntGetUptime
 .text.CMD_StopReDeployment
                0x20008f34       0x9c ./src/SubSystemModules/Communication/SubsystemCommands/TRXVU_Commands.o
                0x20008f34                CMD_StopReDeployment
 .text.CMD_AntCancelDeployment
                0x20008fd0       0x68 ./src/SubSystemModules/Communication/SubsystemCommands/TRXVU_Commands.o
                0x20008fd0                CMD_AntCancelDeployment
 .text.SendAckPacket
                0x20009038       0xe0 ./src/SubSystemModules/Communication/AckHandler.o
                0x20009038                SendAckPacket
 .text.trxvu_command_router
                0x20009118      0x50c ./src/SubSystemModules/Communication/CommandDictionary.o
                0x20009118                trxvu_command_router
 .text.eps_command_router
                0x20009624       0xc0 ./src/SubSystemModules/Communication/CommandDictionary.o
                0x20009624                eps_command_router
 .text.telemetry_command_router
                0x200096e4       0x90 ./src/SubSystemModules/Communication/CommandDictionary.o
                0x200096e4                telemetry_command_router
 .text.managment_command_router
                0x20009774       0xfc ./src/SubSystemModules/Communication/CommandDictionary.o
                0x20009774                managment_command_router
 .text.filesystem_command_router
                0x20009870       0x24 ./src/SubSystemModules/Communication/CommandDictionary.o
                0x20009870                filesystem_command_router
 .text.ParseDataToCommand
                0x20009894      0x1ac ./src/SubSystemModules/Communication/SatCommandHandler.o
                0x20009894                ParseDataToCommand
 .text.AssembleCommand
                0x20009a40      0x150 ./src/SubSystemModules/Communication/SatCommandHandler.o
                0x20009a40                AssembleCommand
 .text.GetDelayedCommand
                0x20009b90       0x24 ./src/SubSystemModules/Communication/SatCommandHandler.o
                0x20009b90                GetDelayedCommand
 .text.AddDelayedCommand
                0x20009bb4       0x24 ./src/SubSystemModules/Communication/SatCommandHandler.o
                0x20009bb4                AddDelayedCommand
 .text.GetDelayedCommandBufferCount
                0x20009bd8       0x50 ./src/SubSystemModules/Communication/SatCommandHandler.o
                0x20009bd8                GetDelayedCommandBufferCount
 .text.GetDelayedCommandByIndex
                0x20009c28       0x28 ./src/SubSystemModules/Communication/SatCommandHandler.o
                0x20009c28                GetDelayedCommandByIndex
 .text.DeleteDelayedCommandByIndex
                0x20009c50       0x24 ./src/SubSystemModules/Communication/SatCommandHandler.o
                0x20009c50                DeleteDelayedCommandByIndex
 .text.DeleteDelayedBuffer
                0x20009c74       0x1c ./src/SubSystemModules/Communication/SatCommandHandler.o
                0x20009c74                DeleteDelayedBuffer
 .text.ActUponCommand
                0x20009c90       0xb4 ./src/SubSystemModules/Communication/SatCommandHandler.o
                0x20009c90                ActUponCommand
 .text.InitTxModule
                0x20009d44       0x68 ./src/SubSystemModules/Communication/TRXVU.o
                0x20009d44                InitTxModule
 .text.CMD_SetBeaconInterval
                0x20009dac       0x98 ./src/SubSystemModules/Communication/TRXVU.o
                0x20009dac                CMD_SetBeaconInterval
 .text.InitBeaconParams
                0x20009e44       0x3c ./src/SubSystemModules/Communication/TRXVU.o
                0x20009e44                InitBeaconParams
 .text.InitSemaphores
                0x20009e80       0x98 ./src/SubSystemModules/Communication/TRXVU.o
                0x20009e80                InitSemaphores
 .text.InitTrxvu
                0x20009f18      0x110 ./src/SubSystemModules/Communication/TRXVU.o
                0x20009f18                InitTrxvu
 .text.checkIdleFinish
                0x2000a028       0x68 ./src/SubSystemModules/Communication/TRXVU.o
                0x2000a028                checkIdleFinish
 .text.TRX_Logic
                0x2000a090       0xc4 ./src/SubSystemModules/Communication/TRXVU.o
                0x2000a090                TRX_Logic
 .text.GetNumberOfFramesInBuffer
                0x2000a154       0x54 ./src/SubSystemModules/Communication/TRXVU.o
                0x2000a154                GetNumberOfFramesInBuffer
 .text.GetOnlineCommand
                0x2000a1a8      0x128 ./src/SubSystemModules/Communication/TRXVU.o
                0x2000a1a8                GetOnlineCommand
 .text.CheckTransmitionAllowed
                0x2000a2d0       0xc4 ./src/SubSystemModules/Communication/TRXVU.o
                0x2000a2d0                CheckTransmitionAllowed
 .text.FinishDump
                0x2000a394       0xa8 ./src/SubSystemModules/Communication/TRXVU.o
                0x2000a394                FinishDump
 .text.AbortDump
                0x2000a43c       0x34 ./src/SubSystemModules/Communication/TRXVU.o
                0x2000a43c                AbortDump
 .text.SendDumpAbortRequest
                0x2000a470       0xc0 ./src/SubSystemModules/Communication/TRXVU.o
                0x2000a470                SendDumpAbortRequest
 .text.BeaconLogic
                0x2000a530      0x1e0 ./src/SubSystemModules/Communication/TRXVU.o
                0x2000a530                BeaconLogic
 .text.SetIdleState
                0x2000a710       0xa8 ./src/SubSystemModules/Communication/TRXVU.o
                0x2000a710                SetIdleState
 .text.muteTRXVU
                0x2000a7b8       0x70 ./src/SubSystemModules/Communication/TRXVU.o
                0x2000a7b8                muteTRXVU
 .text.UnMuteTRXVU
                0x2000a828       0x24 ./src/SubSystemModules/Communication/TRXVU.o
                0x2000a828                UnMuteTRXVU
 .text.TransmitDataAsSPL_Packet
                0x2000a84c      0x104 ./src/SubSystemModules/Communication/TRXVU.o
                0x2000a84c                TransmitDataAsSPL_Packet
 .text.TransmitSplPacket
                0x2000a950      0x1b4 ./src/SubSystemModules/Communication/TRXVU.o
                0x2000a950                TransmitSplPacket
 .text.isFirstActivation
                0x2000ab04       0x38 ./src/InitSystem.o
                0x2000ab04                isFirstActivation
 .text.WriteDefaultValuesToFRAM
                0x2000ab3c      0x1c0 ./src/InitSystem.o
                0x2000ab3c                WriteDefaultValuesToFRAM
 .text.StartFRAM
                0x2000acfc       0x24 ./src/InitSystem.o
                0x2000acfc                StartFRAM
 .text.StartI2C
                0x2000ad20       0x30 ./src/InitSystem.o
                0x2000ad20                StartI2C
 .text.StartSPI
                0x2000ad50       0x2c ./src/InitSystem.o
                0x2000ad50                StartSPI
 .text.StartTIME
                0x2000ad7c       0xb0 ./src/InitSystem.o
                0x2000ad7c                StartTIME
 .text.DeploySystem
                0x2000ae2c      0x140 ./src/InitSystem.o
                0x2000ae2c                DeploySystem
 .text.InitSubsystems
                0x2000af6c       0x48 ./src/InitSystem.o
                0x2000af6c                InitSubsystems
 .text.delete_allTMFilesFromSD
                0x2000afb4       0x58 ./src/TLM_management.o
                0x2000afb4                delete_allTMFilesFromSD
 .text.deleteTLMFiles
                0x2000b00c       0x94 ./src/TLM_management.o
                0x2000b00c                deleteTLMFiles
 .text.deleteTLMFile
                0x2000b0a0       0xc0 ./src/TLM_management.o
                0x2000b0a0                deleteTLMFile
 .text.InitializeFS
                0x2000b160       0xd0 ./src/TLM_management.o
                0x2000b160                InitializeFS
 .text.calculateFileName
                0x2000b230      0x108 ./src/TLM_management.o
                0x2000b230                calculateFileName
 .text.getTlmTypeInfo
                0x2000b338      0x230 ./src/TLM_management.o
                0x2000b338                getTlmTypeInfo
 .text.write2File
                0x2000b568      0x150 ./src/TLM_management.o
                0x2000b568                write2File
 .text.printTLM
                0x2000b6b8      0x648 ./src/TLM_management.o
                0x2000b6b8                printTLM
 .text.readTLMFile
                0x2000bd00      0x2f4 ./src/TLM_management.o
                0x2000bd00                readTLMFile
 .text.readTLMFiles
                0x2000bff4       0xac ./src/TLM_management.o
                0x2000bff4                readTLMFiles
 .text.readTLMFileTimeRange
                0x2000c0a0      0x2e8 ./src/TLM_management.o
                0x2000c0a0                readTLMFileTimeRange
 .text.DeInitializeFS
                0x2000c388       0x14 ./src/TLM_management.o
                0x2000c388                DeInitializeFS
 .text.main     0x2000c39c       0x98 ./src/main.o
                0x2000c39c                main
 .text.timeU2time
                0x2000c434       0xbc ./src/utils.o
                0x2000c434                timeU2time
 .text.logError
                0x2000c4f0      0x138 ./src/utils.o
                0x2000c4f0                logError
 .text.validateTransferParameters
                0x2000c628      0x10c C:/ISIS/workspace_ycube/GlobusSatProject/..//hal/hal/lib\libHALD.a(I2C.o)
 .text.I2C_queueTransfer
                0x2000c734       0xfc C:/ISIS/workspace_ycube/GlobusSatProject/..//hal/hal/lib\libHALD.a(I2C.o)
                0x2000c734                I2C_queueTransfer
 .text.I2C_internalCallback
                0x2000c830       0x64 C:/ISIS/workspace_ycube/GlobusSatProject/..//hal/hal/lib\libHALD.a(I2C.o)
 .text.I2C_doBlockingTransfer
                0x2000c894      0x180 C:/ISIS/workspace_ycube/GlobusSatProject/..//hal/hal/lib\libHALD.a(I2C.o)
 .text.I2C_write
                0x2000ca14      0x110 C:/ISIS/workspace_ycube/GlobusSatProject/..//hal/hal/lib\libHALD.a(I2C.o)
                0x2000ca14                I2C_write
 .text.I2C_read
                0x2000cb24      0x110 C:/ISIS/workspace_ycube/GlobusSatProject/..//hal/hal/lib\libHALD.a(I2C.o)
                0x2000cb24                I2C_read
 .text.I2C_writeRead
                0x2000cc34      0x17c C:/ISIS/workspace_ycube/GlobusSatProject/..//hal/hal/lib\libHALD.a(I2C.o)
                0x2000cc34                I2C_writeRead
 .text.I2C_start
                0x2000cdb0      0x2e8 C:/ISIS/workspace_ycube/GlobusSatProject/..//hal/hal/lib\libHALD.a(I2C.o)
                0x2000cdb0                I2C_start
 .text.I2C_stop
                0x2000d098      0x184 C:/ISIS/workspace_ycube/GlobusSatProject/..//hal/hal/lib\libHALD.a(I2C.o)
                0x2000d098                I2C_stop
 .text.I2C_setTransferTimeout
                0x2000d21c       0x48 C:/ISIS/workspace_ycube/GlobusSatProject/..//hal/hal/lib\libHALD.a(I2C.o)
                0x2000d21c                I2C_setTransferTimeout
 .text.clearPDCtransfers
                0x2000d264       0xe8 C:/ISIS/workspace_ycube/GlobusSatProject/..//hal/hal/lib\libHALD.a(SPI.o)
 .text.SPI_start
                0x2000d34c      0x4b0 C:/ISIS/workspace_ycube/GlobusSatProject/..//hal/hal/lib\libHALD.a(SPI.o)
                0x2000d34c                SPI_start
 .text.SPI_stop
                0x2000d7fc      0x244 C:/ISIS/workspace_ycube/GlobusSatProject/..//hal/hal/lib\libHALD.a(SPI.o)
                0x2000d7fc                SPI_stop
 .text.SPI_queueTransfer
                0x2000da40      0x1cc C:/ISIS/workspace_ycube/GlobusSatProject/..//hal/hal/lib\libHALD.a(SPI.o)
                0x2000da40                SPI_queueTransfer
 .text.SPI_internalCallback
                0x2000dc0c       0x64 C:/ISIS/workspace_ycube/GlobusSatProject/..//hal/hal/lib\libHALD.a(SPI.o)
 .text.SPI_writeRead
                0x2000dc70      0x1c0 C:/ISIS/workspace_ycube/GlobusSatProject/..//hal/hal/lib\libHALD.a(SPI.o)
                0x2000dc70                SPI_writeRead
 .text.waitForTransfer
                0x2000de30       0x78 C:/ISIS/workspace_ycube/GlobusSatProject/..//hal/hal/lib\libHALD.a(SPI.o)
 .text.SPI_getDriverState
                0x2000dea8       0x58 C:/ISIS/workspace_ycube/GlobusSatProject/..//hal/hal/lib\libHALD.a(SPI.o)
                0x2000dea8                SPI_getDriverState
 .text.FRAM_start
                0x2000df00      0x120 C:/ISIS/workspace_ycube/GlobusSatProject/..//hal/hal/lib\libHALD.a(FRAM.o)
                0x2000df00                FRAM_start
 .text.FRAM_dummyCallback
                0x2000e020       0x24 C:/ISIS/workspace_ycube/GlobusSatProject/..//hal/hal/lib\libHALD.a(FRAM.o)
                0x2000e020                FRAM_dummyCallback
 .text.FRAM_unlockingCallback
                0x2000e044       0x64 C:/ISIS/workspace_ycube/GlobusSatProject/..//hal/hal/lib\libHALD.a(FRAM.o)
                0x2000e044                FRAM_unlockingCallback
 .text.doBlockingTransfer
                0x2000e0a8       0x78 C:/ISIS/workspace_ycube/GlobusSatProject/..//hal/hal/lib\libHALD.a(FRAM.o)
 .text.FRAM_writePacket
                0x2000e120      0x144 C:/ISIS/workspace_ycube/GlobusSatProject/..//hal/hal/lib\libHALD.a(FRAM.o)
 .text.FRAM_write
                0x2000e264      0x1d8 C:/ISIS/workspace_ycube/GlobusSatProject/..//hal/hal/lib\libHALD.a(FRAM.o)
                0x2000e264                FRAM_write
 .text.FRAM_readPacket
                0x2000e43c       0xf0 C:/ISIS/workspace_ycube/GlobusSatProject/..//hal/hal/lib\libHALD.a(FRAM.o)
 .text.FRAM_read
                0x2000e52c      0x1e4 C:/ISIS/workspace_ycube/GlobusSatProject/..//hal/hal/lib\libHALD.a(FRAM.o)
                0x2000e52c                FRAM_read
 .text.Time_start
                0x2000e710      0x150 C:/ISIS/workspace_ycube/GlobusSatProject/..//hal/hal/lib\libHALD.a(Time.o)
                0x2000e710                Time_start
 .text.taskTimeSync
                0x2000e860       0x38 C:/ISIS/workspace_ycube/GlobusSatProject/..//hal/hal/lib\libHALD.a(Time.o)
 .text.Time_convertEpochToTime
                0x2000e898       0xf4 C:/ISIS/workspace_ycube/GlobusSatProject/..//hal/hal/lib\libHALD.a(Time.o)
                0x2000e898                Time_convertEpochToTime
 .text.Time_populateSecondsOfYear
                0x2000e98c      0x188 C:/ISIS/workspace_ycube/GlobusSatProject/..//hal/hal/lib\libHALD.a(Time.o)
 .text.Time_set
                0x2000eb14      0x110 C:/ISIS/workspace_ycube/GlobusSatProject/..//hal/hal/lib\libHALD.a(Time.o)
                0x2000eb14                Time_set
 .text.Time_isLeapYear
                0x2000ec24       0x98 C:/ISIS/workspace_ycube/GlobusSatProject/..//hal/hal/lib\libHALD.a(Time.o)
                0x2000ec24                Time_isLeapYear
 .text.Time_get
                0x2000ecbc      0x410 C:/ISIS/workspace_ycube/GlobusSatProject/..//hal/hal/lib\libHALD.a(Time.o)
                0x2000ecbc                Time_get
 .text.Time_getUnixEpoch
                0x2000f0cc       0xf4 C:/ISIS/workspace_ycube/GlobusSatProject/..//hal/hal/lib\libHALD.a(Time.o)
                0x2000f0cc                Time_getUnixEpoch
 .text.Time_secondsOfYearToTime
                0x2000f1c0      0x328 C:/ISIS/workspace_ycube/GlobusSatProject/..//hal/hal/lib\libHALD.a(Time.o)
 .text.Time_setUnixEpoch
                0x2000f4e8       0x54 C:/ISIS/workspace_ycube/GlobusSatProject/..//hal/hal/lib\libHALD.a(Time.o)
                0x2000f4e8                Time_setUnixEpoch
 .text.Time_getUptimeSeconds
                0x2000f53c       0x28 C:/ISIS/workspace_ycube/GlobusSatProject/..//hal/hal/lib\libHALD.a(Time.o)
                0x2000f53c                Time_getUptimeSeconds
 .text.Time_sync
                0x2000f564      0x2d8 C:/ISIS/workspace_ycube/GlobusSatProject/..//hal/hal/lib\libHALD.a(Time.o)
                0x2000f564                Time_sync
 .text.Time_syncIfNeeded
                0x2000f83c       0x90 C:/ISIS/workspace_ycube/GlobusSatProject/..//hal/hal/lib\libHALD.a(Time.o)
                0x2000f83c                Time_syncIfNeeded
 .text.Time_setSyncInterval
                0x2000f8cc       0x38 C:/ISIS/workspace_ycube/GlobusSatProject/..//hal/hal/lib\libHALD.a(Time.o)
                0x2000f8cc                Time_setSyncInterval
 .text.WDT_start
                0x2000f904       0x48 C:/ISIS/workspace_ycube/GlobusSatProject/..//hal/hal/lib\libHALD.a(WatchDogTimerNoOS.o)
                0x2000f904                WDT_start
 .text.WDT_startWatchdogKickTask
                0x2000f94c       0xb4 C:/ISIS/workspace_ycube/GlobusSatProject/..//hal/hal/lib\libHALD.a(WatchDogTimerOS.o)
                0x2000f94c                WDT_startWatchdogKickTask
 .text.WDT_forceKickEveryNms
                0x2000fa00       0x50 C:/ISIS/workspace_ycube/GlobusSatProject/..//hal/hal/lib\libHALD.a(WatchDogTimerOS.o)
                0x2000fa00                WDT_forceKickEveryNms
 .text.UTIL_DbguGetInteger
                0x2000fa50      0x12c C:/ISIS/workspace_ycube/GlobusSatProject/..//hal/hal/lib\libHALD.a(util.o)
                0x2000fa50                UTIL_DbguGetInteger
 .text.UTIL_DbguGetIntegerMinMax
                0x2000fb7c       0xa4 C:/ISIS/workspace_ycube/GlobusSatProject/..//hal/hal/lib\libHALD.a(util.o)
                0x2000fb7c                UTIL_DbguGetIntegerMinMax
 .text.LED_glow
                0x2000fc20       0x58 C:/ISIS/workspace_ycube/GlobusSatProject/..//hal/hal/lib\libHALD.a(LED.o)
                0x2000fc20                LED_glow
 .text.LED_dark
                0x2000fc78       0x58 C:/ISIS/workspace_ycube/GlobusSatProject/..//hal/hal/lib\libHALD.a(LED.o)
                0x2000fc78                LED_dark
 .text.LED_toggle
                0x2000fcd0       0x50 C:/ISIS/workspace_ycube/GlobusSatProject/..//hal/hal/lib\libHALD.a(LED.o)
                0x2000fcd0                LED_toggle
 .text.RTC_start
                0x2000fd20       0x3c C:/ISIS/workspace_ycube/GlobusSatProject/..//hal/hal/lib\libHALD.a(RTC.o)
                0x2000fd20                RTC_start
 .text.RTC_setTime
                0x2000fd5c      0x2a4 C:/ISIS/workspace_ycube/GlobusSatProject/..//hal/hal/lib\libHALD.a(RTC.o)
                0x2000fd5c                RTC_setTime
 .text.RTC_getTime
                0x20010000      0x224 C:/ISIS/workspace_ycube/GlobusSatProject/..//hal/hal/lib\libHALD.a(RTC.o)
                0x20010000                RTC_getTime
 .text.RTC_checkTimeValid
                0x20010224       0xdc C:/ISIS/workspace_ycube/GlobusSatProject/..//hal/hal/lib\libHALD.a(RTC.o)
                0x20010224                RTC_checkTimeValid
 .text.RTT_start
                0x20010300       0x24 C:/ISIS/workspace_ycube/GlobusSatProject/..//hal/hal/lib\libHALD.a(RTT.o)
                0x20010300                RTT_start
 .text.fn_init  0x20010324      0x2dc C:/ISIS/workspace_ycube/GlobusSatProject/..//hal/hcc/lib\libHCCD.a(fat_common.o)
                0x20010324                fn_init
 .text._f_get16bitl
                0x20010600       0x4c C:/ISIS/workspace_ycube/GlobusSatProject/..//hal/hcc/lib\libHCCD.a(fat_common.o)
                0x20010600                _f_get16bitl
 .text._f_set16bitl
                0x2001064c       0x54 C:/ISIS/workspace_ycube/GlobusSatProject/..//hal/hcc/lib\libHCCD.a(fat_common.o)
                0x2001064c                _f_set16bitl
 .text._f_get32bitl
                0x200106a0       0x68 C:/ISIS/workspace_ycube/GlobusSatProject/..//hal/hcc/lib\libHCCD.a(fat_common.o)
                0x200106a0                _f_get32bitl
 .text._f_set32bitl
                0x20010708       0x78 C:/ISIS/workspace_ycube/GlobusSatProject/..//hal/hcc/lib\libHCCD.a(fat_common.o)
                0x20010708                _f_set32bitl
 .text._get8bit
                0x20010780       0xa0 C:/ISIS/workspace_ycube/GlobusSatProject/..//hal/hcc/lib\libHCCD.a(fat_common.o)
 .text._get16bitl
                0x20010820       0x40 C:/ISIS/workspace_ycube/GlobusSatProject/..//hal/hcc/lib\libHCCD.a(fat_common.o)
 .text._get32bitl
                0x20010860       0x3c C:/ISIS/workspace_ycube/GlobusSatProject/..//hal/hcc/lib\libHCCD.a(fat_common.o)
 .text._f_setcardremoved
                0x2001089c       0x94 C:/ISIS/workspace_ycube/GlobusSatProject/..//hal/hcc/lib\libHCCD.a(fat_common.o)
 .text._f_checkstatus
                0x20010930      0x104 C:/ISIS/workspace_ycube/GlobusSatProject/..//hal/hcc/lib\libHCCD.a(fat_common.o)
                0x20010930                _f_checkstatus
 .text._f_drvgetphy
                0x20010a34      0x114 C:/ISIS/workspace_ycube/GlobusSatProject/..//hal/hcc/lib\libHCCD.a(fat_common.o)
 .text._f_drvwritesector
                0x20010b48       0xdc C:/ISIS/workspace_ycube/GlobusSatProject/..//hal/hcc/lib\libHCCD.a(fat_common.o)
 .text._f_drvreadsector
                0x20010c24       0xa8 C:/ISIS/workspace_ycube/GlobusSatProject/..//hal/hcc/lib\libHCCD.a(fat_common.o)
 .text._f_writesector
                0x20010ccc      0x23c C:/ISIS/workspace_ycube/GlobusSatProject/..//hal/hcc/lib\libHCCD.a(fat_common.o)
                0x20010ccc                _f_writesector
 .text._f_readsector
                0x20010f08      0x1dc C:/ISIS/workspace_ycube/GlobusSatProject/..//hal/hcc/lib\libHCCD.a(fat_common.o)
                0x20010f08                _f_readsector
 .text._f_getmaxcluster
                0x200110e4       0x94 C:/ISIS/workspace_ycube/GlobusSatProject/..//hal/hcc/lib\libHCCD.a(fat_common.o)
                0x200110e4                _f_getmaxcluster
 .text._getsectorfromcluster
                0x20011178       0x68 C:/ISIS/workspace_ycube/GlobusSatProject/..//hal/hcc/lib\libHCCD.a(fat_common.o)
 .text._f_buildsectors
                0x200111e0      0x268 C:/ISIS/workspace_ycube/GlobusSatProject/..//hal/hcc/lib\libHCCD.a(fat_common.o)
 .text._f_getbootrecord
                0x20011448      0x5e4 C:/ISIS/workspace_ycube/GlobusSatProject/..//hal/hcc/lib\libHCCD.a(fat_common.o)
 .text._f_readbootrecord
                0x20011a2c      0x4f8 C:/ISIS/workspace_ycube/GlobusSatProject/..//hal/hcc/lib\libHCCD.a(fat_common.o)
 .text._f_flushcffiles
                0x20011f24      0x17c C:/ISIS/workspace_ycube/GlobusSatProject/..//hal/hcc/lib\libHCCD.a(fat_common.o)
                0x20011f24                _f_flushcffiles
 .text._f_fatcache_flush
                0x200120a0      0x270 C:/ISIS/workspace_ycube/GlobusSatProject/..//hal/hcc/lib\libHCCD.a(fat_common.o)
                0x200120a0                _f_fatcache_flush
 .text._f_writefatsector
                0x20012310      0x100 C:/ISIS/workspace_ycube/GlobusSatProject/..//hal/hcc/lib\libHCCD.a(fat_common.o)
                0x20012310                _f_writefatsector
 .text._f_getfatsector
                0x20012410      0x3bc C:/ISIS/workspace_ycube/GlobusSatProject/..//hal/hcc/lib\libHCCD.a(fat_common.o)
 .text._f_setclustervalue
                0x200127cc      0x490 C:/ISIS/workspace_ycube/GlobusSatProject/..//hal/hcc/lib\libHCCD.a(fat_common.o)
                0x200127cc                _f_setclustervalue
 .text._f_getclustervalue
                0x20012c5c      0x388 C:/ISIS/workspace_ycube/GlobusSatProject/..//hal/hcc/lib\libHCCD.a(fat_common.o)
                0x20012c5c                _f_getclustervalue
 .text._f_close_drive_files
                0x20012fe4       0xac C:/ISIS/workspace_ycube/GlobusSatProject/..//hal/hcc/lib\libHCCD.a(fat_common.o)
 .text._f_inc_mount_count
                0x20013090       0xa4 C:/ISIS/workspace_ycube/GlobusSatProject/..//hal/hcc/lib\libHCCD.a(fat_common.o)
 .text._f_getvolume
                0x20013134      0x2f8 C:/ISIS/workspace_ycube/GlobusSatProject/..//hal/hcc/lib\libHCCD.a(fat_common.o)
                0x20013134                _f_getvolume
 .text.fn_createdriver
                0x2001342c      0x118 C:/ISIS/workspace_ycube/GlobusSatProject/..//hal/hcc/lib\libHCCD.a(fat_common.o)
                0x2001342c                fn_createdriver
 .text.fn_initvolume
                0x20013544      0x12c C:/ISIS/workspace_ycube/GlobusSatProject/..//hal/hcc/lib\libHCCD.a(fat_common.o)
                0x20013544                fn_initvolume
 .text.fn_initvolumepartition_sub
                0x20013670       0xe0 C:/ISIS/workspace_ycube/GlobusSatProject/..//hal/hcc/lib\libHCCD.a(fat_common.o)
 .text.fn_initvolumepartition
                0x20013750       0xac C:/ISIS/workspace_ycube/GlobusSatProject/..//hal/hcc/lib\libHCCD.a(fat_common.o)
                0x20013750                fn_initvolumepartition
 .text._f_clustertopos
                0x200137fc       0xf8 C:/ISIS/workspace_ycube/GlobusSatProject/..//hal/hcc/lib\libHCCD.a(fat_common.o)
                0x200137fc                _f_clustertopos
 .text._f_getcurrsector
                0x200138f4      0x6c8 C:/ISIS/workspace_ycube/GlobusSatProject/..//hal/hcc/lib\libHCCD.a(fat_common.o)
                0x200138f4                _f_getcurrsector
 .text._f_getdecluster
                0x20013fbc       0x90 C:/ISIS/workspace_ycube/GlobusSatProject/..//hal/hcc/lib\libHCCD.a(fat_common.o)
                0x20013fbc                _f_getdecluster
 .text._f_setdecluster
                0x2001404c       0x8c C:/ISIS/workspace_ycube/GlobusSatProject/..//hal/hcc/lib\libHCCD.a(fat_common.o)
                0x2001404c                _f_setdecluster
 .text.fn_getdrive
                0x200140d8       0x30 C:/ISIS/workspace_ycube/GlobusSatProject/..//hal/hcc/lib\libHCCD.a(fat_common.o)
                0x200140d8                fn_getdrive
 .text._f_getcurrenttimedate
                0x20014108      0x138 C:/ISIS/workspace_ycube/GlobusSatProject/..//hal/hcc/lib\libHCCD.a(fat_common.o)
                0x20014108                _f_getcurrenttimedate
 .text._f_initentry
                0x20014240       0xa0 C:/ISIS/workspace_ycube/GlobusSatProject/..//hal/hcc/lib\libHCCD.a(fat_common.o)
                0x20014240                _f_initentry
 .text._f_alloccluster
                0x200142e0      0x344 C:/ISIS/workspace_ycube/GlobusSatProject/..//hal/hcc/lib\libHCCD.a(fat_common.o)
                0x200142e0                _f_alloccluster
 .text._f_dobadblock
                0x20014624      0x2cc C:/ISIS/workspace_ycube/GlobusSatProject/..//hal/hcc/lib\libHCCD.a(fat_common.o)
                0x20014624                _f_dobadblock
 .text._f_checklocked
                0x200148f0       0xe4 C:/ISIS/workspace_ycube/GlobusSatProject/..//hal/hcc/lib\libHCCD.a(fat_common.o)
                0x200148f0                _f_checklocked
 .text._f_checkappendlocked
                0x200149d4      0x110 C:/ISIS/workspace_ycube/GlobusSatProject/..//hal/hcc/lib\libHCCD.a(fat_common.o)
                0x200149d4                _f_checkappendlocked
 .text._f_setsyncafile
                0x20014ae4      0x114 C:/ISIS/workspace_ycube/GlobusSatProject/..//hal/hcc/lib\libHCCD.a(fat_common.o)
                0x20014ae4                _f_setsyncafile
 .text._f_syncfiles
                0x20014bf8      0x128 C:/ISIS/workspace_ycube/GlobusSatProject/..//hal/hcc/lib\libHCCD.a(fat_common.o)
                0x20014bf8                _f_syncfiles
 .text._f_syncfilescontent
                0x20014d20      0x15c C:/ISIS/workspace_ycube/GlobusSatProject/..//hal/hcc/lib\libHCCD.a(fat_common.o)
 .text.fn_getfreespace
                0x20014e7c      0x4c0 C:/ISIS/workspace_ycube/GlobusSatProject/..//hal/hcc/lib\libHCCD.a(fat_common.o)
                0x20014e7c                fn_getfreespace
 .text._f_emptywritecache
                0x2001533c      0x4a4 C:/ISIS/workspace_ycube/GlobusSatProject/..//hal/hcc/lib\libHCCD.a(fat_common.o)
 .text._f_allocnextcluster
                0x200157e0      0x54c C:/ISIS/workspace_ycube/GlobusSatProject/..//hal/hcc/lib\libHCCD.a(fat_common.o)
 .text._f_emptywritebuffer
                0x20015d2c      0x20c C:/ISIS/workspace_ycube/GlobusSatProject/..//hal/hcc/lib\libHCCD.a(fat_common.o)
 .text._f_writezeros
                0x20015f38       0xf0 C:/ISIS/workspace_ycube/GlobusSatProject/..//hal/hcc/lib\libHCCD.a(fat_common.o)
                0x20015f38                _f_writezeros
 .text._f_extend_file
                0x20016028      0x570 C:/ISIS/workspace_ycube/GlobusSatProject/..//hal/hcc/lib\libHCCD.a(fat_common.o)
 .text._f_fseek
                0x20016598      0x9bc C:/ISIS/workspace_ycube/GlobusSatProject/..//hal/hcc/lib\libHCCD.a(fat_common.o)
                0x20016598                _f_fseek
 .text._f_removechain
                0x20016f54      0x104 C:/ISIS/workspace_ycube/GlobusSatProject/..//hal/hcc/lib\libHCCD.a(fat_common.o)
                0x20016f54                _f_removechain
 .text._f_updatefileentry
                0x20017058      0x1cc C:/ISIS/workspace_ycube/GlobusSatProject/..//hal/hcc/lib\libHCCD.a(fat_common.o)
 .text._f_checkreadlocked
                0x20017224      0x1bc C:/ISIS/workspace_ycube/GlobusSatProject/..//hal/hcc/lib\libHCCD.a(fat_common.o)
                0x20017224                _f_checkreadlocked
 .text._f_check_handle
                0x200173e0       0x98 C:/ISIS/workspace_ycube/GlobusSatProject/..//hal/hcc/lib\libHCCD.a(fat_common.o)
                0x200173e0                _f_check_handle
 .text._f_removesyncafile
                0x20017478      0x1ec C:/ISIS/workspace_ycube/GlobusSatProject/..//hal/hcc/lib\libHCCD.a(fat_common.o)
 .text.fn_close
                0x20017664      0x3f8 C:/ISIS/workspace_ycube/GlobusSatProject/..//hal/hcc/lib\libHCCD.a(fat_common.o)
                0x20017664                fn_close
 .text.fn_flush
                0x20017a5c      0x374 C:/ISIS/workspace_ycube/GlobusSatProject/..//hal/hcc/lib\libHCCD.a(fat_common.o)
                0x20017a5c                fn_flush
 .text.fn_read  0x20017dd0      0x690 C:/ISIS/workspace_ycube/GlobusSatProject/..//hal/hcc/lib\libHCCD.a(fat_common.o)
                0x20017dd0                fn_read
 .text._f_abortwrite
                0x20018460      0x100 C:/ISIS/workspace_ycube/GlobusSatProject/..//hal/hcc/lib\libHCCD.a(fat_common.o)
 .text._f_checkwritecluster
                0x20018560       0xe4 C:/ISIS/workspace_ycube/GlobusSatProject/..//hal/hcc/lib\libHCCD.a(fat_common.o)
 .text.fn_write
                0x20018644      0x8a8 C:/ISIS/workspace_ycube/GlobusSatProject/..//hal/hcc/lib\libHCCD.a(fat_common.o)
                0x20018644                fn_write
 .text.f_enterFS
                0x20018eec      0x1c0 C:/ISIS/workspace_ycube/GlobusSatProject/..//hal/hcc/lib\libHCCD.a(fat_common.o)
                0x20018eec                f_enterFS
 .text.fnGetTask
                0x200190ac       0xfc C:/ISIS/workspace_ycube/GlobusSatProject/..//hal/hcc/lib\libHCCD.a(fat_common.o)
                0x200190ac                fnGetTask
 .text._f_mutex_get
                0x200191a8       0x98 C:/ISIS/workspace_ycube/GlobusSatProject/..//hal/hcc/lib\libHCCD.a(fat_common.o)
                0x200191a8                _f_mutex_get
 .text._f_mutex_put
                0x20019240       0x54 C:/ISIS/workspace_ycube/GlobusSatProject/..//hal/hcc/lib\libHCCD.a(fat_common.o)
                0x20019240                _f_mutex_put
 .text._fn_initseekdivisor
                0x20019294      0x158 C:/ISIS/workspace_ycube/GlobusSatProject/..//hal/hcc/lib\libHCCD.a(fat_common.o)
                0x20019294                _fn_initseekdivisor
 .text._fn_updateseekpos
                0x200193ec       0xc4 C:/ISIS/workspace_ycube/GlobusSatProject/..//hal/hcc/lib\libHCCD.a(fat_common.o)
 .text._f_findopensize
                0x200194b0       0x2c C:/ISIS/workspace_ycube/GlobusSatProject/..//hal/hcc/lib\libHCCD.a(fat_common.o)
                0x200194b0                _f_findopensize
 .text.fn_setlasterror
                0x200194dc       0x34 C:/ISIS/workspace_ycube/GlobusSatProject/..//hal/hcc/lib\libHCCD.a(fat_common.o)
                0x200194dc                fn_setlasterror
 .text.fn_setlasterror_noret
                0x20019510       0x2c C:/ISIS/workspace_ycube/GlobusSatProject/..//hal/hcc/lib\libHCCD.a(fat_common.o)
                0x20019510                fn_setlasterror_noret
 .text.fm_initvolume
                0x2001953c       0x70 C:/ISIS/workspace_ycube/GlobusSatProject/..//hal/hcc/lib\libHCCD.a(fat_m.o)
                0x2001953c                fm_initvolume
 .text.fm_getdrive
                0x200195ac       0x70 C:/ISIS/workspace_ycube/GlobusSatProject/..//hal/hcc/lib\libHCCD.a(fat_m.o)
                0x200195ac                fm_getdrive
 .text.fm_getfreespace
                0x2001961c       0x68 C:/ISIS/workspace_ycube/GlobusSatProject/..//hal/hcc/lib\libHCCD.a(fat_m.o)
                0x2001961c                fm_getfreespace
 .text.fm_findfirst
                0x20019684       0x68 C:/ISIS/workspace_ycube/GlobusSatProject/..//hal/hcc/lib\libHCCD.a(fat_m.o)
                0x20019684                fm_findfirst
 .text.fm_findnext
                0x200196ec       0x60 C:/ISIS/workspace_ycube/GlobusSatProject/..//hal/hcc/lib\libHCCD.a(fat_m.o)
                0x200196ec                fm_findnext
 .text.fm_close
                0x2001974c       0x60 C:/ISIS/workspace_ycube/GlobusSatProject/..//hal/hcc/lib\libHCCD.a(fat_m.o)
                0x2001974c                fm_close
 .text.fm_flush
                0x200197ac       0x60 C:/ISIS/workspace_ycube/GlobusSatProject/..//hal/hcc/lib\libHCCD.a(fat_m.o)
                0x200197ac                fm_flush
 .text.fm_open  0x2001980c       0x68 C:/ISIS/workspace_ycube/GlobusSatProject/..//hal/hcc/lib\libHCCD.a(fat_m.o)
                0x2001980c                fm_open
 .text.fm_read  0x20019874       0x7c C:/ISIS/workspace_ycube/GlobusSatProject/..//hal/hcc/lib\libHCCD.a(fat_m.o)
                0x20019874                fm_read
 .text.fm_write
                0x200198f0       0x7c C:/ISIS/workspace_ycube/GlobusSatProject/..//hal/hcc/lib\libHCCD.a(fat_m.o)
                0x200198f0                fm_write
 .text.fm_delete
                0x2001996c       0x64 C:/ISIS/workspace_ycube/GlobusSatProject/..//hal/hcc/lib\libHCCD.a(fat_m.o)
                0x2001996c                fm_delete
 .text.fm_getlasterror
                0x200199d0       0x40 C:/ISIS/workspace_ycube/GlobusSatProject/..//hal/hcc/lib\libHCCD.a(fat_m.o)
                0x200199d0                fm_getlasterror
 .text._s_checkzeroclusteratend
                0x20019a10       0xf8 C:/ISIS/workspace_ycube/GlobusSatProject/..//hal/hcc/lib\libHCCD.a(safefat.o)
 .text._s_clearclustercontent
                0x20019b08      0x108 C:/ISIS/workspace_ycube/GlobusSatProject/..//hal/hcc/lib\libHCCD.a(safefat.o)
 .text._s_clearclustercontentdir
                0x20019c10      0x19c C:/ISIS/workspace_ycube/GlobusSatProject/..//hal/hcc/lib\libHCCD.a(safefat.o)
 .text._s_writedirsector
                0x20019dac       0xd0 C:/ISIS/workspace_ycube/GlobusSatProject/..//hal/hcc/lib\libHCCD.a(safefat.o)
 .text._s_getdirsector
                0x20019e7c      0x100 C:/ISIS/workspace_ycube/GlobusSatProject/..//hal/hcc/lib\libHCCD.a(safefat.o)
 .text._s_addentry
                0x20019f7c      0x394 C:/ISIS/workspace_ycube/GlobusSatProject/..//hal/hcc/lib\libHCCD.a(safefat.o)
 .text._s_findfile
                0x2001a310      0x33c C:/ISIS/workspace_ycube/GlobusSatProject/..//hal/hcc/lib\libHCCD.a(safefat.o)
 .text._s_findsubdir
                0x2001a64c      0x248 C:/ISIS/workspace_ycube/GlobusSatProject/..//hal/hcc/lib\libHCCD.a(safefat.o)
 .text._s_createfile
                0x2001a894      0x190 C:/ISIS/workspace_ycube/GlobusSatProject/..//hal/hcc/lib\libHCCD.a(safefat.o)
 .text._s_findsaffile
                0x2001aa24      0x1b8 C:/ISIS/workspace_ycube/GlobusSatProject/..//hal/hcc/lib\libHCCD.a(safefat.o)
 .text._s_open  0x2001abdc       0xe4 C:/ISIS/workspace_ycube/GlobusSatProject/..//hal/hcc/lib\libHCCD.a(safefat.o)
 .text._s_open_saf
                0x2001acc0       0xe8 C:/ISIS/workspace_ycube/GlobusSatProject/..//hal/hcc/lib\libHCCD.a(safefat.o)
 .text._s_flush
                0x2001ada8       0x84 C:/ISIS/workspace_ycube/GlobusSatProject/..//hal/hcc/lib\libHCCD.a(safefat.o)
 .text._s_allocnextcluster
                0x2001ae2c      0x13c C:/ISIS/workspace_ycube/GlobusSatProject/..//hal/hcc/lib\libHCCD.a(safefat.o)
 .text._s_getnextsector
                0x2001af68       0xdc C:/ISIS/workspace_ycube/GlobusSatProject/..//hal/hcc/lib\libHCCD.a(safefat.o)
 .text._s_seek  0x2001b044      0x1e8 C:/ISIS/workspace_ycube/GlobusSatProject/..//hal/hcc/lib\libHCCD.a(safefat.o)
 .text._s_read  0x2001b22c      0x228 C:/ISIS/workspace_ycube/GlobusSatProject/..//hal/hcc/lib\libHCCD.a(safefat.o)
 .text._s_write
                0x2001b454      0x384 C:/ISIS/workspace_ycube/GlobusSatProject/..//hal/hcc/lib\libHCCD.a(safefat.o)
 .text._s_restoreclusters
                0x2001b7d8      0x270 C:/ISIS/workspace_ycube/GlobusSatProject/..//hal/hcc/lib\libHCCD.a(safefat.o)
                0x2001b7d8                _s_restoreclusters
 .text._s_findrestore
                0x2001ba48      0x18c C:/ISIS/workspace_ycube/GlobusSatProject/..//hal/hcc/lib\libHCCD.a(safefat.o)
 .text._s_cmd_writede
                0x2001bbd4       0xd8 C:/ISIS/workspace_ycube/GlobusSatProject/..//hal/hcc/lib\libHCCD.a(safefat.o)
 .text._s_cmd_setcluster
                0x2001bcac       0x88 C:/ISIS/workspace_ycube/GlobusSatProject/..//hal/hcc/lib\libHCCD.a(safefat.o)
 .text._s_cmd_deletechain
                0x2001bd34      0x100 C:/ISIS/workspace_ycube/GlobusSatProject/..//hal/hcc/lib\libHCCD.a(safefat.o)
 .text._s_cmd_validatecfn
                0x2001be34      0x308 C:/ISIS/workspace_ycube/GlobusSatProject/..//hal/hcc/lib\libHCCD.a(safefat.o)
 .text._s_cmd_seteof
                0x2001c13c      0x3c4 C:/ISIS/workspace_ycube/GlobusSatProject/..//hal/hcc/lib\libHCCD.a(safefat.o)
 .text.safe_docommands
                0x2001c500      0x56c C:/ISIS/workspace_ycube/GlobusSatProject/..//hal/hcc/lib\libHCCD.a(safefat.o)
                0x2001c500                safe_docommands
 .text.safe_entercommand
                0x2001ca6c       0x68 C:/ISIS/workspace_ycube/GlobusSatProject/..//hal/hcc/lib\libHCCD.a(safefat.o)
                0x2001ca6c                safe_entercommand
 .text.safe_ready
                0x2001cad4       0xf4 C:/ISIS/workspace_ycube/GlobusSatProject/..//hal/hcc/lib\libHCCD.a(safefat.o)
                0x2001cad4                safe_ready
 .text.safe_copycfn
                0x2001cbc8       0xb8 C:/ISIS/workspace_ycube/GlobusSatProject/..//hal/hcc/lib\libHCCD.a(safefat.o)
                0x2001cbc8                safe_copycfn
 .text.safe_cfremove
                0x2001cc80       0xb8 C:/ISIS/workspace_ycube/GlobusSatProject/..//hal/hcc/lib\libHCCD.a(safefat.o)
                0x2001cc80                safe_cfremove
 .text.safe_writede
                0x2001cd38      0x104 C:/ISIS/workspace_ycube/GlobusSatProject/..//hal/hcc/lib\libHCCD.a(safefat.o)
                0x2001cd38                safe_writede
 .text.safe_setcluster
                0x2001ce3c       0xcc C:/ISIS/workspace_ycube/GlobusSatProject/..//hal/hcc/lib\libHCCD.a(safefat.o)
                0x2001ce3c                safe_setcluster
 .text.safe_deletechain
                0x2001cf08      0x1c8 C:/ISIS/workspace_ycube/GlobusSatProject/..//hal/hcc/lib\libHCCD.a(safefat.o)
                0x2001cf08                safe_deletechain
 .text.safe_cfclose
                0x2001d0d0      0x104 C:/ISIS/workspace_ycube/GlobusSatProject/..//hal/hcc/lib\libHCCD.a(safefat.o)
                0x2001d0d0                safe_cfclose
 .text.safe_cfflush
                0x2001d1d4      0x124 C:/ISIS/workspace_ycube/GlobusSatProject/..//hal/hcc/lib\libHCCD.a(safefat.o)
                0x2001d1d4                safe_cfflush
 .text.safe_reset
                0x2001d2f8       0x78 C:/ISIS/workspace_ycube/GlobusSatProject/..//hal/hcc/lib\libHCCD.a(safefat.o)
                0x2001d2f8                safe_reset
 .text.safe_loadcommands
                0x2001d370       0x78 C:/ISIS/workspace_ycube/GlobusSatProject/..//hal/hcc/lib\libHCCD.a(safefat.o)
                0x2001d370                safe_loadcommands
 .text.safe_poweron
                0x2001d3e8      0x1fc C:/ISIS/workspace_ycube/GlobusSatProject/..//hal/hcc/lib\libHCCD.a(safefat.o)
                0x2001d3e8                safe_poweron
 .text.cf_getname
                0x2001d5e4       0xc0 C:/ISIS/workspace_ycube/GlobusSatProject/..//hal/hcc/lib\libHCCD.a(safefat.o)
 .text.cf_copyclusterchain
                0x2001d6a4      0x138 C:/ISIS/workspace_ycube/GlobusSatProject/..//hal/hcc/lib\libHCCD.a(safefat.o)
 .text.cf_seektozero
                0x2001d7dc       0x94 C:/ISIS/workspace_ycube/GlobusSatProject/..//hal/hcc/lib\libHCCD.a(safefat.o)
                0x2001d7dc                cf_seektozero
 .text.cf_create
                0x2001d870      0x3a8 C:/ISIS/workspace_ycube/GlobusSatProject/..//hal/hcc/lib\libHCCD.a(safefat.o)
                0x2001d870                cf_create
 .text.cf_copyclustercontent
                0x2001dc18      0x128 C:/ISIS/workspace_ycube/GlobusSatProject/..//hal/hcc/lib\libHCCD.a(safefat.o)
                0x2001dc18                cf_copyclustercontent
 .text.cf_copycfn
                0x2001dd40      0x4bc C:/ISIS/workspace_ycube/GlobusSatProject/..//hal/hcc/lib\libHCCD.a(safefat.o)
                0x2001dd40                cf_copycfn
 .text.cf_remove
                0x2001e1fc      0x344 C:/ISIS/workspace_ycube/GlobusSatProject/..//hal/hcc/lib\libHCCD.a(safefat.o)
                0x2001e1fc                cf_remove
 .text.cf_setclusternew
                0x2001e540       0xf0 C:/ISIS/workspace_ycube/GlobusSatProject/..//hal/hcc/lib\libHCCD.a(safefat.o)
                0x2001e540                cf_setclusternew
 .text.cf_flush
                0x2001e630       0x58 C:/ISIS/workspace_ycube/GlobusSatProject/..//hal/hcc/lib\libHCCD.a(safefat.o)
                0x2001e630                cf_flush
 .text.cf_getcluster
                0x2001e688      0x1b4 C:/ISIS/workspace_ycube/GlobusSatProject/..//hal/hcc/lib\libHCCD.a(safefat.o)
                0x2001e688                cf_getcluster
 .text.cf_setnextcluster
                0x2001e83c      0x194 C:/ISIS/workspace_ycube/GlobusSatProject/..//hal/hcc/lib\libHCCD.a(safefat.o)
                0x2001e83c                cf_setnextcluster
 .text.cf_getpositions
                0x2001e9d0       0xbc C:/ISIS/workspace_ycube/GlobusSatProject/..//hal/hcc/lib\libHCCD.a(safefat.o)
                0x2001e9d0                cf_getpositions
 .text.cf_setpositions
                0x2001ea8c       0xb0 C:/ISIS/workspace_ycube/GlobusSatProject/..//hal/hcc/lib\libHCCD.a(safefat.o)
                0x2001ea8c                cf_setpositions
 .text.cf_opensyncafile
                0x2001eb3c      0x150 C:/ISIS/workspace_ycube/GlobusSatProject/..//hal/hcc/lib\libHCCD.a(safefat.o)
                0x2001eb3c                cf_opensyncafile
 .text.cf_reloadcfo
                0x2001ec8c       0xd8 C:/ISIS/workspace_ycube/GlobusSatProject/..//hal/hcc/lib\libHCCD.a(safefat.o)
                0x2001ec8c                cf_reloadcfo
 .text.mcipdc_cmd
                0x2001ed64      0x22c C:/ISIS/workspace_ycube/GlobusSatProject/..//hal/hcc/lib\libHCCD.a(atmel_mcipdc.o)
 .text.mcipdc_stop
                0x2001ef90       0xfc C:/ISIS/workspace_ycube/GlobusSatProject/..//hal/hcc/lib\libHCCD.a(atmel_mcipdc.o)
                0x2001ef90                mcipdc_stop
 .text.mcipdc_read
                0x2001f08c      0x27c C:/ISIS/workspace_ycube/GlobusSatProject/..//hal/hcc/lib\libHCCD.a(atmel_mcipdc.o)
 .text.mcipdc_write
                0x2001f308      0x298 C:/ISIS/workspace_ycube/GlobusSatProject/..//hal/hcc/lib\libHCCD.a(atmel_mcipdc.o)
 .text.mcipdc_readsector
                0x2001f5a0       0x9c C:/ISIS/workspace_ycube/GlobusSatProject/..//hal/hcc/lib\libHCCD.a(atmel_mcipdc.o)
                0x2001f5a0                mcipdc_readsector
 .text.mcipdc_readmultiplesector
                0x2001f63c      0x124 C:/ISIS/workspace_ycube/GlobusSatProject/..//hal/hcc/lib\libHCCD.a(atmel_mcipdc.o)
                0x2001f63c                mcipdc_readmultiplesector
 .text.mcipdc_writesector
                0x2001f760       0x90 C:/ISIS/workspace_ycube/GlobusSatProject/..//hal/hcc/lib\libHCCD.a(atmel_mcipdc.o)
                0x2001f760                mcipdc_writesector
 .text.mcipdc_writemultiplesector
                0x2001f7f0      0x120 C:/ISIS/workspace_ycube/GlobusSatProject/..//hal/hcc/lib\libHCCD.a(atmel_mcipdc.o)
                0x2001f7f0                mcipdc_writemultiplesector
 .text.mcipdc_set_speed
                0x2001f910       0xb0 C:/ISIS/workspace_ycube/GlobusSatProject/..//hal/hcc/lib\libHCCD.a(atmel_mcipdc.o)
 .text.mcipdc_get_speed
                0x2001f9c0       0x48 C:/ISIS/workspace_ycube/GlobusSatProject/..//hal/hcc/lib\libHCCD.a(atmel_mcipdc.o)
 .text._get_csd_bits
                0x2001fa08      0x14c C:/ISIS/workspace_ycube/GlobusSatProject/..//hal/hcc/lib\libHCCD.a(atmel_mcipdc.o)
 .text.mcipdc_initcard
                0x2001fb54      0x8f4 C:/ISIS/workspace_ycube/GlobusSatProject/..//hal/hcc/lib\libHCCD.a(atmel_mcipdc.o)
 .text.mcipdc_getstatus
                0x20020448       0xe8 C:/ISIS/workspace_ycube/GlobusSatProject/..//hal/hcc/lib\libHCCD.a(atmel_mcipdc.o)
 .text.mcipdc_getphy
                0x20020530       0x90 C:/ISIS/workspace_ycube/GlobusSatProject/..//hal/hcc/lib\libHCCD.a(atmel_mcipdc.o)
 .text.mcipdc_release
                0x200205c0       0x50 C:/ISIS/workspace_ycube/GlobusSatProject/..//hal/hcc/lib\libHCCD.a(atmel_mcipdc.o)
 .text.atmel_mcipdc_initfunc
                0x20020610      0x160 C:/ISIS/workspace_ycube/GlobusSatProject/..//hal/hcc/lib\libHCCD.a(atmel_mcipdc.o)
                0x20020610                atmel_mcipdc_initfunc
 .text.oal_mutex_create
                0x20020770       0x54 C:/ISIS/workspace_ycube/GlobusSatProject/..//hal/hcc/lib\libHCCD.a(oalp_mutex.o)
                0x20020770                oal_mutex_create
 .text.oal_mutex_delete
                0x200207c4       0x30 C:/ISIS/workspace_ycube/GlobusSatProject/..//hal/hcc/lib\libHCCD.a(oalp_mutex.o)
                0x200207c4                oal_mutex_delete
 .text.oal_mutex_get
                0x200207f4       0x58 C:/ISIS/workspace_ycube/GlobusSatProject/..//hal/hcc/lib\libHCCD.a(oalp_mutex.o)
                0x200207f4                oal_mutex_get
 .text.oal_mutex_put
                0x2002084c       0x58 C:/ISIS/workspace_ycube/GlobusSatProject/..//hal/hcc/lib\libHCCD.a(oalp_mutex.o)
                0x2002084c                oal_mutex_put
 .text.oal_task_get_id
                0x200208a4       0x18 C:/ISIS/workspace_ycube/GlobusSatProject/..//hal/hcc/lib\libHCCD.a(oalp_task.o)
                0x200208a4                oal_task_get_id
 .text.mcipdc_hw_init
                0x200208bc       0xe8 C:/ISIS/workspace_ycube/GlobusSatProject/..//hal/hcc/lib\libHCCD.a(atmel_mcipdc_hw.o)
                0x200208bc                mcipdc_hw_init
 .text.mcipdc_hw_delete
                0x200209a4       0x78 C:/ISIS/workspace_ycube/GlobusSatProject/..//hal/hcc/lib\libHCCD.a(atmel_mcipdc_hw.o)
                0x200209a4                mcipdc_hw_delete
 .text.mcipdc_hw_card_plugged
                0x20020a1c       0x1c C:/ISIS/workspace_ycube/GlobusSatProject/..//hal/hcc/lib\libHCCD.a(atmel_mcipdc_hw.o)
                0x20020a1c                mcipdc_hw_card_plugged
 .text.mcipdc_hw_card_writeprotect
                0x20020a38       0x1c C:/ISIS/workspace_ycube/GlobusSatProject/..//hal/hcc/lib\libHCCD.a(atmel_mcipdc_hw.o)
                0x20020a38                mcipdc_hw_card_writeprotect
 .text.psp_getcurrenttimedate
                0x20020a54       0x8c C:/ISIS/workspace_ycube/GlobusSatProject/..//hal/hcc/lib\libHCCD.a(psp_rtc.o)
                0x20020a54                psp_getcurrenttimedate
 .text._hcc_get_buf_dsc
                0x20020ae0       0x8c C:/ISIS/workspace_ycube/GlobusSatProject/..//hal/hcc/lib\libHCCD.a(hcc_mem.o)
 .text._hcc_check_free_pages
                0x20020b6c      0x18c C:/ISIS/workspace_ycube/GlobusSatProject/..//hal/hcc/lib\libHCCD.a(hcc_mem.o)
 .text._hcc_mark_pages
                0x20020cf8      0x158 C:/ISIS/workspace_ycube/GlobusSatProject/..//hal/hcc/lib\libHCCD.a(hcc_mem.o)
 .text._hcc_clear_lock_dsc
                0x20020e50       0x80 C:/ISIS/workspace_ycube/GlobusSatProject/..//hal/hcc/lib\libHCCD.a(hcc_mem.o)
 .text._hcc_lock_access
                0x20020ed0      0x128 C:/ISIS/workspace_ycube/GlobusSatProject/..//hal/hcc/lib\libHCCD.a(hcc_mem.o)
 .text._hcc_unlock_access
                0x20020ff8       0x30 C:/ISIS/workspace_ycube/GlobusSatProject/..//hal/hcc/lib\libHCCD.a(hcc_mem.o)
 .text.hcc_mem_alloc
                0x20021028      0x454 C:/ISIS/workspace_ycube/GlobusSatProject/..//hal/hcc/lib\libHCCD.a(hcc_mem.o)
                0x20021028                hcc_mem_alloc
 .text.hcc_mem_free
                0x2002147c      0x178 C:/ISIS/workspace_ycube/GlobusSatProject/..//hal/hcc/lib\libHCCD.a(hcc_mem.o)
                0x2002147c                hcc_mem_free
 .text.hcc_mem_add
                0x200215f4      0x3b0 C:/ISIS/workspace_ycube/GlobusSatProject/..//hal/hcc/lib\libHCCD.a(hcc_mem.o)
                0x200215f4                hcc_mem_add
 .text.hcc_mem_init
                0x200219a4      0x164 C:/ISIS/workspace_ycube/GlobusSatProject/..//hal/hcc/lib\libHCCD.a(hcc_mem.o)
                0x200219a4                hcc_mem_init
 .text._f_invalidatedir
                0x20021b08       0x28 C:/ISIS/workspace_ycube/GlobusSatProject/..//hal/hcc/lib\libHCCD.a(fat.o)
                0x20021b08                _f_invalidatedir
 .text._f_getdirsector
                0x20021b30       0x88 C:/ISIS/workspace_ycube/GlobusSatProject/..//hal/hcc/lib\libHCCD.a(fat.o)
                0x20021b30                _f_getdirsector
 .text._f_writedirsector
                0x20021bb8       0x74 C:/ISIS/workspace_ycube/GlobusSatProject/..//hal/hcc/lib\libHCCD.a(fat.o)
                0x20021bb8                _f_writedirsector
 .text._f_checknameinv
                0x20021c2c      0x180 C:/ISIS/workspace_ycube/GlobusSatProject/..//hal/hcc/lib\libHCCD.a(fat.o)
 .text._f_checkname
                0x20021dac       0x7c C:/ISIS/workspace_ycube/GlobusSatProject/..//hal/hcc/lib\libHCCD.a(fat.o)
 .text._f_checknamewc
                0x20021e28       0xf8 C:/ISIS/workspace_ycube/GlobusSatProject/..//hal/hcc/lib\libHCCD.a(fat.o)
 .text._f_setnameext
                0x20021f20      0x300 C:/ISIS/workspace_ycube/GlobusSatProject/..//hal/hcc/lib\libHCCD.a(fat.o)
 .text._f_setfsname
                0x20022220      0x584 C:/ISIS/workspace_ycube/GlobusSatProject/..//hal/hcc/lib\libHCCD.a(fat.o)
 .text._f_findfile
                0x200227a4      0x30c C:/ISIS/workspace_ycube/GlobusSatProject/..//hal/hcc/lib\libHCCD.a(fat.o)
 .text._f_cmp_wname
                0x20022ab0      0x274 C:/ISIS/workspace_ycube/GlobusSatProject/..//hal/hcc/lib\libHCCD.a(fat.o)
 .text._f_to_string
                0x20022d24      0x130 C:/ISIS/workspace_ycube/GlobusSatProject/..//hal/hcc/lib\libHCCD.a(fat.o)
 .text._f_findfilewc
                0x20022e54      0x278 C:/ISIS/workspace_ycube/GlobusSatProject/..//hal/hcc/lib\libHCCD.a(fat.o)
 .text._f_getfilename
                0x200230cc      0x20c C:/ISIS/workspace_ycube/GlobusSatProject/..//hal/hcc/lib\libHCCD.a(fat.o)
 .text._f_findpath
                0x200232d8      0x35c C:/ISIS/workspace_ycube/GlobusSatProject/..//hal/hcc/lib\libHCCD.a(fat.o)
 .text.fn_getdcwd
                0x20023634      0x1e0 C:/ISIS/workspace_ycube/GlobusSatProject/..//hal/hcc/lib\libHCCD.a(fat.o)
                0x20023634                fn_getdcwd
 .text.fn_findfirst
                0x20023814      0x13c C:/ISIS/workspace_ycube/GlobusSatProject/..//hal/hcc/lib\libHCCD.a(fat.o)
                0x20023814                fn_findfirst
 .text.fn_findnext
                0x20023950      0x360 C:/ISIS/workspace_ycube/GlobusSatProject/..//hal/hcc/lib\libHCCD.a(fat.o)
                0x20023950                fn_findnext
 .text._f_lock_resfile
                0x20023cb0       0x6c C:/ISIS/workspace_ycube/GlobusSatProject/..//hal/hcc/lib\libHCCD.a(fat.o)
 .text._f_unlock_resfile
                0x20023d1c       0x40 C:/ISIS/workspace_ycube/GlobusSatProject/..//hal/hcc/lib\libHCCD.a(fat.o)
 .text._f_getintfile
                0x20023d5c      0x124 C:/ISIS/workspace_ycube/GlobusSatProject/..//hal/hcc/lib\libHCCD.a(fat.o)
 .text._f_addentry
                0x20023e80      0x540 C:/ISIS/workspace_ycube/GlobusSatProject/..//hal/hcc/lib\libHCCD.a(fat.o)
 .text.fn_open_sub
                0x200243c0     0x1698 C:/ISIS/workspace_ycube/GlobusSatProject/..//hal/hcc/lib\libHCCD.a(fat.o)
 .text.fn_open  0x20025a58       0x44 C:/ISIS/workspace_ycube/GlobusSatProject/..//hal/hcc/lib\libHCCD.a(fat.o)
                0x20025a58                fn_open
 .text.fn_delete
                0x20025a9c      0x490 C:/ISIS/workspace_ycube/GlobusSatProject/..//hal/hcc/lib\libHCCD.a(fat.o)
                0x20025a9c                fn_delete
 .text.hcc_mem_buf_alloc
                0x20025f2c       0xe4 C:/ISIS/workspace_ycube/GlobusSatProject/..//hal/hcc/lib\libHCCD.a(psp_hcc_mem.o)
                0x20025f2c                hcc_mem_buf_alloc
 .text.makeAntStransfer
                0x20026010       0x4c C:/ISIS/workspace_ycube/satellite-subsystems/satellite-subsystems/lib\libSatelliteSubsystemsD.a(IsisAntS.o)
 .text.checkInputsValid
                0x2002605c       0x7c C:/ISIS/workspace_ycube/satellite-subsystems/satellite-subsystems/lib\libSatelliteSubsystemsD.a(IsisAntS.o)
 .text.IsisAntS_initialize
                0x200260d8      0x26c C:/ISIS/workspace_ycube/satellite-subsystems/satellite-subsystems/lib\libSatelliteSubsystemsD.a(IsisAntS.o)
                0x200260d8                IsisAntS_initialize
 .text.IsisAntS_setArmStatus
                0x20026344      0x104 C:/ISIS/workspace_ycube/satellite-subsystems/satellite-subsystems/lib\libSatelliteSubsystemsD.a(IsisAntS.o)
                0x20026344                IsisAntS_setArmStatus
 .text.IsisAntS_getStatusData
                0x20026448      0x120 C:/ISIS/workspace_ycube/satellite-subsystems/satellite-subsystems/lib\libSatelliteSubsystemsD.a(IsisAntS.o)
                0x20026448                IsisAntS_getStatusData
 .text.IsisAntS_getUptime
                0x20026568      0x120 C:/ISIS/workspace_ycube/satellite-subsystems/satellite-subsystems/lib\libSatelliteSubsystemsD.a(IsisAntS.o)
                0x20026568                IsisAntS_getUptime
 .text.IsisAntS_getAlltelemetry
                0x20026688      0x120 C:/ISIS/workspace_ycube/satellite-subsystems/satellite-subsystems/lib\libSatelliteSubsystemsD.a(IsisAntS.o)
                0x20026688                IsisAntS_getAlltelemetry
 .text.IsisAntS_reset
                0x200267a8      0x104 C:/ISIS/workspace_ycube/satellite-subsystems/satellite-subsystems/lib\libSatelliteSubsystemsD.a(IsisAntS.o)
                0x200267a8                IsisAntS_reset
 .text.IsisAntS_cancelDeployment
                0x200268ac      0x104 C:/ISIS/workspace_ycube/satellite-subsystems/satellite-subsystems/lib\libSatelliteSubsystemsD.a(IsisAntS.o)
                0x200268ac                IsisAntS_cancelDeployment
 .text.IsisAntS_autoDeployment
                0x200269b0      0x114 C:/ISIS/workspace_ycube/satellite-subsystems/satellite-subsystems/lib\libSatelliteSubsystemsD.a(IsisAntS.o)
                0x200269b0                IsisAntS_autoDeployment
 .text.IsisSolarPanelv2_initialize
                0x20026ac4       0xb4 C:/ISIS/workspace_ycube/satellite-subsystems/satellite-subsystems/lib\libSatelliteSubsystemsD.a(IsisSolarPanelv2.o)
                0x20026ac4                IsisSolarPanelv2_initialize
 .text.IsisSolarPanelv2_getTemperature
                0x20026b78       0xc8 C:/ISIS/workspace_ycube/satellite-subsystems/satellite-subsystems/lib\libSatelliteSubsystemsD.a(IsisSolarPanelv2.o)
                0x20026b78                IsisSolarPanelv2_getTemperature
 .text.IsisSolarPanelv2_getState
                0x20026c40       0x24 C:/ISIS/workspace_ycube/satellite-subsystems/satellite-subsystems/lib\libSatelliteSubsystemsD.a(IsisSolarPanelv2.o)
                0x20026c40                IsisSolarPanelv2_getState
 .text._Reset   0x20026c64       0x20 C:/ISIS/workspace_ycube/satellite-subsystems/satellite-subsystems/lib\libSatelliteSubsystemsD.a(IsisSolarPanelv2.o)
 .text._WaitForStartup
                0x20026c84       0x90 C:/ISIS/workspace_ycube/satellite-subsystems/satellite-subsystems/lib\libSatelliteSubsystemsD.a(IsisSolarPanelv2.o)
 .text._AssignAllChannels
                0x20026d14       0x90 C:/ISIS/workspace_ycube/satellite-subsystems/satellite-subsystems/lib\libSatelliteSubsystemsD.a(IsisSolarPanelv2.o)
 .text._AssignThisChannel
                0x20026da4       0xe8 C:/ISIS/workspace_ycube/satellite-subsystems/satellite-subsystems/lib\libSatelliteSubsystemsD.a(IsisSolarPanelv2.o)
 .text._InitiateConversion
                0x20026e8c       0xac C:/ISIS/workspace_ycube/satellite-subsystems/satellite-subsystems/lib\libSatelliteSubsystemsD.a(IsisSolarPanelv2.o)
 .text._WaitForConversionComplete
                0x20026f38      0x100 C:/ISIS/workspace_ycube/satellite-subsystems/satellite-subsystems/lib\libSatelliteSubsystemsD.a(IsisSolarPanelv2.o)
 .text._ReadResult
                0x20027038      0x158 C:/ISIS/workspace_ycube/satellite-subsystems/satellite-subsystems/lib\libSatelliteSubsystemsD.a(IsisSolarPanelv2.o)
 .text._ExtractByte
                0x20027190       0x38 C:/ISIS/workspace_ycube/satellite-subsystems/satellite-subsystems/lib\libSatelliteSubsystemsD.a(IsisSolarPanelv2.o)
 .text._ExtendSign
                0x200271c8       0x6c C:/ISIS/workspace_ycube/satellite-subsystems/satellite-subsystems/lib\libSatelliteSubsystemsD.a(IsisSolarPanelv2.o)
 .text._PinsInit
                0x20027234       0x50 C:/ISIS/workspace_ycube/satellite-subsystems/satellite-subsystems/lib\libSatelliteSubsystemsD.a(IsisSolarPanelv2.o)
 .text._SpiWriteRead
                0x20027284       0x70 C:/ISIS/workspace_ycube/satellite-subsystems/satellite-subsystems/lib\libSatelliteSubsystemsD.a(IsisSolarPanelv2.o)
 .text.IsisTrxvu_initialize
                0x200272f4      0x2f4 C:/ISIS/workspace_ycube/satellite-subsystems/satellite-subsystems/lib\libSatelliteSubsystemsD.a(IsisTRXVU.o)
                0x200272f4                IsisTrxvu_initialize
 .text.makeTRXVUtransfer
                0x200275e8       0x44 C:/ISIS/workspace_ycube/satellite-subsystems/satellite-subsystems/lib\libSatelliteSubsystemsD.a(IsisTRXVU.o)
 .text.IsisTrxvu_componentSoftReset
                0x2002762c       0x6c C:/ISIS/workspace_ycube/satellite-subsystems/satellite-subsystems/lib\libSatelliteSubsystemsD.a(IsisTRXVU.o)
                0x2002762c                IsisTrxvu_componentSoftReset
 .text.IsisTrxvu_componentHardReset
                0x20027698       0xc8 C:/ISIS/workspace_ycube/satellite-subsystems/satellite-subsystems/lib\libSatelliteSubsystemsD.a(IsisTRXVU.o)
                0x20027698                IsisTrxvu_componentHardReset
 .text.IsisTrxvu_softReset
                0x20027760       0x74 C:/ISIS/workspace_ycube/satellite-subsystems/satellite-subsystems/lib\libSatelliteSubsystemsD.a(IsisTRXVU.o)
                0x20027760                IsisTrxvu_softReset
 .text.IsisTrxvu_hardReset
                0x200277d4       0x74 C:/ISIS/workspace_ycube/satellite-subsystems/satellite-subsystems/lib\libSatelliteSubsystemsD.a(IsisTRXVU.o)
                0x200277d4                IsisTrxvu_hardReset
 .text.IsisTrxvu_tcSendAX25DefClSign
                0x20027848       0xec C:/ISIS/workspace_ycube/satellite-subsystems/satellite-subsystems/lib\libSatelliteSubsystemsD.a(IsisTRXVU.o)
                0x20027848                IsisTrxvu_tcSendAX25DefClSign
 .text.IsisTrxvu_tcSetIdlestate
                0x20027934       0xa4 C:/ISIS/workspace_ycube/satellite-subsystems/satellite-subsystems/lib\libSatelliteSubsystemsD.a(IsisTRXVU.o)
                0x20027934                IsisTrxvu_tcSetIdlestate
 .text.IsisTrxvu_tcSetAx25Bitrate
                0x200279d8       0xc4 C:/ISIS/workspace_ycube/satellite-subsystems/satellite-subsystems/lib\libSatelliteSubsystemsD.a(IsisTRXVU.o)
                0x200279d8                IsisTrxvu_tcSetAx25Bitrate
 .text.IsisTrxvu_tcGetUptime
                0x20027a9c       0xa0 C:/ISIS/workspace_ycube/satellite-subsystems/satellite-subsystems/lib\libSatelliteSubsystemsD.a(IsisTRXVU.o)
                0x20027a9c                IsisTrxvu_tcGetUptime
 .text.IsisTrxvu_tcGetState
                0x20027b3c       0xd0 C:/ISIS/workspace_ycube/satellite-subsystems/satellite-subsystems/lib\libSatelliteSubsystemsD.a(IsisTRXVU.o)
                0x20027b3c                IsisTrxvu_tcGetState
 .text.IsisTrxvu_tcGetTelemetryAll
                0x20027c0c       0xd0 C:/ISIS/workspace_ycube/satellite-subsystems/satellite-subsystems/lib\libSatelliteSubsystemsD.a(IsisTRXVU.o)
                0x20027c0c                IsisTrxvu_tcGetTelemetryAll
 .text.IsisTrxvu_tcGetLastTxTelemetry
                0x20027cdc       0xe4 C:/ISIS/workspace_ycube/satellite-subsystems/satellite-subsystems/lib\libSatelliteSubsystemsD.a(IsisTRXVU.o)
                0x20027cdc                IsisTrxvu_tcGetLastTxTelemetry
 .text.IsisTrxvu_rcGetFrameCount
                0x20027dc0       0xa0 C:/ISIS/workspace_ycube/satellite-subsystems/satellite-subsystems/lib\libSatelliteSubsystemsD.a(IsisTRXVU.o)
                0x20027dc0                IsisTrxvu_rcGetFrameCount
 .text.IsisTrxvu_rcGetCommandFrame
                0x20027e60      0x2d8 C:/ISIS/workspace_ycube/satellite-subsystems/satellite-subsystems/lib\libSatelliteSubsystemsD.a(IsisTRXVU.o)
                0x20027e60                IsisTrxvu_rcGetCommandFrame
 .text.IsisTrxvu_rcGetTelemetryAll
                0x20028138       0xd0 C:/ISIS/workspace_ycube/satellite-subsystems/satellite-subsystems/lib\libSatelliteSubsystemsD.a(IsisTRXVU.o)
                0x20028138                IsisTrxvu_rcGetTelemetryAll
 .text.IsisTrxvu_rcGetUptime
                0x20028208       0xa0 C:/ISIS/workspace_ycube/satellite-subsystems/satellite-subsystems/lib\libSatelliteSubsystemsD.a(IsisTRXVU.o)