Archive member included because of file (symbol)

C:/ISIS/workspace/ycube/GlobusSatProject/..//hal/hal/lib\libHALD.a(SPI.o)
                              ./src/InitSystem.o (SPI_start)
C:/ISIS/workspace/ycube/GlobusSatProject/..//hal/hal/lib\libHALD.a(I2C.o)
                              ./src/SubSystemModules/Housekepping/Payload.o (I2C_write)
C:/ISIS/workspace/ycube/GlobusSatProject/..//hal/hal/lib\libHALD.a(ADC.o)
                              ./src/SubSystemModules/Housekepping/TelemetryCollector.o (ADC_ConvertRaw10bitToMillivolt)
C:/ISIS/workspace/ycube/GlobusSatProject/..//hal/hal/lib\libHALD.a(FRAM.o)
                              ./src/SubSystemModules/Communication/SubsystemCommands/Maintanence_Commands.o (FRAM_start)
C:/ISIS/workspace/ycube/GlobusSatProject/..//hal/hal/lib\libHALD.a(Time.o)
                              ./src/InitSystem.o (Time_start)
C:/ISIS/workspace/ycube/GlobusSatProject/..//hal/hal/lib\libHALD.a(WatchDogTimerNoOS.o)
                              ./src/main.o (WDT_start)
C:/ISIS/workspace/ycube/GlobusSatProject/..//hal/hal/lib\libHALD.a(RTT.o)
                              C:/ISIS/workspace/ycube/GlobusSatProject/..//hal/hal/lib\libHALD.a(Time.o) (RTT_start)
C:/ISIS/workspace/ycube/GlobusSatProject/..//hal/hal/lib\libHALD.a(RTC.o)
                              C:/ISIS/workspace/ycube/GlobusSatProject/..//hal/hal/lib\libHALD.a(Time.o) (RTC_getTime)
C:/ISIS/workspace/ycube/GlobusSatProject/..//hal/hal/lib\libHALD.a(WatchDogTimerOS.o)
                              ./src/TestingDemos/MainTest.o (WDT_startWatchdogKickTask)
C:/ISIS/workspace/ycube/GlobusSatProject/..//hal/hal/lib\libHALD.a(fprintf.o)
                              ./src/TLM_management.o (f_puts)
C:/ISIS/workspace/ycube/GlobusSatProject/..//hal/hal/lib\libHALD.a(util.o)
                              ./src/TestingDemos/EpsTestingDemo.o (UTIL_DbguGetInteger)
C:/ISIS/workspace/ycube/GlobusSatProject/..//hal/hal/lib\libHALD.a(LED.o)
                              C:/ISIS/workspace/ycube/GlobusSatProject/..//hal/hal/lib\libHALD.a(WatchDogTimerOS.o) (LED_toggle)
C:/ISIS/workspace/ycube/GlobusSatProject/..//hal/hcc/lib\libHCCD.a(fat_m.o)
                              ./src/TLM_management.o (fm_initvolume)
C:/ISIS/workspace/ycube/GlobusSatProject/..//hal/hcc/lib\libHCCD.a(fat.o)
                              C:/ISIS/workspace/ycube/GlobusSatProject/..//hal/hcc/lib\libHCCD.a(fat_m.o) (fn_getdcwd)
C:/ISIS/workspace/ycube/GlobusSatProject/..//hal/hcc/lib\libHCCD.a(fat_common.o)
                              C:/ISIS/workspace/ycube/GlobusSatProject/..//hal/hcc/lib\libHCCD.a(fat.o) (p_filesystem)
C:/ISIS/workspace/ycube/GlobusSatProject/..//hal/hcc/lib\libHCCD.a(safefat.o)
                              C:/ISIS/workspace/ycube/GlobusSatProject/..//hal/hcc/lib\libHCCD.a(fat.o) (s_subdir)
C:/ISIS/workspace/ycube/GlobusSatProject/..//hal/hcc/lib\libHCCD.a(atmel_mcipdc.o)
                              ./src/TLM_management.o (atmel_mcipdc_initfunc)
C:/ISIS/workspace/ycube/GlobusSatProject/..//hal/hcc/lib\libHCCD.a(oalp_task.o)
                              C:/ISIS/workspace/ycube/GlobusSatProject/..//hal/hcc/lib\libHCCD.a(fat_common.o) (oal_task_get_id)
C:/ISIS/workspace/ycube/GlobusSatProject/..//hal/hcc/lib\libHCCD.a(oalp_mutex.o)
                              C:/ISIS/workspace/ycube/GlobusSatProject/..//hal/hcc/lib\libHCCD.a(fat_common.o) (oal_mutex_create)
C:/ISIS/workspace/ycube/GlobusSatProject/..//hal/hcc/lib\libHCCD.a(atmel_mcipdc_hw.o)
                              C:/ISIS/workspace/ycube/GlobusSatProject/..//hal/hcc/lib\libHCCD.a(atmel_mcipdc.o) (mcipdc_hw_init)
C:/ISIS/workspace/ycube/GlobusSatProject/..//hal/hcc/lib\libHCCD.a(psp_rand.o)
                              C:/ISIS/workspace/ycube/GlobusSatProject/..//hal/hcc/lib\libHCCD.a(fat_common.o) (psp_getrand)
C:/ISIS/workspace/ycube/GlobusSatProject/..//hal/hcc/lib\libHCCD.a(psp_rtc.o)
                              C:/ISIS/workspace/ycube/GlobusSatProject/..//hal/hcc/lib\libHCCD.a(fat_common.o) (psp_getcurrenttimedate)
C:/ISIS/workspace/ycube/GlobusSatProject/..//hal/hcc/lib\libHCCD.a(hcc_mem.o)
                              C:/ISIS/workspace/ycube/GlobusSatProject/..//hal/hcc/lib\libHCCD.a(atmel_mcipdc.o) (hcc_mem_alloc)
C:/ISIS/workspace/ycube/GlobusSatProject/..//hal/hcc/lib\libHCCD.a(psp_hcc_mem.o)
                              C:/ISIS/workspace/ycube/GlobusSatProject/..//hal/hcc/lib\libHCCD.a(hcc_mem.o) (hcc_mem_buf_alloc)
C:/ISIS/workspace/ycube/GlobusSatProject/..//satellite-subsystems/satellite-subsystems/lib\libSatelliteSubsystemsD.a(IsisAntS.o)
                              ./src/SubSystemModules/Communication/TRXVU.o (IsisAntS_initialize)
C:/ISIS/workspace/ycube/GlobusSatProject/..//satellite-subsystems/satellite-subsystems/lib\libSatelliteSubsystemsD.a(IsisTRXVU.o)
                              ./src/TestingDemos/TrxvuTestingDemo.o (IsisTrxvu_initialize)
[...]
Memory Configuration

Name             Origin             Length             Attributes
sram0            0x00200000         0x00004000         w !xr
sram1            0x00300000         0x00004000         w !xr
sdram            0x20000000         0x02000000         w !xr
*default*        0x00000000         0xffffffff

Linker script and memory map

LOAD c:/isis/application/toolchain/bin/../lib/gcc/arm-none-eabi/4.7.4/../../../../arm-none-eabi/lib\libc.a
LOAD ./src/TestingDemos/CommandsTestingDemo.o
LOAD ./src/TestingDemos/EpsTestingDemo.o
LOAD ./src/TestingDemos/FileSystemTestingDemo.o
LOAD ./src/TestingDemos/MainTest.o
LOAD ./src/TestingDemos/MaintenanceTestingDemo.o
LOAD ./src/TestingDemos/TelemetryTestingDemo.o
LOAD ./src/TestingDemos/TrxvuTestingDemo.o
LOAD ./src/SubSystemModules/PowerManagment/EPS.o
LOAD ./src/SubSystemModules/PowerManagment/EPSOperationModes.o
LOAD ./src/SubSystemModules/Maintenance/Maintenance.o
LOAD ./src/SubSystemModules/Housekepping/Payload.o
LOAD ./src/SubSystemModules/Housekepping/RAMTelemetry.o
LOAD ./src/SubSystemModules/Housekepping/TelemetryCollector.o
LOAD ./src/SubSystemModules/Communication/SubsystemCommands/EPS_Commands.o
LOAD ./src/SubSystemModules/Communication/SubsystemCommands/FS_Commands.o
LOAD ./src/SubSystemModules/Communication/SubsystemCommands/Maintanence_Commands.o
LOAD ./src/SubSystemModules/Communication/SubsystemCommands/TRXVU_Commands.o
LOAD ./src/SubSystemModules/Communication/AckHandler.o
LOAD ./src/SubSystemModules/Communication/CommandDictionary.o
LOAD ./src/SubSystemModules/Communication/HashSecuredCMD.o
LOAD ./src/SubSystemModules/Communication/SatCommandHandler.o
LOAD ./src/SubSystemModules/Communication/TRXVU.o
LOAD ./src/InitSystem.o
LOAD ./src/TLM_management.o
LOAD ./src/main.o
LOAD ./src/utils.o
LOAD C:/ISIS/workspace/ycube/GlobusSatProject/..//hal/hal/lib\libHALD.a
LOAD C:/ISIS/workspace/ycube/GlobusSatProject/..//hal/hcc/lib\libHCCD.a
LOAD C:/ISIS/workspace/ycube/GlobusSatProject/..//satellite-subsystems/satellite-subsystems/lib\libSatelliteSubsystemsD.a
LOAD C:/ISIS/workspace/ycube/GlobusSatProject/..//hal/freertos/lib\libFreeRTOSD.a
LOAD C:/ISIS/workspace/ycube/GlobusSatProject/..//hal/at91/lib\libAt91D.a
START GROUP
LOAD c:/isis/application/toolchain/bin/../lib/gcc/arm-none-eabi/4.7.4\libgcc.a
LOAD c:/isis/application/toolchain/bin/../lib/gcc/arm-none-eabi/4.7.4/../../../../arm-none-eabi/lib\libg.a
LOAD c:/isis/application/toolchain/bin/../lib/gcc/arm-none-eabi/4.7.4/../../../../arm-none-eabi/lib\libc.a
END GROUP

.fixed          0x20000000    0x4df44
                0x20000000                . = ALIGN (0x4)
                0x20000000                _sfixed = .
 *(.startup)
 .startup       0x20000000      0x184 C:/ISIS/workspace/ycube/GlobusSatProject/..//hal/at91/lib\libAt91D.a(board_cstartup.o)
                0x20000000                entry
 *(.text)
 .text          0x20000184       0x64 C:/ISIS/workspace/ycube/GlobusSatProject/..//hal/at91/lib\libAt91D.a(cp15_asm.o)
                0x20000184                _readControlRegister
                0x20000190                _writeControlRegister
                0x20000198                _waitForInterrupt
                0x200001a4                _writeTTB
                0x200001ac                _writeDomain
                0x200001b4                _writeITLBLockdown
                0x200001bc                _prefetchICacheLine
                0x200001c4                _flushDCache
                0x200001d0                _flushWriteBuffer
                0x200001dc                _invalidateIDTLBs
 .text          0x200001e8      0x114 c:/isis/application/toolchain/bin/../lib/gcc/arm-none-eabi/4.7.4\libgcc.a(_udivsi3.o)
                0x200001e8                __aeabi_uidiv
                0x200001e8                __udivsi3
                0x200002dc                __aeabi_uidivmod
 .text          0x200002fc      0x148 c:/isis/application/toolchain/bin/../lib/gcc/arm-none-eabi/4.7.4\libgcc.a(_divsi3.o)
                0x200002fc                __divsi3
                0x200002fc                __aeabi_idiv
                0x20000424                __aeabi_idivmod
 .text          0x20000444        0x4 c:/isis/application/toolchain/bin/../lib/gcc/arm-none-eabi/4.7.4\libgcc.a(_dvmd_tls.o)
                0x20000444                __aeabi_idiv0
                0x20000444                __aeabi_ldiv0
 .text          0x20000448      0x41c c:/isis/application/toolchain/bin/../lib/gcc/arm-none-eabi/4.7.4\libgcc.a(_arm_addsubdf3.o)
                0x20000448                __aeabi_drsub
                0x20000450                __aeabi_dsub
                0x20000450                __subdf3
                0x20000454                __aeabi_dadd
                0x20000454                __adddf3
                0x20000764                __floatunsidf
                0x20000764                __aeabi_ui2d
                0x20000788                __floatsidf
                0x20000788                __aeabi_i2d
                0x200007b0                __aeabi_f2d
                0x200007b0                __extendsfdf2
                0x200007f0                __floatundidf
                0x200007f0                __aeabi_ul2d
                0x20000804                __floatdidf
                0x20000804                __aeabi_l2d
 .text          0x20000864      0x49c c:/isis/application/toolchain/bin/../lib/gcc/arm-none-eabi/4.7.4\libgcc.a(_arm_muldivdf3.o)
                0x20000864                __aeabi_dmul
                0x20000864                __muldf3
                0x20000af4                __divdf3
                0x20000af4                __aeabi_ddiv
 .text          0x20000d00       0xa0 c:/isis/application/toolchain/bin/../lib/gcc/arm-none-eabi/4.7.4\libgcc.a(_arm_truncdfsf2.o)
                0x20000d00                __truncdfsf2
                0x20000d00                __aeabi_d2f
 .text          0x20000da0      0x2ac c:/isis/application/toolchain/bin/../lib/gcc/arm-none-eabi/4.7.4\libgcc.a(_arm_addsubsf3.o)
                0x20000da0                __aeabi_frsub
                0x20000da8                __subsf3
                0x20000da8                __aeabi_fsub
                0x20000dac                __aeabi_fadd
                0x20000dac                __addsf3
                0x20000f68                __aeabi_ui2f
                0x20000f68                __floatunsisf
                0x20000f70                __aeabi_i2f
                0x20000f70                __floatsisf
                0x20000f90                __aeabi_ul2f
                0x20000f90                __floatundisf
                0x20000fa0                __aeabi_l2f
                0x20000fa0                __floatdisf
 .text          0x2000104c      0x2f8 c:/isis/application/toolchain/bin/../lib/gcc/arm-none-eabi/4.7.4\libgcc.a(_arm_muldivsf3.o)
                0x2000104c                __mulsf3
                0x2000104c                __aeabi_fmul
                0x200011e4                __aeabi_fdiv
                0x200011e4                __divsf3
 .text          0x20001344      0x114 c:/isis/application/toolchain/bin/../lib/gcc/arm-none-eabi/4.7.4\libgcc.a(_arm_cmpsf2.o)
                0x20001344                __gesf2
                0x20001344                __gtsf2
                0x2000134c                __lesf2
                0x2000134c                __ltsf2
                0x20001354                __nesf2
                0x20001354                __eqsf2
                0x20001354                __cmpsf2
                0x200013b8                __aeabi_cfrcmple
                0x200013c8                __aeabi_cfcmpeq
                0x200013c8                __aeabi_cfcmple
                0x200013e0                __aeabi_fcmpeq
                0x200013f8                __aeabi_fcmplt
                0x20001410                __aeabi_fcmple
                0x20001428                __aeabi_fcmpge
                0x20001440                __aeabi_fcmpgt
 .text          0x20001458       0x54 c:/isis/application/toolchain/bin/../lib/gcc/arm-none-eabi/4.7.4\libgcc.a(_arm_fixunssfsi.o)
                0x20001458                __fixunssfsi
                0x20001458                __aeabi_f2uiz
 .text          0x200014ac      0x144 c:/isis/application/toolchain/bin/../lib/gcc/arm-none-eabi/4.7.4\libgcc.a(_arm_cmpdf2.o)
                0x200014ac                __gtdf2
                0x200014ac                __gedf2
                0x200014b4                __ltdf2
                0x200014b4                __ledf2
                0x200014bc                __nedf2
                0x200014bc                __eqdf2
                0x200014bc                __cmpdf2
                0x20001544                __aeabi_cdrcmple
                0x20001560                __aeabi_cdcmpeq
                0x20001560                __aeabi_cdcmple
                0x20001578                __aeabi_dcmpeq
                0x20001590                __aeabi_dcmplt
                0x200015a8                __aeabi_dcmple
                0x200015c0                __aeabi_dcmpge
                0x200015d8                __aeabi_dcmpgt
 .text          0x200015f0       0x5c c:/isis/application/toolchain/bin/../lib/gcc/arm-none-eabi/4.7.4\libgcc.a(_arm_fixdfsi.o)
                0x200015f0                __aeabi_d2iz
                0x200015f0                __fixdfsi
 .text          0x2000164c       0x54 c:/isis/application/toolchain/bin/../lib/gcc/arm-none-eabi/4.7.4\libgcc.a(_arm_fixunsdfsi.o)
                0x2000164c                __aeabi_d2uiz
                0x2000164c                __fixunsdfsi
 .text          0x200016a0       0x3c c:/isis/application/toolchain/bin/../lib/gcc/arm-none-eabi/4.7.4\libgcc.a(_aeabi_uldivmod.o)
                0x200016a0                __aeabi_uldivmod
 .text          0x200016dc       0x84 c:/isis/application/toolchain/bin/../lib/gcc/arm-none-eabi/4.7.4\libgcc.a(bpabi.o)
                0x200016dc                __gnu_ldivmod_helper
                0x20001720                __gnu_uldivmod_helper
 .text          0x20001760      0x4f0 c:/isis/application/toolchain/bin/../lib/gcc/arm-none-eabi/4.7.4\libgcc.a(_divdi3.o)
                0x20001760                __divdi3
 .text          0x20001c50      0x488 c:/isis/application/toolchain/bin/../lib/gcc/arm-none-eabi/4.7.4\libgcc.a(_udivdi3.o)
                0x20001c50                __udivdi3
 .text          0x200020d8       0x48 c:/isis/application/toolchain/bin/../lib/gcc/arm-none-eabi/4.7.4\libgcc.a(_clzsi2.o)
                0x200020d8                __clzsi2
 *(.text*)
 .text.TestActUponCommand
                0x20002120      0x114 ./src/TestingDemos/CommandsTestingDemo.o
                0x20002120                TestActUponCommand
 .text.TestAssmbleCommand
                0x20002234      0x134 ./src/TestingDemos/CommandsTestingDemo.o
                0x20002234                TestAssmbleCommand
 .text.TestGetDelayedCommand
                0x20002368       0xa0 ./src/TestingDemos/CommandsTestingDemo.o
                0x20002368                TestGetDelayedCommand
 .text.TestAddDelayedCommand
                0x20002408       0xbc ./src/TestingDemos/CommandsTestingDemo.o
                0x20002408                TestAddDelayedCommand
 .text.TestGetDelayedCommandBufferCount
                0x200024c4       0x54 ./src/TestingDemos/CommandsTestingDemo.o
                0x200024c4                TestGetDelayedCommandBufferCount
 .text.TestGetOnlineCommand
                0x20002518       0xc8 ./src/TestingDemos/CommandsTestingDemo.o
                0x20002518                TestGetOnlineCommand
 .text.TestDeleteDelayedCommandByIndex
                0x200025e0      0x1c0 ./src/TestingDemos/CommandsTestingDemo.o
                0x200025e0                TestDeleteDelayedCommandByIndex
 .text.TestDeleteDelayedBuffer
                0x200027a0      0x140 ./src/TestingDemos/CommandsTestingDemo.o
                0x200027a0                TestDeleteDelayedBuffer
 .text.selectAndExecuteCommandsDemoTest
                0x200028e0      0x174 ./src/TestingDemos/CommandsTestingDemo.o
                0x200028e0                selectAndExecuteCommandsDemoTest
 .text.MainCommandsTestBench
                0x20002a54       0x44 ./src/TestingDemos/CommandsTestingDemo.o
                0x20002a54                MainCommandsTestBench
 .text.TestEpsConditioning
                0x20002a98      0x1e8 ./src/TestingDemos/EpsTestingDemo.o
                0x20002a98                TestEpsConditioning
 .text.TestGetBatteryVoltage
                0x20002c80       0x64 ./src/TestingDemos/EpsTestingDemo.o
                0x20002c80                TestGetBatteryVoltage
 .text.TestUpdateThreshVoltages
                0x20002ce4      0x170 ./src/TestingDemos/EpsTestingDemo.o
                0x20002ce4                TestUpdateThreshVoltages
 .text.TestGetThreshVoltages
                0x20002e54       0xb0 ./src/TestingDemos/EpsTestingDemo.o
                0x20002e54                TestGetThreshVoltages
 .text.TestUpdateAlpha
                0x20002f04       0xc0 ./src/TestingDemos/EpsTestingDemo.o
                0x20002f04                TestUpdateAlpha
 .text.TestGetAlpha
                0x20002fc4       0x78 ./src/TestingDemos/EpsTestingDemo.o
                0x20002fc4                TestGetAlpha
 .text.TestRestoreDefaultAlpha
                0x2000303c       0xf4 ./src/TestingDemos/EpsTestingDemo.o
                0x2000303c                TestRestoreDefaultAlpha
 .text.TestRestoreDefaultThresholdVoltages
                0x20003130      0x154 ./src/TestingDemos/EpsTestingDemo.o
                0x20003130                TestRestoreDefaultThresholdVoltages
 .text.GetHeaterValues
                0x20003284       0xb0 ./src/TestingDemos/EpsTestingDemo.o
                0x20003284                GetHeaterValues
 .text.SetHeaterValues
                0x20003334      0x104 ./src/TestingDemos/EpsTestingDemo.o
                0x20003334                SetHeaterValues
 .text.selectAndExecuteEpsDemoTest
                0x20003438      0x1b0 ./src/TestingDemos/EpsTestingDemo.o
                0x20003438                selectAndExecuteEpsDemoTest
 .text.MainEpsTestBench
                0x200035e8       0x40 ./src/TestingDemos/EpsTestingDemo.o
                0x200035e8                MainEpsTestBench
 .text.TestListFiles
                0x20003628      0x198 ./src/TestingDemos/FileSystemTestingDemo.o
                0x20003628                TestListFiles
 .text.TestListAllFiles
                0x200037c0      0x134 ./src/TestingDemos/FileSystemTestingDemo.o
                0x200037c0                TestListAllFiles
 .text.TestLOGTLM
                0x200038f4      0x110 ./src/TestingDemos/FileSystemTestingDemo.o
                0x200038f4                TestLOGTLM
 .text.TestEPSTLM
                0x20003a04       0xa8 ./src/TestingDemos/FileSystemTestingDemo.o
                0x20003a04                TestEPSTLM
 .text.TestReadTimeRangeTLMRes
                0x20003aac      0x210 ./src/TestingDemos/FileSystemTestingDemo.o
                0x20003aac                TestReadTimeRangeTLMRes
 .text.TestReadTimeRangeTLM
                0x20003cbc      0x178 ./src/TestingDemos/FileSystemTestingDemo.o
                0x20003cbc                TestReadTimeRangeTLM
 .text.GenerateWODTLM
                0x20003e34       0xd0 ./src/TestingDemos/FileSystemTestingDemo.o
                0x20003e34                GenerateWODTLM
 .text.DeleteOldFiles
                0x20003f04      0x148 ./src/TestingDemos/FileSystemTestingDemo.o
                0x20003f04                DeleteOldFiles
 .text.createSingleDayTLM
                0x2000404c       0xb0 ./src/TestingDemos/FileSystemTestingDemo.o
                0x2000404c                createSingleDayTLM
 .text.printLastError
                0x200040fc       0x38 ./src/TestingDemos/FileSystemTestingDemo.o
                0x200040fc                printLastError
 .text.copyTLMFile
                0x20004134      0x2ac ./src/TestingDemos/FileSystemTestingDemo.o
                0x20004134                copyTLMFile
 .text.TestWODTLM
                0x200043e0       0xa8 ./src/TestingDemos/FileSystemTestingDemo.o
                0x200043e0                TestWODTLM
 .text.TestDeleteFiels
                0x20004488      0x2b8 ./src/TestingDemos/FileSystemTestingDemo.o
                0x20004488                TestDeleteFiels
 .text.TestReadMultiFiels
                0x20004740      0x2ac ./src/TestingDemos/FileSystemTestingDemo.o
                0x20004740                TestReadMultiFiels
 .text.TestTRXVUTLM
                0x200049ec      0x11c ./src/TestingDemos/FileSystemTestingDemo.o
                0x200049ec                TestTRXVUTLM
 .text.FullSDTest
                0x20004b08      0x19c ./src/TestingDemos/FileSystemTestingDemo.o
                0x20004b08                FullSDTest
 .text.LogErrorRateTest
                0x20004ca4      0x148 ./src/TestingDemos/FileSystemTestingDemo.o
                0x20004ca4                LogErrorRateTest
 .text.deleteMonth
                0x20004dec       0x78 ./src/TestingDemos/FileSystemTestingDemo.o
                0x20004dec                deleteMonth
 .text.deleteYear
                0x20004e64       0xb0 ./src/TestingDemos/FileSystemTestingDemo.o
                0x20004e64                deleteYear
 .text.readFileTest
                0x20004f14       0x88 ./src/TestingDemos/FileSystemTestingDemo.o
                0x20004f14                readFileTest
 .text.writeFileOnScreen
                0x20004f9c       0xcc ./src/TestingDemos/FileSystemTestingDemo.o
                0x20004f9c                writeFileOnScreen
 .text.GetExtraData
                0x20005068       0x4c ./src/TestingDemos/FileSystemTestingDemo.o
                0x20005068                GetExtraData
 .text.showFreeSapce
                0x200050b4      0x110 ./src/TestingDemos/FileSystemTestingDemo.o
                0x200050b4                showFreeSapce
 .text.SwitchSDCardTest
                0x200051c4       0x98 ./src/TestingDemos/FileSystemTestingDemo.o
                0x200051c4                SwitchSDCardTest
 .text.FormatSDTest
                0x2000525c       0x9c ./src/TestingDemos/FileSystemTestingDemo.o
                0x2000525c                FormatSDTest
 .text.showFreeSpaceHeap
                0x200052f8       0xa4 ./src/TestingDemos/FileSystemTestingDemo.o
                0x200052f8                showFreeSpaceHeap
 .text.selectAndExecuteFSTest
                0x2000539c      0x344 ./src/TestingDemos/FileSystemTestingDemo.o
                0x2000539c                selectAndExecuteFSTest
 .text.MainFileSystemTestBench
                0x200056e0       0x44 ./src/TestingDemos/FileSystemTestingDemo.o
                0x200056e0                MainFileSystemTestBench
 .text.selectAndExecuteTest
                0x20005724      0x168 ./src/TestingDemos/MainTest.o
                0x20005724                selectAndExecuteTest
 .text.taskTesting
                0x2000588c       0x28 ./src/TestingDemos/MainTest.o
                0x2000588c                taskTesting
 .text.printSDINfo
                0x200058b4       0x84 ./src/TestingDemos/MaintenanceTestingDemo.o
                0x200058b4                printSDINfo
 .text.changeFirstActivation
                0x20005938       0x84 ./src/TestingDemos/MaintenanceTestingDemo.o
                0x20005938                changeFirstActivation
 .text.selectAndExecuteMaintenanceDemoTest
                0x200059bc      0x19c ./src/TestingDemos/MaintenanceTestingDemo.o
                0x200059bc                selectAndExecuteMaintenanceDemoTest
 .text.MainMaintenanceTestBench
                0x20005b58       0x40 ./src/TestingDemos/MaintenanceTestingDemo.o
                0x20005b58                MainMaintenanceTestBench
 .text.savePacketsInRam
                0x20005b98      0x104 ./src/TestingDemos/TelemetryTestingDemo.o
                0x20005b98                savePacketsInRam
 .text.checkPacket
                0x20005c9c       0xa4 ./src/TestingDemos/TelemetryTestingDemo.o
                0x20005c9c                checkPacket
 .text.singleTlmWodTest
                0x20005d40       0xa0 ./src/TestingDemos/TelemetryTestingDemo.o
                0x20005d40                singleTlmWodTest
 .text.singleTLMLogTest
                0x20005de0       0xb8 ./src/TestingDemos/TelemetryTestingDemo.o
                0x20005de0                singleTLMLogTest
 .text.singleTlmLogTestHelp
                0x20005e98       0x4c ./src/TestingDemos/TelemetryTestingDemo.o
                0x20005e98                singleTlmLogTestHelp
 .text.saveNGetMultipleTlmTest
                0x20005ee4      0x1e0 ./src/TestingDemos/TelemetryTestingDemo.o
                0x20005ee4                saveNGetMultipleTlmTest
 .text.saveMultipleNGetSomeTlmTest
                0x200060c4      0x25c ./src/TestingDemos/TelemetryTestingDemo.o
                0x200060c4                saveMultipleNGetSomeTlmTest
 .text.getWodMinMaxTest
                0x20006320      0x130 ./src/TestingDemos/TelemetryTestingDemo.o
                0x20006320                getWodMinMaxTest
 .text.tlmTest  0x20006450      0x1ec ./src/TestingDemos/TelemetryTestingDemo.o
                0x20006450                tlmTest
 .text.saveNGetLog
                0x2000663c      0x19c ./src/TestingDemos/TelemetryTestingDemo.o
                0x2000663c                saveNGetLog
 .text.PrintStaticSize
                0x200067d8       0x20 ./src/TestingDemos/TelemetryTestingDemo.o
                0x200067d8                PrintStaticSize
 .text.MainTelemetryTestBench
                0x200067f8      0x12c ./src/TestingDemos/TelemetryTestingDemo.o
                0x200067f8                MainTelemetryTestBench
 .text.TestInitTrxvu
                0x20006924       0x54 ./src/TestingDemos/TrxvuTestingDemo.o
                0x20006924                TestInitTrxvu
 .text.TestInitTrxvuWithDifferentFrameLengths
                0x20006978      0x134 ./src/TestingDemos/TrxvuTestingDemo.o
                0x20006978                TestInitTrxvuWithDifferentFrameLengths
 .text.TestTrxvuLogic
                0x20006aac       0xd4 ./src/TestingDemos/TrxvuTestingDemo.o
                0x20006aac                TestTrxvuLogic
 .text.TestCheckTransmitionAllowed
                0x20006b80       0xa4 ./src/TestingDemos/TrxvuTestingDemo.o
                0x20006b80                TestCheckTransmitionAllowed
 .text.TestLoopSPL
                0x20006c24       0xc4 ./src/TestingDemos/TrxvuTestingDemo.o
                0x20006c24                TestLoopSPL
 .text.TestSendDumpAbortRequest
                0x20006ce8       0x24 ./src/TestingDemos/TrxvuTestingDemo.o
                0x20006ce8                TestSendDumpAbortRequest
 .text.TestTransmitDummySplPacket
                0x20006d0c       0xc0 ./src/TestingDemos/TrxvuTestingDemo.o
                0x20006d0c                TestTransmitDummySplPacket
 .text.TestTransmitSplPacket
                0x20006dcc      0x1ec ./src/TestingDemos/TrxvuTestingDemo.o
                0x20006dcc                TestTransmitSplPacket
 .text.TestExitDump
                0x20006fb8       0x1c ./src/TestingDemos/TrxvuTestingDemo.o
                0x20006fb8                TestExitDump
 .text.TestDumpTelemetry
                0x20006fd4       0x9c ./src/TestingDemos/TrxvuTestingDemo.o
                0x20006fd4                TestDumpTelemetry
 .text.TestRestoreDefaultBeaconParameters
                0x20007070       0x1c ./src/TestingDemos/TrxvuTestingDemo.o
                0x20007070                TestRestoreDefaultBeaconParameters
 .text.TestChooseDefaultBeaconCycle
                0x2000708c       0xe0 ./src/TestingDemos/TrxvuTestingDemo.o
                0x2000708c                TestChooseDefaultBeaconCycle
 .text.TestBeaconLogic
                0x2000716c       0xdc ./src/TestingDemos/TrxvuTestingDemo.o
                0x2000716c                TestBeaconLogic
 .text.TestMuteTrxvu
                0x20007248       0x9c ./src/TestingDemos/TrxvuTestingDemo.o
                0x20007248                TestMuteTrxvu
 .text.TestUnMuteTrxvu
                0x200072e4       0x30 ./src/TestingDemos/TrxvuTestingDemo.o
                0x200072e4                TestUnMuteTrxvu
 .text.TestGetNumberOfFramesInBuffer
                0x20007314       0x54 ./src/TestingDemos/TrxvuTestingDemo.o
                0x20007314                TestGetNumberOfFramesInBuffer
 .text.TestSetTrxvuBitrate
                0x20007368       0xf0 ./src/TestingDemos/TrxvuTestingDemo.o
                0x20007368                TestSetTrxvuBitrate
 .text.testSecuredCMD
                0x20007458      0x190 ./src/TestingDemos/TrxvuTestingDemo.o
                0x20007458                testSecuredCMD
 .text.Hash256  0x200075e8       0x84 ./src/TestingDemos/TrxvuTestingDemo.o
                0x200075e8                Hash256
 .text.Dummy_CMD_Hash256
                0x2000766c      0x418 ./src/TestingDemos/TrxvuTestingDemo.o
                0x2000766c                Dummy_CMD_Hash256
 .text.CMD_Hash256
                0x20007a84      0x2ac ./src/TestingDemos/TrxvuTestingDemo.o
                0x20007a84                CMD_Hash256
 .text.TestForDummy_sat_packet
                0x20007d30       0xcc ./src/TestingDemos/TrxvuTestingDemo.o
                0x20007d30                TestForDummy_sat_packet
 .text.Secured_CMD_TEST
                0x20007dfc       0xc0 ./src/TestingDemos/TrxvuTestingDemo.o
                0x20007dfc                Secured_CMD_TEST
 .text.dumpRamTest
                0x20007ebc       0x78 ./src/TestingDemos/TrxvuTestingDemo.o
                0x20007ebc                dumpRamTest
 .text.TestGetTrxvuBitrate
                0x20007f34       0xb0 ./src/TestingDemos/TrxvuTestingDemo.o
                0x20007f34                TestGetTrxvuBitrate
 .text.TestTransmitDataAsSPL_Packet
                0x20007fe4      0x114 ./src/TestingDemos/TrxvuTestingDemo.o
                0x20007fe4                TestTransmitDataAsSPL_Packet
 .text.selectAndExecuteTrxvuDemoTest
                0x200080f8      0x31c ./src/TestingDemos/TrxvuTestingDemo.o
                0x200080f8                selectAndExecuteTrxvuDemoTest
 .text.MainTrxvuTestBench
                0x20008414       0x44 ./src/TestingDemos/TrxvuTestingDemo.o
                0x20008414                MainTrxvuTestBench
 .text.GetBatteryVoltage
                0x20008458       0x38 ./src/SubSystemModules/PowerManagment/EPS.o
                0x20008458                GetBatteryVoltage
 .text.EPS_Init
                0x20008490       0xb8 ./src/SubSystemModules/PowerManagment/EPS.o
                0x20008490                EPS_Init
 .text.EPS_Conditioning
                0x20008548      0x1c4 ./src/SubSystemModules/PowerManagment/EPS.o
                0x20008548                EPS_Conditioning
 .text.UpdateAlpha
                0x2000870c       0xd8 ./src/SubSystemModules/PowerManagment/EPS.o
                0x2000870c                UpdateAlpha
 .text.UpdateThresholdVoltages
                0x200087e4      0x218 ./src/SubSystemModules/PowerManagment/EPS.o
                0x200087e4                UpdateThresholdVoltages
 .text.GetThresholdVoltages
                0x200089fc       0x80 ./src/SubSystemModules/PowerManagment/EPS.o
                0x200089fc                GetThresholdVoltages
 .text.GetAlpha
                0x20008a7c       0x7c ./src/SubSystemModules/PowerManagment/EPS.o
                0x20008a7c                GetAlpha
 .text.RestoreDefaultThresholdVoltages
                0x20008af8       0x74 ./src/SubSystemModules/PowerManagment/EPS.o
                0x20008af8                RestoreDefaultThresholdVoltages
 .text.CMDGetHeaterValues
                0x20008b6c       0x24 ./src/SubSystemModules/PowerManagment/EPS.o
                0x20008b6c                CMDGetHeaterValues
 .text.CMDSetHeaterValues
                0x20008b90       0x58 ./src/SubSystemModules/PowerManagment/EPS.o
                0x20008b90                CMDSetHeaterValues
 .text.EnterFullMode
                0x20008be8       0x5c ./src/SubSystemModules/PowerManagment/EPSOperationModes.o
                0x20008be8                EnterFullMode
 .text.EnterCruiseMode
                0x20008c44       0x58 ./src/SubSystemModules/PowerManagment/EPSOperationModes.o
                0x20008c44                EnterCruiseMode
 .text.EnterSafeMode
                0x20008c9c       0x5c ./src/SubSystemModules/PowerManagment/EPSOperationModes.o
                0x20008c9c                EnterSafeMode
 .text.EnterCriticalMode
                0x20008cf8       0x5c ./src/SubSystemModules/PowerManagment/EPSOperationModes.o
                0x20008cf8                EnterCriticalMode
 .text.PayloadOperations
                0x20008d54       0xc8 ./src/SubSystemModules/PowerManagment/EPSOperationModes.o
                0x20008d54                PayloadOperations
 .text.GetSystemState
                0x20008e1c       0x24 ./src/SubSystemModules/PowerManagment/EPSOperationModes.o
                0x20008e1c                GetSystemState
 .text.GetSystemChannelState
                0x20008e40       0x24 ./src/SubSystemModules/PowerManagment/EPSOperationModes.o
                0x20008e40                GetSystemChannelState
 .text.EpsGetLowVoltageFlag
                0x20008e64       0x24 ./src/SubSystemModules/PowerManagment/EPSOperationModes.o
                0x20008e64                EpsGetLowVoltageFlag
 .text.EpsSetLowVoltageFlag
                0x20008e88       0x2c ./src/SubSystemModules/PowerManagment/EPSOperationModes.o
                0x20008e88                EpsSetLowVoltageFlag
 .text.CheckExecutionTime
                0x20008eb4       0x80 ./src/SubSystemModules/Maintenance/Maintenance.o
                0x20008eb4                CheckExecutionTime
 .text.SaveSatTimeInFRAM
                0x20008f34       0x44 ./src/SubSystemModules/Maintenance/Maintenance.o
                0x20008f34                SaveSatTimeInFRAM
 .text.WakeupFromResetCMD
                0x20008f78      0x120 ./src/SubSystemModules/Maintenance/Maintenance.o
                0x20008f78                WakeupFromResetCMD
 .text.ResetGroundCommWDT
                0x20009098       0x1c ./src/SubSystemModules/Maintenance/Maintenance.o
                0x20009098                ResetGroundCommWDT
 .text.findMinMaxDate
                0x200090b4       0xdc ./src/SubSystemModules/Maintenance/Maintenance.o
                0x200090b4                findMinMaxDate
 .text.DeleteOldFiels
                0x20009190       0xf0 ./src/SubSystemModules/Maintenance/Maintenance.o
                0x20009190                DeleteOldFiels
 .text.HardResetMCU
                0x20009280       0x24 ./src/SubSystemModules/Maintenance/Maintenance.o
                0x20009280                HardResetMCU
 .text.get_radfet_data
                0x200092a4       0x4c ./src/SubSystemModules/Housekepping/Payload.o
                0x200092a4                get_radfet_data
 .text.get_sel_data
                0x200092f0       0xc8 ./src/SubSystemModules/Housekepping/Payload.o
                0x200092f0                get_sel_data
 .text.get_seu_data
                0x200093b8       0x38 ./src/SubSystemModules/Housekepping/Payload.o
                0x200093b8                get_seu_data
 .text.ResetRamTlm
                0x200093f0      0x104 ./src/SubSystemModules/Housekepping/RAMTelemetry.o
                0x200093f0                ResetRamTlm
 .text.inc      0x200094f4       0x4c ./src/SubSystemModules/Housekepping/RAMTelemetry.o
                0x200094f4                inc
 .text.dec      0x20009540       0x48 ./src/SubSystemModules/Housekepping/RAMTelemetry.o
                0x20009540                dec
 .text.saveTlmToRam
                0x20009588      0x304 ./src/SubSystemModules/Housekepping/RAMTelemetry.o
                0x20009588                saveTlmToRam
 .text.getTlm   0x2000988c      0x210 ./src/SubSystemModules/Housekepping/RAMTelemetry.o
                0x2000988c                getTlm
 .text.getRange
                0x20009a9c      0x204 ./src/SubSystemModules/Housekepping/RAMTelemetry.o
                0x20009a9c                getRange
 .text.InitSavePeriodTimes
                0x20009ca0       0xb8 ./src/SubSystemModules/Housekepping/TelemetryCollector.o
                0x20009ca0                InitSavePeriodTimes
 .text.CMD_GetTLMPeriodTimes
                0x20009d58       0x38 ./src/SubSystemModules/Housekepping/TelemetryCollector.o
                0x20009d58                CMD_GetTLMPeriodTimes
 .text.CMD_SetTLMPeriodTimes
                0x20009d90      0x204 ./src/SubSystemModules/Housekepping/TelemetryCollector.o
                0x20009d90                CMD_SetTLMPeriodTimes
 .text.TelemetryCollectorLogic
                0x20009f94      0x328 ./src/SubSystemModules/Housekepping/TelemetryCollector.o
                0x20009f94                TelemetryCollectorLogic
 .text.TelemetrySaveEPS
                0x2000a2bc       0x18 ./src/SubSystemModules/Housekepping/TelemetryCollector.o
                0x2000a2bc                TelemetrySaveEPS
 .text.TelemetrySaveTRXVU
                0x2000a2d4       0x94 ./src/SubSystemModules/Housekepping/TelemetryCollector.o
                0x2000a2d4                TelemetrySaveTRXVU
 .text.TelemetrySaveANT
                0x2000a368       0xa4 ./src/SubSystemModules/Housekepping/TelemetryCollector.o
                0x2000a368                TelemetrySaveANT
 .text.TelemetrySaveSolarPanels
                0x2000a40c      0x228 ./src/SubSystemModules/Housekepping/TelemetryCollector.o
                0x2000a40c                TelemetrySaveSolarPanels
 .text.TelemetrySaveWOD
                0x2000a634       0x5c ./src/SubSystemModules/Housekepping/TelemetryCollector.o
                0x2000a634                TelemetrySaveWOD
 .text.TelemetrySaveRADFET
                0x2000a690       0x30 ./src/SubSystemModules/Housekepping/TelemetryCollector.o
                0x2000a690                TelemetrySaveRADFET
 .text.TelemetrySaveSEL
                0x2000a6c0       0x60 ./src/SubSystemModules/Housekepping/TelemetryCollector.o
                0x2000a6c0                TelemetrySaveSEL
 .text.TelemetrySaveSEU
                0x2000a720       0x30 ./src/SubSystemModules/Housekepping/TelemetryCollector.o
                0x2000a720                TelemetrySaveSEU
 .text.GetCurrentWODTelemetry
                0x2000a750      0x74c ./src/SubSystemModules/Housekepping/TelemetryCollector.o
                0x2000a750                GetCurrentWODTelemetry
 .text.CMD_EPS_ResetWDT
                0x2000ae9c       0x48 ./src/SubSystemModules/Communication/SubsystemCommands/EPS_Commands.o
                0x2000ae9c                CMD_EPS_ResetWDT
 .text.CMD_DeleteTLM
                0x2000aee4      0x1d8 ./src/SubSystemModules/Communication/SubsystemCommands/FS_Commands.o
                0x2000aee4                CMD_DeleteTLM
 .text.CMD_DeleteAllFiles
                0x2000b0bc       0x38 ./src/SubSystemModules/Communication/SubsystemCommands/FS_Commands.o
                0x2000b0bc                CMD_DeleteAllFiles
 .text.CMD_GetLastFS_Error
                0x2000b0f4       0x4c ./src/SubSystemModules/Communication/SubsystemCommands/FS_Commands.o
                0x2000b0f4                CMD_GetLastFS_Error
 .text.CMD_Get_TLM_Info
                0x2000b140      0x1b0 ./src/SubSystemModules/Communication/SubsystemCommands/FS_Commands.o
                0x2000b140                CMD_Get_TLM_Info
 .text.CMD_Switch_SD_Card
                0x2000b2f0       0xb8 ./src/SubSystemModules/Communication/SubsystemCommands/FS_Commands.o
                0x2000b2f0                CMD_Switch_SD_Card
 .text.CMD_Format_SD_Card
                0x2000b3a8       0x80 ./src/SubSystemModules/Communication/SubsystemCommands/FS_Commands.o
                0x2000b3a8                CMD_Format_SD_Card
 .text.CMD_GenericI2C
                0x2000b428      0x144 ./src/SubSystemModules/Communication/SubsystemCommands/Maintanence_Commands.o
                0x2000b428                CMD_GenericI2C
 .text.CMD_FRAM_ReadAndTransmitt
                0x2000b56c       0xe8 ./src/SubSystemModules/Communication/SubsystemCommands/Maintanence_Commands.o
                0x2000b56c                CMD_FRAM_ReadAndTransmitt
 .text.CMD_FRAM_WriteAndTransmitt
                0x2000b654      0x11c ./src/SubSystemModules/Communication/SubsystemCommands/Maintanence_Commands.o
                0x2000b654                CMD_FRAM_WriteAndTransmitt
 .text.CMD_FRAM_ReStart
                0x2000b770       0x4c ./src/SubSystemModules/Communication/SubsystemCommands/Maintanence_Commands.o
                0x2000b770                CMD_FRAM_ReStart
 .text.CMD_UpdateSatTime
                0x2000b7bc       0xa4 ./src/SubSystemModules/Communication/SubsystemCommands/Maintanence_Commands.o
                0x2000b7bc                CMD_UpdateSatTime
 .text.CMD_GetSatUptime
                0x2000b860       0x48 ./src/SubSystemModules/Communication/SubsystemCommands/Maintanence_Commands.o
                0x2000b860                CMD_GetSatUptime
 .text.CMD_ResetComponent
                0x2000b8a8      0x28c ./src/SubSystemModules/Communication/SubsystemCommands/Maintanence_Commands.o
                0x2000b8a8                CMD_ResetComponent
 .text.DumpTask
                0x2000bb34      0x310 ./src/SubSystemModules/Communication/SubsystemCommands/TRXVU_Commands.o
                0x2000bb34                DumpTask
 .text.DumpRamTask
                0x2000be44      0x394 ./src/SubSystemModules/Communication/SubsystemCommands/TRXVU_Commands.o
                0x2000be44                DumpRamTask
 .text.CMD_AntennaDeploy
                0x2000c1d8       0xec ./src/SubSystemModules/Communication/SubsystemCommands/TRXVU_Commands.o
                0x2000c1d8                CMD_AntennaDeploy
 .text.CMD_StartDump
                0x2000c2c4      0x224 ./src/SubSystemModules/Communication/SubsystemCommands/TRXVU_Commands.o
                0x2000c2c4                CMD_StartDump
 .text.CMD_SendDumpAbortRequest
                0x2000c4e8       0x38 ./src/SubSystemModules/Communication/SubsystemCommands/TRXVU_Commands.o
                0x2000c4e8                CMD_SendDumpAbortRequest
 .text.CMD_ForceDumpAbort
                0x2000c520       0x3c ./src/SubSystemModules/Communication/SubsystemCommands/TRXVU_Commands.o
                0x2000c520                CMD_ForceDumpAbort
 .text.CMD_SetTransponder
                0x2000c55c      0x110 ./src/SubSystemModules/Communication/SubsystemCommands/TRXVU_Commands.o
                0x2000c55c                CMD_SetTransponder
 .text.CMD_SetRSSITransponder
                0x2000c66c       0x90 ./src/SubSystemModules/Communication/SubsystemCommands/TRXVU_Commands.o
                0x2000c66c                CMD_SetRSSITransponder
 .text.CMD_MuteTRXVU
                0x2000c6fc       0xc4 ./src/SubSystemModules/Communication/SubsystemCommands/TRXVU_Commands.o
                0x2000c6fc                CMD_MuteTRXVU
 .text.CMD_SetIdleState
                0x2000c7c0       0x94 ./src/SubSystemModules/Communication/SubsystemCommands/TRXVU_Commands.o
                0x2000c7c0                CMD_SetIdleState
 .text.CMD_UnMuteTRXVU
                0x2000c854       0x38 ./src/SubSystemModules/Communication/SubsystemCommands/TRXVU_Commands.o
                0x2000c854                CMD_UnMuteTRXVU
 .text.CMD_GetBaudRate
                0x2000c88c       0x68 ./src/SubSystemModules/Communication/SubsystemCommands/TRXVU_Commands.o
                0x2000c88c                CMD_GetBaudRate
 .text.CMD_TrasmitBeacon
                0x2000c8f4       0x48 ./src/SubSystemModules/Communication/SubsystemCommands/TRXVU_Commands.o
                0x2000c8f4                CMD_TrasmitBeacon
 .text.CMD_GetBeaconInterval
                0x2000c93c       0x6c ./src/SubSystemModules/Communication/SubsystemCommands/TRXVU_Commands.o
                0x2000c93c                CMD_GetBeaconInterval
 .text.CMD_SetBaudRate
                0x2000c9a8       0x60 ./src/SubSystemModules/Communication/SubsystemCommands/TRXVU_Commands.o
                0x2000c9a8                CMD_SetBaudRate
 .text.CMD_GetTxUptime
                0x2000ca08       0x64 ./src/SubSystemModules/Communication/SubsystemCommands/TRXVU_Commands.o
                0x2000ca08                CMD_GetTxUptime
 .text.CMD_GetRxUptime
                0x2000ca6c       0x64 ./src/SubSystemModules/Communication/SubsystemCommands/TRXVU_Commands.o
                0x2000ca6c                CMD_GetRxUptime
 .text.CMD_GetNumOfOnlineCommands
                0x2000cad0       0x64 ./src/SubSystemModules/Communication/SubsystemCommands/TRXVU_Commands.o
                0x2000cad0                CMD_GetNumOfOnlineCommands
 .text.CMD_AntSetArmStatus
                0x2000cb34       0xa0 ./src/SubSystemModules/Communication/SubsystemCommands/TRXVU_Commands.o
                0x2000cb34                CMD_AntSetArmStatus
 .text.CMD_AntGetArmStatus
                0x2000cbd4       0x70 ./src/SubSystemModules/Communication/SubsystemCommands/TRXVU_Commands.o
                0x2000cbd4                CMD_AntGetArmStatus
 .text.CMD_AntGetUptime
                0x2000cc44       0x78 ./src/SubSystemModules/Communication/SubsystemCommands/TRXVU_Commands.o
                0x2000cc44                CMD_AntGetUptime
 .text.CMD_StopReDeployment
                0x2000ccbc       0xac ./src/SubSystemModules/Communication/SubsystemCommands/TRXVU_Commands.o
                0x2000ccbc                CMD_StopReDeployment
 .text.CMD_AntCancelDeployment
                0x2000cd68       0x68 ./src/SubSystemModules/Communication/SubsystemCommands/TRXVU_Commands.o
                0x2000cd68                CMD_AntCancelDeployment
 .text.CMD_DumpRamTLM
                0x2000cdd0      0x180 ./src/SubSystemModules/Communication/SubsystemCommands/TRXVU_Commands.o
                0x2000cdd0                CMD_DumpRamTLM
 .text.SendAckPacket
                0x2000cf50       0xe4 ./src/SubSystemModules/Communication/AckHandler.o
                0x2000cf50                SendAckPacket
 .text.trxvu_command_router
                0x2000d034      0x578 ./src/SubSystemModules/Communication/CommandDictionary.o
                0x2000d034                trxvu_command_router
 .text.eps_command_router
                0x2000d5ac       0xdc ./src/SubSystemModules/Communication/CommandDictionary.o
                0x2000d5ac                eps_command_router
 .text.telemetry_command_router
                0x2000d688      0x23c ./src/SubSystemModules/Communication/CommandDictionary.o
                0x2000d688                telemetry_command_router
 .text.managment_command_router
                0x2000d8c4      0x12c ./src/SubSystemModules/Communication/CommandDictionary.o
                0x2000d8c4                managment_command_router
 .text.filesystem_command_router
                0x2000d9f0       0x24 ./src/SubSystemModules/Communication/CommandDictionary.o
                0x2000d9f0                filesystem_command_router
 .text.sha256_transform
                0x2000da14      0x4b8 ./src/SubSystemModules/Communication/HashSecuredCMD.o
                0x2000da14                sha256_transform
 .text.sha256_init
                0x2000decc       0xb8 ./src/SubSystemModules/Communication/HashSecuredCMD.o
                0x2000decc                sha256_init
 .text.sha256_update
                0x2000df84       0xc8 ./src/SubSystemModules/Communication/HashSecuredCMD.o
                0x2000df84                sha256_update
 .text.sha256_final
                0x2000e04c      0x470 ./src/SubSystemModules/Communication/HashSecuredCMD.o
                0x2000e04c                sha256_final
 .text.ParseDataToCommand
                0x2000e4bc      0x1ac ./src/SubSystemModules/Communication/SatCommandHandler.o
                0x2000e4bc                ParseDataToCommand
 .text.AssembleCommand
                0x2000e668      0x148 ./src/SubSystemModules/Communication/SatCommandHandler.o
                0x2000e668                AssembleCommand
 .text.GetDelayedCommand
                0x2000e7b0       0x24 ./src/SubSystemModules/Communication/SatCommandHandler.o
                0x2000e7b0                GetDelayedCommand
 .text.AddDelayedCommand
                0x2000e7d4       0x24 ./src/SubSystemModules/Communication/SatCommandHandler.o
                0x2000e7d4                AddDelayedCommand
 .text.GetDelayedCommandBufferCount
                0x2000e7f8       0x50 ./src/SubSystemModules/Communication/SatCommandHandler.o
                0x2000e7f8                GetDelayedCommandBufferCount
 .text.GetDelayedCommandByIndex
                0x2000e848       0x28 ./src/SubSystemModules/Communication/SatCommandHandler.o
                0x2000e848                GetDelayedCommandByIndex
 .text.DeleteDelayedCommandByIndex
                0x2000e870       0x24 ./src/SubSystemModules/Communication/SatCommandHandler.o
                0x2000e870                DeleteDelayedCommandByIndex
 .text.DeleteDelayedBuffer
                0x2000e894       0x1c ./src/SubSystemModules/Communication/SatCommandHandler.o
                0x2000e894                DeleteDelayedBuffer
 .text.ActUponCommand
                0x2000e8b0      0x108 ./src/SubSystemModules/Communication/SatCommandHandler.o
                0x2000e8b0                ActUponCommand
 .text.setMuteEndTime
                0x2000e9b8       0x40 ./src/SubSystemModules/Communication/TRXVU.o
                0x2000e9b8                setMuteEndTime
 .text.getMuteEndTime
                0x2000e9f8       0x44 ./src/SubSystemModules/Communication/TRXVU.o
                0x2000e9f8                getMuteEndTime
 .text.setTransponderEndTime
                0x2000ea3c       0x40 ./src/SubSystemModules/Communication/TRXVU.o
                0x2000ea3c                setTransponderEndTime
 .text.getTransponderEndTime
                0x2000ea7c       0x44 ./src/SubSystemModules/Communication/TRXVU.o
                0x2000ea7c                getTransponderEndTime
 .text.setTransponderRSSIinFRAM
                0x2000eac0       0x44 ./src/SubSystemModules/Communication/TRXVU.o
                0x2000eac0                setTransponderRSSIinFRAM
 .text.getTransponderRSSIFromFRAM
                0x2000eb04       0x4c ./src/SubSystemModules/Communication/TRXVU.o
                0x2000eb04                getTransponderRSSIFromFRAM
 .text.InitTxModule
                0x2000eb50       0x68 ./src/SubSystemModules/Communication/TRXVU.o
                0x2000eb50                InitTxModule
 .text.CMD_SetBeaconInterval
                0x2000ebb8       0xdc ./src/SubSystemModules/Communication/TRXVU.o
                0x2000ebb8                CMD_SetBeaconInterval
 .text.InitBeaconParams
                0x2000ec94       0x3c ./src/SubSystemModules/Communication/TRXVU.o
                0x2000ec94                InitBeaconParams
 .text.InitSemaphores
                0x2000ecd0       0x98 ./src/SubSystemModules/Communication/TRXVU.o
                0x2000ecd0                InitSemaphores
 .text.InitTrxvu
                0x2000ed68       0xec ./src/SubSystemModules/Communication/TRXVU.o
                0x2000ed68                InitTrxvu
 .text.checkIdleFinish
                0x2000ee54       0x68 ./src/SubSystemModules/Communication/TRXVU.o
                0x2000ee54                checkIdleFinish
 .text.checkTransponderFinish
                0x2000eebc       0x50 ./src/SubSystemModules/Communication/TRXVU.o
                0x2000eebc                checkTransponderFinish
 .text.checkTransponderStart
                0x2000ef0c       0x50 ./src/SubSystemModules/Communication/TRXVU.o
                0x2000ef0c                checkTransponderStart
 .text.turnOnTransponder
                0x2000ef5c       0xa0 ./src/SubSystemModules/Communication/TRXVU.o
                0x2000ef5c                turnOnTransponder
 .text.turnOffTransponder
                0x2000effc       0x90 ./src/SubSystemModules/Communication/TRXVU.o
                0x2000effc                turnOffTransponder
 .text.SetRSSITransponder
                0x2000f08c       0x80 ./src/SubSystemModules/Communication/TRXVU.o
                0x2000f08c                SetRSSITransponder
 .text.TRX_Logic
                0x2000f10c       0xd4 ./src/SubSystemModules/Communication/TRXVU.o
                0x2000f10c                TRX_Logic
 .text.GetNumberOfFramesInBuffer
                0x2000f1e0       0x5c ./src/SubSystemModules/Communication/TRXVU.o
                0x2000f1e0                GetNumberOfFramesInBuffer
 .text.GetOnlineCommand
                0x2000f23c      0x17c ./src/SubSystemModules/Communication/TRXVU.o
                0x2000f23c                GetOnlineCommand
 .text.CheckTransmitionAllowed
                0x2000f3b8       0xc0 ./src/SubSystemModules/Communication/TRXVU.o
                0x2000f3b8                CheckTransmitionAllowed
 .text.FinishDump
                0x2000f478       0xf0 ./src/SubSystemModules/Communication/TRXVU.o
                0x2000f478                FinishDump
 .text.AbortDump
                0x2000f568       0x34 ./src/SubSystemModules/Communication/TRXVU.o
                0x2000f568                AbortDump
 .text.SendDumpAbortRequest
                0x2000f59c       0x6c ./src/SubSystemModules/Communication/TRXVU.o
                0x2000f59c                SendDumpAbortRequest
 .text.CheckDumpAbort
                0x2000f608       0x6c ./src/SubSystemModules/Communication/TRXVU.o
                0x2000f608                CheckDumpAbort
 .text.BeaconLogic
                0x2000f674      0x1b8 ./src/SubSystemModules/Communication/TRXVU.o
                0x2000f674                BeaconLogic
 .text.SetIdleState
                0x2000f82c      0x144 ./src/SubSystemModules/Communication/TRXVU.o
                0x2000f82c                SetIdleState
 .text.muteTRXVU
                0x2000f970       0x74 ./src/SubSystemModules/Communication/TRXVU.o
                0x2000f970                muteTRXVU
 .text.UnMuteTRXVU
                0x2000f9e4       0x14 ./src/SubSystemModules/Communication/TRXVU.o
                0x2000f9e4                UnMuteTRXVU
 .text.TransmitDataAsSPL_Packet
                0x2000f9f8      0x114 ./src/SubSystemModules/Communication/TRXVU.o
                0x2000f9f8                TransmitDataAsSPL_Packet
 .text.TransmitSplPacket
                0x2000fb0c      0x1cc ./src/SubSystemModules/Communication/TRXVU.o
                0x2000fb0c                TransmitSplPacket
 .text.isFirstActivation
                0x2000fcd8       0x38 ./src/InitSystem.o
                0x2000fcd8                isFirstActivation
 .text.WriteDefaultValuesToFRAM
                0x2000fd10      0x2ac ./src/InitSystem.o
                0x2000fd10                WriteDefaultValuesToFRAM
 .text.StartFRAM
                0x2000ffbc       0x64 ./src/InitSystem.o
                0x2000ffbc                StartFRAM
 .text.StartI2C
                0x20010020       0x38 ./src/InitSystem.o
                0x20010020                StartI2C
 .text.StartSPI
                0x20010058       0x34 ./src/InitSystem.o
                0x20010058                StartSPI
 .text.StartTIME
                0x2001008c       0xbc ./src/InitSystem.o
                0x2001008c                StartTIME
 .text.DeploySystem
                0x20010148      0x1a4 ./src/InitSystem.o
                0x20010148                DeploySystem
 .text.InitSubsystems
                0x200102ec       0x64 ./src/InitSystem.o
                0x200102ec                InitSubsystems
 .text.CMD_getInfoImage
                0x20010350      0x158 ./src/TLM_management.o
                0x20010350                CMD_getInfoImage
 .text.CMD_getDataImage
                0x200104a8      0x218 ./src/TLM_management.o
                0x200104a8                CMD_getDataImage
 .text.delete_allTMFilesFromSD
                0x200106c0       0x8c ./src/TLM_management.o
                0x200106c0                delete_allTMFilesFromSD
 .text.deleteTLMFiles
                0x2001074c       0x94 ./src/TLM_management.o
                0x2001074c                deleteTLMFiles
 .text.deleteTLMFile
                0x200107e0       0xcc ./src/TLM_management.o
                0x200107e0                deleteTLMFile
 .text.deleteTLMbyMonth
                0x200108ac       0xac ./src/TLM_management.o
                0x200108ac                deleteTLMbyMonth
 .text.deleteDirectory
                0x20010958      0x158 ./src/TLM_management.o
                0x20010958                deleteDirectory
 .text.InitializeFS
                0x20010ab0       0xec ./src/TLM_management.o
                0x20010ab0                InitializeFS
 .text.calculateFileName
                0x20010b9c      0x130 ./src/TLM_management.o
                0x20010b9c                calculateFileName
 .text.getTlmTypeInfo
                0x20010ccc      0x2c0 ./src/TLM_management.o
                0x20010ccc                getTlmTypeInfo
 .text.write2File
                0x20010f8c      0x1dc ./src/TLM_management.o
                0x20010f8c                write2File
 .text.printTLM
                0x20011168      0x490 ./src/TLM_management.o
                0x20011168                printTLM
 .text.readTLMFile
                0x200115f8      0x328 ./src/TLM_management.o
                0x200115f8                readTLMFile
 .text.readTLMFiles
                0x20011920       0xdc ./src/TLM_management.o
                0x20011920                readTLMFiles
 .text.readTLMFileTimeRange
                0x200119fc      0x2f0 ./src/TLM_management.o
                0x200119fc                readTLMFileTimeRange
 .text.DeInitializeFS
                0x20011cec       0x38 ./src/TLM_management.o
                0x20011cec                DeInitializeFS
 .text.main     0x20011d24       0x98 ./src/main.o
                0x20011d24                main
 .text.timeU2time
                0x20011dbc       0xbc ./src/utils.o
                0x20011dbc                timeU2time
 .text.logError
                0x20011e78      0x148 ./src/utils.o
                0x20011e78                logError
 .text.clearPDCtransfers
                0x20011fc0       0xe8 C:/ISIS/workspace/ycube/GlobusSatProject/..//hal/hal/lib\libHALD.a(SPI.o)
 .text.SPI_start
                0x200120a8      0x4b0 C:/ISIS/workspace/ycube/GlobusSatProject/..//hal/hal/lib\libHALD.a(SPI.o)
                0x200120a8                SPI_start
 .text.SPI_stop
                0x20012558      0x244 C:/ISIS/workspace/ycube/GlobusSatProject/..//hal/hal/lib\libHALD.a(SPI.o)
                0x20012558                SPI_stop
 .text.SPI_queueTransfer
                0x2001279c      0x1cc C:/ISIS/workspace/ycube/GlobusSatProject/..//hal/hal/lib\libHALD.a(SPI.o)
                0x2001279c                SPI_queueTransfer
 .text.SPI_internalCallback
                0x20012968       0x64 C:/ISIS/workspace/ycube/GlobusSatProject/..//hal/hal/lib\libHALD.a(SPI.o)
 .text.SPI_writeRead
                0x200129cc      0x1c0 C:/ISIS/workspace/ycube/GlobusSatProject/..//hal/hal/lib\libHALD.a(SPI.o)
                0x200129cc                SPI_writeRead
 .text.waitForTransfer
                0x20012b8c       0x78 C:/ISIS/workspace/ycube/GlobusSatProject/..//hal/hal/lib\libHALD.a(SPI.o)
 .text.SPI_getDriverState
                0x20012c04       0x58 C:/ISIS/workspace/ycube/GlobusSatProject/..//hal/hal/lib\libHALD.a(SPI.o)
                0x20012c04                SPI_getDriverState
 .text.validateTransferParameters
                0x20012c5c      0x10c C:/ISIS/workspace/ycube/GlobusSatProject/..//hal/hal/lib\libHALD.a(I2C.o)
 .text.I2C_queueTransfer
                0x20012d68       0xfc C:/ISIS/workspace/ycube/GlobusSatProject/..//hal/hal/lib\libHALD.a(I2C.o)
                0x20012d68                I2C_queueTransfer
 .text.I2C_internalCallback
                0x20012e64       0x64 C:/ISIS/workspace/ycube/GlobusSatProject/..//hal/hal/lib\libHALD.a(I2C.o)
 .text.I2C_doBlockingTransfer
                0x20012ec8      0x180 C:/ISIS/workspace/ycube/GlobusSatProject/..//hal/hal/lib\libHALD.a(I2C.o)
 .text.I2C_write
                0x20013048      0x110 C:/ISIS/workspace/ycube/GlobusSatProject/..//hal/hal/lib\libHALD.a(I2C.o)
                0x20013048                I2C_write
 .text.I2C_read
                0x20013158      0x110 C:/ISIS/workspace/ycube/GlobusSatProject/..//hal/hal/lib\libHALD.a(I2C.o)
                0x20013158                I2C_read
 .text.I2C_writeRead
                0x20013268      0x17c C:/ISIS/workspace/ycube/GlobusSatProject/..//hal/hal/lib\libHALD.a(I2C.o)
                0x20013268                I2C_writeRead
 .text.I2C_start
                0x200133e4      0x2e8 C:/ISIS/workspace/ycube/GlobusSatProject/..//hal/hal/lib\libHALD.a(I2C.o)
                0x200133e4                I2C_start
 .text.I2C_stop
                0x200136cc      0x184 C:/ISIS/workspace/ycube/GlobusSatProject/..//hal/hal/lib\libHALD.a(I2C.o)
                0x200136cc                I2C_stop
 .text.I2C_setTransferTimeout
                0x20013850       0x48 C:/ISIS/workspace/ycube/GlobusSatProject/..//hal/hal/lib\libHALD.a(I2C.o)
                0x20013850                I2C_setTransferTimeout
 .text.ADC_ConvertRaw10bitToMillivolt
                0x20013898       0x50 C:/ISIS/workspace/ycube/GlobusSatProject/..//hal/hal/lib\libHALD.a(ADC.o)
                0x20013898                ADC_ConvertRaw10bitToMillivolt
 .text.ADC_SingleShot
                0x200138e8      0x230 C:/ISIS/workspace/ycube/GlobusSatProject/..//hal/hal/lib\libHALD.a(ADC.o)
                0x200138e8                ADC_SingleShot
 .text.FRAM_start
                0x20013b18      0x120 C:/ISIS/workspace/ycube/GlobusSatProject/..//hal/hal/lib\libHALD.a(FRAM.o)
                0x20013b18                FRAM_start
 .text.FRAM_stop
                0x20013c38       0x6c C:/ISIS/workspace/ycube/GlobusSatProject/..//hal/hal/lib\libHALD.a(FRAM.o)
                0x20013c38                FRAM_stop
 .text.FRAM_dummyCallback
                0x20013ca4       0x24 C:/ISIS/workspace/ycube/GlobusSatProject/..//hal/hal/lib\libHALD.a(FRAM.o)
                0x20013ca4                FRAM_dummyCallback
 .text.FRAM_unlockingCallback
                0x20013cc8       0x64 C:/ISIS/workspace/ycube/GlobusSatProject/..//hal/hal/lib\libHALD.a(FRAM.o)
                0x20013cc8                FRAM_unlockingCallback
 .text.doBlockingTransfer
                0x20013d2c       0x78 C:/ISIS/workspace/ycube/GlobusSatProject/..//hal/hal/lib\libHALD.a(FRAM.o)
 .text.FRAM_writePacket
                0x20013da4      0x134 C:/ISIS/workspace/ycube/GlobusSatProject/..//hal/hal/lib\libHALD.a(FRAM.o)
 .text.FRAM_write
                0x20013ed8      0x1e0 C:/ISIS/workspace/ycube/GlobusSatProject/..//hal/hal/lib\libHALD.a(FRAM.o)
                0x20013ed8                FRAM_write
 .text.FRAM_readPacket
                0x200140b8       0xf0 C:/ISIS/workspace/ycube/GlobusSatProject/..//hal/hal/lib\libHALD.a(FRAM.o)
 .text.FRAM_read
                0x200141a8      0x1ec C:/ISIS/workspace/ycube/GlobusSatProject/..//hal/hal/lib\libHALD.a(FRAM.o)
                0x200141a8                FRAM_read
 .text.Time_start
                0x20014394      0x170 C:/ISIS/workspace/ycube/GlobusSatProject/..//hal/hal/lib\libHALD.a(Time.o)
                0x20014394                Time_start
 .text.taskTimeSync
                0x20014504       0x64 C:/ISIS/workspace/ycube/GlobusSatProject/..//hal/hal/lib\libHALD.a(Time.o)
 .text.Time_convertEpochToTime
                0x20014568      0x100 C:/ISIS/workspace/ycube/GlobusSatProject/..//hal/hal/lib\libHALD.a(Time.o)
                0x20014568                Time_convertEpochToTime
 .text.Time_calculateSecondsOfYear
                0x20014668       0xd8 C:/ISIS/workspace/ycube/GlobusSatProject/..//hal/hal/lib\libHALD.a(Time.o)
 .text.Time_set
                0x20014740       0xd8 C:/ISIS/workspace/ycube/GlobusSatProject/..//hal/hal/lib\libHALD.a(Time.o)
                0x20014740                Time_set
 .text.Time_isLeapYear
                0x20014818       0x98 C:/ISIS/workspace/ycube/GlobusSatProject/..//hal/hal/lib\libHALD.a(Time.o)
                0x20014818                Time_isLeapYear
 .text.Time_get
                0x200148b0      0x478 C:/ISIS/workspace/ycube/GlobusSatProject/..//hal/hal/lib\libHALD.a(Time.o)
                0x200148b0                Time_get
 .text.Time_getUnixEpoch
                0x20014d28      0x108 C:/ISIS/workspace/ycube/GlobusSatProject/..//hal/hal/lib\libHALD.a(Time.o)
                0x20014d28                Time_getUnixEpoch
 .text.Time_secondsOfYearToTime
                0x20014e30      0x33c C:/ISIS/workspace/ycube/GlobusSatProject/..//hal/hal/lib\libHALD.a(Time.o)
 .text.Time_setUnixEpoch
                0x2001516c       0x54 C:/ISIS/workspace/ycube/GlobusSatProject/..//hal/hal/lib\libHALD.a(Time.o)
                0x2001516c                Time_setUnixEpoch
 .text.Time_getUptimeSeconds
                0x200151c0       0x28 C:/ISIS/workspace/ycube/GlobusSatProject/..//hal/hal/lib\libHALD.a(Time.o)
                0x200151c0                Time_getUptimeSeconds
 .text.Time_sync
                0x200151e8      0x1a8 C:/ISIS/workspace/ycube/GlobusSatProject/..//hal/hal/lib\libHALD.a(Time.o)
                0x200151e8                Time_sync
 .text.Time_syncIfNeeded
                0x20015390       0xac C:/ISIS/workspace/ycube/GlobusSatProject/..//hal/hal/lib\libHALD.a(Time.o)
                0x20015390                Time_syncIfNeeded
 .text.WDT_start
                0x2001543c       0x48 C:/ISIS/workspace/ycube/GlobusSatProject/..//hal/hal/lib\libHALD.a(WatchDogTimerNoOS.o)
                0x2001543c                WDT_start
 .text.RTT_start
                0x20015484       0x24 C:/ISIS/workspace/ycube/GlobusSatProject/..//hal/hal/lib\libHALD.a(RTT.o)
                0x20015484                RTT_start
 .text.RTT_GetTime
                0x200154a8       0x24 C:/ISIS/workspace/ycube/GlobusSatProject/..//hal/hal/lib\libHALD.a(RTT.o)
                0x200154a8                RTT_GetTime
 .text.RTC_start
                0x200154cc       0x3c C:/ISIS/workspace/ycube/GlobusSatProject/..//hal/hal/lib\libHALD.a(RTC.o)
                0x200154cc                RTC_start
 .text.RTC_setTime
                0x20015508      0x2a4 C:/ISIS/workspace/ycube/GlobusSatProject/..//hal/hal/lib\libHALD.a(RTC.o)
                0x20015508                RTC_setTime
 .text.RTC_getTime
                0x200157ac      0x230 C:/ISIS/workspace/ycube/GlobusSatProject/..//hal/hal/lib\libHALD.a(RTC.o)
                0x200157ac                RTC_getTime
 .text.RTC_checkTimeValid
                0x200159dc       0xd8 C:/ISIS/workspace/ycube/GlobusSatProject/..//hal/hal/lib\libHALD.a(RTC.o)
                0x200159dc                RTC_checkTimeValid
 .text.WDT_startWatchdogKickTask
                0x20015ab4       0xb4 C:/ISIS/workspace/ycube/GlobusSatProject/..//hal/hal/lib\libHALD.a(WatchDogTimerOS.o)
                0x20015ab4                WDT_startWatchdogKickTask
 .text.WDT_forceKickEveryNms
                0x20015b68       0x50 C:/ISIS/workspace/ycube/GlobusSatProject/..//hal/hal/lib\libHALD.a(WatchDogTimerOS.o)
                0x20015b68                WDT_forceKickEveryNms
 .text.f_puts   0x20015bb8       0x80 C:/ISIS/workspace/ycube/GlobusSatProject/..//hal/hal/lib\libHALD.a(fprintf.o)
                0x20015bb8                f_puts
 .text.UTIL_DbguGetInteger
                0x20015c38      0x168 C:/ISIS/workspace/ycube/GlobusSatProject/..//hal/hal/lib\libHALD.a(util.o)
                0x20015c38                UTIL_DbguGetInteger
 .text.UTIL_DbguGetIntegerMinMax
                0x20015da0       0xa4 C:/ISIS/workspace/ycube/GlobusSatProject/..//hal/hal/lib\libHALD.a(util.o)
                0x20015da0                UTIL_DbguGetIntegerMinMax
 .text.LED_glow
                0x20015e44       0x58 C:/ISIS/workspace/ycube/GlobusSatProject/..//hal/hal/lib\libHALD.a(LED.o)
                0x20015e44                LED_glow
 .text.LED_dark
                0x20015e9c       0x58 C:/ISIS/workspace/ycube/GlobusSatProject/..//hal/hal/lib\libHALD.a(LED.o)
                0x20015e9c                LED_dark
 .text.LED_toggle
                0x20015ef4       0x50 C:/ISIS/workspace/ycube/GlobusSatProject/..//hal/hal/lib\libHALD.a(LED.o)
                0x20015ef4                LED_toggle
 .text.fm_initvolume
                0x20015f44       0x70 C:/ISIS/workspace/ycube/GlobusSatProject/..//hal/hcc/lib\libHCCD.a(fat_m.o)
                0x20015f44                fm_initvolume
 .text.fm_delvolume
                0x20015fb4       0x60 C:/ISIS/workspace/ycube/GlobusSatProject/..//hal/hcc/lib\libHCCD.a(fat_m.o)
                0x20015fb4                fm_delvolume
 .text.fm_format
                0x20016014       0x68 C:/ISIS/workspace/ycube/GlobusSatProject/..//hal/hcc/lib\libHCCD.a(fat_m.o)
                0x20016014                fm_format
 .text.fm_getdrive
                0x2001607c       0x70 C:/ISIS/workspace/ycube/GlobusSatProject/..//hal/hcc/lib\libHCCD.a(fat_m.o)
                0x2001607c                fm_getdrive
 .text.fm_getfreespace
                0x200160ec       0x68 C:/ISIS/workspace/ycube/GlobusSatProject/..//hal/hcc/lib\libHCCD.a(fat_m.o)
                0x200160ec                fm_getfreespace
 .text.fm_mkdir
                0x20016154       0x60 C:/ISIS/workspace/ycube/GlobusSatProject/..//hal/hcc/lib\libHCCD.a(fat_m.o)
                0x20016154                fm_mkdir
 .text.fm_rmdir
                0x200161b4       0x60 C:/ISIS/workspace/ycube/GlobusSatProject/..//hal/hcc/lib\libHCCD.a(fat_m.o)
                0x200161b4                fm_rmdir
 .text.fm_findfirst
                0x20016214       0x68 C:/ISIS/workspace/ycube/GlobusSatProject/..//hal/hcc/lib\libHCCD.a(fat_m.o)
                0x20016214                fm_findfirst
 .text.fm_findnext
                0x2001627c       0x60 C:/ISIS/workspace/ycube/GlobusSatProject/..//hal/hcc/lib\libHCCD.a(fat_m.o)
                0x2001627c                fm_findnext
 .text.fm_close
                0x200162dc       0x60 C:/ISIS/workspace/ycube/GlobusSatProject/..//hal/hcc/lib\libHCCD.a(fat_m.o)
                0x200162dc                fm_close
 .text.fm_flush
                0x2001633c       0x60 C:/ISIS/workspace/ycube/GlobusSatProject/..//hal/hcc/lib\libHCCD.a(fat_m.o)
                0x2001633c                fm_flush
 .text.fm_open  0x2001639c       0x68 C:/ISIS/workspace/ycube/GlobusSatProject/..//hal/hcc/lib\libHCCD.a(fat_m.o)
                0x2001639c                fm_open
 .text.fm_read  0x20016404       0x7c C:/ISIS/workspace/ycube/GlobusSatProject/..//hal/hcc/lib\libHCCD.a(fat_m.o)
                0x20016404                fm_read
 .text.fm_write
                0x20016480       0x7c C:/ISIS/workspace/ycube/GlobusSatProject/..//hal/hcc/lib\libHCCD.a(fat_m.o)
                0x20016480                fm_write
 .text.fm_seek  0x200164fc       0x70 C:/ISIS/workspace/ycube/GlobusSatProject/..//hal/hcc/lib\libHCCD.a(fat_m.o)
                0x200164fc                fm_seek
 .text.fm_tell  0x2001656c       0x60 C:/ISIS/workspace/ycube/GlobusSatProject/..//hal/hcc/lib\libHCCD.a(fat_m.o)
                0x2001656c                fm_tell
 .text.fm_putc  0x200165cc       0x68 C:/ISIS/workspace/ycube/GlobusSatProject/..//hal/hcc/lib\libHCCD.a(fat_m.o)
                0x200165cc                fm_putc
 .text.fm_rewind
                0x20016634       0x60 C:/ISIS/workspace/ycube/GlobusSatProject/..//hal/hcc/lib\libHCCD.a(fat_m.o)
                0x20016634                fm_rewind
 .text.fm_delete
                0x20016694       0x64 C:/ISIS/workspace/ycube/GlobusSatProject/..//hal/hcc/lib\libHCCD.a(fat_m.o)
                0x20016694                fm_delete
 .text.fm_getlasterror
                0x200166f8       0x40 C:/ISIS/workspace/ycube/GlobusSatProject/..//hal/hcc/lib\libHCCD.a(fat_m.o)
                0x200166f8                fm_getlasterror
 .text._f_invalidatedir
                0x20016738       0x28 C:/ISIS/workspace/ycube/GlobusSatProject/..//hal/hcc/lib\libHCCD.a(fat.o)
                0x20016738                _f_invalidatedir
 .text._f_getdirsector
                0x20016760       0x88 C:/ISIS/workspace/ycube/GlobusSatProject/..//hal/hcc/lib\libHCCD.a(fat.o)
                0x20016760                _f_getdirsector
 .text._f_writedirsector
                0x200167e8       0x74 C:/ISIS/workspace/ycube/GlobusSatProject/..//hal/hcc/lib\libHCCD.a(fat.o)
                0x200167e8                _f_writedirsector
 .text._f_checknameinv
                0x2001685c      0x180 C:/ISIS/workspace/ycube/GlobusSatProject/..//hal/hcc/lib\libHCCD.a(fat.o)
 .text._f_checkname
                0x200169dc       0x7c C:/ISIS/workspace/ycube/GlobusSatProject/..//hal/hcc/lib\libHCCD.a(fat.o)
 .text._f_checknamewc
                0x20016a58       0xf8 C:/ISIS/workspace/ycube/GlobusSatProject/..//hal/hcc/lib\libHCCD.a(fat.o)
 .text._f_setnameext
                0x20016b50      0x300 C:/ISIS/workspace/ycube/GlobusSatProject/..//hal/hcc/lib\libHCCD.a(fat.o)
 .text._f_setfsname
                0x20016e50      0x584 C:/ISIS/workspace/ycube/GlobusSatProject/..//hal/hcc/lib\libHCCD.a(fat.o)
 .text._f_findfile
                0x200173d4      0x30c C:/ISIS/workspace/ycube/GlobusSatProject/..//hal/hcc/lib\libHCCD.a(fat.o)
 .text._f_cmp_wname
                0x200176e0      0x274 C:/ISIS/workspace/ycube/GlobusSatProject/..//hal/hcc/lib\libHCCD.a(fat.o)
 .text._f_to_string
                0x20017954      0x130 C:/ISIS/workspace/ycube/GlobusSatProject/..//hal/hcc/lib\libHCCD.a(fat.o)
 .text._f_findfilewc
                0x20017a84      0x278 C:/ISIS/workspace/ycube/GlobusSatProject/..//hal/hcc/lib\libHCCD.a(fat.o)
 .text._f_getfilename
                0x20017cfc      0x20c C:/ISIS/workspace/ycube/GlobusSatProject/..//hal/hcc/lib\libHCCD.a(fat.o)
 .text._f_findpath
                0x20017f08      0x35c C:/ISIS/workspace/ycube/GlobusSatProject/..//hal/hcc/lib\libHCCD.a(fat.o)
 .text.fn_getdcwd
                0x20018264      0x1e0 C:/ISIS/workspace/ycube/GlobusSatProject/..//hal/hcc/lib\libHCCD.a(fat.o)
                0x20018264                fn_getdcwd
 .text.fn_findfirst
                0x20018444      0x13c C:/ISIS/workspace/ycube/GlobusSatProject/..//hal/hcc/lib\libHCCD.a(fat.o)
                0x20018444                fn_findfirst
 .text.fn_findnext
                0x20018580      0x360 C:/ISIS/workspace/ycube/GlobusSatProject/..//hal/hcc/lib\libHCCD.a(fat.o)
                0x20018580                fn_findnext
 .text._f_lock_resfile
                0x200188e0       0x6c C:/ISIS/workspace/ycube/GlobusSatProject/..//hal/hcc/lib\libHCCD.a(fat.o)
 .text._f_unlock_resfile
                0x2001894c       0x40 C:/ISIS/workspace/ycube/GlobusSatProject/..//hal/hcc/lib\libHCCD.a(fat.o)
 .text._f_getintfile
                0x2001898c      0x124 C:/ISIS/workspace/ycube/GlobusSatProject/..//hal/hcc/lib\libHCCD.a(fat.o)
 .text._f_addentry
                0x20018ab0      0x540 C:/ISIS/workspace/ycube/GlobusSatProject/..//hal/hcc/lib\libHCCD.a(fat.o)
 .text.fn_mkdir
                0x20018ff0      0x75c C:/ISIS/workspace/ycube/GlobusSatProject/..//hal/hcc/lib\libHCCD.a(fat.o)
                0x20018ff0                fn_mkdir
 .text.fn_open_sub
                0x2001974c     0x1698 C:/ISIS/workspace/ycube/GlobusSatProject/..//hal/hcc/lib\libHCCD.a(fat.o)
 .text.fn_open  0x2001ade4       0x44 C:/ISIS/workspace/ycube/GlobusSatProject/..//hal/hcc/lib\libHCCD.a(fat.o)
                0x2001ade4                fn_open
 .text.fn_delete
                0x2001ae28      0x490 C:/ISIS/workspace/ycube/GlobusSatProject/..//hal/hcc/lib\libHCCD.a(fat.o)
                0x2001ae28                fn_delete
 .text.fn_rmdir
                0x2001b2b8      0x5ac C:/ISIS/workspace/ycube/GlobusSatProject/..//hal/hcc/lib\libHCCD.a(fat.o)
                0x2001b2b8                fn_rmdir
 .text.fn_init  0x2001b864      0x2dc C:/ISIS/workspace/ycube/GlobusSatProject/..//hal/hcc/lib\libHCCD.a(fat_common.o)
                0x2001b864                fn_init
 .text.fn_start
                0x2001bb40       0x1c C:/ISIS/workspace/ycube/GlobusSatProject/..//hal/hcc/lib\libHCCD.a(fat_common.o)
                0x2001bb40                fn_start
 .text.fsn_delete
                0x2001bb5c       0xc8 C:/ISIS/workspace/ycube/GlobusSatProject/..//hal/hcc/lib\libHCCD.a(fat_common.o)
                0x2001bb5c                fsn_delete
 .text._f_get16bitl
                0x2001bc24       0x4c C:/ISIS/workspace/ycube/GlobusSatProject/..//hal/hcc/lib\libHCCD.a(fat_common.o)
                0x2001bc24                _f_get16bitl
 .text._f_set16bitl
                0x2001bc70       0x54 C:/ISIS/workspace/ycube/GlobusSatProject/..//hal/hcc/lib\libHCCD.a(fat_common.o)
                0x2001bc70                _f_set16bitl
 .text._f_get32bitl
                0x2001bcc4       0x68 C:/ISIS/workspace/ycube/GlobusSatProject/..//hal/hcc/lib\libHCCD.a(fat_common.o)
                0x2001bcc4                _f_get32bitl
 .text._f_set32bitl
                0x2001bd2c       0x78 C:/ISIS/workspace/ycube/GlobusSatProject/..//hal/hcc/lib\libHCCD.a(fat_common.o)
                0x2001bd2c                _f_set32bitl
 .text._get8bit
                0x2001bda4       0xa0 C:/ISIS/workspace/ycube/GlobusSatProject/..//hal/hcc/lib\libHCCD.a(fat_common.o)
 .text._get16bitl
                0x2001be44       0x40 C:/ISIS/workspace/ycube/GlobusSatProject/..//hal/hcc/lib\libHCCD.a(fat_common.o)
 .text._get32bitl
                0x2001be84       0x3c C:/ISIS/workspace/ycube/GlobusSatProject/..//hal/hcc/lib\libHCCD.a(fat_common.o)
 .text._set8bitzero
                0x2001bec0       0x6c C:/ISIS/workspace/ycube/GlobusSatProject/..//hal/hcc/lib\libHCCD.a(fat_common.o)
 .text._set8bit
                0x2001bf2c       0xa0 C:/ISIS/workspace/ycube/GlobusSatProject/..//hal/hcc/lib\libHCCD.a(fat_common.o)
 .text._set16bitl
                0x2001bfcc       0x3c C:/ISIS/workspace/ycube/GlobusSatProject/..//hal/hcc/lib\libHCCD.a(fat_common.o)
 .text._set32bitl
                0x2001c008       0x34 C:/ISIS/workspace/ycube/GlobusSatProject/..//hal/hcc/lib\libHCCD.a(fat_common.o)
 .text._f_setcardremoved
                0x2001c03c       0x94 C:/ISIS/workspace/ycube/GlobusSatProject/..//hal/hcc/lib\libHCCD.a(fat_common.o)
 .text._f_checkstatus
                0x2001c0d0      0x104 C:/ISIS/workspace/ycube/GlobusSatProject/..//hal/hcc/lib\libHCCD.a(fat_common.o)
                0x2001c0d0                _f_checkstatus
 .text._f_drvgetphy
                0x2001c1d4      0x114 C:/ISIS/workspace/ycube/GlobusSatProject/..//hal/hcc/lib\libHCCD.a(fat_common.o)
 .text._f_drvwritesector
                0x2001c2e8       0xdc C:/ISIS/workspace/ycube/GlobusSatProject/..//hal/hcc/lib\libHCCD.a(fat_common.o)
 .text._f_drvreadsector
                0x2001c3c4       0xa8 C:/ISIS/workspace/ycube/GlobusSatProject/..//hal/hcc/lib\libHCCD.a(fat_common.o)
 .text._f_writesector
                0x2001c46c      0x23c C:/ISIS/workspace/ycube/GlobusSatProject/..//hal/hcc/lib\libHCCD.a(fat_common.o)
                0x2001c46c                _f_writesector
 .text._f_readsector
                0x2001c6a8      0x1dc C:/ISIS/workspace/ycube/GlobusSatProject/..//hal/hcc/lib\libHCCD.a(fat_common.o)
                0x2001c6a8                _f_readsector
 .text._f_getmaxcluster
                0x2001c884       0x94 C:/ISIS/workspace/ycube/GlobusSatProject/..//hal/hcc/lib\libHCCD.a(fat_common.o)
                0x2001c884                _f_getmaxcluster
 .text._getsectorfromcluster
                0x2001c918       0x68 C:/ISIS/workspace/ycube/GlobusSatProject/..//hal/hcc/lib\libHCCD.a(fat_common.o)
 .text._f_buildsectors
                0x2001c980      0x268 C:/ISIS/workspace/ycube/GlobusSatProject/..//hal/hcc/lib\libHCCD.a(fat_common.o)
 .text._f_getbootrecord
                0x2001cbe8      0x5e4 C:/ISIS/workspace/ycube/GlobusSatProject/..//hal/hcc/lib\libHCCD.a(fat_common.o)
 .text._f_readbootrecord
                0x2001d1cc      0x4f8 C:/ISIS/workspace/ycube/GlobusSatProject/..//hal/hcc/lib\libHCCD.a(fat_common.o)
 .text._f_writebootrecord
                0x2001d6c4      0x5e4 C:/ISIS/workspace/ycube/GlobusSatProject/..//hal/hcc/lib\libHCCD.a(fat_common.o)
 .text._f_flushcffiles
                0x2001dca8      0x17c C:/ISIS/workspace/ycube/GlobusSatProject/..//hal/hcc/lib\libHCCD.a(fat_common.o)
                0x2001dca8                _f_flushcffiles
 .text._f_fatcache_flush
                0x2001de24      0x270 C:/ISIS/workspace/ycube/GlobusSatProject/..//hal/hcc/lib\libHCCD.a(fat_common.o)
                0x2001de24                _f_fatcache_flush
 .text._f_writefatsector
                0x2001e094      0x100 C:/ISIS/workspace/ycube/GlobusSatProject/..//hal/hcc/lib\libHCCD.a(fat_common.o)
                0x2001e094                _f_writefatsector
 .text._f_getfatsector
                0x2001e194      0x3bc C:/ISIS/workspace/ycube/GlobusSatProject/..//hal/hcc/lib\libHCCD.a(fat_common.o)
 .text._f_setclustervalue
                0x2001e550      0x490 C:/ISIS/workspace/ycube/GlobusSatProject/..//hal/hcc/lib\libHCCD.a(fat_common.o)
                0x2001e550                _f_setclustervalue
 .text._f_getclustervalue
                0x2001e9e0      0x388 C:/ISIS/workspace/ycube/GlobusSatProject/..//hal/hcc/lib\libHCCD.a(fat_common.o)
                0x2001e9e0                _f_getclustervalue
 .text._f_close_drive_files
                0x2001ed68       0xac C:/ISIS/workspace/ycube/GlobusSatProject/..//hal/hcc/lib\libHCCD.a(fat_common.o)
 .text._f_inc_mount_count
                0x2001ee14       0xa4 C:/ISIS/workspace/ycube/GlobusSatProject/..//hal/hcc/lib\libHCCD.a(fat_common.o)
 .text._f_getvolume
                0x2001eeb8      0x2f8 C:/ISIS/workspace/ycube/GlobusSatProject/..//hal/hcc/lib\libHCCD.a(fat_common.o)
                0x2001eeb8                _f_getvolume
 .text.fn_createdriver
                0x2001f1b0      0x118 C:/ISIS/workspace/ycube/GlobusSatProject/..//hal/hcc/lib\libHCCD.a(fat_common.o)
                0x2001f1b0                fn_createdriver
 .text.fn_initvolume
                0x2001f2c8      0x12c C:/ISIS/workspace/ycube/GlobusSatProject/..//hal/hcc/lib\libHCCD.a(fat_common.o)
                0x2001f2c8                fn_initvolume
 .text.fn_releasedriver
                0x2001f3f4       0xf4 C:/ISIS/workspace/ycube/GlobusSatProject/..//hal/hcc/lib\libHCCD.a(fat_common.o)
                0x2001f3f4                fn_releasedriver
 .text.fn_initvolumepartition_sub
                0x2001f4e8       0xe0 C:/ISIS/workspace/ycube/GlobusSatProject/..//hal/hcc/lib\libHCCD.a(fat_common.o)
 .text.fn_initvolumepartition
                0x2001f5c8       0xac C:/ISIS/workspace/ycube/GlobusSatProject/..//hal/hcc/lib\libHCCD.a(fat_common.o)
                0x2001f5c8                fn_initvolumepartition
 .text.fn_delvolume
                0x2001f674      0x194 C:/ISIS/workspace/ycube/GlobusSatProject/..//hal/hcc/lib\libHCCD.a(fat_common.o)
                0x2001f674                fn_delvolume
 .text._f_clustertopos
                0x2001f808       0xf8 C:/ISIS/workspace/ycube/GlobusSatProject/..//hal/hcc/lib\libHCCD.a(fat_common.o)
                0x2001f808                _f_clustertopos
 .text._f_prepareformat
                0x2001f900      0x8b8 C:/ISIS/workspace/ycube/GlobusSatProject/..//hal/hcc/lib\libHCCD.a(fat_common.o)
 .text._f_resetfatentries
                0x200201b8      0x410 C:/ISIS/workspace/ycube/GlobusSatProject/..//hal/hcc/lib\libHCCD.a(fat_common.o)
 .text._f_resetrootdir
                0x200205c8       0xcc C:/ISIS/workspace/ycube/GlobusSatProject/..//hal/hcc/lib\libHCCD.a(fat_common.o)
 .text._f_postformat
                0x20020694      0x178 C:/ISIS/workspace/ycube/GlobusSatProject/..//hal/hcc/lib\libHCCD.a(fat_common.o)
 .text.fn_format
                0x2002080c      0x148 C:/ISIS/workspace/ycube/GlobusSatProject/..//hal/hcc/lib\libHCCD.a(fat_common.o)
                0x2002080c                fn_format
 .text._f_getcurrsector
                0x20020954      0x6c8 C:/ISIS/workspace/ycube/GlobusSatProject/..//hal/hcc/lib\libHCCD.a(fat_common.o)
                0x20020954                _f_getcurrsector
 .text._f_getdecluster
                0x2002101c       0x90 C:/ISIS/workspace/ycube/GlobusSatProject/..//hal/hcc/lib\libHCCD.a(fat_common.o)
                0x2002101c                _f_getdecluster
 .text._f_setdecluster
                0x200210ac       0x8c C:/ISIS/workspace/ycube/GlobusSatProject/..//hal/hcc/lib\libHCCD.a(fat_common.o)
                0x200210ac                _f_setdecluster
 .text.fn_getdrive
                0x20021138       0x30 C:/ISIS/workspace/ycube/GlobusSatProject/..//hal/hcc/lib\libHCCD.a(fat_common.o)
                0x20021138                fn_getdrive
 .text._f_getcurrenttimedate
                0x20021168      0x138 C:/ISIS/workspace/ycube/GlobusSatProject/..//hal/hcc/lib\libHCCD.a(fat_common.o)
                0x20021168                _f_getcurrenttimedate
 .text._f_initentry
                0x200212a0       0xa0 C:/ISIS/workspace/ycube/GlobusSatProject/..//hal/hcc/lib\libHCCD.a(fat_common.o)
                0x200212a0                _f_initentry
 .text._f_alloccluster
                0x20021340      0x344 C:/ISIS/workspace/ycube/GlobusSatProject/..//hal/hcc/lib\libHCCD.a(fat_common.o)
                0x20021340                _f_alloccluster
 .text._f_dobadblock
                0x20021684      0x2cc C:/ISIS/workspace/ycube/GlobusSatProject/..//hal/hcc/lib\libHCCD.a(fat_common.o)
                0x20021684                _f_dobadblock
 .text._f_checklocked
                0x20021950       0xe4 C:/ISIS/workspace/ycube/GlobusSatProject/..//hal/hcc/lib\libHCCD.a(fat_common.o)
                0x20021950                _f_checklocked
 .text._f_checkappendlocked
                0x20021a34      0x110 C:/ISIS/workspace/ycube/GlobusSatProject/..//hal/hcc/lib\libHCCD.a(fat_common.o)
                0x20021a34                _f_checkappendlocked
 .text._f_setsyncafile
                0x20021b44      0x114 C:/ISIS/workspace/ycube/GlobusSatProject/..//hal/hcc/lib\libHCCD.a(fat_common.o)
                0x20021b44                _f_setsyncafile
 .text._f_syncfiles
                0x20021c58      0x128 C:/ISIS/workspace/ycube/GlobusSatProject/..//hal/hcc/lib\libHCCD.a(fat_common.o)
                0x20021c58                _f_syncfiles
 .text._f_syncfilescontent
                0x20021d80      0x15c C:/ISIS/workspace/ycube/GlobusSatProject/..//hal/hcc/lib\libHCCD.a(fat_common.o)
 .text.fn_getfreespace
                0x20021edc      0x4c0 C:/ISIS/workspace/ycube/GlobusSatProject/..//hal/hcc/lib\libHCCD.a(fat_common.o)
                0x20021edc                fn_getfreespace
 .text._f_emptywritecache
                0x2002239c      0x4a4 C:/ISIS/workspace/ycube/GlobusSatProject/..//hal/hcc/lib\libHCCD.a(fat_common.o)
 .text._f_allocnextcluster
                0x20022840      0x54c C:/ISIS/workspace/ycube/GlobusSatProject/..//hal/hcc/lib\libHCCD.a(fat_common.o)
 .text._f_emptywritebuffer
                0x20022d8c      0x20c C:/ISIS/workspace/ycube/GlobusSatProject/..//hal/hcc/lib\libHCCD.a(fat_common.o)
 .text._f_writezeros
                0x20022f98       0xf0 C:/ISIS/workspace/ycube/GlobusSatProject/..//hal/hcc/lib\libHCCD.a(fat_common.o)
                0x20022f98                _f_writezeros
 .text._f_extend_file
                0x20023088      0x570 C:/ISIS/workspace/ycube/GlobusSatProject/..//hal/hcc/lib\libHCCD.a(fat_common.o)
 .text._f_fseek
                0x200235f8      0x9bc C:/ISIS/workspace/ycube/GlobusSatProject/..//hal/hcc/lib\libHCCD.a(fat_common.o)
                0x200235f8                _f_fseek
 .text._f_removechain
                0x20023fb4      0x104 C:/ISIS/workspace/ycube/GlobusSatProject/..//hal/hcc/lib\libHCCD.a(fat_common.o)
                0x20023fb4                _f_removechain
 .text._f_updatefileentry
                0x200240b8      0x1cc C:/ISIS/workspace/ycube/GlobusSatProject/..//hal/hcc/lib\libHCCD.a(fat_common.o)
 .text._f_checkreadlocked
                0x20024284      0x1bc C:/ISIS/workspace/ycube/GlobusSatProject/..//hal/hcc/lib\libHCCD.a(fat_common.o)
                0x20024284                _f_checkreadlocked
 .text._f_check_handle
                0x20024440       0x98 C:/ISIS/workspace/ycube/GlobusSatProject/..//hal/hcc/lib\libHCCD.a(fat_common.o)
                0x20024440                _f_check_handle
 .text._f_removesyncafile
                0x200244d8      0x1ec C:/ISIS/workspace/ycube/GlobusSatProject/..//hal/hcc/lib\libHCCD.a(fat_common.o)
 .text.fn_close
                0x200246c4      0x3f8 C:/ISIS/workspace/ycube/GlobusSatProject/..//hal/hcc/lib\libHCCD.a(fat_common.o)
                0x200246c4                fn_close
 .text.fn_flush
                0x20024abc      0x374 C:/ISIS/workspace/ycube/GlobusSatProject/..//hal/hcc/lib\libHCCD.a(fat_common.o)
                0x20024abc                fn_flush
 .text.fn_read  0x20024e30      0x690 C:/ISIS/workspace/ycube/GlobusSatProject/..//hal/hcc/lib\libHCCD.a(fat_common.o)
                0x20024e30                fn_read
 .text._f_abortwrite
                0x200254c0      0x100 C:/ISIS/workspace/ycube/GlobusSatProject/..//hal/hcc/lib\libHCCD.a(fat_common.o)
 .text._f_checkwritecluster
                0x200255c0       0xe4 C:/ISIS/workspace/ycube/GlobusSatProject/..//hal/hcc/lib\libHCCD.a(fat_common.o)
 .text.fn_write
                0x200256a4      0x8a8 C:/ISIS/workspace/ycube/GlobusSatProject/..//hal/hcc/lib\libHCCD.a(fat_common.o)
                0x200256a4                fn_write
 .text.fn_seek  0x20025f4c      0x270 C:/ISIS/workspace/ycube/GlobusSatProject/..//hal/hcc/lib\libHCCD.a(fat_common.o)
                0x20025f4c                fn_seek
 .text.fn_tell  0x200261bc      0x19c C:/ISIS/workspace/ycube/GlobusSatProject/..//hal/hcc/lib\libHCCD.a(fat_common.o)
                0x200261bc                fn_tell
 .text.fn_rewind
                0x20026358       0x38 C:/ISIS/workspace/ycube/GlobusSatProject/..//hal/hcc/lib\libHCCD.a(fat_common.o)
                0x20026358                fn_rewind
 .text.fn_putc  0x20026390       0x68 C:/ISIS/workspace/ycube/GlobusSatProject/..//hal/hcc/lib\libHCCD.a(fat_common.o)
                0x20026390                fn_putc
 .text.f_enterFS
                0x200263f8      0x1c0 C:/ISIS/workspace/ycube/GlobusSatProject/..//hal/hcc/lib\libHCCD.a(fat_common.o)
                0x200263f8                f_enterFS
 .text.f_releaseFS
                0x200265b8       0xb0 C:/ISIS/workspace/ycube/GlobusSatProject/..//hal/hcc/lib\libHCCD.a(fat_common.o)
                0x200265b8                f_releaseFS
 .text.fnGetTask
                0x20026668       0xfc C:/ISIS/workspace/ycube/GlobusSatProject/..//hal/hcc/lib\libHCCD.a(fat_common.o)
                0x20026668                fnGetTask
 .text._f_mutex_get
                0x20026764       0x98 C:/ISIS/workspace/ycube/GlobusSatProject/..//hal/hcc/lib\libHCCD.a(fat_common.o)
                0x20026764                _f_mutex_get
 .text._f_mutex_put
                0x200267fc       0x54 C:/ISIS/workspace/ycube/GlobusSatProject/..//hal/hcc/lib\libHCCD.a(fat_common.o)
                0x200267fc                _f_mutex_put
 .text._fn_initseekdivisor
                0x20026850      0x158 C:/ISIS/workspace/ycube/GlobusSatProject/..//hal/hcc/lib\libHCCD.a(fat_common.o)
                0x20026850                _fn_initseekdivisor
 .text._fn_updateseekpos
                0x200269a8       0xc4 C:/ISIS/workspace/ycube/GlobusSatProject/..//hal/hcc/lib\libHCCD.a(fat_common.o)
 .text._f_findopensize
                0x20026a6c       0x2c C:/ISIS/workspace/ycube/GlobusSatProject/..//hal/hcc/lib\libHCCD.a(fat_common.o)
                0x20026a6c                _f_findopensize
 .text.fn_setlasterror
                0x20026a98       0x34 C:/ISIS/workspace/ycube/GlobusSatProject/..//hal/hcc/lib\libHCCD.a(fat_common.o)
                0x20026a98                fn_setlasterror
 .text.fn_setlasterror_noret
                0x20026acc       0x2c C:/ISIS/workspace/ycube/GlobusSatProject/..//hal/hcc/lib\libHCCD.a(fat_common.o)
                0x20026acc                fn_setlasterror_noret
 .text._s_checkzeroclusteratend
                0x20026af8       0xf8 C:/ISIS/workspace/ycube/GlobusSatProject/..//hal/hcc/lib\libHCCD.a(safefat.o)
 .text._s_clearclustercontent
                0x20026bf0      0x108 C:/ISIS/workspace/ycube/GlobusSatProject/..//hal/hcc/lib\libHCCD.a(safefat.o)
 .text._s_clearclustercontentdir
                0x20026cf8      0x19c C:/ISIS/workspace/ycube/GlobusSatProject/..//hal/hcc/lib\libHCCD.a(safefat.o)
 .text._s_writedirsector
                0x20026e94       0xd0 C:/ISIS/workspace/ycube/GlobusSatProject/..//hal/hcc/lib\libHCCD.a(safefat.o)
 .text._s_getdirsector
                0x20026f64      0x100 C:/ISIS/workspace/ycube/GlobusSatProject/..//hal/hcc/lib\libHCCD.a(safefat.o)
 .text._s_addentry
                0x20027064      0x394 C:/ISIS/workspace/ycube/GlobusSatProject/..//hal/hcc/lib\libHCCD.a(safefat.o)
 .text._s_findfile
                0x200273f8      0x33c C:/ISIS/workspace/ycube/GlobusSatProject/..//hal/hcc/lib\libHCCD.a(safefat.o)
 .text._s_findsubdir
                0x20027734      0x248 C:/ISIS/workspace/ycube/GlobusSatProject/..//hal/hcc/lib\libHCCD.a(safefat.o)
 .text._s_createfile
                0x2002797c      0x190 C:/ISIS/workspace/ycube/GlobusSatProject/..//hal/hcc/lib\libHCCD.a(safefat.o)
 .text._s_findsaffile
                0x20027b0c      0x1b8 C:/ISIS/workspace/ycube/GlobusSatProject/..//hal/hcc/lib\libHCCD.a(safefat.o)
 .text._s_open  0x20027cc4       0xe4 C:/ISIS/workspace/ycube/GlobusSatProject/..//hal/hcc/lib\libHCCD.a(safefat.o)
 .text._s_open_saf
                0x20027da8       0xe8 C:/ISIS/workspace/ycube/GlobusSatProject/..//hal/hcc/lib\libHCCD.a(safefat.o)
 .text._s_flush
                0x20027e90       0x84 C:/ISIS/workspace/ycube/GlobusSatProject/..//hal/hcc/lib\libHCCD.a(safefat.o)
 .text._s_allocnextcluster
                0x20027f14      0x13c C:/ISIS/workspace/ycube/GlobusSatProject/..//hal/hcc/lib\libHCCD.a(safefat.o)
 .text._s_getnextsector
                0x20028050       0xdc C:/ISIS/workspace/ycube/GlobusSatProject/..//hal/hcc/lib\libHCCD.a(safefat.o)
 .text._s_seek  0x2002812c      0x1e8 C:/ISIS/workspace/ycube/GlobusSatProject/..//hal/hcc/lib\libHCCD.a(safefat.o)
 .text._s_get_len
                0x20028314      0x10c C:/ISIS/workspace/ycube/GlobusSatProject/..//hal/hcc/lib\libHCCD.a(safefat.o)
 .text._s_set_len
                0x20028420       0xb4 C:/ISIS/workspace/ycube/GlobusSatProject/..//hal/hcc/lib\libHCCD.a(safefat.o)
 .text.safe_fix_filelengths
                0x200284d4       0xcc C:/ISIS/workspace/ycube/GlobusSatProject/..//hal/hcc/lib\libHCCD.a(safefat.o)
                0x200284d4                safe_fix_filelengths
 .text._s_read  0x200285a0      0x228 C:/ISIS/workspace/ycube/GlobusSatProject/..//hal/hcc/lib\libHCCD.a(safefat.o)
 .text._s_write
                0x200287c8      0x384 C:/ISIS/workspace/ycube/GlobusSatProject/..//hal/hcc/lib\libHCCD.a(safefat.o)
 .text._s_restoreclusters
                0x20028b4c      0x270 C:/ISIS/workspace/ycube/GlobusSatProject/..//hal/hcc/lib\libHCCD.a(safefat.o)
                0x20028b4c                _s_restoreclusters
 .text._s_findrestore
                0x20028dbc      0x18c C:/ISIS/workspace/ycube/GlobusSatProject/..//hal/hcc/lib\libHCCD.a(safefat.o)
 .text._s_cmd_writede
                0x20028f48       0xd8 C:/ISIS/workspace/ycube/GlobusSatProject/..//hal/hcc/lib\libHCCD.a(safefat.o)
 .text._s_cmd_setcluster
                0x20029020       0x88 C:/ISIS/workspace/ycube/GlobusSatProject/..//hal/hcc/lib\libHCCD.a(safefat.o)
 .text._s_cmd_deletechain
                0x200290a8      0x100 C:/ISIS/workspace/ycube/GlobusSatProject/..//hal/hcc/lib\libHCCD.a(safefat.o)
 .text._s_cmd_validatecfn
                0x200291a8      0x308 C:/ISIS/workspace/ycube/GlobusSatProject/..//hal/hcc/lib\libHCCD.a(safefat.o)
 .text._s_cmd_seteof
                0x200294b0      0x3c4 C:/ISIS/workspace/ycube/GlobusSatProject/..//hal/hcc/lib\libHCCD.a(safefat.o)
 .text.safe_docommands
                0x20029874      0x56c C:/ISIS/workspace/ycube/GlobusSatProject/..//hal/hcc/lib\libHCCD.a(safefat.o)
                0x20029874                safe_docommands
 .text.safe_entercommand
                0x20029de0       0x68 C:/ISIS/workspace/ycube/GlobusSatProject/..//hal/hcc/lib\libHCCD.a(safefat.o)
                0x20029de0                safe_entercommand
 .text.safe_ready
                0x20029e48       0xf4 C:/ISIS/workspace/ycube/GlobusSatProject/..//hal/hcc/lib\libHCCD.a(safefat.o)
                0x20029e48                safe_ready
 .text.safe_copycfn
                0x20029f3c       0xb8 C:/ISIS/workspace/ycube/GlobusSatProject/..//hal/hcc/lib\libHCCD.a(safefat.o)