Archive member included because of file (symbol)

C:/ISIS/workspace/ycube/GlobusSatProject/..//hal/hal/lib\libHALD.a(SPI.o)
                              ./src/InitSystem.o (SPI_start)
C:/ISIS/workspace/ycube/GlobusSatProject/..//hal/hal/lib\libHALD.a(I2C.o)
                              ./src/SubSystemModules/Communication/SubsystemCommands/Maintanence_Commands.o (I2C_write)
C:/ISIS/workspace/ycube/GlobusSatProject/..//hal/hal/lib\libHALD.a(ADC.o)
                              ./src/SubSystemModules/Housekepping/TelemetryCollector.o (ADC_ConvertRaw10bitToMillivolt)
C:/ISIS/workspace/ycube/GlobusSatProject/..//hal/hal/lib\libHALD.a(FRAM.o)
                              ./src/SubSystemModules/Communication/SubsystemCommands/Maintanence_Commands.o (FRAM_start)
C:/ISIS/workspace/ycube/GlobusSatProject/..//hal/hal/lib\libHALD.a(Time.o)
                              ./src/InitSystem.o (Time_start)
C:/ISIS/workspace/ycube/GlobusSatProject/..//hal/hal/lib\libHALD.a(WatchDogTimerNoOS.o)
                              ./src/main.o (WDT_start)
C:/ISIS/workspace/ycube/GlobusSatProject/..//hal/hal/lib\libHALD.a(RTT.o)
                              C:/ISIS/workspace/ycube/GlobusSatProject/..//hal/hal/lib\libHALD.a(Time.o) (RTT_start)
C:/ISIS/workspace/ycube/GlobusSatProject/..//hal/hal/lib\libHALD.a(RTC.o)
                              C:/ISIS/workspace/ycube/GlobusSatProject/..//hal/hal/lib\libHALD.a(Time.o) (RTC_getTime)
C:/ISIS/workspace/ycube/GlobusSatProject/..//hal/hal/lib\libHALD.a(WatchDogTimerOS.o)
                              ./src/TestingDemos/MainTest.o (WDT_startWatchdogKickTask)
C:/ISIS/workspace/ycube/GlobusSatProject/..//hal/hal/lib\libHALD.a(fprintf.o)
                              ./src/TLM_management.o (f_puts)
C:/ISIS/workspace/ycube/GlobusSatProject/..//hal/hal/lib\libHALD.a(util.o)
                              ./src/TestingDemos/EpsTestingDemo.o (UTIL_DbguGetInteger)
C:/ISIS/workspace/ycube/GlobusSatProject/..//hal/hal/lib\libHALD.a(LED.o)
                              C:/ISIS/workspace/ycube/GlobusSatProject/..//hal/hal/lib\libHALD.a(WatchDogTimerOS.o) (LED_toggle)
C:/ISIS/workspace/ycube/GlobusSatProject/..//hal/hcc/lib\libHCCD.a(fat_m.o)
                              ./src/TLM_management.o (fm_initvolume)
C:/ISIS/workspace/ycube/GlobusSatProject/..//hal/hcc/lib\libHCCD.a(fat.o)
                              C:/ISIS/workspace/ycube/GlobusSatProject/..//hal/hcc/lib\libHCCD.a(fat_m.o) (fn_getdcwd)
C:/ISIS/workspace/ycube/GlobusSatProject/..//hal/hcc/lib\libHCCD.a(fat_common.o)
                              C:/ISIS/workspace/ycube/GlobusSatProject/..//hal/hcc/lib\libHCCD.a(fat.o) (p_filesystem)
C:/ISIS/workspace/ycube/GlobusSatProject/..//hal/hcc/lib\libHCCD.a(safefat.o)
                              C:/ISIS/workspace/ycube/GlobusSatProject/..//hal/hcc/lib\libHCCD.a(fat.o) (s_subdir)
C:/ISIS/workspace/ycube/GlobusSatProject/..//hal/hcc/lib\libHCCD.a(atmel_mcipdc.o)
                              ./src/TLM_management.o (atmel_mcipdc_initfunc)
C:/ISIS/workspace/ycube/GlobusSatProject/..//hal/hcc/lib\libHCCD.a(oalp_task.o)
                              C:/ISIS/workspace/ycube/GlobusSatProject/..//hal/hcc/lib\libHCCD.a(fat_common.o) (oal_task_get_id)
C:/ISIS/workspace/ycube/GlobusSatProject/..//hal/hcc/lib\libHCCD.a(oalp_mutex.o)
                              C:/ISIS/workspace/ycube/GlobusSatProject/..//hal/hcc/lib\libHCCD.a(fat_common.o) (oal_mutex_create)
C:/ISIS/workspace/ycube/GlobusSatProject/..//hal/hcc/lib\libHCCD.a(atmel_mcipdc_hw.o)
                              C:/ISIS/workspace/ycube/GlobusSatProject/..//hal/hcc/lib\libHCCD.a(atmel_mcipdc.o) (mcipdc_hw_init)
C:/ISIS/workspace/ycube/GlobusSatProject/..//hal/hcc/lib\libHCCD.a(psp_rand.o)
                              C:/ISIS/workspace/ycube/GlobusSatProject/..//hal/hcc/lib\libHCCD.a(fat_common.o) (psp_getrand)
C:/ISIS/workspace/ycube/GlobusSatProject/..//hal/hcc/lib\libHCCD.a(psp_rtc.o)
                              C:/ISIS/workspace/ycube/GlobusSatProject/..//hal/hcc/lib\libHCCD.a(fat_common.o) (psp_getcurrenttimedate)
C:/ISIS/workspace/ycube/GlobusSatProject/..//hal/hcc/lib\libHCCD.a(hcc_mem.o)
                              C:/ISIS/workspace/ycube/GlobusSatProject/..//hal/hcc/lib\libHCCD.a(atmel_mcipdc.o) (hcc_mem_alloc)
C:/ISIS/workspace/ycube/GlobusSatProject/..//hal/hcc/lib\libHCCD.a(psp_hcc_mem.o)
                              C:/ISIS/workspace/ycube/GlobusSatProject/..//hal/hcc/lib\libHCCD.a(hcc_mem.o) (hcc_mem_buf_alloc)
C:/ISIS/workspace/ycube/GlobusSatProject/..//satellite-subsystems/satellite-subsystems/lib\libSatelliteSubsystemsD.a(IsisAntS.o)
                              ./src/SubSystemModules/Communication/TRXVU.o (IsisAntS_initialize)
C:/ISIS/workspace/ycube/GlobusSatProject/..//satellite-subsystems/satellite-subsystems/lib\libSatelliteSubsystemsD.a(IsisTRXVU.o)
                              ./src/TestingDemos/TrxvuTestingDemo.o (IsisTrxvu_initialize)
[...]
Memory Configuration

Name             Origin             Length             Attributes
sram0            0x00200000         0x00004000         w !xr
sram1            0x00300000         0x00004000         w !xr
sdram            0x20000000         0x02000000         w !xr
*default*        0x00000000         0xffffffff

Linker script and memory map

LOAD c:/isis/application/toolchain/bin/../lib/gcc/arm-none-eabi/4.7.4/../../../../arm-none-eabi/lib\libc.a
LOAD ./src/TestingDemos/CommandsTestingDemo.o
LOAD ./src/TestingDemos/EpsTestingDemo.o
LOAD ./src/TestingDemos/FileSystemTestingDemo.o
LOAD ./src/TestingDemos/MainTest.o
LOAD ./src/TestingDemos/MaintenanceTestingDemo.o
LOAD ./src/TestingDemos/TelemetryTestingDemo.o
LOAD ./src/TestingDemos/TrxvuTestingDemo.o
LOAD ./src/SubSystemModules/PowerManagment/EPS.o
LOAD ./src/SubSystemModules/PowerManagment/EPSOperationModes.o
LOAD ./src/SubSystemModules/Maintenance/Maintenance.o
LOAD ./src/SubSystemModules/Housekepping/TelemetryCollector.o
LOAD ./src/SubSystemModules/Communication/SubsystemCommands/EPS_Commands.o
LOAD ./src/SubSystemModules/Communication/SubsystemCommands/FS_Commands.o
LOAD ./src/SubSystemModules/Communication/SubsystemCommands/Maintanence_Commands.o
LOAD ./src/SubSystemModules/Communication/SubsystemCommands/TRXVU_Commands.o
LOAD ./src/SubSystemModules/Communication/AckHandler.o
LOAD ./src/SubSystemModules/Communication/CommandDictionary.o
LOAD ./src/SubSystemModules/Communication/SatCommandHandler.o
LOAD ./src/SubSystemModules/Communication/TRXVU.o
LOAD ./src/InitSystem.o
LOAD ./src/TLM_management.o
LOAD ./src/main.o
LOAD ./src/utils.o
LOAD C:/ISIS/workspace/ycube/GlobusSatProject/..//hal/hal/lib\libHALD.a
LOAD C:/ISIS/workspace/ycube/GlobusSatProject/..//hal/hcc/lib\libHCCD.a
LOAD C:/ISIS/workspace/ycube/GlobusSatProject/..//satellite-subsystems/satellite-subsystems/lib\libSatelliteSubsystemsD.a
LOAD C:/ISIS/workspace/ycube/GlobusSatProject/..//hal/freertos/lib\libFreeRTOSD.a
LOAD C:/ISIS/workspace/ycube/GlobusSatProject/..//hal/at91/lib\libAt91D.a
START GROUP
LOAD c:/isis/application/toolchain/bin/../lib/gcc/arm-none-eabi/4.7.4\libgcc.a
LOAD c:/isis/application/toolchain/bin/../lib/gcc/arm-none-eabi/4.7.4/../../../../arm-none-eabi/lib\libg.a
LOAD c:/isis/application/toolchain/bin/../lib/gcc/arm-none-eabi/4.7.4/../../../../arm-none-eabi/lib\libc.a
END GROUP

.fixed          0x20000000    0x46c14
                0x20000000                . = ALIGN (0x4)
                0x20000000                _sfixed = .
 *(.startup)
 .startup       0x20000000      0x184 C:/ISIS/workspace/ycube/GlobusSatProject/..//hal/at91/lib\libAt91D.a(board_cstartup.o)
                0x20000000                entry
 *(.text)
 .text          0x20000184       0x64 C:/ISIS/workspace/ycube/GlobusSatProject/..//hal/at91/lib\libAt91D.a(cp15_asm.o)
                0x20000184                _readControlRegister
                0x20000190                _writeControlRegister
                0x20000198                _waitForInterrupt
                0x200001a4                _writeTTB
                0x200001ac                _writeDomain
                0x200001b4                _writeITLBLockdown
                0x200001bc                _prefetchICacheLine
                0x200001c4                _flushDCache
                0x200001d0                _flushWriteBuffer
                0x200001dc                _invalidateIDTLBs
 .text          0x200001e8      0x114 c:/isis/application/toolchain/bin/../lib/gcc/arm-none-eabi/4.7.4\libgcc.a(_udivsi3.o)
                0x200001e8                __aeabi_uidiv
                0x200001e8                __udivsi3
                0x200002dc                __aeabi_uidivmod
 .text          0x200002fc      0x148 c:/isis/application/toolchain/bin/../lib/gcc/arm-none-eabi/4.7.4\libgcc.a(_divsi3.o)
                0x200002fc                __divsi3
                0x200002fc                __aeabi_idiv
                0x20000424                __aeabi_idivmod
 .text          0x20000444        0x4 c:/isis/application/toolchain/bin/../lib/gcc/arm-none-eabi/4.7.4\libgcc.a(_dvmd_tls.o)
                0x20000444                __aeabi_idiv0
                0x20000444                __aeabi_ldiv0
 .text          0x20000448      0x41c c:/isis/application/toolchain/bin/../lib/gcc/arm-none-eabi/4.7.4\libgcc.a(_arm_addsubdf3.o)
                0x20000448                __aeabi_drsub
                0x20000450                __aeabi_dsub
                0x20000450                __subdf3
                0x20000454                __aeabi_dadd
                0x20000454                __adddf3
                0x20000764                __floatunsidf
                0x20000764                __aeabi_ui2d
                0x20000788                __floatsidf
                0x20000788                __aeabi_i2d
                0x200007b0                __aeabi_f2d
                0x200007b0                __extendsfdf2
                0x200007f0                __floatundidf
                0x200007f0                __aeabi_ul2d
                0x20000804                __floatdidf
                0x20000804                __aeabi_l2d
 .text          0x20000864      0x49c c:/isis/application/toolchain/bin/../lib/gcc/arm-none-eabi/4.7.4\libgcc.a(_arm_muldivdf3.o)
                0x20000864                __aeabi_dmul
                0x20000864                __muldf3
                0x20000af4                __divdf3
                0x20000af4                __aeabi_ddiv
 .text          0x20000d00      0x144 c:/isis/application/toolchain/bin/../lib/gcc/arm-none-eabi/4.7.4\libgcc.a(_arm_cmpdf2.o)
                0x20000d00                __gtdf2
                0x20000d00                __gedf2
                0x20000d08                __ltdf2
                0x20000d08                __ledf2
                0x20000d10                __nedf2
                0x20000d10                __eqdf2
                0x20000d10                __cmpdf2
                0x20000d98                __aeabi_cdrcmple
                0x20000db4                __aeabi_cdcmpeq
                0x20000db4                __aeabi_cdcmple
                0x20000dcc                __aeabi_dcmpeq
                0x20000de4                __aeabi_dcmplt
                0x20000dfc                __aeabi_dcmple
                0x20000e14                __aeabi_dcmpge
                0x20000e2c                __aeabi_dcmpgt
 .text          0x20000e44       0xa0 c:/isis/application/toolchain/bin/../lib/gcc/arm-none-eabi/4.7.4\libgcc.a(_arm_truncdfsf2.o)
                0x20000e44                __truncdfsf2
                0x20000e44                __aeabi_d2f
 .text          0x20000ee4      0x2ac c:/isis/application/toolchain/bin/../lib/gcc/arm-none-eabi/4.7.4\libgcc.a(_arm_addsubsf3.o)
                0x20000ee4                __aeabi_frsub
                0x20000eec                __subsf3
                0x20000eec                __aeabi_fsub
                0x20000ef0                __aeabi_fadd
                0x20000ef0                __addsf3
                0x200010ac                __aeabi_ui2f
                0x200010ac                __floatunsisf
                0x200010b4                __aeabi_i2f
                0x200010b4                __floatsisf
                0x200010d4                __aeabi_ul2f
                0x200010d4                __floatundisf
                0x200010e4                __aeabi_l2f
                0x200010e4                __floatdisf
 .text          0x20001190      0x2f8 c:/isis/application/toolchain/bin/../lib/gcc/arm-none-eabi/4.7.4\libgcc.a(_arm_muldivsf3.o)
                0x20001190                __mulsf3
                0x20001190                __aeabi_fmul
                0x20001328                __aeabi_fdiv
                0x20001328                __divsf3
 .text          0x20001488      0x114 c:/isis/application/toolchain/bin/../lib/gcc/arm-none-eabi/4.7.4\libgcc.a(_arm_cmpsf2.o)
                0x20001488                __gesf2
                0x20001488                __gtsf2
                0x20001490                __lesf2
                0x20001490                __ltsf2
                0x20001498                __nesf2
                0x20001498                __eqsf2
                0x20001498                __cmpsf2
                0x200014fc                __aeabi_cfrcmple
                0x2000150c                __aeabi_cfcmpeq
                0x2000150c                __aeabi_cfcmple
                0x20001524                __aeabi_fcmpeq
                0x2000153c                __aeabi_fcmplt
                0x20001554                __aeabi_fcmple
                0x2000156c                __aeabi_fcmpge
                0x20001584                __aeabi_fcmpgt
 .text          0x2000159c       0x54 c:/isis/application/toolchain/bin/../lib/gcc/arm-none-eabi/4.7.4\libgcc.a(_arm_fixunssfsi.o)
                0x2000159c                __fixunssfsi
                0x2000159c                __aeabi_f2uiz
 .text          0x200015f0       0x5c c:/isis/application/toolchain/bin/../lib/gcc/arm-none-eabi/4.7.4\libgcc.a(_arm_fixdfsi.o)
                0x200015f0                __aeabi_d2iz
                0x200015f0                __fixdfsi
 .text          0x2000164c       0x54 c:/isis/application/toolchain/bin/../lib/gcc/arm-none-eabi/4.7.4\libgcc.a(_arm_fixunsdfsi.o)
                0x2000164c                __aeabi_d2uiz
                0x2000164c                __fixunsdfsi
 .text          0x200016a0       0x3c c:/isis/application/toolchain/bin/../lib/gcc/arm-none-eabi/4.7.4\libgcc.a(_aeabi_uldivmod.o)
                0x200016a0                __aeabi_uldivmod
 .text          0x200016dc       0x84 c:/isis/application/toolchain/bin/../lib/gcc/arm-none-eabi/4.7.4\libgcc.a(bpabi.o)
                0x200016dc                __gnu_ldivmod_helper
                0x20001720                __gnu_uldivmod_helper
 .text          0x20001760      0x4f0 c:/isis/application/toolchain/bin/../lib/gcc/arm-none-eabi/4.7.4\libgcc.a(_divdi3.o)
                0x20001760                __divdi3
 .text          0x20001c50      0x488 c:/isis/application/toolchain/bin/../lib/gcc/arm-none-eabi/4.7.4\libgcc.a(_udivdi3.o)
                0x20001c50                __udivdi3
 .text          0x200020d8       0x48 c:/isis/application/toolchain/bin/../lib/gcc/arm-none-eabi/4.7.4\libgcc.a(_clzsi2.o)
                0x200020d8                __clzsi2
 *(.text*)
 .text.TestActUponCommand
                0x20002120      0x114 ./src/TestingDemos/CommandsTestingDemo.o
                0x20002120                TestActUponCommand
 .text.TestAssmbleCommand
                0x20002234      0x134 ./src/TestingDemos/CommandsTestingDemo.o
                0x20002234                TestAssmbleCommand
 .text.TestGetDelayedCommand
                0x20002368       0xa0 ./src/TestingDemos/CommandsTestingDemo.o
                0x20002368                TestGetDelayedCommand
 .text.TestAddDelayedCommand
                0x20002408       0xbc ./src/TestingDemos/CommandsTestingDemo.o
                0x20002408                TestAddDelayedCommand
 .text.TestGetDelayedCommandBufferCount
                0x200024c4       0x54 ./src/TestingDemos/CommandsTestingDemo.o
                0x200024c4                TestGetDelayedCommandBufferCount
 .text.TestGetOnlineCommand
                0x20002518       0xc8 ./src/TestingDemos/CommandsTestingDemo.o
                0x20002518                TestGetOnlineCommand
 .text.TestDeleteDelayedCommandByIndex
                0x200025e0      0x1c0 ./src/TestingDemos/CommandsTestingDemo.o
                0x200025e0                TestDeleteDelayedCommandByIndex
 .text.TestDeleteDelayedBuffer
                0x200027a0      0x140 ./src/TestingDemos/CommandsTestingDemo.o
                0x200027a0                TestDeleteDelayedBuffer
 .text.selectAndExecuteCommandsDemoTest
                0x200028e0      0x174 ./src/TestingDemos/CommandsTestingDemo.o
                0x200028e0                selectAndExecuteCommandsDemoTest
 .text.MainCommandsTestBench
                0x20002a54       0x44 ./src/TestingDemos/CommandsTestingDemo.o
                0x20002a54                MainCommandsTestBench
 .text.TestEpsConditioning
                0x20002a98      0x1e8 ./src/TestingDemos/EpsTestingDemo.o
                0x20002a98                TestEpsConditioning
 .text.TestGetBatteryVoltage
                0x20002c80       0x64 ./src/TestingDemos/EpsTestingDemo.o
                0x20002c80                TestGetBatteryVoltage
 .text.TestUpdateThreshVoltages
                0x20002ce4      0x170 ./src/TestingDemos/EpsTestingDemo.o
                0x20002ce4                TestUpdateThreshVoltages
 .text.TestGetThreshVoltages
                0x20002e54       0xb0 ./src/TestingDemos/EpsTestingDemo.o
                0x20002e54                TestGetThreshVoltages
 .text.TestUpdateAlpha
                0x20002f04       0xc0 ./src/TestingDemos/EpsTestingDemo.o
                0x20002f04                TestUpdateAlpha
 .text.TestGetAlpha
                0x20002fc4       0x78 ./src/TestingDemos/EpsTestingDemo.o
                0x20002fc4                TestGetAlpha
 .text.TestRestoreDefaultAlpha
                0x2000303c       0xf4 ./src/TestingDemos/EpsTestingDemo.o
                0x2000303c                TestRestoreDefaultAlpha
 .text.TestRestoreDefaultThresholdVoltages
                0x20003130      0x154 ./src/TestingDemos/EpsTestingDemo.o
                0x20003130                TestRestoreDefaultThresholdVoltages
 .text.GetHeaterValues
                0x20003284       0xb0 ./src/TestingDemos/EpsTestingDemo.o
                0x20003284                GetHeaterValues
 .text.SetHeaterValues
                0x20003334      0x104 ./src/TestingDemos/EpsTestingDemo.o
                0x20003334                SetHeaterValues
 .text.selectAndExecuteEpsDemoTest
                0x20003438      0x1b0 ./src/TestingDemos/EpsTestingDemo.o
                0x20003438                selectAndExecuteEpsDemoTest
 .text.MainEpsTestBench
                0x200035e8       0x40 ./src/TestingDemos/EpsTestingDemo.o
                0x200035e8                MainEpsTestBench
 .text.TestListFiles
                0x20003628      0x10c ./src/TestingDemos/FileSystemTestingDemo.o
                0x20003628                TestListFiles
 .text.TestlistTLMFiles
                0x20003734      0x1c8 ./src/TestingDemos/FileSystemTestingDemo.o
                0x20003734                TestlistTLMFiles
 .text.TestListAllFiles
                0x200038fc       0xb4 ./src/TestingDemos/FileSystemTestingDemo.o
                0x200038fc                TestListAllFiles
 .text.TestLOGTLM
                0x200039b0      0x110 ./src/TestingDemos/FileSystemTestingDemo.o
                0x200039b0                TestLOGTLM
 .text.TestEPSTLM
                0x20003ac0       0xa8 ./src/TestingDemos/FileSystemTestingDemo.o
                0x20003ac0                TestEPSTLM
 .text.TestReadTimeRangeTLMRes
                0x20003b68      0x210 ./src/TestingDemos/FileSystemTestingDemo.o
                0x20003b68                TestReadTimeRangeTLMRes
 .text.TestReadTimeRangeTLM
                0x20003d78      0x178 ./src/TestingDemos/FileSystemTestingDemo.o
                0x20003d78                TestReadTimeRangeTLM
 .text.GenerateWODTLM
                0x20003ef0       0xd0 ./src/TestingDemos/FileSystemTestingDemo.o
                0x20003ef0                GenerateWODTLM
 .text.DeleteOldFiles
                0x20003fc0      0x294 ./src/TestingDemos/FileSystemTestingDemo.o
                0x20003fc0                DeleteOldFiles
 .text.CreateFiles4DeleteTest2
                0x20004254      0x19c ./src/TestingDemos/FileSystemTestingDemo.o
                0x20004254                CreateFiles4DeleteTest2
 .text.copyTLMFile
                0x200043f0      0x22c ./src/TestingDemos/FileSystemTestingDemo.o
                0x200043f0                copyTLMFile
 .text.TestWODTLM
                0x2000461c       0xa8 ./src/TestingDemos/FileSystemTestingDemo.o
                0x2000461c                TestWODTLM
 .text.TestDeleteFiels
                0x200046c4      0x2b8 ./src/TestingDemos/FileSystemTestingDemo.o
                0x200046c4                TestDeleteFiels
 .text.TestReadMultiFiels
                0x2000497c      0x2ac ./src/TestingDemos/FileSystemTestingDemo.o
                0x2000497c                TestReadMultiFiels
 .text.TestTRXVUTLM
                0x20004c28      0x11c ./src/TestingDemos/FileSystemTestingDemo.o
                0x20004c28                TestTRXVUTLM
 .text.FullSDTest
                0x20004d44      0x180 ./src/TestingDemos/FileSystemTestingDemo.o
                0x20004d44                FullSDTest
 .text.LogErrorRateTest
                0x20004ec4      0x11c ./src/TestingDemos/FileSystemTestingDemo.o
                0x20004ec4                LogErrorRateTest
 .text.deleteMonth
                0x20004fe0       0x78 ./src/TestingDemos/FileSystemTestingDemo.o
                0x20004fe0                deleteMonth
 .text.selectAndExecuteFSTest
                0x20005058      0x238 ./src/TestingDemos/FileSystemTestingDemo.o
                0x20005058                selectAndExecuteFSTest
 .text.MainFileSystemTestBench
                0x20005290       0x44 ./src/TestingDemos/FileSystemTestingDemo.o
                0x20005290                MainFileSystemTestBench
 .text.selectAndExecuteTest
                0x200052d4      0x168 ./src/TestingDemos/MainTest.o
                0x200052d4                selectAndExecuteTest
 .text.taskTesting
                0x2000543c       0x28 ./src/TestingDemos/MainTest.o
                0x2000543c                taskTesting
 .text.printSDINfo
                0x20005464       0x84 ./src/TestingDemos/MaintenanceTestingDemo.o
                0x20005464                printSDINfo
 .text.changeFirstActivation
                0x200054e8       0x84 ./src/TestingDemos/MaintenanceTestingDemo.o
                0x200054e8                changeFirstActivation
 .text.selectAndExecuteMaintenanceDemoTest
                0x2000556c      0x19c ./src/TestingDemos/MaintenanceTestingDemo.o
                0x2000556c                selectAndExecuteMaintenanceDemoTest
 .text.MainMaintenanceTestBench
                0x20005708       0x40 ./src/TestingDemos/MaintenanceTestingDemo.o
                0x20005708                MainMaintenanceTestBench
 .text.MainTelemetryTestBench
                0x20005748       0x1c ./src/TestingDemos/TelemetryTestingDemo.o
                0x20005748                MainTelemetryTestBench
 .text.TestInitTrxvu
                0x20005764       0x54 ./src/TestingDemos/TrxvuTestingDemo.o
                0x20005764                TestInitTrxvu
 .text.TestInitTrxvuWithDifferentFrameLengths
                0x200057b8      0x134 ./src/TestingDemos/TrxvuTestingDemo.o
                0x200057b8                TestInitTrxvuWithDifferentFrameLengths
 .text.TestTrxvuLogic
                0x200058ec       0xd4 ./src/TestingDemos/TrxvuTestingDemo.o
                0x200058ec                TestTrxvuLogic
 .text.TestCheckTransmitionAllowed
                0x200059c0       0xa4 ./src/TestingDemos/TrxvuTestingDemo.o
                0x200059c0                TestCheckTransmitionAllowed
 .text.TestSendDumpAbortRequest
                0x20005a64       0x24 ./src/TestingDemos/TrxvuTestingDemo.o
                0x20005a64                TestSendDumpAbortRequest
 .text.TestTransmitDummySplPacket
                0x20005a88       0xc0 ./src/TestingDemos/TrxvuTestingDemo.o
                0x20005a88                TestTransmitDummySplPacket
 .text.TestTransmitSplPacket
                0x20005b48      0x1ec ./src/TestingDemos/TrxvuTestingDemo.o
                0x20005b48                TestTransmitSplPacket
 .text.TestExitDump
                0x20005d34       0x1c ./src/TestingDemos/TrxvuTestingDemo.o
                0x20005d34                TestExitDump
 .text.TestDumpTelemetry
                0x20005d50       0x9c ./src/TestingDemos/TrxvuTestingDemo.o
                0x20005d50                TestDumpTelemetry
 .text.TestRestoreDefaultBeaconParameters
                0x20005dec       0x1c ./src/TestingDemos/TrxvuTestingDemo.o
                0x20005dec                TestRestoreDefaultBeaconParameters
 .text.TestChooseDefaultBeaconCycle
                0x20005e08       0xe0 ./src/TestingDemos/TrxvuTestingDemo.o
                0x20005e08                TestChooseDefaultBeaconCycle
 .text.TestBeaconLogic
                0x20005ee8       0xdc ./src/TestingDemos/TrxvuTestingDemo.o
                0x20005ee8                TestBeaconLogic
 .text.TestMuteTrxvu
                0x20005fc4       0x9c ./src/TestingDemos/TrxvuTestingDemo.o
                0x20005fc4                TestMuteTrxvu
 .text.TestUnMuteTrxvu
                0x20006060       0x30 ./src/TestingDemos/TrxvuTestingDemo.o
                0x20006060                TestUnMuteTrxvu
 .text.TestGetNumberOfFramesInBuffer
                0x20006090       0x54 ./src/TestingDemos/TrxvuTestingDemo.o
                0x20006090                TestGetNumberOfFramesInBuffer
 .text.TestSetTrxvuBitrate
                0x200060e4       0xf0 ./src/TestingDemos/TrxvuTestingDemo.o
                0x200060e4                TestSetTrxvuBitrate
 .text.TestGetTrxvuBitrate
                0x200061d4       0xb0 ./src/TestingDemos/TrxvuTestingDemo.o
                0x200061d4                TestGetTrxvuBitrate
 .text.TestTransmitDataAsSPL_Packet
                0x20006284      0x114 ./src/TestingDemos/TrxvuTestingDemo.o
                0x20006284                TestTransmitDataAsSPL_Packet
 .text.selectAndExecuteTrxvuDemoTest
                0x20006398      0x290 ./src/TestingDemos/TrxvuTestingDemo.o
                0x20006398                selectAndExecuteTrxvuDemoTest
 .text.MainTrxvuTestBench
                0x20006628       0x44 ./src/TestingDemos/TrxvuTestingDemo.o
                0x20006628                MainTrxvuTestBench
 .text.GetBatteryVoltage
                0x2000666c       0x38 ./src/SubSystemModules/PowerManagment/EPS.o
                0x2000666c                GetBatteryVoltage
 .text.EPS_Init
                0x200066a4       0xb8 ./src/SubSystemModules/PowerManagment/EPS.o
                0x200066a4                EPS_Init
 .text.EPS_Conditioning
                0x2000675c      0x1c4 ./src/SubSystemModules/PowerManagment/EPS.o
                0x2000675c                EPS_Conditioning
 .text.UpdateAlpha
                0x20006920       0xd8 ./src/SubSystemModules/PowerManagment/EPS.o
                0x20006920                UpdateAlpha
 .text.UpdateThresholdVoltages
                0x200069f8      0x218 ./src/SubSystemModules/PowerManagment/EPS.o
                0x200069f8                UpdateThresholdVoltages
 .text.GetThresholdVoltages
                0x20006c10       0x80 ./src/SubSystemModules/PowerManagment/EPS.o
                0x20006c10                GetThresholdVoltages
 .text.GetAlpha
                0x20006c90       0x7c ./src/SubSystemModules/PowerManagment/EPS.o
                0x20006c90                GetAlpha
 .text.RestoreDefaultThresholdVoltages
                0x20006d0c       0x74 ./src/SubSystemModules/PowerManagment/EPS.o
                0x20006d0c                RestoreDefaultThresholdVoltages
 .text.CMDGetHeaterValues
                0x20006d80       0x24 ./src/SubSystemModules/PowerManagment/EPS.o
                0x20006d80                CMDGetHeaterValues
 .text.CMDSetHeaterValues
                0x20006da4       0x58 ./src/SubSystemModules/PowerManagment/EPS.o
                0x20006da4                CMDSetHeaterValues
 .text.EnterFullMode
                0x20006dfc       0x44 ./src/SubSystemModules/PowerManagment/EPSOperationModes.o
                0x20006dfc                EnterFullMode
 .text.EnterCruiseMode
                0x20006e40       0x44 ./src/SubSystemModules/PowerManagment/EPSOperationModes.o
                0x20006e40                EnterCruiseMode
 .text.EnterSafeMode
                0x20006e84       0x44 ./src/SubSystemModules/PowerManagment/EPSOperationModes.o
                0x20006e84                EnterSafeMode
 .text.EnterCriticalMode
                0x20006ec8       0x44 ./src/SubSystemModules/PowerManagment/EPSOperationModes.o
                0x20006ec8                EnterCriticalMode
 .text.GetSystemState
                0x20006f0c       0x24 ./src/SubSystemModules/PowerManagment/EPSOperationModes.o
                0x20006f0c                GetSystemState
 .text.GetSystemChannelState
                0x20006f30       0x24 ./src/SubSystemModules/PowerManagment/EPSOperationModes.o
                0x20006f30                GetSystemChannelState
 .text.EpsGetLowVoltageFlag
                0x20006f54       0x24 ./src/SubSystemModules/PowerManagment/EPSOperationModes.o
                0x20006f54                EpsGetLowVoltageFlag
 .text.EpsSetLowVoltageFlag
                0x20006f78       0x2c ./src/SubSystemModules/PowerManagment/EPSOperationModes.o
                0x20006f78                EpsSetLowVoltageFlag
 .text.CheckExecutionTime
                0x20006fa4       0x80 ./src/SubSystemModules/Maintenance/Maintenance.o
                0x20006fa4                CheckExecutionTime
 .text.SaveSatTimeInFRAM
                0x20007024       0x44 ./src/SubSystemModules/Maintenance/Maintenance.o
                0x20007024                SaveSatTimeInFRAM
 .text.WakeupFromResetCMD
                0x20007068      0x120 ./src/SubSystemModules/Maintenance/Maintenance.o
                0x20007068                WakeupFromResetCMD
 .text.ResetGroundCommWDT
                0x20007188       0x1c ./src/SubSystemModules/Maintenance/Maintenance.o
                0x20007188                ResetGroundCommWDT
 .text.DeleteOldFiels
                0x200071a4      0x2f4 ./src/SubSystemModules/Maintenance/Maintenance.o
                0x200071a4                DeleteOldFiels
 .text.HardResetMCU
                0x20007498       0x24 ./src/SubSystemModules/Maintenance/Maintenance.o
                0x20007498                HardResetMCU
 .text.InitSavePeriodTimes
                0x200074bc       0x78 ./src/SubSystemModules/Housekepping/TelemetryCollector.o
                0x200074bc                InitSavePeriodTimes
 .text.CMD_GetTLMPeriodTimes
                0x20007534       0x38 ./src/SubSystemModules/Housekepping/TelemetryCollector.o
                0x20007534                CMD_GetTLMPeriodTimes
 .text.CMD_SetTLMPeriodTimes
                0x2000756c      0x17c ./src/SubSystemModules/Housekepping/TelemetryCollector.o
                0x2000756c                CMD_SetTLMPeriodTimes
 .text.TelemetryCollectorLogic
                0x200076e8      0x208 ./src/SubSystemModules/Housekepping/TelemetryCollector.o
                0x200076e8                TelemetryCollectorLogic
 .text.TelemetrySaveEPS
                0x200078f0       0x18 ./src/SubSystemModules/Housekepping/TelemetryCollector.o
                0x200078f0                TelemetrySaveEPS
 .text.TelemetrySaveTRXVU
                0x20007908       0x94 ./src/SubSystemModules/Housekepping/TelemetryCollector.o
                0x20007908                TelemetrySaveTRXVU
 .text.TelemetrySaveANT
                0x2000799c       0xa4 ./src/SubSystemModules/Housekepping/TelemetryCollector.o
                0x2000799c                TelemetrySaveANT
 .text.TelemetrySaveSolarPanels
                0x20007a40      0x228 ./src/SubSystemModules/Housekepping/TelemetryCollector.o
                0x20007a40                TelemetrySaveSolarPanels
 .text.TelemetrySaveWOD
                0x20007c68       0x48 ./src/SubSystemModules/Housekepping/TelemetryCollector.o
                0x20007c68                TelemetrySaveWOD
 .text.GetCurrentWODTelemetry
                0x20007cb0      0x74c ./src/SubSystemModules/Housekepping/TelemetryCollector.o
                0x20007cb0                GetCurrentWODTelemetry
 .text.CMD_EPS_ResetWDT
                0x200083fc       0x48 ./src/SubSystemModules/Communication/SubsystemCommands/EPS_Commands.o
                0x200083fc                CMD_EPS_ResetWDT
 .text.CMD_DeleteTLM
                0x20008444      0x1d8 ./src/SubSystemModules/Communication/SubsystemCommands/FS_Commands.o
                0x20008444                CMD_DeleteTLM
 .text.CMD_DeleteAllFiles
                0x2000861c       0x38 ./src/SubSystemModules/Communication/SubsystemCommands/FS_Commands.o
                0x2000861c                CMD_DeleteAllFiles
 .text.CMD_GetLastFS_Error
                0x20008654       0x4c ./src/SubSystemModules/Communication/SubsystemCommands/FS_Commands.o
                0x20008654                CMD_GetLastFS_Error
 .text.CMD_GenericI2C
                0x200086a0      0x144 ./src/SubSystemModules/Communication/SubsystemCommands/Maintanence_Commands.o
                0x200086a0                CMD_GenericI2C
 .text.CMD_FRAM_ReadAndTransmitt
                0x200087e4       0xe8 ./src/SubSystemModules/Communication/SubsystemCommands/Maintanence_Commands.o
                0x200087e4                CMD_FRAM_ReadAndTransmitt
 .text.CMD_FRAM_WriteAndTransmitt
                0x200088cc      0x11c ./src/SubSystemModules/Communication/SubsystemCommands/Maintanence_Commands.o
                0x200088cc                CMD_FRAM_WriteAndTransmitt
 .text.CMD_FRAM_ReStart
                0x200089e8       0x4c ./src/SubSystemModules/Communication/SubsystemCommands/Maintanence_Commands.o
                0x200089e8                CMD_FRAM_ReStart
 .text.CMD_UpdateSatTime
                0x20008a34       0xa4 ./src/SubSystemModules/Communication/SubsystemCommands/Maintanence_Commands.o
                0x20008a34                CMD_UpdateSatTime
 .text.CMD_GetSatUptime
                0x20008ad8       0x48 ./src/SubSystemModules/Communication/SubsystemCommands/Maintanence_Commands.o
                0x20008ad8                CMD_GetSatUptime
 .text.CMD_ResetComponent
                0x20008b20      0x290 ./src/SubSystemModules/Communication/SubsystemCommands/Maintanence_Commands.o
                0x20008b20                CMD_ResetComponent
 .text.DumpTask
                0x20008db0      0x310 ./src/SubSystemModules/Communication/SubsystemCommands/TRXVU_Commands.o
                0x20008db0                DumpTask
 .text.CMD_AntennaDeploy
                0x200090c0       0xec ./src/SubSystemModules/Communication/SubsystemCommands/TRXVU_Commands.o
                0x200090c0                CMD_AntennaDeploy
 .text.CMD_StartDump
                0x200091ac      0x224 ./src/SubSystemModules/Communication/SubsystemCommands/TRXVU_Commands.o
                0x200091ac                CMD_StartDump
 .text.CMD_SendDumpAbortRequest
                0x200093d0       0x38 ./src/SubSystemModules/Communication/SubsystemCommands/TRXVU_Commands.o
                0x200093d0                CMD_SendDumpAbortRequest
 .text.CMD_ForceDumpAbort
                0x20009408       0x3c ./src/SubSystemModules/Communication/SubsystemCommands/TRXVU_Commands.o
                0x20009408                CMD_ForceDumpAbort
 .text.CMD_SetTransponder
                0x20009444      0x148 ./src/SubSystemModules/Communication/SubsystemCommands/TRXVU_Commands.o
                0x20009444                CMD_SetTransponder
 .text.CMD_SetRSSITransponder
                0x2000958c       0x90 ./src/SubSystemModules/Communication/SubsystemCommands/TRXVU_Commands.o
                0x2000958c                CMD_SetRSSITransponder
 .text.CMD_MuteTRXVU
                0x2000961c       0xc4 ./src/SubSystemModules/Communication/SubsystemCommands/TRXVU_Commands.o
                0x2000961c                CMD_MuteTRXVU
 .text.CMD_SetIdleState
                0x200096e0       0x94 ./src/SubSystemModules/Communication/SubsystemCommands/TRXVU_Commands.o
                0x200096e0                CMD_SetIdleState
 .text.CMD_UnMuteTRXVU
                0x20009774       0x38 ./src/SubSystemModules/Communication/SubsystemCommands/TRXVU_Commands.o
                0x20009774                CMD_UnMuteTRXVU
 .text.CMD_GetBaudRate
                0x200097ac       0x68 ./src/SubSystemModules/Communication/SubsystemCommands/TRXVU_Commands.o
                0x200097ac                CMD_GetBaudRate
 .text.CMD_TrasmitBeacon
                0x20009814       0x48 ./src/SubSystemModules/Communication/SubsystemCommands/TRXVU_Commands.o
                0x20009814                CMD_TrasmitBeacon
 .text.CMD_GetBeaconInterval
                0x2000985c       0x6c ./src/SubSystemModules/Communication/SubsystemCommands/TRXVU_Commands.o
                0x2000985c                CMD_GetBeaconInterval
 .text.CMD_SetBaudRate
                0x200098c8       0x60 ./src/SubSystemModules/Communication/SubsystemCommands/TRXVU_Commands.o
                0x200098c8                CMD_SetBaudRate
 .text.CMD_GetTxUptime
                0x20009928       0x64 ./src/SubSystemModules/Communication/SubsystemCommands/TRXVU_Commands.o
                0x20009928                CMD_GetTxUptime
 .text.CMD_GetRxUptime
                0x2000998c       0x64 ./src/SubSystemModules/Communication/SubsystemCommands/TRXVU_Commands.o
                0x2000998c                CMD_GetRxUptime
 .text.CMD_GetNumOfOnlineCommands
                0x200099f0       0x64 ./src/SubSystemModules/Communication/SubsystemCommands/TRXVU_Commands.o
                0x200099f0                CMD_GetNumOfOnlineCommands
 .text.CMD_AntSetArmStatus
                0x20009a54       0xa0 ./src/SubSystemModules/Communication/SubsystemCommands/TRXVU_Commands.o
                0x20009a54                CMD_AntSetArmStatus
 .text.CMD_AntGetArmStatus
                0x20009af4       0x70 ./src/SubSystemModules/Communication/SubsystemCommands/TRXVU_Commands.o
                0x20009af4                CMD_AntGetArmStatus
 .text.CMD_AntGetUptime
                0x20009b64       0x78 ./src/SubSystemModules/Communication/SubsystemCommands/TRXVU_Commands.o
                0x20009b64                CMD_AntGetUptime
 .text.CMD_StopReDeployment
                0x20009bdc       0xac ./src/SubSystemModules/Communication/SubsystemCommands/TRXVU_Commands.o
                0x20009bdc                CMD_StopReDeployment
 .text.CMD_AntCancelDeployment
                0x20009c88       0x68 ./src/SubSystemModules/Communication/SubsystemCommands/TRXVU_Commands.o
                0x20009c88                CMD_AntCancelDeployment
 .text.SendAckPacket
                0x20009cf0       0xe4 ./src/SubSystemModules/Communication/AckHandler.o
                0x20009cf0                SendAckPacket
 .text.trxvu_command_router
                0x20009dd4      0x548 ./src/SubSystemModules/Communication/CommandDictionary.o
                0x20009dd4                trxvu_command_router
 .text.eps_command_router
                0x2000a31c       0xdc ./src/SubSystemModules/Communication/CommandDictionary.o
                0x2000a31c                eps_command_router
 .text.telemetry_command_router
                0x2000a3f8      0x1f4 ./src/SubSystemModules/Communication/CommandDictionary.o
                0x2000a3f8                telemetry_command_router
 .text.managment_command_router
                0x2000a5ec      0x12c ./src/SubSystemModules/Communication/CommandDictionary.o
                0x2000a5ec                managment_command_router
 .text.filesystem_command_router
                0x2000a718       0x24 ./src/SubSystemModules/Communication/CommandDictionary.o
                0x2000a718                filesystem_command_router
 .text.ParseDataToCommand
                0x2000a73c      0x1ac ./src/SubSystemModules/Communication/SatCommandHandler.o
                0x2000a73c                ParseDataToCommand
 .text.AssembleCommand
                0x2000a8e8      0x148 ./src/SubSystemModules/Communication/SatCommandHandler.o
                0x2000a8e8                AssembleCommand
 .text.GetDelayedCommand
                0x2000aa30       0x24 ./src/SubSystemModules/Communication/SatCommandHandler.o
                0x2000aa30                GetDelayedCommand
 .text.AddDelayedCommand
                0x2000aa54       0x24 ./src/SubSystemModules/Communication/SatCommandHandler.o
                0x2000aa54                AddDelayedCommand
 .text.GetDelayedCommandBufferCount
                0x2000aa78       0x50 ./src/SubSystemModules/Communication/SatCommandHandler.o
                0x2000aa78                GetDelayedCommandBufferCount
 .text.GetDelayedCommandByIndex
                0x2000aac8       0x28 ./src/SubSystemModules/Communication/SatCommandHandler.o
                0x2000aac8                GetDelayedCommandByIndex
 .text.DeleteDelayedCommandByIndex
                0x2000aaf0       0x24 ./src/SubSystemModules/Communication/SatCommandHandler.o
                0x2000aaf0                DeleteDelayedCommandByIndex
 .text.DeleteDelayedBuffer
                0x2000ab14       0x1c ./src/SubSystemModules/Communication/SatCommandHandler.o
                0x2000ab14                DeleteDelayedBuffer
 .text.ActUponCommand
                0x2000ab30      0x108 ./src/SubSystemModules/Communication/SatCommandHandler.o
                0x2000ab30                ActUponCommand
 .text.setMuteEndTime
                0x2000ac38       0x40 ./src/SubSystemModules/Communication/TRXVU.o
                0x2000ac38                setMuteEndTime
 .text.getMuteEndTime
                0x2000ac78       0x44 ./src/SubSystemModules/Communication/TRXVU.o
                0x2000ac78                getMuteEndTime
 .text.setTransponderEndTime
                0x2000acbc       0x40 ./src/SubSystemModules/Communication/TRXVU.o
                0x2000acbc                setTransponderEndTime
 .text.getTransponderEndTime
                0x2000acfc       0x44 ./src/SubSystemModules/Communication/TRXVU.o
                0x2000acfc                getTransponderEndTime
 .text.setTransponderRSSIinFRAM
                0x2000ad40       0x44 ./src/SubSystemModules/Communication/TRXVU.o
                0x2000ad40                setTransponderRSSIinFRAM
 .text.getTransponderRSSIFromFRAM
                0x2000ad84       0x4c ./src/SubSystemModules/Communication/TRXVU.o
                0x2000ad84                getTransponderRSSIFromFRAM
 .text.InitTxModule
                0x2000add0       0x68 ./src/SubSystemModules/Communication/TRXVU.o
                0x2000add0                InitTxModule
 .text.CMD_SetBeaconInterval
                0x2000ae38       0xdc ./src/SubSystemModules/Communication/TRXVU.o
                0x2000ae38                CMD_SetBeaconInterval
 .text.InitBeaconParams
                0x2000af14       0x3c ./src/SubSystemModules/Communication/TRXVU.o
                0x2000af14                InitBeaconParams
 .text.InitSemaphores
                0x2000af50       0x98 ./src/SubSystemModules/Communication/TRXVU.o
                0x2000af50                InitSemaphores
 .text.InitTrxvu
                0x2000afe8       0xec ./src/SubSystemModules/Communication/TRXVU.o
                0x2000afe8                InitTrxvu
 .text.checkIdleFinish
                0x2000b0d4       0x68 ./src/SubSystemModules/Communication/TRXVU.o
                0x2000b0d4                checkIdleFinish
 .text.checkTransponderFinish
                0x2000b13c       0x98 ./src/SubSystemModules/Communication/TRXVU.o
                0x2000b13c                checkTransponderFinish
 .text.checkTransponderStart
                0x2000b1d4       0x50 ./src/SubSystemModules/Communication/TRXVU.o
                0x2000b1d4                checkTransponderStart
 .text.turnOnTransponder
                0x2000b224       0xa0 ./src/SubSystemModules/Communication/TRXVU.o
                0x2000b224                turnOnTransponder
 .text.SetRSSITransponder
                0x2000b2c4       0x80 ./src/SubSystemModules/Communication/TRXVU.o
                0x2000b2c4                SetRSSITransponder
 .text.TRX_Logic
                0x2000b344       0xd4 ./src/SubSystemModules/Communication/TRXVU.o
                0x2000b344                TRX_Logic
 .text.GetNumberOfFramesInBuffer
                0x2000b418       0x5c ./src/SubSystemModules/Communication/TRXVU.o
                0x2000b418                GetNumberOfFramesInBuffer
 .text.GetOnlineCommand
                0x2000b474      0x17c ./src/SubSystemModules/Communication/TRXVU.o
                0x2000b474                GetOnlineCommand
 .text.CheckTransmitionAllowed
                0x2000b5f0       0xc0 ./src/SubSystemModules/Communication/TRXVU.o
                0x2000b5f0                CheckTransmitionAllowed
 .text.FinishDump
                0x2000b6b0       0xf0 ./src/SubSystemModules/Communication/TRXVU.o
                0x2000b6b0                FinishDump
 .text.AbortDump
                0x2000b7a0       0x34 ./src/SubSystemModules/Communication/TRXVU.o
                0x2000b7a0                AbortDump
 .text.SendDumpAbortRequest
                0x2000b7d4       0x6c ./src/SubSystemModules/Communication/TRXVU.o
                0x2000b7d4                SendDumpAbortRequest
 .text.CheckDumpAbort
                0x2000b840       0x6c ./src/SubSystemModules/Communication/TRXVU.o
                0x2000b840                CheckDumpAbort
 .text.BeaconLogic
                0x2000b8ac      0x1b8 ./src/SubSystemModules/Communication/TRXVU.o
                0x2000b8ac                BeaconLogic
 .text.SetIdleState
                0x2000ba64      0x144 ./src/SubSystemModules/Communication/TRXVU.o
                0x2000ba64                SetIdleState
 .text.muteTRXVU
                0x2000bba8       0x74 ./src/SubSystemModules/Communication/TRXVU.o
                0x2000bba8                muteTRXVU
 .text.UnMuteTRXVU
                0x2000bc1c       0x14 ./src/SubSystemModules/Communication/TRXVU.o
                0x2000bc1c                UnMuteTRXVU
 .text.TransmitDataAsSPL_Packet
                0x2000bc30      0x114 ./src/SubSystemModules/Communication/TRXVU.o
                0x2000bc30                TransmitDataAsSPL_Packet
 .text.TransmitSplPacket
                0x2000bd44      0x1cc ./src/SubSystemModules/Communication/TRXVU.o
                0x2000bd44                TransmitSplPacket
 .text.isFirstActivation
                0x2000bf10       0x38 ./src/InitSystem.o
                0x2000bf10                isFirstActivation
 .text.WriteDefaultValuesToFRAM
                0x2000bf48      0x1e8 ./src/InitSystem.o
                0x2000bf48                WriteDefaultValuesToFRAM
 .text.StartFRAM
                0x2000c130       0x2c ./src/InitSystem.o
                0x2000c130                StartFRAM
 .text.StartI2C
                0x2000c15c       0x38 ./src/InitSystem.o
                0x2000c15c                StartI2C
 .text.StartSPI
                0x2000c194       0x34 ./src/InitSystem.o
                0x2000c194                StartSPI
 .text.StartTIME
                0x2000c1c8       0xbc ./src/InitSystem.o
                0x2000c1c8                StartTIME
 .text.DeploySystem
                0x2000c284      0x1a4 ./src/InitSystem.o
                0x2000c284                DeploySystem
 .text.InitSubsystems
                0x2000c428       0x60 ./src/InitSystem.o
                0x2000c428                InitSubsystems
 .text.CMD_getInfoImage
                0x2000c488      0x158 ./src/TLM_management.o
                0x2000c488                CMD_getInfoImage
 .text.CMD_getDataImage
                0x2000c5e0      0x218 ./src/TLM_management.o
                0x2000c5e0                CMD_getDataImage
 .text.delete_allTMFilesFromSD
                0x2000c7f8       0x8c ./src/TLM_management.o
                0x2000c7f8                delete_allTMFilesFromSD
 .text.deleteTLMFiles
                0x2000c884       0x94 ./src/TLM_management.o
                0x2000c884                deleteTLMFiles
 .text.deleteTLMFile
                0x2000c918       0xcc ./src/TLM_management.o
                0x2000c918                deleteTLMFile
 .text.deleteTLMbyMonth
                0x2000c9e4       0x8c ./src/TLM_management.o
                0x2000c9e4                deleteTLMbyMonth
 .text.InitializeFS
                0x2000ca70      0x100 ./src/TLM_management.o
                0x2000ca70                InitializeFS
 .text.calculateFileName
                0x2000cb70      0x130 ./src/TLM_management.o
                0x2000cb70                calculateFileName
 .text.getTlmTypeInfo
                0x2000cca0      0x230 ./src/TLM_management.o
                0x2000cca0                getTlmTypeInfo
 .text.write2File
                0x2000ced0      0x1dc ./src/TLM_management.o
                0x2000ced0                write2File
 .text.printTLM
                0x2000d0ac      0x490 ./src/TLM_management.o
                0x2000d0ac                printTLM
 .text.readTLMFile
                0x2000d53c      0x328 ./src/TLM_management.o
                0x2000d53c                readTLMFile
 .text.readTLMFiles
                0x2000d864       0xdc ./src/TLM_management.o
                0x2000d864                readTLMFiles
 .text.readTLMFileTimeRange
                0x2000d940      0x2f0 ./src/TLM_management.o
                0x2000d940                readTLMFileTimeRange
 .text.DeInitializeFS
                0x2000dc30       0x38 ./src/TLM_management.o
                0x2000dc30                DeInitializeFS
 .text.main     0x2000dc68       0x98 ./src/main.o
                0x2000dc68                main
 .text.timeU2time
                0x2000dd00       0xbc ./src/utils.o
                0x2000dd00                timeU2time
 .text.logError
                0x2000ddbc      0x134 ./src/utils.o
                0x2000ddbc                logError
 .text.clearPDCtransfers
                0x2000def0       0xe8 C:/ISIS/workspace/ycube/GlobusSatProject/..//hal/hal/lib\libHALD.a(SPI.o)
 .text.SPI_start
                0x2000dfd8      0x4b0 C:/ISIS/workspace/ycube/GlobusSatProject/..//hal/hal/lib\libHALD.a(SPI.o)
                0x2000dfd8                SPI_start
 .text.SPI_stop
                0x2000e488      0x244 C:/ISIS/workspace/ycube/GlobusSatProject/..//hal/hal/lib\libHALD.a(SPI.o)
                0x2000e488                SPI_stop
 .text.SPI_queueTransfer
                0x2000e6cc      0x1cc C:/ISIS/workspace/ycube/GlobusSatProject/..//hal/hal/lib\libHALD.a(SPI.o)
                0x2000e6cc                SPI_queueTransfer
 .text.SPI_internalCallback
                0x2000e898       0x64 C:/ISIS/workspace/ycube/GlobusSatProject/..//hal/hal/lib\libHALD.a(SPI.o)
 .text.SPI_writeRead
                0x2000e8fc      0x1c0 C:/ISIS/workspace/ycube/GlobusSatProject/..//hal/hal/lib\libHALD.a(SPI.o)
                0x2000e8fc                SPI_writeRead
 .text.waitForTransfer
                0x2000eabc       0x78 C:/ISIS/workspace/ycube/GlobusSatProject/..//hal/hal/lib\libHALD.a(SPI.o)
 .text.SPI_getDriverState
                0x2000eb34       0x58 C:/ISIS/workspace/ycube/GlobusSatProject/..//hal/hal/lib\libHALD.a(SPI.o)
                0x2000eb34                SPI_getDriverState
 .text.validateTransferParameters
                0x2000eb8c      0x10c C:/ISIS/workspace/ycube/GlobusSatProject/..//hal/hal/lib\libHALD.a(I2C.o)
 .text.I2C_queueTransfer
                0x2000ec98       0xfc C:/ISIS/workspace/ycube/GlobusSatProject/..//hal/hal/lib\libHALD.a(I2C.o)
                0x2000ec98                I2C_queueTransfer
 .text.I2C_internalCallback
                0x2000ed94       0x64 C:/ISIS/workspace/ycube/GlobusSatProject/..//hal/hal/lib\libHALD.a(I2C.o)
 .text.I2C_doBlockingTransfer
                0x2000edf8      0x180 C:/ISIS/workspace/ycube/GlobusSatProject/..//hal/hal/lib\libHALD.a(I2C.o)
 .text.I2C_write
                0x2000ef78      0x110 C:/ISIS/workspace/ycube/GlobusSatProject/..//hal/hal/lib\libHALD.a(I2C.o)
                0x2000ef78                I2C_write
 .text.I2C_read
                0x2000f088      0x110 C:/ISIS/workspace/ycube/GlobusSatProject/..//hal/hal/lib\libHALD.a(I2C.o)
                0x2000f088                I2C_read
 .text.I2C_writeRead
                0x2000f198      0x17c C:/ISIS/workspace/ycube/GlobusSatProject/..//hal/hal/lib\libHALD.a(I2C.o)
                0x2000f198                I2C_writeRead
 .text.I2C_start
                0x2000f314      0x2e8 C:/ISIS/workspace/ycube/GlobusSatProject/..//hal/hal/lib\libHALD.a(I2C.o)
                0x2000f314                I2C_start
 .text.I2C_stop
                0x2000f5fc      0x184 C:/ISIS/workspace/ycube/GlobusSatProject/..//hal/hal/lib\libHALD.a(I2C.o)
                0x2000f5fc                I2C_stop
 .text.I2C_setTransferTimeout
                0x2000f780       0x48 C:/ISIS/workspace/ycube/GlobusSatProject/..//hal/hal/lib\libHALD.a(I2C.o)
                0x2000f780                I2C_setTransferTimeout
 .text.ADC_ConvertRaw10bitToMillivolt
                0x2000f7c8       0x50 C:/ISIS/workspace/ycube/GlobusSatProject/..//hal/hal/lib\libHALD.a(ADC.o)
                0x2000f7c8                ADC_ConvertRaw10bitToMillivolt
 .text.ADC_SingleShot
                0x2000f818      0x230 C:/ISIS/workspace/ycube/GlobusSatProject/..//hal/hal/lib\libHALD.a(ADC.o)
                0x2000f818                ADC_SingleShot
 .text.FRAM_start
                0x2000fa48      0x120 C:/ISIS/workspace/ycube/GlobusSatProject/..//hal/hal/lib\libHALD.a(FRAM.o)
                0x2000fa48                FRAM_start
 .text.FRAM_stop
                0x2000fb68       0x6c C:/ISIS/workspace/ycube/GlobusSatProject/..//hal/hal/lib\libHALD.a(FRAM.o)
                0x2000fb68                FRAM_stop
 .text.FRAM_dummyCallback
                0x2000fbd4       0x24 C:/ISIS/workspace/ycube/GlobusSatProject/..//hal/hal/lib\libHALD.a(FRAM.o)
                0x2000fbd4                FRAM_dummyCallback
 .text.FRAM_unlockingCallback
                0x2000fbf8       0x64 C:/ISIS/workspace/ycube/GlobusSatProject/..//hal/hal/lib\libHALD.a(FRAM.o)
                0x2000fbf8                FRAM_unlockingCallback
 .text.doBlockingTransfer
                0x2000fc5c       0x78 C:/ISIS/workspace/ycube/GlobusSatProject/..//hal/hal/lib\libHALD.a(FRAM.o)
 .text.FRAM_writePacket
                0x2000fcd4      0x134 C:/ISIS/workspace/ycube/GlobusSatProject/..//hal/hal/lib\libHALD.a(FRAM.o)
 .text.FRAM_write
                0x2000fe08      0x1e0 C:/ISIS/workspace/ycube/GlobusSatProject/..//hal/hal/lib\libHALD.a(FRAM.o)
                0x2000fe08                FRAM_write
 .text.FRAM_readPacket
                0x2000ffe8       0xf0 C:/ISIS/workspace/ycube/GlobusSatProject/..//hal/hal/lib\libHALD.a(FRAM.o)
 .text.FRAM_read
                0x200100d8      0x1ec C:/ISIS/workspace/ycube/GlobusSatProject/..//hal/hal/lib\libHALD.a(FRAM.o)
                0x200100d8                FRAM_read
 .text.Time_start
                0x200102c4      0x170 C:/ISIS/workspace/ycube/GlobusSatProject/..//hal/hal/lib\libHALD.a(Time.o)
                0x200102c4                Time_start
 .text.taskTimeSync
                0x20010434       0x64 C:/ISIS/workspace/ycube/GlobusSatProject/..//hal/hal/lib\libHALD.a(Time.o)
 .text.Time_convertEpochToTime
                0x20010498      0x100 C:/ISIS/workspace/ycube/GlobusSatProject/..//hal/hal/lib\libHALD.a(Time.o)
                0x20010498                Time_convertEpochToTime
 .text.Time_calculateSecondsOfYear
                0x20010598       0xd8 C:/ISIS/workspace/ycube/GlobusSatProject/..//hal/hal/lib\libHALD.a(Time.o)
 .text.Time_set
                0x20010670       0xd8 C:/ISIS/workspace/ycube/GlobusSatProject/..//hal/hal/lib\libHALD.a(Time.o)
                0x20010670                Time_set
 .text.Time_isLeapYear
                0x20010748       0x98 C:/ISIS/workspace/ycube/GlobusSatProject/..//hal/hal/lib\libHALD.a(Time.o)
                0x20010748                Time_isLeapYear
 .text.Time_get
                0x200107e0      0x478 C:/ISIS/workspace/ycube/GlobusSatProject/..//hal/hal/lib\libHALD.a(Time.o)
                0x200107e0                Time_get
 .text.Time_getUnixEpoch
                0x20010c58      0x108 C:/ISIS/workspace/ycube/GlobusSatProject/..//hal/hal/lib\libHALD.a(Time.o)
                0x20010c58                Time_getUnixEpoch
 .text.Time_secondsOfYearToTime
                0x20010d60      0x33c C:/ISIS/workspace/ycube/GlobusSatProject/..//hal/hal/lib\libHALD.a(Time.o)
 .text.Time_setUnixEpoch
                0x2001109c       0x54 C:/ISIS/workspace/ycube/GlobusSatProject/..//hal/hal/lib\libHALD.a(Time.o)
                0x2001109c                Time_setUnixEpoch
 .text.Time_getUptimeSeconds
                0x200110f0       0x28 C:/ISIS/workspace/ycube/GlobusSatProject/..//hal/hal/lib\libHALD.a(Time.o)
                0x200110f0                Time_getUptimeSeconds
 .text.Time_sync
                0x20011118      0x1a8 C:/ISIS/workspace/ycube/GlobusSatProject/..//hal/hal/lib\libHALD.a(Time.o)
                0x20011118                Time_sync
 .text.Time_syncIfNeeded
                0x200112c0       0xac C:/ISIS/workspace/ycube/GlobusSatProject/..//hal/hal/lib\libHALD.a(Time.o)
                0x200112c0                Time_syncIfNeeded
 .text.WDT_start
                0x2001136c       0x48 C:/ISIS/workspace/ycube/GlobusSatProject/..//hal/hal/lib\libHALD.a(WatchDogTimerNoOS.o)
                0x2001136c                WDT_start
 .text.RTT_start
                0x200113b4       0x24 C:/ISIS/workspace/ycube/GlobusSatProject/..//hal/hal/lib\libHALD.a(RTT.o)
                0x200113b4                RTT_start
 .text.RTT_GetTime
                0x200113d8       0x24 C:/ISIS/workspace/ycube/GlobusSatProject/..//hal/hal/lib\libHALD.a(RTT.o)
                0x200113d8                RTT_GetTime
 .text.RTC_start
                0x200113fc       0x3c C:/ISIS/workspace/ycube/GlobusSatProject/..//hal/hal/lib\libHALD.a(RTC.o)
                0x200113fc                RTC_start
 .text.RTC_setTime
                0x20011438      0x2a4 C:/ISIS/workspace/ycube/GlobusSatProject/..//hal/hal/lib\libHALD.a(RTC.o)
                0x20011438                RTC_setTime
 .text.RTC_getTime
                0x200116dc      0x230 C:/ISIS/workspace/ycube/GlobusSatProject/..//hal/hal/lib\libHALD.a(RTC.o)
                0x200116dc                RTC_getTime
 .text.RTC_checkTimeValid
                0x2001190c       0xd8 C:/ISIS/workspace/ycube/GlobusSatProject/..//hal/hal/lib\libHALD.a(RTC.o)
                0x2001190c                RTC_checkTimeValid
 .text.WDT_startWatchdogKickTask
                0x200119e4       0xb4 C:/ISIS/workspace/ycube/GlobusSatProject/..//hal/hal/lib\libHALD.a(WatchDogTimerOS.o)
                0x200119e4                WDT_startWatchdogKickTask
 .text.WDT_forceKickEveryNms
                0x20011a98       0x50 C:/ISIS/workspace/ycube/GlobusSatProject/..//hal/hal/lib\libHALD.a(WatchDogTimerOS.o)
                0x20011a98                WDT_forceKickEveryNms
 .text.f_puts   0x20011ae8       0x80 C:/ISIS/workspace/ycube/GlobusSatProject/..//hal/hal/lib\libHALD.a(fprintf.o)
                0x20011ae8                f_puts
 .text.UTIL_DbguGetInteger
                0x20011b68      0x168 C:/ISIS/workspace/ycube/GlobusSatProject/..//hal/hal/lib\libHALD.a(util.o)
                0x20011b68                UTIL_DbguGetInteger
 .text.UTIL_DbguGetIntegerMinMax
                0x20011cd0       0xa4 C:/ISIS/workspace/ycube/GlobusSatProject/..//hal/hal/lib\libHALD.a(util.o)
                0x20011cd0                UTIL_DbguGetIntegerMinMax
 .text.LED_glow
                0x20011d74       0x58 C:/ISIS/workspace/ycube/GlobusSatProject/..//hal/hal/lib\libHALD.a(LED.o)
                0x20011d74                LED_glow
 .text.LED_dark
                0x20011dcc       0x58 C:/ISIS/workspace/ycube/GlobusSatProject/..//hal/hal/lib\libHALD.a(LED.o)
                0x20011dcc                LED_dark
 .text.LED_toggle
                0x20011e24       0x50 C:/ISIS/workspace/ycube/GlobusSatProject/..//hal/hal/lib\libHALD.a(LED.o)
                0x20011e24                LED_toggle
 .text.fm_initvolume
                0x20011e74       0x70 C:/ISIS/workspace/ycube/GlobusSatProject/..//hal/hcc/lib\libHCCD.a(fat_m.o)
                0x20011e74                fm_initvolume
 .text.fm_delvolume
                0x20011ee4       0x60 C:/ISIS/workspace/ycube/GlobusSatProject/..//hal/hcc/lib\libHCCD.a(fat_m.o)
                0x20011ee4                fm_delvolume
 .text.fm_getdrive
                0x20011f44       0x70 C:/ISIS/workspace/ycube/GlobusSatProject/..//hal/hcc/lib\libHCCD.a(fat_m.o)
                0x20011f44                fm_getdrive
 .text.fm_getfreespace
                0x20011fb4       0x68 C:/ISIS/workspace/ycube/GlobusSatProject/..//hal/hcc/lib\libHCCD.a(fat_m.o)
                0x20011fb4                fm_getfreespace
 .text.fm_mkdir
                0x2001201c       0x60 C:/ISIS/workspace/ycube/GlobusSatProject/..//hal/hcc/lib\libHCCD.a(fat_m.o)
                0x2001201c                fm_mkdir
 .text.fm_findfirst
                0x2001207c       0x68 C:/ISIS/workspace/ycube/GlobusSatProject/..//hal/hcc/lib\libHCCD.a(fat_m.o)
                0x2001207c                fm_findfirst
 .text.fm_findnext
                0x200120e4       0x60 C:/ISIS/workspace/ycube/GlobusSatProject/..//hal/hcc/lib\libHCCD.a(fat_m.o)
                0x200120e4                fm_findnext
 .text.fm_close
                0x20012144       0x60 C:/ISIS/workspace/ycube/GlobusSatProject/..//hal/hcc/lib\libHCCD.a(fat_m.o)
                0x20012144                fm_close
 .text.fm_flush
                0x200121a4       0x60 C:/ISIS/workspace/ycube/GlobusSatProject/..//hal/hcc/lib\libHCCD.a(fat_m.o)
                0x200121a4                fm_flush
 .text.fm_open  0x20012204       0x68 C:/ISIS/workspace/ycube/GlobusSatProject/..//hal/hcc/lib\libHCCD.a(fat_m.o)
                0x20012204                fm_open
 .text.fm_read  0x2001226c       0x7c C:/ISIS/workspace/ycube/GlobusSatProject/..//hal/hcc/lib\libHCCD.a(fat_m.o)
                0x2001226c                fm_read
 .text.fm_write
                0x200122e8       0x7c C:/ISIS/workspace/ycube/GlobusSatProject/..//hal/hcc/lib\libHCCD.a(fat_m.o)
                0x200122e8                fm_write
 .text.fm_seek  0x20012364       0x70 C:/ISIS/workspace/ycube/GlobusSatProject/..//hal/hcc/lib\libHCCD.a(fat_m.o)
                0x20012364                fm_seek
 .text.fm_tell  0x200123d4       0x60 C:/ISIS/workspace/ycube/GlobusSatProject/..//hal/hcc/lib\libHCCD.a(fat_m.o)
                0x200123d4                fm_tell
 .text.fm_putc  0x20012434       0x68 C:/ISIS/workspace/ycube/GlobusSatProject/..//hal/hcc/lib\libHCCD.a(fat_m.o)
                0x20012434                fm_putc
 .text.fm_rewind
                0x2001249c       0x60 C:/ISIS/workspace/ycube/GlobusSatProject/..//hal/hcc/lib\libHCCD.a(fat_m.o)
                0x2001249c                fm_rewind
 .text.fm_delete
                0x200124fc       0x64 C:/ISIS/workspace/ycube/GlobusSatProject/..//hal/hcc/lib\libHCCD.a(fat_m.o)
                0x200124fc                fm_delete
 .text.fm_getlasterror
                0x20012560       0x40 C:/ISIS/workspace/ycube/GlobusSatProject/..//hal/hcc/lib\libHCCD.a(fat_m.o)
                0x20012560                fm_getlasterror
 .text._f_invalidatedir
                0x200125a0       0x28 C:/ISIS/workspace/ycube/GlobusSatProject/..//hal/hcc/lib\libHCCD.a(fat.o)
                0x200125a0                _f_invalidatedir
 .text._f_getdirsector
                0x200125c8       0x88 C:/ISIS/workspace/ycube/GlobusSatProject/..//hal/hcc/lib\libHCCD.a(fat.o)
                0x200125c8                _f_getdirsector
 .text._f_writedirsector
                0x20012650       0x74 C:/ISIS/workspace/ycube/GlobusSatProject/..//hal/hcc/lib\libHCCD.a(fat.o)
                0x20012650                _f_writedirsector
 .text._f_checknameinv
                0x200126c4      0x180 C:/ISIS/workspace/ycube/GlobusSatProject/..//hal/hcc/lib\libHCCD.a(fat.o)
 .text._f_checkname
                0x20012844       0x7c C:/ISIS/workspace/ycube/GlobusSatProject/..//hal/hcc/lib\libHCCD.a(fat.o)
 .text._f_checknamewc
                0x200128c0       0xf8 C:/ISIS/workspace/ycube/GlobusSatProject/..//hal/hcc/lib\libHCCD.a(fat.o)
 .text._f_setnameext
                0x200129b8      0x300 C:/ISIS/workspace/ycube/GlobusSatProject/..//hal/hcc/lib\libHCCD.a(fat.o)
 .text._f_setfsname
                0x20012cb8      0x584 C:/ISIS/workspace/ycube/GlobusSatProject/..//hal/hcc/lib\libHCCD.a(fat.o)
 .text._f_findfile
                0x2001323c      0x30c C:/ISIS/workspace/ycube/GlobusSatProject/..//hal/hcc/lib\libHCCD.a(fat.o)
 .text._f_cmp_wname
                0x20013548      0x274 C:/ISIS/workspace/ycube/GlobusSatProject/..//hal/hcc/lib\libHCCD.a(fat.o)
 .text._f_to_string
                0x200137bc      0x130 C:/ISIS/workspace/ycube/GlobusSatProject/..//hal/hcc/lib\libHCCD.a(fat.o)
 .text._f_findfilewc
                0x200138ec      0x278 C:/ISIS/workspace/ycube/GlobusSatProject/..//hal/hcc/lib\libHCCD.a(fat.o)
 .text._f_getfilename
                0x20013b64      0x20c C:/ISIS/workspace/ycube/GlobusSatProject/..//hal/hcc/lib\libHCCD.a(fat.o)
 .text._f_findpath
                0x20013d70      0x35c C:/ISIS/workspace/ycube/GlobusSatProject/..//hal/hcc/lib\libHCCD.a(fat.o)
 .text.fn_getdcwd
                0x200140cc      0x1e0 C:/ISIS/workspace/ycube/GlobusSatProject/..//hal/hcc/lib\libHCCD.a(fat.o)
                0x200140cc                fn_getdcwd
 .text.fn_findfirst
                0x200142ac      0x13c C:/ISIS/workspace/ycube/GlobusSatProject/..//hal/hcc/lib\libHCCD.a(fat.o)
                0x200142ac                fn_findfirst
 .text.fn_findnext
                0x200143e8      0x360 C:/ISIS/workspace/ycube/GlobusSatProject/..//hal/hcc/lib\libHCCD.a(fat.o)
                0x200143e8                fn_findnext
 .text._f_lock_resfile
                0x20014748       0x6c C:/ISIS/workspace/ycube/GlobusSatProject/..//hal/hcc/lib\libHCCD.a(fat.o)
 .text._f_unlock_resfile
                0x200147b4       0x40 C:/ISIS/workspace/ycube/GlobusSatProject/..//hal/hcc/lib\libHCCD.a(fat.o)
 .text._f_getintfile
                0x200147f4      0x124 C:/ISIS/workspace/ycube/GlobusSatProject/..//hal/hcc/lib\libHCCD.a(fat.o)
 .text._f_addentry
                0x20014918      0x540 C:/ISIS/workspace/ycube/GlobusSatProject/..//hal/hcc/lib\libHCCD.a(fat.o)
 .text.fn_mkdir
                0x20014e58      0x75c C:/ISIS/workspace/ycube/GlobusSatProject/..//hal/hcc/lib\libHCCD.a(fat.o)
                0x20014e58                fn_mkdir
 .text.fn_open_sub
                0x200155b4     0x1698 C:/ISIS/workspace/ycube/GlobusSatProject/..//hal/hcc/lib\libHCCD.a(fat.o)
 .text.fn_open  0x20016c4c       0x44 C:/ISIS/workspace/ycube/GlobusSatProject/..//hal/hcc/lib\libHCCD.a(fat.o)
                0x20016c4c                fn_open
 .text.fn_delete
                0x20016c90      0x490 C:/ISIS/workspace/ycube/GlobusSatProject/..//hal/hcc/lib\libHCCD.a(fat.o)
                0x20016c90                fn_delete
 .text.fn_init  0x20017120      0x2dc C:/ISIS/workspace/ycube/GlobusSatProject/..//hal/hcc/lib\libHCCD.a(fat_common.o)
                0x20017120                fn_init
 .text.fn_start
                0x200173fc       0x1c C:/ISIS/workspace/ycube/GlobusSatProject/..//hal/hcc/lib\libHCCD.a(fat_common.o)
                0x200173fc                fn_start
 .text.fsn_delete
                0x20017418       0xc8 C:/ISIS/workspace/ycube/GlobusSatProject/..//hal/hcc/lib\libHCCD.a(fat_common.o)
                0x20017418                fsn_delete
 .text._f_get16bitl
                0x200174e0       0x4c C:/ISIS/workspace/ycube/GlobusSatProject/..//hal/hcc/lib\libHCCD.a(fat_common.o)
                0x200174e0                _f_get16bitl
 .text._f_set16bitl
                0x2001752c       0x54 C:/ISIS/workspace/ycube/GlobusSatProject/..//hal/hcc/lib\libHCCD.a(fat_common.o)
                0x2001752c                _f_set16bitl
 .text._f_get32bitl
                0x20017580       0x68 C:/ISIS/workspace/ycube/GlobusSatProject/..//hal/hcc/lib\libHCCD.a(fat_common.o)
                0x20017580                _f_get32bitl
 .text._f_set32bitl
                0x200175e8       0x78 C:/ISIS/workspace/ycube/GlobusSatProject/..//hal/hcc/lib\libHCCD.a(fat_common.o)
                0x200175e8                _f_set32bitl
 .text._get8bit
                0x20017660       0xa0 C:/ISIS/workspace/ycube/GlobusSatProject/..//hal/hcc/lib\libHCCD.a(fat_common.o)
 .text._get16bitl
                0x20017700       0x40 C:/ISIS/workspace/ycube/GlobusSatProject/..//hal/hcc/lib\libHCCD.a(fat_common.o)
 .text._get32bitl
                0x20017740       0x3c C:/ISIS/workspace/ycube/GlobusSatProject/..//hal/hcc/lib\libHCCD.a(fat_common.o)
 .text._f_setcardremoved
                0x2001777c       0x94 C:/ISIS/workspace/ycube/GlobusSatProject/..//hal/hcc/lib\libHCCD.a(fat_common.o)
 .text._f_checkstatus
                0x20017810      0x104 C:/ISIS/workspace/ycube/GlobusSatProject/..//hal/hcc/lib\libHCCD.a(fat_common.o)
                0x20017810                _f_checkstatus
 .text._f_drvgetphy
                0x20017914      0x114 C:/ISIS/workspace/ycube/GlobusSatProject/..//hal/hcc/lib\libHCCD.a(fat_common.o)
 .text._f_drvwritesector
                0x20017a28       0xdc C:/ISIS/workspace/ycube/GlobusSatProject/..//hal/hcc/lib\libHCCD.a(fat_common.o)
 .text._f_drvreadsector
                0x20017b04       0xa8 C:/ISIS/workspace/ycube/GlobusSatProject/..//hal/hcc/lib\libHCCD.a(fat_common.o)
 .text._f_writesector
                0x20017bac      0x23c C:/ISIS/workspace/ycube/GlobusSatProject/..//hal/hcc/lib\libHCCD.a(fat_common.o)
                0x20017bac                _f_writesector
 .text._f_readsector
                0x20017de8      0x1dc C:/ISIS/workspace/ycube/GlobusSatProject/..//hal/hcc/lib\libHCCD.a(fat_common.o)
                0x20017de8                _f_readsector
 .text._f_getmaxcluster
                0x20017fc4       0x94 C:/ISIS/workspace/ycube/GlobusSatProject/..//hal/hcc/lib\libHCCD.a(fat_common.o)
                0x20017fc4                _f_getmaxcluster
 .text._getsectorfromcluster
                0x20018058       0x68 C:/ISIS/workspace/ycube/GlobusSatProject/..//hal/hcc/lib\libHCCD.a(fat_common.o)
 .text._f_buildsectors
                0x200180c0      0x268 C:/ISIS/workspace/ycube/GlobusSatProject/..//hal/hcc/lib\libHCCD.a(fat_common.o)
 .text._f_getbootrecord
                0x20018328      0x5e4 C:/ISIS/workspace/ycube/GlobusSatProject/..//hal/hcc/lib\libHCCD.a(fat_common.o)
 .text._f_readbootrecord
                0x2001890c      0x4f8 C:/ISIS/workspace/ycube/GlobusSatProject/..//hal/hcc/lib\libHCCD.a(fat_common.o)
 .text._f_flushcffiles
                0x20018e04      0x17c C:/ISIS/workspace/ycube/GlobusSatProject/..//hal/hcc/lib\libHCCD.a(fat_common.o)
                0x20018e04                _f_flushcffiles
 .text._f_fatcache_flush
                0x20018f80      0x270 C:/ISIS/workspace/ycube/GlobusSatProject/..//hal/hcc/lib\libHCCD.a(fat_common.o)
                0x20018f80                _f_fatcache_flush
 .text._f_writefatsector
                0x200191f0      0x100 C:/ISIS/workspace/ycube/GlobusSatProject/..//hal/hcc/lib\libHCCD.a(fat_common.o)
                0x200191f0                _f_writefatsector
 .text._f_getfatsector
                0x200192f0      0x3bc C:/ISIS/workspace/ycube/GlobusSatProject/..//hal/hcc/lib\libHCCD.a(fat_common.o)
 .text._f_setclustervalue
                0x200196ac      0x490 C:/ISIS/workspace/ycube/GlobusSatProject/..//hal/hcc/lib\libHCCD.a(fat_common.o)
                0x200196ac                _f_setclustervalue
 .text._f_getclustervalue
                0x20019b3c      0x388 C:/ISIS/workspace/ycube/GlobusSatProject/..//hal/hcc/lib\libHCCD.a(fat_common.o)
                0x20019b3c                _f_getclustervalue
 .text._f_close_drive_files
                0x20019ec4       0xac C:/ISIS/workspace/ycube/GlobusSatProject/..//hal/hcc/lib\libHCCD.a(fat_common.o)
 .text._f_inc_mount_count
                0x20019f70       0xa4 C:/ISIS/workspace/ycube/GlobusSatProject/..//hal/hcc/lib\libHCCD.a(fat_common.o)
 .text._f_getvolume
                0x2001a014      0x2f8 C:/ISIS/workspace/ycube/GlobusSatProject/..//hal/hcc/lib\libHCCD.a(fat_common.o)
                0x2001a014                _f_getvolume
 .text.fn_createdriver
                0x2001a30c      0x118 C:/ISIS/workspace/ycube/GlobusSatProject/..//hal/hcc/lib\libHCCD.a(fat_common.o)
                0x2001a30c                fn_createdriver
 .text.fn_initvolume
                0x2001a424      0x12c C:/ISIS/workspace/ycube/GlobusSatProject/..//hal/hcc/lib\libHCCD.a(fat_common.o)
                0x2001a424                fn_initvolume
 .text.fn_releasedriver
                0x2001a550       0xf4 C:/ISIS/workspace/ycube/GlobusSatProject/..//hal/hcc/lib\libHCCD.a(fat_common.o)
                0x2001a550                fn_releasedriver
 .text.fn_initvolumepartition_sub
                0x2001a644       0xe0 C:/ISIS/workspace/ycube/GlobusSatProject/..//hal/hcc/lib\libHCCD.a(fat_common.o)
 .text.fn_initvolumepartition
                0x2001a724       0xac C:/ISIS/workspace/ycube/GlobusSatProject/..//hal/hcc/lib\libHCCD.a(fat_common.o)
                0x2001a724                fn_initvolumepartition
 .text.fn_delvolume
                0x2001a7d0      0x194 C:/ISIS/workspace/ycube/GlobusSatProject/..//hal/hcc/lib\libHCCD.a(fat_common.o)
                0x2001a7d0                fn_delvolume
 .text._f_clustertopos
                0x2001a964       0xf8 C:/ISIS/workspace/ycube/GlobusSatProject/..//hal/hcc/lib\libHCCD.a(fat_common.o)
                0x2001a964                _f_clustertopos
 .text._f_getcurrsector
                0x2001aa5c      0x6c8 C:/ISIS/workspace/ycube/GlobusSatProject/..//hal/hcc/lib\libHCCD.a(fat_common.o)
                0x2001aa5c                _f_getcurrsector
 .text._f_getdecluster
                0x2001b124       0x90 C:/ISIS/workspace/ycube/GlobusSatProject/..//hal/hcc/lib\libHCCD.a(fat_common.o)
                0x2001b124                _f_getdecluster
 .text._f_setdecluster
                0x2001b1b4       0x8c C:/ISIS/workspace/ycube/GlobusSatProject/..//hal/hcc/lib\libHCCD.a(fat_common.o)
                0x2001b1b4                _f_setdecluster
 .text.fn_getdrive
                0x2001b240       0x30 C:/ISIS/workspace/ycube/GlobusSatProject/..//hal/hcc/lib\libHCCD.a(fat_common.o)
                0x2001b240                fn_getdrive
 .text._f_getcurrenttimedate
                0x2001b270      0x138 C:/ISIS/workspace/ycube/GlobusSatProject/..//hal/hcc/lib\libHCCD.a(fat_common.o)
                0x2001b270                _f_getcurrenttimedate
 .text._f_initentry
                0x2001b3a8       0xa0 C:/ISIS/workspace/ycube/GlobusSatProject/..//hal/hcc/lib\libHCCD.a(fat_common.o)
                0x2001b3a8                _f_initentry
 .text._f_alloccluster
                0x2001b448      0x344 C:/ISIS/workspace/ycube/GlobusSatProject/..//hal/hcc/lib\libHCCD.a(fat_common.o)
                0x2001b448                _f_alloccluster
 .text._f_dobadblock
                0x2001b78c      0x2cc C:/ISIS/workspace/ycube/GlobusSatProject/..//hal/hcc/lib\libHCCD.a(fat_common.o)
                0x2001b78c                _f_dobadblock
 .text._f_checklocked
                0x2001ba58       0xe4 C:/ISIS/workspace/ycube/GlobusSatProject/..//hal/hcc/lib\libHCCD.a(fat_common.o)
                0x2001ba58                _f_checklocked
 .text._f_checkappendlocked
                0x2001bb3c      0x110 C:/ISIS/workspace/ycube/GlobusSatProject/..//hal/hcc/lib\libHCCD.a(fat_common.o)
                0x2001bb3c                _f_checkappendlocked
 .text._f_setsyncafile
                0x2001bc4c      0x114 C:/ISIS/workspace/ycube/GlobusSatProject/..//hal/hcc/lib\libHCCD.a(fat_common.o)
                0x2001bc4c                _f_setsyncafile
 .text._f_syncfiles
                0x2001bd60      0x128 C:/ISIS/workspace/ycube/GlobusSatProject/..//hal/hcc/lib\libHCCD.a(fat_common.o)
                0x2001bd60                _f_syncfiles
 .text._f_syncfilescontent
                0x2001be88      0x15c C:/ISIS/workspace/ycube/GlobusSatProject/..//hal/hcc/lib\libHCCD.a(fat_common.o)
 .text.fn_getfreespace
                0x2001bfe4      0x4c0 C:/ISIS/workspace/ycube/GlobusSatProject/..//hal/hcc/lib\libHCCD.a(fat_common.o)
                0x2001bfe4                fn_getfreespace
 .text._f_emptywritecache
                0x2001c4a4      0x4a4 C:/ISIS/workspace/ycube/GlobusSatProject/..//hal/hcc/lib\libHCCD.a(fat_common.o)
 .text._f_allocnextcluster
                0x2001c948      0x54c C:/ISIS/workspace/ycube/GlobusSatProject/..//hal/hcc/lib\libHCCD.a(fat_common.o)
 .text._f_emptywritebuffer
                0x2001ce94      0x20c C:/ISIS/workspace/ycube/GlobusSatProject/..//hal/hcc/lib\libHCCD.a(fat_common.o)
 .text._f_writezeros
                0x2001d0a0       0xf0 C:/ISIS/workspace/ycube/GlobusSatProject/..//hal/hcc/lib\libHCCD.a(fat_common.o)
                0x2001d0a0                _f_writezeros
 .text._f_extend_file
                0x2001d190      0x570 C:/ISIS/workspace/ycube/GlobusSatProject/..//hal/hcc/lib\libHCCD.a(fat_common.o)
 .text._f_fseek
                0x2001d700      0x9bc C:/ISIS/workspace/ycube/GlobusSatProject/..//hal/hcc/lib\libHCCD.a(fat_common.o)
                0x2001d700                _f_fseek
 .text._f_removechain
                0x2001e0bc      0x104 C:/ISIS/workspace/ycube/GlobusSatProject/..//hal/hcc/lib\libHCCD.a(fat_common.o)
                0x2001e0bc                _f_removechain
 .text._f_updatefileentry
                0x2001e1c0      0x1cc C:/ISIS/workspace/ycube/GlobusSatProject/..//hal/hcc/lib\libHCCD.a(fat_common.o)
 .text._f_checkreadlocked
                0x2001e38c      0x1bc C:/ISIS/workspace/ycube/GlobusSatProject/..//hal/hcc/lib\libHCCD.a(fat_common.o)
                0x2001e38c                _f_checkreadlocked
 .text._f_check_handle
                0x2001e548       0x98 C:/ISIS/workspace/ycube/GlobusSatProject/..//hal/hcc/lib\libHCCD.a(fat_common.o)
                0x2001e548                _f_check_handle
 .text._f_removesyncafile
                0x2001e5e0      0x1ec C:/ISIS/workspace/ycube/GlobusSatProject/..//hal/hcc/lib\libHCCD.a(fat_common.o)
 .text.fn_close
                0x2001e7cc      0x3f8 C:/ISIS/workspace/ycube/GlobusSatProject/..//hal/hcc/lib\libHCCD.a(fat_common.o)
                0x2001e7cc                fn_close
 .text.fn_flush
                0x2001ebc4      0x374 C:/ISIS/workspace/ycube/GlobusSatProject/..//hal/hcc/lib\libHCCD.a(fat_common.o)
                0x2001ebc4                fn_flush
 .text.fn_read  0x2001ef38      0x690 C:/ISIS/workspace/ycube/GlobusSatProject/..//hal/hcc/lib\libHCCD.a(fat_common.o)
                0x2001ef38                fn_read
 .text._f_abortwrite
                0x2001f5c8      0x100 C:/ISIS/workspace/ycube/GlobusSatProject/..//hal/hcc/lib\libHCCD.a(fat_common.o)
 .text._f_checkwritecluster
                0x2001f6c8       0xe4 C:/ISIS/workspace/ycube/GlobusSatProject/..//hal/hcc/lib\libHCCD.a(fat_common.o)
 .text.fn_write
                0x2001f7ac      0x8a8 C:/ISIS/workspace/ycube/GlobusSatProject/..//hal/hcc/lib\libHCCD.a(fat_common.o)
                0x2001f7ac                fn_write
 .text.fn_seek  0x20020054      0x270 C:/ISIS/workspace/ycube/GlobusSatProject/..//hal/hcc/lib\libHCCD.a(fat_common.o)
                0x20020054                fn_seek
 .text.fn_tell  0x200202c4      0x19c C:/ISIS/workspace/ycube/GlobusSatProject/..//hal/hcc/lib\libHCCD.a(fat_common.o)
                0x200202c4                fn_tell
 .text.fn_rewind
                0x20020460       0x38 C:/ISIS/workspace/ycube/GlobusSatProject/..//hal/hcc/lib\libHCCD.a(fat_common.o)
                0x20020460                fn_rewind
 .text.fn_putc  0x20020498       0x68 C:/ISIS/workspace/ycube/GlobusSatProject/..//hal/hcc/lib\libHCCD.a(fat_common.o)
                0x20020498                fn_putc
 .text.f_enterFS
                0x20020500      0x1c0 C:/ISIS/workspace/ycube/GlobusSatProject/..//hal/hcc/lib\libHCCD.a(fat_common.o)
                0x20020500                f_enterFS
 .text.f_releaseFS
                0x200206c0       0xb0 C:/ISIS/workspace/ycube/GlobusSatProject/..//hal/hcc/lib\libHCCD.a(fat_common.o)
                0x200206c0                f_releaseFS
 .text.fnGetTask
                0x20020770       0xfc C:/ISIS/workspace/ycube/GlobusSatProject/..//hal/hcc/lib\libHCCD.a(fat_common.o)
                0x20020770                fnGetTask
 .text._f_mutex_get
                0x2002086c       0x98 C:/ISIS/workspace/ycube/GlobusSatProject/..//hal/hcc/lib\libHCCD.a(fat_common.o)
                0x2002086c                _f_mutex_get
 .text._f_mutex_put
                0x20020904       0x54 C:/ISIS/workspace/ycube/GlobusSatProject/..//hal/hcc/lib\libHCCD.a(fat_common.o)
                0x20020904                _f_mutex_put
 .text._fn_initseekdivisor
                0x20020958      0x158 C:/ISIS/workspace/ycube/GlobusSatProject/..//hal/hcc/lib\libHCCD.a(fat_common.o)
                0x20020958                _fn_initseekdivisor
 .text._fn_updateseekpos
                0x20020ab0       0xc4 C:/ISIS/workspace/ycube/GlobusSatProject/..//hal/hcc/lib\libHCCD.a(fat_common.o)
 .text._f_findopensize
                0x20020b74       0x2c C:/ISIS/workspace/ycube/GlobusSatProject/..//hal/hcc/lib\libHCCD.a(fat_common.o)
                0x20020b74                _f_findopensize
 .text.fn_setlasterror
                0x20020ba0       0x34 C:/ISIS/workspace/ycube/GlobusSatProject/..//hal/hcc/lib\libHCCD.a(fat_common.o)
                0x20020ba0                fn_setlasterror
 .text.fn_setlasterror_noret
                0x20020bd4       0x2c C:/ISIS/workspace/ycube/GlobusSatProject/..//hal/hcc/lib\libHCCD.a(fat_common.o)
                0x20020bd4                fn_setlasterror_noret
 .text._s_checkzeroclusteratend
                0x20020c00       0xf8 C:/ISIS/workspace/ycube/GlobusSatProject/..//hal/hcc/lib\libHCCD.a(safefat.o)
 .text._s_clearclustercontent
                0x20020cf8      0x108 C:/ISIS/workspace/ycube/GlobusSatProject/..//hal/hcc/lib\libHCCD.a(safefat.o)
 .text._s_clearclustercontentdir
                0x20020e00      0x19c C:/ISIS/workspace/ycube/GlobusSatProject/..//hal/hcc/lib\libHCCD.a(safefat.o)
 .text._s_writedirsector
                0x20020f9c       0xd0 C:/ISIS/workspace/ycube/GlobusSatProject/..//hal/hcc/lib\libHCCD.a(safefat.o)
 .text._s_getdirsector
                0x2002106c      0x100 C:/ISIS/workspace/ycube/GlobusSatProject/..//hal/hcc/lib\libHCCD.a(safefat.o)
 .text._s_addentry
                0x2002116c      0x394 C:/ISIS/workspace/ycube/GlobusSatProject/..//hal/hcc/lib\libHCCD.a(safefat.o)
 .text._s_findfile
                0x20021500      0x33c C:/ISIS/workspace/ycube/GlobusSatProject/..//hal/hcc/lib\libHCCD.a(safefat.o)
 .text._s_findsubdir
                0x2002183c      0x248 C:/ISIS/workspace/ycube/GlobusSatProject/..//hal/hcc/lib\libHCCD.a(safefat.o)
 .text._s_createfile
                0x20021a84      0x190 C:/ISIS/workspace/ycube/GlobusSatProject/..//hal/hcc/lib\libHCCD.a(safefat.o)
 .text._s_findsaffile
                0x20021c14      0x1b8 C:/ISIS/workspace/ycube/GlobusSatProject/..//hal/hcc/lib\libHCCD.a(safefat.o)
 .text._s_open  0x20021dcc       0xe4 C:/ISIS/workspace/ycube/GlobusSatProject/..//hal/hcc/lib\libHCCD.a(safefat.o)
 .text._s_open_saf
                0x20021eb0       0xe8 C:/ISIS/workspace/ycube/GlobusSatProject/..//hal/hcc/lib\libHCCD.a(safefat.o)
 .text._s_flush
                0x20021f98       0x84 C:/ISIS/workspace/ycube/GlobusSatProject/..//hal/hcc/lib\libHCCD.a(safefat.o)
 .text._s_allocnextcluster
                0x2002201c      0x13c C:/ISIS/workspace/ycube/GlobusSatProject/..//hal/hcc/lib\libHCCD.a(safefat.o)
 .text._s_getnextsector
                0x20022158       0xdc C:/ISIS/workspace/ycube/GlobusSatProject/..//hal/hcc/lib\libHCCD.a(safefat.o)
 .text._s_seek  0x20022234      0x1e8 C:/ISIS/workspace/ycube/GlobusSatProject/..//hal/hcc/lib\libHCCD.a(safefat.o)
 .text._s_get_len
                0x2002241c      0x10c C:/ISIS/workspace/ycube/GlobusSatProject/..//hal/hcc/lib\libHCCD.a(safefat.o)
 .text._s_set_len
                0x20022528       0xb4 C:/ISIS/workspace/ycube/GlobusSatProject/..//hal/hcc/lib\libHCCD.a(safefat.o)
 .text.safe_fix_filelengths
                0x200225dc       0xcc C:/ISIS/workspace/ycube/GlobusSatProject/..//hal/hcc/lib\libHCCD.a(safefat.o)
                0x200225dc                safe_fix_filelengths
 .text._s_read  0x200226a8      0x228 C:/ISIS/workspace/ycube/GlobusSatProject/..//hal/hcc/lib\libHCCD.a(safefat.o)
 .text._s_write
                0x200228d0      0x384 C:/ISIS/workspace/ycube/GlobusSatProject/..//hal/hcc/lib\libHCCD.a(safefat.o)
 .text._s_restoreclusters
                0x20022c54      0x270 C:/ISIS/workspace/ycube/GlobusSatProject/..//hal/hcc/lib\libHCCD.a(safefat.o)
                0x20022c54                _s_restoreclusters
 .text._s_findrestore
                0x20022ec4      0x18c C:/ISIS/workspace/ycube/GlobusSatProject/..//hal/hcc/lib\libHCCD.a(safefat.o)
 .text._s_cmd_writede
                0x20023050       0xd8 C:/ISIS/workspace/ycube/GlobusSatProject/..//hal/hcc/lib\libHCCD.a(safefat.o)
 .text._s_cmd_setcluster
                0x20023128       0x88 C:/ISIS/workspace/ycube/GlobusSatProject/..//hal/hcc/lib\libHCCD.a(safefat.o)
 .text._s_cmd_deletechain
                0x200231b0      0x100 C:/ISIS/workspace/ycube/GlobusSatProject/..//hal/hcc/lib\libHCCD.a(safefat.o)
 .text._s_cmd_validatecfn
                0x200232b0      0x308 C:/ISIS/workspace/ycube/GlobusSatProject/..//hal/hcc/lib\libHCCD.a(safefat.o)
 .text._s_cmd_seteof
                0x200235b8      0x3c4 C:/ISIS/workspace/ycube/GlobusSatProject/..//hal/hcc/lib\libHCCD.a(safefat.o)
 .text.safe_docommands
                0x2002397c      0x56c C:/ISIS/workspace/ycube/GlobusSatProject/..//hal/hcc/lib\libHCCD.a(safefat.o)
                0x2002397c                safe_docommands
 .text.safe_entercommand
                0x20023ee8       0x68 C:/ISIS/workspace/ycube/GlobusSatProject/..//hal/hcc/lib\libHCCD.a(safefat.o)
                0x20023ee8                safe_entercommand
 .text.safe_ready
                0x20023f50       0xf4 C:/ISIS/workspace/ycube/GlobusSatProject/..//hal/hcc/lib\libHCCD.a(safefat.o)
                0x20023f50                safe_ready
 .text.safe_copycfn
                0x20024044       0xb8 C:/ISIS/workspace/ycube/GlobusSatProject/..//hal/hcc/lib\libHCCD.a(safefat.o)
                0x20024044                safe_copycfn
 .text.safe_cfremove
                0x200240fc       0xb8 C:/ISIS/workspace/ycube/GlobusSatProject/..//hal/hcc/lib\libHCCD.a(safefat.o)
                0x200240fc                safe_cfremove
 .text.safe_writede
                0x200241b4      0x104 C:/ISIS/workspace/ycube/GlobusSatProject/..//hal/hcc/lib\libHCCD.a(safefat.o)
                0x200241b4                safe_writede
 .text.safe_setcluster
                0x200242b8       0xcc C:/ISIS/workspace/ycube/GlobusSatProject/..//hal/hcc/lib\libHCCD.a(safefat.o)
                0x200242b8                safe_setcluster
 .text.safe_deletechain
                0x20024384      0x1c8 C:/ISIS/workspace/ycube/GlobusSatProject/..//hal/hcc/lib\libHCCD.a(safefat.o)
                0x20024384                safe_deletechain
 .text.safe_cfclose
                0x2002454c      0x104 C:/ISIS/workspace/ycube/GlobusSatProject/..//hal/hcc/lib\libHCCD.a(safefat.o)
                0x2002454c                safe_cfclose
 .text.safe_cfflush
                0x20024650      0x124 C:/ISIS/workspace/ycube/GlobusSatProject/..//hal/hcc/lib\libHCCD.a(safefat.o)
                0x20024650                safe_cfflush
 .text.safe_reset
                0x20024774       0x78 C:/ISIS/workspace/ycube/GlobusSatProject/..//hal/hcc/lib\libHCCD.a(safefat.o)
                0x20024774                safe_reset
 .text.safe_loadcommands
                0x200247ec       0x78 C:/ISIS/workspace/ycube/GlobusSatProject/..//hal/hcc/lib\libHCCD.a(safefat.o)
                0x200247ec                safe_loadcommands
 .text.safe_poweron
                0x20024864      0x1fc C:/ISIS/workspace/ycube/GlobusSatProject/..//hal/hcc/lib\libHCCD.a(safefat.o)
                0x20024864                safe_poweron
 .text.cf_getname
                0x20024a60       0xc0 C:/ISIS/workspace/ycube/GlobusSatProject/..//hal/hcc/lib\libHCCD.a(safefat.o)
 .text.cf_copyclusterchain
                0x20024b20      0x138 C:/ISIS/workspace/ycube/GlobusSatProject/..//hal/hcc/lib\libHCCD.a(safefat.o)
 .text.cf_seektozero
                0x20024c58       0x94 C:/ISIS/workspace/ycube/GlobusSatProject/..//hal/hcc/lib\libHCCD.a(safefat.o)
                0x20024c58                cf_seektozero
 .text.cf_create
                0x20024cec      0x3a8 C:/ISIS/workspace/ycube/GlobusSatProject/..//hal/hcc/lib\libHCCD.a(safefat.o)
                0x20024cec                cf_create
 .text.cf_copyclustercontent
                0x20025094      0x128 C:/ISIS/workspace/ycube/GlobusSatProject/..//hal/hcc/lib\libHCCD.a(safefat.o)
                0x20025094                cf_copyclustercontent
 .text.cf_copycfn
                0x200251bc      0x4bc C:/ISIS/workspace/ycube/GlobusSatProject/..//hal/hcc/lib\libHCCD.a(safefat.o)
                0x200251bc                cf_copycfn
 .text.cf_remove
                0x20025678      0x344 C:/ISIS/workspace/ycube/GlobusSatProject/..//hal/hcc/lib\libHCCD.a(safefat.o)
                0x20025678                cf_remove
 .text.cf_setclusternew
                0x200259bc       0xf0 C:/ISIS/workspace/ycube/GlobusSatProject/..//hal/hcc/lib\libHCCD.a(safefat.o)
                0x200259bc                cf_setclusternew
 .text.cf_flush
                0x20025aac       0x58 C:/ISIS/workspace/ycube/GlobusSatProject/..//hal/hcc/lib\libHCCD.a(safefat.o)
                0x20025aac                cf_flush
 .text.cf_getcluster
                0x20025b04      0x1b4 C:/ISIS/workspace/ycube/GlobusSatProject/..//hal/hcc/lib\libHCCD.a(safefat.o)
                0x20025b04                cf_getcluster
 .text.cf_setnextcluster
                0x20025cb8      0x194 C:/ISIS/workspace/ycube/GlobusSatProject/..//hal/hcc/lib\libHCCD.a(safefat.o)
                0x20025cb8                cf_setnextcluster
 .text.cf_getpositions
                0x20025e4c       0xbc C:/ISIS/workspace/ycube/GlobusSatProject/..//hal/hcc/lib\libHCCD.a(safefat.o)
                0x20025e4c                cf_getpositions
 .text.cf_setpositions
                0x20025f08       0xb0 C:/ISIS/workspace/ycube/GlobusSatProject/..//hal/hcc/lib\libHCCD.a(safefat.o)
                0x20025f08                cf_setpositions
 .text.cf_opensyncafile
                0x20025fb8      0x150 C:/ISIS/workspace/ycube/GlobusSatProject/..//hal/hcc/lib\libHCCD.a(safefat.o)
                0x20025fb8                cf_opensyncafile
 .text.cf_reloadcfo
                0x20026108       0xd8 C:/ISIS/workspace/ycube/GlobusSatProject/..//hal/hcc/lib\libHCCD.a(safefat.o)
                0x20026108                cf_reloadcfo
 .text.mcipdc_cmd
                0x200261e0      0x22c C:/ISIS/workspace/ycube/GlobusSatProject/..//hal/hcc/lib\libHCCD.a(atmel_mcipdc.o)
 .text.mcipdc_stop
                0x2002640c       0xfc C:/ISIS/workspace/ycube/GlobusSatProject/..//hal/hcc/lib\libHCCD.a(atmel_mcipdc.o)
                0x2002640c                mcipdc_stop
 .text.mcipdc_read
                0x20026508      0x27c C:/ISIS/workspace/ycube/GlobusSatProject/..//hal/hcc/lib\libHCCD.a(atmel_mcipdc.o)
 .text.mcipdc_write
                0x20026784      0x298 C:/ISIS/workspace/ycube/GlobusSatProject/..//hal/hcc/lib\libHCCD.a(atmel_mcipdc.o)
 .text.mcipdc_readsector
                0x20026a1c       0x9c C:/ISIS/workspace/ycube/GlobusSatProject/..//hal/hcc/lib\libHCCD.a(atmel_mcipdc.o)
                0x20026a1c                mcipdc_readsector
 .text.mcipdc_readmultiplesector
                0x20026ab8      0x124 C:/ISIS/workspace/ycube/GlobusSatProject/..//hal/hcc/lib\libHCCD.a(atmel_mcipdc.o)
                0x20026ab8                mcipdc_readmultiplesector
 .text.mcipdc_writesector
                0x20026bdc       0x90 C:/ISIS/workspace/ycube/GlobusSatProject/..//hal/hcc/lib\libHCCD.a(atmel_mcipdc.o)
                0x20026bdc                mcipdc_writesector
 .text.mcipdc_writemultiplesector
                0x20026c6c      0x120 C:/ISIS/workspace/ycube/GlobusSatProject/..//hal/hcc/lib\libHCCD.a(atmel_mcipdc.o)
                0x20026c6c                mcipdc_writemultiplesector
 .text.mcipdc_set_speed
                0x20026d8c       0xb0 C:/ISIS/workspace/ycube/GlobusSatProject/..//hal/hcc/lib\libHCCD.a(atmel_mcipdc.o)
 .text.mcipdc_get_speed
                0x20026e3c       0x48 C:/ISIS/workspace/ycube/GlobusSatProject/..//hal/hcc/lib\libHCCD.a(atmel_mcipdc.o)
 .text._get_csd_bits
                0x20026e84      0x14c C:/ISIS/workspace/ycube/GlobusSatProject/..//hal/hcc/lib\libHCCD.a(atmel_mcipdc.o)
 .text.mcipdc_initcard
                0x20026fd0      0x8f4 C:/ISIS/workspace/ycube/GlobusSatProject/..//hal/hcc/lib\libHCCD.a(atmel_mcipdc.o)
 .text.mcipdc_getstatus
                0x200278c4       0xe8 C:/ISIS/workspace/ycube/GlobusSatProject/..//hal/hcc/lib\libHCCD.a(atmel_mcipdc.o)
 .text.mcipdc_getphy
                0x200279ac       0x90 C:/ISIS/workspace/ycube/GlobusSatProject/..//hal/hcc/lib\libHCCD.a(atmel_mcipdc.o)
 .text.mcipdc_release
                0x20027a3c       0x50 C:/ISIS/workspace/ycube/GlobusSatProject/..//hal/hcc/lib\libHCCD.a(atmel_mcipdc.o)
 .text.atmel_mcipdc_initfunc
                0x20027a8c      0x160 C:/ISIS/workspace/ycube/GlobusSatProject/..//hal/hcc/lib\libHCCD.a(atmel_mcipdc.o)
                0x20027a8c                atmel_mcipdc_initfunc
 .text.oal_task_get_id
                0x20027bec       0x18 C:/ISIS/workspace/ycube/GlobusSatProject/..//hal/hcc/lib\libHCCD.a(oalp_task.o)
                0x20027bec                oal_task_get_id
 .text.oal_mutex_create
                0x20027c04       0x54 C:/ISIS/workspace/ycube/GlobusSatProject/..//hal/hcc/lib\libHCCD.a(oalp_mutex.o)
                0x20027c04                oal_mutex_create
 .text.oal_mutex_delete
                0x20027c58       0x30 C:/ISIS/workspace/ycube/GlobusSatProject/..//hal/hcc/lib\libHCCD.a(oalp_mutex.o)
                0x20027c58                oal_mutex_delete
 .text.oal_mutex_get
                0x20027c88       0x58 C:/ISIS/workspace/ycube/GlobusSatProject/..//hal/hcc/lib\libHCCD.a(oalp_mutex.o)
                0x20027c88                oal_mutex_get
 .text.oal_mutex_put
                0x20027ce0       0x58 C:/ISIS/workspace/ycube/GlobusSatProject/..//hal/hcc/lib\libHCCD.a(oalp_mutex.o)
                0x20027ce0                oal_mutex_put
 .text.mcipdc_hw_init
                0x20027d38       0xe8 C:/ISIS/workspace/ycube/GlobusSatProject/..//hal/hcc/lib\libHCCD.a(atmel_mcipdc_hw.o)
                0x20027d38                mcipdc_hw_init
 .text.mcipdc_hw_delete
                0x20027e20       0x78 C:/ISIS/workspace/ycube/GlobusSatProject/..//hal/hcc/lib\libHCCD.a(atmel_mcipdc_hw.o)
                0x20027e20                mcipdc_hw_delete
 .text.mcipdc_hw_card_plugged
                0x20027e98       0x1c C:/ISIS/workspace/ycube/GlobusSatProject/..//hal/hcc/lib\libHCCD.a(atmel_mcipdc_hw.o)
                0x20027e98                mcipdc_hw_card_plugged
 .text.mcipdc_hw_card_writeprotect
                0x20027eb4       0x1c C:/ISIS/workspace/ycube/GlobusSatProject/..//hal/hcc/lib\libHCCD.a(atmel_mcipdc_hw.o)
                0x20027eb4                mcipdc_hw_card_writeprotect
 .text.psp_getcurrenttimedate
                0x20027ed0       0x8c C:/ISIS/workspace/ycube/GlobusSatProject/..//hal/hcc/lib\libHCCD.a(psp_rtc.o)
                0x20027ed0                psp_getcurrenttimedate
 .text._hcc_get_buf_dsc
                0x20027f5c       0x8c C:/ISIS/workspace/ycube/GlobusSatProject/..//hal/hcc/lib\libHCCD.a(hcc_mem.o)
 .text._hcc_check_free_pages
                0x20027fe8      0x18c C:/ISIS/workspace/ycube/GlobusSatProject/..//hal/hcc/lib\libHCCD.a(hcc_mem.o)
 .text._hcc_mark_pages
                0x20028174      0x158 C:/ISIS/workspace/ycube/GlobusSatProject/..//hal/hcc/lib\libHCCD.a(hcc_mem.o)
 .text._hcc_clear_lock_dsc
                0x200282cc       0x80 C:/ISIS/workspace/ycube/GlobusSatProject/..//hal/hcc/lib\libHCCD.a(hcc_mem.o)
 .text._hcc_lock_access
                0x2002834c      0x128 C:/ISIS/workspace/ycube/GlobusSatProject/..//hal/hcc/lib\libHCCD.a(hcc_mem.o)
 .text._hcc_unlock_access
                0x20028474       0x30 C:/ISIS/workspace/ycube/GlobusSatProject/..//hal/hcc/lib\libHCCD.a(hcc_mem.o)
 .text.hcc_mem_alloc
                0x200284a4      0x454 C:/ISIS/workspace/ycube/GlobusSatProject/..//hal/hcc/lib\libHCCD.a(hcc_mem.o)
                0x200284a4                hcc_mem_alloc
 .text.hcc_mem_free
                0x200288f8      0x178 C:/ISIS/workspace/ycube/GlobusSatProject/..//hal/hcc/lib\libHCCD.a(hcc_mem.o)
                0x200288f8                hcc_mem_free
 .text.hcc_mem_add