Archive member included because of file (symbol)

c:/isis/application/toolchain/bin/../lib/gcc/arm-none-eabi/4.7.4/../../../../arm-none-eabi/lib\libc_s.a(lib_a-vfprintf_float.o)
                              (_printf_float)
c:/isis/application/toolchain/bin/../lib/gcc/arm-none-eabi/4.7.4/../../../../arm-none-eabi/lib\libc_s.a(lib_a-vfprintf_i.o)
                              c:/isis/application/toolchain/bin/../lib/gcc/arm-none-eabi/4.7.4/../../../../arm-none-eabi/lib\libc_s.a(lib_a-vfprintf_float.o) (_printf_common)
c:/isis/application/toolchain/bin/../lib/gcc/arm-none-eabi/4.7.4/../../../../arm-none-eabi/lib\libc_s.a(lib_a-vfscanf_float.o)
                              (_scanf_float)
c:/isis/application/toolchain/bin/../lib/gcc/arm-none-eabi/4.7.4/../../../../arm-none-eabi/lib\libc_s.a(lib_a-dtoa.o)
                              c:/isis/application/toolchain/bin/../lib/gcc/arm-none-eabi/4.7.4/../../../../arm-none-eabi/lib\libc_s.a(lib_a-vfprintf_float.o) (_dtoa_r)
c:/isis/application/toolchain/bin/../lib/gcc/arm-none-eabi/4.7.4/../../../../arm-none-eabi/lib\libc_s.a(lib_a-locale.o)
                              c:/isis/application/toolchain/bin/../lib/gcc/arm-none-eabi/4.7.4/../../../../arm-none-eabi/lib\libc_s.a(lib_a-vfprintf_float.o) (_localeconv_r)
c:/isis/application/toolchain/bin/../lib/gcc/arm-none-eabi/4.7.4/../../../../arm-none-eabi/lib\libc_s.a(lib_a-malloc.o)
                              c:/isis/application/toolchain/bin/../lib/gcc/arm-none-eabi/4.7.4/../../../../arm-none-eabi/lib\libc_s.a(lib_a-dtoa.o) (malloc)
c:/isis/application/toolchain/bin/../lib/gcc/arm-none-eabi/4.7.4/../../../../arm-none-eabi/lib\libc_s.a(lib_a-mallocr.o)
                              c:/isis/application/toolchain/bin/../lib/gcc/arm-none-eabi/4.7.4/../../../../arm-none-eabi/lib\libc_s.a(lib_a-malloc.o) (_malloc_r)
c:/isis/application/toolchain/bin/../lib/gcc/arm-none-eabi/4.7.4/../../../../arm-none-eabi/lib\libc_s.a(lib_a-memcpy.o)
                              c:/isis/application/toolchain/bin/../lib/gcc/arm-none-eabi/4.7.4/../../../../arm-none-eabi/lib\libc_s.a(lib_a-dtoa.o) (memcpy)
c:/isis/application/toolchain/bin/../lib/gcc/arm-none-eabi/4.7.4/../../../../arm-none-eabi/lib\libc_s.a(lib_a-mprec.o)
                              c:/isis/application/toolchain/bin/../lib/gcc/arm-none-eabi/4.7.4/../../../../arm-none-eabi/lib\libc_s.a(lib_a-dtoa.o) (_Balloc)
c:/isis/application/toolchain/bin/../lib/gcc/arm-none-eabi/4.7.4/../../../../arm-none-eabi/lib\libc_s.a(lib_a-s_fpclassify.o)
                              c:/isis/application/toolchain/bin/../lib/gcc/arm-none-eabi/4.7.4/../../../../arm-none-eabi/lib\libc_s.a(lib_a-vfprintf_float.o) (__fpclassifyd)
c:/isis/application/toolchain/bin/../lib/gcc/arm-none-eabi/4.7.4/../../../../arm-none-eabi/lib\libc_s.a(lib_a-sbrkr.o)
                              c:/isis/application/toolchain/bin/../lib/gcc/arm-none-eabi/4.7.4/../../../../arm-none-eabi/lib\libc_s.a(lib_a-mallocr.o) (_sbrk_r)
c:/isis/application/toolchain/bin/../lib/gcc/arm-none-eabi/4.7.4/../../../../arm-none-eabi/lib\libc_s.a(lib_a-sf_nan.o)
                              c:/isis/application/toolchain/bin/../lib/gcc/arm-none-eabi/4.7.4/../../../../arm-none-eabi/lib\libc_s.a(lib_a-vfscanf_float.o) (nanf)
c:/isis/application/toolchain/bin/../lib/gcc/arm-none-eabi/4.7.4/../../../../arm-none-eabi/lib\libc_s.a(lib_a-sprintf.o)
                              c:/isis/application/toolchain/bin/../lib/gcc/arm-none-eabi/4.7.4/../../../../arm-none-eabi/lib\libc_s.a(lib_a-vfscanf_float.o) (sprintf)
c:/isis/application/toolchain/bin/../lib/gcc/arm-none-eabi/4.7.4/../../../../arm-none-eabi/lib\libc_s.a(lib_a-strcmp.o)
                              c:/isis/application/toolchain/bin/../lib/gcc/arm-none-eabi/4.7.4/../../../../arm-none-eabi/lib\libc_s.a(lib_a-locale.o) (strcmp)
c:/isis/application/toolchain/bin/../lib/gcc/arm-none-eabi/4.7.4/../../../../arm-none-eabi/lib\libc_s.a(lib_a-strlen.o)
                              c:/isis/application/toolchain/bin/../lib/gcc/arm-none-eabi/4.7.4/../../../../arm-none-eabi/lib\libc_s.a(lib_a-vfprintf_float.o) (strlen)
c:/isis/application/toolchain/bin/../lib/gcc/arm-none-eabi/4.7.4/../../../../arm-none-eabi/lib\libc_s.a(lib_a-strtod.o)
                              c:/isis/application/toolchain/bin/../lib/gcc/arm-none-eabi/4.7.4/../../../../arm-none-eabi/lib\libc_s.a(lib_a-vfscanf_float.o) (_strtod_r)
c:/isis/application/toolchain/bin/../lib/gcc/arm-none-eabi/4.7.4/../../../../arm-none-eabi/lib\libc_s.a(lib_a-strtol.o)
                              c:/isis/application/toolchain/bin/../lib/gcc/arm-none-eabi/4.7.4/../../../../arm-none-eabi/lib\libc_s.a(lib_a-vfscanf_float.o) (_strtol_r)
c:/isis/application/toolchain/bin/../lib/gcc/arm-none-eabi/4.7.4/../../../../arm-none-eabi/lib\libc_s.a(lib_a-svfprintf.o)
[...]
Memory Configuration

Name             Origin             Length             Attributes
sram0            0x00200000         0x00004000         w !xr
sram1            0x00300000         0x00004000         w !xr
sdram            0x20000000         0x02000000         w !xr
*default*        0x00000000         0xffffffff

Linker script and memory map

LOAD c:/isis/application/toolchain/bin/../lib/gcc/arm-none-eabi/4.7.4/../../../../arm-none-eabi/lib\libc_s.a
LOAD ./src/TestingDemos/CommandsTestingDemo.o
LOAD ./src/TestingDemos/EpsTestingDemo.o
LOAD ./src/TestingDemos/FileSystemTestingDemo.o
LOAD ./src/TestingDemos/MainTest.o
LOAD ./src/TestingDemos/MaintenanceTestingDemo.o
LOAD ./src/TestingDemos/TelemetryTestingDemo.o
LOAD ./src/TestingDemos/TrxvuTestingDemo.o
LOAD ./src/SubSystemModules/PowerManagment/EPS.o
LOAD ./src/SubSystemModules/PowerManagment/EPSOperationModes.o
LOAD ./src/SubSystemModules/Maintenance/Maintenance.o
LOAD ./src/SubSystemModules/Housekepping/TelemetryCollector.o
LOAD ./src/SubSystemModules/Communication/SubsystemCommands/EPS_Commands.o
LOAD ./src/SubSystemModules/Communication/SubsystemCommands/FS_Commands.o
LOAD ./src/SubSystemModules/Communication/SubsystemCommands/Maintanence_Commands.o
LOAD ./src/SubSystemModules/Communication/SubsystemCommands/TRXVU_Commands.o
LOAD ./src/SubSystemModules/Communication/AckHandler.o
LOAD ./src/SubSystemModules/Communication/CommandDictionary.o
LOAD ./src/SubSystemModules/Communication/SatCommandHandler.o
LOAD ./src/SubSystemModules/Communication/TRXVU.o
LOAD ./src/InitSystem.o
LOAD ./src/TLM_management.o
LOAD ./src/main.o
LOAD ./src/utils.o
LOAD C:/ISIS/workspace_ycube/GlobusSatProject/..//hal/hal/lib\libHALD.a
LOAD C:/ISIS/workspace_ycube/GlobusSatProject/..//hal/hcc/lib\libHCCD.a
LOAD C:/ISIS/workspace_ycube/satellite-subsystems/satellite-subsystems/lib\libSatelliteSubsystemsD.a
LOAD C:/ISIS/workspace_ycube/GlobusSatProject/..//hal/freertos/lib\libFreeRTOSD.a
LOAD C:/ISIS/workspace_ycube/GlobusSatProject/..//hal/at91/lib\libAt91D.a
START GROUP
LOAD c:/isis/application/toolchain/bin/../lib/gcc/arm-none-eabi/4.7.4\libgcc.a
LOAD c:/isis/application/toolchain/bin/../lib/gcc/arm-none-eabi/4.7.4/../../../../arm-none-eabi/lib\libc_s.a
END GROUP

.fixed          0x20000000    0x362e8
                0x20000000                . = ALIGN (0x4)
                0x20000000                _sfixed = .
 *(.startup)
 .startup       0x20000000      0x134 C:/ISIS/workspace_ycube/GlobusSatProject/..//hal/at91/lib\libAt91D.a(board_cstartup.o)
                0x20000000                entry
 *(.text)
 .text          0x20000134       0x64 C:/ISIS/workspace_ycube/GlobusSatProject/..//hal/at91/lib\libAt91D.a(cp15_asm.o)
                0x20000134                _readControlRegister
                0x20000140                _writeControlRegister
                0x20000148                _waitForInterrupt
                0x20000154                _writeTTB
                0x2000015c                _writeDomain
                0x20000164                _writeITLBLockdown
                0x2000016c                _prefetchICacheLine
                0x20000174                _flushDCache
                0x20000180                _flushWriteBuffer
                0x2000018c                _invalidateIDTLBs
 .text          0x20000198      0x114 c:/isis/application/toolchain/bin/../lib/gcc/arm-none-eabi/4.7.4\libgcc.a(_udivsi3.o)
                0x20000198                __aeabi_uidiv
                0x20000198                __udivsi3
                0x2000028c                __aeabi_uidivmod
 .text          0x200002ac      0x148 c:/isis/application/toolchain/bin/../lib/gcc/arm-none-eabi/4.7.4\libgcc.a(_divsi3.o)
                0x200002ac                __divsi3
                0x200002ac                __aeabi_idiv
                0x200003d4                __aeabi_idivmod
 .text          0x200003f4        0x4 c:/isis/application/toolchain/bin/../lib/gcc/arm-none-eabi/4.7.4\libgcc.a(_dvmd_tls.o)
                0x200003f4                __aeabi_idiv0
                0x200003f4                __aeabi_ldiv0
 .text          0x200003f8      0x41c c:/isis/application/toolchain/bin/../lib/gcc/arm-none-eabi/4.7.4\libgcc.a(_arm_addsubdf3.o)
                0x200003f8                __aeabi_drsub
                0x20000400                __aeabi_dsub
                0x20000400                __subdf3
                0x20000404                __aeabi_dadd
                0x20000404                __adddf3
                0x20000714                __floatunsidf
                0x20000714                __aeabi_ui2d
                0x20000738                __floatsidf
                0x20000738                __aeabi_i2d
                0x20000760                __aeabi_f2d
                0x20000760                __extendsfdf2
                0x200007a0                __floatundidf
                0x200007a0                __aeabi_ul2d
                0x200007b4                __floatdidf
                0x200007b4                __aeabi_l2d
 .text          0x20000814      0x49c c:/isis/application/toolchain/bin/../lib/gcc/arm-none-eabi/4.7.4\libgcc.a(_arm_muldivdf3.o)
                0x20000814                __aeabi_dmul
                0x20000814                __muldf3
                0x20000aa4                __divdf3
                0x20000aa4                __aeabi_ddiv
 .text          0x20000cb0      0x144 c:/isis/application/toolchain/bin/../lib/gcc/arm-none-eabi/4.7.4\libgcc.a(_arm_cmpdf2.o)
                0x20000cb0                __gtdf2
                0x20000cb0                __gedf2
                0x20000cb8                __ltdf2
                0x20000cb8                __ledf2
                0x20000cc0                __nedf2
                0x20000cc0                __eqdf2
                0x20000cc0                __cmpdf2
                0x20000d48                __aeabi_cdrcmple
                0x20000d64                __aeabi_cdcmpeq
                0x20000d64                __aeabi_cdcmple
                0x20000d7c                __aeabi_dcmpeq
                0x20000d94                __aeabi_dcmplt
                0x20000dac                __aeabi_dcmple
                0x20000dc4                __aeabi_dcmpge
                0x20000ddc                __aeabi_dcmpgt
 .text          0x20000df4       0x5c c:/isis/application/toolchain/bin/../lib/gcc/arm-none-eabi/4.7.4\libgcc.a(_arm_fixdfsi.o)
                0x20000df4                __aeabi_d2iz
                0x20000df4                __fixdfsi
 .text          0x20000e50       0x54 c:/isis/application/toolchain/bin/../lib/gcc/arm-none-eabi/4.7.4\libgcc.a(_arm_fixunsdfsi.o)
                0x20000e50                __aeabi_d2uiz
                0x20000e50                __fixunsdfsi
 .text          0x20000ea4       0xa0 c:/isis/application/toolchain/bin/../lib/gcc/arm-none-eabi/4.7.4\libgcc.a(_arm_truncdfsf2.o)
                0x20000ea4                __truncdfsf2
                0x20000ea4                __aeabi_d2f
 .text          0x20000f44      0x2ac c:/isis/application/toolchain/bin/../lib/gcc/arm-none-eabi/4.7.4\libgcc.a(_arm_addsubsf3.o)
                0x20000f44                __aeabi_frsub
                0x20000f4c                __subsf3
                0x20000f4c                __aeabi_fsub
                0x20000f50                __aeabi_fadd
                0x20000f50                __addsf3
                0x2000110c                __aeabi_ui2f
                0x2000110c                __floatunsisf
                0x20001114                __aeabi_i2f
                0x20001114                __floatsisf
                0x20001134                __aeabi_ul2f
                0x20001134                __floatundisf
                0x20001144                __aeabi_l2f
                0x20001144                __floatdisf
 .text          0x200011f0      0x2f8 c:/isis/application/toolchain/bin/../lib/gcc/arm-none-eabi/4.7.4\libgcc.a(_arm_muldivsf3.o)
                0x200011f0                __mulsf3
                0x200011f0                __aeabi_fmul
                0x20001388                __aeabi_fdiv
                0x20001388                __divsf3
 .text          0x200014e8      0x114 c:/isis/application/toolchain/bin/../lib/gcc/arm-none-eabi/4.7.4\libgcc.a(_arm_cmpsf2.o)
                0x200014e8                __gesf2
                0x200014e8                __gtsf2
                0x200014f0                __lesf2
                0x200014f0                __ltsf2
                0x200014f8                __nesf2
                0x200014f8                __eqsf2
                0x200014f8                __cmpsf2
                0x2000155c                __aeabi_cfrcmple
                0x2000156c                __aeabi_cfcmpeq
                0x2000156c                __aeabi_cfcmple
                0x20001584                __aeabi_fcmpeq
                0x2000159c                __aeabi_fcmplt
                0x200015b4                __aeabi_fcmple
                0x200015cc                __aeabi_fcmpge
                0x200015e4                __aeabi_fcmpgt
 .text          0x200015fc       0x54 c:/isis/application/toolchain/bin/../lib/gcc/arm-none-eabi/4.7.4\libgcc.a(_arm_fixunssfsi.o)
                0x200015fc                __fixunssfsi
                0x200015fc                __aeabi_f2uiz
 *(.text*)
 .text.__cvt    0x20001650      0x138 c:/isis/application/toolchain/bin/../lib/gcc/arm-none-eabi/4.7.4/../../../../arm-none-eabi/lib\libc_s.a(lib_a-vfprintf_float.o)
                0x20001650                __cvt
 .text.__exponent
                0x20001788       0xa8 c:/isis/application/toolchain/bin/../lib/gcc/arm-none-eabi/4.7.4/../../../../arm-none-eabi/lib\libc_s.a(lib_a-vfprintf_float.o)
                0x20001788                __exponent
 .text._printf_float
                0x20001830      0x7dc c:/isis/application/toolchain/bin/../lib/gcc/arm-none-eabi/4.7.4/../../../../arm-none-eabi/lib\libc_s.a(lib_a-vfprintf_float.o)
                0x20001830                _printf_float
 .text._printf_common
                0x2000200c      0x174 c:/isis/application/toolchain/bin/../lib/gcc/arm-none-eabi/4.7.4/../../../../arm-none-eabi/lib\libc_s.a(lib_a-vfprintf_i.o)
                0x2000200c                _printf_common
 .text._printf_i
                0x20002180      0x3c4 c:/isis/application/toolchain/bin/../lib/gcc/arm-none-eabi/4.7.4/../../../../arm-none-eabi/lib\libc_s.a(lib_a-vfprintf_i.o)
                0x20002180                _printf_i
 .text._scanf_float
                0x20002544      0x5f4 c:/isis/application/toolchain/bin/../lib/gcc/arm-none-eabi/4.7.4/../../../../arm-none-eabi/lib\libc_s.a(lib_a-vfscanf_float.o)
                0x20002544                _scanf_float
 .text.quorem   0x20002b38      0x1ac c:/isis/application/toolchain/bin/../lib/gcc/arm-none-eabi/4.7.4/../../../../arm-none-eabi/lib\libc_s.a(lib_a-dtoa.o)
 .text._dtoa_r  0x20002ce4     0x1268 c:/isis/application/toolchain/bin/../lib/gcc/arm-none-eabi/4.7.4/../../../../arm-none-eabi/lib\libc_s.a(lib_a-dtoa.o)
                0x20002ce4                _dtoa_r
 .text._localeconv_r
                0x20003f4c        0xc c:/isis/application/toolchain/bin/../lib/gcc/arm-none-eabi/4.7.4/../../../../arm-none-eabi/lib\libc_s.a(lib_a-locale.o)
                0x20003f4c                _localeconv_r
 .text.malloc   0x20003f58       0x20 c:/isis/application/toolchain/bin/../lib/gcc/arm-none-eabi/4.7.4/../../../../arm-none-eabi/lib\libc_s.a(lib_a-malloc.o)
                0x20003f58                malloc
 .text.free     0x20003f78       0x20 c:/isis/application/toolchain/bin/../lib/gcc/arm-none-eabi/4.7.4/../../../../arm-none-eabi/lib\libc_s.a(lib_a-malloc.o)
                0x20003f78                free
 .text._malloc_r
                0x20003f98       0xfc c:/isis/application/toolchain/bin/../lib/gcc/arm-none-eabi/4.7.4/../../../../arm-none-eabi/lib\libc_s.a(lib_a-mallocr.o)
                0x20003f98                _malloc_r
 .text.memcpy   0x20004094       0x20 c:/isis/application/toolchain/bin/../lib/gcc/arm-none-eabi/4.7.4/../../../../arm-none-eabi/lib\libc_s.a(lib_a-memcpy.o)
                0x20004094                memcpy
 .text._Balloc  0x200040b4       0xcc c:/isis/application/toolchain/bin/../lib/gcc/arm-none-eabi/4.7.4/../../../../arm-none-eabi/lib\libc_s.a(lib_a-mprec.o)
                0x200040b4                _Balloc
 .text._Bfree   0x20004180       0x5c c:/isis/application/toolchain/bin/../lib/gcc/arm-none-eabi/4.7.4/../../../../arm-none-eabi/lib\libc_s.a(lib_a-mprec.o)
                0x20004180                _Bfree
 .text.__multadd
                0x200041dc       0xbc c:/isis/application/toolchain/bin/../lib/gcc/arm-none-eabi/4.7.4/../../../../arm-none-eabi/lib\libc_s.a(lib_a-mprec.o)
                0x200041dc                __multadd
 .text.__s2b    0x20004298       0xd8 c:/isis/application/toolchain/bin/../lib/gcc/arm-none-eabi/4.7.4/../../../../arm-none-eabi/lib\libc_s.a(lib_a-mprec.o)
                0x20004298                __s2b
 .text.__hi0bits
                0x20004370       0x58 c:/isis/application/toolchain/bin/../lib/gcc/arm-none-eabi/4.7.4/../../../../arm-none-eabi/lib\libc_s.a(lib_a-mprec.o)
                0x20004370                __hi0bits
 .text.__lo0bits
                0x200043c8       0x94 c:/isis/application/toolchain/bin/../lib/gcc/arm-none-eabi/4.7.4/../../../../arm-none-eabi/lib\libc_s.a(lib_a-mprec.o)
                0x200043c8                __lo0bits
 .text.__i2b    0x2000445c       0x24 c:/isis/application/toolchain/bin/../lib/gcc/arm-none-eabi/4.7.4/../../../../arm-none-eabi/lib\libc_s.a(lib_a-mprec.o)
                0x2000445c                __i2b
 .text.__multiply
                0x20004480      0x1ac c:/isis/application/toolchain/bin/../lib/gcc/arm-none-eabi/4.7.4/../../../../arm-none-eabi/lib\libc_s.a(lib_a-mprec.o)
                0x20004480                __multiply
 .text.__pow5mult
                0x2000462c      0x10c c:/isis/application/toolchain/bin/../lib/gcc/arm-none-eabi/4.7.4/../../../../arm-none-eabi/lib\libc_s.a(lib_a-mprec.o)
                0x2000462c                __pow5mult
 .text.__lshift
                0x20004738       0xf0 c:/isis/application/toolchain/bin/../lib/gcc/arm-none-eabi/4.7.4/../../../../arm-none-eabi/lib\libc_s.a(lib_a-mprec.o)
                0x20004738                __lshift
 .text.__mcmp   0x20004828       0x60 c:/isis/application/toolchain/bin/../lib/gcc/arm-none-eabi/4.7.4/../../../../arm-none-eabi/lib\libc_s.a(lib_a-mprec.o)
                0x20004828                __mcmp
 .text.__mdiff  0x20004888      0x128 c:/isis/application/toolchain/bin/../lib/gcc/arm-none-eabi/4.7.4/../../../../arm-none-eabi/lib\libc_s.a(lib_a-mprec.o)
                0x20004888                __mdiff
 .text.__ulp    0x200049b0       0x5c c:/isis/application/toolchain/bin/../lib/gcc/arm-none-eabi/4.7.4/../../../../arm-none-eabi/lib\libc_s.a(lib_a-mprec.o)
                0x200049b0                __ulp
 .text.__b2d    0x20004a0c       0xc8 c:/isis/application/toolchain/bin/../lib/gcc/arm-none-eabi/4.7.4/../../../../arm-none-eabi/lib\libc_s.a(lib_a-mprec.o)
                0x20004a0c                __b2d
 .text.__d2b    0x20004ad4       0xfc c:/isis/application/toolchain/bin/../lib/gcc/arm-none-eabi/4.7.4/../../../../arm-none-eabi/lib\libc_s.a(lib_a-mprec.o)
                0x20004ad4                __d2b
 .text.__ratio  0x20004bd0       0x70 c:/isis/application/toolchain/bin/../lib/gcc/arm-none-eabi/4.7.4/../../../../arm-none-eabi/lib\libc_s.a(lib_a-mprec.o)
                0x20004bd0                __ratio
 .text.__copybits
                0x20004c40       0x4c c:/isis/application/toolchain/bin/../lib/gcc/arm-none-eabi/4.7.4/../../../../arm-none-eabi/lib\libc_s.a(lib_a-mprec.o)
                0x20004c40                __copybits
 .text.__any_on
                0x20004c8c       0x7c c:/isis/application/toolchain/bin/../lib/gcc/arm-none-eabi/4.7.4/../../../../arm-none-eabi/lib\libc_s.a(lib_a-mprec.o)
                0x20004c8c                __any_on
 .text.__fpclassifyd
                0x20004d08       0x6c c:/isis/application/toolchain/bin/../lib/gcc/arm-none-eabi/4.7.4/../../../../arm-none-eabi/lib\libc_s.a(lib_a-s_fpclassify.o)
                0x20004d08                __fpclassifyd
 .text._sbrk_r  0x20004d74       0x3c c:/isis/application/toolchain/bin/../lib/gcc/arm-none-eabi/4.7.4/../../../../arm-none-eabi/lib\libc_s.a(lib_a-sbrkr.o)
                0x20004d74                _sbrk_r
 .text.nanf     0x20004db0        0xc c:/isis/application/toolchain/bin/../lib/gcc/arm-none-eabi/4.7.4/../../../../arm-none-eabi/lib\libc_s.a(lib_a-sf_nan.o)
                0x20004db0                nanf
 .text.sprintf  0x20004dbc       0x6c c:/isis/application/toolchain/bin/../lib/gcc/arm-none-eabi/4.7.4/../../../../arm-none-eabi/lib\libc_s.a(lib_a-sprintf.o)
                0x20004dbc                siprintf
                0x20004dbc                sprintf
 .text.strlen   0x20004e28       0x1c c:/isis/application/toolchain/bin/../lib/gcc/arm-none-eabi/4.7.4/../../../../arm-none-eabi/lib\libc_s.a(lib_a-strlen.o)
                0x20004e28                strlen
 .text.match    0x20004e44       0x54 c:/isis/application/toolchain/bin/../lib/gcc/arm-none-eabi/4.7.4/../../../../arm-none-eabi/lib\libc_s.a(lib_a-strtod.o)
 .text._strtod_r
                0x20004e98     0x1168 c:/isis/application/toolchain/bin/../lib/gcc/arm-none-eabi/4.7.4/../../../../arm-none-eabi/lib\libc_s.a(lib_a-strtod.o)
                0x20004e98                _strtod_r
 .text._strtol_r
                0x20006000      0x1b8 c:/isis/application/toolchain/bin/../lib/gcc/arm-none-eabi/4.7.4/../../../../arm-none-eabi/lib\libc_s.a(lib_a-strtol.o)
                0x20006000                _strtol_r
 .text.__ssputc_r
                0x200061b8      0x10c c:/isis/application/toolchain/bin/../lib/gcc/arm-none-eabi/4.7.4/../../../../arm-none-eabi/lib\libc_s.a(lib_a-svfprintf.o)
                0x200061b8                __ssputc_r
 .text._svfprintf_r
                0x200062c4      0x328 c:/isis/application/toolchain/bin/../lib/gcc/arm-none-eabi/4.7.4/../../../../arm-none-eabi/lib\libc_s.a(lib_a-svfprintf.o)
                0x200062c4                _svfiprintf_r
                0x200062c4                _svfprintf_r
 .text._calloc_r
                0x200065ec       0x2c c:/isis/application/toolchain/bin/../lib/gcc/arm-none-eabi/4.7.4/../../../../arm-none-eabi/lib\libc_s.a(lib_a-callocr.o)
                0x200065ec                _calloc_r
 .text._free_r  0x20006618      0x108 c:/isis/application/toolchain/bin/../lib/gcc/arm-none-eabi/4.7.4/../../../../arm-none-eabi/lib\libc_s.a(lib_a-freer.o)
                0x20006618                _free_r
 .text.rshift   0x20006720       0xb0 c:/isis/application/toolchain/bin/../lib/gcc/arm-none-eabi/4.7.4/../../../../arm-none-eabi/lib\libc_s.a(lib_a-gdtoa-gethex.o)
 .text.htinit.constprop.0
                0x200067d0       0x34 c:/isis/application/toolchain/bin/../lib/gcc/arm-none-eabi/4.7.4/../../../../arm-none-eabi/lib\libc_s.a(lib_a-gdtoa-gethex.o)
 .text.__hexdig_init
                0x20006804       0x38 c:/isis/application/toolchain/bin/../lib/gcc/arm-none-eabi/4.7.4/../../../../arm-none-eabi/lib\libc_s.a(lib_a-gdtoa-gethex.o)
                0x20006804                __hexdig_init
 .text.__gethex
                0x2000683c      0x6cc c:/isis/application/toolchain/bin/../lib/gcc/arm-none-eabi/4.7.4/../../../../arm-none-eabi/lib\libc_s.a(lib_a-gdtoa-gethex.o)
                0x2000683c                __gethex
 .text.L_shift  0x20006f08       0x38 c:/isis/application/toolchain/bin/../lib/gcc/arm-none-eabi/4.7.4/../../../../arm-none-eabi/lib\libc_s.a(lib_a-gdtoa-hexnan.o)
 .text.__hexnan
                0x20006f40      0x1d8 c:/isis/application/toolchain/bin/../lib/gcc/arm-none-eabi/4.7.4/../../../../arm-none-eabi/lib\libc_s.a(lib_a-gdtoa-hexnan.o)
                0x20006f40                __hexnan
 .text.memchr   0x20007118       0x34 c:/isis/application/toolchain/bin/../lib/gcc/arm-none-eabi/4.7.4/../../../../arm-none-eabi/lib\libc_s.a(lib_a-memchr.o)
                0x20007118                memchr
 .text.memset   0x2000714c       0x1c c:/isis/application/toolchain/bin/../lib/gcc/arm-none-eabi/4.7.4/../../../../arm-none-eabi/lib\libc_s.a(lib_a-memset.o)
                0x2000714c                memset
 .text._realloc_r
                0x20007168       0x80 c:/isis/application/toolchain/bin/../lib/gcc/arm-none-eabi/4.7.4/../../../../arm-none-eabi/lib\libc_s.a(lib_a-reallocr.o)
                0x20007168                _realloc_r
 .text.strncmp  0x200071e8       0x64 c:/isis/application/toolchain/bin/../lib/gcc/arm-none-eabi/4.7.4/../../../../arm-none-eabi/lib\libc_s.a(lib_a-strncmp.o)
                0x200071e8                strncmp
 .text._malloc_usable_size_r
                0x2000724c       0x1c c:/isis/application/toolchain/bin/../lib/gcc/arm-none-eabi/4.7.4/../../../../arm-none-eabi/lib\libc_s.a(lib_a-msizer.o)
                0x2000724c                _malloc_usable_size_r
 .text.TestActUponCommand
                0x20007268      0x114 ./src/TestingDemos/CommandsTestingDemo.o
                0x20007268                TestActUponCommand
 .text.TestAssmbleCommand
                0x2000737c      0x14c ./src/TestingDemos/CommandsTestingDemo.o
                0x2000737c                TestAssmbleCommand
 .text.TestGetDelayedCommand
                0x200074c8       0xa0 ./src/TestingDemos/CommandsTestingDemo.o
                0x200074c8                TestGetDelayedCommand
 .text.TestAddDelayedCommand
                0x20007568       0xd0 ./src/TestingDemos/CommandsTestingDemo.o
                0x20007568                TestAddDelayedCommand
 .text.TestGetDelayedCommandBufferCount
                0x20007638       0x54 ./src/TestingDemos/CommandsTestingDemo.o
                0x20007638                TestGetDelayedCommandBufferCount
 .text.TestGetOnlineCommand
                0x2000768c       0xc8 ./src/TestingDemos/CommandsTestingDemo.o
                0x2000768c                TestGetOnlineCommand
 .text.TestDeleteDelayedCommandByIndex
                0x20007754      0x1c0 ./src/TestingDemos/CommandsTestingDemo.o
                0x20007754                TestDeleteDelayedCommandByIndex
 .text.TestDeleteDelayedBuffer
                0x20007914      0x140 ./src/TestingDemos/CommandsTestingDemo.o
                0x20007914                TestDeleteDelayedBuffer
 .text.selectAndExecuteCommandsDemoTest
                0x20007a54      0x170 ./src/TestingDemos/CommandsTestingDemo.o
                0x20007a54                selectAndExecuteCommandsDemoTest
 .text.MainCommandsTestBench
                0x20007bc4       0x44 ./src/TestingDemos/CommandsTestingDemo.o
                0x20007bc4                MainCommandsTestBench
 .text.TestEpsConditioning
                0x20007c08      0x1e8 ./src/TestingDemos/EpsTestingDemo.o
                0x20007c08                TestEpsConditioning
 .text.TestGetBatteryVoltage
                0x20007df0       0x64 ./src/TestingDemos/EpsTestingDemo.o
                0x20007df0                TestGetBatteryVoltage
 .text.TestUpdateThreshVoltages
                0x20007e54      0x170 ./src/TestingDemos/EpsTestingDemo.o
                0x20007e54                TestUpdateThreshVoltages
 .text.TestGetThreshVoltages
                0x20007fc4       0xb0 ./src/TestingDemos/EpsTestingDemo.o
                0x20007fc4                TestGetThreshVoltages
 .text.TestUpdateAlpha
                0x20008074       0xd0 ./src/TestingDemos/EpsTestingDemo.o
                0x20008074                TestUpdateAlpha
 .text.TestGetAlpha
                0x20008144       0x78 ./src/TestingDemos/EpsTestingDemo.o
                0x20008144                TestGetAlpha
 .text.TestRestoreDefaultAlpha
                0x200081bc       0xfc ./src/TestingDemos/EpsTestingDemo.o
                0x200081bc                TestRestoreDefaultAlpha
 .text.TestRestoreDefaultThresholdVoltages
                0x200082b8      0x154 ./src/TestingDemos/EpsTestingDemo.o
                0x200082b8                TestRestoreDefaultThresholdVoltages
 .text.selectAndExecuteEpsDemoTest
                0x2000840c      0x174 ./src/TestingDemos/EpsTestingDemo.o
                0x2000840c                selectAndExecuteEpsDemoTest
 .text.MainEpsTestBench
                0x20008580       0x40 ./src/TestingDemos/EpsTestingDemo.o
                0x20008580                MainEpsTestBench
 .text.TestlistFiels
                0x200085c0       0xa8 ./src/TestingDemos/FileSystemTestingDemo.o
                0x200085c0                TestlistFiels
 .text.TestLOGTLM
                0x20008668      0x110 ./src/TestingDemos/FileSystemTestingDemo.o
                0x20008668                TestLOGTLM
 .text.TestEPSTLM
                0x20008778       0xa8 ./src/TestingDemos/FileSystemTestingDemo.o
                0x20008778                TestEPSTLM
 .text.TestReadTimeRangeTLMRes
                0x20008820      0x210 ./src/TestingDemos/FileSystemTestingDemo.o
                0x20008820                TestReadTimeRangeTLMRes
 .text.TestReadTimeRangeTLM
                0x20008a30      0x178 ./src/TestingDemos/FileSystemTestingDemo.o
                0x20008a30                TestReadTimeRangeTLM
 .text.GenerateWODTLM
                0x20008ba8       0xd0 ./src/TestingDemos/FileSystemTestingDemo.o
                0x20008ba8                GenerateWODTLM
 .text.TestWODTLM
                0x20008c78       0xa8 ./src/TestingDemos/FileSystemTestingDemo.o
                0x20008c78                TestWODTLM
 .text.TestDeleteFiels
                0x20008d20      0x2b8 ./src/TestingDemos/FileSystemTestingDemo.o
                0x20008d20                TestDeleteFiels
 .text.TestReadMultiFiels
                0x20008fd8      0x2ac ./src/TestingDemos/FileSystemTestingDemo.o
                0x20008fd8                TestReadMultiFiels
 .text.TestTRXVUTLM
                0x20009284      0x11c ./src/TestingDemos/FileSystemTestingDemo.o
                0x20009284                TestTRXVUTLM
 .text.selectAndExecuteFSTest
                0x200093a0      0x1ac ./src/TestingDemos/FileSystemTestingDemo.o
                0x200093a0                selectAndExecuteFSTest
 .text.MainFileSystemTestBench
                0x2000954c       0x44 ./src/TestingDemos/FileSystemTestingDemo.o
                0x2000954c                MainFileSystemTestBench
 .text.selectAndExecuteTest
                0x20009590      0x164 ./src/TestingDemos/MainTest.o
                0x20009590                selectAndExecuteTest
 .text.taskTesting
                0x200096f4       0x28 ./src/TestingDemos/MainTest.o
                0x200096f4                taskTesting
 .text.printSDINfo
                0x2000971c       0x84 ./src/TestingDemos/MaintenanceTestingDemo.o
                0x2000971c                printSDINfo
 .text.changeFirstActivation
                0x200097a0       0x84 ./src/TestingDemos/MaintenanceTestingDemo.o
                0x200097a0                changeFirstActivation
 .text.selectAndExecuteMaintenanceDemoTest
                0x20009824      0x198 ./src/TestingDemos/MaintenanceTestingDemo.o
                0x20009824                selectAndExecuteMaintenanceDemoTest
 .text.MainMaintenanceTestBench
                0x200099bc       0x40 ./src/TestingDemos/MaintenanceTestingDemo.o
                0x200099bc                MainMaintenanceTestBench
 .text.MainTelemetryTestBench
                0x200099fc       0x1c ./src/TestingDemos/TelemetryTestingDemo.o
                0x200099fc                MainTelemetryTestBench
 .text.TestInitTrxvu
                0x20009a18       0x54 ./src/TestingDemos/TrxvuTestingDemo.o
                0x20009a18                TestInitTrxvu
 .text.TestInitTrxvuWithDifferentFrameLengths
                0x20009a6c      0x134 ./src/TestingDemos/TrxvuTestingDemo.o
                0x20009a6c                TestInitTrxvuWithDifferentFrameLengths
 .text.TestTrxvuLogic
                0x20009ba0       0xd4 ./src/TestingDemos/TrxvuTestingDemo.o
                0x20009ba0                TestTrxvuLogic
 .text.TestCheckTransmitionAllowed
                0x20009c74       0xa4 ./src/TestingDemos/TrxvuTestingDemo.o
                0x20009c74                TestCheckTransmitionAllowed
 .text.TestSendDumpAbortRequest
                0x20009d18       0x24 ./src/TestingDemos/TrxvuTestingDemo.o
                0x20009d18                TestSendDumpAbortRequest
 .text.TestTransmitDummySplPacket
                0x20009d3c       0xd4 ./src/TestingDemos/TrxvuTestingDemo.o
                0x20009d3c                TestTransmitDummySplPacket
 .text.TestTransmitSplPacket
                0x20009e10      0x1f8 ./src/TestingDemos/TrxvuTestingDemo.o
                0x20009e10                TestTransmitSplPacket
 .text.TestExitDump
                0x2000a008       0x18 ./src/TestingDemos/TrxvuTestingDemo.o
                0x2000a008                TestExitDump
 .text.TestDumpTelemetry
                0x2000a020       0xf8 ./src/TestingDemos/TrxvuTestingDemo.o
                0x2000a020                TestDumpTelemetry
 .text.TestRestoreDefaultBeaconParameters
                0x2000a118       0x1c ./src/TestingDemos/TrxvuTestingDemo.o
                0x2000a118                TestRestoreDefaultBeaconParameters
 .text.TestChooseDefaultBeaconCycle
                0x2000a134       0xe0 ./src/TestingDemos/TrxvuTestingDemo.o
                0x2000a134                TestChooseDefaultBeaconCycle
 .text.TestBeaconLogic
                0x2000a214       0xd8 ./src/TestingDemos/TrxvuTestingDemo.o
                0x2000a214                TestBeaconLogic
 .text.TestMuteTrxvu
                0x2000a2ec       0x9c ./src/TestingDemos/TrxvuTestingDemo.o
                0x2000a2ec                TestMuteTrxvu
 .text.TestUnMuteTrxvu
                0x2000a388       0x30 ./src/TestingDemos/TrxvuTestingDemo.o
                0x2000a388                TestUnMuteTrxvu
 .text.TestGetNumberOfFramesInBuffer
                0x2000a3b8       0x54 ./src/TestingDemos/TrxvuTestingDemo.o
                0x2000a3b8                TestGetNumberOfFramesInBuffer
 .text.TestSetTrxvuBitrate
                0x2000a40c       0xf0 ./src/TestingDemos/TrxvuTestingDemo.o
                0x2000a40c                TestSetTrxvuBitrate
 .text.TestGetTrxvuBitrate
                0x2000a4fc       0xb0 ./src/TestingDemos/TrxvuTestingDemo.o
                0x2000a4fc                TestGetTrxvuBitrate
 .text.TestTransmitDataAsSPL_Packet
                0x2000a5ac      0x114 ./src/TestingDemos/TrxvuTestingDemo.o
                0x2000a5ac                TestTransmitDataAsSPL_Packet
 .text.selectAndExecuteTrxvuDemoTest
                0x2000a6c0      0x28c ./src/TestingDemos/TrxvuTestingDemo.o
                0x2000a6c0                selectAndExecuteTrxvuDemoTest
 .text.MainTrxvuTestBench
                0x2000a94c       0x44 ./src/TestingDemos/TrxvuTestingDemo.o
                0x2000a94c                MainTrxvuTestBench
 .text.GetBatteryVoltage
                0x2000a990       0x64 ./src/SubSystemModules/PowerManagment/EPS.o
                0x2000a990                GetBatteryVoltage
 .text.EPS_Init
                0x2000a9f4       0xe0 ./src/SubSystemModules/PowerManagment/EPS.o
                0x2000a9f4                EPS_Init
 .text.EPS_Conditioning
                0x2000aad4      0x1c4 ./src/SubSystemModules/PowerManagment/EPS.o
                0x2000aad4                EPS_Conditioning
 .text.UpdateAlpha
                0x2000ac98       0xa8 ./src/SubSystemModules/PowerManagment/EPS.o
                0x2000ac98                UpdateAlpha
 .text.UpdateThresholdVoltages
                0x2000ad40      0x204 ./src/SubSystemModules/PowerManagment/EPS.o
                0x2000ad40                UpdateThresholdVoltages
 .text.GetThresholdVoltages
                0x2000af44       0x70 ./src/SubSystemModules/PowerManagment/EPS.o
                0x2000af44                GetThresholdVoltages
 .text.GetAlpha
                0x2000afb4       0x6c ./src/SubSystemModules/PowerManagment/EPS.o
                0x2000afb4                GetAlpha
 .text.RestoreDefaultAlpha
                0x2000b020       0x50 ./src/SubSystemModules/PowerManagment/EPS.o
                0x2000b020                RestoreDefaultAlpha
 .text.RestoreDefaultThresholdVoltages
                0x2000b070       0x6c ./src/SubSystemModules/PowerManagment/EPS.o
                0x2000b070                RestoreDefaultThresholdVoltages
 .text.EnterFullMode
                0x2000b0dc       0x44 ./src/SubSystemModules/PowerManagment/EPSOperationModes.o
                0x2000b0dc                EnterFullMode
 .text.EnterCruiseMode
                0x2000b120       0x44 ./src/SubSystemModules/PowerManagment/EPSOperationModes.o
                0x2000b120                EnterCruiseMode
 .text.EnterSafeMode
                0x2000b164       0x44 ./src/SubSystemModules/PowerManagment/EPSOperationModes.o
                0x2000b164                EnterSafeMode
 .text.EnterCriticalMode
                0x2000b1a8       0x44 ./src/SubSystemModules/PowerManagment/EPSOperationModes.o
                0x2000b1a8                EnterCriticalMode
 .text.GetSystemState
                0x2000b1ec       0x24 ./src/SubSystemModules/PowerManagment/EPSOperationModes.o
                0x2000b1ec                GetSystemState
 .text.GetSystemChannelState
                0x2000b210       0x24 ./src/SubSystemModules/PowerManagment/EPSOperationModes.o
                0x2000b210                GetSystemChannelState
 .text.EpsGetLowVoltageFlag
                0x2000b234       0x24 ./src/SubSystemModules/PowerManagment/EPSOperationModes.o
                0x2000b234                EpsGetLowVoltageFlag
 .text.EpsSetLowVoltageFlag
                0x2000b258       0x2c ./src/SubSystemModules/PowerManagment/EPSOperationModes.o
                0x2000b258                EpsSetLowVoltageFlag
 .text.CheckExecutionTime
                0x2000b284       0x78 ./src/SubSystemModules/Maintenance/Maintenance.o
                0x2000b284                CheckExecutionTime
 .text.SaveSatTimeInFRAM
                0x2000b2fc       0x44 ./src/SubSystemModules/Maintenance/Maintenance.o
                0x2000b2fc                SaveSatTimeInFRAM
 .text.WakeupFromResetCMD
                0x2000b340      0x120 ./src/SubSystemModules/Maintenance/Maintenance.o
                0x2000b340                WakeupFromResetCMD
 .text.ResetGroundCommWDT
                0x2000b460       0x1c ./src/SubSystemModules/Maintenance/Maintenance.o
                0x2000b460                ResetGroundCommWDT
 .text.InitSavePeriodTimes
                0x2000b47c       0xc0 ./src/SubSystemModules/Housekepping/TelemetryCollector.o
                0x2000b47c                InitSavePeriodTimes
 .text.TelemetryCollectorLogic
                0x2000b53c      0x1f0 ./src/SubSystemModules/Housekepping/TelemetryCollector.o
                0x2000b53c                TelemetryCollectorLogic
 .text.TelemetrySaveEPS
                0x2000b72c       0xf4 ./src/SubSystemModules/Housekepping/TelemetryCollector.o
                0x2000b72c                TelemetrySaveEPS
 .text.TelemetrySaveTRXVU
                0x2000b820       0x84 ./src/SubSystemModules/Housekepping/TelemetryCollector.o
                0x2000b820                TelemetrySaveTRXVU
 .text.TelemetrySaveANT
                0x2000b8a4       0xa4 ./src/SubSystemModules/Housekepping/TelemetryCollector.o
                0x2000b8a4                TelemetrySaveANT
 .text.TelemetrySaveSolarPanels
                0x2000b948      0x1c4 ./src/SubSystemModules/Housekepping/TelemetryCollector.o
                0x2000b948                TelemetrySaveSolarPanels
 .text.TelemetrySaveWOD
                0x2000bb0c       0xa0 ./src/SubSystemModules/Housekepping/TelemetryCollector.o
                0x2000bb0c                TelemetrySaveWOD
 .text.GetCurrentWODTelemetry
                0x2000bbac      0x4b0 ./src/SubSystemModules/Housekepping/TelemetryCollector.o
                0x2000bbac                GetCurrentWODTelemetry
 .text.CMD_ResetComponent
                0x2000c05c      0x258 ./src/SubSystemModules/Communication/SubsystemCommands/Maintanence_Commands.o
                0x2000c05c                CMD_ResetComponent
 .text.DumpTask
                0x2000c2b4      0x36c ./src/SubSystemModules/Communication/SubsystemCommands/TRXVU_Commands.o
                0x2000c2b4                DumpTask
 .text.CMD_StartDump
                0x2000c620      0x170 ./src/SubSystemModules/Communication/SubsystemCommands/TRXVU_Commands.o
                0x2000c620                CMD_StartDump
 .text.CMD_SendDumpAbortRequest
                0x2000c790       0x24 ./src/SubSystemModules/Communication/SubsystemCommands/TRXVU_Commands.o
                0x2000c790                CMD_SendDumpAbortRequest
 .text.CMD_ForceDumpAbort
                0x2000c7b4       0x24 ./src/SubSystemModules/Communication/SubsystemCommands/TRXVU_Commands.o
                0x2000c7b4                CMD_ForceDumpAbort
 .text.CMD_MuteTRXVU
                0x2000c7d8       0x70 ./src/SubSystemModules/Communication/SubsystemCommands/TRXVU_Commands.o
                0x2000c7d8                CMD_MuteTRXVU
 .text.CMD_SetIdleState
                0x2000c848       0x70 ./src/SubSystemModules/Communication/SubsystemCommands/TRXVU_Commands.o
                0x2000c848                CMD_SetIdleState
 .text.CMD_UnMuteTRXVU
                0x2000c8b8       0x24 ./src/SubSystemModules/Communication/SubsystemCommands/TRXVU_Commands.o
                0x2000c8b8                CMD_UnMuteTRXVU
 .text.CMD_GetBaudRate
                0x2000c8dc       0x78 ./src/SubSystemModules/Communication/SubsystemCommands/TRXVU_Commands.o
                0x2000c8dc                CMD_GetBaudRate
 .text.CMD_GetBeaconInterval
                0x2000c954       0x60 ./src/SubSystemModules/Communication/SubsystemCommands/TRXVU_Commands.o
                0x2000c954                CMD_GetBeaconInterval
 .text.CMD_SetBaudRate
                0x2000c9b4       0x3c ./src/SubSystemModules/Communication/SubsystemCommands/TRXVU_Commands.o
                0x2000c9b4                CMD_SetBaudRate
 .text.CMD_GetTxUptime
                0x2000c9f0       0x58 ./src/SubSystemModules/Communication/SubsystemCommands/TRXVU_Commands.o
                0x2000c9f0                CMD_GetTxUptime
 .text.CMD_GetRxUptime
                0x2000ca48       0x58 ./src/SubSystemModules/Communication/SubsystemCommands/TRXVU_Commands.o
                0x2000ca48                CMD_GetRxUptime
 .text.CMD_GetNumOfOnlineCommands
                0x2000caa0       0x58 ./src/SubSystemModules/Communication/SubsystemCommands/TRXVU_Commands.o
                0x2000caa0                CMD_GetNumOfOnlineCommands
 .text.CMD_AntSetArmStatus
                0x2000caf8       0x80 ./src/SubSystemModules/Communication/SubsystemCommands/TRXVU_Commands.o
                0x2000caf8                CMD_AntSetArmStatus
 .text.CMD_AntGetArmStatus
                0x2000cb78       0x64 ./src/SubSystemModules/Communication/SubsystemCommands/TRXVU_Commands.o
                0x2000cb78                CMD_AntGetArmStatus
 .text.CMD_AntGetUptime
                0x2000cbdc       0x6c ./src/SubSystemModules/Communication/SubsystemCommands/TRXVU_Commands.o
                0x2000cbdc                CMD_AntGetUptime
 .text.CMD_AntCancelDeployment
                0x2000cc48       0x48 ./src/SubSystemModules/Communication/SubsystemCommands/TRXVU_Commands.o
                0x2000cc48                CMD_AntCancelDeployment
 .text.SendAckPacket
                0x2000cc90       0xe0 ./src/SubSystemModules/Communication/AckHandler.o
                0x2000cc90                SendAckPacket
 .text.trxvu_command_router
                0x2000cd70      0x4a0 ./src/SubSystemModules/Communication/CommandDictionary.o
                0x2000cd70                trxvu_command_router
 .text.eps_command_router
                0x2000d210       0x94 ./src/SubSystemModules/Communication/CommandDictionary.o
                0x2000d210                eps_command_router
 .text.telemetry_command_router
                0x2000d2a4       0x24 ./src/SubSystemModules/Communication/CommandDictionary.o
                0x2000d2a4                telemetry_command_router
 .text.managment_command_router
                0x2000d2c8       0x30 ./src/SubSystemModules/Communication/CommandDictionary.o
                0x2000d2c8                managment_command_router
 .text.filesystem_command_router
                0x2000d2f8       0x24 ./src/SubSystemModules/Communication/CommandDictionary.o
                0x2000d2f8                filesystem_command_router
 .text.ParseDataToCommand
                0x2000d31c      0x1ac ./src/SubSystemModules/Communication/SatCommandHandler.o
                0x2000d31c                ParseDataToCommand
 .text.AssembleCommand
                0x2000d4c8      0x150 ./src/SubSystemModules/Communication/SatCommandHandler.o
                0x2000d4c8                AssembleCommand
 .text.GetDelayedCommand
                0x2000d618       0x24 ./src/SubSystemModules/Communication/SatCommandHandler.o
                0x2000d618                GetDelayedCommand
 .text.AddDelayedCommand
                0x2000d63c       0x24 ./src/SubSystemModules/Communication/SatCommandHandler.o
                0x2000d63c                AddDelayedCommand
 .text.GetDelayedCommandBufferCount
                0x2000d660       0x50 ./src/SubSystemModules/Communication/SatCommandHandler.o
                0x2000d660                GetDelayedCommandBufferCount
 .text.GetDelayedCommandByIndex
                0x2000d6b0       0x28 ./src/SubSystemModules/Communication/SatCommandHandler.o
                0x2000d6b0                GetDelayedCommandByIndex
 .text.DeleteDelayedCommandByIndex
                0x2000d6d8       0x24 ./src/SubSystemModules/Communication/SatCommandHandler.o
                0x2000d6d8                DeleteDelayedCommandByIndex
 .text.DeleteDelayedBuffer
                0x2000d6fc       0x1c ./src/SubSystemModules/Communication/SatCommandHandler.o
                0x2000d6fc                DeleteDelayedBuffer
 .text.ActUponCommand
                0x2000d718       0xd0 ./src/SubSystemModules/Communication/SatCommandHandler.o
                0x2000d718                ActUponCommand
 .text.InitTxModule
                0x2000d7e8       0x68 ./src/SubSystemModules/Communication/TRXVU.o
                0x2000d7e8                InitTxModule
 .text.CMD_SetBeaconInterval
                0x2000d850       0x98 ./src/SubSystemModules/Communication/TRXVU.o
                0x2000d850                CMD_SetBeaconInterval
 .text.InitBeaconParams
                0x2000d8e8       0x3c ./src/SubSystemModules/Communication/TRXVU.o
                0x2000d8e8                InitBeaconParams
 .text.InitSemaphores
                0x2000d924       0x98 ./src/SubSystemModules/Communication/TRXVU.o
                0x2000d924                InitSemaphores
 .text.InitTrxvu
                0x2000d9bc      0x110 ./src/SubSystemModules/Communication/TRXVU.o
                0x2000d9bc                InitTrxvu
 .text.checkIdleFinish
                0x2000dacc       0x68 ./src/SubSystemModules/Communication/TRXVU.o
                0x2000dacc                checkIdleFinish
 .text.TRX_Logic
                0x2000db34       0xc8 ./src/SubSystemModules/Communication/TRXVU.o
                0x2000db34                TRX_Logic
 .text.GetNumberOfFramesInBuffer
                0x2000dbfc       0x54 ./src/SubSystemModules/Communication/TRXVU.o
                0x2000dbfc                GetNumberOfFramesInBuffer
 .text.GetOnlineCommand
                0x2000dc50      0x128 ./src/SubSystemModules/Communication/TRXVU.o
                0x2000dc50                GetOnlineCommand
 .text.CheckTransmitionAllowed
                0x2000dd78       0xc4 ./src/SubSystemModules/Communication/TRXVU.o
                0x2000dd78                CheckTransmitionAllowed
 .text.FinishDump
                0x2000de3c       0xe8 ./src/SubSystemModules/Communication/TRXVU.o
                0x2000de3c                FinishDump
 .text.AbortDump
                0x2000df24       0x30 ./src/SubSystemModules/Communication/TRXVU.o
                0x2000df24                AbortDump
 .text.SendDumpAbortRequest
                0x2000df54       0xc0 ./src/SubSystemModules/Communication/TRXVU.o
                0x2000df54                SendDumpAbortRequest
 .text.BeaconLogic
                0x2000e014      0x1e0 ./src/SubSystemModules/Communication/TRXVU.o
                0x2000e014                BeaconLogic
 .text.SetIdleState
                0x2000e1f4       0xac ./src/SubSystemModules/Communication/TRXVU.o
                0x2000e1f4                SetIdleState
 .text.muteTRXVU
                0x2000e2a0       0x70 ./src/SubSystemModules/Communication/TRXVU.o
                0x2000e2a0                muteTRXVU
 .text.UnMuteTRXVU
                0x2000e310       0x24 ./src/SubSystemModules/Communication/TRXVU.o
                0x2000e310                UnMuteTRXVU
 .text.TransmitDataAsSPL_Packet
                0x2000e334      0x104 ./src/SubSystemModules/Communication/TRXVU.o
                0x2000e334                TransmitDataAsSPL_Packet
 .text.TransmitSplPacket
                0x2000e438      0x1b4 ./src/SubSystemModules/Communication/TRXVU.o
                0x2000e438                TransmitSplPacket
 .text.isFirstActivation
                0x2000e5ec       0x38 ./src/InitSystem.o
                0x2000e5ec                isFirstActivation
 .text.WriteDefaultValuesToFRAM
                0x2000e624      0x17c ./src/InitSystem.o
                0x2000e624                WriteDefaultValuesToFRAM
 .text.StartFRAM
                0x2000e7a0       0x24 ./src/InitSystem.o
                0x2000e7a0                StartFRAM
 .text.StartI2C
                0x2000e7c4       0x30 ./src/InitSystem.o
                0x2000e7c4                StartI2C
 .text.StartSPI
                0x2000e7f4       0x2c ./src/InitSystem.o
                0x2000e7f4                StartSPI
 .text.StartTIME
                0x2000e820       0xb0 ./src/InitSystem.o
                0x2000e820                StartTIME
 .text.DeploySystem
                0x2000e8d0      0x130 ./src/InitSystem.o
                0x2000e8d0                DeploySystem
 .text.InitSubsystems
                0x2000ea00       0x48 ./src/InitSystem.o
                0x2000ea00                InitSubsystems
 .text.delete_allTMFilesFromSD
                0x2000ea48       0x58 ./src/TLM_management.o
                0x2000ea48                delete_allTMFilesFromSD
 .text.deleteTLMFiles
                0x2000eaa0       0x6c ./src/TLM_management.o
                0x2000eaa0                deleteTLMFiles
 .text.deleteTLMFile
                0x2000eb0c       0xb8 ./src/TLM_management.o
                0x2000eb0c                deleteTLMFile
 .text.InitializeFS
                0x2000ebc4       0xd0 ./src/TLM_management.o
                0x2000ebc4                InitializeFS
 .text.calculateFileName
                0x2000ec94      0x108 ./src/TLM_management.o
                0x2000ec94                calculateFileName
 .text.getTlmTypeInfo
                0x2000ed9c      0x230 ./src/TLM_management.o
                0x2000ed9c                getTlmTypeInfo
 .text.write2File
                0x2000efcc      0x150 ./src/TLM_management.o
                0x2000efcc                write2File
 .text.printTLM
                0x2000f11c      0x648 ./src/TLM_management.o
                0x2000f11c                printTLM
 .text.readTLMFile
                0x2000f764      0x2ec ./src/TLM_management.o
                0x2000f764                readTLMFile
 .text.readTLMFiles
                0x2000fa50       0x84 ./src/TLM_management.o
                0x2000fa50                readTLMFiles
 .text.readTLMFileTimeRange
                0x2000fad4      0x2e8 ./src/TLM_management.o
                0x2000fad4                readTLMFileTimeRange
 .text.DeInitializeFS
                0x2000fdbc       0x14 ./src/TLM_management.o
                0x2000fdbc                DeInitializeFS
 .text.main     0x2000fdd0       0xa0 ./src/main.o
                0x2000fdd0                main
 .text.timeU2time
                0x2000fe70       0xbc ./src/utils.o
                0x2000fe70                timeU2time
 .text.logError
                0x2000ff2c       0x84 ./src/utils.o
                0x2000ff2c                logError
 .text.validateTransferParameters
                0x2000ffb0      0x10c C:/ISIS/workspace_ycube/GlobusSatProject/..//hal/hal/lib\libHALD.a(I2C.o)
 .text.I2C_queueTransfer
                0x200100bc       0xe8 C:/ISIS/workspace_ycube/GlobusSatProject/..//hal/hal/lib\libHALD.a(I2C.o)
                0x200100bc                I2C_queueTransfer
 .text.I2C_internalCallback
                0x200101a4       0x64 C:/ISIS/workspace_ycube/GlobusSatProject/..//hal/hal/lib\libHALD.a(I2C.o)
 .text.I2C_doBlockingTransfer
                0x20010208      0x160 C:/ISIS/workspace_ycube/GlobusSatProject/..//hal/hal/lib\libHALD.a(I2C.o)
 .text.I2C_writeRead
                0x20010368      0x180 C:/ISIS/workspace_ycube/GlobusSatProject/..//hal/hal/lib\libHALD.a(I2C.o)
                0x20010368                I2C_writeRead
 .text.I2C_start
                0x200104e8      0x2e8 C:/ISIS/workspace_ycube/GlobusSatProject/..//hal/hal/lib\libHALD.a(I2C.o)
                0x200104e8                I2C_start
 .text.I2C_stop
                0x200107d0      0x184 C:/ISIS/workspace_ycube/GlobusSatProject/..//hal/hal/lib\libHALD.a(I2C.o)
                0x200107d0                I2C_stop
 .text.I2C_setTransferTimeout
                0x20010954       0x48 C:/ISIS/workspace_ycube/GlobusSatProject/..//hal/hal/lib\libHALD.a(I2C.o)
                0x20010954                I2C_setTransferTimeout
 .text.clearPDCtransfers
                0x2001099c       0xdc C:/ISIS/workspace_ycube/GlobusSatProject/..//hal/hal/lib\libHALD.a(SPI.o)
 .text.SPI_start
                0x20010a78      0x4c0 C:/ISIS/workspace_ycube/GlobusSatProject/..//hal/hal/lib\libHALD.a(SPI.o)
                0x20010a78                SPI_start
 .text.SPI_stop
                0x20010f38      0x22c C:/ISIS/workspace_ycube/GlobusSatProject/..//hal/hal/lib\libHALD.a(SPI.o)
                0x20010f38                SPI_stop
 .text.SPI_queueTransfer
                0x20011164      0x190 C:/ISIS/workspace_ycube/GlobusSatProject/..//hal/hal/lib\libHALD.a(SPI.o)
                0x20011164                SPI_queueTransfer
 .text.SPI_internalCallback
                0x200112f4       0x64 C:/ISIS/workspace_ycube/GlobusSatProject/..//hal/hal/lib\libHALD.a(SPI.o)
 .text.SPI_writeRead
                0x20011358      0x188 C:/ISIS/workspace_ycube/GlobusSatProject/..//hal/hal/lib\libHALD.a(SPI.o)
                0x20011358                SPI_writeRead
 .text.waitForTransfer
                0x200114e0       0x68 C:/ISIS/workspace_ycube/GlobusSatProject/..//hal/hal/lib\libHALD.a(SPI.o)
 .text.SPI_getDriverState
                0x20011548       0x58 C:/ISIS/workspace_ycube/GlobusSatProject/..//hal/hal/lib\libHALD.a(SPI.o)
                0x20011548                SPI_getDriverState
 .text.FRAM_start
                0x200115a0       0xf4 C:/ISIS/workspace_ycube/GlobusSatProject/..//hal/hal/lib\libHALD.a(FRAM.o)
                0x200115a0                FRAM_start
 .text.FRAM_dummyCallback
                0x20011694       0x24 C:/ISIS/workspace_ycube/GlobusSatProject/..//hal/hal/lib\libHALD.a(FRAM.o)
                0x20011694                FRAM_dummyCallback
 .text.FRAM_unlockingCallback
                0x200116b8       0x78 C:/ISIS/workspace_ycube/GlobusSatProject/..//hal/hal/lib\libHALD.a(FRAM.o)
                0x200116b8                FRAM_unlockingCallback
 .text.doBlockingTransfer
                0x20011730       0x88 C:/ISIS/workspace_ycube/GlobusSatProject/..//hal/hal/lib\libHALD.a(FRAM.o)
 .text.FRAM_writePacket
                0x200117b8      0x148 C:/ISIS/workspace_ycube/GlobusSatProject/..//hal/hal/lib\libHALD.a(FRAM.o)
 .text.FRAM_write
                0x20011900      0x1c8 C:/ISIS/workspace_ycube/GlobusSatProject/..//hal/hal/lib\libHALD.a(FRAM.o)
                0x20011900                FRAM_write
 .text.FRAM_readPacket
                0x20011ac8      0x114 C:/ISIS/workspace_ycube/GlobusSatProject/..//hal/hal/lib\libHALD.a(FRAM.o)
 .text.FRAM_read
                0x20011bdc      0x1d4 C:/ISIS/workspace_ycube/GlobusSatProject/..//hal/hal/lib\libHALD.a(FRAM.o)
                0x20011bdc                FRAM_read
 .text.Time_start
                0x20011db0      0x150 C:/ISIS/workspace_ycube/GlobusSatProject/..//hal/hal/lib\libHALD.a(Time.o)
                0x20011db0                Time_start
 .text.taskTimeSync
                0x20011f00       0x38 C:/ISIS/workspace_ycube/GlobusSatProject/..//hal/hal/lib\libHALD.a(Time.o)
 .text.Time_set
                0x20011f38      0x278 C:/ISIS/workspace_ycube/GlobusSatProject/..//hal/hal/lib\libHALD.a(Time.o)
                0x20011f38                Time_set
 .text.Time_isLeapYear
                0x200121b0       0x98 C:/ISIS/workspace_ycube/GlobusSatProject/..//hal/hal/lib\libHALD.a(Time.o)
                0x200121b0                Time_isLeapYear
 .text.Time_get
                0x20012248      0x410 C:/ISIS/workspace_ycube/GlobusSatProject/..//hal/hal/lib\libHALD.a(Time.o)
                0x20012248                Time_get
 .text.Time_getUnixEpoch
                0x20012658       0xf4 C:/ISIS/workspace_ycube/GlobusSatProject/..//hal/hal/lib\libHALD.a(Time.o)
                0x20012658                Time_getUnixEpoch
 .text.secondsOfYearToTime
                0x2001274c      0x328 C:/ISIS/workspace_ycube/GlobusSatProject/..//hal/hal/lib\libHALD.a(Time.o)
 .text.Time_setUnixEpoch
                0x20012a74      0x100 C:/ISIS/workspace_ycube/GlobusSatProject/..//hal/hal/lib\libHALD.a(Time.o)
                0x20012a74                Time_setUnixEpoch
 .text.Time_sync
                0x20012b74      0x2b8 C:/ISIS/workspace_ycube/GlobusSatProject/..//hal/hal/lib\libHALD.a(Time.o)
                0x20012b74                Time_sync
 .text.Time_syncIfNeeded
                0x20012e2c       0x70 C:/ISIS/workspace_ycube/GlobusSatProject/..//hal/hal/lib\libHALD.a(Time.o)
                0x20012e2c                Time_syncIfNeeded
 .text.Time_setSyncInterval
                0x20012e9c       0x38 C:/ISIS/workspace_ycube/GlobusSatProject/..//hal/hal/lib\libHALD.a(Time.o)
                0x20012e9c                Time_setSyncInterval
 .text.WDT_start
                0x20012ed4       0x48 C:/ISIS/workspace_ycube/GlobusSatProject/..//hal/hal/lib\libHALD.a(WatchDogTimerNoOS.o)
                0x20012ed4                WDT_start
 .text.WDT_startWatchdogKickTask
                0x20012f1c       0xb4 C:/ISIS/workspace_ycube/GlobusSatProject/..//hal/hal/lib\libHALD.a(WatchDogTimerOS.o)
                0x20012f1c                WDT_startWatchdogKickTask
 .text.WDT_forceKickEveryNms
                0x20012fd0       0x50 C:/ISIS/workspace_ycube/GlobusSatProject/..//hal/hal/lib\libHALD.a(WatchDogTimerOS.o)
                0x20012fd0                WDT_forceKickEveryNms
 .text.UTIL_DbguGetInteger
                0x20013020      0x124 C:/ISIS/workspace_ycube/GlobusSatProject/..//hal/hal/lib\libHALD.a(util.o)
                0x20013020                UTIL_DbguGetInteger
 .text.UTIL_DbguGetIntegerMinMax
                0x20013144       0xa4 C:/ISIS/workspace_ycube/GlobusSatProject/..//hal/hal/lib\libHALD.a(util.o)
                0x20013144                UTIL_DbguGetIntegerMinMax
 .text.LED_glow
                0x200131e8       0x58 C:/ISIS/workspace_ycube/GlobusSatProject/..//hal/hal/lib\libHALD.a(LED.o)
                0x200131e8                LED_glow
 .text.LED_dark
                0x20013240       0x58 C:/ISIS/workspace_ycube/GlobusSatProject/..//hal/hal/lib\libHALD.a(LED.o)
                0x20013240                LED_dark
 .text.LED_toggle
                0x20013298       0x50 C:/ISIS/workspace_ycube/GlobusSatProject/..//hal/hal/lib\libHALD.a(LED.o)
                0x20013298                LED_toggle
 .text.RTC_start
                0x200132e8       0x3c C:/ISIS/workspace_ycube/GlobusSatProject/..//hal/hal/lib\libHALD.a(RTC.o)
                0x200132e8                RTC_start
 .text.RTC_setTime
                0x20013324      0x2a4 C:/ISIS/workspace_ycube/GlobusSatProject/..//hal/hal/lib\libHALD.a(RTC.o)
                0x20013324                RTC_setTime
 .text.RTC_getTime
                0x200135c8      0x224 C:/ISIS/workspace_ycube/GlobusSatProject/..//hal/hal/lib\libHALD.a(RTC.o)
                0x200135c8                RTC_getTime
 .text.RTC_checkTimeValid
                0x200137ec       0xdc C:/ISIS/workspace_ycube/GlobusSatProject/..//hal/hal/lib\libHALD.a(RTC.o)
                0x200137ec                RTC_checkTimeValid
 .text.RTT_start
                0x200138c8       0x24 C:/ISIS/workspace_ycube/GlobusSatProject/..//hal/hal/lib\libHALD.a(RTT.o)
                0x200138c8                RTT_start
 .text.fn_init  0x200138ec      0x2e0 C:/ISIS/workspace_ycube/GlobusSatProject/..//hal/hcc/lib\libHCCD.a(fat_common.o)
                0x200138ec                fn_init
 .text._f_get16bitl
                0x20013bcc       0x4c C:/ISIS/workspace_ycube/GlobusSatProject/..//hal/hcc/lib\libHCCD.a(fat_common.o)
                0x20013bcc                _f_get16bitl
 .text._f_set16bitl
                0x20013c18       0x54 C:/ISIS/workspace_ycube/GlobusSatProject/..//hal/hcc/lib\libHCCD.a(fat_common.o)
                0x20013c18                _f_set16bitl
 .text._f_get32bitl
                0x20013c6c       0x68 C:/ISIS/workspace_ycube/GlobusSatProject/..//hal/hcc/lib\libHCCD.a(fat_common.o)
                0x20013c6c                _f_get32bitl
 .text._f_set32bitl
                0x20013cd4       0x78 C:/ISIS/workspace_ycube/GlobusSatProject/..//hal/hcc/lib\libHCCD.a(fat_common.o)
                0x20013cd4                _f_set32bitl
 .text._get8bit
                0x20013d4c       0xa0 C:/ISIS/workspace_ycube/GlobusSatProject/..//hal/hcc/lib\libHCCD.a(fat_common.o)
 .text._get16bitl
                0x20013dec       0x40 C:/ISIS/workspace_ycube/GlobusSatProject/..//hal/hcc/lib\libHCCD.a(fat_common.o)
 .text._get32bitl
                0x20013e2c       0x3c C:/ISIS/workspace_ycube/GlobusSatProject/..//hal/hcc/lib\libHCCD.a(fat_common.o)
 .text._f_setcardremoved
                0x20013e68       0x94 C:/ISIS/workspace_ycube/GlobusSatProject/..//hal/hcc/lib\libHCCD.a(fat_common.o)
 .text._f_checkstatus
                0x20013efc      0x104 C:/ISIS/workspace_ycube/GlobusSatProject/..//hal/hcc/lib\libHCCD.a(fat_common.o)
                0x20013efc                _f_checkstatus
 .text._f_drvgetphy
                0x20014000      0x114 C:/ISIS/workspace_ycube/GlobusSatProject/..//hal/hcc/lib\libHCCD.a(fat_common.o)
 .text._f_drvwritesector
                0x20014114       0xdc C:/ISIS/workspace_ycube/GlobusSatProject/..//hal/hcc/lib\libHCCD.a(fat_common.o)
 .text._f_drvreadsector
                0x200141f0       0xa8 C:/ISIS/workspace_ycube/GlobusSatProject/..//hal/hcc/lib\libHCCD.a(fat_common.o)
 .text._f_writesector
                0x20014298      0x23c C:/ISIS/workspace_ycube/GlobusSatProject/..//hal/hcc/lib\libHCCD.a(fat_common.o)
                0x20014298                _f_writesector
 .text._f_readsector
                0x200144d4      0x1dc C:/ISIS/workspace_ycube/GlobusSatProject/..//hal/hcc/lib\libHCCD.a(fat_common.o)
                0x200144d4                _f_readsector
 .text._f_getmaxcluster
                0x200146b0       0x94 C:/ISIS/workspace_ycube/GlobusSatProject/..//hal/hcc/lib\libHCCD.a(fat_common.o)
                0x200146b0                _f_getmaxcluster
 .text._getsectorfromcluster
                0x20014744       0x68 C:/ISIS/workspace_ycube/GlobusSatProject/..//hal/hcc/lib\libHCCD.a(fat_common.o)
 .text._f_buildsectors
                0x200147ac      0x268 C:/ISIS/workspace_ycube/GlobusSatProject/..//hal/hcc/lib\libHCCD.a(fat_common.o)
 .text._f_getbootrecord
                0x20014a14      0x5e4 C:/ISIS/workspace_ycube/GlobusSatProject/..//hal/hcc/lib\libHCCD.a(fat_common.o)
 .text._f_readbootrecord
                0x20014ff8      0x4f8 C:/ISIS/workspace_ycube/GlobusSatProject/..//hal/hcc/lib\libHCCD.a(fat_common.o)
 .text._f_flushcffiles
                0x200154f0      0x17c C:/ISIS/workspace_ycube/GlobusSatProject/..//hal/hcc/lib\libHCCD.a(fat_common.o)
                0x200154f0                _f_flushcffiles
 .text._f_fatcache_flush
                0x2001566c      0x270 C:/ISIS/workspace_ycube/GlobusSatProject/..//hal/hcc/lib\libHCCD.a(fat_common.o)
                0x2001566c                _f_fatcache_flush
 .text._f_writefatsector
                0x200158dc      0x100 C:/ISIS/workspace_ycube/GlobusSatProject/..//hal/hcc/lib\libHCCD.a(fat_common.o)
                0x200158dc                _f_writefatsector
 .text._f_getfatsector
                0x200159dc      0x3bc C:/ISIS/workspace_ycube/GlobusSatProject/..//hal/hcc/lib\libHCCD.a(fat_common.o)
 .text._f_setclustervalue
                0x20015d98      0x490 C:/ISIS/workspace_ycube/GlobusSatProject/..//hal/hcc/lib\libHCCD.a(fat_common.o)
                0x20015d98                _f_setclustervalue
 .text._f_getclustervalue
                0x20016228      0x388 C:/ISIS/workspace_ycube/GlobusSatProject/..//hal/hcc/lib\libHCCD.a(fat_common.o)
                0x20016228                _f_getclustervalue
 .text._f_close_drive_files
                0x200165b0       0xac C:/ISIS/workspace_ycube/GlobusSatProject/..//hal/hcc/lib\libHCCD.a(fat_common.o)
 .text._f_inc_mount_count
                0x2001665c       0xa4 C:/ISIS/workspace_ycube/GlobusSatProject/..//hal/hcc/lib\libHCCD.a(fat_common.o)
 .text._f_getvolume
                0x20016700      0x2f8 C:/ISIS/workspace_ycube/GlobusSatProject/..//hal/hcc/lib\libHCCD.a(fat_common.o)
                0x20016700                _f_getvolume
 .text.fn_createdriver
                0x200169f8      0x118 C:/ISIS/workspace_ycube/GlobusSatProject/..//hal/hcc/lib\libHCCD.a(fat_common.o)
                0x200169f8                fn_createdriver
 .text.fn_initvolume
                0x20016b10      0x12c C:/ISIS/workspace_ycube/GlobusSatProject/..//hal/hcc/lib\libHCCD.a(fat_common.o)
                0x20016b10                fn_initvolume
 .text.fn_initvolumepartition_sub
                0x20016c3c       0xe0 C:/ISIS/workspace_ycube/GlobusSatProject/..//hal/hcc/lib\libHCCD.a(fat_common.o)
 .text.fn_initvolumepartition
                0x20016d1c       0xac C:/ISIS/workspace_ycube/GlobusSatProject/..//hal/hcc/lib\libHCCD.a(fat_common.o)
                0x20016d1c                fn_initvolumepartition
 .text._f_clustertopos
                0x20016dc8       0xf8 C:/ISIS/workspace_ycube/GlobusSatProject/..//hal/hcc/lib\libHCCD.a(fat_common.o)
                0x20016dc8                _f_clustertopos
 .text._f_getcurrsector
                0x20016ec0      0x6c8 C:/ISIS/workspace_ycube/GlobusSatProject/..//hal/hcc/lib\libHCCD.a(fat_common.o)
                0x20016ec0                _f_getcurrsector
 .text._f_getdecluster
                0x20017588       0x90 C:/ISIS/workspace_ycube/GlobusSatProject/..//hal/hcc/lib\libHCCD.a(fat_common.o)
                0x20017588                _f_getdecluster
 .text._f_setdecluster
                0x20017618       0x8c C:/ISIS/workspace_ycube/GlobusSatProject/..//hal/hcc/lib\libHCCD.a(fat_common.o)
                0x20017618                _f_setdecluster
 .text.fn_getdrive
                0x200176a4       0x30 C:/ISIS/workspace_ycube/GlobusSatProject/..//hal/hcc/lib\libHCCD.a(fat_common.o)
                0x200176a4                fn_getdrive
 .text._f_getcurrenttimedate
                0x200176d4      0x138 C:/ISIS/workspace_ycube/GlobusSatProject/..//hal/hcc/lib\libHCCD.a(fat_common.o)
                0x200176d4                _f_getcurrenttimedate
 .text._f_initentry
                0x2001780c       0xa0 C:/ISIS/workspace_ycube/GlobusSatProject/..//hal/hcc/lib\libHCCD.a(fat_common.o)
                0x2001780c                _f_initentry
 .text._f_alloccluster
                0x200178ac      0x344 C:/ISIS/workspace_ycube/GlobusSatProject/..//hal/hcc/lib\libHCCD.a(fat_common.o)
                0x200178ac                _f_alloccluster
 .text._f_dobadblock
                0x20017bf0      0x2cc C:/ISIS/workspace_ycube/GlobusSatProject/..//hal/hcc/lib\libHCCD.a(fat_common.o)
                0x20017bf0                _f_dobadblock
 .text._f_checklocked
                0x20017ebc       0xe4 C:/ISIS/workspace_ycube/GlobusSatProject/..//hal/hcc/lib\libHCCD.a(fat_common.o)
                0x20017ebc                _f_checklocked
 .text._f_checkappendlocked
                0x20017fa0      0x110 C:/ISIS/workspace_ycube/GlobusSatProject/..//hal/hcc/lib\libHCCD.a(fat_common.o)
                0x20017fa0                _f_checkappendlocked
 .text._f_setsyncafile
                0x200180b0      0x114 C:/ISIS/workspace_ycube/GlobusSatProject/..//hal/hcc/lib\libHCCD.a(fat_common.o)
                0x200180b0                _f_setsyncafile
 .text._f_syncfiles
                0x200181c4      0x128 C:/ISIS/workspace_ycube/GlobusSatProject/..//hal/hcc/lib\libHCCD.a(fat_common.o)
                0x200181c4                _f_syncfiles
 .text._f_syncfilescontent
                0x200182ec      0x15c C:/ISIS/workspace_ycube/GlobusSatProject/..//hal/hcc/lib\libHCCD.a(fat_common.o)
 .text.fn_getfreespace
                0x20018448      0x4c0 C:/ISIS/workspace_ycube/GlobusSatProject/..//hal/hcc/lib\libHCCD.a(fat_common.o)
                0x20018448                fn_getfreespace
 .text._f_emptywritecache
                0x20018908      0x4a4 C:/ISIS/workspace_ycube/GlobusSatProject/..//hal/hcc/lib\libHCCD.a(fat_common.o)
 .text._f_allocnextcluster
                0x20018dac      0x54c C:/ISIS/workspace_ycube/GlobusSatProject/..//hal/hcc/lib\libHCCD.a(fat_common.o)
 .text._f_emptywritebuffer
                0x200192f8      0x20c C:/ISIS/workspace_ycube/GlobusSatProject/..//hal/hcc/lib\libHCCD.a(fat_common.o)
 .text._f_writezeros
                0x20019504       0xf0 C:/ISIS/workspace_ycube/GlobusSatProject/..//hal/hcc/lib\libHCCD.a(fat_common.o)
                0x20019504                _f_writezeros
 .text._f_extend_file
                0x200195f4      0x570 C:/ISIS/workspace_ycube/GlobusSatProject/..//hal/hcc/lib\libHCCD.a(fat_common.o)
 .text._f_fseek
                0x20019b64      0x9bc C:/ISIS/workspace_ycube/GlobusSatProject/..//hal/hcc/lib\libHCCD.a(fat_common.o)
                0x20019b64                _f_fseek
 .text._f_removechain
                0x2001a520      0x104 C:/ISIS/workspace_ycube/GlobusSatProject/..//hal/hcc/lib\libHCCD.a(fat_common.o)
                0x2001a520                _f_removechain
 .text._f_updatefileentry
                0x2001a624      0x1cc C:/ISIS/workspace_ycube/GlobusSatProject/..//hal/hcc/lib\libHCCD.a(fat_common.o)
 .text._f_checkreadlocked
                0x2001a7f0      0x1bc C:/ISIS/workspace_ycube/GlobusSatProject/..//hal/hcc/lib\libHCCD.a(fat_common.o)
                0x2001a7f0                _f_checkreadlocked
 .text._f_check_handle
                0x2001a9ac       0x98 C:/ISIS/workspace_ycube/GlobusSatProject/..//hal/hcc/lib\libHCCD.a(fat_common.o)
                0x2001a9ac                _f_check_handle
 .text._f_removesyncafile
                0x2001aa44      0x1ec C:/ISIS/workspace_ycube/GlobusSatProject/..//hal/hcc/lib\libHCCD.a(fat_common.o)
 .text.fn_close
                0x2001ac30      0x3f8 C:/ISIS/workspace_ycube/GlobusSatProject/..//hal/hcc/lib\libHCCD.a(fat_common.o)
                0x2001ac30                fn_close
 .text.fn_flush
                0x2001b028      0x374 C:/ISIS/workspace_ycube/GlobusSatProject/..//hal/hcc/lib\libHCCD.a(fat_common.o)
                0x2001b028                fn_flush
 .text.fn_read  0x2001b39c      0x690 C:/ISIS/workspace_ycube/GlobusSatProject/..//hal/hcc/lib\libHCCD.a(fat_common.o)
                0x2001b39c                fn_read
 .text._f_abortwrite
                0x2001ba2c      0x100 C:/ISIS/workspace_ycube/GlobusSatProject/..//hal/hcc/lib\libHCCD.a(fat_common.o)
 .text._f_checkwritecluster
                0x2001bb2c       0xe4 C:/ISIS/workspace_ycube/GlobusSatProject/..//hal/hcc/lib\libHCCD.a(fat_common.o)
 .text.fn_write
                0x2001bc10      0x8a8 C:/ISIS/workspace_ycube/GlobusSatProject/..//hal/hcc/lib\libHCCD.a(fat_common.o)
                0x2001bc10                fn_write
 .text.f_enterFS
                0x2001c4b8      0x1c0 C:/ISIS/workspace_ycube/GlobusSatProject/..//hal/hcc/lib\libHCCD.a(fat_common.o)
                0x2001c4b8                f_enterFS
 .text.fnGetTask
                0x2001c678       0xfc C:/ISIS/workspace_ycube/GlobusSatProject/..//hal/hcc/lib\libHCCD.a(fat_common.o)
                0x2001c678                fnGetTask
 .text._f_mutex_get
                0x2001c774       0x98 C:/ISIS/workspace_ycube/GlobusSatProject/..//hal/hcc/lib\libHCCD.a(fat_common.o)
                0x2001c774                _f_mutex_get
 .text._f_mutex_put
                0x2001c80c       0x54 C:/ISIS/workspace_ycube/GlobusSatProject/..//hal/hcc/lib\libHCCD.a(fat_common.o)
                0x2001c80c                _f_mutex_put
 .text._fn_initseekdivisor
                0x2001c860      0x158 C:/ISIS/workspace_ycube/GlobusSatProject/..//hal/hcc/lib\libHCCD.a(fat_common.o)
                0x2001c860                _fn_initseekdivisor
 .text._fn_updateseekpos
                0x2001c9b8       0xc4 C:/ISIS/workspace_ycube/GlobusSatProject/..//hal/hcc/lib\libHCCD.a(fat_common.o)
 .text._f_findopensize
                0x2001ca7c       0x2c C:/ISIS/workspace_ycube/GlobusSatProject/..//hal/hcc/lib\libHCCD.a(fat_common.o)
                0x2001ca7c                _f_findopensize
 .text.fn_setlasterror
                0x2001caa8       0x34 C:/ISIS/workspace_ycube/GlobusSatProject/..//hal/hcc/lib\libHCCD.a(fat_common.o)
                0x2001caa8                fn_setlasterror
 .text.fn_setlasterror_noret
                0x2001cadc       0x2c C:/ISIS/workspace_ycube/GlobusSatProject/..//hal/hcc/lib\libHCCD.a(fat_common.o)
                0x2001cadc                fn_setlasterror_noret
 .text.fm_initvolume
                0x2001cb08       0x70 C:/ISIS/workspace_ycube/GlobusSatProject/..//hal/hcc/lib\libHCCD.a(fat_m.o)
                0x2001cb08                fm_initvolume
 .text.fm_getdrive
                0x2001cb78       0x70 C:/ISIS/workspace_ycube/GlobusSatProject/..//hal/hcc/lib\libHCCD.a(fat_m.o)
                0x2001cb78                fm_getdrive
 .text.fm_getfreespace
                0x2001cbe8       0x68 C:/ISIS/workspace_ycube/GlobusSatProject/..//hal/hcc/lib\libHCCD.a(fat_m.o)
                0x2001cbe8                fm_getfreespace
 .text.fm_findfirst
                0x2001cc50       0x68 C:/ISIS/workspace_ycube/GlobusSatProject/..//hal/hcc/lib\libHCCD.a(fat_m.o)
                0x2001cc50                fm_findfirst
 .text.fm_findnext
                0x2001ccb8       0x60 C:/ISIS/workspace_ycube/GlobusSatProject/..//hal/hcc/lib\libHCCD.a(fat_m.o)
                0x2001ccb8                fm_findnext
 .text.fm_close
                0x2001cd18       0x60 C:/ISIS/workspace_ycube/GlobusSatProject/..//hal/hcc/lib\libHCCD.a(fat_m.o)
                0x2001cd18                fm_close
 .text.fm_flush
                0x2001cd78       0x60 C:/ISIS/workspace_ycube/GlobusSatProject/..//hal/hcc/lib\libHCCD.a(fat_m.o)
                0x2001cd78                fm_flush
 .text.fm_open  0x2001cdd8       0x68 C:/ISIS/workspace_ycube/GlobusSatProject/..//hal/hcc/lib\libHCCD.a(fat_m.o)
                0x2001cdd8                fm_open
 .text.fm_read  0x2001ce40       0x7c C:/ISIS/workspace_ycube/GlobusSatProject/..//hal/hcc/lib\libHCCD.a(fat_m.o)
                0x2001ce40                fm_read
 .text.fm_write
                0x2001cebc       0x7c C:/ISIS/workspace_ycube/GlobusSatProject/..//hal/hcc/lib\libHCCD.a(fat_m.o)
                0x2001cebc                fm_write
 .text.fm_delete
                0x2001cf38       0x64 C:/ISIS/workspace_ycube/GlobusSatProject/..//hal/hcc/lib\libHCCD.a(fat_m.o)
                0x2001cf38                fm_delete
 .text.fm_getlasterror
                0x2001cf9c       0x40 C:/ISIS/workspace_ycube/GlobusSatProject/..//hal/hcc/lib\libHCCD.a(fat_m.o)
                0x2001cf9c                fm_getlasterror
 .text._s_checkzeroclusteratend
                0x2001cfdc       0xf8 C:/ISIS/workspace_ycube/GlobusSatProject/..//hal/hcc/lib\libHCCD.a(safefat.o)
 .text._s_clearclustercontent
                0x2001d0d4      0x108 C:/ISIS/workspace_ycube/GlobusSatProject/..//hal/hcc/lib\libHCCD.a(safefat.o)
 .text._s_clearclustercontentdir
                0x2001d1dc      0x19c C:/ISIS/workspace_ycube/GlobusSatProject/..//hal/hcc/lib\libHCCD.a(safefat.o)
 .text._s_writedirsector
                0x2001d378       0xd0 C:/ISIS/workspace_ycube/GlobusSatProject/..//hal/hcc/lib\libHCCD.a(safefat.o)
 .text._s_getdirsector
                0x2001d448      0x100 C:/ISIS/workspace_ycube/GlobusSatProject/..//hal/hcc/lib\libHCCD.a(safefat.o)
 .text._s_addentry
                0x2001d548      0x394 C:/ISIS/workspace_ycube/GlobusSatProject/..//hal/hcc/lib\libHCCD.a(safefat.o)
 .text._s_findfile
                0x2001d8dc      0x33c C:/ISIS/workspace_ycube/GlobusSatProject/..//hal/hcc/lib\libHCCD.a(safefat.o)
 .text._s_findsubdir
                0x2001dc18      0x248 C:/ISIS/workspace_ycube/GlobusSatProject/..//hal/hcc/lib\libHCCD.a(safefat.o)
 .text._s_createfile
                0x2001de60      0x190 C:/ISIS/workspace_ycube/GlobusSatProject/..//hal/hcc/lib\libHCCD.a(safefat.o)
 .text._s_findsaffile
                0x2001dff0      0x1b8 C:/ISIS/workspace_ycube/GlobusSatProject/..//hal/hcc/lib\libHCCD.a(safefat.o)
 .text._s_open  0x2001e1a8       0xe4 C:/ISIS/workspace_ycube/GlobusSatProject/..//hal/hcc/lib\libHCCD.a(safefat.o)
 .text._s_open_saf
                0x2001e28c       0xe8 C:/ISIS/workspace_ycube/GlobusSatProject/..//hal/hcc/lib\libHCCD.a(safefat.o)
 .text._s_flush
                0x2001e374       0x84 C:/ISIS/workspace_ycube/GlobusSatProject/..//hal/hcc/lib\libHCCD.a(safefat.o)
 .text._s_allocnextcluster
                0x2001e3f8      0x13c C:/ISIS/workspace_ycube/GlobusSatProject/..//hal/hcc/lib\libHCCD.a(safefat.o)
 .text._s_getnextsector
                0x2001e534       0xdc C:/ISIS/workspace_ycube/GlobusSatProject/..//hal/hcc/lib\libHCCD.a(safefat.o)
 .text._s_seek  0x2001e610      0x1e8 C:/ISIS/workspace_ycube/GlobusSatProject/..//hal/hcc/lib\libHCCD.a(safefat.o)
 .text._s_read  0x2001e7f8      0x228 C:/ISIS/workspace_ycube/GlobusSatProject/..//hal/hcc/lib\libHCCD.a(safefat.o)
 .text._s_write
                0x2001ea20      0x384 C:/ISIS/workspace_ycube/GlobusSatProject/..//hal/hcc/lib\libHCCD.a(safefat.o)
 .text._s_restoreclusters
                0x2001eda4      0x270 C:/ISIS/workspace_ycube/GlobusSatProject/..//hal/hcc/lib\libHCCD.a(safefat.o)
                0x2001eda4                _s_restoreclusters
 .text._s_findrestore
                0x2001f014      0x18c C:/ISIS/workspace_ycube/GlobusSatProject/..//hal/hcc/lib\libHCCD.a(safefat.o)
 .text._s_cmd_writede
                0x2001f1a0       0xd8 C:/ISIS/workspace_ycube/GlobusSatProject/..//hal/hcc/lib\libHCCD.a(safefat.o)
 .text._s_cmd_setcluster
                0x2001f278       0x88 C:/ISIS/workspace_ycube/GlobusSatProject/..//hal/hcc/lib\libHCCD.a(safefat.o)
 .text._s_cmd_deletechain
                0x2001f300      0x100 C:/ISIS/workspace_ycube/GlobusSatProject/..//hal/hcc/lib\libHCCD.a(safefat.o)
 .text._s_cmd_validatecfn
                0x2001f400      0x308 C:/ISIS/workspace_ycube/GlobusSatProject/..//hal/hcc/lib\libHCCD.a(safefat.o)
 .text._s_cmd_seteof
                0x2001f708      0x3c4 C:/ISIS/workspace_ycube/GlobusSatProject/..//hal/hcc/lib\libHCCD.a(safefat.o)
 .text.safe_docommands
                0x2001facc      0x56c C:/ISIS/workspace_ycube/GlobusSatProject/..//hal/hcc/lib\libHCCD.a(safefat.o)
                0x2001facc                safe_docommands
 .text.safe_entercommand
                0x20020038       0x68 C:/ISIS/workspace_ycube/GlobusSatProject/..//hal/hcc/lib\libHCCD.a(safefat.o)
                0x20020038                safe_entercommand
 .text.safe_ready
                0x200200a0       0xf4 C:/ISIS/workspace_ycube/GlobusSatProject/..//hal/hcc/lib\libHCCD.a(safefat.o)
                0x200200a0                safe_ready
 .text.safe_copycfn
                0x20020194       0xb8 C:/ISIS/workspace_ycube/GlobusSatProject/..//hal/hcc/lib\libHCCD.a(safefat.o)
                0x20020194                safe_copycfn
 .text.safe_cfremove
                0x2002024c       0xb8 C:/ISIS/workspace_ycube/GlobusSatProject/..//hal/hcc/lib\libHCCD.a(safefat.o)
                0x2002024c                safe_cfremove
 .text.safe_writede
                0x20020304      0x104 C:/ISIS/workspace_ycube/GlobusSatProject/..//hal/hcc/lib\libHCCD.a(safefat.o)
                0x20020304                safe_writede
 .text.safe_setcluster
                0x20020408       0xcc C:/ISIS/workspace_ycube/GlobusSatProject/..//hal/hcc/lib\libHCCD.a(safefat.o)
                0x20020408                safe_setcluster
 .text.safe_deletechain
                0x200204d4      0x1c8 C:/ISIS/workspace_ycube/GlobusSatProject/..//hal/hcc/lib\libHCCD.a(safefat.o)
                0x200204d4                safe_deletechain
 .text.safe_cfclose
                0x2002069c      0x104 C:/ISIS/workspace_ycube/GlobusSatProject/..//hal/hcc/lib\libHCCD.a(safefat.o)
                0x2002069c                safe_cfclose
 .text.safe_cfflush
                0x200207a0      0x124 C:/ISIS/workspace_ycube/GlobusSatProject/..//hal/hcc/lib\libHCCD.a(safefat.o)
                0x200207a0                safe_cfflush
 .text.safe_reset
                0x200208c4       0x78 C:/ISIS/workspace_ycube/GlobusSatProject/..//hal/hcc/lib\libHCCD.a(safefat.o)
                0x200208c4                safe_reset
 .text.safe_loadcommands
                0x2002093c       0x78 C:/ISIS/workspace_ycube/GlobusSatProject/..//hal/hcc/lib\libHCCD.a(safefat.o)
                0x2002093c                safe_loadcommands
 .text.safe_poweron
                0x200209b4      0x1fc C:/ISIS/workspace_ycube/GlobusSatProject/..//hal/hcc/lib\libHCCD.a(safefat.o)
                0x200209b4                safe_poweron
 .text.cf_getname
                0x20020bb0       0xc0 C:/ISIS/workspace_ycube/GlobusSatProject/..//hal/hcc/lib\libHCCD.a(safefat.o)
 .text.cf_copyclusterchain
                0x20020c70      0x138 C:/ISIS/workspace_ycube/GlobusSatProject/..//hal/hcc/lib\libHCCD.a(safefat.o)
 .text.cf_seektozero
                0x20020da8       0x94 C:/ISIS/workspace_ycube/GlobusSatProject/..//hal/hcc/lib\libHCCD.a(safefat.o)
                0x20020da8                cf_seektozero
 .text.cf_create
                0x20020e3c      0x3a8 C:/ISIS/workspace_ycube/GlobusSatProject/..//hal/hcc/lib\libHCCD.a(safefat.o)
                0x20020e3c                cf_create
 .text.cf_copyclustercontent
                0x200211e4      0x128 C:/ISIS/workspace_ycube/GlobusSatProject/..//hal/hcc/lib\libHCCD.a(safefat.o)
                0x200211e4                cf_copyclustercontent
 .text.cf_copycfn
                0x2002130c      0x4bc C:/ISIS/workspace_ycube/GlobusSatProject/..//hal/hcc/lib\libHCCD.a(safefat.o)
                0x2002130c                cf_copycfn
 .text.cf_remove
                0x200217c8      0x344 C:/ISIS/workspace_ycube/GlobusSatProject/..//hal/hcc/lib\libHCCD.a(safefat.o)
                0x200217c8                cf_remove
 .text.cf_setclusternew
                0x20021b0c       0xf0 C:/ISIS/workspace_ycube/GlobusSatProject/..//hal/hcc/lib\libHCCD.a(safefat.o)
                0x20021b0c                cf_setclusternew
 .text.cf_flush
                0x20021bfc       0x58 C:/ISIS/workspace_ycube/GlobusSatProject/..//hal/hcc/lib\libHCCD.a(safefat.o)
                0x20021bfc                cf_flush
 .text.cf_getcluster
                0x20021c54      0x1b4 C:/ISIS/workspace_ycube/GlobusSatProject/..//hal/hcc/lib\libHCCD.a(safefat.o)
                0x20021c54                cf_getcluster
 .text.cf_setnextcluster
                0x20021e08      0x194 C:/ISIS/workspace_ycube/GlobusSatProject/..//hal/hcc/lib\libHCCD.a(safefat.o)
                0x20021e08                cf_setnextcluster
 .text.cf_getpositions
                0x20021f9c       0xbc C:/ISIS/workspace_ycube/GlobusSatProject/..//hal/hcc/lib\libHCCD.a(safefat.o)
                0x20021f9c                cf_getpositions
 .text.cf_setpositions
                0x20022058       0xb0 C:/ISIS/workspace_ycube/GlobusSatProject/..//hal/hcc/lib\libHCCD.a(safefat.o)
                0x20022058                cf_setpositions
 .text.cf_opensyncafile
                0x20022108      0x150 C:/ISIS/workspace_ycube/GlobusSatProject/..//hal/hcc/lib\libHCCD.a(safefat.o)
                0x20022108                cf_opensyncafile
 .text.cf_reloadcfo
                0x20022258       0xd8 C:/ISIS/workspace_ycube/GlobusSatProject/..//hal/hcc/lib\libHCCD.a(safefat.o)
                0x20022258                cf_reloadcfo
 .text.mcipdc_cmd
                0x20022330      0x22c C:/ISIS/workspace_ycube/GlobusSatProject/..//hal/hcc/lib\libHCCD.a(atmel_mcipdc.o)
 .text.mcipdc_stop
                0x2002255c       0xfc C:/ISIS/workspace_ycube/GlobusSatProject/..//hal/hcc/lib\libHCCD.a(atmel_mcipdc.o)
                0x2002255c                mcipdc_stop
 .text.mcipdc_read
                0x20022658      0x27c C:/ISIS/workspace_ycube/GlobusSatProject/..//hal/hcc/lib\libHCCD.a(atmel_mcipdc.o)
 .text.mcipdc_write
                0x200228d4      0x298 C:/ISIS/workspace_ycube/GlobusSatProject/..//hal/hcc/lib\libHCCD.a(atmel_mcipdc.o)
 .text.mcipdc_readsector
                0x20022b6c       0x9c C:/ISIS/workspace_ycube/GlobusSatProject/..//hal/hcc/lib\libHCCD.a(atmel_mcipdc.o)
                0x20022b6c                mcipdc_readsector
 .text.mcipdc_readmultiplesector
                0x20022c08      0x124 C:/ISIS/workspace_ycube/GlobusSatProject/..//hal/hcc/lib\libHCCD.a(atmel_mcipdc.o)
                0x20022c08                mcipdc_readmultiplesector
 .text.mcipdc_writesector
                0x20022d2c       0x90 C:/ISIS/workspace_ycube/GlobusSatProject/..//hal/hcc/lib\libHCCD.a(atmel_mcipdc.o)
                0x20022d2c                mcipdc_writesector
 .text.mcipdc_writemultiplesector
                0x20022dbc      0x120 C:/ISIS/workspace_ycube/GlobusSatProject/..//hal/hcc/lib\libHCCD.a(atmel_mcipdc.o)
                0x20022dbc                mcipdc_writemultiplesector
 .text.mcipdc_set_speed
                0x20022edc       0xb0 C:/ISIS/workspace_ycube/GlobusSatProject/..//hal/hcc/lib\libHCCD.a(atmel_mcipdc.o)
 .text.mcipdc_get_speed
                0x20022f8c       0x48 C:/ISIS/workspace_ycube/GlobusSatProject/..//hal/hcc/lib\libHCCD.a(atmel_mcipdc.o)
 .text._get_csd_bits
                0x20022fd4      0x14c C:/ISIS/workspace_ycube/GlobusSatProject/..//hal/hcc/lib\libHCCD.a(atmel_mcipdc.o)
 .text.mcipdc_initcard
                0x20023120      0x8f4 C:/ISIS/workspace_ycube/GlobusSatProject/..//hal/hcc/lib\libHCCD.a(atmel_mcipdc.o)
 .text.mcipdc_getstatus
                0x20023a14       0xe8 C:/ISIS/workspace_ycube/GlobusSatProject/..//hal/hcc/lib\libHCCD.a(atmel_mcipdc.o)
 .text.mcipdc_getphy
                0x20023afc       0x90 C:/ISIS/workspace_ycube/GlobusSatProject/..//hal/hcc/lib\libHCCD.a(atmel_mcipdc.o)
 .text.mcipdc_release
                0x20023b8c       0x50 C:/ISIS/workspace_ycube/GlobusSatProject/..//hal/hcc/lib\libHCCD.a(atmel_mcipdc.o)
 .text.atmel_mcipdc_initfunc
                0x20023bdc      0x160 C:/ISIS/workspace_ycube/GlobusSatProject/..//hal/hcc/lib\libHCCD.a(atmel_mcipdc.o)
                0x20023bdc                atmel_mcipdc_initfunc
 .text.oal_mutex_create
                0x20023d3c       0x54 C:/ISIS/workspace_ycube/GlobusSatProject/..//hal/hcc/lib\libHCCD.a(oalp_mutex.o)
                0x20023d3c                oal_mutex_create
 .text.oal_mutex_delete
                0x20023d90       0x30 C:/ISIS/workspace_ycube/GlobusSatProject/..//hal/hcc/lib\libHCCD.a(oalp_mutex.o)
                0x20023d90                oal_mutex_delete
 .text.oal_mutex_get
                0x20023dc0       0x58 C:/ISIS/workspace_ycube/GlobusSatProject/..//hal/hcc/lib\libHCCD.a(oalp_mutex.o)
                0x20023dc0                oal_mutex_get
 .text.oal_mutex_put
                0x20023e18       0x58 C:/ISIS/workspace_ycube/GlobusSatProject/..//hal/hcc/lib\libHCCD.a(oalp_mutex.o)
                0x20023e18                oal_mutex_put
 .text.oal_task_get_id
                0x20023e70       0x18 C:/ISIS/workspace_ycube/GlobusSatProject/..//hal/hcc/lib\libHCCD.a(oalp_task.o)
                0x20023e70                oal_task_get_id
 .text.mcipdc_hw_init
                0x20023e88       0xe8 C:/ISIS/workspace_ycube/GlobusSatProject/..//hal/hcc/lib\libHCCD.a(atmel_mcipdc_hw.o)
                0x20023e88                mcipdc_hw_init
 .text.mcipdc_hw_delete
                0x20023f70       0x78 C:/ISIS/workspace_ycube/GlobusSatProject/..//hal/hcc/lib\libHCCD.a(atmel_mcipdc_hw.o)
                0x20023f70                mcipdc_hw_delete
 .text.mcipdc_hw_card_plugged
                0x20023fe8       0x1c C:/ISIS/workspace_ycube/GlobusSatProject/..//hal/hcc/lib\libHCCD.a(atmel_mcipdc_hw.o)
                0x20023fe8                mcipdc_hw_card_plugged
 .text.mcipdc_hw_card_writeprotect
                0x20024004       0x1c C:/ISIS/workspace_ycube/GlobusSatProject/..//hal/hcc/lib\libHCCD.a(atmel_mcipdc_hw.o)
                0x20024004                mcipdc_hw_card_writeprotect
 .text.psp_getcurrenttimedate
                0x20024020       0x8c C:/ISIS/workspace_ycube/GlobusSatProject/..//hal/hcc/lib\libHCCD.a(psp_rtc.o)
                0x20024020                psp_getcurrenttimedate
 .text._hcc_get_buf_dsc
                0x200240ac       0x8c C:/ISIS/workspace_ycube/GlobusSatProject/..//hal/hcc/lib\libHCCD.a(hcc_mem.o)
 .text._hcc_check_free_pages
                0x20024138      0x18c C:/ISIS/workspace_ycube/GlobusSatProject/..//hal/hcc/lib\libHCCD.a(hcc_mem.o)
 .text._hcc_mark_pages
                0x200242c4      0x158 C:/ISIS/workspace_ycube/GlobusSatProject/..//hal/hcc/lib\libHCCD.a(hcc_mem.o)
 .text._hcc_clear_lock_dsc
                0x2002441c       0x80 C:/ISIS/workspace_ycube/GlobusSatProject/..//hal/hcc/lib\libHCCD.a(hcc_mem.o)
 .text._hcc_lock_access
                0x2002449c      0x128 C:/ISIS/workspace_ycube/GlobusSatProject/..//hal/hcc/lib\libHCCD.a(hcc_mem.o)
 .text._hcc_unlock_access
                0x200245c4       0x30 C:/ISIS/workspace_ycube/GlobusSatProject/..//hal/hcc/lib\libHCCD.a(hcc_mem.o)
 .text.hcc_mem_alloc
                0x200245f4      0x454 C:/ISIS/workspace_ycube/GlobusSatProject/..//hal/hcc/lib\libHCCD.a(hcc_mem.o)
                0x200245f4                hcc_mem_alloc
 .text.hcc_mem_free
                0x20024a48      0x178 C:/ISIS/workspace_ycube/GlobusSatProject/..//hal/hcc/lib\libHCCD.a(hcc_mem.o)
                0x20024a48                hcc_mem_free
 .text.hcc_mem_add
                0x20024bc0      0x3b0 C:/ISIS/workspace_ycube/GlobusSatProject/..//hal/hcc/lib\libHCCD.a(hcc_mem.o)
                0x20024bc0                hcc_mem_add
 .text.hcc_mem_init
                0x20024f70      0x164 C:/ISIS/workspace_ycube/GlobusSatProject/..//hal/hcc/lib\libHCCD.a(hcc_mem.o)
                0x20024f70                hcc_mem_init
 .text._f_invalidatedir
                0x200250d4       0x28 C:/ISIS/workspace_ycube/GlobusSatProject/..//hal/hcc/lib\libHCCD.a(fat.o)
                0x200250d4                _f_invalidatedir
 .text._f_getdirsector
                0x200250fc       0x88 C:/ISIS/workspace_ycube/GlobusSatProject/..//hal/hcc/lib\libHCCD.a(fat.o)
                0x200250fc                _f_getdirsector
 .text._f_writedirsector
                0x20025184       0x74 C:/ISIS/workspace_ycube/GlobusSatProject/..//hal/hcc/lib\libHCCD.a(fat.o)
                0x20025184                _f_writedirsector
 .text._f_checknameinv
                0x200251f8      0x180 C:/ISIS/workspace_ycube/GlobusSatProject/..//hal/hcc/lib\libHCCD.a(fat.o)
 .text._f_checkname
                0x20025378       0x7c C:/ISIS/workspace_ycube/GlobusSatProject/..//hal/hcc/lib\libHCCD.a(fat.o)
 .text._f_checknamewc
                0x200253f4       0xf8 C:/ISIS/workspace_ycube/GlobusSatProject/..//hal/hcc/lib\libHCCD.a(fat.o)
 .text._f_setnameext
                0x200254ec      0x300 C:/ISIS/workspace_ycube/GlobusSatProject/..//hal/hcc/lib\libHCCD.a(fat.o)
 .text._f_setfsname
                0x200257ec      0x584 C:/ISIS/workspace_ycube/GlobusSatProject/..//hal/hcc/lib\libHCCD.a(fat.o)
 .text._f_findfile
                0x20025d70      0x30c C:/ISIS/workspace_ycube/GlobusSatProject/..//hal/hcc/lib\libHCCD.a(fat.o)
 .text._f_cmp_wname
                0x2002607c      0x274 C:/ISIS/workspace_ycube/GlobusSatProject/..//hal/hcc/lib\libHCCD.a(fat.o)
 .text._f_to_string
                0x200262f0      0x130 C:/ISIS/workspace_ycube/GlobusSatProject/..//hal/hcc/lib\libHCCD.a(fat.o)
 .text._f_findfilewc
                0x20026420      0x278 C:/ISIS/workspace_ycube/GlobusSatProject/..//hal/hcc/lib\libHCCD.a(fat.o)
 .text._f_getfilename
                0x20026698      0x20c C:/ISIS/workspace_ycube/GlobusSatProject/..//hal/hcc/lib\libHCCD.a(fat.o)
 .text._f_findpath
                0x200268a4      0x35c C:/ISIS/workspace_ycube/GlobusSatProject/..//hal/hcc/lib\libHCCD.a(fat.o)
 .text.fn_getdcwd
                0x20026c00      0x1e0 C:/ISIS/workspace_ycube/GlobusSatProject/..//hal/hcc/lib\libHCCD.a(fat.o)
                0x20026c00                fn_getdcwd
 .text.fn_findfirst
                0x20026de0      0x13c C:/ISIS/workspace_ycube/GlobusSatProject/..//hal/hcc/lib\libHCCD.a(fat.o)
                0x20026de0                fn_findfirst
 .text.fn_findnext
                0x20026f1c      0x360 C:/ISIS/workspace_ycube/GlobusSatProject/..//hal/hcc/lib\libHCCD.a(fat.o)
                0x20026f1c                fn_findnext
 .text._f_lock_resfile
                0x2002727c       0x6c C:/ISIS/workspace_ycube/GlobusSatProject/..//hal/hcc/lib\libHCCD.a(fat.o)
 .text._f_unlock_resfile
                0x200272e8       0x40 C:/ISIS/workspace_ycube/GlobusSatProject/..//hal/hcc/lib\libHCCD.a(fat.o)
 .text._f_getintfile
                0x20027328      0x124 C:/ISIS/workspace_ycube/GlobusSatProject/..//hal/hcc/lib\libHCCD.a(fat.o)
 .text._f_addentry
                0x2002744c      0x540 C:/ISIS/workspace_ycube/GlobusSatProject/..//hal/hcc/lib\libHCCD.a(fat.o)
 .text.fn_open_sub
                0x2002798c     0x1698 C:/ISIS/workspace_ycube/GlobusSatProject/..//hal/hcc/lib\libHCCD.a(fat.o)
 .text.fn_open  0x20029024       0x44 C:/ISIS/workspace_ycube/GlobusSatProject/..//hal/hcc/lib\libHCCD.a(fat.o)
                0x20029024                fn_open
 .text.fn_delete
                0x20029068      0x490 C:/ISIS/workspace_ycube/GlobusSatProject/..//hal/hcc/lib\libHCCD.a(fat.o)
                0x20029068                fn_delete
 .text.hcc_mem_buf_alloc
                0x200294f8       0xe4 C:/ISIS/workspace_ycube/GlobusSatProject/..//hal/hcc/lib\libHCCD.a(psp_hcc_mem.o)
                0x200294f8                hcc_mem_buf_alloc
 .text.makeAntStransfer
                0x200295dc       0x4c C:/ISIS/workspace_ycube/satellite-subsystems/satellite-subsystems/lib\libSatelliteSubsystemsD.a(IsisAntS.o)
 .text.checkInputsValid
                0x20029628       0x7c C:/ISIS/workspace_ycube/satellite-subsystems/satellite-subsystems/lib\libSatelliteSubsystemsD.a(IsisAntS.o)
 .text.IsisAntS_initialize
                0x200296a4      0x26c C:/ISIS/workspace_ycube/satellite-subsystems/satellite-subsystems/lib\libSatelliteSubsystemsD.a(IsisAntS.o)
                0x200296a4                IsisAntS_initialize
 .text.IsisAntS_setArmStatus
                0x20029910      0x104 C:/ISIS/workspace_ycube/satellite-subsystems/satellite-subsystems/lib\libSatelliteSubsystemsD.a(IsisAntS.o)
                0x20029910                IsisAntS_setArmStatus
 .text.IsisAntS_getStatusData
                0x20029a14      0x120 C:/ISIS/workspace_ycube/satellite-subsystems/satellite-subsystems/lib\libSatelliteSubsystemsD.a(IsisAntS.o)
                0x20029a14                IsisAntS_getStatusData
 .text.IsisAntS_getUptime
                0x20029b34      0x120 C:/ISIS/workspace_ycube/satellite-subsystems/satellite-subsystems/lib\libSatelliteSubsystemsD.a(IsisAntS.o)
                0x20029b34                IsisAntS_getUptime
 .text.IsisAntS_getAlltelemetry
                0x20029c54      0x120 C:/ISIS/workspace_ycube/satellite-subsystems/satellite-subsystems/lib\libSatelliteSubsystemsD.a(IsisAntS.o)
                0x20029c54                IsisAntS_getAlltelemetry
 .text.IsisAntS_reset
                0x20029d74      0x104 C:/ISIS/workspace_ycube/satellite-subsystems/satellite-subsystems/lib\libSatelliteSubsystemsD.a(IsisAntS.o)