Archive member included because of file (symbol)

C:/ISIS/workspace/ycube/GlobusSatProject/..//hal/hal/lib\libHALD.a(SPI.o)
                              ./src/InitSystem.o (SPI_start)
C:/ISIS/workspace/ycube/GlobusSatProject/..//hal/hal/lib\libHALD.a(I2C.o)
                              ./src/SubSystemModules/Communication/SubsystemCommands/Maintanence_Commands.o (I2C_write)
C:/ISIS/workspace/ycube/GlobusSatProject/..//hal/hal/lib\libHALD.a(ADC.o)
                              ./src/SubSystemModules/Housekepping/TelemetryCollector.o (ADC_ConvertRaw10bitToMillivolt)
C:/ISIS/workspace/ycube/GlobusSatProject/..//hal/hal/lib\libHALD.a(FRAM.o)
                              ./src/SubSystemModules/Communication/SubsystemCommands/Maintanence_Commands.o (FRAM_start)
C:/ISIS/workspace/ycube/GlobusSatProject/..//hal/hal/lib\libHALD.a(Time.o)
                              ./src/InitSystem.o (Time_start)
C:/ISIS/workspace/ycube/GlobusSatProject/..//hal/hal/lib\libHALD.a(WatchDogTimerNoOS.o)
                              ./src/main.o (WDT_start)
C:/ISIS/workspace/ycube/GlobusSatProject/..//hal/hal/lib\libHALD.a(RTT.o)
                              C:/ISIS/workspace/ycube/GlobusSatProject/..//hal/hal/lib\libHALD.a(Time.o) (RTT_start)
C:/ISIS/workspace/ycube/GlobusSatProject/..//hal/hal/lib\libHALD.a(RTC.o)
                              C:/ISIS/workspace/ycube/GlobusSatProject/..//hal/hal/lib\libHALD.a(Time.o) (RTC_getTime)
C:/ISIS/workspace/ycube/GlobusSatProject/..//hal/hal/lib\libHALD.a(WatchDogTimerOS.o)
                              ./src/TestingDemos/MainTest.o (WDT_startWatchdogKickTask)
C:/ISIS/workspace/ycube/GlobusSatProject/..//hal/hal/lib\libHALD.a(fprintf.o)
                              ./src/TLM_management.o (f_puts)
C:/ISIS/workspace/ycube/GlobusSatProject/..//hal/hal/lib\libHALD.a(util.o)
                              ./src/TestingDemos/EpsTestingDemo.o (UTIL_DbguGetInteger)
C:/ISIS/workspace/ycube/GlobusSatProject/..//hal/hal/lib\libHALD.a(LED.o)
                              C:/ISIS/workspace/ycube/GlobusSatProject/..//hal/hal/lib\libHALD.a(WatchDogTimerOS.o) (LED_toggle)
C:/ISIS/workspace/ycube/GlobusSatProject/..//hal/hcc/lib\libHCCD.a(fat_m.o)
                              ./src/TLM_management.o (fm_initvolume)
C:/ISIS/workspace/ycube/GlobusSatProject/..//hal/hcc/lib\libHCCD.a(fat.o)
                              C:/ISIS/workspace/ycube/GlobusSatProject/..//hal/hcc/lib\libHCCD.a(fat_m.o) (fn_getdcwd)
C:/ISIS/workspace/ycube/GlobusSatProject/..//hal/hcc/lib\libHCCD.a(fat_common.o)
                              C:/ISIS/workspace/ycube/GlobusSatProject/..//hal/hcc/lib\libHCCD.a(fat.o) (p_filesystem)
C:/ISIS/workspace/ycube/GlobusSatProject/..//hal/hcc/lib\libHCCD.a(safefat.o)
                              C:/ISIS/workspace/ycube/GlobusSatProject/..//hal/hcc/lib\libHCCD.a(fat.o) (s_subdir)
C:/ISIS/workspace/ycube/GlobusSatProject/..//hal/hcc/lib\libHCCD.a(atmel_mcipdc.o)
                              ./src/TLM_management.o (atmel_mcipdc_initfunc)
C:/ISIS/workspace/ycube/GlobusSatProject/..//hal/hcc/lib\libHCCD.a(oalp_task.o)
                              C:/ISIS/workspace/ycube/GlobusSatProject/..//hal/hcc/lib\libHCCD.a(fat_common.o) (oal_task_get_id)
C:/ISIS/workspace/ycube/GlobusSatProject/..//hal/hcc/lib\libHCCD.a(oalp_mutex.o)
                              C:/ISIS/workspace/ycube/GlobusSatProject/..//hal/hcc/lib\libHCCD.a(fat_common.o) (oal_mutex_create)
C:/ISIS/workspace/ycube/GlobusSatProject/..//hal/hcc/lib\libHCCD.a(atmel_mcipdc_hw.o)
                              C:/ISIS/workspace/ycube/GlobusSatProject/..//hal/hcc/lib\libHCCD.a(atmel_mcipdc.o) (mcipdc_hw_init)
C:/ISIS/workspace/ycube/GlobusSatProject/..//hal/hcc/lib\libHCCD.a(psp_rand.o)
                              C:/ISIS/workspace/ycube/GlobusSatProject/..//hal/hcc/lib\libHCCD.a(fat_common.o) (psp_getrand)
C:/ISIS/workspace/ycube/GlobusSatProject/..//hal/hcc/lib\libHCCD.a(psp_rtc.o)
                              C:/ISIS/workspace/ycube/GlobusSatProject/..//hal/hcc/lib\libHCCD.a(fat_common.o) (psp_getcurrenttimedate)
C:/ISIS/workspace/ycube/GlobusSatProject/..//hal/hcc/lib\libHCCD.a(hcc_mem.o)
                              C:/ISIS/workspace/ycube/GlobusSatProject/..//hal/hcc/lib\libHCCD.a(atmel_mcipdc.o) (hcc_mem_alloc)
C:/ISIS/workspace/ycube/GlobusSatProject/..//hal/hcc/lib\libHCCD.a(psp_hcc_mem.o)
                              C:/ISIS/workspace/ycube/GlobusSatProject/..//hal/hcc/lib\libHCCD.a(hcc_mem.o) (hcc_mem_buf_alloc)
C:/ISIS/workspace/ycube/GlobusSatProject/..//satellite-subsystems/satellite-subsystems/lib\libSatelliteSubsystemsD.a(IsisAntS.o)
                              ./src/SubSystemModules/Communication/TRXVU.o (IsisAntS_initialize)
C:/ISIS/workspace/ycube/GlobusSatProject/..//satellite-subsystems/satellite-subsystems/lib\libSatelliteSubsystemsD.a(IsisTRXVU.o)
                              ./src/TestingDemos/TrxvuTestingDemo.o (IsisTrxvu_initialize)
[...]
Memory Configuration

Name             Origin             Length             Attributes
sram0            0x00200000         0x00004000         w !xr
sram1            0x00300000         0x00004000         w !xr
sdram            0x20000000         0x02000000         w !xr
*default*        0x00000000         0xffffffff

Linker script and memory map

LOAD c:/isis/application/toolchain/bin/../lib/gcc/arm-none-eabi/4.7.4/../../../../arm-none-eabi/lib\libc.a
LOAD ./src/TestingDemos/CommandsTestingDemo.o
LOAD ./src/TestingDemos/EpsTestingDemo.o
LOAD ./src/TestingDemos/FileSystemTestingDemo.o
LOAD ./src/TestingDemos/MainTest.o
LOAD ./src/TestingDemos/MaintenanceTestingDemo.o
LOAD ./src/TestingDemos/TelemetryTestingDemo.o
LOAD ./src/TestingDemos/TrxvuTestingDemo.o
LOAD ./src/SubSystemModules/PowerManagment/EPS.o
LOAD ./src/SubSystemModules/PowerManagment/EPSOperationModes.o
LOAD ./src/SubSystemModules/Maintenance/Maintenance.o
LOAD ./src/SubSystemModules/Housekepping/TelemetryCollector.o
LOAD ./src/SubSystemModules/Communication/SubsystemCommands/EPS_Commands.o
LOAD ./src/SubSystemModules/Communication/SubsystemCommands/FS_Commands.o
LOAD ./src/SubSystemModules/Communication/SubsystemCommands/Maintanence_Commands.o
LOAD ./src/SubSystemModules/Communication/SubsystemCommands/TRXVU_Commands.o
LOAD ./src/SubSystemModules/Communication/AckHandler.o
LOAD ./src/SubSystemModules/Communication/CommandDictionary.o
LOAD ./src/SubSystemModules/Communication/SatCommandHandler.o
LOAD ./src/SubSystemModules/Communication/TRXVU.o
LOAD ./src/InitSystem.o
LOAD ./src/TLM_management.o
LOAD ./src/main.o
LOAD ./src/utils.o
LOAD C:/ISIS/workspace/ycube/GlobusSatProject/..//hal/hal/lib\libHALD.a
LOAD C:/ISIS/workspace/ycube/GlobusSatProject/..//hal/hcc/lib\libHCCD.a
LOAD C:/ISIS/workspace/ycube/GlobusSatProject/..//satellite-subsystems/satellite-subsystems/lib\libSatelliteSubsystemsD.a
LOAD C:/ISIS/workspace/ycube/GlobusSatProject/..//hal/freertos/lib\libFreeRTOSD.a
LOAD C:/ISIS/workspace/ycube/GlobusSatProject/..//hal/at91/lib\libAt91D.a
START GROUP
LOAD c:/isis/application/toolchain/bin/../lib/gcc/arm-none-eabi/4.7.4\libgcc.a
LOAD c:/isis/application/toolchain/bin/../lib/gcc/arm-none-eabi/4.7.4/../../../../arm-none-eabi/lib\libg.a
LOAD c:/isis/application/toolchain/bin/../lib/gcc/arm-none-eabi/4.7.4/../../../../arm-none-eabi/lib\libc.a
END GROUP

.fixed          0x20000000    0x4773c
                0x20000000                . = ALIGN (0x4)
                0x20000000                _sfixed = .
 *(.startup)
 .startup       0x20000000      0x184 C:/ISIS/workspace/ycube/GlobusSatProject/..//hal/at91/lib\libAt91D.a(board_cstartup.o)
                0x20000000                entry
 *(.text)
 .text          0x20000184       0x64 C:/ISIS/workspace/ycube/GlobusSatProject/..//hal/at91/lib\libAt91D.a(cp15_asm.o)
                0x20000184                _readControlRegister
                0x20000190                _writeControlRegister
                0x20000198                _waitForInterrupt
                0x200001a4                _writeTTB
                0x200001ac                _writeDomain
                0x200001b4                _writeITLBLockdown
                0x200001bc                _prefetchICacheLine
                0x200001c4                _flushDCache
                0x200001d0                _flushWriteBuffer
                0x200001dc                _invalidateIDTLBs
 .text          0x200001e8      0x114 c:/isis/application/toolchain/bin/../lib/gcc/arm-none-eabi/4.7.4\libgcc.a(_udivsi3.o)
                0x200001e8                __aeabi_uidiv
                0x200001e8                __udivsi3
                0x200002dc                __aeabi_uidivmod
 .text          0x200002fc      0x148 c:/isis/application/toolchain/bin/../lib/gcc/arm-none-eabi/4.7.4\libgcc.a(_divsi3.o)
                0x200002fc                __divsi3
                0x200002fc                __aeabi_idiv
                0x20000424                __aeabi_idivmod
 .text          0x20000444        0x4 c:/isis/application/toolchain/bin/../lib/gcc/arm-none-eabi/4.7.4\libgcc.a(_dvmd_tls.o)
                0x20000444                __aeabi_idiv0
                0x20000444                __aeabi_ldiv0
 .text          0x20000448      0x41c c:/isis/application/toolchain/bin/../lib/gcc/arm-none-eabi/4.7.4\libgcc.a(_arm_addsubdf3.o)
                0x20000448                __aeabi_drsub
                0x20000450                __aeabi_dsub
                0x20000450                __subdf3
                0x20000454                __aeabi_dadd
                0x20000454                __adddf3
                0x20000764                __floatunsidf
                0x20000764                __aeabi_ui2d
                0x20000788                __floatsidf
                0x20000788                __aeabi_i2d
                0x200007b0                __aeabi_f2d
                0x200007b0                __extendsfdf2
                0x200007f0                __floatundidf
                0x200007f0                __aeabi_ul2d
                0x20000804                __floatdidf
                0x20000804                __aeabi_l2d
 .text          0x20000864      0x49c c:/isis/application/toolchain/bin/../lib/gcc/arm-none-eabi/4.7.4\libgcc.a(_arm_muldivdf3.o)
                0x20000864                __aeabi_dmul
                0x20000864                __muldf3
                0x20000af4                __divdf3
                0x20000af4                __aeabi_ddiv
 .text          0x20000d00       0xa0 c:/isis/application/toolchain/bin/../lib/gcc/arm-none-eabi/4.7.4\libgcc.a(_arm_truncdfsf2.o)
                0x20000d00                __truncdfsf2
                0x20000d00                __aeabi_d2f
 .text          0x20000da0      0x2ac c:/isis/application/toolchain/bin/../lib/gcc/arm-none-eabi/4.7.4\libgcc.a(_arm_addsubsf3.o)
                0x20000da0                __aeabi_frsub
                0x20000da8                __subsf3
                0x20000da8                __aeabi_fsub
                0x20000dac                __aeabi_fadd
                0x20000dac                __addsf3
                0x20000f68                __aeabi_ui2f
                0x20000f68                __floatunsisf
                0x20000f70                __aeabi_i2f
                0x20000f70                __floatsisf
                0x20000f90                __aeabi_ul2f
                0x20000f90                __floatundisf
                0x20000fa0                __aeabi_l2f
                0x20000fa0                __floatdisf
 .text          0x2000104c      0x2f8 c:/isis/application/toolchain/bin/../lib/gcc/arm-none-eabi/4.7.4\libgcc.a(_arm_muldivsf3.o)
                0x2000104c                __mulsf3
                0x2000104c                __aeabi_fmul
                0x200011e4                __aeabi_fdiv
                0x200011e4                __divsf3
 .text          0x20001344      0x114 c:/isis/application/toolchain/bin/../lib/gcc/arm-none-eabi/4.7.4\libgcc.a(_arm_cmpsf2.o)
                0x20001344                __gesf2
                0x20001344                __gtsf2
                0x2000134c                __lesf2
                0x2000134c                __ltsf2
                0x20001354                __nesf2
                0x20001354                __eqsf2
                0x20001354                __cmpsf2
                0x200013b8                __aeabi_cfrcmple
                0x200013c8                __aeabi_cfcmpeq
                0x200013c8                __aeabi_cfcmple
                0x200013e0                __aeabi_fcmpeq
                0x200013f8                __aeabi_fcmplt
                0x20001410                __aeabi_fcmple
                0x20001428                __aeabi_fcmpge
                0x20001440                __aeabi_fcmpgt
 .text          0x20001458       0x54 c:/isis/application/toolchain/bin/../lib/gcc/arm-none-eabi/4.7.4\libgcc.a(_arm_fixunssfsi.o)
                0x20001458                __fixunssfsi
                0x20001458                __aeabi_f2uiz
 .text          0x200014ac      0x144 c:/isis/application/toolchain/bin/../lib/gcc/arm-none-eabi/4.7.4\libgcc.a(_arm_cmpdf2.o)
                0x200014ac                __gtdf2
                0x200014ac                __gedf2
                0x200014b4                __ltdf2
                0x200014b4                __ledf2
                0x200014bc                __nedf2
                0x200014bc                __eqdf2
                0x200014bc                __cmpdf2
                0x20001544                __aeabi_cdrcmple
                0x20001560                __aeabi_cdcmpeq
                0x20001560                __aeabi_cdcmple
                0x20001578                __aeabi_dcmpeq
                0x20001590                __aeabi_dcmplt
                0x200015a8                __aeabi_dcmple
                0x200015c0                __aeabi_dcmpge
                0x200015d8                __aeabi_dcmpgt
 .text          0x200015f0       0x5c c:/isis/application/toolchain/bin/../lib/gcc/arm-none-eabi/4.7.4\libgcc.a(_arm_fixdfsi.o)
                0x200015f0                __aeabi_d2iz
                0x200015f0                __fixdfsi
 .text          0x2000164c       0x54 c:/isis/application/toolchain/bin/../lib/gcc/arm-none-eabi/4.7.4\libgcc.a(_arm_fixunsdfsi.o)
                0x2000164c                __aeabi_d2uiz
                0x2000164c                __fixunsdfsi
 .text          0x200016a0       0x3c c:/isis/application/toolchain/bin/../lib/gcc/arm-none-eabi/4.7.4\libgcc.a(_aeabi_uldivmod.o)
                0x200016a0                __aeabi_uldivmod
 .text          0x200016dc       0x84 c:/isis/application/toolchain/bin/../lib/gcc/arm-none-eabi/4.7.4\libgcc.a(bpabi.o)
                0x200016dc                __gnu_ldivmod_helper
                0x20001720                __gnu_uldivmod_helper
 .text          0x20001760      0x4f0 c:/isis/application/toolchain/bin/../lib/gcc/arm-none-eabi/4.7.4\libgcc.a(_divdi3.o)
                0x20001760                __divdi3
 .text          0x20001c50      0x488 c:/isis/application/toolchain/bin/../lib/gcc/arm-none-eabi/4.7.4\libgcc.a(_udivdi3.o)
                0x20001c50                __udivdi3
 .text          0x200020d8       0x48 c:/isis/application/toolchain/bin/../lib/gcc/arm-none-eabi/4.7.4\libgcc.a(_clzsi2.o)
                0x200020d8                __clzsi2
 *(.text*)
 .text.TestActUponCommand
                0x20002120      0x114 ./src/TestingDemos/CommandsTestingDemo.o
                0x20002120                TestActUponCommand
 .text.TestAssmbleCommand
                0x20002234      0x134 ./src/TestingDemos/CommandsTestingDemo.o
                0x20002234                TestAssmbleCommand
 .text.TestGetDelayedCommand
                0x20002368       0xa0 ./src/TestingDemos/CommandsTestingDemo.o
                0x20002368                TestGetDelayedCommand
 .text.TestAddDelayedCommand
                0x20002408       0xbc ./src/TestingDemos/CommandsTestingDemo.o
                0x20002408                TestAddDelayedCommand
 .text.TestGetDelayedCommandBufferCount
                0x200024c4       0x54 ./src/TestingDemos/CommandsTestingDemo.o
                0x200024c4                TestGetDelayedCommandBufferCount
 .text.TestGetOnlineCommand
                0x20002518       0xc8 ./src/TestingDemos/CommandsTestingDemo.o
                0x20002518                TestGetOnlineCommand
 .text.TestDeleteDelayedCommandByIndex
                0x200025e0      0x1c0 ./src/TestingDemos/CommandsTestingDemo.o
                0x200025e0                TestDeleteDelayedCommandByIndex
 .text.TestDeleteDelayedBuffer
                0x200027a0      0x140 ./src/TestingDemos/CommandsTestingDemo.o
                0x200027a0                TestDeleteDelayedBuffer
 .text.selectAndExecuteCommandsDemoTest
                0x200028e0      0x174 ./src/TestingDemos/CommandsTestingDemo.o
                0x200028e0                selectAndExecuteCommandsDemoTest
 .text.MainCommandsTestBench
                0x20002a54       0x44 ./src/TestingDemos/CommandsTestingDemo.o
                0x20002a54                MainCommandsTestBench
 .text.TestEpsConditioning
                0x20002a98      0x1e8 ./src/TestingDemos/EpsTestingDemo.o
                0x20002a98                TestEpsConditioning
 .text.TestGetBatteryVoltage
                0x20002c80       0x64 ./src/TestingDemos/EpsTestingDemo.o
                0x20002c80                TestGetBatteryVoltage
 .text.TestUpdateThreshVoltages
                0x20002ce4      0x170 ./src/TestingDemos/EpsTestingDemo.o
                0x20002ce4                TestUpdateThreshVoltages
 .text.TestGetThreshVoltages
                0x20002e54       0xb0 ./src/TestingDemos/EpsTestingDemo.o
                0x20002e54                TestGetThreshVoltages
 .text.TestUpdateAlpha
                0x20002f04       0xc0 ./src/TestingDemos/EpsTestingDemo.o
                0x20002f04                TestUpdateAlpha
 .text.TestGetAlpha
                0x20002fc4       0x78 ./src/TestingDemos/EpsTestingDemo.o
                0x20002fc4                TestGetAlpha
 .text.TestRestoreDefaultAlpha
                0x2000303c       0xf4 ./src/TestingDemos/EpsTestingDemo.o
                0x2000303c                TestRestoreDefaultAlpha
 .text.TestRestoreDefaultThresholdVoltages
                0x20003130      0x154 ./src/TestingDemos/EpsTestingDemo.o
                0x20003130                TestRestoreDefaultThresholdVoltages
 .text.GetHeaterValues
                0x20003284       0xb0 ./src/TestingDemos/EpsTestingDemo.o
                0x20003284                GetHeaterValues
 .text.SetHeaterValues
                0x20003334      0x104 ./src/TestingDemos/EpsTestingDemo.o
                0x20003334                SetHeaterValues
 .text.selectAndExecuteEpsDemoTest
                0x20003438      0x1b0 ./src/TestingDemos/EpsTestingDemo.o
                0x20003438                selectAndExecuteEpsDemoTest
 .text.MainEpsTestBench
                0x200035e8       0x40 ./src/TestingDemos/EpsTestingDemo.o
                0x200035e8                MainEpsTestBench
 .text.TestListFiles
                0x20003628      0x198 ./src/TestingDemos/FileSystemTestingDemo.o
                0x20003628                TestListFiles
 .text.TestListAllFiles
                0x200037c0       0xf8 ./src/TestingDemos/FileSystemTestingDemo.o
                0x200037c0                TestListAllFiles
 .text.TestLOGTLM
                0x200038b8      0x110 ./src/TestingDemos/FileSystemTestingDemo.o
                0x200038b8                TestLOGTLM
 .text.TestEPSTLM
                0x200039c8       0xa8 ./src/TestingDemos/FileSystemTestingDemo.o
                0x200039c8                TestEPSTLM
 .text.TestReadTimeRangeTLMRes
                0x20003a70      0x210 ./src/TestingDemos/FileSystemTestingDemo.o
                0x20003a70                TestReadTimeRangeTLMRes
 .text.TestReadTimeRangeTLM
                0x20003c80      0x178 ./src/TestingDemos/FileSystemTestingDemo.o
                0x20003c80                TestReadTimeRangeTLM
 .text.GenerateWODTLM
                0x20003df8       0xd0 ./src/TestingDemos/FileSystemTestingDemo.o
                0x20003df8                GenerateWODTLM
 .text.DeleteOldFiles
                0x20003ec8      0x148 ./src/TestingDemos/FileSystemTestingDemo.o
                0x20003ec8                DeleteOldFiles
 .text.createSingleDayTLM
                0x20004010       0xa4 ./src/TestingDemos/FileSystemTestingDemo.o
                0x20004010                createSingleDayTLM
 .text.copyTLMFile
                0x200040b4      0x2b8 ./src/TestingDemos/FileSystemTestingDemo.o
                0x200040b4                copyTLMFile
 .text.TestWODTLM
                0x2000436c       0xa8 ./src/TestingDemos/FileSystemTestingDemo.o
                0x2000436c                TestWODTLM
 .text.TestDeleteFiels
                0x20004414      0x2b8 ./src/TestingDemos/FileSystemTestingDemo.o
                0x20004414                TestDeleteFiels
 .text.TestReadMultiFiels
                0x200046cc      0x2ac ./src/TestingDemos/FileSystemTestingDemo.o
                0x200046cc                TestReadMultiFiels
 .text.TestTRXVUTLM
                0x20004978      0x11c ./src/TestingDemos/FileSystemTestingDemo.o
                0x20004978                TestTRXVUTLM
 .text.FullSDTest
                0x20004a94      0x130 ./src/TestingDemos/FileSystemTestingDemo.o
                0x20004a94                FullSDTest
 .text.LogErrorRateTest
                0x20004bc4      0x11c ./src/TestingDemos/FileSystemTestingDemo.o
                0x20004bc4                LogErrorRateTest
 .text.deleteMonth
                0x20004ce0       0x78 ./src/TestingDemos/FileSystemTestingDemo.o
                0x20004ce0                deleteMonth
 .text.deleteYear
                0x20004d58       0xb0 ./src/TestingDemos/FileSystemTestingDemo.o
                0x20004d58                deleteYear
 .text.writeFileOnScreen
                0x20004e08      0x16c ./src/TestingDemos/FileSystemTestingDemo.o
                0x20004e08                writeFileOnScreen
 .text.mashoo   0x20004f74       0x7c ./src/TestingDemos/FileSystemTestingDemo.o
                0x20004f74                mashoo
 .text.selectAndExecuteFSTest
                0x20004ff0      0x298 ./src/TestingDemos/FileSystemTestingDemo.o
                0x20004ff0                selectAndExecuteFSTest
 .text.MainFileSystemTestBench
                0x20005288       0x44 ./src/TestingDemos/FileSystemTestingDemo.o
                0x20005288                MainFileSystemTestBench
 .text.selectAndExecuteTest
                0x200052cc      0x168 ./src/TestingDemos/MainTest.o
                0x200052cc                selectAndExecuteTest
 .text.taskTesting
                0x20005434       0x28 ./src/TestingDemos/MainTest.o
                0x20005434                taskTesting
 .text.printSDINfo
                0x2000545c       0x84 ./src/TestingDemos/MaintenanceTestingDemo.o
                0x2000545c                printSDINfo
 .text.changeFirstActivation
                0x200054e0       0x84 ./src/TestingDemos/MaintenanceTestingDemo.o
                0x200054e0                changeFirstActivation
 .text.selectAndExecuteMaintenanceDemoTest
                0x20005564      0x19c ./src/TestingDemos/MaintenanceTestingDemo.o
                0x20005564                selectAndExecuteMaintenanceDemoTest
 .text.MainMaintenanceTestBench
                0x20005700       0x40 ./src/TestingDemos/MaintenanceTestingDemo.o
                0x20005700                MainMaintenanceTestBench
 .text.MainTelemetryTestBench
                0x20005740       0x1c ./src/TestingDemos/TelemetryTestingDemo.o
                0x20005740                MainTelemetryTestBench
 .text.TestInitTrxvu
                0x2000575c       0x54 ./src/TestingDemos/TrxvuTestingDemo.o
                0x2000575c                TestInitTrxvu
 .text.TestInitTrxvuWithDifferentFrameLengths
                0x200057b0      0x134 ./src/TestingDemos/TrxvuTestingDemo.o
                0x200057b0                TestInitTrxvuWithDifferentFrameLengths
 .text.TestTrxvuLogic
                0x200058e4       0xd4 ./src/TestingDemos/TrxvuTestingDemo.o
                0x200058e4                TestTrxvuLogic
 .text.TestCheckTransmitionAllowed
                0x200059b8       0xa4 ./src/TestingDemos/TrxvuTestingDemo.o
                0x200059b8                TestCheckTransmitionAllowed
 .text.TestLoopSPL
                0x20005a5c       0xc4 ./src/TestingDemos/TrxvuTestingDemo.o
                0x20005a5c                TestLoopSPL
 .text.TestSendDumpAbortRequest
                0x20005b20       0x24 ./src/TestingDemos/TrxvuTestingDemo.o
                0x20005b20                TestSendDumpAbortRequest
 .text.TestTransmitDummySplPacket
                0x20005b44       0xc0 ./src/TestingDemos/TrxvuTestingDemo.o
                0x20005b44                TestTransmitDummySplPacket
 .text.TestTransmitSplPacket
                0x20005c04      0x1ec ./src/TestingDemos/TrxvuTestingDemo.o
                0x20005c04                TestTransmitSplPacket
 .text.TestExitDump
                0x20005df0       0x1c ./src/TestingDemos/TrxvuTestingDemo.o
                0x20005df0                TestExitDump
 .text.TestDumpTelemetry
                0x20005e0c       0x9c ./src/TestingDemos/TrxvuTestingDemo.o
                0x20005e0c                TestDumpTelemetry
 .text.TestRestoreDefaultBeaconParameters
                0x20005ea8       0x1c ./src/TestingDemos/TrxvuTestingDemo.o
                0x20005ea8                TestRestoreDefaultBeaconParameters
 .text.TestChooseDefaultBeaconCycle
                0x20005ec4       0xe0 ./src/TestingDemos/TrxvuTestingDemo.o
                0x20005ec4                TestChooseDefaultBeaconCycle
 .text.TestBeaconLogic
                0x20005fa4       0xdc ./src/TestingDemos/TrxvuTestingDemo.o
                0x20005fa4                TestBeaconLogic
 .text.TestMuteTrxvu
                0x20006080       0x9c ./src/TestingDemos/TrxvuTestingDemo.o
                0x20006080                TestMuteTrxvu
 .text.TestUnMuteTrxvu
                0x2000611c       0x30 ./src/TestingDemos/TrxvuTestingDemo.o
                0x2000611c                TestUnMuteTrxvu
 .text.TestGetNumberOfFramesInBuffer
                0x2000614c       0x54 ./src/TestingDemos/TrxvuTestingDemo.o
                0x2000614c                TestGetNumberOfFramesInBuffer
 .text.TestSetTrxvuBitrate
                0x200061a0       0xf0 ./src/TestingDemos/TrxvuTestingDemo.o
                0x200061a0                TestSetTrxvuBitrate
 .text.TestGetTrxvuBitrate
                0x20006290       0xb0 ./src/TestingDemos/TrxvuTestingDemo.o
                0x20006290                TestGetTrxvuBitrate
 .text.TestTransmitDataAsSPL_Packet
                0x20006340      0x114 ./src/TestingDemos/TrxvuTestingDemo.o
                0x20006340                TestTransmitDataAsSPL_Packet
 .text.selectAndExecuteTrxvuDemoTest
                0x20006454      0x2ac ./src/TestingDemos/TrxvuTestingDemo.o
                0x20006454                selectAndExecuteTrxvuDemoTest
 .text.MainTrxvuTestBench
                0x20006700       0x44 ./src/TestingDemos/TrxvuTestingDemo.o
                0x20006700                MainTrxvuTestBench
 .text.GetBatteryVoltage
                0x20006744       0x38 ./src/SubSystemModules/PowerManagment/EPS.o
                0x20006744                GetBatteryVoltage
 .text.EPS_Init
                0x2000677c       0xb8 ./src/SubSystemModules/PowerManagment/EPS.o
                0x2000677c                EPS_Init
 .text.EPS_Conditioning
                0x20006834      0x1c4 ./src/SubSystemModules/PowerManagment/EPS.o
                0x20006834                EPS_Conditioning
 .text.UpdateAlpha
                0x200069f8       0xd8 ./src/SubSystemModules/PowerManagment/EPS.o
                0x200069f8                UpdateAlpha
 .text.UpdateThresholdVoltages
                0x20006ad0      0x218 ./src/SubSystemModules/PowerManagment/EPS.o
                0x20006ad0                UpdateThresholdVoltages
 .text.GetThresholdVoltages
                0x20006ce8       0x80 ./src/SubSystemModules/PowerManagment/EPS.o
                0x20006ce8                GetThresholdVoltages
 .text.GetAlpha
                0x20006d68       0x7c ./src/SubSystemModules/PowerManagment/EPS.o
                0x20006d68                GetAlpha
 .text.RestoreDefaultThresholdVoltages
                0x20006de4       0x74 ./src/SubSystemModules/PowerManagment/EPS.o
                0x20006de4                RestoreDefaultThresholdVoltages
 .text.CMDGetHeaterValues
                0x20006e58       0x24 ./src/SubSystemModules/PowerManagment/EPS.o
                0x20006e58                CMDGetHeaterValues
 .text.CMDSetHeaterValues
                0x20006e7c       0x58 ./src/SubSystemModules/PowerManagment/EPS.o
                0x20006e7c                CMDSetHeaterValues
 .text.EnterFullMode
                0x20006ed4       0x44 ./src/SubSystemModules/PowerManagment/EPSOperationModes.o
                0x20006ed4                EnterFullMode
 .text.EnterCruiseMode
                0x20006f18       0x44 ./src/SubSystemModules/PowerManagment/EPSOperationModes.o
                0x20006f18                EnterCruiseMode
 .text.EnterSafeMode
                0x20006f5c       0x44 ./src/SubSystemModules/PowerManagment/EPSOperationModes.o
                0x20006f5c                EnterSafeMode
 .text.EnterCriticalMode
                0x20006fa0       0x44 ./src/SubSystemModules/PowerManagment/EPSOperationModes.o
                0x20006fa0                EnterCriticalMode
 .text.GetSystemState
                0x20006fe4       0x24 ./src/SubSystemModules/PowerManagment/EPSOperationModes.o
                0x20006fe4                GetSystemState
 .text.GetSystemChannelState
                0x20007008       0x24 ./src/SubSystemModules/PowerManagment/EPSOperationModes.o
                0x20007008                GetSystemChannelState
 .text.EpsGetLowVoltageFlag
                0x2000702c       0x24 ./src/SubSystemModules/PowerManagment/EPSOperationModes.o
                0x2000702c                EpsGetLowVoltageFlag
 .text.EpsSetLowVoltageFlag
                0x20007050       0x2c ./src/SubSystemModules/PowerManagment/EPSOperationModes.o
                0x20007050                EpsSetLowVoltageFlag
 .text.CheckExecutionTime
                0x2000707c       0x80 ./src/SubSystemModules/Maintenance/Maintenance.o
                0x2000707c                CheckExecutionTime
 .text.SaveSatTimeInFRAM
                0x200070fc       0x44 ./src/SubSystemModules/Maintenance/Maintenance.o
                0x200070fc                SaveSatTimeInFRAM
 .text.WakeupFromResetCMD
                0x20007140      0x120 ./src/SubSystemModules/Maintenance/Maintenance.o
                0x20007140                WakeupFromResetCMD
 .text.ResetGroundCommWDT
                0x20007260       0x1c ./src/SubSystemModules/Maintenance/Maintenance.o
                0x20007260                ResetGroundCommWDT
 .text.findMinMaxDate
                0x2000727c       0xdc ./src/SubSystemModules/Maintenance/Maintenance.o
                0x2000727c                findMinMaxDate
 .text.DeleteOldFiels
                0x20007358       0xf0 ./src/SubSystemModules/Maintenance/Maintenance.o
                0x20007358                DeleteOldFiels
 .text.HardResetMCU
                0x20007448       0x24 ./src/SubSystemModules/Maintenance/Maintenance.o
                0x20007448                HardResetMCU
 .text.InitSavePeriodTimes
                0x2000746c       0x78 ./src/SubSystemModules/Housekepping/TelemetryCollector.o
                0x2000746c                InitSavePeriodTimes
 .text.CMD_GetTLMPeriodTimes
                0x200074e4       0x38 ./src/SubSystemModules/Housekepping/TelemetryCollector.o
                0x200074e4                CMD_GetTLMPeriodTimes
 .text.CMD_SetTLMPeriodTimes
                0x2000751c      0x17c ./src/SubSystemModules/Housekepping/TelemetryCollector.o
                0x2000751c                CMD_SetTLMPeriodTimes
 .text.TelemetryCollectorLogic
                0x20007698      0x208 ./src/SubSystemModules/Housekepping/TelemetryCollector.o
                0x20007698                TelemetryCollectorLogic
 .text.TelemetrySaveEPS
                0x200078a0       0x18 ./src/SubSystemModules/Housekepping/TelemetryCollector.o
                0x200078a0                TelemetrySaveEPS
 .text.TelemetrySaveTRXVU
                0x200078b8       0x94 ./src/SubSystemModules/Housekepping/TelemetryCollector.o
                0x200078b8                TelemetrySaveTRXVU
 .text.TelemetrySaveANT
                0x2000794c       0xa4 ./src/SubSystemModules/Housekepping/TelemetryCollector.o
                0x2000794c                TelemetrySaveANT
 .text.TelemetrySaveSolarPanels
                0x200079f0      0x228 ./src/SubSystemModules/Housekepping/TelemetryCollector.o
                0x200079f0                TelemetrySaveSolarPanels
 .text.TelemetrySaveWOD
                0x20007c18       0x48 ./src/SubSystemModules/Housekepping/TelemetryCollector.o
                0x20007c18                TelemetrySaveWOD
 .text.GetCurrentWODTelemetry
                0x20007c60      0x74c ./src/SubSystemModules/Housekepping/TelemetryCollector.o
                0x20007c60                GetCurrentWODTelemetry
 .text.CMD_EPS_ResetWDT
                0x200083ac       0x48 ./src/SubSystemModules/Communication/SubsystemCommands/EPS_Commands.o
                0x200083ac                CMD_EPS_ResetWDT
 .text.CMD_DeleteTLM
                0x200083f4      0x1d8 ./src/SubSystemModules/Communication/SubsystemCommands/FS_Commands.o
                0x200083f4                CMD_DeleteTLM
 .text.CMD_DeleteAllFiles
                0x200085cc       0x38 ./src/SubSystemModules/Communication/SubsystemCommands/FS_Commands.o
                0x200085cc                CMD_DeleteAllFiles
 .text.CMD_GetLastFS_Error
                0x20008604       0x4c ./src/SubSystemModules/Communication/SubsystemCommands/FS_Commands.o
                0x20008604                CMD_GetLastFS_Error
 .text.CMD_GenericI2C
                0x20008650      0x144 ./src/SubSystemModules/Communication/SubsystemCommands/Maintanence_Commands.o
                0x20008650                CMD_GenericI2C
 .text.CMD_FRAM_ReadAndTransmitt
                0x20008794       0xe8 ./src/SubSystemModules/Communication/SubsystemCommands/Maintanence_Commands.o
                0x20008794                CMD_FRAM_ReadAndTransmitt
 .text.CMD_FRAM_WriteAndTransmitt
                0x2000887c      0x11c ./src/SubSystemModules/Communication/SubsystemCommands/Maintanence_Commands.o
                0x2000887c                CMD_FRAM_WriteAndTransmitt
 .text.CMD_FRAM_ReStart
                0x20008998       0x4c ./src/SubSystemModules/Communication/SubsystemCommands/Maintanence_Commands.o
                0x20008998                CMD_FRAM_ReStart
 .text.CMD_UpdateSatTime
                0x200089e4       0xa4 ./src/SubSystemModules/Communication/SubsystemCommands/Maintanence_Commands.o
                0x200089e4                CMD_UpdateSatTime
 .text.CMD_GetSatUptime
                0x20008a88       0x48 ./src/SubSystemModules/Communication/SubsystemCommands/Maintanence_Commands.o
                0x20008a88                CMD_GetSatUptime
 .text.CMD_ResetComponent
                0x20008ad0      0x290 ./src/SubSystemModules/Communication/SubsystemCommands/Maintanence_Commands.o
                0x20008ad0                CMD_ResetComponent
 .text.DumpTask
                0x20008d60      0x310 ./src/SubSystemModules/Communication/SubsystemCommands/TRXVU_Commands.o
                0x20008d60                DumpTask
 .text.CMD_AntennaDeploy
                0x20009070       0xec ./src/SubSystemModules/Communication/SubsystemCommands/TRXVU_Commands.o
                0x20009070                CMD_AntennaDeploy
 .text.CMD_StartDump
                0x2000915c      0x224 ./src/SubSystemModules/Communication/SubsystemCommands/TRXVU_Commands.o
                0x2000915c                CMD_StartDump
 .text.CMD_SendDumpAbortRequest
                0x20009380       0x38 ./src/SubSystemModules/Communication/SubsystemCommands/TRXVU_Commands.o
                0x20009380                CMD_SendDumpAbortRequest
 .text.CMD_ForceDumpAbort
                0x200093b8       0x3c ./src/SubSystemModules/Communication/SubsystemCommands/TRXVU_Commands.o
                0x200093b8                CMD_ForceDumpAbort
 .text.CMD_SetTransponder
                0x200093f4      0x148 ./src/SubSystemModules/Communication/SubsystemCommands/TRXVU_Commands.o
                0x200093f4                CMD_SetTransponder
 .text.CMD_SetRSSITransponder
                0x2000953c       0x90 ./src/SubSystemModules/Communication/SubsystemCommands/TRXVU_Commands.o
                0x2000953c                CMD_SetRSSITransponder
 .text.CMD_MuteTRXVU
                0x200095cc       0xc4 ./src/SubSystemModules/Communication/SubsystemCommands/TRXVU_Commands.o
                0x200095cc                CMD_MuteTRXVU
 .text.CMD_SetIdleState
                0x20009690       0x94 ./src/SubSystemModules/Communication/SubsystemCommands/TRXVU_Commands.o
                0x20009690                CMD_SetIdleState
 .text.CMD_UnMuteTRXVU
                0x20009724       0x38 ./src/SubSystemModules/Communication/SubsystemCommands/TRXVU_Commands.o
                0x20009724                CMD_UnMuteTRXVU
 .text.CMD_GetBaudRate
                0x2000975c       0x68 ./src/SubSystemModules/Communication/SubsystemCommands/TRXVU_Commands.o
                0x2000975c                CMD_GetBaudRate
 .text.CMD_TrasmitBeacon
                0x200097c4       0x48 ./src/SubSystemModules/Communication/SubsystemCommands/TRXVU_Commands.o
                0x200097c4                CMD_TrasmitBeacon
 .text.CMD_GetBeaconInterval
                0x2000980c       0x6c ./src/SubSystemModules/Communication/SubsystemCommands/TRXVU_Commands.o
                0x2000980c                CMD_GetBeaconInterval
 .text.CMD_SetBaudRate
                0x20009878       0x60 ./src/SubSystemModules/Communication/SubsystemCommands/TRXVU_Commands.o
                0x20009878                CMD_SetBaudRate
 .text.CMD_GetTxUptime
                0x200098d8       0x64 ./src/SubSystemModules/Communication/SubsystemCommands/TRXVU_Commands.o
                0x200098d8                CMD_GetTxUptime
 .text.CMD_GetRxUptime
                0x2000993c       0x64 ./src/SubSystemModules/Communication/SubsystemCommands/TRXVU_Commands.o
                0x2000993c                CMD_GetRxUptime
 .text.CMD_GetNumOfOnlineCommands
                0x200099a0       0x64 ./src/SubSystemModules/Communication/SubsystemCommands/TRXVU_Commands.o
                0x200099a0                CMD_GetNumOfOnlineCommands
 .text.CMD_AntSetArmStatus
                0x20009a04       0xa0 ./src/SubSystemModules/Communication/SubsystemCommands/TRXVU_Commands.o
                0x20009a04                CMD_AntSetArmStatus
 .text.CMD_AntGetArmStatus
                0x20009aa4       0x70 ./src/SubSystemModules/Communication/SubsystemCommands/TRXVU_Commands.o
                0x20009aa4                CMD_AntGetArmStatus
 .text.CMD_AntGetUptime
                0x20009b14       0x78 ./src/SubSystemModules/Communication/SubsystemCommands/TRXVU_Commands.o
                0x20009b14                CMD_AntGetUptime
 .text.CMD_StopReDeployment
                0x20009b8c       0xac ./src/SubSystemModules/Communication/SubsystemCommands/TRXVU_Commands.o
                0x20009b8c                CMD_StopReDeployment
 .text.CMD_AntCancelDeployment
                0x20009c38       0x68 ./src/SubSystemModules/Communication/SubsystemCommands/TRXVU_Commands.o
                0x20009c38                CMD_AntCancelDeployment
 .text.SendAckPacket
                0x20009ca0       0xe4 ./src/SubSystemModules/Communication/AckHandler.o
                0x20009ca0                SendAckPacket
 .text.trxvu_command_router
                0x20009d84      0x548 ./src/SubSystemModules/Communication/CommandDictionary.o
                0x20009d84                trxvu_command_router
 .text.eps_command_router
                0x2000a2cc       0xdc ./src/SubSystemModules/Communication/CommandDictionary.o
                0x2000a2cc                eps_command_router
 .text.telemetry_command_router
                0x2000a3a8      0x1f4 ./src/SubSystemModules/Communication/CommandDictionary.o
                0x2000a3a8                telemetry_command_router
 .text.managment_command_router
                0x2000a59c      0x12c ./src/SubSystemModules/Communication/CommandDictionary.o
                0x2000a59c                managment_command_router
 .text.filesystem_command_router
                0x2000a6c8       0x24 ./src/SubSystemModules/Communication/CommandDictionary.o
                0x2000a6c8                filesystem_command_router
 .text.ParseDataToCommand
                0x2000a6ec      0x1ac ./src/SubSystemModules/Communication/SatCommandHandler.o
                0x2000a6ec                ParseDataToCommand
 .text.AssembleCommand
                0x2000a898      0x148 ./src/SubSystemModules/Communication/SatCommandHandler.o
                0x2000a898                AssembleCommand
 .text.GetDelayedCommand
                0x2000a9e0       0x24 ./src/SubSystemModules/Communication/SatCommandHandler.o
                0x2000a9e0                GetDelayedCommand
 .text.AddDelayedCommand
                0x2000aa04       0x24 ./src/SubSystemModules/Communication/SatCommandHandler.o
                0x2000aa04                AddDelayedCommand
 .text.GetDelayedCommandBufferCount
                0x2000aa28       0x50 ./src/SubSystemModules/Communication/SatCommandHandler.o
                0x2000aa28                GetDelayedCommandBufferCount
 .text.GetDelayedCommandByIndex
                0x2000aa78       0x28 ./src/SubSystemModules/Communication/SatCommandHandler.o
                0x2000aa78                GetDelayedCommandByIndex
 .text.DeleteDelayedCommandByIndex
                0x2000aaa0       0x24 ./src/SubSystemModules/Communication/SatCommandHandler.o
                0x2000aaa0                DeleteDelayedCommandByIndex
 .text.DeleteDelayedBuffer
                0x2000aac4       0x1c ./src/SubSystemModules/Communication/SatCommandHandler.o
                0x2000aac4                DeleteDelayedBuffer
 .text.ActUponCommand
                0x2000aae0      0x108 ./src/SubSystemModules/Communication/SatCommandHandler.o
                0x2000aae0                ActUponCommand
 .text.setMuteEndTime
                0x2000abe8       0x40 ./src/SubSystemModules/Communication/TRXVU.o
                0x2000abe8                setMuteEndTime
 .text.getMuteEndTime
                0x2000ac28       0x44 ./src/SubSystemModules/Communication/TRXVU.o
                0x2000ac28                getMuteEndTime
 .text.setTransponderEndTime
                0x2000ac6c       0x40 ./src/SubSystemModules/Communication/TRXVU.o
                0x2000ac6c                setTransponderEndTime
 .text.getTransponderEndTime
                0x2000acac       0x44 ./src/SubSystemModules/Communication/TRXVU.o
                0x2000acac                getTransponderEndTime
 .text.setTransponderRSSIinFRAM
                0x2000acf0       0x44 ./src/SubSystemModules/Communication/TRXVU.o
                0x2000acf0                setTransponderRSSIinFRAM
 .text.getTransponderRSSIFromFRAM
                0x2000ad34       0x4c ./src/SubSystemModules/Communication/TRXVU.o
                0x2000ad34                getTransponderRSSIFromFRAM
 .text.InitTxModule
                0x2000ad80       0x68 ./src/SubSystemModules/Communication/TRXVU.o
                0x2000ad80                InitTxModule
 .text.CMD_SetBeaconInterval
                0x2000ade8       0xdc ./src/SubSystemModules/Communication/TRXVU.o
                0x2000ade8                CMD_SetBeaconInterval
 .text.InitBeaconParams
                0x2000aec4       0x3c ./src/SubSystemModules/Communication/TRXVU.o
                0x2000aec4                InitBeaconParams
 .text.InitSemaphores
                0x2000af00       0x98 ./src/SubSystemModules/Communication/TRXVU.o
                0x2000af00                InitSemaphores
 .text.InitTrxvu
                0x2000af98       0xec ./src/SubSystemModules/Communication/TRXVU.o
                0x2000af98                InitTrxvu
 .text.checkIdleFinish
                0x2000b084       0x68 ./src/SubSystemModules/Communication/TRXVU.o
                0x2000b084                checkIdleFinish
 .text.checkTransponderFinish
                0x2000b0ec       0x98 ./src/SubSystemModules/Communication/TRXVU.o
                0x2000b0ec                checkTransponderFinish
 .text.checkTransponderStart
                0x2000b184       0x50 ./src/SubSystemModules/Communication/TRXVU.o
                0x2000b184                checkTransponderStart
 .text.turnOnTransponder
                0x2000b1d4       0xa0 ./src/SubSystemModules/Communication/TRXVU.o
                0x2000b1d4                turnOnTransponder
 .text.SetRSSITransponder
                0x2000b274       0x80 ./src/SubSystemModules/Communication/TRXVU.o
                0x2000b274                SetRSSITransponder
 .text.TRX_Logic
                0x2000b2f4       0xd4 ./src/SubSystemModules/Communication/TRXVU.o
                0x2000b2f4                TRX_Logic
 .text.GetNumberOfFramesInBuffer
                0x2000b3c8       0x5c ./src/SubSystemModules/Communication/TRXVU.o
                0x2000b3c8                GetNumberOfFramesInBuffer
 .text.GetOnlineCommand
                0x2000b424      0x17c ./src/SubSystemModules/Communication/TRXVU.o
                0x2000b424                GetOnlineCommand
 .text.CheckTransmitionAllowed
                0x2000b5a0       0xc0 ./src/SubSystemModules/Communication/TRXVU.o
                0x2000b5a0                CheckTransmitionAllowed
 .text.FinishDump
                0x2000b660       0xf0 ./src/SubSystemModules/Communication/TRXVU.o
                0x2000b660                FinishDump
 .text.AbortDump
                0x2000b750       0x34 ./src/SubSystemModules/Communication/TRXVU.o
                0x2000b750                AbortDump
 .text.SendDumpAbortRequest
                0x2000b784       0x6c ./src/SubSystemModules/Communication/TRXVU.o
                0x2000b784                SendDumpAbortRequest
 .text.CheckDumpAbort
                0x2000b7f0       0x6c ./src/SubSystemModules/Communication/TRXVU.o
                0x2000b7f0                CheckDumpAbort
 .text.BeaconLogic
                0x2000b85c      0x1b8 ./src/SubSystemModules/Communication/TRXVU.o
                0x2000b85c                BeaconLogic
 .text.SetIdleState
                0x2000ba14      0x144 ./src/SubSystemModules/Communication/TRXVU.o
                0x2000ba14                SetIdleState
 .text.muteTRXVU
                0x2000bb58       0x74 ./src/SubSystemModules/Communication/TRXVU.o
                0x2000bb58                muteTRXVU
 .text.UnMuteTRXVU
                0x2000bbcc       0x14 ./src/SubSystemModules/Communication/TRXVU.o
                0x2000bbcc                UnMuteTRXVU
 .text.TransmitDataAsSPL_Packet
                0x2000bbe0      0x114 ./src/SubSystemModules/Communication/TRXVU.o
                0x2000bbe0                TransmitDataAsSPL_Packet
 .text.TransmitSplPacket
                0x2000bcf4      0x1cc ./src/SubSystemModules/Communication/TRXVU.o
                0x2000bcf4                TransmitSplPacket
 .text.isFirstActivation
                0x2000bec0       0x38 ./src/InitSystem.o
                0x2000bec0                isFirstActivation
 .text.WriteDefaultValuesToFRAM
                0x2000bef8      0x1e8 ./src/InitSystem.o
                0x2000bef8                WriteDefaultValuesToFRAM
 .text.StartFRAM
                0x2000c0e0       0x2c ./src/InitSystem.o
                0x2000c0e0                StartFRAM
 .text.StartI2C
                0x2000c10c       0x38 ./src/InitSystem.o
                0x2000c10c                StartI2C
 .text.StartSPI
                0x2000c144       0x34 ./src/InitSystem.o
                0x2000c144                StartSPI
 .text.StartTIME
                0x2000c178       0xbc ./src/InitSystem.o
                0x2000c178                StartTIME
 .text.DeploySystem
                0x2000c234      0x1a4 ./src/InitSystem.o
                0x2000c234                DeploySystem
 .text.InitSubsystems
                0x2000c3d8       0x60 ./src/InitSystem.o
                0x2000c3d8                InitSubsystems
 .text.CMD_getInfoImage
                0x2000c438      0x158 ./src/TLM_management.o
                0x2000c438                CMD_getInfoImage
 .text.CMD_getDataImage
                0x2000c590      0x218 ./src/TLM_management.o
                0x2000c590                CMD_getDataImage
 .text.delete_allTMFilesFromSD
                0x2000c7a8       0x8c ./src/TLM_management.o
                0x2000c7a8                delete_allTMFilesFromSD
 .text.deleteTLMFiles
                0x2000c834       0x94 ./src/TLM_management.o
                0x2000c834                deleteTLMFiles
 .text.deleteTLMFile
                0x2000c8c8       0xcc ./src/TLM_management.o
                0x2000c8c8                deleteTLMFile
 .text.deleteTLMbyMonth
                0x2000c994       0xac ./src/TLM_management.o
                0x2000c994                deleteTLMbyMonth
 .text.deleteDirectory
                0x2000ca40      0x158 ./src/TLM_management.o
                0x2000ca40                deleteDirectory
 .text.InitializeFS
                0x2000cb98      0x100 ./src/TLM_management.o
                0x2000cb98                InitializeFS
 .text.calculateFileName
                0x2000cc98      0x130 ./src/TLM_management.o
                0x2000cc98                calculateFileName
 .text.getTlmTypeInfo
                0x2000cdc8      0x230 ./src/TLM_management.o
                0x2000cdc8                getTlmTypeInfo
 .text.write2File
                0x2000cff8      0x1dc ./src/TLM_management.o
                0x2000cff8                write2File
 .text.printTLM
                0x2000d1d4      0x490 ./src/TLM_management.o
                0x2000d1d4                printTLM
 .text.readTLMFile
                0x2000d664      0x328 ./src/TLM_management.o
                0x2000d664                readTLMFile
 .text.readTLMFiles
                0x2000d98c       0xdc ./src/TLM_management.o
                0x2000d98c                readTLMFiles
 .text.readTLMFileTimeRange
                0x2000da68      0x2f0 ./src/TLM_management.o
                0x2000da68                readTLMFileTimeRange
 .text.DeInitializeFS
                0x2000dd58       0x38 ./src/TLM_management.o
                0x2000dd58                DeInitializeFS
 .text.main     0x2000dd90       0x98 ./src/main.o
                0x2000dd90                main
 .text.timeU2time
                0x2000de28       0xbc ./src/utils.o
                0x2000de28                timeU2time
 .text.logError
                0x2000dee4      0x134 ./src/utils.o
                0x2000dee4                logError
 .text.clearPDCtransfers
                0x2000e018       0xe8 C:/ISIS/workspace/ycube/GlobusSatProject/..//hal/hal/lib\libHALD.a(SPI.o)
 .text.SPI_start
                0x2000e100      0x4b0 C:/ISIS/workspace/ycube/GlobusSatProject/..//hal/hal/lib\libHALD.a(SPI.o)
                0x2000e100                SPI_start
 .text.SPI_stop
                0x2000e5b0      0x244 C:/ISIS/workspace/ycube/GlobusSatProject/..//hal/hal/lib\libHALD.a(SPI.o)
                0x2000e5b0                SPI_stop
 .text.SPI_queueTransfer
                0x2000e7f4      0x1cc C:/ISIS/workspace/ycube/GlobusSatProject/..//hal/hal/lib\libHALD.a(SPI.o)
                0x2000e7f4                SPI_queueTransfer
 .text.SPI_internalCallback
                0x2000e9c0       0x64 C:/ISIS/workspace/ycube/GlobusSatProject/..//hal/hal/lib\libHALD.a(SPI.o)
 .text.SPI_writeRead
                0x2000ea24      0x1c0 C:/ISIS/workspace/ycube/GlobusSatProject/..//hal/hal/lib\libHALD.a(SPI.o)
                0x2000ea24                SPI_writeRead
 .text.waitForTransfer
                0x2000ebe4       0x78 C:/ISIS/workspace/ycube/GlobusSatProject/..//hal/hal/lib\libHALD.a(SPI.o)
 .text.SPI_getDriverState
                0x2000ec5c       0x58 C:/ISIS/workspace/ycube/GlobusSatProject/..//hal/hal/lib\libHALD.a(SPI.o)
                0x2000ec5c                SPI_getDriverState
 .text.validateTransferParameters
                0x2000ecb4      0x10c C:/ISIS/workspace/ycube/GlobusSatProject/..//hal/hal/lib\libHALD.a(I2C.o)
 .text.I2C_queueTransfer
                0x2000edc0       0xfc C:/ISIS/workspace/ycube/GlobusSatProject/..//hal/hal/lib\libHALD.a(I2C.o)
                0x2000edc0                I2C_queueTransfer
 .text.I2C_internalCallback
                0x2000eebc       0x64 C:/ISIS/workspace/ycube/GlobusSatProject/..//hal/hal/lib\libHALD.a(I2C.o)
 .text.I2C_doBlockingTransfer
                0x2000ef20      0x180 C:/ISIS/workspace/ycube/GlobusSatProject/..//hal/hal/lib\libHALD.a(I2C.o)
 .text.I2C_write
                0x2000f0a0      0x110 C:/ISIS/workspace/ycube/GlobusSatProject/..//hal/hal/lib\libHALD.a(I2C.o)
                0x2000f0a0                I2C_write
 .text.I2C_read
                0x2000f1b0      0x110 C:/ISIS/workspace/ycube/GlobusSatProject/..//hal/hal/lib\libHALD.a(I2C.o)
                0x2000f1b0                I2C_read
 .text.I2C_writeRead
                0x2000f2c0      0x17c C:/ISIS/workspace/ycube/GlobusSatProject/..//hal/hal/lib\libHALD.a(I2C.o)
                0x2000f2c0                I2C_writeRead
 .text.I2C_start
                0x2000f43c      0x2e8 C:/ISIS/workspace/ycube/GlobusSatProject/..//hal/hal/lib\libHALD.a(I2C.o)
                0x2000f43c                I2C_start
 .text.I2C_stop
                0x2000f724      0x184 C:/ISIS/workspace/ycube/GlobusSatProject/..//hal/hal/lib\libHALD.a(I2C.o)
                0x2000f724                I2C_stop
 .text.I2C_setTransferTimeout
                0x2000f8a8       0x48 C:/ISIS/workspace/ycube/GlobusSatProject/..//hal/hal/lib\libHALD.a(I2C.o)
                0x2000f8a8                I2C_setTransferTimeout
 .text.ADC_ConvertRaw10bitToMillivolt
                0x2000f8f0       0x50 C:/ISIS/workspace/ycube/GlobusSatProject/..//hal/hal/lib\libHALD.a(ADC.o)
                0x2000f8f0                ADC_ConvertRaw10bitToMillivolt
 .text.ADC_SingleShot
                0x2000f940      0x230 C:/ISIS/workspace/ycube/GlobusSatProject/..//hal/hal/lib\libHALD.a(ADC.o)
                0x2000f940                ADC_SingleShot
 .text.FRAM_start
                0x2000fb70      0x120 C:/ISIS/workspace/ycube/GlobusSatProject/..//hal/hal/lib\libHALD.a(FRAM.o)
                0x2000fb70                FRAM_start
 .text.FRAM_stop
                0x2000fc90       0x6c C:/ISIS/workspace/ycube/GlobusSatProject/..//hal/hal/lib\libHALD.a(FRAM.o)
                0x2000fc90                FRAM_stop
 .text.FRAM_dummyCallback
                0x2000fcfc       0x24 C:/ISIS/workspace/ycube/GlobusSatProject/..//hal/hal/lib\libHALD.a(FRAM.o)
                0x2000fcfc                FRAM_dummyCallback
 .text.FRAM_unlockingCallback
                0x2000fd20       0x64 C:/ISIS/workspace/ycube/GlobusSatProject/..//hal/hal/lib\libHALD.a(FRAM.o)
                0x2000fd20                FRAM_unlockingCallback
 .text.doBlockingTransfer
                0x2000fd84       0x78 C:/ISIS/workspace/ycube/GlobusSatProject/..//hal/hal/lib\libHALD.a(FRAM.o)
 .text.FRAM_writePacket
                0x2000fdfc      0x134 C:/ISIS/workspace/ycube/GlobusSatProject/..//hal/hal/lib\libHALD.a(FRAM.o)
 .text.FRAM_write
                0x2000ff30      0x1e0 C:/ISIS/workspace/ycube/GlobusSatProject/..//hal/hal/lib\libHALD.a(FRAM.o)
                0x2000ff30                FRAM_write
 .text.FRAM_readPacket
                0x20010110       0xf0 C:/ISIS/workspace/ycube/GlobusSatProject/..//hal/hal/lib\libHALD.a(FRAM.o)
 .text.FRAM_read
                0x20010200      0x1ec C:/ISIS/workspace/ycube/GlobusSatProject/..//hal/hal/lib\libHALD.a(FRAM.o)
                0x20010200                FRAM_read
 .text.Time_start
                0x200103ec      0x170 C:/ISIS/workspace/ycube/GlobusSatProject/..//hal/hal/lib\libHALD.a(Time.o)
                0x200103ec                Time_start
 .text.taskTimeSync
                0x2001055c       0x64 C:/ISIS/workspace/ycube/GlobusSatProject/..//hal/hal/lib\libHALD.a(Time.o)
 .text.Time_convertEpochToTime
                0x200105c0      0x100 C:/ISIS/workspace/ycube/GlobusSatProject/..//hal/hal/lib\libHALD.a(Time.o)
                0x200105c0                Time_convertEpochToTime
 .text.Time_calculateSecondsOfYear
                0x200106c0       0xd8 C:/ISIS/workspace/ycube/GlobusSatProject/..//hal/hal/lib\libHALD.a(Time.o)
 .text.Time_set
                0x20010798       0xd8 C:/ISIS/workspace/ycube/GlobusSatProject/..//hal/hal/lib\libHALD.a(Time.o)
                0x20010798                Time_set
 .text.Time_isLeapYear
                0x20010870       0x98 C:/ISIS/workspace/ycube/GlobusSatProject/..//hal/hal/lib\libHALD.a(Time.o)
                0x20010870                Time_isLeapYear
 .text.Time_get
                0x20010908      0x478 C:/ISIS/workspace/ycube/GlobusSatProject/..//hal/hal/lib\libHALD.a(Time.o)
                0x20010908                Time_get
 .text.Time_getUnixEpoch
                0x20010d80      0x108 C:/ISIS/workspace/ycube/GlobusSatProject/..//hal/hal/lib\libHALD.a(Time.o)
                0x20010d80                Time_getUnixEpoch
 .text.Time_secondsOfYearToTime
                0x20010e88      0x33c C:/ISIS/workspace/ycube/GlobusSatProject/..//hal/hal/lib\libHALD.a(Time.o)
 .text.Time_setUnixEpoch
                0x200111c4       0x54 C:/ISIS/workspace/ycube/GlobusSatProject/..//hal/hal/lib\libHALD.a(Time.o)
                0x200111c4                Time_setUnixEpoch
 .text.Time_getUptimeSeconds
                0x20011218       0x28 C:/ISIS/workspace/ycube/GlobusSatProject/..//hal/hal/lib\libHALD.a(Time.o)
                0x20011218                Time_getUptimeSeconds
 .text.Time_sync
                0x20011240      0x1a8 C:/ISIS/workspace/ycube/GlobusSatProject/..//hal/hal/lib\libHALD.a(Time.o)
                0x20011240                Time_sync
 .text.Time_syncIfNeeded
                0x200113e8       0xac C:/ISIS/workspace/ycube/GlobusSatProject/..//hal/hal/lib\libHALD.a(Time.o)
                0x200113e8                Time_syncIfNeeded
 .text.WDT_start
                0x20011494       0x48 C:/ISIS/workspace/ycube/GlobusSatProject/..//hal/hal/lib\libHALD.a(WatchDogTimerNoOS.o)
                0x20011494                WDT_start
 .text.RTT_start
                0x200114dc       0x24 C:/ISIS/workspace/ycube/GlobusSatProject/..//hal/hal/lib\libHALD.a(RTT.o)
                0x200114dc                RTT_start
 .text.RTT_GetTime
                0x20011500       0x24 C:/ISIS/workspace/ycube/GlobusSatProject/..//hal/hal/lib\libHALD.a(RTT.o)
                0x20011500                RTT_GetTime
 .text.RTC_start
                0x20011524       0x3c C:/ISIS/workspace/ycube/GlobusSatProject/..//hal/hal/lib\libHALD.a(RTC.o)
                0x20011524                RTC_start
 .text.RTC_setTime
                0x20011560      0x2a4 C:/ISIS/workspace/ycube/GlobusSatProject/..//hal/hal/lib\libHALD.a(RTC.o)
                0x20011560                RTC_setTime
 .text.RTC_getTime
                0x20011804      0x230 C:/ISIS/workspace/ycube/GlobusSatProject/..//hal/hal/lib\libHALD.a(RTC.o)
                0x20011804                RTC_getTime
 .text.RTC_checkTimeValid
                0x20011a34       0xd8 C:/ISIS/workspace/ycube/GlobusSatProject/..//hal/hal/lib\libHALD.a(RTC.o)
                0x20011a34                RTC_checkTimeValid
 .text.WDT_startWatchdogKickTask
                0x20011b0c       0xb4 C:/ISIS/workspace/ycube/GlobusSatProject/..//hal/hal/lib\libHALD.a(WatchDogTimerOS.o)
                0x20011b0c                WDT_startWatchdogKickTask
 .text.WDT_forceKickEveryNms
                0x20011bc0       0x50 C:/ISIS/workspace/ycube/GlobusSatProject/..//hal/hal/lib\libHALD.a(WatchDogTimerOS.o)
                0x20011bc0                WDT_forceKickEveryNms
 .text.f_puts   0x20011c10       0x80 C:/ISIS/workspace/ycube/GlobusSatProject/..//hal/hal/lib\libHALD.a(fprintf.o)
                0x20011c10                f_puts
 .text.UTIL_DbguGetInteger
                0x20011c90      0x168 C:/ISIS/workspace/ycube/GlobusSatProject/..//hal/hal/lib\libHALD.a(util.o)
                0x20011c90                UTIL_DbguGetInteger
 .text.UTIL_DbguGetIntegerMinMax
                0x20011df8       0xa4 C:/ISIS/workspace/ycube/GlobusSatProject/..//hal/hal/lib\libHALD.a(util.o)
                0x20011df8                UTIL_DbguGetIntegerMinMax
 .text.LED_glow
                0x20011e9c       0x58 C:/ISIS/workspace/ycube/GlobusSatProject/..//hal/hal/lib\libHALD.a(LED.o)
                0x20011e9c                LED_glow
 .text.LED_dark
                0x20011ef4       0x58 C:/ISIS/workspace/ycube/GlobusSatProject/..//hal/hal/lib\libHALD.a(LED.o)
                0x20011ef4                LED_dark
 .text.LED_toggle
                0x20011f4c       0x50 C:/ISIS/workspace/ycube/GlobusSatProject/..//hal/hal/lib\libHALD.a(LED.o)
                0x20011f4c                LED_toggle
 .text.fm_initvolume
                0x20011f9c       0x70 C:/ISIS/workspace/ycube/GlobusSatProject/..//hal/hcc/lib\libHCCD.a(fat_m.o)
                0x20011f9c                fm_initvolume
 .text.fm_delvolume
                0x2001200c       0x60 C:/ISIS/workspace/ycube/GlobusSatProject/..//hal/hcc/lib\libHCCD.a(fat_m.o)
                0x2001200c                fm_delvolume
 .text.fm_getdrive
                0x2001206c       0x70 C:/ISIS/workspace/ycube/GlobusSatProject/..//hal/hcc/lib\libHCCD.a(fat_m.o)
                0x2001206c                fm_getdrive
 .text.fm_getfreespace
                0x200120dc       0x68 C:/ISIS/workspace/ycube/GlobusSatProject/..//hal/hcc/lib\libHCCD.a(fat_m.o)
                0x200120dc                fm_getfreespace
 .text.fm_mkdir
                0x20012144       0x60 C:/ISIS/workspace/ycube/GlobusSatProject/..//hal/hcc/lib\libHCCD.a(fat_m.o)
                0x20012144                fm_mkdir
 .text.fm_rmdir
                0x200121a4       0x60 C:/ISIS/workspace/ycube/GlobusSatProject/..//hal/hcc/lib\libHCCD.a(fat_m.o)
                0x200121a4                fm_rmdir
 .text.fm_findfirst
                0x20012204       0x68 C:/ISIS/workspace/ycube/GlobusSatProject/..//hal/hcc/lib\libHCCD.a(fat_m.o)
                0x20012204                fm_findfirst
 .text.fm_findnext
                0x2001226c       0x60 C:/ISIS/workspace/ycube/GlobusSatProject/..//hal/hcc/lib\libHCCD.a(fat_m.o)
                0x2001226c                fm_findnext
 .text.fm_close
                0x200122cc       0x60 C:/ISIS/workspace/ycube/GlobusSatProject/..//hal/hcc/lib\libHCCD.a(fat_m.o)
                0x200122cc                fm_close
 .text.fm_flush
                0x2001232c       0x60 C:/ISIS/workspace/ycube/GlobusSatProject/..//hal/hcc/lib\libHCCD.a(fat_m.o)
                0x2001232c                fm_flush
 .text.fm_open  0x2001238c       0x68 C:/ISIS/workspace/ycube/GlobusSatProject/..//hal/hcc/lib\libHCCD.a(fat_m.o)
                0x2001238c                fm_open
 .text.fm_read  0x200123f4       0x7c C:/ISIS/workspace/ycube/GlobusSatProject/..//hal/hcc/lib\libHCCD.a(fat_m.o)
                0x200123f4                fm_read
 .text.fm_write
                0x20012470       0x7c C:/ISIS/workspace/ycube/GlobusSatProject/..//hal/hcc/lib\libHCCD.a(fat_m.o)
                0x20012470                fm_write
 .text.fm_seek  0x200124ec       0x70 C:/ISIS/workspace/ycube/GlobusSatProject/..//hal/hcc/lib\libHCCD.a(fat_m.o)
                0x200124ec                fm_seek
 .text.fm_tell  0x2001255c       0x60 C:/ISIS/workspace/ycube/GlobusSatProject/..//hal/hcc/lib\libHCCD.a(fat_m.o)
                0x2001255c                fm_tell
 .text.fm_putc  0x200125bc       0x68 C:/ISIS/workspace/ycube/GlobusSatProject/..//hal/hcc/lib\libHCCD.a(fat_m.o)
                0x200125bc                fm_putc
 .text.fm_rewind
                0x20012624       0x60 C:/ISIS/workspace/ycube/GlobusSatProject/..//hal/hcc/lib\libHCCD.a(fat_m.o)
                0x20012624                fm_rewind
 .text.fm_delete
                0x20012684       0x64 C:/ISIS/workspace/ycube/GlobusSatProject/..//hal/hcc/lib\libHCCD.a(fat_m.o)
                0x20012684                fm_delete
 .text.fm_getlasterror
                0x200126e8       0x40 C:/ISIS/workspace/ycube/GlobusSatProject/..//hal/hcc/lib\libHCCD.a(fat_m.o)
                0x200126e8                fm_getlasterror
 .text._f_invalidatedir
                0x20012728       0x28 C:/ISIS/workspace/ycube/GlobusSatProject/..//hal/hcc/lib\libHCCD.a(fat.o)
                0x20012728                _f_invalidatedir
 .text._f_getdirsector
                0x20012750       0x88 C:/ISIS/workspace/ycube/GlobusSatProject/..//hal/hcc/lib\libHCCD.a(fat.o)
                0x20012750                _f_getdirsector
 .text._f_writedirsector
                0x200127d8       0x74 C:/ISIS/workspace/ycube/GlobusSatProject/..//hal/hcc/lib\libHCCD.a(fat.o)
                0x200127d8                _f_writedirsector
 .text._f_checknameinv
                0x2001284c      0x180 C:/ISIS/workspace/ycube/GlobusSatProject/..//hal/hcc/lib\libHCCD.a(fat.o)
 .text._f_checkname
                0x200129cc       0x7c C:/ISIS/workspace/ycube/GlobusSatProject/..//hal/hcc/lib\libHCCD.a(fat.o)
 .text._f_checknamewc
                0x20012a48       0xf8 C:/ISIS/workspace/ycube/GlobusSatProject/..//hal/hcc/lib\libHCCD.a(fat.o)
 .text._f_setnameext
                0x20012b40      0x300 C:/ISIS/workspace/ycube/GlobusSatProject/..//hal/hcc/lib\libHCCD.a(fat.o)
 .text._f_setfsname
                0x20012e40      0x584 C:/ISIS/workspace/ycube/GlobusSatProject/..//hal/hcc/lib\libHCCD.a(fat.o)
 .text._f_findfile
                0x200133c4      0x30c C:/ISIS/workspace/ycube/GlobusSatProject/..//hal/hcc/lib\libHCCD.a(fat.o)
 .text._f_cmp_wname
                0x200136d0      0x274 C:/ISIS/workspace/ycube/GlobusSatProject/..//hal/hcc/lib\libHCCD.a(fat.o)
 .text._f_to_string
                0x20013944      0x130 C:/ISIS/workspace/ycube/GlobusSatProject/..//hal/hcc/lib\libHCCD.a(fat.o)
 .text._f_findfilewc
                0x20013a74      0x278 C:/ISIS/workspace/ycube/GlobusSatProject/..//hal/hcc/lib\libHCCD.a(fat.o)
 .text._f_getfilename
                0x20013cec      0x20c C:/ISIS/workspace/ycube/GlobusSatProject/..//hal/hcc/lib\libHCCD.a(fat.o)
 .text._f_findpath
                0x20013ef8      0x35c C:/ISIS/workspace/ycube/GlobusSatProject/..//hal/hcc/lib\libHCCD.a(fat.o)
 .text.fn_getdcwd
                0x20014254      0x1e0 C:/ISIS/workspace/ycube/GlobusSatProject/..//hal/hcc/lib\libHCCD.a(fat.o)
                0x20014254                fn_getdcwd
 .text.fn_findfirst
                0x20014434      0x13c C:/ISIS/workspace/ycube/GlobusSatProject/..//hal/hcc/lib\libHCCD.a(fat.o)
                0x20014434                fn_findfirst
 .text.fn_findnext
                0x20014570      0x360 C:/ISIS/workspace/ycube/GlobusSatProject/..//hal/hcc/lib\libHCCD.a(fat.o)
                0x20014570                fn_findnext
 .text._f_lock_resfile
                0x200148d0       0x6c C:/ISIS/workspace/ycube/GlobusSatProject/..//hal/hcc/lib\libHCCD.a(fat.o)
 .text._f_unlock_resfile
                0x2001493c       0x40 C:/ISIS/workspace/ycube/GlobusSatProject/..//hal/hcc/lib\libHCCD.a(fat.o)
 .text._f_getintfile
                0x2001497c      0x124 C:/ISIS/workspace/ycube/GlobusSatProject/..//hal/hcc/lib\libHCCD.a(fat.o)
 .text._f_addentry
                0x20014aa0      0x540 C:/ISIS/workspace/ycube/GlobusSatProject/..//hal/hcc/lib\libHCCD.a(fat.o)
 .text.fn_mkdir
                0x20014fe0      0x75c C:/ISIS/workspace/ycube/GlobusSatProject/..//hal/hcc/lib\libHCCD.a(fat.o)
                0x20014fe0                fn_mkdir
 .text.fn_open_sub
                0x2001573c     0x1698 C:/ISIS/workspace/ycube/GlobusSatProject/..//hal/hcc/lib\libHCCD.a(fat.o)
 .text.fn_open  0x20016dd4       0x44 C:/ISIS/workspace/ycube/GlobusSatProject/..//hal/hcc/lib\libHCCD.a(fat.o)
                0x20016dd4                fn_open
 .text.fn_delete
                0x20016e18      0x490 C:/ISIS/workspace/ycube/GlobusSatProject/..//hal/hcc/lib\libHCCD.a(fat.o)
                0x20016e18                fn_delete
 .text.fn_rmdir
                0x200172a8      0x5ac C:/ISIS/workspace/ycube/GlobusSatProject/..//hal/hcc/lib\libHCCD.a(fat.o)
                0x200172a8                fn_rmdir
 .text.fn_init  0x20017854      0x2dc C:/ISIS/workspace/ycube/GlobusSatProject/..//hal/hcc/lib\libHCCD.a(fat_common.o)
                0x20017854                fn_init
 .text.fn_start
                0x20017b30       0x1c C:/ISIS/workspace/ycube/GlobusSatProject/..//hal/hcc/lib\libHCCD.a(fat_common.o)
                0x20017b30                fn_start
 .text.fsn_delete
                0x20017b4c       0xc8 C:/ISIS/workspace/ycube/GlobusSatProject/..//hal/hcc/lib\libHCCD.a(fat_common.o)
                0x20017b4c                fsn_delete
 .text._f_get16bitl
                0x20017c14       0x4c C:/ISIS/workspace/ycube/GlobusSatProject/..//hal/hcc/lib\libHCCD.a(fat_common.o)
                0x20017c14                _f_get16bitl
 .text._f_set16bitl
                0x20017c60       0x54 C:/ISIS/workspace/ycube/GlobusSatProject/..//hal/hcc/lib\libHCCD.a(fat_common.o)
                0x20017c60                _f_set16bitl
 .text._f_get32bitl
                0x20017cb4       0x68 C:/ISIS/workspace/ycube/GlobusSatProject/..//hal/hcc/lib\libHCCD.a(fat_common.o)
                0x20017cb4                _f_get32bitl
 .text._f_set32bitl
                0x20017d1c       0x78 C:/ISIS/workspace/ycube/GlobusSatProject/..//hal/hcc/lib\libHCCD.a(fat_common.o)
                0x20017d1c                _f_set32bitl
 .text._get8bit
                0x20017d94       0xa0 C:/ISIS/workspace/ycube/GlobusSatProject/..//hal/hcc/lib\libHCCD.a(fat_common.o)
 .text._get16bitl
                0x20017e34       0x40 C:/ISIS/workspace/ycube/GlobusSatProject/..//hal/hcc/lib\libHCCD.a(fat_common.o)
 .text._get32bitl
                0x20017e74       0x3c C:/ISIS/workspace/ycube/GlobusSatProject/..//hal/hcc/lib\libHCCD.a(fat_common.o)
 .text._f_setcardremoved
                0x20017eb0       0x94 C:/ISIS/workspace/ycube/GlobusSatProject/..//hal/hcc/lib\libHCCD.a(fat_common.o)
 .text._f_checkstatus
                0x20017f44      0x104 C:/ISIS/workspace/ycube/GlobusSatProject/..//hal/hcc/lib\libHCCD.a(fat_common.o)
                0x20017f44                _f_checkstatus
 .text._f_drvgetphy
                0x20018048      0x114 C:/ISIS/workspace/ycube/GlobusSatProject/..//hal/hcc/lib\libHCCD.a(fat_common.o)
 .text._f_drvwritesector
                0x2001815c       0xdc C:/ISIS/workspace/ycube/GlobusSatProject/..//hal/hcc/lib\libHCCD.a(fat_common.o)
 .text._f_drvreadsector
                0x20018238       0xa8 C:/ISIS/workspace/ycube/GlobusSatProject/..//hal/hcc/lib\libHCCD.a(fat_common.o)
 .text._f_writesector
                0x200182e0      0x23c C:/ISIS/workspace/ycube/GlobusSatProject/..//hal/hcc/lib\libHCCD.a(fat_common.o)
                0x200182e0                _f_writesector
 .text._f_readsector
                0x2001851c      0x1dc C:/ISIS/workspace/ycube/GlobusSatProject/..//hal/hcc/lib\libHCCD.a(fat_common.o)
                0x2001851c                _f_readsector
 .text._f_getmaxcluster
                0x200186f8       0x94 C:/ISIS/workspace/ycube/GlobusSatProject/..//hal/hcc/lib\libHCCD.a(fat_common.o)
                0x200186f8                _f_getmaxcluster
 .text._getsectorfromcluster
                0x2001878c       0x68 C:/ISIS/workspace/ycube/GlobusSatProject/..//hal/hcc/lib\libHCCD.a(fat_common.o)
 .text._f_buildsectors
                0x200187f4      0x268 C:/ISIS/workspace/ycube/GlobusSatProject/..//hal/hcc/lib\libHCCD.a(fat_common.o)
 .text._f_getbootrecord
                0x20018a5c      0x5e4 C:/ISIS/workspace/ycube/GlobusSatProject/..//hal/hcc/lib\libHCCD.a(fat_common.o)
 .text._f_readbootrecord
                0x20019040      0x4f8 C:/ISIS/workspace/ycube/GlobusSatProject/..//hal/hcc/lib\libHCCD.a(fat_common.o)
 .text._f_flushcffiles
                0x20019538      0x17c C:/ISIS/workspace/ycube/GlobusSatProject/..//hal/hcc/lib\libHCCD.a(fat_common.o)
                0x20019538                _f_flushcffiles
 .text._f_fatcache_flush
                0x200196b4      0x270 C:/ISIS/workspace/ycube/GlobusSatProject/..//hal/hcc/lib\libHCCD.a(fat_common.o)
                0x200196b4                _f_fatcache_flush
 .text._f_writefatsector
                0x20019924      0x100 C:/ISIS/workspace/ycube/GlobusSatProject/..//hal/hcc/lib\libHCCD.a(fat_common.o)
                0x20019924                _f_writefatsector
 .text._f_getfatsector
                0x20019a24      0x3bc C:/ISIS/workspace/ycube/GlobusSatProject/..//hal/hcc/lib\libHCCD.a(fat_common.o)
 .text._f_setclustervalue
                0x20019de0      0x490 C:/ISIS/workspace/ycube/GlobusSatProject/..//hal/hcc/lib\libHCCD.a(fat_common.o)
                0x20019de0                _f_setclustervalue
 .text._f_getclustervalue
                0x2001a270      0x388 C:/ISIS/workspace/ycube/GlobusSatProject/..//hal/hcc/lib\libHCCD.a(fat_common.o)
                0x2001a270                _f_getclustervalue
 .text._f_close_drive_files
                0x2001a5f8       0xac C:/ISIS/workspace/ycube/GlobusSatProject/..//hal/hcc/lib\libHCCD.a(fat_common.o)
 .text._f_inc_mount_count
                0x2001a6a4       0xa4 C:/ISIS/workspace/ycube/GlobusSatProject/..//hal/hcc/lib\libHCCD.a(fat_common.o)
 .text._f_getvolume
                0x2001a748      0x2f8 C:/ISIS/workspace/ycube/GlobusSatProject/..//hal/hcc/lib\libHCCD.a(fat_common.o)
                0x2001a748                _f_getvolume
 .text.fn_createdriver
                0x2001aa40      0x118 C:/ISIS/workspace/ycube/GlobusSatProject/..//hal/hcc/lib\libHCCD.a(fat_common.o)
                0x2001aa40                fn_createdriver
 .text.fn_initvolume
                0x2001ab58      0x12c C:/ISIS/workspace/ycube/GlobusSatProject/..//hal/hcc/lib\libHCCD.a(fat_common.o)
                0x2001ab58                fn_initvolume
 .text.fn_releasedriver
                0x2001ac84       0xf4 C:/ISIS/workspace/ycube/GlobusSatProject/..//hal/hcc/lib\libHCCD.a(fat_common.o)
                0x2001ac84                fn_releasedriver
 .text.fn_initvolumepartition_sub
                0x2001ad78       0xe0 C:/ISIS/workspace/ycube/GlobusSatProject/..//hal/hcc/lib\libHCCD.a(fat_common.o)
 .text.fn_initvolumepartition
                0x2001ae58       0xac C:/ISIS/workspace/ycube/GlobusSatProject/..//hal/hcc/lib\libHCCD.a(fat_common.o)
                0x2001ae58                fn_initvolumepartition
 .text.fn_delvolume
                0x2001af04      0x194 C:/ISIS/workspace/ycube/GlobusSatProject/..//hal/hcc/lib\libHCCD.a(fat_common.o)
                0x2001af04                fn_delvolume
 .text._f_clustertopos
                0x2001b098       0xf8 C:/ISIS/workspace/ycube/GlobusSatProject/..//hal/hcc/lib\libHCCD.a(fat_common.o)
                0x2001b098                _f_clustertopos
 .text._f_getcurrsector
                0x2001b190      0x6c8 C:/ISIS/workspace/ycube/GlobusSatProject/..//hal/hcc/lib\libHCCD.a(fat_common.o)
                0x2001b190                _f_getcurrsector
 .text._f_getdecluster
                0x2001b858       0x90 C:/ISIS/workspace/ycube/GlobusSatProject/..//hal/hcc/lib\libHCCD.a(fat_common.o)
                0x2001b858                _f_getdecluster
 .text._f_setdecluster
                0x2001b8e8       0x8c C:/ISIS/workspace/ycube/GlobusSatProject/..//hal/hcc/lib\libHCCD.a(fat_common.o)
                0x2001b8e8                _f_setdecluster
 .text.fn_getdrive
                0x2001b974       0x30 C:/ISIS/workspace/ycube/GlobusSatProject/..//hal/hcc/lib\libHCCD.a(fat_common.o)
                0x2001b974                fn_getdrive
 .text._f_getcurrenttimedate
                0x2001b9a4      0x138 C:/ISIS/workspace/ycube/GlobusSatProject/..//hal/hcc/lib\libHCCD.a(fat_common.o)
                0x2001b9a4                _f_getcurrenttimedate
 .text._f_initentry
                0x2001badc       0xa0 C:/ISIS/workspace/ycube/GlobusSatProject/..//hal/hcc/lib\libHCCD.a(fat_common.o)
                0x2001badc                _f_initentry
 .text._f_alloccluster
                0x2001bb7c      0x344 C:/ISIS/workspace/ycube/GlobusSatProject/..//hal/hcc/lib\libHCCD.a(fat_common.o)
                0x2001bb7c                _f_alloccluster
 .text._f_dobadblock
                0x2001bec0      0x2cc C:/ISIS/workspace/ycube/GlobusSatProject/..//hal/hcc/lib\libHCCD.a(fat_common.o)
                0x2001bec0                _f_dobadblock
 .text._f_checklocked
                0x2001c18c       0xe4 C:/ISIS/workspace/ycube/GlobusSatProject/..//hal/hcc/lib\libHCCD.a(fat_common.o)
                0x2001c18c                _f_checklocked
 .text._f_checkappendlocked
                0x2001c270      0x110 C:/ISIS/workspace/ycube/GlobusSatProject/..//hal/hcc/lib\libHCCD.a(fat_common.o)
                0x2001c270                _f_checkappendlocked
 .text._f_setsyncafile
                0x2001c380      0x114 C:/ISIS/workspace/ycube/GlobusSatProject/..//hal/hcc/lib\libHCCD.a(fat_common.o)
                0x2001c380                _f_setsyncafile
 .text._f_syncfiles
                0x2001c494      0x128 C:/ISIS/workspace/ycube/GlobusSatProject/..//hal/hcc/lib\libHCCD.a(fat_common.o)
                0x2001c494                _f_syncfiles
 .text._f_syncfilescontent
                0x2001c5bc      0x15c C:/ISIS/workspace/ycube/GlobusSatProject/..//hal/hcc/lib\libHCCD.a(fat_common.o)
 .text.fn_getfreespace
                0x2001c718      0x4c0 C:/ISIS/workspace/ycube/GlobusSatProject/..//hal/hcc/lib\libHCCD.a(fat_common.o)
                0x2001c718                fn_getfreespace
 .text._f_emptywritecache
                0x2001cbd8      0x4a4 C:/ISIS/workspace/ycube/GlobusSatProject/..//hal/hcc/lib\libHCCD.a(fat_common.o)
 .text._f_allocnextcluster
                0x2001d07c      0x54c C:/ISIS/workspace/ycube/GlobusSatProject/..//hal/hcc/lib\libHCCD.a(fat_common.o)
 .text._f_emptywritebuffer
                0x2001d5c8      0x20c C:/ISIS/workspace/ycube/GlobusSatProject/..//hal/hcc/lib\libHCCD.a(fat_common.o)
 .text._f_writezeros
                0x2001d7d4       0xf0 C:/ISIS/workspace/ycube/GlobusSatProject/..//hal/hcc/lib\libHCCD.a(fat_common.o)
                0x2001d7d4                _f_writezeros
 .text._f_extend_file
                0x2001d8c4      0x570 C:/ISIS/workspace/ycube/GlobusSatProject/..//hal/hcc/lib\libHCCD.a(fat_common.o)
 .text._f_fseek
                0x2001de34      0x9bc C:/ISIS/workspace/ycube/GlobusSatProject/..//hal/hcc/lib\libHCCD.a(fat_common.o)
                0x2001de34                _f_fseek
 .text._f_removechain
                0x2001e7f0      0x104 C:/ISIS/workspace/ycube/GlobusSatProject/..//hal/hcc/lib\libHCCD.a(fat_common.o)
                0x2001e7f0                _f_removechain
 .text._f_updatefileentry
                0x2001e8f4      0x1cc C:/ISIS/workspace/ycube/GlobusSatProject/..//hal/hcc/lib\libHCCD.a(fat_common.o)
 .text._f_checkreadlocked
                0x2001eac0      0x1bc C:/ISIS/workspace/ycube/GlobusSatProject/..//hal/hcc/lib\libHCCD.a(fat_common.o)
                0x2001eac0                _f_checkreadlocked
 .text._f_check_handle
                0x2001ec7c       0x98 C:/ISIS/workspace/ycube/GlobusSatProject/..//hal/hcc/lib\libHCCD.a(fat_common.o)
                0x2001ec7c                _f_check_handle
 .text._f_removesyncafile
                0x2001ed14      0x1ec C:/ISIS/workspace/ycube/GlobusSatProject/..//hal/hcc/lib\libHCCD.a(fat_common.o)
 .text.fn_close
                0x2001ef00      0x3f8 C:/ISIS/workspace/ycube/GlobusSatProject/..//hal/hcc/lib\libHCCD.a(fat_common.o)
                0x2001ef00                fn_close
 .text.fn_flush
                0x2001f2f8      0x374 C:/ISIS/workspace/ycube/GlobusSatProject/..//hal/hcc/lib\libHCCD.a(fat_common.o)
                0x2001f2f8                fn_flush
 .text.fn_read  0x2001f66c      0x690 C:/ISIS/workspace/ycube/GlobusSatProject/..//hal/hcc/lib\libHCCD.a(fat_common.o)
                0x2001f66c                fn_read
 .text._f_abortwrite
                0x2001fcfc      0x100 C:/ISIS/workspace/ycube/GlobusSatProject/..//hal/hcc/lib\libHCCD.a(fat_common.o)
 .text._f_checkwritecluster
                0x2001fdfc       0xe4 C:/ISIS/workspace/ycube/GlobusSatProject/..//hal/hcc/lib\libHCCD.a(fat_common.o)
 .text.fn_write
                0x2001fee0      0x8a8 C:/ISIS/workspace/ycube/GlobusSatProject/..//hal/hcc/lib\libHCCD.a(fat_common.o)
                0x2001fee0                fn_write
 .text.fn_seek  0x20020788      0x270 C:/ISIS/workspace/ycube/GlobusSatProject/..//hal/hcc/lib\libHCCD.a(fat_common.o)
                0x20020788                fn_seek
 .text.fn_tell  0x200209f8      0x19c C:/ISIS/workspace/ycube/GlobusSatProject/..//hal/hcc/lib\libHCCD.a(fat_common.o)
                0x200209f8                fn_tell
 .text.fn_rewind
                0x20020b94       0x38 C:/ISIS/workspace/ycube/GlobusSatProject/..//hal/hcc/lib\libHCCD.a(fat_common.o)
                0x20020b94                fn_rewind
 .text.fn_putc  0x20020bcc       0x68 C:/ISIS/workspace/ycube/GlobusSatProject/..//hal/hcc/lib\libHCCD.a(fat_common.o)
                0x20020bcc                fn_putc
 .text.f_enterFS
                0x20020c34      0x1c0 C:/ISIS/workspace/ycube/GlobusSatProject/..//hal/hcc/lib\libHCCD.a(fat_common.o)
                0x20020c34                f_enterFS
 .text.f_releaseFS
                0x20020df4       0xb0 C:/ISIS/workspace/ycube/GlobusSatProject/..//hal/hcc/lib\libHCCD.a(fat_common.o)
                0x20020df4                f_releaseFS
 .text.fnGetTask
                0x20020ea4       0xfc C:/ISIS/workspace/ycube/GlobusSatProject/..//hal/hcc/lib\libHCCD.a(fat_common.o)
                0x20020ea4                fnGetTask
 .text._f_mutex_get
                0x20020fa0       0x98 C:/ISIS/workspace/ycube/GlobusSatProject/..//hal/hcc/lib\libHCCD.a(fat_common.o)
                0x20020fa0                _f_mutex_get
 .text._f_mutex_put
                0x20021038       0x54 C:/ISIS/workspace/ycube/GlobusSatProject/..//hal/hcc/lib\libHCCD.a(fat_common.o)
                0x20021038                _f_mutex_put
 .text._fn_initseekdivisor
                0x2002108c      0x158 C:/ISIS/workspace/ycube/GlobusSatProject/..//hal/hcc/lib\libHCCD.a(fat_common.o)
                0x2002108c                _fn_initseekdivisor
 .text._fn_updateseekpos
                0x200211e4       0xc4 C:/ISIS/workspace/ycube/GlobusSatProject/..//hal/hcc/lib\libHCCD.a(fat_common.o)
 .text._f_findopensize
                0x200212a8       0x2c C:/ISIS/workspace/ycube/GlobusSatProject/..//hal/hcc/lib\libHCCD.a(fat_common.o)
                0x200212a8                _f_findopensize
 .text.fn_setlasterror
                0x200212d4       0x34 C:/ISIS/workspace/ycube/GlobusSatProject/..//hal/hcc/lib\libHCCD.a(fat_common.o)
                0x200212d4                fn_setlasterror
 .text.fn_setlasterror_noret
                0x20021308       0x2c C:/ISIS/workspace/ycube/GlobusSatProject/..//hal/hcc/lib\libHCCD.a(fat_common.o)
                0x20021308                fn_setlasterror_noret
 .text._s_checkzeroclusteratend
                0x20021334       0xf8 C:/ISIS/workspace/ycube/GlobusSatProject/..//hal/hcc/lib\libHCCD.a(safefat.o)
 .text._s_clearclustercontent
                0x2002142c      0x108 C:/ISIS/workspace/ycube/GlobusSatProject/..//hal/hcc/lib\libHCCD.a(safefat.o)
 .text._s_clearclustercontentdir
                0x20021534      0x19c C:/ISIS/workspace/ycube/GlobusSatProject/..//hal/hcc/lib\libHCCD.a(safefat.o)
 .text._s_writedirsector
                0x200216d0       0xd0 C:/ISIS/workspace/ycube/GlobusSatProject/..//hal/hcc/lib\libHCCD.a(safefat.o)
 .text._s_getdirsector
                0x200217a0      0x100 C:/ISIS/workspace/ycube/GlobusSatProject/..//hal/hcc/lib\libHCCD.a(safefat.o)
 .text._s_addentry
                0x200218a0      0x394 C:/ISIS/workspace/ycube/GlobusSatProject/..//hal/hcc/lib\libHCCD.a(safefat.o)
 .text._s_findfile
                0x20021c34      0x33c C:/ISIS/workspace/ycube/GlobusSatProject/..//hal/hcc/lib\libHCCD.a(safefat.o)
 .text._s_findsubdir
                0x20021f70      0x248 C:/ISIS/workspace/ycube/GlobusSatProject/..//hal/hcc/lib\libHCCD.a(safefat.o)
 .text._s_createfile
                0x200221b8      0x190 C:/ISIS/workspace/ycube/GlobusSatProject/..//hal/hcc/lib\libHCCD.a(safefat.o)
 .text._s_findsaffile
                0x20022348      0x1b8 C:/ISIS/workspace/ycube/GlobusSatProject/..//hal/hcc/lib\libHCCD.a(safefat.o)
 .text._s_open  0x20022500       0xe4 C:/ISIS/workspace/ycube/GlobusSatProject/..//hal/hcc/lib\libHCCD.a(safefat.o)
 .text._s_open_saf
                0x200225e4       0xe8 C:/ISIS/workspace/ycube/GlobusSatProject/..//hal/hcc/lib\libHCCD.a(safefat.o)
 .text._s_flush
                0x200226cc       0x84 C:/ISIS/workspace/ycube/GlobusSatProject/..//hal/hcc/lib\libHCCD.a(safefat.o)
 .text._s_allocnextcluster
                0x20022750      0x13c C:/ISIS/workspace/ycube/GlobusSatProject/..//hal/hcc/lib\libHCCD.a(safefat.o)
 .text._s_getnextsector
                0x2002288c       0xdc C:/ISIS/workspace/ycube/GlobusSatProject/..//hal/hcc/lib\libHCCD.a(safefat.o)
 .text._s_seek  0x20022968      0x1e8 C:/ISIS/workspace/ycube/GlobusSatProject/..//hal/hcc/lib\libHCCD.a(safefat.o)
 .text._s_get_len
                0x20022b50      0x10c C:/ISIS/workspace/ycube/GlobusSatProject/..//hal/hcc/lib\libHCCD.a(safefat.o)
 .text._s_set_len
                0x20022c5c       0xb4 C:/ISIS/workspace/ycube/GlobusSatProject/..//hal/hcc/lib\libHCCD.a(safefat.o)
 .text.safe_fix_filelengths
                0x20022d10       0xcc C:/ISIS/workspace/ycube/GlobusSatProject/..//hal/hcc/lib\libHCCD.a(safefat.o)
                0x20022d10                safe_fix_filelengths
 .text._s_read  0x20022ddc      0x228 C:/ISIS/workspace/ycube/GlobusSatProject/..//hal/hcc/lib\libHCCD.a(safefat.o)
 .text._s_write
                0x20023004      0x384 C:/ISIS/workspace/ycube/GlobusSatProject/..//hal/hcc/lib\libHCCD.a(safefat.o)
 .text._s_restoreclusters
                0x20023388      0x270 C:/ISIS/workspace/ycube/GlobusSatProject/..//hal/hcc/lib\libHCCD.a(safefat.o)
                0x20023388                _s_restoreclusters
 .text._s_findrestore
                0x200235f8      0x18c C:/ISIS/workspace/ycube/GlobusSatProject/..//hal/hcc/lib\libHCCD.a(safefat.o)
 .text._s_cmd_writede
                0x20023784       0xd8 C:/ISIS/workspace/ycube/GlobusSatProject/..//hal/hcc/lib\libHCCD.a(safefat.o)
 .text._s_cmd_setcluster
                0x2002385c       0x88 C:/ISIS/workspace/ycube/GlobusSatProject/..//hal/hcc/lib\libHCCD.a(safefat.o)
 .text._s_cmd_deletechain
                0x200238e4      0x100 C:/ISIS/workspace/ycube/GlobusSatProject/..//hal/hcc/lib\libHCCD.a(safefat.o)
 .text._s_cmd_validatecfn
                0x200239e4      0x308 C:/ISIS/workspace/ycube/GlobusSatProject/..//hal/hcc/lib\libHCCD.a(safefat.o)
 .text._s_cmd_seteof
                0x20023cec      0x3c4 C:/ISIS/workspace/ycube/GlobusSatProject/..//hal/hcc/lib\libHCCD.a(safefat.o)
 .text.safe_docommands
                0x200240b0      0x56c C:/ISIS/workspace/ycube/GlobusSatProject/..//hal/hcc/lib\libHCCD.a(safefat.o)
                0x200240b0                safe_docommands
 .text.safe_entercommand
                0x2002461c       0x68 C:/ISIS/workspace/ycube/GlobusSatProject/..//hal/hcc/lib\libHCCD.a(safefat.o)
                0x2002461c                safe_entercommand
 .text.safe_ready
                0x20024684       0xf4 C:/ISIS/workspace/ycube/GlobusSatProject/..//hal/hcc/lib\libHCCD.a(safefat.o)
                0x20024684                safe_ready
 .text.safe_copycfn
                0x20024778       0xb8 C:/ISIS/workspace/ycube/GlobusSatProject/..//hal/hcc/lib\libHCCD.a(safefat.o)
                0x20024778                safe_copycfn
 .text.safe_cfremove
                0x20024830       0xb8 C:/ISIS/workspace/ycube/GlobusSatProject/..//hal/hcc/lib\libHCCD.a(safefat.o)
                0x20024830                safe_cfremove
 .text.safe_writede
                0x200248e8      0x104 C:/ISIS/workspace/ycube/GlobusSatProject/..//hal/hcc/lib\libHCCD.a(safefat.o)
                0x200248e8                safe_writede
 .text.safe_setcluster
                0x200249ec       0xcc C:/ISIS/workspace/ycube/GlobusSatProject/..//hal/hcc/lib\libHCCD.a(safefat.o)
                0x200249ec                safe_setcluster
 .text.safe_deletechain
                0x20024ab8      0x1c8 C:/ISIS/workspace/ycube/GlobusSatProject/..//hal/hcc/lib\libHCCD.a(safefat.o)
                0x20024ab8                safe_deletechain
 .text.safe_cfclose
                0x20024c80      0x104 C:/ISIS/workspace/ycube/GlobusSatProject/..//hal/hcc/lib\libHCCD.a(safefat.o)
                0x20024c80                safe_cfclose
 .text.safe_cfflush
                0x20024d84      0x124 C:/ISIS/workspace/ycube/GlobusSatProject/..//hal/hcc/lib\libHCCD.a(safefat.o)
                0x20024d84                safe_cfflush
 .text.safe_reset
                0x20024ea8       0x78 C:/ISIS/workspace/ycube/GlobusSatProject/..//hal/hcc/lib\libHCCD.a(safefat.o)
                0x20024ea8                safe_reset
 .text.safe_loadcommands
                0x20024f20       0x78 C:/ISIS/workspace/ycube/GlobusSatProject/..//hal/hcc/lib\libHCCD.a(safefat.o)
                0x20024f20                safe_loadcommands
 .text.safe_poweron
                0x20024f98      0x1fc C:/ISIS/workspace/ycube/GlobusSatProject/..//hal/hcc/lib\libHCCD.a(safefat.o)
                0x20024f98                safe_poweron
 .text.cf_getname
                0x20025194       0xc0 C:/ISIS/workspace/ycube/GlobusSatProject/..//hal/hcc/lib\libHCCD.a(safefat.o)
 .text.cf_copyclusterchain
                0x20025254      0x138 C:/ISIS/workspace/ycube/GlobusSatProject/..//hal/hcc/lib\libHCCD.a(safefat.o)
 .text.cf_seektozero
                0x2002538c       0x94 C:/ISIS/workspace/ycube/GlobusSatProject/..//hal/hcc/lib\libHCCD.a(safefat.o)
                0x2002538c                cf_seektozero
 .text.cf_create
                0x20025420      0x3a8 C:/ISIS/workspace/ycube/GlobusSatProject/..//hal/hcc/lib\libHCCD.a(safefat.o)
                0x20025420                cf_create
 .text.cf_copyclustercontent
                0x200257c8      0x128 C:/ISIS/workspace/ycube/GlobusSatProject/..//hal/hcc/lib\libHCCD.a(safefat.o)
                0x200257c8                cf_copyclustercontent
 .text.cf_copycfn
                0x200258f0      0x4bc C:/ISIS/workspace/ycube/GlobusSatProject/..//hal/hcc/lib\libHCCD.a(safefat.o)
                0x200258f0                cf_copycfn
 .text.cf_remove
                0x20025dac      0x344 C:/ISIS/workspace/ycube/GlobusSatProject/..//hal/hcc/lib\libHCCD.a(safefat.o)
                0x20025dac                cf_remove
 .text.cf_setclusternew
                0x200260f0       0xf0 C:/ISIS/workspace/ycube/GlobusSatProject/..//hal/hcc/lib\libHCCD.a(safefat.o)
                0x200260f0                cf_setclusternew
 .text.cf_flush
                0x200261e0       0x58 C:/ISIS/workspace/ycube/GlobusSatProject/..//hal/hcc/lib\libHCCD.a(safefat.o)
                0x200261e0                cf_flush
 .text.cf_getcluster
                0x20026238      0x1b4 C:/ISIS/workspace/ycube/GlobusSatProject/..//hal/hcc/lib\libHCCD.a(safefat.o)
                0x20026238                cf_getcluster
 .text.cf_setnextcluster
                0x200263ec      0x194 C:/ISIS/workspace/ycube/GlobusSatProject/..//hal/hcc/lib\libHCCD.a(safefat.o)
                0x200263ec                cf_setnextcluster
 .text.cf_getpositions
                0x20026580       0xbc C:/ISIS/workspace/ycube/GlobusSatProject/..//hal/hcc/lib\libHCCD.a(safefat.o)
                0x20026580                cf_getpositions
 .text.cf_setpositions
                0x2002663c       0xb0 C:/ISIS/workspace/ycube/GlobusSatProject/..//hal/hcc/lib\libHCCD.a(safefat.o)
                0x2002663c                cf_setpositions
 .text.cf_opensyncafile
                0x200266ec      0x150 C:/ISIS/workspace/ycube/GlobusSatProject/..//hal/hcc/lib\libHCCD.a(safefat.o)
                0x200266ec                cf_opensyncafile
 .text.cf_reloadcfo
                0x2002683c       0xd8 C:/ISIS/workspace/ycube/GlobusSatProject/..//hal/hcc/lib\libHCCD.a(safefat.o)
                0x2002683c                cf_reloadcfo
 .text.mcipdc_cmd
                0x20026914      0x22c C:/ISIS/workspace/ycube/GlobusSatProject/..//hal/hcc/lib\libHCCD.a(atmel_mcipdc.o)
 .text.mcipdc_stop
                0x20026b40       0xfc C:/ISIS/workspace/ycube/GlobusSatProject/..//hal/hcc/lib\libHCCD.a(atmel_mcipdc.o)
                0x20026b40                mcipdc_stop
 .text.mcipdc_read
                0x20026c3c      0x27c C:/ISIS/workspace/ycube/GlobusSatProject/..//hal/hcc/lib\libHCCD.a(atmel_mcipdc.o)
 .text.mcipdc_write
                0x20026eb8      0x298 C:/ISIS/workspace/ycube/GlobusSatProject/..//hal/hcc/lib\libHCCD.a(atmel_mcipdc.o)
 .text.mcipdc_readsector
                0x20027150       0x9c C:/ISIS/workspace/ycube/GlobusSatProject/..//hal/hcc/lib\libHCCD.a(atmel_mcipdc.o)
                0x20027150                mcipdc_readsector
 .text.mcipdc_readmultiplesector
                0x200271ec      0x124 C:/ISIS/workspace/ycube/GlobusSatProject/..//hal/hcc/lib\libHCCD.a(atmel_mcipdc.o)
                0x200271ec                mcipdc_readmultiplesector
 .text.mcipdc_writesector
                0x20027310       0x90 C:/ISIS/workspace/ycube/GlobusSatProject/..//hal/hcc/lib\libHCCD.a(atmel_mcipdc.o)
                0x20027310                mcipdc_writesector
 .text.mcipdc_writemultiplesector
                0x200273a0      0x120 C:/ISIS/workspace/ycube/GlobusSatProject/..//hal/hcc/lib\libHCCD.a(atmel_mcipdc.o)
                0x200273a0                mcipdc_writemultiplesector
 .text.mcipdc_set_speed
                0x200274c0       0xb0 C:/ISIS/workspace/ycube/GlobusSatProject/..//hal/hcc/lib\libHCCD.a(atmel_mcipdc.o)
 .text.mcipdc_get_speed
                0x20027570       0x48 C:/ISIS/workspace/ycube/GlobusSatProject/..//hal/hcc/lib\libHCCD.a(atmel_mcipdc.o)
 .text._get_csd_bits
                0x200275b8      0x14c C:/ISIS/workspace/ycube/GlobusSatProject/..//hal/hcc/lib\libHCCD.a(atmel_mcipdc.o)
 .text.mcipdc_initcard
                0x20027704      0x8f4 C:/ISIS/workspace/ycube/GlobusSatProject/..//hal/hcc/lib\libHCCD.a(atmel_mcipdc.o)
 .text.mcipdc_getstatus
                0x20027ff8       0xe8 C:/ISIS/workspace/ycube/GlobusSatProject/..//hal/hcc/lib\libHCCD.a(atmel_mcipdc.o)
 .text.mcipdc_getphy
                0x200280e0       0x90 C:/ISIS/workspace/ycube/GlobusSatProject/..//hal/hcc/lib\libHCCD.a(atmel_mcipdc.o)
 .text.mcipdc_release
                0x20028170       0x50 C:/ISIS/workspace/ycube/GlobusSatProject/..//hal/hcc/lib\libHCCD.a(atmel_mcipdc.o)
 .text.atmel_mcipdc_initfunc
                0x200281c0      0x160 C:/ISIS/workspace/ycube/GlobusSatProject/..//hal/hcc/lib\libHCCD.a(atmel_mcipdc.o)
                0x200281c0                atmel_mcipdc_initfunc
 .text.oal_task_get_id
                0x20028320       0x18 C:/ISIS/workspace/ycube/GlobusSatProject/..//hal/hcc/lib\libHCCD.a(oalp_task.o)
                0x20028320                oal_task_get_id
 .text.oal_mutex_create
                0x20028338       0x54 C:/ISIS/workspace/ycube/GlobusSatProject/..//hal/hcc/lib\libHCCD.a(oalp_mutex.o)
                0x20028338                oal_mutex_create
 .text.oal_mutex_delete
                0x2002838c       0x30 C:/ISIS/workspace/ycube/GlobusSatProject/..//hal/hcc/lib\libHCCD.a(oalp_mutex.o)
                0x2002838c                oal_mutex_delete
 .text.oal_mutex_get
                0x200283bc       0x58 C:/ISIS/workspace/ycube/GlobusSatProject/..//hal/hcc/lib\libHCCD.a(oalp_mutex.o)
                0x200283bc                oal_mutex_get
 .text.oal_mutex_put
                0x20028414       0x58 C:/ISIS/workspace/ycube/GlobusSatProject/..//hal/hcc/lib\libHCCD.a(oalp_mutex.o)
                0x20028414                oal_mutex_put
 .text.mcipdc_hw_init
                0x2002846c       0xe8 C:/ISIS/workspace/ycube/GlobusSatProject/..//hal/hcc/lib\libHCCD.a(atmel_mcipdc_hw.o)
                0x2002846c                mcipdc_hw_init
 .text.mcipdc_hw_delete
                0x20028554       0x78 C:/ISIS/workspace/ycube/GlobusSatProject/..//hal/hcc/lib\libHCCD.a(atmel_mcipdc_hw.o)
                0x20028554                mcipdc_hw_delete
 .text.mcipdc_hw_card_plugged
                0x200285cc       0x1c C:/ISIS/workspace/ycube/GlobusSatProject/..//hal/hcc/lib\libHCCD.a(atmel_mcipdc_hw.o)
                0x200285cc                mcipdc_hw_card_plugged
 .text.mcipdc_hw_card_writeprotect
                0x200285e8       0x1c C:/ISIS/workspace/ycube/GlobusSatProject/..//hal/hcc/lib\libHCCD.a(atmel_mcipdc_hw.o)
                0x200285e8                mcipdc_hw_card_writeprotect
 .text.psp_getcurrenttimedate
                0x20028604       0x8c C:/ISIS/workspace/ycube/GlobusSatProject/..//hal/hcc/lib\libHCCD.a(psp_rtc.o)
                0x20028604                psp_getcurrenttimedate
 .text._hcc_get_buf_dsc
                0x20028690       0x8c C:/ISIS/workspace/ycube/GlobusSatProject/..//hal/hcc/lib\libHCCD.a(hcc_mem.o)
 .text._hcc_check_free_pages