Archive member included because of file (symbol)

C:/ISIS/workspace/ycube/GlobusSatProject/..//hal/hal/lib\libHALD.a(SPI.o)
                              ./src/InitSystem.o (SPI_start)
C:/ISIS/workspace/ycube/GlobusSatProject/..//hal/hal/lib\libHALD.a(I2C.o)
                              ./src/SubSystemModules/Communication/SubsystemCommands/Maintanence_Commands.o (I2C_write)
C:/ISIS/workspace/ycube/GlobusSatProject/..//hal/hal/lib\libHALD.a(ADC.o)
                              ./src/SubSystemModules/Housekepping/TelemetryCollector.o (ADC_ConvertRaw10bitToMillivolt)
C:/ISIS/workspace/ycube/GlobusSatProject/..//hal/hal/lib\libHALD.a(FRAM.o)
                              ./src/SubSystemModules/Communication/SubsystemCommands/Maintanence_Commands.o (FRAM_start)
C:/ISIS/workspace/ycube/GlobusSatProject/..//hal/hal/lib\libHALD.a(Time.o)
                              ./src/InitSystem.o (Time_start)
C:/ISIS/workspace/ycube/GlobusSatProject/..//hal/hal/lib\libHALD.a(WatchDogTimerNoOS.o)
                              ./src/main.o (WDT_start)
C:/ISIS/workspace/ycube/GlobusSatProject/..//hal/hal/lib\libHALD.a(RTT.o)
                              C:/ISIS/workspace/ycube/GlobusSatProject/..//hal/hal/lib\libHALD.a(Time.o) (RTT_start)
C:/ISIS/workspace/ycube/GlobusSatProject/..//hal/hal/lib\libHALD.a(RTC.o)
                              C:/ISIS/workspace/ycube/GlobusSatProject/..//hal/hal/lib\libHALD.a(Time.o) (RTC_getTime)
C:/ISIS/workspace/ycube/GlobusSatProject/..//hal/hal/lib\libHALD.a(WatchDogTimerOS.o)
                              ./src/TestingDemos/MainTest.o (WDT_startWatchdogKickTask)
C:/ISIS/workspace/ycube/GlobusSatProject/..//hal/hal/lib\libHALD.a(fprintf.o)
                              ./src/TLM_management.o (f_puts)
C:/ISIS/workspace/ycube/GlobusSatProject/..//hal/hal/lib\libHALD.a(util.o)
                              ./src/TestingDemos/EpsTestingDemo.o (UTIL_DbguGetInteger)
C:/ISIS/workspace/ycube/GlobusSatProject/..//hal/hal/lib\libHALD.a(LED.o)
                              C:/ISIS/workspace/ycube/GlobusSatProject/..//hal/hal/lib\libHALD.a(WatchDogTimerOS.o) (LED_toggle)
C:/ISIS/workspace/ycube/GlobusSatProject/..//hal/hcc/lib\libHCCD.a(fat_m.o)
                              ./src/TLM_management.o (fm_initvolume)
C:/ISIS/workspace/ycube/GlobusSatProject/..//hal/hcc/lib\libHCCD.a(fat.o)
                              C:/ISIS/workspace/ycube/GlobusSatProject/..//hal/hcc/lib\libHCCD.a(fat_m.o) (fn_getdcwd)
C:/ISIS/workspace/ycube/GlobusSatProject/..//hal/hcc/lib\libHCCD.a(fat_common.o)
                              C:/ISIS/workspace/ycube/GlobusSatProject/..//hal/hcc/lib\libHCCD.a(fat.o) (p_filesystem)
C:/ISIS/workspace/ycube/GlobusSatProject/..//hal/hcc/lib\libHCCD.a(safefat.o)
                              C:/ISIS/workspace/ycube/GlobusSatProject/..//hal/hcc/lib\libHCCD.a(fat.o) (s_subdir)
C:/ISIS/workspace/ycube/GlobusSatProject/..//hal/hcc/lib\libHCCD.a(atmel_mcipdc.o)
                              ./src/TLM_management.o (atmel_mcipdc_initfunc)
C:/ISIS/workspace/ycube/GlobusSatProject/..//hal/hcc/lib\libHCCD.a(oalp_task.o)
                              C:/ISIS/workspace/ycube/GlobusSatProject/..//hal/hcc/lib\libHCCD.a(fat_common.o) (oal_task_get_id)
C:/ISIS/workspace/ycube/GlobusSatProject/..//hal/hcc/lib\libHCCD.a(oalp_mutex.o)
                              C:/ISIS/workspace/ycube/GlobusSatProject/..//hal/hcc/lib\libHCCD.a(fat_common.o) (oal_mutex_create)
C:/ISIS/workspace/ycube/GlobusSatProject/..//hal/hcc/lib\libHCCD.a(atmel_mcipdc_hw.o)
                              C:/ISIS/workspace/ycube/GlobusSatProject/..//hal/hcc/lib\libHCCD.a(atmel_mcipdc.o) (mcipdc_hw_init)
C:/ISIS/workspace/ycube/GlobusSatProject/..//hal/hcc/lib\libHCCD.a(psp_rand.o)
                              C:/ISIS/workspace/ycube/GlobusSatProject/..//hal/hcc/lib\libHCCD.a(fat_common.o) (psp_getrand)
C:/ISIS/workspace/ycube/GlobusSatProject/..//hal/hcc/lib\libHCCD.a(psp_rtc.o)
                              C:/ISIS/workspace/ycube/GlobusSatProject/..//hal/hcc/lib\libHCCD.a(fat_common.o) (psp_getcurrenttimedate)
C:/ISIS/workspace/ycube/GlobusSatProject/..//hal/hcc/lib\libHCCD.a(hcc_mem.o)
                              C:/ISIS/workspace/ycube/GlobusSatProject/..//hal/hcc/lib\libHCCD.a(atmel_mcipdc.o) (hcc_mem_alloc)
C:/ISIS/workspace/ycube/GlobusSatProject/..//hal/hcc/lib\libHCCD.a(psp_hcc_mem.o)
                              C:/ISIS/workspace/ycube/GlobusSatProject/..//hal/hcc/lib\libHCCD.a(hcc_mem.o) (hcc_mem_buf_alloc)
C:/ISIS/workspace/ycube/GlobusSatProject/..//satellite-subsystems/satellite-subsystems/lib\libSatelliteSubsystemsD.a(IsisAntS.o)
                              ./src/SubSystemModules/Communication/TRXVU.o (IsisAntS_initialize)
C:/ISIS/workspace/ycube/GlobusSatProject/..//satellite-subsystems/satellite-subsystems/lib\libSatelliteSubsystemsD.a(IsisTRXVU.o)
                              ./src/TestingDemos/TrxvuTestingDemo.o (IsisTrxvu_initialize)
[...]
Memory Configuration

Name             Origin             Length             Attributes
sram0            0x00200000         0x00004000         w !xr
sram1            0x00300000         0x00004000         w !xr
sdram            0x20000000         0x02000000         w !xr
*default*        0x00000000         0xffffffff

Linker script and memory map

LOAD c:/isis/application/toolchain/bin/../lib/gcc/arm-none-eabi/4.7.4/../../../../arm-none-eabi/lib\libc.a
LOAD ./src/TestingDemos/CommandsTestingDemo.o
LOAD ./src/TestingDemos/EpsTestingDemo.o
LOAD ./src/TestingDemos/FileSystemTestingDemo.o
LOAD ./src/TestingDemos/MainTest.o
LOAD ./src/TestingDemos/MaintenanceTestingDemo.o
LOAD ./src/TestingDemos/TelemetryTestingDemo.o
LOAD ./src/TestingDemos/TrxvuTestingDemo.o
LOAD ./src/SubSystemModules/PowerManagment/EPS.o
LOAD ./src/SubSystemModules/PowerManagment/EPSOperationModes.o
LOAD ./src/SubSystemModules/Maintenance/Maintenance.o
LOAD ./src/SubSystemModules/Housekepping/RAMTelemetry.o
LOAD ./src/SubSystemModules/Housekepping/TelemetryCollector.o
LOAD ./src/SubSystemModules/Communication/SubsystemCommands/EPS_Commands.o
LOAD ./src/SubSystemModules/Communication/SubsystemCommands/FS_Commands.o
LOAD ./src/SubSystemModules/Communication/SubsystemCommands/Maintanence_Commands.o
LOAD ./src/SubSystemModules/Communication/SubsystemCommands/TRXVU_Commands.o
LOAD ./src/SubSystemModules/Communication/AckHandler.o
LOAD ./src/SubSystemModules/Communication/CommandDictionary.o
LOAD ./src/SubSystemModules/Communication/SatCommandHandler.o
LOAD ./src/SubSystemModules/Communication/TRXVU.o
LOAD ./src/InitSystem.o
LOAD ./src/TLM_management.o
LOAD ./src/main.o
LOAD ./src/utils.o
LOAD C:/ISIS/workspace/ycube/GlobusSatProject/..//hal/hal/lib\libHALD.a
LOAD C:/ISIS/workspace/ycube/GlobusSatProject/..//hal/hcc/lib\libHCCD.a
LOAD C:/ISIS/workspace/ycube/GlobusSatProject/..//satellite-subsystems/satellite-subsystems/lib\libSatelliteSubsystemsD.a
LOAD C:/ISIS/workspace/ycube/GlobusSatProject/..//hal/freertos/lib\libFreeRTOSD.a
LOAD C:/ISIS/workspace/ycube/GlobusSatProject/..//hal/at91/lib\libAt91D.a
START GROUP
LOAD c:/isis/application/toolchain/bin/../lib/gcc/arm-none-eabi/4.7.4\libgcc.a
LOAD c:/isis/application/toolchain/bin/../lib/gcc/arm-none-eabi/4.7.4/../../../../arm-none-eabi/lib\libg.a
LOAD c:/isis/application/toolchain/bin/../lib/gcc/arm-none-eabi/4.7.4/../../../../arm-none-eabi/lib\libc.a
END GROUP

.fixed          0x20000000    0x4b274
                0x20000000                . = ALIGN (0x4)
                0x20000000                _sfixed = .
 *(.startup)
 .startup       0x20000000      0x184 C:/ISIS/workspace/ycube/GlobusSatProject/..//hal/at91/lib\libAt91D.a(board_cstartup.o)
                0x20000000                entry
 *(.text)
 .text          0x20000184       0x64 C:/ISIS/workspace/ycube/GlobusSatProject/..//hal/at91/lib\libAt91D.a(cp15_asm.o)
                0x20000184                _readControlRegister
                0x20000190                _writeControlRegister
                0x20000198                _waitForInterrupt
                0x200001a4                _writeTTB
                0x200001ac                _writeDomain
                0x200001b4                _writeITLBLockdown
                0x200001bc                _prefetchICacheLine
                0x200001c4                _flushDCache
                0x200001d0                _flushWriteBuffer
                0x200001dc                _invalidateIDTLBs
 .text          0x200001e8      0x114 c:/isis/application/toolchain/bin/../lib/gcc/arm-none-eabi/4.7.4\libgcc.a(_udivsi3.o)
                0x200001e8                __aeabi_uidiv
                0x200001e8                __udivsi3
                0x200002dc                __aeabi_uidivmod
 .text          0x200002fc      0x148 c:/isis/application/toolchain/bin/../lib/gcc/arm-none-eabi/4.7.4\libgcc.a(_divsi3.o)
                0x200002fc                __divsi3
                0x200002fc                __aeabi_idiv
                0x20000424                __aeabi_idivmod
 .text          0x20000444        0x4 c:/isis/application/toolchain/bin/../lib/gcc/arm-none-eabi/4.7.4\libgcc.a(_dvmd_tls.o)
                0x20000444                __aeabi_idiv0
                0x20000444                __aeabi_ldiv0
 .text          0x20000448      0x41c c:/isis/application/toolchain/bin/../lib/gcc/arm-none-eabi/4.7.4\libgcc.a(_arm_addsubdf3.o)
                0x20000448                __aeabi_drsub
                0x20000450                __aeabi_dsub
                0x20000450                __subdf3
                0x20000454                __aeabi_dadd
                0x20000454                __adddf3
                0x20000764                __floatunsidf
                0x20000764                __aeabi_ui2d
                0x20000788                __floatsidf
                0x20000788                __aeabi_i2d
                0x200007b0                __aeabi_f2d
                0x200007b0                __extendsfdf2
                0x200007f0                __floatundidf
                0x200007f0                __aeabi_ul2d
                0x20000804                __floatdidf
                0x20000804                __aeabi_l2d
 .text          0x20000864      0x49c c:/isis/application/toolchain/bin/../lib/gcc/arm-none-eabi/4.7.4\libgcc.a(_arm_muldivdf3.o)
                0x20000864                __aeabi_dmul
                0x20000864                __muldf3
                0x20000af4                __divdf3
                0x20000af4                __aeabi_ddiv
 .text          0x20000d00       0xa0 c:/isis/application/toolchain/bin/../lib/gcc/arm-none-eabi/4.7.4\libgcc.a(_arm_truncdfsf2.o)
                0x20000d00                __truncdfsf2
                0x20000d00                __aeabi_d2f
 .text          0x20000da0      0x2ac c:/isis/application/toolchain/bin/../lib/gcc/arm-none-eabi/4.7.4\libgcc.a(_arm_addsubsf3.o)
                0x20000da0                __aeabi_frsub
                0x20000da8                __subsf3
                0x20000da8                __aeabi_fsub
                0x20000dac                __aeabi_fadd
                0x20000dac                __addsf3
                0x20000f68                __aeabi_ui2f
                0x20000f68                __floatunsisf
                0x20000f70                __aeabi_i2f
                0x20000f70                __floatsisf
                0x20000f90                __aeabi_ul2f
                0x20000f90                __floatundisf
                0x20000fa0                __aeabi_l2f
                0x20000fa0                __floatdisf
 .text          0x2000104c      0x2f8 c:/isis/application/toolchain/bin/../lib/gcc/arm-none-eabi/4.7.4\libgcc.a(_arm_muldivsf3.o)
                0x2000104c                __mulsf3
                0x2000104c                __aeabi_fmul
                0x200011e4                __aeabi_fdiv
                0x200011e4                __divsf3
 .text          0x20001344      0x114 c:/isis/application/toolchain/bin/../lib/gcc/arm-none-eabi/4.7.4\libgcc.a(_arm_cmpsf2.o)
                0x20001344                __gesf2
                0x20001344                __gtsf2
                0x2000134c                __lesf2
                0x2000134c                __ltsf2
                0x20001354                __nesf2
                0x20001354                __eqsf2
                0x20001354                __cmpsf2
                0x200013b8                __aeabi_cfrcmple
                0x200013c8                __aeabi_cfcmpeq
                0x200013c8                __aeabi_cfcmple
                0x200013e0                __aeabi_fcmpeq
                0x200013f8                __aeabi_fcmplt
                0x20001410                __aeabi_fcmple
                0x20001428                __aeabi_fcmpge
                0x20001440                __aeabi_fcmpgt
 .text          0x20001458       0x54 c:/isis/application/toolchain/bin/../lib/gcc/arm-none-eabi/4.7.4\libgcc.a(_arm_fixunssfsi.o)
                0x20001458                __fixunssfsi
                0x20001458                __aeabi_f2uiz
 .text          0x200014ac      0x144 c:/isis/application/toolchain/bin/../lib/gcc/arm-none-eabi/4.7.4\libgcc.a(_arm_cmpdf2.o)
                0x200014ac                __gtdf2
                0x200014ac                __gedf2
                0x200014b4                __ltdf2
                0x200014b4                __ledf2
                0x200014bc                __nedf2
                0x200014bc                __eqdf2
                0x200014bc                __cmpdf2
                0x20001544                __aeabi_cdrcmple
                0x20001560                __aeabi_cdcmpeq
                0x20001560                __aeabi_cdcmple
                0x20001578                __aeabi_dcmpeq
                0x20001590                __aeabi_dcmplt
                0x200015a8                __aeabi_dcmple
                0x200015c0                __aeabi_dcmpge
                0x200015d8                __aeabi_dcmpgt
 .text          0x200015f0       0x5c c:/isis/application/toolchain/bin/../lib/gcc/arm-none-eabi/4.7.4\libgcc.a(_arm_fixdfsi.o)
                0x200015f0                __aeabi_d2iz
                0x200015f0                __fixdfsi
 .text          0x2000164c       0x54 c:/isis/application/toolchain/bin/../lib/gcc/arm-none-eabi/4.7.4\libgcc.a(_arm_fixunsdfsi.o)
                0x2000164c                __aeabi_d2uiz
                0x2000164c                __fixunsdfsi
 .text          0x200016a0       0x3c c:/isis/application/toolchain/bin/../lib/gcc/arm-none-eabi/4.7.4\libgcc.a(_aeabi_uldivmod.o)
                0x200016a0                __aeabi_uldivmod
 .text          0x200016dc       0x84 c:/isis/application/toolchain/bin/../lib/gcc/arm-none-eabi/4.7.4\libgcc.a(bpabi.o)
                0x200016dc                __gnu_ldivmod_helper
                0x20001720                __gnu_uldivmod_helper
 .text          0x20001760      0x4f0 c:/isis/application/toolchain/bin/../lib/gcc/arm-none-eabi/4.7.4\libgcc.a(_divdi3.o)
                0x20001760                __divdi3
 .text          0x20001c50      0x488 c:/isis/application/toolchain/bin/../lib/gcc/arm-none-eabi/4.7.4\libgcc.a(_udivdi3.o)
                0x20001c50                __udivdi3
 .text          0x200020d8       0x48 c:/isis/application/toolchain/bin/../lib/gcc/arm-none-eabi/4.7.4\libgcc.a(_clzsi2.o)
                0x200020d8                __clzsi2
 *(.text*)
 .text.TestActUponCommand
                0x20002120      0x114 ./src/TestingDemos/CommandsTestingDemo.o
                0x20002120                TestActUponCommand
 .text.TestAssmbleCommand
                0x20002234      0x134 ./src/TestingDemos/CommandsTestingDemo.o
                0x20002234                TestAssmbleCommand
 .text.TestGetDelayedCommand
                0x20002368       0xa0 ./src/TestingDemos/CommandsTestingDemo.o
                0x20002368                TestGetDelayedCommand
 .text.TestAddDelayedCommand
                0x20002408       0xbc ./src/TestingDemos/CommandsTestingDemo.o
                0x20002408                TestAddDelayedCommand
 .text.TestGetDelayedCommandBufferCount
                0x200024c4       0x54 ./src/TestingDemos/CommandsTestingDemo.o
                0x200024c4                TestGetDelayedCommandBufferCount
 .text.TestGetOnlineCommand
                0x20002518       0xc8 ./src/TestingDemos/CommandsTestingDemo.o
                0x20002518                TestGetOnlineCommand
 .text.TestDeleteDelayedCommandByIndex
                0x200025e0      0x1c0 ./src/TestingDemos/CommandsTestingDemo.o
                0x200025e0                TestDeleteDelayedCommandByIndex
 .text.TestDeleteDelayedBuffer
                0x200027a0      0x140 ./src/TestingDemos/CommandsTestingDemo.o
                0x200027a0                TestDeleteDelayedBuffer
 .text.selectAndExecuteCommandsDemoTest
                0x200028e0      0x174 ./src/TestingDemos/CommandsTestingDemo.o
                0x200028e0                selectAndExecuteCommandsDemoTest
 .text.MainCommandsTestBench
                0x20002a54       0x44 ./src/TestingDemos/CommandsTestingDemo.o
                0x20002a54                MainCommandsTestBench
 .text.TestEpsConditioning
                0x20002a98      0x1e8 ./src/TestingDemos/EpsTestingDemo.o
                0x20002a98                TestEpsConditioning
 .text.TestGetBatteryVoltage
                0x20002c80       0x64 ./src/TestingDemos/EpsTestingDemo.o
                0x20002c80                TestGetBatteryVoltage
 .text.TestUpdateThreshVoltages
                0x20002ce4      0x170 ./src/TestingDemos/EpsTestingDemo.o
                0x20002ce4                TestUpdateThreshVoltages
 .text.TestGetThreshVoltages
                0x20002e54       0xb0 ./src/TestingDemos/EpsTestingDemo.o
                0x20002e54                TestGetThreshVoltages
 .text.TestUpdateAlpha
                0x20002f04       0xc0 ./src/TestingDemos/EpsTestingDemo.o
                0x20002f04                TestUpdateAlpha
 .text.TestGetAlpha
                0x20002fc4       0x78 ./src/TestingDemos/EpsTestingDemo.o
                0x20002fc4                TestGetAlpha
 .text.TestRestoreDefaultAlpha
                0x2000303c       0xf4 ./src/TestingDemos/EpsTestingDemo.o
                0x2000303c                TestRestoreDefaultAlpha
 .text.TestRestoreDefaultThresholdVoltages
                0x20003130      0x154 ./src/TestingDemos/EpsTestingDemo.o
                0x20003130                TestRestoreDefaultThresholdVoltages
 .text.GetHeaterValues
                0x20003284       0xb0 ./src/TestingDemos/EpsTestingDemo.o
                0x20003284                GetHeaterValues
 .text.SetHeaterValues
                0x20003334      0x104 ./src/TestingDemos/EpsTestingDemo.o
                0x20003334                SetHeaterValues
 .text.selectAndExecuteEpsDemoTest
                0x20003438      0x1b0 ./src/TestingDemos/EpsTestingDemo.o
                0x20003438                selectAndExecuteEpsDemoTest
 .text.MainEpsTestBench
                0x200035e8       0x40 ./src/TestingDemos/EpsTestingDemo.o
                0x200035e8                MainEpsTestBench
 .text.TestListFiles
                0x20003628      0x198 ./src/TestingDemos/FileSystemTestingDemo.o
                0x20003628                TestListFiles
 .text.TestListAllFiles
                0x200037c0      0x134 ./src/TestingDemos/FileSystemTestingDemo.o
                0x200037c0                TestListAllFiles
 .text.TestLOGTLM
                0x200038f4      0x110 ./src/TestingDemos/FileSystemTestingDemo.o
                0x200038f4                TestLOGTLM
 .text.TestEPSTLM
                0x20003a04       0xa8 ./src/TestingDemos/FileSystemTestingDemo.o
                0x20003a04                TestEPSTLM
 .text.TestReadTimeRangeTLMRes
                0x20003aac      0x210 ./src/TestingDemos/FileSystemTestingDemo.o
                0x20003aac                TestReadTimeRangeTLMRes
 .text.TestReadTimeRangeTLM
                0x20003cbc      0x178 ./src/TestingDemos/FileSystemTestingDemo.o
                0x20003cbc                TestReadTimeRangeTLM
 .text.GenerateWODTLM
                0x20003e34       0xd0 ./src/TestingDemos/FileSystemTestingDemo.o
                0x20003e34                GenerateWODTLM
 .text.DeleteOldFiles
                0x20003f04      0x148 ./src/TestingDemos/FileSystemTestingDemo.o
                0x20003f04                DeleteOldFiles
 .text.createSingleDayTLM
                0x2000404c       0xb0 ./src/TestingDemos/FileSystemTestingDemo.o
                0x2000404c                createSingleDayTLM
 .text.printLastError
                0x200040fc       0x38 ./src/TestingDemos/FileSystemTestingDemo.o
                0x200040fc                printLastError
 .text.copyTLMFile
                0x20004134      0x2ac ./src/TestingDemos/FileSystemTestingDemo.o
                0x20004134                copyTLMFile
 .text.TestWODTLM
                0x200043e0       0xa8 ./src/TestingDemos/FileSystemTestingDemo.o
                0x200043e0                TestWODTLM
 .text.TestDeleteFiels
                0x20004488      0x2b8 ./src/TestingDemos/FileSystemTestingDemo.o
                0x20004488                TestDeleteFiels
 .text.TestReadMultiFiels
                0x20004740      0x2ac ./src/TestingDemos/FileSystemTestingDemo.o
                0x20004740                TestReadMultiFiels
 .text.TestTRXVUTLM
                0x200049ec      0x11c ./src/TestingDemos/FileSystemTestingDemo.o
                0x200049ec                TestTRXVUTLM
 .text.FullSDTest
                0x20004b08      0x19c ./src/TestingDemos/FileSystemTestingDemo.o
                0x20004b08                FullSDTest
 .text.LogErrorRateTest
                0x20004ca4      0x148 ./src/TestingDemos/FileSystemTestingDemo.o
                0x20004ca4                LogErrorRateTest
 .text.deleteMonth
                0x20004dec       0x78 ./src/TestingDemos/FileSystemTestingDemo.o
                0x20004dec                deleteMonth
 .text.deleteYear
                0x20004e64       0xb0 ./src/TestingDemos/FileSystemTestingDemo.o
                0x20004e64                deleteYear
 .text.readFileTest
                0x20004f14       0x88 ./src/TestingDemos/FileSystemTestingDemo.o
                0x20004f14                readFileTest
 .text.writeFileOnScreen
                0x20004f9c       0xcc ./src/TestingDemos/FileSystemTestingDemo.o
                0x20004f9c                writeFileOnScreen
 .text.GetExtraData
                0x20005068       0x4c ./src/TestingDemos/FileSystemTestingDemo.o
                0x20005068                GetExtraData
 .text.showFreeSapce
                0x200050b4      0x110 ./src/TestingDemos/FileSystemTestingDemo.o
                0x200050b4                showFreeSapce
 .text.SwitchSDCardTest
                0x200051c4       0x98 ./src/TestingDemos/FileSystemTestingDemo.o
                0x200051c4                SwitchSDCardTest
 .text.FormatSDTest
                0x2000525c       0x9c ./src/TestingDemos/FileSystemTestingDemo.o
                0x2000525c                FormatSDTest
 .text.showFreeSpaceHeap
                0x200052f8       0xa4 ./src/TestingDemos/FileSystemTestingDemo.o
                0x200052f8                showFreeSpaceHeap
 .text.selectAndExecuteFSTest
                0x2000539c      0x318 ./src/TestingDemos/FileSystemTestingDemo.o
                0x2000539c                selectAndExecuteFSTest
 .text.MainFileSystemTestBench
                0x200056b4       0x44 ./src/TestingDemos/FileSystemTestingDemo.o
                0x200056b4                MainFileSystemTestBench
 .text.selectAndExecuteTest
                0x200056f8      0x168 ./src/TestingDemos/MainTest.o
                0x200056f8                selectAndExecuteTest
 .text.taskTesting
                0x20005860       0x28 ./src/TestingDemos/MainTest.o
                0x20005860                taskTesting
 .text.printSDINfo
                0x20005888       0x84 ./src/TestingDemos/MaintenanceTestingDemo.o
                0x20005888                printSDINfo
 .text.changeFirstActivation
                0x2000590c       0x84 ./src/TestingDemos/MaintenanceTestingDemo.o
                0x2000590c                changeFirstActivation
 .text.selectAndExecuteMaintenanceDemoTest
                0x20005990      0x19c ./src/TestingDemos/MaintenanceTestingDemo.o
                0x20005990                selectAndExecuteMaintenanceDemoTest
 .text.MainMaintenanceTestBench
                0x20005b2c       0x40 ./src/TestingDemos/MaintenanceTestingDemo.o
                0x20005b2c                MainMaintenanceTestBench
 .text.savePacketsInRam
                0x20005b6c      0x104 ./src/TestingDemos/TelemetryTestingDemo.o
                0x20005b6c                savePacketsInRam
 .text.checkPacket
                0x20005c70       0xa4 ./src/TestingDemos/TelemetryTestingDemo.o
                0x20005c70                checkPacket
 .text.singleTlmWodTest
                0x20005d14       0xa0 ./src/TestingDemos/TelemetryTestingDemo.o
                0x20005d14                singleTlmWodTest
 .text.singleTLMLogTest
                0x20005db4       0xb8 ./src/TestingDemos/TelemetryTestingDemo.o
                0x20005db4                singleTLMLogTest
 .text.singleTlmLogTestHelp
                0x20005e6c       0x4c ./src/TestingDemos/TelemetryTestingDemo.o
                0x20005e6c                singleTlmLogTestHelp
 .text.saveNGetMultipleTlmTest
                0x20005eb8      0x23c ./src/TestingDemos/TelemetryTestingDemo.o
                0x20005eb8                saveNGetMultipleTlmTest
 .text.saveMultipleNGetSomeTlmTest
                0x200060f4      0x240 ./src/TestingDemos/TelemetryTestingDemo.o
                0x200060f4                saveMultipleNGetSomeTlmTest
 .text.getWodMinMaxTest
                0x20006334      0x130 ./src/TestingDemos/TelemetryTestingDemo.o
                0x20006334                getWodMinMaxTest
 .text.tlmTest  0x20006464      0x1dc ./src/TestingDemos/TelemetryTestingDemo.o
                0x20006464                tlmTest
 .text.saveNGetLog
                0x20006640      0x19c ./src/TestingDemos/TelemetryTestingDemo.o
                0x20006640                saveNGetLog
 .text.MainTelemetryTestBench
                0x200067dc      0x108 ./src/TestingDemos/TelemetryTestingDemo.o
                0x200067dc                MainTelemetryTestBench
 .text.TestInitTrxvu
                0x200068e4       0x54 ./src/TestingDemos/TrxvuTestingDemo.o
                0x200068e4                TestInitTrxvu
 .text.TestInitTrxvuWithDifferentFrameLengths
                0x20006938      0x134 ./src/TestingDemos/TrxvuTestingDemo.o
                0x20006938                TestInitTrxvuWithDifferentFrameLengths
 .text.TestTrxvuLogic
                0x20006a6c       0xd4 ./src/TestingDemos/TrxvuTestingDemo.o
                0x20006a6c                TestTrxvuLogic
 .text.TestCheckTransmitionAllowed
                0x20006b40       0xa4 ./src/TestingDemos/TrxvuTestingDemo.o
                0x20006b40                TestCheckTransmitionAllowed
 .text.TestLoopSPL
                0x20006be4       0xc4 ./src/TestingDemos/TrxvuTestingDemo.o
                0x20006be4                TestLoopSPL
 .text.TestSendDumpAbortRequest
                0x20006ca8       0x24 ./src/TestingDemos/TrxvuTestingDemo.o
                0x20006ca8                TestSendDumpAbortRequest
 .text.TestTransmitDummySplPacket
                0x20006ccc       0xc0 ./src/TestingDemos/TrxvuTestingDemo.o
                0x20006ccc                TestTransmitDummySplPacket
 .text.TestTransmitSplPacket
                0x20006d8c      0x1ec ./src/TestingDemos/TrxvuTestingDemo.o
                0x20006d8c                TestTransmitSplPacket
 .text.TestExitDump
                0x20006f78       0x1c ./src/TestingDemos/TrxvuTestingDemo.o
                0x20006f78                TestExitDump
 .text.TestDumpTelemetry
                0x20006f94       0x9c ./src/TestingDemos/TrxvuTestingDemo.o
                0x20006f94                TestDumpTelemetry
 .text.TestRestoreDefaultBeaconParameters
                0x20007030       0x1c ./src/TestingDemos/TrxvuTestingDemo.o
                0x20007030                TestRestoreDefaultBeaconParameters
 .text.TestChooseDefaultBeaconCycle
                0x2000704c       0xe0 ./src/TestingDemos/TrxvuTestingDemo.o
                0x2000704c                TestChooseDefaultBeaconCycle
 .text.TestBeaconLogic
                0x2000712c       0xdc ./src/TestingDemos/TrxvuTestingDemo.o
                0x2000712c                TestBeaconLogic
 .text.TestMuteTrxvu
                0x20007208       0x9c ./src/TestingDemos/TrxvuTestingDemo.o
                0x20007208                TestMuteTrxvu
 .text.TestUnMuteTrxvu
                0x200072a4       0x30 ./src/TestingDemos/TrxvuTestingDemo.o
                0x200072a4                TestUnMuteTrxvu
 .text.TestGetNumberOfFramesInBuffer
                0x200072d4       0x54 ./src/TestingDemos/TrxvuTestingDemo.o
                0x200072d4                TestGetNumberOfFramesInBuffer
 .text.TestSetTrxvuBitrate
                0x20007328       0xf0 ./src/TestingDemos/TrxvuTestingDemo.o
                0x20007328                TestSetTrxvuBitrate
 .text.TestGetTrxvuBitrate
                0x20007418       0xb0 ./src/TestingDemos/TrxvuTestingDemo.o
                0x20007418                TestGetTrxvuBitrate
 .text.TestTransmitDataAsSPL_Packet
                0x200074c8      0x114 ./src/TestingDemos/TrxvuTestingDemo.o
                0x200074c8                TestTransmitDataAsSPL_Packet
 .text.selectAndExecuteTrxvuDemoTest
                0x200075dc      0x2ac ./src/TestingDemos/TrxvuTestingDemo.o
                0x200075dc                selectAndExecuteTrxvuDemoTest
 .text.MainTrxvuTestBench
                0x20007888       0x44 ./src/TestingDemos/TrxvuTestingDemo.o
                0x20007888                MainTrxvuTestBench
 .text.GetBatteryVoltage
                0x200078cc       0x38 ./src/SubSystemModules/PowerManagment/EPS.o
                0x200078cc                GetBatteryVoltage
 .text.EPS_Init
                0x20007904       0xb8 ./src/SubSystemModules/PowerManagment/EPS.o
                0x20007904                EPS_Init
 .text.EPS_Conditioning
                0x200079bc      0x1c4 ./src/SubSystemModules/PowerManagment/EPS.o
                0x200079bc                EPS_Conditioning
 .text.UpdateAlpha
                0x20007b80       0xd8 ./src/SubSystemModules/PowerManagment/EPS.o
                0x20007b80                UpdateAlpha
 .text.UpdateThresholdVoltages
                0x20007c58      0x218 ./src/SubSystemModules/PowerManagment/EPS.o
                0x20007c58                UpdateThresholdVoltages
 .text.GetThresholdVoltages
                0x20007e70       0x80 ./src/SubSystemModules/PowerManagment/EPS.o
                0x20007e70                GetThresholdVoltages
 .text.GetAlpha
                0x20007ef0       0x7c ./src/SubSystemModules/PowerManagment/EPS.o
                0x20007ef0                GetAlpha
 .text.RestoreDefaultThresholdVoltages
                0x20007f6c       0x74 ./src/SubSystemModules/PowerManagment/EPS.o
                0x20007f6c                RestoreDefaultThresholdVoltages
 .text.CMDGetHeaterValues
                0x20007fe0       0x24 ./src/SubSystemModules/PowerManagment/EPS.o
                0x20007fe0                CMDGetHeaterValues
 .text.CMDSetHeaterValues
                0x20008004       0x58 ./src/SubSystemModules/PowerManagment/EPS.o
                0x20008004                CMDSetHeaterValues
 .text.EnterFullMode
                0x2000805c       0x44 ./src/SubSystemModules/PowerManagment/EPSOperationModes.o
                0x2000805c                EnterFullMode
 .text.EnterCruiseMode
                0x200080a0       0x40 ./src/SubSystemModules/PowerManagment/EPSOperationModes.o
                0x200080a0                EnterCruiseMode
 .text.EnterSafeMode
                0x200080e0       0x44 ./src/SubSystemModules/PowerManagment/EPSOperationModes.o
                0x200080e0                EnterSafeMode
 .text.EnterCriticalMode
                0x20008124       0x44 ./src/SubSystemModules/PowerManagment/EPSOperationModes.o
                0x20008124                EnterCriticalMode
 .text.GetSystemState
                0x20008168       0x24 ./src/SubSystemModules/PowerManagment/EPSOperationModes.o
                0x20008168                GetSystemState
 .text.GetSystemChannelState
                0x2000818c       0x24 ./src/SubSystemModules/PowerManagment/EPSOperationModes.o
                0x2000818c                GetSystemChannelState
 .text.EpsGetLowVoltageFlag
                0x200081b0       0x24 ./src/SubSystemModules/PowerManagment/EPSOperationModes.o
                0x200081b0                EpsGetLowVoltageFlag
 .text.EpsSetLowVoltageFlag
                0x200081d4       0x2c ./src/SubSystemModules/PowerManagment/EPSOperationModes.o
                0x200081d4                EpsSetLowVoltageFlag
 .text.CheckExecutionTime
                0x20008200       0x80 ./src/SubSystemModules/Maintenance/Maintenance.o
                0x20008200                CheckExecutionTime
 .text.SaveSatTimeInFRAM
                0x20008280       0x44 ./src/SubSystemModules/Maintenance/Maintenance.o
                0x20008280                SaveSatTimeInFRAM
 .text.WakeupFromResetCMD
                0x200082c4      0x120 ./src/SubSystemModules/Maintenance/Maintenance.o
                0x200082c4                WakeupFromResetCMD
 .text.ResetGroundCommWDT
                0x200083e4       0x1c ./src/SubSystemModules/Maintenance/Maintenance.o
                0x200083e4                ResetGroundCommWDT
 .text.findMinMaxDate
                0x20008400       0xdc ./src/SubSystemModules/Maintenance/Maintenance.o
                0x20008400                findMinMaxDate
 .text.DeleteOldFiels
                0x200084dc       0xf0 ./src/SubSystemModules/Maintenance/Maintenance.o
                0x200084dc                DeleteOldFiels
 .text.HardResetMCU
                0x200085cc       0x24 ./src/SubSystemModules/Maintenance/Maintenance.o
                0x200085cc                HardResetMCU
 .text.ResetRamTlm
                0x200085f0       0x84 ./src/SubSystemModules/Housekepping/RAMTelemetry.o
                0x200085f0                ResetRamTlm
 .text.inc      0x20008674       0x44 ./src/SubSystemModules/Housekepping/RAMTelemetry.o
                0x20008674                inc
 .text.dec      0x200086b8       0x44 ./src/SubSystemModules/Housekepping/RAMTelemetry.o
                0x200086b8                dec
 .text.saveTlmToRam
                0x200086fc      0x138 ./src/SubSystemModules/Housekepping/RAMTelemetry.o
                0x200086fc                saveTlmToRam
 .text.getTlm   0x20008834      0x15c ./src/SubSystemModules/Housekepping/RAMTelemetry.o
                0x20008834                getTlm
 .text.getRange
                0x20008990      0x150 ./src/SubSystemModules/Housekepping/RAMTelemetry.o
                0x20008990                getRange
 .text.InitSavePeriodTimes
                0x20008ae0       0x78 ./src/SubSystemModules/Housekepping/TelemetryCollector.o
                0x20008ae0                InitSavePeriodTimes
 .text.CMD_GetTLMPeriodTimes
                0x20008b58       0x38 ./src/SubSystemModules/Housekepping/TelemetryCollector.o
                0x20008b58                CMD_GetTLMPeriodTimes
 .text.CMD_SetTLMPeriodTimes
                0x20008b90      0x17c ./src/SubSystemModules/Housekepping/TelemetryCollector.o
                0x20008b90                CMD_SetTLMPeriodTimes
 .text.TelemetryCollectorLogic
                0x20008d0c      0x208 ./src/SubSystemModules/Housekepping/TelemetryCollector.o
                0x20008d0c                TelemetryCollectorLogic
 .text.TelemetrySaveEPS
                0x20008f14       0x18 ./src/SubSystemModules/Housekepping/TelemetryCollector.o
                0x20008f14                TelemetrySaveEPS
 .text.TelemetrySaveTRXVU
                0x20008f2c       0x94 ./src/SubSystemModules/Housekepping/TelemetryCollector.o
                0x20008f2c                TelemetrySaveTRXVU
 .text.TelemetrySaveANT
                0x20008fc0       0xa4 ./src/SubSystemModules/Housekepping/TelemetryCollector.o
                0x20008fc0                TelemetrySaveANT
 .text.TelemetrySaveSolarPanels
                0x20009064      0x228 ./src/SubSystemModules/Housekepping/TelemetryCollector.o
                0x20009064                TelemetrySaveSolarPanels
 .text.TelemetrySaveWOD
                0x2000928c       0x5c ./src/SubSystemModules/Housekepping/TelemetryCollector.o
                0x2000928c                TelemetrySaveWOD
 .text.GetCurrentWODTelemetry
                0x200092e8      0x74c ./src/SubSystemModules/Housekepping/TelemetryCollector.o
                0x200092e8                GetCurrentWODTelemetry
 .text.CMD_EPS_ResetWDT
                0x20009a34       0x48 ./src/SubSystemModules/Communication/SubsystemCommands/EPS_Commands.o
                0x20009a34                CMD_EPS_ResetWDT
 .text.CMD_DeleteTLM
                0x20009a7c      0x1d8 ./src/SubSystemModules/Communication/SubsystemCommands/FS_Commands.o
                0x20009a7c                CMD_DeleteTLM
 .text.CMD_DeleteAllFiles
                0x20009c54       0x38 ./src/SubSystemModules/Communication/SubsystemCommands/FS_Commands.o
                0x20009c54                CMD_DeleteAllFiles
 .text.CMD_GetLastFS_Error
                0x20009c8c       0x4c ./src/SubSystemModules/Communication/SubsystemCommands/FS_Commands.o
                0x20009c8c                CMD_GetLastFS_Error
 .text.CMD_Get_TLM_Info
                0x20009cd8      0x118 ./src/SubSystemModules/Communication/SubsystemCommands/FS_Commands.o
                0x20009cd8                CMD_Get_TLM_Info
 .text.CMD_Switch_SD_Card
                0x20009df0       0xb8 ./src/SubSystemModules/Communication/SubsystemCommands/FS_Commands.o
                0x20009df0                CMD_Switch_SD_Card
 .text.CMD_Format_SD_Card
                0x20009ea8       0x80 ./src/SubSystemModules/Communication/SubsystemCommands/FS_Commands.o
                0x20009ea8                CMD_Format_SD_Card
 .text.CMD_GenericI2C
                0x20009f28      0x144 ./src/SubSystemModules/Communication/SubsystemCommands/Maintanence_Commands.o
                0x20009f28                CMD_GenericI2C
 .text.CMD_FRAM_ReadAndTransmitt
                0x2000a06c       0xe8 ./src/SubSystemModules/Communication/SubsystemCommands/Maintanence_Commands.o
                0x2000a06c                CMD_FRAM_ReadAndTransmitt
 .text.CMD_FRAM_WriteAndTransmitt
                0x2000a154      0x11c ./src/SubSystemModules/Communication/SubsystemCommands/Maintanence_Commands.o
                0x2000a154                CMD_FRAM_WriteAndTransmitt
 .text.CMD_FRAM_ReStart
                0x2000a270       0x4c ./src/SubSystemModules/Communication/SubsystemCommands/Maintanence_Commands.o
                0x2000a270                CMD_FRAM_ReStart
 .text.CMD_UpdateSatTime
                0x2000a2bc       0xa4 ./src/SubSystemModules/Communication/SubsystemCommands/Maintanence_Commands.o
                0x2000a2bc                CMD_UpdateSatTime
 .text.CMD_GetSatUptime
                0x2000a360       0x48 ./src/SubSystemModules/Communication/SubsystemCommands/Maintanence_Commands.o
                0x2000a360                CMD_GetSatUptime
 .text.CMD_ResetComponent
                0x2000a3a8      0x28c ./src/SubSystemModules/Communication/SubsystemCommands/Maintanence_Commands.o
                0x2000a3a8                CMD_ResetComponent
 .text.DumpTask
                0x2000a634      0x310 ./src/SubSystemModules/Communication/SubsystemCommands/TRXVU_Commands.o
                0x2000a634                DumpTask
 .text.CMD_AntennaDeploy
                0x2000a944       0xec ./src/SubSystemModules/Communication/SubsystemCommands/TRXVU_Commands.o
                0x2000a944                CMD_AntennaDeploy
 .text.CMD_StartDump
                0x2000aa30      0x224 ./src/SubSystemModules/Communication/SubsystemCommands/TRXVU_Commands.o
                0x2000aa30                CMD_StartDump
 .text.CMD_SendDumpAbortRequest
                0x2000ac54       0x38 ./src/SubSystemModules/Communication/SubsystemCommands/TRXVU_Commands.o
                0x2000ac54                CMD_SendDumpAbortRequest
 .text.CMD_ForceDumpAbort
                0x2000ac8c       0x3c ./src/SubSystemModules/Communication/SubsystemCommands/TRXVU_Commands.o
                0x2000ac8c                CMD_ForceDumpAbort
 .text.CMD_SetTransponder
                0x2000acc8      0x110 ./src/SubSystemModules/Communication/SubsystemCommands/TRXVU_Commands.o
                0x2000acc8                CMD_SetTransponder
 .text.CMD_SetRSSITransponder
                0x2000add8       0x90 ./src/SubSystemModules/Communication/SubsystemCommands/TRXVU_Commands.o
                0x2000add8                CMD_SetRSSITransponder
 .text.CMD_MuteTRXVU
                0x2000ae68       0xc4 ./src/SubSystemModules/Communication/SubsystemCommands/TRXVU_Commands.o
                0x2000ae68                CMD_MuteTRXVU
 .text.CMD_SetIdleState
                0x2000af2c       0x94 ./src/SubSystemModules/Communication/SubsystemCommands/TRXVU_Commands.o
                0x2000af2c                CMD_SetIdleState
 .text.CMD_UnMuteTRXVU
                0x2000afc0       0x38 ./src/SubSystemModules/Communication/SubsystemCommands/TRXVU_Commands.o
                0x2000afc0                CMD_UnMuteTRXVU
 .text.CMD_GetBaudRate
                0x2000aff8       0x68 ./src/SubSystemModules/Communication/SubsystemCommands/TRXVU_Commands.o
                0x2000aff8                CMD_GetBaudRate
 .text.CMD_TrasmitBeacon
                0x2000b060       0x48 ./src/SubSystemModules/Communication/SubsystemCommands/TRXVU_Commands.o
                0x2000b060                CMD_TrasmitBeacon
 .text.CMD_GetBeaconInterval
                0x2000b0a8       0x6c ./src/SubSystemModules/Communication/SubsystemCommands/TRXVU_Commands.o
                0x2000b0a8                CMD_GetBeaconInterval
 .text.CMD_SetBaudRate
                0x2000b114       0x60 ./src/SubSystemModules/Communication/SubsystemCommands/TRXVU_Commands.o
                0x2000b114                CMD_SetBaudRate
 .text.CMD_GetTxUptime
                0x2000b174       0x64 ./src/SubSystemModules/Communication/SubsystemCommands/TRXVU_Commands.o
                0x2000b174                CMD_GetTxUptime
 .text.CMD_GetRxUptime
                0x2000b1d8       0x64 ./src/SubSystemModules/Communication/SubsystemCommands/TRXVU_Commands.o
                0x2000b1d8                CMD_GetRxUptime
 .text.CMD_GetNumOfOnlineCommands
                0x2000b23c       0x64 ./src/SubSystemModules/Communication/SubsystemCommands/TRXVU_Commands.o
                0x2000b23c                CMD_GetNumOfOnlineCommands
 .text.CMD_AntSetArmStatus
                0x2000b2a0       0xa0 ./src/SubSystemModules/Communication/SubsystemCommands/TRXVU_Commands.o
                0x2000b2a0                CMD_AntSetArmStatus
 .text.CMD_AntGetArmStatus
                0x2000b340       0x70 ./src/SubSystemModules/Communication/SubsystemCommands/TRXVU_Commands.o
                0x2000b340                CMD_AntGetArmStatus
 .text.CMD_AntGetUptime
                0x2000b3b0       0x78 ./src/SubSystemModules/Communication/SubsystemCommands/TRXVU_Commands.o
                0x2000b3b0                CMD_AntGetUptime
 .text.CMD_StopReDeployment
                0x2000b428       0xac ./src/SubSystemModules/Communication/SubsystemCommands/TRXVU_Commands.o
                0x2000b428                CMD_StopReDeployment
 .text.CMD_AntCancelDeployment
                0x2000b4d4       0x68 ./src/SubSystemModules/Communication/SubsystemCommands/TRXVU_Commands.o
                0x2000b4d4                CMD_AntCancelDeployment
 .text.SendAckPacket
                0x2000b53c       0xe4 ./src/SubSystemModules/Communication/AckHandler.o
                0x2000b53c                SendAckPacket
 .text.trxvu_command_router
                0x2000b620      0x548 ./src/SubSystemModules/Communication/CommandDictionary.o
                0x2000b620                trxvu_command_router
 .text.eps_command_router
                0x2000bb68       0xdc ./src/SubSystemModules/Communication/CommandDictionary.o
                0x2000bb68                eps_command_router
 .text.telemetry_command_router
                0x2000bc44      0x23c ./src/SubSystemModules/Communication/CommandDictionary.o
                0x2000bc44                telemetry_command_router
 .text.managment_command_router
                0x2000be80      0x12c ./src/SubSystemModules/Communication/CommandDictionary.o
                0x2000be80                managment_command_router
 .text.filesystem_command_router
                0x2000bfac       0x24 ./src/SubSystemModules/Communication/CommandDictionary.o
                0x2000bfac                filesystem_command_router
 .text.ParseDataToCommand
                0x2000bfd0      0x1ac ./src/SubSystemModules/Communication/SatCommandHandler.o
                0x2000bfd0                ParseDataToCommand
 .text.AssembleCommand
                0x2000c17c      0x148 ./src/SubSystemModules/Communication/SatCommandHandler.o
                0x2000c17c                AssembleCommand
 .text.GetDelayedCommand
                0x2000c2c4       0x24 ./src/SubSystemModules/Communication/SatCommandHandler.o
                0x2000c2c4                GetDelayedCommand
 .text.AddDelayedCommand
                0x2000c2e8       0x24 ./src/SubSystemModules/Communication/SatCommandHandler.o
                0x2000c2e8                AddDelayedCommand
 .text.GetDelayedCommandBufferCount
                0x2000c30c       0x50 ./src/SubSystemModules/Communication/SatCommandHandler.o
                0x2000c30c                GetDelayedCommandBufferCount
 .text.GetDelayedCommandByIndex
                0x2000c35c       0x28 ./src/SubSystemModules/Communication/SatCommandHandler.o
                0x2000c35c                GetDelayedCommandByIndex
 .text.DeleteDelayedCommandByIndex
                0x2000c384       0x24 ./src/SubSystemModules/Communication/SatCommandHandler.o
                0x2000c384                DeleteDelayedCommandByIndex
 .text.DeleteDelayedBuffer
                0x2000c3a8       0x1c ./src/SubSystemModules/Communication/SatCommandHandler.o
                0x2000c3a8                DeleteDelayedBuffer
 .text.ActUponCommand
                0x2000c3c4      0x108 ./src/SubSystemModules/Communication/SatCommandHandler.o
                0x2000c3c4                ActUponCommand
 .text.setMuteEndTime
                0x2000c4cc       0x40 ./src/SubSystemModules/Communication/TRXVU.o
                0x2000c4cc                setMuteEndTime
 .text.getMuteEndTime
                0x2000c50c       0x44 ./src/SubSystemModules/Communication/TRXVU.o
                0x2000c50c                getMuteEndTime
 .text.setTransponderEndTime
                0x2000c550       0x40 ./src/SubSystemModules/Communication/TRXVU.o
                0x2000c550                setTransponderEndTime
 .text.getTransponderEndTime
                0x2000c590       0x44 ./src/SubSystemModules/Communication/TRXVU.o
                0x2000c590                getTransponderEndTime
 .text.setTransponderRSSIinFRAM
                0x2000c5d4       0x44 ./src/SubSystemModules/Communication/TRXVU.o
                0x2000c5d4                setTransponderRSSIinFRAM
 .text.getTransponderRSSIFromFRAM
                0x2000c618       0x4c ./src/SubSystemModules/Communication/TRXVU.o
                0x2000c618                getTransponderRSSIFromFRAM
 .text.InitTxModule
                0x2000c664       0x68 ./src/SubSystemModules/Communication/TRXVU.o
                0x2000c664                InitTxModule
 .text.CMD_SetBeaconInterval
                0x2000c6cc       0xdc ./src/SubSystemModules/Communication/TRXVU.o
                0x2000c6cc                CMD_SetBeaconInterval
 .text.InitBeaconParams
                0x2000c7a8       0x3c ./src/SubSystemModules/Communication/TRXVU.o
                0x2000c7a8                InitBeaconParams
 .text.InitSemaphores
                0x2000c7e4       0x98 ./src/SubSystemModules/Communication/TRXVU.o
                0x2000c7e4                InitSemaphores
 .text.InitTrxvu
                0x2000c87c       0xec ./src/SubSystemModules/Communication/TRXVU.o
                0x2000c87c                InitTrxvu
 .text.checkIdleFinish
                0x2000c968       0x68 ./src/SubSystemModules/Communication/TRXVU.o
                0x2000c968                checkIdleFinish
 .text.checkTransponderFinish
                0x2000c9d0       0x50 ./src/SubSystemModules/Communication/TRXVU.o
                0x2000c9d0                checkTransponderFinish
 .text.checkTransponderStart
                0x2000ca20       0x50 ./src/SubSystemModules/Communication/TRXVU.o
                0x2000ca20                checkTransponderStart
 .text.turnOnTransponder
                0x2000ca70       0xa0 ./src/SubSystemModules/Communication/TRXVU.o
                0x2000ca70                turnOnTransponder
 .text.turnOffTransponder
                0x2000cb10       0x90 ./src/SubSystemModules/Communication/TRXVU.o
                0x2000cb10                turnOffTransponder
 .text.SetRSSITransponder
                0x2000cba0       0x80 ./src/SubSystemModules/Communication/TRXVU.o
                0x2000cba0                SetRSSITransponder
 .text.TRX_Logic
                0x2000cc20       0xd4 ./src/SubSystemModules/Communication/TRXVU.o
                0x2000cc20                TRX_Logic
 .text.GetNumberOfFramesInBuffer
                0x2000ccf4       0x5c ./src/SubSystemModules/Communication/TRXVU.o
                0x2000ccf4                GetNumberOfFramesInBuffer
 .text.GetOnlineCommand
                0x2000cd50      0x17c ./src/SubSystemModules/Communication/TRXVU.o
                0x2000cd50                GetOnlineCommand
 .text.CheckTransmitionAllowed
                0x2000cecc       0xc0 ./src/SubSystemModules/Communication/TRXVU.o
                0x2000cecc                CheckTransmitionAllowed
 .text.FinishDump
                0x2000cf8c       0xf0 ./src/SubSystemModules/Communication/TRXVU.o
                0x2000cf8c                FinishDump
 .text.AbortDump
                0x2000d07c       0x34 ./src/SubSystemModules/Communication/TRXVU.o
                0x2000d07c                AbortDump
 .text.SendDumpAbortRequest
                0x2000d0b0       0x6c ./src/SubSystemModules/Communication/TRXVU.o
                0x2000d0b0                SendDumpAbortRequest
 .text.CheckDumpAbort
                0x2000d11c       0x6c ./src/SubSystemModules/Communication/TRXVU.o
                0x2000d11c                CheckDumpAbort
 .text.BeaconLogic
                0x2000d188      0x1b8 ./src/SubSystemModules/Communication/TRXVU.o
                0x2000d188                BeaconLogic
 .text.SetIdleState
                0x2000d340      0x144 ./src/SubSystemModules/Communication/TRXVU.o
                0x2000d340                SetIdleState
 .text.muteTRXVU
                0x2000d484       0x74 ./src/SubSystemModules/Communication/TRXVU.o
                0x2000d484                muteTRXVU
 .text.UnMuteTRXVU
                0x2000d4f8       0x14 ./src/SubSystemModules/Communication/TRXVU.o
                0x2000d4f8                UnMuteTRXVU
 .text.TransmitDataAsSPL_Packet
                0x2000d50c      0x114 ./src/SubSystemModules/Communication/TRXVU.o
                0x2000d50c                TransmitDataAsSPL_Packet
 .text.TransmitSplPacket
                0x2000d620      0x1cc ./src/SubSystemModules/Communication/TRXVU.o
                0x2000d620                TransmitSplPacket
 .text.isFirstActivation
                0x2000d7ec       0x38 ./src/InitSystem.o
                0x2000d7ec                isFirstActivation
 .text.WriteDefaultValuesToFRAM
                0x2000d824      0x208 ./src/InitSystem.o
                0x2000d824                WriteDefaultValuesToFRAM
 .text.StartFRAM
                0x2000da2c       0x64 ./src/InitSystem.o
                0x2000da2c                StartFRAM
 .text.StartI2C
                0x2000da90       0x38 ./src/InitSystem.o
                0x2000da90                StartI2C
 .text.StartSPI
                0x2000dac8       0x34 ./src/InitSystem.o
                0x2000dac8                StartSPI
 .text.StartTIME
                0x2000dafc       0xbc ./src/InitSystem.o
                0x2000dafc                StartTIME
 .text.DeploySystem
                0x2000dbb8      0x1a4 ./src/InitSystem.o
                0x2000dbb8                DeploySystem
 .text.InitSubsystems
                0x2000dd5c       0x64 ./src/InitSystem.o
                0x2000dd5c                InitSubsystems
 .text.CMD_getInfoImage
                0x2000ddc0      0x158 ./src/TLM_management.o
                0x2000ddc0                CMD_getInfoImage
 .text.CMD_getDataImage
                0x2000df18      0x218 ./src/TLM_management.o
                0x2000df18                CMD_getDataImage
 .text.delete_allTMFilesFromSD
                0x2000e130       0x8c ./src/TLM_management.o
                0x2000e130                delete_allTMFilesFromSD
 .text.deleteTLMFiles
                0x2000e1bc       0x94 ./src/TLM_management.o
                0x2000e1bc                deleteTLMFiles
 .text.deleteTLMFile
                0x2000e250       0xcc ./src/TLM_management.o
                0x2000e250                deleteTLMFile
 .text.deleteTLMbyMonth
                0x2000e31c       0xac ./src/TLM_management.o
                0x2000e31c                deleteTLMbyMonth
 .text.deleteDirectory
                0x2000e3c8      0x158 ./src/TLM_management.o
                0x2000e3c8                deleteDirectory
 .text.InitializeFS
                0x2000e520       0xec ./src/TLM_management.o
                0x2000e520                InitializeFS
 .text.calculateFileName
                0x2000e60c      0x130 ./src/TLM_management.o
                0x2000e60c                calculateFileName
 .text.getTlmTypeInfo
                0x2000e73c      0x230 ./src/TLM_management.o
                0x2000e73c                getTlmTypeInfo
 .text.write2File
                0x2000e96c      0x1dc ./src/TLM_management.o
                0x2000e96c                write2File
 .text.printTLM
                0x2000eb48      0x490 ./src/TLM_management.o
                0x2000eb48                printTLM
 .text.readTLMFile
                0x2000efd8      0x328 ./src/TLM_management.o
                0x2000efd8                readTLMFile
 .text.readTLMFiles
                0x2000f300       0xdc ./src/TLM_management.o
                0x2000f300                readTLMFiles
 .text.readTLMFileTimeRange
                0x2000f3dc      0x2f0 ./src/TLM_management.o
                0x2000f3dc                readTLMFileTimeRange
 .text.DeInitializeFS
                0x2000f6cc       0x38 ./src/TLM_management.o
                0x2000f6cc                DeInitializeFS
 .text.main     0x2000f704       0x98 ./src/main.o
                0x2000f704                main
 .text.timeU2time
                0x2000f79c       0xbc ./src/utils.o
                0x2000f79c                timeU2time
 .text.logError
                0x2000f858      0x148 ./src/utils.o
                0x2000f858                logError
 .text.clearPDCtransfers
                0x2000f9a0       0xe8 C:/ISIS/workspace/ycube/GlobusSatProject/..//hal/hal/lib\libHALD.a(SPI.o)
 .text.SPI_start
                0x2000fa88      0x4b0 C:/ISIS/workspace/ycube/GlobusSatProject/..//hal/hal/lib\libHALD.a(SPI.o)
                0x2000fa88                SPI_start
 .text.SPI_stop
                0x2000ff38      0x244 C:/ISIS/workspace/ycube/GlobusSatProject/..//hal/hal/lib\libHALD.a(SPI.o)
                0x2000ff38                SPI_stop
 .text.SPI_queueTransfer
                0x2001017c      0x1cc C:/ISIS/workspace/ycube/GlobusSatProject/..//hal/hal/lib\libHALD.a(SPI.o)
                0x2001017c                SPI_queueTransfer
 .text.SPI_internalCallback
                0x20010348       0x64 C:/ISIS/workspace/ycube/GlobusSatProject/..//hal/hal/lib\libHALD.a(SPI.o)
 .text.SPI_writeRead
                0x200103ac      0x1c0 C:/ISIS/workspace/ycube/GlobusSatProject/..//hal/hal/lib\libHALD.a(SPI.o)
                0x200103ac                SPI_writeRead
 .text.waitForTransfer
                0x2001056c       0x78 C:/ISIS/workspace/ycube/GlobusSatProject/..//hal/hal/lib\libHALD.a(SPI.o)
 .text.SPI_getDriverState
                0x200105e4       0x58 C:/ISIS/workspace/ycube/GlobusSatProject/..//hal/hal/lib\libHALD.a(SPI.o)
                0x200105e4                SPI_getDriverState
 .text.validateTransferParameters
                0x2001063c      0x10c C:/ISIS/workspace/ycube/GlobusSatProject/..//hal/hal/lib\libHALD.a(I2C.o)
 .text.I2C_queueTransfer
                0x20010748       0xfc C:/ISIS/workspace/ycube/GlobusSatProject/..//hal/hal/lib\libHALD.a(I2C.o)
                0x20010748                I2C_queueTransfer
 .text.I2C_internalCallback
                0x20010844       0x64 C:/ISIS/workspace/ycube/GlobusSatProject/..//hal/hal/lib\libHALD.a(I2C.o)
 .text.I2C_doBlockingTransfer
                0x200108a8      0x180 C:/ISIS/workspace/ycube/GlobusSatProject/..//hal/hal/lib\libHALD.a(I2C.o)
 .text.I2C_write
                0x20010a28      0x110 C:/ISIS/workspace/ycube/GlobusSatProject/..//hal/hal/lib\libHALD.a(I2C.o)
                0x20010a28                I2C_write
 .text.I2C_read
                0x20010b38      0x110 C:/ISIS/workspace/ycube/GlobusSatProject/..//hal/hal/lib\libHALD.a(I2C.o)
                0x20010b38                I2C_read
 .text.I2C_writeRead
                0x20010c48      0x17c C:/ISIS/workspace/ycube/GlobusSatProject/..//hal/hal/lib\libHALD.a(I2C.o)
                0x20010c48                I2C_writeRead
 .text.I2C_start
                0x20010dc4      0x2e8 C:/ISIS/workspace/ycube/GlobusSatProject/..//hal/hal/lib\libHALD.a(I2C.o)
                0x20010dc4                I2C_start
 .text.I2C_stop
                0x200110ac      0x184 C:/ISIS/workspace/ycube/GlobusSatProject/..//hal/hal/lib\libHALD.a(I2C.o)
                0x200110ac                I2C_stop
 .text.I2C_setTransferTimeout
                0x20011230       0x48 C:/ISIS/workspace/ycube/GlobusSatProject/..//hal/hal/lib\libHALD.a(I2C.o)
                0x20011230                I2C_setTransferTimeout
 .text.ADC_ConvertRaw10bitToMillivolt
                0x20011278       0x50 C:/ISIS/workspace/ycube/GlobusSatProject/..//hal/hal/lib\libHALD.a(ADC.o)
                0x20011278                ADC_ConvertRaw10bitToMillivolt
 .text.ADC_SingleShot
                0x200112c8      0x230 C:/ISIS/workspace/ycube/GlobusSatProject/..//hal/hal/lib\libHALD.a(ADC.o)
                0x200112c8                ADC_SingleShot
 .text.FRAM_start
                0x200114f8      0x120 C:/ISIS/workspace/ycube/GlobusSatProject/..//hal/hal/lib\libHALD.a(FRAM.o)
                0x200114f8                FRAM_start
 .text.FRAM_stop
                0x20011618       0x6c C:/ISIS/workspace/ycube/GlobusSatProject/..//hal/hal/lib\libHALD.a(FRAM.o)
                0x20011618                FRAM_stop
 .text.FRAM_dummyCallback
                0x20011684       0x24 C:/ISIS/workspace/ycube/GlobusSatProject/..//hal/hal/lib\libHALD.a(FRAM.o)
                0x20011684                FRAM_dummyCallback
 .text.FRAM_unlockingCallback
                0x200116a8       0x64 C:/ISIS/workspace/ycube/GlobusSatProject/..//hal/hal/lib\libHALD.a(FRAM.o)
                0x200116a8                FRAM_unlockingCallback
 .text.doBlockingTransfer
                0x2001170c       0x78 C:/ISIS/workspace/ycube/GlobusSatProject/..//hal/hal/lib\libHALD.a(FRAM.o)
 .text.FRAM_writePacket
                0x20011784      0x134 C:/ISIS/workspace/ycube/GlobusSatProject/..//hal/hal/lib\libHALD.a(FRAM.o)
 .text.FRAM_write
                0x200118b8      0x1e0 C:/ISIS/workspace/ycube/GlobusSatProject/..//hal/hal/lib\libHALD.a(FRAM.o)
                0x200118b8                FRAM_write
 .text.FRAM_readPacket
                0x20011a98       0xf0 C:/ISIS/workspace/ycube/GlobusSatProject/..//hal/hal/lib\libHALD.a(FRAM.o)
 .text.FRAM_read
                0x20011b88      0x1ec C:/ISIS/workspace/ycube/GlobusSatProject/..//hal/hal/lib\libHALD.a(FRAM.o)
                0x20011b88                FRAM_read
 .text.Time_start
                0x20011d74      0x170 C:/ISIS/workspace/ycube/GlobusSatProject/..//hal/hal/lib\libHALD.a(Time.o)
                0x20011d74                Time_start
 .text.taskTimeSync
                0x20011ee4       0x64 C:/ISIS/workspace/ycube/GlobusSatProject/..//hal/hal/lib\libHALD.a(Time.o)
 .text.Time_convertEpochToTime
                0x20011f48      0x100 C:/ISIS/workspace/ycube/GlobusSatProject/..//hal/hal/lib\libHALD.a(Time.o)
                0x20011f48                Time_convertEpochToTime
 .text.Time_calculateSecondsOfYear
                0x20012048       0xd8 C:/ISIS/workspace/ycube/GlobusSatProject/..//hal/hal/lib\libHALD.a(Time.o)
 .text.Time_set
                0x20012120       0xd8 C:/ISIS/workspace/ycube/GlobusSatProject/..//hal/hal/lib\libHALD.a(Time.o)
                0x20012120                Time_set
 .text.Time_isLeapYear
                0x200121f8       0x98 C:/ISIS/workspace/ycube/GlobusSatProject/..//hal/hal/lib\libHALD.a(Time.o)
                0x200121f8                Time_isLeapYear
 .text.Time_get
                0x20012290      0x478 C:/ISIS/workspace/ycube/GlobusSatProject/..//hal/hal/lib\libHALD.a(Time.o)
                0x20012290                Time_get
 .text.Time_getUnixEpoch
                0x20012708      0x108 C:/ISIS/workspace/ycube/GlobusSatProject/..//hal/hal/lib\libHALD.a(Time.o)
                0x20012708                Time_getUnixEpoch
 .text.Time_secondsOfYearToTime
                0x20012810      0x33c C:/ISIS/workspace/ycube/GlobusSatProject/..//hal/hal/lib\libHALD.a(Time.o)
 .text.Time_setUnixEpoch
                0x20012b4c       0x54 C:/ISIS/workspace/ycube/GlobusSatProject/..//hal/hal/lib\libHALD.a(Time.o)
                0x20012b4c                Time_setUnixEpoch
 .text.Time_getUptimeSeconds
                0x20012ba0       0x28 C:/ISIS/workspace/ycube/GlobusSatProject/..//hal/hal/lib\libHALD.a(Time.o)
                0x20012ba0                Time_getUptimeSeconds
 .text.Time_sync
                0x20012bc8      0x1a8 C:/ISIS/workspace/ycube/GlobusSatProject/..//hal/hal/lib\libHALD.a(Time.o)
                0x20012bc8                Time_sync
 .text.Time_syncIfNeeded
                0x20012d70       0xac C:/ISIS/workspace/ycube/GlobusSatProject/..//hal/hal/lib\libHALD.a(Time.o)
                0x20012d70                Time_syncIfNeeded
 .text.WDT_start
                0x20012e1c       0x48 C:/ISIS/workspace/ycube/GlobusSatProject/..//hal/hal/lib\libHALD.a(WatchDogTimerNoOS.o)
                0x20012e1c                WDT_start
 .text.RTT_start
                0x20012e64       0x24 C:/ISIS/workspace/ycube/GlobusSatProject/..//hal/hal/lib\libHALD.a(RTT.o)
                0x20012e64                RTT_start
 .text.RTT_GetTime
                0x20012e88       0x24 C:/ISIS/workspace/ycube/GlobusSatProject/..//hal/hal/lib\libHALD.a(RTT.o)
                0x20012e88                RTT_GetTime
 .text.RTC_start
                0x20012eac       0x3c C:/ISIS/workspace/ycube/GlobusSatProject/..//hal/hal/lib\libHALD.a(RTC.o)
                0x20012eac                RTC_start
 .text.RTC_setTime
                0x20012ee8      0x2a4 C:/ISIS/workspace/ycube/GlobusSatProject/..//hal/hal/lib\libHALD.a(RTC.o)
                0x20012ee8                RTC_setTime
 .text.RTC_getTime
                0x2001318c      0x230 C:/ISIS/workspace/ycube/GlobusSatProject/..//hal/hal/lib\libHALD.a(RTC.o)
                0x2001318c                RTC_getTime
 .text.RTC_checkTimeValid
                0x200133bc       0xd8 C:/ISIS/workspace/ycube/GlobusSatProject/..//hal/hal/lib\libHALD.a(RTC.o)
                0x200133bc                RTC_checkTimeValid
 .text.WDT_startWatchdogKickTask
                0x20013494       0xb4 C:/ISIS/workspace/ycube/GlobusSatProject/..//hal/hal/lib\libHALD.a(WatchDogTimerOS.o)
                0x20013494                WDT_startWatchdogKickTask
 .text.WDT_forceKickEveryNms
                0x20013548       0x50 C:/ISIS/workspace/ycube/GlobusSatProject/..//hal/hal/lib\libHALD.a(WatchDogTimerOS.o)
                0x20013548                WDT_forceKickEveryNms
 .text.f_puts   0x20013598       0x80 C:/ISIS/workspace/ycube/GlobusSatProject/..//hal/hal/lib\libHALD.a(fprintf.o)
                0x20013598                f_puts
 .text.UTIL_DbguGetInteger
                0x20013618      0x168 C:/ISIS/workspace/ycube/GlobusSatProject/..//hal/hal/lib\libHALD.a(util.o)
                0x20013618                UTIL_DbguGetInteger
 .text.UTIL_DbguGetIntegerMinMax
                0x20013780       0xa4 C:/ISIS/workspace/ycube/GlobusSatProject/..//hal/hal/lib\libHALD.a(util.o)
                0x20013780                UTIL_DbguGetIntegerMinMax
 .text.LED_glow
                0x20013824       0x58 C:/ISIS/workspace/ycube/GlobusSatProject/..//hal/hal/lib\libHALD.a(LED.o)
                0x20013824                LED_glow
 .text.LED_dark
                0x2001387c       0x58 C:/ISIS/workspace/ycube/GlobusSatProject/..//hal/hal/lib\libHALD.a(LED.o)
                0x2001387c                LED_dark
 .text.LED_toggle
                0x200138d4       0x50 C:/ISIS/workspace/ycube/GlobusSatProject/..//hal/hal/lib\libHALD.a(LED.o)
                0x200138d4                LED_toggle
 .text.fm_initvolume
                0x20013924       0x70 C:/ISIS/workspace/ycube/GlobusSatProject/..//hal/hcc/lib\libHCCD.a(fat_m.o)
                0x20013924                fm_initvolume
 .text.fm_delvolume
                0x20013994       0x60 C:/ISIS/workspace/ycube/GlobusSatProject/..//hal/hcc/lib\libHCCD.a(fat_m.o)
                0x20013994                fm_delvolume
 .text.fm_format
                0x200139f4       0x68 C:/ISIS/workspace/ycube/GlobusSatProject/..//hal/hcc/lib\libHCCD.a(fat_m.o)
                0x200139f4                fm_format
 .text.fm_getdrive
                0x20013a5c       0x70 C:/ISIS/workspace/ycube/GlobusSatProject/..//hal/hcc/lib\libHCCD.a(fat_m.o)
                0x20013a5c                fm_getdrive
 .text.fm_getfreespace
                0x20013acc       0x68 C:/ISIS/workspace/ycube/GlobusSatProject/..//hal/hcc/lib\libHCCD.a(fat_m.o)
                0x20013acc                fm_getfreespace
 .text.fm_mkdir
                0x20013b34       0x60 C:/ISIS/workspace/ycube/GlobusSatProject/..//hal/hcc/lib\libHCCD.a(fat_m.o)
                0x20013b34                fm_mkdir
 .text.fm_rmdir
                0x20013b94       0x60 C:/ISIS/workspace/ycube/GlobusSatProject/..//hal/hcc/lib\libHCCD.a(fat_m.o)
                0x20013b94                fm_rmdir
 .text.fm_findfirst
                0x20013bf4       0x68 C:/ISIS/workspace/ycube/GlobusSatProject/..//hal/hcc/lib\libHCCD.a(fat_m.o)
                0x20013bf4                fm_findfirst
 .text.fm_findnext
                0x20013c5c       0x60 C:/ISIS/workspace/ycube/GlobusSatProject/..//hal/hcc/lib\libHCCD.a(fat_m.o)
                0x20013c5c                fm_findnext
 .text.fm_close
                0x20013cbc       0x60 C:/ISIS/workspace/ycube/GlobusSatProject/..//hal/hcc/lib\libHCCD.a(fat_m.o)
                0x20013cbc                fm_close
 .text.fm_flush
                0x20013d1c       0x60 C:/ISIS/workspace/ycube/GlobusSatProject/..//hal/hcc/lib\libHCCD.a(fat_m.o)
                0x20013d1c                fm_flush
 .text.fm_open  0x20013d7c       0x68 C:/ISIS/workspace/ycube/GlobusSatProject/..//hal/hcc/lib\libHCCD.a(fat_m.o)
                0x20013d7c                fm_open
 .text.fm_read  0x20013de4       0x7c C:/ISIS/workspace/ycube/GlobusSatProject/..//hal/hcc/lib\libHCCD.a(fat_m.o)
                0x20013de4                fm_read
 .text.fm_write
                0x20013e60       0x7c C:/ISIS/workspace/ycube/GlobusSatProject/..//hal/hcc/lib\libHCCD.a(fat_m.o)
                0x20013e60                fm_write
 .text.fm_seek  0x20013edc       0x70 C:/ISIS/workspace/ycube/GlobusSatProject/..//hal/hcc/lib\libHCCD.a(fat_m.o)
                0x20013edc                fm_seek
 .text.fm_tell  0x20013f4c       0x60 C:/ISIS/workspace/ycube/GlobusSatProject/..//hal/hcc/lib\libHCCD.a(fat_m.o)
                0x20013f4c                fm_tell
 .text.fm_putc  0x20013fac       0x68 C:/ISIS/workspace/ycube/GlobusSatProject/..//hal/hcc/lib\libHCCD.a(fat_m.o)
                0x20013fac                fm_putc
 .text.fm_rewind
                0x20014014       0x60 C:/ISIS/workspace/ycube/GlobusSatProject/..//hal/hcc/lib\libHCCD.a(fat_m.o)
                0x20014014                fm_rewind
 .text.fm_delete
                0x20014074       0x64 C:/ISIS/workspace/ycube/GlobusSatProject/..//hal/hcc/lib\libHCCD.a(fat_m.o)
                0x20014074                fm_delete
 .text.fm_getlasterror
                0x200140d8       0x40 C:/ISIS/workspace/ycube/GlobusSatProject/..//hal/hcc/lib\libHCCD.a(fat_m.o)
                0x200140d8                fm_getlasterror
 .text._f_invalidatedir
                0x20014118       0x28 C:/ISIS/workspace/ycube/GlobusSatProject/..//hal/hcc/lib\libHCCD.a(fat.o)
                0x20014118                _f_invalidatedir
 .text._f_getdirsector
                0x20014140       0x88 C:/ISIS/workspace/ycube/GlobusSatProject/..//hal/hcc/lib\libHCCD.a(fat.o)
                0x20014140                _f_getdirsector
 .text._f_writedirsector
                0x200141c8       0x74 C:/ISIS/workspace/ycube/GlobusSatProject/..//hal/hcc/lib\libHCCD.a(fat.o)
                0x200141c8                _f_writedirsector
 .text._f_checknameinv
                0x2001423c      0x180 C:/ISIS/workspace/ycube/GlobusSatProject/..//hal/hcc/lib\libHCCD.a(fat.o)
 .text._f_checkname
                0x200143bc       0x7c C:/ISIS/workspace/ycube/GlobusSatProject/..//hal/hcc/lib\libHCCD.a(fat.o)
 .text._f_checknamewc
                0x20014438       0xf8 C:/ISIS/workspace/ycube/GlobusSatProject/..//hal/hcc/lib\libHCCD.a(fat.o)
 .text._f_setnameext
                0x20014530      0x300 C:/ISIS/workspace/ycube/GlobusSatProject/..//hal/hcc/lib\libHCCD.a(fat.o)
 .text._f_setfsname
                0x20014830      0x584 C:/ISIS/workspace/ycube/GlobusSatProject/..//hal/hcc/lib\libHCCD.a(fat.o)
 .text._f_findfile
                0x20014db4      0x30c C:/ISIS/workspace/ycube/GlobusSatProject/..//hal/hcc/lib\libHCCD.a(fat.o)
 .text._f_cmp_wname
                0x200150c0      0x274 C:/ISIS/workspace/ycube/GlobusSatProject/..//hal/hcc/lib\libHCCD.a(fat.o)
 .text._f_to_string
                0x20015334      0x130 C:/ISIS/workspace/ycube/GlobusSatProject/..//hal/hcc/lib\libHCCD.a(fat.o)
 .text._f_findfilewc
                0x20015464      0x278 C:/ISIS/workspace/ycube/GlobusSatProject/..//hal/hcc/lib\libHCCD.a(fat.o)
 .text._f_getfilename
                0x200156dc      0x20c C:/ISIS/workspace/ycube/GlobusSatProject/..//hal/hcc/lib\libHCCD.a(fat.o)
 .text._f_findpath
                0x200158e8      0x35c C:/ISIS/workspace/ycube/GlobusSatProject/..//hal/hcc/lib\libHCCD.a(fat.o)
 .text.fn_getdcwd
                0x20015c44      0x1e0 C:/ISIS/workspace/ycube/GlobusSatProject/..//hal/hcc/lib\libHCCD.a(fat.o)
                0x20015c44                fn_getdcwd
 .text.fn_findfirst
                0x20015e24      0x13c C:/ISIS/workspace/ycube/GlobusSatProject/..//hal/hcc/lib\libHCCD.a(fat.o)
                0x20015e24                fn_findfirst
 .text.fn_findnext
                0x20015f60      0x360 C:/ISIS/workspace/ycube/GlobusSatProject/..//hal/hcc/lib\libHCCD.a(fat.o)
                0x20015f60                fn_findnext
 .text._f_lock_resfile
                0x200162c0       0x6c C:/ISIS/workspace/ycube/GlobusSatProject/..//hal/hcc/lib\libHCCD.a(fat.o)
 .text._f_unlock_resfile
                0x2001632c       0x40 C:/ISIS/workspace/ycube/GlobusSatProject/..//hal/hcc/lib\libHCCD.a(fat.o)
 .text._f_getintfile
                0x2001636c      0x124 C:/ISIS/workspace/ycube/GlobusSatProject/..//hal/hcc/lib\libHCCD.a(fat.o)
 .text._f_addentry
                0x20016490      0x540 C:/ISIS/workspace/ycube/GlobusSatProject/..//hal/hcc/lib\libHCCD.a(fat.o)
 .text.fn_mkdir
                0x200169d0      0x75c C:/ISIS/workspace/ycube/GlobusSatProject/..//hal/hcc/lib\libHCCD.a(fat.o)
                0x200169d0                fn_mkdir
 .text.fn_open_sub
                0x2001712c     0x1698 C:/ISIS/workspace/ycube/GlobusSatProject/..//hal/hcc/lib\libHCCD.a(fat.o)
 .text.fn_open  0x200187c4       0x44 C:/ISIS/workspace/ycube/GlobusSatProject/..//hal/hcc/lib\libHCCD.a(fat.o)
                0x200187c4                fn_open
 .text.fn_delete
                0x20018808      0x490 C:/ISIS/workspace/ycube/GlobusSatProject/..//hal/hcc/lib\libHCCD.a(fat.o)
                0x20018808                fn_delete
 .text.fn_rmdir
                0x20018c98      0x5ac C:/ISIS/workspace/ycube/GlobusSatProject/..//hal/hcc/lib\libHCCD.a(fat.o)
                0x20018c98                fn_rmdir
 .text.fn_init  0x20019244      0x2dc C:/ISIS/workspace/ycube/GlobusSatProject/..//hal/hcc/lib\libHCCD.a(fat_common.o)
                0x20019244                fn_init
 .text.fn_start
                0x20019520       0x1c C:/ISIS/workspace/ycube/GlobusSatProject/..//hal/hcc/lib\libHCCD.a(fat_common.o)
                0x20019520                fn_start
 .text.fsn_delete
                0x2001953c       0xc8 C:/ISIS/workspace/ycube/GlobusSatProject/..//hal/hcc/lib\libHCCD.a(fat_common.o)
                0x2001953c                fsn_delete
 .text._f_get16bitl
                0x20019604       0x4c C:/ISIS/workspace/ycube/GlobusSatProject/..//hal/hcc/lib\libHCCD.a(fat_common.o)
                0x20019604                _f_get16bitl
 .text._f_set16bitl
                0x20019650       0x54 C:/ISIS/workspace/ycube/GlobusSatProject/..//hal/hcc/lib\libHCCD.a(fat_common.o)
                0x20019650                _f_set16bitl
 .text._f_get32bitl
                0x200196a4       0x68 C:/ISIS/workspace/ycube/GlobusSatProject/..//hal/hcc/lib\libHCCD.a(fat_common.o)
                0x200196a4                _f_get32bitl
 .text._f_set32bitl
                0x2001970c       0x78 C:/ISIS/workspace/ycube/GlobusSatProject/..//hal/hcc/lib\libHCCD.a(fat_common.o)
                0x2001970c                _f_set32bitl
 .text._get8bit
                0x20019784       0xa0 C:/ISIS/workspace/ycube/GlobusSatProject/..//hal/hcc/lib\libHCCD.a(fat_common.o)
 .text._get16bitl
                0x20019824       0x40 C:/ISIS/workspace/ycube/GlobusSatProject/..//hal/hcc/lib\libHCCD.a(fat_common.o)
 .text._get32bitl
                0x20019864       0x3c C:/ISIS/workspace/ycube/GlobusSatProject/..//hal/hcc/lib\libHCCD.a(fat_common.o)
 .text._set8bitzero
                0x200198a0       0x6c C:/ISIS/workspace/ycube/GlobusSatProject/..//hal/hcc/lib\libHCCD.a(fat_common.o)
 .text._set8bit
                0x2001990c       0xa0 C:/ISIS/workspace/ycube/GlobusSatProject/..//hal/hcc/lib\libHCCD.a(fat_common.o)
 .text._set16bitl
                0x200199ac       0x3c C:/ISIS/workspace/ycube/GlobusSatProject/..//hal/hcc/lib\libHCCD.a(fat_common.o)
 .text._set32bitl
                0x200199e8       0x34 C:/ISIS/workspace/ycube/GlobusSatProject/..//hal/hcc/lib\libHCCD.a(fat_common.o)
 .text._f_setcardremoved
                0x20019a1c       0x94 C:/ISIS/workspace/ycube/GlobusSatProject/..//hal/hcc/lib\libHCCD.a(fat_common.o)
 .text._f_checkstatus
                0x20019ab0      0x104 C:/ISIS/workspace/ycube/GlobusSatProject/..//hal/hcc/lib\libHCCD.a(fat_common.o)
                0x20019ab0                _f_checkstatus
 .text._f_drvgetphy
                0x20019bb4      0x114 C:/ISIS/workspace/ycube/GlobusSatProject/..//hal/hcc/lib\libHCCD.a(fat_common.o)
 .text._f_drvwritesector
                0x20019cc8       0xdc C:/ISIS/workspace/ycube/GlobusSatProject/..//hal/hcc/lib\libHCCD.a(fat_common.o)
 .text._f_drvreadsector
                0x20019da4       0xa8 C:/ISIS/workspace/ycube/GlobusSatProject/..//hal/hcc/lib\libHCCD.a(fat_common.o)
 .text._f_writesector
                0x20019e4c      0x23c C:/ISIS/workspace/ycube/GlobusSatProject/..//hal/hcc/lib\libHCCD.a(fat_common.o)
                0x20019e4c                _f_writesector
 .text._f_readsector
                0x2001a088      0x1dc C:/ISIS/workspace/ycube/GlobusSatProject/..//hal/hcc/lib\libHCCD.a(fat_common.o)
                0x2001a088                _f_readsector
 .text._f_getmaxcluster
                0x2001a264       0x94 C:/ISIS/workspace/ycube/GlobusSatProject/..//hal/hcc/lib\libHCCD.a(fat_common.o)
                0x2001a264                _f_getmaxcluster
 .text._getsectorfromcluster
                0x2001a2f8       0x68 C:/ISIS/workspace/ycube/GlobusSatProject/..//hal/hcc/lib\libHCCD.a(fat_common.o)
 .text._f_buildsectors
                0x2001a360      0x268 C:/ISIS/workspace/ycube/GlobusSatProject/..//hal/hcc/lib\libHCCD.a(fat_common.o)
 .text._f_getbootrecord
                0x2001a5c8      0x5e4 C:/ISIS/workspace/ycube/GlobusSatProject/..//hal/hcc/lib\libHCCD.a(fat_common.o)
 .text._f_readbootrecord
                0x2001abac      0x4f8 C:/ISIS/workspace/ycube/GlobusSatProject/..//hal/hcc/lib\libHCCD.a(fat_common.o)
 .text._f_writebootrecord
                0x2001b0a4      0x5e4 C:/ISIS/workspace/ycube/GlobusSatProject/..//hal/hcc/lib\libHCCD.a(fat_common.o)
 .text._f_flushcffiles
                0x2001b688      0x17c C:/ISIS/workspace/ycube/GlobusSatProject/..//hal/hcc/lib\libHCCD.a(fat_common.o)
                0x2001b688                _f_flushcffiles
 .text._f_fatcache_flush
                0x2001b804      0x270 C:/ISIS/workspace/ycube/GlobusSatProject/..//hal/hcc/lib\libHCCD.a(fat_common.o)
                0x2001b804                _f_fatcache_flush
 .text._f_writefatsector
                0x2001ba74      0x100 C:/ISIS/workspace/ycube/GlobusSatProject/..//hal/hcc/lib\libHCCD.a(fat_common.o)
                0x2001ba74                _f_writefatsector
 .text._f_getfatsector
                0x2001bb74      0x3bc C:/ISIS/workspace/ycube/GlobusSatProject/..//hal/hcc/lib\libHCCD.a(fat_common.o)
 .text._f_setclustervalue
                0x2001bf30      0x490 C:/ISIS/workspace/ycube/GlobusSatProject/..//hal/hcc/lib\libHCCD.a(fat_common.o)
                0x2001bf30                _f_setclustervalue
 .text._f_getclustervalue
                0x2001c3c0      0x388 C:/ISIS/workspace/ycube/GlobusSatProject/..//hal/hcc/lib\libHCCD.a(fat_common.o)
                0x2001c3c0                _f_getclustervalue
 .text._f_close_drive_files
                0x2001c748       0xac C:/ISIS/workspace/ycube/GlobusSatProject/..//hal/hcc/lib\libHCCD.a(fat_common.o)
 .text._f_inc_mount_count
                0x2001c7f4       0xa4 C:/ISIS/workspace/ycube/GlobusSatProject/..//hal/hcc/lib\libHCCD.a(fat_common.o)
 .text._f_getvolume
                0x2001c898      0x2f8 C:/ISIS/workspace/ycube/GlobusSatProject/..//hal/hcc/lib\libHCCD.a(fat_common.o)
                0x2001c898                _f_getvolume
 .text.fn_createdriver
                0x2001cb90      0x118 C:/ISIS/workspace/ycube/GlobusSatProject/..//hal/hcc/lib\libHCCD.a(fat_common.o)
                0x2001cb90                fn_createdriver
 .text.fn_initvolume
                0x2001cca8      0x12c C:/ISIS/workspace/ycube/GlobusSatProject/..//hal/hcc/lib\libHCCD.a(fat_common.o)
                0x2001cca8                fn_initvolume
 .text.fn_releasedriver
                0x2001cdd4       0xf4 C:/ISIS/workspace/ycube/GlobusSatProject/..//hal/hcc/lib\libHCCD.a(fat_common.o)
                0x2001cdd4                fn_releasedriver
 .text.fn_initvolumepartition_sub
                0x2001cec8       0xe0 C:/ISIS/workspace/ycube/GlobusSatProject/..//hal/hcc/lib\libHCCD.a(fat_common.o)
 .text.fn_initvolumepartition
                0x2001cfa8       0xac C:/ISIS/workspace/ycube/GlobusSatProject/..//hal/hcc/lib\libHCCD.a(fat_common.o)
                0x2001cfa8                fn_initvolumepartition
 .text.fn_delvolume
                0x2001d054      0x194 C:/ISIS/workspace/ycube/GlobusSatProject/..//hal/hcc/lib\libHCCD.a(fat_common.o)
                0x2001d054                fn_delvolume
 .text._f_clustertopos
                0x2001d1e8       0xf8 C:/ISIS/workspace/ycube/GlobusSatProject/..//hal/hcc/lib\libHCCD.a(fat_common.o)
                0x2001d1e8                _f_clustertopos
 .text._f_prepareformat
                0x2001d2e0      0x8b8 C:/ISIS/workspace/ycube/GlobusSatProject/..//hal/hcc/lib\libHCCD.a(fat_common.o)
 .text._f_resetfatentries
                0x2001db98      0x410 C:/ISIS/workspace/ycube/GlobusSatProject/..//hal/hcc/lib\libHCCD.a(fat_common.o)
 .text._f_resetrootdir
                0x2001dfa8       0xcc C:/ISIS/workspace/ycube/GlobusSatProject/..//hal/hcc/lib\libHCCD.a(fat_common.o)
 .text._f_postformat
                0x2001e074      0x178 C:/ISIS/workspace/ycube/GlobusSatProject/..//hal/hcc/lib\libHCCD.a(fat_common.o)
 .text.fn_format
                0x2001e1ec      0x148 C:/ISIS/workspace/ycube/GlobusSatProject/..//hal/hcc/lib\libHCCD.a(fat_common.o)
                0x2001e1ec                fn_format
 .text._f_getcurrsector
                0x2001e334      0x6c8 C:/ISIS/workspace/ycube/GlobusSatProject/..//hal/hcc/lib\libHCCD.a(fat_common.o)
                0x2001e334                _f_getcurrsector
 .text._f_getdecluster
                0x2001e9fc       0x90 C:/ISIS/workspace/ycube/GlobusSatProject/..//hal/hcc/lib\libHCCD.a(fat_common.o)
                0x2001e9fc                _f_getdecluster
 .text._f_setdecluster
                0x2001ea8c       0x8c C:/ISIS/workspace/ycube/GlobusSatProject/..//hal/hcc/lib\libHCCD.a(fat_common.o)
                0x2001ea8c                _f_setdecluster
 .text.fn_getdrive
                0x2001eb18       0x30 C:/ISIS/workspace/ycube/GlobusSatProject/..//hal/hcc/lib\libHCCD.a(fat_common.o)
                0x2001eb18                fn_getdrive
 .text._f_getcurrenttimedate
                0x2001eb48      0x138 C:/ISIS/workspace/ycube/GlobusSatProject/..//hal/hcc/lib\libHCCD.a(fat_common.o)
                0x2001eb48                _f_getcurrenttimedate
 .text._f_initentry
                0x2001ec80       0xa0 C:/ISIS/workspace/ycube/GlobusSatProject/..//hal/hcc/lib\libHCCD.a(fat_common.o)
                0x2001ec80                _f_initentry
 .text._f_alloccluster
                0x2001ed20      0x344 C:/ISIS/workspace/ycube/GlobusSatProject/..//hal/hcc/lib\libHCCD.a(fat_common.o)
                0x2001ed20                _f_alloccluster
 .text._f_dobadblock
                0x2001f064      0x2cc C:/ISIS/workspace/ycube/GlobusSatProject/..//hal/hcc/lib\libHCCD.a(fat_common.o)
                0x2001f064                _f_dobadblock
 .text._f_checklocked
                0x2001f330       0xe4 C:/ISIS/workspace/ycube/GlobusSatProject/..//hal/hcc/lib\libHCCD.a(fat_common.o)
                0x2001f330                _f_checklocked
 .text._f_checkappendlocked
                0x2001f414      0x110 C:/ISIS/workspace/ycube/GlobusSatProject/..//hal/hcc/lib\libHCCD.a(fat_common.o)
                0x2001f414                _f_checkappendlocked
 .text._f_setsyncafile
                0x2001f524      0x114 C:/ISIS/workspace/ycube/GlobusSatProject/..//hal/hcc/lib\libHCCD.a(fat_common.o)
                0x2001f524                _f_setsyncafile
 .text._f_syncfiles
                0x2001f638      0x128 C:/ISIS/workspace/ycube/GlobusSatProject/..//hal/hcc/lib\libHCCD.a(fat_common.o)
                0x2001f638                _f_syncfiles
 .text._f_syncfilescontent
                0x2001f760      0x15c C:/ISIS/workspace/ycube/GlobusSatProject/..//hal/hcc/lib\libHCCD.a(fat_common.o)
 .text.fn_getfreespace
                0x2001f8bc      0x4c0 C:/ISIS/workspace/ycube/GlobusSatProject/..//hal/hcc/lib\libHCCD.a(fat_common.o)
                0x2001f8bc                fn_getfreespace
 .text._f_emptywritecache
                0x2001fd7c      0x4a4 C:/ISIS/workspace/ycube/GlobusSatProject/..//hal/hcc/lib\libHCCD.a(fat_common.o)
 .text._f_allocnextcluster
                0x20020220      0x54c C:/ISIS/workspace/ycube/GlobusSatProject/..//hal/hcc/lib\libHCCD.a(fat_common.o)
 .text._f_emptywritebuffer
                0x2002076c      0x20c C:/ISIS/workspace/ycube/GlobusSatProject/..//hal/hcc/lib\libHCCD.a(fat_common.o)
 .text._f_writezeros
                0x20020978       0xf0 C:/ISIS/workspace/ycube/GlobusSatProject/..//hal/hcc/lib\libHCCD.a(fat_common.o)
                0x20020978                _f_writezeros
 .text._f_extend_file
                0x20020a68      0x570 C:/ISIS/workspace/ycube/GlobusSatProject/..//hal/hcc/lib\libHCCD.a(fat_common.o)
 .text._f_fseek
                0x20020fd8      0x9bc C:/ISIS/workspace/ycube/GlobusSatProject/..//hal/hcc/lib\libHCCD.a(fat_common.o)
                0x20020fd8                _f_fseek
 .text._f_removechain
                0x20021994      0x104 C:/ISIS/workspace/ycube/GlobusSatProject/..//hal/hcc/lib\libHCCD.a(fat_common.o)
                0x20021994                _f_removechain
 .text._f_updatefileentry
                0x20021a98      0x1cc C:/ISIS/workspace/ycube/GlobusSatProject/..//hal/hcc/lib\libHCCD.a(fat_common.o)
 .text._f_checkreadlocked
                0x20021c64      0x1bc C:/ISIS/workspace/ycube/GlobusSatProject/..//hal/hcc/lib\libHCCD.a(fat_common.o)
                0x20021c64                _f_checkreadlocked
 .text._f_check_handle
                0x20021e20       0x98 C:/ISIS/workspace/ycube/GlobusSatProject/..//hal/hcc/lib\libHCCD.a(fat_common.o)
                0x20021e20                _f_check_handle
 .text._f_removesyncafile
                0x20021eb8      0x1ec C:/ISIS/workspace/ycube/GlobusSatProject/..//hal/hcc/lib\libHCCD.a(fat_common.o)
 .text.fn_close
                0x200220a4      0x3f8 C:/ISIS/workspace/ycube/GlobusSatProject/..//hal/hcc/lib\libHCCD.a(fat_common.o)
                0x200220a4                fn_close
 .text.fn_flush
                0x2002249c      0x374 C:/ISIS/workspace/ycube/GlobusSatProject/..//hal/hcc/lib\libHCCD.a(fat_common.o)
                0x2002249c                fn_flush
 .text.fn_read  0x20022810      0x690 C:/ISIS/workspace/ycube/GlobusSatProject/..//hal/hcc/lib\libHCCD.a(fat_common.o)
                0x20022810                fn_read
 .text._f_abortwrite
                0x20022ea0      0x100 C:/ISIS/workspace/ycube/GlobusSatProject/..//hal/hcc/lib\libHCCD.a(fat_common.o)
 .text._f_checkwritecluster
                0x20022fa0       0xe4 C:/ISIS/workspace/ycube/GlobusSatProject/..//hal/hcc/lib\libHCCD.a(fat_common.o)
 .text.fn_write
                0x20023084      0x8a8 C:/ISIS/workspace/ycube/GlobusSatProject/..//hal/hcc/lib\libHCCD.a(fat_common.o)
                0x20023084                fn_write
 .text.fn_seek  0x2002392c      0x270 C:/ISIS/workspace/ycube/GlobusSatProject/..//hal/hcc/lib\libHCCD.a(fat_common.o)
                0x2002392c                fn_seek
 .text.fn_tell  0x20023b9c      0x19c C:/ISIS/workspace/ycube/GlobusSatProject/..//hal/hcc/lib\libHCCD.a(fat_common.o)
                0x20023b9c                fn_tell
 .text.fn_rewind
                0x20023d38       0x38 C:/ISIS/workspace/ycube/GlobusSatProject/..//hal/hcc/lib\libHCCD.a(fat_common.o)
                0x20023d38                fn_rewind
 .text.fn_putc  0x20023d70       0x68 C:/ISIS/workspace/ycube/GlobusSatProject/..//hal/hcc/lib\libHCCD.a(fat_common.o)
                0x20023d70                fn_putc
 .text.f_enterFS
                0x20023dd8      0x1c0 C:/ISIS/workspace/ycube/GlobusSatProject/..//hal/hcc/lib\libHCCD.a(fat_common.o)
                0x20023dd8                f_enterFS
 .text.f_releaseFS
                0x20023f98       0xb0 C:/ISIS/workspace/ycube/GlobusSatProject/..//hal/hcc/lib\libHCCD.a(fat_common.o)
                0x20023f98                f_releaseFS
 .text.fnGetTask
                0x20024048       0xfc C:/ISIS/workspace/ycube/GlobusSatProject/..//hal/hcc/lib\libHCCD.a(fat_common.o)
                0x20024048                fnGetTask
 .text._f_mutex_get
                0x20024144       0x98 C:/ISIS/workspace/ycube/GlobusSatProject/..//hal/hcc/lib\libHCCD.a(fat_common.o)
                0x20024144                _f_mutex_get
 .text._f_mutex_put
                0x200241dc       0x54 C:/ISIS/workspace/ycube/GlobusSatProject/..//hal/hcc/lib\libHCCD.a(fat_common.o)
                0x200241dc                _f_mutex_put
 .text._fn_initseekdivisor
                0x20024230      0x158 C:/ISIS/workspace/ycube/GlobusSatProject/..//hal/hcc/lib\libHCCD.a(fat_common.o)
                0x20024230                _fn_initseekdivisor
 .text._fn_updateseekpos
                0x20024388       0xc4 C:/ISIS/workspace/ycube/GlobusSatProject/..//hal/hcc/lib\libHCCD.a(fat_common.o)
 .text._f_findopensize
                0x2002444c       0x2c C:/ISIS/workspace/ycube/GlobusSatProject/..//hal/hcc/lib\libHCCD.a(fat_common.o)
                0x2002444c                _f_findopensize
 .text.fn_setlasterror
                0x20024478       0x34 C:/ISIS/workspace/ycube/GlobusSatProject/..//hal/hcc/lib\libHCCD.a(fat_common.o)
                0x20024478                fn_setlasterror
 .text.fn_setlasterror_noret
                0x200244ac       0x2c C:/ISIS/workspace/ycube/GlobusSatProject/..//hal/hcc/lib\libHCCD.a(fat_common.o)
                0x200244ac                fn_setlasterror_noret
 .text._s_checkzeroclusteratend
                0x200244d8       0xf8 C:/ISIS/workspace/ycube/GlobusSatProject/..//hal/hcc/lib\libHCCD.a(safefat.o)
 .text._s_clearclustercontent
                0x200245d0      0x108 C:/ISIS/workspace/ycube/GlobusSatProject/..//hal/hcc/lib\libHCCD.a(safefat.o)
 .text._s_clearclustercontentdir
                0x200246d8      0x19c C:/ISIS/workspace/ycube/GlobusSatProject/..//hal/hcc/lib\libHCCD.a(safefat.o)
 .text._s_writedirsector
                0x20024874       0xd0 C:/ISIS/workspace/ycube/GlobusSatProject/..//hal/hcc/lib\libHCCD.a(safefat.o)
 .text._s_getdirsector
                0x20024944      0x100 C:/ISIS/workspace/ycube/GlobusSatProject/..//hal/hcc/lib\libHCCD.a(safefat.o)
 .text._s_addentry
                0x20024a44      0x394 C:/ISIS/workspace/ycube/GlobusSatProject/..//hal/hcc/lib\libHCCD.a(safefat.o)
 .text._s_findfile
                0x20024dd8      0x33c C:/ISIS/workspace/ycube/GlobusSatProject/..//hal/hcc/lib\libHCCD.a(safefat.o)
 .text._s_findsubdir
                0x20025114      0x248 C:/ISIS/workspace/ycube/GlobusSatProject/..//hal/hcc/lib\libHCCD.a(safefat.o)
 .text._s_createfile
                0x2002535c      0x190 C:/ISIS/workspace/ycube/GlobusSatProject/..//hal/hcc/lib\libHCCD.a(safefat.o)
 .text._s_findsaffile
                0x200254ec      0x1b8 C:/ISIS/workspace/ycube/GlobusSatProject/..//hal/hcc/lib\libHCCD.a(safefat.o)
 .text._s_open  0x200256a4       0xe4 C:/ISIS/workspace/ycube/GlobusSatProject/..//hal/hcc/lib\libHCCD.a(safefat.o)
 .text._s_open_saf
                0x20025788       0xe8 C:/ISIS/workspace/ycube/GlobusSatProject/..//hal/hcc/lib\libHCCD.a(safefat.o)
 .text._s_flush
                0x20025870       0x84 C:/ISIS/workspace/ycube/GlobusSatProject/..//hal/hcc/lib\libHCCD.a(safefat.o)
 .text._s_allocnextcluster
                0x200258f4      0x13c C:/ISIS/workspace/ycube/GlobusSatProject/..//hal/hcc/lib\libHCCD.a(safefat.o)
 .text._s_getnextsector
                0x20025a30       0xdc C:/ISIS/workspace/ycube/GlobusSatProject/..//hal/hcc/lib\libHCCD.a(safefat.o)
 .text._s_seek  0x20025b0c      0x1e8 C:/ISIS/workspace/ycube/GlobusSatProject/..//hal/hcc/lib\libHCCD.a(safefat.o)
 .text._s_get_len
                0x20025cf4      0x10c C:/ISIS/workspace/ycube/GlobusSatProject/..//hal/hcc/lib\libHCCD.a(safefat.o)
 .text._s_set_len
                0x20025e00       0xb4 C:/ISIS/workspace/ycube/GlobusSatProject/..//hal/hcc/lib\libHCCD.a(safefat.o)
 .text.safe_fix_filelengths
                0x20025eb4       0xcc C:/ISIS/workspace/ycube/GlobusSatProject/..//hal/hcc/lib\libHCCD.a(safefat.o)
                0x20025eb4                safe_fix_filelengths
 .text._s_read  0x20025f80      0x228 C:/ISIS/workspace/ycube/GlobusSatProject/..//hal/hcc/lib\libHCCD.a(safefat.o)
 .text._s_write
                0x200261a8      0x384 C:/ISIS/workspace/ycube/GlobusSatProject/..//hal/hcc/lib\libHCCD.a(safefat.o)
 .text._s_restoreclusters
                0x2002652c      0x270 C:/ISIS/workspace/ycube/GlobusSatProject/..//hal/hcc/lib\libHCCD.a(safefat.o)
                0x2002652c                _s_restoreclusters
 .text._s_findrestore
                0x2002679c      0x18c C:/ISIS/workspace/ycube/GlobusSatProject/..//hal/hcc/lib\libHCCD.a(safefat.o)
 .text._s_cmd_writede
                0x20026928       0xd8 C:/ISIS/workspace/ycube/GlobusSatProject/..//hal/hcc/lib\libHCCD.a(safefat.o)
 .text._s_cmd_setcluster
                0x20026a00       0x88 C:/ISIS/workspace/ycube/GlobusSatProject/..//hal/hcc/lib\libHCCD.a(safefat.o)
 .text._s_cmd_deletechain
                0x20026a88      0x100 C:/ISIS/workspace/ycube/GlobusSatProject/..//hal/hcc/lib\libHCCD.a(safefat.o)
 .text._s_cmd_validatecfn
                0x20026b88      0x308 C:/ISIS/workspace/ycube/GlobusSatProject/..//hal/hcc/lib\libHCCD.a(safefat.o)
 .text._s_cmd_seteof
                0x20026e90      0x3c4 C:/ISIS/workspace/ycube/GlobusSatProject/..//hal/hcc/lib\libHCCD.a(safefat.o)
 .text.safe_docommands
                0x20027254      0x56c C:/ISIS/workspace/ycube/GlobusSatProject/..//hal/hcc/lib\libHCCD.a(safefat.o)
                0x20027254                safe_docommands
 .text.safe_entercommand
                0x200277c0       0x68 C:/ISIS/workspace/ycube/GlobusSatProject/..//hal/hcc/lib\libHCCD.a(safefat.o)
                0x200277c0                safe_entercommand
 .text.safe_ready
                0x20027828       0xf4 C:/ISIS/workspace/ycube/GlobusSatProject/..//hal/hcc/lib\libHCCD.a(safefat.o)
                0x20027828                safe_ready
 .text.safe_copycfn
                0x2002791c       0xb8 C:/ISIS/workspace/ycube/GlobusSatProject/..//hal/hcc/lib\libHCCD.a(safefat.o)
                0x2002791c                safe_copycfn
 .text.safe_cfremove
                0x200279d4       0xb8 C:/ISIS/workspace/ycube/GlobusSatProject/..//hal/hcc/lib\libHCCD.a(safefat.o)
                0x200279d4                safe_cfremove
 .text.safe_writede
                0x20027a8c      0x104 C:/ISIS/workspace/ycube/GlobusSatProject/..//hal/hcc/lib\libHCCD.a(safefat.o)
                0x20027a8c                safe_writede
 .text.safe_setcluster
                0x20027b90       0xcc C:/ISIS/workspace/ycube/GlobusSatProject/..//hal/hcc/lib\libHCCD.a(safefat.o)
                0x20027b90                safe_setcluster
 .text.safe_deletechain
                0x20027c5c      0x1c8 C:/ISIS/workspace/ycube/GlobusSatProject/..//hal/hcc/lib\libHCCD.a(safefat.o)
                0x20027c5c                safe_deletechain
 .text.safe_cfclose
                0x20027e24      0x104 C:/ISIS/workspace/ycube/GlobusSatProject/..//hal/hcc/lib\libHCCD.a(safefat.o)
                0x20027e24                safe_cfclose
 .text.safe_cfflush
                0x20027f28      0x124 C:/ISIS/workspace/ycube/GlobusSatProject/..//hal/hcc/lib\libHCCD.a(safefat.o)
                0x20027f28                safe_cfflush
 .text.safe_reset
                0x2002804c       0x78 C:/ISIS/workspace/ycube/GlobusSatProject/..//hal/hcc/lib\libHCCD.a(safefat.o)
                0x2002804c                safe_reset
 .text.safe_loadcommands
                0x200280c4       0x78 C:/ISIS/workspace/ycube/GlobusSatProject/..//hal/hcc/lib\libHCCD.a(safefat.o)
                0x200280c4                safe_loadcommands
 .text.safe_poweron
                0x2002813c      0x1fc C:/ISIS/workspace/ycube/GlobusSatProject/..//hal/hcc/lib\libHCCD.a(safefat.o)
                0x2002813c                safe_poweron
 .text.cf_getname
                0x20028338       0xc0 C:/ISIS/workspace/ycube/GlobusSatProject/..//hal/hcc/lib\libHCCD.a(safefat.o)
 .text.cf_copyclusterchain
                0x200283f8      0x138 C:/ISIS/workspace/ycube/GlobusSatProject/..//hal/hcc/lib\libHCCD.a(safefat.o)
 .text.cf_seektozero
                0x20028530       0x94 C:/ISIS/workspace/ycube/GlobusSatProject/..//hal/hcc/lib\libHCCD.a(safefat.o)
                0x20028530                cf_seektozero
 .text.cf_create
                0x200285c4      0x3a8 C:/ISIS/workspace/ycube/GlobusSatProject/..//hal/hcc/lib\libHCCD.a(safefat.o)
                0x200285c4                cf_create
 .text.cf_copyclustercontent
                0x2002896c      0x128 C:/ISIS/workspace/ycube/GlobusSatProject/..//hal/hcc/lib\libHCCD.a(safefat.o)
                0x2002896c                cf_copyclustercontent
 .text.cf_copycfn
                0x20028a94      0x4bc C:/ISIS/workspace/ycube/GlobusSatProject/..//hal/hcc/lib\libHCCD.a(safefat.o)
                0x20028a94                cf_copycfn
 .text.cf_remove
                0x20028f50      0x344 C:/ISIS/workspace/ycube/GlobusSatProject/..//hal/hcc/lib\libHCCD.a(safefat.o)
                0x20028f50                cf_remove
 .text.cf_setclusternew
                0x20029294       0xf0 C:/ISIS/workspace/ycube/GlobusSatProject/..//hal/hcc/lib\libHCCD.a(safefat.o)
                0x20029294                cf_setclusternew
 .text.cf_flush
                0x20029384       0x58 C:/ISIS/workspace/ycube/GlobusSatProject/..//hal/hcc/lib\libHCCD.a(safefat.o)
                0x20029384                cf_flush
 .text.cf_getcluster
                0x200293dc      0x1b4 C:/ISIS/workspace/ycube/GlobusSatProject/..//hal/hcc/lib\libHCCD.a(safefat.o)
                0x200293dc                cf_getcluster