Archive member included because of file (symbol)

C:/ISIS/workspace/ycube/GlobusSatProject/..//hal/hal/lib\libHALD.a(SPI.o)
                              ./src/InitSystem.o (SPI_start)
C:/ISIS/workspace/ycube/GlobusSatProject/..//hal/hal/lib\libHALD.a(I2C.o)
                              ./src/SubSystemModules/Communication/SubsystemCommands/Maintanence_Commands.o (I2C_write)
C:/ISIS/workspace/ycube/GlobusSatProject/..//hal/hal/lib\libHALD.a(ADC.o)
                              ./src/SubSystemModules/Housekepping/TelemetryCollector.o (ADC_ConvertRaw10bitToMillivolt)
C:/ISIS/workspace/ycube/GlobusSatProject/..//hal/hal/lib\libHALD.a(FRAM.o)
                              ./src/SubSystemModules/Communication/SubsystemCommands/Maintanence_Commands.o (FRAM_start)
C:/ISIS/workspace/ycube/GlobusSatProject/..//hal/hal/lib\libHALD.a(Time.o)
                              ./src/InitSystem.o (Time_start)
C:/ISIS/workspace/ycube/GlobusSatProject/..//hal/hal/lib\libHALD.a(WatchDogTimerNoOS.o)
                              ./src/main.o (WDT_start)
C:/ISIS/workspace/ycube/GlobusSatProject/..//hal/hal/lib\libHALD.a(RTT.o)
                              C:/ISIS/workspace/ycube/GlobusSatProject/..//hal/hal/lib\libHALD.a(Time.o) (RTT_start)
C:/ISIS/workspace/ycube/GlobusSatProject/..//hal/hal/lib\libHALD.a(RTC.o)
                              C:/ISIS/workspace/ycube/GlobusSatProject/..//hal/hal/lib\libHALD.a(Time.o) (RTC_getTime)
C:/ISIS/workspace/ycube/GlobusSatProject/..//hal/hal/lib\libHALD.a(WatchDogTimerOS.o)
                              ./src/TestingDemos/MainTest.o (WDT_startWatchdogKickTask)
C:/ISIS/workspace/ycube/GlobusSatProject/..//hal/hal/lib\libHALD.a(fprintf.o)
                              ./src/TLM_management.o (f_puts)
C:/ISIS/workspace/ycube/GlobusSatProject/..//hal/hal/lib\libHALD.a(util.o)
                              ./src/TestingDemos/EpsTestingDemo.o (UTIL_DbguGetInteger)
C:/ISIS/workspace/ycube/GlobusSatProject/..//hal/hal/lib\libHALD.a(LED.o)
                              C:/ISIS/workspace/ycube/GlobusSatProject/..//hal/hal/lib\libHALD.a(WatchDogTimerOS.o) (LED_toggle)
C:/ISIS/workspace/ycube/GlobusSatProject/..//hal/hcc/lib\libHCCD.a(fat_m.o)
                              ./src/TLM_management.o (fm_initvolume)
C:/ISIS/workspace/ycube/GlobusSatProject/..//hal/hcc/lib\libHCCD.a(fat.o)
                              C:/ISIS/workspace/ycube/GlobusSatProject/..//hal/hcc/lib\libHCCD.a(fat_m.o) (fn_getdcwd)
C:/ISIS/workspace/ycube/GlobusSatProject/..//hal/hcc/lib\libHCCD.a(fat_common.o)
                              C:/ISIS/workspace/ycube/GlobusSatProject/..//hal/hcc/lib\libHCCD.a(fat.o) (p_filesystem)
C:/ISIS/workspace/ycube/GlobusSatProject/..//hal/hcc/lib\libHCCD.a(safefat.o)
                              C:/ISIS/workspace/ycube/GlobusSatProject/..//hal/hcc/lib\libHCCD.a(fat.o) (s_subdir)
C:/ISIS/workspace/ycube/GlobusSatProject/..//hal/hcc/lib\libHCCD.a(atmel_mcipdc.o)
                              ./src/TLM_management.o (atmel_mcipdc_initfunc)
C:/ISIS/workspace/ycube/GlobusSatProject/..//hal/hcc/lib\libHCCD.a(oalp_task.o)
                              C:/ISIS/workspace/ycube/GlobusSatProject/..//hal/hcc/lib\libHCCD.a(fat_common.o) (oal_task_get_id)
C:/ISIS/workspace/ycube/GlobusSatProject/..//hal/hcc/lib\libHCCD.a(oalp_mutex.o)
                              C:/ISIS/workspace/ycube/GlobusSatProject/..//hal/hcc/lib\libHCCD.a(fat_common.o) (oal_mutex_create)
C:/ISIS/workspace/ycube/GlobusSatProject/..//hal/hcc/lib\libHCCD.a(atmel_mcipdc_hw.o)
                              C:/ISIS/workspace/ycube/GlobusSatProject/..//hal/hcc/lib\libHCCD.a(atmel_mcipdc.o) (mcipdc_hw_init)
C:/ISIS/workspace/ycube/GlobusSatProject/..//hal/hcc/lib\libHCCD.a(psp_rand.o)
                              C:/ISIS/workspace/ycube/GlobusSatProject/..//hal/hcc/lib\libHCCD.a(fat_common.o) (psp_getrand)
C:/ISIS/workspace/ycube/GlobusSatProject/..//hal/hcc/lib\libHCCD.a(psp_rtc.o)
                              C:/ISIS/workspace/ycube/GlobusSatProject/..//hal/hcc/lib\libHCCD.a(fat_common.o) (psp_getcurrenttimedate)
C:/ISIS/workspace/ycube/GlobusSatProject/..//hal/hcc/lib\libHCCD.a(hcc_mem.o)
                              C:/ISIS/workspace/ycube/GlobusSatProject/..//hal/hcc/lib\libHCCD.a(atmel_mcipdc.o) (hcc_mem_alloc)
C:/ISIS/workspace/ycube/GlobusSatProject/..//hal/hcc/lib\libHCCD.a(psp_hcc_mem.o)
                              C:/ISIS/workspace/ycube/GlobusSatProject/..//hal/hcc/lib\libHCCD.a(hcc_mem.o) (hcc_mem_buf_alloc)
C:/ISIS/workspace/ycube/GlobusSatProject/..//satellite-subsystems/satellite-subsystems/lib\libSatelliteSubsystemsD.a(IsisAntS.o)
                              ./src/SubSystemModules/Communication/TRXVU.o (IsisAntS_initialize)
C:/ISIS/workspace/ycube/GlobusSatProject/..//satellite-subsystems/satellite-subsystems/lib\libSatelliteSubsystemsD.a(IsisTRXVU.o)
                              ./src/TestingDemos/TrxvuTestingDemo.o (IsisTrxvu_initialize)
[...]
Memory Configuration

Name             Origin             Length             Attributes
sram0            0x00200000         0x00004000         w !xr
sram1            0x00300000         0x00004000         w !xr
sdram            0x20000000         0x02000000         w !xr
*default*        0x00000000         0xffffffff

Linker script and memory map

LOAD c:/isis/application/toolchain/bin/../lib/gcc/arm-none-eabi/4.7.4/../../../../arm-none-eabi/lib\libc.a
LOAD ./src/TestingDemos/CommandsTestingDemo.o
LOAD ./src/TestingDemos/EpsTestingDemo.o
LOAD ./src/TestingDemos/FileSystemTestingDemo.o
LOAD ./src/TestingDemos/MainTest.o
LOAD ./src/TestingDemos/MaintenanceTestingDemo.o
LOAD ./src/TestingDemos/TelemetryTestingDemo.o
LOAD ./src/TestingDemos/TrxvuTestingDemo.o
LOAD ./src/SubSystemModules/PowerManagment/EPS.o
LOAD ./src/SubSystemModules/PowerManagment/EPSOperationModes.o
LOAD ./src/SubSystemModules/Maintenance/Maintenance.o
LOAD ./src/SubSystemModules/Housekepping/TelemetryCollector.o
LOAD ./src/SubSystemModules/Communication/SubsystemCommands/EPS_Commands.o
LOAD ./src/SubSystemModules/Communication/SubsystemCommands/FS_Commands.o
LOAD ./src/SubSystemModules/Communication/SubsystemCommands/Maintanence_Commands.o
LOAD ./src/SubSystemModules/Communication/SubsystemCommands/TRXVU_Commands.o
LOAD ./src/SubSystemModules/Communication/AckHandler.o
LOAD ./src/SubSystemModules/Communication/CommandDictionary.o
LOAD ./src/SubSystemModules/Communication/SatCommandHandler.o
LOAD ./src/SubSystemModules/Communication/TRXVU.o
LOAD ./src/InitSystem.o
LOAD ./src/TLM_management.o
LOAD ./src/main.o
LOAD ./src/utils.o
LOAD C:/ISIS/workspace/ycube/GlobusSatProject/..//hal/hal/lib\libHALD.a
LOAD C:/ISIS/workspace/ycube/GlobusSatProject/..//hal/hcc/lib\libHCCD.a
LOAD C:/ISIS/workspace/ycube/GlobusSatProject/..//satellite-subsystems/satellite-subsystems/lib\libSatelliteSubsystemsD.a
LOAD C:/ISIS/workspace/ycube/GlobusSatProject/..//hal/freertos/lib\libFreeRTOSD.a
LOAD C:/ISIS/workspace/ycube/GlobusSatProject/..//hal/at91/lib\libAt91D.a
START GROUP
LOAD c:/isis/application/toolchain/bin/../lib/gcc/arm-none-eabi/4.7.4\libgcc.a
LOAD c:/isis/application/toolchain/bin/../lib/gcc/arm-none-eabi/4.7.4/../../../../arm-none-eabi/lib\libg.a
LOAD c:/isis/application/toolchain/bin/../lib/gcc/arm-none-eabi/4.7.4/../../../../arm-none-eabi/lib\libc.a
END GROUP

.fixed          0x20000000    0x4761c
                0x20000000                . = ALIGN (0x4)
                0x20000000                _sfixed = .
 *(.startup)
 .startup       0x20000000      0x184 C:/ISIS/workspace/ycube/GlobusSatProject/..//hal/at91/lib\libAt91D.a(board_cstartup.o)
                0x20000000                entry
 *(.text)
 .text          0x20000184       0x64 C:/ISIS/workspace/ycube/GlobusSatProject/..//hal/at91/lib\libAt91D.a(cp15_asm.o)
                0x20000184                _readControlRegister
                0x20000190                _writeControlRegister
                0x20000198                _waitForInterrupt
                0x200001a4                _writeTTB
                0x200001ac                _writeDomain
                0x200001b4                _writeITLBLockdown
                0x200001bc                _prefetchICacheLine
                0x200001c4                _flushDCache
                0x200001d0                _flushWriteBuffer
                0x200001dc                _invalidateIDTLBs
 .text          0x200001e8      0x114 c:/isis/application/toolchain/bin/../lib/gcc/arm-none-eabi/4.7.4\libgcc.a(_udivsi3.o)
                0x200001e8                __aeabi_uidiv
                0x200001e8                __udivsi3
                0x200002dc                __aeabi_uidivmod
 .text          0x200002fc      0x148 c:/isis/application/toolchain/bin/../lib/gcc/arm-none-eabi/4.7.4\libgcc.a(_divsi3.o)
                0x200002fc                __divsi3
                0x200002fc                __aeabi_idiv
                0x20000424                __aeabi_idivmod
 .text          0x20000444        0x4 c:/isis/application/toolchain/bin/../lib/gcc/arm-none-eabi/4.7.4\libgcc.a(_dvmd_tls.o)
                0x20000444                __aeabi_idiv0
                0x20000444                __aeabi_ldiv0
 .text          0x20000448      0x41c c:/isis/application/toolchain/bin/../lib/gcc/arm-none-eabi/4.7.4\libgcc.a(_arm_addsubdf3.o)
                0x20000448                __aeabi_drsub
                0x20000450                __aeabi_dsub
                0x20000450                __subdf3
                0x20000454                __aeabi_dadd
                0x20000454                __adddf3
                0x20000764                __floatunsidf
                0x20000764                __aeabi_ui2d
                0x20000788                __floatsidf
                0x20000788                __aeabi_i2d
                0x200007b0                __aeabi_f2d
                0x200007b0                __extendsfdf2
                0x200007f0                __floatundidf
                0x200007f0                __aeabi_ul2d
                0x20000804                __floatdidf
                0x20000804                __aeabi_l2d
 .text          0x20000864      0x49c c:/isis/application/toolchain/bin/../lib/gcc/arm-none-eabi/4.7.4\libgcc.a(_arm_muldivdf3.o)
                0x20000864                __aeabi_dmul
                0x20000864                __muldf3
                0x20000af4                __divdf3
                0x20000af4                __aeabi_ddiv
 .text          0x20000d00      0x144 c:/isis/application/toolchain/bin/../lib/gcc/arm-none-eabi/4.7.4\libgcc.a(_arm_cmpdf2.o)
                0x20000d00                __gtdf2
                0x20000d00                __gedf2
                0x20000d08                __ltdf2
                0x20000d08                __ledf2
                0x20000d10                __nedf2
                0x20000d10                __eqdf2
                0x20000d10                __cmpdf2
                0x20000d98                __aeabi_cdrcmple
                0x20000db4                __aeabi_cdcmpeq
                0x20000db4                __aeabi_cdcmple
                0x20000dcc                __aeabi_dcmpeq
                0x20000de4                __aeabi_dcmplt
                0x20000dfc                __aeabi_dcmple
                0x20000e14                __aeabi_dcmpge
                0x20000e2c                __aeabi_dcmpgt
 .text          0x20000e44       0xa0 c:/isis/application/toolchain/bin/../lib/gcc/arm-none-eabi/4.7.4\libgcc.a(_arm_truncdfsf2.o)
                0x20000e44                __truncdfsf2
                0x20000e44                __aeabi_d2f
 .text          0x20000ee4      0x2ac c:/isis/application/toolchain/bin/../lib/gcc/arm-none-eabi/4.7.4\libgcc.a(_arm_addsubsf3.o)
                0x20000ee4                __aeabi_frsub
                0x20000eec                __subsf3
                0x20000eec                __aeabi_fsub
                0x20000ef0                __aeabi_fadd
                0x20000ef0                __addsf3
                0x200010ac                __aeabi_ui2f
                0x200010ac                __floatunsisf
                0x200010b4                __aeabi_i2f
                0x200010b4                __floatsisf
                0x200010d4                __aeabi_ul2f
                0x200010d4                __floatundisf
                0x200010e4                __aeabi_l2f
                0x200010e4                __floatdisf
 .text          0x20001190      0x2f8 c:/isis/application/toolchain/bin/../lib/gcc/arm-none-eabi/4.7.4\libgcc.a(_arm_muldivsf3.o)
                0x20001190                __mulsf3
                0x20001190                __aeabi_fmul
                0x20001328                __aeabi_fdiv
                0x20001328                __divsf3
 .text          0x20001488      0x114 c:/isis/application/toolchain/bin/../lib/gcc/arm-none-eabi/4.7.4\libgcc.a(_arm_cmpsf2.o)
                0x20001488                __gesf2
                0x20001488                __gtsf2
                0x20001490                __lesf2
                0x20001490                __ltsf2
                0x20001498                __nesf2
                0x20001498                __eqsf2
                0x20001498                __cmpsf2
                0x200014fc                __aeabi_cfrcmple
                0x2000150c                __aeabi_cfcmpeq
                0x2000150c                __aeabi_cfcmple
                0x20001524                __aeabi_fcmpeq
                0x2000153c                __aeabi_fcmplt
                0x20001554                __aeabi_fcmple
                0x2000156c                __aeabi_fcmpge
                0x20001584                __aeabi_fcmpgt
 .text          0x2000159c       0x54 c:/isis/application/toolchain/bin/../lib/gcc/arm-none-eabi/4.7.4\libgcc.a(_arm_fixunssfsi.o)
                0x2000159c                __fixunssfsi
                0x2000159c                __aeabi_f2uiz
 .text          0x200015f0       0x5c c:/isis/application/toolchain/bin/../lib/gcc/arm-none-eabi/4.7.4\libgcc.a(_arm_fixdfsi.o)
                0x200015f0                __aeabi_d2iz
                0x200015f0                __fixdfsi
 .text          0x2000164c       0x54 c:/isis/application/toolchain/bin/../lib/gcc/arm-none-eabi/4.7.4\libgcc.a(_arm_fixunsdfsi.o)
                0x2000164c                __aeabi_d2uiz
                0x2000164c                __fixunsdfsi
 .text          0x200016a0       0x3c c:/isis/application/toolchain/bin/../lib/gcc/arm-none-eabi/4.7.4\libgcc.a(_aeabi_uldivmod.o)
                0x200016a0                __aeabi_uldivmod
 .text          0x200016dc       0x84 c:/isis/application/toolchain/bin/../lib/gcc/arm-none-eabi/4.7.4\libgcc.a(bpabi.o)
                0x200016dc                __gnu_ldivmod_helper
                0x20001720                __gnu_uldivmod_helper
 .text          0x20001760      0x4f0 c:/isis/application/toolchain/bin/../lib/gcc/arm-none-eabi/4.7.4\libgcc.a(_divdi3.o)
                0x20001760                __divdi3
 .text          0x20001c50      0x488 c:/isis/application/toolchain/bin/../lib/gcc/arm-none-eabi/4.7.4\libgcc.a(_udivdi3.o)
                0x20001c50                __udivdi3
 .text          0x200020d8       0x48 c:/isis/application/toolchain/bin/../lib/gcc/arm-none-eabi/4.7.4\libgcc.a(_clzsi2.o)
                0x200020d8                __clzsi2
 *(.text*)
 .text.TestActUponCommand
                0x20002120      0x114 ./src/TestingDemos/CommandsTestingDemo.o
                0x20002120                TestActUponCommand
 .text.TestAssmbleCommand
                0x20002234      0x134 ./src/TestingDemos/CommandsTestingDemo.o
                0x20002234                TestAssmbleCommand
 .text.TestGetDelayedCommand
                0x20002368       0xa0 ./src/TestingDemos/CommandsTestingDemo.o
                0x20002368                TestGetDelayedCommand
 .text.TestAddDelayedCommand
                0x20002408       0xbc ./src/TestingDemos/CommandsTestingDemo.o
                0x20002408                TestAddDelayedCommand
 .text.TestGetDelayedCommandBufferCount
                0x200024c4       0x54 ./src/TestingDemos/CommandsTestingDemo.o
                0x200024c4                TestGetDelayedCommandBufferCount
 .text.TestGetOnlineCommand
                0x20002518       0xc8 ./src/TestingDemos/CommandsTestingDemo.o
                0x20002518                TestGetOnlineCommand
 .text.TestDeleteDelayedCommandByIndex
                0x200025e0      0x1c0 ./src/TestingDemos/CommandsTestingDemo.o
                0x200025e0                TestDeleteDelayedCommandByIndex
 .text.TestDeleteDelayedBuffer
                0x200027a0      0x140 ./src/TestingDemos/CommandsTestingDemo.o
                0x200027a0                TestDeleteDelayedBuffer
 .text.selectAndExecuteCommandsDemoTest
                0x200028e0      0x174 ./src/TestingDemos/CommandsTestingDemo.o
                0x200028e0                selectAndExecuteCommandsDemoTest
 .text.MainCommandsTestBench
                0x20002a54       0x44 ./src/TestingDemos/CommandsTestingDemo.o
                0x20002a54                MainCommandsTestBench
 .text.TestEpsConditioning
                0x20002a98      0x1e8 ./src/TestingDemos/EpsTestingDemo.o
                0x20002a98                TestEpsConditioning
 .text.TestGetBatteryVoltage
                0x20002c80       0x64 ./src/TestingDemos/EpsTestingDemo.o
                0x20002c80                TestGetBatteryVoltage
 .text.TestUpdateThreshVoltages
                0x20002ce4      0x170 ./src/TestingDemos/EpsTestingDemo.o
                0x20002ce4                TestUpdateThreshVoltages
 .text.TestGetThreshVoltages
                0x20002e54       0xb0 ./src/TestingDemos/EpsTestingDemo.o
                0x20002e54                TestGetThreshVoltages
 .text.TestUpdateAlpha
                0x20002f04       0xc0 ./src/TestingDemos/EpsTestingDemo.o
                0x20002f04                TestUpdateAlpha
 .text.TestGetAlpha
                0x20002fc4       0x78 ./src/TestingDemos/EpsTestingDemo.o
                0x20002fc4                TestGetAlpha
 .text.TestRestoreDefaultAlpha
                0x2000303c       0xf4 ./src/TestingDemos/EpsTestingDemo.o
                0x2000303c                TestRestoreDefaultAlpha
 .text.TestRestoreDefaultThresholdVoltages
                0x20003130      0x154 ./src/TestingDemos/EpsTestingDemo.o
                0x20003130                TestRestoreDefaultThresholdVoltages
 .text.GetHeaterValues
                0x20003284       0xb0 ./src/TestingDemos/EpsTestingDemo.o
                0x20003284                GetHeaterValues
 .text.SetHeaterValues
                0x20003334      0x104 ./src/TestingDemos/EpsTestingDemo.o
                0x20003334                SetHeaterValues
 .text.selectAndExecuteEpsDemoTest
                0x20003438      0x1b0 ./src/TestingDemos/EpsTestingDemo.o
                0x20003438                selectAndExecuteEpsDemoTest
 .text.MainEpsTestBench
                0x200035e8       0x40 ./src/TestingDemos/EpsTestingDemo.o
                0x200035e8                MainEpsTestBench
 .text.TestListFiles
                0x20003628      0x10c ./src/TestingDemos/FileSystemTestingDemo.o
                0x20003628                TestListFiles
 .text.TestlistTLMFiles
                0x20003734      0x1c8 ./src/TestingDemos/FileSystemTestingDemo.o
                0x20003734                TestlistTLMFiles
 .text.TestListAllFiles
                0x200038fc       0xb4 ./src/TestingDemos/FileSystemTestingDemo.o
                0x200038fc                TestListAllFiles
 .text.TestLOGTLM
                0x200039b0      0x110 ./src/TestingDemos/FileSystemTestingDemo.o
                0x200039b0                TestLOGTLM
 .text.TestEPSTLM
                0x20003ac0       0xa8 ./src/TestingDemos/FileSystemTestingDemo.o
                0x20003ac0                TestEPSTLM
 .text.TestReadTimeRangeTLMRes
                0x20003b68      0x210 ./src/TestingDemos/FileSystemTestingDemo.o
                0x20003b68                TestReadTimeRangeTLMRes
 .text.TestReadTimeRangeTLM
                0x20003d78      0x178 ./src/TestingDemos/FileSystemTestingDemo.o
                0x20003d78                TestReadTimeRangeTLM
 .text.GenerateWODTLM
                0x20003ef0       0xd0 ./src/TestingDemos/FileSystemTestingDemo.o
                0x20003ef0                GenerateWODTLM
 .text.DeleteOldFiles
                0x20003fc0      0x294 ./src/TestingDemos/FileSystemTestingDemo.o
                0x20003fc0                DeleteOldFiles
 .text.CreateFiles4DeleteTest2
                0x20004254      0x19c ./src/TestingDemos/FileSystemTestingDemo.o
                0x20004254                CreateFiles4DeleteTest2
 .text.copyTLMFile
                0x200043f0      0x2b8 ./src/TestingDemos/FileSystemTestingDemo.o
                0x200043f0                copyTLMFile
 .text.TestWODTLM
                0x200046a8       0xa8 ./src/TestingDemos/FileSystemTestingDemo.o
                0x200046a8                TestWODTLM
 .text.TestDeleteFiels
                0x20004750      0x2b8 ./src/TestingDemos/FileSystemTestingDemo.o
                0x20004750                TestDeleteFiels
 .text.TestReadMultiFiels
                0x20004a08      0x2ac ./src/TestingDemos/FileSystemTestingDemo.o
                0x20004a08                TestReadMultiFiels
 .text.TestTRXVUTLM
                0x20004cb4      0x11c ./src/TestingDemos/FileSystemTestingDemo.o
                0x20004cb4                TestTRXVUTLM
 .text.FullSDTest
                0x20004dd0      0x12c ./src/TestingDemos/FileSystemTestingDemo.o
                0x20004dd0                FullSDTest
 .text.LogErrorRateTest
                0x20004efc      0x11c ./src/TestingDemos/FileSystemTestingDemo.o
                0x20004efc                LogErrorRateTest
 .text.deleteMonth
                0x20005018       0x78 ./src/TestingDemos/FileSystemTestingDemo.o
                0x20005018                deleteMonth
 .text.deleteYear
                0x20005090       0x94 ./src/TestingDemos/FileSystemTestingDemo.o
                0x20005090                deleteYear
 .text.selectAndExecuteFSTest
                0x20005124      0x254 ./src/TestingDemos/FileSystemTestingDemo.o
                0x20005124                selectAndExecuteFSTest
 .text.MainFileSystemTestBench
                0x20005378       0x44 ./src/TestingDemos/FileSystemTestingDemo.o
                0x20005378                MainFileSystemTestBench
 .text.selectAndExecuteTest
                0x200053bc      0x168 ./src/TestingDemos/MainTest.o
                0x200053bc                selectAndExecuteTest
 .text.taskTesting
                0x20005524       0x28 ./src/TestingDemos/MainTest.o
                0x20005524                taskTesting
 .text.printSDINfo
                0x2000554c       0x84 ./src/TestingDemos/MaintenanceTestingDemo.o
                0x2000554c                printSDINfo
 .text.changeFirstActivation
                0x200055d0       0x84 ./src/TestingDemos/MaintenanceTestingDemo.o
                0x200055d0                changeFirstActivation
 .text.selectAndExecuteMaintenanceDemoTest
                0x20005654      0x19c ./src/TestingDemos/MaintenanceTestingDemo.o
                0x20005654                selectAndExecuteMaintenanceDemoTest
 .text.MainMaintenanceTestBench
                0x200057f0       0x40 ./src/TestingDemos/MaintenanceTestingDemo.o
                0x200057f0                MainMaintenanceTestBench
 .text.MainTelemetryTestBench
                0x20005830       0x1c ./src/TestingDemos/TelemetryTestingDemo.o
                0x20005830                MainTelemetryTestBench
 .text.TestInitTrxvu
                0x2000584c       0x54 ./src/TestingDemos/TrxvuTestingDemo.o
                0x2000584c                TestInitTrxvu
 .text.TestInitTrxvuWithDifferentFrameLengths
                0x200058a0      0x134 ./src/TestingDemos/TrxvuTestingDemo.o
                0x200058a0                TestInitTrxvuWithDifferentFrameLengths
 .text.TestTrxvuLogic
                0x200059d4       0xd4 ./src/TestingDemos/TrxvuTestingDemo.o
                0x200059d4                TestTrxvuLogic
 .text.TestCheckTransmitionAllowed
                0x20005aa8       0xa4 ./src/TestingDemos/TrxvuTestingDemo.o
                0x20005aa8                TestCheckTransmitionAllowed
 .text.TestLoopSPL
                0x20005b4c       0xc4 ./src/TestingDemos/TrxvuTestingDemo.o
                0x20005b4c                TestLoopSPL
 .text.TestSendDumpAbortRequest
                0x20005c10       0x24 ./src/TestingDemos/TrxvuTestingDemo.o
                0x20005c10                TestSendDumpAbortRequest
 .text.TestTransmitDummySplPacket
                0x20005c34       0xc0 ./src/TestingDemos/TrxvuTestingDemo.o
                0x20005c34                TestTransmitDummySplPacket
 .text.TestTransmitSplPacket
                0x20005cf4      0x1ec ./src/TestingDemos/TrxvuTestingDemo.o
                0x20005cf4                TestTransmitSplPacket
 .text.TestExitDump
                0x20005ee0       0x1c ./src/TestingDemos/TrxvuTestingDemo.o
                0x20005ee0                TestExitDump
 .text.TestDumpTelemetry
                0x20005efc       0x9c ./src/TestingDemos/TrxvuTestingDemo.o
                0x20005efc                TestDumpTelemetry
 .text.TestRestoreDefaultBeaconParameters
                0x20005f98       0x1c ./src/TestingDemos/TrxvuTestingDemo.o
                0x20005f98                TestRestoreDefaultBeaconParameters
 .text.TestChooseDefaultBeaconCycle
                0x20005fb4       0xe0 ./src/TestingDemos/TrxvuTestingDemo.o
                0x20005fb4                TestChooseDefaultBeaconCycle
 .text.TestBeaconLogic
                0x20006094       0xdc ./src/TestingDemos/TrxvuTestingDemo.o
                0x20006094                TestBeaconLogic
 .text.TestMuteTrxvu
                0x20006170       0x9c ./src/TestingDemos/TrxvuTestingDemo.o
                0x20006170                TestMuteTrxvu
 .text.TestUnMuteTrxvu
                0x2000620c       0x30 ./src/TestingDemos/TrxvuTestingDemo.o
                0x2000620c                TestUnMuteTrxvu
 .text.TestGetNumberOfFramesInBuffer
                0x2000623c       0x54 ./src/TestingDemos/TrxvuTestingDemo.o
                0x2000623c                TestGetNumberOfFramesInBuffer
 .text.TestSetTrxvuBitrate
                0x20006290       0xf0 ./src/TestingDemos/TrxvuTestingDemo.o
                0x20006290                TestSetTrxvuBitrate
 .text.TestGetTrxvuBitrate
                0x20006380       0xb0 ./src/TestingDemos/TrxvuTestingDemo.o
                0x20006380                TestGetTrxvuBitrate
 .text.TestTransmitDataAsSPL_Packet
                0x20006430      0x114 ./src/TestingDemos/TrxvuTestingDemo.o
                0x20006430                TestTransmitDataAsSPL_Packet
 .text.selectAndExecuteTrxvuDemoTest
                0x20006544      0x2ac ./src/TestingDemos/TrxvuTestingDemo.o
                0x20006544                selectAndExecuteTrxvuDemoTest
 .text.MainTrxvuTestBench
                0x200067f0       0x44 ./src/TestingDemos/TrxvuTestingDemo.o
                0x200067f0                MainTrxvuTestBench
 .text.GetBatteryVoltage
                0x20006834       0x38 ./src/SubSystemModules/PowerManagment/EPS.o
                0x20006834                GetBatteryVoltage
 .text.EPS_Init
                0x2000686c       0xb8 ./src/SubSystemModules/PowerManagment/EPS.o
                0x2000686c                EPS_Init
 .text.EPS_Conditioning
                0x20006924      0x1c4 ./src/SubSystemModules/PowerManagment/EPS.o
                0x20006924                EPS_Conditioning
 .text.UpdateAlpha
                0x20006ae8       0xd8 ./src/SubSystemModules/PowerManagment/EPS.o
                0x20006ae8                UpdateAlpha
 .text.UpdateThresholdVoltages
                0x20006bc0      0x218 ./src/SubSystemModules/PowerManagment/EPS.o
                0x20006bc0                UpdateThresholdVoltages
 .text.GetThresholdVoltages
                0x20006dd8       0x80 ./src/SubSystemModules/PowerManagment/EPS.o
                0x20006dd8                GetThresholdVoltages
 .text.GetAlpha
                0x20006e58       0x7c ./src/SubSystemModules/PowerManagment/EPS.o
                0x20006e58                GetAlpha
 .text.RestoreDefaultThresholdVoltages
                0x20006ed4       0x74 ./src/SubSystemModules/PowerManagment/EPS.o
                0x20006ed4                RestoreDefaultThresholdVoltages
 .text.CMDGetHeaterValues
                0x20006f48       0x24 ./src/SubSystemModules/PowerManagment/EPS.o
                0x20006f48                CMDGetHeaterValues
 .text.CMDSetHeaterValues
                0x20006f6c       0x58 ./src/SubSystemModules/PowerManagment/EPS.o
                0x20006f6c                CMDSetHeaterValues
 .text.EnterFullMode
                0x20006fc4       0x44 ./src/SubSystemModules/PowerManagment/EPSOperationModes.o
                0x20006fc4                EnterFullMode
 .text.EnterCruiseMode
                0x20007008       0x44 ./src/SubSystemModules/PowerManagment/EPSOperationModes.o
                0x20007008                EnterCruiseMode
 .text.EnterSafeMode
                0x2000704c       0x44 ./src/SubSystemModules/PowerManagment/EPSOperationModes.o
                0x2000704c                EnterSafeMode
 .text.EnterCriticalMode
                0x20007090       0x44 ./src/SubSystemModules/PowerManagment/EPSOperationModes.o
                0x20007090                EnterCriticalMode
 .text.GetSystemState
                0x200070d4       0x24 ./src/SubSystemModules/PowerManagment/EPSOperationModes.o
                0x200070d4                GetSystemState
 .text.GetSystemChannelState
                0x200070f8       0x24 ./src/SubSystemModules/PowerManagment/EPSOperationModes.o
                0x200070f8                GetSystemChannelState
 .text.EpsGetLowVoltageFlag
                0x2000711c       0x24 ./src/SubSystemModules/PowerManagment/EPSOperationModes.o
                0x2000711c                EpsGetLowVoltageFlag
 .text.EpsSetLowVoltageFlag
                0x20007140       0x2c ./src/SubSystemModules/PowerManagment/EPSOperationModes.o
                0x20007140                EpsSetLowVoltageFlag
 .text.CheckExecutionTime
                0x2000716c       0x80 ./src/SubSystemModules/Maintenance/Maintenance.o
                0x2000716c                CheckExecutionTime
 .text.SaveSatTimeInFRAM
                0x200071ec       0x44 ./src/SubSystemModules/Maintenance/Maintenance.o
                0x200071ec                SaveSatTimeInFRAM
 .text.WakeupFromResetCMD
                0x20007230      0x120 ./src/SubSystemModules/Maintenance/Maintenance.o
                0x20007230                WakeupFromResetCMD
 .text.ResetGroundCommWDT
                0x20007350       0x1c ./src/SubSystemModules/Maintenance/Maintenance.o
                0x20007350                ResetGroundCommWDT
 .text.DeleteOldFiels
                0x2000736c      0x2f4 ./src/SubSystemModules/Maintenance/Maintenance.o
                0x2000736c                DeleteOldFiels
 .text.HardResetMCU
                0x20007660       0x24 ./src/SubSystemModules/Maintenance/Maintenance.o
                0x20007660                HardResetMCU
 .text.InitSavePeriodTimes
                0x20007684       0x78 ./src/SubSystemModules/Housekepping/TelemetryCollector.o
                0x20007684                InitSavePeriodTimes
 .text.CMD_GetTLMPeriodTimes
                0x200076fc       0x38 ./src/SubSystemModules/Housekepping/TelemetryCollector.o
                0x200076fc                CMD_GetTLMPeriodTimes
 .text.CMD_SetTLMPeriodTimes
                0x20007734      0x17c ./src/SubSystemModules/Housekepping/TelemetryCollector.o
                0x20007734                CMD_SetTLMPeriodTimes
 .text.TelemetryCollectorLogic
                0x200078b0      0x208 ./src/SubSystemModules/Housekepping/TelemetryCollector.o
                0x200078b0                TelemetryCollectorLogic
 .text.TelemetrySaveEPS
                0x20007ab8       0x18 ./src/SubSystemModules/Housekepping/TelemetryCollector.o
                0x20007ab8                TelemetrySaveEPS
 .text.TelemetrySaveTRXVU
                0x20007ad0       0x94 ./src/SubSystemModules/Housekepping/TelemetryCollector.o
                0x20007ad0                TelemetrySaveTRXVU
 .text.TelemetrySaveANT
                0x20007b64       0xa4 ./src/SubSystemModules/Housekepping/TelemetryCollector.o
                0x20007b64                TelemetrySaveANT
 .text.TelemetrySaveSolarPanels
                0x20007c08      0x228 ./src/SubSystemModules/Housekepping/TelemetryCollector.o
                0x20007c08                TelemetrySaveSolarPanels
 .text.TelemetrySaveWOD
                0x20007e30       0x48 ./src/SubSystemModules/Housekepping/TelemetryCollector.o
                0x20007e30                TelemetrySaveWOD
 .text.GetCurrentWODTelemetry
                0x20007e78      0x74c ./src/SubSystemModules/Housekepping/TelemetryCollector.o
                0x20007e78                GetCurrentWODTelemetry
 .text.CMD_EPS_ResetWDT
                0x200085c4       0x48 ./src/SubSystemModules/Communication/SubsystemCommands/EPS_Commands.o
                0x200085c4                CMD_EPS_ResetWDT
 .text.CMD_DeleteTLM
                0x2000860c      0x1d8 ./src/SubSystemModules/Communication/SubsystemCommands/FS_Commands.o
                0x2000860c                CMD_DeleteTLM
 .text.CMD_DeleteAllFiles
                0x200087e4       0x38 ./src/SubSystemModules/Communication/SubsystemCommands/FS_Commands.o
                0x200087e4                CMD_DeleteAllFiles
 .text.CMD_GetLastFS_Error
                0x2000881c       0x4c ./src/SubSystemModules/Communication/SubsystemCommands/FS_Commands.o
                0x2000881c                CMD_GetLastFS_Error
 .text.CMD_GenericI2C
                0x20008868      0x144 ./src/SubSystemModules/Communication/SubsystemCommands/Maintanence_Commands.o
                0x20008868                CMD_GenericI2C
 .text.CMD_FRAM_ReadAndTransmitt
                0x200089ac       0xe8 ./src/SubSystemModules/Communication/SubsystemCommands/Maintanence_Commands.o
                0x200089ac                CMD_FRAM_ReadAndTransmitt
 .text.CMD_FRAM_WriteAndTransmitt
                0x20008a94      0x11c ./src/SubSystemModules/Communication/SubsystemCommands/Maintanence_Commands.o
                0x20008a94                CMD_FRAM_WriteAndTransmitt
 .text.CMD_FRAM_ReStart
                0x20008bb0       0x4c ./src/SubSystemModules/Communication/SubsystemCommands/Maintanence_Commands.o
                0x20008bb0                CMD_FRAM_ReStart
 .text.CMD_UpdateSatTime
                0x20008bfc       0xa4 ./src/SubSystemModules/Communication/SubsystemCommands/Maintanence_Commands.o
                0x20008bfc                CMD_UpdateSatTime
 .text.CMD_GetSatUptime
                0x20008ca0       0x48 ./src/SubSystemModules/Communication/SubsystemCommands/Maintanence_Commands.o
                0x20008ca0                CMD_GetSatUptime
 .text.CMD_ResetComponent
                0x20008ce8      0x290 ./src/SubSystemModules/Communication/SubsystemCommands/Maintanence_Commands.o
                0x20008ce8                CMD_ResetComponent
 .text.DumpTask
                0x20008f78      0x310 ./src/SubSystemModules/Communication/SubsystemCommands/TRXVU_Commands.o
                0x20008f78                DumpTask
 .text.CMD_AntennaDeploy
                0x20009288       0xec ./src/SubSystemModules/Communication/SubsystemCommands/TRXVU_Commands.o
                0x20009288                CMD_AntennaDeploy
 .text.CMD_StartDump
                0x20009374      0x224 ./src/SubSystemModules/Communication/SubsystemCommands/TRXVU_Commands.o
                0x20009374                CMD_StartDump
 .text.CMD_SendDumpAbortRequest
                0x20009598       0x38 ./src/SubSystemModules/Communication/SubsystemCommands/TRXVU_Commands.o
                0x20009598                CMD_SendDumpAbortRequest
 .text.CMD_ForceDumpAbort
                0x200095d0       0x3c ./src/SubSystemModules/Communication/SubsystemCommands/TRXVU_Commands.o
                0x200095d0                CMD_ForceDumpAbort
 .text.CMD_SetTransponder
                0x2000960c      0x148 ./src/SubSystemModules/Communication/SubsystemCommands/TRXVU_Commands.o
                0x2000960c                CMD_SetTransponder
 .text.CMD_SetRSSITransponder
                0x20009754       0x90 ./src/SubSystemModules/Communication/SubsystemCommands/TRXVU_Commands.o
                0x20009754                CMD_SetRSSITransponder
 .text.CMD_MuteTRXVU
                0x200097e4       0xc4 ./src/SubSystemModules/Communication/SubsystemCommands/TRXVU_Commands.o
                0x200097e4                CMD_MuteTRXVU
 .text.CMD_SetIdleState
                0x200098a8       0x94 ./src/SubSystemModules/Communication/SubsystemCommands/TRXVU_Commands.o
                0x200098a8                CMD_SetIdleState
 .text.CMD_UnMuteTRXVU
                0x2000993c       0x38 ./src/SubSystemModules/Communication/SubsystemCommands/TRXVU_Commands.o
                0x2000993c                CMD_UnMuteTRXVU
 .text.CMD_GetBaudRate
                0x20009974       0x68 ./src/SubSystemModules/Communication/SubsystemCommands/TRXVU_Commands.o
                0x20009974                CMD_GetBaudRate
 .text.CMD_TrasmitBeacon
                0x200099dc       0x48 ./src/SubSystemModules/Communication/SubsystemCommands/TRXVU_Commands.o
                0x200099dc                CMD_TrasmitBeacon
 .text.CMD_GetBeaconInterval
                0x20009a24       0x6c ./src/SubSystemModules/Communication/SubsystemCommands/TRXVU_Commands.o
                0x20009a24                CMD_GetBeaconInterval
 .text.CMD_SetBaudRate
                0x20009a90       0x60 ./src/SubSystemModules/Communication/SubsystemCommands/TRXVU_Commands.o
                0x20009a90                CMD_SetBaudRate
 .text.CMD_GetTxUptime
                0x20009af0       0x64 ./src/SubSystemModules/Communication/SubsystemCommands/TRXVU_Commands.o
                0x20009af0                CMD_GetTxUptime
 .text.CMD_GetRxUptime
                0x20009b54       0x64 ./src/SubSystemModules/Communication/SubsystemCommands/TRXVU_Commands.o
                0x20009b54                CMD_GetRxUptime
 .text.CMD_GetNumOfOnlineCommands
                0x20009bb8       0x64 ./src/SubSystemModules/Communication/SubsystemCommands/TRXVU_Commands.o
                0x20009bb8                CMD_GetNumOfOnlineCommands
 .text.CMD_AntSetArmStatus
                0x20009c1c       0xa0 ./src/SubSystemModules/Communication/SubsystemCommands/TRXVU_Commands.o
                0x20009c1c                CMD_AntSetArmStatus
 .text.CMD_AntGetArmStatus
                0x20009cbc       0x70 ./src/SubSystemModules/Communication/SubsystemCommands/TRXVU_Commands.o
                0x20009cbc                CMD_AntGetArmStatus
 .text.CMD_AntGetUptime
                0x20009d2c       0x78 ./src/SubSystemModules/Communication/SubsystemCommands/TRXVU_Commands.o
                0x20009d2c                CMD_AntGetUptime
 .text.CMD_StopReDeployment
                0x20009da4       0xac ./src/SubSystemModules/Communication/SubsystemCommands/TRXVU_Commands.o
                0x20009da4                CMD_StopReDeployment
 .text.CMD_AntCancelDeployment
                0x20009e50       0x68 ./src/SubSystemModules/Communication/SubsystemCommands/TRXVU_Commands.o
                0x20009e50                CMD_AntCancelDeployment
 .text.SendAckPacket
                0x20009eb8       0xe4 ./src/SubSystemModules/Communication/AckHandler.o
                0x20009eb8                SendAckPacket
 .text.trxvu_command_router
                0x20009f9c      0x548 ./src/SubSystemModules/Communication/CommandDictionary.o
                0x20009f9c                trxvu_command_router
 .text.eps_command_router
                0x2000a4e4       0xdc ./src/SubSystemModules/Communication/CommandDictionary.o
                0x2000a4e4                eps_command_router
 .text.telemetry_command_router
                0x2000a5c0      0x1f4 ./src/SubSystemModules/Communication/CommandDictionary.o
                0x2000a5c0                telemetry_command_router
 .text.managment_command_router
                0x2000a7b4      0x12c ./src/SubSystemModules/Communication/CommandDictionary.o
                0x2000a7b4                managment_command_router
 .text.filesystem_command_router
                0x2000a8e0       0x24 ./src/SubSystemModules/Communication/CommandDictionary.o
                0x2000a8e0                filesystem_command_router
 .text.ParseDataToCommand
                0x2000a904      0x1ac ./src/SubSystemModules/Communication/SatCommandHandler.o
                0x2000a904                ParseDataToCommand
 .text.AssembleCommand
                0x2000aab0      0x148 ./src/SubSystemModules/Communication/SatCommandHandler.o
                0x2000aab0                AssembleCommand
 .text.GetDelayedCommand
                0x2000abf8       0x24 ./src/SubSystemModules/Communication/SatCommandHandler.o
                0x2000abf8                GetDelayedCommand
 .text.AddDelayedCommand
                0x2000ac1c       0x24 ./src/SubSystemModules/Communication/SatCommandHandler.o
                0x2000ac1c                AddDelayedCommand
 .text.GetDelayedCommandBufferCount
                0x2000ac40       0x50 ./src/SubSystemModules/Communication/SatCommandHandler.o
                0x2000ac40                GetDelayedCommandBufferCount
 .text.GetDelayedCommandByIndex
                0x2000ac90       0x28 ./src/SubSystemModules/Communication/SatCommandHandler.o
                0x2000ac90                GetDelayedCommandByIndex
 .text.DeleteDelayedCommandByIndex
                0x2000acb8       0x24 ./src/SubSystemModules/Communication/SatCommandHandler.o
                0x2000acb8                DeleteDelayedCommandByIndex
 .text.DeleteDelayedBuffer
                0x2000acdc       0x1c ./src/SubSystemModules/Communication/SatCommandHandler.o
                0x2000acdc                DeleteDelayedBuffer
 .text.ActUponCommand
                0x2000acf8      0x108 ./src/SubSystemModules/Communication/SatCommandHandler.o
                0x2000acf8                ActUponCommand
 .text.setMuteEndTime
                0x2000ae00       0x40 ./src/SubSystemModules/Communication/TRXVU.o
                0x2000ae00                setMuteEndTime
 .text.getMuteEndTime
                0x2000ae40       0x44 ./src/SubSystemModules/Communication/TRXVU.o
                0x2000ae40                getMuteEndTime
 .text.setTransponderEndTime
                0x2000ae84       0x40 ./src/SubSystemModules/Communication/TRXVU.o
                0x2000ae84                setTransponderEndTime
 .text.getTransponderEndTime
                0x2000aec4       0x44 ./src/SubSystemModules/Communication/TRXVU.o
                0x2000aec4                getTransponderEndTime
 .text.setTransponderRSSIinFRAM
                0x2000af08       0x44 ./src/SubSystemModules/Communication/TRXVU.o
                0x2000af08                setTransponderRSSIinFRAM
 .text.getTransponderRSSIFromFRAM
                0x2000af4c       0x4c ./src/SubSystemModules/Communication/TRXVU.o
                0x2000af4c                getTransponderRSSIFromFRAM
 .text.InitTxModule
                0x2000af98       0x68 ./src/SubSystemModules/Communication/TRXVU.o
                0x2000af98                InitTxModule
 .text.CMD_SetBeaconInterval
                0x2000b000       0xdc ./src/SubSystemModules/Communication/TRXVU.o
                0x2000b000                CMD_SetBeaconInterval
 .text.InitBeaconParams
                0x2000b0dc       0x3c ./src/SubSystemModules/Communication/TRXVU.o
                0x2000b0dc                InitBeaconParams
 .text.InitSemaphores
                0x2000b118       0x98 ./src/SubSystemModules/Communication/TRXVU.o
                0x2000b118                InitSemaphores
 .text.InitTrxvu
                0x2000b1b0       0xec ./src/SubSystemModules/Communication/TRXVU.o
                0x2000b1b0                InitTrxvu
 .text.checkIdleFinish
                0x2000b29c       0x68 ./src/SubSystemModules/Communication/TRXVU.o
                0x2000b29c                checkIdleFinish
 .text.checkTransponderFinish
                0x2000b304       0x98 ./src/SubSystemModules/Communication/TRXVU.o
                0x2000b304                checkTransponderFinish
 .text.checkTransponderStart
                0x2000b39c       0x50 ./src/SubSystemModules/Communication/TRXVU.o
                0x2000b39c                checkTransponderStart
 .text.turnOnTransponder
                0x2000b3ec       0xa0 ./src/SubSystemModules/Communication/TRXVU.o
                0x2000b3ec                turnOnTransponder
 .text.SetRSSITransponder
                0x2000b48c       0x80 ./src/SubSystemModules/Communication/TRXVU.o
                0x2000b48c                SetRSSITransponder
 .text.TRX_Logic
                0x2000b50c       0xd4 ./src/SubSystemModules/Communication/TRXVU.o
                0x2000b50c                TRX_Logic
 .text.GetNumberOfFramesInBuffer
                0x2000b5e0       0x5c ./src/SubSystemModules/Communication/TRXVU.o
                0x2000b5e0                GetNumberOfFramesInBuffer
 .text.GetOnlineCommand
                0x2000b63c      0x17c ./src/SubSystemModules/Communication/TRXVU.o
                0x2000b63c                GetOnlineCommand
 .text.CheckTransmitionAllowed
                0x2000b7b8       0xc0 ./src/SubSystemModules/Communication/TRXVU.o
                0x2000b7b8                CheckTransmitionAllowed
 .text.FinishDump
                0x2000b878       0xf0 ./src/SubSystemModules/Communication/TRXVU.o
                0x2000b878                FinishDump
 .text.AbortDump
                0x2000b968       0x34 ./src/SubSystemModules/Communication/TRXVU.o
                0x2000b968                AbortDump
 .text.SendDumpAbortRequest
                0x2000b99c       0x6c ./src/SubSystemModules/Communication/TRXVU.o
                0x2000b99c                SendDumpAbortRequest
 .text.CheckDumpAbort
                0x2000ba08       0x6c ./src/SubSystemModules/Communication/TRXVU.o
                0x2000ba08                CheckDumpAbort
 .text.BeaconLogic
                0x2000ba74      0x1b8 ./src/SubSystemModules/Communication/TRXVU.o
                0x2000ba74                BeaconLogic
 .text.SetIdleState
                0x2000bc2c      0x144 ./src/SubSystemModules/Communication/TRXVU.o
                0x2000bc2c                SetIdleState
 .text.muteTRXVU
                0x2000bd70       0x74 ./src/SubSystemModules/Communication/TRXVU.o
                0x2000bd70                muteTRXVU
 .text.UnMuteTRXVU
                0x2000bde4       0x14 ./src/SubSystemModules/Communication/TRXVU.o
                0x2000bde4                UnMuteTRXVU
 .text.TransmitDataAsSPL_Packet
                0x2000bdf8      0x114 ./src/SubSystemModules/Communication/TRXVU.o
                0x2000bdf8                TransmitDataAsSPL_Packet
 .text.TransmitSplPacket
                0x2000bf0c      0x1cc ./src/SubSystemModules/Communication/TRXVU.o
                0x2000bf0c                TransmitSplPacket
 .text.isFirstActivation
                0x2000c0d8       0x38 ./src/InitSystem.o
                0x2000c0d8                isFirstActivation
 .text.WriteDefaultValuesToFRAM
                0x2000c110      0x1e8 ./src/InitSystem.o
                0x2000c110                WriteDefaultValuesToFRAM
 .text.StartFRAM
                0x2000c2f8       0x2c ./src/InitSystem.o
                0x2000c2f8                StartFRAM
 .text.StartI2C
                0x2000c324       0x38 ./src/InitSystem.o
                0x2000c324                StartI2C
 .text.StartSPI
                0x2000c35c       0x34 ./src/InitSystem.o
                0x2000c35c                StartSPI
 .text.StartTIME
                0x2000c390       0xbc ./src/InitSystem.o
                0x2000c390                StartTIME
 .text.DeploySystem
                0x2000c44c      0x1a4 ./src/InitSystem.o
                0x2000c44c                DeploySystem
 .text.InitSubsystems
                0x2000c5f0       0x60 ./src/InitSystem.o
                0x2000c5f0                InitSubsystems
 .text.CMD_getInfoImage
                0x2000c650      0x158 ./src/TLM_management.o
                0x2000c650                CMD_getInfoImage
 .text.CMD_getDataImage
                0x2000c7a8      0x218 ./src/TLM_management.o
                0x2000c7a8                CMD_getDataImage
 .text.delete_allTMFilesFromSD
                0x2000c9c0       0x8c ./src/TLM_management.o
                0x2000c9c0                delete_allTMFilesFromSD
 .text.deleteTLMFiles
                0x2000ca4c       0x94 ./src/TLM_management.o
                0x2000ca4c                deleteTLMFiles
 .text.deleteTLMFile
                0x2000cae0       0xcc ./src/TLM_management.o
                0x2000cae0                deleteTLMFile
 .text.deleteTLMbyMonth
                0x2000cbac       0x98 ./src/TLM_management.o
                0x2000cbac                deleteTLMbyMonth
 .text.deleteDirectory
                0x2000cc44      0x158 ./src/TLM_management.o
                0x2000cc44                deleteDirectory
 .text.InitializeFS
                0x2000cd9c      0x100 ./src/TLM_management.o
                0x2000cd9c                InitializeFS
 .text.calculateFileName
                0x2000ce9c      0x130 ./src/TLM_management.o
                0x2000ce9c                calculateFileName
 .text.getTlmTypeInfo
                0x2000cfcc      0x230 ./src/TLM_management.o
                0x2000cfcc                getTlmTypeInfo
 .text.write2File
                0x2000d1fc      0x1dc ./src/TLM_management.o
                0x2000d1fc                write2File
 .text.printTLM
                0x2000d3d8      0x490 ./src/TLM_management.o
                0x2000d3d8                printTLM
 .text.readTLMFile
                0x2000d868      0x328 ./src/TLM_management.o
                0x2000d868                readTLMFile
 .text.readTLMFiles
                0x2000db90       0xdc ./src/TLM_management.o
                0x2000db90                readTLMFiles
 .text.readTLMFileTimeRange
                0x2000dc6c      0x2f0 ./src/TLM_management.o
                0x2000dc6c                readTLMFileTimeRange
 .text.DeInitializeFS
                0x2000df5c       0x38 ./src/TLM_management.o
                0x2000df5c                DeInitializeFS
 .text.main     0x2000df94       0x98 ./src/main.o
                0x2000df94                main
 .text.timeU2time
                0x2000e02c       0xbc ./src/utils.o
                0x2000e02c                timeU2time
 .text.logError
                0x2000e0e8      0x134 ./src/utils.o
                0x2000e0e8                logError
 .text.clearPDCtransfers
                0x2000e21c       0xe8 C:/ISIS/workspace/ycube/GlobusSatProject/..//hal/hal/lib\libHALD.a(SPI.o)
 .text.SPI_start
                0x2000e304      0x4b0 C:/ISIS/workspace/ycube/GlobusSatProject/..//hal/hal/lib\libHALD.a(SPI.o)
                0x2000e304                SPI_start
 .text.SPI_stop
                0x2000e7b4      0x244 C:/ISIS/workspace/ycube/GlobusSatProject/..//hal/hal/lib\libHALD.a(SPI.o)
                0x2000e7b4                SPI_stop
 .text.SPI_queueTransfer
                0x2000e9f8      0x1cc C:/ISIS/workspace/ycube/GlobusSatProject/..//hal/hal/lib\libHALD.a(SPI.o)
                0x2000e9f8                SPI_queueTransfer
 .text.SPI_internalCallback
                0x2000ebc4       0x64 C:/ISIS/workspace/ycube/GlobusSatProject/..//hal/hal/lib\libHALD.a(SPI.o)
 .text.SPI_writeRead
                0x2000ec28      0x1c0 C:/ISIS/workspace/ycube/GlobusSatProject/..//hal/hal/lib\libHALD.a(SPI.o)
                0x2000ec28                SPI_writeRead
 .text.waitForTransfer
                0x2000ede8       0x78 C:/ISIS/workspace/ycube/GlobusSatProject/..//hal/hal/lib\libHALD.a(SPI.o)
 .text.SPI_getDriverState
                0x2000ee60       0x58 C:/ISIS/workspace/ycube/GlobusSatProject/..//hal/hal/lib\libHALD.a(SPI.o)
                0x2000ee60                SPI_getDriverState
 .text.validateTransferParameters
                0x2000eeb8      0x10c C:/ISIS/workspace/ycube/GlobusSatProject/..//hal/hal/lib\libHALD.a(I2C.o)
 .text.I2C_queueTransfer
                0x2000efc4       0xfc C:/ISIS/workspace/ycube/GlobusSatProject/..//hal/hal/lib\libHALD.a(I2C.o)
                0x2000efc4                I2C_queueTransfer
 .text.I2C_internalCallback
                0x2000f0c0       0x64 C:/ISIS/workspace/ycube/GlobusSatProject/..//hal/hal/lib\libHALD.a(I2C.o)
 .text.I2C_doBlockingTransfer
                0x2000f124      0x180 C:/ISIS/workspace/ycube/GlobusSatProject/..//hal/hal/lib\libHALD.a(I2C.o)
 .text.I2C_write
                0x2000f2a4      0x110 C:/ISIS/workspace/ycube/GlobusSatProject/..//hal/hal/lib\libHALD.a(I2C.o)
                0x2000f2a4                I2C_write
 .text.I2C_read
                0x2000f3b4      0x110 C:/ISIS/workspace/ycube/GlobusSatProject/..//hal/hal/lib\libHALD.a(I2C.o)
                0x2000f3b4                I2C_read
 .text.I2C_writeRead
                0x2000f4c4      0x17c C:/ISIS/workspace/ycube/GlobusSatProject/..//hal/hal/lib\libHALD.a(I2C.o)
                0x2000f4c4                I2C_writeRead
 .text.I2C_start
                0x2000f640      0x2e8 C:/ISIS/workspace/ycube/GlobusSatProject/..//hal/hal/lib\libHALD.a(I2C.o)
                0x2000f640                I2C_start
 .text.I2C_stop
                0x2000f928      0x184 C:/ISIS/workspace/ycube/GlobusSatProject/..//hal/hal/lib\libHALD.a(I2C.o)
                0x2000f928                I2C_stop
 .text.I2C_setTransferTimeout
                0x2000faac       0x48 C:/ISIS/workspace/ycube/GlobusSatProject/..//hal/hal/lib\libHALD.a(I2C.o)
                0x2000faac                I2C_setTransferTimeout
 .text.ADC_ConvertRaw10bitToMillivolt
                0x2000faf4       0x50 C:/ISIS/workspace/ycube/GlobusSatProject/..//hal/hal/lib\libHALD.a(ADC.o)
                0x2000faf4                ADC_ConvertRaw10bitToMillivolt
 .text.ADC_SingleShot
                0x2000fb44      0x230 C:/ISIS/workspace/ycube/GlobusSatProject/..//hal/hal/lib\libHALD.a(ADC.o)
                0x2000fb44                ADC_SingleShot
 .text.FRAM_start
                0x2000fd74      0x120 C:/ISIS/workspace/ycube/GlobusSatProject/..//hal/hal/lib\libHALD.a(FRAM.o)
                0x2000fd74                FRAM_start
 .text.FRAM_stop
                0x2000fe94       0x6c C:/ISIS/workspace/ycube/GlobusSatProject/..//hal/hal/lib\libHALD.a(FRAM.o)
                0x2000fe94                FRAM_stop
 .text.FRAM_dummyCallback
                0x2000ff00       0x24 C:/ISIS/workspace/ycube/GlobusSatProject/..//hal/hal/lib\libHALD.a(FRAM.o)
                0x2000ff00                FRAM_dummyCallback
 .text.FRAM_unlockingCallback
                0x2000ff24       0x64 C:/ISIS/workspace/ycube/GlobusSatProject/..//hal/hal/lib\libHALD.a(FRAM.o)
                0x2000ff24                FRAM_unlockingCallback
 .text.doBlockingTransfer
                0x2000ff88       0x78 C:/ISIS/workspace/ycube/GlobusSatProject/..//hal/hal/lib\libHALD.a(FRAM.o)
 .text.FRAM_writePacket
                0x20010000      0x134 C:/ISIS/workspace/ycube/GlobusSatProject/..//hal/hal/lib\libHALD.a(FRAM.o)
 .text.FRAM_write
                0x20010134      0x1e0 C:/ISIS/workspace/ycube/GlobusSatProject/..//hal/hal/lib\libHALD.a(FRAM.o)
                0x20010134                FRAM_write
 .text.FRAM_readPacket
                0x20010314       0xf0 C:/ISIS/workspace/ycube/GlobusSatProject/..//hal/hal/lib\libHALD.a(FRAM.o)
 .text.FRAM_read
                0x20010404      0x1ec C:/ISIS/workspace/ycube/GlobusSatProject/..//hal/hal/lib\libHALD.a(FRAM.o)
                0x20010404                FRAM_read
 .text.Time_start
                0x200105f0      0x170 C:/ISIS/workspace/ycube/GlobusSatProject/..//hal/hal/lib\libHALD.a(Time.o)
                0x200105f0                Time_start
 .text.taskTimeSync
                0x20010760       0x64 C:/ISIS/workspace/ycube/GlobusSatProject/..//hal/hal/lib\libHALD.a(Time.o)
 .text.Time_convertEpochToTime
                0x200107c4      0x100 C:/ISIS/workspace/ycube/GlobusSatProject/..//hal/hal/lib\libHALD.a(Time.o)
                0x200107c4                Time_convertEpochToTime
 .text.Time_calculateSecondsOfYear
                0x200108c4       0xd8 C:/ISIS/workspace/ycube/GlobusSatProject/..//hal/hal/lib\libHALD.a(Time.o)
 .text.Time_set
                0x2001099c       0xd8 C:/ISIS/workspace/ycube/GlobusSatProject/..//hal/hal/lib\libHALD.a(Time.o)
                0x2001099c                Time_set
 .text.Time_isLeapYear
                0x20010a74       0x98 C:/ISIS/workspace/ycube/GlobusSatProject/..//hal/hal/lib\libHALD.a(Time.o)
                0x20010a74                Time_isLeapYear
 .text.Time_get
                0x20010b0c      0x478 C:/ISIS/workspace/ycube/GlobusSatProject/..//hal/hal/lib\libHALD.a(Time.o)
                0x20010b0c                Time_get
 .text.Time_getUnixEpoch
                0x20010f84      0x108 C:/ISIS/workspace/ycube/GlobusSatProject/..//hal/hal/lib\libHALD.a(Time.o)
                0x20010f84                Time_getUnixEpoch
 .text.Time_secondsOfYearToTime
                0x2001108c      0x33c C:/ISIS/workspace/ycube/GlobusSatProject/..//hal/hal/lib\libHALD.a(Time.o)
 .text.Time_setUnixEpoch
                0x200113c8       0x54 C:/ISIS/workspace/ycube/GlobusSatProject/..//hal/hal/lib\libHALD.a(Time.o)
                0x200113c8                Time_setUnixEpoch
 .text.Time_getUptimeSeconds
                0x2001141c       0x28 C:/ISIS/workspace/ycube/GlobusSatProject/..//hal/hal/lib\libHALD.a(Time.o)
                0x2001141c                Time_getUptimeSeconds
 .text.Time_sync
                0x20011444      0x1a8 C:/ISIS/workspace/ycube/GlobusSatProject/..//hal/hal/lib\libHALD.a(Time.o)
                0x20011444                Time_sync
 .text.Time_syncIfNeeded
                0x200115ec       0xac C:/ISIS/workspace/ycube/GlobusSatProject/..//hal/hal/lib\libHALD.a(Time.o)
                0x200115ec                Time_syncIfNeeded
 .text.WDT_start
                0x20011698       0x48 C:/ISIS/workspace/ycube/GlobusSatProject/..//hal/hal/lib\libHALD.a(WatchDogTimerNoOS.o)
                0x20011698                WDT_start
 .text.RTT_start
                0x200116e0       0x24 C:/ISIS/workspace/ycube/GlobusSatProject/..//hal/hal/lib\libHALD.a(RTT.o)
                0x200116e0                RTT_start
 .text.RTT_GetTime
                0x20011704       0x24 C:/ISIS/workspace/ycube/GlobusSatProject/..//hal/hal/lib\libHALD.a(RTT.o)
                0x20011704                RTT_GetTime
 .text.RTC_start
                0x20011728       0x3c C:/ISIS/workspace/ycube/GlobusSatProject/..//hal/hal/lib\libHALD.a(RTC.o)
                0x20011728                RTC_start
 .text.RTC_setTime
                0x20011764      0x2a4 C:/ISIS/workspace/ycube/GlobusSatProject/..//hal/hal/lib\libHALD.a(RTC.o)
                0x20011764                RTC_setTime
 .text.RTC_getTime
                0x20011a08      0x230 C:/ISIS/workspace/ycube/GlobusSatProject/..//hal/hal/lib\libHALD.a(RTC.o)
                0x20011a08                RTC_getTime
 .text.RTC_checkTimeValid
                0x20011c38       0xd8 C:/ISIS/workspace/ycube/GlobusSatProject/..//hal/hal/lib\libHALD.a(RTC.o)
                0x20011c38                RTC_checkTimeValid
 .text.WDT_startWatchdogKickTask
                0x20011d10       0xb4 C:/ISIS/workspace/ycube/GlobusSatProject/..//hal/hal/lib\libHALD.a(WatchDogTimerOS.o)
                0x20011d10                WDT_startWatchdogKickTask
 .text.WDT_forceKickEveryNms
                0x20011dc4       0x50 C:/ISIS/workspace/ycube/GlobusSatProject/..//hal/hal/lib\libHALD.a(WatchDogTimerOS.o)
                0x20011dc4                WDT_forceKickEveryNms
 .text.f_puts   0x20011e14       0x80 C:/ISIS/workspace/ycube/GlobusSatProject/..//hal/hal/lib\libHALD.a(fprintf.o)
                0x20011e14                f_puts
 .text.UTIL_DbguGetInteger
                0x20011e94      0x168 C:/ISIS/workspace/ycube/GlobusSatProject/..//hal/hal/lib\libHALD.a(util.o)
                0x20011e94                UTIL_DbguGetInteger
 .text.UTIL_DbguGetIntegerMinMax
                0x20011ffc       0xa4 C:/ISIS/workspace/ycube/GlobusSatProject/..//hal/hal/lib\libHALD.a(util.o)
                0x20011ffc                UTIL_DbguGetIntegerMinMax
 .text.LED_glow
                0x200120a0       0x58 C:/ISIS/workspace/ycube/GlobusSatProject/..//hal/hal/lib\libHALD.a(LED.o)
                0x200120a0                LED_glow
 .text.LED_dark
                0x200120f8       0x58 C:/ISIS/workspace/ycube/GlobusSatProject/..//hal/hal/lib\libHALD.a(LED.o)
                0x200120f8                LED_dark
 .text.LED_toggle
                0x20012150       0x50 C:/ISIS/workspace/ycube/GlobusSatProject/..//hal/hal/lib\libHALD.a(LED.o)
                0x20012150                LED_toggle
 .text.fm_initvolume
                0x200121a0       0x70 C:/ISIS/workspace/ycube/GlobusSatProject/..//hal/hcc/lib\libHCCD.a(fat_m.o)
                0x200121a0                fm_initvolume
 .text.fm_delvolume
                0x20012210       0x60 C:/ISIS/workspace/ycube/GlobusSatProject/..//hal/hcc/lib\libHCCD.a(fat_m.o)
                0x20012210                fm_delvolume
 .text.fm_getdrive
                0x20012270       0x70 C:/ISIS/workspace/ycube/GlobusSatProject/..//hal/hcc/lib\libHCCD.a(fat_m.o)
                0x20012270                fm_getdrive
 .text.fm_getfreespace
                0x200122e0       0x68 C:/ISIS/workspace/ycube/GlobusSatProject/..//hal/hcc/lib\libHCCD.a(fat_m.o)
                0x200122e0                fm_getfreespace
 .text.fm_mkdir
                0x20012348       0x60 C:/ISIS/workspace/ycube/GlobusSatProject/..//hal/hcc/lib\libHCCD.a(fat_m.o)
                0x20012348                fm_mkdir
 .text.fm_rmdir
                0x200123a8       0x60 C:/ISIS/workspace/ycube/GlobusSatProject/..//hal/hcc/lib\libHCCD.a(fat_m.o)
                0x200123a8                fm_rmdir
 .text.fm_findfirst
                0x20012408       0x68 C:/ISIS/workspace/ycube/GlobusSatProject/..//hal/hcc/lib\libHCCD.a(fat_m.o)
                0x20012408                fm_findfirst
 .text.fm_findnext
                0x20012470       0x60 C:/ISIS/workspace/ycube/GlobusSatProject/..//hal/hcc/lib\libHCCD.a(fat_m.o)
                0x20012470                fm_findnext
 .text.fm_close
                0x200124d0       0x60 C:/ISIS/workspace/ycube/GlobusSatProject/..//hal/hcc/lib\libHCCD.a(fat_m.o)
                0x200124d0                fm_close
 .text.fm_flush
                0x20012530       0x60 C:/ISIS/workspace/ycube/GlobusSatProject/..//hal/hcc/lib\libHCCD.a(fat_m.o)
                0x20012530                fm_flush
 .text.fm_open  0x20012590       0x68 C:/ISIS/workspace/ycube/GlobusSatProject/..//hal/hcc/lib\libHCCD.a(fat_m.o)
                0x20012590                fm_open
 .text.fm_read  0x200125f8       0x7c C:/ISIS/workspace/ycube/GlobusSatProject/..//hal/hcc/lib\libHCCD.a(fat_m.o)
                0x200125f8                fm_read
 .text.fm_write
                0x20012674       0x7c C:/ISIS/workspace/ycube/GlobusSatProject/..//hal/hcc/lib\libHCCD.a(fat_m.o)
                0x20012674                fm_write
 .text.fm_seek  0x200126f0       0x70 C:/ISIS/workspace/ycube/GlobusSatProject/..//hal/hcc/lib\libHCCD.a(fat_m.o)
                0x200126f0                fm_seek
 .text.fm_tell  0x20012760       0x60 C:/ISIS/workspace/ycube/GlobusSatProject/..//hal/hcc/lib\libHCCD.a(fat_m.o)
                0x20012760                fm_tell
 .text.fm_putc  0x200127c0       0x68 C:/ISIS/workspace/ycube/GlobusSatProject/..//hal/hcc/lib\libHCCD.a(fat_m.o)
                0x200127c0                fm_putc
 .text.fm_rewind
                0x20012828       0x60 C:/ISIS/workspace/ycube/GlobusSatProject/..//hal/hcc/lib\libHCCD.a(fat_m.o)
                0x20012828                fm_rewind
 .text.fm_delete
                0x20012888       0x64 C:/ISIS/workspace/ycube/GlobusSatProject/..//hal/hcc/lib\libHCCD.a(fat_m.o)
                0x20012888                fm_delete
 .text.fm_getlasterror
                0x200128ec       0x40 C:/ISIS/workspace/ycube/GlobusSatProject/..//hal/hcc/lib\libHCCD.a(fat_m.o)
                0x200128ec                fm_getlasterror
 .text._f_invalidatedir
                0x2001292c       0x28 C:/ISIS/workspace/ycube/GlobusSatProject/..//hal/hcc/lib\libHCCD.a(fat.o)
                0x2001292c                _f_invalidatedir
 .text._f_getdirsector
                0x20012954       0x88 C:/ISIS/workspace/ycube/GlobusSatProject/..//hal/hcc/lib\libHCCD.a(fat.o)
                0x20012954                _f_getdirsector
 .text._f_writedirsector
                0x200129dc       0x74 C:/ISIS/workspace/ycube/GlobusSatProject/..//hal/hcc/lib\libHCCD.a(fat.o)
                0x200129dc                _f_writedirsector
 .text._f_checknameinv
                0x20012a50      0x180 C:/ISIS/workspace/ycube/GlobusSatProject/..//hal/hcc/lib\libHCCD.a(fat.o)
 .text._f_checkname
                0x20012bd0       0x7c C:/ISIS/workspace/ycube/GlobusSatProject/..//hal/hcc/lib\libHCCD.a(fat.o)
 .text._f_checknamewc
                0x20012c4c       0xf8 C:/ISIS/workspace/ycube/GlobusSatProject/..//hal/hcc/lib\libHCCD.a(fat.o)
 .text._f_setnameext
                0x20012d44      0x300 C:/ISIS/workspace/ycube/GlobusSatProject/..//hal/hcc/lib\libHCCD.a(fat.o)
 .text._f_setfsname
                0x20013044      0x584 C:/ISIS/workspace/ycube/GlobusSatProject/..//hal/hcc/lib\libHCCD.a(fat.o)
 .text._f_findfile
                0x200135c8      0x30c C:/ISIS/workspace/ycube/GlobusSatProject/..//hal/hcc/lib\libHCCD.a(fat.o)
 .text._f_cmp_wname
                0x200138d4      0x274 C:/ISIS/workspace/ycube/GlobusSatProject/..//hal/hcc/lib\libHCCD.a(fat.o)
 .text._f_to_string
                0x20013b48      0x130 C:/ISIS/workspace/ycube/GlobusSatProject/..//hal/hcc/lib\libHCCD.a(fat.o)
 .text._f_findfilewc
                0x20013c78      0x278 C:/ISIS/workspace/ycube/GlobusSatProject/..//hal/hcc/lib\libHCCD.a(fat.o)
 .text._f_getfilename
                0x20013ef0      0x20c C:/ISIS/workspace/ycube/GlobusSatProject/..//hal/hcc/lib\libHCCD.a(fat.o)
 .text._f_findpath
                0x200140fc      0x35c C:/ISIS/workspace/ycube/GlobusSatProject/..//hal/hcc/lib\libHCCD.a(fat.o)
 .text.fn_getdcwd
                0x20014458      0x1e0 C:/ISIS/workspace/ycube/GlobusSatProject/..//hal/hcc/lib\libHCCD.a(fat.o)
                0x20014458                fn_getdcwd
 .text.fn_findfirst
                0x20014638      0x13c C:/ISIS/workspace/ycube/GlobusSatProject/..//hal/hcc/lib\libHCCD.a(fat.o)
                0x20014638                fn_findfirst
 .text.fn_findnext
                0x20014774      0x360 C:/ISIS/workspace/ycube/GlobusSatProject/..//hal/hcc/lib\libHCCD.a(fat.o)
                0x20014774                fn_findnext
 .text._f_lock_resfile
                0x20014ad4       0x6c C:/ISIS/workspace/ycube/GlobusSatProject/..//hal/hcc/lib\libHCCD.a(fat.o)
 .text._f_unlock_resfile
                0x20014b40       0x40 C:/ISIS/workspace/ycube/GlobusSatProject/..//hal/hcc/lib\libHCCD.a(fat.o)
 .text._f_getintfile
                0x20014b80      0x124 C:/ISIS/workspace/ycube/GlobusSatProject/..//hal/hcc/lib\libHCCD.a(fat.o)
 .text._f_addentry
                0x20014ca4      0x540 C:/ISIS/workspace/ycube/GlobusSatProject/..//hal/hcc/lib\libHCCD.a(fat.o)
 .text.fn_mkdir
                0x200151e4      0x75c C:/ISIS/workspace/ycube/GlobusSatProject/..//hal/hcc/lib\libHCCD.a(fat.o)
                0x200151e4                fn_mkdir
 .text.fn_open_sub
                0x20015940     0x1698 C:/ISIS/workspace/ycube/GlobusSatProject/..//hal/hcc/lib\libHCCD.a(fat.o)
 .text.fn_open  0x20016fd8       0x44 C:/ISIS/workspace/ycube/GlobusSatProject/..//hal/hcc/lib\libHCCD.a(fat.o)
                0x20016fd8                fn_open
 .text.fn_delete
                0x2001701c      0x490 C:/ISIS/workspace/ycube/GlobusSatProject/..//hal/hcc/lib\libHCCD.a(fat.o)
                0x2001701c                fn_delete
 .text.fn_rmdir
                0x200174ac      0x5ac C:/ISIS/workspace/ycube/GlobusSatProject/..//hal/hcc/lib\libHCCD.a(fat.o)
                0x200174ac                fn_rmdir
 .text.fn_init  0x20017a58      0x2dc C:/ISIS/workspace/ycube/GlobusSatProject/..//hal/hcc/lib\libHCCD.a(fat_common.o)
                0x20017a58                fn_init
 .text.fn_start
                0x20017d34       0x1c C:/ISIS/workspace/ycube/GlobusSatProject/..//hal/hcc/lib\libHCCD.a(fat_common.o)
                0x20017d34                fn_start
 .text.fsn_delete
                0x20017d50       0xc8 C:/ISIS/workspace/ycube/GlobusSatProject/..//hal/hcc/lib\libHCCD.a(fat_common.o)
                0x20017d50                fsn_delete
 .text._f_get16bitl
                0x20017e18       0x4c C:/ISIS/workspace/ycube/GlobusSatProject/..//hal/hcc/lib\libHCCD.a(fat_common.o)
                0x20017e18                _f_get16bitl
 .text._f_set16bitl
                0x20017e64       0x54 C:/ISIS/workspace/ycube/GlobusSatProject/..//hal/hcc/lib\libHCCD.a(fat_common.o)
                0x20017e64                _f_set16bitl
 .text._f_get32bitl
                0x20017eb8       0x68 C:/ISIS/workspace/ycube/GlobusSatProject/..//hal/hcc/lib\libHCCD.a(fat_common.o)
                0x20017eb8                _f_get32bitl
 .text._f_set32bitl
                0x20017f20       0x78 C:/ISIS/workspace/ycube/GlobusSatProject/..//hal/hcc/lib\libHCCD.a(fat_common.o)
                0x20017f20                _f_set32bitl
 .text._get8bit
                0x20017f98       0xa0 C:/ISIS/workspace/ycube/GlobusSatProject/..//hal/hcc/lib\libHCCD.a(fat_common.o)
 .text._get16bitl
                0x20018038       0x40 C:/ISIS/workspace/ycube/GlobusSatProject/..//hal/hcc/lib\libHCCD.a(fat_common.o)
 .text._get32bitl
                0x20018078       0x3c C:/ISIS/workspace/ycube/GlobusSatProject/..//hal/hcc/lib\libHCCD.a(fat_common.o)
 .text._f_setcardremoved
                0x200180b4       0x94 C:/ISIS/workspace/ycube/GlobusSatProject/..//hal/hcc/lib\libHCCD.a(fat_common.o)
 .text._f_checkstatus
                0x20018148      0x104 C:/ISIS/workspace/ycube/GlobusSatProject/..//hal/hcc/lib\libHCCD.a(fat_common.o)
                0x20018148                _f_checkstatus
 .text._f_drvgetphy
                0x2001824c      0x114 C:/ISIS/workspace/ycube/GlobusSatProject/..//hal/hcc/lib\libHCCD.a(fat_common.o)
 .text._f_drvwritesector
                0x20018360       0xdc C:/ISIS/workspace/ycube/GlobusSatProject/..//hal/hcc/lib\libHCCD.a(fat_common.o)
 .text._f_drvreadsector
                0x2001843c       0xa8 C:/ISIS/workspace/ycube/GlobusSatProject/..//hal/hcc/lib\libHCCD.a(fat_common.o)
 .text._f_writesector
                0x200184e4      0x23c C:/ISIS/workspace/ycube/GlobusSatProject/..//hal/hcc/lib\libHCCD.a(fat_common.o)
                0x200184e4                _f_writesector
 .text._f_readsector
                0x20018720      0x1dc C:/ISIS/workspace/ycube/GlobusSatProject/..//hal/hcc/lib\libHCCD.a(fat_common.o)
                0x20018720                _f_readsector
 .text._f_getmaxcluster
                0x200188fc       0x94 C:/ISIS/workspace/ycube/GlobusSatProject/..//hal/hcc/lib\libHCCD.a(fat_common.o)
                0x200188fc                _f_getmaxcluster
 .text._getsectorfromcluster
                0x20018990       0x68 C:/ISIS/workspace/ycube/GlobusSatProject/..//hal/hcc/lib\libHCCD.a(fat_common.o)
 .text._f_buildsectors
                0x200189f8      0x268 C:/ISIS/workspace/ycube/GlobusSatProject/..//hal/hcc/lib\libHCCD.a(fat_common.o)
 .text._f_getbootrecord
                0x20018c60      0x5e4 C:/ISIS/workspace/ycube/GlobusSatProject/..//hal/hcc/lib\libHCCD.a(fat_common.o)
 .text._f_readbootrecord
                0x20019244      0x4f8 C:/ISIS/workspace/ycube/GlobusSatProject/..//hal/hcc/lib\libHCCD.a(fat_common.o)
 .text._f_flushcffiles
                0x2001973c      0x17c C:/ISIS/workspace/ycube/GlobusSatProject/..//hal/hcc/lib\libHCCD.a(fat_common.o)
                0x2001973c                _f_flushcffiles
 .text._f_fatcache_flush
                0x200198b8      0x270 C:/ISIS/workspace/ycube/GlobusSatProject/..//hal/hcc/lib\libHCCD.a(fat_common.o)
                0x200198b8                _f_fatcache_flush
 .text._f_writefatsector
                0x20019b28      0x100 C:/ISIS/workspace/ycube/GlobusSatProject/..//hal/hcc/lib\libHCCD.a(fat_common.o)
                0x20019b28                _f_writefatsector
 .text._f_getfatsector
                0x20019c28      0x3bc C:/ISIS/workspace/ycube/GlobusSatProject/..//hal/hcc/lib\libHCCD.a(fat_common.o)
 .text._f_setclustervalue
                0x20019fe4      0x490 C:/ISIS/workspace/ycube/GlobusSatProject/..//hal/hcc/lib\libHCCD.a(fat_common.o)
                0x20019fe4                _f_setclustervalue
 .text._f_getclustervalue
                0x2001a474      0x388 C:/ISIS/workspace/ycube/GlobusSatProject/..//hal/hcc/lib\libHCCD.a(fat_common.o)
                0x2001a474                _f_getclustervalue
 .text._f_close_drive_files
                0x2001a7fc       0xac C:/ISIS/workspace/ycube/GlobusSatProject/..//hal/hcc/lib\libHCCD.a(fat_common.o)
 .text._f_inc_mount_count
                0x2001a8a8       0xa4 C:/ISIS/workspace/ycube/GlobusSatProject/..//hal/hcc/lib\libHCCD.a(fat_common.o)
 .text._f_getvolume
                0x2001a94c      0x2f8 C:/ISIS/workspace/ycube/GlobusSatProject/..//hal/hcc/lib\libHCCD.a(fat_common.o)
                0x2001a94c                _f_getvolume
 .text.fn_createdriver
                0x2001ac44      0x118 C:/ISIS/workspace/ycube/GlobusSatProject/..//hal/hcc/lib\libHCCD.a(fat_common.o)
                0x2001ac44                fn_createdriver
 .text.fn_initvolume
                0x2001ad5c      0x12c C:/ISIS/workspace/ycube/GlobusSatProject/..//hal/hcc/lib\libHCCD.a(fat_common.o)
                0x2001ad5c                fn_initvolume
 .text.fn_releasedriver
                0x2001ae88       0xf4 C:/ISIS/workspace/ycube/GlobusSatProject/..//hal/hcc/lib\libHCCD.a(fat_common.o)
                0x2001ae88                fn_releasedriver
 .text.fn_initvolumepartition_sub
                0x2001af7c       0xe0 C:/ISIS/workspace/ycube/GlobusSatProject/..//hal/hcc/lib\libHCCD.a(fat_common.o)
 .text.fn_initvolumepartition
                0x2001b05c       0xac C:/ISIS/workspace/ycube/GlobusSatProject/..//hal/hcc/lib\libHCCD.a(fat_common.o)
                0x2001b05c                fn_initvolumepartition
 .text.fn_delvolume
                0x2001b108      0x194 C:/ISIS/workspace/ycube/GlobusSatProject/..//hal/hcc/lib\libHCCD.a(fat_common.o)
                0x2001b108                fn_delvolume
 .text._f_clustertopos
                0x2001b29c       0xf8 C:/ISIS/workspace/ycube/GlobusSatProject/..//hal/hcc/lib\libHCCD.a(fat_common.o)
                0x2001b29c                _f_clustertopos
 .text._f_getcurrsector
                0x2001b394      0x6c8 C:/ISIS/workspace/ycube/GlobusSatProject/..//hal/hcc/lib\libHCCD.a(fat_common.o)
                0x2001b394                _f_getcurrsector
 .text._f_getdecluster
                0x2001ba5c       0x90 C:/ISIS/workspace/ycube/GlobusSatProject/..//hal/hcc/lib\libHCCD.a(fat_common.o)
                0x2001ba5c                _f_getdecluster
 .text._f_setdecluster
                0x2001baec       0x8c C:/ISIS/workspace/ycube/GlobusSatProject/..//hal/hcc/lib\libHCCD.a(fat_common.o)
                0x2001baec                _f_setdecluster
 .text.fn_getdrive
                0x2001bb78       0x30 C:/ISIS/workspace/ycube/GlobusSatProject/..//hal/hcc/lib\libHCCD.a(fat_common.o)
                0x2001bb78                fn_getdrive
 .text._f_getcurrenttimedate
                0x2001bba8      0x138 C:/ISIS/workspace/ycube/GlobusSatProject/..//hal/hcc/lib\libHCCD.a(fat_common.o)
                0x2001bba8                _f_getcurrenttimedate
 .text._f_initentry
                0x2001bce0       0xa0 C:/ISIS/workspace/ycube/GlobusSatProject/..//hal/hcc/lib\libHCCD.a(fat_common.o)
                0x2001bce0                _f_initentry
 .text._f_alloccluster
                0x2001bd80      0x344 C:/ISIS/workspace/ycube/GlobusSatProject/..//hal/hcc/lib\libHCCD.a(fat_common.o)
                0x2001bd80                _f_alloccluster
 .text._f_dobadblock
                0x2001c0c4      0x2cc C:/ISIS/workspace/ycube/GlobusSatProject/..//hal/hcc/lib\libHCCD.a(fat_common.o)
                0x2001c0c4                _f_dobadblock
 .text._f_checklocked
                0x2001c390       0xe4 C:/ISIS/workspace/ycube/GlobusSatProject/..//hal/hcc/lib\libHCCD.a(fat_common.o)
                0x2001c390                _f_checklocked
 .text._f_checkappendlocked
                0x2001c474      0x110 C:/ISIS/workspace/ycube/GlobusSatProject/..//hal/hcc/lib\libHCCD.a(fat_common.o)
                0x2001c474                _f_checkappendlocked
 .text._f_setsyncafile
                0x2001c584      0x114 C:/ISIS/workspace/ycube/GlobusSatProject/..//hal/hcc/lib\libHCCD.a(fat_common.o)
                0x2001c584                _f_setsyncafile
 .text._f_syncfiles
                0x2001c698      0x128 C:/ISIS/workspace/ycube/GlobusSatProject/..//hal/hcc/lib\libHCCD.a(fat_common.o)
                0x2001c698                _f_syncfiles
 .text._f_syncfilescontent
                0x2001c7c0      0x15c C:/ISIS/workspace/ycube/GlobusSatProject/..//hal/hcc/lib\libHCCD.a(fat_common.o)
 .text.fn_getfreespace
                0x2001c91c      0x4c0 C:/ISIS/workspace/ycube/GlobusSatProject/..//hal/hcc/lib\libHCCD.a(fat_common.o)
                0x2001c91c                fn_getfreespace
 .text._f_emptywritecache
                0x2001cddc      0x4a4 C:/ISIS/workspace/ycube/GlobusSatProject/..//hal/hcc/lib\libHCCD.a(fat_common.o)
 .text._f_allocnextcluster
                0x2001d280      0x54c C:/ISIS/workspace/ycube/GlobusSatProject/..//hal/hcc/lib\libHCCD.a(fat_common.o)
 .text._f_emptywritebuffer
                0x2001d7cc      0x20c C:/ISIS/workspace/ycube/GlobusSatProject/..//hal/hcc/lib\libHCCD.a(fat_common.o)
 .text._f_writezeros
                0x2001d9d8       0xf0 C:/ISIS/workspace/ycube/GlobusSatProject/..//hal/hcc/lib\libHCCD.a(fat_common.o)
                0x2001d9d8                _f_writezeros
 .text._f_extend_file
                0x2001dac8      0x570 C:/ISIS/workspace/ycube/GlobusSatProject/..//hal/hcc/lib\libHCCD.a(fat_common.o)
 .text._f_fseek
                0x2001e038      0x9bc C:/ISIS/workspace/ycube/GlobusSatProject/..//hal/hcc/lib\libHCCD.a(fat_common.o)
                0x2001e038                _f_fseek
 .text._f_removechain
                0x2001e9f4      0x104 C:/ISIS/workspace/ycube/GlobusSatProject/..//hal/hcc/lib\libHCCD.a(fat_common.o)
                0x2001e9f4                _f_removechain
 .text._f_updatefileentry
                0x2001eaf8      0x1cc C:/ISIS/workspace/ycube/GlobusSatProject/..//hal/hcc/lib\libHCCD.a(fat_common.o)
 .text._f_checkreadlocked
                0x2001ecc4      0x1bc C:/ISIS/workspace/ycube/GlobusSatProject/..//hal/hcc/lib\libHCCD.a(fat_common.o)
                0x2001ecc4                _f_checkreadlocked
 .text._f_check_handle
                0x2001ee80       0x98 C:/ISIS/workspace/ycube/GlobusSatProject/..//hal/hcc/lib\libHCCD.a(fat_common.o)
                0x2001ee80                _f_check_handle
 .text._f_removesyncafile
                0x2001ef18      0x1ec C:/ISIS/workspace/ycube/GlobusSatProject/..//hal/hcc/lib\libHCCD.a(fat_common.o)
 .text.fn_close
                0x2001f104      0x3f8 C:/ISIS/workspace/ycube/GlobusSatProject/..//hal/hcc/lib\libHCCD.a(fat_common.o)
                0x2001f104                fn_close
 .text.fn_flush
                0x2001f4fc      0x374 C:/ISIS/workspace/ycube/GlobusSatProject/..//hal/hcc/lib\libHCCD.a(fat_common.o)
                0x2001f4fc                fn_flush
 .text.fn_read  0x2001f870      0x690 C:/ISIS/workspace/ycube/GlobusSatProject/..//hal/hcc/lib\libHCCD.a(fat_common.o)
                0x2001f870                fn_read
 .text._f_abortwrite
                0x2001ff00      0x100 C:/ISIS/workspace/ycube/GlobusSatProject/..//hal/hcc/lib\libHCCD.a(fat_common.o)
 .text._f_checkwritecluster
                0x20020000       0xe4 C:/ISIS/workspace/ycube/GlobusSatProject/..//hal/hcc/lib\libHCCD.a(fat_common.o)
 .text.fn_write
                0x200200e4      0x8a8 C:/ISIS/workspace/ycube/GlobusSatProject/..//hal/hcc/lib\libHCCD.a(fat_common.o)
                0x200200e4                fn_write
 .text.fn_seek  0x2002098c      0x270 C:/ISIS/workspace/ycube/GlobusSatProject/..//hal/hcc/lib\libHCCD.a(fat_common.o)
                0x2002098c                fn_seek
 .text.fn_tell  0x20020bfc      0x19c C:/ISIS/workspace/ycube/GlobusSatProject/..//hal/hcc/lib\libHCCD.a(fat_common.o)
                0x20020bfc                fn_tell
 .text.fn_rewind
                0x20020d98       0x38 C:/ISIS/workspace/ycube/GlobusSatProject/..//hal/hcc/lib\libHCCD.a(fat_common.o)
                0x20020d98                fn_rewind
 .text.fn_putc  0x20020dd0       0x68 C:/ISIS/workspace/ycube/GlobusSatProject/..//hal/hcc/lib\libHCCD.a(fat_common.o)
                0x20020dd0                fn_putc
 .text.f_enterFS
                0x20020e38      0x1c0 C:/ISIS/workspace/ycube/GlobusSatProject/..//hal/hcc/lib\libHCCD.a(fat_common.o)
                0x20020e38                f_enterFS
 .text.f_releaseFS
                0x20020ff8       0xb0 C:/ISIS/workspace/ycube/GlobusSatProject/..//hal/hcc/lib\libHCCD.a(fat_common.o)
                0x20020ff8                f_releaseFS
 .text.fnGetTask
                0x200210a8       0xfc C:/ISIS/workspace/ycube/GlobusSatProject/..//hal/hcc/lib\libHCCD.a(fat_common.o)
                0x200210a8                fnGetTask
 .text._f_mutex_get
                0x200211a4       0x98 C:/ISIS/workspace/ycube/GlobusSatProject/..//hal/hcc/lib\libHCCD.a(fat_common.o)
                0x200211a4                _f_mutex_get
 .text._f_mutex_put
                0x2002123c       0x54 C:/ISIS/workspace/ycube/GlobusSatProject/..//hal/hcc/lib\libHCCD.a(fat_common.o)
                0x2002123c                _f_mutex_put
 .text._fn_initseekdivisor
                0x20021290      0x158 C:/ISIS/workspace/ycube/GlobusSatProject/..//hal/hcc/lib\libHCCD.a(fat_common.o)
                0x20021290                _fn_initseekdivisor
 .text._fn_updateseekpos
                0x200213e8       0xc4 C:/ISIS/workspace/ycube/GlobusSatProject/..//hal/hcc/lib\libHCCD.a(fat_common.o)
 .text._f_findopensize
                0x200214ac       0x2c C:/ISIS/workspace/ycube/GlobusSatProject/..//hal/hcc/lib\libHCCD.a(fat_common.o)
                0x200214ac                _f_findopensize
 .text.fn_setlasterror
                0x200214d8       0x34 C:/ISIS/workspace/ycube/GlobusSatProject/..//hal/hcc/lib\libHCCD.a(fat_common.o)
                0x200214d8                fn_setlasterror
 .text.fn_setlasterror_noret
                0x2002150c       0x2c C:/ISIS/workspace/ycube/GlobusSatProject/..//hal/hcc/lib\libHCCD.a(fat_common.o)
                0x2002150c                fn_setlasterror_noret
 .text._s_checkzeroclusteratend
                0x20021538       0xf8 C:/ISIS/workspace/ycube/GlobusSatProject/..//hal/hcc/lib\libHCCD.a(safefat.o)
 .text._s_clearclustercontent
                0x20021630      0x108 C:/ISIS/workspace/ycube/GlobusSatProject/..//hal/hcc/lib\libHCCD.a(safefat.o)
 .text._s_clearclustercontentdir
                0x20021738      0x19c C:/ISIS/workspace/ycube/GlobusSatProject/..//hal/hcc/lib\libHCCD.a(safefat.o)
 .text._s_writedirsector
                0x200218d4       0xd0 C:/ISIS/workspace/ycube/GlobusSatProject/..//hal/hcc/lib\libHCCD.a(safefat.o)
 .text._s_getdirsector
                0x200219a4      0x100 C:/ISIS/workspace/ycube/GlobusSatProject/..//hal/hcc/lib\libHCCD.a(safefat.o)
 .text._s_addentry
                0x20021aa4      0x394 C:/ISIS/workspace/ycube/GlobusSatProject/..//hal/hcc/lib\libHCCD.a(safefat.o)
 .text._s_findfile
                0x20021e38      0x33c C:/ISIS/workspace/ycube/GlobusSatProject/..//hal/hcc/lib\libHCCD.a(safefat.o)
 .text._s_findsubdir
                0x20022174      0x248 C:/ISIS/workspace/ycube/GlobusSatProject/..//hal/hcc/lib\libHCCD.a(safefat.o)
 .text._s_createfile
                0x200223bc      0x190 C:/ISIS/workspace/ycube/GlobusSatProject/..//hal/hcc/lib\libHCCD.a(safefat.o)
 .text._s_findsaffile
                0x2002254c      0x1b8 C:/ISIS/workspace/ycube/GlobusSatProject/..//hal/hcc/lib\libHCCD.a(safefat.o)
 .text._s_open  0x20022704       0xe4 C:/ISIS/workspace/ycube/GlobusSatProject/..//hal/hcc/lib\libHCCD.a(safefat.o)
 .text._s_open_saf
                0x200227e8       0xe8 C:/ISIS/workspace/ycube/GlobusSatProject/..//hal/hcc/lib\libHCCD.a(safefat.o)
 .text._s_flush
                0x200228d0       0x84 C:/ISIS/workspace/ycube/GlobusSatProject/..//hal/hcc/lib\libHCCD.a(safefat.o)
 .text._s_allocnextcluster
                0x20022954      0x13c C:/ISIS/workspace/ycube/GlobusSatProject/..//hal/hcc/lib\libHCCD.a(safefat.o)
 .text._s_getnextsector
                0x20022a90       0xdc C:/ISIS/workspace/ycube/GlobusSatProject/..//hal/hcc/lib\libHCCD.a(safefat.o)
 .text._s_seek  0x20022b6c      0x1e8 C:/ISIS/workspace/ycube/GlobusSatProject/..//hal/hcc/lib\libHCCD.a(safefat.o)
 .text._s_get_len
                0x20022d54      0x10c C:/ISIS/workspace/ycube/GlobusSatProject/..//hal/hcc/lib\libHCCD.a(safefat.o)
 .text._s_set_len
                0x20022e60       0xb4 C:/ISIS/workspace/ycube/GlobusSatProject/..//hal/hcc/lib\libHCCD.a(safefat.o)
 .text.safe_fix_filelengths
                0x20022f14       0xcc C:/ISIS/workspace/ycube/GlobusSatProject/..//hal/hcc/lib\libHCCD.a(safefat.o)
                0x20022f14                safe_fix_filelengths
 .text._s_read  0x20022fe0      0x228 C:/ISIS/workspace/ycube/GlobusSatProject/..//hal/hcc/lib\libHCCD.a(safefat.o)
 .text._s_write
                0x20023208      0x384 C:/ISIS/workspace/ycube/GlobusSatProject/..//hal/hcc/lib\libHCCD.a(safefat.o)
 .text._s_restoreclusters
                0x2002358c      0x270 C:/ISIS/workspace/ycube/GlobusSatProject/..//hal/hcc/lib\libHCCD.a(safefat.o)
                0x2002358c                _s_restoreclusters
 .text._s_findrestore
                0x200237fc      0x18c C:/ISIS/workspace/ycube/GlobusSatProject/..//hal/hcc/lib\libHCCD.a(safefat.o)
 .text._s_cmd_writede
                0x20023988       0xd8 C:/ISIS/workspace/ycube/GlobusSatProject/..//hal/hcc/lib\libHCCD.a(safefat.o)
 .text._s_cmd_setcluster
                0x20023a60       0x88 C:/ISIS/workspace/ycube/GlobusSatProject/..//hal/hcc/lib\libHCCD.a(safefat.o)
 .text._s_cmd_deletechain
                0x20023ae8      0x100 C:/ISIS/workspace/ycube/GlobusSatProject/..//hal/hcc/lib\libHCCD.a(safefat.o)
 .text._s_cmd_validatecfn
                0x20023be8      0x308 C:/ISIS/workspace/ycube/GlobusSatProject/..//hal/hcc/lib\libHCCD.a(safefat.o)
 .text._s_cmd_seteof
                0x20023ef0      0x3c4 C:/ISIS/workspace/ycube/GlobusSatProject/..//hal/hcc/lib\libHCCD.a(safefat.o)
 .text.safe_docommands
                0x200242b4      0x56c C:/ISIS/workspace/ycube/GlobusSatProject/..//hal/hcc/lib\libHCCD.a(safefat.o)
                0x200242b4                safe_docommands
 .text.safe_entercommand
                0x20024820       0x68 C:/ISIS/workspace/ycube/GlobusSatProject/..//hal/hcc/lib\libHCCD.a(safefat.o)
                0x20024820                safe_entercommand
 .text.safe_ready
                0x20024888       0xf4 C:/ISIS/workspace/ycube/GlobusSatProject/..//hal/hcc/lib\libHCCD.a(safefat.o)
                0x20024888                safe_ready
 .text.safe_copycfn
                0x2002497c       0xb8 C:/ISIS/workspace/ycube/GlobusSatProject/..//hal/hcc/lib\libHCCD.a(safefat.o)
                0x2002497c                safe_copycfn
 .text.safe_cfremove
                0x20024a34       0xb8 C:/ISIS/workspace/ycube/GlobusSatProject/..//hal/hcc/lib\libHCCD.a(safefat.o)
                0x20024a34                safe_cfremove
 .text.safe_writede
                0x20024aec      0x104 C:/ISIS/workspace/ycube/GlobusSatProject/..//hal/hcc/lib\libHCCD.a(safefat.o)
                0x20024aec                safe_writede
 .text.safe_setcluster
                0x20024bf0       0xcc C:/ISIS/workspace/ycube/GlobusSatProject/..//hal/hcc/lib\libHCCD.a(safefat.o)
                0x20024bf0                safe_setcluster
 .text.safe_deletechain
                0x20024cbc      0x1c8 C:/ISIS/workspace/ycube/GlobusSatProject/..//hal/hcc/lib\libHCCD.a(safefat.o)
                0x20024cbc                safe_deletechain
 .text.safe_cfclose
                0x20024e84      0x104 C:/ISIS/workspace/ycube/GlobusSatProject/..//hal/hcc/lib\libHCCD.a(safefat.o)
                0x20024e84                safe_cfclose
 .text.safe_cfflush
                0x20024f88      0x124 C:/ISIS/workspace/ycube/GlobusSatProject/..//hal/hcc/lib\libHCCD.a(safefat.o)
                0x20024f88                safe_cfflush
 .text.safe_reset
                0x200250ac       0x78 C:/ISIS/workspace/ycube/GlobusSatProject/..//hal/hcc/lib\libHCCD.a(safefat.o)
                0x200250ac                safe_reset
 .text.safe_loadcommands
                0x20025124       0x78 C:/ISIS/workspace/ycube/GlobusSatProject/..//hal/hcc/lib\libHCCD.a(safefat.o)
                0x20025124                safe_loadcommands
 .text.safe_poweron
                0x2002519c      0x1fc C:/ISIS/workspace/ycube/GlobusSatProject/..//hal/hcc/lib\libHCCD.a(safefat.o)
                0x2002519c                safe_poweron
 .text.cf_getname
                0x20025398       0xc0 C:/ISIS/workspace/ycube/GlobusSatProject/..//hal/hcc/lib\libHCCD.a(safefat.o)
 .text.cf_copyclusterchain
                0x20025458      0x138 C:/ISIS/workspace/ycube/GlobusSatProject/..//hal/hcc/lib\libHCCD.a(safefat.o)
 .text.cf_seektozero
                0x20025590       0x94 C:/ISIS/workspace/ycube/GlobusSatProject/..//hal/hcc/lib\libHCCD.a(safefat.o)
                0x20025590                cf_seektozero
 .text.cf_create
                0x20025624      0x3a8 C:/ISIS/workspace/ycube/GlobusSatProject/..//hal/hcc/lib\libHCCD.a(safefat.o)
                0x20025624                cf_create
 .text.cf_copyclustercontent
                0x200259cc      0x128 C:/ISIS/workspace/ycube/GlobusSatProject/..//hal/hcc/lib\libHCCD.a(safefat.o)
                0x200259cc                cf_copyclustercontent
 .text.cf_copycfn
                0x20025af4      0x4bc C:/ISIS/workspace/ycube/GlobusSatProject/..//hal/hcc/lib\libHCCD.a(safefat.o)
                0x20025af4                cf_copycfn
 .text.cf_remove
                0x20025fb0      0x344 C:/ISIS/workspace/ycube/GlobusSatProject/..//hal/hcc/lib\libHCCD.a(safefat.o)
                0x20025fb0                cf_remove
 .text.cf_setclusternew
                0x200262f4       0xf0 C:/ISIS/workspace/ycube/GlobusSatProject/..//hal/hcc/lib\libHCCD.a(safefat.o)
                0x200262f4                cf_setclusternew
 .text.cf_flush
                0x200263e4       0x58 C:/ISIS/workspace/ycube/GlobusSatProject/..//hal/hcc/lib\libHCCD.a(safefat.o)
                0x200263e4                cf_flush
 .text.cf_getcluster
                0x2002643c      0x1b4 C:/ISIS/workspace/ycube/GlobusSatProject/..//hal/hcc/lib\libHCCD.a(safefat.o)
                0x2002643c                cf_getcluster
 .text.cf_setnextcluster
                0x200265f0      0x194 C:/ISIS/workspace/ycube/GlobusSatProject/..//hal/hcc/lib\libHCCD.a(safefat.o)
                0x200265f0                cf_setnextcluster
 .text.cf_getpositions
                0x20026784       0xbc C:/ISIS/workspace/ycube/GlobusSatProject/..//hal/hcc/lib\libHCCD.a(safefat.o)
                0x20026784                cf_getpositions
 .text.cf_setpositions
                0x20026840       0xb0 C:/ISIS/workspace/ycube/GlobusSatProject/..//hal/hcc/lib\libHCCD.a(safefat.o)
                0x20026840                cf_setpositions
 .text.cf_opensyncafile
                0x200268f0      0x150 C:/ISIS/workspace/ycube/GlobusSatProject/..//hal/hcc/lib\libHCCD.a(safefat.o)
                0x200268f0                cf_opensyncafile
 .text.cf_reloadcfo
                0x20026a40       0xd8 C:/ISIS/workspace/ycube/GlobusSatProject/..//hal/hcc/lib\libHCCD.a(safefat.o)
                0x20026a40                cf_reloadcfo
 .text.mcipdc_cmd
                0x20026b18      0x22c C:/ISIS/workspace/ycube/GlobusSatProject/..//hal/hcc/lib\libHCCD.a(atmel_mcipdc.o)
 .text.mcipdc_stop
                0x20026d44       0xfc C:/ISIS/workspace/ycube/GlobusSatProject/..//hal/hcc/lib\libHCCD.a(atmel_mcipdc.o)
                0x20026d44                mcipdc_stop
 .text.mcipdc_read
                0x20026e40      0x27c C:/ISIS/workspace/ycube/GlobusSatProject/..//hal/hcc/lib\libHCCD.a(atmel_mcipdc.o)
 .text.mcipdc_write
                0x200270bc      0x298 C:/ISIS/workspace/ycube/GlobusSatProject/..//hal/hcc/lib\libHCCD.a(atmel_mcipdc.o)
 .text.mcipdc_readsector
                0x20027354       0x9c C:/ISIS/workspace/ycube/GlobusSatProject/..//hal/hcc/lib\libHCCD.a(atmel_mcipdc.o)
                0x20027354                mcipdc_readsector
 .text.mcipdc_readmultiplesector
                0x200273f0      0x124 C:/ISIS/workspace/ycube/GlobusSatProject/..//hal/hcc/lib\libHCCD.a(atmel_mcipdc.o)
                0x200273f0                mcipdc_readmultiplesector
 .text.mcipdc_writesector
                0x20027514       0x90 C:/ISIS/workspace/ycube/GlobusSatProject/..//hal/hcc/lib\libHCCD.a(atmel_mcipdc.o)
                0x20027514                mcipdc_writesector
 .text.mcipdc_writemultiplesector
                0x200275a4      0x120 C:/ISIS/workspace/ycube/GlobusSatProject/..//hal/hcc/lib\libHCCD.a(atmel_mcipdc.o)
                0x200275a4                mcipdc_writemultiplesector
 .text.mcipdc_set_speed
                0x200276c4       0xb0 C:/ISIS/workspace/ycube/GlobusSatProject/..//hal/hcc/lib\libHCCD.a(atmel_mcipdc.o)
 .text.mcipdc_get_speed
                0x20027774       0x48 C:/ISIS/workspace/ycube/GlobusSatProject/..//hal/hcc/lib\libHCCD.a(atmel_mcipdc.o)
 .text._get_csd_bits
                0x200277bc      0x14c C:/ISIS/workspace/ycube/GlobusSatProject/..//hal/hcc/lib\libHCCD.a(atmel_mcipdc.o)
 .text.mcipdc_initcard
                0x20027908      0x8f4 C:/ISIS/workspace/ycube/GlobusSatProject/..//hal/hcc/lib\libHCCD.a(atmel_mcipdc.o)
 .text.mcipdc_getstatus
                0x200281fc       0xe8 C:/ISIS/workspace/ycube/GlobusSatProject/..//hal/hcc/lib\libHCCD.a(atmel_mcipdc.o)
 .text.mcipdc_getphy
                0x200282e4       0x90 C:/ISIS/workspace/ycube/GlobusSatProject/..//hal/hcc/lib\libHCCD.a(atmel_mcipdc.o)
 .text.mcipdc_release
                0x20028374       0x50 C:/ISIS/workspace/ycube/GlobusSatProject/..//hal/hcc/lib\libHCCD.a(atmel_mcipdc.o)
 .text.atmel_mcipdc_initfunc
                0x200283c4      0x160 C:/ISIS/workspace/ycube/GlobusSatProject/..//hal/hcc/lib\libHCCD.a(atmel_mcipdc.o)
                0x200283c4                atmel_mcipdc_initfunc
 .text.oal_task_get_id
                0x20028524       0x18 C:/ISIS/workspace/ycube/GlobusSatProject/..//hal/hcc/lib\libHCCD.a(oalp_task.o)
                0x20028524                oal_task_get_id
 .text.oal_mutex_create
                0x2002853c       0x54 C:/ISIS/workspace/ycube/GlobusSatProject/..//hal/hcc/lib\libHCCD.a(oalp_mutex.o)
                0x2002853c                oal_mutex_create
 .text.oal_mutex_delete
                0x20028590       0x30 C:/ISIS/workspace/ycube/GlobusSatProject/..//hal/hcc/lib\libHCCD.a(oalp_mutex.o)
                0x20028590                oal_mutex_delete
 .text.oal_mutex_get
                0x200285c0       0x58 C:/ISIS/workspace/ycube/GlobusSatProject/..//hal/hcc/lib\libHCCD.a(oalp_mutex.o)
                0x200285c0                oal_mutex_get
 .text.oal_mutex_put
                0x20028618       0x58 C:/ISIS/workspace/ycube/GlobusSatProject/..//hal/hcc/lib\libHCCD.a(oalp_mutex.o)
                0x20028618                oal_mutex_put
 .text.mcipdc_hw_init
                0x20028670       0xe8 C:/ISIS/workspace/ycube/GlobusSatProject/..//hal/hcc/lib\libHCCD.a(atmel_mcipdc_hw.o)
                0x20028670                mcipdc_hw_init
 .text.mcipdc_hw_delete
                0x20028758       0x78 C:/ISIS/workspace/ycube/GlobusSatProject/..//hal/hcc/lib\libHCCD.a(atmel_mcipdc_hw.o)
                0x20028758                mcipdc_hw_delete
 .text.mcipdc_hw_card_plugged
                0x200287d0       0x1c C:/ISIS/workspace/ycube/GlobusSatProject/..//hal/hcc/lib\libHCCD.a(atmel_mcipdc_hw.o)
                0x200287d0                mcipdc_hw_card_plugged
 .text.mcipdc_hw_card_writeprotect
                0x200287ec       0x1c C:/ISIS/workspace/ycube/GlobusSatProject/..//hal/hcc/lib\libHCCD.a(atmel_mcipdc_hw.o)
                0x200287ec                mcipdc_hw_card_writeprotect
 .text.psp_getcurrenttimedate
                0x20028808       0x8c C:/ISIS/workspace/ycube/GlobusSatProject/..//hal/hcc/lib\libHCCD.a(psp_rtc.o)
                0x20028808                psp_getcurrenttimedate
 .text._hcc_get_buf_dsc
                0x20028894       0x8c C:/ISIS/workspace/ycube/GlobusSatProject/..//hal/hcc/lib\libHCCD.a(hcc_mem.o)
 .text._hcc_check_free_pages
                0x20028920      0x18c C:/ISIS/workspace/ycube/GlobusSatProject/..//hal/hcc/lib\libHCCD.a(hcc_mem.o)
 .text._hcc_mark_pages
                0x20028aac      0x158 C:/ISIS/workspace/ycube/GlobusSatProject/..//hal/hcc/lib\libHCCD.a(hcc_mem.o)
 .text._hcc_clear_lock_dsc