Archive member included because of file (symbol)

C:/ISIS/workspace_ycube/GlobusSatProject/..//hal/hal/lib\libHALD.a(I2C.o)
                              ./src/SubSystemModules/Communication/SubsystemCommands/Maintanence_Commands.o (I2C_write)
C:/ISIS/workspace_ycube/GlobusSatProject/..//hal/hal/lib\libHALD.a(SPI.o)
                              ./src/InitSystem.o (SPI_start)
C:/ISIS/workspace_ycube/GlobusSatProject/..//hal/hal/lib\libHALD.a(FRAM.o)
                              ./src/SubSystemModules/Communication/SubsystemCommands/Maintanence_Commands.o (FRAM_start)
C:/ISIS/workspace_ycube/GlobusSatProject/..//hal/hal/lib\libHALD.a(Time.o)
                              ./src/InitSystem.o (Time_start)
C:/ISIS/workspace_ycube/GlobusSatProject/..//hal/hal/lib\libHALD.a(WatchDogTimerNoOS.o)
                              ./src/main.o (WDT_start)
C:/ISIS/workspace_ycube/GlobusSatProject/..//hal/hal/lib\libHALD.a(WatchDogTimerOS.o)
                              ./src/TestingDemos/MainTest.o (WDT_startWatchdogKickTask)
C:/ISIS/workspace_ycube/GlobusSatProject/..//hal/hal/lib\libHALD.a(util.o)
                              ./src/TestingDemos/EpsTestingDemo.o (UTIL_DbguGetInteger)
C:/ISIS/workspace_ycube/GlobusSatProject/..//hal/hal/lib\libHALD.a(LED.o)
                              C:/ISIS/workspace_ycube/GlobusSatProject/..//hal/hal/lib\libHALD.a(WatchDogTimerOS.o) (LED_toggle)
C:/ISIS/workspace_ycube/GlobusSatProject/..//hal/hal/lib\libHALD.a(RTC.o)
                              C:/ISIS/workspace_ycube/GlobusSatProject/..//hal/hal/lib\libHALD.a(Time.o) (RTC_getTime)
C:/ISIS/workspace_ycube/GlobusSatProject/..//hal/hal/lib\libHALD.a(RTT.o)
                              C:/ISIS/workspace_ycube/GlobusSatProject/..//hal/hal/lib\libHALD.a(Time.o) (RTT_start)
C:/ISIS/workspace_ycube/GlobusSatProject/..//hal/hcc/lib\libHCCD.a(fat_common.o)
                              ./src/TLM_management.o (fn_init)
C:/ISIS/workspace_ycube/GlobusSatProject/..//hal/hcc/lib\libHCCD.a(fat_m.o)
                              ./src/TLM_management.o (fm_initvolume)
C:/ISIS/workspace_ycube/GlobusSatProject/..//hal/hcc/lib\libHCCD.a(safefat.o)
                              C:/ISIS/workspace_ycube/GlobusSatProject/..//hal/hcc/lib\libHCCD.a(fat_common.o) (safe_fix_filelengths)
C:/ISIS/workspace_ycube/GlobusSatProject/..//hal/hcc/lib\libHCCD.a(atmel_mcipdc.o)
                              ./src/TLM_management.o (atmel_mcipdc_initfunc)
C:/ISIS/workspace_ycube/GlobusSatProject/..//hal/hcc/lib\libHCCD.a(oalp_mutex.o)
                              C:/ISIS/workspace_ycube/GlobusSatProject/..//hal/hcc/lib\libHCCD.a(fat_common.o) (oal_mutex_create)
C:/ISIS/workspace_ycube/GlobusSatProject/..//hal/hcc/lib\libHCCD.a(oalp_task.o)
                              C:/ISIS/workspace_ycube/GlobusSatProject/..//hal/hcc/lib\libHCCD.a(fat_common.o) (oal_task_get_id)
C:/ISIS/workspace_ycube/GlobusSatProject/..//hal/hcc/lib\libHCCD.a(atmel_mcipdc_hw.o)
                              C:/ISIS/workspace_ycube/GlobusSatProject/..//hal/hcc/lib\libHCCD.a(atmel_mcipdc.o) (mcipdc_hw_init)
C:/ISIS/workspace_ycube/GlobusSatProject/..//hal/hcc/lib\libHCCD.a(psp_rand.o)
                              C:/ISIS/workspace_ycube/GlobusSatProject/..//hal/hcc/lib\libHCCD.a(fat_common.o) (psp_getrand)
C:/ISIS/workspace_ycube/GlobusSatProject/..//hal/hcc/lib\libHCCD.a(psp_rtc.o)
                              C:/ISIS/workspace_ycube/GlobusSatProject/..//hal/hcc/lib\libHCCD.a(fat_common.o) (psp_getcurrenttimedate)
C:/ISIS/workspace_ycube/GlobusSatProject/..//hal/hcc/lib\libHCCD.a(hcc_mem.o)
                              C:/ISIS/workspace_ycube/GlobusSatProject/..//hal/hcc/lib\libHCCD.a(atmel_mcipdc.o) (hcc_mem_alloc)
C:/ISIS/workspace_ycube/GlobusSatProject/..//hal/hcc/lib\libHCCD.a(fat.o)
                              C:/ISIS/workspace_ycube/GlobusSatProject/..//hal/hcc/lib\libHCCD.a(fat_common.o) (_f_getdirsector)
C:/ISIS/workspace_ycube/GlobusSatProject/..//hal/hcc/lib\libHCCD.a(psp_hcc_mem.o)
                              C:/ISIS/workspace_ycube/GlobusSatProject/..//hal/hcc/lib\libHCCD.a(hcc_mem.o) (hcc_mem_buf_alloc)
C:/ISIS/workspace_ycube/satellite-subsystems/satellite-subsystems/lib\libSatelliteSubsystemsD.a(IsisAntS.o)
                              ./src/SubSystemModules/Communication/TRXVU.o (IsisAntS_initialize)
C:/ISIS/workspace_ycube/satellite-subsystems/satellite-subsystems/lib\libSatelliteSubsystemsD.a(IsisSolarPanelv2.o)
                              ./src/SubSystemModules/PowerManagment/EPS.o (IsisSolarPanelv2_initialize)
C:/ISIS/workspace_ycube/satellite-subsystems/satellite-subsystems/lib\libSatelliteSubsystemsD.a(IsisTRXVU.o)
                              ./src/TestingDemos/TrxvuTestingDemo.o (IsisTrxvu_initialize)
C:/ISIS/workspace_ycube/satellite-subsystems/satellite-subsystems/lib\libSatelliteSubsystemsD.a(isis_eps_driver.o)
                              ./src/SubSystemModules/PowerManagment/EPS.o (ISIS_EPS_Init)
[...]
Memory Configuration

Name             Origin             Length             Attributes
sram0            0x00200000         0x00004000         w !xr
sram1            0x00300000         0x00004000         w !xr
sdram            0x20000000         0x02000000         w !xr
*default*        0x00000000         0xffffffff

Linker script and memory map

LOAD c:/isis/application/toolchain/bin/../lib/gcc/arm-none-eabi/4.7.4/../../../../arm-none-eabi/lib\libc.a
LOAD ./src/TestingDemos/CommandsTestingDemo.o
LOAD ./src/TestingDemos/EpsTestingDemo.o
LOAD ./src/TestingDemos/FileSystemTestingDemo.o
LOAD ./src/TestingDemos/MainTest.o
LOAD ./src/TestingDemos/MaintenanceTestingDemo.o
LOAD ./src/TestingDemos/TelemetryTestingDemo.o
LOAD ./src/TestingDemos/TrxvuTestingDemo.o
LOAD ./src/SubSystemModules/PowerManagment/EPS.o
LOAD ./src/SubSystemModules/PowerManagment/EPSOperationModes.o
LOAD ./src/SubSystemModules/Maintenance/Maintenance.o
LOAD ./src/SubSystemModules/Housekepping/TelemetryCollector.o
LOAD ./src/SubSystemModules/Communication/SubsystemCommands/EPS_Commands.o
LOAD ./src/SubSystemModules/Communication/SubsystemCommands/FS_Commands.o
LOAD ./src/SubSystemModules/Communication/SubsystemCommands/Maintanence_Commands.o
LOAD ./src/SubSystemModules/Communication/SubsystemCommands/TRXVU_Commands.o
LOAD ./src/SubSystemModules/Communication/AckHandler.o
LOAD ./src/SubSystemModules/Communication/CommandDictionary.o
LOAD ./src/SubSystemModules/Communication/SatCommandHandler.o
LOAD ./src/SubSystemModules/Communication/TRXVU.o
LOAD ./src/InitSystem.o
LOAD ./src/TLM_management.o
LOAD ./src/main.o
LOAD ./src/utils.o
LOAD C:/ISIS/workspace_ycube/GlobusSatProject/..//hal/hal/lib\libHALD.a
LOAD C:/ISIS/workspace_ycube/GlobusSatProject/..//hal/hcc/lib\libHCCD.a
LOAD C:/ISIS/workspace_ycube/satellite-subsystems/satellite-subsystems/lib\libSatelliteSubsystemsD.a
LOAD C:/ISIS/workspace_ycube/GlobusSatProject/..//hal/freertos/lib\libFreeRTOSD.a
LOAD C:/ISIS/workspace_ycube/GlobusSatProject/..//hal/at91/lib\libAt91D.a
START GROUP
LOAD c:/isis/application/toolchain/bin/../lib/gcc/arm-none-eabi/4.7.4\libgcc.a
LOAD c:/isis/application/toolchain/bin/../lib/gcc/arm-none-eabi/4.7.4/../../../../arm-none-eabi/lib\libg.a
LOAD c:/isis/application/toolchain/bin/../lib/gcc/arm-none-eabi/4.7.4/../../../../arm-none-eabi/lib\libc.a
END GROUP

.fixed          0x20000000    0x36c78
                0x20000000                . = ALIGN (0x4)
                0x20000000                _sfixed = .
 *(.startup)
 .startup       0x20000000      0x14c C:/ISIS/workspace_ycube/GlobusSatProject/..//hal/at91/lib\libAt91D.a(board_cstartup.o)
                0x20000000                entry
 *(.text)
 .text          0x2000014c       0x64 C:/ISIS/workspace_ycube/GlobusSatProject/..//hal/at91/lib\libAt91D.a(cp15_asm.o)
                0x2000014c                _readControlRegister
                0x20000158                _writeControlRegister
                0x20000160                _waitForInterrupt
                0x2000016c                _writeTTB
                0x20000174                _writeDomain
                0x2000017c                _writeITLBLockdown
                0x20000184                _prefetchICacheLine
                0x2000018c                _flushDCache
                0x20000198                _flushWriteBuffer
                0x200001a4                _invalidateIDTLBs
 .text          0x200001b0      0x114 c:/isis/application/toolchain/bin/../lib/gcc/arm-none-eabi/4.7.4\libgcc.a(_udivsi3.o)
                0x200001b0                __aeabi_uidiv
                0x200001b0                __udivsi3
                0x200002a4                __aeabi_uidivmod
 .text          0x200002c4      0x148 c:/isis/application/toolchain/bin/../lib/gcc/arm-none-eabi/4.7.4\libgcc.a(_divsi3.o)
                0x200002c4                __divsi3
                0x200002c4                __aeabi_idiv
                0x200003ec                __aeabi_idivmod
 .text          0x2000040c        0x4 c:/isis/application/toolchain/bin/../lib/gcc/arm-none-eabi/4.7.4\libgcc.a(_dvmd_tls.o)
                0x2000040c                __aeabi_idiv0
                0x2000040c                __aeabi_ldiv0
 .text          0x20000410      0x41c c:/isis/application/toolchain/bin/../lib/gcc/arm-none-eabi/4.7.4\libgcc.a(_arm_addsubdf3.o)
                0x20000410                __aeabi_drsub
                0x20000418                __aeabi_dsub
                0x20000418                __subdf3
                0x2000041c                __aeabi_dadd
                0x2000041c                __adddf3
                0x2000072c                __floatunsidf
                0x2000072c                __aeabi_ui2d
                0x20000750                __floatsidf
                0x20000750                __aeabi_i2d
                0x20000778                __aeabi_f2d
                0x20000778                __extendsfdf2
                0x200007b8                __floatundidf
                0x200007b8                __aeabi_ul2d
                0x200007cc                __floatdidf
                0x200007cc                __aeabi_l2d
 .text          0x2000082c      0x49c c:/isis/application/toolchain/bin/../lib/gcc/arm-none-eabi/4.7.4\libgcc.a(_arm_muldivdf3.o)
                0x2000082c                __aeabi_dmul
                0x2000082c                __muldf3
                0x20000abc                __divdf3
                0x20000abc                __aeabi_ddiv
 .text          0x20000cc8      0x144 c:/isis/application/toolchain/bin/../lib/gcc/arm-none-eabi/4.7.4\libgcc.a(_arm_cmpdf2.o)
                0x20000cc8                __gtdf2
                0x20000cc8                __gedf2
                0x20000cd0                __ltdf2
                0x20000cd0                __ledf2
                0x20000cd8                __nedf2
                0x20000cd8                __eqdf2
                0x20000cd8                __cmpdf2
                0x20000d60                __aeabi_cdrcmple
                0x20000d7c                __aeabi_cdcmpeq
                0x20000d7c                __aeabi_cdcmple
                0x20000d94                __aeabi_dcmpeq
                0x20000dac                __aeabi_dcmplt
                0x20000dc4                __aeabi_dcmple
                0x20000ddc                __aeabi_dcmpge
                0x20000df4                __aeabi_dcmpgt
 .text          0x20000e0c      0x2ac c:/isis/application/toolchain/bin/../lib/gcc/arm-none-eabi/4.7.4\libgcc.a(_arm_addsubsf3.o)
                0x20000e0c                __aeabi_frsub
                0x20000e14                __subsf3
                0x20000e14                __aeabi_fsub
                0x20000e18                __aeabi_fadd
                0x20000e18                __addsf3
                0x20000fd4                __aeabi_ui2f
                0x20000fd4                __floatunsisf
                0x20000fdc                __aeabi_i2f
                0x20000fdc                __floatsisf
                0x20000ffc                __aeabi_ul2f
                0x20000ffc                __floatundisf
                0x2000100c                __aeabi_l2f
                0x2000100c                __floatdisf
 .text          0x200010b8      0x2f8 c:/isis/application/toolchain/bin/../lib/gcc/arm-none-eabi/4.7.4\libgcc.a(_arm_muldivsf3.o)
                0x200010b8                __mulsf3
                0x200010b8                __aeabi_fmul
                0x20001250                __aeabi_fdiv
                0x20001250                __divsf3
 .text          0x200013b0      0x114 c:/isis/application/toolchain/bin/../lib/gcc/arm-none-eabi/4.7.4\libgcc.a(_arm_cmpsf2.o)
                0x200013b0                __gesf2
                0x200013b0                __gtsf2
                0x200013b8                __lesf2
                0x200013b8                __ltsf2
                0x200013c0                __nesf2
                0x200013c0                __eqsf2
                0x200013c0                __cmpsf2
                0x20001424                __aeabi_cfrcmple
                0x20001434                __aeabi_cfcmpeq
                0x20001434                __aeabi_cfcmple
                0x2000144c                __aeabi_fcmpeq
                0x20001464                __aeabi_fcmplt
                0x2000147c                __aeabi_fcmple
                0x20001494                __aeabi_fcmpge
                0x200014ac                __aeabi_fcmpgt
 .text          0x200014c4       0x54 c:/isis/application/toolchain/bin/../lib/gcc/arm-none-eabi/4.7.4\libgcc.a(_arm_fixunssfsi.o)
                0x200014c4                __fixunssfsi
                0x200014c4                __aeabi_f2uiz
 .text          0x20001518       0x5c c:/isis/application/toolchain/bin/../lib/gcc/arm-none-eabi/4.7.4\libgcc.a(_arm_fixdfsi.o)
                0x20001518                __aeabi_d2iz
                0x20001518                __fixdfsi
 .text          0x20001574       0x3c c:/isis/application/toolchain/bin/../lib/gcc/arm-none-eabi/4.7.4\libgcc.a(_aeabi_uldivmod.o)
                0x20001574                __aeabi_uldivmod
 .text          0x200015b0       0x84 c:/isis/application/toolchain/bin/../lib/gcc/arm-none-eabi/4.7.4\libgcc.a(bpabi.o)
                0x200015b0                __gnu_ldivmod_helper
                0x200015f4                __gnu_uldivmod_helper
 .text          0x20001634      0x4f0 c:/isis/application/toolchain/bin/../lib/gcc/arm-none-eabi/4.7.4\libgcc.a(_divdi3.o)
                0x20001634                __divdi3
 .text          0x20001b24      0x488 c:/isis/application/toolchain/bin/../lib/gcc/arm-none-eabi/4.7.4\libgcc.a(_udivdi3.o)
                0x20001b24                __udivdi3
 .text          0x20001fac       0x48 c:/isis/application/toolchain/bin/../lib/gcc/arm-none-eabi/4.7.4\libgcc.a(_clzsi2.o)
                0x20001fac                __clzsi2
 *(.text*)
 .text.GetBatteryVoltage
                0x20001ff4       0x64 ./src/SubSystemModules/PowerManagment/EPS.o
                0x20001ff4                GetBatteryVoltage
 .text.EPS_Init
                0x20002058       0xe0 ./src/SubSystemModules/PowerManagment/EPS.o
                0x20002058                EPS_Init
 .text.EPS_Conditioning
                0x20002138      0x1c4 ./src/SubSystemModules/PowerManagment/EPS.o
                0x20002138                EPS_Conditioning
 .text.UpdateAlpha
                0x200022fc       0xc8 ./src/SubSystemModules/PowerManagment/EPS.o
                0x200022fc                UpdateAlpha
 .text.GetThresholdVoltages
                0x200023c4       0x70 ./src/SubSystemModules/PowerManagment/EPS.o
                0x200023c4                GetThresholdVoltages
 .text.GetAlpha
                0x20002434       0x6c ./src/SubSystemModules/PowerManagment/EPS.o
                0x20002434                GetAlpha
 .text.CMDGetHeaterValues
                0x200024a0      0x234 ./src/SubSystemModules/PowerManagment/EPS.o
                0x200024a0                CMDGetHeaterValues
 .text.CMDSetHeaterValues
                0x200026d4      0x200 ./src/SubSystemModules/PowerManagment/EPS.o
                0x200026d4                CMDSetHeaterValues
 .text.EnterFullMode
                0x200028d4       0x44 ./src/SubSystemModules/PowerManagment/EPSOperationModes.o
                0x200028d4                EnterFullMode
 .text.EnterCruiseMode
                0x20002918       0x44 ./src/SubSystemModules/PowerManagment/EPSOperationModes.o
                0x20002918                EnterCruiseMode
 .text.EnterSafeMode
                0x2000295c       0x44 ./src/SubSystemModules/PowerManagment/EPSOperationModes.o
                0x2000295c                EnterSafeMode
 .text.EnterCriticalMode
                0x200029a0       0x44 ./src/SubSystemModules/PowerManagment/EPSOperationModes.o
                0x200029a0                EnterCriticalMode
 .text.EpsGetLowVoltageFlag
                0x200029e4       0x24 ./src/SubSystemModules/PowerManagment/EPSOperationModes.o
                0x200029e4                EpsGetLowVoltageFlag
 .text.EpsSetLowVoltageFlag
                0x20002a08       0x2c ./src/SubSystemModules/PowerManagment/EPSOperationModes.o
                0x20002a08                EpsSetLowVoltageFlag
 .text.CheckExecutionTime
                0x20002a34       0x78 ./src/SubSystemModules/Maintenance/Maintenance.o
                0x20002a34                CheckExecutionTime
 .text.SaveSatTimeInFRAM
                0x20002aac       0x44 ./src/SubSystemModules/Maintenance/Maintenance.o
                0x20002aac                SaveSatTimeInFRAM
 .text.WakeupFromResetCMD
                0x20002af0      0x120 ./src/SubSystemModules/Maintenance/Maintenance.o
                0x20002af0                WakeupFromResetCMD
 .text.ResetGroundCommWDT
                0x20002c10       0x1c ./src/SubSystemModules/Maintenance/Maintenance.o
                0x20002c10                ResetGroundCommWDT
 .text.IsGroundCommunicationWDTKick
                0x20002c2c       0x78 ./src/SubSystemModules/Maintenance/Maintenance.o
                0x20002c2c                IsGroundCommunicationWDTKick
 .text.GetGsWdtKickTime
                0x20002ca4       0x38 ./src/SubSystemModules/Maintenance/Maintenance.o
                0x20002ca4                GetGsWdtKickTime
 .text.DeleteOldFiels
                0x20002cdc      0x33c ./src/SubSystemModules/Maintenance/Maintenance.o
                0x20002cdc                DeleteOldFiels
 .text.DeployAnt
                0x20003018       0x6c ./src/SubSystemModules/Maintenance/Maintenance.o
                0x20003018                DeployAnt
 .text.Maintenance
                0x20003084       0x38 ./src/SubSystemModules/Maintenance/Maintenance.o
                0x20003084                Maintenance
 .text.InitSavePeriodTimes
                0x200030bc       0xc0 ./src/SubSystemModules/Housekepping/TelemetryCollector.o
                0x200030bc                InitSavePeriodTimes
 .text.TelemetryCollectorLogic
                0x2000317c      0x1f0 ./src/SubSystemModules/Housekepping/TelemetryCollector.o
                0x2000317c                TelemetryCollectorLogic
 .text.TelemetrySaveEPS
                0x2000336c       0x4c ./src/SubSystemModules/Housekepping/TelemetryCollector.o
                0x2000336c                TelemetrySaveEPS
 .text.TelemetrySaveTRXVU
                0x200033b8       0x84 ./src/SubSystemModules/Housekepping/TelemetryCollector.o
                0x200033b8                TelemetrySaveTRXVU
 .text.TelemetrySaveANT
                0x2000343c       0xa4 ./src/SubSystemModules/Housekepping/TelemetryCollector.o
                0x2000343c                TelemetrySaveANT
 .text.TelemetrySaveSolarPanels
                0x200034e0      0x1c4 ./src/SubSystemModules/Housekepping/TelemetryCollector.o
                0x200034e0                TelemetrySaveSolarPanels
 .text.TelemetrySaveWOD
                0x200036a4       0xa0 ./src/SubSystemModules/Housekepping/TelemetryCollector.o
                0x200036a4                TelemetrySaveWOD
 .text.GetCurrentWODTelemetry
                0x20003744      0x4b0 ./src/SubSystemModules/Housekepping/TelemetryCollector.o
                0x20003744                GetCurrentWODTelemetry
 .text.CMD_DeleteTLM
                0x20003bf4      0x1f4 ./src/SubSystemModules/Communication/SubsystemCommands/FS_Commands.o
                0x20003bf4                CMD_DeleteTLM
 .text.CMD_GenericI2C
                0x20003de8      0x150 ./src/SubSystemModules/Communication/SubsystemCommands/Maintanence_Commands.o
                0x20003de8                CMD_GenericI2C
 .text.CMD_FRAM_ReadAndTransmitt
                0x20003f38      0x100 ./src/SubSystemModules/Communication/SubsystemCommands/Maintanence_Commands.o
                0x20003f38                CMD_FRAM_ReadAndTransmitt
 .text.CMD_FRAM_WriteAndTransmitt
                0x20004038      0x124 ./src/SubSystemModules/Communication/SubsystemCommands/Maintanence_Commands.o
                0x20004038                CMD_FRAM_WriteAndTransmitt
 .text.CMD_UpdateSatTime
                0x2000415c       0xa0 ./src/SubSystemModules/Communication/SubsystemCommands/Maintanence_Commands.o
                0x2000415c                CMD_UpdateSatTime
 .text.CMD_ResetComponent
                0x200041fc      0x2a4 ./src/SubSystemModules/Communication/SubsystemCommands/Maintanence_Commands.o
                0x200041fc                CMD_ResetComponent
 .text.DumpTask
                0x200044a0      0x2dc ./src/SubSystemModules/Communication/SubsystemCommands/TRXVU_Commands.o
                0x200044a0                DumpTask
 .text.CMD_AntennaDeploy
                0x2000477c       0xcc ./src/SubSystemModules/Communication/SubsystemCommands/TRXVU_Commands.o
                0x2000477c                CMD_AntennaDeploy
 .text.CMD_StartDump
                0x20004848      0x204 ./src/SubSystemModules/Communication/SubsystemCommands/TRXVU_Commands.o
                0x20004848                CMD_StartDump
 .text.CMD_SendDumpAbortRequest
                0x20004a4c       0x38 ./src/SubSystemModules/Communication/SubsystemCommands/TRXVU_Commands.o
                0x20004a4c                CMD_SendDumpAbortRequest
 .text.CMD_ForceDumpAbort
                0x20004a84       0x3c ./src/SubSystemModules/Communication/SubsystemCommands/TRXVU_Commands.o
                0x20004a84                CMD_ForceDumpAbort
 .text.CMD_SetTransponder
                0x20004ac0      0x114 ./src/SubSystemModules/Communication/SubsystemCommands/TRXVU_Commands.o
                0x20004ac0                CMD_SetTransponder
 .text.CMD_SetRSSITransponder
                0x20004bd4       0x98 ./src/SubSystemModules/Communication/SubsystemCommands/TRXVU_Commands.o
                0x20004bd4                CMD_SetRSSITransponder
 .text.CMD_MuteTRXVU
                0x20004c6c       0x7c ./src/SubSystemModules/Communication/SubsystemCommands/TRXVU_Commands.o
                0x20004c6c                CMD_MuteTRXVU
 .text.CMD_SetIdleState
                0x20004ce8       0x94 ./src/SubSystemModules/Communication/SubsystemCommands/TRXVU_Commands.o
                0x20004ce8                CMD_SetIdleState
 .text.CMD_UnMuteTRXVU
                0x20004d7c       0x38 ./src/SubSystemModules/Communication/SubsystemCommands/TRXVU_Commands.o
                0x20004d7c                CMD_UnMuteTRXVU
 .text.CMD_GetBaudRate
                0x20004db4       0x68 ./src/SubSystemModules/Communication/SubsystemCommands/TRXVU_Commands.o
                0x20004db4                CMD_GetBaudRate
 .text.CMD_GetBeaconInterval
                0x20004e1c       0x6c ./src/SubSystemModules/Communication/SubsystemCommands/TRXVU_Commands.o
                0x20004e1c                CMD_GetBeaconInterval
 .text.CMD_SetBaudRate
                0x20004e88       0x60 ./src/SubSystemModules/Communication/SubsystemCommands/TRXVU_Commands.o
                0x20004e88                CMD_SetBaudRate
 .text.CMD_GetTxUptime
                0x20004ee8       0x64 ./src/SubSystemModules/Communication/SubsystemCommands/TRXVU_Commands.o
                0x20004ee8                CMD_GetTxUptime
 .text.CMD_GetRxUptime
                0x20004f4c       0x64 ./src/SubSystemModules/Communication/SubsystemCommands/TRXVU_Commands.o
                0x20004f4c                CMD_GetRxUptime
 .text.CMD_GetNumOfOnlineCommands
                0x20004fb0       0x64 ./src/SubSystemModules/Communication/SubsystemCommands/TRXVU_Commands.o
                0x20004fb0                CMD_GetNumOfOnlineCommands
 .text.CMD_AntSetArmStatus
                0x20005014       0xa0 ./src/SubSystemModules/Communication/SubsystemCommands/TRXVU_Commands.o
                0x20005014                CMD_AntSetArmStatus
 .text.CMD_AntGetArmStatus
                0x200050b4       0x70 ./src/SubSystemModules/Communication/SubsystemCommands/TRXVU_Commands.o
                0x200050b4                CMD_AntGetArmStatus
 .text.CMD_AntGetUptime
                0x20005124       0x78 ./src/SubSystemModules/Communication/SubsystemCommands/TRXVU_Commands.o
                0x20005124                CMD_AntGetUptime
 .text.CMD_StopReDeployment
                0x2000519c       0x9c ./src/SubSystemModules/Communication/SubsystemCommands/TRXVU_Commands.o
                0x2000519c                CMD_StopReDeployment
 .text.CMD_AntCancelDeployment
                0x20005238       0x68 ./src/SubSystemModules/Communication/SubsystemCommands/TRXVU_Commands.o
                0x20005238                CMD_AntCancelDeployment
 .text.SendAckPacket
                0x200052a0       0xe0 ./src/SubSystemModules/Communication/AckHandler.o
                0x200052a0                SendAckPacket
 .text.trxvu_command_router
                0x20005380      0x534 ./src/SubSystemModules/Communication/CommandDictionary.o
                0x20005380                trxvu_command_router
 .text.eps_command_router
                0x200058b4       0xc0 ./src/SubSystemModules/Communication/CommandDictionary.o
                0x200058b4                eps_command_router
 .text.telemetry_command_router
                0x20005974       0x90 ./src/SubSystemModules/Communication/CommandDictionary.o
                0x20005974                telemetry_command_router
 .text.managment_command_router
                0x20005a04       0xfc ./src/SubSystemModules/Communication/CommandDictionary.o
                0x20005a04                managment_command_router
 .text.filesystem_command_router
                0x20005b00       0x24 ./src/SubSystemModules/Communication/CommandDictionary.o
                0x20005b00                filesystem_command_router
 .text.ParseDataToCommand
                0x20005b24      0x1ac ./src/SubSystemModules/Communication/SatCommandHandler.o
                0x20005b24                ParseDataToCommand
 .text.AssembleCommand
                0x20005cd0      0x150 ./src/SubSystemModules/Communication/SatCommandHandler.o
                0x20005cd0                AssembleCommand
 .text.ActUponCommand
                0x20005e20       0xb4 ./src/SubSystemModules/Communication/SatCommandHandler.o
                0x20005e20                ActUponCommand
 .text.InitTxModule
                0x20005ed4       0x68 ./src/SubSystemModules/Communication/TRXVU.o
                0x20005ed4                InitTxModule
 .text.CMD_SetBeaconInterval
                0x20005f3c       0xac ./src/SubSystemModules/Communication/TRXVU.o
                0x20005f3c                CMD_SetBeaconInterval
 .text.InitBeaconParams
                0x20005fe8       0x3c ./src/SubSystemModules/Communication/TRXVU.o
                0x20005fe8                InitBeaconParams
 .text.InitSemaphores
                0x20006024       0x98 ./src/SubSystemModules/Communication/TRXVU.o
                0x20006024                InitSemaphores
 .text.InitTrxvu
                0x200060bc      0x110 ./src/SubSystemModules/Communication/TRXVU.o
                0x200060bc                InitTrxvu
 .text.checkIdleFinish
                0x200061cc       0x68 ./src/SubSystemModules/Communication/TRXVU.o
                0x200061cc                checkIdleFinish
 .text.checkTransponderFinish
                0x20006234       0x84 ./src/SubSystemModules/Communication/TRXVU.o
                0x20006234                checkTransponderFinish
 .text.TRX_Logic
                0x200062b8       0xc8 ./src/SubSystemModules/Communication/TRXVU.o
                0x200062b8                TRX_Logic
 .text.GetNumberOfFramesInBuffer
                0x20006380       0x54 ./src/SubSystemModules/Communication/TRXVU.o
                0x20006380                GetNumberOfFramesInBuffer
 .text.GetOnlineCommand
                0x200063d4      0x128 ./src/SubSystemModules/Communication/TRXVU.o
                0x200063d4                GetOnlineCommand
 .text.CheckTransmitionAllowed
                0x200064fc       0xc4 ./src/SubSystemModules/Communication/TRXVU.o
                0x200064fc                CheckTransmitionAllowed
 .text.FinishDump
                0x200065c0       0xa8 ./src/SubSystemModules/Communication/TRXVU.o
                0x200065c0                FinishDump
 .text.AbortDump
                0x20006668       0x34 ./src/SubSystemModules/Communication/TRXVU.o
                0x20006668                AbortDump
 .text.SendDumpAbortRequest
                0x2000669c       0xc0 ./src/SubSystemModules/Communication/TRXVU.o
                0x2000669c                SendDumpAbortRequest
 .text.BeaconLogic
                0x2000675c      0x1e0 ./src/SubSystemModules/Communication/TRXVU.o
                0x2000675c                BeaconLogic
 .text.SetIdleState
                0x2000693c       0xa8 ./src/SubSystemModules/Communication/TRXVU.o
                0x2000693c                SetIdleState
 .text.muteTRXVU
                0x200069e4       0x70 ./src/SubSystemModules/Communication/TRXVU.o
                0x200069e4                muteTRXVU
 .text.UnMuteTRXVU
                0x20006a54       0x24 ./src/SubSystemModules/Communication/TRXVU.o
                0x20006a54                UnMuteTRXVU
 .text.TransmitDataAsSPL_Packet
                0x20006a78      0x104 ./src/SubSystemModules/Communication/TRXVU.o
                0x20006a78                TransmitDataAsSPL_Packet
 .text.TransmitSplPacket
                0x20006b7c       0xfc ./src/SubSystemModules/Communication/TRXVU.o
                0x20006b7c                TransmitSplPacket
 .text.isFirstActivation
                0x20006c78       0x38 ./src/InitSystem.o
                0x20006c78                isFirstActivation
 .text.WriteDefaultValuesToFRAM
                0x20006cb0      0x1c0 ./src/InitSystem.o
                0x20006cb0                WriteDefaultValuesToFRAM
 .text.StartFRAM
                0x20006e70       0x24 ./src/InitSystem.o
                0x20006e70                StartFRAM
 .text.StartI2C
                0x20006e94       0x30 ./src/InitSystem.o
                0x20006e94                StartI2C
 .text.StartSPI
                0x20006ec4       0x2c ./src/InitSystem.o
                0x20006ec4                StartSPI
 .text.StartTIME
                0x20006ef0       0xb0 ./src/InitSystem.o
                0x20006ef0                StartTIME
 .text.DeploySystem
                0x20006fa0      0x140 ./src/InitSystem.o
                0x20006fa0                DeploySystem
 .text.InitSubsystems
                0x200070e0       0x48 ./src/InitSystem.o
                0x200070e0                InitSubsystems
 .text.delete_allTMFilesFromSD
                0x20007128       0x58 ./src/TLM_management.o
                0x20007128                delete_allTMFilesFromSD
 .text.deleteTLMFiles
                0x20007180       0x94 ./src/TLM_management.o
                0x20007180                deleteTLMFiles
 .text.deleteTLMFile
                0x20007214       0xc0 ./src/TLM_management.o
                0x20007214                deleteTLMFile
 .text.InitializeFS
                0x200072d4       0xd0 ./src/TLM_management.o
                0x200072d4                InitializeFS
 .text.calculateFileName
                0x200073a4      0x108 ./src/TLM_management.o
                0x200073a4                calculateFileName
 .text.getTlmTypeInfo
                0x200074ac      0x230 ./src/TLM_management.o
                0x200074ac                getTlmTypeInfo
 .text.write2File
                0x200076dc      0x150 ./src/TLM_management.o
                0x200076dc                write2File
 .text.printTLM
                0x2000782c       0x24 ./src/TLM_management.o
                0x2000782c                printTLM
 .text.readTLMFile
                0x20007850      0x310 ./src/TLM_management.o
                0x20007850                readTLMFile
 .text.readTLMFiles
                0x20007b60       0xc8 ./src/TLM_management.o
                0x20007b60                readTLMFiles
 .text.readTLMFileTimeRange
                0x20007c28      0x2fc ./src/TLM_management.o
                0x20007c28                readTLMFileTimeRange
 .text.DeInitializeFS
                0x20007f24       0x14 ./src/TLM_management.o
                0x20007f24                DeInitializeFS
 .text.taskMain
                0x20007f38       0x2c ./src/main.o
                0x20007f38                taskMain
 .text.main     0x20007f64       0x98 ./src/main.o
                0x20007f64                main
 .text.timeU2time
                0x20007ffc       0xbc ./src/utils.o
                0x20007ffc                timeU2time
 .text.logError
                0x200080b8      0x138 ./src/utils.o
                0x200080b8                logError
 .text.validateTransferParameters
                0x200081f0      0x10c C:/ISIS/workspace_ycube/GlobusSatProject/..//hal/hal/lib\libHALD.a(I2C.o)
 .text.I2C_queueTransfer
                0x200082fc       0xfc C:/ISIS/workspace_ycube/GlobusSatProject/..//hal/hal/lib\libHALD.a(I2C.o)
                0x200082fc                I2C_queueTransfer
 .text.I2C_internalCallback
                0x200083f8       0x64 C:/ISIS/workspace_ycube/GlobusSatProject/..//hal/hal/lib\libHALD.a(I2C.o)
 .text.I2C_doBlockingTransfer
                0x2000845c      0x180 C:/ISIS/workspace_ycube/GlobusSatProject/..//hal/hal/lib\libHALD.a(I2C.o)
 .text.I2C_write
                0x200085dc      0x110 C:/ISIS/workspace_ycube/GlobusSatProject/..//hal/hal/lib\libHALD.a(I2C.o)
                0x200085dc                I2C_write
 .text.I2C_read
                0x200086ec      0x110 C:/ISIS/workspace_ycube/GlobusSatProject/..//hal/hal/lib\libHALD.a(I2C.o)
                0x200086ec                I2C_read
 .text.I2C_writeRead
                0x200087fc      0x17c C:/ISIS/workspace_ycube/GlobusSatProject/..//hal/hal/lib\libHALD.a(I2C.o)
                0x200087fc                I2C_writeRead
 .text.I2C_start
                0x20008978      0x2e8 C:/ISIS/workspace_ycube/GlobusSatProject/..//hal/hal/lib\libHALD.a(I2C.o)
                0x20008978                I2C_start
 .text.I2C_stop
                0x20008c60      0x184 C:/ISIS/workspace_ycube/GlobusSatProject/..//hal/hal/lib\libHALD.a(I2C.o)
                0x20008c60                I2C_stop
 .text.I2C_setTransferTimeout
                0x20008de4       0x48 C:/ISIS/workspace_ycube/GlobusSatProject/..//hal/hal/lib\libHALD.a(I2C.o)
                0x20008de4                I2C_setTransferTimeout
 .text.clearPDCtransfers
                0x20008e2c       0xe8 C:/ISIS/workspace_ycube/GlobusSatProject/..//hal/hal/lib\libHALD.a(SPI.o)
 .text.SPI_start
                0x20008f14      0x4b0 C:/ISIS/workspace_ycube/GlobusSatProject/..//hal/hal/lib\libHALD.a(SPI.o)
                0x20008f14                SPI_start
 .text.SPI_stop
                0x200093c4      0x244 C:/ISIS/workspace_ycube/GlobusSatProject/..//hal/hal/lib\libHALD.a(SPI.o)
                0x200093c4                SPI_stop
 .text.SPI_queueTransfer
                0x20009608      0x1cc C:/ISIS/workspace_ycube/GlobusSatProject/..//hal/hal/lib\libHALD.a(SPI.o)
                0x20009608                SPI_queueTransfer
 .text.SPI_internalCallback
                0x200097d4       0x64 C:/ISIS/workspace_ycube/GlobusSatProject/..//hal/hal/lib\libHALD.a(SPI.o)
 .text.SPI_writeRead
                0x20009838      0x1c0 C:/ISIS/workspace_ycube/GlobusSatProject/..//hal/hal/lib\libHALD.a(SPI.o)
                0x20009838                SPI_writeRead
 .text.waitForTransfer
                0x200099f8       0x78 C:/ISIS/workspace_ycube/GlobusSatProject/..//hal/hal/lib\libHALD.a(SPI.o)
 .text.SPI_getDriverState
                0x20009a70       0x58 C:/ISIS/workspace_ycube/GlobusSatProject/..//hal/hal/lib\libHALD.a(SPI.o)
                0x20009a70                SPI_getDriverState
 .text.FRAM_start
                0x20009ac8      0x120 C:/ISIS/workspace_ycube/GlobusSatProject/..//hal/hal/lib\libHALD.a(FRAM.o)
                0x20009ac8                FRAM_start
 .text.FRAM_dummyCallback
                0x20009be8       0x24 C:/ISIS/workspace_ycube/GlobusSatProject/..//hal/hal/lib\libHALD.a(FRAM.o)
                0x20009be8                FRAM_dummyCallback
 .text.FRAM_unlockingCallback
                0x20009c0c       0x64 C:/ISIS/workspace_ycube/GlobusSatProject/..//hal/hal/lib\libHALD.a(FRAM.o)
                0x20009c0c                FRAM_unlockingCallback
 .text.doBlockingTransfer
                0x20009c70       0x78 C:/ISIS/workspace_ycube/GlobusSatProject/..//hal/hal/lib\libHALD.a(FRAM.o)
 .text.FRAM_writePacket
                0x20009ce8      0x144 C:/ISIS/workspace_ycube/GlobusSatProject/..//hal/hal/lib\libHALD.a(FRAM.o)
 .text.FRAM_write
                0x20009e2c      0x1d8 C:/ISIS/workspace_ycube/GlobusSatProject/..//hal/hal/lib\libHALD.a(FRAM.o)
                0x20009e2c                FRAM_write
 .text.FRAM_readPacket
                0x2000a004       0xf0 C:/ISIS/workspace_ycube/GlobusSatProject/..//hal/hal/lib\libHALD.a(FRAM.o)
 .text.FRAM_read
                0x2000a0f4      0x1e4 C:/ISIS/workspace_ycube/GlobusSatProject/..//hal/hal/lib\libHALD.a(FRAM.o)
                0x2000a0f4                FRAM_read
 .text.Time_start
                0x2000a2d8      0x150 C:/ISIS/workspace_ycube/GlobusSatProject/..//hal/hal/lib\libHALD.a(Time.o)
                0x2000a2d8                Time_start
 .text.taskTimeSync
                0x2000a428       0x38 C:/ISIS/workspace_ycube/GlobusSatProject/..//hal/hal/lib\libHALD.a(Time.o)
 .text.Time_convertEpochToTime
                0x2000a460       0xf4 C:/ISIS/workspace_ycube/GlobusSatProject/..//hal/hal/lib\libHALD.a(Time.o)
                0x2000a460                Time_convertEpochToTime
 .text.Time_populateSecondsOfYear
                0x2000a554      0x188 C:/ISIS/workspace_ycube/GlobusSatProject/..//hal/hal/lib\libHALD.a(Time.o)
 .text.Time_set
                0x2000a6dc      0x110 C:/ISIS/workspace_ycube/GlobusSatProject/..//hal/hal/lib\libHALD.a(Time.o)
                0x2000a6dc                Time_set
 .text.Time_isLeapYear
                0x2000a7ec       0x98 C:/ISIS/workspace_ycube/GlobusSatProject/..//hal/hal/lib\libHALD.a(Time.o)
                0x2000a7ec                Time_isLeapYear
 .text.Time_get
                0x2000a884      0x410 C:/ISIS/workspace_ycube/GlobusSatProject/..//hal/hal/lib\libHALD.a(Time.o)
                0x2000a884                Time_get
 .text.Time_getUnixEpoch
                0x2000ac94       0xf4 C:/ISIS/workspace_ycube/GlobusSatProject/..//hal/hal/lib\libHALD.a(Time.o)
                0x2000ac94                Time_getUnixEpoch
 .text.Time_secondsOfYearToTime
                0x2000ad88      0x328 C:/ISIS/workspace_ycube/GlobusSatProject/..//hal/hal/lib\libHALD.a(Time.o)
 .text.Time_setUnixEpoch
                0x2000b0b0       0x54 C:/ISIS/workspace_ycube/GlobusSatProject/..//hal/hal/lib\libHALD.a(Time.o)
                0x2000b0b0                Time_setUnixEpoch
 .text.Time_getUptimeSeconds
                0x2000b104       0x28 C:/ISIS/workspace_ycube/GlobusSatProject/..//hal/hal/lib\libHALD.a(Time.o)
                0x2000b104                Time_getUptimeSeconds
 .text.Time_sync
                0x2000b12c      0x2d8 C:/ISIS/workspace_ycube/GlobusSatProject/..//hal/hal/lib\libHALD.a(Time.o)
                0x2000b12c                Time_sync
 .text.Time_syncIfNeeded
                0x2000b404       0x90 C:/ISIS/workspace_ycube/GlobusSatProject/..//hal/hal/lib\libHALD.a(Time.o)
                0x2000b404                Time_syncIfNeeded
 .text.Time_setSyncInterval
                0x2000b494       0x38 C:/ISIS/workspace_ycube/GlobusSatProject/..//hal/hal/lib\libHALD.a(Time.o)
                0x2000b494                Time_setSyncInterval
 .text.WDT_start
                0x2000b4cc       0x48 C:/ISIS/workspace_ycube/GlobusSatProject/..//hal/hal/lib\libHALD.a(WatchDogTimerNoOS.o)
                0x2000b4cc                WDT_start
 .text.WDT_startWatchdogKickTask
                0x2000b514       0xb4 C:/ISIS/workspace_ycube/GlobusSatProject/..//hal/hal/lib\libHALD.a(WatchDogTimerOS.o)
                0x2000b514                WDT_startWatchdogKickTask
 .text.WDT_forceKickEveryNms
                0x2000b5c8       0x50 C:/ISIS/workspace_ycube/GlobusSatProject/..//hal/hal/lib\libHALD.a(WatchDogTimerOS.o)
                0x2000b5c8                WDT_forceKickEveryNms
 .text.LED_glow
                0x2000b618       0x58 C:/ISIS/workspace_ycube/GlobusSatProject/..//hal/hal/lib\libHALD.a(LED.o)
                0x2000b618                LED_glow
 .text.LED_dark
                0x2000b670       0x58 C:/ISIS/workspace_ycube/GlobusSatProject/..//hal/hal/lib\libHALD.a(LED.o)
                0x2000b670                LED_dark
 .text.LED_toggle
                0x2000b6c8       0x50 C:/ISIS/workspace_ycube/GlobusSatProject/..//hal/hal/lib\libHALD.a(LED.o)
                0x2000b6c8                LED_toggle
 .text.RTC_start
                0x2000b718       0x3c C:/ISIS/workspace_ycube/GlobusSatProject/..//hal/hal/lib\libHALD.a(RTC.o)
                0x2000b718                RTC_start
 .text.RTC_setTime
                0x2000b754      0x2a4 C:/ISIS/workspace_ycube/GlobusSatProject/..//hal/hal/lib\libHALD.a(RTC.o)
                0x2000b754                RTC_setTime
 .text.RTC_getTime
                0x2000b9f8      0x224 C:/ISIS/workspace_ycube/GlobusSatProject/..//hal/hal/lib\libHALD.a(RTC.o)
                0x2000b9f8                RTC_getTime
 .text.RTC_checkTimeValid
                0x2000bc1c       0xdc C:/ISIS/workspace_ycube/GlobusSatProject/..//hal/hal/lib\libHALD.a(RTC.o)
                0x2000bc1c                RTC_checkTimeValid
 .text.RTT_start
                0x2000bcf8       0x24 C:/ISIS/workspace_ycube/GlobusSatProject/..//hal/hal/lib\libHALD.a(RTT.o)
                0x2000bcf8                RTT_start
 .text.fn_init  0x2000bd1c      0x2dc C:/ISIS/workspace_ycube/GlobusSatProject/..//hal/hcc/lib\libHCCD.a(fat_common.o)
                0x2000bd1c                fn_init
 .text._f_get16bitl
                0x2000bff8       0x4c C:/ISIS/workspace_ycube/GlobusSatProject/..//hal/hcc/lib\libHCCD.a(fat_common.o)
                0x2000bff8                _f_get16bitl
 .text._f_set16bitl
                0x2000c044       0x54 C:/ISIS/workspace_ycube/GlobusSatProject/..//hal/hcc/lib\libHCCD.a(fat_common.o)
                0x2000c044                _f_set16bitl
 .text._f_get32bitl
                0x2000c098       0x68 C:/ISIS/workspace_ycube/GlobusSatProject/..//hal/hcc/lib\libHCCD.a(fat_common.o)
                0x2000c098                _f_get32bitl
 .text._f_set32bitl
                0x2000c100       0x78 C:/ISIS/workspace_ycube/GlobusSatProject/..//hal/hcc/lib\libHCCD.a(fat_common.o)
                0x2000c100                _f_set32bitl
 .text._get8bit
                0x2000c178       0xa0 C:/ISIS/workspace_ycube/GlobusSatProject/..//hal/hcc/lib\libHCCD.a(fat_common.o)
 .text._get16bitl
                0x2000c218       0x40 C:/ISIS/workspace_ycube/GlobusSatProject/..//hal/hcc/lib\libHCCD.a(fat_common.o)
 .text._get32bitl
                0x2000c258       0x3c C:/ISIS/workspace_ycube/GlobusSatProject/..//hal/hcc/lib\libHCCD.a(fat_common.o)
 .text._f_setcardremoved
                0x2000c294       0x94 C:/ISIS/workspace_ycube/GlobusSatProject/..//hal/hcc/lib\libHCCD.a(fat_common.o)
 .text._f_checkstatus
                0x2000c328      0x104 C:/ISIS/workspace_ycube/GlobusSatProject/..//hal/hcc/lib\libHCCD.a(fat_common.o)
                0x2000c328                _f_checkstatus
 .text._f_drvgetphy
                0x2000c42c      0x114 C:/ISIS/workspace_ycube/GlobusSatProject/..//hal/hcc/lib\libHCCD.a(fat_common.o)
 .text._f_drvwritesector
                0x2000c540       0xdc C:/ISIS/workspace_ycube/GlobusSatProject/..//hal/hcc/lib\libHCCD.a(fat_common.o)
 .text._f_drvreadsector
                0x2000c61c       0xa8 C:/ISIS/workspace_ycube/GlobusSatProject/..//hal/hcc/lib\libHCCD.a(fat_common.o)
 .text._f_writesector
                0x2000c6c4      0x23c C:/ISIS/workspace_ycube/GlobusSatProject/..//hal/hcc/lib\libHCCD.a(fat_common.o)
                0x2000c6c4                _f_writesector
 .text._f_readsector
                0x2000c900      0x1dc C:/ISIS/workspace_ycube/GlobusSatProject/..//hal/hcc/lib\libHCCD.a(fat_common.o)
                0x2000c900                _f_readsector
 .text._f_getmaxcluster
                0x2000cadc       0x94 C:/ISIS/workspace_ycube/GlobusSatProject/..//hal/hcc/lib\libHCCD.a(fat_common.o)
                0x2000cadc                _f_getmaxcluster
 .text._getsectorfromcluster
                0x2000cb70       0x68 C:/ISIS/workspace_ycube/GlobusSatProject/..//hal/hcc/lib\libHCCD.a(fat_common.o)
 .text._f_buildsectors
                0x2000cbd8      0x268 C:/ISIS/workspace_ycube/GlobusSatProject/..//hal/hcc/lib\libHCCD.a(fat_common.o)
 .text._f_getbootrecord
                0x2000ce40      0x5e4 C:/ISIS/workspace_ycube/GlobusSatProject/..//hal/hcc/lib\libHCCD.a(fat_common.o)
 .text._f_readbootrecord
                0x2000d424      0x4f8 C:/ISIS/workspace_ycube/GlobusSatProject/..//hal/hcc/lib\libHCCD.a(fat_common.o)
 .text._f_flushcffiles
                0x2000d91c      0x17c C:/ISIS/workspace_ycube/GlobusSatProject/..//hal/hcc/lib\libHCCD.a(fat_common.o)
                0x2000d91c                _f_flushcffiles
 .text._f_fatcache_flush
                0x2000da98      0x270 C:/ISIS/workspace_ycube/GlobusSatProject/..//hal/hcc/lib\libHCCD.a(fat_common.o)
                0x2000da98                _f_fatcache_flush
 .text._f_writefatsector
                0x2000dd08      0x100 C:/ISIS/workspace_ycube/GlobusSatProject/..//hal/hcc/lib\libHCCD.a(fat_common.o)
                0x2000dd08                _f_writefatsector
 .text._f_getfatsector
                0x2000de08      0x3bc C:/ISIS/workspace_ycube/GlobusSatProject/..//hal/hcc/lib\libHCCD.a(fat_common.o)
 .text._f_setclustervalue
                0x2000e1c4      0x490 C:/ISIS/workspace_ycube/GlobusSatProject/..//hal/hcc/lib\libHCCD.a(fat_common.o)
                0x2000e1c4                _f_setclustervalue
 .text._f_getclustervalue
                0x2000e654      0x388 C:/ISIS/workspace_ycube/GlobusSatProject/..//hal/hcc/lib\libHCCD.a(fat_common.o)
                0x2000e654                _f_getclustervalue
 .text._f_close_drive_files
                0x2000e9dc       0xac C:/ISIS/workspace_ycube/GlobusSatProject/..//hal/hcc/lib\libHCCD.a(fat_common.o)
 .text._f_inc_mount_count
                0x2000ea88       0xa4 C:/ISIS/workspace_ycube/GlobusSatProject/..//hal/hcc/lib\libHCCD.a(fat_common.o)
 .text._f_getvolume
                0x2000eb2c      0x2f8 C:/ISIS/workspace_ycube/GlobusSatProject/..//hal/hcc/lib\libHCCD.a(fat_common.o)
                0x2000eb2c                _f_getvolume
 .text.fn_createdriver
                0x2000ee24      0x118 C:/ISIS/workspace_ycube/GlobusSatProject/..//hal/hcc/lib\libHCCD.a(fat_common.o)
                0x2000ee24                fn_createdriver
 .text.fn_initvolume
                0x2000ef3c      0x12c C:/ISIS/workspace_ycube/GlobusSatProject/..//hal/hcc/lib\libHCCD.a(fat_common.o)
                0x2000ef3c                fn_initvolume
 .text.fn_initvolumepartition_sub
                0x2000f068       0xe0 C:/ISIS/workspace_ycube/GlobusSatProject/..//hal/hcc/lib\libHCCD.a(fat_common.o)
 .text.fn_initvolumepartition
                0x2000f148       0xac C:/ISIS/workspace_ycube/GlobusSatProject/..//hal/hcc/lib\libHCCD.a(fat_common.o)
                0x2000f148                fn_initvolumepartition
 .text._f_clustertopos
                0x2000f1f4       0xf8 C:/ISIS/workspace_ycube/GlobusSatProject/..//hal/hcc/lib\libHCCD.a(fat_common.o)
                0x2000f1f4                _f_clustertopos
 .text._f_getcurrsector
                0x2000f2ec      0x6c8 C:/ISIS/workspace_ycube/GlobusSatProject/..//hal/hcc/lib\libHCCD.a(fat_common.o)
                0x2000f2ec                _f_getcurrsector
 .text._f_getdecluster
                0x2000f9b4       0x90 C:/ISIS/workspace_ycube/GlobusSatProject/..//hal/hcc/lib\libHCCD.a(fat_common.o)
                0x2000f9b4                _f_getdecluster
 .text._f_setdecluster
                0x2000fa44       0x8c C:/ISIS/workspace_ycube/GlobusSatProject/..//hal/hcc/lib\libHCCD.a(fat_common.o)
                0x2000fa44                _f_setdecluster
 .text.fn_getdrive
                0x2000fad0       0x30 C:/ISIS/workspace_ycube/GlobusSatProject/..//hal/hcc/lib\libHCCD.a(fat_common.o)
                0x2000fad0                fn_getdrive
 .text._f_getcurrenttimedate
                0x2000fb00      0x138 C:/ISIS/workspace_ycube/GlobusSatProject/..//hal/hcc/lib\libHCCD.a(fat_common.o)
                0x2000fb00                _f_getcurrenttimedate
 .text._f_initentry
                0x2000fc38       0xa0 C:/ISIS/workspace_ycube/GlobusSatProject/..//hal/hcc/lib\libHCCD.a(fat_common.o)
                0x2000fc38                _f_initentry
 .text._f_alloccluster
                0x2000fcd8      0x344 C:/ISIS/workspace_ycube/GlobusSatProject/..//hal/hcc/lib\libHCCD.a(fat_common.o)
                0x2000fcd8                _f_alloccluster
 .text._f_dobadblock
                0x2001001c      0x2cc C:/ISIS/workspace_ycube/GlobusSatProject/..//hal/hcc/lib\libHCCD.a(fat_common.o)
                0x2001001c                _f_dobadblock
 .text._f_checklocked
                0x200102e8       0xe4 C:/ISIS/workspace_ycube/GlobusSatProject/..//hal/hcc/lib\libHCCD.a(fat_common.o)
                0x200102e8                _f_checklocked
 .text._f_checkappendlocked
                0x200103cc      0x110 C:/ISIS/workspace_ycube/GlobusSatProject/..//hal/hcc/lib\libHCCD.a(fat_common.o)
                0x200103cc                _f_checkappendlocked
 .text._f_setsyncafile
                0x200104dc      0x114 C:/ISIS/workspace_ycube/GlobusSatProject/..//hal/hcc/lib\libHCCD.a(fat_common.o)
                0x200104dc                _f_setsyncafile
 .text._f_syncfiles
                0x200105f0      0x128 C:/ISIS/workspace_ycube/GlobusSatProject/..//hal/hcc/lib\libHCCD.a(fat_common.o)
                0x200105f0                _f_syncfiles
 .text._f_syncfilescontent
                0x20010718      0x15c C:/ISIS/workspace_ycube/GlobusSatProject/..//hal/hcc/lib\libHCCD.a(fat_common.o)
 .text.fn_getfreespace
                0x20010874      0x4c0 C:/ISIS/workspace_ycube/GlobusSatProject/..//hal/hcc/lib\libHCCD.a(fat_common.o)
                0x20010874                fn_getfreespace
 .text._f_emptywritecache
                0x20010d34      0x4a4 C:/ISIS/workspace_ycube/GlobusSatProject/..//hal/hcc/lib\libHCCD.a(fat_common.o)
 .text._f_allocnextcluster
                0x200111d8      0x54c C:/ISIS/workspace_ycube/GlobusSatProject/..//hal/hcc/lib\libHCCD.a(fat_common.o)
 .text._f_emptywritebuffer
                0x20011724      0x20c C:/ISIS/workspace_ycube/GlobusSatProject/..//hal/hcc/lib\libHCCD.a(fat_common.o)
 .text._f_writezeros
                0x20011930       0xf0 C:/ISIS/workspace_ycube/GlobusSatProject/..//hal/hcc/lib\libHCCD.a(fat_common.o)
                0x20011930                _f_writezeros
 .text._f_extend_file
                0x20011a20      0x570 C:/ISIS/workspace_ycube/GlobusSatProject/..//hal/hcc/lib\libHCCD.a(fat_common.o)
 .text._f_fseek
                0x20011f90      0x9bc C:/ISIS/workspace_ycube/GlobusSatProject/..//hal/hcc/lib\libHCCD.a(fat_common.o)
                0x20011f90                _f_fseek
 .text._f_removechain
                0x2001294c      0x104 C:/ISIS/workspace_ycube/GlobusSatProject/..//hal/hcc/lib\libHCCD.a(fat_common.o)
                0x2001294c                _f_removechain
 .text._f_updatefileentry
                0x20012a50      0x1cc C:/ISIS/workspace_ycube/GlobusSatProject/..//hal/hcc/lib\libHCCD.a(fat_common.o)
 .text._f_checkreadlocked
                0x20012c1c      0x1bc C:/ISIS/workspace_ycube/GlobusSatProject/..//hal/hcc/lib\libHCCD.a(fat_common.o)
                0x20012c1c                _f_checkreadlocked
 .text._f_check_handle
                0x20012dd8       0x98 C:/ISIS/workspace_ycube/GlobusSatProject/..//hal/hcc/lib\libHCCD.a(fat_common.o)
                0x20012dd8                _f_check_handle
 .text._f_removesyncafile
                0x20012e70      0x1ec C:/ISIS/workspace_ycube/GlobusSatProject/..//hal/hcc/lib\libHCCD.a(fat_common.o)
 .text.fn_close
                0x2001305c      0x3f8 C:/ISIS/workspace_ycube/GlobusSatProject/..//hal/hcc/lib\libHCCD.a(fat_common.o)
                0x2001305c                fn_close
 .text.fn_flush
                0x20013454      0x374 C:/ISIS/workspace_ycube/GlobusSatProject/..//hal/hcc/lib\libHCCD.a(fat_common.o)
                0x20013454                fn_flush
 .text.fn_read  0x200137c8      0x690 C:/ISIS/workspace_ycube/GlobusSatProject/..//hal/hcc/lib\libHCCD.a(fat_common.o)
                0x200137c8                fn_read
 .text._f_abortwrite
                0x20013e58      0x100 C:/ISIS/workspace_ycube/GlobusSatProject/..//hal/hcc/lib\libHCCD.a(fat_common.o)
 .text._f_checkwritecluster
                0x20013f58       0xe4 C:/ISIS/workspace_ycube/GlobusSatProject/..//hal/hcc/lib\libHCCD.a(fat_common.o)
 .text.fn_write
                0x2001403c      0x8a8 C:/ISIS/workspace_ycube/GlobusSatProject/..//hal/hcc/lib\libHCCD.a(fat_common.o)
                0x2001403c                fn_write
 .text.f_enterFS
                0x200148e4      0x1c0 C:/ISIS/workspace_ycube/GlobusSatProject/..//hal/hcc/lib\libHCCD.a(fat_common.o)
                0x200148e4                f_enterFS
 .text.fnGetTask
                0x20014aa4       0xfc C:/ISIS/workspace_ycube/GlobusSatProject/..//hal/hcc/lib\libHCCD.a(fat_common.o)
                0x20014aa4                fnGetTask
 .text._f_mutex_get
                0x20014ba0       0x98 C:/ISIS/workspace_ycube/GlobusSatProject/..//hal/hcc/lib\libHCCD.a(fat_common.o)
                0x20014ba0                _f_mutex_get
 .text._f_mutex_put
                0x20014c38       0x54 C:/ISIS/workspace_ycube/GlobusSatProject/..//hal/hcc/lib\libHCCD.a(fat_common.o)
                0x20014c38                _f_mutex_put
 .text._fn_initseekdivisor
                0x20014c8c      0x158 C:/ISIS/workspace_ycube/GlobusSatProject/..//hal/hcc/lib\libHCCD.a(fat_common.o)
                0x20014c8c                _fn_initseekdivisor
 .text._fn_updateseekpos
                0x20014de4       0xc4 C:/ISIS/workspace_ycube/GlobusSatProject/..//hal/hcc/lib\libHCCD.a(fat_common.o)
 .text._f_findopensize
                0x20014ea8       0x2c C:/ISIS/workspace_ycube/GlobusSatProject/..//hal/hcc/lib\libHCCD.a(fat_common.o)
                0x20014ea8                _f_findopensize
 .text.fn_setlasterror
                0x20014ed4       0x34 C:/ISIS/workspace_ycube/GlobusSatProject/..//hal/hcc/lib\libHCCD.a(fat_common.o)
                0x20014ed4                fn_setlasterror
 .text.fn_setlasterror_noret
                0x20014f08       0x2c C:/ISIS/workspace_ycube/GlobusSatProject/..//hal/hcc/lib\libHCCD.a(fat_common.o)
                0x20014f08                fn_setlasterror_noret
 .text.fm_initvolume
                0x20014f34       0x70 C:/ISIS/workspace_ycube/GlobusSatProject/..//hal/hcc/lib\libHCCD.a(fat_m.o)
                0x20014f34                fm_initvolume
 .text.fm_getdrive
                0x20014fa4       0x70 C:/ISIS/workspace_ycube/GlobusSatProject/..//hal/hcc/lib\libHCCD.a(fat_m.o)
                0x20014fa4                fm_getdrive
 .text.fm_getfreespace
                0x20015014       0x68 C:/ISIS/workspace_ycube/GlobusSatProject/..//hal/hcc/lib\libHCCD.a(fat_m.o)
                0x20015014                fm_getfreespace
 .text.fm_findfirst
                0x2001507c       0x68 C:/ISIS/workspace_ycube/GlobusSatProject/..//hal/hcc/lib\libHCCD.a(fat_m.o)
                0x2001507c                fm_findfirst
 .text.fm_findnext
                0x200150e4       0x60 C:/ISIS/workspace_ycube/GlobusSatProject/..//hal/hcc/lib\libHCCD.a(fat_m.o)
                0x200150e4                fm_findnext
 .text.fm_close
                0x20015144       0x60 C:/ISIS/workspace_ycube/GlobusSatProject/..//hal/hcc/lib\libHCCD.a(fat_m.o)
                0x20015144                fm_close
 .text.fm_flush
                0x200151a4       0x60 C:/ISIS/workspace_ycube/GlobusSatProject/..//hal/hcc/lib\libHCCD.a(fat_m.o)
                0x200151a4                fm_flush
 .text.fm_open  0x20015204       0x68 C:/ISIS/workspace_ycube/GlobusSatProject/..//hal/hcc/lib\libHCCD.a(fat_m.o)
                0x20015204                fm_open
 .text.fm_read  0x2001526c       0x7c C:/ISIS/workspace_ycube/GlobusSatProject/..//hal/hcc/lib\libHCCD.a(fat_m.o)
                0x2001526c                fm_read
 .text.fm_write
                0x200152e8       0x7c C:/ISIS/workspace_ycube/GlobusSatProject/..//hal/hcc/lib\libHCCD.a(fat_m.o)
                0x200152e8                fm_write
 .text.fm_delete
                0x20015364       0x64 C:/ISIS/workspace_ycube/GlobusSatProject/..//hal/hcc/lib\libHCCD.a(fat_m.o)
                0x20015364                fm_delete
 .text.fm_getlasterror
                0x200153c8       0x40 C:/ISIS/workspace_ycube/GlobusSatProject/..//hal/hcc/lib\libHCCD.a(fat_m.o)
                0x200153c8                fm_getlasterror
 .text._s_checkzeroclusteratend
                0x20015408       0xf8 C:/ISIS/workspace_ycube/GlobusSatProject/..//hal/hcc/lib\libHCCD.a(safefat.o)
 .text._s_clearclustercontent
                0x20015500      0x108 C:/ISIS/workspace_ycube/GlobusSatProject/..//hal/hcc/lib\libHCCD.a(safefat.o)
 .text._s_clearclustercontentdir
                0x20015608      0x19c C:/ISIS/workspace_ycube/GlobusSatProject/..//hal/hcc/lib\libHCCD.a(safefat.o)
 .text._s_writedirsector
                0x200157a4       0xd0 C:/ISIS/workspace_ycube/GlobusSatProject/..//hal/hcc/lib\libHCCD.a(safefat.o)
 .text._s_getdirsector
                0x20015874      0x100 C:/ISIS/workspace_ycube/GlobusSatProject/..//hal/hcc/lib\libHCCD.a(safefat.o)
 .text._s_addentry
                0x20015974      0x394 C:/ISIS/workspace_ycube/GlobusSatProject/..//hal/hcc/lib\libHCCD.a(safefat.o)
 .text._s_findfile
                0x20015d08      0x33c C:/ISIS/workspace_ycube/GlobusSatProject/..//hal/hcc/lib\libHCCD.a(safefat.o)
 .text._s_findsubdir
                0x20016044      0x248 C:/ISIS/workspace_ycube/GlobusSatProject/..//hal/hcc/lib\libHCCD.a(safefat.o)
 .text._s_createfile
                0x2001628c      0x190 C:/ISIS/workspace_ycube/GlobusSatProject/..//hal/hcc/lib\libHCCD.a(safefat.o)
 .text._s_findsaffile
                0x2001641c      0x1b8 C:/ISIS/workspace_ycube/GlobusSatProject/..//hal/hcc/lib\libHCCD.a(safefat.o)
 .text._s_open  0x200165d4       0xe4 C:/ISIS/workspace_ycube/GlobusSatProject/..//hal/hcc/lib\libHCCD.a(safefat.o)
 .text._s_open_saf
                0x200166b8       0xe8 C:/ISIS/workspace_ycube/GlobusSatProject/..//hal/hcc/lib\libHCCD.a(safefat.o)
 .text._s_flush
                0x200167a0       0x84 C:/ISIS/workspace_ycube/GlobusSatProject/..//hal/hcc/lib\libHCCD.a(safefat.o)
 .text._s_allocnextcluster
                0x20016824      0x13c C:/ISIS/workspace_ycube/GlobusSatProject/..//hal/hcc/lib\libHCCD.a(safefat.o)
 .text._s_getnextsector
                0x20016960       0xdc C:/ISIS/workspace_ycube/GlobusSatProject/..//hal/hcc/lib\libHCCD.a(safefat.o)
 .text._s_seek  0x20016a3c      0x1e8 C:/ISIS/workspace_ycube/GlobusSatProject/..//hal/hcc/lib\libHCCD.a(safefat.o)
 .text._s_read  0x20016c24      0x228 C:/ISIS/workspace_ycube/GlobusSatProject/..//hal/hcc/lib\libHCCD.a(safefat.o)
 .text._s_write
                0x20016e4c      0x384 C:/ISIS/workspace_ycube/GlobusSatProject/..//hal/hcc/lib\libHCCD.a(safefat.o)
 .text._s_restoreclusters
                0x200171d0      0x270 C:/ISIS/workspace_ycube/GlobusSatProject/..//hal/hcc/lib\libHCCD.a(safefat.o)
                0x200171d0                _s_restoreclusters
 .text._s_findrestore
                0x20017440      0x18c C:/ISIS/workspace_ycube/GlobusSatProject/..//hal/hcc/lib\libHCCD.a(safefat.o)
 .text._s_cmd_writede
                0x200175cc       0xd8 C:/ISIS/workspace_ycube/GlobusSatProject/..//hal/hcc/lib\libHCCD.a(safefat.o)
 .text._s_cmd_setcluster
                0x200176a4       0x88 C:/ISIS/workspace_ycube/GlobusSatProject/..//hal/hcc/lib\libHCCD.a(safefat.o)
 .text._s_cmd_deletechain
                0x2001772c      0x100 C:/ISIS/workspace_ycube/GlobusSatProject/..//hal/hcc/lib\libHCCD.a(safefat.o)
 .text._s_cmd_validatecfn
                0x2001782c      0x308 C:/ISIS/workspace_ycube/GlobusSatProject/..//hal/hcc/lib\libHCCD.a(safefat.o)
 .text._s_cmd_seteof
                0x20017b34      0x3c4 C:/ISIS/workspace_ycube/GlobusSatProject/..//hal/hcc/lib\libHCCD.a(safefat.o)
 .text.safe_docommands
                0x20017ef8      0x56c C:/ISIS/workspace_ycube/GlobusSatProject/..//hal/hcc/lib\libHCCD.a(safefat.o)
                0x20017ef8                safe_docommands
 .text.safe_entercommand
                0x20018464       0x68 C:/ISIS/workspace_ycube/GlobusSatProject/..//hal/hcc/lib\libHCCD.a(safefat.o)
                0x20018464                safe_entercommand
 .text.safe_ready
                0x200184cc       0xf4 C:/ISIS/workspace_ycube/GlobusSatProject/..//hal/hcc/lib\libHCCD.a(safefat.o)
                0x200184cc                safe_ready
 .text.safe_copycfn
                0x200185c0       0xb8 C:/ISIS/workspace_ycube/GlobusSatProject/..//hal/hcc/lib\libHCCD.a(safefat.o)
                0x200185c0                safe_copycfn
 .text.safe_cfremove
                0x20018678       0xb8 C:/ISIS/workspace_ycube/GlobusSatProject/..//hal/hcc/lib\libHCCD.a(safefat.o)
                0x20018678                safe_cfremove
 .text.safe_writede
                0x20018730      0x104 C:/ISIS/workspace_ycube/GlobusSatProject/..//hal/hcc/lib\libHCCD.a(safefat.o)
                0x20018730                safe_writede
 .text.safe_setcluster
                0x20018834       0xcc C:/ISIS/workspace_ycube/GlobusSatProject/..//hal/hcc/lib\libHCCD.a(safefat.o)
                0x20018834                safe_setcluster
 .text.safe_deletechain
                0x20018900      0x1c8 C:/ISIS/workspace_ycube/GlobusSatProject/..//hal/hcc/lib\libHCCD.a(safefat.o)
                0x20018900                safe_deletechain
 .text.safe_cfclose
                0x20018ac8      0x104 C:/ISIS/workspace_ycube/GlobusSatProject/..//hal/hcc/lib\libHCCD.a(safefat.o)
                0x20018ac8                safe_cfclose
 .text.safe_cfflush
                0x20018bcc      0x124 C:/ISIS/workspace_ycube/GlobusSatProject/..//hal/hcc/lib\libHCCD.a(safefat.o)
                0x20018bcc                safe_cfflush
 .text.safe_reset
                0x20018cf0       0x78 C:/ISIS/workspace_ycube/GlobusSatProject/..//hal/hcc/lib\libHCCD.a(safefat.o)
                0x20018cf0                safe_reset
 .text.safe_loadcommands
                0x20018d68       0x78 C:/ISIS/workspace_ycube/GlobusSatProject/..//hal/hcc/lib\libHCCD.a(safefat.o)
                0x20018d68                safe_loadcommands
 .text.safe_poweron
                0x20018de0      0x1fc C:/ISIS/workspace_ycube/GlobusSatProject/..//hal/hcc/lib\libHCCD.a(safefat.o)
                0x20018de0                safe_poweron
 .text.cf_getname
                0x20018fdc       0xc0 C:/ISIS/workspace_ycube/GlobusSatProject/..//hal/hcc/lib\libHCCD.a(safefat.o)
 .text.cf_copyclusterchain
                0x2001909c      0x138 C:/ISIS/workspace_ycube/GlobusSatProject/..//hal/hcc/lib\libHCCD.a(safefat.o)
 .text.cf_seektozero
                0x200191d4       0x94 C:/ISIS/workspace_ycube/GlobusSatProject/..//hal/hcc/lib\libHCCD.a(safefat.o)
                0x200191d4                cf_seektozero
 .text.cf_create
                0x20019268      0x3a8 C:/ISIS/workspace_ycube/GlobusSatProject/..//hal/hcc/lib\libHCCD.a(safefat.o)
                0x20019268                cf_create
 .text.cf_copyclustercontent
                0x20019610      0x128 C:/ISIS/workspace_ycube/GlobusSatProject/..//hal/hcc/lib\libHCCD.a(safefat.o)
                0x20019610                cf_copyclustercontent
 .text.cf_copycfn
                0x20019738      0x4bc C:/ISIS/workspace_ycube/GlobusSatProject/..//hal/hcc/lib\libHCCD.a(safefat.o)
                0x20019738                cf_copycfn
 .text.cf_remove
                0x20019bf4      0x344 C:/ISIS/workspace_ycube/GlobusSatProject/..//hal/hcc/lib\libHCCD.a(safefat.o)
                0x20019bf4                cf_remove
 .text.cf_setclusternew
                0x20019f38       0xf0 C:/ISIS/workspace_ycube/GlobusSatProject/..//hal/hcc/lib\libHCCD.a(safefat.o)
                0x20019f38                cf_setclusternew
 .text.cf_flush
                0x2001a028       0x58 C:/ISIS/workspace_ycube/GlobusSatProject/..//hal/hcc/lib\libHCCD.a(safefat.o)
                0x2001a028                cf_flush
 .text.cf_getcluster
                0x2001a080      0x1b4 C:/ISIS/workspace_ycube/GlobusSatProject/..//hal/hcc/lib\libHCCD.a(safefat.o)
                0x2001a080                cf_getcluster
 .text.cf_setnextcluster
                0x2001a234      0x194 C:/ISIS/workspace_ycube/GlobusSatProject/..//hal/hcc/lib\libHCCD.a(safefat.o)
                0x2001a234                cf_setnextcluster
 .text.cf_getpositions
                0x2001a3c8       0xbc C:/ISIS/workspace_ycube/GlobusSatProject/..//hal/hcc/lib\libHCCD.a(safefat.o)
                0x2001a3c8                cf_getpositions
 .text.cf_setpositions
                0x2001a484       0xb0 C:/ISIS/workspace_ycube/GlobusSatProject/..//hal/hcc/lib\libHCCD.a(safefat.o)
                0x2001a484                cf_setpositions
 .text.cf_opensyncafile
                0x2001a534      0x150 C:/ISIS/workspace_ycube/GlobusSatProject/..//hal/hcc/lib\libHCCD.a(safefat.o)
                0x2001a534                cf_opensyncafile
 .text.cf_reloadcfo
                0x2001a684       0xd8 C:/ISIS/workspace_ycube/GlobusSatProject/..//hal/hcc/lib\libHCCD.a(safefat.o)
                0x2001a684                cf_reloadcfo
 .text.mcipdc_cmd
                0x2001a75c      0x22c C:/ISIS/workspace_ycube/GlobusSatProject/..//hal/hcc/lib\libHCCD.a(atmel_mcipdc.o)
 .text.mcipdc_stop
                0x2001a988       0xfc C:/ISIS/workspace_ycube/GlobusSatProject/..//hal/hcc/lib\libHCCD.a(atmel_mcipdc.o)
                0x2001a988                mcipdc_stop
 .text.mcipdc_read
                0x2001aa84      0x27c C:/ISIS/workspace_ycube/GlobusSatProject/..//hal/hcc/lib\libHCCD.a(atmel_mcipdc.o)
 .text.mcipdc_write
                0x2001ad00      0x298 C:/ISIS/workspace_ycube/GlobusSatProject/..//hal/hcc/lib\libHCCD.a(atmel_mcipdc.o)
 .text.mcipdc_readsector
                0x2001af98       0x9c C:/ISIS/workspace_ycube/GlobusSatProject/..//hal/hcc/lib\libHCCD.a(atmel_mcipdc.o)
                0x2001af98                mcipdc_readsector
 .text.mcipdc_readmultiplesector
                0x2001b034      0x124 C:/ISIS/workspace_ycube/GlobusSatProject/..//hal/hcc/lib\libHCCD.a(atmel_mcipdc.o)
                0x2001b034                mcipdc_readmultiplesector
 .text.mcipdc_writesector
                0x2001b158       0x90 C:/ISIS/workspace_ycube/GlobusSatProject/..//hal/hcc/lib\libHCCD.a(atmel_mcipdc.o)
                0x2001b158                mcipdc_writesector
 .text.mcipdc_writemultiplesector
                0x2001b1e8      0x120 C:/ISIS/workspace_ycube/GlobusSatProject/..//hal/hcc/lib\libHCCD.a(atmel_mcipdc.o)
                0x2001b1e8                mcipdc_writemultiplesector
 .text.mcipdc_set_speed
                0x2001b308       0xb0 C:/ISIS/workspace_ycube/GlobusSatProject/..//hal/hcc/lib\libHCCD.a(atmel_mcipdc.o)
 .text.mcipdc_get_speed
                0x2001b3b8       0x48 C:/ISIS/workspace_ycube/GlobusSatProject/..//hal/hcc/lib\libHCCD.a(atmel_mcipdc.o)
 .text._get_csd_bits
                0x2001b400      0x14c C:/ISIS/workspace_ycube/GlobusSatProject/..//hal/hcc/lib\libHCCD.a(atmel_mcipdc.o)
 .text.mcipdc_initcard
                0x2001b54c      0x8f4 C:/ISIS/workspace_ycube/GlobusSatProject/..//hal/hcc/lib\libHCCD.a(atmel_mcipdc.o)
 .text.mcipdc_getstatus
                0x2001be40       0xe8 C:/ISIS/workspace_ycube/GlobusSatProject/..//hal/hcc/lib\libHCCD.a(atmel_mcipdc.o)
 .text.mcipdc_getphy
                0x2001bf28       0x90 C:/ISIS/workspace_ycube/GlobusSatProject/..//hal/hcc/lib\libHCCD.a(atmel_mcipdc.o)
 .text.mcipdc_release
                0x2001bfb8       0x50 C:/ISIS/workspace_ycube/GlobusSatProject/..//hal/hcc/lib\libHCCD.a(atmel_mcipdc.o)
 .text.atmel_mcipdc_initfunc
                0x2001c008      0x160 C:/ISIS/workspace_ycube/GlobusSatProject/..//hal/hcc/lib\libHCCD.a(atmel_mcipdc.o)
                0x2001c008                atmel_mcipdc_initfunc
 .text.oal_mutex_create
                0x2001c168       0x54 C:/ISIS/workspace_ycube/GlobusSatProject/..//hal/hcc/lib\libHCCD.a(oalp_mutex.o)
                0x2001c168                oal_mutex_create
 .text.oal_mutex_delete
                0x2001c1bc       0x30 C:/ISIS/workspace_ycube/GlobusSatProject/..//hal/hcc/lib\libHCCD.a(oalp_mutex.o)
                0x2001c1bc                oal_mutex_delete
 .text.oal_mutex_get
                0x2001c1ec       0x58 C:/ISIS/workspace_ycube/GlobusSatProject/..//hal/hcc/lib\libHCCD.a(oalp_mutex.o)
                0x2001c1ec                oal_mutex_get
 .text.oal_mutex_put
                0x2001c244       0x58 C:/ISIS/workspace_ycube/GlobusSatProject/..//hal/hcc/lib\libHCCD.a(oalp_mutex.o)
                0x2001c244                oal_mutex_put
 .text.oal_task_get_id
                0x2001c29c       0x18 C:/ISIS/workspace_ycube/GlobusSatProject/..//hal/hcc/lib\libHCCD.a(oalp_task.o)
                0x2001c29c                oal_task_get_id
 .text.mcipdc_hw_init
                0x2001c2b4       0xe8 C:/ISIS/workspace_ycube/GlobusSatProject/..//hal/hcc/lib\libHCCD.a(atmel_mcipdc_hw.o)
                0x2001c2b4                mcipdc_hw_init
 .text.mcipdc_hw_delete
                0x2001c39c       0x78 C:/ISIS/workspace_ycube/GlobusSatProject/..//hal/hcc/lib\libHCCD.a(atmel_mcipdc_hw.o)
                0x2001c39c                mcipdc_hw_delete
 .text.mcipdc_hw_card_plugged
                0x2001c414       0x1c C:/ISIS/workspace_ycube/GlobusSatProject/..//hal/hcc/lib\libHCCD.a(atmel_mcipdc_hw.o)
                0x2001c414                mcipdc_hw_card_plugged
 .text.mcipdc_hw_card_writeprotect
                0x2001c430       0x1c C:/ISIS/workspace_ycube/GlobusSatProject/..//hal/hcc/lib\libHCCD.a(atmel_mcipdc_hw.o)
                0x2001c430                mcipdc_hw_card_writeprotect
 .text.psp_getcurrenttimedate
                0x2001c44c       0x8c C:/ISIS/workspace_ycube/GlobusSatProject/..//hal/hcc/lib\libHCCD.a(psp_rtc.o)
                0x2001c44c                psp_getcurrenttimedate
 .text._hcc_get_buf_dsc
                0x2001c4d8       0x8c C:/ISIS/workspace_ycube/GlobusSatProject/..//hal/hcc/lib\libHCCD.a(hcc_mem.o)
 .text._hcc_check_free_pages
                0x2001c564      0x18c C:/ISIS/workspace_ycube/GlobusSatProject/..//hal/hcc/lib\libHCCD.a(hcc_mem.o)
 .text._hcc_mark_pages
                0x2001c6f0      0x158 C:/ISIS/workspace_ycube/GlobusSatProject/..//hal/hcc/lib\libHCCD.a(hcc_mem.o)
 .text._hcc_clear_lock_dsc
                0x2001c848       0x80 C:/ISIS/workspace_ycube/GlobusSatProject/..//hal/hcc/lib\libHCCD.a(hcc_mem.o)
 .text._hcc_lock_access
                0x2001c8c8      0x128 C:/ISIS/workspace_ycube/GlobusSatProject/..//hal/hcc/lib\libHCCD.a(hcc_mem.o)
 .text._hcc_unlock_access
                0x2001c9f0       0x30 C:/ISIS/workspace_ycube/GlobusSatProject/..//hal/hcc/lib\libHCCD.a(hcc_mem.o)
 .text.hcc_mem_alloc
                0x2001ca20      0x454 C:/ISIS/workspace_ycube/GlobusSatProject/..//hal/hcc/lib\libHCCD.a(hcc_mem.o)
                0x2001ca20                hcc_mem_alloc
 .text.hcc_mem_free
                0x2001ce74      0x178 C:/ISIS/workspace_ycube/GlobusSatProject/..//hal/hcc/lib\libHCCD.a(hcc_mem.o)
                0x2001ce74                hcc_mem_free
 .text.hcc_mem_add
                0x2001cfec      0x3b0 C:/ISIS/workspace_ycube/GlobusSatProject/..//hal/hcc/lib\libHCCD.a(hcc_mem.o)
                0x2001cfec                hcc_mem_add
 .text.hcc_mem_init
                0x2001d39c      0x164 C:/ISIS/workspace_ycube/GlobusSatProject/..//hal/hcc/lib\libHCCD.a(hcc_mem.o)
                0x2001d39c                hcc_mem_init
 .text._f_invalidatedir
                0x2001d500       0x28 C:/ISIS/workspace_ycube/GlobusSatProject/..//hal/hcc/lib\libHCCD.a(fat.o)
                0x2001d500                _f_invalidatedir
 .text._f_getdirsector
                0x2001d528       0x88 C:/ISIS/workspace_ycube/GlobusSatProject/..//hal/hcc/lib\libHCCD.a(fat.o)
                0x2001d528                _f_getdirsector
 .text._f_writedirsector
                0x2001d5b0       0x74 C:/ISIS/workspace_ycube/GlobusSatProject/..//hal/hcc/lib\libHCCD.a(fat.o)
                0x2001d5b0                _f_writedirsector
 .text._f_checknameinv
                0x2001d624      0x180 C:/ISIS/workspace_ycube/GlobusSatProject/..//hal/hcc/lib\libHCCD.a(fat.o)
 .text._f_checkname
                0x2001d7a4       0x7c C:/ISIS/workspace_ycube/GlobusSatProject/..//hal/hcc/lib\libHCCD.a(fat.o)
 .text._f_checknamewc
                0x2001d820       0xf8 C:/ISIS/workspace_ycube/GlobusSatProject/..//hal/hcc/lib\libHCCD.a(fat.o)
 .text._f_setnameext
                0x2001d918      0x300 C:/ISIS/workspace_ycube/GlobusSatProject/..//hal/hcc/lib\libHCCD.a(fat.o)
 .text._f_setfsname
                0x2001dc18      0x584 C:/ISIS/workspace_ycube/GlobusSatProject/..//hal/hcc/lib\libHCCD.a(fat.o)
 .text._f_findfile
                0x2001e19c      0x30c C:/ISIS/workspace_ycube/GlobusSatProject/..//hal/hcc/lib\libHCCD.a(fat.o)
 .text._f_cmp_wname
                0x2001e4a8      0x274 C:/ISIS/workspace_ycube/GlobusSatProject/..//hal/hcc/lib\libHCCD.a(fat.o)
 .text._f_to_string
                0x2001e71c      0x130 C:/ISIS/workspace_ycube/GlobusSatProject/..//hal/hcc/lib\libHCCD.a(fat.o)
 .text._f_findfilewc
                0x2001e84c      0x278 C:/ISIS/workspace_ycube/GlobusSatProject/..//hal/hcc/lib\libHCCD.a(fat.o)
 .text._f_getfilename
                0x2001eac4      0x20c C:/ISIS/workspace_ycube/GlobusSatProject/..//hal/hcc/lib\libHCCD.a(fat.o)
 .text._f_findpath
                0x2001ecd0      0x35c C:/ISIS/workspace_ycube/GlobusSatProject/..//hal/hcc/lib\libHCCD.a(fat.o)
 .text.fn_getdcwd
                0x2001f02c      0x1e0 C:/ISIS/workspace_ycube/GlobusSatProject/..//hal/hcc/lib\libHCCD.a(fat.o)
                0x2001f02c                fn_getdcwd
 .text.fn_findfirst
                0x2001f20c      0x13c C:/ISIS/workspace_ycube/GlobusSatProject/..//hal/hcc/lib\libHCCD.a(fat.o)
                0x2001f20c                fn_findfirst
 .text.fn_findnext
                0x2001f348      0x360 C:/ISIS/workspace_ycube/GlobusSatProject/..//hal/hcc/lib\libHCCD.a(fat.o)
                0x2001f348                fn_findnext
 .text._f_lock_resfile
                0x2001f6a8       0x6c C:/ISIS/workspace_ycube/GlobusSatProject/..//hal/hcc/lib\libHCCD.a(fat.o)
 .text._f_unlock_resfile
                0x2001f714       0x40 C:/ISIS/workspace_ycube/GlobusSatProject/..//hal/hcc/lib\libHCCD.a(fat.o)
 .text._f_getintfile
                0x2001f754      0x124 C:/ISIS/workspace_ycube/GlobusSatProject/..//hal/hcc/lib\libHCCD.a(fat.o)
 .text._f_addentry
                0x2001f878      0x540 C:/ISIS/workspace_ycube/GlobusSatProject/..//hal/hcc/lib\libHCCD.a(fat.o)
 .text.fn_open_sub
                0x2001fdb8     0x1698 C:/ISIS/workspace_ycube/GlobusSatProject/..//hal/hcc/lib\libHCCD.a(fat.o)
 .text.fn_open  0x20021450       0x44 C:/ISIS/workspace_ycube/GlobusSatProject/..//hal/hcc/lib\libHCCD.a(fat.o)
                0x20021450                fn_open
 .text.fn_delete
                0x20021494      0x490 C:/ISIS/workspace_ycube/GlobusSatProject/..//hal/hcc/lib\libHCCD.a(fat.o)
                0x20021494                fn_delete
 .text.hcc_mem_buf_alloc
                0x20021924       0xe4 C:/ISIS/workspace_ycube/GlobusSatProject/..//hal/hcc/lib\libHCCD.a(psp_hcc_mem.o)
                0x20021924                hcc_mem_buf_alloc
 .text.makeAntStransfer
                0x20021a08       0x4c C:/ISIS/workspace_ycube/satellite-subsystems/satellite-subsystems/lib\libSatelliteSubsystemsD.a(IsisAntS.o)
 .text.checkInputsValid
                0x20021a54       0x7c C:/ISIS/workspace_ycube/satellite-subsystems/satellite-subsystems/lib\libSatelliteSubsystemsD.a(IsisAntS.o)
 .text.IsisAntS_initialize
                0x20021ad0      0x26c C:/ISIS/workspace_ycube/satellite-subsystems/satellite-subsystems/lib\libSatelliteSubsystemsD.a(IsisAntS.o)
                0x20021ad0                IsisAntS_initialize
 .text.IsisAntS_setArmStatus
                0x20021d3c      0x104 C:/ISIS/workspace_ycube/satellite-subsystems/satellite-subsystems/lib\libSatelliteSubsystemsD.a(IsisAntS.o)
                0x20021d3c                IsisAntS_setArmStatus
 .text.IsisAntS_getStatusData
                0x20021e40      0x120 C:/ISIS/workspace_ycube/satellite-subsystems/satellite-subsystems/lib\libSatelliteSubsystemsD.a(IsisAntS.o)
                0x20021e40                IsisAntS_getStatusData
 .text.IsisAntS_getUptime
                0x20021f60      0x120 C:/ISIS/workspace_ycube/satellite-subsystems/satellite-subsystems/lib\libSatelliteSubsystemsD.a(IsisAntS.o)
                0x20021f60                IsisAntS_getUptime
 .text.IsisAntS_getAlltelemetry
                0x20022080      0x120 C:/ISIS/workspace_ycube/satellite-subsystems/satellite-subsystems/lib\libSatelliteSubsystemsD.a(IsisAntS.o)
                0x20022080                IsisAntS_getAlltelemetry
 .text.IsisAntS_reset
                0x200221a0      0x104 C:/ISIS/workspace_ycube/satellite-subsystems/satellite-subsystems/lib\libSatelliteSubsystemsD.a(IsisAntS.o)
                0x200221a0                IsisAntS_reset
 .text.IsisAntS_cancelDeployment
                0x200222a4      0x104 C:/ISIS/workspace_ycube/satellite-subsystems/satellite-subsystems/lib\libSatelliteSubsystemsD.a(IsisAntS.o)
                0x200222a4                IsisAntS_cancelDeployment
 .text.IsisAntS_autoDeployment
                0x200223a8      0x114 C:/ISIS/workspace_ycube/satellite-subsystems/satellite-subsystems/lib\libSatelliteSubsystemsD.a(IsisAntS.o)
                0x200223a8                IsisAntS_autoDeployment
 .text.IsisSolarPanelv2_initialize
                0x200224bc       0xb4 C:/ISIS/workspace_ycube/satellite-subsystems/satellite-subsystems/lib\libSatelliteSubsystemsD.a(IsisSolarPanelv2.o)
                0x200224bc                IsisSolarPanelv2_initialize
 .text.IsisSolarPanelv2_getTemperature
                0x20022570       0xc8 C:/ISIS/workspace_ycube/satellite-subsystems/satellite-subsystems/lib\libSatelliteSubsystemsD.a(IsisSolarPanelv2.o)
                0x20022570                IsisSolarPanelv2_getTemperature
 .text.IsisSolarPanelv2_getState
                0x20022638       0x24 C:/ISIS/workspace_ycube/satellite-subsystems/satellite-subsystems/lib\libSatelliteSubsystemsD.a(IsisSolarPanelv2.o)
                0x20022638                IsisSolarPanelv2_getState
 .text._Reset   0x2002265c       0x20 C:/ISIS/workspace_ycube/satellite-subsystems/satellite-subsystems/lib\libSatelliteSubsystemsD.a(IsisSolarPanelv2.o)
 .text._WaitForStartup
                0x2002267c       0x90 C:/ISIS/workspace_ycube/satellite-subsystems/satellite-subsystems/lib\libSatelliteSubsystemsD.a(IsisSolarPanelv2.o)
 .text._AssignAllChannels
                0x2002270c       0x90 C:/ISIS/workspace_ycube/satellite-subsystems/satellite-subsystems/lib\libSatelliteSubsystemsD.a(IsisSolarPanelv2.o)
 .text._AssignThisChannel
                0x2002279c       0xe8 C:/ISIS/workspace_ycube/satellite-subsystems/satellite-subsystems/lib\libSatelliteSubsystemsD.a(IsisSolarPanelv2.o)
 .text._InitiateConversion
                0x20022884       0xac C:/ISIS/workspace_ycube/satellite-subsystems/satellite-subsystems/lib\libSatelliteSubsystemsD.a(IsisSolarPanelv2.o)
 .text._WaitForConversionComplete
                0x20022930      0x100 C:/ISIS/workspace_ycube/satellite-subsystems/satellite-subsystems/lib\libSatelliteSubsystemsD.a(IsisSolarPanelv2.o)
 .text._ReadResult
                0x20022a30      0x158 C:/ISIS/workspace_ycube/satellite-subsystems/satellite-subsystems/lib\libSatelliteSubsystemsD.a(IsisSolarPanelv2.o)
 .text._ExtractByte
                0x20022b88       0x38 C:/ISIS/workspace_ycube/satellite-subsystems/satellite-subsystems/lib\libSatelliteSubsystemsD.a(IsisSolarPanelv2.o)
 .text._ExtendSign
                0x20022bc0       0x6c C:/ISIS/workspace_ycube/satellite-subsystems/satellite-subsystems/lib\libSatelliteSubsystemsD.a(IsisSolarPanelv2.o)
 .text._PinsInit
                0x20022c2c       0x50 C:/ISIS/workspace_ycube/satellite-subsystems/satellite-subsystems/lib\libSatelliteSubsystemsD.a(IsisSolarPanelv2.o)
 .text._SpiWriteRead
                0x20022c7c       0x70 C:/ISIS/workspace_ycube/satellite-subsystems/satellite-subsystems/lib\libSatelliteSubsystemsD.a(IsisSolarPanelv2.o)
 .text.IsisTrxvu_initialize
                0x20022cec      0x2f4 C:/ISIS/workspace_ycube/satellite-subsystems/satellite-subsystems/lib\libSatelliteSubsystemsD.a(IsisTRXVU.o)
                0x20022cec                IsisTrxvu_initialize
 .text.makeTRXVUtransfer
                0x20022fe0       0x44 C:/ISIS/workspace_ycube/satellite-subsystems/satellite-subsystems/lib\libSatelliteSubsystemsD.a(IsisTRXVU.o)
 .text.IsisTrxvu_componentSoftReset
                0x20023024       0x6c C:/ISIS/workspace_ycube/satellite-subsystems/satellite-subsystems/lib\libSatelliteSubsystemsD.a(IsisTRXVU.o)
                0x20023024                IsisTrxvu_componentSoftReset
 .text.IsisTrxvu_componentHardReset
                0x20023090       0xc8 C:/ISIS/workspace_ycube/satellite-subsystems/satellite-subsystems/lib\libSatelliteSubsystemsD.a(IsisTRXVU.o)
                0x20023090                IsisTrxvu_componentHardReset
 .text.IsisTrxvu_softReset
                0x20023158       0x74 C:/ISIS/workspace_ycube/satellite-subsystems/satellite-subsystems/lib\libSatelliteSubsystemsD.a(IsisTRXVU.o)
                0x20023158                IsisTrxvu_softReset
 .text.IsisTrxvu_hardReset
                0x200231cc       0x74 C:/ISIS/workspace_ycube/satellite-subsystems/satellite-subsystems/lib\libSatelliteSubsystemsD.a(IsisTRXVU.o)
                0x200231cc                IsisTrxvu_hardReset
 .text.IsisTrxvu_tcSendAX25DefClSign
                0x20023240       0xec C:/ISIS/workspace_ycube/satellite-subsystems/satellite-subsystems/lib\libSatelliteSubsystemsD.a(IsisTRXVU.o)
                0x20023240                IsisTrxvu_tcSendAX25DefClSign
 .text.IsisTrxvu_tcSetIdlestate
                0x2002332c       0xa4 C:/ISIS/workspace_ycube/satellite-subsystems/satellite-subsystems/lib\libSatelliteSubsystemsD.a(IsisTRXVU.o)
                0x2002332c                IsisTrxvu_tcSetIdlestate
 .text.IsisTrxvu_tcSetAx25Bitrate
                0x200233d0       0xc4 C:/ISIS/workspace_ycube/satellite-subsystems/satellite-subsystems/lib\libSatelliteSubsystemsD.a(IsisTRXVU.o)
                0x200233d0                IsisTrxvu_tcSetAx25Bitrate
 .text.IsisTrxvu_tcGetUptime
                0x20023494       0xa0 C:/ISIS/workspace_ycube/satellite-subsystems/satellite-subsystems/lib\libSatelliteSubsystemsD.a(IsisTRXVU.o)
                0x20023494                IsisTrxvu_tcGetUptime
 .text.IsisTrxvu_tcGetState
                0x20023534       0xd0 C:/ISIS/workspace_ycube/satellite-subsystems/satellite-subsystems/lib\libSatelliteSubsystemsD.a(IsisTRXVU.o)
                0x20023534                IsisTrxvu_tcGetState
 .text.IsisTrxvu_tcGetTelemetryAll
                0x20023604       0xd0 C:/ISIS/workspace_ycube/satellite-subsystems/satellite-subsystems/lib\libSatelliteSubsystemsD.a(IsisTRXVU.o)
                0x20023604                IsisTrxvu_tcGetTelemetryAll
 .text.IsisTrxvu_rcGetFrameCount
                0x200236d4       0xa0 C:/ISIS/workspace_ycube/satellite-subsystems/satellite-subsystems/lib\libSatelliteSubsystemsD.a(IsisTRXVU.o)
                0x200236d4                IsisTrxvu_rcGetFrameCount
 .text.IsisTrxvu_rcGetCommandFrame
                0x20023774      0x2d8 C:/ISIS/workspace_ycube/satellite-subsystems/satellite-subsystems/lib\libSatelliteSubsystemsD.a(IsisTRXVU.o)
                0x20023774                IsisTrxvu_rcGetCommandFrame
 .text.IsisTrxvu_rcGetTelemetryAll
                0x20023a4c       0xd0 C:/ISIS/workspace_ycube/satellite-subsystems/satellite-subsystems/lib\libSatelliteSubsystemsD.a(IsisTRXVU.o)
                0x20023a4c                IsisTrxvu_rcGetTelemetryAll
 .text.IsisTrxvu_rcGetUptime
                0x20023b1c       0xa0 C:/ISIS/workspace_ycube/satellite-subsystems/satellite-subsystems/lib\libSatelliteSubsystemsD.a(IsisTRXVU.o)
                0x20023b1c                IsisTrxvu_rcGetUptime
 .text.ISIS_EPS_Init
                0x20023bbc       0xc8 C:/ISIS/workspace_ycube/satellite-subsystems/satellite-subsystems/lib\libSatelliteSubsystemsD.a(isis_eps_driver.o)
                0x20023bbc                ISIS_EPS_Init
 .text.isis_eps__reset__tmtc
                0x20023c84       0xe8 C:/ISIS/workspace_ycube/satellite-subsystems/satellite-subsystems/lib\libSatelliteSubsystemsD.a(isis_eps_driver.o)
                0x20023c84                isis_eps__reset__tmtc
 .text.isis_eps__watchdog__tm
                0x20023d6c       0xac C:/ISIS/workspace_ycube/satellite-subsystems/satellite-subsystems/lib\libSatelliteSubsystemsD.a(isis_eps_driver.o)
                0x20023d6c                isis_eps__watchdog__tm
 .text.isis_eps__getparameter__tmtc
                0x20023e18       0xe8 C:/ISIS/workspace_ycube/satellite-subsystems/satellite-subsystems/lib\libSatelliteSubsystemsD.a(isis_eps_driver.o)
                0x20023e18                isis_eps__getparameter__tmtc
 .text.isis_eps__setparameter__tmtc
                0x20023f00       0xe8 C:/ISIS/workspace_ycube/satellite-subsystems/satellite-subsystems/lib\libSatelliteSubsystemsD.a(isis_eps_driver.o)
                0x20023f00                isis_eps__setparameter__tmtc
 .text.isis_eps__gethousekeepingeng__tm
                0x20023fe8       0xac C:/ISIS/workspace_ycube/satellite-subsystems/satellite-subsystems/lib\libSatelliteSubsystemsD.a(isis_eps_driver.o)
                0x20023fe8                isis_eps__gethousekeepingeng__tm
 .text.isis_eps__gethousekeepingengincdb__tm
                0x20024094       0xac C:/ISIS/workspace_ycube/satellite-subsystems/satellite-subsystems/lib\libSatelliteSubsystemsD.a(isis_eps_driver.o)
                0x20024094                isis_eps__gethousekeepingengincdb__tm
 .text._I2C_Send
                0x20024140       0x78 C:/ISIS/workspace_ycube/satellite-subsystems/satellite-subsystems/lib\libSatelliteSubsystemsD.a(isis_eps_driver.o)
 .text.makeTRXCommonTransfer
                0x200241b8       0x34 C:/ISIS/workspace_ycube/satellite-subsystems/satellite-subsystems/lib\libSatelliteSubsystemsD.a(IsisTRXCommon.o)
 .text.IsisTrxCommon_componentReset
                0x200241ec       0x68 C:/ISIS/workspace_ycube/satellite-subsystems/satellite-subsystems/lib\libSatelliteSubsystemsD.a(IsisTRXCommon.o)
                0x200241ec                IsisTrxCommon_componentReset
 .text.IsisTrxCommon_TxSendAX25DefClSign
                0x20024254       0xf4 C:/ISIS/workspace_ycube/satellite-subsystems/satellite-subsystems/lib\libSatelliteSubsystemsD.a(IsisTRXCommon.o)
                0x20024254                IsisTrxCommon_TxSendAX25DefClSign
 .text.IsisTrxCommon_TxSetIdlestate
                0x20024348       0x78 C:/ISIS/workspace_ycube/satellite-subsystems/satellite-subsystems/lib\libSatelliteSubsystemsD.a(IsisTRXCommon.o)
                0x20024348                IsisTrxCommon_TxSetIdlestate
 .text.IsisTrxCommon_TxSetAx25Bitrate
                0x200243c0       0x78 C:/ISIS/workspace_ycube/satellite-subsystems/satellite-subsystems/lib\libSatelliteSubsystemsD.a(IsisTRXCommon.o)
                0x200243c0                IsisTrxCommon_TxSetAx25Bitrate
 .text.IsisTrxCommon_RxGetFrameCount
                0x20024438       0x8c C:/ISIS/workspace_ycube/satellite-subsystems/satellite-subsystems/lib\libSatelliteSubsystemsD.a(IsisTRXCommon.o)
                0x20024438                IsisTrxCommon_RxGetFrameCount
 .text.IsisTrxCommon_GetUptime
                0x200244c4       0x8c C:/ISIS/workspace_ycube/satellite-subsystems/satellite-subsystems/lib\libSatelliteSubsystemsD.a(IsisTRXCommon.o)
                0x200244c4                IsisTrxCommon_GetUptime
 .text.xQueueGenericReset
                0x20024550      0x150 C:/ISIS/workspace_ycube/GlobusSatProject/..//hal/freertos/lib\libFreeRTOSD.a(queue.o)
                0x20024550                xQueueGenericReset
 .text.xQueueGenericCreate
                0x200246a0      0x108 C:/ISIS/workspace_ycube/GlobusSatProject/..//hal/freertos/lib\libFreeRTOSD.a(queue.o)
                0x200246a0                xQueueGenericCreate
 .text.xQueueCreateMutex
                0x200247a8      0x11c C:/ISIS/workspace_ycube/GlobusSatProject/..//hal/freertos/lib\libFreeRTOSD.a(queue.o)
                0x200247a8                xQueueCreateMutex
 .text.xQueueGenericSend
                0x200248c4      0x298 C:/ISIS/workspace_ycube/GlobusSatProject/..//hal/freertos/lib\libFreeRTOSD.a(queue.o)
                0x200248c4                xQueueGenericSend
 .text.xQueueGenericSendFromISR
                0x20024b5c      0x1e0 C:/ISIS/workspace_ycube/GlobusSatProject/..//hal/freertos/lib\libFreeRTOSD.a(queue.o)
                0x20024b5c                xQueueGenericSendFromISR
 .text.xQueueGenericReceive
                0x20024d3c      0x2cc C:/ISIS/workspace_ycube/GlobusSatProject/..//hal/freertos/lib\libFreeRTOSD.a(queue.o)
                0x20024d3c                xQueueGenericReceive
 .text.uxQueueMessagesWaiting
                0x20025008       0x6c C:/ISIS/workspace_ycube/GlobusSatProject/..//hal/freertos/lib\libFreeRTOSD.a(queue.o)
                0x20025008                uxQueueMessagesWaiting
 .text.vQueueDelete
                0x20025074       0x78 C:/ISIS/workspace_ycube/GlobusSatProject/..//hal/freertos/lib\libFreeRTOSD.a(queue.o)
                0x20025074                vQueueDelete
 .text.prvCopyDataToQueue
                0x200250ec      0x190 C:/ISIS/workspace_ycube/GlobusSatProject/..//hal/freertos/lib\libFreeRTOSD.a(queue.o)
 .text.prvCopyDataFromQueue
                0x2002527c       0x90 C:/ISIS/workspace_ycube/GlobusSatProject/..//hal/freertos/lib\libFreeRTOSD.a(queue.o)
 .text.prvUnlockQueue
                0x2002530c      0x130 C:/ISIS/workspace_ycube/GlobusSatProject/..//hal/freertos/lib\libFreeRTOSD.a(queue.o)
 .text.prvIsQueueEmpty
                0x2002543c       0x4c C:/ISIS/workspace_ycube/GlobusSatProject/..//hal/freertos/lib\libFreeRTOSD.a(queue.o)
 .text.prvIsQueueFull
                0x20025488       0x54 C:/ISIS/workspace_ycube/GlobusSatProject/..//hal/freertos/lib\libFreeRTOSD.a(queue.o)
 .text.vQueueUnregisterQueue
                0x200254dc       0x80 C:/ISIS/workspace_ycube/GlobusSatProject/..//hal/freertos/lib\libFreeRTOSD.a(queue.o)
                0x200254dc                vQueueUnregisterQueue
 .text.vQueueWaitForMessageRestricted
                0x2002555c       0x90 C:/ISIS/workspace_ycube/GlobusSatProject/..//hal/freertos/lib\libFreeRTOSD.a(queue.o)
                0x2002555c                vQueueWaitForMessageRestricted
 .text.prvNotifyQueueSetContainer
                0x200255ec      0x108 C:/ISIS/workspace_ycube/GlobusSatProject/..//hal/freertos/lib\libFreeRTOSD.a(queue.o)
 .text.xTaskGenericCreate
                0x200256f4      0x2ac C:/ISIS/workspace_ycube/GlobusSatProject/..//hal/freertos/lib\libFreeRTOSD.a(tasks.o)
                0x200256f4                xTaskGenericCreate
 .text.vTaskDelete
                0x200259a0       0xe8 C:/ISIS/workspace_ycube/GlobusSatProject/..//hal/freertos/lib\libFreeRTOSD.a(tasks.o)
                0x200259a0                vTaskDelete
 .text.vTaskDelay
                0x20025a88       0x80 C:/ISIS/workspace_ycube/GlobusSatProject/..//hal/freertos/lib\libFreeRTOSD.a(tasks.o)
                0x20025a88                vTaskDelay
 .text.eTaskGetState
                0x20025b08       0xe4 C:/ISIS/workspace_ycube/GlobusSatProject/..//hal/freertos/lib\libFreeRTOSD.a(tasks.o)
                0x20025b08                eTaskGetState
 .text.vTaskStartScheduler
                0x20025bec      0x104 C:/ISIS/workspace_ycube/GlobusSatProject/..//hal/freertos/lib\libFreeRTOSD.a(tasks.o)
                0x20025bec                vTaskStartScheduler
 .text.vTaskSuspendAll
                0x20025cf0       0x2c C:/ISIS/workspace_ycube/GlobusSatProject/..//hal/freertos/lib\libFreeRTOSD.a(tasks.o)
                0x20025cf0                vTaskSuspendAll
 .text.xTaskResumeAll
                0x20025d1c      0x1f4 C:/ISIS/workspace_ycube/GlobusSatProject/..//hal/freertos/lib\libFreeRTOSD.a(tasks.o)
                0x20025d1c                xTaskResumeAll
 .text.xTaskGetTickCount
                0x20025f10       0x34 C:/ISIS/workspace_ycube/GlobusSatProject/..//hal/freertos/lib\libFreeRTOSD.a(tasks.o)
                0x20025f10                xTaskGetTickCount
 .text.xTaskIncrementTick
                0x20025f44      0x298 C:/ISIS/workspace_ycube/GlobusSatProject/..//hal/freertos/lib\libFreeRTOSD.a(tasks.o)
                0x20025f44                xTaskIncrementTick
 .text.vTaskSwitchContext
                0x200261dc      0x1a4 C:/ISIS/workspace_ycube/GlobusSatProject/..//hal/freertos/lib\libFreeRTOSD.a(tasks.o)
                0x200261dc                vTaskSwitchContext
 .text.vTaskPlaceOnEventList
                0x20026380       0xcc C:/ISIS/workspace_ycube/GlobusSatProject/..//hal/freertos/lib\libFreeRTOSD.a(tasks.o)
                0x20026380                vTaskPlaceOnEventList
 .text.vTaskPlaceOnEventListRestricted
                0x2002644c       0xa4 C:/ISIS/workspace_ycube/GlobusSatProject/..//hal/freertos/lib\libFreeRTOSD.a(tasks.o)
                0x2002644c                vTaskPlaceOnEventListRestricted
 .text.xTaskRemoveFromEventList
                0x200264f0      0x160 C:/ISIS/workspace_ycube/GlobusSatProject/..//hal/freertos/lib\libFreeRTOSD.a(tasks.o)
                0x200264f0                xTaskRemoveFromEventList
 .text.vTaskSetTimeOutState
                0x20026650       0x78 C:/ISIS/workspace_ycube/GlobusSatProject/..//hal/freertos/lib\libFreeRTOSD.a(tasks.o)
                0x20026650                vTaskSetTimeOutState
 .text.xTaskCheckForTimeOut
                0x200266c8      0x158 C:/ISIS/workspace_ycube/GlobusSatProject/..//hal/freertos/lib\libFreeRTOSD.a(tasks.o)
                0x200266c8                xTaskCheckForTimeOut
 .text.vTaskMissedYield
                0x20026820       0x24 C:/ISIS/workspace_ycube/GlobusSatProject/..//hal/freertos/lib\libFreeRTOSD.a(tasks.o)
                0x20026820                vTaskMissedYield
 .text.prvIdleTask
                0x20026844       0x20 C:/ISIS/workspace_ycube/GlobusSatProject/..//hal/freertos/lib\libFreeRTOSD.a(tasks.o)
 .text.prvInitialiseTCBVariables
                0x20026864      0x450 C:/ISIS/workspace_ycube/GlobusSatProject/..//hal/freertos/lib\libFreeRTOSD.a(tasks.o)
 .text.prvInitialiseTaskLists
                0x20026cb4       0xbc C:/ISIS/workspace_ycube/GlobusSatProject/..//hal/freertos/lib\libFreeRTOSD.a(tasks.o)
 .text.prvCheckTasksWaitingTermination
                0x20026d70       0xbc C:/ISIS/workspace_ycube/GlobusSatProject/..//hal/freertos/lib\libFreeRTOSD.a(tasks.o)
 .text.prvAddCurrentTaskToDelayedList
                0x20026e2c       0xb4 C:/ISIS/workspace_ycube/GlobusSatProject/..//hal/freertos/lib\libFreeRTOSD.a(tasks.o)
 .text.prvAllocateTCBAndStack
                0x20026ee0       0xb4 C:/ISIS/workspace_ycube/GlobusSatProject/..//hal/freertos/lib\libFreeRTOSD.a(tasks.o)
 .text.prvDeleteTCB
                0x20026f94       0x30 C:/ISIS/workspace_ycube/GlobusSatProject/..//hal/freertos/lib\libFreeRTOSD.a(tasks.o)
 .text.xTaskGetCurrentTaskHandle
                0x20026fc4       0x30 C:/ISIS/workspace_ycube/GlobusSatProject/..//hal/freertos/lib\libFreeRTOSD.a(tasks.o)
                0x20026fc4                xTaskGetCurrentTaskHandle
 .text.xTaskGetSchedulerState
                0x20026ff4       0x68 C:/ISIS/workspace_ycube/GlobusSatProject/..//hal/freertos/lib\libFreeRTOSD.a(tasks.o)
                0x20026ff4                xTaskGetSchedulerState
 .text.vTaskPriorityInherit
                0x2002705c      0x148 C:/ISIS/workspace_ycube/GlobusSatProject/..//hal/freertos/lib\libFreeRTOSD.a(tasks.o)
                0x2002705c                vTaskPriorityInherit
 .text.vTaskPriorityDisinherit
                0x200271a4       0xdc C:/ISIS/workspace_ycube/GlobusSatProject/..//hal/freertos/lib\libFreeRTOSD.a(tasks.o)
                0x200271a4                vTaskPriorityDisinherit
 .text.xTimerCreateTimerTask
                0x20027280       0xb0 C:/ISIS/workspace_ycube/GlobusSatProject/..//hal/freertos/lib\libFreeRTOSD.a(timers.o)
                0x20027280                xTimerCreateTimerTask
 .text.xTimerGenericCommand