Archive member included because of file (symbol)

C:/ISIS/workspace/ycube/GlobusSatProject/..//hal/hal/lib\libHALD.a(SPI.o)
                              ./src/InitSystem.o (SPI_start)
C:/ISIS/workspace/ycube/GlobusSatProject/..//hal/hal/lib\libHALD.a(I2C.o)
                              ./src/SubSystemModules/Payload/payload_drivers.o (I2C_write)
C:/ISIS/workspace/ycube/GlobusSatProject/..//hal/hal/lib\libHALD.a(ADC.o)
                              ./src/SubSystemModules/Housekepping/TelemetryCollector.o (ADC_ConvertRaw10bitToMillivolt)
C:/ISIS/workspace/ycube/GlobusSatProject/..//hal/hal/lib\libHALD.a(FRAM.o)
                              ./src/SubSystemModules/Communication/SubsystemCommands/Maintanence_Commands.o (FRAM_start)
C:/ISIS/workspace/ycube/GlobusSatProject/..//hal/hal/lib\libHALD.a(Time.o)
                              ./src/InitSystem.o (Time_start)
C:/ISIS/workspace/ycube/GlobusSatProject/..//hal/hal/lib\libHALD.a(WatchDogTimerNoOS.o)
                              ./src/main.o (WDT_start)
C:/ISIS/workspace/ycube/GlobusSatProject/..//hal/hal/lib\libHALD.a(RTT.o)
                              C:/ISIS/workspace/ycube/GlobusSatProject/..//hal/hal/lib\libHALD.a(Time.o) (RTT_start)
C:/ISIS/workspace/ycube/GlobusSatProject/..//hal/hal/lib\libHALD.a(RTC.o)
                              C:/ISIS/workspace/ycube/GlobusSatProject/..//hal/hal/lib\libHALD.a(Time.o) (RTC_getTime)
C:/ISIS/workspace/ycube/GlobusSatProject/..//hal/hal/lib\libHALD.a(WatchDogTimerOS.o)
                              ./src/TestingDemos/MainTest.o (WDT_startWatchdogKickTask)
C:/ISIS/workspace/ycube/GlobusSatProject/..//hal/hal/lib\libHALD.a(fprintf.o)
                              ./src/TLM_management.o (f_puts)
C:/ISIS/workspace/ycube/GlobusSatProject/..//hal/hal/lib\libHALD.a(util.o)
                              ./src/TestingDemos/CommandsTestingDemo.o (UTIL_DbguGetIntegerMinMax)
C:/ISIS/workspace/ycube/GlobusSatProject/..//hal/hal/lib\libHALD.a(LED.o)
                              C:/ISIS/workspace/ycube/GlobusSatProject/..//hal/hal/lib\libHALD.a(WatchDogTimerOS.o) (LED_toggle)
C:/ISIS/workspace/ycube/GlobusSatProject/..//hal/hcc/lib\libHCCD.a(fat_m.o)
                              ./src/TLM_management.o (fm_initvolume)
C:/ISIS/workspace/ycube/GlobusSatProject/..//hal/hcc/lib\libHCCD.a(fat.o)
                              C:/ISIS/workspace/ycube/GlobusSatProject/..//hal/hcc/lib\libHCCD.a(fat_m.o) (fn_getdcwd)
C:/ISIS/workspace/ycube/GlobusSatProject/..//hal/hcc/lib\libHCCD.a(fat_common.o)
                              C:/ISIS/workspace/ycube/GlobusSatProject/..//hal/hcc/lib\libHCCD.a(fat.o) (p_filesystem)
C:/ISIS/workspace/ycube/GlobusSatProject/..//hal/hcc/lib\libHCCD.a(safefat.o)
                              C:/ISIS/workspace/ycube/GlobusSatProject/..//hal/hcc/lib\libHCCD.a(fat.o) (s_subdir)
C:/ISIS/workspace/ycube/GlobusSatProject/..//hal/hcc/lib\libHCCD.a(atmel_mcipdc.o)
                              ./src/TLM_management.o (atmel_mcipdc_initfunc)
C:/ISIS/workspace/ycube/GlobusSatProject/..//hal/hcc/lib\libHCCD.a(oalp_task.o)
                              C:/ISIS/workspace/ycube/GlobusSatProject/..//hal/hcc/lib\libHCCD.a(fat_common.o) (oal_task_get_id)
C:/ISIS/workspace/ycube/GlobusSatProject/..//hal/hcc/lib\libHCCD.a(oalp_mutex.o)
                              C:/ISIS/workspace/ycube/GlobusSatProject/..//hal/hcc/lib\libHCCD.a(fat_common.o) (oal_mutex_create)
C:/ISIS/workspace/ycube/GlobusSatProject/..//hal/hcc/lib\libHCCD.a(atmel_mcipdc_hw.o)
                              C:/ISIS/workspace/ycube/GlobusSatProject/..//hal/hcc/lib\libHCCD.a(atmel_mcipdc.o) (mcipdc_hw_init)
C:/ISIS/workspace/ycube/GlobusSatProject/..//hal/hcc/lib\libHCCD.a(psp_rand.o)
                              C:/ISIS/workspace/ycube/GlobusSatProject/..//hal/hcc/lib\libHCCD.a(fat_common.o) (psp_getrand)
C:/ISIS/workspace/ycube/GlobusSatProject/..//hal/hcc/lib\libHCCD.a(psp_rtc.o)
                              C:/ISIS/workspace/ycube/GlobusSatProject/..//hal/hcc/lib\libHCCD.a(fat_common.o) (psp_getcurrenttimedate)
C:/ISIS/workspace/ycube/GlobusSatProject/..//hal/hcc/lib\libHCCD.a(hcc_mem.o)
                              C:/ISIS/workspace/ycube/GlobusSatProject/..//hal/hcc/lib\libHCCD.a(atmel_mcipdc.o) (hcc_mem_alloc)
C:/ISIS/workspace/ycube/GlobusSatProject/..//hal/hcc/lib\libHCCD.a(psp_hcc_mem.o)
                              C:/ISIS/workspace/ycube/GlobusSatProject/..//hal/hcc/lib\libHCCD.a(hcc_mem.o) (hcc_mem_buf_alloc)
C:/ISIS/workspace/ycube/GlobusSatProject/..//satellite-subsystems/satellite-subsystems/lib\libSatelliteSubsystemsD.a(IsisSolarPanelv2.o)
                              ./src/SubSystemModules/PowerManagment/EPS.o (IsisSolarPanelv2_initialize)
C:/ISIS/workspace/ycube/GlobusSatProject/..//satellite-subsystems/satellite-subsystems/lib\libSatelliteSubsystemsD.a(isis_ants_rev2.o)
                              ./src/SubSystemModules/Communication/TRXVU.o (ISIS_ANTS_REV2_Init)
[...]
Memory Configuration

Name             Origin             Length             Attributes
sram0            0x00200000         0x00004000         w !xr
sram1            0x00300000         0x00004000         w !xr
sdram            0x20000000         0x02000000         w !xr
*default*        0x00000000         0xffffffff

Linker script and memory map

LOAD c:/isis/application/toolchain/bin/../lib/gcc/arm-none-eabi/4.7.4/../../../../arm-none-eabi/lib\libc.a
LOAD ./src/TestingDemos/CommandsTestingDemo.o
LOAD ./src/TestingDemos/EpsTestingDemo.o
LOAD ./src/TestingDemos/FileSystemTestingDemo.o
LOAD ./src/TestingDemos/MainTest.o
LOAD ./src/TestingDemos/MaintenanceTestingDemo.o
LOAD ./src/TestingDemos/TelemetryTestingDemo.o
LOAD ./src/TestingDemos/TrxvuTestingDemo.o
LOAD ./src/SubSystemModules/PowerManagment/EPS.o
LOAD ./src/SubSystemModules/PowerManagment/EPSOperationModes.o
LOAD ./src/SubSystemModules/Payload/payload_drivers.o
LOAD ./src/SubSystemModules/Maintenance/Maintenance.o
LOAD ./src/SubSystemModules/Housekepping/NamesLogic.o
LOAD ./src/SubSystemModules/Housekepping/RAMTelemetry.o
LOAD ./src/SubSystemModules/Housekepping/TelemetryCollector.o
LOAD ./src/SubSystemModules/Communication/SubsystemCommands/EPS_Commands.o
LOAD ./src/SubSystemModules/Communication/SubsystemCommands/FS_Commands.o
LOAD ./src/SubSystemModules/Communication/SubsystemCommands/Maintanence_Commands.o
LOAD ./src/SubSystemModules/Communication/SubsystemCommands/TRXVU_Commands.o
LOAD ./src/SubSystemModules/Communication/AckHandler.o
LOAD ./src/SubSystemModules/Communication/CommandDictionary.o
LOAD ./src/SubSystemModules/Communication/HashSecuredCMD.o
LOAD ./src/SubSystemModules/Communication/SatCommandHandler.o
LOAD ./src/SubSystemModules/Communication/TRXVU.o
LOAD ./src/InitSystem.o
LOAD ./src/TLM_management.o
LOAD ./src/main.o
LOAD ./src/utils.o
LOAD C:/ISIS/workspace/ycube/GlobusSatProject/..//hal/hal/lib\libHALD.a
LOAD C:/ISIS/workspace/ycube/GlobusSatProject/..//hal/hcc/lib\libHCCD.a
LOAD C:/ISIS/workspace/ycube/GlobusSatProject/..//satellite-subsystems/satellite-subsystems/lib\libSatelliteSubsystemsD.a
LOAD C:/ISIS/workspace/ycube/GlobusSatProject/..//hal/freertos/lib\libFreeRTOSD.a
LOAD C:/ISIS/workspace/ycube/GlobusSatProject/..//hal/at91/lib\libAt91D.a
START GROUP
LOAD c:/isis/application/toolchain/bin/../lib/gcc/arm-none-eabi/4.7.4\libgcc.a
LOAD c:/isis/application/toolchain/bin/../lib/gcc/arm-none-eabi/4.7.4/../../../../arm-none-eabi/lib\libg.a
LOAD c:/isis/application/toolchain/bin/../lib/gcc/arm-none-eabi/4.7.4/../../../../arm-none-eabi/lib\libc.a
END GROUP

.fixed          0x20000000    0x40680
                0x20000000                . = ALIGN (0x4)
                0x20000000                _sfixed = .
 *(.startup)
 .startup       0x20000000      0x184 C:/ISIS/workspace/ycube/GlobusSatProject/..//hal/at91/lib\libAt91D.a(board_cstartup.o)
                0x20000000                entry
 *(.text)
 .text          0x20000184       0x64 C:/ISIS/workspace/ycube/GlobusSatProject/..//hal/at91/lib\libAt91D.a(cp15_asm.o)
                0x20000184                _readControlRegister
                0x20000190                _writeControlRegister
                0x20000198                _waitForInterrupt
                0x200001a4                _writeTTB
                0x200001ac                _writeDomain
                0x200001b4                _writeITLBLockdown
                0x200001bc                _prefetchICacheLine
                0x200001c4                _flushDCache
                0x200001d0                _flushWriteBuffer
                0x200001dc                _invalidateIDTLBs
 .text          0x200001e8      0x114 c:/isis/application/toolchain/bin/../lib/gcc/arm-none-eabi/4.7.4\libgcc.a(_udivsi3.o)
                0x200001e8                __aeabi_uidiv
                0x200001e8                __udivsi3
                0x200002dc                __aeabi_uidivmod
 .text          0x200002fc      0x148 c:/isis/application/toolchain/bin/../lib/gcc/arm-none-eabi/4.7.4\libgcc.a(_divsi3.o)
                0x200002fc                __divsi3
                0x200002fc                __aeabi_idiv
                0x20000424                __aeabi_idivmod
 .text          0x20000444        0x4 c:/isis/application/toolchain/bin/../lib/gcc/arm-none-eabi/4.7.4\libgcc.a(_dvmd_tls.o)
                0x20000444                __aeabi_idiv0
                0x20000444                __aeabi_ldiv0
 .text          0x20000448      0x41c c:/isis/application/toolchain/bin/../lib/gcc/arm-none-eabi/4.7.4\libgcc.a(_arm_addsubdf3.o)
                0x20000448                __aeabi_drsub
                0x20000450                __aeabi_dsub
                0x20000450                __subdf3
                0x20000454                __aeabi_dadd
                0x20000454                __adddf3
                0x20000764                __floatunsidf
                0x20000764                __aeabi_ui2d
                0x20000788                __floatsidf
                0x20000788                __aeabi_i2d
                0x200007b0                __aeabi_f2d
                0x200007b0                __extendsfdf2
                0x200007f0                __floatundidf
                0x200007f0                __aeabi_ul2d
                0x20000804                __floatdidf
                0x20000804                __aeabi_l2d
 .text          0x20000864      0x49c c:/isis/application/toolchain/bin/../lib/gcc/arm-none-eabi/4.7.4\libgcc.a(_arm_muldivdf3.o)
                0x20000864                __aeabi_dmul
                0x20000864                __muldf3
                0x20000af4                __divdf3
                0x20000af4                __aeabi_ddiv
 .text          0x20000d00      0x2ac c:/isis/application/toolchain/bin/../lib/gcc/arm-none-eabi/4.7.4\libgcc.a(_arm_addsubsf3.o)
                0x20000d00                __aeabi_frsub
                0x20000d08                __subsf3
                0x20000d08                __aeabi_fsub
                0x20000d0c                __aeabi_fadd
                0x20000d0c                __addsf3
                0x20000ec8                __aeabi_ui2f
                0x20000ec8                __floatunsisf
                0x20000ed0                __aeabi_i2f
                0x20000ed0                __floatsisf
                0x20000ef0                __aeabi_ul2f
                0x20000ef0                __floatundisf
                0x20000f00                __aeabi_l2f
                0x20000f00                __floatdisf
 .text          0x20000fac      0x2f8 c:/isis/application/toolchain/bin/../lib/gcc/arm-none-eabi/4.7.4\libgcc.a(_arm_muldivsf3.o)
                0x20000fac                __mulsf3
                0x20000fac                __aeabi_fmul
                0x20001144                __aeabi_fdiv
                0x20001144                __divsf3
 .text          0x200012a4      0x114 c:/isis/application/toolchain/bin/../lib/gcc/arm-none-eabi/4.7.4\libgcc.a(_arm_cmpsf2.o)
                0x200012a4                __gesf2
                0x200012a4                __gtsf2
                0x200012ac                __lesf2
                0x200012ac                __ltsf2
                0x200012b4                __nesf2
                0x200012b4                __eqsf2
                0x200012b4                __cmpsf2
                0x20001318                __aeabi_cfrcmple
                0x20001328                __aeabi_cfcmpeq
                0x20001328                __aeabi_cfcmple
                0x20001340                __aeabi_fcmpeq
                0x20001358                __aeabi_fcmplt
                0x20001370                __aeabi_fcmple
                0x20001388                __aeabi_fcmpge
                0x200013a0                __aeabi_fcmpgt
 .text          0x200013b8       0x54 c:/isis/application/toolchain/bin/../lib/gcc/arm-none-eabi/4.7.4\libgcc.a(_arm_fixunssfsi.o)
                0x200013b8                __fixunssfsi
                0x200013b8                __aeabi_f2uiz
 .text          0x2000140c      0x144 c:/isis/application/toolchain/bin/../lib/gcc/arm-none-eabi/4.7.4\libgcc.a(_arm_cmpdf2.o)
                0x2000140c                __gtdf2
                0x2000140c                __gedf2
                0x20001414                __ltdf2
                0x20001414                __ledf2
                0x2000141c                __nedf2
                0x2000141c                __eqdf2
                0x2000141c                __cmpdf2
                0x200014a4                __aeabi_cdrcmple
                0x200014c0                __aeabi_cdcmpeq
                0x200014c0                __aeabi_cdcmple
                0x200014d8                __aeabi_dcmpeq
                0x200014f0                __aeabi_dcmplt
                0x20001508                __aeabi_dcmple
                0x20001520                __aeabi_dcmpge
                0x20001538                __aeabi_dcmpgt
 .text          0x20001550       0x5c c:/isis/application/toolchain/bin/../lib/gcc/arm-none-eabi/4.7.4\libgcc.a(_arm_fixdfsi.o)
                0x20001550                __aeabi_d2iz
                0x20001550                __fixdfsi
 .text          0x200015ac       0x3c c:/isis/application/toolchain/bin/../lib/gcc/arm-none-eabi/4.7.4\libgcc.a(_aeabi_uldivmod.o)
                0x200015ac                __aeabi_uldivmod
 .text          0x200015e8       0x84 c:/isis/application/toolchain/bin/../lib/gcc/arm-none-eabi/4.7.4\libgcc.a(bpabi.o)
                0x200015e8                __gnu_ldivmod_helper
                0x2000162c                __gnu_uldivmod_helper
 .text          0x2000166c      0x4f0 c:/isis/application/toolchain/bin/../lib/gcc/arm-none-eabi/4.7.4\libgcc.a(_divdi3.o)
                0x2000166c                __divdi3
 .text          0x20001b5c      0x488 c:/isis/application/toolchain/bin/../lib/gcc/arm-none-eabi/4.7.4\libgcc.a(_udivdi3.o)
                0x20001b5c                __udivdi3
 .text          0x20001fe4       0x48 c:/isis/application/toolchain/bin/../lib/gcc/arm-none-eabi/4.7.4\libgcc.a(_clzsi2.o)
                0x20001fe4                __clzsi2
 *(.text*)
 .text.GetBatteryVoltage
                0x2000202c       0x44 ./src/SubSystemModules/PowerManagment/EPS.o
                0x2000202c                GetBatteryVoltage
 .text.EPS_Init
                0x20002070      0x13c ./src/SubSystemModules/PowerManagment/EPS.o
                0x20002070                EPS_Init
 .text.EPS_Conditioning
                0x200021ac      0x1c4 ./src/SubSystemModules/PowerManagment/EPS.o
                0x200021ac                EPS_Conditioning
 .text.UpdateAlpha
                0x20002370       0xd8 ./src/SubSystemModules/PowerManagment/EPS.o
                0x20002370                UpdateAlpha
 .text.GetThresholdVoltages
                0x20002448       0x80 ./src/SubSystemModules/PowerManagment/EPS.o
                0x20002448                GetThresholdVoltages
 .text.GetAlpha
                0x200024c8       0x7c ./src/SubSystemModules/PowerManagment/EPS.o
                0x200024c8                GetAlpha
 .text.CMDGetHeaterValues
                0x20002544      0x1f8 ./src/SubSystemModules/PowerManagment/EPS.o
                0x20002544                CMDGetHeaterValues
 .text.CMDSetHeaterValues
                0x2000273c      0x204 ./src/SubSystemModules/PowerManagment/EPS.o
                0x2000273c                CMDSetHeaterValues
 .text.EnterFullMode
                0x20002940       0x50 ./src/SubSystemModules/PowerManagment/EPSOperationModes.o
                0x20002940                EnterFullMode
 .text.EnterCruiseMode
                0x20002990       0x4c ./src/SubSystemModules/PowerManagment/EPSOperationModes.o
                0x20002990                EnterCruiseMode
 .text.EnterSafeMode
                0x200029dc       0x50 ./src/SubSystemModules/PowerManagment/EPSOperationModes.o
                0x200029dc                EnterSafeMode
 .text.EnterCriticalMode
                0x20002a2c       0x50 ./src/SubSystemModules/PowerManagment/EPSOperationModes.o
                0x20002a2c                EnterCriticalMode
 .text.PayloadOperations
                0x20002a7c      0x1a4 ./src/SubSystemModules/PowerManagment/EPSOperationModes.o
                0x20002a7c                PayloadOperations
 .text.Payload_Safety
                0x20002c20       0xb0 ./src/SubSystemModules/PowerManagment/EPSOperationModes.o
                0x20002c20                Payload_Safety
 .text.Payload_Safety_IN_Maintenance
                0x20002cd0       0x60 ./src/SubSystemModules/PowerManagment/EPSOperationModes.o
                0x20002cd0                Payload_Safety_IN_Maintenance
 .text.DoesPayloadChannelOn
                0x20002d30       0xa4 ./src/SubSystemModules/PowerManagment/EPSOperationModes.o
                0x20002d30                DoesPayloadChannelOn
 .text.EpsGetLowVoltageFlag
                0x20002dd4       0x24 ./src/SubSystemModules/PowerManagment/EPSOperationModes.o
                0x20002dd4                EpsGetLowVoltageFlag
 .text.EpsSetLowVoltageFlag
                0x20002df8       0x2c ./src/SubSystemModules/PowerManagment/EPSOperationModes.o
                0x20002df8                EpsSetLowVoltageFlag
 .text.payloadRead
                0x20002e24       0xbc ./src/SubSystemModules/Payload/payload_drivers.o
                0x20002e24                payloadRead
 .text.payloadSendCommand
                0x20002ee0       0x70 ./src/SubSystemModules/Payload/payload_drivers.o
                0x20002ee0                payloadSendCommand
 .text.payloadReadEnvironment
                0x20002f50      0x2d0 ./src/SubSystemModules/Payload/payload_drivers.o
                0x20002f50                payloadReadEnvironment
 .text.payloadReadEvents
                0x20003220      0x1e8 ./src/SubSystemModules/Payload/payload_drivers.o
                0x20003220                payloadReadEvents
 .text.CheckExecutionTime
                0x20003408       0x80 ./src/SubSystemModules/Maintenance/Maintenance.o
                0x20003408                CheckExecutionTime
 .text.SaveSatTimeInFRAM
                0x20003488       0x44 ./src/SubSystemModules/Maintenance/Maintenance.o
                0x20003488                SaveSatTimeInFRAM
 .text.WakeupFromResetCMD
                0x200034cc      0x120 ./src/SubSystemModules/Maintenance/Maintenance.o
                0x200034cc                WakeupFromResetCMD
 .text.ResetGroundCommWDT
                0x200035ec       0x1c ./src/SubSystemModules/Maintenance/Maintenance.o
                0x200035ec                ResetGroundCommWDT
 .text.IsGroundCommunicationWDTKick
                0x20003608       0x78 ./src/SubSystemModules/Maintenance/Maintenance.o
                0x20003608                IsGroundCommunicationWDTKick
 .text.GetGsWdtKickTime
                0x20003680       0x38 ./src/SubSystemModules/Maintenance/Maintenance.o
                0x20003680                GetGsWdtKickTime
 .text.findMinMaxDate
                0x200036b8       0xdc ./src/SubSystemModules/Maintenance/Maintenance.o
                0x200036b8                findMinMaxDate
 .text.DeleteOldFiels
                0x20003794       0xf0 ./src/SubSystemModules/Maintenance/Maintenance.o
                0x20003794                DeleteOldFiels
 .text.CheckDeployAnt
                0x20003884       0x84 ./src/SubSystemModules/Maintenance/Maintenance.o
                0x20003884                CheckDeployAnt
 .text.HardResetMCU
                0x20003908       0x3c ./src/SubSystemModules/Maintenance/Maintenance.o
                0x20003908                HardResetMCU
 .text.Maintenance
                0x20003944       0xcc ./src/SubSystemModules/Maintenance/Maintenance.o
                0x20003944                Maintenance
 .text.GetRandomName
                0x20003a10       0x80 ./src/SubSystemModules/Housekepping/NamesLogic.o
                0x20003a10                GetRandomName
 .text.ResetRamTlm
                0x20003a90       0xe4 ./src/SubSystemModules/Housekepping/RAMTelemetry.o
                0x20003a90                ResetRamTlm
 .text.inc      0x20003b74       0x4c ./src/SubSystemModules/Housekepping/RAMTelemetry.o
                0x20003b74                inc
 .text.dec      0x20003bc0       0x48 ./src/SubSystemModules/Housekepping/RAMTelemetry.o
                0x20003bc0                dec
 .text.saveTlmToRam
                0x20003c08      0x28c ./src/SubSystemModules/Housekepping/RAMTelemetry.o
                0x20003c08                saveTlmToRam
 .text.getTlm   0x20003e94      0x350 ./src/SubSystemModules/Housekepping/RAMTelemetry.o
                0x20003e94                getTlm
 .text.getRange
                0x200041e4      0x1dc ./src/SubSystemModules/Housekepping/RAMTelemetry.o
                0x200041e4                getRange
 .text.InitSavePeriodTimes
                0x200043c0       0xa4 ./src/SubSystemModules/Housekepping/TelemetryCollector.o
                0x200043c0                InitSavePeriodTimes
 .text.CMD_GetTLMPeriodTimes
                0x20004464       0x38 ./src/SubSystemModules/Housekepping/TelemetryCollector.o
                0x20004464                CMD_GetTLMPeriodTimes
 .text.CMD_SetTLMPeriodTimes
                0x2000449c      0x1dc ./src/SubSystemModules/Housekepping/TelemetryCollector.o
                0x2000449c                CMD_SetTLMPeriodTimes
 .text.TelemetryCollectorLogic
                0x20004678      0x208 ./src/SubSystemModules/Housekepping/TelemetryCollector.o
                0x20004678                TelemetryCollectorLogic
 .text.TelemetrySaveEPS
                0x20004880       0x54 ./src/SubSystemModules/Housekepping/TelemetryCollector.o
                0x20004880                TelemetrySaveEPS
 .text.TelemetrySaveTRXVU
                0x200048d4       0x94 ./src/SubSystemModules/Housekepping/TelemetryCollector.o
                0x200048d4                TelemetrySaveTRXVU
 .text.TelemetrySaveWOD
                0x20004968       0x5c ./src/SubSystemModules/Housekepping/TelemetryCollector.o
                0x20004968                TelemetrySaveWOD
 .text.TelemetrySaveRADFET
                0x200049c4       0xd4 ./src/SubSystemModules/Housekepping/TelemetryCollector.o
                0x200049c4                TelemetrySaveRADFET
 .text.TelemetrySavePayloadEvents
                0x20004a98       0xf0 ./src/SubSystemModules/Housekepping/TelemetryCollector.o
                0x20004a98                TelemetrySavePayloadEvents
 .text.GetCurrentWODTelemetry
                0x20004b88      0x808 ./src/SubSystemModules/Housekepping/TelemetryCollector.o
                0x20004b88                GetCurrentWODTelemetry
 .text.CMD_EPS_ResetWDT
                0x20005390       0x58 ./src/SubSystemModules/Communication/SubsystemCommands/EPS_Commands.o
                0x20005390                CMD_EPS_ResetWDT
 .text.CMD_Change_Payload_State_INFRAM
                0x200053e8       0x8c ./src/SubSystemModules/Communication/SubsystemCommands/EPS_Commands.o
                0x200053e8                CMD_Change_Payload_State_INFRAM
 .text.CMD_Payload_Operations
                0x20005474       0xa8 ./src/SubSystemModules/Communication/SubsystemCommands/EPS_Commands.o
                0x20005474                CMD_Payload_Operations
 .text.CMD_DeleteTLM
                0x2000551c      0x1a0 ./src/SubSystemModules/Communication/SubsystemCommands/FS_Commands.o
                0x2000551c                CMD_DeleteTLM
 .text.CMD_DeleteAllFiles
                0x200056bc       0x38 ./src/SubSystemModules/Communication/SubsystemCommands/FS_Commands.o
                0x200056bc                CMD_DeleteAllFiles
 .text.CMD_GetLastFS_Error
                0x200056f4       0x4c ./src/SubSystemModules/Communication/SubsystemCommands/FS_Commands.o
                0x200056f4                CMD_GetLastFS_Error
 .text.CMD_Get_TLM_Info
                0x20005740      0x1ac ./src/SubSystemModules/Communication/SubsystemCommands/FS_Commands.o
                0x20005740                CMD_Get_TLM_Info
 .text.CMD_Switch_SD_Card
                0x200058ec       0xcc ./src/SubSystemModules/Communication/SubsystemCommands/FS_Commands.o
                0x200058ec                CMD_Switch_SD_Card
 .text.CMD_Format_SD_Card
                0x200059b8       0xa4 ./src/SubSystemModules/Communication/SubsystemCommands/FS_Commands.o
                0x200059b8                CMD_Format_SD_Card
 .text.CMD_GenericI2C
                0x20005a5c      0x144 ./src/SubSystemModules/Communication/SubsystemCommands/Maintanence_Commands.o
                0x20005a5c                CMD_GenericI2C
 .text.CMD_FRAM_ReadAndTransmitt
                0x20005ba0       0xe8 ./src/SubSystemModules/Communication/SubsystemCommands/Maintanence_Commands.o
                0x20005ba0                CMD_FRAM_ReadAndTransmitt
 .text.CMD_FRAM_WriteAndTransmitt
                0x20005c88       0xfc ./src/SubSystemModules/Communication/SubsystemCommands/Maintanence_Commands.o
                0x20005c88                CMD_FRAM_WriteAndTransmitt
 .text.CMD_FRAM_ReStart
                0x20005d84       0x4c ./src/SubSystemModules/Communication/SubsystemCommands/Maintanence_Commands.o
                0x20005d84                CMD_FRAM_ReStart
 .text.CMD_UpdateSatTime
                0x20005dd0       0xa4 ./src/SubSystemModules/Communication/SubsystemCommands/Maintanence_Commands.o
                0x20005dd0                CMD_UpdateSatTime
 .text.CMD_GetDevInfo
                0x20005e74       0x5c ./src/SubSystemModules/Communication/SubsystemCommands/Maintanence_Commands.o
                0x20005e74                CMD_GetDevInfo
 .text.CMD_GetSatUptime
                0x20005ed0       0x48 ./src/SubSystemModules/Communication/SubsystemCommands/Maintanence_Commands.o
                0x20005ed0                CMD_GetSatUptime
 .text.CMD_ResetComponent
                0x20005f18      0x274 ./src/SubSystemModules/Communication/SubsystemCommands/Maintanence_Commands.o
                0x20005f18                CMD_ResetComponent
 .text.DumpTask
                0x2000618c      0x310 ./src/SubSystemModules/Communication/SubsystemCommands/TRXVU_Commands.o
                0x2000618c                DumpTask
 .text.DumpRamTask
                0x2000649c      0x104 ./src/SubSystemModules/Communication/SubsystemCommands/TRXVU_Commands.o
                0x2000649c                DumpRamTask
 .text.CMD_AntennaDeploy
                0x200065a0       0x8c ./src/SubSystemModules/Communication/SubsystemCommands/TRXVU_Commands.o
                0x200065a0                CMD_AntennaDeploy
 .text.CMD_StartDump
                0x2000662c      0x200 ./src/SubSystemModules/Communication/SubsystemCommands/TRXVU_Commands.o
                0x2000662c                CMD_StartDump
 .text.CMD_SendDumpAbortRequest
                0x2000682c       0x38 ./src/SubSystemModules/Communication/SubsystemCommands/TRXVU_Commands.o
                0x2000682c                CMD_SendDumpAbortRequest
 .text.CMD_SetTransponder
                0x20006864      0x110 ./src/SubSystemModules/Communication/SubsystemCommands/TRXVU_Commands.o
                0x20006864                CMD_SetTransponder
 .text.CMD_SetRSSITransponder
                0x20006974       0x90 ./src/SubSystemModules/Communication/SubsystemCommands/TRXVU_Commands.o
                0x20006974                CMD_SetRSSITransponder
 .text.CMD_MuteTRXVU
                0x20006a04       0xc4 ./src/SubSystemModules/Communication/SubsystemCommands/TRXVU_Commands.o
                0x20006a04                CMD_MuteTRXVU
 .text.CMD_SetIdleState
                0x20006ac8       0x94 ./src/SubSystemModules/Communication/SubsystemCommands/TRXVU_Commands.o
                0x20006ac8                CMD_SetIdleState
 .text.CMD_UnMuteTRXVU
                0x20006b5c       0x38 ./src/SubSystemModules/Communication/SubsystemCommands/TRXVU_Commands.o
                0x20006b5c                CMD_UnMuteTRXVU
 .text.CMD_GetBaudRate
                0x20006b94       0x6c ./src/SubSystemModules/Communication/SubsystemCommands/TRXVU_Commands.o
                0x20006b94                CMD_GetBaudRate
 .text.CMD_TrasmitBeacon
                0x20006c00       0x48 ./src/SubSystemModules/Communication/SubsystemCommands/TRXVU_Commands.o
                0x20006c00                CMD_TrasmitBeacon
 .text.CMD_GetBeaconInterval
                0x20006c48       0x6c ./src/SubSystemModules/Communication/SubsystemCommands/TRXVU_Commands.o
                0x20006c48                CMD_GetBeaconInterval
 .text.CMD_SetBaudRate
                0x20006cb4       0x64 ./src/SubSystemModules/Communication/SubsystemCommands/TRXVU_Commands.o
                0x20006cb4                CMD_SetBaudRate
 .text.CMD_GetTxUptime
                0x20006d18       0x68 ./src/SubSystemModules/Communication/SubsystemCommands/TRXVU_Commands.o
                0x20006d18                CMD_GetTxUptime
 .text.CMD_GetRxUptime
                0x20006d80       0x68 ./src/SubSystemModules/Communication/SubsystemCommands/TRXVU_Commands.o
                0x20006d80                CMD_GetRxUptime
 .text.CMD_GetNumOfOnlineCommands
                0x20006de8       0x68 ./src/SubSystemModules/Communication/SubsystemCommands/TRXVU_Commands.o
                0x20006de8                CMD_GetNumOfOnlineCommands
 .text.CMD_SecurePing
                0x20006e50       0x68 ./src/SubSystemModules/Communication/SubsystemCommands/TRXVU_Commands.o
                0x20006e50                CMD_SecurePing
 .text.CMD_AntSetArmStatus
                0x20006eb8       0x3c ./src/SubSystemModules/Communication/SubsystemCommands/TRXVU_Commands.o
                0x20006eb8                CMD_AntSetArmStatus
 .text.CMD_AntGetArmStatus
                0x20006ef4       0x60 ./src/SubSystemModules/Communication/SubsystemCommands/TRXVU_Commands.o
                0x20006ef4                CMD_AntGetArmStatus
 .text.CMD_AntGetUptime
                0x20006f54       0x68 ./src/SubSystemModules/Communication/SubsystemCommands/TRXVU_Commands.o
                0x20006f54                CMD_AntGetUptime
 .text.CMD_StopReDeployment
                0x20006fbc       0x74 ./src/SubSystemModules/Communication/SubsystemCommands/TRXVU_Commands.o
                0x20006fbc                CMD_StopReDeployment
 .text.CMD_AntCancelDeployment
                0x20007030       0x58 ./src/SubSystemModules/Communication/SubsystemCommands/TRXVU_Commands.o
                0x20007030                CMD_AntCancelDeployment
 .text.CMD_DumpRamTLM
                0x20007088      0x180 ./src/SubSystemModules/Communication/SubsystemCommands/TRXVU_Commands.o
                0x20007088                CMD_DumpRamTLM
 .text.SendAckPacket
                0x20007208       0xfc ./src/SubSystemModules/Communication/AckHandler.o
                0x20007208                SendAckPacket
 .text.trxvu_command_router
                0x20007304      0x564 ./src/SubSystemModules/Communication/CommandDictionary.o
                0x20007304                trxvu_command_router
 .text.eps_command_router
                0x20007868      0x10c ./src/SubSystemModules/Communication/CommandDictionary.o
                0x20007868                eps_command_router
 .text.telemetry_command_router
                0x20007974      0x23c ./src/SubSystemModules/Communication/CommandDictionary.o
                0x20007974                telemetry_command_router
 .text.managment_command_router
                0x20007bb0      0x144 ./src/SubSystemModules/Communication/CommandDictionary.o
                0x20007bb0                managment_command_router
 .text.filesystem_command_router
                0x20007cf4       0x24 ./src/SubSystemModules/Communication/CommandDictionary.o
                0x20007cf4                filesystem_command_router
 .text.sha256_transform
                0x20007d18      0x4b8 ./src/SubSystemModules/Communication/HashSecuredCMD.o
                0x20007d18                sha256_transform
 .text.sha256_init
                0x200081d0       0xb8 ./src/SubSystemModules/Communication/HashSecuredCMD.o
                0x200081d0                sha256_init
 .text.sha256_update
                0x20008288       0xc8 ./src/SubSystemModules/Communication/HashSecuredCMD.o
                0x20008288                sha256_update
 .text.sha256_final
                0x20008350      0x470 ./src/SubSystemModules/Communication/HashSecuredCMD.o
                0x20008350                sha256_final
 .text.ParseDataToCommand
                0x200087c0      0x1ac ./src/SubSystemModules/Communication/SatCommandHandler.o
                0x200087c0                ParseDataToCommand
 .text.AssembleCommand
                0x2000896c      0x148 ./src/SubSystemModules/Communication/SatCommandHandler.o
                0x2000896c                AssembleCommand
 .text.ActUponCommand
                0x20008ab4      0x108 ./src/SubSystemModules/Communication/SatCommandHandler.o
                0x20008ab4                ActUponCommand
 .text.setMuteEndTime
                0x20008bbc       0x40 ./src/SubSystemModules/Communication/TRXVU.o
                0x20008bbc                setMuteEndTime
 .text.getMuteEndTime
                0x20008bfc       0x44 ./src/SubSystemModules/Communication/TRXVU.o
                0x20008bfc                getMuteEndTime
 .text.setTransponderEndTime
                0x20008c40       0x40 ./src/SubSystemModules/Communication/TRXVU.o
                0x20008c40                setTransponderEndTime
 .text.getTransponderEndTime
                0x20008c80       0x44 ./src/SubSystemModules/Communication/TRXVU.o
                0x20008c80                getTransponderEndTime
 .text.setTransponderRSSIinFRAM
                0x20008cc4       0x44 ./src/SubSystemModules/Communication/TRXVU.o
                0x20008cc4                setTransponderRSSIinFRAM
 .text.getTransponderRSSIFromFRAM
                0x20008d08       0x4c ./src/SubSystemModules/Communication/TRXVU.o
                0x20008d08                getTransponderRSSIFromFRAM
 .text.InitTxModule
                0x20008d54       0x68 ./src/SubSystemModules/Communication/TRXVU.o
                0x20008d54                InitTxModule
 .text.CMD_SetBeaconInterval
                0x20008dbc       0xdc ./src/SubSystemModules/Communication/TRXVU.o
                0x20008dbc                CMD_SetBeaconInterval
 .text.InitBeaconParams
                0x20008e98       0x3c ./src/SubSystemModules/Communication/TRXVU.o
                0x20008e98                InitBeaconParams
 .text.InitSemaphores
                0x20008ed4       0x98 ./src/SubSystemModules/Communication/TRXVU.o
                0x20008ed4                InitSemaphores
 .text.InitTrxvu
                0x20008f6c       0xe4 ./src/SubSystemModules/Communication/TRXVU.o
                0x20008f6c                InitTrxvu
 .text.checkIdleFinish
                0x20009050       0x68 ./src/SubSystemModules/Communication/TRXVU.o
                0x20009050                checkIdleFinish
 .text.checkTransponderFinish
                0x200090b8       0x50 ./src/SubSystemModules/Communication/TRXVU.o
                0x200090b8                checkTransponderFinish
 .text.checkTransponderStart
                0x20009108       0x50 ./src/SubSystemModules/Communication/TRXVU.o
                0x20009108                checkTransponderStart
 .text.turnOnTransponder
                0x20009158       0xa0 ./src/SubSystemModules/Communication/TRXVU.o
                0x20009158                turnOnTransponder
 .text.turnOffTransponder
                0x200091f8       0x90 ./src/SubSystemModules/Communication/TRXVU.o
                0x200091f8                turnOffTransponder
 .text.SetRSSITransponder
                0x20009288       0x80 ./src/SubSystemModules/Communication/TRXVU.o
                0x20009288                SetRSSITransponder
 .text.TRX_Logic
                0x20009308       0xe4 ./src/SubSystemModules/Communication/TRXVU.o
                0x20009308                TRX_Logic
 .text.GetNumberOfFramesInBuffer
                0x200093ec       0x94 ./src/SubSystemModules/Communication/TRXVU.o
                0x200093ec                GetNumberOfFramesInBuffer
 .text.GetOnlineCommand
                0x20009480      0x1d0 ./src/SubSystemModules/Communication/TRXVU.o
                0x20009480                GetOnlineCommand
 .text.CheckTransmitionAllowed
                0x20009650       0xc0 ./src/SubSystemModules/Communication/TRXVU.o
                0x20009650                CheckTransmitionAllowed
 .text.FinishDump
                0x20009710       0xf0 ./src/SubSystemModules/Communication/TRXVU.o
                0x20009710                FinishDump
 .text.SendDumpAbortRequest
                0x20009800       0x6c ./src/SubSystemModules/Communication/TRXVU.o
                0x20009800                SendDumpAbortRequest
 .text.CheckDumpAbort
                0x2000986c       0x6c ./src/SubSystemModules/Communication/TRXVU.o
                0x2000986c                CheckDumpAbort
 .text.BeaconLogic
                0x200098d8      0x19c ./src/SubSystemModules/Communication/TRXVU.o
                0x200098d8                BeaconLogic
 .text.SetIdleState
                0x20009a74      0x144 ./src/SubSystemModules/Communication/TRXVU.o
                0x20009a74                SetIdleState
 .text.muteTRXVU
                0x20009bb8       0x74 ./src/SubSystemModules/Communication/TRXVU.o
                0x20009bb8                muteTRXVU
 .text.UnMuteTRXVU
                0x20009c2c       0x14 ./src/SubSystemModules/Communication/TRXVU.o
                0x20009c2c                UnMuteTRXVU
 .text.TransmitDataAsSPL_Packet
                0x20009c40      0x12c ./src/SubSystemModules/Communication/TRXVU.o
                0x20009c40                TransmitDataAsSPL_Packet
 .text.Hash256  0x20009d6c       0x7c ./src/SubSystemModules/Communication/TRXVU.o
                0x20009d6c                Hash256
 .text.CMD_Hash256
                0x20009de8      0x2e0 ./src/SubSystemModules/Communication/TRXVU.o
                0x20009de8                CMD_Hash256
 .text.TransmitSplPacket
                0x2000a0c8      0x124 ./src/SubSystemModules/Communication/TRXVU.o
                0x2000a0c8                TransmitSplPacket
 .text.ChangeTxConfigValues
                0x2000a1ec       0xb8 ./src/SubSystemModules/Communication/TRXVU.o
                0x2000a1ec                ChangeTxConfigValues
 .text.isFirstActivation
                0x2000a2a4       0x38 ./src/InitSystem.o
                0x2000a2a4                isFirstActivation
 .text.WriteDefaultValuesToFRAM
                0x2000a2dc      0x2c0 ./src/InitSystem.o
                0x2000a2dc                WriteDefaultValuesToFRAM
 .text.StartFRAM
                0x2000a59c       0x64 ./src/InitSystem.o
                0x2000a59c                StartFRAM
 .text.StartI2C
                0x2000a600       0x38 ./src/InitSystem.o
                0x2000a600                StartI2C
 .text.StartSPI
                0x2000a638       0x34 ./src/InitSystem.o
                0x2000a638                StartSPI
 .text.StartTIME
                0x2000a66c       0xbc ./src/InitSystem.o
                0x2000a66c                StartTIME
 .text.DeploySystem
                0x2000a728      0x1b4 ./src/InitSystem.o
                0x2000a728                DeploySystem
 .text.InitSubsystems
                0x2000a8dc       0x64 ./src/InitSystem.o
                0x2000a8dc                InitSubsystems
 .text.CMD_getInfoImage
                0x2000a940      0x158 ./src/TLM_management.o
                0x2000a940                CMD_getInfoImage
 .text.CMD_getDataImage
                0x2000aa98      0x218 ./src/TLM_management.o
                0x2000aa98                CMD_getDataImage
 .text.delete_allTMFilesFromSD
                0x2000acb0       0x8c ./src/TLM_management.o
                0x2000acb0                delete_allTMFilesFromSD
 .text.deleteTLMFiles
                0x2000ad3c       0x94 ./src/TLM_management.o
                0x2000ad3c                deleteTLMFiles
 .text.deleteTLMFile
                0x2000add0       0xcc ./src/TLM_management.o
                0x2000add0                deleteTLMFile
 .text.deleteTLMbyMonth
                0x2000ae9c       0xac ./src/TLM_management.o
                0x2000ae9c                deleteTLMbyMonth
 .text.deleteDirectory
                0x2000af48      0x158 ./src/TLM_management.o
                0x2000af48                deleteDirectory
 .text.InitializeFS
                0x2000b0a0       0xec ./src/TLM_management.o
                0x2000b0a0                InitializeFS
 .text.calculateFileName
                0x2000b18c      0x130 ./src/TLM_management.o
                0x2000b18c                calculateFileName
 .text.getTlmTypeInfo
                0x2000b2bc      0x264 ./src/TLM_management.o
                0x2000b2bc                getTlmTypeInfo
 .text.write2File
                0x2000b520      0x1dc ./src/TLM_management.o
                0x2000b520                write2File
 .text.printTLM
                0x2000b6fc       0x24 ./src/TLM_management.o
                0x2000b6fc                printTLM
 .text.readTLMFile
                0x2000b720      0x328 ./src/TLM_management.o
                0x2000b720                readTLMFile
 .text.readTLMFiles
                0x2000ba48       0xdc ./src/TLM_management.o
                0x2000ba48                readTLMFiles
 .text.readTLMFileTimeRange
                0x2000bb24      0x2f0 ./src/TLM_management.o
                0x2000bb24                readTLMFileTimeRange
 .text.DeInitializeFS
                0x2000be14       0x38 ./src/TLM_management.o
                0x2000be14                DeInitializeFS
 .text.taskMain
                0x2000be4c       0x90 ./src/main.o
                0x2000be4c                taskMain
 .text.main     0x2000bedc       0x98 ./src/main.o
                0x2000bedc                main
 .text.timeU2time
                0x2000bf74       0xbc ./src/utils.o
                0x2000bf74                timeU2time
 .text.logError
                0x2000c030      0x148 ./src/utils.o
                0x2000c030                logError
 .text.clearPDCtransfers
                0x2000c178       0xe8 C:/ISIS/workspace/ycube/GlobusSatProject/..//hal/hal/lib\libHALD.a(SPI.o)
 .text.SPI_start
                0x2000c260      0x4b0 C:/ISIS/workspace/ycube/GlobusSatProject/..//hal/hal/lib\libHALD.a(SPI.o)
                0x2000c260                SPI_start
 .text.SPI_stop
                0x2000c710      0x244 C:/ISIS/workspace/ycube/GlobusSatProject/..//hal/hal/lib\libHALD.a(SPI.o)
                0x2000c710                SPI_stop
 .text.SPI_queueTransfer
                0x2000c954      0x1cc C:/ISIS/workspace/ycube/GlobusSatProject/..//hal/hal/lib\libHALD.a(SPI.o)
                0x2000c954                SPI_queueTransfer
 .text.SPI_internalCallback
                0x2000cb20       0x64 C:/ISIS/workspace/ycube/GlobusSatProject/..//hal/hal/lib\libHALD.a(SPI.o)
 .text.SPI_writeRead
                0x2000cb84      0x1c0 C:/ISIS/workspace/ycube/GlobusSatProject/..//hal/hal/lib\libHALD.a(SPI.o)
                0x2000cb84                SPI_writeRead
 .text.waitForTransfer
                0x2000cd44       0x78 C:/ISIS/workspace/ycube/GlobusSatProject/..//hal/hal/lib\libHALD.a(SPI.o)
 .text.SPI_getDriverState
                0x2000cdbc       0x58 C:/ISIS/workspace/ycube/GlobusSatProject/..//hal/hal/lib\libHALD.a(SPI.o)
                0x2000cdbc                SPI_getDriverState
 .text.validateTransferParameters
                0x2000ce14      0x10c C:/ISIS/workspace/ycube/GlobusSatProject/..//hal/hal/lib\libHALD.a(I2C.o)
 .text.I2C_queueTransfer
                0x2000cf20       0xfc C:/ISIS/workspace/ycube/GlobusSatProject/..//hal/hal/lib\libHALD.a(I2C.o)
                0x2000cf20                I2C_queueTransfer
 .text.I2C_internalCallback
                0x2000d01c       0x64 C:/ISIS/workspace/ycube/GlobusSatProject/..//hal/hal/lib\libHALD.a(I2C.o)
 .text.I2C_doBlockingTransfer
                0x2000d080      0x180 C:/ISIS/workspace/ycube/GlobusSatProject/..//hal/hal/lib\libHALD.a(I2C.o)
 .text.I2C_write
                0x2000d200      0x110 C:/ISIS/workspace/ycube/GlobusSatProject/..//hal/hal/lib\libHALD.a(I2C.o)
                0x2000d200                I2C_write
 .text.I2C_read
                0x2000d310      0x110 C:/ISIS/workspace/ycube/GlobusSatProject/..//hal/hal/lib\libHALD.a(I2C.o)
                0x2000d310                I2C_read
 .text.I2C_writeRead
                0x2000d420      0x17c C:/ISIS/workspace/ycube/GlobusSatProject/..//hal/hal/lib\libHALD.a(I2C.o)
                0x2000d420                I2C_writeRead
 .text.I2C_start
                0x2000d59c      0x2e8 C:/ISIS/workspace/ycube/GlobusSatProject/..//hal/hal/lib\libHALD.a(I2C.o)
                0x2000d59c                I2C_start
 .text.I2C_stop
                0x2000d884      0x184 C:/ISIS/workspace/ycube/GlobusSatProject/..//hal/hal/lib\libHALD.a(I2C.o)
                0x2000d884                I2C_stop
 .text.I2C_setTransferTimeout
                0x2000da08       0x48 C:/ISIS/workspace/ycube/GlobusSatProject/..//hal/hal/lib\libHALD.a(I2C.o)
                0x2000da08                I2C_setTransferTimeout
 .text.ADC_ConvertRaw10bitToMillivolt
                0x2000da50       0x50 C:/ISIS/workspace/ycube/GlobusSatProject/..//hal/hal/lib\libHALD.a(ADC.o)
                0x2000da50                ADC_ConvertRaw10bitToMillivolt
 .text.ADC_SingleShot
                0x2000daa0      0x230 C:/ISIS/workspace/ycube/GlobusSatProject/..//hal/hal/lib\libHALD.a(ADC.o)
                0x2000daa0                ADC_SingleShot
 .text.FRAM_start
                0x2000dcd0      0x120 C:/ISIS/workspace/ycube/GlobusSatProject/..//hal/hal/lib\libHALD.a(FRAM.o)
                0x2000dcd0                FRAM_start
 .text.FRAM_stop
                0x2000ddf0       0x6c C:/ISIS/workspace/ycube/GlobusSatProject/..//hal/hal/lib\libHALD.a(FRAM.o)
                0x2000ddf0                FRAM_stop
 .text.FRAM_dummyCallback
                0x2000de5c       0x24 C:/ISIS/workspace/ycube/GlobusSatProject/..//hal/hal/lib\libHALD.a(FRAM.o)
                0x2000de5c                FRAM_dummyCallback
 .text.FRAM_unlockingCallback
                0x2000de80       0x64 C:/ISIS/workspace/ycube/GlobusSatProject/..//hal/hal/lib\libHALD.a(FRAM.o)
                0x2000de80                FRAM_unlockingCallback
 .text.doBlockingTransfer
                0x2000dee4       0x78 C:/ISIS/workspace/ycube/GlobusSatProject/..//hal/hal/lib\libHALD.a(FRAM.o)
 .text.FRAM_writePacket
                0x2000df5c      0x134 C:/ISIS/workspace/ycube/GlobusSatProject/..//hal/hal/lib\libHALD.a(FRAM.o)
 .text.FRAM_write
                0x2000e090      0x1e0 C:/ISIS/workspace/ycube/GlobusSatProject/..//hal/hal/lib\libHALD.a(FRAM.o)
                0x2000e090                FRAM_write
 .text.FRAM_readPacket
                0x2000e270       0xf0 C:/ISIS/workspace/ycube/GlobusSatProject/..//hal/hal/lib\libHALD.a(FRAM.o)
 .text.FRAM_read
                0x2000e360      0x1ec C:/ISIS/workspace/ycube/GlobusSatProject/..//hal/hal/lib\libHALD.a(FRAM.o)
                0x2000e360                FRAM_read
 .text.Time_start
                0x2000e54c      0x170 C:/ISIS/workspace/ycube/GlobusSatProject/..//hal/hal/lib\libHALD.a(Time.o)
                0x2000e54c                Time_start
 .text.taskTimeSync
                0x2000e6bc       0x64 C:/ISIS/workspace/ycube/GlobusSatProject/..//hal/hal/lib\libHALD.a(Time.o)
 .text.Time_convertEpochToTime
                0x2000e720      0x100 C:/ISIS/workspace/ycube/GlobusSatProject/..//hal/hal/lib\libHALD.a(Time.o)
                0x2000e720                Time_convertEpochToTime
 .text.Time_calculateSecondsOfYear
                0x2000e820       0xd8 C:/ISIS/workspace/ycube/GlobusSatProject/..//hal/hal/lib\libHALD.a(Time.o)
 .text.Time_set
                0x2000e8f8       0xd8 C:/ISIS/workspace/ycube/GlobusSatProject/..//hal/hal/lib\libHALD.a(Time.o)
                0x2000e8f8                Time_set
 .text.Time_isLeapYear
                0x2000e9d0       0x98 C:/ISIS/workspace/ycube/GlobusSatProject/..//hal/hal/lib\libHALD.a(Time.o)
                0x2000e9d0                Time_isLeapYear
 .text.Time_get
                0x2000ea68      0x478 C:/ISIS/workspace/ycube/GlobusSatProject/..//hal/hal/lib\libHALD.a(Time.o)
                0x2000ea68                Time_get
 .text.Time_getUnixEpoch
                0x2000eee0      0x108 C:/ISIS/workspace/ycube/GlobusSatProject/..//hal/hal/lib\libHALD.a(Time.o)
                0x2000eee0                Time_getUnixEpoch
 .text.Time_secondsOfYearToTime
                0x2000efe8      0x33c C:/ISIS/workspace/ycube/GlobusSatProject/..//hal/hal/lib\libHALD.a(Time.o)
 .text.Time_setUnixEpoch
                0x2000f324       0x54 C:/ISIS/workspace/ycube/GlobusSatProject/..//hal/hal/lib\libHALD.a(Time.o)
                0x2000f324                Time_setUnixEpoch
 .text.Time_getUptimeSeconds
                0x2000f378       0x28 C:/ISIS/workspace/ycube/GlobusSatProject/..//hal/hal/lib\libHALD.a(Time.o)
                0x2000f378                Time_getUptimeSeconds
 .text.Time_sync
                0x2000f3a0      0x1a8 C:/ISIS/workspace/ycube/GlobusSatProject/..//hal/hal/lib\libHALD.a(Time.o)
                0x2000f3a0                Time_sync
 .text.Time_syncIfNeeded
                0x2000f548       0xac C:/ISIS/workspace/ycube/GlobusSatProject/..//hal/hal/lib\libHALD.a(Time.o)
                0x2000f548                Time_syncIfNeeded
 .text.WDT_start
                0x2000f5f4       0x48 C:/ISIS/workspace/ycube/GlobusSatProject/..//hal/hal/lib\libHALD.a(WatchDogTimerNoOS.o)
                0x2000f5f4                WDT_start
 .text.RTT_start
                0x2000f63c       0x24 C:/ISIS/workspace/ycube/GlobusSatProject/..//hal/hal/lib\libHALD.a(RTT.o)
                0x2000f63c                RTT_start
 .text.RTT_GetTime
                0x2000f660       0x24 C:/ISIS/workspace/ycube/GlobusSatProject/..//hal/hal/lib\libHALD.a(RTT.o)
                0x2000f660                RTT_GetTime
 .text.RTC_start
                0x2000f684       0x3c C:/ISIS/workspace/ycube/GlobusSatProject/..//hal/hal/lib\libHALD.a(RTC.o)
                0x2000f684                RTC_start
 .text.RTC_setTime
                0x2000f6c0      0x2a4 C:/ISIS/workspace/ycube/GlobusSatProject/..//hal/hal/lib\libHALD.a(RTC.o)
                0x2000f6c0                RTC_setTime
 .text.RTC_getTime
                0x2000f964      0x230 C:/ISIS/workspace/ycube/GlobusSatProject/..//hal/hal/lib\libHALD.a(RTC.o)
                0x2000f964                RTC_getTime
 .text.RTC_checkTimeValid
                0x2000fb94       0xd8 C:/ISIS/workspace/ycube/GlobusSatProject/..//hal/hal/lib\libHALD.a(RTC.o)
                0x2000fb94                RTC_checkTimeValid
 .text.WDT_startWatchdogKickTask
                0x2000fc6c       0xb4 C:/ISIS/workspace/ycube/GlobusSatProject/..//hal/hal/lib\libHALD.a(WatchDogTimerOS.o)
                0x2000fc6c                WDT_startWatchdogKickTask
 .text.WDT_forceKickEveryNms
                0x2000fd20       0x50 C:/ISIS/workspace/ycube/GlobusSatProject/..//hal/hal/lib\libHALD.a(WatchDogTimerOS.o)
                0x2000fd20                WDT_forceKickEveryNms
 .text.f_puts   0x2000fd70       0x80 C:/ISIS/workspace/ycube/GlobusSatProject/..//hal/hal/lib\libHALD.a(fprintf.o)
                0x2000fd70                f_puts
 .text.LED_glow
                0x2000fdf0       0x58 C:/ISIS/workspace/ycube/GlobusSatProject/..//hal/hal/lib\libHALD.a(LED.o)
                0x2000fdf0                LED_glow
 .text.LED_dark
                0x2000fe48       0x58 C:/ISIS/workspace/ycube/GlobusSatProject/..//hal/hal/lib\libHALD.a(LED.o)
                0x2000fe48                LED_dark
 .text.LED_toggle
                0x2000fea0       0x50 C:/ISIS/workspace/ycube/GlobusSatProject/..//hal/hal/lib\libHALD.a(LED.o)
                0x2000fea0                LED_toggle
 .text.fm_initvolume
                0x2000fef0       0x70 C:/ISIS/workspace/ycube/GlobusSatProject/..//hal/hcc/lib\libHCCD.a(fat_m.o)
                0x2000fef0                fm_initvolume
 .text.fm_delvolume
                0x2000ff60       0x60 C:/ISIS/workspace/ycube/GlobusSatProject/..//hal/hcc/lib\libHCCD.a(fat_m.o)
                0x2000ff60                fm_delvolume
 .text.fm_format
                0x2000ffc0       0x68 C:/ISIS/workspace/ycube/GlobusSatProject/..//hal/hcc/lib\libHCCD.a(fat_m.o)
                0x2000ffc0                fm_format
 .text.fm_getdrive
                0x20010028       0x70 C:/ISIS/workspace/ycube/GlobusSatProject/..//hal/hcc/lib\libHCCD.a(fat_m.o)
                0x20010028                fm_getdrive
 .text.fm_getfreespace
                0x20010098       0x68 C:/ISIS/workspace/ycube/GlobusSatProject/..//hal/hcc/lib\libHCCD.a(fat_m.o)
                0x20010098                fm_getfreespace
 .text.fm_mkdir
                0x20010100       0x60 C:/ISIS/workspace/ycube/GlobusSatProject/..//hal/hcc/lib\libHCCD.a(fat_m.o)
                0x20010100                fm_mkdir
 .text.fm_rmdir
                0x20010160       0x60 C:/ISIS/workspace/ycube/GlobusSatProject/..//hal/hcc/lib\libHCCD.a(fat_m.o)
                0x20010160                fm_rmdir
 .text.fm_findfirst
                0x200101c0       0x68 C:/ISIS/workspace/ycube/GlobusSatProject/..//hal/hcc/lib\libHCCD.a(fat_m.o)
                0x200101c0                fm_findfirst
 .text.fm_findnext
                0x20010228       0x60 C:/ISIS/workspace/ycube/GlobusSatProject/..//hal/hcc/lib\libHCCD.a(fat_m.o)
                0x20010228                fm_findnext
 .text.fm_close
                0x20010288       0x60 C:/ISIS/workspace/ycube/GlobusSatProject/..//hal/hcc/lib\libHCCD.a(fat_m.o)
                0x20010288                fm_close
 .text.fm_flush
                0x200102e8       0x60 C:/ISIS/workspace/ycube/GlobusSatProject/..//hal/hcc/lib\libHCCD.a(fat_m.o)
                0x200102e8                fm_flush
 .text.fm_open  0x20010348       0x68 C:/ISIS/workspace/ycube/GlobusSatProject/..//hal/hcc/lib\libHCCD.a(fat_m.o)
                0x20010348                fm_open
 .text.fm_read  0x200103b0       0x7c C:/ISIS/workspace/ycube/GlobusSatProject/..//hal/hcc/lib\libHCCD.a(fat_m.o)
                0x200103b0                fm_read
 .text.fm_write
                0x2001042c       0x7c C:/ISIS/workspace/ycube/GlobusSatProject/..//hal/hcc/lib\libHCCD.a(fat_m.o)
                0x2001042c                fm_write
 .text.fm_seek  0x200104a8       0x70 C:/ISIS/workspace/ycube/GlobusSatProject/..//hal/hcc/lib\libHCCD.a(fat_m.o)
                0x200104a8                fm_seek
 .text.fm_tell  0x20010518       0x60 C:/ISIS/workspace/ycube/GlobusSatProject/..//hal/hcc/lib\libHCCD.a(fat_m.o)
                0x20010518                fm_tell
 .text.fm_putc  0x20010578       0x68 C:/ISIS/workspace/ycube/GlobusSatProject/..//hal/hcc/lib\libHCCD.a(fat_m.o)
                0x20010578                fm_putc
 .text.fm_rewind
                0x200105e0       0x60 C:/ISIS/workspace/ycube/GlobusSatProject/..//hal/hcc/lib\libHCCD.a(fat_m.o)
                0x200105e0                fm_rewind
 .text.fm_delete
                0x20010640       0x64 C:/ISIS/workspace/ycube/GlobusSatProject/..//hal/hcc/lib\libHCCD.a(fat_m.o)
                0x20010640                fm_delete
 .text.fm_getlasterror
                0x200106a4       0x40 C:/ISIS/workspace/ycube/GlobusSatProject/..//hal/hcc/lib\libHCCD.a(fat_m.o)
                0x200106a4                fm_getlasterror
 .text._f_invalidatedir
                0x200106e4       0x28 C:/ISIS/workspace/ycube/GlobusSatProject/..//hal/hcc/lib\libHCCD.a(fat.o)
                0x200106e4                _f_invalidatedir
 .text._f_getdirsector
                0x2001070c       0x88 C:/ISIS/workspace/ycube/GlobusSatProject/..//hal/hcc/lib\libHCCD.a(fat.o)
                0x2001070c                _f_getdirsector
 .text._f_writedirsector
                0x20010794       0x74 C:/ISIS/workspace/ycube/GlobusSatProject/..//hal/hcc/lib\libHCCD.a(fat.o)
                0x20010794                _f_writedirsector
 .text._f_checknameinv
                0x20010808      0x180 C:/ISIS/workspace/ycube/GlobusSatProject/..//hal/hcc/lib\libHCCD.a(fat.o)
 .text._f_checkname
                0x20010988       0x7c C:/ISIS/workspace/ycube/GlobusSatProject/..//hal/hcc/lib\libHCCD.a(fat.o)
 .text._f_checknamewc
                0x20010a04       0xf8 C:/ISIS/workspace/ycube/GlobusSatProject/..//hal/hcc/lib\libHCCD.a(fat.o)
 .text._f_setnameext
                0x20010afc      0x300 C:/ISIS/workspace/ycube/GlobusSatProject/..//hal/hcc/lib\libHCCD.a(fat.o)
 .text._f_setfsname
                0x20010dfc      0x584 C:/ISIS/workspace/ycube/GlobusSatProject/..//hal/hcc/lib\libHCCD.a(fat.o)
 .text._f_findfile
                0x20011380      0x30c C:/ISIS/workspace/ycube/GlobusSatProject/..//hal/hcc/lib\libHCCD.a(fat.o)
 .text._f_cmp_wname
                0x2001168c      0x274 C:/ISIS/workspace/ycube/GlobusSatProject/..//hal/hcc/lib\libHCCD.a(fat.o)
 .text._f_to_string
                0x20011900      0x130 C:/ISIS/workspace/ycube/GlobusSatProject/..//hal/hcc/lib\libHCCD.a(fat.o)
 .text._f_findfilewc
                0x20011a30      0x278 C:/ISIS/workspace/ycube/GlobusSatProject/..//hal/hcc/lib\libHCCD.a(fat.o)
 .text._f_getfilename
                0x20011ca8      0x20c C:/ISIS/workspace/ycube/GlobusSatProject/..//hal/hcc/lib\libHCCD.a(fat.o)
 .text._f_findpath
                0x20011eb4      0x35c C:/ISIS/workspace/ycube/GlobusSatProject/..//hal/hcc/lib\libHCCD.a(fat.o)
 .text.fn_getdcwd
                0x20012210      0x1e0 C:/ISIS/workspace/ycube/GlobusSatProject/..//hal/hcc/lib\libHCCD.a(fat.o)
                0x20012210                fn_getdcwd
 .text.fn_findfirst
                0x200123f0      0x13c C:/ISIS/workspace/ycube/GlobusSatProject/..//hal/hcc/lib\libHCCD.a(fat.o)
                0x200123f0                fn_findfirst
 .text.fn_findnext
                0x2001252c      0x360 C:/ISIS/workspace/ycube/GlobusSatProject/..//hal/hcc/lib\libHCCD.a(fat.o)
                0x2001252c                fn_findnext
 .text._f_lock_resfile
                0x2001288c       0x6c C:/ISIS/workspace/ycube/GlobusSatProject/..//hal/hcc/lib\libHCCD.a(fat.o)
 .text._f_unlock_resfile
                0x200128f8       0x40 C:/ISIS/workspace/ycube/GlobusSatProject/..//hal/hcc/lib\libHCCD.a(fat.o)
 .text._f_getintfile
                0x20012938      0x124 C:/ISIS/workspace/ycube/GlobusSatProject/..//hal/hcc/lib\libHCCD.a(fat.o)
 .text._f_addentry
                0x20012a5c      0x540 C:/ISIS/workspace/ycube/GlobusSatProject/..//hal/hcc/lib\libHCCD.a(fat.o)
 .text.fn_mkdir
                0x20012f9c      0x75c C:/ISIS/workspace/ycube/GlobusSatProject/..//hal/hcc/lib\libHCCD.a(fat.o)
                0x20012f9c                fn_mkdir
 .text.fn_open_sub
                0x200136f8     0x1698 C:/ISIS/workspace/ycube/GlobusSatProject/..//hal/hcc/lib\libHCCD.a(fat.o)
 .text.fn_open  0x20014d90       0x44 C:/ISIS/workspace/ycube/GlobusSatProject/..//hal/hcc/lib\libHCCD.a(fat.o)
                0x20014d90                fn_open
 .text.fn_delete
                0x20014dd4      0x490 C:/ISIS/workspace/ycube/GlobusSatProject/..//hal/hcc/lib\libHCCD.a(fat.o)
                0x20014dd4                fn_delete
 .text.fn_rmdir
                0x20015264      0x5ac C:/ISIS/workspace/ycube/GlobusSatProject/..//hal/hcc/lib\libHCCD.a(fat.o)
                0x20015264                fn_rmdir
 .text.fn_init  0x20015810      0x2dc C:/ISIS/workspace/ycube/GlobusSatProject/..//hal/hcc/lib\libHCCD.a(fat_common.o)
                0x20015810                fn_init
 .text.fn_start
                0x20015aec       0x1c C:/ISIS/workspace/ycube/GlobusSatProject/..//hal/hcc/lib\libHCCD.a(fat_common.o)
                0x20015aec                fn_start
 .text.fsn_delete
                0x20015b08       0xc8 C:/ISIS/workspace/ycube/GlobusSatProject/..//hal/hcc/lib\libHCCD.a(fat_common.o)
                0x20015b08                fsn_delete
 .text._f_get16bitl
                0x20015bd0       0x4c C:/ISIS/workspace/ycube/GlobusSatProject/..//hal/hcc/lib\libHCCD.a(fat_common.o)
                0x20015bd0                _f_get16bitl
 .text._f_set16bitl
                0x20015c1c       0x54 C:/ISIS/workspace/ycube/GlobusSatProject/..//hal/hcc/lib\libHCCD.a(fat_common.o)
                0x20015c1c                _f_set16bitl
 .text._f_get32bitl
                0x20015c70       0x68 C:/ISIS/workspace/ycube/GlobusSatProject/..//hal/hcc/lib\libHCCD.a(fat_common.o)
                0x20015c70                _f_get32bitl
 .text._f_set32bitl
                0x20015cd8       0x78 C:/ISIS/workspace/ycube/GlobusSatProject/..//hal/hcc/lib\libHCCD.a(fat_common.o)
                0x20015cd8                _f_set32bitl
 .text._get8bit
                0x20015d50       0xa0 C:/ISIS/workspace/ycube/GlobusSatProject/..//hal/hcc/lib\libHCCD.a(fat_common.o)
 .text._get16bitl
                0x20015df0       0x40 C:/ISIS/workspace/ycube/GlobusSatProject/..//hal/hcc/lib\libHCCD.a(fat_common.o)
 .text._get32bitl
                0x20015e30       0x3c C:/ISIS/workspace/ycube/GlobusSatProject/..//hal/hcc/lib\libHCCD.a(fat_common.o)
 .text._set8bitzero
                0x20015e6c       0x6c C:/ISIS/workspace/ycube/GlobusSatProject/..//hal/hcc/lib\libHCCD.a(fat_common.o)
 .text._set8bit
                0x20015ed8       0xa0 C:/ISIS/workspace/ycube/GlobusSatProject/..//hal/hcc/lib\libHCCD.a(fat_common.o)
 .text._set16bitl
                0x20015f78       0x3c C:/ISIS/workspace/ycube/GlobusSatProject/..//hal/hcc/lib\libHCCD.a(fat_common.o)
 .text._set32bitl
                0x20015fb4       0x34 C:/ISIS/workspace/ycube/GlobusSatProject/..//hal/hcc/lib\libHCCD.a(fat_common.o)
 .text._f_setcardremoved
                0x20015fe8       0x94 C:/ISIS/workspace/ycube/GlobusSatProject/..//hal/hcc/lib\libHCCD.a(fat_common.o)
 .text._f_checkstatus
                0x2001607c      0x104 C:/ISIS/workspace/ycube/GlobusSatProject/..//hal/hcc/lib\libHCCD.a(fat_common.o)
                0x2001607c                _f_checkstatus
 .text._f_drvgetphy
                0x20016180      0x114 C:/ISIS/workspace/ycube/GlobusSatProject/..//hal/hcc/lib\libHCCD.a(fat_common.o)
 .text._f_drvwritesector
                0x20016294       0xdc C:/ISIS/workspace/ycube/GlobusSatProject/..//hal/hcc/lib\libHCCD.a(fat_common.o)
 .text._f_drvreadsector
                0x20016370       0xa8 C:/ISIS/workspace/ycube/GlobusSatProject/..//hal/hcc/lib\libHCCD.a(fat_common.o)
 .text._f_writesector
                0x20016418      0x23c C:/ISIS/workspace/ycube/GlobusSatProject/..//hal/hcc/lib\libHCCD.a(fat_common.o)
                0x20016418                _f_writesector
 .text._f_readsector
                0x20016654      0x1dc C:/ISIS/workspace/ycube/GlobusSatProject/..//hal/hcc/lib\libHCCD.a(fat_common.o)
                0x20016654                _f_readsector
 .text._f_getmaxcluster
                0x20016830       0x94 C:/ISIS/workspace/ycube/GlobusSatProject/..//hal/hcc/lib\libHCCD.a(fat_common.o)
                0x20016830                _f_getmaxcluster
 .text._getsectorfromcluster
                0x200168c4       0x68 C:/ISIS/workspace/ycube/GlobusSatProject/..//hal/hcc/lib\libHCCD.a(fat_common.o)
 .text._f_buildsectors
                0x2001692c      0x268 C:/ISIS/workspace/ycube/GlobusSatProject/..//hal/hcc/lib\libHCCD.a(fat_common.o)
 .text._f_getbootrecord
                0x20016b94      0x5e4 C:/ISIS/workspace/ycube/GlobusSatProject/..//hal/hcc/lib\libHCCD.a(fat_common.o)
 .text._f_readbootrecord
                0x20017178      0x4f8 C:/ISIS/workspace/ycube/GlobusSatProject/..//hal/hcc/lib\libHCCD.a(fat_common.o)
 .text._f_writebootrecord
                0x20017670      0x5e4 C:/ISIS/workspace/ycube/GlobusSatProject/..//hal/hcc/lib\libHCCD.a(fat_common.o)
 .text._f_flushcffiles
                0x20017c54      0x17c C:/ISIS/workspace/ycube/GlobusSatProject/..//hal/hcc/lib\libHCCD.a(fat_common.o)
                0x20017c54                _f_flushcffiles
 .text._f_fatcache_flush
                0x20017dd0      0x270 C:/ISIS/workspace/ycube/GlobusSatProject/..//hal/hcc/lib\libHCCD.a(fat_common.o)
                0x20017dd0                _f_fatcache_flush
 .text._f_writefatsector
                0x20018040      0x100 C:/ISIS/workspace/ycube/GlobusSatProject/..//hal/hcc/lib\libHCCD.a(fat_common.o)
                0x20018040                _f_writefatsector
 .text._f_getfatsector
                0x20018140      0x3bc C:/ISIS/workspace/ycube/GlobusSatProject/..//hal/hcc/lib\libHCCD.a(fat_common.o)
 .text._f_setclustervalue
                0x200184fc      0x490 C:/ISIS/workspace/ycube/GlobusSatProject/..//hal/hcc/lib\libHCCD.a(fat_common.o)
                0x200184fc                _f_setclustervalue
 .text._f_getclustervalue
                0x2001898c      0x388 C:/ISIS/workspace/ycube/GlobusSatProject/..//hal/hcc/lib\libHCCD.a(fat_common.o)
                0x2001898c                _f_getclustervalue
 .text._f_close_drive_files
                0x20018d14       0xac C:/ISIS/workspace/ycube/GlobusSatProject/..//hal/hcc/lib\libHCCD.a(fat_common.o)
 .text._f_inc_mount_count
                0x20018dc0       0xa4 C:/ISIS/workspace/ycube/GlobusSatProject/..//hal/hcc/lib\libHCCD.a(fat_common.o)
 .text._f_getvolume
                0x20018e64      0x2f8 C:/ISIS/workspace/ycube/GlobusSatProject/..//hal/hcc/lib\libHCCD.a(fat_common.o)
                0x20018e64                _f_getvolume
 .text.fn_createdriver
                0x2001915c      0x118 C:/ISIS/workspace/ycube/GlobusSatProject/..//hal/hcc/lib\libHCCD.a(fat_common.o)
                0x2001915c                fn_createdriver
 .text.fn_initvolume
                0x20019274      0x12c C:/ISIS/workspace/ycube/GlobusSatProject/..//hal/hcc/lib\libHCCD.a(fat_common.o)
                0x20019274                fn_initvolume
 .text.fn_releasedriver
                0x200193a0       0xf4 C:/ISIS/workspace/ycube/GlobusSatProject/..//hal/hcc/lib\libHCCD.a(fat_common.o)
                0x200193a0                fn_releasedriver
 .text.fn_initvolumepartition_sub
                0x20019494       0xe0 C:/ISIS/workspace/ycube/GlobusSatProject/..//hal/hcc/lib\libHCCD.a(fat_common.o)
 .text.fn_initvolumepartition
                0x20019574       0xac C:/ISIS/workspace/ycube/GlobusSatProject/..//hal/hcc/lib\libHCCD.a(fat_common.o)
                0x20019574                fn_initvolumepartition
 .text.fn_delvolume
                0x20019620      0x194 C:/ISIS/workspace/ycube/GlobusSatProject/..//hal/hcc/lib\libHCCD.a(fat_common.o)
                0x20019620                fn_delvolume
 .text._f_clustertopos
                0x200197b4       0xf8 C:/ISIS/workspace/ycube/GlobusSatProject/..//hal/hcc/lib\libHCCD.a(fat_common.o)
                0x200197b4                _f_clustertopos
 .text._f_prepareformat
                0x200198ac      0x8b8 C:/ISIS/workspace/ycube/GlobusSatProject/..//hal/hcc/lib\libHCCD.a(fat_common.o)
 .text._f_resetfatentries
                0x2001a164      0x410 C:/ISIS/workspace/ycube/GlobusSatProject/..//hal/hcc/lib\libHCCD.a(fat_common.o)
 .text._f_resetrootdir
                0x2001a574       0xcc C:/ISIS/workspace/ycube/GlobusSatProject/..//hal/hcc/lib\libHCCD.a(fat_common.o)
 .text._f_postformat
                0x2001a640      0x178 C:/ISIS/workspace/ycube/GlobusSatProject/..//hal/hcc/lib\libHCCD.a(fat_common.o)
 .text.fn_format
                0x2001a7b8      0x148 C:/ISIS/workspace/ycube/GlobusSatProject/..//hal/hcc/lib\libHCCD.a(fat_common.o)
                0x2001a7b8                fn_format
 .text._f_getcurrsector
                0x2001a900      0x6c8 C:/ISIS/workspace/ycube/GlobusSatProject/..//hal/hcc/lib\libHCCD.a(fat_common.o)
                0x2001a900                _f_getcurrsector
 .text._f_getdecluster
                0x2001afc8       0x90 C:/ISIS/workspace/ycube/GlobusSatProject/..//hal/hcc/lib\libHCCD.a(fat_common.o)
                0x2001afc8                _f_getdecluster
 .text._f_setdecluster
                0x2001b058       0x8c C:/ISIS/workspace/ycube/GlobusSatProject/..//hal/hcc/lib\libHCCD.a(fat_common.o)
                0x2001b058                _f_setdecluster
 .text.fn_getdrive
                0x2001b0e4       0x30 C:/ISIS/workspace/ycube/GlobusSatProject/..//hal/hcc/lib\libHCCD.a(fat_common.o)
                0x2001b0e4                fn_getdrive
 .text._f_getcurrenttimedate
                0x2001b114      0x138 C:/ISIS/workspace/ycube/GlobusSatProject/..//hal/hcc/lib\libHCCD.a(fat_common.o)
                0x2001b114                _f_getcurrenttimedate
 .text._f_initentry
                0x2001b24c       0xa0 C:/ISIS/workspace/ycube/GlobusSatProject/..//hal/hcc/lib\libHCCD.a(fat_common.o)
                0x2001b24c                _f_initentry
 .text._f_alloccluster
                0x2001b2ec      0x344 C:/ISIS/workspace/ycube/GlobusSatProject/..//hal/hcc/lib\libHCCD.a(fat_common.o)
                0x2001b2ec                _f_alloccluster
 .text._f_dobadblock
                0x2001b630      0x2cc C:/ISIS/workspace/ycube/GlobusSatProject/..//hal/hcc/lib\libHCCD.a(fat_common.o)
                0x2001b630                _f_dobadblock
 .text._f_checklocked
                0x2001b8fc       0xe4 C:/ISIS/workspace/ycube/GlobusSatProject/..//hal/hcc/lib\libHCCD.a(fat_common.o)
                0x2001b8fc                _f_checklocked
 .text._f_checkappendlocked
                0x2001b9e0      0x110 C:/ISIS/workspace/ycube/GlobusSatProject/..//hal/hcc/lib\libHCCD.a(fat_common.o)
                0x2001b9e0                _f_checkappendlocked
 .text._f_setsyncafile
                0x2001baf0      0x114 C:/ISIS/workspace/ycube/GlobusSatProject/..//hal/hcc/lib\libHCCD.a(fat_common.o)
                0x2001baf0                _f_setsyncafile
 .text._f_syncfiles
                0x2001bc04      0x128 C:/ISIS/workspace/ycube/GlobusSatProject/..//hal/hcc/lib\libHCCD.a(fat_common.o)
                0x2001bc04                _f_syncfiles
 .text._f_syncfilescontent
                0x2001bd2c      0x15c C:/ISIS/workspace/ycube/GlobusSatProject/..//hal/hcc/lib\libHCCD.a(fat_common.o)
 .text.fn_getfreespace
                0x2001be88      0x4c0 C:/ISIS/workspace/ycube/GlobusSatProject/..//hal/hcc/lib\libHCCD.a(fat_common.o)
                0x2001be88                fn_getfreespace
 .text._f_emptywritecache
                0x2001c348      0x4a4 C:/ISIS/workspace/ycube/GlobusSatProject/..//hal/hcc/lib\libHCCD.a(fat_common.o)
 .text._f_allocnextcluster
                0x2001c7ec      0x54c C:/ISIS/workspace/ycube/GlobusSatProject/..//hal/hcc/lib\libHCCD.a(fat_common.o)
 .text._f_emptywritebuffer
                0x2001cd38      0x20c C:/ISIS/workspace/ycube/GlobusSatProject/..//hal/hcc/lib\libHCCD.a(fat_common.o)
 .text._f_writezeros
                0x2001cf44       0xf0 C:/ISIS/workspace/ycube/GlobusSatProject/..//hal/hcc/lib\libHCCD.a(fat_common.o)
                0x2001cf44                _f_writezeros
 .text._f_extend_file
                0x2001d034      0x570 C:/ISIS/workspace/ycube/GlobusSatProject/..//hal/hcc/lib\libHCCD.a(fat_common.o)
 .text._f_fseek
                0x2001d5a4      0x9bc C:/ISIS/workspace/ycube/GlobusSatProject/..//hal/hcc/lib\libHCCD.a(fat_common.o)
                0x2001d5a4                _f_fseek
 .text._f_removechain
                0x2001df60      0x104 C:/ISIS/workspace/ycube/GlobusSatProject/..//hal/hcc/lib\libHCCD.a(fat_common.o)
                0x2001df60                _f_removechain
 .text._f_updatefileentry
                0x2001e064      0x1cc C:/ISIS/workspace/ycube/GlobusSatProject/..//hal/hcc/lib\libHCCD.a(fat_common.o)
 .text._f_checkreadlocked
                0x2001e230      0x1bc C:/ISIS/workspace/ycube/GlobusSatProject/..//hal/hcc/lib\libHCCD.a(fat_common.o)
                0x2001e230                _f_checkreadlocked
 .text._f_check_handle
                0x2001e3ec       0x98 C:/ISIS/workspace/ycube/GlobusSatProject/..//hal/hcc/lib\libHCCD.a(fat_common.o)
                0x2001e3ec                _f_check_handle
 .text._f_removesyncafile
                0x2001e484      0x1ec C:/ISIS/workspace/ycube/GlobusSatProject/..//hal/hcc/lib\libHCCD.a(fat_common.o)
 .text.fn_close
                0x2001e670      0x3f8 C:/ISIS/workspace/ycube/GlobusSatProject/..//hal/hcc/lib\libHCCD.a(fat_common.o)
                0x2001e670                fn_close
 .text.fn_flush
                0x2001ea68      0x374 C:/ISIS/workspace/ycube/GlobusSatProject/..//hal/hcc/lib\libHCCD.a(fat_common.o)
                0x2001ea68                fn_flush
 .text.fn_read  0x2001eddc      0x690 C:/ISIS/workspace/ycube/GlobusSatProject/..//hal/hcc/lib\libHCCD.a(fat_common.o)
                0x2001eddc                fn_read
 .text._f_abortwrite
                0x2001f46c      0x100 C:/ISIS/workspace/ycube/GlobusSatProject/..//hal/hcc/lib\libHCCD.a(fat_common.o)
 .text._f_checkwritecluster
                0x2001f56c       0xe4 C:/ISIS/workspace/ycube/GlobusSatProject/..//hal/hcc/lib\libHCCD.a(fat_common.o)
 .text.fn_write
                0x2001f650      0x8a8 C:/ISIS/workspace/ycube/GlobusSatProject/..//hal/hcc/lib\libHCCD.a(fat_common.o)
                0x2001f650                fn_write
 .text.fn_seek  0x2001fef8      0x270 C:/ISIS/workspace/ycube/GlobusSatProject/..//hal/hcc/lib\libHCCD.a(fat_common.o)
                0x2001fef8                fn_seek
 .text.fn_tell  0x20020168      0x19c C:/ISIS/workspace/ycube/GlobusSatProject/..//hal/hcc/lib\libHCCD.a(fat_common.o)
                0x20020168                fn_tell
 .text.fn_rewind
                0x20020304       0x38 C:/ISIS/workspace/ycube/GlobusSatProject/..//hal/hcc/lib\libHCCD.a(fat_common.o)
                0x20020304                fn_rewind
 .text.fn_putc  0x2002033c       0x68 C:/ISIS/workspace/ycube/GlobusSatProject/..//hal/hcc/lib\libHCCD.a(fat_common.o)
                0x2002033c                fn_putc
 .text.f_enterFS
                0x200203a4      0x1c0 C:/ISIS/workspace/ycube/GlobusSatProject/..//hal/hcc/lib\libHCCD.a(fat_common.o)
                0x200203a4                f_enterFS
 .text.f_releaseFS
                0x20020564       0xb0 C:/ISIS/workspace/ycube/GlobusSatProject/..//hal/hcc/lib\libHCCD.a(fat_common.o)
                0x20020564                f_releaseFS
 .text.fnGetTask
                0x20020614       0xfc C:/ISIS/workspace/ycube/GlobusSatProject/..//hal/hcc/lib\libHCCD.a(fat_common.o)
                0x20020614                fnGetTask
 .text._f_mutex_get
                0x20020710       0x98 C:/ISIS/workspace/ycube/GlobusSatProject/..//hal/hcc/lib\libHCCD.a(fat_common.o)
                0x20020710                _f_mutex_get
 .text._f_mutex_put
                0x200207a8       0x54 C:/ISIS/workspace/ycube/GlobusSatProject/..//hal/hcc/lib\libHCCD.a(fat_common.o)
                0x200207a8                _f_mutex_put
 .text._fn_initseekdivisor
                0x200207fc      0x158 C:/ISIS/workspace/ycube/GlobusSatProject/..//hal/hcc/lib\libHCCD.a(fat_common.o)
                0x200207fc                _fn_initseekdivisor
 .text._fn_updateseekpos
                0x20020954       0xc4 C:/ISIS/workspace/ycube/GlobusSatProject/..//hal/hcc/lib\libHCCD.a(fat_common.o)
 .text._f_findopensize
                0x20020a18       0x2c C:/ISIS/workspace/ycube/GlobusSatProject/..//hal/hcc/lib\libHCCD.a(fat_common.o)
                0x20020a18                _f_findopensize
 .text.fn_setlasterror
                0x20020a44       0x34 C:/ISIS/workspace/ycube/GlobusSatProject/..//hal/hcc/lib\libHCCD.a(fat_common.o)
                0x20020a44                fn_setlasterror
 .text.fn_setlasterror_noret
                0x20020a78       0x2c C:/ISIS/workspace/ycube/GlobusSatProject/..//hal/hcc/lib\libHCCD.a(fat_common.o)
                0x20020a78                fn_setlasterror_noret
 .text._s_checkzeroclusteratend
                0x20020aa4       0xf8 C:/ISIS/workspace/ycube/GlobusSatProject/..//hal/hcc/lib\libHCCD.a(safefat.o)
 .text._s_clearclustercontent
                0x20020b9c      0x108 C:/ISIS/workspace/ycube/GlobusSatProject/..//hal/hcc/lib\libHCCD.a(safefat.o)
 .text._s_clearclustercontentdir
                0x20020ca4      0x19c C:/ISIS/workspace/ycube/GlobusSatProject/..//hal/hcc/lib\libHCCD.a(safefat.o)
 .text._s_writedirsector
                0x20020e40       0xd0 C:/ISIS/workspace/ycube/GlobusSatProject/..//hal/hcc/lib\libHCCD.a(safefat.o)
 .text._s_getdirsector
                0x20020f10      0x100 C:/ISIS/workspace/ycube/GlobusSatProject/..//hal/hcc/lib\libHCCD.a(safefat.o)
 .text._s_addentry
                0x20021010      0x394 C:/ISIS/workspace/ycube/GlobusSatProject/..//hal/hcc/lib\libHCCD.a(safefat.o)
 .text._s_findfile
                0x200213a4      0x33c C:/ISIS/workspace/ycube/GlobusSatProject/..//hal/hcc/lib\libHCCD.a(safefat.o)
 .text._s_findsubdir
                0x200216e0      0x248 C:/ISIS/workspace/ycube/GlobusSatProject/..//hal/hcc/lib\libHCCD.a(safefat.o)
 .text._s_createfile
                0x20021928      0x190 C:/ISIS/workspace/ycube/GlobusSatProject/..//hal/hcc/lib\libHCCD.a(safefat.o)
 .text._s_findsaffile
                0x20021ab8      0x1b8 C:/ISIS/workspace/ycube/GlobusSatProject/..//hal/hcc/lib\libHCCD.a(safefat.o)
 .text._s_open  0x20021c70       0xe4 C:/ISIS/workspace/ycube/GlobusSatProject/..//hal/hcc/lib\libHCCD.a(safefat.o)
 .text._s_open_saf
                0x20021d54       0xe8 C:/ISIS/workspace/ycube/GlobusSatProject/..//hal/hcc/lib\libHCCD.a(safefat.o)
 .text._s_flush
                0x20021e3c       0x84 C:/ISIS/workspace/ycube/GlobusSatProject/..//hal/hcc/lib\libHCCD.a(safefat.o)
 .text._s_allocnextcluster
                0x20021ec0      0x13c C:/ISIS/workspace/ycube/GlobusSatProject/..//hal/hcc/lib\libHCCD.a(safefat.o)
 .text._s_getnextsector
                0x20021ffc       0xdc C:/ISIS/workspace/ycube/GlobusSatProject/..//hal/hcc/lib\libHCCD.a(safefat.o)
 .text._s_seek  0x200220d8      0x1e8 C:/ISIS/workspace/ycube/GlobusSatProject/..//hal/hcc/lib\libHCCD.a(safefat.o)
 .text._s_get_len
                0x200222c0      0x10c C:/ISIS/workspace/ycube/GlobusSatProject/..//hal/hcc/lib\libHCCD.a(safefat.o)
 .text._s_set_len
                0x200223cc       0xb4 C:/ISIS/workspace/ycube/GlobusSatProject/..//hal/hcc/lib\libHCCD.a(safefat.o)
 .text.safe_fix_filelengths
                0x20022480       0xcc C:/ISIS/workspace/ycube/GlobusSatProject/..//hal/hcc/lib\libHCCD.a(safefat.o)
                0x20022480                safe_fix_filelengths
 .text._s_read  0x2002254c      0x228 C:/ISIS/workspace/ycube/GlobusSatProject/..//hal/hcc/lib\libHCCD.a(safefat.o)
 .text._s_write
                0x20022774      0x384 C:/ISIS/workspace/ycube/GlobusSatProject/..//hal/hcc/lib\libHCCD.a(safefat.o)
 .text._s_restoreclusters
                0x20022af8      0x270 C:/ISIS/workspace/ycube/GlobusSatProject/..//hal/hcc/lib\libHCCD.a(safefat.o)
                0x20022af8                _s_restoreclusters
 .text._s_findrestore
                0x20022d68      0x18c C:/ISIS/workspace/ycube/GlobusSatProject/..//hal/hcc/lib\libHCCD.a(safefat.o)
 .text._s_cmd_writede
                0x20022ef4       0xd8 C:/ISIS/workspace/ycube/GlobusSatProject/..//hal/hcc/lib\libHCCD.a(safefat.o)
 .text._s_cmd_setcluster
                0x20022fcc       0x88 C:/ISIS/workspace/ycube/GlobusSatProject/..//hal/hcc/lib\libHCCD.a(safefat.o)
 .text._s_cmd_deletechain
                0x20023054      0x100 C:/ISIS/workspace/ycube/GlobusSatProject/..//hal/hcc/lib\libHCCD.a(safefat.o)
 .text._s_cmd_validatecfn
                0x20023154      0x308 C:/ISIS/workspace/ycube/GlobusSatProject/..//hal/hcc/lib\libHCCD.a(safefat.o)
 .text._s_cmd_seteof
                0x2002345c      0x3c4 C:/ISIS/workspace/ycube/GlobusSatProject/..//hal/hcc/lib\libHCCD.a(safefat.o)
 .text.safe_docommands
                0x20023820      0x56c C:/ISIS/workspace/ycube/GlobusSatProject/..//hal/hcc/lib\libHCCD.a(safefat.o)
                0x20023820                safe_docommands
 .text.safe_entercommand
                0x20023d8c       0x68 C:/ISIS/workspace/ycube/GlobusSatProject/..//hal/hcc/lib\libHCCD.a(safefat.o)
                0x20023d8c                safe_entercommand
 .text.safe_ready
                0x20023df4       0xf4 C:/ISIS/workspace/ycube/GlobusSatProject/..//hal/hcc/lib\libHCCD.a(safefat.o)
                0x20023df4                safe_ready
 .text.safe_copycfn
                0x20023ee8       0xb8 C:/ISIS/workspace/ycube/GlobusSatProject/..//hal/hcc/lib\libHCCD.a(safefat.o)
                0x20023ee8                safe_copycfn
 .text.safe_cfremove
                0x20023fa0       0xb8 C:/ISIS/workspace/ycube/GlobusSatProject/..//hal/hcc/lib\libHCCD.a(safefat.o)
                0x20023fa0                safe_cfremove
 .text.safe_writede
                0x20024058      0x104 C:/ISIS/workspace/ycube/GlobusSatProject/..//hal/hcc/lib\libHCCD.a(safefat.o)
                0x20024058                safe_writede
 .text.safe_setcluster
                0x2002415c       0xcc C:/ISIS/workspace/ycube/GlobusSatProject/..//hal/hcc/lib\libHCCD.a(safefat.o)
                0x2002415c                safe_setcluster
 .text.safe_deletechain
                0x20024228      0x1c8 C:/ISIS/workspace/ycube/GlobusSatProject/..//hal/hcc/lib\libHCCD.a(safefat.o)
                0x20024228                safe_deletechain
 .text.safe_cfclose
                0x200243f0      0x104 C:/ISIS/workspace/ycube/GlobusSatProject/..//hal/hcc/lib\libHCCD.a(safefat.o)
                0x200243f0                safe_cfclose
 .text.safe_cfflush
                0x200244f4      0x124 C:/ISIS/workspace/ycube/GlobusSatProject/..//hal/hcc/lib\libHCCD.a(safefat.o)
                0x200244f4                safe_cfflush
 .text.safe_reset
                0x20024618       0x78 C:/ISIS/workspace/ycube/GlobusSatProject/..//hal/hcc/lib\libHCCD.a(safefat.o)
                0x20024618                safe_reset
 .text.safe_loadcommands
                0x20024690       0x78 C:/ISIS/workspace/ycube/GlobusSatProject/..//hal/hcc/lib\libHCCD.a(safefat.o)
                0x20024690                safe_loadcommands
 .text.safe_poweron
                0x20024708      0x1fc C:/ISIS/workspace/ycube/GlobusSatProject/..//hal/hcc/lib\libHCCD.a(safefat.o)
                0x20024708                safe_poweron
 .text.cf_getname
                0x20024904       0xc0 C:/ISIS/workspace/ycube/GlobusSatProject/..//hal/hcc/lib\libHCCD.a(safefat.o)
 .text.cf_copyclusterchain
                0x200249c4      0x138 C:/ISIS/workspace/ycube/GlobusSatProject/..//hal/hcc/lib\libHCCD.a(safefat.o)
 .text.cf_seektozero
                0x20024afc       0x94 C:/ISIS/workspace/ycube/GlobusSatProject/..//hal/hcc/lib\libHCCD.a(safefat.o)
                0x20024afc                cf_seektozero
 .text.cf_create
                0x20024b90      0x3a8 C:/ISIS/workspace/ycube/GlobusSatProject/..//hal/hcc/lib\libHCCD.a(safefat.o)
                0x20024b90                cf_create
 .text.cf_copyclustercontent
                0x20024f38      0x128 C:/ISIS/workspace/ycube/GlobusSatProject/..//hal/hcc/lib\libHCCD.a(safefat.o)
                0x20024f38                cf_copyclustercontent
 .text.cf_copycfn
                0x20025060      0x4bc C:/ISIS/workspace/ycube/GlobusSatProject/..//hal/hcc/lib\libHCCD.a(safefat.o)
                0x20025060                cf_copycfn
 .text.cf_remove
                0x2002551c      0x344 C:/ISIS/workspace/ycube/GlobusSatProject/..//hal/hcc/lib\libHCCD.a(safefat.o)
                0x2002551c                cf_remove
 .text.cf_setclusternew
                0x20025860       0xf0 C:/ISIS/workspace/ycube/GlobusSatProject/..//hal/hcc/lib\libHCCD.a(safefat.o)
                0x20025860                cf_setclusternew
 .text.cf_flush
                0x20025950       0x58 C:/ISIS/workspace/ycube/GlobusSatProject/..//hal/hcc/lib\libHCCD.a(safefat.o)
                0x20025950                cf_flush
 .text.cf_getcluster
                0x200259a8      0x1b4 C:/ISIS/workspace/ycube/GlobusSatProject/..//hal/hcc/lib\libHCCD.a(safefat.o)
                0x200259a8                cf_getcluster
 .text.cf_setnextcluster
                0x20025b5c      0x194 C:/ISIS/workspace/ycube/GlobusSatProject/..//hal/hcc/lib\libHCCD.a(safefat.o)
                0x20025b5c                cf_setnextcluster
 .text.cf_getpositions
                0x20025cf0       0xbc C:/ISIS/workspace/ycube/GlobusSatProject/..//hal/hcc/lib\libHCCD.a(safefat.o)
                0x20025cf0                cf_getpositions
 .text.cf_setpositions
                0x20025dac       0xb0 C:/ISIS/workspace/ycube/GlobusSatProject/..//hal/hcc/lib\libHCCD.a(safefat.o)
                0x20025dac                cf_setpositions
 .text.cf_opensyncafile
                0x20025e5c      0x150 C:/ISIS/workspace/ycube/GlobusSatProject/..//hal/hcc/lib\libHCCD.a(safefat.o)
                0x20025e5c                cf_opensyncafile
 .text.cf_reloadcfo
                0x20025fac       0xd8 C:/ISIS/workspace/ycube/GlobusSatProject/..//hal/hcc/lib\libHCCD.a(safefat.o)
                0x20025fac                cf_reloadcfo
 .text.mcipdc_cmd
                0x20026084      0x22c C:/ISIS/workspace/ycube/GlobusSatProject/..//hal/hcc/lib\libHCCD.a(atmel_mcipdc.o)
 .text.mcipdc_stop
                0x200262b0       0xfc C:/ISIS/workspace/ycube/GlobusSatProject/..//hal/hcc/lib\libHCCD.a(atmel_mcipdc.o)
                0x200262b0                mcipdc_stop
 .text.mcipdc_read
                0x200263ac      0x27c C:/ISIS/workspace/ycube/GlobusSatProject/..//hal/hcc/lib\libHCCD.a(atmel_mcipdc.o)
 .text.mcipdc_write
                0x20026628      0x298 C:/ISIS/workspace/ycube/GlobusSatProject/..//hal/hcc/lib\libHCCD.a(atmel_mcipdc.o)
 .text.mcipdc_readsector
                0x200268c0       0x9c C:/ISIS/workspace/ycube/GlobusSatProject/..//hal/hcc/lib\libHCCD.a(atmel_mcipdc.o)
                0x200268c0                mcipdc_readsector
 .text.mcipdc_readmultiplesector
                0x2002695c      0x124 C:/ISIS/workspace/ycube/GlobusSatProject/..//hal/hcc/lib\libHCCD.a(atmel_mcipdc.o)
                0x2002695c                mcipdc_readmultiplesector
 .text.mcipdc_writesector
                0x20026a80       0x90 C:/ISIS/workspace/ycube/GlobusSatProject/..//hal/hcc/lib\libHCCD.a(atmel_mcipdc.o)
                0x20026a80                mcipdc_writesector
 .text.mcipdc_writemultiplesector
                0x20026b10      0x120 C:/ISIS/workspace/ycube/GlobusSatProject/..//hal/hcc/lib\libHCCD.a(atmel_mcipdc.o)
                0x20026b10                mcipdc_writemultiplesector
 .text.mcipdc_set_speed
                0x20026c30       0xb0 C:/ISIS/workspace/ycube/GlobusSatProject/..//hal/hcc/lib\libHCCD.a(atmel_mcipdc.o)
 .text.mcipdc_get_speed
                0x20026ce0       0x48 C:/ISIS/workspace/ycube/GlobusSatProject/..//hal/hcc/lib\libHCCD.a(atmel_mcipdc.o)
 .text._get_csd_bits
                0x20026d28      0x14c C:/ISIS/workspace/ycube/GlobusSatProject/..//hal/hcc/lib\libHCCD.a(atmel_mcipdc.o)
 .text.mcipdc_initcard
                0x20026e74      0x8f4 C:/ISIS/workspace/ycube/GlobusSatProject/..//hal/hcc/lib\libHCCD.a(atmel_mcipdc.o)
 .text.mcipdc_getstatus
                0x20027768       0xe8 C:/ISIS/workspace/ycube/GlobusSatProject/..//hal/hcc/lib\libHCCD.a(atmel_mcipdc.o)
 .text.mcipdc_getphy
                0x20027850       0x90 C:/ISIS/workspace/ycube/GlobusSatProject/..//hal/hcc/lib\libHCCD.a(atmel_mcipdc.o)
 .text.mcipdc_release
                0x200278e0       0x50 C:/ISIS/workspace/ycube/GlobusSatProject/..//hal/hcc/lib\libHCCD.a(atmel_mcipdc.o)
 .text.atmel_mcipdc_initfunc
                0x20027930      0x160 C:/ISIS/workspace/ycube/GlobusSatProject/..//hal/hcc/lib\libHCCD.a(atmel_mcipdc.o)
                0x20027930                atmel_mcipdc_initfunc
 .text.oal_task_get_id
                0x20027a90       0x18 C:/ISIS/workspace/ycube/GlobusSatProject/..//hal/hcc/lib\libHCCD.a(oalp_task.o)
                0x20027a90                oal_task_get_id
 .text.oal_mutex_create
                0x20027aa8       0x54 C:/ISIS/workspace/ycube/GlobusSatProject/..//hal/hcc/lib\libHCCD.a(oalp_mutex.o)
                0x20027aa8                oal_mutex_create
 .text.oal_mutex_delete
                0x20027afc       0x30 C:/ISIS/workspace/ycube/GlobusSatProject/..//hal/hcc/lib\libHCCD.a(oalp_mutex.o)
                0x20027afc                oal_mutex_delete
 .text.oal_mutex_get
                0x20027b2c       0x58 C:/ISIS/workspace/ycube/GlobusSatProject/..//hal/hcc/lib\libHCCD.a(oalp_mutex.o)
                0x20027b2c                oal_mutex_get
 .text.oal_mutex_put
                0x20027b84       0x58 C:/ISIS/workspace/ycube/GlobusSatProject/..//hal/hcc/lib\libHCCD.a(oalp_mutex.o)
                0x20027b84                oal_mutex_put
 .text.mcipdc_hw_init
                0x20027bdc       0xe8 C:/ISIS/workspace/ycube/GlobusSatProject/..//hal/hcc/lib\libHCCD.a(atmel_mcipdc_hw.o)
                0x20027bdc                mcipdc_hw_init
 .text.mcipdc_hw_delete
                0x20027cc4       0x78 C:/ISIS/workspace/ycube/GlobusSatProject/..//hal/hcc/lib\libHCCD.a(atmel_mcipdc_hw.o)
                0x20027cc4                mcipdc_hw_delete
 .text.mcipdc_hw_card_plugged
                0x20027d3c       0x1c C:/ISIS/workspace/ycube/GlobusSatProject/..//hal/hcc/lib\libHCCD.a(atmel_mcipdc_hw.o)
                0x20027d3c                mcipdc_hw_card_plugged
 .text.mcipdc_hw_card_writeprotect
                0x20027d58       0x1c C:/ISIS/workspace/ycube/GlobusSatProject/..//hal/hcc/lib\libHCCD.a(atmel_mcipdc_hw.o)
                0x20027d58                mcipdc_hw_card_writeprotect
 .text.psp_getrand
                0x20027d74      0x14c C:/ISIS/workspace/ycube/GlobusSatProject/..//hal/hcc/lib\libHCCD.a(psp_rand.o)
                0x20027d74                psp_getrand
 .text.psp_getcurrenttimedate
                0x20027ec0       0x8c C:/ISIS/workspace/ycube/GlobusSatProject/..//hal/hcc/lib\libHCCD.a(psp_rtc.o)
                0x20027ec0                psp_getcurrenttimedate
 .text._hcc_get_buf_dsc
                0x20027f4c       0x8c C:/ISIS/workspace/ycube/GlobusSatProject/..//hal/hcc/lib\libHCCD.a(hcc_mem.o)
 .text._hcc_check_free_pages
                0x20027fd8      0x18c C:/ISIS/workspace/ycube/GlobusSatProject/..//hal/hcc/lib\libHCCD.a(hcc_mem.o)
 .text._hcc_mark_pages
                0x20028164      0x158 C:/ISIS/workspace/ycube/GlobusSatProject/..//hal/hcc/lib\libHCCD.a(hcc_mem.o)
 .text._hcc_clear_lock_dsc
                0x200282bc       0x80 C:/ISIS/workspace/ycube/GlobusSatProject/..//hal/hcc/lib\libHCCD.a(hcc_mem.o)
 .text._hcc_lock_access
                0x2002833c      0x128 C:/ISIS/workspace/ycube/GlobusSatProject/..//hal/hcc/lib\libHCCD.a(hcc_mem.o)
 .text._hcc_unlock_access
                0x20028464       0x30 C:/ISIS/workspace/ycube/GlobusSatProject/..//hal/hcc/lib\libHCCD.a(hcc_mem.o)
 .text.hcc_mem_alloc
                0x20028494      0x454 C:/ISIS/workspace/ycube/GlobusSatProject/..//hal/hcc/lib\libHCCD.a(hcc_mem.o)
                0x20028494                hcc_mem_alloc
 .text.hcc_mem_free
                0x200288e8      0x178 C:/ISIS/workspace/ycube/GlobusSatProject/..//hal/hcc/lib\libHCCD.a(hcc_mem.o)
                0x200288e8                hcc_mem_free
 .text.hcc_mem_add
                0x20028a60      0x3b0 C:/ISIS/workspace/ycube/GlobusSatProject/..//hal/hcc/lib\libHCCD.a(hcc_mem.o)
                0x20028a60                hcc_mem_add
 .text.hcc_mem_init
                0x20028e10      0x164 C:/ISIS/workspace/ycube/GlobusSatProject/..//hal/hcc/lib\libHCCD.a(hcc_mem.o)
                0x20028e10                hcc_mem_init
 .text.hcc_mem_delete
                0x20028f74       0x94 C:/ISIS/workspace/ycube/GlobusSatProject/..//hal/hcc/lib\libHCCD.a(hcc_mem.o)
                0x20028f74                hcc_mem_delete
 .text.hcc_mem_buf_alloc
                0x20029008       0xe4 C:/ISIS/workspace/ycube/GlobusSatProject/..//hal/hcc/lib\libHCCD.a(psp_hcc_mem.o)
                0x20029008                hcc_mem_buf_alloc
 .text.hcc_mem_buf_free
                0x200290ec       0x6c C:/ISIS/workspace/ycube/GlobusSatProject/..//hal/hcc/lib\libHCCD.a(psp_hcc_mem.o)
                0x200290ec                hcc_mem_buf_free
 .text.IsisSolarPanelv2_initialize
                0x20029158      0x118 C:/ISIS/workspace/ycube/GlobusSatProject/..//satellite-subsystems/satellite-subsystems/lib\libSatelliteSubsystemsD.a(IsisSolarPanelv2.o)
                0x20029158                IsisSolarPanelv2_initialize
 .text.IsisSolarPanelv2_getTemperature
                0x20029270       0xfc C:/ISIS/workspace/ycube/GlobusSatProject/..//satellite-subsystems/satellite-subsystems/lib\libSatelliteSubsystemsD.a(IsisSolarPanelv2.o)
                0x20029270                IsisSolarPanelv2_getTemperature
 .text._Reset   0x2002936c       0x20 C:/ISIS/workspace/ycube/GlobusSatProject/..//satellite-subsystems/satellite-subsystems/lib\libSatelliteSubsystemsD.a(IsisSolarPanelv2.o)
 .text._WaitForStartup
                0x2002938c       0xa0 C:/ISIS/workspace/ycube/GlobusSatProject/..//satellite-subsystems/satellite-subsystems/lib\libSatelliteSubsystemsD.a(IsisSolarPanelv2.o)
 .text._AssignAllChannels
                0x2002942c       0x90 C:/ISIS/workspace/ycube/GlobusSatProject/..//satellite-subsystems/satellite-subsystems/lib\libSatelliteSubsystemsD.a(IsisSolarPanelv2.o)
 .text._AssignThisChannel
                0x200294bc       0xe8 C:/ISIS/workspace/ycube/GlobusSatProject/..//satellite-subsystems/satellite-subsystems/lib\libSatelliteSubsystemsD.a(IsisSolarPanelv2.o)
 .text._InitiateConversion
                0x200295a4       0xac C:/ISIS/workspace/ycube/GlobusSatProject/..//satellite-subsystems/satellite-subsystems/lib\libSatelliteSubsystemsD.a(IsisSolarPanelv2.o)
 .text._WaitForConversionComplete
                0x20029650      0x110 C:/ISIS/workspace/ycube/GlobusSatProject/..//satellite-subsystems/satellite-subsystems/lib\libSatelliteSubsystemsD.a(IsisSolarPanelv2.o)
 .text._ReadResult
                0x20029760      0x158 C:/ISIS/workspace/ycube/GlobusSatProject/..//satellite-subsystems/satellite-subsystems/lib\libSatelliteSubsystemsD.a(IsisSolarPanelv2.o)
 .text._ExtractByte
                0x200298b8       0x38 C:/ISIS/workspace/ycube/GlobusSatProject/..//satellite-subsystems/satellite-subsystems/lib\libSatelliteSubsystemsD.a(IsisSolarPanelv2.o)
 .text._ExtendSign
                0x200298f0       0x6c C:/ISIS/workspace/ycube/GlobusSatProject/..//satellite-subsystems/satellite-subsystems/lib\libSatelliteSubsystemsD.a(IsisSolarPanelv2.o)
 .text._PinsInit
                0x2002995c       0x68 C:/ISIS/workspace/ycube/GlobusSatProject/..//satellite-subsystems/satellite-subsystems/lib\libSatelliteSubsystemsD.a(IsisSolarPanelv2.o)
 .text._SpiWriteRead
                0x200299c4       0x70 C:/ISIS/workspace/ycube/GlobusSatProject/..//satellite-subsystems/satellite-subsystems/lib\libSatelliteSubsystemsD.a(IsisSolarPanelv2.o)
 .text.ISIS_ANTS_REV2_Init
                0x20029a34       0xc4 C:/ISIS/workspace/ycube/GlobusSatProject/..//satellite-subsystems/satellite-subsystems/lib\libSatelliteSubsystemsD.a(isis_ants_rev2.o)
                0x20029a34                ISIS_ANTS_REV2_Init
 .text.isis_ants_rev2__arm
                0x20029af8       0x98 C:/ISIS/workspace/ycube/GlobusSatProject/..//satellite-subsystems/satellite-subsystems/lib\libSatelliteSubsystemsD.a(isis_ants_rev2.o)
                0x20029af8                isis_ants_rev2__arm
 .text.isis_ants_rev2__cancel_deploy
                0x20029b90       0x98 C:/ISIS/workspace/ycube/GlobusSatProject/..//satellite-subsystems/satellite-subsystems/lib\libSatelliteSubsystemsD.a(isis_ants_rev2.o)
                0x20029b90                isis_ants_rev2__cancel_deploy
 .text.isis_ants_rev2__disarm
                0x20029c28       0x98 C:/ISIS/workspace/ycube/GlobusSatProject/..//satellite-subsystems/satellite-subsystems/lib\libSatelliteSubsystemsD.a(isis_ants_rev2.o)
                0x20029c28                isis_ants_rev2__disarm
 .text.isis_ants_rev2__get_status
                0x20029cc0       0xa8 C:/ISIS/workspace/ycube/GlobusSatProject/..//satellite-subsystems/satellite-subsystems/lib\libSatelliteSubsystemsD.a(isis_ants_rev2.o)
                0x20029cc0                isis_ants_rev2__get_status
 .text.isis_ants_rev2__get_uptime
                0x20029d68       0xa8 C:/ISIS/workspace/ycube/GlobusSatProject/..//satellite-subsystems/satellite-subsystems/lib\libSatelliteSubsystemsD.a(isis_ants_rev2.o)
                0x20029d68                isis_ants_rev2__get_uptime
 .text.isis_ants_rev2__reset
                0x20029e10       0x98 C:/ISIS/workspace/ycube/GlobusSatProject/..//satellite-subsystems/satellite-subsystems/lib\libSatelliteSubsystemsD.a(isis_ants_rev2.o)
                0x20029e10                isis_ants_rev2__reset
 .text.isis_ants_rev2__start_auto_deploy