Archive member included because of file (symbol)

C:/ISIS/workspace_ycube/GlobusSatProject/..//hal/hal/lib\libHALD.a(I2C.o)
                              ./src/SubSystemModules/Communication/SubsystemCommands/Maintanence_Commands.o (I2C_write)
C:/ISIS/workspace_ycube/GlobusSatProject/..//hal/hal/lib\libHALD.a(SPI.o)
                              ./src/InitSystem.o (SPI_start)
C:/ISIS/workspace_ycube/GlobusSatProject/..//hal/hal/lib\libHALD.a(FRAM.o)
                              ./src/SubSystemModules/Communication/SubsystemCommands/Maintanence_Commands.o (FRAM_start)
C:/ISIS/workspace_ycube/GlobusSatProject/..//hal/hal/lib\libHALD.a(Time.o)
                              ./src/InitSystem.o (Time_start)
C:/ISIS/workspace_ycube/GlobusSatProject/..//hal/hal/lib\libHALD.a(WatchDogTimerNoOS.o)
                              ./src/main.o (WDT_start)
C:/ISIS/workspace_ycube/GlobusSatProject/..//hal/hal/lib\libHALD.a(WatchDogTimerOS.o)
                              ./src/TestingDemos/MainTest.o (WDT_startWatchdogKickTask)
C:/ISIS/workspace_ycube/GlobusSatProject/..//hal/hal/lib\libHALD.a(util.o)
                              ./src/TestingDemos/EpsTestingDemo.o (UTIL_DbguGetInteger)
C:/ISIS/workspace_ycube/GlobusSatProject/..//hal/hal/lib\libHALD.a(LED.o)
                              C:/ISIS/workspace_ycube/GlobusSatProject/..//hal/hal/lib\libHALD.a(WatchDogTimerOS.o) (LED_toggle)
C:/ISIS/workspace_ycube/GlobusSatProject/..//hal/hal/lib\libHALD.a(RTC.o)
                              C:/ISIS/workspace_ycube/GlobusSatProject/..//hal/hal/lib\libHALD.a(Time.o) (RTC_getTime)
C:/ISIS/workspace_ycube/GlobusSatProject/..//hal/hal/lib\libHALD.a(RTT.o)
                              C:/ISIS/workspace_ycube/GlobusSatProject/..//hal/hal/lib\libHALD.a(Time.o) (RTT_start)
C:/ISIS/workspace_ycube/GlobusSatProject/..//hal/hcc/lib\libHCCD.a(fat_common.o)
                              ./src/TLM_management.o (fn_init)
C:/ISIS/workspace_ycube/GlobusSatProject/..//hal/hcc/lib\libHCCD.a(fat_m.o)
                              ./src/TLM_management.o (fm_initvolume)
C:/ISIS/workspace_ycube/GlobusSatProject/..//hal/hcc/lib\libHCCD.a(safefat.o)
                              C:/ISIS/workspace_ycube/GlobusSatProject/..//hal/hcc/lib\libHCCD.a(fat_common.o) (safe_fix_filelengths)
C:/ISIS/workspace_ycube/GlobusSatProject/..//hal/hcc/lib\libHCCD.a(atmel_mcipdc.o)
                              ./src/TLM_management.o (atmel_mcipdc_initfunc)
C:/ISIS/workspace_ycube/GlobusSatProject/..//hal/hcc/lib\libHCCD.a(oalp_mutex.o)
                              C:/ISIS/workspace_ycube/GlobusSatProject/..//hal/hcc/lib\libHCCD.a(fat_common.o) (oal_mutex_create)
C:/ISIS/workspace_ycube/GlobusSatProject/..//hal/hcc/lib\libHCCD.a(oalp_task.o)
                              C:/ISIS/workspace_ycube/GlobusSatProject/..//hal/hcc/lib\libHCCD.a(fat_common.o) (oal_task_get_id)
C:/ISIS/workspace_ycube/GlobusSatProject/..//hal/hcc/lib\libHCCD.a(atmel_mcipdc_hw.o)
                              C:/ISIS/workspace_ycube/GlobusSatProject/..//hal/hcc/lib\libHCCD.a(atmel_mcipdc.o) (mcipdc_hw_init)
C:/ISIS/workspace_ycube/GlobusSatProject/..//hal/hcc/lib\libHCCD.a(psp_rand.o)
                              C:/ISIS/workspace_ycube/GlobusSatProject/..//hal/hcc/lib\libHCCD.a(fat_common.o) (psp_getrand)
C:/ISIS/workspace_ycube/GlobusSatProject/..//hal/hcc/lib\libHCCD.a(psp_rtc.o)
                              C:/ISIS/workspace_ycube/GlobusSatProject/..//hal/hcc/lib\libHCCD.a(fat_common.o) (psp_getcurrenttimedate)
C:/ISIS/workspace_ycube/GlobusSatProject/..//hal/hcc/lib\libHCCD.a(hcc_mem.o)
                              C:/ISIS/workspace_ycube/GlobusSatProject/..//hal/hcc/lib\libHCCD.a(atmel_mcipdc.o) (hcc_mem_alloc)
C:/ISIS/workspace_ycube/GlobusSatProject/..//hal/hcc/lib\libHCCD.a(fat.o)
                              C:/ISIS/workspace_ycube/GlobusSatProject/..//hal/hcc/lib\libHCCD.a(fat_common.o) (_f_getdirsector)
C:/ISIS/workspace_ycube/GlobusSatProject/..//hal/hcc/lib\libHCCD.a(psp_hcc_mem.o)
                              C:/ISIS/workspace_ycube/GlobusSatProject/..//hal/hcc/lib\libHCCD.a(hcc_mem.o) (hcc_mem_buf_alloc)
C:/ISIS/workspace_ycube/satellite-subsystems/satellite-subsystems/lib\libSatelliteSubsystemsD.a(IsisAntS.o)
                              ./src/SubSystemModules/Communication/TRXVU.o (IsisAntS_initialize)
C:/ISIS/workspace_ycube/satellite-subsystems/satellite-subsystems/lib\libSatelliteSubsystemsD.a(IsisSolarPanelv2.o)
                              ./src/SubSystemModules/PowerManagment/EPS.o (IsisSolarPanelv2_initialize)
C:/ISIS/workspace_ycube/satellite-subsystems/satellite-subsystems/lib\libSatelliteSubsystemsD.a(IsisTRXVU.o)
                              ./src/TestingDemos/TrxvuTestingDemo.o (IsisTrxvu_initialize)
C:/ISIS/workspace_ycube/satellite-subsystems/satellite-subsystems/lib\libSatelliteSubsystemsD.a(isis_eps_driver.o)
                              ./src/SubSystemModules/PowerManagment/EPS.o (ISIS_EPS_Init)
[...]
Memory Configuration

Name             Origin             Length             Attributes
sram0            0x00200000         0x00004000         w !xr
sram1            0x00300000         0x00004000         w !xr
sdram            0x20000000         0x02000000         w !xr
*default*        0x00000000         0xffffffff

Linker script and memory map

LOAD c:/isis/application/toolchain/bin/../lib/gcc/arm-none-eabi/4.7.4/../../../../arm-none-eabi/lib\libc.a
LOAD ./src/TestingDemos/CommandsTestingDemo.o
LOAD ./src/TestingDemos/EpsTestingDemo.o
LOAD ./src/TestingDemos/FileSystemTestingDemo.o
LOAD ./src/TestingDemos/MainTest.o
LOAD ./src/TestingDemos/MaintenanceTestingDemo.o
LOAD ./src/TestingDemos/TelemetryTestingDemo.o
LOAD ./src/TestingDemos/TrxvuTestingDemo.o
LOAD ./src/SubSystemModules/PowerManagment/EPS.o
LOAD ./src/SubSystemModules/PowerManagment/EPSOperationModes.o
LOAD ./src/SubSystemModules/Maintenance/Maintenance.o
LOAD ./src/SubSystemModules/Housekepping/TelemetryCollector.o
LOAD ./src/SubSystemModules/Communication/SubsystemCommands/EPS_Commands.o
LOAD ./src/SubSystemModules/Communication/SubsystemCommands/FS_Commands.o
LOAD ./src/SubSystemModules/Communication/SubsystemCommands/Maintanence_Commands.o
LOAD ./src/SubSystemModules/Communication/SubsystemCommands/TRXVU_Commands.o
LOAD ./src/SubSystemModules/Communication/AckHandler.o
LOAD ./src/SubSystemModules/Communication/CommandDictionary.o
LOAD ./src/SubSystemModules/Communication/SatCommandHandler.o
LOAD ./src/SubSystemModules/Communication/TRXVU.o
LOAD ./src/InitSystem.o
LOAD ./src/TLM_management.o
LOAD ./src/main.o
LOAD ./src/utils.o
LOAD C:/ISIS/workspace_ycube/GlobusSatProject/..//hal/hal/lib\libHALD.a
LOAD C:/ISIS/workspace_ycube/GlobusSatProject/..//hal/hcc/lib\libHCCD.a
LOAD C:/ISIS/workspace_ycube/satellite-subsystems/satellite-subsystems/lib\libSatelliteSubsystemsD.a
LOAD C:/ISIS/workspace_ycube/GlobusSatProject/..//hal/freertos/lib\libFreeRTOSD.a
LOAD C:/ISIS/workspace_ycube/GlobusSatProject/..//hal/at91/lib\libAt91D.a
START GROUP
LOAD c:/isis/application/toolchain/bin/../lib/gcc/arm-none-eabi/4.7.4\libgcc.a
LOAD c:/isis/application/toolchain/bin/../lib/gcc/arm-none-eabi/4.7.4/../../../../arm-none-eabi/lib\libg.a
LOAD c:/isis/application/toolchain/bin/../lib/gcc/arm-none-eabi/4.7.4/../../../../arm-none-eabi/lib\libc.a
END GROUP

.fixed          0x20000000    0x3d188
                0x20000000                . = ALIGN (0x4)
                0x20000000                _sfixed = .
 *(.startup)
 .startup       0x20000000      0x14c C:/ISIS/workspace_ycube/GlobusSatProject/..//hal/at91/lib\libAt91D.a(board_cstartup.o)
                0x20000000                entry
 *(.text)
 .text          0x2000014c       0x64 C:/ISIS/workspace_ycube/GlobusSatProject/..//hal/at91/lib\libAt91D.a(cp15_asm.o)
                0x2000014c                _readControlRegister
                0x20000158                _writeControlRegister
                0x20000160                _waitForInterrupt
                0x2000016c                _writeTTB
                0x20000174                _writeDomain
                0x2000017c                _writeITLBLockdown
                0x20000184                _prefetchICacheLine
                0x2000018c                _flushDCache
                0x20000198                _flushWriteBuffer
                0x200001a4                _invalidateIDTLBs
 .text          0x200001b0      0x114 c:/isis/application/toolchain/bin/../lib/gcc/arm-none-eabi/4.7.4\libgcc.a(_udivsi3.o)
                0x200001b0                __aeabi_uidiv
                0x200001b0                __udivsi3
                0x200002a4                __aeabi_uidivmod
 .text          0x200002c4      0x148 c:/isis/application/toolchain/bin/../lib/gcc/arm-none-eabi/4.7.4\libgcc.a(_divsi3.o)
                0x200002c4                __divsi3
                0x200002c4                __aeabi_idiv
                0x200003ec                __aeabi_idivmod
 .text          0x2000040c        0x4 c:/isis/application/toolchain/bin/../lib/gcc/arm-none-eabi/4.7.4\libgcc.a(_dvmd_tls.o)
                0x2000040c                __aeabi_idiv0
                0x2000040c                __aeabi_ldiv0
 .text          0x20000410      0x41c c:/isis/application/toolchain/bin/../lib/gcc/arm-none-eabi/4.7.4\libgcc.a(_arm_addsubdf3.o)
                0x20000410                __aeabi_drsub
                0x20000418                __aeabi_dsub
                0x20000418                __subdf3
                0x2000041c                __aeabi_dadd
                0x2000041c                __adddf3
                0x2000072c                __floatunsidf
                0x2000072c                __aeabi_ui2d
                0x20000750                __floatsidf
                0x20000750                __aeabi_i2d
                0x20000778                __aeabi_f2d
                0x20000778                __extendsfdf2
                0x200007b8                __floatundidf
                0x200007b8                __aeabi_ul2d
                0x200007cc                __floatdidf
                0x200007cc                __aeabi_l2d
 .text          0x2000082c      0x49c c:/isis/application/toolchain/bin/../lib/gcc/arm-none-eabi/4.7.4\libgcc.a(_arm_muldivdf3.o)
                0x2000082c                __aeabi_dmul
                0x2000082c                __muldf3
                0x20000abc                __divdf3
                0x20000abc                __aeabi_ddiv
 .text          0x20000cc8      0x144 c:/isis/application/toolchain/bin/../lib/gcc/arm-none-eabi/4.7.4\libgcc.a(_arm_cmpdf2.o)
                0x20000cc8                __gtdf2
                0x20000cc8                __gedf2
                0x20000cd0                __ltdf2
                0x20000cd0                __ledf2
                0x20000cd8                __nedf2
                0x20000cd8                __eqdf2
                0x20000cd8                __cmpdf2
                0x20000d60                __aeabi_cdrcmple
                0x20000d7c                __aeabi_cdcmpeq
                0x20000d7c                __aeabi_cdcmple
                0x20000d94                __aeabi_dcmpeq
                0x20000dac                __aeabi_dcmplt
                0x20000dc4                __aeabi_dcmple
                0x20000ddc                __aeabi_dcmpge
                0x20000df4                __aeabi_dcmpgt
 .text          0x20000e0c      0x2ac c:/isis/application/toolchain/bin/../lib/gcc/arm-none-eabi/4.7.4\libgcc.a(_arm_addsubsf3.o)
                0x20000e0c                __aeabi_frsub
                0x20000e14                __subsf3
                0x20000e14                __aeabi_fsub
                0x20000e18                __aeabi_fadd
                0x20000e18                __addsf3
                0x20000fd4                __aeabi_ui2f
                0x20000fd4                __floatunsisf
                0x20000fdc                __aeabi_i2f
                0x20000fdc                __floatsisf
                0x20000ffc                __aeabi_ul2f
                0x20000ffc                __floatundisf
                0x2000100c                __aeabi_l2f
                0x2000100c                __floatdisf
 .text          0x200010b8      0x2f8 c:/isis/application/toolchain/bin/../lib/gcc/arm-none-eabi/4.7.4\libgcc.a(_arm_muldivsf3.o)
                0x200010b8                __mulsf3
                0x200010b8                __aeabi_fmul
                0x20001250                __aeabi_fdiv
                0x20001250                __divsf3
 .text          0x200013b0      0x114 c:/isis/application/toolchain/bin/../lib/gcc/arm-none-eabi/4.7.4\libgcc.a(_arm_cmpsf2.o)
                0x200013b0                __gesf2
                0x200013b0                __gtsf2
                0x200013b8                __lesf2
                0x200013b8                __ltsf2
                0x200013c0                __nesf2
                0x200013c0                __eqsf2
                0x200013c0                __cmpsf2
                0x20001424                __aeabi_cfrcmple
                0x20001434                __aeabi_cfcmpeq
                0x20001434                __aeabi_cfcmple
                0x2000144c                __aeabi_fcmpeq
                0x20001464                __aeabi_fcmplt
                0x2000147c                __aeabi_fcmple
                0x20001494                __aeabi_fcmpge
                0x200014ac                __aeabi_fcmpgt
 .text          0x200014c4       0x54 c:/isis/application/toolchain/bin/../lib/gcc/arm-none-eabi/4.7.4\libgcc.a(_arm_fixunssfsi.o)
                0x200014c4                __fixunssfsi
                0x200014c4                __aeabi_f2uiz
 .text          0x20001518       0x5c c:/isis/application/toolchain/bin/../lib/gcc/arm-none-eabi/4.7.4\libgcc.a(_arm_fixdfsi.o)
                0x20001518                __aeabi_d2iz
                0x20001518                __fixdfsi
 .text          0x20001574       0x3c c:/isis/application/toolchain/bin/../lib/gcc/arm-none-eabi/4.7.4\libgcc.a(_aeabi_uldivmod.o)
                0x20001574                __aeabi_uldivmod
 .text          0x200015b0       0x84 c:/isis/application/toolchain/bin/../lib/gcc/arm-none-eabi/4.7.4\libgcc.a(bpabi.o)
                0x200015b0                __gnu_ldivmod_helper
                0x200015f4                __gnu_uldivmod_helper
 .text          0x20001634      0x4f0 c:/isis/application/toolchain/bin/../lib/gcc/arm-none-eabi/4.7.4\libgcc.a(_divdi3.o)
                0x20001634                __divdi3
 .text          0x20001b24      0x488 c:/isis/application/toolchain/bin/../lib/gcc/arm-none-eabi/4.7.4\libgcc.a(_udivdi3.o)
                0x20001b24                __udivdi3
 .text          0x20001fac       0x48 c:/isis/application/toolchain/bin/../lib/gcc/arm-none-eabi/4.7.4\libgcc.a(_clzsi2.o)
                0x20001fac                __clzsi2
 *(.text*)
 .text.TestActUponCommand
                0x20001ff4      0x114 ./src/TestingDemos/CommandsTestingDemo.o
                0x20001ff4                TestActUponCommand
 .text.TestAssmbleCommand
                0x20002108      0x14c ./src/TestingDemos/CommandsTestingDemo.o
                0x20002108                TestAssmbleCommand
 .text.TestGetDelayedCommand
                0x20002254       0xa0 ./src/TestingDemos/CommandsTestingDemo.o
                0x20002254                TestGetDelayedCommand
 .text.TestAddDelayedCommand
                0x200022f4       0xd0 ./src/TestingDemos/CommandsTestingDemo.o
                0x200022f4                TestAddDelayedCommand
 .text.TestGetDelayedCommandBufferCount
                0x200023c4       0x54 ./src/TestingDemos/CommandsTestingDemo.o
                0x200023c4                TestGetDelayedCommandBufferCount
 .text.TestGetOnlineCommand
                0x20002418       0xc8 ./src/TestingDemos/CommandsTestingDemo.o
                0x20002418                TestGetOnlineCommand
 .text.TestDeleteDelayedCommandByIndex
                0x200024e0      0x1c0 ./src/TestingDemos/CommandsTestingDemo.o
                0x200024e0                TestDeleteDelayedCommandByIndex
 .text.TestDeleteDelayedBuffer
                0x200026a0      0x140 ./src/TestingDemos/CommandsTestingDemo.o
                0x200026a0                TestDeleteDelayedBuffer
 .text.selectAndExecuteCommandsDemoTest
                0x200027e0      0x170 ./src/TestingDemos/CommandsTestingDemo.o
                0x200027e0                selectAndExecuteCommandsDemoTest
 .text.MainCommandsTestBench
                0x20002950       0x44 ./src/TestingDemos/CommandsTestingDemo.o
                0x20002950                MainCommandsTestBench
 .text.TestEpsConditioning
                0x20002994      0x1e8 ./src/TestingDemos/EpsTestingDemo.o
                0x20002994                TestEpsConditioning
 .text.TestGetBatteryVoltage
                0x20002b7c       0x64 ./src/TestingDemos/EpsTestingDemo.o
                0x20002b7c                TestGetBatteryVoltage
 .text.TestUpdateThreshVoltages
                0x20002be0      0x170 ./src/TestingDemos/EpsTestingDemo.o
                0x20002be0                TestUpdateThreshVoltages
 .text.TestGetThreshVoltages
                0x20002d50       0xb0 ./src/TestingDemos/EpsTestingDemo.o
                0x20002d50                TestGetThreshVoltages
 .text.TestUpdateAlpha
                0x20002e00       0xc0 ./src/TestingDemos/EpsTestingDemo.o
                0x20002e00                TestUpdateAlpha
 .text.TestGetAlpha
                0x20002ec0       0x78 ./src/TestingDemos/EpsTestingDemo.o
                0x20002ec0                TestGetAlpha
 .text.TestRestoreDefaultAlpha
                0x20002f38       0xf4 ./src/TestingDemos/EpsTestingDemo.o
                0x20002f38                TestRestoreDefaultAlpha
 .text.TestRestoreDefaultThresholdVoltages
                0x2000302c      0x154 ./src/TestingDemos/EpsTestingDemo.o
                0x2000302c                TestRestoreDefaultThresholdVoltages
 .text.GetHeaterValues
                0x20003180       0xe0 ./src/TestingDemos/EpsTestingDemo.o
                0x20003180                GetHeaterValues
 .text.SetHeaterValues
                0x20003260      0x134 ./src/TestingDemos/EpsTestingDemo.o
                0x20003260                SetHeaterValues
 .text.selectAndExecuteEpsDemoTest
                0x20003394      0x1ac ./src/TestingDemos/EpsTestingDemo.o
                0x20003394                selectAndExecuteEpsDemoTest
 .text.MainEpsTestBench
                0x20003540       0x40 ./src/TestingDemos/EpsTestingDemo.o
                0x20003540                MainEpsTestBench
 .text.TestlistFiels
                0x20003580       0xa8 ./src/TestingDemos/FileSystemTestingDemo.o
                0x20003580                TestlistFiels
 .text.TestLOGTLM
                0x20003628      0x110 ./src/TestingDemos/FileSystemTestingDemo.o
                0x20003628                TestLOGTLM
 .text.TestEPSTLM
                0x20003738       0xa8 ./src/TestingDemos/FileSystemTestingDemo.o
                0x20003738                TestEPSTLM
 .text.TestReadTimeRangeTLMRes
                0x200037e0      0x210 ./src/TestingDemos/FileSystemTestingDemo.o
                0x200037e0                TestReadTimeRangeTLMRes
 .text.TestReadTimeRangeTLM
                0x200039f0      0x178 ./src/TestingDemos/FileSystemTestingDemo.o
                0x200039f0                TestReadTimeRangeTLM
 .text.GenerateWODTLM
                0x20003b68       0xd0 ./src/TestingDemos/FileSystemTestingDemo.o
                0x20003b68                GenerateWODTLM
 .text.DeleteOldFiles
                0x20003c38      0x294 ./src/TestingDemos/FileSystemTestingDemo.o
                0x20003c38                DeleteOldFiles
 .text.CreateFiles4DeleteTest
                0x20003ecc      0x100 ./src/TestingDemos/FileSystemTestingDemo.o
                0x20003ecc                CreateFiles4DeleteTest
 .text.TestWODTLM
                0x20003fcc       0xa8 ./src/TestingDemos/FileSystemTestingDemo.o
                0x20003fcc                TestWODTLM
 .text.TestDeleteFiels
                0x20004074      0x2b8 ./src/TestingDemos/FileSystemTestingDemo.o
                0x20004074                TestDeleteFiels
 .text.TestReadMultiFiels
                0x2000432c      0x2ac ./src/TestingDemos/FileSystemTestingDemo.o
                0x2000432c                TestReadMultiFiels
 .text.TestTRXVUTLM
                0x200045d8      0x11c ./src/TestingDemos/FileSystemTestingDemo.o
                0x200045d8                TestTRXVUTLM
 .text.FullSDTest
                0x200046f4       0xd4 ./src/TestingDemos/FileSystemTestingDemo.o
                0x200046f4                FullSDTest
 .text.LogErrorRateTest
                0x200047c8      0x108 ./src/TestingDemos/FileSystemTestingDemo.o
                0x200047c8                LogErrorRateTest
 .text.selectAndExecuteFSTest
                0x200048d0      0x21c ./src/TestingDemos/FileSystemTestingDemo.o
                0x200048d0                selectAndExecuteFSTest
 .text.MainFileSystemTestBench
                0x20004aec       0x44 ./src/TestingDemos/FileSystemTestingDemo.o
                0x20004aec                MainFileSystemTestBench
 .text.selectAndExecuteTest
                0x20004b30      0x164 ./src/TestingDemos/MainTest.o
                0x20004b30                selectAndExecuteTest
 .text.taskTesting
                0x20004c94       0x28 ./src/TestingDemos/MainTest.o
                0x20004c94                taskTesting
 .text.printSDINfo
                0x20004cbc       0x84 ./src/TestingDemos/MaintenanceTestingDemo.o
                0x20004cbc                printSDINfo
 .text.changeFirstActivation
                0x20004d40       0x84 ./src/TestingDemos/MaintenanceTestingDemo.o
                0x20004d40                changeFirstActivation
 .text.selectAndExecuteMaintenanceDemoTest
                0x20004dc4      0x198 ./src/TestingDemos/MaintenanceTestingDemo.o
                0x20004dc4                selectAndExecuteMaintenanceDemoTest
 .text.MainMaintenanceTestBench
                0x20004f5c       0x40 ./src/TestingDemos/MaintenanceTestingDemo.o
                0x20004f5c                MainMaintenanceTestBench
 .text.MainTelemetryTestBench
                0x20004f9c       0x1c ./src/TestingDemos/TelemetryTestingDemo.o
                0x20004f9c                MainTelemetryTestBench
 .text.TestInitTrxvu
                0x20004fb8       0x54 ./src/TestingDemos/TrxvuTestingDemo.o
                0x20004fb8                TestInitTrxvu
 .text.TestInitTrxvuWithDifferentFrameLengths
                0x2000500c      0x134 ./src/TestingDemos/TrxvuTestingDemo.o
                0x2000500c                TestInitTrxvuWithDifferentFrameLengths
 .text.TestTrxvuLogic
                0x20005140       0xd4 ./src/TestingDemos/TrxvuTestingDemo.o
                0x20005140                TestTrxvuLogic
 .text.TestCheckTransmitionAllowed
                0x20005214       0xa4 ./src/TestingDemos/TrxvuTestingDemo.o
                0x20005214                TestCheckTransmitionAllowed
 .text.TestSendDumpAbortRequest
                0x200052b8       0x24 ./src/TestingDemos/TrxvuTestingDemo.o
                0x200052b8                TestSendDumpAbortRequest
 .text.TestTransmitDummySplPacket
                0x200052dc       0xd4 ./src/TestingDemos/TrxvuTestingDemo.o
                0x200052dc                TestTransmitDummySplPacket
 .text.TestTransmitSplPacket
                0x200053b0      0x1f8 ./src/TestingDemos/TrxvuTestingDemo.o
                0x200053b0                TestTransmitSplPacket
 .text.TestExitDump
                0x200055a8       0x1c ./src/TestingDemos/TrxvuTestingDemo.o
                0x200055a8                TestExitDump
 .text.TestDumpTelemetry
                0x200055c4       0xb0 ./src/TestingDemos/TrxvuTestingDemo.o
                0x200055c4                TestDumpTelemetry
 .text.TestRestoreDefaultBeaconParameters
                0x20005674       0x1c ./src/TestingDemos/TrxvuTestingDemo.o
                0x20005674                TestRestoreDefaultBeaconParameters
 .text.TestChooseDefaultBeaconCycle
                0x20005690       0xe0 ./src/TestingDemos/TrxvuTestingDemo.o
                0x20005690                TestChooseDefaultBeaconCycle
 .text.TestBeaconLogic
                0x20005770       0xd8 ./src/TestingDemos/TrxvuTestingDemo.o
                0x20005770                TestBeaconLogic
 .text.TestMuteTrxvu
                0x20005848       0x9c ./src/TestingDemos/TrxvuTestingDemo.o
                0x20005848                TestMuteTrxvu
 .text.TestUnMuteTrxvu
                0x200058e4       0x30 ./src/TestingDemos/TrxvuTestingDemo.o
                0x200058e4                TestUnMuteTrxvu
 .text.TestGetNumberOfFramesInBuffer
                0x20005914       0x54 ./src/TestingDemos/TrxvuTestingDemo.o
                0x20005914                TestGetNumberOfFramesInBuffer
 .text.TestSetTrxvuBitrate
                0x20005968       0xf0 ./src/TestingDemos/TrxvuTestingDemo.o
                0x20005968                TestSetTrxvuBitrate
 .text.TestGetTrxvuBitrate
                0x20005a58       0xb0 ./src/TestingDemos/TrxvuTestingDemo.o
                0x20005a58                TestGetTrxvuBitrate
 .text.TestTransmitDataAsSPL_Packet
                0x20005b08      0x114 ./src/TestingDemos/TrxvuTestingDemo.o
                0x20005b08                TestTransmitDataAsSPL_Packet
 .text.selectAndExecuteTrxvuDemoTest
                0x20005c1c      0x28c ./src/TestingDemos/TrxvuTestingDemo.o
                0x20005c1c                selectAndExecuteTrxvuDemoTest
 .text.MainTrxvuTestBench
                0x20005ea8       0x44 ./src/TestingDemos/TrxvuTestingDemo.o
                0x20005ea8                MainTrxvuTestBench
 .text.GetBatteryVoltage
                0x20005eec       0x64 ./src/SubSystemModules/PowerManagment/EPS.o
                0x20005eec                GetBatteryVoltage
 .text.EPS_Init
                0x20005f50       0xe0 ./src/SubSystemModules/PowerManagment/EPS.o
                0x20005f50                EPS_Init
 .text.EPS_Conditioning
                0x20006030      0x1c4 ./src/SubSystemModules/PowerManagment/EPS.o
                0x20006030                EPS_Conditioning
 .text.UpdateAlpha
                0x200061f4       0xc8 ./src/SubSystemModules/PowerManagment/EPS.o
                0x200061f4                UpdateAlpha
 .text.UpdateThresholdVoltages
                0x200062bc      0x204 ./src/SubSystemModules/PowerManagment/EPS.o
                0x200062bc                UpdateThresholdVoltages
 .text.GetThresholdVoltages
                0x200064c0       0x70 ./src/SubSystemModules/PowerManagment/EPS.o
                0x200064c0                GetThresholdVoltages
 .text.GetAlpha
                0x20006530       0x6c ./src/SubSystemModules/PowerManagment/EPS.o
                0x20006530                GetAlpha
 .text.RestoreDefaultThresholdVoltages
                0x2000659c       0x6c ./src/SubSystemModules/PowerManagment/EPS.o
                0x2000659c                RestoreDefaultThresholdVoltages
 .text.CMDGetHeaterValues
                0x20006608       0xb0 ./src/SubSystemModules/PowerManagment/EPS.o
                0x20006608                CMDGetHeaterValues
 .text.CMDSetHeaterValues
                0x200066b8       0xbc ./src/SubSystemModules/PowerManagment/EPS.o
                0x200066b8                CMDSetHeaterValues
 .text.EnterFullMode
                0x20006774       0x44 ./src/SubSystemModules/PowerManagment/EPSOperationModes.o
                0x20006774                EnterFullMode
 .text.EnterCruiseMode
                0x200067b8       0x44 ./src/SubSystemModules/PowerManagment/EPSOperationModes.o
                0x200067b8                EnterCruiseMode
 .text.EnterSafeMode
                0x200067fc       0x44 ./src/SubSystemModules/PowerManagment/EPSOperationModes.o
                0x200067fc                EnterSafeMode
 .text.EnterCriticalMode
                0x20006840       0x44 ./src/SubSystemModules/PowerManagment/EPSOperationModes.o
                0x20006840                EnterCriticalMode
 .text.GetSystemState
                0x20006884       0x24 ./src/SubSystemModules/PowerManagment/EPSOperationModes.o
                0x20006884                GetSystemState
 .text.GetSystemChannelState
                0x200068a8       0x24 ./src/SubSystemModules/PowerManagment/EPSOperationModes.o
                0x200068a8                GetSystemChannelState
 .text.EpsGetLowVoltageFlag
                0x200068cc       0x24 ./src/SubSystemModules/PowerManagment/EPSOperationModes.o
                0x200068cc                EpsGetLowVoltageFlag
 .text.EpsSetLowVoltageFlag
                0x200068f0       0x2c ./src/SubSystemModules/PowerManagment/EPSOperationModes.o
                0x200068f0                EpsSetLowVoltageFlag
 .text.CheckExecutionTime
                0x2000691c       0x78 ./src/SubSystemModules/Maintenance/Maintenance.o
                0x2000691c                CheckExecutionTime
 .text.SaveSatTimeInFRAM
                0x20006994       0x44 ./src/SubSystemModules/Maintenance/Maintenance.o
                0x20006994                SaveSatTimeInFRAM
 .text.WakeupFromResetCMD
                0x200069d8      0x120 ./src/SubSystemModules/Maintenance/Maintenance.o
                0x200069d8                WakeupFromResetCMD
 .text.ResetGroundCommWDT
                0x20006af8       0x1c ./src/SubSystemModules/Maintenance/Maintenance.o
                0x20006af8                ResetGroundCommWDT
 .text.DeleteOldFiels
                0x20006b14      0x33c ./src/SubSystemModules/Maintenance/Maintenance.o
                0x20006b14                DeleteOldFiels
 .text.InitSavePeriodTimes
                0x20006e50       0xc0 ./src/SubSystemModules/Housekepping/TelemetryCollector.o
                0x20006e50                InitSavePeriodTimes
 .text.TelemetryCollectorLogic
                0x20006f10      0x1f0 ./src/SubSystemModules/Housekepping/TelemetryCollector.o
                0x20006f10                TelemetryCollectorLogic
 .text.TelemetrySaveEPS
                0x20007100       0x4c ./src/SubSystemModules/Housekepping/TelemetryCollector.o
                0x20007100                TelemetrySaveEPS
 .text.TelemetrySaveTRXVU
                0x2000714c       0x84 ./src/SubSystemModules/Housekepping/TelemetryCollector.o
                0x2000714c                TelemetrySaveTRXVU
 .text.TelemetrySaveANT
                0x200071d0       0xa4 ./src/SubSystemModules/Housekepping/TelemetryCollector.o
                0x200071d0                TelemetrySaveANT
 .text.TelemetrySaveSolarPanels
                0x20007274      0x1c4 ./src/SubSystemModules/Housekepping/TelemetryCollector.o
                0x20007274                TelemetrySaveSolarPanels
 .text.TelemetrySaveWOD
                0x20007438       0xa0 ./src/SubSystemModules/Housekepping/TelemetryCollector.o
                0x20007438                TelemetrySaveWOD
 .text.GetCurrentWODTelemetry
                0x200074d8      0x4b0 ./src/SubSystemModules/Housekepping/TelemetryCollector.o
                0x200074d8                GetCurrentWODTelemetry
 .text.CMD_DeleteTLM
                0x20007988      0x1f4 ./src/SubSystemModules/Communication/SubsystemCommands/FS_Commands.o
                0x20007988                CMD_DeleteTLM
 .text.CMD_GenericI2C
                0x20007b7c      0x150 ./src/SubSystemModules/Communication/SubsystemCommands/Maintanence_Commands.o
                0x20007b7c                CMD_GenericI2C
 .text.CMD_FRAM_ReadAndTransmitt
                0x20007ccc      0x100 ./src/SubSystemModules/Communication/SubsystemCommands/Maintanence_Commands.o
                0x20007ccc                CMD_FRAM_ReadAndTransmitt
 .text.CMD_FRAM_WriteAndTransmitt
                0x20007dcc      0x124 ./src/SubSystemModules/Communication/SubsystemCommands/Maintanence_Commands.o
                0x20007dcc                CMD_FRAM_WriteAndTransmitt
 .text.CMD_UpdateSatTime
                0x20007ef0       0xa0 ./src/SubSystemModules/Communication/SubsystemCommands/Maintanence_Commands.o
                0x20007ef0                CMD_UpdateSatTime
 .text.CMD_ResetComponent
                0x20007f90      0x2a4 ./src/SubSystemModules/Communication/SubsystemCommands/Maintanence_Commands.o
                0x20007f90                CMD_ResetComponent
 .text.DumpTask
                0x20008234      0x2cc ./src/SubSystemModules/Communication/SubsystemCommands/TRXVU_Commands.o
                0x20008234                DumpTask
 .text.CMD_AntennaDeploy
                0x20008500       0xcc ./src/SubSystemModules/Communication/SubsystemCommands/TRXVU_Commands.o
                0x20008500                CMD_AntennaDeploy
 .text.CMD_StartDump
                0x200085cc      0x1ec ./src/SubSystemModules/Communication/SubsystemCommands/TRXVU_Commands.o
                0x200085cc                CMD_StartDump
 .text.CMD_SendDumpAbortRequest
                0x200087b8       0x38 ./src/SubSystemModules/Communication/SubsystemCommands/TRXVU_Commands.o
                0x200087b8                CMD_SendDumpAbortRequest
 .text.CMD_ForceDumpAbort
                0x200087f0       0x3c ./src/SubSystemModules/Communication/SubsystemCommands/TRXVU_Commands.o
                0x200087f0                CMD_ForceDumpAbort
 .text.CMD_MuteTRXVU
                0x2000882c       0x7c ./src/SubSystemModules/Communication/SubsystemCommands/TRXVU_Commands.o
                0x2000882c                CMD_MuteTRXVU
 .text.CMD_SetIdleState
                0x200088a8       0x94 ./src/SubSystemModules/Communication/SubsystemCommands/TRXVU_Commands.o
                0x200088a8                CMD_SetIdleState
 .text.CMD_UnMuteTRXVU
                0x2000893c       0x38 ./src/SubSystemModules/Communication/SubsystemCommands/TRXVU_Commands.o
                0x2000893c                CMD_UnMuteTRXVU
 .text.CMD_GetBaudRate
                0x20008974       0x68 ./src/SubSystemModules/Communication/SubsystemCommands/TRXVU_Commands.o
                0x20008974                CMD_GetBaudRate
 .text.CMD_GetBeaconInterval
                0x200089dc       0x6c ./src/SubSystemModules/Communication/SubsystemCommands/TRXVU_Commands.o
                0x200089dc                CMD_GetBeaconInterval
 .text.CMD_SetBaudRate
                0x20008a48       0x60 ./src/SubSystemModules/Communication/SubsystemCommands/TRXVU_Commands.o
                0x20008a48                CMD_SetBaudRate
 .text.CMD_GetTxUptime
                0x20008aa8       0x64 ./src/SubSystemModules/Communication/SubsystemCommands/TRXVU_Commands.o
                0x20008aa8                CMD_GetTxUptime
 .text.CMD_GetRxUptime
                0x20008b0c       0x64 ./src/SubSystemModules/Communication/SubsystemCommands/TRXVU_Commands.o
                0x20008b0c                CMD_GetRxUptime
 .text.CMD_GetNumOfOnlineCommands
                0x20008b70       0x64 ./src/SubSystemModules/Communication/SubsystemCommands/TRXVU_Commands.o
                0x20008b70                CMD_GetNumOfOnlineCommands
 .text.CMD_AntSetArmStatus
                0x20008bd4       0xa0 ./src/SubSystemModules/Communication/SubsystemCommands/TRXVU_Commands.o
                0x20008bd4                CMD_AntSetArmStatus
 .text.CMD_AntGetArmStatus
                0x20008c74       0x70 ./src/SubSystemModules/Communication/SubsystemCommands/TRXVU_Commands.o
                0x20008c74                CMD_AntGetArmStatus
 .text.CMD_AntGetUptime
                0x20008ce4       0x78 ./src/SubSystemModules/Communication/SubsystemCommands/TRXVU_Commands.o
                0x20008ce4                CMD_AntGetUptime
 .text.CMD_StopReDeployment
                0x20008d5c       0x9c ./src/SubSystemModules/Communication/SubsystemCommands/TRXVU_Commands.o
                0x20008d5c                CMD_StopReDeployment
 .text.CMD_AntCancelDeployment
                0x20008df8       0x68 ./src/SubSystemModules/Communication/SubsystemCommands/TRXVU_Commands.o
                0x20008df8                CMD_AntCancelDeployment
 .text.SendAckPacket
                0x20008e60       0xe0 ./src/SubSystemModules/Communication/AckHandler.o
                0x20008e60                SendAckPacket
 .text.trxvu_command_router
                0x20008f40      0x50c ./src/SubSystemModules/Communication/CommandDictionary.o
                0x20008f40                trxvu_command_router
 .text.eps_command_router
                0x2000944c       0xc0 ./src/SubSystemModules/Communication/CommandDictionary.o
                0x2000944c                eps_command_router
 .text.telemetry_command_router
                0x2000950c       0x90 ./src/SubSystemModules/Communication/CommandDictionary.o
                0x2000950c                telemetry_command_router
 .text.managment_command_router
                0x2000959c       0xfc ./src/SubSystemModules/Communication/CommandDictionary.o
                0x2000959c                managment_command_router
 .text.filesystem_command_router
                0x20009698       0x24 ./src/SubSystemModules/Communication/CommandDictionary.o
                0x20009698                filesystem_command_router
 .text.ParseDataToCommand
                0x200096bc      0x1ac ./src/SubSystemModules/Communication/SatCommandHandler.o
                0x200096bc                ParseDataToCommand
 .text.AssembleCommand
                0x20009868      0x150 ./src/SubSystemModules/Communication/SatCommandHandler.o
                0x20009868                AssembleCommand
 .text.GetDelayedCommand
                0x200099b8       0x24 ./src/SubSystemModules/Communication/SatCommandHandler.o
                0x200099b8                GetDelayedCommand
 .text.AddDelayedCommand
                0x200099dc       0x24 ./src/SubSystemModules/Communication/SatCommandHandler.o
                0x200099dc                AddDelayedCommand
 .text.GetDelayedCommandBufferCount
                0x20009a00       0x50 ./src/SubSystemModules/Communication/SatCommandHandler.o
                0x20009a00                GetDelayedCommandBufferCount
 .text.GetDelayedCommandByIndex
                0x20009a50       0x28 ./src/SubSystemModules/Communication/SatCommandHandler.o
                0x20009a50                GetDelayedCommandByIndex
 .text.DeleteDelayedCommandByIndex
                0x20009a78       0x24 ./src/SubSystemModules/Communication/SatCommandHandler.o
                0x20009a78                DeleteDelayedCommandByIndex
 .text.DeleteDelayedBuffer
                0x20009a9c       0x1c ./src/SubSystemModules/Communication/SatCommandHandler.o
                0x20009a9c                DeleteDelayedBuffer
 .text.ActUponCommand
                0x20009ab8       0xb4 ./src/SubSystemModules/Communication/SatCommandHandler.o
                0x20009ab8                ActUponCommand
 .text.InitTxModule
                0x20009b6c       0x68 ./src/SubSystemModules/Communication/TRXVU.o
                0x20009b6c                InitTxModule
 .text.CMD_SetBeaconInterval
                0x20009bd4       0x98 ./src/SubSystemModules/Communication/TRXVU.o
                0x20009bd4                CMD_SetBeaconInterval
 .text.InitBeaconParams
                0x20009c6c       0x3c ./src/SubSystemModules/Communication/TRXVU.o
                0x20009c6c                InitBeaconParams
 .text.InitSemaphores
                0x20009ca8       0x98 ./src/SubSystemModules/Communication/TRXVU.o
                0x20009ca8                InitSemaphores
 .text.InitTrxvu
                0x20009d40      0x110 ./src/SubSystemModules/Communication/TRXVU.o
                0x20009d40                InitTrxvu
 .text.checkIdleFinish
                0x20009e50       0x68 ./src/SubSystemModules/Communication/TRXVU.o
                0x20009e50                checkIdleFinish
 .text.TRX_Logic
                0x20009eb8       0xc4 ./src/SubSystemModules/Communication/TRXVU.o
                0x20009eb8                TRX_Logic
 .text.GetNumberOfFramesInBuffer
                0x20009f7c       0x54 ./src/SubSystemModules/Communication/TRXVU.o
                0x20009f7c                GetNumberOfFramesInBuffer
 .text.GetOnlineCommand
                0x20009fd0      0x128 ./src/SubSystemModules/Communication/TRXVU.o
                0x20009fd0                GetOnlineCommand
 .text.CheckTransmitionAllowed
                0x2000a0f8       0xc4 ./src/SubSystemModules/Communication/TRXVU.o
                0x2000a0f8                CheckTransmitionAllowed
 .text.FinishDump
                0x2000a1bc       0xa8 ./src/SubSystemModules/Communication/TRXVU.o
                0x2000a1bc                FinishDump
 .text.AbortDump
                0x2000a264       0x34 ./src/SubSystemModules/Communication/TRXVU.o
                0x2000a264                AbortDump
 .text.SendDumpAbortRequest
                0x2000a298       0xc0 ./src/SubSystemModules/Communication/TRXVU.o
                0x2000a298                SendDumpAbortRequest
 .text.BeaconLogic
                0x2000a358      0x1e0 ./src/SubSystemModules/Communication/TRXVU.o
                0x2000a358                BeaconLogic
 .text.SetIdleState
                0x2000a538       0xa8 ./src/SubSystemModules/Communication/TRXVU.o
                0x2000a538                SetIdleState
 .text.muteTRXVU
                0x2000a5e0       0x70 ./src/SubSystemModules/Communication/TRXVU.o
                0x2000a5e0                muteTRXVU
 .text.UnMuteTRXVU
                0x2000a650       0x24 ./src/SubSystemModules/Communication/TRXVU.o
                0x2000a650                UnMuteTRXVU
 .text.TransmitDataAsSPL_Packet
                0x2000a674      0x104 ./src/SubSystemModules/Communication/TRXVU.o
                0x2000a674                TransmitDataAsSPL_Packet
 .text.TransmitSplPacket
                0x2000a778      0x1b4 ./src/SubSystemModules/Communication/TRXVU.o
                0x2000a778                TransmitSplPacket
 .text.isFirstActivation
                0x2000a92c       0x38 ./src/InitSystem.o
                0x2000a92c                isFirstActivation
 .text.WriteDefaultValuesToFRAM
                0x2000a964      0x1c0 ./src/InitSystem.o
                0x2000a964                WriteDefaultValuesToFRAM
 .text.StartFRAM
                0x2000ab24       0x24 ./src/InitSystem.o
                0x2000ab24                StartFRAM
 .text.StartI2C
                0x2000ab48       0x30 ./src/InitSystem.o
                0x2000ab48                StartI2C
 .text.StartSPI
                0x2000ab78       0x2c ./src/InitSystem.o
                0x2000ab78                StartSPI
 .text.StartTIME
                0x2000aba4       0xb0 ./src/InitSystem.o
                0x2000aba4                StartTIME
 .text.DeploySystem
                0x2000ac54      0x140 ./src/InitSystem.o
                0x2000ac54                DeploySystem
 .text.InitSubsystems
                0x2000ad94       0x48 ./src/InitSystem.o
                0x2000ad94                InitSubsystems
 .text.delete_allTMFilesFromSD
                0x2000addc       0x58 ./src/TLM_management.o
                0x2000addc                delete_allTMFilesFromSD
 .text.deleteTLMFiles
                0x2000ae34       0x94 ./src/TLM_management.o
                0x2000ae34                deleteTLMFiles
 .text.deleteTLMFile
                0x2000aec8       0xc0 ./src/TLM_management.o
                0x2000aec8                deleteTLMFile
 .text.InitializeFS
                0x2000af88       0xd0 ./src/TLM_management.o
                0x2000af88                InitializeFS
 .text.calculateFileName
                0x2000b058      0x108 ./src/TLM_management.o
                0x2000b058                calculateFileName
 .text.getTlmTypeInfo
                0x2000b160      0x230 ./src/TLM_management.o
                0x2000b160                getTlmTypeInfo
 .text.write2File
                0x2000b390      0x150 ./src/TLM_management.o
                0x2000b390                write2File
 .text.printTLM
                0x2000b4e0      0x648 ./src/TLM_management.o
                0x2000b4e0                printTLM
 .text.readTLMFile
                0x2000bb28      0x2f4 ./src/TLM_management.o
                0x2000bb28                readTLMFile
 .text.readTLMFiles
                0x2000be1c       0xac ./src/TLM_management.o
                0x2000be1c                readTLMFiles
 .text.readTLMFileTimeRange
                0x2000bec8      0x2e8 ./src/TLM_management.o
                0x2000bec8                readTLMFileTimeRange
 .text.DeInitializeFS
                0x2000c1b0       0x14 ./src/TLM_management.o
                0x2000c1b0                DeInitializeFS
 .text.main     0x2000c1c4       0x98 ./src/main.o
                0x2000c1c4                main
 .text.timeU2time
                0x2000c25c       0xbc ./src/utils.o
                0x2000c25c                timeU2time
 .text.logError
                0x2000c318      0x138 ./src/utils.o
                0x2000c318                logError
 .text.validateTransferParameters
                0x2000c450      0x10c C:/ISIS/workspace_ycube/GlobusSatProject/..//hal/hal/lib\libHALD.a(I2C.o)
 .text.I2C_queueTransfer
                0x2000c55c       0xfc C:/ISIS/workspace_ycube/GlobusSatProject/..//hal/hal/lib\libHALD.a(I2C.o)
                0x2000c55c                I2C_queueTransfer
 .text.I2C_internalCallback
                0x2000c658       0x64 C:/ISIS/workspace_ycube/GlobusSatProject/..//hal/hal/lib\libHALD.a(I2C.o)
 .text.I2C_doBlockingTransfer
                0x2000c6bc      0x180 C:/ISIS/workspace_ycube/GlobusSatProject/..//hal/hal/lib\libHALD.a(I2C.o)
 .text.I2C_write
                0x2000c83c      0x110 C:/ISIS/workspace_ycube/GlobusSatProject/..//hal/hal/lib\libHALD.a(I2C.o)
                0x2000c83c                I2C_write
 .text.I2C_read
                0x2000c94c      0x110 C:/ISIS/workspace_ycube/GlobusSatProject/..//hal/hal/lib\libHALD.a(I2C.o)
                0x2000c94c                I2C_read
 .text.I2C_writeRead
                0x2000ca5c      0x17c C:/ISIS/workspace_ycube/GlobusSatProject/..//hal/hal/lib\libHALD.a(I2C.o)
                0x2000ca5c                I2C_writeRead
 .text.I2C_start
                0x2000cbd8      0x2e8 C:/ISIS/workspace_ycube/GlobusSatProject/..//hal/hal/lib\libHALD.a(I2C.o)
                0x2000cbd8                I2C_start
 .text.I2C_stop
                0x2000cec0      0x184 C:/ISIS/workspace_ycube/GlobusSatProject/..//hal/hal/lib\libHALD.a(I2C.o)
                0x2000cec0                I2C_stop
 .text.I2C_setTransferTimeout
                0x2000d044       0x48 C:/ISIS/workspace_ycube/GlobusSatProject/..//hal/hal/lib\libHALD.a(I2C.o)
                0x2000d044                I2C_setTransferTimeout
 .text.clearPDCtransfers
                0x2000d08c       0xe8 C:/ISIS/workspace_ycube/GlobusSatProject/..//hal/hal/lib\libHALD.a(SPI.o)
 .text.SPI_start
                0x2000d174      0x4b0 C:/ISIS/workspace_ycube/GlobusSatProject/..//hal/hal/lib\libHALD.a(SPI.o)
                0x2000d174                SPI_start
 .text.SPI_stop
                0x2000d624      0x244 C:/ISIS/workspace_ycube/GlobusSatProject/..//hal/hal/lib\libHALD.a(SPI.o)
                0x2000d624                SPI_stop
 .text.SPI_queueTransfer
                0x2000d868      0x1cc C:/ISIS/workspace_ycube/GlobusSatProject/..//hal/hal/lib\libHALD.a(SPI.o)
                0x2000d868                SPI_queueTransfer
 .text.SPI_internalCallback
                0x2000da34       0x64 C:/ISIS/workspace_ycube/GlobusSatProject/..//hal/hal/lib\libHALD.a(SPI.o)
 .text.SPI_writeRead
                0x2000da98      0x1c0 C:/ISIS/workspace_ycube/GlobusSatProject/..//hal/hal/lib\libHALD.a(SPI.o)
                0x2000da98                SPI_writeRead
 .text.waitForTransfer
                0x2000dc58       0x78 C:/ISIS/workspace_ycube/GlobusSatProject/..//hal/hal/lib\libHALD.a(SPI.o)
 .text.SPI_getDriverState
                0x2000dcd0       0x58 C:/ISIS/workspace_ycube/GlobusSatProject/..//hal/hal/lib\libHALD.a(SPI.o)
                0x2000dcd0                SPI_getDriverState
 .text.FRAM_start
                0x2000dd28      0x120 C:/ISIS/workspace_ycube/GlobusSatProject/..//hal/hal/lib\libHALD.a(FRAM.o)
                0x2000dd28                FRAM_start
 .text.FRAM_dummyCallback
                0x2000de48       0x24 C:/ISIS/workspace_ycube/GlobusSatProject/..//hal/hal/lib\libHALD.a(FRAM.o)
                0x2000de48                FRAM_dummyCallback
 .text.FRAM_unlockingCallback
                0x2000de6c       0x64 C:/ISIS/workspace_ycube/GlobusSatProject/..//hal/hal/lib\libHALD.a(FRAM.o)
                0x2000de6c                FRAM_unlockingCallback
 .text.doBlockingTransfer
                0x2000ded0       0x78 C:/ISIS/workspace_ycube/GlobusSatProject/..//hal/hal/lib\libHALD.a(FRAM.o)
 .text.FRAM_writePacket
                0x2000df48      0x144 C:/ISIS/workspace_ycube/GlobusSatProject/..//hal/hal/lib\libHALD.a(FRAM.o)
 .text.FRAM_write
                0x2000e08c      0x1d8 C:/ISIS/workspace_ycube/GlobusSatProject/..//hal/hal/lib\libHALD.a(FRAM.o)
                0x2000e08c                FRAM_write
 .text.FRAM_readPacket
                0x2000e264       0xf0 C:/ISIS/workspace_ycube/GlobusSatProject/..//hal/hal/lib\libHALD.a(FRAM.o)
 .text.FRAM_read
                0x2000e354      0x1e4 C:/ISIS/workspace_ycube/GlobusSatProject/..//hal/hal/lib\libHALD.a(FRAM.o)
                0x2000e354                FRAM_read
 .text.Time_start
                0x2000e538      0x150 C:/ISIS/workspace_ycube/GlobusSatProject/..//hal/hal/lib\libHALD.a(Time.o)
                0x2000e538                Time_start
 .text.taskTimeSync
                0x2000e688       0x38 C:/ISIS/workspace_ycube/GlobusSatProject/..//hal/hal/lib\libHALD.a(Time.o)
 .text.Time_convertEpochToTime
                0x2000e6c0       0xf4 C:/ISIS/workspace_ycube/GlobusSatProject/..//hal/hal/lib\libHALD.a(Time.o)
                0x2000e6c0                Time_convertEpochToTime
 .text.Time_populateSecondsOfYear
                0x2000e7b4      0x188 C:/ISIS/workspace_ycube/GlobusSatProject/..//hal/hal/lib\libHALD.a(Time.o)
 .text.Time_set
                0x2000e93c      0x110 C:/ISIS/workspace_ycube/GlobusSatProject/..//hal/hal/lib\libHALD.a(Time.o)
                0x2000e93c                Time_set
 .text.Time_isLeapYear
                0x2000ea4c       0x98 C:/ISIS/workspace_ycube/GlobusSatProject/..//hal/hal/lib\libHALD.a(Time.o)
                0x2000ea4c                Time_isLeapYear
 .text.Time_get
                0x2000eae4      0x410 C:/ISIS/workspace_ycube/GlobusSatProject/..//hal/hal/lib\libHALD.a(Time.o)
                0x2000eae4                Time_get
 .text.Time_getUnixEpoch
                0x2000eef4       0xf4 C:/ISIS/workspace_ycube/GlobusSatProject/..//hal/hal/lib\libHALD.a(Time.o)
                0x2000eef4                Time_getUnixEpoch
 .text.Time_secondsOfYearToTime
                0x2000efe8      0x328 C:/ISIS/workspace_ycube/GlobusSatProject/..//hal/hal/lib\libHALD.a(Time.o)
 .text.Time_setUnixEpoch
                0x2000f310       0x54 C:/ISIS/workspace_ycube/GlobusSatProject/..//hal/hal/lib\libHALD.a(Time.o)
                0x2000f310                Time_setUnixEpoch
 .text.Time_getUptimeSeconds
                0x2000f364       0x28 C:/ISIS/workspace_ycube/GlobusSatProject/..//hal/hal/lib\libHALD.a(Time.o)
                0x2000f364                Time_getUptimeSeconds
 .text.Time_sync
                0x2000f38c      0x2d8 C:/ISIS/workspace_ycube/GlobusSatProject/..//hal/hal/lib\libHALD.a(Time.o)
                0x2000f38c                Time_sync
 .text.Time_syncIfNeeded
                0x2000f664       0x90 C:/ISIS/workspace_ycube/GlobusSatProject/..//hal/hal/lib\libHALD.a(Time.o)
                0x2000f664                Time_syncIfNeeded
 .text.Time_setSyncInterval
                0x2000f6f4       0x38 C:/ISIS/workspace_ycube/GlobusSatProject/..//hal/hal/lib\libHALD.a(Time.o)
                0x2000f6f4                Time_setSyncInterval
 .text.WDT_start
                0x2000f72c       0x48 C:/ISIS/workspace_ycube/GlobusSatProject/..//hal/hal/lib\libHALD.a(WatchDogTimerNoOS.o)
                0x2000f72c                WDT_start
 .text.WDT_startWatchdogKickTask
                0x2000f774       0xb4 C:/ISIS/workspace_ycube/GlobusSatProject/..//hal/hal/lib\libHALD.a(WatchDogTimerOS.o)
                0x2000f774                WDT_startWatchdogKickTask
 .text.WDT_forceKickEveryNms
                0x2000f828       0x50 C:/ISIS/workspace_ycube/GlobusSatProject/..//hal/hal/lib\libHALD.a(WatchDogTimerOS.o)
                0x2000f828                WDT_forceKickEveryNms
 .text.UTIL_DbguGetInteger
                0x2000f878      0x12c C:/ISIS/workspace_ycube/GlobusSatProject/..//hal/hal/lib\libHALD.a(util.o)
                0x2000f878                UTIL_DbguGetInteger
 .text.UTIL_DbguGetIntegerMinMax
                0x2000f9a4       0xa4 C:/ISIS/workspace_ycube/GlobusSatProject/..//hal/hal/lib\libHALD.a(util.o)
                0x2000f9a4                UTIL_DbguGetIntegerMinMax
 .text.LED_glow
                0x2000fa48       0x58 C:/ISIS/workspace_ycube/GlobusSatProject/..//hal/hal/lib\libHALD.a(LED.o)
                0x2000fa48                LED_glow
 .text.LED_dark
                0x2000faa0       0x58 C:/ISIS/workspace_ycube/GlobusSatProject/..//hal/hal/lib\libHALD.a(LED.o)
                0x2000faa0                LED_dark
 .text.LED_toggle
                0x2000faf8       0x50 C:/ISIS/workspace_ycube/GlobusSatProject/..//hal/hal/lib\libHALD.a(LED.o)
                0x2000faf8                LED_toggle
 .text.RTC_start
                0x2000fb48       0x3c C:/ISIS/workspace_ycube/GlobusSatProject/..//hal/hal/lib\libHALD.a(RTC.o)
                0x2000fb48                RTC_start
 .text.RTC_setTime
                0x2000fb84      0x2a4 C:/ISIS/workspace_ycube/GlobusSatProject/..//hal/hal/lib\libHALD.a(RTC.o)
                0x2000fb84                RTC_setTime
 .text.RTC_getTime
                0x2000fe28      0x224 C:/ISIS/workspace_ycube/GlobusSatProject/..//hal/hal/lib\libHALD.a(RTC.o)
                0x2000fe28                RTC_getTime
 .text.RTC_checkTimeValid
                0x2001004c       0xdc C:/ISIS/workspace_ycube/GlobusSatProject/..//hal/hal/lib\libHALD.a(RTC.o)
                0x2001004c                RTC_checkTimeValid
 .text.RTT_start
                0x20010128       0x24 C:/ISIS/workspace_ycube/GlobusSatProject/..//hal/hal/lib\libHALD.a(RTT.o)
                0x20010128                RTT_start
 .text.fn_init  0x2001014c      0x2dc C:/ISIS/workspace_ycube/GlobusSatProject/..//hal/hcc/lib\libHCCD.a(fat_common.o)
                0x2001014c                fn_init
 .text._f_get16bitl
                0x20010428       0x4c C:/ISIS/workspace_ycube/GlobusSatProject/..//hal/hcc/lib\libHCCD.a(fat_common.o)
                0x20010428                _f_get16bitl
 .text._f_set16bitl
                0x20010474       0x54 C:/ISIS/workspace_ycube/GlobusSatProject/..//hal/hcc/lib\libHCCD.a(fat_common.o)
                0x20010474                _f_set16bitl
 .text._f_get32bitl
                0x200104c8       0x68 C:/ISIS/workspace_ycube/GlobusSatProject/..//hal/hcc/lib\libHCCD.a(fat_common.o)
                0x200104c8                _f_get32bitl
 .text._f_set32bitl
                0x20010530       0x78 C:/ISIS/workspace_ycube/GlobusSatProject/..//hal/hcc/lib\libHCCD.a(fat_common.o)
                0x20010530                _f_set32bitl
 .text._get8bit
                0x200105a8       0xa0 C:/ISIS/workspace_ycube/GlobusSatProject/..//hal/hcc/lib\libHCCD.a(fat_common.o)
 .text._get16bitl
                0x20010648       0x40 C:/ISIS/workspace_ycube/GlobusSatProject/..//hal/hcc/lib\libHCCD.a(fat_common.o)
 .text._get32bitl
                0x20010688       0x3c C:/ISIS/workspace_ycube/GlobusSatProject/..//hal/hcc/lib\libHCCD.a(fat_common.o)
 .text._f_setcardremoved
                0x200106c4       0x94 C:/ISIS/workspace_ycube/GlobusSatProject/..//hal/hcc/lib\libHCCD.a(fat_common.o)
 .text._f_checkstatus
                0x20010758      0x104 C:/ISIS/workspace_ycube/GlobusSatProject/..//hal/hcc/lib\libHCCD.a(fat_common.o)
                0x20010758                _f_checkstatus
 .text._f_drvgetphy
                0x2001085c      0x114 C:/ISIS/workspace_ycube/GlobusSatProject/..//hal/hcc/lib\libHCCD.a(fat_common.o)
 .text._f_drvwritesector
                0x20010970       0xdc C:/ISIS/workspace_ycube/GlobusSatProject/..//hal/hcc/lib\libHCCD.a(fat_common.o)
 .text._f_drvreadsector
                0x20010a4c       0xa8 C:/ISIS/workspace_ycube/GlobusSatProject/..//hal/hcc/lib\libHCCD.a(fat_common.o)
 .text._f_writesector
                0x20010af4      0x23c C:/ISIS/workspace_ycube/GlobusSatProject/..//hal/hcc/lib\libHCCD.a(fat_common.o)
                0x20010af4                _f_writesector
 .text._f_readsector
                0x20010d30      0x1dc C:/ISIS/workspace_ycube/GlobusSatProject/..//hal/hcc/lib\libHCCD.a(fat_common.o)
                0x20010d30                _f_readsector
 .text._f_getmaxcluster
                0x20010f0c       0x94 C:/ISIS/workspace_ycube/GlobusSatProject/..//hal/hcc/lib\libHCCD.a(fat_common.o)
                0x20010f0c                _f_getmaxcluster
 .text._getsectorfromcluster
                0x20010fa0       0x68 C:/ISIS/workspace_ycube/GlobusSatProject/..//hal/hcc/lib\libHCCD.a(fat_common.o)
 .text._f_buildsectors
                0x20011008      0x268 C:/ISIS/workspace_ycube/GlobusSatProject/..//hal/hcc/lib\libHCCD.a(fat_common.o)
 .text._f_getbootrecord
                0x20011270      0x5e4 C:/ISIS/workspace_ycube/GlobusSatProject/..//hal/hcc/lib\libHCCD.a(fat_common.o)
 .text._f_readbootrecord
                0x20011854      0x4f8 C:/ISIS/workspace_ycube/GlobusSatProject/..//hal/hcc/lib\libHCCD.a(fat_common.o)
 .text._f_flushcffiles
                0x20011d4c      0x17c C:/ISIS/workspace_ycube/GlobusSatProject/..//hal/hcc/lib\libHCCD.a(fat_common.o)
                0x20011d4c                _f_flushcffiles
 .text._f_fatcache_flush
                0x20011ec8      0x270 C:/ISIS/workspace_ycube/GlobusSatProject/..//hal/hcc/lib\libHCCD.a(fat_common.o)
                0x20011ec8                _f_fatcache_flush
 .text._f_writefatsector
                0x20012138      0x100 C:/ISIS/workspace_ycube/GlobusSatProject/..//hal/hcc/lib\libHCCD.a(fat_common.o)
                0x20012138                _f_writefatsector
 .text._f_getfatsector
                0x20012238      0x3bc C:/ISIS/workspace_ycube/GlobusSatProject/..//hal/hcc/lib\libHCCD.a(fat_common.o)
 .text._f_setclustervalue
                0x200125f4      0x490 C:/ISIS/workspace_ycube/GlobusSatProject/..//hal/hcc/lib\libHCCD.a(fat_common.o)
                0x200125f4                _f_setclustervalue
 .text._f_getclustervalue
                0x20012a84      0x388 C:/ISIS/workspace_ycube/GlobusSatProject/..//hal/hcc/lib\libHCCD.a(fat_common.o)
                0x20012a84                _f_getclustervalue
 .text._f_close_drive_files
                0x20012e0c       0xac C:/ISIS/workspace_ycube/GlobusSatProject/..//hal/hcc/lib\libHCCD.a(fat_common.o)
 .text._f_inc_mount_count
                0x20012eb8       0xa4 C:/ISIS/workspace_ycube/GlobusSatProject/..//hal/hcc/lib\libHCCD.a(fat_common.o)
 .text._f_getvolume
                0x20012f5c      0x2f8 C:/ISIS/workspace_ycube/GlobusSatProject/..//hal/hcc/lib\libHCCD.a(fat_common.o)
                0x20012f5c                _f_getvolume
 .text.fn_createdriver
                0x20013254      0x118 C:/ISIS/workspace_ycube/GlobusSatProject/..//hal/hcc/lib\libHCCD.a(fat_common.o)
                0x20013254                fn_createdriver
 .text.fn_initvolume
                0x2001336c      0x12c C:/ISIS/workspace_ycube/GlobusSatProject/..//hal/hcc/lib\libHCCD.a(fat_common.o)
                0x2001336c                fn_initvolume
 .text.fn_initvolumepartition_sub
                0x20013498       0xe0 C:/ISIS/workspace_ycube/GlobusSatProject/..//hal/hcc/lib\libHCCD.a(fat_common.o)
 .text.fn_initvolumepartition
                0x20013578       0xac C:/ISIS/workspace_ycube/GlobusSatProject/..//hal/hcc/lib\libHCCD.a(fat_common.o)
                0x20013578                fn_initvolumepartition
 .text._f_clustertopos
                0x20013624       0xf8 C:/ISIS/workspace_ycube/GlobusSatProject/..//hal/hcc/lib\libHCCD.a(fat_common.o)
                0x20013624                _f_clustertopos
 .text._f_getcurrsector
                0x2001371c      0x6c8 C:/ISIS/workspace_ycube/GlobusSatProject/..//hal/hcc/lib\libHCCD.a(fat_common.o)
                0x2001371c                _f_getcurrsector
 .text._f_getdecluster
                0x20013de4       0x90 C:/ISIS/workspace_ycube/GlobusSatProject/..//hal/hcc/lib\libHCCD.a(fat_common.o)
                0x20013de4                _f_getdecluster
 .text._f_setdecluster
                0x20013e74       0x8c C:/ISIS/workspace_ycube/GlobusSatProject/..//hal/hcc/lib\libHCCD.a(fat_common.o)
                0x20013e74                _f_setdecluster
 .text.fn_getdrive
                0x20013f00       0x30 C:/ISIS/workspace_ycube/GlobusSatProject/..//hal/hcc/lib\libHCCD.a(fat_common.o)
                0x20013f00                fn_getdrive
 .text._f_getcurrenttimedate
                0x20013f30      0x138 C:/ISIS/workspace_ycube/GlobusSatProject/..//hal/hcc/lib\libHCCD.a(fat_common.o)
                0x20013f30                _f_getcurrenttimedate
 .text._f_initentry
                0x20014068       0xa0 C:/ISIS/workspace_ycube/GlobusSatProject/..//hal/hcc/lib\libHCCD.a(fat_common.o)
                0x20014068                _f_initentry
 .text._f_alloccluster
                0x20014108      0x344 C:/ISIS/workspace_ycube/GlobusSatProject/..//hal/hcc/lib\libHCCD.a(fat_common.o)
                0x20014108                _f_alloccluster
 .text._f_dobadblock
                0x2001444c      0x2cc C:/ISIS/workspace_ycube/GlobusSatProject/..//hal/hcc/lib\libHCCD.a(fat_common.o)
                0x2001444c                _f_dobadblock
 .text._f_checklocked
                0x20014718       0xe4 C:/ISIS/workspace_ycube/GlobusSatProject/..//hal/hcc/lib\libHCCD.a(fat_common.o)
                0x20014718                _f_checklocked
 .text._f_checkappendlocked
                0x200147fc      0x110 C:/ISIS/workspace_ycube/GlobusSatProject/..//hal/hcc/lib\libHCCD.a(fat_common.o)
                0x200147fc                _f_checkappendlocked
 .text._f_setsyncafile
                0x2001490c      0x114 C:/ISIS/workspace_ycube/GlobusSatProject/..//hal/hcc/lib\libHCCD.a(fat_common.o)
                0x2001490c                _f_setsyncafile
 .text._f_syncfiles
                0x20014a20      0x128 C:/ISIS/workspace_ycube/GlobusSatProject/..//hal/hcc/lib\libHCCD.a(fat_common.o)
                0x20014a20                _f_syncfiles
 .text._f_syncfilescontent
                0x20014b48      0x15c C:/ISIS/workspace_ycube/GlobusSatProject/..//hal/hcc/lib\libHCCD.a(fat_common.o)
 .text.fn_getfreespace
                0x20014ca4      0x4c0 C:/ISIS/workspace_ycube/GlobusSatProject/..//hal/hcc/lib\libHCCD.a(fat_common.o)
                0x20014ca4                fn_getfreespace
 .text._f_emptywritecache
                0x20015164      0x4a4 C:/ISIS/workspace_ycube/GlobusSatProject/..//hal/hcc/lib\libHCCD.a(fat_common.o)
 .text._f_allocnextcluster
                0x20015608      0x54c C:/ISIS/workspace_ycube/GlobusSatProject/..//hal/hcc/lib\libHCCD.a(fat_common.o)
 .text._f_emptywritebuffer
                0x20015b54      0x20c C:/ISIS/workspace_ycube/GlobusSatProject/..//hal/hcc/lib\libHCCD.a(fat_common.o)
 .text._f_writezeros
                0x20015d60       0xf0 C:/ISIS/workspace_ycube/GlobusSatProject/..//hal/hcc/lib\libHCCD.a(fat_common.o)
                0x20015d60                _f_writezeros
 .text._f_extend_file
                0x20015e50      0x570 C:/ISIS/workspace_ycube/GlobusSatProject/..//hal/hcc/lib\libHCCD.a(fat_common.o)
 .text._f_fseek
                0x200163c0      0x9bc C:/ISIS/workspace_ycube/GlobusSatProject/..//hal/hcc/lib\libHCCD.a(fat_common.o)
                0x200163c0                _f_fseek
 .text._f_removechain
                0x20016d7c      0x104 C:/ISIS/workspace_ycube/GlobusSatProject/..//hal/hcc/lib\libHCCD.a(fat_common.o)
                0x20016d7c                _f_removechain
 .text._f_updatefileentry
                0x20016e80      0x1cc C:/ISIS/workspace_ycube/GlobusSatProject/..//hal/hcc/lib\libHCCD.a(fat_common.o)
 .text._f_checkreadlocked
                0x2001704c      0x1bc C:/ISIS/workspace_ycube/GlobusSatProject/..//hal/hcc/lib\libHCCD.a(fat_common.o)
                0x2001704c                _f_checkreadlocked
 .text._f_check_handle
                0x20017208       0x98 C:/ISIS/workspace_ycube/GlobusSatProject/..//hal/hcc/lib\libHCCD.a(fat_common.o)
                0x20017208                _f_check_handle
 .text._f_removesyncafile
                0x200172a0      0x1ec C:/ISIS/workspace_ycube/GlobusSatProject/..//hal/hcc/lib\libHCCD.a(fat_common.o)
 .text.fn_close
                0x2001748c      0x3f8 C:/ISIS/workspace_ycube/GlobusSatProject/..//hal/hcc/lib\libHCCD.a(fat_common.o)
                0x2001748c                fn_close
 .text.fn_flush
                0x20017884      0x374 C:/ISIS/workspace_ycube/GlobusSatProject/..//hal/hcc/lib\libHCCD.a(fat_common.o)
                0x20017884                fn_flush
 .text.fn_read  0x20017bf8      0x690 C:/ISIS/workspace_ycube/GlobusSatProject/..//hal/hcc/lib\libHCCD.a(fat_common.o)
                0x20017bf8                fn_read
 .text._f_abortwrite
                0x20018288      0x100 C:/ISIS/workspace_ycube/GlobusSatProject/..//hal/hcc/lib\libHCCD.a(fat_common.o)
 .text._f_checkwritecluster
                0x20018388       0xe4 C:/ISIS/workspace_ycube/GlobusSatProject/..//hal/hcc/lib\libHCCD.a(fat_common.o)
 .text.fn_write
                0x2001846c      0x8a8 C:/ISIS/workspace_ycube/GlobusSatProject/..//hal/hcc/lib\libHCCD.a(fat_common.o)
                0x2001846c                fn_write
 .text.f_enterFS
                0x20018d14      0x1c0 C:/ISIS/workspace_ycube/GlobusSatProject/..//hal/hcc/lib\libHCCD.a(fat_common.o)
                0x20018d14                f_enterFS
 .text.fnGetTask
                0x20018ed4       0xfc C:/ISIS/workspace_ycube/GlobusSatProject/..//hal/hcc/lib\libHCCD.a(fat_common.o)
                0x20018ed4                fnGetTask
 .text._f_mutex_get
                0x20018fd0       0x98 C:/ISIS/workspace_ycube/GlobusSatProject/..//hal/hcc/lib\libHCCD.a(fat_common.o)
                0x20018fd0                _f_mutex_get
 .text._f_mutex_put
                0x20019068       0x54 C:/ISIS/workspace_ycube/GlobusSatProject/..//hal/hcc/lib\libHCCD.a(fat_common.o)
                0x20019068                _f_mutex_put
 .text._fn_initseekdivisor
                0x200190bc      0x158 C:/ISIS/workspace_ycube/GlobusSatProject/..//hal/hcc/lib\libHCCD.a(fat_common.o)
                0x200190bc                _fn_initseekdivisor
 .text._fn_updateseekpos
                0x20019214       0xc4 C:/ISIS/workspace_ycube/GlobusSatProject/..//hal/hcc/lib\libHCCD.a(fat_common.o)
 .text._f_findopensize
                0x200192d8       0x2c C:/ISIS/workspace_ycube/GlobusSatProject/..//hal/hcc/lib\libHCCD.a(fat_common.o)
                0x200192d8                _f_findopensize
 .text.fn_setlasterror
                0x20019304       0x34 C:/ISIS/workspace_ycube/GlobusSatProject/..//hal/hcc/lib\libHCCD.a(fat_common.o)
                0x20019304                fn_setlasterror
 .text.fn_setlasterror_noret
                0x20019338       0x2c C:/ISIS/workspace_ycube/GlobusSatProject/..//hal/hcc/lib\libHCCD.a(fat_common.o)
                0x20019338                fn_setlasterror_noret
 .text.fm_initvolume
                0x20019364       0x70 C:/ISIS/workspace_ycube/GlobusSatProject/..//hal/hcc/lib\libHCCD.a(fat_m.o)
                0x20019364                fm_initvolume
 .text.fm_getdrive
                0x200193d4       0x70 C:/ISIS/workspace_ycube/GlobusSatProject/..//hal/hcc/lib\libHCCD.a(fat_m.o)
                0x200193d4                fm_getdrive
 .text.fm_getfreespace
                0x20019444       0x68 C:/ISIS/workspace_ycube/GlobusSatProject/..//hal/hcc/lib\libHCCD.a(fat_m.o)
                0x20019444                fm_getfreespace
 .text.fm_findfirst
                0x200194ac       0x68 C:/ISIS/workspace_ycube/GlobusSatProject/..//hal/hcc/lib\libHCCD.a(fat_m.o)
                0x200194ac                fm_findfirst
 .text.fm_findnext
                0x20019514       0x60 C:/ISIS/workspace_ycube/GlobusSatProject/..//hal/hcc/lib\libHCCD.a(fat_m.o)
                0x20019514                fm_findnext
 .text.fm_close
                0x20019574       0x60 C:/ISIS/workspace_ycube/GlobusSatProject/..//hal/hcc/lib\libHCCD.a(fat_m.o)
                0x20019574                fm_close
 .text.fm_flush
                0x200195d4       0x60 C:/ISIS/workspace_ycube/GlobusSatProject/..//hal/hcc/lib\libHCCD.a(fat_m.o)
                0x200195d4                fm_flush
 .text.fm_open  0x20019634       0x68 C:/ISIS/workspace_ycube/GlobusSatProject/..//hal/hcc/lib\libHCCD.a(fat_m.o)
                0x20019634                fm_open
 .text.fm_read  0x2001969c       0x7c C:/ISIS/workspace_ycube/GlobusSatProject/..//hal/hcc/lib\libHCCD.a(fat_m.o)
                0x2001969c                fm_read
 .text.fm_write
                0x20019718       0x7c C:/ISIS/workspace_ycube/GlobusSatProject/..//hal/hcc/lib\libHCCD.a(fat_m.o)
                0x20019718                fm_write
 .text.fm_delete
                0x20019794       0x64 C:/ISIS/workspace_ycube/GlobusSatProject/..//hal/hcc/lib\libHCCD.a(fat_m.o)
                0x20019794                fm_delete
 .text.fm_getlasterror
                0x200197f8       0x40 C:/ISIS/workspace_ycube/GlobusSatProject/..//hal/hcc/lib\libHCCD.a(fat_m.o)
                0x200197f8                fm_getlasterror
 .text._s_checkzeroclusteratend
                0x20019838       0xf8 C:/ISIS/workspace_ycube/GlobusSatProject/..//hal/hcc/lib\libHCCD.a(safefat.o)
 .text._s_clearclustercontent
                0x20019930      0x108 C:/ISIS/workspace_ycube/GlobusSatProject/..//hal/hcc/lib\libHCCD.a(safefat.o)
 .text._s_clearclustercontentdir
                0x20019a38      0x19c C:/ISIS/workspace_ycube/GlobusSatProject/..//hal/hcc/lib\libHCCD.a(safefat.o)
 .text._s_writedirsector
                0x20019bd4       0xd0 C:/ISIS/workspace_ycube/GlobusSatProject/..//hal/hcc/lib\libHCCD.a(safefat.o)
 .text._s_getdirsector
                0x20019ca4      0x100 C:/ISIS/workspace_ycube/GlobusSatProject/..//hal/hcc/lib\libHCCD.a(safefat.o)
 .text._s_addentry
                0x20019da4      0x394 C:/ISIS/workspace_ycube/GlobusSatProject/..//hal/hcc/lib\libHCCD.a(safefat.o)
 .text._s_findfile
                0x2001a138      0x33c C:/ISIS/workspace_ycube/GlobusSatProject/..//hal/hcc/lib\libHCCD.a(safefat.o)
 .text._s_findsubdir
                0x2001a474      0x248 C:/ISIS/workspace_ycube/GlobusSatProject/..//hal/hcc/lib\libHCCD.a(safefat.o)
 .text._s_createfile
                0x2001a6bc      0x190 C:/ISIS/workspace_ycube/GlobusSatProject/..//hal/hcc/lib\libHCCD.a(safefat.o)
 .text._s_findsaffile
                0x2001a84c      0x1b8 C:/ISIS/workspace_ycube/GlobusSatProject/..//hal/hcc/lib\libHCCD.a(safefat.o)
 .text._s_open  0x2001aa04       0xe4 C:/ISIS/workspace_ycube/GlobusSatProject/..//hal/hcc/lib\libHCCD.a(safefat.o)
 .text._s_open_saf
                0x2001aae8       0xe8 C:/ISIS/workspace_ycube/GlobusSatProject/..//hal/hcc/lib\libHCCD.a(safefat.o)
 .text._s_flush
                0x2001abd0       0x84 C:/ISIS/workspace_ycube/GlobusSatProject/..//hal/hcc/lib\libHCCD.a(safefat.o)
 .text._s_allocnextcluster
                0x2001ac54      0x13c C:/ISIS/workspace_ycube/GlobusSatProject/..//hal/hcc/lib\libHCCD.a(safefat.o)
 .text._s_getnextsector
                0x2001ad90       0xdc C:/ISIS/workspace_ycube/GlobusSatProject/..//hal/hcc/lib\libHCCD.a(safefat.o)
 .text._s_seek  0x2001ae6c      0x1e8 C:/ISIS/workspace_ycube/GlobusSatProject/..//hal/hcc/lib\libHCCD.a(safefat.o)
 .text._s_read  0x2001b054      0x228 C:/ISIS/workspace_ycube/GlobusSatProject/..//hal/hcc/lib\libHCCD.a(safefat.o)
 .text._s_write
                0x2001b27c      0x384 C:/ISIS/workspace_ycube/GlobusSatProject/..//hal/hcc/lib\libHCCD.a(safefat.o)
 .text._s_restoreclusters
                0x2001b600      0x270 C:/ISIS/workspace_ycube/GlobusSatProject/..//hal/hcc/lib\libHCCD.a(safefat.o)
                0x2001b600                _s_restoreclusters
 .text._s_findrestore
                0x2001b870      0x18c C:/ISIS/workspace_ycube/GlobusSatProject/..//hal/hcc/lib\libHCCD.a(safefat.o)
 .text._s_cmd_writede
                0x2001b9fc       0xd8 C:/ISIS/workspace_ycube/GlobusSatProject/..//hal/hcc/lib\libHCCD.a(safefat.o)
 .text._s_cmd_setcluster
                0x2001bad4       0x88 C:/ISIS/workspace_ycube/GlobusSatProject/..//hal/hcc/lib\libHCCD.a(safefat.o)
 .text._s_cmd_deletechain
                0x2001bb5c      0x100 C:/ISIS/workspace_ycube/GlobusSatProject/..//hal/hcc/lib\libHCCD.a(safefat.o)
 .text._s_cmd_validatecfn
                0x2001bc5c      0x308 C:/ISIS/workspace_ycube/GlobusSatProject/..//hal/hcc/lib\libHCCD.a(safefat.o)
 .text._s_cmd_seteof
                0x2001bf64      0x3c4 C:/ISIS/workspace_ycube/GlobusSatProject/..//hal/hcc/lib\libHCCD.a(safefat.o)
 .text.safe_docommands
                0x2001c328      0x56c C:/ISIS/workspace_ycube/GlobusSatProject/..//hal/hcc/lib\libHCCD.a(safefat.o)
                0x2001c328                safe_docommands
 .text.safe_entercommand
                0x2001c894       0x68 C:/ISIS/workspace_ycube/GlobusSatProject/..//hal/hcc/lib\libHCCD.a(safefat.o)
                0x2001c894                safe_entercommand
 .text.safe_ready
                0x2001c8fc       0xf4 C:/ISIS/workspace_ycube/GlobusSatProject/..//hal/hcc/lib\libHCCD.a(safefat.o)
                0x2001c8fc                safe_ready
 .text.safe_copycfn
                0x2001c9f0       0xb8 C:/ISIS/workspace_ycube/GlobusSatProject/..//hal/hcc/lib\libHCCD.a(safefat.o)
                0x2001c9f0                safe_copycfn
 .text.safe_cfremove
                0x2001caa8       0xb8 C:/ISIS/workspace_ycube/GlobusSatProject/..//hal/hcc/lib\libHCCD.a(safefat.o)
                0x2001caa8                safe_cfremove
 .text.safe_writede
                0x2001cb60      0x104 C:/ISIS/workspace_ycube/GlobusSatProject/..//hal/hcc/lib\libHCCD.a(safefat.o)
                0x2001cb60                safe_writede
 .text.safe_setcluster
                0x2001cc64       0xcc C:/ISIS/workspace_ycube/GlobusSatProject/..//hal/hcc/lib\libHCCD.a(safefat.o)
                0x2001cc64                safe_setcluster
 .text.safe_deletechain
                0x2001cd30      0x1c8 C:/ISIS/workspace_ycube/GlobusSatProject/..//hal/hcc/lib\libHCCD.a(safefat.o)
                0x2001cd30                safe_deletechain
 .text.safe_cfclose
                0x2001cef8      0x104 C:/ISIS/workspace_ycube/GlobusSatProject/..//hal/hcc/lib\libHCCD.a(safefat.o)
                0x2001cef8                safe_cfclose
 .text.safe_cfflush
                0x2001cffc      0x124 C:/ISIS/workspace_ycube/GlobusSatProject/..//hal/hcc/lib\libHCCD.a(safefat.o)
                0x2001cffc                safe_cfflush
 .text.safe_reset
                0x2001d120       0x78 C:/ISIS/workspace_ycube/GlobusSatProject/..//hal/hcc/lib\libHCCD.a(safefat.o)
                0x2001d120                safe_reset
 .text.safe_loadcommands
                0x2001d198       0x78 C:/ISIS/workspace_ycube/GlobusSatProject/..//hal/hcc/lib\libHCCD.a(safefat.o)
                0x2001d198                safe_loadcommands
 .text.safe_poweron
                0x2001d210      0x1fc C:/ISIS/workspace_ycube/GlobusSatProject/..//hal/hcc/lib\libHCCD.a(safefat.o)
                0x2001d210                safe_poweron
 .text.cf_getname
                0x2001d40c       0xc0 C:/ISIS/workspace_ycube/GlobusSatProject/..//hal/hcc/lib\libHCCD.a(safefat.o)
 .text.cf_copyclusterchain
                0x2001d4cc      0x138 C:/ISIS/workspace_ycube/GlobusSatProject/..//hal/hcc/lib\libHCCD.a(safefat.o)
 .text.cf_seektozero
                0x2001d604       0x94 C:/ISIS/workspace_ycube/GlobusSatProject/..//hal/hcc/lib\libHCCD.a(safefat.o)
                0x2001d604                cf_seektozero
 .text.cf_create
                0x2001d698      0x3a8 C:/ISIS/workspace_ycube/GlobusSatProject/..//hal/hcc/lib\libHCCD.a(safefat.o)
                0x2001d698                cf_create
 .text.cf_copyclustercontent
                0x2001da40      0x128 C:/ISIS/workspace_ycube/GlobusSatProject/..//hal/hcc/lib\libHCCD.a(safefat.o)
                0x2001da40                cf_copyclustercontent
 .text.cf_copycfn
                0x2001db68      0x4bc C:/ISIS/workspace_ycube/GlobusSatProject/..//hal/hcc/lib\libHCCD.a(safefat.o)
                0x2001db68                cf_copycfn
 .text.cf_remove
                0x2001e024      0x344 C:/ISIS/workspace_ycube/GlobusSatProject/..//hal/hcc/lib\libHCCD.a(safefat.o)
                0x2001e024                cf_remove
 .text.cf_setclusternew
                0x2001e368       0xf0 C:/ISIS/workspace_ycube/GlobusSatProject/..//hal/hcc/lib\libHCCD.a(safefat.o)
                0x2001e368                cf_setclusternew
 .text.cf_flush
                0x2001e458       0x58 C:/ISIS/workspace_ycube/GlobusSatProject/..//hal/hcc/lib\libHCCD.a(safefat.o)
                0x2001e458                cf_flush
 .text.cf_getcluster
                0x2001e4b0      0x1b4 C:/ISIS/workspace_ycube/GlobusSatProject/..//hal/hcc/lib\libHCCD.a(safefat.o)
                0x2001e4b0                cf_getcluster
 .text.cf_setnextcluster
                0x2001e664      0x194 C:/ISIS/workspace_ycube/GlobusSatProject/..//hal/hcc/lib\libHCCD.a(safefat.o)
                0x2001e664                cf_setnextcluster
 .text.cf_getpositions
                0x2001e7f8       0xbc C:/ISIS/workspace_ycube/GlobusSatProject/..//hal/hcc/lib\libHCCD.a(safefat.o)
                0x2001e7f8                cf_getpositions
 .text.cf_setpositions
                0x2001e8b4       0xb0 C:/ISIS/workspace_ycube/GlobusSatProject/..//hal/hcc/lib\libHCCD.a(safefat.o)
                0x2001e8b4                cf_setpositions
 .text.cf_opensyncafile
                0x2001e964      0x150 C:/ISIS/workspace_ycube/GlobusSatProject/..//hal/hcc/lib\libHCCD.a(safefat.o)
                0x2001e964                cf_opensyncafile
 .text.cf_reloadcfo
                0x2001eab4       0xd8 C:/ISIS/workspace_ycube/GlobusSatProject/..//hal/hcc/lib\libHCCD.a(safefat.o)
                0x2001eab4                cf_reloadcfo
 .text.mcipdc_cmd
                0x2001eb8c      0x22c C:/ISIS/workspace_ycube/GlobusSatProject/..//hal/hcc/lib\libHCCD.a(atmel_mcipdc.o)
 .text.mcipdc_stop
                0x2001edb8       0xfc C:/ISIS/workspace_ycube/GlobusSatProject/..//hal/hcc/lib\libHCCD.a(atmel_mcipdc.o)
                0x2001edb8                mcipdc_stop
 .text.mcipdc_read
                0x2001eeb4      0x27c C:/ISIS/workspace_ycube/GlobusSatProject/..//hal/hcc/lib\libHCCD.a(atmel_mcipdc.o)
 .text.mcipdc_write
                0x2001f130      0x298 C:/ISIS/workspace_ycube/GlobusSatProject/..//hal/hcc/lib\libHCCD.a(atmel_mcipdc.o)
 .text.mcipdc_readsector
                0x2001f3c8       0x9c C:/ISIS/workspace_ycube/GlobusSatProject/..//hal/hcc/lib\libHCCD.a(atmel_mcipdc.o)
                0x2001f3c8                mcipdc_readsector
 .text.mcipdc_readmultiplesector
                0x2001f464      0x124 C:/ISIS/workspace_ycube/GlobusSatProject/..//hal/hcc/lib\libHCCD.a(atmel_mcipdc.o)
                0x2001f464                mcipdc_readmultiplesector
 .text.mcipdc_writesector
                0x2001f588       0x90 C:/ISIS/workspace_ycube/GlobusSatProject/..//hal/hcc/lib\libHCCD.a(atmel_mcipdc.o)
                0x2001f588                mcipdc_writesector
 .text.mcipdc_writemultiplesector
                0x2001f618      0x120 C:/ISIS/workspace_ycube/GlobusSatProject/..//hal/hcc/lib\libHCCD.a(atmel_mcipdc.o)
                0x2001f618                mcipdc_writemultiplesector
 .text.mcipdc_set_speed
                0x2001f738       0xb0 C:/ISIS/workspace_ycube/GlobusSatProject/..//hal/hcc/lib\libHCCD.a(atmel_mcipdc.o)
 .text.mcipdc_get_speed
                0x2001f7e8       0x48 C:/ISIS/workspace_ycube/GlobusSatProject/..//hal/hcc/lib\libHCCD.a(atmel_mcipdc.o)
 .text._get_csd_bits
                0x2001f830      0x14c C:/ISIS/workspace_ycube/GlobusSatProject/..//hal/hcc/lib\libHCCD.a(atmel_mcipdc.o)
 .text.mcipdc_initcard
                0x2001f97c      0x8f4 C:/ISIS/workspace_ycube/GlobusSatProject/..//hal/hcc/lib\libHCCD.a(atmel_mcipdc.o)
 .text.mcipdc_getstatus
                0x20020270       0xe8 C:/ISIS/workspace_ycube/GlobusSatProject/..//hal/hcc/lib\libHCCD.a(atmel_mcipdc.o)
 .text.mcipdc_getphy
                0x20020358       0x90 C:/ISIS/workspace_ycube/GlobusSatProject/..//hal/hcc/lib\libHCCD.a(atmel_mcipdc.o)
 .text.mcipdc_release
                0x200203e8       0x50 C:/ISIS/workspace_ycube/GlobusSatProject/..//hal/hcc/lib\libHCCD.a(atmel_mcipdc.o)
 .text.atmel_mcipdc_initfunc
                0x20020438      0x160 C:/ISIS/workspace_ycube/GlobusSatProject/..//hal/hcc/lib\libHCCD.a(atmel_mcipdc.o)
                0x20020438                atmel_mcipdc_initfunc
 .text.oal_mutex_create
                0x20020598       0x54 C:/ISIS/workspace_ycube/GlobusSatProject/..//hal/hcc/lib\libHCCD.a(oalp_mutex.o)
                0x20020598                oal_mutex_create
 .text.oal_mutex_delete
                0x200205ec       0x30 C:/ISIS/workspace_ycube/GlobusSatProject/..//hal/hcc/lib\libHCCD.a(oalp_mutex.o)
                0x200205ec                oal_mutex_delete
 .text.oal_mutex_get
                0x2002061c       0x58 C:/ISIS/workspace_ycube/GlobusSatProject/..//hal/hcc/lib\libHCCD.a(oalp_mutex.o)
                0x2002061c                oal_mutex_get
 .text.oal_mutex_put
                0x20020674       0x58 C:/ISIS/workspace_ycube/GlobusSatProject/..//hal/hcc/lib\libHCCD.a(oalp_mutex.o)
                0x20020674                oal_mutex_put
 .text.oal_task_get_id
                0x200206cc       0x18 C:/ISIS/workspace_ycube/GlobusSatProject/..//hal/hcc/lib\libHCCD.a(oalp_task.o)
                0x200206cc                oal_task_get_id
 .text.mcipdc_hw_init
                0x200206e4       0xe8 C:/ISIS/workspace_ycube/GlobusSatProject/..//hal/hcc/lib\libHCCD.a(atmel_mcipdc_hw.o)
                0x200206e4                mcipdc_hw_init
 .text.mcipdc_hw_delete
                0x200207cc       0x78 C:/ISIS/workspace_ycube/GlobusSatProject/..//hal/hcc/lib\libHCCD.a(atmel_mcipdc_hw.o)
                0x200207cc                mcipdc_hw_delete
 .text.mcipdc_hw_card_plugged
                0x20020844       0x1c C:/ISIS/workspace_ycube/GlobusSatProject/..//hal/hcc/lib\libHCCD.a(atmel_mcipdc_hw.o)
                0x20020844                mcipdc_hw_card_plugged
 .text.mcipdc_hw_card_writeprotect
                0x20020860       0x1c C:/ISIS/workspace_ycube/GlobusSatProject/..//hal/hcc/lib\libHCCD.a(atmel_mcipdc_hw.o)
                0x20020860                mcipdc_hw_card_writeprotect
 .text.psp_getcurrenttimedate
                0x2002087c       0x8c C:/ISIS/workspace_ycube/GlobusSatProject/..//hal/hcc/lib\libHCCD.a(psp_rtc.o)
                0x2002087c                psp_getcurrenttimedate
 .text._hcc_get_buf_dsc
                0x20020908       0x8c C:/ISIS/workspace_ycube/GlobusSatProject/..//hal/hcc/lib\libHCCD.a(hcc_mem.o)
 .text._hcc_check_free_pages
                0x20020994      0x18c C:/ISIS/workspace_ycube/GlobusSatProject/..//hal/hcc/lib\libHCCD.a(hcc_mem.o)
 .text._hcc_mark_pages
                0x20020b20      0x158 C:/ISIS/workspace_ycube/GlobusSatProject/..//hal/hcc/lib\libHCCD.a(hcc_mem.o)
 .text._hcc_clear_lock_dsc
                0x20020c78       0x80 C:/ISIS/workspace_ycube/GlobusSatProject/..//hal/hcc/lib\libHCCD.a(hcc_mem.o)
 .text._hcc_lock_access
                0x20020cf8      0x128 C:/ISIS/workspace_ycube/GlobusSatProject/..//hal/hcc/lib\libHCCD.a(hcc_mem.o)
 .text._hcc_unlock_access
                0x20020e20       0x30 C:/ISIS/workspace_ycube/GlobusSatProject/..//hal/hcc/lib\libHCCD.a(hcc_mem.o)
 .text.hcc_mem_alloc
                0x20020e50      0x454 C:/ISIS/workspace_ycube/GlobusSatProject/..//hal/hcc/lib\libHCCD.a(hcc_mem.o)
                0x20020e50                hcc_mem_alloc
 .text.hcc_mem_free
                0x200212a4      0x178 C:/ISIS/workspace_ycube/GlobusSatProject/..//hal/hcc/lib\libHCCD.a(hcc_mem.o)
                0x200212a4                hcc_mem_free
 .text.hcc_mem_add
                0x2002141c      0x3b0 C:/ISIS/workspace_ycube/GlobusSatProject/..//hal/hcc/lib\libHCCD.a(hcc_mem.o)
                0x2002141c                hcc_mem_add
 .text.hcc_mem_init
                0x200217cc      0x164 C:/ISIS/workspace_ycube/GlobusSatProject/..//hal/hcc/lib\libHCCD.a(hcc_mem.o)
                0x200217cc                hcc_mem_init
 .text._f_invalidatedir
                0x20021930       0x28 C:/ISIS/workspace_ycube/GlobusSatProject/..//hal/hcc/lib\libHCCD.a(fat.o)
                0x20021930                _f_invalidatedir
 .text._f_getdirsector
                0x20021958       0x88 C:/ISIS/workspace_ycube/GlobusSatProject/..//hal/hcc/lib\libHCCD.a(fat.o)
                0x20021958                _f_getdirsector
 .text._f_writedirsector
                0x200219e0       0x74 C:/ISIS/workspace_ycube/GlobusSatProject/..//hal/hcc/lib\libHCCD.a(fat.o)
                0x200219e0                _f_writedirsector
 .text._f_checknameinv
                0x20021a54      0x180 C:/ISIS/workspace_ycube/GlobusSatProject/..//hal/hcc/lib\libHCCD.a(fat.o)
 .text._f_checkname
                0x20021bd4       0x7c C:/ISIS/workspace_ycube/GlobusSatProject/..//hal/hcc/lib\libHCCD.a(fat.o)
 .text._f_checknamewc
                0x20021c50       0xf8 C:/ISIS/workspace_ycube/GlobusSatProject/..//hal/hcc/lib\libHCCD.a(fat.o)
 .text._f_setnameext
                0x20021d48      0x300 C:/ISIS/workspace_ycube/GlobusSatProject/..//hal/hcc/lib\libHCCD.a(fat.o)
 .text._f_setfsname
                0x20022048      0x584 C:/ISIS/workspace_ycube/GlobusSatProject/..//hal/hcc/lib\libHCCD.a(fat.o)
 .text._f_findfile
                0x200225cc      0x30c C:/ISIS/workspace_ycube/GlobusSatProject/..//hal/hcc/lib\libHCCD.a(fat.o)
 .text._f_cmp_wname
                0x200228d8      0x274 C:/ISIS/workspace_ycube/GlobusSatProject/..//hal/hcc/lib\libHCCD.a(fat.o)
 .text._f_to_string
                0x20022b4c      0x130 C:/ISIS/workspace_ycube/GlobusSatProject/..//hal/hcc/lib\libHCCD.a(fat.o)
 .text._f_findfilewc
                0x20022c7c      0x278 C:/ISIS/workspace_ycube/GlobusSatProject/..//hal/hcc/lib\libHCCD.a(fat.o)
 .text._f_getfilename
                0x20022ef4      0x20c C:/ISIS/workspace_ycube/GlobusSatProject/..//hal/hcc/lib\libHCCD.a(fat.o)
 .text._f_findpath
                0x20023100      0x35c C:/ISIS/workspace_ycube/GlobusSatProject/..//hal/hcc/lib\libHCCD.a(fat.o)
 .text.fn_getdcwd
                0x2002345c      0x1e0 C:/ISIS/workspace_ycube/GlobusSatProject/..//hal/hcc/lib\libHCCD.a(fat.o)
                0x2002345c                fn_getdcwd
 .text.fn_findfirst
                0x2002363c      0x13c C:/ISIS/workspace_ycube/GlobusSatProject/..//hal/hcc/lib\libHCCD.a(fat.o)
                0x2002363c                fn_findfirst
 .text.fn_findnext
                0x20023778      0x360 C:/ISIS/workspace_ycube/GlobusSatProject/..//hal/hcc/lib\libHCCD.a(fat.o)
                0x20023778                fn_findnext
 .text._f_lock_resfile
                0x20023ad8       0x6c C:/ISIS/workspace_ycube/GlobusSatProject/..//hal/hcc/lib\libHCCD.a(fat.o)
 .text._f_unlock_resfile
                0x20023b44       0x40 C:/ISIS/workspace_ycube/GlobusSatProject/..//hal/hcc/lib\libHCCD.a(fat.o)
 .text._f_getintfile
                0x20023b84      0x124 C:/ISIS/workspace_ycube/GlobusSatProject/..//hal/hcc/lib\libHCCD.a(fat.o)
 .text._f_addentry
                0x20023ca8      0x540 C:/ISIS/workspace_ycube/GlobusSatProject/..//hal/hcc/lib\libHCCD.a(fat.o)
 .text.fn_open_sub
                0x200241e8     0x1698 C:/ISIS/workspace_ycube/GlobusSatProject/..//hal/hcc/lib\libHCCD.a(fat.o)
 .text.fn_open  0x20025880       0x44 C:/ISIS/workspace_ycube/GlobusSatProject/..//hal/hcc/lib\libHCCD.a(fat.o)
                0x20025880                fn_open
 .text.fn_delete
                0x200258c4      0x490 C:/ISIS/workspace_ycube/GlobusSatProject/..//hal/hcc/lib\libHCCD.a(fat.o)
                0x200258c4                fn_delete
 .text.hcc_mem_buf_alloc
                0x20025d54       0xe4 C:/ISIS/workspace_ycube/GlobusSatProject/..//hal/hcc/lib\libHCCD.a(psp_hcc_mem.o)
                0x20025d54                hcc_mem_buf_alloc
 .text.makeAntStransfer
                0x20025e38       0x4c C:/ISIS/workspace_ycube/satellite-subsystems/satellite-subsystems/lib\libSatelliteSubsystemsD.a(IsisAntS.o)
 .text.checkInputsValid
                0x20025e84       0x7c C:/ISIS/workspace_ycube/satellite-subsystems/satellite-subsystems/lib\libSatelliteSubsystemsD.a(IsisAntS.o)
 .text.IsisAntS_initialize
                0x20025f00      0x26c C:/ISIS/workspace_ycube/satellite-subsystems/satellite-subsystems/lib\libSatelliteSubsystemsD.a(IsisAntS.o)
                0x20025f00                IsisAntS_initialize
 .text.IsisAntS_setArmStatus
                0x2002616c      0x104 C:/ISIS/workspace_ycube/satellite-subsystems/satellite-subsystems/lib\libSatelliteSubsystemsD.a(IsisAntS.o)
                0x2002616c                IsisAntS_setArmStatus
 .text.IsisAntS_getStatusData
                0x20026270      0x120 C:/ISIS/workspace_ycube/satellite-subsystems/satellite-subsystems/lib\libSatelliteSubsystemsD.a(IsisAntS.o)
                0x20026270                IsisAntS_getStatusData
 .text.IsisAntS_getUptime
                0x20026390      0x120 C:/ISIS/workspace_ycube/satellite-subsystems/satellite-subsystems/lib\libSatelliteSubsystemsD.a(IsisAntS.o)
                0x20026390                IsisAntS_getUptime
 .text.IsisAntS_getAlltelemetry
                0x200264b0      0x120 C:/ISIS/workspace_ycube/satellite-subsystems/satellite-subsystems/lib\libSatelliteSubsystemsD.a(IsisAntS.o)
                0x200264b0                IsisAntS_getAlltelemetry
 .text.IsisAntS_reset
                0x200265d0      0x104 C:/ISIS/workspace_ycube/satellite-subsystems/satellite-subsystems/lib\libSatelliteSubsystemsD.a(IsisAntS.o)
                0x200265d0                IsisAntS_reset
 .text.IsisAntS_cancelDeployment
                0x200266d4      0x104 C:/ISIS/workspace_ycube/satellite-subsystems/satellite-subsystems/lib\libSatelliteSubsystemsD.a(IsisAntS.o)
                0x200266d4                IsisAntS_cancelDeployment
 .text.IsisAntS_autoDeployment
                0x200267d8      0x114 C:/ISIS/workspace_ycube/satellite-subsystems/satellite-subsystems/lib\libSatelliteSubsystemsD.a(IsisAntS.o)
                0x200267d8                IsisAntS_autoDeployment
 .text.IsisSolarPanelv2_initialize
                0x200268ec       0xb4 C:/ISIS/workspace_ycube/satellite-subsystems/satellite-subsystems/lib\libSatelliteSubsystemsD.a(IsisSolarPanelv2.o)
                0x200268ec                IsisSolarPanelv2_initialize
 .text.IsisSolarPanelv2_getTemperature
                0x200269a0       0xc8 C:/ISIS/workspace_ycube/satellite-subsystems/satellite-subsystems/lib\libSatelliteSubsystemsD.a(IsisSolarPanelv2.o)
                0x200269a0                IsisSolarPanelv2_getTemperature
 .text.IsisSolarPanelv2_getState
                0x20026a68       0x24 C:/ISIS/workspace_ycube/satellite-subsystems/satellite-subsystems/lib\libSatelliteSubsystemsD.a(IsisSolarPanelv2.o)
                0x20026a68                IsisSolarPanelv2_getState
 .text._Reset   0x20026a8c       0x20 C:/ISIS/workspace_ycube/satellite-subsystems/satellite-subsystems/lib\libSatelliteSubsystemsD.a(IsisSolarPanelv2.o)
 .text._WaitForStartup
                0x20026aac       0x90 C:/ISIS/workspace_ycube/satellite-subsystems/satellite-subsystems/lib\libSatelliteSubsystemsD.a(IsisSolarPanelv2.o)
 .text._AssignAllChannels
                0x20026b3c       0x90 C:/ISIS/workspace_ycube/satellite-subsystems/satellite-subsystems/lib\libSatelliteSubsystemsD.a(IsisSolarPanelv2.o)
 .text._AssignThisChannel
                0x20026bcc       0xe8 C:/ISIS/workspace_ycube/satellite-subsystems/satellite-subsystems/lib\libSatelliteSubsystemsD.a(IsisSolarPanelv2.o)
 .text._InitiateConversion
                0x20026cb4       0xac C:/ISIS/workspace_ycube/satellite-subsystems/satellite-subsystems/lib\libSatelliteSubsystemsD.a(IsisSolarPanelv2.o)
 .text._WaitForConversionComplete
                0x20026d60      0x100 C:/ISIS/workspace_ycube/satellite-subsystems/satellite-subsystems/lib\libSatelliteSubsystemsD.a(IsisSolarPanelv2.o)
 .text._ReadResult
                0x20026e60      0x158 C:/ISIS/workspace_ycube/satellite-subsystems/satellite-subsystems/lib\libSatelliteSubsystemsD.a(IsisSolarPanelv2.o)
 .text._ExtractByte
                0x20026fb8       0x38 C:/ISIS/workspace_ycube/satellite-subsystems/satellite-subsystems/lib\libSatelliteSubsystemsD.a(IsisSolarPanelv2.o)
 .text._ExtendSign
                0x20026ff0       0x6c C:/ISIS/workspace_ycube/satellite-subsystems/satellite-subsystems/lib\libSatelliteSubsystemsD.a(IsisSolarPanelv2.o)
 .text._PinsInit
                0x2002705c       0x50 C:/ISIS/workspace_ycube/satellite-subsystems/satellite-subsystems/lib\libSatelliteSubsystemsD.a(IsisSolarPanelv2.o)
 .text._SpiWriteRead
                0x200270ac       0x70 C:/ISIS/workspace_ycube/satellite-subsystems/satellite-subsystems/lib\libSatelliteSubsystemsD.a(IsisSolarPanelv2.o)
 .text.IsisTrxvu_initialize
                0x2002711c      0x2f4 C:/ISIS/workspace_ycube/satellite-subsystems/satellite-subsystems/lib\libSatelliteSubsystemsD.a(IsisTRXVU.o)
                0x2002711c                IsisTrxvu_initialize
 .text.makeTRXVUtransfer
                0x20027410       0x44 C:/ISIS/workspace_ycube/satellite-subsystems/satellite-subsystems/lib\libSatelliteSubsystemsD.a(IsisTRXVU.o)
 .text.IsisTrxvu_componentSoftReset
                0x20027454       0x6c C:/ISIS/workspace_ycube/satellite-subsystems/satellite-subsystems/lib\libSatelliteSubsystemsD.a(IsisTRXVU.o)
                0x20027454                IsisTrxvu_componentSoftReset
 .text.IsisTrxvu_componentHardReset
                0x200274c0       0xc8 C:/ISIS/workspace_ycube/satellite-subsystems/satellite-subsystems/lib\libSatelliteSubsystemsD.a(IsisTRXVU.o)
                0x200274c0                IsisTrxvu_componentHardReset
 .text.IsisTrxvu_softReset
                0x20027588       0x74 C:/ISIS/workspace_ycube/satellite-subsystems/satellite-subsystems/lib\libSatelliteSubsystemsD.a(IsisTRXVU.o)
                0x20027588                IsisTrxvu_softReset
 .text.IsisTrxvu_hardReset
                0x200275fc       0x74 C:/ISIS/workspace_ycube/satellite-subsystems/satellite-subsystems/lib\libSatelliteSubsystemsD.a(IsisTRXVU.o)
                0x200275fc                IsisTrxvu_hardReset
 .text.IsisTrxvu_tcSendAX25DefClSign
                0x20027670       0xec C:/ISIS/workspace_ycube/satellite-subsystems/satellite-subsystems/lib\libSatelliteSubsystemsD.a(IsisTRXVU.o)
                0x20027670                IsisTrxvu_tcSendAX25DefClSign
 .text.IsisTrxvu_tcSetIdlestate
                0x2002775c       0xa4 C:/ISIS/workspace_ycube/satellite-subsystems/satellite-subsystems/lib\libSatelliteSubsystemsD.a(IsisTRXVU.o)
                0x2002775c                IsisTrxvu_tcSetIdlestate
 .text.IsisTrxvu_tcSetAx25Bitrate
                0x20027800       0xc4 C:/ISIS/workspace_ycube/satellite-subsystems/satellite-subsystems/lib\libSatelliteSubsystemsD.a(IsisTRXVU.o)
                0x20027800                IsisTrxvu_tcSetAx25Bitrate
 .text.IsisTrxvu_tcGetUptime
                0x200278c4       0xa0 C:/ISIS/workspace_ycube/satellite-subsystems/satellite-subsystems/lib\libSatelliteSubsystemsD.a(IsisTRXVU.o)
                0x200278c4                IsisTrxvu_tcGetUptime
 .text.IsisTrxvu_tcGetState
                0x20027964       0xd0 C:/ISIS/workspace_ycube/satellite-subsystems/satellite-subsystems/lib\libSatelliteSubsystemsD.a(IsisTRXVU.o)
                0x20027964                IsisTrxvu_tcGetState
 .text.IsisTrxvu_tcGetTelemetryAll
                0x20027a34       0xd0 C:/ISIS/workspace_ycube/satellite-subsystems/satellite-subsystems/lib\libSatelliteSubsystemsD.a(IsisTRXVU.o)
                0x20027a34                IsisTrxvu_tcGetTelemetryAll
 .text.IsisTrxvu_tcGetLastTxTelemetry
                0x20027b04       0xe4 C:/ISIS/workspace_ycube/satellite-subsystems/satellite-subsystems/lib\libSatelliteSubsystemsD.a(IsisTRXVU.o)
                0x20027b04                IsisTrxvu_tcGetLastTxTelemetry
 .text.IsisTrxvu_rcGetFrameCount
                0x20027be8       0xa0 C:/ISIS/workspace_ycube/satellite-subsystems/satellite-subsystems/lib\libSatelliteSubsystemsD.a(IsisTRXVU.o)
                0x20027be8                IsisTrxvu_rcGetFrameCount
 .text.IsisTrxvu_rcGetCommandFrame
                0x20027c88      0x2d8 C:/ISIS/workspace_ycube/satellite-subsystems/satellite-subsystems/lib\libSatelliteSubsystemsD.a(IsisTRXVU.o)
                0x20027c88                IsisTrxvu_rcGetCommandFrame
 .text.IsisTrxvu_rcGetTelemetryAll
                0x20027f60       0xd0 C:/ISIS/workspace_ycube/satellite-subsystems/satellite-subsystems/lib\libSatelliteSubsystemsD.a(IsisTRXVU.o)
                0x20027f60                IsisTrxvu_rcGetTelemetryAll
 .text.IsisTrxvu_rcGetUptime
                0x20028030       0xa0 C:/ISIS/workspace_ycube/satellite-subsystems/satellite-subsystems/lib\libSatelliteSubsystemsD.a(IsisTRXVU.o)
                0x20028030                IsisTrxvu_rcGetUptime
 .text.ISIS_EPS_Init