Archive member included because of file (symbol)

C:/ISIS/workspace/ycube/GlobusSatProject/..//hal/hal/lib\libHALD.a(SPI.o)
                              ./src/InitSystem.o (SPI_start)
C:/ISIS/workspace/ycube/GlobusSatProject/..//hal/hal/lib\libHALD.a(I2C.o)
                              ./src/SubSystemModules/Housekepping/Payload.o (I2C_write)
C:/ISIS/workspace/ycube/GlobusSatProject/..//hal/hal/lib\libHALD.a(ADC.o)
                              ./src/SubSystemModules/Housekepping/TelemetryCollector.o (ADC_ConvertRaw10bitToMillivolt)
C:/ISIS/workspace/ycube/GlobusSatProject/..//hal/hal/lib\libHALD.a(FRAM.o)
                              ./src/SubSystemModules/Communication/SubsystemCommands/Maintanence_Commands.o (FRAM_start)
C:/ISIS/workspace/ycube/GlobusSatProject/..//hal/hal/lib\libHALD.a(Time.o)
                              ./src/InitSystem.o (Time_start)
C:/ISIS/workspace/ycube/GlobusSatProject/..//hal/hal/lib\libHALD.a(WatchDogTimerNoOS.o)
                              ./src/main.o (WDT_start)
C:/ISIS/workspace/ycube/GlobusSatProject/..//hal/hal/lib\libHALD.a(RTT.o)
                              C:/ISIS/workspace/ycube/GlobusSatProject/..//hal/hal/lib\libHALD.a(Time.o) (RTT_start)
C:/ISIS/workspace/ycube/GlobusSatProject/..//hal/hal/lib\libHALD.a(RTC.o)
                              C:/ISIS/workspace/ycube/GlobusSatProject/..//hal/hal/lib\libHALD.a(Time.o) (RTC_getTime)
C:/ISIS/workspace/ycube/GlobusSatProject/..//hal/hal/lib\libHALD.a(WatchDogTimerOS.o)
                              ./src/TestingDemos/MainTest.o (WDT_startWatchdogKickTask)
C:/ISIS/workspace/ycube/GlobusSatProject/..//hal/hal/lib\libHALD.a(fprintf.o)
                              ./src/TLM_management.o (f_puts)
C:/ISIS/workspace/ycube/GlobusSatProject/..//hal/hal/lib\libHALD.a(util.o)
                              ./src/TestingDemos/EpsTestingDemo.o (UTIL_DbguGetInteger)
C:/ISIS/workspace/ycube/GlobusSatProject/..//hal/hal/lib\libHALD.a(LED.o)
                              C:/ISIS/workspace/ycube/GlobusSatProject/..//hal/hal/lib\libHALD.a(WatchDogTimerOS.o) (LED_toggle)
C:/ISIS/workspace/ycube/GlobusSatProject/..//hal/hcc/lib\libHCCD.a(fat_m.o)
                              ./src/TLM_management.o (fm_initvolume)
C:/ISIS/workspace/ycube/GlobusSatProject/..//hal/hcc/lib\libHCCD.a(fat.o)
                              C:/ISIS/workspace/ycube/GlobusSatProject/..//hal/hcc/lib\libHCCD.a(fat_m.o) (fn_getdcwd)
C:/ISIS/workspace/ycube/GlobusSatProject/..//hal/hcc/lib\libHCCD.a(fat_common.o)
                              C:/ISIS/workspace/ycube/GlobusSatProject/..//hal/hcc/lib\libHCCD.a(fat.o) (p_filesystem)
C:/ISIS/workspace/ycube/GlobusSatProject/..//hal/hcc/lib\libHCCD.a(safefat.o)
                              C:/ISIS/workspace/ycube/GlobusSatProject/..//hal/hcc/lib\libHCCD.a(fat.o) (s_subdir)
C:/ISIS/workspace/ycube/GlobusSatProject/..//hal/hcc/lib\libHCCD.a(atmel_mcipdc.o)
                              ./src/TLM_management.o (atmel_mcipdc_initfunc)
C:/ISIS/workspace/ycube/GlobusSatProject/..//hal/hcc/lib\libHCCD.a(oalp_task.o)
                              C:/ISIS/workspace/ycube/GlobusSatProject/..//hal/hcc/lib\libHCCD.a(fat_common.o) (oal_task_get_id)
C:/ISIS/workspace/ycube/GlobusSatProject/..//hal/hcc/lib\libHCCD.a(oalp_mutex.o)
                              C:/ISIS/workspace/ycube/GlobusSatProject/..//hal/hcc/lib\libHCCD.a(fat_common.o) (oal_mutex_create)
C:/ISIS/workspace/ycube/GlobusSatProject/..//hal/hcc/lib\libHCCD.a(atmel_mcipdc_hw.o)
                              C:/ISIS/workspace/ycube/GlobusSatProject/..//hal/hcc/lib\libHCCD.a(atmel_mcipdc.o) (mcipdc_hw_init)
C:/ISIS/workspace/ycube/GlobusSatProject/..//hal/hcc/lib\libHCCD.a(psp_rand.o)
                              C:/ISIS/workspace/ycube/GlobusSatProject/..//hal/hcc/lib\libHCCD.a(fat_common.o) (psp_getrand)
C:/ISIS/workspace/ycube/GlobusSatProject/..//hal/hcc/lib\libHCCD.a(psp_rtc.o)
                              C:/ISIS/workspace/ycube/GlobusSatProject/..//hal/hcc/lib\libHCCD.a(fat_common.o) (psp_getcurrenttimedate)
C:/ISIS/workspace/ycube/GlobusSatProject/..//hal/hcc/lib\libHCCD.a(hcc_mem.o)
                              C:/ISIS/workspace/ycube/GlobusSatProject/..//hal/hcc/lib\libHCCD.a(atmel_mcipdc.o) (hcc_mem_alloc)
C:/ISIS/workspace/ycube/GlobusSatProject/..//hal/hcc/lib\libHCCD.a(psp_hcc_mem.o)
                              C:/ISIS/workspace/ycube/GlobusSatProject/..//hal/hcc/lib\libHCCD.a(hcc_mem.o) (hcc_mem_buf_alloc)
C:/ISIS/workspace/ycube/GlobusSatProject/..//satellite-subsystems/satellite-subsystems/lib\libSatelliteSubsystemsD.a(IsisAntS.o)
                              ./src/SubSystemModules/Communication/TRXVU.o (IsisAntS_initialize)
C:/ISIS/workspace/ycube/GlobusSatProject/..//satellite-subsystems/satellite-subsystems/lib\libSatelliteSubsystemsD.a(IsisTRXVU.o)
                              ./src/TestingDemos/TrxvuTestingDemo.o (IsisTrxvu_initialize)
[...]
Memory Configuration

Name             Origin             Length             Attributes
sram0            0x00200000         0x00004000         w !xr
sram1            0x00300000         0x00004000         w !xr
sdram            0x20000000         0x02000000         w !xr
*default*        0x00000000         0xffffffff

Linker script and memory map

LOAD c:/isis/application/toolchain/bin/../lib/gcc/arm-none-eabi/4.7.4/../../../../arm-none-eabi/lib\libc.a
LOAD ./src/TestingDemos/CommandsTestingDemo.o
LOAD ./src/TestingDemos/EpsTestingDemo.o
LOAD ./src/TestingDemos/FileSystemTestingDemo.o
LOAD ./src/TestingDemos/MainTest.o
LOAD ./src/TestingDemos/MaintenanceTestingDemo.o
LOAD ./src/TestingDemos/TelemetryTestingDemo.o
LOAD ./src/TestingDemos/TrxvuTestingDemo.o
LOAD ./src/SubSystemModules/PowerManagment/EPS.o
LOAD ./src/SubSystemModules/PowerManagment/EPSOperationModes.o
LOAD ./src/SubSystemModules/Maintenance/Maintenance.o
LOAD ./src/SubSystemModules/Housekepping/Payload.o
LOAD ./src/SubSystemModules/Housekepping/RAMTelemetry.o
LOAD ./src/SubSystemModules/Housekepping/TelemetryCollector.o
LOAD ./src/SubSystemModules/Communication/SubsystemCommands/EPS_Commands.o
LOAD ./src/SubSystemModules/Communication/SubsystemCommands/FS_Commands.o
LOAD ./src/SubSystemModules/Communication/SubsystemCommands/Maintanence_Commands.o
LOAD ./src/SubSystemModules/Communication/SubsystemCommands/TRXVU_Commands.o
LOAD ./src/SubSystemModules/Communication/AckHandler.o
LOAD ./src/SubSystemModules/Communication/CommandDictionary.o
LOAD ./src/SubSystemModules/Communication/HashSecuredCMD.o
LOAD ./src/SubSystemModules/Communication/SatCommandHandler.o
LOAD ./src/SubSystemModules/Communication/TRXVU.o
LOAD ./src/InitSystem.o
LOAD ./src/TLM_management.o
LOAD ./src/main.o
LOAD ./src/utils.o
LOAD C:/ISIS/workspace/ycube/GlobusSatProject/..//hal/hal/lib\libHALD.a
LOAD C:/ISIS/workspace/ycube/GlobusSatProject/..//hal/hcc/lib\libHCCD.a
LOAD C:/ISIS/workspace/ycube/GlobusSatProject/..//satellite-subsystems/satellite-subsystems/lib\libSatelliteSubsystemsD.a
LOAD C:/ISIS/workspace/ycube/GlobusSatProject/..//hal/freertos/lib\libFreeRTOSD.a
LOAD C:/ISIS/workspace/ycube/GlobusSatProject/..//hal/at91/lib\libAt91D.a
START GROUP
LOAD c:/isis/application/toolchain/bin/../lib/gcc/arm-none-eabi/4.7.4\libgcc.a
LOAD c:/isis/application/toolchain/bin/../lib/gcc/arm-none-eabi/4.7.4/../../../../arm-none-eabi/lib\libg.a
LOAD c:/isis/application/toolchain/bin/../lib/gcc/arm-none-eabi/4.7.4/../../../../arm-none-eabi/lib\libc.a
END GROUP

.fixed          0x20000000    0x4d14c
                0x20000000                . = ALIGN (0x4)
                0x20000000                _sfixed = .
 *(.startup)
 .startup       0x20000000      0x184 C:/ISIS/workspace/ycube/GlobusSatProject/..//hal/at91/lib\libAt91D.a(board_cstartup.o)
                0x20000000                entry
 *(.text)
 .text          0x20000184       0x64 C:/ISIS/workspace/ycube/GlobusSatProject/..//hal/at91/lib\libAt91D.a(cp15_asm.o)
                0x20000184                _readControlRegister
                0x20000190                _writeControlRegister
                0x20000198                _waitForInterrupt
                0x200001a4                _writeTTB
                0x200001ac                _writeDomain
                0x200001b4                _writeITLBLockdown
                0x200001bc                _prefetchICacheLine
                0x200001c4                _flushDCache
                0x200001d0                _flushWriteBuffer
                0x200001dc                _invalidateIDTLBs
 .text          0x200001e8      0x114 c:/isis/application/toolchain/bin/../lib/gcc/arm-none-eabi/4.7.4\libgcc.a(_udivsi3.o)
                0x200001e8                __aeabi_uidiv
                0x200001e8                __udivsi3
                0x200002dc                __aeabi_uidivmod
 .text          0x200002fc      0x148 c:/isis/application/toolchain/bin/../lib/gcc/arm-none-eabi/4.7.4\libgcc.a(_divsi3.o)
                0x200002fc                __divsi3
                0x200002fc                __aeabi_idiv
                0x20000424                __aeabi_idivmod
 .text          0x20000444        0x4 c:/isis/application/toolchain/bin/../lib/gcc/arm-none-eabi/4.7.4\libgcc.a(_dvmd_tls.o)
                0x20000444                __aeabi_idiv0
                0x20000444                __aeabi_ldiv0
 .text          0x20000448      0x41c c:/isis/application/toolchain/bin/../lib/gcc/arm-none-eabi/4.7.4\libgcc.a(_arm_addsubdf3.o)
                0x20000448                __aeabi_drsub
                0x20000450                __aeabi_dsub
                0x20000450                __subdf3
                0x20000454                __aeabi_dadd
                0x20000454                __adddf3
                0x20000764                __floatunsidf
                0x20000764                __aeabi_ui2d
                0x20000788                __floatsidf
                0x20000788                __aeabi_i2d
                0x200007b0                __aeabi_f2d
                0x200007b0                __extendsfdf2
                0x200007f0                __floatundidf
                0x200007f0                __aeabi_ul2d
                0x20000804                __floatdidf
                0x20000804                __aeabi_l2d
 .text          0x20000864      0x49c c:/isis/application/toolchain/bin/../lib/gcc/arm-none-eabi/4.7.4\libgcc.a(_arm_muldivdf3.o)
                0x20000864                __aeabi_dmul
                0x20000864                __muldf3
                0x20000af4                __divdf3
                0x20000af4                __aeabi_ddiv
 .text          0x20000d00       0xa0 c:/isis/application/toolchain/bin/../lib/gcc/arm-none-eabi/4.7.4\libgcc.a(_arm_truncdfsf2.o)
                0x20000d00                __truncdfsf2
                0x20000d00                __aeabi_d2f
 .text          0x20000da0      0x2ac c:/isis/application/toolchain/bin/../lib/gcc/arm-none-eabi/4.7.4\libgcc.a(_arm_addsubsf3.o)
                0x20000da0                __aeabi_frsub
                0x20000da8                __subsf3
                0x20000da8                __aeabi_fsub
                0x20000dac                __aeabi_fadd
                0x20000dac                __addsf3
                0x20000f68                __aeabi_ui2f
                0x20000f68                __floatunsisf
                0x20000f70                __aeabi_i2f
                0x20000f70                __floatsisf
                0x20000f90                __aeabi_ul2f
                0x20000f90                __floatundisf
                0x20000fa0                __aeabi_l2f
                0x20000fa0                __floatdisf
 .text          0x2000104c      0x2f8 c:/isis/application/toolchain/bin/../lib/gcc/arm-none-eabi/4.7.4\libgcc.a(_arm_muldivsf3.o)
                0x2000104c                __mulsf3
                0x2000104c                __aeabi_fmul
                0x200011e4                __aeabi_fdiv
                0x200011e4                __divsf3
 .text          0x20001344      0x114 c:/isis/application/toolchain/bin/../lib/gcc/arm-none-eabi/4.7.4\libgcc.a(_arm_cmpsf2.o)
                0x20001344                __gesf2
                0x20001344                __gtsf2
                0x2000134c                __lesf2
                0x2000134c                __ltsf2
                0x20001354                __nesf2
                0x20001354                __eqsf2
                0x20001354                __cmpsf2
                0x200013b8                __aeabi_cfrcmple
                0x200013c8                __aeabi_cfcmpeq
                0x200013c8                __aeabi_cfcmple
                0x200013e0                __aeabi_fcmpeq
                0x200013f8                __aeabi_fcmplt
                0x20001410                __aeabi_fcmple
                0x20001428                __aeabi_fcmpge
                0x20001440                __aeabi_fcmpgt
 .text          0x20001458       0x54 c:/isis/application/toolchain/bin/../lib/gcc/arm-none-eabi/4.7.4\libgcc.a(_arm_fixunssfsi.o)
                0x20001458                __fixunssfsi
                0x20001458                __aeabi_f2uiz
 .text          0x200014ac      0x144 c:/isis/application/toolchain/bin/../lib/gcc/arm-none-eabi/4.7.4\libgcc.a(_arm_cmpdf2.o)
                0x200014ac                __gtdf2
                0x200014ac                __gedf2
                0x200014b4                __ltdf2
                0x200014b4                __ledf2
                0x200014bc                __nedf2
                0x200014bc                __eqdf2
                0x200014bc                __cmpdf2
                0x20001544                __aeabi_cdrcmple
                0x20001560                __aeabi_cdcmpeq
                0x20001560                __aeabi_cdcmple
                0x20001578                __aeabi_dcmpeq
                0x20001590                __aeabi_dcmplt
                0x200015a8                __aeabi_dcmple
                0x200015c0                __aeabi_dcmpge
                0x200015d8                __aeabi_dcmpgt
 .text          0x200015f0       0x5c c:/isis/application/toolchain/bin/../lib/gcc/arm-none-eabi/4.7.4\libgcc.a(_arm_fixdfsi.o)
                0x200015f0                __aeabi_d2iz
                0x200015f0                __fixdfsi
 .text          0x2000164c       0x54 c:/isis/application/toolchain/bin/../lib/gcc/arm-none-eabi/4.7.4\libgcc.a(_arm_fixunsdfsi.o)
                0x2000164c                __aeabi_d2uiz
                0x2000164c                __fixunsdfsi
 .text          0x200016a0       0x3c c:/isis/application/toolchain/bin/../lib/gcc/arm-none-eabi/4.7.4\libgcc.a(_aeabi_uldivmod.o)
                0x200016a0                __aeabi_uldivmod
 .text          0x200016dc       0x84 c:/isis/application/toolchain/bin/../lib/gcc/arm-none-eabi/4.7.4\libgcc.a(bpabi.o)
                0x200016dc                __gnu_ldivmod_helper
                0x20001720                __gnu_uldivmod_helper
 .text          0x20001760      0x4f0 c:/isis/application/toolchain/bin/../lib/gcc/arm-none-eabi/4.7.4\libgcc.a(_divdi3.o)
                0x20001760                __divdi3
 .text          0x20001c50      0x488 c:/isis/application/toolchain/bin/../lib/gcc/arm-none-eabi/4.7.4\libgcc.a(_udivdi3.o)
                0x20001c50                __udivdi3
 .text          0x200020d8       0x48 c:/isis/application/toolchain/bin/../lib/gcc/arm-none-eabi/4.7.4\libgcc.a(_clzsi2.o)
                0x200020d8                __clzsi2
 *(.text*)
 .text.TestActUponCommand
                0x20002120      0x114 ./src/TestingDemos/CommandsTestingDemo.o
                0x20002120                TestActUponCommand
 .text.TestAssmbleCommand
                0x20002234      0x134 ./src/TestingDemos/CommandsTestingDemo.o
                0x20002234                TestAssmbleCommand
 .text.TestGetDelayedCommand
                0x20002368       0xa0 ./src/TestingDemos/CommandsTestingDemo.o
                0x20002368                TestGetDelayedCommand
 .text.TestAddDelayedCommand
                0x20002408       0xbc ./src/TestingDemos/CommandsTestingDemo.o
                0x20002408                TestAddDelayedCommand
 .text.TestGetDelayedCommandBufferCount
                0x200024c4       0x54 ./src/TestingDemos/CommandsTestingDemo.o
                0x200024c4                TestGetDelayedCommandBufferCount
 .text.TestGetOnlineCommand
                0x20002518       0xc8 ./src/TestingDemos/CommandsTestingDemo.o
                0x20002518                TestGetOnlineCommand
 .text.TestDeleteDelayedCommandByIndex
                0x200025e0      0x1c0 ./src/TestingDemos/CommandsTestingDemo.o
                0x200025e0                TestDeleteDelayedCommandByIndex
 .text.TestDeleteDelayedBuffer
                0x200027a0      0x140 ./src/TestingDemos/CommandsTestingDemo.o
                0x200027a0                TestDeleteDelayedBuffer
 .text.selectAndExecuteCommandsDemoTest
                0x200028e0      0x174 ./src/TestingDemos/CommandsTestingDemo.o
                0x200028e0                selectAndExecuteCommandsDemoTest
 .text.MainCommandsTestBench
                0x20002a54       0x44 ./src/TestingDemos/CommandsTestingDemo.o
                0x20002a54                MainCommandsTestBench
 .text.TestEpsConditioning
                0x20002a98      0x1e8 ./src/TestingDemos/EpsTestingDemo.o
                0x20002a98                TestEpsConditioning
 .text.TestGetBatteryVoltage
                0x20002c80       0x64 ./src/TestingDemos/EpsTestingDemo.o
                0x20002c80                TestGetBatteryVoltage
 .text.TestUpdateThreshVoltages
                0x20002ce4      0x170 ./src/TestingDemos/EpsTestingDemo.o
                0x20002ce4                TestUpdateThreshVoltages
 .text.TestGetThreshVoltages
                0x20002e54       0xb0 ./src/TestingDemos/EpsTestingDemo.o
                0x20002e54                TestGetThreshVoltages
 .text.TestUpdateAlpha
                0x20002f04       0xc0 ./src/TestingDemos/EpsTestingDemo.o
                0x20002f04                TestUpdateAlpha
 .text.TestGetAlpha
                0x20002fc4       0x78 ./src/TestingDemos/EpsTestingDemo.o
                0x20002fc4                TestGetAlpha
 .text.TestRestoreDefaultAlpha
                0x2000303c       0xf4 ./src/TestingDemos/EpsTestingDemo.o
                0x2000303c                TestRestoreDefaultAlpha
 .text.TestRestoreDefaultThresholdVoltages
                0x20003130      0x154 ./src/TestingDemos/EpsTestingDemo.o
                0x20003130                TestRestoreDefaultThresholdVoltages
 .text.GetHeaterValues
                0x20003284       0xb0 ./src/TestingDemos/EpsTestingDemo.o
                0x20003284                GetHeaterValues
 .text.SetHeaterValues
                0x20003334      0x104 ./src/TestingDemos/EpsTestingDemo.o
                0x20003334                SetHeaterValues
 .text.selectAndExecuteEpsDemoTest
                0x20003438      0x1b0 ./src/TestingDemos/EpsTestingDemo.o
                0x20003438                selectAndExecuteEpsDemoTest
 .text.MainEpsTestBench
                0x200035e8       0x40 ./src/TestingDemos/EpsTestingDemo.o
                0x200035e8                MainEpsTestBench
 .text.TestListFiles
                0x20003628      0x198 ./src/TestingDemos/FileSystemTestingDemo.o
                0x20003628                TestListFiles
 .text.TestListAllFiles
                0x200037c0      0x134 ./src/TestingDemos/FileSystemTestingDemo.o
                0x200037c0                TestListAllFiles
 .text.TestLOGTLM
                0x200038f4      0x110 ./src/TestingDemos/FileSystemTestingDemo.o
                0x200038f4                TestLOGTLM
 .text.TestEPSTLM
                0x20003a04       0xa8 ./src/TestingDemos/FileSystemTestingDemo.o
                0x20003a04                TestEPSTLM
 .text.TestReadTimeRangeTLMRes
                0x20003aac      0x210 ./src/TestingDemos/FileSystemTestingDemo.o
                0x20003aac                TestReadTimeRangeTLMRes
 .text.TestReadTimeRangeTLM
                0x20003cbc      0x178 ./src/TestingDemos/FileSystemTestingDemo.o
                0x20003cbc                TestReadTimeRangeTLM
 .text.GenerateWODTLM
                0x20003e34       0xd0 ./src/TestingDemos/FileSystemTestingDemo.o
                0x20003e34                GenerateWODTLM
 .text.DeleteOldFiles
                0x20003f04      0x148 ./src/TestingDemos/FileSystemTestingDemo.o
                0x20003f04                DeleteOldFiles
 .text.createSingleDayTLM
                0x2000404c       0xb0 ./src/TestingDemos/FileSystemTestingDemo.o
                0x2000404c                createSingleDayTLM
 .text.printLastError
                0x200040fc       0x38 ./src/TestingDemos/FileSystemTestingDemo.o
                0x200040fc                printLastError
 .text.copyTLMFile
                0x20004134      0x2ac ./src/TestingDemos/FileSystemTestingDemo.o
                0x20004134                copyTLMFile
 .text.TestWODTLM
                0x200043e0       0xa8 ./src/TestingDemos/FileSystemTestingDemo.o
                0x200043e0                TestWODTLM
 .text.TestDeleteFiels
                0x20004488      0x2b8 ./src/TestingDemos/FileSystemTestingDemo.o
                0x20004488                TestDeleteFiels
 .text.TestReadMultiFiels
                0x20004740      0x2ac ./src/TestingDemos/FileSystemTestingDemo.o
                0x20004740                TestReadMultiFiels
 .text.TestTRXVUTLM
                0x200049ec      0x11c ./src/TestingDemos/FileSystemTestingDemo.o
                0x200049ec                TestTRXVUTLM
 .text.FullSDTest
                0x20004b08      0x19c ./src/TestingDemos/FileSystemTestingDemo.o
                0x20004b08                FullSDTest
 .text.LogErrorRateTest
                0x20004ca4      0x148 ./src/TestingDemos/FileSystemTestingDemo.o
                0x20004ca4                LogErrorRateTest
 .text.deleteMonth
                0x20004dec       0x78 ./src/TestingDemos/FileSystemTestingDemo.o
                0x20004dec                deleteMonth
 .text.deleteYear
                0x20004e64       0xb0 ./src/TestingDemos/FileSystemTestingDemo.o
                0x20004e64                deleteYear
 .text.readFileTest
                0x20004f14       0x88 ./src/TestingDemos/FileSystemTestingDemo.o
                0x20004f14                readFileTest
 .text.writeFileOnScreen
                0x20004f9c       0xcc ./src/TestingDemos/FileSystemTestingDemo.o
                0x20004f9c                writeFileOnScreen
 .text.GetExtraData
                0x20005068       0x4c ./src/TestingDemos/FileSystemTestingDemo.o
                0x20005068                GetExtraData
 .text.showFreeSapce
                0x200050b4      0x110 ./src/TestingDemos/FileSystemTestingDemo.o
                0x200050b4                showFreeSapce
 .text.SwitchSDCardTest
                0x200051c4       0x98 ./src/TestingDemos/FileSystemTestingDemo.o
                0x200051c4                SwitchSDCardTest
 .text.FormatSDTest
                0x2000525c       0x9c ./src/TestingDemos/FileSystemTestingDemo.o
                0x2000525c                FormatSDTest
 .text.showFreeSpaceHeap
                0x200052f8       0xa4 ./src/TestingDemos/FileSystemTestingDemo.o
                0x200052f8                showFreeSpaceHeap
 .text.selectAndExecuteFSTest
                0x2000539c      0x344 ./src/TestingDemos/FileSystemTestingDemo.o
                0x2000539c                selectAndExecuteFSTest
 .text.MainFileSystemTestBench
                0x200056e0       0x44 ./src/TestingDemos/FileSystemTestingDemo.o
                0x200056e0                MainFileSystemTestBench
 .text.selectAndExecuteTest
                0x20005724      0x168 ./src/TestingDemos/MainTest.o
                0x20005724                selectAndExecuteTest
 .text.taskTesting
                0x2000588c       0x28 ./src/TestingDemos/MainTest.o
                0x2000588c                taskTesting
 .text.printSDINfo
                0x200058b4       0x84 ./src/TestingDemos/MaintenanceTestingDemo.o
                0x200058b4                printSDINfo
 .text.changeFirstActivation
                0x20005938       0x84 ./src/TestingDemos/MaintenanceTestingDemo.o
                0x20005938                changeFirstActivation
 .text.selectAndExecuteMaintenanceDemoTest
                0x200059bc      0x19c ./src/TestingDemos/MaintenanceTestingDemo.o
                0x200059bc                selectAndExecuteMaintenanceDemoTest
 .text.MainMaintenanceTestBench
                0x20005b58       0x40 ./src/TestingDemos/MaintenanceTestingDemo.o
                0x20005b58                MainMaintenanceTestBench
 .text.savePacketsInRam
                0x20005b98      0x104 ./src/TestingDemos/TelemetryTestingDemo.o
                0x20005b98                savePacketsInRam
 .text.checkPacket
                0x20005c9c       0xa4 ./src/TestingDemos/TelemetryTestingDemo.o
                0x20005c9c                checkPacket
 .text.singleTlmWodTest
                0x20005d40       0xa0 ./src/TestingDemos/TelemetryTestingDemo.o
                0x20005d40                singleTlmWodTest
 .text.singleTLMLogTest
                0x20005de0       0xb8 ./src/TestingDemos/TelemetryTestingDemo.o
                0x20005de0                singleTLMLogTest
 .text.singleTlmLogTestHelp
                0x20005e98       0x4c ./src/TestingDemos/TelemetryTestingDemo.o
                0x20005e98                singleTlmLogTestHelp
 .text.saveNGetMultipleTlmTest
                0x20005ee4      0x1e0 ./src/TestingDemos/TelemetryTestingDemo.o
                0x20005ee4                saveNGetMultipleTlmTest
 .text.saveMultipleNGetSomeTlmTest
                0x200060c4      0x25c ./src/TestingDemos/TelemetryTestingDemo.o
                0x200060c4                saveMultipleNGetSomeTlmTest
 .text.getWodMinMaxTest
                0x20006320      0x130 ./src/TestingDemos/TelemetryTestingDemo.o
                0x20006320                getWodMinMaxTest
 .text.tlmTest  0x20006450      0x1ec ./src/TestingDemos/TelemetryTestingDemo.o
                0x20006450                tlmTest
 .text.saveNGetLog
                0x2000663c      0x19c ./src/TestingDemos/TelemetryTestingDemo.o
                0x2000663c                saveNGetLog
 .text.PrintStaticSize
                0x200067d8       0x20 ./src/TestingDemos/TelemetryTestingDemo.o
                0x200067d8                PrintStaticSize
 .text.MainTelemetryTestBench
                0x200067f8      0x12c ./src/TestingDemos/TelemetryTestingDemo.o
                0x200067f8                MainTelemetryTestBench
 .text.TestInitTrxvu
                0x20006924       0x54 ./src/TestingDemos/TrxvuTestingDemo.o
                0x20006924                TestInitTrxvu
 .text.TestInitTrxvuWithDifferentFrameLengths
                0x20006978      0x134 ./src/TestingDemos/TrxvuTestingDemo.o
                0x20006978                TestInitTrxvuWithDifferentFrameLengths
 .text.TestTrxvuLogic
                0x20006aac       0xd4 ./src/TestingDemos/TrxvuTestingDemo.o
                0x20006aac                TestTrxvuLogic
 .text.TestCheckTransmitionAllowed
                0x20006b80       0xa4 ./src/TestingDemos/TrxvuTestingDemo.o
                0x20006b80                TestCheckTransmitionAllowed
 .text.TestLoopSPL
                0x20006c24       0xc4 ./src/TestingDemos/TrxvuTestingDemo.o
                0x20006c24                TestLoopSPL
 .text.TestSendDumpAbortRequest
                0x20006ce8       0x24 ./src/TestingDemos/TrxvuTestingDemo.o
                0x20006ce8                TestSendDumpAbortRequest
 .text.TestTransmitDummySplPacket
                0x20006d0c       0xc0 ./src/TestingDemos/TrxvuTestingDemo.o
                0x20006d0c                TestTransmitDummySplPacket
 .text.TestTransmitSplPacket
                0x20006dcc      0x1ec ./src/TestingDemos/TrxvuTestingDemo.o
                0x20006dcc                TestTransmitSplPacket
 .text.TestExitDump
                0x20006fb8       0x1c ./src/TestingDemos/TrxvuTestingDemo.o
                0x20006fb8                TestExitDump
 .text.TestDumpTelemetry
                0x20006fd4       0x9c ./src/TestingDemos/TrxvuTestingDemo.o
                0x20006fd4                TestDumpTelemetry
 .text.TestRestoreDefaultBeaconParameters
                0x20007070       0x1c ./src/TestingDemos/TrxvuTestingDemo.o
                0x20007070                TestRestoreDefaultBeaconParameters
 .text.TestChooseDefaultBeaconCycle
                0x2000708c       0xe0 ./src/TestingDemos/TrxvuTestingDemo.o
                0x2000708c                TestChooseDefaultBeaconCycle
 .text.TestBeaconLogic
                0x2000716c       0xdc ./src/TestingDemos/TrxvuTestingDemo.o
                0x2000716c                TestBeaconLogic
 .text.TestMuteTrxvu
                0x20007248       0x9c ./src/TestingDemos/TrxvuTestingDemo.o
                0x20007248                TestMuteTrxvu
 .text.TestUnMuteTrxvu
                0x200072e4       0x30 ./src/TestingDemos/TrxvuTestingDemo.o
                0x200072e4                TestUnMuteTrxvu
 .text.TestGetNumberOfFramesInBuffer
                0x20007314       0x54 ./src/TestingDemos/TrxvuTestingDemo.o
                0x20007314                TestGetNumberOfFramesInBuffer
 .text.TestSetTrxvuBitrate
                0x20007368       0xf0 ./src/TestingDemos/TrxvuTestingDemo.o
                0x20007368                TestSetTrxvuBitrate
 .text.testSecuredCMD
                0x20007458      0x190 ./src/TestingDemos/TrxvuTestingDemo.o
                0x20007458                testSecuredCMD
 .text.Hash256  0x200075e8       0x84 ./src/TestingDemos/TrxvuTestingDemo.o
                0x200075e8                Hash256
 .text.CMD_Hash256
                0x2000766c      0x2ac ./src/TestingDemos/TrxvuTestingDemo.o
                0x2000766c                CMD_Hash256
 .text.Secured_CMD_TEST
                0x20007918       0xc0 ./src/TestingDemos/TrxvuTestingDemo.o
                0x20007918                Secured_CMD_TEST
 .text.dumpRamTest
                0x200079d8       0x78 ./src/TestingDemos/TrxvuTestingDemo.o
                0x200079d8                dumpRamTest
 .text.TestGetTrxvuBitrate
                0x20007a50       0xb0 ./src/TestingDemos/TrxvuTestingDemo.o
                0x20007a50                TestGetTrxvuBitrate
 .text.TestTransmitDataAsSPL_Packet
                0x20007b00      0x114 ./src/TestingDemos/TrxvuTestingDemo.o
                0x20007b00                TestTransmitDataAsSPL_Packet
 .text.selectAndExecuteTrxvuDemoTest
                0x20007c14      0x310 ./src/TestingDemos/TrxvuTestingDemo.o
                0x20007c14                selectAndExecuteTrxvuDemoTest
 .text.MainTrxvuTestBench
                0x20007f24       0x44 ./src/TestingDemos/TrxvuTestingDemo.o
                0x20007f24                MainTrxvuTestBench
 .text.GetBatteryVoltage
                0x20007f68       0x38 ./src/SubSystemModules/PowerManagment/EPS.o
                0x20007f68                GetBatteryVoltage
 .text.EPS_Init
                0x20007fa0       0xb8 ./src/SubSystemModules/PowerManagment/EPS.o
                0x20007fa0                EPS_Init
 .text.EPS_Conditioning
                0x20008058      0x1c4 ./src/SubSystemModules/PowerManagment/EPS.o
                0x20008058                EPS_Conditioning
 .text.UpdateAlpha
                0x2000821c       0xd8 ./src/SubSystemModules/PowerManagment/EPS.o
                0x2000821c                UpdateAlpha
 .text.UpdateThresholdVoltages
                0x200082f4      0x218 ./src/SubSystemModules/PowerManagment/EPS.o
                0x200082f4                UpdateThresholdVoltages
 .text.GetThresholdVoltages
                0x2000850c       0x80 ./src/SubSystemModules/PowerManagment/EPS.o
                0x2000850c                GetThresholdVoltages
 .text.GetAlpha
                0x2000858c       0x7c ./src/SubSystemModules/PowerManagment/EPS.o
                0x2000858c                GetAlpha
 .text.RestoreDefaultThresholdVoltages
                0x20008608       0x74 ./src/SubSystemModules/PowerManagment/EPS.o
                0x20008608                RestoreDefaultThresholdVoltages
 .text.CMDGetHeaterValues
                0x2000867c       0x24 ./src/SubSystemModules/PowerManagment/EPS.o
                0x2000867c                CMDGetHeaterValues
 .text.CMDSetHeaterValues
                0x200086a0       0x58 ./src/SubSystemModules/PowerManagment/EPS.o
                0x200086a0                CMDSetHeaterValues
 .text.EnterFullMode
                0x200086f8       0x44 ./src/SubSystemModules/PowerManagment/EPSOperationModes.o
                0x200086f8                EnterFullMode
 .text.EnterCruiseMode
                0x2000873c       0x40 ./src/SubSystemModules/PowerManagment/EPSOperationModes.o
                0x2000873c                EnterCruiseMode
 .text.EnterSafeMode
                0x2000877c       0x44 ./src/SubSystemModules/PowerManagment/EPSOperationModes.o
                0x2000877c                EnterSafeMode
 .text.EnterCriticalMode
                0x200087c0       0x44 ./src/SubSystemModules/PowerManagment/EPSOperationModes.o
                0x200087c0                EnterCriticalMode
 .text.GetSystemState
                0x20008804       0x24 ./src/SubSystemModules/PowerManagment/EPSOperationModes.o
                0x20008804                GetSystemState
 .text.GetSystemChannelState
                0x20008828       0x24 ./src/SubSystemModules/PowerManagment/EPSOperationModes.o
                0x20008828                GetSystemChannelState
 .text.EpsGetLowVoltageFlag
                0x2000884c       0x24 ./src/SubSystemModules/PowerManagment/EPSOperationModes.o
                0x2000884c                EpsGetLowVoltageFlag
 .text.EpsSetLowVoltageFlag
                0x20008870       0x2c ./src/SubSystemModules/PowerManagment/EPSOperationModes.o
                0x20008870                EpsSetLowVoltageFlag
 .text.CheckExecutionTime
                0x2000889c       0x80 ./src/SubSystemModules/Maintenance/Maintenance.o
                0x2000889c                CheckExecutionTime
 .text.SaveSatTimeInFRAM
                0x2000891c       0x44 ./src/SubSystemModules/Maintenance/Maintenance.o
                0x2000891c                SaveSatTimeInFRAM
 .text.WakeupFromResetCMD
                0x20008960      0x120 ./src/SubSystemModules/Maintenance/Maintenance.o
                0x20008960                WakeupFromResetCMD
 .text.ResetGroundCommWDT
                0x20008a80       0x1c ./src/SubSystemModules/Maintenance/Maintenance.o
                0x20008a80                ResetGroundCommWDT
 .text.findMinMaxDate
                0x20008a9c       0xdc ./src/SubSystemModules/Maintenance/Maintenance.o
                0x20008a9c                findMinMaxDate
 .text.DeleteOldFiels
                0x20008b78       0xf0 ./src/SubSystemModules/Maintenance/Maintenance.o
                0x20008b78                DeleteOldFiels
 .text.HardResetMCU
                0x20008c68       0x24 ./src/SubSystemModules/Maintenance/Maintenance.o
                0x20008c68                HardResetMCU
 .text.get_radfet_data
                0x20008c8c       0x28 ./src/SubSystemModules/Housekepping/Payload.o
                0x20008c8c                get_radfet_data
 .text.get_sel_data
                0x20008cb4       0x28 ./src/SubSystemModules/Housekepping/Payload.o
                0x20008cb4                get_sel_data
 .text.get_seu_data
                0x20008cdc       0x28 ./src/SubSystemModules/Housekepping/Payload.o
                0x20008cdc                get_seu_data
 .text.ResetRamTlm
                0x20008d04       0x8c ./src/SubSystemModules/Housekepping/RAMTelemetry.o
                0x20008d04                ResetRamTlm
 .text.inc      0x20008d90       0x4c ./src/SubSystemModules/Housekepping/RAMTelemetry.o
                0x20008d90                inc
 .text.dec      0x20008ddc       0x48 ./src/SubSystemModules/Housekepping/RAMTelemetry.o
                0x20008ddc                dec
 .text.saveTlmToRam
                0x20008e24      0x138 ./src/SubSystemModules/Housekepping/RAMTelemetry.o
                0x20008e24                saveTlmToRam
 .text.getTlm   0x20008f5c      0x164 ./src/SubSystemModules/Housekepping/RAMTelemetry.o
                0x20008f5c                getTlm
 .text.getRange
                0x200090c0      0x158 ./src/SubSystemModules/Housekepping/RAMTelemetry.o
                0x200090c0                getRange
 .text.InitSavePeriodTimes
                0x20009218       0xb8 ./src/SubSystemModules/Housekepping/TelemetryCollector.o
                0x20009218                InitSavePeriodTimes
 .text.CMD_GetTLMPeriodTimes
                0x200092d0       0x38 ./src/SubSystemModules/Housekepping/TelemetryCollector.o
                0x200092d0                CMD_GetTLMPeriodTimes
 .text.CMD_SetTLMPeriodTimes
                0x20009308      0x204 ./src/SubSystemModules/Housekepping/TelemetryCollector.o
                0x20009308                CMD_SetTLMPeriodTimes
 .text.TelemetryCollectorLogic
                0x2000950c      0x328 ./src/SubSystemModules/Housekepping/TelemetryCollector.o
                0x2000950c                TelemetryCollectorLogic
 .text.TelemetrySaveEPS
                0x20009834       0x18 ./src/SubSystemModules/Housekepping/TelemetryCollector.o
                0x20009834                TelemetrySaveEPS
 .text.TelemetrySaveTRXVU
                0x2000984c       0x94 ./src/SubSystemModules/Housekepping/TelemetryCollector.o
                0x2000984c                TelemetrySaveTRXVU
 .text.TelemetrySaveANT
                0x200098e0       0xa4 ./src/SubSystemModules/Housekepping/TelemetryCollector.o
                0x200098e0                TelemetrySaveANT
 .text.TelemetrySaveSolarPanels
                0x20009984      0x228 ./src/SubSystemModules/Housekepping/TelemetryCollector.o
                0x20009984                TelemetrySaveSolarPanels
 .text.TelemetrySaveWOD
                0x20009bac       0x5c ./src/SubSystemModules/Housekepping/TelemetryCollector.o
                0x20009bac                TelemetrySaveWOD
 .text.TelemetrySaveRADFET
                0x20009c08       0x30 ./src/SubSystemModules/Housekepping/TelemetryCollector.o
                0x20009c08                TelemetrySaveRADFET
 .text.TelemetrySaveSEL
                0x20009c38       0x60 ./src/SubSystemModules/Housekepping/TelemetryCollector.o
                0x20009c38                TelemetrySaveSEL
 .text.TelemetrySaveSEU
                0x20009c98       0x30 ./src/SubSystemModules/Housekepping/TelemetryCollector.o
                0x20009c98                TelemetrySaveSEU
 .text.GetCurrentWODTelemetry
                0x20009cc8      0x74c ./src/SubSystemModules/Housekepping/TelemetryCollector.o
                0x20009cc8                GetCurrentWODTelemetry
 .text.CMD_EPS_ResetWDT
                0x2000a414       0x48 ./src/SubSystemModules/Communication/SubsystemCommands/EPS_Commands.o
                0x2000a414                CMD_EPS_ResetWDT
 .text.CMD_DeleteTLM
                0x2000a45c      0x1d8 ./src/SubSystemModules/Communication/SubsystemCommands/FS_Commands.o
                0x2000a45c                CMD_DeleteTLM
 .text.CMD_DeleteAllFiles
                0x2000a634       0x38 ./src/SubSystemModules/Communication/SubsystemCommands/FS_Commands.o
                0x2000a634                CMD_DeleteAllFiles
 .text.CMD_GetLastFS_Error
                0x2000a66c       0x4c ./src/SubSystemModules/Communication/SubsystemCommands/FS_Commands.o
                0x2000a66c                CMD_GetLastFS_Error
 .text.CMD_Get_TLM_Info
                0x2000a6b8      0x1b0 ./src/SubSystemModules/Communication/SubsystemCommands/FS_Commands.o
                0x2000a6b8                CMD_Get_TLM_Info
 .text.CMD_Switch_SD_Card
                0x2000a868       0xb8 ./src/SubSystemModules/Communication/SubsystemCommands/FS_Commands.o
                0x2000a868                CMD_Switch_SD_Card
 .text.CMD_Format_SD_Card
                0x2000a920       0x80 ./src/SubSystemModules/Communication/SubsystemCommands/FS_Commands.o
                0x2000a920                CMD_Format_SD_Card
 .text.CMD_GenericI2C
                0x2000a9a0      0x144 ./src/SubSystemModules/Communication/SubsystemCommands/Maintanence_Commands.o
                0x2000a9a0                CMD_GenericI2C
 .text.CMD_FRAM_ReadAndTransmitt
                0x2000aae4       0xe8 ./src/SubSystemModules/Communication/SubsystemCommands/Maintanence_Commands.o
                0x2000aae4                CMD_FRAM_ReadAndTransmitt
 .text.CMD_FRAM_WriteAndTransmitt
                0x2000abcc      0x11c ./src/SubSystemModules/Communication/SubsystemCommands/Maintanence_Commands.o
                0x2000abcc                CMD_FRAM_WriteAndTransmitt
 .text.CMD_FRAM_ReStart
                0x2000ace8       0x4c ./src/SubSystemModules/Communication/SubsystemCommands/Maintanence_Commands.o
                0x2000ace8                CMD_FRAM_ReStart
 .text.CMD_UpdateSatTime
                0x2000ad34       0xa4 ./src/SubSystemModules/Communication/SubsystemCommands/Maintanence_Commands.o
                0x2000ad34                CMD_UpdateSatTime
 .text.CMD_GetSatUptime
                0x2000add8       0x48 ./src/SubSystemModules/Communication/SubsystemCommands/Maintanence_Commands.o
                0x2000add8                CMD_GetSatUptime
 .text.CMD_ResetComponent
                0x2000ae20      0x28c ./src/SubSystemModules/Communication/SubsystemCommands/Maintanence_Commands.o
                0x2000ae20                CMD_ResetComponent
 .text.DumpTask
                0x2000b0ac      0x310 ./src/SubSystemModules/Communication/SubsystemCommands/TRXVU_Commands.o
                0x2000b0ac                DumpTask
 .text.DumpRamTask
                0x2000b3bc      0x394 ./src/SubSystemModules/Communication/SubsystemCommands/TRXVU_Commands.o
                0x2000b3bc                DumpRamTask
 .text.CMD_AntennaDeploy
                0x2000b750       0xec ./src/SubSystemModules/Communication/SubsystemCommands/TRXVU_Commands.o
                0x2000b750                CMD_AntennaDeploy
 .text.CMD_StartDump
                0x2000b83c      0x224 ./src/SubSystemModules/Communication/SubsystemCommands/TRXVU_Commands.o
                0x2000b83c                CMD_StartDump
 .text.CMD_SendDumpAbortRequest
                0x2000ba60       0x38 ./src/SubSystemModules/Communication/SubsystemCommands/TRXVU_Commands.o
                0x2000ba60                CMD_SendDumpAbortRequest
 .text.CMD_ForceDumpAbort
                0x2000ba98       0x3c ./src/SubSystemModules/Communication/SubsystemCommands/TRXVU_Commands.o
                0x2000ba98                CMD_ForceDumpAbort
 .text.CMD_SetTransponder
                0x2000bad4      0x110 ./src/SubSystemModules/Communication/SubsystemCommands/TRXVU_Commands.o
                0x2000bad4                CMD_SetTransponder
 .text.CMD_SetRSSITransponder
                0x2000bbe4       0x90 ./src/SubSystemModules/Communication/SubsystemCommands/TRXVU_Commands.o
                0x2000bbe4                CMD_SetRSSITransponder
 .text.CMD_MuteTRXVU
                0x2000bc74       0xc4 ./src/SubSystemModules/Communication/SubsystemCommands/TRXVU_Commands.o
                0x2000bc74                CMD_MuteTRXVU
 .text.CMD_SetIdleState
                0x2000bd38       0x94 ./src/SubSystemModules/Communication/SubsystemCommands/TRXVU_Commands.o
                0x2000bd38                CMD_SetIdleState
 .text.CMD_UnMuteTRXVU
                0x2000bdcc       0x38 ./src/SubSystemModules/Communication/SubsystemCommands/TRXVU_Commands.o
                0x2000bdcc                CMD_UnMuteTRXVU
 .text.CMD_GetBaudRate
                0x2000be04       0x68 ./src/SubSystemModules/Communication/SubsystemCommands/TRXVU_Commands.o
                0x2000be04                CMD_GetBaudRate
 .text.CMD_TrasmitBeacon
                0x2000be6c       0x48 ./src/SubSystemModules/Communication/SubsystemCommands/TRXVU_Commands.o
                0x2000be6c                CMD_TrasmitBeacon
 .text.CMD_GetBeaconInterval
                0x2000beb4       0x6c ./src/SubSystemModules/Communication/SubsystemCommands/TRXVU_Commands.o
                0x2000beb4                CMD_GetBeaconInterval
 .text.CMD_SetBaudRate
                0x2000bf20       0x60 ./src/SubSystemModules/Communication/SubsystemCommands/TRXVU_Commands.o
                0x2000bf20                CMD_SetBaudRate
 .text.CMD_GetTxUptime
                0x2000bf80       0x64 ./src/SubSystemModules/Communication/SubsystemCommands/TRXVU_Commands.o
                0x2000bf80                CMD_GetTxUptime
 .text.CMD_GetRxUptime
                0x2000bfe4       0x64 ./src/SubSystemModules/Communication/SubsystemCommands/TRXVU_Commands.o
                0x2000bfe4                CMD_GetRxUptime
 .text.CMD_GetNumOfOnlineCommands
                0x2000c048       0x64 ./src/SubSystemModules/Communication/SubsystemCommands/TRXVU_Commands.o
                0x2000c048                CMD_GetNumOfOnlineCommands
 .text.CMD_AntSetArmStatus
                0x2000c0ac       0xa0 ./src/SubSystemModules/Communication/SubsystemCommands/TRXVU_Commands.o
                0x2000c0ac                CMD_AntSetArmStatus
 .text.CMD_AntGetArmStatus
                0x2000c14c       0x70 ./src/SubSystemModules/Communication/SubsystemCommands/TRXVU_Commands.o
                0x2000c14c                CMD_AntGetArmStatus
 .text.CMD_AntGetUptime
                0x2000c1bc       0x78 ./src/SubSystemModules/Communication/SubsystemCommands/TRXVU_Commands.o
                0x2000c1bc                CMD_AntGetUptime
 .text.CMD_StopReDeployment
                0x2000c234       0xac ./src/SubSystemModules/Communication/SubsystemCommands/TRXVU_Commands.o
                0x2000c234                CMD_StopReDeployment
 .text.CMD_AntCancelDeployment
                0x2000c2e0       0x68 ./src/SubSystemModules/Communication/SubsystemCommands/TRXVU_Commands.o
                0x2000c2e0                CMD_AntCancelDeployment
 .text.CMD_DumpRamTLM
                0x2000c348      0x180 ./src/SubSystemModules/Communication/SubsystemCommands/TRXVU_Commands.o
                0x2000c348                CMD_DumpRamTLM
 .text.SendAckPacket
                0x2000c4c8       0xe4 ./src/SubSystemModules/Communication/AckHandler.o
                0x2000c4c8                SendAckPacket
 .text.trxvu_command_router
                0x2000c5ac      0x578 ./src/SubSystemModules/Communication/CommandDictionary.o
                0x2000c5ac                trxvu_command_router
 .text.eps_command_router
                0x2000cb24       0xdc ./src/SubSystemModules/Communication/CommandDictionary.o
                0x2000cb24                eps_command_router
 .text.telemetry_command_router
                0x2000cc00      0x23c ./src/SubSystemModules/Communication/CommandDictionary.o
                0x2000cc00                telemetry_command_router
 .text.managment_command_router
                0x2000ce3c      0x12c ./src/SubSystemModules/Communication/CommandDictionary.o
                0x2000ce3c                managment_command_router
 .text.filesystem_command_router
                0x2000cf68       0x24 ./src/SubSystemModules/Communication/CommandDictionary.o
                0x2000cf68                filesystem_command_router
 .text.sha256_transform
                0x2000cf8c      0x4b8 ./src/SubSystemModules/Communication/HashSecuredCMD.o
                0x2000cf8c                sha256_transform
 .text.sha256_init
                0x2000d444       0xb8 ./src/SubSystemModules/Communication/HashSecuredCMD.o
                0x2000d444                sha256_init
 .text.sha256_update
                0x2000d4fc       0xc8 ./src/SubSystemModules/Communication/HashSecuredCMD.o
                0x2000d4fc                sha256_update
 .text.sha256_final
                0x2000d5c4      0x470 ./src/SubSystemModules/Communication/HashSecuredCMD.o
                0x2000d5c4                sha256_final
 .text.ParseDataToCommand
                0x2000da34      0x1ac ./src/SubSystemModules/Communication/SatCommandHandler.o
                0x2000da34                ParseDataToCommand
 .text.AssembleCommand
                0x2000dbe0      0x148 ./src/SubSystemModules/Communication/SatCommandHandler.o
                0x2000dbe0                AssembleCommand
 .text.GetDelayedCommand
                0x2000dd28       0x24 ./src/SubSystemModules/Communication/SatCommandHandler.o
                0x2000dd28                GetDelayedCommand
 .text.AddDelayedCommand
                0x2000dd4c       0x24 ./src/SubSystemModules/Communication/SatCommandHandler.o
                0x2000dd4c                AddDelayedCommand
 .text.GetDelayedCommandBufferCount
                0x2000dd70       0x50 ./src/SubSystemModules/Communication/SatCommandHandler.o
                0x2000dd70                GetDelayedCommandBufferCount
 .text.GetDelayedCommandByIndex
                0x2000ddc0       0x28 ./src/SubSystemModules/Communication/SatCommandHandler.o
                0x2000ddc0                GetDelayedCommandByIndex
 .text.DeleteDelayedCommandByIndex
                0x2000dde8       0x24 ./src/SubSystemModules/Communication/SatCommandHandler.o
                0x2000dde8                DeleteDelayedCommandByIndex
 .text.DeleteDelayedBuffer
                0x2000de0c       0x1c ./src/SubSystemModules/Communication/SatCommandHandler.o
                0x2000de0c                DeleteDelayedBuffer
 .text.ActUponCommand
                0x2000de28      0x108 ./src/SubSystemModules/Communication/SatCommandHandler.o
                0x2000de28                ActUponCommand
 .text.setMuteEndTime
                0x2000df30       0x40 ./src/SubSystemModules/Communication/TRXVU.o
                0x2000df30                setMuteEndTime
 .text.getMuteEndTime
                0x2000df70       0x44 ./src/SubSystemModules/Communication/TRXVU.o
                0x2000df70                getMuteEndTime
 .text.setTransponderEndTime
                0x2000dfb4       0x40 ./src/SubSystemModules/Communication/TRXVU.o
                0x2000dfb4                setTransponderEndTime
 .text.getTransponderEndTime
                0x2000dff4       0x44 ./src/SubSystemModules/Communication/TRXVU.o
                0x2000dff4                getTransponderEndTime
 .text.setTransponderRSSIinFRAM
                0x2000e038       0x44 ./src/SubSystemModules/Communication/TRXVU.o
                0x2000e038                setTransponderRSSIinFRAM
 .text.getTransponderRSSIFromFRAM
                0x2000e07c       0x4c ./src/SubSystemModules/Communication/TRXVU.o
                0x2000e07c                getTransponderRSSIFromFRAM
 .text.InitTxModule
                0x2000e0c8       0x68 ./src/SubSystemModules/Communication/TRXVU.o
                0x2000e0c8                InitTxModule
 .text.CMD_SetBeaconInterval
                0x2000e130       0xdc ./src/SubSystemModules/Communication/TRXVU.o
                0x2000e130                CMD_SetBeaconInterval
 .text.InitBeaconParams
                0x2000e20c       0x3c ./src/SubSystemModules/Communication/TRXVU.o
                0x2000e20c                InitBeaconParams
 .text.InitSemaphores
                0x2000e248       0x98 ./src/SubSystemModules/Communication/TRXVU.o
                0x2000e248                InitSemaphores
 .text.InitTrxvu
                0x2000e2e0       0xec ./src/SubSystemModules/Communication/TRXVU.o
                0x2000e2e0                InitTrxvu
 .text.checkIdleFinish
                0x2000e3cc       0x68 ./src/SubSystemModules/Communication/TRXVU.o
                0x2000e3cc                checkIdleFinish
 .text.checkTransponderFinish
                0x2000e434       0x50 ./src/SubSystemModules/Communication/TRXVU.o
                0x2000e434                checkTransponderFinish
 .text.checkTransponderStart
                0x2000e484       0x50 ./src/SubSystemModules/Communication/TRXVU.o
                0x2000e484                checkTransponderStart
 .text.turnOnTransponder
                0x2000e4d4       0xa0 ./src/SubSystemModules/Communication/TRXVU.o
                0x2000e4d4                turnOnTransponder
 .text.turnOffTransponder
                0x2000e574       0x90 ./src/SubSystemModules/Communication/TRXVU.o
                0x2000e574                turnOffTransponder
 .text.SetRSSITransponder
                0x2000e604       0x80 ./src/SubSystemModules/Communication/TRXVU.o
                0x2000e604                SetRSSITransponder
 .text.TRX_Logic
                0x2000e684       0xd4 ./src/SubSystemModules/Communication/TRXVU.o
                0x2000e684                TRX_Logic
 .text.GetNumberOfFramesInBuffer
                0x2000e758       0x5c ./src/SubSystemModules/Communication/TRXVU.o
                0x2000e758                GetNumberOfFramesInBuffer
 .text.GetOnlineCommand
                0x2000e7b4      0x17c ./src/SubSystemModules/Communication/TRXVU.o
                0x2000e7b4                GetOnlineCommand
 .text.CheckTransmitionAllowed
                0x2000e930       0xc0 ./src/SubSystemModules/Communication/TRXVU.o
                0x2000e930                CheckTransmitionAllowed
 .text.FinishDump
                0x2000e9f0       0xf0 ./src/SubSystemModules/Communication/TRXVU.o
                0x2000e9f0                FinishDump
 .text.AbortDump
                0x2000eae0       0x34 ./src/SubSystemModules/Communication/TRXVU.o
                0x2000eae0                AbortDump
 .text.SendDumpAbortRequest
                0x2000eb14       0x6c ./src/SubSystemModules/Communication/TRXVU.o
                0x2000eb14                SendDumpAbortRequest
 .text.CheckDumpAbort
                0x2000eb80       0x6c ./src/SubSystemModules/Communication/TRXVU.o
                0x2000eb80                CheckDumpAbort
 .text.BeaconLogic
                0x2000ebec      0x1b8 ./src/SubSystemModules/Communication/TRXVU.o
                0x2000ebec                BeaconLogic
 .text.SetIdleState
                0x2000eda4      0x144 ./src/SubSystemModules/Communication/TRXVU.o
                0x2000eda4                SetIdleState
 .text.muteTRXVU
                0x2000eee8       0x74 ./src/SubSystemModules/Communication/TRXVU.o
                0x2000eee8                muteTRXVU
 .text.UnMuteTRXVU
                0x2000ef5c       0x14 ./src/SubSystemModules/Communication/TRXVU.o
                0x2000ef5c                UnMuteTRXVU
 .text.TransmitDataAsSPL_Packet
                0x2000ef70      0x114 ./src/SubSystemModules/Communication/TRXVU.o
                0x2000ef70                TransmitDataAsSPL_Packet
 .text.TransmitSplPacket
                0x2000f084      0x1cc ./src/SubSystemModules/Communication/TRXVU.o
                0x2000f084                TransmitSplPacket
 .text.isFirstActivation
                0x2000f250       0x38 ./src/InitSystem.o
                0x2000f250                isFirstActivation
 .text.WriteDefaultValuesToFRAM
                0x2000f288      0x2ac ./src/InitSystem.o
                0x2000f288                WriteDefaultValuesToFRAM
 .text.StartFRAM
                0x2000f534       0x64 ./src/InitSystem.o
                0x2000f534                StartFRAM
 .text.StartI2C
                0x2000f598       0x38 ./src/InitSystem.o
                0x2000f598                StartI2C
 .text.StartSPI
                0x2000f5d0       0x34 ./src/InitSystem.o
                0x2000f5d0                StartSPI
 .text.StartTIME
                0x2000f604       0xbc ./src/InitSystem.o
                0x2000f604                StartTIME
 .text.DeploySystem
                0x2000f6c0      0x1a4 ./src/InitSystem.o
                0x2000f6c0                DeploySystem
 .text.InitSubsystems
                0x2000f864       0x64 ./src/InitSystem.o
                0x2000f864                InitSubsystems
 .text.CMD_getInfoImage
                0x2000f8c8      0x158 ./src/TLM_management.o
                0x2000f8c8                CMD_getInfoImage
 .text.CMD_getDataImage
                0x2000fa20      0x218 ./src/TLM_management.o
                0x2000fa20                CMD_getDataImage
 .text.delete_allTMFilesFromSD
                0x2000fc38       0x8c ./src/TLM_management.o
                0x2000fc38                delete_allTMFilesFromSD
 .text.deleteTLMFiles
                0x2000fcc4       0x94 ./src/TLM_management.o
                0x2000fcc4                deleteTLMFiles
 .text.deleteTLMFile
                0x2000fd58       0xcc ./src/TLM_management.o
                0x2000fd58                deleteTLMFile
 .text.deleteTLMbyMonth
                0x2000fe24       0xac ./src/TLM_management.o
                0x2000fe24                deleteTLMbyMonth
 .text.deleteDirectory
                0x2000fed0      0x158 ./src/TLM_management.o
                0x2000fed0                deleteDirectory
 .text.InitializeFS
                0x20010028       0xec ./src/TLM_management.o
                0x20010028                InitializeFS
 .text.calculateFileName
                0x20010114      0x130 ./src/TLM_management.o
                0x20010114                calculateFileName
 .text.getTlmTypeInfo
                0x20010244      0x230 ./src/TLM_management.o
                0x20010244                getTlmTypeInfo
 .text.write2File
                0x20010474      0x1dc ./src/TLM_management.o
                0x20010474                write2File
 .text.printTLM
                0x20010650      0x490 ./src/TLM_management.o
                0x20010650                printTLM
 .text.readTLMFile
                0x20010ae0      0x328 ./src/TLM_management.o
                0x20010ae0                readTLMFile
 .text.readTLMFiles
                0x20010e08       0xdc ./src/TLM_management.o
                0x20010e08                readTLMFiles
 .text.readTLMFileTimeRange
                0x20010ee4      0x2f0 ./src/TLM_management.o
                0x20010ee4                readTLMFileTimeRange
 .text.DeInitializeFS
                0x200111d4       0x38 ./src/TLM_management.o
                0x200111d4                DeInitializeFS
 .text.main     0x2001120c       0x98 ./src/main.o
                0x2001120c                main
 .text.timeU2time
                0x200112a4       0xbc ./src/utils.o
                0x200112a4                timeU2time
 .text.logError
                0x20011360      0x148 ./src/utils.o
                0x20011360                logError
 .text.clearPDCtransfers
                0x200114a8       0xe8 C:/ISIS/workspace/ycube/GlobusSatProject/..//hal/hal/lib\libHALD.a(SPI.o)
 .text.SPI_start
                0x20011590      0x4b0 C:/ISIS/workspace/ycube/GlobusSatProject/..//hal/hal/lib\libHALD.a(SPI.o)
                0x20011590                SPI_start
 .text.SPI_stop
                0x20011a40      0x244 C:/ISIS/workspace/ycube/GlobusSatProject/..//hal/hal/lib\libHALD.a(SPI.o)
                0x20011a40                SPI_stop
 .text.SPI_queueTransfer
                0x20011c84      0x1cc C:/ISIS/workspace/ycube/GlobusSatProject/..//hal/hal/lib\libHALD.a(SPI.o)
                0x20011c84                SPI_queueTransfer
 .text.SPI_internalCallback
                0x20011e50       0x64 C:/ISIS/workspace/ycube/GlobusSatProject/..//hal/hal/lib\libHALD.a(SPI.o)
 .text.SPI_writeRead
                0x20011eb4      0x1c0 C:/ISIS/workspace/ycube/GlobusSatProject/..//hal/hal/lib\libHALD.a(SPI.o)
                0x20011eb4                SPI_writeRead
 .text.waitForTransfer
                0x20012074       0x78 C:/ISIS/workspace/ycube/GlobusSatProject/..//hal/hal/lib\libHALD.a(SPI.o)
 .text.SPI_getDriverState
                0x200120ec       0x58 C:/ISIS/workspace/ycube/GlobusSatProject/..//hal/hal/lib\libHALD.a(SPI.o)
                0x200120ec                SPI_getDriverState
 .text.validateTransferParameters
                0x20012144      0x10c C:/ISIS/workspace/ycube/GlobusSatProject/..//hal/hal/lib\libHALD.a(I2C.o)
 .text.I2C_queueTransfer
                0x20012250       0xfc C:/ISIS/workspace/ycube/GlobusSatProject/..//hal/hal/lib\libHALD.a(I2C.o)
                0x20012250                I2C_queueTransfer
 .text.I2C_internalCallback
                0x2001234c       0x64 C:/ISIS/workspace/ycube/GlobusSatProject/..//hal/hal/lib\libHALD.a(I2C.o)
 .text.I2C_doBlockingTransfer
                0x200123b0      0x180 C:/ISIS/workspace/ycube/GlobusSatProject/..//hal/hal/lib\libHALD.a(I2C.o)
 .text.I2C_write
                0x20012530      0x110 C:/ISIS/workspace/ycube/GlobusSatProject/..//hal/hal/lib\libHALD.a(I2C.o)
                0x20012530                I2C_write
 .text.I2C_read
                0x20012640      0x110 C:/ISIS/workspace/ycube/GlobusSatProject/..//hal/hal/lib\libHALD.a(I2C.o)
                0x20012640                I2C_read
 .text.I2C_writeRead
                0x20012750      0x17c C:/ISIS/workspace/ycube/GlobusSatProject/..//hal/hal/lib\libHALD.a(I2C.o)
                0x20012750                I2C_writeRead
 .text.I2C_start
                0x200128cc      0x2e8 C:/ISIS/workspace/ycube/GlobusSatProject/..//hal/hal/lib\libHALD.a(I2C.o)
                0x200128cc                I2C_start
 .text.I2C_stop
                0x20012bb4      0x184 C:/ISIS/workspace/ycube/GlobusSatProject/..//hal/hal/lib\libHALD.a(I2C.o)
                0x20012bb4                I2C_stop
 .text.I2C_setTransferTimeout
                0x20012d38       0x48 C:/ISIS/workspace/ycube/GlobusSatProject/..//hal/hal/lib\libHALD.a(I2C.o)
                0x20012d38                I2C_setTransferTimeout
 .text.ADC_ConvertRaw10bitToMillivolt
                0x20012d80       0x50 C:/ISIS/workspace/ycube/GlobusSatProject/..//hal/hal/lib\libHALD.a(ADC.o)
                0x20012d80                ADC_ConvertRaw10bitToMillivolt
 .text.ADC_SingleShot
                0x20012dd0      0x230 C:/ISIS/workspace/ycube/GlobusSatProject/..//hal/hal/lib\libHALD.a(ADC.o)
                0x20012dd0                ADC_SingleShot
 .text.FRAM_start
                0x20013000      0x120 C:/ISIS/workspace/ycube/GlobusSatProject/..//hal/hal/lib\libHALD.a(FRAM.o)
                0x20013000                FRAM_start
 .text.FRAM_stop
                0x20013120       0x6c C:/ISIS/workspace/ycube/GlobusSatProject/..//hal/hal/lib\libHALD.a(FRAM.o)
                0x20013120                FRAM_stop
 .text.FRAM_dummyCallback
                0x2001318c       0x24 C:/ISIS/workspace/ycube/GlobusSatProject/..//hal/hal/lib\libHALD.a(FRAM.o)
                0x2001318c                FRAM_dummyCallback
 .text.FRAM_unlockingCallback
                0x200131b0       0x64 C:/ISIS/workspace/ycube/GlobusSatProject/..//hal/hal/lib\libHALD.a(FRAM.o)
                0x200131b0                FRAM_unlockingCallback
 .text.doBlockingTransfer
                0x20013214       0x78 C:/ISIS/workspace/ycube/GlobusSatProject/..//hal/hal/lib\libHALD.a(FRAM.o)
 .text.FRAM_writePacket
                0x2001328c      0x134 C:/ISIS/workspace/ycube/GlobusSatProject/..//hal/hal/lib\libHALD.a(FRAM.o)
 .text.FRAM_write
                0x200133c0      0x1e0 C:/ISIS/workspace/ycube/GlobusSatProject/..//hal/hal/lib\libHALD.a(FRAM.o)
                0x200133c0                FRAM_write
 .text.FRAM_readPacket
                0x200135a0       0xf0 C:/ISIS/workspace/ycube/GlobusSatProject/..//hal/hal/lib\libHALD.a(FRAM.o)
 .text.FRAM_read
                0x20013690      0x1ec C:/ISIS/workspace/ycube/GlobusSatProject/..//hal/hal/lib\libHALD.a(FRAM.o)
                0x20013690                FRAM_read
 .text.Time_start
                0x2001387c      0x170 C:/ISIS/workspace/ycube/GlobusSatProject/..//hal/hal/lib\libHALD.a(Time.o)
                0x2001387c                Time_start
 .text.taskTimeSync
                0x200139ec       0x64 C:/ISIS/workspace/ycube/GlobusSatProject/..//hal/hal/lib\libHALD.a(Time.o)
 .text.Time_convertEpochToTime
                0x20013a50      0x100 C:/ISIS/workspace/ycube/GlobusSatProject/..//hal/hal/lib\libHALD.a(Time.o)
                0x20013a50                Time_convertEpochToTime
 .text.Time_calculateSecondsOfYear
                0x20013b50       0xd8 C:/ISIS/workspace/ycube/GlobusSatProject/..//hal/hal/lib\libHALD.a(Time.o)
 .text.Time_set
                0x20013c28       0xd8 C:/ISIS/workspace/ycube/GlobusSatProject/..//hal/hal/lib\libHALD.a(Time.o)
                0x20013c28                Time_set
 .text.Time_isLeapYear
                0x20013d00       0x98 C:/ISIS/workspace/ycube/GlobusSatProject/..//hal/hal/lib\libHALD.a(Time.o)
                0x20013d00                Time_isLeapYear
 .text.Time_get
                0x20013d98      0x478 C:/ISIS/workspace/ycube/GlobusSatProject/..//hal/hal/lib\libHALD.a(Time.o)
                0x20013d98                Time_get
 .text.Time_getUnixEpoch
                0x20014210      0x108 C:/ISIS/workspace/ycube/GlobusSatProject/..//hal/hal/lib\libHALD.a(Time.o)
                0x20014210                Time_getUnixEpoch
 .text.Time_secondsOfYearToTime
                0x20014318      0x33c C:/ISIS/workspace/ycube/GlobusSatProject/..//hal/hal/lib\libHALD.a(Time.o)
 .text.Time_setUnixEpoch
                0x20014654       0x54 C:/ISIS/workspace/ycube/GlobusSatProject/..//hal/hal/lib\libHALD.a(Time.o)
                0x20014654                Time_setUnixEpoch
 .text.Time_getUptimeSeconds
                0x200146a8       0x28 C:/ISIS/workspace/ycube/GlobusSatProject/..//hal/hal/lib\libHALD.a(Time.o)
                0x200146a8                Time_getUptimeSeconds
 .text.Time_sync
                0x200146d0      0x1a8 C:/ISIS/workspace/ycube/GlobusSatProject/..//hal/hal/lib\libHALD.a(Time.o)
                0x200146d0                Time_sync
 .text.Time_syncIfNeeded
                0x20014878       0xac C:/ISIS/workspace/ycube/GlobusSatProject/..//hal/hal/lib\libHALD.a(Time.o)
                0x20014878                Time_syncIfNeeded
 .text.WDT_start
                0x20014924       0x48 C:/ISIS/workspace/ycube/GlobusSatProject/..//hal/hal/lib\libHALD.a(WatchDogTimerNoOS.o)
                0x20014924                WDT_start
 .text.RTT_start
                0x2001496c       0x24 C:/ISIS/workspace/ycube/GlobusSatProject/..//hal/hal/lib\libHALD.a(RTT.o)
                0x2001496c                RTT_start
 .text.RTT_GetTime
                0x20014990       0x24 C:/ISIS/workspace/ycube/GlobusSatProject/..//hal/hal/lib\libHALD.a(RTT.o)
                0x20014990                RTT_GetTime
 .text.RTC_start
                0x200149b4       0x3c C:/ISIS/workspace/ycube/GlobusSatProject/..//hal/hal/lib\libHALD.a(RTC.o)
                0x200149b4                RTC_start
 .text.RTC_setTime
                0x200149f0      0x2a4 C:/ISIS/workspace/ycube/GlobusSatProject/..//hal/hal/lib\libHALD.a(RTC.o)
                0x200149f0                RTC_setTime
 .text.RTC_getTime
                0x20014c94      0x230 C:/ISIS/workspace/ycube/GlobusSatProject/..//hal/hal/lib\libHALD.a(RTC.o)
                0x20014c94                RTC_getTime
 .text.RTC_checkTimeValid
                0x20014ec4       0xd8 C:/ISIS/workspace/ycube/GlobusSatProject/..//hal/hal/lib\libHALD.a(RTC.o)
                0x20014ec4                RTC_checkTimeValid
 .text.WDT_startWatchdogKickTask
                0x20014f9c       0xb4 C:/ISIS/workspace/ycube/GlobusSatProject/..//hal/hal/lib\libHALD.a(WatchDogTimerOS.o)
                0x20014f9c                WDT_startWatchdogKickTask
 .text.WDT_forceKickEveryNms
                0x20015050       0x50 C:/ISIS/workspace/ycube/GlobusSatProject/..//hal/hal/lib\libHALD.a(WatchDogTimerOS.o)
                0x20015050                WDT_forceKickEveryNms
 .text.f_puts   0x200150a0       0x80 C:/ISIS/workspace/ycube/GlobusSatProject/..//hal/hal/lib\libHALD.a(fprintf.o)
                0x200150a0                f_puts
 .text.UTIL_DbguGetInteger
                0x20015120      0x168 C:/ISIS/workspace/ycube/GlobusSatProject/..//hal/hal/lib\libHALD.a(util.o)
                0x20015120                UTIL_DbguGetInteger
 .text.UTIL_DbguGetIntegerMinMax
                0x20015288       0xa4 C:/ISIS/workspace/ycube/GlobusSatProject/..//hal/hal/lib\libHALD.a(util.o)
                0x20015288                UTIL_DbguGetIntegerMinMax
 .text.LED_glow
                0x2001532c       0x58 C:/ISIS/workspace/ycube/GlobusSatProject/..//hal/hal/lib\libHALD.a(LED.o)
                0x2001532c                LED_glow
 .text.LED_dark
                0x20015384       0x58 C:/ISIS/workspace/ycube/GlobusSatProject/..//hal/hal/lib\libHALD.a(LED.o)
                0x20015384                LED_dark
 .text.LED_toggle
                0x200153dc       0x50 C:/ISIS/workspace/ycube/GlobusSatProject/..//hal/hal/lib\libHALD.a(LED.o)
                0x200153dc                LED_toggle
 .text.fm_initvolume
                0x2001542c       0x70 C:/ISIS/workspace/ycube/GlobusSatProject/..//hal/hcc/lib\libHCCD.a(fat_m.o)
                0x2001542c                fm_initvolume
 .text.fm_delvolume
                0x2001549c       0x60 C:/ISIS/workspace/ycube/GlobusSatProject/..//hal/hcc/lib\libHCCD.a(fat_m.o)
                0x2001549c                fm_delvolume
 .text.fm_format
                0x200154fc       0x68 C:/ISIS/workspace/ycube/GlobusSatProject/..//hal/hcc/lib\libHCCD.a(fat_m.o)
                0x200154fc                fm_format
 .text.fm_getdrive
                0x20015564       0x70 C:/ISIS/workspace/ycube/GlobusSatProject/..//hal/hcc/lib\libHCCD.a(fat_m.o)
                0x20015564                fm_getdrive
 .text.fm_getfreespace
                0x200155d4       0x68 C:/ISIS/workspace/ycube/GlobusSatProject/..//hal/hcc/lib\libHCCD.a(fat_m.o)
                0x200155d4                fm_getfreespace
 .text.fm_mkdir
                0x2001563c       0x60 C:/ISIS/workspace/ycube/GlobusSatProject/..//hal/hcc/lib\libHCCD.a(fat_m.o)
                0x2001563c                fm_mkdir
 .text.fm_rmdir
                0x2001569c       0x60 C:/ISIS/workspace/ycube/GlobusSatProject/..//hal/hcc/lib\libHCCD.a(fat_m.o)
                0x2001569c                fm_rmdir
 .text.fm_findfirst
                0x200156fc       0x68 C:/ISIS/workspace/ycube/GlobusSatProject/..//hal/hcc/lib\libHCCD.a(fat_m.o)
                0x200156fc                fm_findfirst
 .text.fm_findnext
                0x20015764       0x60 C:/ISIS/workspace/ycube/GlobusSatProject/..//hal/hcc/lib\libHCCD.a(fat_m.o)
                0x20015764                fm_findnext
 .text.fm_close
                0x200157c4       0x60 C:/ISIS/workspace/ycube/GlobusSatProject/..//hal/hcc/lib\libHCCD.a(fat_m.o)
                0x200157c4                fm_close
 .text.fm_flush
                0x20015824       0x60 C:/ISIS/workspace/ycube/GlobusSatProject/..//hal/hcc/lib\libHCCD.a(fat_m.o)
                0x20015824                fm_flush
 .text.fm_open  0x20015884       0x68 C:/ISIS/workspace/ycube/GlobusSatProject/..//hal/hcc/lib\libHCCD.a(fat_m.o)
                0x20015884                fm_open
 .text.fm_read  0x200158ec       0x7c C:/ISIS/workspace/ycube/GlobusSatProject/..//hal/hcc/lib\libHCCD.a(fat_m.o)
                0x200158ec                fm_read
 .text.fm_write
                0x20015968       0x7c C:/ISIS/workspace/ycube/GlobusSatProject/..//hal/hcc/lib\libHCCD.a(fat_m.o)
                0x20015968                fm_write
 .text.fm_seek  0x200159e4       0x70 C:/ISIS/workspace/ycube/GlobusSatProject/..//hal/hcc/lib\libHCCD.a(fat_m.o)
                0x200159e4                fm_seek
 .text.fm_tell  0x20015a54       0x60 C:/ISIS/workspace/ycube/GlobusSatProject/..//hal/hcc/lib\libHCCD.a(fat_m.o)
                0x20015a54                fm_tell
 .text.fm_putc  0x20015ab4       0x68 C:/ISIS/workspace/ycube/GlobusSatProject/..//hal/hcc/lib\libHCCD.a(fat_m.o)
                0x20015ab4                fm_putc
 .text.fm_rewind
                0x20015b1c       0x60 C:/ISIS/workspace/ycube/GlobusSatProject/..//hal/hcc/lib\libHCCD.a(fat_m.o)
                0x20015b1c                fm_rewind
 .text.fm_delete
                0x20015b7c       0x64 C:/ISIS/workspace/ycube/GlobusSatProject/..//hal/hcc/lib\libHCCD.a(fat_m.o)
                0x20015b7c                fm_delete
 .text.fm_getlasterror
                0x20015be0       0x40 C:/ISIS/workspace/ycube/GlobusSatProject/..//hal/hcc/lib\libHCCD.a(fat_m.o)
                0x20015be0                fm_getlasterror
 .text._f_invalidatedir
                0x20015c20       0x28 C:/ISIS/workspace/ycube/GlobusSatProject/..//hal/hcc/lib\libHCCD.a(fat.o)
                0x20015c20                _f_invalidatedir
 .text._f_getdirsector
                0x20015c48       0x88 C:/ISIS/workspace/ycube/GlobusSatProject/..//hal/hcc/lib\libHCCD.a(fat.o)
                0x20015c48                _f_getdirsector
 .text._f_writedirsector
                0x20015cd0       0x74 C:/ISIS/workspace/ycube/GlobusSatProject/..//hal/hcc/lib\libHCCD.a(fat.o)
                0x20015cd0                _f_writedirsector
 .text._f_checknameinv
                0x20015d44      0x180 C:/ISIS/workspace/ycube/GlobusSatProject/..//hal/hcc/lib\libHCCD.a(fat.o)
 .text._f_checkname
                0x20015ec4       0x7c C:/ISIS/workspace/ycube/GlobusSatProject/..//hal/hcc/lib\libHCCD.a(fat.o)
 .text._f_checknamewc
                0x20015f40       0xf8 C:/ISIS/workspace/ycube/GlobusSatProject/..//hal/hcc/lib\libHCCD.a(fat.o)
 .text._f_setnameext
                0x20016038      0x300 C:/ISIS/workspace/ycube/GlobusSatProject/..//hal/hcc/lib\libHCCD.a(fat.o)
 .text._f_setfsname
                0x20016338      0x584 C:/ISIS/workspace/ycube/GlobusSatProject/..//hal/hcc/lib\libHCCD.a(fat.o)
 .text._f_findfile
                0x200168bc      0x30c C:/ISIS/workspace/ycube/GlobusSatProject/..//hal/hcc/lib\libHCCD.a(fat.o)
 .text._f_cmp_wname
                0x20016bc8      0x274 C:/ISIS/workspace/ycube/GlobusSatProject/..//hal/hcc/lib\libHCCD.a(fat.o)
 .text._f_to_string
                0x20016e3c      0x130 C:/ISIS/workspace/ycube/GlobusSatProject/..//hal/hcc/lib\libHCCD.a(fat.o)
 .text._f_findfilewc
                0x20016f6c      0x278 C:/ISIS/workspace/ycube/GlobusSatProject/..//hal/hcc/lib\libHCCD.a(fat.o)
 .text._f_getfilename
                0x200171e4      0x20c C:/ISIS/workspace/ycube/GlobusSatProject/..//hal/hcc/lib\libHCCD.a(fat.o)
 .text._f_findpath
                0x200173f0      0x35c C:/ISIS/workspace/ycube/GlobusSatProject/..//hal/hcc/lib\libHCCD.a(fat.o)
 .text.fn_getdcwd
                0x2001774c      0x1e0 C:/ISIS/workspace/ycube/GlobusSatProject/..//hal/hcc/lib\libHCCD.a(fat.o)
                0x2001774c                fn_getdcwd
 .text.fn_findfirst
                0x2001792c      0x13c C:/ISIS/workspace/ycube/GlobusSatProject/..//hal/hcc/lib\libHCCD.a(fat.o)
                0x2001792c                fn_findfirst
 .text.fn_findnext
                0x20017a68      0x360 C:/ISIS/workspace/ycube/GlobusSatProject/..//hal/hcc/lib\libHCCD.a(fat.o)
                0x20017a68                fn_findnext
 .text._f_lock_resfile
                0x20017dc8       0x6c C:/ISIS/workspace/ycube/GlobusSatProject/..//hal/hcc/lib\libHCCD.a(fat.o)
 .text._f_unlock_resfile
                0x20017e34       0x40 C:/ISIS/workspace/ycube/GlobusSatProject/..//hal/hcc/lib\libHCCD.a(fat.o)
 .text._f_getintfile
                0x20017e74      0x124 C:/ISIS/workspace/ycube/GlobusSatProject/..//hal/hcc/lib\libHCCD.a(fat.o)
 .text._f_addentry
                0x20017f98      0x540 C:/ISIS/workspace/ycube/GlobusSatProject/..//hal/hcc/lib\libHCCD.a(fat.o)
 .text.fn_mkdir
                0x200184d8      0x75c C:/ISIS/workspace/ycube/GlobusSatProject/..//hal/hcc/lib\libHCCD.a(fat.o)
                0x200184d8                fn_mkdir
 .text.fn_open_sub
                0x20018c34     0x1698 C:/ISIS/workspace/ycube/GlobusSatProject/..//hal/hcc/lib\libHCCD.a(fat.o)
 .text.fn_open  0x2001a2cc       0x44 C:/ISIS/workspace/ycube/GlobusSatProject/..//hal/hcc/lib\libHCCD.a(fat.o)
                0x2001a2cc                fn_open
 .text.fn_delete
                0x2001a310      0x490 C:/ISIS/workspace/ycube/GlobusSatProject/..//hal/hcc/lib\libHCCD.a(fat.o)
                0x2001a310                fn_delete
 .text.fn_rmdir
                0x2001a7a0      0x5ac C:/ISIS/workspace/ycube/GlobusSatProject/..//hal/hcc/lib\libHCCD.a(fat.o)
                0x2001a7a0                fn_rmdir
 .text.fn_init  0x2001ad4c      0x2dc C:/ISIS/workspace/ycube/GlobusSatProject/..//hal/hcc/lib\libHCCD.a(fat_common.o)
                0x2001ad4c                fn_init
 .text.fn_start
                0x2001b028       0x1c C:/ISIS/workspace/ycube/GlobusSatProject/..//hal/hcc/lib\libHCCD.a(fat_common.o)
                0x2001b028                fn_start
 .text.fsn_delete
                0x2001b044       0xc8 C:/ISIS/workspace/ycube/GlobusSatProject/..//hal/hcc/lib\libHCCD.a(fat_common.o)
                0x2001b044                fsn_delete
 .text._f_get16bitl
                0x2001b10c       0x4c C:/ISIS/workspace/ycube/GlobusSatProject/..//hal/hcc/lib\libHCCD.a(fat_common.o)
                0x2001b10c                _f_get16bitl
 .text._f_set16bitl
                0x2001b158       0x54 C:/ISIS/workspace/ycube/GlobusSatProject/..//hal/hcc/lib\libHCCD.a(fat_common.o)
                0x2001b158                _f_set16bitl
 .text._f_get32bitl
                0x2001b1ac       0x68 C:/ISIS/workspace/ycube/GlobusSatProject/..//hal/hcc/lib\libHCCD.a(fat_common.o)
                0x2001b1ac                _f_get32bitl
 .text._f_set32bitl
                0x2001b214       0x78 C:/ISIS/workspace/ycube/GlobusSatProject/..//hal/hcc/lib\libHCCD.a(fat_common.o)
                0x2001b214                _f_set32bitl
 .text._get8bit
                0x2001b28c       0xa0 C:/ISIS/workspace/ycube/GlobusSatProject/..//hal/hcc/lib\libHCCD.a(fat_common.o)
 .text._get16bitl
                0x2001b32c       0x40 C:/ISIS/workspace/ycube/GlobusSatProject/..//hal/hcc/lib\libHCCD.a(fat_common.o)
 .text._get32bitl
                0x2001b36c       0x3c C:/ISIS/workspace/ycube/GlobusSatProject/..//hal/hcc/lib\libHCCD.a(fat_common.o)
 .text._set8bitzero
                0x2001b3a8       0x6c C:/ISIS/workspace/ycube/GlobusSatProject/..//hal/hcc/lib\libHCCD.a(fat_common.o)
 .text._set8bit
                0x2001b414       0xa0 C:/ISIS/workspace/ycube/GlobusSatProject/..//hal/hcc/lib\libHCCD.a(fat_common.o)
 .text._set16bitl
                0x2001b4b4       0x3c C:/ISIS/workspace/ycube/GlobusSatProject/..//hal/hcc/lib\libHCCD.a(fat_common.o)
 .text._set32bitl
                0x2001b4f0       0x34 C:/ISIS/workspace/ycube/GlobusSatProject/..//hal/hcc/lib\libHCCD.a(fat_common.o)
 .text._f_setcardremoved
                0x2001b524       0x94 C:/ISIS/workspace/ycube/GlobusSatProject/..//hal/hcc/lib\libHCCD.a(fat_common.o)
 .text._f_checkstatus
                0x2001b5b8      0x104 C:/ISIS/workspace/ycube/GlobusSatProject/..//hal/hcc/lib\libHCCD.a(fat_common.o)
                0x2001b5b8                _f_checkstatus
 .text._f_drvgetphy
                0x2001b6bc      0x114 C:/ISIS/workspace/ycube/GlobusSatProject/..//hal/hcc/lib\libHCCD.a(fat_common.o)
 .text._f_drvwritesector
                0x2001b7d0       0xdc C:/ISIS/workspace/ycube/GlobusSatProject/..//hal/hcc/lib\libHCCD.a(fat_common.o)
 .text._f_drvreadsector
                0x2001b8ac       0xa8 C:/ISIS/workspace/ycube/GlobusSatProject/..//hal/hcc/lib\libHCCD.a(fat_common.o)
 .text._f_writesector
                0x2001b954      0x23c C:/ISIS/workspace/ycube/GlobusSatProject/..//hal/hcc/lib\libHCCD.a(fat_common.o)
                0x2001b954                _f_writesector
 .text._f_readsector
                0x2001bb90      0x1dc C:/ISIS/workspace/ycube/GlobusSatProject/..//hal/hcc/lib\libHCCD.a(fat_common.o)
                0x2001bb90                _f_readsector
 .text._f_getmaxcluster
                0x2001bd6c       0x94 C:/ISIS/workspace/ycube/GlobusSatProject/..//hal/hcc/lib\libHCCD.a(fat_common.o)
                0x2001bd6c                _f_getmaxcluster
 .text._getsectorfromcluster
                0x2001be00       0x68 C:/ISIS/workspace/ycube/GlobusSatProject/..//hal/hcc/lib\libHCCD.a(fat_common.o)
 .text._f_buildsectors
                0x2001be68      0x268 C:/ISIS/workspace/ycube/GlobusSatProject/..//hal/hcc/lib\libHCCD.a(fat_common.o)
 .text._f_getbootrecord
                0x2001c0d0      0x5e4 C:/ISIS/workspace/ycube/GlobusSatProject/..//hal/hcc/lib\libHCCD.a(fat_common.o)
 .text._f_readbootrecord
                0x2001c6b4      0x4f8 C:/ISIS/workspace/ycube/GlobusSatProject/..//hal/hcc/lib\libHCCD.a(fat_common.o)
 .text._f_writebootrecord
                0x2001cbac      0x5e4 C:/ISIS/workspace/ycube/GlobusSatProject/..//hal/hcc/lib\libHCCD.a(fat_common.o)
 .text._f_flushcffiles
                0x2001d190      0x17c C:/ISIS/workspace/ycube/GlobusSatProject/..//hal/hcc/lib\libHCCD.a(fat_common.o)
                0x2001d190                _f_flushcffiles
 .text._f_fatcache_flush
                0x2001d30c      0x270 C:/ISIS/workspace/ycube/GlobusSatProject/..//hal/hcc/lib\libHCCD.a(fat_common.o)
                0x2001d30c                _f_fatcache_flush
 .text._f_writefatsector
                0x2001d57c      0x100 C:/ISIS/workspace/ycube/GlobusSatProject/..//hal/hcc/lib\libHCCD.a(fat_common.o)
                0x2001d57c                _f_writefatsector
 .text._f_getfatsector
                0x2001d67c      0x3bc C:/ISIS/workspace/ycube/GlobusSatProject/..//hal/hcc/lib\libHCCD.a(fat_common.o)
 .text._f_setclustervalue
                0x2001da38      0x490 C:/ISIS/workspace/ycube/GlobusSatProject/..//hal/hcc/lib\libHCCD.a(fat_common.o)
                0x2001da38                _f_setclustervalue
 .text._f_getclustervalue
                0x2001dec8      0x388 C:/ISIS/workspace/ycube/GlobusSatProject/..//hal/hcc/lib\libHCCD.a(fat_common.o)
                0x2001dec8                _f_getclustervalue
 .text._f_close_drive_files
                0x2001e250       0xac C:/ISIS/workspace/ycube/GlobusSatProject/..//hal/hcc/lib\libHCCD.a(fat_common.o)
 .text._f_inc_mount_count
                0x2001e2fc       0xa4 C:/ISIS/workspace/ycube/GlobusSatProject/..//hal/hcc/lib\libHCCD.a(fat_common.o)
 .text._f_getvolume
                0x2001e3a0      0x2f8 C:/ISIS/workspace/ycube/GlobusSatProject/..//hal/hcc/lib\libHCCD.a(fat_common.o)
                0x2001e3a0                _f_getvolume
 .text.fn_createdriver
                0x2001e698      0x118 C:/ISIS/workspace/ycube/GlobusSatProject/..//hal/hcc/lib\libHCCD.a(fat_common.o)
                0x2001e698                fn_createdriver
 .text.fn_initvolume
                0x2001e7b0      0x12c C:/ISIS/workspace/ycube/GlobusSatProject/..//hal/hcc/lib\libHCCD.a(fat_common.o)
                0x2001e7b0                fn_initvolume
 .text.fn_releasedriver
                0x2001e8dc       0xf4 C:/ISIS/workspace/ycube/GlobusSatProject/..//hal/hcc/lib\libHCCD.a(fat_common.o)
                0x2001e8dc                fn_releasedriver
 .text.fn_initvolumepartition_sub
                0x2001e9d0       0xe0 C:/ISIS/workspace/ycube/GlobusSatProject/..//hal/hcc/lib\libHCCD.a(fat_common.o)
 .text.fn_initvolumepartition
                0x2001eab0       0xac C:/ISIS/workspace/ycube/GlobusSatProject/..//hal/hcc/lib\libHCCD.a(fat_common.o)
                0x2001eab0                fn_initvolumepartition
 .text.fn_delvolume
                0x2001eb5c      0x194 C:/ISIS/workspace/ycube/GlobusSatProject/..//hal/hcc/lib\libHCCD.a(fat_common.o)
                0x2001eb5c                fn_delvolume
 .text._f_clustertopos
                0x2001ecf0       0xf8 C:/ISIS/workspace/ycube/GlobusSatProject/..//hal/hcc/lib\libHCCD.a(fat_common.o)
                0x2001ecf0                _f_clustertopos
 .text._f_prepareformat
                0x2001ede8      0x8b8 C:/ISIS/workspace/ycube/GlobusSatProject/..//hal/hcc/lib\libHCCD.a(fat_common.o)
 .text._f_resetfatentries
                0x2001f6a0      0x410 C:/ISIS/workspace/ycube/GlobusSatProject/..//hal/hcc/lib\libHCCD.a(fat_common.o)
 .text._f_resetrootdir
                0x2001fab0       0xcc C:/ISIS/workspace/ycube/GlobusSatProject/..//hal/hcc/lib\libHCCD.a(fat_common.o)
 .text._f_postformat
                0x2001fb7c      0x178 C:/ISIS/workspace/ycube/GlobusSatProject/..//hal/hcc/lib\libHCCD.a(fat_common.o)
 .text.fn_format
                0x2001fcf4      0x148 C:/ISIS/workspace/ycube/GlobusSatProject/..//hal/hcc/lib\libHCCD.a(fat_common.o)
                0x2001fcf4                fn_format
 .text._f_getcurrsector
                0x2001fe3c      0x6c8 C:/ISIS/workspace/ycube/GlobusSatProject/..//hal/hcc/lib\libHCCD.a(fat_common.o)
                0x2001fe3c                _f_getcurrsector
 .text._f_getdecluster
                0x20020504       0x90 C:/ISIS/workspace/ycube/GlobusSatProject/..//hal/hcc/lib\libHCCD.a(fat_common.o)
                0x20020504                _f_getdecluster
 .text._f_setdecluster
                0x20020594       0x8c C:/ISIS/workspace/ycube/GlobusSatProject/..//hal/hcc/lib\libHCCD.a(fat_common.o)
                0x20020594                _f_setdecluster
 .text.fn_getdrive
                0x20020620       0x30 C:/ISIS/workspace/ycube/GlobusSatProject/..//hal/hcc/lib\libHCCD.a(fat_common.o)
                0x20020620                fn_getdrive
 .text._f_getcurrenttimedate
                0x20020650      0x138 C:/ISIS/workspace/ycube/GlobusSatProject/..//hal/hcc/lib\libHCCD.a(fat_common.o)
                0x20020650                _f_getcurrenttimedate
 .text._f_initentry
                0x20020788       0xa0 C:/ISIS/workspace/ycube/GlobusSatProject/..//hal/hcc/lib\libHCCD.a(fat_common.o)
                0x20020788                _f_initentry
 .text._f_alloccluster
                0x20020828      0x344 C:/ISIS/workspace/ycube/GlobusSatProject/..//hal/hcc/lib\libHCCD.a(fat_common.o)
                0x20020828                _f_alloccluster
 .text._f_dobadblock
                0x20020b6c      0x2cc C:/ISIS/workspace/ycube/GlobusSatProject/..//hal/hcc/lib\libHCCD.a(fat_common.o)
                0x20020b6c                _f_dobadblock
 .text._f_checklocked
                0x20020e38       0xe4 C:/ISIS/workspace/ycube/GlobusSatProject/..//hal/hcc/lib\libHCCD.a(fat_common.o)
                0x20020e38                _f_checklocked
 .text._f_checkappendlocked
                0x20020f1c      0x110 C:/ISIS/workspace/ycube/GlobusSatProject/..//hal/hcc/lib\libHCCD.a(fat_common.o)
                0x20020f1c                _f_checkappendlocked
 .text._f_setsyncafile
                0x2002102c      0x114 C:/ISIS/workspace/ycube/GlobusSatProject/..//hal/hcc/lib\libHCCD.a(fat_common.o)
                0x2002102c                _f_setsyncafile
 .text._f_syncfiles
                0x20021140      0x128 C:/ISIS/workspace/ycube/GlobusSatProject/..//hal/hcc/lib\libHCCD.a(fat_common.o)
                0x20021140                _f_syncfiles
 .text._f_syncfilescontent
                0x20021268      0x15c C:/ISIS/workspace/ycube/GlobusSatProject/..//hal/hcc/lib\libHCCD.a(fat_common.o)
 .text.fn_getfreespace
                0x200213c4      0x4c0 C:/ISIS/workspace/ycube/GlobusSatProject/..//hal/hcc/lib\libHCCD.a(fat_common.o)
                0x200213c4                fn_getfreespace
 .text._f_emptywritecache
                0x20021884      0x4a4 C:/ISIS/workspace/ycube/GlobusSatProject/..//hal/hcc/lib\libHCCD.a(fat_common.o)
 .text._f_allocnextcluster
                0x20021d28      0x54c C:/ISIS/workspace/ycube/GlobusSatProject/..//hal/hcc/lib\libHCCD.a(fat_common.o)
 .text._f_emptywritebuffer
                0x20022274      0x20c C:/ISIS/workspace/ycube/GlobusSatProject/..//hal/hcc/lib\libHCCD.a(fat_common.o)
 .text._f_writezeros
                0x20022480       0xf0 C:/ISIS/workspace/ycube/GlobusSatProject/..//hal/hcc/lib\libHCCD.a(fat_common.o)
                0x20022480                _f_writezeros
 .text._f_extend_file
                0x20022570      0x570 C:/ISIS/workspace/ycube/GlobusSatProject/..//hal/hcc/lib\libHCCD.a(fat_common.o)
 .text._f_fseek
                0x20022ae0      0x9bc C:/ISIS/workspace/ycube/GlobusSatProject/..//hal/hcc/lib\libHCCD.a(fat_common.o)
                0x20022ae0                _f_fseek
 .text._f_removechain
                0x2002349c      0x104 C:/ISIS/workspace/ycube/GlobusSatProject/..//hal/hcc/lib\libHCCD.a(fat_common.o)
                0x2002349c                _f_removechain
 .text._f_updatefileentry
                0x200235a0      0x1cc C:/ISIS/workspace/ycube/GlobusSatProject/..//hal/hcc/lib\libHCCD.a(fat_common.o)
 .text._f_checkreadlocked
                0x2002376c      0x1bc C:/ISIS/workspace/ycube/GlobusSatProject/..//hal/hcc/lib\libHCCD.a(fat_common.o)
                0x2002376c                _f_checkreadlocked
 .text._f_check_handle
                0x20023928       0x98 C:/ISIS/workspace/ycube/GlobusSatProject/..//hal/hcc/lib\libHCCD.a(fat_common.o)
                0x20023928                _f_check_handle
 .text._f_removesyncafile
                0x200239c0      0x1ec C:/ISIS/workspace/ycube/GlobusSatProject/..//hal/hcc/lib\libHCCD.a(fat_common.o)
 .text.fn_close
                0x20023bac      0x3f8 C:/ISIS/workspace/ycube/GlobusSatProject/..//hal/hcc/lib\libHCCD.a(fat_common.o)
                0x20023bac                fn_close
 .text.fn_flush
                0x20023fa4      0x374 C:/ISIS/workspace/ycube/GlobusSatProject/..//hal/hcc/lib\libHCCD.a(fat_common.o)
                0x20023fa4                fn_flush
 .text.fn_read  0x20024318      0x690 C:/ISIS/workspace/ycube/GlobusSatProject/..//hal/hcc/lib\libHCCD.a(fat_common.o)
                0x20024318                fn_read
 .text._f_abortwrite
                0x200249a8      0x100 C:/ISIS/workspace/ycube/GlobusSatProject/..//hal/hcc/lib\libHCCD.a(fat_common.o)
 .text._f_checkwritecluster
                0x20024aa8       0xe4 C:/ISIS/workspace/ycube/GlobusSatProject/..//hal/hcc/lib\libHCCD.a(fat_common.o)
 .text.fn_write
                0x20024b8c      0x8a8 C:/ISIS/workspace/ycube/GlobusSatProject/..//hal/hcc/lib\libHCCD.a(fat_common.o)
                0x20024b8c                fn_write
 .text.fn_seek  0x20025434      0x270 C:/ISIS/workspace/ycube/GlobusSatProject/..//hal/hcc/lib\libHCCD.a(fat_common.o)
                0x20025434                fn_seek
 .text.fn_tell  0x200256a4      0x19c C:/ISIS/workspace/ycube/GlobusSatProject/..//hal/hcc/lib\libHCCD.a(fat_common.o)
                0x200256a4                fn_tell
 .text.fn_rewind
                0x20025840       0x38 C:/ISIS/workspace/ycube/GlobusSatProject/..//hal/hcc/lib\libHCCD.a(fat_common.o)
                0x20025840                fn_rewind
 .text.fn_putc  0x20025878       0x68 C:/ISIS/workspace/ycube/GlobusSatProject/..//hal/hcc/lib\libHCCD.a(fat_common.o)
                0x20025878                fn_putc
 .text.f_enterFS
                0x200258e0      0x1c0 C:/ISIS/workspace/ycube/GlobusSatProject/..//hal/hcc/lib\libHCCD.a(fat_common.o)
                0x200258e0                f_enterFS
 .text.f_releaseFS
                0x20025aa0       0xb0 C:/ISIS/workspace/ycube/GlobusSatProject/..//hal/hcc/lib\libHCCD.a(fat_common.o)
                0x20025aa0                f_releaseFS
 .text.fnGetTask
                0x20025b50       0xfc C:/ISIS/workspace/ycube/GlobusSatProject/..//hal/hcc/lib\libHCCD.a(fat_common.o)
                0x20025b50                fnGetTask
 .text._f_mutex_get
                0x20025c4c       0x98 C:/ISIS/workspace/ycube/GlobusSatProject/..//hal/hcc/lib\libHCCD.a(fat_common.o)
                0x20025c4c                _f_mutex_get
 .text._f_mutex_put
                0x20025ce4       0x54 C:/ISIS/workspace/ycube/GlobusSatProject/..//hal/hcc/lib\libHCCD.a(fat_common.o)
                0x20025ce4                _f_mutex_put
 .text._fn_initseekdivisor
                0x20025d38      0x158 C:/ISIS/workspace/ycube/GlobusSatProject/..//hal/hcc/lib\libHCCD.a(fat_common.o)
                0x20025d38                _fn_initseekdivisor
 .text._fn_updateseekpos
                0x20025e90       0xc4 C:/ISIS/workspace/ycube/GlobusSatProject/..//hal/hcc/lib\libHCCD.a(fat_common.o)
 .text._f_findopensize
                0x20025f54       0x2c C:/ISIS/workspace/ycube/GlobusSatProject/..//hal/hcc/lib\libHCCD.a(fat_common.o)
                0x20025f54                _f_findopensize
 .text.fn_setlasterror
                0x20025f80       0x34 C:/ISIS/workspace/ycube/GlobusSatProject/..//hal/hcc/lib\libHCCD.a(fat_common.o)
                0x20025f80                fn_setlasterror
 .text.fn_setlasterror_noret
                0x20025fb4       0x2c C:/ISIS/workspace/ycube/GlobusSatProject/..//hal/hcc/lib\libHCCD.a(fat_common.o)
                0x20025fb4                fn_setlasterror_noret
 .text._s_checkzeroclusteratend
                0x20025fe0       0xf8 C:/ISIS/workspace/ycube/GlobusSatProject/..//hal/hcc/lib\libHCCD.a(safefat.o)
 .text._s_clearclustercontent
                0x200260d8      0x108 C:/ISIS/workspace/ycube/GlobusSatProject/..//hal/hcc/lib\libHCCD.a(safefat.o)
 .text._s_clearclustercontentdir
                0x200261e0      0x19c C:/ISIS/workspace/ycube/GlobusSatProject/..//hal/hcc/lib\libHCCD.a(safefat.o)
 .text._s_writedirsector
                0x2002637c       0xd0 C:/ISIS/workspace/ycube/GlobusSatProject/..//hal/hcc/lib\libHCCD.a(safefat.o)
 .text._s_getdirsector
                0x2002644c      0x100 C:/ISIS/workspace/ycube/GlobusSatProject/..//hal/hcc/lib\libHCCD.a(safefat.o)
 .text._s_addentry
                0x2002654c      0x394 C:/ISIS/workspace/ycube/GlobusSatProject/..//hal/hcc/lib\libHCCD.a(safefat.o)
 .text._s_findfile
                0x200268e0      0x33c C:/ISIS/workspace/ycube/GlobusSatProject/..//hal/hcc/lib\libHCCD.a(safefat.o)
 .text._s_findsubdir
                0x20026c1c      0x248 C:/ISIS/workspace/ycube/GlobusSatProject/..//hal/hcc/lib\libHCCD.a(safefat.o)
 .text._s_createfile
                0x20026e64      0x190 C:/ISIS/workspace/ycube/GlobusSatProject/..//hal/hcc/lib\libHCCD.a(safefat.o)
 .text._s_findsaffile
                0x20026ff4      0x1b8 C:/ISIS/workspace/ycube/GlobusSatProject/..//hal/hcc/lib\libHCCD.a(safefat.o)
 .text._s_open  0x200271ac       0xe4 C:/ISIS/workspace/ycube/GlobusSatProject/..//hal/hcc/lib\libHCCD.a(safefat.o)
 .text._s_open_saf
                0x20027290       0xe8 C:/ISIS/workspace/ycube/GlobusSatProject/..//hal/hcc/lib\libHCCD.a(safefat.o)
 .text._s_flush
                0x20027378       0x84 C:/ISIS/workspace/ycube/GlobusSatProject/..//hal/hcc/lib\libHCCD.a(safefat.o)
 .text._s_allocnextcluster
                0x200273fc      0x13c C:/ISIS/workspace/ycube/GlobusSatProject/..//hal/hcc/lib\libHCCD.a(safefat.o)
 .text._s_getnextsector
                0x20027538       0xdc C:/ISIS/workspace/ycube/GlobusSatProject/..//hal/hcc/lib\libHCCD.a(safefat.o)
 .text._s_seek  0x20027614      0x1e8 C:/ISIS/workspace/ycube/GlobusSatProject/..//hal/hcc/lib\libHCCD.a(safefat.o)
 .text._s_get_len
                0x200277fc      0x10c C:/ISIS/workspace/ycube/GlobusSatProject/..//hal/hcc/lib\libHCCD.a(safefat.o)
 .text._s_set_len
                0x20027908       0xb4 C:/ISIS/workspace/ycube/GlobusSatProject/..//hal/hcc/lib\libHCCD.a(safefat.o)
 .text.safe_fix_filelengths
                0x200279bc       0xcc C:/ISIS/workspace/ycube/GlobusSatProject/..//hal/hcc/lib\libHCCD.a(safefat.o)
                0x200279bc                safe_fix_filelengths
 .text._s_read  0x20027a88      0x228 C:/ISIS/workspace/ycube/GlobusSatProject/..//hal/hcc/lib\libHCCD.a(safefat.o)
 .text._s_write
                0x20027cb0      0x384 C:/ISIS/workspace/ycube/GlobusSatProject/..//hal/hcc/lib\libHCCD.a(safefat.o)
 .text._s_restoreclusters
                0x20028034      0x270 C:/ISIS/workspace/ycube/GlobusSatProject/..//hal/hcc/lib\libHCCD.a(safefat.o)
                0x20028034                _s_restoreclusters
 .text._s_findrestore
                0x200282a4      0x18c C:/ISIS/workspace/ycube/GlobusSatProject/..//hal/hcc/lib\libHCCD.a(safefat.o)
 .text._s_cmd_writede
                0x20028430       0xd8 C:/ISIS/workspace/ycube/GlobusSatProject/..//hal/hcc/lib\libHCCD.a(safefat.o)
 .text._s_cmd_setcluster
                0x20028508       0x88 C:/ISIS/workspace/ycube/GlobusSatProject/..//hal/hcc/lib\libHCCD.a(safefat.o)
 .text._s_cmd_deletechain
                0x20028590      0x100 C:/ISIS/workspace/ycube/GlobusSatProject/..//hal/hcc/lib\libHCCD.a(safefat.o)
 .text._s_cmd_validatecfn
                0x20028690      0x308 C:/ISIS/workspace/ycube/GlobusSatProject/..//hal/hcc/lib\libHCCD.a(safefat.o)
 .text._s_cmd_seteof
                0x20028998      0x3c4 C:/ISIS/workspace/ycube/GlobusSatProject/..//hal/hcc/lib\libHCCD.a(safefat.o)
 .text.safe_docommands
                0x20028d5c      0x56c C:/ISIS/workspace/ycube/GlobusSatProject/..//hal/hcc/lib\libHCCD.a(safefat.o)
                0x20028d5c                safe_docommands
 .text.safe_entercommand
                0x200292c8       0x68 C:/ISIS/workspace/ycube/GlobusSatProject/..//hal/hcc/lib\libHCCD.a(safefat.o)
                0x200292c8                safe_entercommand
 .text.safe_ready
                0x20029330       0xf4 C:/ISIS/workspace/ycube/GlobusSatProject/..//hal/hcc/lib\libHCCD.a(safefat.o)
                0x20029330                safe_ready
 .text.safe_copycfn
                0x20029424       0xb8 C:/ISIS/workspace/ycube/GlobusSatProject/..//hal/hcc/lib\libHCCD.a(safefat.o)
                0x20029424                safe_copycfn
 .text.safe_cfremove
                0x200294dc       0xb8 C:/ISIS/workspace/ycube/GlobusSatProject/..//hal/hcc/lib\libHCCD.a(safefat.o)
                0x200294dc                safe_cfremove
 .text.safe_writede
                0x20029594      0x104 C:/ISIS/workspace/ycube/GlobusSatProject/..//hal/hcc/lib\libHCCD.a(safefat.o)
                0x20029594                safe_writede
 .text.safe_setcluster