Archive member included because of file (symbol)

C:/ISIS/workspace/ycube/GlobusSatProject/..//hal/hal/lib\libHALD.a(SPI.o)
                              ./src/InitSystem.o (SPI_start)
C:/ISIS/workspace/ycube/GlobusSatProject/..//hal/hal/lib\libHALD.a(I2C.o)
                              ./src/SubSystemModules/Payload/payload_drivers.o (I2C_write)
C:/ISIS/workspace/ycube/GlobusSatProject/..//hal/hal/lib\libHALD.a(ADC.o)
                              ./src/SubSystemModules/Housekepping/TelemetryCollector.o (ADC_ConvertRaw10bitToMillivolt)
C:/ISIS/workspace/ycube/GlobusSatProject/..//hal/hal/lib\libHALD.a(FRAM.o)
                              ./src/SubSystemModules/Communication/SubsystemCommands/Maintanence_Commands.o (FRAM_start)
C:/ISIS/workspace/ycube/GlobusSatProject/..//hal/hal/lib\libHALD.a(Time.o)
                              ./src/InitSystem.o (Time_start)
C:/ISIS/workspace/ycube/GlobusSatProject/..//hal/hal/lib\libHALD.a(WatchDogTimerNoOS.o)
                              ./src/main.o (WDT_start)
C:/ISIS/workspace/ycube/GlobusSatProject/..//hal/hal/lib\libHALD.a(RTT.o)
                              C:/ISIS/workspace/ycube/GlobusSatProject/..//hal/hal/lib\libHALD.a(Time.o) (RTT_start)
C:/ISIS/workspace/ycube/GlobusSatProject/..//hal/hal/lib\libHALD.a(RTC.o)
                              C:/ISIS/workspace/ycube/GlobusSatProject/..//hal/hal/lib\libHALD.a(Time.o) (RTC_getTime)
C:/ISIS/workspace/ycube/GlobusSatProject/..//hal/hal/lib\libHALD.a(WatchDogTimerOS.o)
                              ./src/TestingDemos/MainTest.o (WDT_startWatchdogKickTask)
C:/ISIS/workspace/ycube/GlobusSatProject/..//hal/hal/lib\libHALD.a(fprintf.o)
                              ./src/TLM_management.o (f_puts)
C:/ISIS/workspace/ycube/GlobusSatProject/..//hal/hal/lib\libHALD.a(util.o)
                              ./src/TestingDemos/CommandsTestingDemo.o (UTIL_DbguGetIntegerMinMax)
C:/ISIS/workspace/ycube/GlobusSatProject/..//hal/hal/lib\libHALD.a(LED.o)
                              C:/ISIS/workspace/ycube/GlobusSatProject/..//hal/hal/lib\libHALD.a(WatchDogTimerOS.o) (LED_toggle)
C:/ISIS/workspace/ycube/GlobusSatProject/..//hal/hcc/lib\libHCCD.a(fat_m.o)
                              ./src/TLM_management.o (fm_initvolume)
C:/ISIS/workspace/ycube/GlobusSatProject/..//hal/hcc/lib\libHCCD.a(fat.o)
                              C:/ISIS/workspace/ycube/GlobusSatProject/..//hal/hcc/lib\libHCCD.a(fat_m.o) (fn_getdcwd)
C:/ISIS/workspace/ycube/GlobusSatProject/..//hal/hcc/lib\libHCCD.a(fat_common.o)
                              C:/ISIS/workspace/ycube/GlobusSatProject/..//hal/hcc/lib\libHCCD.a(fat.o) (p_filesystem)
C:/ISIS/workspace/ycube/GlobusSatProject/..//hal/hcc/lib\libHCCD.a(safefat.o)
                              C:/ISIS/workspace/ycube/GlobusSatProject/..//hal/hcc/lib\libHCCD.a(fat.o) (s_subdir)
C:/ISIS/workspace/ycube/GlobusSatProject/..//hal/hcc/lib\libHCCD.a(atmel_mcipdc.o)
                              ./src/TLM_management.o (atmel_mcipdc_initfunc)
C:/ISIS/workspace/ycube/GlobusSatProject/..//hal/hcc/lib\libHCCD.a(oalp_task.o)
                              C:/ISIS/workspace/ycube/GlobusSatProject/..//hal/hcc/lib\libHCCD.a(fat_common.o) (oal_task_get_id)
C:/ISIS/workspace/ycube/GlobusSatProject/..//hal/hcc/lib\libHCCD.a(oalp_mutex.o)
                              C:/ISIS/workspace/ycube/GlobusSatProject/..//hal/hcc/lib\libHCCD.a(fat_common.o) (oal_mutex_create)
C:/ISIS/workspace/ycube/GlobusSatProject/..//hal/hcc/lib\libHCCD.a(atmel_mcipdc_hw.o)
                              C:/ISIS/workspace/ycube/GlobusSatProject/..//hal/hcc/lib\libHCCD.a(atmel_mcipdc.o) (mcipdc_hw_init)
C:/ISIS/workspace/ycube/GlobusSatProject/..//hal/hcc/lib\libHCCD.a(psp_rand.o)
                              C:/ISIS/workspace/ycube/GlobusSatProject/..//hal/hcc/lib\libHCCD.a(fat_common.o) (psp_getrand)
C:/ISIS/workspace/ycube/GlobusSatProject/..//hal/hcc/lib\libHCCD.a(psp_rtc.o)
                              C:/ISIS/workspace/ycube/GlobusSatProject/..//hal/hcc/lib\libHCCD.a(fat_common.o) (psp_getcurrenttimedate)
C:/ISIS/workspace/ycube/GlobusSatProject/..//hal/hcc/lib\libHCCD.a(hcc_mem.o)
                              C:/ISIS/workspace/ycube/GlobusSatProject/..//hal/hcc/lib\libHCCD.a(atmel_mcipdc.o) (hcc_mem_alloc)
C:/ISIS/workspace/ycube/GlobusSatProject/..//hal/hcc/lib\libHCCD.a(psp_hcc_mem.o)
                              C:/ISIS/workspace/ycube/GlobusSatProject/..//hal/hcc/lib\libHCCD.a(hcc_mem.o) (hcc_mem_buf_alloc)
C:/ISIS/workspace/ycube/GlobusSatProject/..//satellite-subsystems/satellite-subsystems/lib\libSatelliteSubsystemsD.a(IsisSolarPanelv2.o)
                              ./src/SubSystemModules/PowerManagment/EPS.o (IsisSolarPanelv2_initialize)
C:/ISIS/workspace/ycube/GlobusSatProject/..//satellite-subsystems/satellite-subsystems/lib\libSatelliteSubsystemsD.a(isis_ants.o)
                              ./src/SubSystemModules/Communication/TRXVU.o (ISIS_ANTS_Init)
[...]
Memory Configuration

Name             Origin             Length             Attributes
sram0            0x00200000         0x00004000         w !xr
sram1            0x00300000         0x00004000         w !xr
sdram            0x20000000         0x02000000         w !xr
*default*        0x00000000         0xffffffff

Linker script and memory map

LOAD c:/isis/application/toolchain/bin/../lib/gcc/arm-none-eabi/4.7.4/../../../../arm-none-eabi/lib\libc.a
LOAD ./src/TestingDemos/CommandsTestingDemo.o
LOAD ./src/TestingDemos/EpsTestingDemo.o
LOAD ./src/TestingDemos/FileSystemTestingDemo.o
LOAD ./src/TestingDemos/MainTest.o
LOAD ./src/TestingDemos/MaintenanceTestingDemo.o
LOAD ./src/TestingDemos/TelemetryTestingDemo.o
LOAD ./src/TestingDemos/TrxvuTestingDemo.o
LOAD ./src/SubSystemModules/PowerManagment/EPS.o
LOAD ./src/SubSystemModules/PowerManagment/EPSOperationModes.o
LOAD ./src/SubSystemModules/Payload/payload_drivers.o
LOAD ./src/SubSystemModules/Maintenance/Maintenance.o
LOAD ./src/SubSystemModules/Housekepping/NamesLogic.o
LOAD ./src/SubSystemModules/Housekepping/RAMTelemetry.o
LOAD ./src/SubSystemModules/Housekepping/TelemetryCollector.o
LOAD ./src/SubSystemModules/Communication/SubsystemCommands/EPS_Commands.o
LOAD ./src/SubSystemModules/Communication/SubsystemCommands/FS_Commands.o
LOAD ./src/SubSystemModules/Communication/SubsystemCommands/Maintanence_Commands.o
LOAD ./src/SubSystemModules/Communication/SubsystemCommands/TRXVU_Commands.o
LOAD ./src/SubSystemModules/Communication/AckHandler.o
LOAD ./src/SubSystemModules/Communication/CommandDictionary.o
LOAD ./src/SubSystemModules/Communication/HashSecuredCMD.o
LOAD ./src/SubSystemModules/Communication/SatCommandHandler.o
LOAD ./src/SubSystemModules/Communication/TRXVU.o
LOAD ./src/InitSystem.o
LOAD ./src/TLM_management.o
LOAD ./src/main.o
LOAD ./src/utils.o
LOAD C:/ISIS/workspace/ycube/GlobusSatProject/..//hal/hal/lib\libHALD.a
LOAD C:/ISIS/workspace/ycube/GlobusSatProject/..//hal/hcc/lib\libHCCD.a
LOAD C:/ISIS/workspace/ycube/GlobusSatProject/..//satellite-subsystems/satellite-subsystems/lib\libSatelliteSubsystemsD.a
LOAD C:/ISIS/workspace/ycube/GlobusSatProject/..//hal/freertos/lib\libFreeRTOSD.a
LOAD C:/ISIS/workspace/ycube/GlobusSatProject/..//hal/at91/lib\libAt91D.a
START GROUP
LOAD c:/isis/application/toolchain/bin/../lib/gcc/arm-none-eabi/4.7.4\libgcc.a
LOAD c:/isis/application/toolchain/bin/../lib/gcc/arm-none-eabi/4.7.4/../../../../arm-none-eabi/lib\libg.a
LOAD c:/isis/application/toolchain/bin/../lib/gcc/arm-none-eabi/4.7.4/../../../../arm-none-eabi/lib\libc.a
END GROUP

.fixed          0x20000000    0x4df48
                0x20000000                . = ALIGN (0x4)
                0x20000000                _sfixed = .
 *(.startup)
 .startup       0x20000000      0x184 C:/ISIS/workspace/ycube/GlobusSatProject/..//hal/at91/lib\libAt91D.a(board_cstartup.o)
                0x20000000                entry
 *(.text)
 .text          0x20000184       0x64 C:/ISIS/workspace/ycube/GlobusSatProject/..//hal/at91/lib\libAt91D.a(cp15_asm.o)
                0x20000184                _readControlRegister
                0x20000190                _writeControlRegister
                0x20000198                _waitForInterrupt
                0x200001a4                _writeTTB
                0x200001ac                _writeDomain
                0x200001b4                _writeITLBLockdown
                0x200001bc                _prefetchICacheLine
                0x200001c4                _flushDCache
                0x200001d0                _flushWriteBuffer
                0x200001dc                _invalidateIDTLBs
 .text          0x200001e8      0x114 c:/isis/application/toolchain/bin/../lib/gcc/arm-none-eabi/4.7.4\libgcc.a(_udivsi3.o)
                0x200001e8                __aeabi_uidiv
                0x200001e8                __udivsi3
                0x200002dc                __aeabi_uidivmod
 .text          0x200002fc      0x148 c:/isis/application/toolchain/bin/../lib/gcc/arm-none-eabi/4.7.4\libgcc.a(_divsi3.o)
                0x200002fc                __divsi3
                0x200002fc                __aeabi_idiv
                0x20000424                __aeabi_idivmod
 .text          0x20000444        0x4 c:/isis/application/toolchain/bin/../lib/gcc/arm-none-eabi/4.7.4\libgcc.a(_dvmd_tls.o)
                0x20000444                __aeabi_idiv0
                0x20000444                __aeabi_ldiv0
 .text          0x20000448      0x41c c:/isis/application/toolchain/bin/../lib/gcc/arm-none-eabi/4.7.4\libgcc.a(_arm_addsubdf3.o)
                0x20000448                __aeabi_drsub
                0x20000450                __aeabi_dsub
                0x20000450                __subdf3
                0x20000454                __aeabi_dadd
                0x20000454                __adddf3
                0x20000764                __floatunsidf
                0x20000764                __aeabi_ui2d
                0x20000788                __floatsidf
                0x20000788                __aeabi_i2d
                0x200007b0                __aeabi_f2d
                0x200007b0                __extendsfdf2
                0x200007f0                __floatundidf
                0x200007f0                __aeabi_ul2d
                0x20000804                __floatdidf
                0x20000804                __aeabi_l2d
 .text          0x20000864      0x49c c:/isis/application/toolchain/bin/../lib/gcc/arm-none-eabi/4.7.4\libgcc.a(_arm_muldivdf3.o)
                0x20000864                __aeabi_dmul
                0x20000864                __muldf3
                0x20000af4                __divdf3
                0x20000af4                __aeabi_ddiv
 .text          0x20000d00      0x2ac c:/isis/application/toolchain/bin/../lib/gcc/arm-none-eabi/4.7.4\libgcc.a(_arm_addsubsf3.o)
                0x20000d00                __aeabi_frsub
                0x20000d08                __subsf3
                0x20000d08                __aeabi_fsub
                0x20000d0c                __aeabi_fadd
                0x20000d0c                __addsf3
                0x20000ec8                __aeabi_ui2f
                0x20000ec8                __floatunsisf
                0x20000ed0                __aeabi_i2f
                0x20000ed0                __floatsisf
                0x20000ef0                __aeabi_ul2f
                0x20000ef0                __floatundisf
                0x20000f00                __aeabi_l2f
                0x20000f00                __floatdisf
 .text          0x20000fac      0x2f8 c:/isis/application/toolchain/bin/../lib/gcc/arm-none-eabi/4.7.4\libgcc.a(_arm_muldivsf3.o)
                0x20000fac                __mulsf3
                0x20000fac                __aeabi_fmul
                0x20001144                __aeabi_fdiv
                0x20001144                __divsf3
 .text          0x200012a4      0x114 c:/isis/application/toolchain/bin/../lib/gcc/arm-none-eabi/4.7.4\libgcc.a(_arm_cmpsf2.o)
                0x200012a4                __gesf2
                0x200012a4                __gtsf2
                0x200012ac                __lesf2
                0x200012ac                __ltsf2
                0x200012b4                __nesf2
                0x200012b4                __eqsf2
                0x200012b4                __cmpsf2
                0x20001318                __aeabi_cfrcmple
                0x20001328                __aeabi_cfcmpeq
                0x20001328                __aeabi_cfcmple
                0x20001340                __aeabi_fcmpeq
                0x20001358                __aeabi_fcmplt
                0x20001370                __aeabi_fcmple
                0x20001388                __aeabi_fcmpge
                0x200013a0                __aeabi_fcmpgt
 .text          0x200013b8       0x54 c:/isis/application/toolchain/bin/../lib/gcc/arm-none-eabi/4.7.4\libgcc.a(_arm_fixunssfsi.o)
                0x200013b8                __fixunssfsi
                0x200013b8                __aeabi_f2uiz
 .text          0x2000140c      0x144 c:/isis/application/toolchain/bin/../lib/gcc/arm-none-eabi/4.7.4\libgcc.a(_arm_cmpdf2.o)
                0x2000140c                __gtdf2
                0x2000140c                __gedf2
                0x20001414                __ltdf2
                0x20001414                __ledf2
                0x2000141c                __nedf2
                0x2000141c                __eqdf2
                0x2000141c                __cmpdf2
                0x200014a4                __aeabi_cdrcmple
                0x200014c0                __aeabi_cdcmpeq
                0x200014c0                __aeabi_cdcmple
                0x200014d8                __aeabi_dcmpeq
                0x200014f0                __aeabi_dcmplt
                0x20001508                __aeabi_dcmple
                0x20001520                __aeabi_dcmpge
                0x20001538                __aeabi_dcmpgt
 .text          0x20001550       0x5c c:/isis/application/toolchain/bin/../lib/gcc/arm-none-eabi/4.7.4\libgcc.a(_arm_fixdfsi.o)
                0x20001550                __aeabi_d2iz
                0x20001550                __fixdfsi
 .text          0x200015ac       0x3c c:/isis/application/toolchain/bin/../lib/gcc/arm-none-eabi/4.7.4\libgcc.a(_aeabi_uldivmod.o)
                0x200015ac                __aeabi_uldivmod
 .text          0x200015e8       0x84 c:/isis/application/toolchain/bin/../lib/gcc/arm-none-eabi/4.7.4\libgcc.a(bpabi.o)
                0x200015e8                __gnu_ldivmod_helper
                0x2000162c                __gnu_uldivmod_helper
 .text          0x2000166c      0x4f0 c:/isis/application/toolchain/bin/../lib/gcc/arm-none-eabi/4.7.4\libgcc.a(_divdi3.o)
                0x2000166c                __divdi3
 .text          0x20001b5c      0x488 c:/isis/application/toolchain/bin/../lib/gcc/arm-none-eabi/4.7.4\libgcc.a(_udivdi3.o)
                0x20001b5c                __udivdi3
 .text          0x20001fe4       0x48 c:/isis/application/toolchain/bin/../lib/gcc/arm-none-eabi/4.7.4\libgcc.a(_clzsi2.o)
                0x20001fe4                __clzsi2
 *(.text*)
 .text.GetBatteryVoltage
                0x2000202c       0x78 ./src/SubSystemModules/PowerManagment/EPS.o
                0x2000202c                GetBatteryVoltage
 .text.EPS_Init
                0x200020a4      0x13c ./src/SubSystemModules/PowerManagment/EPS.o
                0x200020a4                EPS_Init
 .text.EPS_Conditioning
                0x200021e0      0x1cc ./src/SubSystemModules/PowerManagment/EPS.o
                0x200021e0                EPS_Conditioning
 .text.UpdateAlpha
                0x200023ac       0xd8 ./src/SubSystemModules/PowerManagment/EPS.o
                0x200023ac                UpdateAlpha
 .text.GetThresholdVoltages
                0x20002484       0x80 ./src/SubSystemModules/PowerManagment/EPS.o
                0x20002484                GetThresholdVoltages
 .text.GetAlpha
                0x20002504       0x7c ./src/SubSystemModules/PowerManagment/EPS.o
                0x20002504                GetAlpha
 .text.CMDGetHeaterValues
                0x20002580      0x1f8 ./src/SubSystemModules/PowerManagment/EPS.o
                0x20002580                CMDGetHeaterValues
 .text.CMDSetHeaterValues
                0x20002778      0x204 ./src/SubSystemModules/PowerManagment/EPS.o
                0x20002778                CMDSetHeaterValues
 .text.EnterFullMode
                0x2000297c       0x38 ./src/SubSystemModules/PowerManagment/EPSOperationModes.o
                0x2000297c                EnterFullMode
 .text.EnterCruiseMode
                0x200029b4       0x34 ./src/SubSystemModules/PowerManagment/EPSOperationModes.o
                0x200029b4                EnterCruiseMode
 .text.EnterSafeMode
                0x200029e8       0x3c ./src/SubSystemModules/PowerManagment/EPSOperationModes.o
                0x200029e8                EnterSafeMode
 .text.EnterCriticalMode
                0x20002a24       0x3c ./src/SubSystemModules/PowerManagment/EPSOperationModes.o
                0x20002a24                EnterCriticalMode
 .text.PayloadOperations
                0x20002a60      0x1a4 ./src/SubSystemModules/PowerManagment/EPSOperationModes.o
                0x20002a60                PayloadOperations
 .text.Payload_Safety
                0x20002c04       0xc8 ./src/SubSystemModules/PowerManagment/EPSOperationModes.o
                0x20002c04                Payload_Safety
 .text.Payload_Safety_IN_Maintenance
                0x20002ccc       0x60 ./src/SubSystemModules/PowerManagment/EPSOperationModes.o
                0x20002ccc                Payload_Safety_IN_Maintenance
 .text.DoesPayloadChannelOn
                0x20002d2c       0xa4 ./src/SubSystemModules/PowerManagment/EPSOperationModes.o
                0x20002d2c                DoesPayloadChannelOn
 .text.EpsGetLowVoltageFlag
                0x20002dd0       0x24 ./src/SubSystemModules/PowerManagment/EPSOperationModes.o
                0x20002dd0                EpsGetLowVoltageFlag
 .text.EpsSetLowVoltageFlag
                0x20002df4       0x2c ./src/SubSystemModules/PowerManagment/EPSOperationModes.o
                0x20002df4                EpsSetLowVoltageFlag
 .text.payloadRead
                0x20002e20       0xbc ./src/SubSystemModules/Payload/payload_drivers.o
                0x20002e20                payloadRead
 .text.payloadSendCommand
                0x20002edc       0x70 ./src/SubSystemModules/Payload/payload_drivers.o
                0x20002edc                payloadSendCommand
 .text.payloadReadEnvironment
                0x20002f4c      0x2d0 ./src/SubSystemModules/Payload/payload_drivers.o
                0x20002f4c                payloadReadEnvironment
 .text.payloadReadEvents
                0x2000321c      0x1e8 ./src/SubSystemModules/Payload/payload_drivers.o
                0x2000321c                payloadReadEvents
 .text.CheckExecutionTime
                0x20003404       0x80 ./src/SubSystemModules/Maintenance/Maintenance.o
                0x20003404                CheckExecutionTime
 .text.SaveSatTimeInFRAM
                0x20003484       0x44 ./src/SubSystemModules/Maintenance/Maintenance.o
                0x20003484                SaveSatTimeInFRAM
 .text.WakeupFromResetCMD
                0x200034c8      0x120 ./src/SubSystemModules/Maintenance/Maintenance.o
                0x200034c8                WakeupFromResetCMD
 .text.ResetGroundCommWDT
                0x200035e8       0x1c ./src/SubSystemModules/Maintenance/Maintenance.o
                0x200035e8                ResetGroundCommWDT
 .text.IsGroundCommunicationWDTKick
                0x20003604       0x78 ./src/SubSystemModules/Maintenance/Maintenance.o
                0x20003604                IsGroundCommunicationWDTKick
 .text.GetGsWdtKickTime
                0x2000367c       0x38 ./src/SubSystemModules/Maintenance/Maintenance.o
                0x2000367c                GetGsWdtKickTime
 .text.findMinMaxDate
                0x200036b4       0xdc ./src/SubSystemModules/Maintenance/Maintenance.o
                0x200036b4                findMinMaxDate
 .text.DeleteOldFiels
                0x20003790       0xf0 ./src/SubSystemModules/Maintenance/Maintenance.o
                0x20003790                DeleteOldFiels
 .text.CheckDeployAnt
                0x20003880       0x84 ./src/SubSystemModules/Maintenance/Maintenance.o
                0x20003880                CheckDeployAnt
 .text.HardResetMCU
                0x20003904       0x3c ./src/SubSystemModules/Maintenance/Maintenance.o
                0x20003904                HardResetMCU
 .text.Maintenance
                0x20003940       0xcc ./src/SubSystemModules/Maintenance/Maintenance.o
                0x20003940                Maintenance
 .text.GetRandomName
                0x20003a0c       0x7c ./src/SubSystemModules/Housekepping/NamesLogic.o
                0x20003a0c                GetRandomName
 .text.ResetRamTlm
                0x20003a88       0xd0 ./src/SubSystemModules/Housekepping/RAMTelemetry.o
                0x20003a88                ResetRamTlm
 .text.inc      0x20003b58       0x4c ./src/SubSystemModules/Housekepping/RAMTelemetry.o
                0x20003b58                inc
 .text.dec      0x20003ba4       0x48 ./src/SubSystemModules/Housekepping/RAMTelemetry.o
                0x20003ba4                dec
 .text.saveTlmToRam
                0x20003bec      0x274 ./src/SubSystemModules/Housekepping/RAMTelemetry.o
                0x20003bec                saveTlmToRam
 .text.getTlm   0x20003e60      0x350 ./src/SubSystemModules/Housekepping/RAMTelemetry.o
                0x20003e60                getTlm
 .text.getRange
                0x200041b0      0x1dc ./src/SubSystemModules/Housekepping/RAMTelemetry.o
                0x200041b0                getRange
 .text.InitSavePeriodTimes
                0x2000438c       0xa4 ./src/SubSystemModules/Housekepping/TelemetryCollector.o
                0x2000438c                InitSavePeriodTimes
 .text.CMD_GetTLMPeriodTimes
                0x20004430       0x38 ./src/SubSystemModules/Housekepping/TelemetryCollector.o
                0x20004430                CMD_GetTLMPeriodTimes
 .text.CMD_SetTLMPeriodTimes
                0x20004468      0x1dc ./src/SubSystemModules/Housekepping/TelemetryCollector.o
                0x20004468                CMD_SetTLMPeriodTimes
 .text.TelemetryCollectorLogic
                0x20004644      0x268 ./src/SubSystemModules/Housekepping/TelemetryCollector.o
                0x20004644                TelemetryCollectorLogic
 .text.TelemetrySaveEPS
                0x200048ac       0x54 ./src/SubSystemModules/Housekepping/TelemetryCollector.o
                0x200048ac                TelemetrySaveEPS
 .text.TelemetrySaveTRXVU
                0x20004900       0x94 ./src/SubSystemModules/Housekepping/TelemetryCollector.o
                0x20004900                TelemetrySaveTRXVU
 .text.TelemetrySaveANT
                0x20004994       0x5c ./src/SubSystemModules/Housekepping/TelemetryCollector.o
                0x20004994                TelemetrySaveANT
 .text.TelemetrySaveWOD
                0x200049f0       0x5c ./src/SubSystemModules/Housekepping/TelemetryCollector.o
                0x200049f0                TelemetrySaveWOD
 .text.TelemetrySaveRADFET
                0x20004a4c       0xd4 ./src/SubSystemModules/Housekepping/TelemetryCollector.o
                0x20004a4c                TelemetrySaveRADFET
 .text.TelemetrySavePayloadEvents
                0x20004b20       0xf0 ./src/SubSystemModules/Housekepping/TelemetryCollector.o
                0x20004b20                TelemetrySavePayloadEvents
 .text.GetCurrentWODTelemetry
                0x20004c10      0x808 ./src/SubSystemModules/Housekepping/TelemetryCollector.o
                0x20004c10                GetCurrentWODTelemetry
 .text.CMD_EPS_ResetWDT
                0x20005418       0x58 ./src/SubSystemModules/Communication/SubsystemCommands/EPS_Commands.o
                0x20005418                CMD_EPS_ResetWDT
 .text.CMD_Change_Payload_State_INFRAM
                0x20005470       0x8c ./src/SubSystemModules/Communication/SubsystemCommands/EPS_Commands.o
                0x20005470                CMD_Change_Payload_State_INFRAM
 .text.CMD_Payload_Operations
                0x200054fc       0xa8 ./src/SubSystemModules/Communication/SubsystemCommands/EPS_Commands.o
                0x200054fc                CMD_Payload_Operations
 .text.CMD_DeleteTLM
                0x200055a4      0x1a0 ./src/SubSystemModules/Communication/SubsystemCommands/FS_Commands.o
                0x200055a4                CMD_DeleteTLM
 .text.CMD_DeleteAllFiles
                0x20005744       0x38 ./src/SubSystemModules/Communication/SubsystemCommands/FS_Commands.o
                0x20005744                CMD_DeleteAllFiles
 .text.CMD_GetLastFS_Error
                0x2000577c       0x4c ./src/SubSystemModules/Communication/SubsystemCommands/FS_Commands.o
                0x2000577c                CMD_GetLastFS_Error
 .text.CMD_Get_TLM_Info
                0x200057c8      0x1ac ./src/SubSystemModules/Communication/SubsystemCommands/FS_Commands.o
                0x200057c8                CMD_Get_TLM_Info
 .text.CMD_Switch_SD_Card
                0x20005974       0xcc ./src/SubSystemModules/Communication/SubsystemCommands/FS_Commands.o
                0x20005974                CMD_Switch_SD_Card
 .text.CMD_Format_SD_Card
                0x20005a40       0xa4 ./src/SubSystemModules/Communication/SubsystemCommands/FS_Commands.o
                0x20005a40                CMD_Format_SD_Card
 .text.CMD_GenericI2C
                0x20005ae4      0x144 ./src/SubSystemModules/Communication/SubsystemCommands/Maintanence_Commands.o
                0x20005ae4                CMD_GenericI2C
 .text.CMD_FRAM_ReadAndTransmitt
                0x20005c28       0xe8 ./src/SubSystemModules/Communication/SubsystemCommands/Maintanence_Commands.o
                0x20005c28                CMD_FRAM_ReadAndTransmitt
 .text.CMD_FRAM_WriteAndTransmitt
                0x20005d10       0xfc ./src/SubSystemModules/Communication/SubsystemCommands/Maintanence_Commands.o
                0x20005d10                CMD_FRAM_WriteAndTransmitt
 .text.CMD_FRAM_ReStart
                0x20005e0c       0x4c ./src/SubSystemModules/Communication/SubsystemCommands/Maintanence_Commands.o
                0x20005e0c                CMD_FRAM_ReStart
 .text.CMD_UpdateSatTime
                0x20005e58       0xa4 ./src/SubSystemModules/Communication/SubsystemCommands/Maintanence_Commands.o
                0x20005e58                CMD_UpdateSatTime
 .text.CMD_GetDevInfo
                0x20005efc       0x5c ./src/SubSystemModules/Communication/SubsystemCommands/Maintanence_Commands.o
                0x20005efc                CMD_GetDevInfo
 .text.CMD_GetSatUptime
                0x20005f58       0x48 ./src/SubSystemModules/Communication/SubsystemCommands/Maintanence_Commands.o
                0x20005f58                CMD_GetSatUptime
 .text.CMD_ResetComponent
                0x20005fa0      0x274 ./src/SubSystemModules/Communication/SubsystemCommands/Maintanence_Commands.o
                0x20005fa0                CMD_ResetComponent
 .text.DumpTask
                0x20006214      0x310 ./src/SubSystemModules/Communication/SubsystemCommands/TRXVU_Commands.o
                0x20006214                DumpTask
 .text.DumpRamTask
                0x20006524      0x104 ./src/SubSystemModules/Communication/SubsystemCommands/TRXVU_Commands.o
                0x20006524                DumpRamTask
 .text.CMD_AntennaDeploy
                0x20006628       0x5c ./src/SubSystemModules/Communication/SubsystemCommands/TRXVU_Commands.o
                0x20006628                CMD_AntennaDeploy
 .text.CMD_StartDump
                0x20006684      0x200 ./src/SubSystemModules/Communication/SubsystemCommands/TRXVU_Commands.o
                0x20006684                CMD_StartDump
 .text.CMD_SendDumpAbortRequest
                0x20006884       0x38 ./src/SubSystemModules/Communication/SubsystemCommands/TRXVU_Commands.o
                0x20006884                CMD_SendDumpAbortRequest
 .text.CMD_SetTransponder
                0x200068bc      0x110 ./src/SubSystemModules/Communication/SubsystemCommands/TRXVU_Commands.o
                0x200068bc                CMD_SetTransponder
 .text.CMD_SetRSSITransponder
                0x200069cc       0x90 ./src/SubSystemModules/Communication/SubsystemCommands/TRXVU_Commands.o
                0x200069cc                CMD_SetRSSITransponder
 .text.CMD_MuteTRXVU
                0x20006a5c       0xc4 ./src/SubSystemModules/Communication/SubsystemCommands/TRXVU_Commands.o
                0x20006a5c                CMD_MuteTRXVU
 .text.CMD_SetIdleState
                0x20006b20       0x94 ./src/SubSystemModules/Communication/SubsystemCommands/TRXVU_Commands.o
                0x20006b20                CMD_SetIdleState
 .text.CMD_UnMuteTRXVU
                0x20006bb4       0x38 ./src/SubSystemModules/Communication/SubsystemCommands/TRXVU_Commands.o
                0x20006bb4                CMD_UnMuteTRXVU
 .text.CMD_GetBaudRate
                0x20006bec       0x6c ./src/SubSystemModules/Communication/SubsystemCommands/TRXVU_Commands.o
                0x20006bec                CMD_GetBaudRate
 .text.CMD_TrasmitBeacon
                0x20006c58       0x48 ./src/SubSystemModules/Communication/SubsystemCommands/TRXVU_Commands.o
                0x20006c58                CMD_TrasmitBeacon
 .text.CMD_GetBeaconInterval
                0x20006ca0       0x6c ./src/SubSystemModules/Communication/SubsystemCommands/TRXVU_Commands.o
                0x20006ca0                CMD_GetBeaconInterval
 .text.CMD_SetBaudRate
                0x20006d0c       0x64 ./src/SubSystemModules/Communication/SubsystemCommands/TRXVU_Commands.o
                0x20006d0c                CMD_SetBaudRate
 .text.CMD_GetTxUptime
                0x20006d70       0x68 ./src/SubSystemModules/Communication/SubsystemCommands/TRXVU_Commands.o
                0x20006d70                CMD_GetTxUptime
 .text.CMD_GetRxUptime
                0x20006dd8       0x68 ./src/SubSystemModules/Communication/SubsystemCommands/TRXVU_Commands.o
                0x20006dd8                CMD_GetRxUptime
 .text.CMD_GetNumOfOnlineCommands
                0x20006e40       0x68 ./src/SubSystemModules/Communication/SubsystemCommands/TRXVU_Commands.o
                0x20006e40                CMD_GetNumOfOnlineCommands
 .text.CMD_SecurePing
                0x20006ea8       0x6c ./src/SubSystemModules/Communication/SubsystemCommands/TRXVU_Commands.o
                0x20006ea8                CMD_SecurePing
 .text.CMD_AntSetArmStatus
                0x20006f14       0x3c ./src/SubSystemModules/Communication/SubsystemCommands/TRXVU_Commands.o
                0x20006f14                CMD_AntSetArmStatus
 .text.CMD_AntGetArmStatus
                0x20006f50       0x60 ./src/SubSystemModules/Communication/SubsystemCommands/TRXVU_Commands.o
                0x20006f50                CMD_AntGetArmStatus
 .text.CMD_AntGetUptime
                0x20006fb0       0x68 ./src/SubSystemModules/Communication/SubsystemCommands/TRXVU_Commands.o
                0x20006fb0                CMD_AntGetUptime
 .text.CMD_StopReDeployment
                0x20007018       0x84 ./src/SubSystemModules/Communication/SubsystemCommands/TRXVU_Commands.o
                0x20007018                CMD_StopReDeployment
 .text.CMD_AntCancelDeployment
                0x2000709c       0x68 ./src/SubSystemModules/Communication/SubsystemCommands/TRXVU_Commands.o
                0x2000709c                CMD_AntCancelDeployment
 .text.CMD_DumpRamTLM
                0x20007104      0x180 ./src/SubSystemModules/Communication/SubsystemCommands/TRXVU_Commands.o
                0x20007104                CMD_DumpRamTLM
 .text.SendAckPacket
                0x20007284       0xfc ./src/SubSystemModules/Communication/AckHandler.o
                0x20007284                SendAckPacket
 .text.trxvu_command_router
                0x20007380      0x564 ./src/SubSystemModules/Communication/CommandDictionary.o
                0x20007380                trxvu_command_router
 .text.eps_command_router
                0x200078e4      0x10c ./src/SubSystemModules/Communication/CommandDictionary.o
                0x200078e4                eps_command_router
 .text.telemetry_command_router
                0x200079f0      0x23c ./src/SubSystemModules/Communication/CommandDictionary.o
                0x200079f0                telemetry_command_router
 .text.managment_command_router
                0x20007c2c      0x144 ./src/SubSystemModules/Communication/CommandDictionary.o
                0x20007c2c                managment_command_router
 .text.filesystem_command_router
                0x20007d70       0x24 ./src/SubSystemModules/Communication/CommandDictionary.o
                0x20007d70                filesystem_command_router
 .text.sha256_transform
                0x20007d94      0x4b8 ./src/SubSystemModules/Communication/HashSecuredCMD.o
                0x20007d94                sha256_transform
 .text.sha256_init
                0x2000824c       0xb8 ./src/SubSystemModules/Communication/HashSecuredCMD.o
                0x2000824c                sha256_init
 .text.sha256_update
                0x20008304       0xc8 ./src/SubSystemModules/Communication/HashSecuredCMD.o
                0x20008304                sha256_update
 .text.sha256_final
                0x200083cc      0x470 ./src/SubSystemModules/Communication/HashSecuredCMD.o
                0x200083cc                sha256_final
 .text.ParseDataToCommand
                0x2000883c      0x1ac ./src/SubSystemModules/Communication/SatCommandHandler.o
                0x2000883c                ParseDataToCommand
 .text.AssembleCommand
                0x200089e8      0x148 ./src/SubSystemModules/Communication/SatCommandHandler.o
                0x200089e8                AssembleCommand
 .text.ActUponCommand
                0x20008b30      0x108 ./src/SubSystemModules/Communication/SatCommandHandler.o
                0x20008b30                ActUponCommand
 .text.setMuteEndTime
                0x20008c38       0x40 ./src/SubSystemModules/Communication/TRXVU.o
                0x20008c38                setMuteEndTime
 .text.getMuteEndTime
                0x20008c78       0x44 ./src/SubSystemModules/Communication/TRXVU.o
                0x20008c78                getMuteEndTime
 .text.setTransponderEndTime
                0x20008cbc       0x40 ./src/SubSystemModules/Communication/TRXVU.o
                0x20008cbc                setTransponderEndTime
 .text.getTransponderEndTime
                0x20008cfc       0x44 ./src/SubSystemModules/Communication/TRXVU.o
                0x20008cfc                getTransponderEndTime
 .text.setTransponderRSSIinFRAM
                0x20008d40       0x44 ./src/SubSystemModules/Communication/TRXVU.o
                0x20008d40                setTransponderRSSIinFRAM
 .text.getTransponderRSSIFromFRAM
                0x20008d84       0x4c ./src/SubSystemModules/Communication/TRXVU.o
                0x20008d84                getTransponderRSSIFromFRAM
 .text.InitTxModule
                0x20008dd0       0x68 ./src/SubSystemModules/Communication/TRXVU.o
                0x20008dd0                InitTxModule
 .text.CMD_SetBeaconInterval
                0x20008e38       0xdc ./src/SubSystemModules/Communication/TRXVU.o
                0x20008e38                CMD_SetBeaconInterval
 .text.InitBeaconParams
                0x20008f14       0x3c ./src/SubSystemModules/Communication/TRXVU.o
                0x20008f14                InitBeaconParams
 .text.InitSemaphores
                0x20008f50       0x98 ./src/SubSystemModules/Communication/TRXVU.o
                0x20008f50                InitSemaphores
 .text.InitTrxvu
                0x20008fe8      0x12c ./src/SubSystemModules/Communication/TRXVU.o
                0x20008fe8                InitTrxvu
 .text.checkIdleFinish
                0x20009114       0x68 ./src/SubSystemModules/Communication/TRXVU.o
                0x20009114                checkIdleFinish
 .text.checkTransponderFinish
                0x2000917c       0x50 ./src/SubSystemModules/Communication/TRXVU.o
                0x2000917c                checkTransponderFinish
 .text.checkTransponderStart
                0x200091cc       0x50 ./src/SubSystemModules/Communication/TRXVU.o
                0x200091cc                checkTransponderStart
 .text.turnOnTransponder
                0x2000921c       0xa0 ./src/SubSystemModules/Communication/TRXVU.o
                0x2000921c                turnOnTransponder
 .text.turnOffTransponder
                0x200092bc       0x90 ./src/SubSystemModules/Communication/TRXVU.o
                0x200092bc                turnOffTransponder
 .text.SetRSSITransponder
                0x2000934c       0x80 ./src/SubSystemModules/Communication/TRXVU.o
                0x2000934c                SetRSSITransponder
 .text.TRX_Logic
                0x200093cc       0xe4 ./src/SubSystemModules/Communication/TRXVU.o
                0x200093cc                TRX_Logic
 .text.GetNumberOfFramesInBuffer
                0x200094b0       0x94 ./src/SubSystemModules/Communication/TRXVU.o
                0x200094b0                GetNumberOfFramesInBuffer
 .text.GetOnlineCommand
                0x20009544      0x1d0 ./src/SubSystemModules/Communication/TRXVU.o
                0x20009544                GetOnlineCommand
 .text.CheckTransmitionAllowed
                0x20009714       0xc0 ./src/SubSystemModules/Communication/TRXVU.o
                0x20009714                CheckTransmitionAllowed
 .text.FinishDump
                0x200097d4       0xf0 ./src/SubSystemModules/Communication/TRXVU.o
                0x200097d4                FinishDump
 .text.SendDumpAbortRequest
                0x200098c4       0x6c ./src/SubSystemModules/Communication/TRXVU.o
                0x200098c4                SendDumpAbortRequest
 .text.CheckDumpAbort
                0x20009930       0x6c ./src/SubSystemModules/Communication/TRXVU.o
                0x20009930                CheckDumpAbort
 .text.BeaconLogic
                0x2000999c      0x19c ./src/SubSystemModules/Communication/TRXVU.o
                0x2000999c                BeaconLogic
 .text.SetIdleState
                0x20009b38      0x144 ./src/SubSystemModules/Communication/TRXVU.o
                0x20009b38                SetIdleState
 .text.muteTRXVU
                0x20009c7c       0x74 ./src/SubSystemModules/Communication/TRXVU.o
                0x20009c7c                muteTRXVU
 .text.UnMuteTRXVU
                0x20009cf0       0x14 ./src/SubSystemModules/Communication/TRXVU.o
                0x20009cf0                UnMuteTRXVU
 .text.TransmitDataAsSPL_Packet
                0x20009d04      0x12c ./src/SubSystemModules/Communication/TRXVU.o
                0x20009d04                TransmitDataAsSPL_Packet
 .text.Hash256  0x20009e30       0x7c ./src/SubSystemModules/Communication/TRXVU.o
                0x20009e30                Hash256
 .text.CMD_Hash256
                0x20009eac      0x238 ./src/SubSystemModules/Communication/TRXVU.o
                0x20009eac                CMD_Hash256
 .text.TransmitSplPacket
                0x2000a0e4      0x124 ./src/SubSystemModules/Communication/TRXVU.o
                0x2000a0e4                TransmitSplPacket
 .text.ChangeTrxvuConfigValues
                0x2000a208       0xf0 ./src/SubSystemModules/Communication/TRXVU.o
                0x2000a208                ChangeTrxvuConfigValues
 .text.isFirstActivation
                0x2000a2f8       0x38 ./src/InitSystem.o
                0x2000a2f8                isFirstActivation
 .text.WriteDefaultValuesToFRAM
                0x2000a330      0x2cc ./src/InitSystem.o
                0x2000a330                WriteDefaultValuesToFRAM
 .text.StartFRAM
                0x2000a5fc       0x64 ./src/InitSystem.o
                0x2000a5fc                StartFRAM
 .text.StartI2C
                0x2000a660       0x38 ./src/InitSystem.o
                0x2000a660                StartI2C
 .text.StartSPI
                0x2000a698       0x34 ./src/InitSystem.o
                0x2000a698                StartSPI
 .text.StartTIME
                0x2000a6cc       0xbc ./src/InitSystem.o
                0x2000a6cc                StartTIME
 .text.DeploySystem
                0x2000a788      0x1b4 ./src/InitSystem.o
                0x2000a788                DeploySystem
 .text.InitSubsystems
                0x2000a93c       0x64 ./src/InitSystem.o
                0x2000a93c                InitSubsystems
 .text.CMD_getInfoImage
                0x2000a9a0      0x158 ./src/TLM_management.o
                0x2000a9a0                CMD_getInfoImage
 .text.CMD_getDataImage
                0x2000aaf8      0x218 ./src/TLM_management.o
                0x2000aaf8                CMD_getDataImage
 .text.delete_allTMFilesFromSD
                0x2000ad10       0x8c ./src/TLM_management.o
                0x2000ad10                delete_allTMFilesFromSD
 .text.deleteTLMFiles
                0x2000ad9c       0x94 ./src/TLM_management.o
                0x2000ad9c                deleteTLMFiles
 .text.deleteTLMFile
                0x2000ae30       0xcc ./src/TLM_management.o
                0x2000ae30                deleteTLMFile
 .text.deleteTLMbyMonth
                0x2000aefc       0xac ./src/TLM_management.o
                0x2000aefc                deleteTLMbyMonth
 .text.deleteDirectory
                0x2000afa8      0x158 ./src/TLM_management.o
                0x2000afa8                deleteDirectory
 .text.InitializeFS
                0x2000b100       0xec ./src/TLM_management.o
                0x2000b100                InitializeFS
 .text.calculateFileName
                0x2000b1ec      0x130 ./src/TLM_management.o
                0x2000b1ec                calculateFileName
 .text.getTlmTypeInfo
                0x2000b31c      0x264 ./src/TLM_management.o
                0x2000b31c                getTlmTypeInfo
 .text.write2File
                0x2000b580      0x1dc ./src/TLM_management.o
                0x2000b580                write2File
 .text.printTLM
                0x2000b75c       0x24 ./src/TLM_management.o
                0x2000b75c                printTLM
 .text.readTLMFile
                0x2000b780      0x328 ./src/TLM_management.o
                0x2000b780                readTLMFile
 .text.readTLMFiles
                0x2000baa8       0xdc ./src/TLM_management.o
                0x2000baa8                readTLMFiles
 .text.readTLMFileTimeRange
                0x2000bb84      0x2f0 ./src/TLM_management.o
                0x2000bb84                readTLMFileTimeRange
 .text.DeInitializeFS
                0x2000be74       0x38 ./src/TLM_management.o
                0x2000be74                DeInitializeFS
 .text.taskMain
                0x2000beac       0x90 ./src/main.o
                0x2000beac                taskMain
 .text.main     0x2000bf3c       0x98 ./src/main.o
                0x2000bf3c                main
 .text.timeU2time
                0x2000bfd4       0xbc ./src/utils.o
                0x2000bfd4                timeU2time
 .text.logError
                0x2000c090      0x148 ./src/utils.o
                0x2000c090                logError
 .text.clearPDCtransfers
                0x2000c1d8       0xe8 C:/ISIS/workspace/ycube/GlobusSatProject/..//hal/hal/lib\libHALD.a(SPI.o)
 .text.SPI_start
                0x2000c2c0      0x4b0 C:/ISIS/workspace/ycube/GlobusSatProject/..//hal/hal/lib\libHALD.a(SPI.o)
                0x2000c2c0                SPI_start
 .text.SPI_stop
                0x2000c770      0x244 C:/ISIS/workspace/ycube/GlobusSatProject/..//hal/hal/lib\libHALD.a(SPI.o)
                0x2000c770                SPI_stop
 .text.SPI_queueTransfer
                0x2000c9b4      0x1cc C:/ISIS/workspace/ycube/GlobusSatProject/..//hal/hal/lib\libHALD.a(SPI.o)
                0x2000c9b4                SPI_queueTransfer
 .text.SPI_internalCallback
                0x2000cb80       0x64 C:/ISIS/workspace/ycube/GlobusSatProject/..//hal/hal/lib\libHALD.a(SPI.o)
 .text.SPI_writeRead
                0x2000cbe4      0x1c0 C:/ISIS/workspace/ycube/GlobusSatProject/..//hal/hal/lib\libHALD.a(SPI.o)
                0x2000cbe4                SPI_writeRead
 .text.waitForTransfer
                0x2000cda4       0x78 C:/ISIS/workspace/ycube/GlobusSatProject/..//hal/hal/lib\libHALD.a(SPI.o)
 .text.SPI_getDriverState
                0x2000ce1c       0x58 C:/ISIS/workspace/ycube/GlobusSatProject/..//hal/hal/lib\libHALD.a(SPI.o)
                0x2000ce1c                SPI_getDriverState
 .text.validateTransferParameters
                0x2000ce74      0x10c C:/ISIS/workspace/ycube/GlobusSatProject/..//hal/hal/lib\libHALD.a(I2C.o)
 .text.I2C_queueTransfer
                0x2000cf80       0xfc C:/ISIS/workspace/ycube/GlobusSatProject/..//hal/hal/lib\libHALD.a(I2C.o)
                0x2000cf80                I2C_queueTransfer
 .text.I2C_internalCallback
                0x2000d07c       0x64 C:/ISIS/workspace/ycube/GlobusSatProject/..//hal/hal/lib\libHALD.a(I2C.o)
 .text.I2C_doBlockingTransfer
                0x2000d0e0      0x180 C:/ISIS/workspace/ycube/GlobusSatProject/..//hal/hal/lib\libHALD.a(I2C.o)
 .text.I2C_write
                0x2000d260      0x110 C:/ISIS/workspace/ycube/GlobusSatProject/..//hal/hal/lib\libHALD.a(I2C.o)
                0x2000d260                I2C_write
 .text.I2C_read
                0x2000d370      0x110 C:/ISIS/workspace/ycube/GlobusSatProject/..//hal/hal/lib\libHALD.a(I2C.o)
                0x2000d370                I2C_read
 .text.I2C_writeRead
                0x2000d480      0x17c C:/ISIS/workspace/ycube/GlobusSatProject/..//hal/hal/lib\libHALD.a(I2C.o)
                0x2000d480                I2C_writeRead
 .text.I2C_start
                0x2000d5fc      0x2e8 C:/ISIS/workspace/ycube/GlobusSatProject/..//hal/hal/lib\libHALD.a(I2C.o)
                0x2000d5fc                I2C_start
 .text.I2C_stop
                0x2000d8e4      0x184 C:/ISIS/workspace/ycube/GlobusSatProject/..//hal/hal/lib\libHALD.a(I2C.o)
                0x2000d8e4                I2C_stop
 .text.I2C_setTransferTimeout
                0x2000da68       0x48 C:/ISIS/workspace/ycube/GlobusSatProject/..//hal/hal/lib\libHALD.a(I2C.o)
                0x2000da68                I2C_setTransferTimeout
 .text.ADC_ConvertRaw10bitToMillivolt
                0x2000dab0       0x50 C:/ISIS/workspace/ycube/GlobusSatProject/..//hal/hal/lib\libHALD.a(ADC.o)
                0x2000dab0                ADC_ConvertRaw10bitToMillivolt
 .text.ADC_SingleShot
                0x2000db00      0x230 C:/ISIS/workspace/ycube/GlobusSatProject/..//hal/hal/lib\libHALD.a(ADC.o)
                0x2000db00                ADC_SingleShot
 .text.FRAM_start
                0x2000dd30      0x120 C:/ISIS/workspace/ycube/GlobusSatProject/..//hal/hal/lib\libHALD.a(FRAM.o)
                0x2000dd30                FRAM_start
 .text.FRAM_stop
                0x2000de50       0x6c C:/ISIS/workspace/ycube/GlobusSatProject/..//hal/hal/lib\libHALD.a(FRAM.o)
                0x2000de50                FRAM_stop
 .text.FRAM_dummyCallback
                0x2000debc       0x24 C:/ISIS/workspace/ycube/GlobusSatProject/..//hal/hal/lib\libHALD.a(FRAM.o)
                0x2000debc                FRAM_dummyCallback
 .text.FRAM_unlockingCallback
                0x2000dee0       0x64 C:/ISIS/workspace/ycube/GlobusSatProject/..//hal/hal/lib\libHALD.a(FRAM.o)
                0x2000dee0                FRAM_unlockingCallback
 .text.doBlockingTransfer
                0x2000df44       0x78 C:/ISIS/workspace/ycube/GlobusSatProject/..//hal/hal/lib\libHALD.a(FRAM.o)
 .text.FRAM_writePacket
                0x2000dfbc      0x134 C:/ISIS/workspace/ycube/GlobusSatProject/..//hal/hal/lib\libHALD.a(FRAM.o)
 .text.FRAM_write
                0x2000e0f0      0x1e0 C:/ISIS/workspace/ycube/GlobusSatProject/..//hal/hal/lib\libHALD.a(FRAM.o)
                0x2000e0f0                FRAM_write
 .text.FRAM_readPacket
                0x2000e2d0       0xf0 C:/ISIS/workspace/ycube/GlobusSatProject/..//hal/hal/lib\libHALD.a(FRAM.o)
 .text.FRAM_read
                0x2000e3c0      0x1ec C:/ISIS/workspace/ycube/GlobusSatProject/..//hal/hal/lib\libHALD.a(FRAM.o)
                0x2000e3c0                FRAM_read
 .text.Time_start
                0x2000e5ac      0x170 C:/ISIS/workspace/ycube/GlobusSatProject/..//hal/hal/lib\libHALD.a(Time.o)
                0x2000e5ac                Time_start
 .text.taskTimeSync
                0x2000e71c       0x64 C:/ISIS/workspace/ycube/GlobusSatProject/..//hal/hal/lib\libHALD.a(Time.o)
 .text.Time_convertEpochToTime
                0x2000e780      0x100 C:/ISIS/workspace/ycube/GlobusSatProject/..//hal/hal/lib\libHALD.a(Time.o)
                0x2000e780                Time_convertEpochToTime
 .text.Time_calculateSecondsOfYear
                0x2000e880       0xd8 C:/ISIS/workspace/ycube/GlobusSatProject/..//hal/hal/lib\libHALD.a(Time.o)
 .text.Time_set
                0x2000e958       0xd8 C:/ISIS/workspace/ycube/GlobusSatProject/..//hal/hal/lib\libHALD.a(Time.o)
                0x2000e958                Time_set
 .text.Time_isLeapYear
                0x2000ea30       0x98 C:/ISIS/workspace/ycube/GlobusSatProject/..//hal/hal/lib\libHALD.a(Time.o)
                0x2000ea30                Time_isLeapYear
 .text.Time_get
                0x2000eac8      0x478 C:/ISIS/workspace/ycube/GlobusSatProject/..//hal/hal/lib\libHALD.a(Time.o)
                0x2000eac8                Time_get
 .text.Time_getUnixEpoch
                0x2000ef40      0x108 C:/ISIS/workspace/ycube/GlobusSatProject/..//hal/hal/lib\libHALD.a(Time.o)
                0x2000ef40                Time_getUnixEpoch
 .text.Time_secondsOfYearToTime
                0x2000f048      0x33c C:/ISIS/workspace/ycube/GlobusSatProject/..//hal/hal/lib\libHALD.a(Time.o)
 .text.Time_setUnixEpoch
                0x2000f384       0x54 C:/ISIS/workspace/ycube/GlobusSatProject/..//hal/hal/lib\libHALD.a(Time.o)
                0x2000f384                Time_setUnixEpoch
 .text.Time_getUptimeSeconds
                0x2000f3d8       0x28 C:/ISIS/workspace/ycube/GlobusSatProject/..//hal/hal/lib\libHALD.a(Time.o)
                0x2000f3d8                Time_getUptimeSeconds
 .text.Time_sync
                0x2000f400      0x1a8 C:/ISIS/workspace/ycube/GlobusSatProject/..//hal/hal/lib\libHALD.a(Time.o)
                0x2000f400                Time_sync
 .text.Time_syncIfNeeded
                0x2000f5a8       0xac C:/ISIS/workspace/ycube/GlobusSatProject/..//hal/hal/lib\libHALD.a(Time.o)
                0x2000f5a8                Time_syncIfNeeded
 .text.WDT_start
                0x2000f654       0x48 C:/ISIS/workspace/ycube/GlobusSatProject/..//hal/hal/lib\libHALD.a(WatchDogTimerNoOS.o)
                0x2000f654                WDT_start
 .text.RTT_start
                0x2000f69c       0x24 C:/ISIS/workspace/ycube/GlobusSatProject/..//hal/hal/lib\libHALD.a(RTT.o)
                0x2000f69c                RTT_start
 .text.RTT_GetTime
                0x2000f6c0       0x24 C:/ISIS/workspace/ycube/GlobusSatProject/..//hal/hal/lib\libHALD.a(RTT.o)
                0x2000f6c0                RTT_GetTime
 .text.RTC_start
                0x2000f6e4       0x3c C:/ISIS/workspace/ycube/GlobusSatProject/..//hal/hal/lib\libHALD.a(RTC.o)
                0x2000f6e4                RTC_start
 .text.RTC_setTime
                0x2000f720      0x2a4 C:/ISIS/workspace/ycube/GlobusSatProject/..//hal/hal/lib\libHALD.a(RTC.o)
                0x2000f720                RTC_setTime
 .text.RTC_getTime
                0x2000f9c4      0x230 C:/ISIS/workspace/ycube/GlobusSatProject/..//hal/hal/lib\libHALD.a(RTC.o)
                0x2000f9c4                RTC_getTime
 .text.RTC_checkTimeValid
                0x2000fbf4       0xd8 C:/ISIS/workspace/ycube/GlobusSatProject/..//hal/hal/lib\libHALD.a(RTC.o)
                0x2000fbf4                RTC_checkTimeValid
 .text.WDT_startWatchdogKickTask
                0x2000fccc       0xb4 C:/ISIS/workspace/ycube/GlobusSatProject/..//hal/hal/lib\libHALD.a(WatchDogTimerOS.o)
                0x2000fccc                WDT_startWatchdogKickTask
 .text.WDT_forceKickEveryNms
                0x2000fd80       0x50 C:/ISIS/workspace/ycube/GlobusSatProject/..//hal/hal/lib\libHALD.a(WatchDogTimerOS.o)
                0x2000fd80                WDT_forceKickEveryNms
 .text.f_puts   0x2000fdd0       0x80 C:/ISIS/workspace/ycube/GlobusSatProject/..//hal/hal/lib\libHALD.a(fprintf.o)
                0x2000fdd0                f_puts
 .text.LED_glow
                0x2000fe50       0x58 C:/ISIS/workspace/ycube/GlobusSatProject/..//hal/hal/lib\libHALD.a(LED.o)
                0x2000fe50                LED_glow
 .text.LED_dark
                0x2000fea8       0x58 C:/ISIS/workspace/ycube/GlobusSatProject/..//hal/hal/lib\libHALD.a(LED.o)
                0x2000fea8                LED_dark
 .text.LED_toggle
                0x2000ff00       0x50 C:/ISIS/workspace/ycube/GlobusSatProject/..//hal/hal/lib\libHALD.a(LED.o)
                0x2000ff00                LED_toggle
 .text.fm_initvolume
                0x2000ff50       0x70 C:/ISIS/workspace/ycube/GlobusSatProject/..//hal/hcc/lib\libHCCD.a(fat_m.o)
                0x2000ff50                fm_initvolume
 .text.fm_delvolume
                0x2000ffc0       0x60 C:/ISIS/workspace/ycube/GlobusSatProject/..//hal/hcc/lib\libHCCD.a(fat_m.o)
                0x2000ffc0                fm_delvolume
 .text.fm_format
                0x20010020       0x68 C:/ISIS/workspace/ycube/GlobusSatProject/..//hal/hcc/lib\libHCCD.a(fat_m.o)
                0x20010020                fm_format
 .text.fm_getdrive
                0x20010088       0x70 C:/ISIS/workspace/ycube/GlobusSatProject/..//hal/hcc/lib\libHCCD.a(fat_m.o)
                0x20010088                fm_getdrive
 .text.fm_getfreespace
                0x200100f8       0x68 C:/ISIS/workspace/ycube/GlobusSatProject/..//hal/hcc/lib\libHCCD.a(fat_m.o)
                0x200100f8                fm_getfreespace
 .text.fm_mkdir
                0x20010160       0x60 C:/ISIS/workspace/ycube/GlobusSatProject/..//hal/hcc/lib\libHCCD.a(fat_m.o)
                0x20010160                fm_mkdir
 .text.fm_rmdir
                0x200101c0       0x60 C:/ISIS/workspace/ycube/GlobusSatProject/..//hal/hcc/lib\libHCCD.a(fat_m.o)
                0x200101c0                fm_rmdir
 .text.fm_findfirst
                0x20010220       0x68 C:/ISIS/workspace/ycube/GlobusSatProject/..//hal/hcc/lib\libHCCD.a(fat_m.o)
                0x20010220                fm_findfirst
 .text.fm_findnext
                0x20010288       0x60 C:/ISIS/workspace/ycube/GlobusSatProject/..//hal/hcc/lib\libHCCD.a(fat_m.o)
                0x20010288                fm_findnext
 .text.fm_close
                0x200102e8       0x60 C:/ISIS/workspace/ycube/GlobusSatProject/..//hal/hcc/lib\libHCCD.a(fat_m.o)
                0x200102e8                fm_close
 .text.fm_flush
                0x20010348       0x60 C:/ISIS/workspace/ycube/GlobusSatProject/..//hal/hcc/lib\libHCCD.a(fat_m.o)
                0x20010348                fm_flush
 .text.fm_open  0x200103a8       0x68 C:/ISIS/workspace/ycube/GlobusSatProject/..//hal/hcc/lib\libHCCD.a(fat_m.o)
                0x200103a8                fm_open
 .text.fm_read  0x20010410       0x7c C:/ISIS/workspace/ycube/GlobusSatProject/..//hal/hcc/lib\libHCCD.a(fat_m.o)
                0x20010410                fm_read
 .text.fm_write
                0x2001048c       0x7c C:/ISIS/workspace/ycube/GlobusSatProject/..//hal/hcc/lib\libHCCD.a(fat_m.o)
                0x2001048c                fm_write
 .text.fm_seek  0x20010508       0x70 C:/ISIS/workspace/ycube/GlobusSatProject/..//hal/hcc/lib\libHCCD.a(fat_m.o)
                0x20010508                fm_seek
 .text.fm_tell  0x20010578       0x60 C:/ISIS/workspace/ycube/GlobusSatProject/..//hal/hcc/lib\libHCCD.a(fat_m.o)
                0x20010578                fm_tell
 .text.fm_putc  0x200105d8       0x68 C:/ISIS/workspace/ycube/GlobusSatProject/..//hal/hcc/lib\libHCCD.a(fat_m.o)
                0x200105d8                fm_putc
 .text.fm_rewind
                0x20010640       0x60 C:/ISIS/workspace/ycube/GlobusSatProject/..//hal/hcc/lib\libHCCD.a(fat_m.o)
                0x20010640                fm_rewind
 .text.fm_delete
                0x200106a0       0x64 C:/ISIS/workspace/ycube/GlobusSatProject/..//hal/hcc/lib\libHCCD.a(fat_m.o)
                0x200106a0                fm_delete
 .text.fm_getlasterror
                0x20010704       0x40 C:/ISIS/workspace/ycube/GlobusSatProject/..//hal/hcc/lib\libHCCD.a(fat_m.o)
                0x20010704                fm_getlasterror
 .text._f_invalidatedir
                0x20010744       0x28 C:/ISIS/workspace/ycube/GlobusSatProject/..//hal/hcc/lib\libHCCD.a(fat.o)
                0x20010744                _f_invalidatedir
 .text._f_getdirsector
                0x2001076c       0x88 C:/ISIS/workspace/ycube/GlobusSatProject/..//hal/hcc/lib\libHCCD.a(fat.o)
                0x2001076c                _f_getdirsector
 .text._f_writedirsector
                0x200107f4       0x74 C:/ISIS/workspace/ycube/GlobusSatProject/..//hal/hcc/lib\libHCCD.a(fat.o)
                0x200107f4                _f_writedirsector
 .text._f_checknameinv
                0x20010868      0x180 C:/ISIS/workspace/ycube/GlobusSatProject/..//hal/hcc/lib\libHCCD.a(fat.o)
 .text._f_checkname
                0x200109e8       0x7c C:/ISIS/workspace/ycube/GlobusSatProject/..//hal/hcc/lib\libHCCD.a(fat.o)
 .text._f_checknamewc
                0x20010a64       0xf8 C:/ISIS/workspace/ycube/GlobusSatProject/..//hal/hcc/lib\libHCCD.a(fat.o)
 .text._f_setnameext
                0x20010b5c      0x300 C:/ISIS/workspace/ycube/GlobusSatProject/..//hal/hcc/lib\libHCCD.a(fat.o)
 .text._f_setfsname
                0x20010e5c      0x584 C:/ISIS/workspace/ycube/GlobusSatProject/..//hal/hcc/lib\libHCCD.a(fat.o)
 .text._f_findfile
                0x200113e0      0x30c C:/ISIS/workspace/ycube/GlobusSatProject/..//hal/hcc/lib\libHCCD.a(fat.o)
 .text._f_cmp_wname
                0x200116ec      0x274 C:/ISIS/workspace/ycube/GlobusSatProject/..//hal/hcc/lib\libHCCD.a(fat.o)
 .text._f_to_string
                0x20011960      0x130 C:/ISIS/workspace/ycube/GlobusSatProject/..//hal/hcc/lib\libHCCD.a(fat.o)
 .text._f_findfilewc
                0x20011a90      0x278 C:/ISIS/workspace/ycube/GlobusSatProject/..//hal/hcc/lib\libHCCD.a(fat.o)
 .text._f_getfilename
                0x20011d08      0x20c C:/ISIS/workspace/ycube/GlobusSatProject/..//hal/hcc/lib\libHCCD.a(fat.o)
 .text._f_findpath
                0x20011f14      0x35c C:/ISIS/workspace/ycube/GlobusSatProject/..//hal/hcc/lib\libHCCD.a(fat.o)
 .text.fn_getdcwd
                0x20012270      0x1e0 C:/ISIS/workspace/ycube/GlobusSatProject/..//hal/hcc/lib\libHCCD.a(fat.o)
                0x20012270                fn_getdcwd
 .text.fn_findfirst
                0x20012450      0x13c C:/ISIS/workspace/ycube/GlobusSatProject/..//hal/hcc/lib\libHCCD.a(fat.o)
                0x20012450                fn_findfirst
 .text.fn_findnext
                0x2001258c      0x360 C:/ISIS/workspace/ycube/GlobusSatProject/..//hal/hcc/lib\libHCCD.a(fat.o)
                0x2001258c                fn_findnext
 .text._f_lock_resfile
                0x200128ec       0x6c C:/ISIS/workspace/ycube/GlobusSatProject/..//hal/hcc/lib\libHCCD.a(fat.o)
 .text._f_unlock_resfile
                0x20012958       0x40 C:/ISIS/workspace/ycube/GlobusSatProject/..//hal/hcc/lib\libHCCD.a(fat.o)
 .text._f_getintfile
                0x20012998      0x124 C:/ISIS/workspace/ycube/GlobusSatProject/..//hal/hcc/lib\libHCCD.a(fat.o)
 .text._f_addentry
                0x20012abc      0x540 C:/ISIS/workspace/ycube/GlobusSatProject/..//hal/hcc/lib\libHCCD.a(fat.o)
 .text.fn_mkdir
                0x20012ffc      0x75c C:/ISIS/workspace/ycube/GlobusSatProject/..//hal/hcc/lib\libHCCD.a(fat.o)
                0x20012ffc                fn_mkdir
 .text.fn_open_sub
                0x20013758     0x1698 C:/ISIS/workspace/ycube/GlobusSatProject/..//hal/hcc/lib\libHCCD.a(fat.o)
 .text.fn_open  0x20014df0       0x44 C:/ISIS/workspace/ycube/GlobusSatProject/..//hal/hcc/lib\libHCCD.a(fat.o)
                0x20014df0                fn_open
 .text.fn_delete
                0x20014e34      0x490 C:/ISIS/workspace/ycube/GlobusSatProject/..//hal/hcc/lib\libHCCD.a(fat.o)
                0x20014e34                fn_delete
 .text.fn_rmdir
                0x200152c4      0x5ac C:/ISIS/workspace/ycube/GlobusSatProject/..//hal/hcc/lib\libHCCD.a(fat.o)
                0x200152c4                fn_rmdir
 .text.fn_init  0x20015870      0x2dc C:/ISIS/workspace/ycube/GlobusSatProject/..//hal/hcc/lib\libHCCD.a(fat_common.o)
                0x20015870                fn_init
 .text.fn_start
                0x20015b4c       0x1c C:/ISIS/workspace/ycube/GlobusSatProject/..//hal/hcc/lib\libHCCD.a(fat_common.o)
                0x20015b4c                fn_start
 .text.fsn_delete
                0x20015b68       0xc8 C:/ISIS/workspace/ycube/GlobusSatProject/..//hal/hcc/lib\libHCCD.a(fat_common.o)
                0x20015b68                fsn_delete
 .text._f_get16bitl
                0x20015c30       0x4c C:/ISIS/workspace/ycube/GlobusSatProject/..//hal/hcc/lib\libHCCD.a(fat_common.o)
                0x20015c30                _f_get16bitl
 .text._f_set16bitl
                0x20015c7c       0x54 C:/ISIS/workspace/ycube/GlobusSatProject/..//hal/hcc/lib\libHCCD.a(fat_common.o)
                0x20015c7c                _f_set16bitl
 .text._f_get32bitl
                0x20015cd0       0x68 C:/ISIS/workspace/ycube/GlobusSatProject/..//hal/hcc/lib\libHCCD.a(fat_common.o)
                0x20015cd0                _f_get32bitl
 .text._f_set32bitl
                0x20015d38       0x78 C:/ISIS/workspace/ycube/GlobusSatProject/..//hal/hcc/lib\libHCCD.a(fat_common.o)
                0x20015d38                _f_set32bitl
 .text._get8bit
                0x20015db0       0xa0 C:/ISIS/workspace/ycube/GlobusSatProject/..//hal/hcc/lib\libHCCD.a(fat_common.o)
 .text._get16bitl
                0x20015e50       0x40 C:/ISIS/workspace/ycube/GlobusSatProject/..//hal/hcc/lib\libHCCD.a(fat_common.o)
 .text._get32bitl
                0x20015e90       0x3c C:/ISIS/workspace/ycube/GlobusSatProject/..//hal/hcc/lib\libHCCD.a(fat_common.o)
 .text._set8bitzero
                0x20015ecc       0x6c C:/ISIS/workspace/ycube/GlobusSatProject/..//hal/hcc/lib\libHCCD.a(fat_common.o)
 .text._set8bit
                0x20015f38       0xa0 C:/ISIS/workspace/ycube/GlobusSatProject/..//hal/hcc/lib\libHCCD.a(fat_common.o)
 .text._set16bitl
                0x20015fd8       0x3c C:/ISIS/workspace/ycube/GlobusSatProject/..//hal/hcc/lib\libHCCD.a(fat_common.o)
 .text._set32bitl
                0x20016014       0x34 C:/ISIS/workspace/ycube/GlobusSatProject/..//hal/hcc/lib\libHCCD.a(fat_common.o)
 .text._f_setcardremoved
                0x20016048       0x94 C:/ISIS/workspace/ycube/GlobusSatProject/..//hal/hcc/lib\libHCCD.a(fat_common.o)
 .text._f_checkstatus
                0x200160dc      0x104 C:/ISIS/workspace/ycube/GlobusSatProject/..//hal/hcc/lib\libHCCD.a(fat_common.o)
                0x200160dc                _f_checkstatus
 .text._f_drvgetphy
                0x200161e0      0x114 C:/ISIS/workspace/ycube/GlobusSatProject/..//hal/hcc/lib\libHCCD.a(fat_common.o)
 .text._f_drvwritesector
                0x200162f4       0xdc C:/ISIS/workspace/ycube/GlobusSatProject/..//hal/hcc/lib\libHCCD.a(fat_common.o)
 .text._f_drvreadsector
                0x200163d0       0xa8 C:/ISIS/workspace/ycube/GlobusSatProject/..//hal/hcc/lib\libHCCD.a(fat_common.o)
 .text._f_writesector
                0x20016478      0x23c C:/ISIS/workspace/ycube/GlobusSatProject/..//hal/hcc/lib\libHCCD.a(fat_common.o)
                0x20016478                _f_writesector
 .text._f_readsector
                0x200166b4      0x1dc C:/ISIS/workspace/ycube/GlobusSatProject/..//hal/hcc/lib\libHCCD.a(fat_common.o)
                0x200166b4                _f_readsector
 .text._f_getmaxcluster
                0x20016890       0x94 C:/ISIS/workspace/ycube/GlobusSatProject/..//hal/hcc/lib\libHCCD.a(fat_common.o)
                0x20016890                _f_getmaxcluster
 .text._getsectorfromcluster
                0x20016924       0x68 C:/ISIS/workspace/ycube/GlobusSatProject/..//hal/hcc/lib\libHCCD.a(fat_common.o)
 .text._f_buildsectors
                0x2001698c      0x268 C:/ISIS/workspace/ycube/GlobusSatProject/..//hal/hcc/lib\libHCCD.a(fat_common.o)
 .text._f_getbootrecord
                0x20016bf4      0x5e4 C:/ISIS/workspace/ycube/GlobusSatProject/..//hal/hcc/lib\libHCCD.a(fat_common.o)
 .text._f_readbootrecord
                0x200171d8      0x4f8 C:/ISIS/workspace/ycube/GlobusSatProject/..//hal/hcc/lib\libHCCD.a(fat_common.o)
 .text._f_writebootrecord
                0x200176d0      0x5e4 C:/ISIS/workspace/ycube/GlobusSatProject/..//hal/hcc/lib\libHCCD.a(fat_common.o)
 .text._f_flushcffiles
                0x20017cb4      0x17c C:/ISIS/workspace/ycube/GlobusSatProject/..//hal/hcc/lib\libHCCD.a(fat_common.o)
                0x20017cb4                _f_flushcffiles
 .text._f_fatcache_flush
                0x20017e30      0x270 C:/ISIS/workspace/ycube/GlobusSatProject/..//hal/hcc/lib\libHCCD.a(fat_common.o)
                0x20017e30                _f_fatcache_flush
 .text._f_writefatsector
                0x200180a0      0x100 C:/ISIS/workspace/ycube/GlobusSatProject/..//hal/hcc/lib\libHCCD.a(fat_common.o)
                0x200180a0                _f_writefatsector
 .text._f_getfatsector
                0x200181a0      0x3bc C:/ISIS/workspace/ycube/GlobusSatProject/..//hal/hcc/lib\libHCCD.a(fat_common.o)
 .text._f_setclustervalue
                0x2001855c      0x490 C:/ISIS/workspace/ycube/GlobusSatProject/..//hal/hcc/lib\libHCCD.a(fat_common.o)
                0x2001855c                _f_setclustervalue
 .text._f_getclustervalue
                0x200189ec      0x388 C:/ISIS/workspace/ycube/GlobusSatProject/..//hal/hcc/lib\libHCCD.a(fat_common.o)
                0x200189ec                _f_getclustervalue
 .text._f_close_drive_files
                0x20018d74       0xac C:/ISIS/workspace/ycube/GlobusSatProject/..//hal/hcc/lib\libHCCD.a(fat_common.o)
 .text._f_inc_mount_count
                0x20018e20       0xa4 C:/ISIS/workspace/ycube/GlobusSatProject/..//hal/hcc/lib\libHCCD.a(fat_common.o)
 .text._f_getvolume
                0x20018ec4      0x2f8 C:/ISIS/workspace/ycube/GlobusSatProject/..//hal/hcc/lib\libHCCD.a(fat_common.o)
                0x20018ec4                _f_getvolume
 .text.fn_createdriver
                0x200191bc      0x118 C:/ISIS/workspace/ycube/GlobusSatProject/..//hal/hcc/lib\libHCCD.a(fat_common.o)
                0x200191bc                fn_createdriver
 .text.fn_initvolume
                0x200192d4      0x12c C:/ISIS/workspace/ycube/GlobusSatProject/..//hal/hcc/lib\libHCCD.a(fat_common.o)
                0x200192d4                fn_initvolume
 .text.fn_releasedriver
                0x20019400       0xf4 C:/ISIS/workspace/ycube/GlobusSatProject/..//hal/hcc/lib\libHCCD.a(fat_common.o)
                0x20019400                fn_releasedriver
 .text.fn_initvolumepartition_sub
                0x200194f4       0xe0 C:/ISIS/workspace/ycube/GlobusSatProject/..//hal/hcc/lib\libHCCD.a(fat_common.o)
 .text.fn_initvolumepartition
                0x200195d4       0xac C:/ISIS/workspace/ycube/GlobusSatProject/..//hal/hcc/lib\libHCCD.a(fat_common.o)
                0x200195d4                fn_initvolumepartition
 .text.fn_delvolume
                0x20019680      0x194 C:/ISIS/workspace/ycube/GlobusSatProject/..//hal/hcc/lib\libHCCD.a(fat_common.o)
                0x20019680                fn_delvolume
 .text._f_clustertopos
                0x20019814       0xf8 C:/ISIS/workspace/ycube/GlobusSatProject/..//hal/hcc/lib\libHCCD.a(fat_common.o)
                0x20019814                _f_clustertopos
 .text._f_prepareformat
                0x2001990c      0x8b8 C:/ISIS/workspace/ycube/GlobusSatProject/..//hal/hcc/lib\libHCCD.a(fat_common.o)
 .text._f_resetfatentries
                0x2001a1c4      0x410 C:/ISIS/workspace/ycube/GlobusSatProject/..//hal/hcc/lib\libHCCD.a(fat_common.o)
 .text._f_resetrootdir
                0x2001a5d4       0xcc C:/ISIS/workspace/ycube/GlobusSatProject/..//hal/hcc/lib\libHCCD.a(fat_common.o)
 .text._f_postformat
                0x2001a6a0      0x178 C:/ISIS/workspace/ycube/GlobusSatProject/..//hal/hcc/lib\libHCCD.a(fat_common.o)
 .text.fn_format
                0x2001a818      0x148 C:/ISIS/workspace/ycube/GlobusSatProject/..//hal/hcc/lib\libHCCD.a(fat_common.o)
                0x2001a818                fn_format
 .text._f_getcurrsector
                0x2001a960      0x6c8 C:/ISIS/workspace/ycube/GlobusSatProject/..//hal/hcc/lib\libHCCD.a(fat_common.o)
                0x2001a960                _f_getcurrsector
 .text._f_getdecluster
                0x2001b028       0x90 C:/ISIS/workspace/ycube/GlobusSatProject/..//hal/hcc/lib\libHCCD.a(fat_common.o)
                0x2001b028                _f_getdecluster
 .text._f_setdecluster
                0x2001b0b8       0x8c C:/ISIS/workspace/ycube/GlobusSatProject/..//hal/hcc/lib\libHCCD.a(fat_common.o)
                0x2001b0b8                _f_setdecluster
 .text.fn_getdrive
                0x2001b144       0x30 C:/ISIS/workspace/ycube/GlobusSatProject/..//hal/hcc/lib\libHCCD.a(fat_common.o)
                0x2001b144                fn_getdrive
 .text._f_getcurrenttimedate
                0x2001b174      0x138 C:/ISIS/workspace/ycube/GlobusSatProject/..//hal/hcc/lib\libHCCD.a(fat_common.o)
                0x2001b174                _f_getcurrenttimedate
 .text._f_initentry
                0x2001b2ac       0xa0 C:/ISIS/workspace/ycube/GlobusSatProject/..//hal/hcc/lib\libHCCD.a(fat_common.o)
                0x2001b2ac                _f_initentry
 .text._f_alloccluster
                0x2001b34c      0x344 C:/ISIS/workspace/ycube/GlobusSatProject/..//hal/hcc/lib\libHCCD.a(fat_common.o)
                0x2001b34c                _f_alloccluster
 .text._f_dobadblock
                0x2001b690      0x2cc C:/ISIS/workspace/ycube/GlobusSatProject/..//hal/hcc/lib\libHCCD.a(fat_common.o)
                0x2001b690                _f_dobadblock
 .text._f_checklocked
                0x2001b95c       0xe4 C:/ISIS/workspace/ycube/GlobusSatProject/..//hal/hcc/lib\libHCCD.a(fat_common.o)
                0x2001b95c                _f_checklocked
 .text._f_checkappendlocked
                0x2001ba40      0x110 C:/ISIS/workspace/ycube/GlobusSatProject/..//hal/hcc/lib\libHCCD.a(fat_common.o)
                0x2001ba40                _f_checkappendlocked
 .text._f_setsyncafile
                0x2001bb50      0x114 C:/ISIS/workspace/ycube/GlobusSatProject/..//hal/hcc/lib\libHCCD.a(fat_common.o)
                0x2001bb50                _f_setsyncafile
 .text._f_syncfiles
                0x2001bc64      0x128 C:/ISIS/workspace/ycube/GlobusSatProject/..//hal/hcc/lib\libHCCD.a(fat_common.o)
                0x2001bc64                _f_syncfiles
 .text._f_syncfilescontent
                0x2001bd8c      0x15c C:/ISIS/workspace/ycube/GlobusSatProject/..//hal/hcc/lib\libHCCD.a(fat_common.o)
 .text.fn_getfreespace
                0x2001bee8      0x4c0 C:/ISIS/workspace/ycube/GlobusSatProject/..//hal/hcc/lib\libHCCD.a(fat_common.o)
                0x2001bee8                fn_getfreespace
 .text._f_emptywritecache
                0x2001c3a8      0x4a4 C:/ISIS/workspace/ycube/GlobusSatProject/..//hal/hcc/lib\libHCCD.a(fat_common.o)
 .text._f_allocnextcluster
                0x2001c84c      0x54c C:/ISIS/workspace/ycube/GlobusSatProject/..//hal/hcc/lib\libHCCD.a(fat_common.o)
 .text._f_emptywritebuffer
                0x2001cd98      0x20c C:/ISIS/workspace/ycube/GlobusSatProject/..//hal/hcc/lib\libHCCD.a(fat_common.o)
 .text._f_writezeros
                0x2001cfa4       0xf0 C:/ISIS/workspace/ycube/GlobusSatProject/..//hal/hcc/lib\libHCCD.a(fat_common.o)
                0x2001cfa4                _f_writezeros
 .text._f_extend_file
                0x2001d094      0x570 C:/ISIS/workspace/ycube/GlobusSatProject/..//hal/hcc/lib\libHCCD.a(fat_common.o)
 .text._f_fseek
                0x2001d604      0x9bc C:/ISIS/workspace/ycube/GlobusSatProject/..//hal/hcc/lib\libHCCD.a(fat_common.o)
                0x2001d604                _f_fseek
 .text._f_removechain
                0x2001dfc0      0x104 C:/ISIS/workspace/ycube/GlobusSatProject/..//hal/hcc/lib\libHCCD.a(fat_common.o)
                0x2001dfc0                _f_removechain
 .text._f_updatefileentry
                0x2001e0c4      0x1cc C:/ISIS/workspace/ycube/GlobusSatProject/..//hal/hcc/lib\libHCCD.a(fat_common.o)
 .text._f_checkreadlocked
                0x2001e290      0x1bc C:/ISIS/workspace/ycube/GlobusSatProject/..//hal/hcc/lib\libHCCD.a(fat_common.o)
                0x2001e290                _f_checkreadlocked
 .text._f_check_handle
                0x2001e44c       0x98 C:/ISIS/workspace/ycube/GlobusSatProject/..//hal/hcc/lib\libHCCD.a(fat_common.o)
                0x2001e44c                _f_check_handle
 .text._f_removesyncafile
                0x2001e4e4      0x1ec C:/ISIS/workspace/ycube/GlobusSatProject/..//hal/hcc/lib\libHCCD.a(fat_common.o)
 .text.fn_close
                0x2001e6d0      0x3f8 C:/ISIS/workspace/ycube/GlobusSatProject/..//hal/hcc/lib\libHCCD.a(fat_common.o)
                0x2001e6d0                fn_close
 .text.fn_flush
                0x2001eac8      0x374 C:/ISIS/workspace/ycube/GlobusSatProject/..//hal/hcc/lib\libHCCD.a(fat_common.o)
                0x2001eac8                fn_flush
 .text.fn_read  0x2001ee3c      0x690 C:/ISIS/workspace/ycube/GlobusSatProject/..//hal/hcc/lib\libHCCD.a(fat_common.o)
                0x2001ee3c                fn_read
 .text._f_abortwrite
                0x2001f4cc      0x100 C:/ISIS/workspace/ycube/GlobusSatProject/..//hal/hcc/lib\libHCCD.a(fat_common.o)
 .text._f_checkwritecluster
                0x2001f5cc       0xe4 C:/ISIS/workspace/ycube/GlobusSatProject/..//hal/hcc/lib\libHCCD.a(fat_common.o)
 .text.fn_write
                0x2001f6b0      0x8a8 C:/ISIS/workspace/ycube/GlobusSatProject/..//hal/hcc/lib\libHCCD.a(fat_common.o)
                0x2001f6b0                fn_write
 .text.fn_seek  0x2001ff58      0x270 C:/ISIS/workspace/ycube/GlobusSatProject/..//hal/hcc/lib\libHCCD.a(fat_common.o)
                0x2001ff58                fn_seek
 .text.fn_tell  0x200201c8      0x19c C:/ISIS/workspace/ycube/GlobusSatProject/..//hal/hcc/lib\libHCCD.a(fat_common.o)
                0x200201c8                fn_tell
 .text.fn_rewind
                0x20020364       0x38 C:/ISIS/workspace/ycube/GlobusSatProject/..//hal/hcc/lib\libHCCD.a(fat_common.o)
                0x20020364                fn_rewind
 .text.fn_putc  0x2002039c       0x68 C:/ISIS/workspace/ycube/GlobusSatProject/..//hal/hcc/lib\libHCCD.a(fat_common.o)
                0x2002039c                fn_putc
 .text.f_enterFS
                0x20020404      0x1c0 C:/ISIS/workspace/ycube/GlobusSatProject/..//hal/hcc/lib\libHCCD.a(fat_common.o)
                0x20020404                f_enterFS
 .text.f_releaseFS
                0x200205c4       0xb0 C:/ISIS/workspace/ycube/GlobusSatProject/..//hal/hcc/lib\libHCCD.a(fat_common.o)
                0x200205c4                f_releaseFS
 .text.fnGetTask
                0x20020674       0xfc C:/ISIS/workspace/ycube/GlobusSatProject/..//hal/hcc/lib\libHCCD.a(fat_common.o)
                0x20020674                fnGetTask
 .text._f_mutex_get
                0x20020770       0x98 C:/ISIS/workspace/ycube/GlobusSatProject/..//hal/hcc/lib\libHCCD.a(fat_common.o)
                0x20020770                _f_mutex_get
 .text._f_mutex_put
                0x20020808       0x54 C:/ISIS/workspace/ycube/GlobusSatProject/..//hal/hcc/lib\libHCCD.a(fat_common.o)
                0x20020808                _f_mutex_put
 .text._fn_initseekdivisor
                0x2002085c      0x158 C:/ISIS/workspace/ycube/GlobusSatProject/..//hal/hcc/lib\libHCCD.a(fat_common.o)
                0x2002085c                _fn_initseekdivisor
 .text._fn_updateseekpos
                0x200209b4       0xc4 C:/ISIS/workspace/ycube/GlobusSatProject/..//hal/hcc/lib\libHCCD.a(fat_common.o)
 .text._f_findopensize
                0x20020a78       0x2c C:/ISIS/workspace/ycube/GlobusSatProject/..//hal/hcc/lib\libHCCD.a(fat_common.o)
                0x20020a78                _f_findopensize
 .text.fn_setlasterror
                0x20020aa4       0x34 C:/ISIS/workspace/ycube/GlobusSatProject/..//hal/hcc/lib\libHCCD.a(fat_common.o)
                0x20020aa4                fn_setlasterror
 .text.fn_setlasterror_noret
                0x20020ad8       0x2c C:/ISIS/workspace/ycube/GlobusSatProject/..//hal/hcc/lib\libHCCD.a(fat_common.o)
                0x20020ad8                fn_setlasterror_noret
 .text._s_checkzeroclusteratend
                0x20020b04       0xf8 C:/ISIS/workspace/ycube/GlobusSatProject/..//hal/hcc/lib\libHCCD.a(safefat.o)
 .text._s_clearclustercontent
                0x20020bfc      0x108 C:/ISIS/workspace/ycube/GlobusSatProject/..//hal/hcc/lib\libHCCD.a(safefat.o)
 .text._s_clearclustercontentdir
                0x20020d04      0x19c C:/ISIS/workspace/ycube/GlobusSatProject/..//hal/hcc/lib\libHCCD.a(safefat.o)
 .text._s_writedirsector
                0x20020ea0       0xd0 C:/ISIS/workspace/ycube/GlobusSatProject/..//hal/hcc/lib\libHCCD.a(safefat.o)
 .text._s_getdirsector
                0x20020f70      0x100 C:/ISIS/workspace/ycube/GlobusSatProject/..//hal/hcc/lib\libHCCD.a(safefat.o)
 .text._s_addentry
                0x20021070      0x394 C:/ISIS/workspace/ycube/GlobusSatProject/..//hal/hcc/lib\libHCCD.a(safefat.o)
 .text._s_findfile
                0x20021404      0x33c C:/ISIS/workspace/ycube/GlobusSatProject/..//hal/hcc/lib\libHCCD.a(safefat.o)
 .text._s_findsubdir
                0x20021740      0x248 C:/ISIS/workspace/ycube/GlobusSatProject/..//hal/hcc/lib\libHCCD.a(safefat.o)
 .text._s_createfile
                0x20021988      0x190 C:/ISIS/workspace/ycube/GlobusSatProject/..//hal/hcc/lib\libHCCD.a(safefat.o)
 .text._s_findsaffile
                0x20021b18      0x1b8 C:/ISIS/workspace/ycube/GlobusSatProject/..//hal/hcc/lib\libHCCD.a(safefat.o)
 .text._s_open  0x20021cd0       0xe4 C:/ISIS/workspace/ycube/GlobusSatProject/..//hal/hcc/lib\libHCCD.a(safefat.o)
 .text._s_open_saf
                0x20021db4       0xe8 C:/ISIS/workspace/ycube/GlobusSatProject/..//hal/hcc/lib\libHCCD.a(safefat.o)
 .text._s_flush
                0x20021e9c       0x84 C:/ISIS/workspace/ycube/GlobusSatProject/..//hal/hcc/lib\libHCCD.a(safefat.o)
 .text._s_allocnextcluster
                0x20021f20      0x13c C:/ISIS/workspace/ycube/GlobusSatProject/..//hal/hcc/lib\libHCCD.a(safefat.o)
 .text._s_getnextsector
                0x2002205c       0xdc C:/ISIS/workspace/ycube/GlobusSatProject/..//hal/hcc/lib\libHCCD.a(safefat.o)
 .text._s_seek  0x20022138      0x1e8 C:/ISIS/workspace/ycube/GlobusSatProject/..//hal/hcc/lib\libHCCD.a(safefat.o)
 .text._s_get_len
                0x20022320      0x10c C:/ISIS/workspace/ycube/GlobusSatProject/..//hal/hcc/lib\libHCCD.a(safefat.o)
 .text._s_set_len
                0x2002242c       0xb4 C:/ISIS/workspace/ycube/GlobusSatProject/..//hal/hcc/lib\libHCCD.a(safefat.o)
 .text.safe_fix_filelengths
                0x200224e0       0xcc C:/ISIS/workspace/ycube/GlobusSatProject/..//hal/hcc/lib\libHCCD.a(safefat.o)
                0x200224e0                safe_fix_filelengths
 .text._s_read  0x200225ac      0x228 C:/ISIS/workspace/ycube/GlobusSatProject/..//hal/hcc/lib\libHCCD.a(safefat.o)
 .text._s_write
                0x200227d4      0x384 C:/ISIS/workspace/ycube/GlobusSatProject/..//hal/hcc/lib\libHCCD.a(safefat.o)
 .text._s_restoreclusters
                0x20022b58      0x270 C:/ISIS/workspace/ycube/GlobusSatProject/..//hal/hcc/lib\libHCCD.a(safefat.o)
                0x20022b58                _s_restoreclusters
 .text._s_findrestore
                0x20022dc8      0x18c C:/ISIS/workspace/ycube/GlobusSatProject/..//hal/hcc/lib\libHCCD.a(safefat.o)
 .text._s_cmd_writede
                0x20022f54       0xd8 C:/ISIS/workspace/ycube/GlobusSatProject/..//hal/hcc/lib\libHCCD.a(safefat.o)
 .text._s_cmd_setcluster
                0x2002302c       0x88 C:/ISIS/workspace/ycube/GlobusSatProject/..//hal/hcc/lib\libHCCD.a(safefat.o)
 .text._s_cmd_deletechain
                0x200230b4      0x100 C:/ISIS/workspace/ycube/GlobusSatProject/..//hal/hcc/lib\libHCCD.a(safefat.o)
 .text._s_cmd_validatecfn
                0x200231b4      0x308 C:/ISIS/workspace/ycube/GlobusSatProject/..//hal/hcc/lib\libHCCD.a(safefat.o)
 .text._s_cmd_seteof
                0x200234bc      0x3c4 C:/ISIS/workspace/ycube/GlobusSatProject/..//hal/hcc/lib\libHCCD.a(safefat.o)
 .text.safe_docommands
                0x20023880      0x56c C:/ISIS/workspace/ycube/GlobusSatProject/..//hal/hcc/lib\libHCCD.a(safefat.o)
                0x20023880                safe_docommands
 .text.safe_entercommand
                0x20023dec       0x68 C:/ISIS/workspace/ycube/GlobusSatProject/..//hal/hcc/lib\libHCCD.a(safefat.o)
                0x20023dec                safe_entercommand
 .text.safe_ready
                0x20023e54       0xf4 C:/ISIS/workspace/ycube/GlobusSatProject/..//hal/hcc/lib\libHCCD.a(safefat.o)
                0x20023e54                safe_ready
 .text.safe_copycfn
                0x20023f48       0xb8 C:/ISIS/workspace/ycube/GlobusSatProject/..//hal/hcc/lib\libHCCD.a(safefat.o)
                0x20023f48                safe_copycfn
 .text.safe_cfremove
                0x20024000       0xb8 C:/ISIS/workspace/ycube/GlobusSatProject/..//hal/hcc/lib\libHCCD.a(safefat.o)
                0x20024000                safe_cfremove
 .text.safe_writede
                0x200240b8      0x104 C:/ISIS/workspace/ycube/GlobusSatProject/..//hal/hcc/lib\libHCCD.a(safefat.o)
                0x200240b8                safe_writede
 .text.safe_setcluster
                0x200241bc       0xcc C:/ISIS/workspace/ycube/GlobusSatProject/..//hal/hcc/lib\libHCCD.a(safefat.o)
                0x200241bc                safe_setcluster
 .text.safe_deletechain
                0x20024288      0x1c8 C:/ISIS/workspace/ycube/GlobusSatProject/..//hal/hcc/lib\libHCCD.a(safefat.o)
                0x20024288                safe_deletechain
 .text.safe_cfclose
                0x20024450      0x104 C:/ISIS/workspace/ycube/GlobusSatProject/..//hal/hcc/lib\libHCCD.a(safefat.o)
                0x20024450                safe_cfclose
 .text.safe_cfflush
                0x20024554      0x124 C:/ISIS/workspace/ycube/GlobusSatProject/..//hal/hcc/lib\libHCCD.a(safefat.o)
                0x20024554                safe_cfflush
 .text.safe_reset
                0x20024678       0x78 C:/ISIS/workspace/ycube/GlobusSatProject/..//hal/hcc/lib\libHCCD.a(safefat.o)
                0x20024678                safe_reset
 .text.safe_loadcommands
                0x200246f0       0x78 C:/ISIS/workspace/ycube/GlobusSatProject/..//hal/hcc/lib\libHCCD.a(safefat.o)
                0x200246f0                safe_loadcommands
 .text.safe_poweron
                0x20024768      0x1fc C:/ISIS/workspace/ycube/GlobusSatProject/..//hal/hcc/lib\libHCCD.a(safefat.o)
                0x20024768                safe_poweron
 .text.cf_getname
                0x20024964       0xc0 C:/ISIS/workspace/ycube/GlobusSatProject/..//hal/hcc/lib\libHCCD.a(safefat.o)
 .text.cf_copyclusterchain
                0x20024a24      0x138 C:/ISIS/workspace/ycube/GlobusSatProject/..//hal/hcc/lib\libHCCD.a(safefat.o)
 .text.cf_seektozero
                0x20024b5c       0x94 C:/ISIS/workspace/ycube/GlobusSatProject/..//hal/hcc/lib\libHCCD.a(safefat.o)
                0x20024b5c                cf_seektozero
 .text.cf_create
                0x20024bf0      0x3a8 C:/ISIS/workspace/ycube/GlobusSatProject/..//hal/hcc/lib\libHCCD.a(safefat.o)
                0x20024bf0                cf_create
 .text.cf_copyclustercontent
                0x20024f98      0x128 C:/ISIS/workspace/ycube/GlobusSatProject/..//hal/hcc/lib\libHCCD.a(safefat.o)
                0x20024f98                cf_copyclustercontent
 .text.cf_copycfn
                0x200250c0      0x4bc C:/ISIS/workspace/ycube/GlobusSatProject/..//hal/hcc/lib\libHCCD.a(safefat.o)
                0x200250c0                cf_copycfn
 .text.cf_remove
                0x2002557c      0x344 C:/ISIS/workspace/ycube/GlobusSatProject/..//hal/hcc/lib\libHCCD.a(safefat.o)
                0x2002557c                cf_remove
 .text.cf_setclusternew
                0x200258c0       0xf0 C:/ISIS/workspace/ycube/GlobusSatProject/..//hal/hcc/lib\libHCCD.a(safefat.o)
                0x200258c0                cf_setclusternew
 .text.cf_flush
                0x200259b0       0x58 C:/ISIS/workspace/ycube/GlobusSatProject/..//hal/hcc/lib\libHCCD.a(safefat.o)
                0x200259b0                cf_flush
 .text.cf_getcluster
                0x20025a08      0x1b4 C:/ISIS/workspace/ycube/GlobusSatProject/..//hal/hcc/lib\libHCCD.a(safefat.o)
                0x20025a08                cf_getcluster
 .text.cf_setnextcluster
                0x20025bbc      0x194 C:/ISIS/workspace/ycube/GlobusSatProject/..//hal/hcc/lib\libHCCD.a(safefat.o)
                0x20025bbc                cf_setnextcluster
 .text.cf_getpositions
                0x20025d50       0xbc C:/ISIS/workspace/ycube/GlobusSatProject/..//hal/hcc/lib\libHCCD.a(safefat.o)
                0x20025d50                cf_getpositions
 .text.cf_setpositions
                0x20025e0c       0xb0 C:/ISIS/workspace/ycube/GlobusSatProject/..//hal/hcc/lib\libHCCD.a(safefat.o)
                0x20025e0c                cf_setpositions
 .text.cf_opensyncafile
                0x20025ebc      0x150 C:/ISIS/workspace/ycube/GlobusSatProject/..//hal/hcc/lib\libHCCD.a(safefat.o)
                0x20025ebc                cf_opensyncafile
 .text.cf_reloadcfo
                0x2002600c       0xd8 C:/ISIS/workspace/ycube/GlobusSatProject/..//hal/hcc/lib\libHCCD.a(safefat.o)
                0x2002600c                cf_reloadcfo
 .text.mcipdc_cmd
                0x200260e4      0x22c C:/ISIS/workspace/ycube/GlobusSatProject/..//hal/hcc/lib\libHCCD.a(atmel_mcipdc.o)
 .text.mcipdc_stop
                0x20026310       0xfc C:/ISIS/workspace/ycube/GlobusSatProject/..//hal/hcc/lib\libHCCD.a(atmel_mcipdc.o)
                0x20026310                mcipdc_stop
 .text.mcipdc_read
                0x2002640c      0x27c C:/ISIS/workspace/ycube/GlobusSatProject/..//hal/hcc/lib\libHCCD.a(atmel_mcipdc.o)
 .text.mcipdc_write
                0x20026688      0x298 C:/ISIS/workspace/ycube/GlobusSatProject/..//hal/hcc/lib\libHCCD.a(atmel_mcipdc.o)
 .text.mcipdc_readsector
                0x20026920       0x9c C:/ISIS/workspace/ycube/GlobusSatProject/..//hal/hcc/lib\libHCCD.a(atmel_mcipdc.o)
                0x20026920                mcipdc_readsector
 .text.mcipdc_readmultiplesector
                0x200269bc      0x124 C:/ISIS/workspace/ycube/GlobusSatProject/..//hal/hcc/lib\libHCCD.a(atmel_mcipdc.o)
                0x200269bc                mcipdc_readmultiplesector
 .text.mcipdc_writesector
                0x20026ae0       0x90 C:/ISIS/workspace/ycube/GlobusSatProject/..//hal/hcc/lib\libHCCD.a(atmel_mcipdc.o)
                0x20026ae0                mcipdc_writesector
 .text.mcipdc_writemultiplesector
                0x20026b70      0x120 C:/ISIS/workspace/ycube/GlobusSatProject/..//hal/hcc/lib\libHCCD.a(atmel_mcipdc.o)
                0x20026b70                mcipdc_writemultiplesector
 .text.mcipdc_set_speed
                0x20026c90       0xb0 C:/ISIS/workspace/ycube/GlobusSatProject/..//hal/hcc/lib\libHCCD.a(atmel_mcipdc.o)
 .text.mcipdc_get_speed
                0x20026d40       0x48 C:/ISIS/workspace/ycube/GlobusSatProject/..//hal/hcc/lib\libHCCD.a(atmel_mcipdc.o)
 .text._get_csd_bits
                0x20026d88      0x14c C:/ISIS/workspace/ycube/GlobusSatProject/..//hal/hcc/lib\libHCCD.a(atmel_mcipdc.o)
 .text.mcipdc_initcard
                0x20026ed4      0x8f4 C:/ISIS/workspace/ycube/GlobusSatProject/..//hal/hcc/lib\libHCCD.a(atmel_mcipdc.o)
 .text.mcipdc_getstatus
                0x200277c8       0xe8 C:/ISIS/workspace/ycube/GlobusSatProject/..//hal/hcc/lib\libHCCD.a(atmel_mcipdc.o)
 .text.mcipdc_getphy
                0x200278b0       0x90 C:/ISIS/workspace/ycube/GlobusSatProject/..//hal/hcc/lib\libHCCD.a(atmel_mcipdc.o)
 .text.mcipdc_release
                0x20027940       0x50 C:/ISIS/workspace/ycube/GlobusSatProject/..//hal/hcc/lib\libHCCD.a(atmel_mcipdc.o)
 .text.atmel_mcipdc_initfunc
                0x20027990      0x160 C:/ISIS/workspace/ycube/GlobusSatProject/..//hal/hcc/lib\libHCCD.a(atmel_mcipdc.o)
                0x20027990                atmel_mcipdc_initfunc
 .text.oal_task_get_id
                0x20027af0       0x18 C:/ISIS/workspace/ycube/GlobusSatProject/..//hal/hcc/lib\libHCCD.a(oalp_task.o)
                0x20027af0                oal_task_get_id
 .text.oal_mutex_create
                0x20027b08       0x54 C:/ISIS/workspace/ycube/GlobusSatProject/..//hal/hcc/lib\libHCCD.a(oalp_mutex.o)
                0x20027b08                oal_mutex_create
 .text.oal_mutex_delete
                0x20027b5c       0x30 C:/ISIS/workspace/ycube/GlobusSatProject/..//hal/hcc/lib\libHCCD.a(oalp_mutex.o)
                0x20027b5c                oal_mutex_delete
 .text.oal_mutex_get
                0x20027b8c       0x58 C:/ISIS/workspace/ycube/GlobusSatProject/..//hal/hcc/lib\libHCCD.a(oalp_mutex.o)
                0x20027b8c                oal_mutex_get
 .text.oal_mutex_put
                0x20027be4       0x58 C:/ISIS/workspace/ycube/GlobusSatProject/..//hal/hcc/lib\libHCCD.a(oalp_mutex.o)
                0x20027be4                oal_mutex_put
 .text.mcipdc_hw_init
                0x20027c3c       0xe8 C:/ISIS/workspace/ycube/GlobusSatProject/..//hal/hcc/lib\libHCCD.a(atmel_mcipdc_hw.o)
                0x20027c3c                mcipdc_hw_init
 .text.mcipdc_hw_delete
                0x20027d24       0x78 C:/ISIS/workspace/ycube/GlobusSatProject/..//hal/hcc/lib\libHCCD.a(atmel_mcipdc_hw.o)
                0x20027d24                mcipdc_hw_delete
 .text.mcipdc_hw_card_plugged
                0x20027d9c       0x1c C:/ISIS/workspace/ycube/GlobusSatProject/..//hal/hcc/lib\libHCCD.a(atmel_mcipdc_hw.o)
                0x20027d9c                mcipdc_hw_card_plugged
 .text.mcipdc_hw_card_writeprotect
                0x20027db8       0x1c C:/ISIS/workspace/ycube/GlobusSatProject/..//hal/hcc/lib\libHCCD.a(atmel_mcipdc_hw.o)
                0x20027db8                mcipdc_hw_card_writeprotect
 .text.psp_getrand
                0x20027dd4      0x14c C:/ISIS/workspace/ycube/GlobusSatProject/..//hal/hcc/lib\libHCCD.a(psp_rand.o)
                0x20027dd4                psp_getrand
 .text.psp_getcurrenttimedate
                0x20027f20       0x8c C:/ISIS/workspace/ycube/GlobusSatProject/..//hal/hcc/lib\libHCCD.a(psp_rtc.o)
                0x20027f20                psp_getcurrenttimedate
 .text._hcc_get_buf_dsc
                0x20027fac       0x8c C:/ISIS/workspace/ycube/GlobusSatProject/..//hal/hcc/lib\libHCCD.a(hcc_mem.o)
 .text._hcc_check_free_pages
                0x20028038      0x18c C:/ISIS/workspace/ycube/GlobusSatProject/..//hal/hcc/lib\libHCCD.a(hcc_mem.o)
 .text._hcc_mark_pages
                0x200281c4      0x158 C:/ISIS/workspace/ycube/GlobusSatProject/..//hal/hcc/lib\libHCCD.a(hcc_mem.o)
 .text._hcc_clear_lock_dsc
                0x2002831c       0x80 C:/ISIS/workspace/ycube/GlobusSatProject/..//hal/hcc/lib\libHCCD.a(hcc_mem.o)
 .text._hcc_lock_access
                0x2002839c      0x128 C:/ISIS/workspace/ycube/GlobusSatProject/..//hal/hcc/lib\libHCCD.a(hcc_mem.o)
 .text._hcc_unlock_access
                0x200284c4       0x30 C:/ISIS/workspace/ycube/GlobusSatProject/..//hal/hcc/lib\libHCCD.a(hcc_mem.o)
 .text.hcc_mem_alloc
                0x200284f4      0x454 C:/ISIS/workspace/ycube/GlobusSatProject/..//hal/hcc/lib\libHCCD.a(hcc_mem.o)
                0x200284f4                hcc_mem_alloc
 .text.hcc_mem_free
                0x20028948      0x178 C:/ISIS/workspace/ycube/GlobusSatProject/..//hal/hcc/lib\libHCCD.a(hcc_mem.o)
                0x20028948                hcc_mem_free
 .text.hcc_mem_add
                0x20028ac0      0x3b0 C:/ISIS/workspace/ycube/GlobusSatProject/..//hal/hcc/lib\libHCCD.a(hcc_mem.o)
                0x20028ac0                hcc_mem_add
 .text.hcc_mem_init
                0x20028e70      0x164 C:/ISIS/workspace/ycube/GlobusSatProject/..//hal/hcc/lib\libHCCD.a(hcc_mem.o)
                0x20028e70                hcc_mem_init
 .text.hcc_mem_delete
                0x20028fd4       0x94 C:/ISIS/workspace/ycube/GlobusSatProject/..//hal/hcc/lib\libHCCD.a(hcc_mem.o)
                0x20028fd4                hcc_mem_delete
 .text.hcc_mem_buf_alloc
                0x20029068       0xe4 C:/ISIS/workspace/ycube/GlobusSatProject/..//hal/hcc/lib\libHCCD.a(psp_hcc_mem.o)
                0x20029068                hcc_mem_buf_alloc
 .text.hcc_mem_buf_free
                0x2002914c       0x6c C:/ISIS/workspace/ycube/GlobusSatProject/..//hal/hcc/lib\libHCCD.a(psp_hcc_mem.o)
                0x2002914c                hcc_mem_buf_free
 .text.IsisSolarPanelv2_initialize
                0x200291b8      0x118 C:/ISIS/workspace/ycube/GlobusSatProject/..//satellite-subsystems/satellite-subsystems/lib\libSatelliteSubsystemsD.a(IsisSolarPanelv2.o)
                0x200291b8                IsisSolarPanelv2_initialize
 .text.IsisSolarPanelv2_getTemperature
                0x200292d0       0xfc C:/ISIS/workspace/ycube/GlobusSatProject/..//satellite-subsystems/satellite-subsystems/lib\libSatelliteSubsystemsD.a(IsisSolarPanelv2.o)
                0x200292d0                IsisSolarPanelv2_getTemperature
 .text._Reset   0x200293cc       0x20 C:/ISIS/workspace/ycube/GlobusSatProject/..//satellite-subsystems/satellite-subsystems/lib\libSatelliteSubsystemsD.a(IsisSolarPanelv2.o)
 .text._WaitForStartup
                0x200293ec       0xa0 C:/ISIS/workspace/ycube/GlobusSatProject/..//satellite-subsystems/satellite-subsystems/lib\libSatelliteSubsystemsD.a(IsisSolarPanelv2.o)
 .text._AssignAllChannels
                0x2002948c       0x90 C:/ISIS/workspace/ycube/GlobusSatProject/..//satellite-subsystems/satellite-subsystems/lib\libSatelliteSubsystemsD.a(IsisSolarPanelv2.o)
 .text._AssignThisChannel
                0x2002951c       0xe8 C:/ISIS/workspace/ycube/GlobusSatProject/..//satellite-subsystems/satellite-subsystems/lib\libSatelliteSubsystemsD.a(IsisSolarPanelv2.o)
 .text._InitiateConversion
                0x20029604       0xac C:/ISIS/workspace/ycube/GlobusSatProject/..//satellite-subsystems/satellite-subsystems/lib\libSatelliteSubsystemsD.a(IsisSolarPanelv2.o)
 .text._WaitForConversionComplete
                0x200296b0      0x110 C:/ISIS/workspace/ycube/GlobusSatProject/..//satellite-subsystems/satellite-subsystems/lib\libSatelliteSubsystemsD.a(IsisSolarPanelv2.o)
 .text._ReadResult
                0x200297c0      0x158 C:/ISIS/workspace/ycube/GlobusSatProject/..//satellite-subsystems/satellite-subsystems/lib\libSatelliteSubsystemsD.a(IsisSolarPanelv2.o)
 .text._ExtractByte
                0x20029918       0x38 C:/ISIS/workspace/ycube/GlobusSatProject/..//satellite-subsystems/satellite-subsystems/lib\libSatelliteSubsystemsD.a(IsisSolarPanelv2.o)
 .text._ExtendSign
                0x20029950       0x6c C:/ISIS/workspace/ycube/GlobusSatProject/..//satellite-subsystems/satellite-subsystems/lib\libSatelliteSubsystemsD.a(IsisSolarPanelv2.o)
 .text._PinsInit
                0x200299bc       0x68 C:/ISIS/workspace/ycube/GlobusSatProject/..//satellite-subsystems/satellite-subsystems/lib\libSatelliteSubsystemsD.a(IsisSolarPanelv2.o)
 .text._SpiWriteRead
                0x20029a24       0x70 C:/ISIS/workspace/ycube/GlobusSatProject/..//satellite-subsystems/satellite-subsystems/lib\libSatelliteSubsystemsD.a(IsisSolarPanelv2.o)
 .text.ISIS_ANTS_Init
                0x20029a94       0xc4 C:/ISIS/workspace/ycube/GlobusSatProject/..//satellite-subsystems/satellite-subsystems/lib\libSatelliteSubsystemsD.a(isis_ants.o)
                0x20029a94                ISIS_ANTS_Init
 .text.isis_ants__cancel_deploy
                0x20029b58       0x98 C:/ISIS/workspace/ycube/GlobusSatProject/..//satellite-subsystems/satellite-subsystems/lib\libSatelliteSubsystemsD.a(isis_ants.o)
                0x20029b58                isis_ants__cancel_deploy
 .text.isis_ants__disarm
                0x20029bf0       0x98 C:/ISIS/workspace/ycube/GlobusSatProject/..//satellite-subsystems/satellite-subsystems/lib\libSatelliteSubsystemsD.a(isis_ants.o)
                0x20029bf0                isis_ants__disarm
 .text.isis_ants__get_all_telemetry
                0x20029c88       0xa8 C:/ISIS/workspace/ycube/GlobusSatProject/..//satellite-subsystems/satellite-subsystems/lib\libSatelliteSubsystemsD.a(isis_ants.o)
                0x20029c88                isis_ants__get_all_telemetry
 .text.isis_ants__get_status
                0x20029d30       0xa8 C:/ISIS/workspace/ycube/GlobusSatProject/..//satellite-subsystems/satellite-subsystems/lib\libSatelliteSubsystemsD.a(isis_ants.o)
                0x20029d30                isis_ants__get_status
 .text.isis_ants__get_uptime
                0x20029dd8       0xa8 C:/ISIS/workspace/ycube/GlobusSatProject/..//satellite-subsystems/satellite-subsystems/lib\libSatelliteSubsystemsD.a(isis_ants.o)
                0x20029dd8                isis_ants__get_uptime
 .text.isis_ants__reset
                0x20029e80       0x98 C:/ISIS/workspace/ycube/GlobusSatProject/..//satellite-subsystems/satellite-subsystems/lib\libSatelliteSubsystemsD.a(isis_ants.o)
                0x20029e80                isis_ants__reset
 .text._ISIS_ANTS_I2C_Send