Archive member included because of file (symbol)

c:/isis/application/toolchain/bin/../lib/gcc/arm-none-eabi/4.7.4/../../../../arm-none-eabi/lib\libc_s.a(lib_a-vfprintf_float.o)
                              (_printf_float)
c:/isis/application/toolchain/bin/../lib/gcc/arm-none-eabi/4.7.4/../../../../arm-none-eabi/lib\libc_s.a(lib_a-vfprintf_i.o)
                              c:/isis/application/toolchain/bin/../lib/gcc/arm-none-eabi/4.7.4/../../../../arm-none-eabi/lib\libc_s.a(lib_a-vfprintf_float.o) (_printf_common)
c:/isis/application/toolchain/bin/../lib/gcc/arm-none-eabi/4.7.4/../../../../arm-none-eabi/lib\libc_s.a(lib_a-vfscanf_float.o)
                              (_scanf_float)
c:/isis/application/toolchain/bin/../lib/gcc/arm-none-eabi/4.7.4/../../../../arm-none-eabi/lib\libc_s.a(lib_a-dtoa.o)
                              c:/isis/application/toolchain/bin/../lib/gcc/arm-none-eabi/4.7.4/../../../../arm-none-eabi/lib\libc_s.a(lib_a-vfprintf_float.o) (_dtoa_r)
c:/isis/application/toolchain/bin/../lib/gcc/arm-none-eabi/4.7.4/../../../../arm-none-eabi/lib\libc_s.a(lib_a-locale.o)
                              c:/isis/application/toolchain/bin/../lib/gcc/arm-none-eabi/4.7.4/../../../../arm-none-eabi/lib\libc_s.a(lib_a-vfprintf_float.o) (_localeconv_r)
c:/isis/application/toolchain/bin/../lib/gcc/arm-none-eabi/4.7.4/../../../../arm-none-eabi/lib\libc_s.a(lib_a-malloc.o)
                              c:/isis/application/toolchain/bin/../lib/gcc/arm-none-eabi/4.7.4/../../../../arm-none-eabi/lib\libc_s.a(lib_a-dtoa.o) (malloc)
c:/isis/application/toolchain/bin/../lib/gcc/arm-none-eabi/4.7.4/../../../../arm-none-eabi/lib\libc_s.a(lib_a-mallocr.o)
                              c:/isis/application/toolchain/bin/../lib/gcc/arm-none-eabi/4.7.4/../../../../arm-none-eabi/lib\libc_s.a(lib_a-malloc.o) (_malloc_r)
c:/isis/application/toolchain/bin/../lib/gcc/arm-none-eabi/4.7.4/../../../../arm-none-eabi/lib\libc_s.a(lib_a-memcpy.o)
                              c:/isis/application/toolchain/bin/../lib/gcc/arm-none-eabi/4.7.4/../../../../arm-none-eabi/lib\libc_s.a(lib_a-dtoa.o) (memcpy)
c:/isis/application/toolchain/bin/../lib/gcc/arm-none-eabi/4.7.4/../../../../arm-none-eabi/lib\libc_s.a(lib_a-mprec.o)
                              c:/isis/application/toolchain/bin/../lib/gcc/arm-none-eabi/4.7.4/../../../../arm-none-eabi/lib\libc_s.a(lib_a-dtoa.o) (_Balloc)
c:/isis/application/toolchain/bin/../lib/gcc/arm-none-eabi/4.7.4/../../../../arm-none-eabi/lib\libc_s.a(lib_a-s_fpclassify.o)
                              c:/isis/application/toolchain/bin/../lib/gcc/arm-none-eabi/4.7.4/../../../../arm-none-eabi/lib\libc_s.a(lib_a-vfprintf_float.o) (__fpclassifyd)
c:/isis/application/toolchain/bin/../lib/gcc/arm-none-eabi/4.7.4/../../../../arm-none-eabi/lib\libc_s.a(lib_a-sbrkr.o)
                              c:/isis/application/toolchain/bin/../lib/gcc/arm-none-eabi/4.7.4/../../../../arm-none-eabi/lib\libc_s.a(lib_a-mallocr.o) (_sbrk_r)
c:/isis/application/toolchain/bin/../lib/gcc/arm-none-eabi/4.7.4/../../../../arm-none-eabi/lib\libc_s.a(lib_a-sf_nan.o)
                              c:/isis/application/toolchain/bin/../lib/gcc/arm-none-eabi/4.7.4/../../../../arm-none-eabi/lib\libc_s.a(lib_a-vfscanf_float.o) (nanf)
c:/isis/application/toolchain/bin/../lib/gcc/arm-none-eabi/4.7.4/../../../../arm-none-eabi/lib\libc_s.a(lib_a-sprintf.o)
                              c:/isis/application/toolchain/bin/../lib/gcc/arm-none-eabi/4.7.4/../../../../arm-none-eabi/lib\libc_s.a(lib_a-vfscanf_float.o) (sprintf)
c:/isis/application/toolchain/bin/../lib/gcc/arm-none-eabi/4.7.4/../../../../arm-none-eabi/lib\libc_s.a(lib_a-strcmp.o)
                              c:/isis/application/toolchain/bin/../lib/gcc/arm-none-eabi/4.7.4/../../../../arm-none-eabi/lib\libc_s.a(lib_a-locale.o) (strcmp)
c:/isis/application/toolchain/bin/../lib/gcc/arm-none-eabi/4.7.4/../../../../arm-none-eabi/lib\libc_s.a(lib_a-strlen.o)
                              c:/isis/application/toolchain/bin/../lib/gcc/arm-none-eabi/4.7.4/../../../../arm-none-eabi/lib\libc_s.a(lib_a-vfprintf_float.o) (strlen)
c:/isis/application/toolchain/bin/../lib/gcc/arm-none-eabi/4.7.4/../../../../arm-none-eabi/lib\libc_s.a(lib_a-strtod.o)
                              c:/isis/application/toolchain/bin/../lib/gcc/arm-none-eabi/4.7.4/../../../../arm-none-eabi/lib\libc_s.a(lib_a-vfscanf_float.o) (_strtod_r)
c:/isis/application/toolchain/bin/../lib/gcc/arm-none-eabi/4.7.4/../../../../arm-none-eabi/lib\libc_s.a(lib_a-strtol.o)
                              c:/isis/application/toolchain/bin/../lib/gcc/arm-none-eabi/4.7.4/../../../../arm-none-eabi/lib\libc_s.a(lib_a-vfscanf_float.o) (_strtol_r)
c:/isis/application/toolchain/bin/../lib/gcc/arm-none-eabi/4.7.4/../../../../arm-none-eabi/lib\libc_s.a(lib_a-svfprintf.o)
[...]
Memory Configuration

Name             Origin             Length             Attributes
sram0            0x00200000         0x00004000         w !xr
sram1            0x00300000         0x00004000         w !xr
sdram            0x20000000         0x02000000         w !xr
*default*        0x00000000         0xffffffff

Linker script and memory map

LOAD c:/isis/application/toolchain/bin/../lib/gcc/arm-none-eabi/4.7.4/../../../../arm-none-eabi/lib\libc_s.a
LOAD ./src/TestingDemos/CommandsTestingDemo.o
LOAD ./src/TestingDemos/EpsTestingDemo.o
LOAD ./src/TestingDemos/FileSystemTestingDemo.o
LOAD ./src/TestingDemos/MainTest.o
LOAD ./src/TestingDemos/MaintenanceTestingDemo.o
LOAD ./src/TestingDemos/TelemetryTestingDemo.o
LOAD ./src/TestingDemos/TrxvuTestingDemo.o
LOAD ./src/SubSystemModules/PowerManagment/EPS.o
LOAD ./src/SubSystemModules/PowerManagment/EPSOperationModes.o
LOAD ./src/SubSystemModules/Maintenance/Maintenance.o
LOAD ./src/SubSystemModules/Housekepping/TelemetryCollector.o
LOAD ./src/SubSystemModules/Communication/SubsystemCommands/EPS_Commands.o
LOAD ./src/SubSystemModules/Communication/SubsystemCommands/FS_Commands.o
LOAD ./src/SubSystemModules/Communication/SubsystemCommands/Maintanence_Commands.o
LOAD ./src/SubSystemModules/Communication/SubsystemCommands/TRXVU_Commands.o
LOAD ./src/SubSystemModules/Communication/AckHandler.o
LOAD ./src/SubSystemModules/Communication/CommandDictionary.o
LOAD ./src/SubSystemModules/Communication/SatCommandHandler.o
LOAD ./src/SubSystemModules/Communication/TRXVU.o
LOAD ./src/InitSystem.o
LOAD ./src/TLM_management.o
LOAD ./src/main.o
LOAD ./src/utils.o
LOAD C:/ISIS/workspace_ycube/GlobusSatProject/..//hal/hal/lib\libHALD.a
LOAD C:/ISIS/workspace_ycube/GlobusSatProject/..//hal/hcc/lib\libHCCD.a
LOAD C:/ISIS/workspace_ycube/satellite-subsystems/satellite-subsystems/lib\libSatelliteSubsystemsD.a
LOAD C:/ISIS/workspace_ycube/GlobusSatProject/..//hal/freertos/lib\libFreeRTOSD.a
LOAD C:/ISIS/workspace_ycube/GlobusSatProject/..//hal/at91/lib\libAt91D.a
START GROUP
LOAD c:/isis/application/toolchain/bin/../lib/gcc/arm-none-eabi/4.7.4\libgcc.a
LOAD c:/isis/application/toolchain/bin/../lib/gcc/arm-none-eabi/4.7.4/../../../../arm-none-eabi/lib\libc_s.a
END GROUP

.fixed          0x20000000    0x35ff0
                0x20000000                . = ALIGN (0x4)
                0x20000000                _sfixed = .
 *(.startup)
 .startup       0x20000000      0x134 C:/ISIS/workspace_ycube/GlobusSatProject/..//hal/at91/lib\libAt91D.a(board_cstartup.o)
                0x20000000                entry
 *(.text)
 .text          0x20000134       0x64 C:/ISIS/workspace_ycube/GlobusSatProject/..//hal/at91/lib\libAt91D.a(cp15_asm.o)
                0x20000134                _readControlRegister
                0x20000140                _writeControlRegister
                0x20000148                _waitForInterrupt
                0x20000154                _writeTTB
                0x2000015c                _writeDomain
                0x20000164                _writeITLBLockdown
                0x2000016c                _prefetchICacheLine
                0x20000174                _flushDCache
                0x20000180                _flushWriteBuffer
                0x2000018c                _invalidateIDTLBs
 .text          0x20000198      0x114 c:/isis/application/toolchain/bin/../lib/gcc/arm-none-eabi/4.7.4\libgcc.a(_udivsi3.o)
                0x20000198                __aeabi_uidiv
                0x20000198                __udivsi3
                0x2000028c                __aeabi_uidivmod
 .text          0x200002ac      0x148 c:/isis/application/toolchain/bin/../lib/gcc/arm-none-eabi/4.7.4\libgcc.a(_divsi3.o)
                0x200002ac                __divsi3
                0x200002ac                __aeabi_idiv
                0x200003d4                __aeabi_idivmod
 .text          0x200003f4        0x4 c:/isis/application/toolchain/bin/../lib/gcc/arm-none-eabi/4.7.4\libgcc.a(_dvmd_tls.o)
                0x200003f4                __aeabi_idiv0
                0x200003f4                __aeabi_ldiv0
 .text          0x200003f8      0x41c c:/isis/application/toolchain/bin/../lib/gcc/arm-none-eabi/4.7.4\libgcc.a(_arm_addsubdf3.o)
                0x200003f8                __aeabi_drsub
                0x20000400                __aeabi_dsub
                0x20000400                __subdf3
                0x20000404                __aeabi_dadd
                0x20000404                __adddf3
                0x20000714                __floatunsidf
                0x20000714                __aeabi_ui2d
                0x20000738                __floatsidf
                0x20000738                __aeabi_i2d
                0x20000760                __aeabi_f2d
                0x20000760                __extendsfdf2
                0x200007a0                __floatundidf
                0x200007a0                __aeabi_ul2d
                0x200007b4                __floatdidf
                0x200007b4                __aeabi_l2d
 .text          0x20000814      0x49c c:/isis/application/toolchain/bin/../lib/gcc/arm-none-eabi/4.7.4\libgcc.a(_arm_muldivdf3.o)
                0x20000814                __aeabi_dmul
                0x20000814                __muldf3
                0x20000aa4                __divdf3
                0x20000aa4                __aeabi_ddiv
 .text          0x20000cb0      0x144 c:/isis/application/toolchain/bin/../lib/gcc/arm-none-eabi/4.7.4\libgcc.a(_arm_cmpdf2.o)
                0x20000cb0                __gtdf2
                0x20000cb0                __gedf2
                0x20000cb8                __ltdf2
                0x20000cb8                __ledf2
                0x20000cc0                __nedf2
                0x20000cc0                __eqdf2
                0x20000cc0                __cmpdf2
                0x20000d48                __aeabi_cdrcmple
                0x20000d64                __aeabi_cdcmpeq
                0x20000d64                __aeabi_cdcmple
                0x20000d7c                __aeabi_dcmpeq
                0x20000d94                __aeabi_dcmplt
                0x20000dac                __aeabi_dcmple
                0x20000dc4                __aeabi_dcmpge
                0x20000ddc                __aeabi_dcmpgt
 .text          0x20000df4       0x5c c:/isis/application/toolchain/bin/../lib/gcc/arm-none-eabi/4.7.4\libgcc.a(_arm_fixdfsi.o)
                0x20000df4                __aeabi_d2iz
                0x20000df4                __fixdfsi
 .text          0x20000e50       0x54 c:/isis/application/toolchain/bin/../lib/gcc/arm-none-eabi/4.7.4\libgcc.a(_arm_fixunsdfsi.o)
                0x20000e50                __aeabi_d2uiz
                0x20000e50                __fixunsdfsi
 .text          0x20000ea4       0xa0 c:/isis/application/toolchain/bin/../lib/gcc/arm-none-eabi/4.7.4\libgcc.a(_arm_truncdfsf2.o)
                0x20000ea4                __truncdfsf2
                0x20000ea4                __aeabi_d2f
 .text          0x20000f44      0x2ac c:/isis/application/toolchain/bin/../lib/gcc/arm-none-eabi/4.7.4\libgcc.a(_arm_addsubsf3.o)
                0x20000f44                __aeabi_frsub
                0x20000f4c                __subsf3
                0x20000f4c                __aeabi_fsub
                0x20000f50                __aeabi_fadd
                0x20000f50                __addsf3
                0x2000110c                __aeabi_ui2f
                0x2000110c                __floatunsisf
                0x20001114                __aeabi_i2f
                0x20001114                __floatsisf
                0x20001134                __aeabi_ul2f
                0x20001134                __floatundisf
                0x20001144                __aeabi_l2f
                0x20001144                __floatdisf
 .text          0x200011f0      0x2f8 c:/isis/application/toolchain/bin/../lib/gcc/arm-none-eabi/4.7.4\libgcc.a(_arm_muldivsf3.o)
                0x200011f0                __mulsf3
                0x200011f0                __aeabi_fmul
                0x20001388                __aeabi_fdiv
                0x20001388                __divsf3
 .text          0x200014e8      0x114 c:/isis/application/toolchain/bin/../lib/gcc/arm-none-eabi/4.7.4\libgcc.a(_arm_cmpsf2.o)
                0x200014e8                __gesf2
                0x200014e8                __gtsf2
                0x200014f0                __lesf2
                0x200014f0                __ltsf2
                0x200014f8                __nesf2
                0x200014f8                __eqsf2
                0x200014f8                __cmpsf2
                0x2000155c                __aeabi_cfrcmple
                0x2000156c                __aeabi_cfcmpeq
                0x2000156c                __aeabi_cfcmple
                0x20001584                __aeabi_fcmpeq
                0x2000159c                __aeabi_fcmplt
                0x200015b4                __aeabi_fcmple
                0x200015cc                __aeabi_fcmpge
                0x200015e4                __aeabi_fcmpgt
 .text          0x200015fc       0x54 c:/isis/application/toolchain/bin/../lib/gcc/arm-none-eabi/4.7.4\libgcc.a(_arm_fixunssfsi.o)
                0x200015fc                __fixunssfsi
                0x200015fc                __aeabi_f2uiz
 *(.text*)
 .text.__cvt    0x20001650      0x138 c:/isis/application/toolchain/bin/../lib/gcc/arm-none-eabi/4.7.4/../../../../arm-none-eabi/lib\libc_s.a(lib_a-vfprintf_float.o)
                0x20001650                __cvt
 .text.__exponent
                0x20001788       0xa8 c:/isis/application/toolchain/bin/../lib/gcc/arm-none-eabi/4.7.4/../../../../arm-none-eabi/lib\libc_s.a(lib_a-vfprintf_float.o)
                0x20001788                __exponent
 .text._printf_float
                0x20001830      0x7dc c:/isis/application/toolchain/bin/../lib/gcc/arm-none-eabi/4.7.4/../../../../arm-none-eabi/lib\libc_s.a(lib_a-vfprintf_float.o)
                0x20001830                _printf_float
 .text._printf_common
                0x2000200c      0x174 c:/isis/application/toolchain/bin/../lib/gcc/arm-none-eabi/4.7.4/../../../../arm-none-eabi/lib\libc_s.a(lib_a-vfprintf_i.o)
                0x2000200c                _printf_common
 .text._printf_i
                0x20002180      0x3c4 c:/isis/application/toolchain/bin/../lib/gcc/arm-none-eabi/4.7.4/../../../../arm-none-eabi/lib\libc_s.a(lib_a-vfprintf_i.o)
                0x20002180                _printf_i
 .text._scanf_float
                0x20002544      0x5f4 c:/isis/application/toolchain/bin/../lib/gcc/arm-none-eabi/4.7.4/../../../../arm-none-eabi/lib\libc_s.a(lib_a-vfscanf_float.o)
                0x20002544                _scanf_float
 .text.quorem   0x20002b38      0x1ac c:/isis/application/toolchain/bin/../lib/gcc/arm-none-eabi/4.7.4/../../../../arm-none-eabi/lib\libc_s.a(lib_a-dtoa.o)
 .text._dtoa_r  0x20002ce4     0x1268 c:/isis/application/toolchain/bin/../lib/gcc/arm-none-eabi/4.7.4/../../../../arm-none-eabi/lib\libc_s.a(lib_a-dtoa.o)
                0x20002ce4                _dtoa_r
 .text._localeconv_r
                0x20003f4c        0xc c:/isis/application/toolchain/bin/../lib/gcc/arm-none-eabi/4.7.4/../../../../arm-none-eabi/lib\libc_s.a(lib_a-locale.o)
                0x20003f4c                _localeconv_r
 .text.malloc   0x20003f58       0x20 c:/isis/application/toolchain/bin/../lib/gcc/arm-none-eabi/4.7.4/../../../../arm-none-eabi/lib\libc_s.a(lib_a-malloc.o)
                0x20003f58                malloc
 .text.free     0x20003f78       0x20 c:/isis/application/toolchain/bin/../lib/gcc/arm-none-eabi/4.7.4/../../../../arm-none-eabi/lib\libc_s.a(lib_a-malloc.o)
                0x20003f78                free
 .text._malloc_r
                0x20003f98       0xfc c:/isis/application/toolchain/bin/../lib/gcc/arm-none-eabi/4.7.4/../../../../arm-none-eabi/lib\libc_s.a(lib_a-mallocr.o)
                0x20003f98                _malloc_r
 .text.memcpy   0x20004094       0x20 c:/isis/application/toolchain/bin/../lib/gcc/arm-none-eabi/4.7.4/../../../../arm-none-eabi/lib\libc_s.a(lib_a-memcpy.o)
                0x20004094                memcpy
 .text._Balloc  0x200040b4       0xcc c:/isis/application/toolchain/bin/../lib/gcc/arm-none-eabi/4.7.4/../../../../arm-none-eabi/lib\libc_s.a(lib_a-mprec.o)
                0x200040b4                _Balloc
 .text._Bfree   0x20004180       0x5c c:/isis/application/toolchain/bin/../lib/gcc/arm-none-eabi/4.7.4/../../../../arm-none-eabi/lib\libc_s.a(lib_a-mprec.o)
                0x20004180                _Bfree
 .text.__multadd
                0x200041dc       0xbc c:/isis/application/toolchain/bin/../lib/gcc/arm-none-eabi/4.7.4/../../../../arm-none-eabi/lib\libc_s.a(lib_a-mprec.o)
                0x200041dc                __multadd
 .text.__s2b    0x20004298       0xd8 c:/isis/application/toolchain/bin/../lib/gcc/arm-none-eabi/4.7.4/../../../../arm-none-eabi/lib\libc_s.a(lib_a-mprec.o)
                0x20004298                __s2b
 .text.__hi0bits
                0x20004370       0x58 c:/isis/application/toolchain/bin/../lib/gcc/arm-none-eabi/4.7.4/../../../../arm-none-eabi/lib\libc_s.a(lib_a-mprec.o)
                0x20004370                __hi0bits
 .text.__lo0bits
                0x200043c8       0x94 c:/isis/application/toolchain/bin/../lib/gcc/arm-none-eabi/4.7.4/../../../../arm-none-eabi/lib\libc_s.a(lib_a-mprec.o)
                0x200043c8                __lo0bits
 .text.__i2b    0x2000445c       0x24 c:/isis/application/toolchain/bin/../lib/gcc/arm-none-eabi/4.7.4/../../../../arm-none-eabi/lib\libc_s.a(lib_a-mprec.o)
                0x2000445c                __i2b
 .text.__multiply
                0x20004480      0x1ac c:/isis/application/toolchain/bin/../lib/gcc/arm-none-eabi/4.7.4/../../../../arm-none-eabi/lib\libc_s.a(lib_a-mprec.o)
                0x20004480                __multiply
 .text.__pow5mult
                0x2000462c      0x10c c:/isis/application/toolchain/bin/../lib/gcc/arm-none-eabi/4.7.4/../../../../arm-none-eabi/lib\libc_s.a(lib_a-mprec.o)
                0x2000462c                __pow5mult
 .text.__lshift
                0x20004738       0xf0 c:/isis/application/toolchain/bin/../lib/gcc/arm-none-eabi/4.7.4/../../../../arm-none-eabi/lib\libc_s.a(lib_a-mprec.o)
                0x20004738                __lshift
 .text.__mcmp   0x20004828       0x60 c:/isis/application/toolchain/bin/../lib/gcc/arm-none-eabi/4.7.4/../../../../arm-none-eabi/lib\libc_s.a(lib_a-mprec.o)
                0x20004828                __mcmp
 .text.__mdiff  0x20004888      0x128 c:/isis/application/toolchain/bin/../lib/gcc/arm-none-eabi/4.7.4/../../../../arm-none-eabi/lib\libc_s.a(lib_a-mprec.o)
                0x20004888                __mdiff
 .text.__ulp    0x200049b0       0x5c c:/isis/application/toolchain/bin/../lib/gcc/arm-none-eabi/4.7.4/../../../../arm-none-eabi/lib\libc_s.a(lib_a-mprec.o)
                0x200049b0                __ulp
 .text.__b2d    0x20004a0c       0xc8 c:/isis/application/toolchain/bin/../lib/gcc/arm-none-eabi/4.7.4/../../../../arm-none-eabi/lib\libc_s.a(lib_a-mprec.o)
                0x20004a0c                __b2d
 .text.__d2b    0x20004ad4       0xfc c:/isis/application/toolchain/bin/../lib/gcc/arm-none-eabi/4.7.4/../../../../arm-none-eabi/lib\libc_s.a(lib_a-mprec.o)
                0x20004ad4                __d2b
 .text.__ratio  0x20004bd0       0x70 c:/isis/application/toolchain/bin/../lib/gcc/arm-none-eabi/4.7.4/../../../../arm-none-eabi/lib\libc_s.a(lib_a-mprec.o)
                0x20004bd0                __ratio
 .text.__copybits
                0x20004c40       0x4c c:/isis/application/toolchain/bin/../lib/gcc/arm-none-eabi/4.7.4/../../../../arm-none-eabi/lib\libc_s.a(lib_a-mprec.o)
                0x20004c40                __copybits
 .text.__any_on
                0x20004c8c       0x7c c:/isis/application/toolchain/bin/../lib/gcc/arm-none-eabi/4.7.4/../../../../arm-none-eabi/lib\libc_s.a(lib_a-mprec.o)
                0x20004c8c                __any_on
 .text.__fpclassifyd
                0x20004d08       0x6c c:/isis/application/toolchain/bin/../lib/gcc/arm-none-eabi/4.7.4/../../../../arm-none-eabi/lib\libc_s.a(lib_a-s_fpclassify.o)
                0x20004d08                __fpclassifyd
 .text._sbrk_r  0x20004d74       0x3c c:/isis/application/toolchain/bin/../lib/gcc/arm-none-eabi/4.7.4/../../../../arm-none-eabi/lib\libc_s.a(lib_a-sbrkr.o)
                0x20004d74                _sbrk_r
 .text.nanf     0x20004db0        0xc c:/isis/application/toolchain/bin/../lib/gcc/arm-none-eabi/4.7.4/../../../../arm-none-eabi/lib\libc_s.a(lib_a-sf_nan.o)
                0x20004db0                nanf
 .text.sprintf  0x20004dbc       0x6c c:/isis/application/toolchain/bin/../lib/gcc/arm-none-eabi/4.7.4/../../../../arm-none-eabi/lib\libc_s.a(lib_a-sprintf.o)
                0x20004dbc                siprintf
                0x20004dbc                sprintf
 .text.strlen   0x20004e28       0x1c c:/isis/application/toolchain/bin/../lib/gcc/arm-none-eabi/4.7.4/../../../../arm-none-eabi/lib\libc_s.a(lib_a-strlen.o)
                0x20004e28                strlen
 .text.match    0x20004e44       0x54 c:/isis/application/toolchain/bin/../lib/gcc/arm-none-eabi/4.7.4/../../../../arm-none-eabi/lib\libc_s.a(lib_a-strtod.o)
 .text._strtod_r
                0x20004e98     0x1168 c:/isis/application/toolchain/bin/../lib/gcc/arm-none-eabi/4.7.4/../../../../arm-none-eabi/lib\libc_s.a(lib_a-strtod.o)
                0x20004e98                _strtod_r
 .text._strtol_r
                0x20006000      0x1b8 c:/isis/application/toolchain/bin/../lib/gcc/arm-none-eabi/4.7.4/../../../../arm-none-eabi/lib\libc_s.a(lib_a-strtol.o)
                0x20006000                _strtol_r
 .text.__ssputc_r
                0x200061b8      0x10c c:/isis/application/toolchain/bin/../lib/gcc/arm-none-eabi/4.7.4/../../../../arm-none-eabi/lib\libc_s.a(lib_a-svfprintf.o)
                0x200061b8                __ssputc_r
 .text._svfprintf_r
                0x200062c4      0x328 c:/isis/application/toolchain/bin/../lib/gcc/arm-none-eabi/4.7.4/../../../../arm-none-eabi/lib\libc_s.a(lib_a-svfprintf.o)
                0x200062c4                _svfiprintf_r
                0x200062c4                _svfprintf_r
 .text._calloc_r
                0x200065ec       0x2c c:/isis/application/toolchain/bin/../lib/gcc/arm-none-eabi/4.7.4/../../../../arm-none-eabi/lib\libc_s.a(lib_a-callocr.o)
                0x200065ec                _calloc_r
 .text._free_r  0x20006618      0x108 c:/isis/application/toolchain/bin/../lib/gcc/arm-none-eabi/4.7.4/../../../../arm-none-eabi/lib\libc_s.a(lib_a-freer.o)
                0x20006618                _free_r
 .text.rshift   0x20006720       0xb0 c:/isis/application/toolchain/bin/../lib/gcc/arm-none-eabi/4.7.4/../../../../arm-none-eabi/lib\libc_s.a(lib_a-gdtoa-gethex.o)
 .text.htinit.constprop.0
                0x200067d0       0x34 c:/isis/application/toolchain/bin/../lib/gcc/arm-none-eabi/4.7.4/../../../../arm-none-eabi/lib\libc_s.a(lib_a-gdtoa-gethex.o)
 .text.__hexdig_init
                0x20006804       0x38 c:/isis/application/toolchain/bin/../lib/gcc/arm-none-eabi/4.7.4/../../../../arm-none-eabi/lib\libc_s.a(lib_a-gdtoa-gethex.o)
                0x20006804                __hexdig_init
 .text.__gethex
                0x2000683c      0x6cc c:/isis/application/toolchain/bin/../lib/gcc/arm-none-eabi/4.7.4/../../../../arm-none-eabi/lib\libc_s.a(lib_a-gdtoa-gethex.o)
                0x2000683c                __gethex
 .text.L_shift  0x20006f08       0x38 c:/isis/application/toolchain/bin/../lib/gcc/arm-none-eabi/4.7.4/../../../../arm-none-eabi/lib\libc_s.a(lib_a-gdtoa-hexnan.o)
 .text.__hexnan
                0x20006f40      0x1d8 c:/isis/application/toolchain/bin/../lib/gcc/arm-none-eabi/4.7.4/../../../../arm-none-eabi/lib\libc_s.a(lib_a-gdtoa-hexnan.o)
                0x20006f40                __hexnan
 .text.memchr   0x20007118       0x34 c:/isis/application/toolchain/bin/../lib/gcc/arm-none-eabi/4.7.4/../../../../arm-none-eabi/lib\libc_s.a(lib_a-memchr.o)
                0x20007118                memchr
 .text.memset   0x2000714c       0x1c c:/isis/application/toolchain/bin/../lib/gcc/arm-none-eabi/4.7.4/../../../../arm-none-eabi/lib\libc_s.a(lib_a-memset.o)
                0x2000714c                memset
 .text._realloc_r
                0x20007168       0x80 c:/isis/application/toolchain/bin/../lib/gcc/arm-none-eabi/4.7.4/../../../../arm-none-eabi/lib\libc_s.a(lib_a-reallocr.o)
                0x20007168                _realloc_r
 .text.strncmp  0x200071e8       0x64 c:/isis/application/toolchain/bin/../lib/gcc/arm-none-eabi/4.7.4/../../../../arm-none-eabi/lib\libc_s.a(lib_a-strncmp.o)
                0x200071e8                strncmp
 .text._malloc_usable_size_r
                0x2000724c       0x1c c:/isis/application/toolchain/bin/../lib/gcc/arm-none-eabi/4.7.4/../../../../arm-none-eabi/lib\libc_s.a(lib_a-msizer.o)
                0x2000724c                _malloc_usable_size_r
 .text.TestActUponCommand
                0x20007268      0x114 ./src/TestingDemos/CommandsTestingDemo.o
                0x20007268                TestActUponCommand
 .text.TestAssmbleCommand
                0x2000737c      0x14c ./src/TestingDemos/CommandsTestingDemo.o
                0x2000737c                TestAssmbleCommand
 .text.TestGetDelayedCommand
                0x200074c8       0xa0 ./src/TestingDemos/CommandsTestingDemo.o
                0x200074c8                TestGetDelayedCommand
 .text.TestAddDelayedCommand
                0x20007568       0xd0 ./src/TestingDemos/CommandsTestingDemo.o
                0x20007568                TestAddDelayedCommand
 .text.TestGetDelayedCommandBufferCount
                0x20007638       0x54 ./src/TestingDemos/CommandsTestingDemo.o
                0x20007638                TestGetDelayedCommandBufferCount
 .text.TestGetOnlineCommand
                0x2000768c       0xc8 ./src/TestingDemos/CommandsTestingDemo.o
                0x2000768c                TestGetOnlineCommand
 .text.TestDeleteDelayedCommandByIndex
                0x20007754      0x1c0 ./src/TestingDemos/CommandsTestingDemo.o
                0x20007754                TestDeleteDelayedCommandByIndex
 .text.TestDeleteDelayedBuffer
                0x20007914      0x140 ./src/TestingDemos/CommandsTestingDemo.o
                0x20007914                TestDeleteDelayedBuffer
 .text.selectAndExecuteCommandsDemoTest
                0x20007a54      0x170 ./src/TestingDemos/CommandsTestingDemo.o
                0x20007a54                selectAndExecuteCommandsDemoTest
 .text.MainCommandsTestBench
                0x20007bc4       0x44 ./src/TestingDemos/CommandsTestingDemo.o
                0x20007bc4                MainCommandsTestBench
 .text.TestEpsConditioning
                0x20007c08      0x1e8 ./src/TestingDemos/EpsTestingDemo.o
                0x20007c08                TestEpsConditioning
 .text.TestGetBatteryVoltage
                0x20007df0       0x64 ./src/TestingDemos/EpsTestingDemo.o
                0x20007df0                TestGetBatteryVoltage
 .text.TestUpdateThreshVoltages
                0x20007e54      0x170 ./src/TestingDemos/EpsTestingDemo.o
                0x20007e54                TestUpdateThreshVoltages
 .text.TestGetThreshVoltages
                0x20007fc4       0xb0 ./src/TestingDemos/EpsTestingDemo.o
                0x20007fc4                TestGetThreshVoltages
 .text.TestUpdateAlpha
                0x20008074       0xd0 ./src/TestingDemos/EpsTestingDemo.o
                0x20008074                TestUpdateAlpha
 .text.TestGetAlpha
                0x20008144       0x78 ./src/TestingDemos/EpsTestingDemo.o
                0x20008144                TestGetAlpha
 .text.TestRestoreDefaultAlpha
                0x200081bc       0xfc ./src/TestingDemos/EpsTestingDemo.o
                0x200081bc                TestRestoreDefaultAlpha
 .text.TestRestoreDefaultThresholdVoltages
                0x200082b8      0x154 ./src/TestingDemos/EpsTestingDemo.o
                0x200082b8                TestRestoreDefaultThresholdVoltages
 .text.selectAndExecuteEpsDemoTest
                0x2000840c      0x174 ./src/TestingDemos/EpsTestingDemo.o
                0x2000840c                selectAndExecuteEpsDemoTest
 .text.MainEpsTestBench
                0x20008580       0x40 ./src/TestingDemos/EpsTestingDemo.o
                0x20008580                MainEpsTestBench
 .text.TestlistFiels
                0x200085c0       0xa8 ./src/TestingDemos/FileSystemTestingDemo.o
                0x200085c0                TestlistFiels
 .text.TestLOGTLM
                0x20008668      0x110 ./src/TestingDemos/FileSystemTestingDemo.o
                0x20008668                TestLOGTLM
 .text.TestEPSTLM
                0x20008778       0xa8 ./src/TestingDemos/FileSystemTestingDemo.o
                0x20008778                TestEPSTLM
 .text.TestReadTimeRangeTLMRes
                0x20008820      0x210 ./src/TestingDemos/FileSystemTestingDemo.o
                0x20008820                TestReadTimeRangeTLMRes
 .text.TestReadTimeRangeTLM
                0x20008a30      0x178 ./src/TestingDemos/FileSystemTestingDemo.o
                0x20008a30                TestReadTimeRangeTLM
 .text.TestWODTLM
                0x20008ba8       0xa8 ./src/TestingDemos/FileSystemTestingDemo.o
                0x20008ba8                TestWODTLM
 .text.TestDeleteFiels
                0x20008c50      0x2b8 ./src/TestingDemos/FileSystemTestingDemo.o
                0x20008c50                TestDeleteFiels
 .text.TestReadMultiFiels
                0x20008f08      0x2ac ./src/TestingDemos/FileSystemTestingDemo.o
                0x20008f08                TestReadMultiFiels
 .text.TestTRXVUTLM
                0x200091b4      0x11c ./src/TestingDemos/FileSystemTestingDemo.o
                0x200091b4                TestTRXVUTLM
 .text.selectAndExecuteFSTest
                0x200092d0      0x190 ./src/TestingDemos/FileSystemTestingDemo.o
                0x200092d0                selectAndExecuteFSTest
 .text.MainFileSystemTestBench
                0x20009460       0x44 ./src/TestingDemos/FileSystemTestingDemo.o
                0x20009460                MainFileSystemTestBench
 .text.selectAndExecuteTest
                0x200094a4      0x164 ./src/TestingDemos/MainTest.o
                0x200094a4                selectAndExecuteTest
 .text.taskTesting
                0x20009608       0x28 ./src/TestingDemos/MainTest.o
                0x20009608                taskTesting
 .text.changeFirstActivation
                0x20009630       0x84 ./src/TestingDemos/MaintenanceTestingDemo.o
                0x20009630                changeFirstActivation
 .text.selectAndExecuteMaintenanceDemoTest
                0x200096b4      0x17c ./src/TestingDemos/MaintenanceTestingDemo.o
                0x200096b4                selectAndExecuteMaintenanceDemoTest
 .text.MainMaintenanceTestBench
                0x20009830       0x40 ./src/TestingDemos/MaintenanceTestingDemo.o
                0x20009830                MainMaintenanceTestBench
 .text.MainTelemetryTestBench
                0x20009870       0x1c ./src/TestingDemos/TelemetryTestingDemo.o
                0x20009870                MainTelemetryTestBench
 .text.TestInitTrxvu
                0x2000988c       0x54 ./src/TestingDemos/TrxvuTestingDemo.o
                0x2000988c                TestInitTrxvu
 .text.TestInitTrxvuWithDifferentFrameLengths
                0x200098e0      0x134 ./src/TestingDemos/TrxvuTestingDemo.o
                0x200098e0                TestInitTrxvuWithDifferentFrameLengths
 .text.TestTrxvuLogic
                0x20009a14       0xd4 ./src/TestingDemos/TrxvuTestingDemo.o
                0x20009a14                TestTrxvuLogic
 .text.TestCheckTransmitionAllowed
                0x20009ae8       0xa4 ./src/TestingDemos/TrxvuTestingDemo.o
                0x20009ae8                TestCheckTransmitionAllowed
 .text.TestSendDumpAbortRequest
                0x20009b8c       0x24 ./src/TestingDemos/TrxvuTestingDemo.o
                0x20009b8c                TestSendDumpAbortRequest
 .text.TestTransmitDummySplPacket
                0x20009bb0       0xd4 ./src/TestingDemos/TrxvuTestingDemo.o
                0x20009bb0                TestTransmitDummySplPacket
 .text.TestTransmitSplPacket
                0x20009c84      0x1f8 ./src/TestingDemos/TrxvuTestingDemo.o
                0x20009c84                TestTransmitSplPacket
 .text.TestExitDump
                0x20009e7c       0x18 ./src/TestingDemos/TrxvuTestingDemo.o
                0x20009e7c                TestExitDump
 .text.TestDumpTelemetry
                0x20009e94       0xf8 ./src/TestingDemos/TrxvuTestingDemo.o
                0x20009e94                TestDumpTelemetry
 .text.TestRestoreDefaultBeaconParameters
                0x20009f8c       0x1c ./src/TestingDemos/TrxvuTestingDemo.o
                0x20009f8c                TestRestoreDefaultBeaconParameters
 .text.TestChooseDefaultBeaconCycle
                0x20009fa8       0xe0 ./src/TestingDemos/TrxvuTestingDemo.o
                0x20009fa8                TestChooseDefaultBeaconCycle
 .text.TestBeaconLogic
                0x2000a088       0xd8 ./src/TestingDemos/TrxvuTestingDemo.o
                0x2000a088                TestBeaconLogic
 .text.TestMuteTrxvu
                0x2000a160       0x9c ./src/TestingDemos/TrxvuTestingDemo.o
                0x2000a160                TestMuteTrxvu
 .text.TestUnMuteTrxvu
                0x2000a1fc       0x30 ./src/TestingDemos/TrxvuTestingDemo.o
                0x2000a1fc                TestUnMuteTrxvu
 .text.TestGetNumberOfFramesInBuffer
                0x2000a22c       0x54 ./src/TestingDemos/TrxvuTestingDemo.o
                0x2000a22c                TestGetNumberOfFramesInBuffer
 .text.TestSetTrxvuBitrate
                0x2000a280       0xf0 ./src/TestingDemos/TrxvuTestingDemo.o
                0x2000a280                TestSetTrxvuBitrate
 .text.TestGetTrxvuBitrate
                0x2000a370       0xb0 ./src/TestingDemos/TrxvuTestingDemo.o
                0x2000a370                TestGetTrxvuBitrate
 .text.TestTransmitDataAsSPL_Packet
                0x2000a420      0x114 ./src/TestingDemos/TrxvuTestingDemo.o
                0x2000a420                TestTransmitDataAsSPL_Packet
 .text.selectAndExecuteTrxvuDemoTest
                0x2000a534      0x28c ./src/TestingDemos/TrxvuTestingDemo.o
                0x2000a534                selectAndExecuteTrxvuDemoTest
 .text.MainTrxvuTestBench
                0x2000a7c0       0x44 ./src/TestingDemos/TrxvuTestingDemo.o
                0x2000a7c0                MainTrxvuTestBench
 .text.GetBatteryVoltage
                0x2000a804       0x64 ./src/SubSystemModules/PowerManagment/EPS.o
                0x2000a804                GetBatteryVoltage
 .text.EPS_Init
                0x2000a868       0xe0 ./src/SubSystemModules/PowerManagment/EPS.o
                0x2000a868                EPS_Init
 .text.EPS_Conditioning
                0x2000a948      0x1c4 ./src/SubSystemModules/PowerManagment/EPS.o
                0x2000a948                EPS_Conditioning
 .text.UpdateAlpha
                0x2000ab0c       0xa8 ./src/SubSystemModules/PowerManagment/EPS.o
                0x2000ab0c                UpdateAlpha
 .text.UpdateThresholdVoltages
                0x2000abb4      0x204 ./src/SubSystemModules/PowerManagment/EPS.o
                0x2000abb4                UpdateThresholdVoltages
 .text.GetThresholdVoltages
                0x2000adb8       0x70 ./src/SubSystemModules/PowerManagment/EPS.o
                0x2000adb8                GetThresholdVoltages
 .text.GetAlpha
                0x2000ae28       0x6c ./src/SubSystemModules/PowerManagment/EPS.o
                0x2000ae28                GetAlpha
 .text.RestoreDefaultAlpha
                0x2000ae94       0x50 ./src/SubSystemModules/PowerManagment/EPS.o
                0x2000ae94                RestoreDefaultAlpha
 .text.RestoreDefaultThresholdVoltages
                0x2000aee4       0x6c ./src/SubSystemModules/PowerManagment/EPS.o
                0x2000aee4                RestoreDefaultThresholdVoltages
 .text.EnterFullMode
                0x2000af50       0x44 ./src/SubSystemModules/PowerManagment/EPSOperationModes.o
                0x2000af50                EnterFullMode
 .text.EnterCruiseMode
                0x2000af94       0x44 ./src/SubSystemModules/PowerManagment/EPSOperationModes.o
                0x2000af94                EnterCruiseMode
 .text.EnterSafeMode
                0x2000afd8       0x44 ./src/SubSystemModules/PowerManagment/EPSOperationModes.o
                0x2000afd8                EnterSafeMode
 .text.EnterCriticalMode
                0x2000b01c       0x44 ./src/SubSystemModules/PowerManagment/EPSOperationModes.o
                0x2000b01c                EnterCriticalMode
 .text.GetSystemState
                0x2000b060       0x24 ./src/SubSystemModules/PowerManagment/EPSOperationModes.o
                0x2000b060                GetSystemState
 .text.GetSystemChannelState
                0x2000b084       0x24 ./src/SubSystemModules/PowerManagment/EPSOperationModes.o
                0x2000b084                GetSystemChannelState
 .text.EpsGetLowVoltageFlag
                0x2000b0a8       0x24 ./src/SubSystemModules/PowerManagment/EPSOperationModes.o
                0x2000b0a8                EpsGetLowVoltageFlag
 .text.EpsSetLowVoltageFlag
                0x2000b0cc       0x2c ./src/SubSystemModules/PowerManagment/EPSOperationModes.o
                0x2000b0cc                EpsSetLowVoltageFlag
 .text.CheckExecutionTime
                0x2000b0f8       0x78 ./src/SubSystemModules/Maintenance/Maintenance.o
                0x2000b0f8                CheckExecutionTime
 .text.SaveSatTimeInFRAM
                0x2000b170       0x44 ./src/SubSystemModules/Maintenance/Maintenance.o
                0x2000b170                SaveSatTimeInFRAM
 .text.WakeupFromResetCMD
                0x2000b1b4      0x120 ./src/SubSystemModules/Maintenance/Maintenance.o
                0x2000b1b4                WakeupFromResetCMD
 .text.ResetGroundCommWDT
                0x2000b2d4       0x1c ./src/SubSystemModules/Maintenance/Maintenance.o
                0x2000b2d4                ResetGroundCommWDT
 .text.InitSavePeriodTimes
                0x2000b2f0       0xc0 ./src/SubSystemModules/Housekepping/TelemetryCollector.o
                0x2000b2f0                InitSavePeriodTimes
 .text.TelemetryCollectorLogic
                0x2000b3b0      0x1f0 ./src/SubSystemModules/Housekepping/TelemetryCollector.o
                0x2000b3b0                TelemetryCollectorLogic
 .text.TelemetrySaveEPS
                0x2000b5a0       0xf4 ./src/SubSystemModules/Housekepping/TelemetryCollector.o
                0x2000b5a0                TelemetrySaveEPS
 .text.TelemetrySaveTRXVU
                0x2000b694       0x84 ./src/SubSystemModules/Housekepping/TelemetryCollector.o
                0x2000b694                TelemetrySaveTRXVU
 .text.TelemetrySaveANT
                0x2000b718       0xa4 ./src/SubSystemModules/Housekepping/TelemetryCollector.o
                0x2000b718                TelemetrySaveANT
 .text.TelemetrySaveSolarPanels
                0x2000b7bc      0x1c4 ./src/SubSystemModules/Housekepping/TelemetryCollector.o
                0x2000b7bc                TelemetrySaveSolarPanels
 .text.TelemetrySaveWOD
                0x2000b980       0xa0 ./src/SubSystemModules/Housekepping/TelemetryCollector.o
                0x2000b980                TelemetrySaveWOD
 .text.GetCurrentWODTelemetry
                0x2000ba20      0x4b0 ./src/SubSystemModules/Housekepping/TelemetryCollector.o
                0x2000ba20                GetCurrentWODTelemetry
 .text.CMD_ResetComponent
                0x2000bed0      0x258 ./src/SubSystemModules/Communication/SubsystemCommands/Maintanence_Commands.o
                0x2000bed0                CMD_ResetComponent
 .text.DumpTask
                0x2000c128      0x354 ./src/SubSystemModules/Communication/SubsystemCommands/TRXVU_Commands.o
                0x2000c128                DumpTask
 .text.CMD_StartDump
                0x2000c47c      0x170 ./src/SubSystemModules/Communication/SubsystemCommands/TRXVU_Commands.o
                0x2000c47c                CMD_StartDump
 .text.CMD_SendDumpAbortRequest
                0x2000c5ec       0x24 ./src/SubSystemModules/Communication/SubsystemCommands/TRXVU_Commands.o
                0x2000c5ec                CMD_SendDumpAbortRequest
 .text.CMD_ForceDumpAbort
                0x2000c610       0x24 ./src/SubSystemModules/Communication/SubsystemCommands/TRXVU_Commands.o
                0x2000c610                CMD_ForceDumpAbort
 .text.CMD_MuteTRXVU
                0x2000c634       0x5c ./src/SubSystemModules/Communication/SubsystemCommands/TRXVU_Commands.o
                0x2000c634                CMD_MuteTRXVU
 .text.CMD_SetIdleState
                0x2000c690       0x70 ./src/SubSystemModules/Communication/SubsystemCommands/TRXVU_Commands.o
                0x2000c690                CMD_SetIdleState
 .text.CMD_UnMuteTRXVU
                0x2000c700       0x24 ./src/SubSystemModules/Communication/SubsystemCommands/TRXVU_Commands.o
                0x2000c700                CMD_UnMuteTRXVU
 .text.CMD_GetBaudRate
                0x2000c724       0x78 ./src/SubSystemModules/Communication/SubsystemCommands/TRXVU_Commands.o
                0x2000c724                CMD_GetBaudRate
 .text.CMD_GetBeaconInterval
                0x2000c79c       0x60 ./src/SubSystemModules/Communication/SubsystemCommands/TRXVU_Commands.o
                0x2000c79c                CMD_GetBeaconInterval
 .text.CMD_SetBaudRate
                0x2000c7fc       0x3c ./src/SubSystemModules/Communication/SubsystemCommands/TRXVU_Commands.o
                0x2000c7fc                CMD_SetBaudRate
 .text.CMD_GetTxUptime
                0x2000c838       0x58 ./src/SubSystemModules/Communication/SubsystemCommands/TRXVU_Commands.o
                0x2000c838                CMD_GetTxUptime
 .text.CMD_GetRxUptime
                0x2000c890       0x58 ./src/SubSystemModules/Communication/SubsystemCommands/TRXVU_Commands.o
                0x2000c890                CMD_GetRxUptime
 .text.CMD_GetNumOfOnlineCommands
                0x2000c8e8       0x58 ./src/SubSystemModules/Communication/SubsystemCommands/TRXVU_Commands.o
                0x2000c8e8                CMD_GetNumOfOnlineCommands
 .text.CMD_AntSetArmStatus
                0x2000c940       0x80 ./src/SubSystemModules/Communication/SubsystemCommands/TRXVU_Commands.o
                0x2000c940                CMD_AntSetArmStatus
 .text.CMD_AntGetArmStatus
                0x2000c9c0       0x64 ./src/SubSystemModules/Communication/SubsystemCommands/TRXVU_Commands.o
                0x2000c9c0                CMD_AntGetArmStatus
 .text.CMD_AntGetUptime
                0x2000ca24       0x6c ./src/SubSystemModules/Communication/SubsystemCommands/TRXVU_Commands.o
                0x2000ca24                CMD_AntGetUptime
 .text.CMD_AntCancelDeployment
                0x2000ca90       0x48 ./src/SubSystemModules/Communication/SubsystemCommands/TRXVU_Commands.o
                0x2000ca90                CMD_AntCancelDeployment
 .text.SendAckPacket
                0x2000cad8       0xe0 ./src/SubSystemModules/Communication/AckHandler.o
                0x2000cad8                SendAckPacket
 .text.trxvu_command_router
                0x2000cbb8      0x4a0 ./src/SubSystemModules/Communication/CommandDictionary.o
                0x2000cbb8                trxvu_command_router
 .text.eps_command_router
                0x2000d058       0x94 ./src/SubSystemModules/Communication/CommandDictionary.o
                0x2000d058                eps_command_router
 .text.telemetry_command_router
                0x2000d0ec       0x24 ./src/SubSystemModules/Communication/CommandDictionary.o
                0x2000d0ec                telemetry_command_router
 .text.managment_command_router
                0x2000d110       0x30 ./src/SubSystemModules/Communication/CommandDictionary.o
                0x2000d110                managment_command_router
 .text.filesystem_command_router
                0x2000d140       0x24 ./src/SubSystemModules/Communication/CommandDictionary.o
                0x2000d140                filesystem_command_router
 .text.ParseDataToCommand
                0x2000d164      0x184 ./src/SubSystemModules/Communication/SatCommandHandler.o
                0x2000d164                ParseDataToCommand
 .text.AssembleCommand
                0x2000d2e8      0x150 ./src/SubSystemModules/Communication/SatCommandHandler.o
                0x2000d2e8                AssembleCommand
 .text.GetDelayedCommand
                0x2000d438       0x24 ./src/SubSystemModules/Communication/SatCommandHandler.o
                0x2000d438                GetDelayedCommand
 .text.AddDelayedCommand
                0x2000d45c       0x24 ./src/SubSystemModules/Communication/SatCommandHandler.o
                0x2000d45c                AddDelayedCommand
 .text.GetDelayedCommandBufferCount
                0x2000d480       0x50 ./src/SubSystemModules/Communication/SatCommandHandler.o
                0x2000d480                GetDelayedCommandBufferCount
 .text.GetDelayedCommandByIndex
                0x2000d4d0       0x28 ./src/SubSystemModules/Communication/SatCommandHandler.o
                0x2000d4d0                GetDelayedCommandByIndex
 .text.DeleteDelayedCommandByIndex
                0x2000d4f8       0x24 ./src/SubSystemModules/Communication/SatCommandHandler.o
                0x2000d4f8                DeleteDelayedCommandByIndex
 .text.DeleteDelayedBuffer
                0x2000d51c       0x1c ./src/SubSystemModules/Communication/SatCommandHandler.o
                0x2000d51c                DeleteDelayedBuffer
 .text.ActUponCommand
                0x2000d538       0xd0 ./src/SubSystemModules/Communication/SatCommandHandler.o
                0x2000d538                ActUponCommand
 .text.InitTxModule
                0x2000d608       0x68 ./src/SubSystemModules/Communication/TRXVU.o
                0x2000d608                InitTxModule
 .text.CMD_SetBeaconInterval
                0x2000d670       0x98 ./src/SubSystemModules/Communication/TRXVU.o
                0x2000d670                CMD_SetBeaconInterval
 .text.InitBeaconParams
                0x2000d708       0x3c ./src/SubSystemModules/Communication/TRXVU.o
                0x2000d708                InitBeaconParams
 .text.InitSemaphores
                0x2000d744       0x98 ./src/SubSystemModules/Communication/TRXVU.o
                0x2000d744                InitSemaphores
 .text.InitTrxvu
                0x2000d7dc      0x110 ./src/SubSystemModules/Communication/TRXVU.o
                0x2000d7dc                InitTrxvu
 .text.checkIdleFinish
                0x2000d8ec       0x68 ./src/SubSystemModules/Communication/TRXVU.o
                0x2000d8ec                checkIdleFinish
 .text.TRX_Logic
                0x2000d954       0xc8 ./src/SubSystemModules/Communication/TRXVU.o
                0x2000d954                TRX_Logic
 .text.GetNumberOfFramesInBuffer
                0x2000da1c       0x54 ./src/SubSystemModules/Communication/TRXVU.o
                0x2000da1c                GetNumberOfFramesInBuffer
 .text.GetOnlineCommand
                0x2000da70      0x128 ./src/SubSystemModules/Communication/TRXVU.o
                0x2000da70                GetOnlineCommand
 .text.CheckTransmitionAllowed
                0x2000db98       0xc4 ./src/SubSystemModules/Communication/TRXVU.o
                0x2000db98                CheckTransmitionAllowed
 .text.FinishDump
                0x2000dc5c       0xe8 ./src/SubSystemModules/Communication/TRXVU.o
                0x2000dc5c                FinishDump
 .text.AbortDump
                0x2000dd44       0x30 ./src/SubSystemModules/Communication/TRXVU.o
                0x2000dd44                AbortDump
 .text.SendDumpAbortRequest
                0x2000dd74       0xc0 ./src/SubSystemModules/Communication/TRXVU.o
                0x2000dd74                SendDumpAbortRequest
 .text.BeaconLogic
                0x2000de34      0x1e0 ./src/SubSystemModules/Communication/TRXVU.o
                0x2000de34                BeaconLogic
 .text.SetIdleState
                0x2000e014       0xac ./src/SubSystemModules/Communication/TRXVU.o
                0x2000e014                SetIdleState
 .text.muteTRXVU
                0x2000e0c0       0x70 ./src/SubSystemModules/Communication/TRXVU.o
                0x2000e0c0                muteTRXVU
 .text.UnMuteTRXVU
                0x2000e130       0x24 ./src/SubSystemModules/Communication/TRXVU.o
                0x2000e130                UnMuteTRXVU
 .text.TransmitDataAsSPL_Packet
                0x2000e154      0x104 ./src/SubSystemModules/Communication/TRXVU.o
                0x2000e154                TransmitDataAsSPL_Packet
 .text.TransmitSplPacket
                0x2000e258      0x1b4 ./src/SubSystemModules/Communication/TRXVU.o
                0x2000e258                TransmitSplPacket
 .text.isFirstActivation
                0x2000e40c       0x38 ./src/InitSystem.o
                0x2000e40c                isFirstActivation
 .text.WriteDefaultValuesToFRAM
                0x2000e444      0x17c ./src/InitSystem.o
                0x2000e444                WriteDefaultValuesToFRAM
 .text.StartFRAM
                0x2000e5c0       0x24 ./src/InitSystem.o
                0x2000e5c0                StartFRAM
 .text.StartI2C
                0x2000e5e4       0x30 ./src/InitSystem.o
                0x2000e5e4                StartI2C
 .text.StartSPI
                0x2000e614       0x2c ./src/InitSystem.o
                0x2000e614                StartSPI
 .text.StartTIME
                0x2000e640       0xb0 ./src/InitSystem.o
                0x2000e640                StartTIME
 .text.DeploySystem
                0x2000e6f0      0x130 ./src/InitSystem.o
                0x2000e6f0                DeploySystem
 .text.InitSubsystems
                0x2000e820       0x48 ./src/InitSystem.o
                0x2000e820                InitSubsystems
 .text.delete_allTMFilesFromSD
                0x2000e868       0x58 ./src/TLM_management.o
                0x2000e868                delete_allTMFilesFromSD
 .text.deleteTLMFiles
                0x2000e8c0       0x6c ./src/TLM_management.o
                0x2000e8c0                deleteTLMFiles
 .text.deleteTLMFile
                0x2000e92c       0xb8 ./src/TLM_management.o
                0x2000e92c                deleteTLMFile
 .text.InitializeFS
                0x2000e9e4       0xd0 ./src/TLM_management.o
                0x2000e9e4                InitializeFS
 .text.calculateFileName
                0x2000eab4      0x108 ./src/TLM_management.o
                0x2000eab4                calculateFileName
 .text.getTlmTypeInfo
                0x2000ebbc      0x230 ./src/TLM_management.o
                0x2000ebbc                getTlmTypeInfo
 .text.write2File
                0x2000edec      0x150 ./src/TLM_management.o
                0x2000edec                write2File
 .text.printTLM
                0x2000ef3c      0x648 ./src/TLM_management.o
                0x2000ef3c                printTLM
 .text.readTLMFile
                0x2000f584      0x2e0 ./src/TLM_management.o
                0x2000f584                readTLMFile
 .text.readTLMFiles
                0x2000f864       0x84 ./src/TLM_management.o
                0x2000f864                readTLMFiles
 .text.readTLMFileTimeRange
                0x2000f8e8      0x2e8 ./src/TLM_management.o
                0x2000f8e8                readTLMFileTimeRange
 .text.DeInitializeFS
                0x2000fbd0       0x14 ./src/TLM_management.o
                0x2000fbd0                DeInitializeFS
 .text.main     0x2000fbe4       0xa0 ./src/main.o
                0x2000fbe4                main
 .text.timeU2time
                0x2000fc84       0xbc ./src/utils.o
                0x2000fc84                timeU2time
 .text.logError
                0x2000fd40       0x84 ./src/utils.o
                0x2000fd40                logError
 .text.validateTransferParameters
                0x2000fdc4      0x10c C:/ISIS/workspace_ycube/GlobusSatProject/..//hal/hal/lib\libHALD.a(I2C.o)
 .text.I2C_queueTransfer
                0x2000fed0       0xe8 C:/ISIS/workspace_ycube/GlobusSatProject/..//hal/hal/lib\libHALD.a(I2C.o)
                0x2000fed0                I2C_queueTransfer
 .text.I2C_internalCallback
                0x2000ffb8       0x64 C:/ISIS/workspace_ycube/GlobusSatProject/..//hal/hal/lib\libHALD.a(I2C.o)
 .text.I2C_doBlockingTransfer
                0x2001001c      0x160 C:/ISIS/workspace_ycube/GlobusSatProject/..//hal/hal/lib\libHALD.a(I2C.o)
 .text.I2C_writeRead
                0x2001017c      0x180 C:/ISIS/workspace_ycube/GlobusSatProject/..//hal/hal/lib\libHALD.a(I2C.o)
                0x2001017c                I2C_writeRead
 .text.I2C_start
                0x200102fc      0x2e8 C:/ISIS/workspace_ycube/GlobusSatProject/..//hal/hal/lib\libHALD.a(I2C.o)
                0x200102fc                I2C_start
 .text.I2C_stop
                0x200105e4      0x184 C:/ISIS/workspace_ycube/GlobusSatProject/..//hal/hal/lib\libHALD.a(I2C.o)
                0x200105e4                I2C_stop
 .text.I2C_setTransferTimeout
                0x20010768       0x48 C:/ISIS/workspace_ycube/GlobusSatProject/..//hal/hal/lib\libHALD.a(I2C.o)
                0x20010768                I2C_setTransferTimeout
 .text.clearPDCtransfers
                0x200107b0       0xdc C:/ISIS/workspace_ycube/GlobusSatProject/..//hal/hal/lib\libHALD.a(SPI.o)
 .text.SPI_start
                0x2001088c      0x4c0 C:/ISIS/workspace_ycube/GlobusSatProject/..//hal/hal/lib\libHALD.a(SPI.o)
                0x2001088c                SPI_start
 .text.SPI_stop
                0x20010d4c      0x22c C:/ISIS/workspace_ycube/GlobusSatProject/..//hal/hal/lib\libHALD.a(SPI.o)
                0x20010d4c                SPI_stop
 .text.SPI_queueTransfer
                0x20010f78      0x190 C:/ISIS/workspace_ycube/GlobusSatProject/..//hal/hal/lib\libHALD.a(SPI.o)
                0x20010f78                SPI_queueTransfer
 .text.SPI_internalCallback
                0x20011108       0x64 C:/ISIS/workspace_ycube/GlobusSatProject/..//hal/hal/lib\libHALD.a(SPI.o)
 .text.SPI_writeRead
                0x2001116c      0x188 C:/ISIS/workspace_ycube/GlobusSatProject/..//hal/hal/lib\libHALD.a(SPI.o)
                0x2001116c                SPI_writeRead
 .text.waitForTransfer
                0x200112f4       0x68 C:/ISIS/workspace_ycube/GlobusSatProject/..//hal/hal/lib\libHALD.a(SPI.o)
 .text.SPI_getDriverState
                0x2001135c       0x58 C:/ISIS/workspace_ycube/GlobusSatProject/..//hal/hal/lib\libHALD.a(SPI.o)
                0x2001135c                SPI_getDriverState
 .text.FRAM_start
                0x200113b4       0xf4 C:/ISIS/workspace_ycube/GlobusSatProject/..//hal/hal/lib\libHALD.a(FRAM.o)
                0x200113b4                FRAM_start
 .text.FRAM_dummyCallback
                0x200114a8       0x24 C:/ISIS/workspace_ycube/GlobusSatProject/..//hal/hal/lib\libHALD.a(FRAM.o)
                0x200114a8                FRAM_dummyCallback
 .text.FRAM_unlockingCallback
                0x200114cc       0x78 C:/ISIS/workspace_ycube/GlobusSatProject/..//hal/hal/lib\libHALD.a(FRAM.o)
                0x200114cc                FRAM_unlockingCallback
 .text.doBlockingTransfer
                0x20011544       0x88 C:/ISIS/workspace_ycube/GlobusSatProject/..//hal/hal/lib\libHALD.a(FRAM.o)
 .text.FRAM_writePacket
                0x200115cc      0x148 C:/ISIS/workspace_ycube/GlobusSatProject/..//hal/hal/lib\libHALD.a(FRAM.o)
 .text.FRAM_write
                0x20011714      0x1c8 C:/ISIS/workspace_ycube/GlobusSatProject/..//hal/hal/lib\libHALD.a(FRAM.o)
                0x20011714                FRAM_write
 .text.FRAM_readPacket
                0x200118dc      0x114 C:/ISIS/workspace_ycube/GlobusSatProject/..//hal/hal/lib\libHALD.a(FRAM.o)
 .text.FRAM_read
                0x200119f0      0x1d4 C:/ISIS/workspace_ycube/GlobusSatProject/..//hal/hal/lib\libHALD.a(FRAM.o)
                0x200119f0                FRAM_read
 .text.Time_start
                0x20011bc4      0x150 C:/ISIS/workspace_ycube/GlobusSatProject/..//hal/hal/lib\libHALD.a(Time.o)
                0x20011bc4                Time_start
 .text.taskTimeSync
                0x20011d14       0x38 C:/ISIS/workspace_ycube/GlobusSatProject/..//hal/hal/lib\libHALD.a(Time.o)
 .text.Time_set
                0x20011d4c      0x278 C:/ISIS/workspace_ycube/GlobusSatProject/..//hal/hal/lib\libHALD.a(Time.o)
                0x20011d4c                Time_set
 .text.Time_isLeapYear
                0x20011fc4       0x98 C:/ISIS/workspace_ycube/GlobusSatProject/..//hal/hal/lib\libHALD.a(Time.o)
                0x20011fc4                Time_isLeapYear
 .text.Time_get
                0x2001205c      0x410 C:/ISIS/workspace_ycube/GlobusSatProject/..//hal/hal/lib\libHALD.a(Time.o)
                0x2001205c                Time_get
 .text.Time_getUnixEpoch
                0x2001246c       0xf4 C:/ISIS/workspace_ycube/GlobusSatProject/..//hal/hal/lib\libHALD.a(Time.o)
                0x2001246c                Time_getUnixEpoch
 .text.secondsOfYearToTime
                0x20012560      0x328 C:/ISIS/workspace_ycube/GlobusSatProject/..//hal/hal/lib\libHALD.a(Time.o)
 .text.Time_setUnixEpoch
                0x20012888      0x100 C:/ISIS/workspace_ycube/GlobusSatProject/..//hal/hal/lib\libHALD.a(Time.o)
                0x20012888                Time_setUnixEpoch
 .text.Time_sync
                0x20012988      0x2b8 C:/ISIS/workspace_ycube/GlobusSatProject/..//hal/hal/lib\libHALD.a(Time.o)
                0x20012988                Time_sync
 .text.Time_syncIfNeeded
                0x20012c40       0x70 C:/ISIS/workspace_ycube/GlobusSatProject/..//hal/hal/lib\libHALD.a(Time.o)
                0x20012c40                Time_syncIfNeeded
 .text.Time_setSyncInterval
                0x20012cb0       0x38 C:/ISIS/workspace_ycube/GlobusSatProject/..//hal/hal/lib\libHALD.a(Time.o)
                0x20012cb0                Time_setSyncInterval
 .text.WDT_start
                0x20012ce8       0x48 C:/ISIS/workspace_ycube/GlobusSatProject/..//hal/hal/lib\libHALD.a(WatchDogTimerNoOS.o)
                0x20012ce8                WDT_start
 .text.WDT_startWatchdogKickTask
                0x20012d30       0xb4 C:/ISIS/workspace_ycube/GlobusSatProject/..//hal/hal/lib\libHALD.a(WatchDogTimerOS.o)
                0x20012d30                WDT_startWatchdogKickTask
 .text.WDT_forceKickEveryNms
                0x20012de4       0x50 C:/ISIS/workspace_ycube/GlobusSatProject/..//hal/hal/lib\libHALD.a(WatchDogTimerOS.o)
                0x20012de4                WDT_forceKickEveryNms
 .text.UTIL_DbguGetInteger
                0x20012e34      0x124 C:/ISIS/workspace_ycube/GlobusSatProject/..//hal/hal/lib\libHALD.a(util.o)
                0x20012e34                UTIL_DbguGetInteger
 .text.UTIL_DbguGetIntegerMinMax
                0x20012f58       0xa4 C:/ISIS/workspace_ycube/GlobusSatProject/..//hal/hal/lib\libHALD.a(util.o)
                0x20012f58                UTIL_DbguGetIntegerMinMax
 .text.LED_glow
                0x20012ffc       0x58 C:/ISIS/workspace_ycube/GlobusSatProject/..//hal/hal/lib\libHALD.a(LED.o)
                0x20012ffc                LED_glow
 .text.LED_dark
                0x20013054       0x58 C:/ISIS/workspace_ycube/GlobusSatProject/..//hal/hal/lib\libHALD.a(LED.o)
                0x20013054                LED_dark
 .text.LED_toggle
                0x200130ac       0x50 C:/ISIS/workspace_ycube/GlobusSatProject/..//hal/hal/lib\libHALD.a(LED.o)
                0x200130ac                LED_toggle
 .text.RTC_start
                0x200130fc       0x3c C:/ISIS/workspace_ycube/GlobusSatProject/..//hal/hal/lib\libHALD.a(RTC.o)
                0x200130fc                RTC_start
 .text.RTC_setTime
                0x20013138      0x2a4 C:/ISIS/workspace_ycube/GlobusSatProject/..//hal/hal/lib\libHALD.a(RTC.o)
                0x20013138                RTC_setTime
 .text.RTC_getTime
                0x200133dc      0x224 C:/ISIS/workspace_ycube/GlobusSatProject/..//hal/hal/lib\libHALD.a(RTC.o)
                0x200133dc                RTC_getTime
 .text.RTC_checkTimeValid
                0x20013600       0xdc C:/ISIS/workspace_ycube/GlobusSatProject/..//hal/hal/lib\libHALD.a(RTC.o)
                0x20013600                RTC_checkTimeValid
 .text.RTT_start
                0x200136dc       0x24 C:/ISIS/workspace_ycube/GlobusSatProject/..//hal/hal/lib\libHALD.a(RTT.o)
                0x200136dc                RTT_start
 .text.fn_init  0x20013700      0x2e0 C:/ISIS/workspace_ycube/GlobusSatProject/..//hal/hcc/lib\libHCCD.a(fat_common.o)
                0x20013700                fn_init
 .text._f_get16bitl
                0x200139e0       0x4c C:/ISIS/workspace_ycube/GlobusSatProject/..//hal/hcc/lib\libHCCD.a(fat_common.o)
                0x200139e0                _f_get16bitl
 .text._f_set16bitl
                0x20013a2c       0x54 C:/ISIS/workspace_ycube/GlobusSatProject/..//hal/hcc/lib\libHCCD.a(fat_common.o)
                0x20013a2c                _f_set16bitl
 .text._f_get32bitl
                0x20013a80       0x68 C:/ISIS/workspace_ycube/GlobusSatProject/..//hal/hcc/lib\libHCCD.a(fat_common.o)
                0x20013a80                _f_get32bitl
 .text._f_set32bitl
                0x20013ae8       0x78 C:/ISIS/workspace_ycube/GlobusSatProject/..//hal/hcc/lib\libHCCD.a(fat_common.o)
                0x20013ae8                _f_set32bitl
 .text._get8bit
                0x20013b60       0xa0 C:/ISIS/workspace_ycube/GlobusSatProject/..//hal/hcc/lib\libHCCD.a(fat_common.o)
 .text._get16bitl
                0x20013c00       0x40 C:/ISIS/workspace_ycube/GlobusSatProject/..//hal/hcc/lib\libHCCD.a(fat_common.o)
 .text._get32bitl
                0x20013c40       0x3c C:/ISIS/workspace_ycube/GlobusSatProject/..//hal/hcc/lib\libHCCD.a(fat_common.o)
 .text._f_setcardremoved
                0x20013c7c       0x94 C:/ISIS/workspace_ycube/GlobusSatProject/..//hal/hcc/lib\libHCCD.a(fat_common.o)
 .text._f_checkstatus
                0x20013d10      0x104 C:/ISIS/workspace_ycube/GlobusSatProject/..//hal/hcc/lib\libHCCD.a(fat_common.o)
                0x20013d10                _f_checkstatus
 .text._f_drvgetphy
                0x20013e14      0x114 C:/ISIS/workspace_ycube/GlobusSatProject/..//hal/hcc/lib\libHCCD.a(fat_common.o)
 .text._f_drvwritesector
                0x20013f28       0xdc C:/ISIS/workspace_ycube/GlobusSatProject/..//hal/hcc/lib\libHCCD.a(fat_common.o)
 .text._f_drvreadsector
                0x20014004       0xa8 C:/ISIS/workspace_ycube/GlobusSatProject/..//hal/hcc/lib\libHCCD.a(fat_common.o)
 .text._f_writesector
                0x200140ac      0x23c C:/ISIS/workspace_ycube/GlobusSatProject/..//hal/hcc/lib\libHCCD.a(fat_common.o)
                0x200140ac                _f_writesector
 .text._f_readsector
                0x200142e8      0x1dc C:/ISIS/workspace_ycube/GlobusSatProject/..//hal/hcc/lib\libHCCD.a(fat_common.o)
                0x200142e8                _f_readsector
 .text._f_getmaxcluster
                0x200144c4       0x94 C:/ISIS/workspace_ycube/GlobusSatProject/..//hal/hcc/lib\libHCCD.a(fat_common.o)
                0x200144c4                _f_getmaxcluster
 .text._getsectorfromcluster
                0x20014558       0x68 C:/ISIS/workspace_ycube/GlobusSatProject/..//hal/hcc/lib\libHCCD.a(fat_common.o)
 .text._f_buildsectors
                0x200145c0      0x268 C:/ISIS/workspace_ycube/GlobusSatProject/..//hal/hcc/lib\libHCCD.a(fat_common.o)
 .text._f_getbootrecord
                0x20014828      0x5e4 C:/ISIS/workspace_ycube/GlobusSatProject/..//hal/hcc/lib\libHCCD.a(fat_common.o)
 .text._f_readbootrecord
                0x20014e0c      0x4f8 C:/ISIS/workspace_ycube/GlobusSatProject/..//hal/hcc/lib\libHCCD.a(fat_common.o)
 .text._f_flushcffiles
                0x20015304      0x17c C:/ISIS/workspace_ycube/GlobusSatProject/..//hal/hcc/lib\libHCCD.a(fat_common.o)
                0x20015304                _f_flushcffiles
 .text._f_fatcache_flush
                0x20015480      0x270 C:/ISIS/workspace_ycube/GlobusSatProject/..//hal/hcc/lib\libHCCD.a(fat_common.o)
                0x20015480                _f_fatcache_flush
 .text._f_writefatsector
                0x200156f0      0x100 C:/ISIS/workspace_ycube/GlobusSatProject/..//hal/hcc/lib\libHCCD.a(fat_common.o)
                0x200156f0                _f_writefatsector
 .text._f_getfatsector
                0x200157f0      0x3bc C:/ISIS/workspace_ycube/GlobusSatProject/..//hal/hcc/lib\libHCCD.a(fat_common.o)
 .text._f_setclustervalue
                0x20015bac      0x490 C:/ISIS/workspace_ycube/GlobusSatProject/..//hal/hcc/lib\libHCCD.a(fat_common.o)
                0x20015bac                _f_setclustervalue
 .text._f_getclustervalue
                0x2001603c      0x388 C:/ISIS/workspace_ycube/GlobusSatProject/..//hal/hcc/lib\libHCCD.a(fat_common.o)
                0x2001603c                _f_getclustervalue
 .text._f_close_drive_files
                0x200163c4       0xac C:/ISIS/workspace_ycube/GlobusSatProject/..//hal/hcc/lib\libHCCD.a(fat_common.o)
 .text._f_inc_mount_count
                0x20016470       0xa4 C:/ISIS/workspace_ycube/GlobusSatProject/..//hal/hcc/lib\libHCCD.a(fat_common.o)
 .text._f_getvolume
                0x20016514      0x2f8 C:/ISIS/workspace_ycube/GlobusSatProject/..//hal/hcc/lib\libHCCD.a(fat_common.o)
                0x20016514                _f_getvolume
 .text.fn_createdriver
                0x2001680c      0x118 C:/ISIS/workspace_ycube/GlobusSatProject/..//hal/hcc/lib\libHCCD.a(fat_common.o)
                0x2001680c                fn_createdriver
 .text.fn_initvolume
                0x20016924      0x12c C:/ISIS/workspace_ycube/GlobusSatProject/..//hal/hcc/lib\libHCCD.a(fat_common.o)
                0x20016924                fn_initvolume
 .text.fn_initvolumepartition_sub
                0x20016a50       0xe0 C:/ISIS/workspace_ycube/GlobusSatProject/..//hal/hcc/lib\libHCCD.a(fat_common.o)
 .text.fn_initvolumepartition
                0x20016b30       0xac C:/ISIS/workspace_ycube/GlobusSatProject/..//hal/hcc/lib\libHCCD.a(fat_common.o)
                0x20016b30                fn_initvolumepartition
 .text._f_clustertopos
                0x20016bdc       0xf8 C:/ISIS/workspace_ycube/GlobusSatProject/..//hal/hcc/lib\libHCCD.a(fat_common.o)
                0x20016bdc                _f_clustertopos
 .text._f_getcurrsector
                0x20016cd4      0x6c8 C:/ISIS/workspace_ycube/GlobusSatProject/..//hal/hcc/lib\libHCCD.a(fat_common.o)
                0x20016cd4                _f_getcurrsector
 .text._f_getdecluster
                0x2001739c       0x90 C:/ISIS/workspace_ycube/GlobusSatProject/..//hal/hcc/lib\libHCCD.a(fat_common.o)
                0x2001739c                _f_getdecluster
 .text._f_setdecluster
                0x2001742c       0x8c C:/ISIS/workspace_ycube/GlobusSatProject/..//hal/hcc/lib\libHCCD.a(fat_common.o)
                0x2001742c                _f_setdecluster
 .text.fn_getdrive
                0x200174b8       0x30 C:/ISIS/workspace_ycube/GlobusSatProject/..//hal/hcc/lib\libHCCD.a(fat_common.o)
                0x200174b8                fn_getdrive
 .text._f_getcurrenttimedate
                0x200174e8      0x138 C:/ISIS/workspace_ycube/GlobusSatProject/..//hal/hcc/lib\libHCCD.a(fat_common.o)
                0x200174e8                _f_getcurrenttimedate
 .text._f_initentry
                0x20017620       0xa0 C:/ISIS/workspace_ycube/GlobusSatProject/..//hal/hcc/lib\libHCCD.a(fat_common.o)
                0x20017620                _f_initentry
 .text._f_alloccluster
                0x200176c0      0x344 C:/ISIS/workspace_ycube/GlobusSatProject/..//hal/hcc/lib\libHCCD.a(fat_common.o)
                0x200176c0                _f_alloccluster
 .text._f_dobadblock
                0x20017a04      0x2cc C:/ISIS/workspace_ycube/GlobusSatProject/..//hal/hcc/lib\libHCCD.a(fat_common.o)
                0x20017a04                _f_dobadblock
 .text._f_checklocked
                0x20017cd0       0xe4 C:/ISIS/workspace_ycube/GlobusSatProject/..//hal/hcc/lib\libHCCD.a(fat_common.o)
                0x20017cd0                _f_checklocked
 .text._f_checkappendlocked
                0x20017db4      0x110 C:/ISIS/workspace_ycube/GlobusSatProject/..//hal/hcc/lib\libHCCD.a(fat_common.o)
                0x20017db4                _f_checkappendlocked
 .text._f_setsyncafile
                0x20017ec4      0x114 C:/ISIS/workspace_ycube/GlobusSatProject/..//hal/hcc/lib\libHCCD.a(fat_common.o)
                0x20017ec4                _f_setsyncafile
 .text._f_syncfiles
                0x20017fd8      0x128 C:/ISIS/workspace_ycube/GlobusSatProject/..//hal/hcc/lib\libHCCD.a(fat_common.o)
                0x20017fd8                _f_syncfiles
 .text._f_syncfilescontent
                0x20018100      0x15c C:/ISIS/workspace_ycube/GlobusSatProject/..//hal/hcc/lib\libHCCD.a(fat_common.o)
 .text.fn_getfreespace
                0x2001825c      0x4c0 C:/ISIS/workspace_ycube/GlobusSatProject/..//hal/hcc/lib\libHCCD.a(fat_common.o)
                0x2001825c                fn_getfreespace
 .text._f_emptywritecache
                0x2001871c      0x4a4 C:/ISIS/workspace_ycube/GlobusSatProject/..//hal/hcc/lib\libHCCD.a(fat_common.o)
 .text._f_allocnextcluster
                0x20018bc0      0x54c C:/ISIS/workspace_ycube/GlobusSatProject/..//hal/hcc/lib\libHCCD.a(fat_common.o)
 .text._f_emptywritebuffer
                0x2001910c      0x20c C:/ISIS/workspace_ycube/GlobusSatProject/..//hal/hcc/lib\libHCCD.a(fat_common.o)
 .text._f_writezeros
                0x20019318       0xf0 C:/ISIS/workspace_ycube/GlobusSatProject/..//hal/hcc/lib\libHCCD.a(fat_common.o)
                0x20019318                _f_writezeros
 .text._f_extend_file
                0x20019408      0x570 C:/ISIS/workspace_ycube/GlobusSatProject/..//hal/hcc/lib\libHCCD.a(fat_common.o)
 .text._f_fseek
                0x20019978      0x9bc C:/ISIS/workspace_ycube/GlobusSatProject/..//hal/hcc/lib\libHCCD.a(fat_common.o)
                0x20019978                _f_fseek
 .text._f_removechain
                0x2001a334      0x104 C:/ISIS/workspace_ycube/GlobusSatProject/..//hal/hcc/lib\libHCCD.a(fat_common.o)
                0x2001a334                _f_removechain
 .text._f_updatefileentry
                0x2001a438      0x1cc C:/ISIS/workspace_ycube/GlobusSatProject/..//hal/hcc/lib\libHCCD.a(fat_common.o)
 .text._f_checkreadlocked
                0x2001a604      0x1bc C:/ISIS/workspace_ycube/GlobusSatProject/..//hal/hcc/lib\libHCCD.a(fat_common.o)
                0x2001a604                _f_checkreadlocked
 .text._f_check_handle
                0x2001a7c0       0x98 C:/ISIS/workspace_ycube/GlobusSatProject/..//hal/hcc/lib\libHCCD.a(fat_common.o)
                0x2001a7c0                _f_check_handle
 .text._f_removesyncafile
                0x2001a858      0x1ec C:/ISIS/workspace_ycube/GlobusSatProject/..//hal/hcc/lib\libHCCD.a(fat_common.o)
 .text.fn_close
                0x2001aa44      0x3f8 C:/ISIS/workspace_ycube/GlobusSatProject/..//hal/hcc/lib\libHCCD.a(fat_common.o)
                0x2001aa44                fn_close
 .text.fn_flush
                0x2001ae3c      0x374 C:/ISIS/workspace_ycube/GlobusSatProject/..//hal/hcc/lib\libHCCD.a(fat_common.o)
                0x2001ae3c                fn_flush
 .text.fn_read  0x2001b1b0      0x690 C:/ISIS/workspace_ycube/GlobusSatProject/..//hal/hcc/lib\libHCCD.a(fat_common.o)
                0x2001b1b0                fn_read
 .text._f_abortwrite
                0x2001b840      0x100 C:/ISIS/workspace_ycube/GlobusSatProject/..//hal/hcc/lib\libHCCD.a(fat_common.o)
 .text._f_checkwritecluster
                0x2001b940       0xe4 C:/ISIS/workspace_ycube/GlobusSatProject/..//hal/hcc/lib\libHCCD.a(fat_common.o)
 .text.fn_write
                0x2001ba24      0x8a8 C:/ISIS/workspace_ycube/GlobusSatProject/..//hal/hcc/lib\libHCCD.a(fat_common.o)
                0x2001ba24                fn_write
 .text.f_enterFS
                0x2001c2cc      0x1c0 C:/ISIS/workspace_ycube/GlobusSatProject/..//hal/hcc/lib\libHCCD.a(fat_common.o)
                0x2001c2cc                f_enterFS
 .text.fnGetTask
                0x2001c48c       0xfc C:/ISIS/workspace_ycube/GlobusSatProject/..//hal/hcc/lib\libHCCD.a(fat_common.o)
                0x2001c48c                fnGetTask
 .text._f_mutex_get
                0x2001c588       0x98 C:/ISIS/workspace_ycube/GlobusSatProject/..//hal/hcc/lib\libHCCD.a(fat_common.o)
                0x2001c588                _f_mutex_get
 .text._f_mutex_put
                0x2001c620       0x54 C:/ISIS/workspace_ycube/GlobusSatProject/..//hal/hcc/lib\libHCCD.a(fat_common.o)
                0x2001c620                _f_mutex_put
 .text._fn_initseekdivisor
                0x2001c674      0x158 C:/ISIS/workspace_ycube/GlobusSatProject/..//hal/hcc/lib\libHCCD.a(fat_common.o)
                0x2001c674                _fn_initseekdivisor
 .text._fn_updateseekpos
                0x2001c7cc       0xc4 C:/ISIS/workspace_ycube/GlobusSatProject/..//hal/hcc/lib\libHCCD.a(fat_common.o)
 .text._f_findopensize
                0x2001c890       0x2c C:/ISIS/workspace_ycube/GlobusSatProject/..//hal/hcc/lib\libHCCD.a(fat_common.o)
                0x2001c890                _f_findopensize
 .text.fn_setlasterror
                0x2001c8bc       0x34 C:/ISIS/workspace_ycube/GlobusSatProject/..//hal/hcc/lib\libHCCD.a(fat_common.o)
                0x2001c8bc                fn_setlasterror
 .text.fn_setlasterror_noret
                0x2001c8f0       0x2c C:/ISIS/workspace_ycube/GlobusSatProject/..//hal/hcc/lib\libHCCD.a(fat_common.o)
                0x2001c8f0                fn_setlasterror_noret
 .text.fm_initvolume
                0x2001c91c       0x70 C:/ISIS/workspace_ycube/GlobusSatProject/..//hal/hcc/lib\libHCCD.a(fat_m.o)
                0x2001c91c                fm_initvolume
 .text.fm_getdrive
                0x2001c98c       0x70 C:/ISIS/workspace_ycube/GlobusSatProject/..//hal/hcc/lib\libHCCD.a(fat_m.o)
                0x2001c98c                fm_getdrive
 .text.fm_getfreespace
                0x2001c9fc       0x68 C:/ISIS/workspace_ycube/GlobusSatProject/..//hal/hcc/lib\libHCCD.a(fat_m.o)
                0x2001c9fc                fm_getfreespace
 .text.fm_findfirst
                0x2001ca64       0x68 C:/ISIS/workspace_ycube/GlobusSatProject/..//hal/hcc/lib\libHCCD.a(fat_m.o)
                0x2001ca64                fm_findfirst
 .text.fm_findnext
                0x2001cacc       0x60 C:/ISIS/workspace_ycube/GlobusSatProject/..//hal/hcc/lib\libHCCD.a(fat_m.o)
                0x2001cacc                fm_findnext
 .text.fm_close
                0x2001cb2c       0x60 C:/ISIS/workspace_ycube/GlobusSatProject/..//hal/hcc/lib\libHCCD.a(fat_m.o)
                0x2001cb2c                fm_close
 .text.fm_flush
                0x2001cb8c       0x60 C:/ISIS/workspace_ycube/GlobusSatProject/..//hal/hcc/lib\libHCCD.a(fat_m.o)
                0x2001cb8c                fm_flush
 .text.fm_open  0x2001cbec       0x68 C:/ISIS/workspace_ycube/GlobusSatProject/..//hal/hcc/lib\libHCCD.a(fat_m.o)
                0x2001cbec                fm_open
 .text.fm_read  0x2001cc54       0x7c C:/ISIS/workspace_ycube/GlobusSatProject/..//hal/hcc/lib\libHCCD.a(fat_m.o)
                0x2001cc54                fm_read
 .text.fm_write
                0x2001ccd0       0x7c C:/ISIS/workspace_ycube/GlobusSatProject/..//hal/hcc/lib\libHCCD.a(fat_m.o)
                0x2001ccd0                fm_write
 .text.fm_delete
                0x2001cd4c       0x64 C:/ISIS/workspace_ycube/GlobusSatProject/..//hal/hcc/lib\libHCCD.a(fat_m.o)
                0x2001cd4c                fm_delete
 .text._s_checkzeroclusteratend
                0x2001cdb0       0xf8 C:/ISIS/workspace_ycube/GlobusSatProject/..//hal/hcc/lib\libHCCD.a(safefat.o)
 .text._s_clearclustercontent
                0x2001cea8      0x108 C:/ISIS/workspace_ycube/GlobusSatProject/..//hal/hcc/lib\libHCCD.a(safefat.o)
 .text._s_clearclustercontentdir
                0x2001cfb0      0x19c C:/ISIS/workspace_ycube/GlobusSatProject/..//hal/hcc/lib\libHCCD.a(safefat.o)
 .text._s_writedirsector
                0x2001d14c       0xd0 C:/ISIS/workspace_ycube/GlobusSatProject/..//hal/hcc/lib\libHCCD.a(safefat.o)
 .text._s_getdirsector
                0x2001d21c      0x100 C:/ISIS/workspace_ycube/GlobusSatProject/..//hal/hcc/lib\libHCCD.a(safefat.o)
 .text._s_addentry
                0x2001d31c      0x394 C:/ISIS/workspace_ycube/GlobusSatProject/..//hal/hcc/lib\libHCCD.a(safefat.o)
 .text._s_findfile
                0x2001d6b0      0x33c C:/ISIS/workspace_ycube/GlobusSatProject/..//hal/hcc/lib\libHCCD.a(safefat.o)
 .text._s_findsubdir
                0x2001d9ec      0x248 C:/ISIS/workspace_ycube/GlobusSatProject/..//hal/hcc/lib\libHCCD.a(safefat.o)
 .text._s_createfile
                0x2001dc34      0x190 C:/ISIS/workspace_ycube/GlobusSatProject/..//hal/hcc/lib\libHCCD.a(safefat.o)
 .text._s_findsaffile
                0x2001ddc4      0x1b8 C:/ISIS/workspace_ycube/GlobusSatProject/..//hal/hcc/lib\libHCCD.a(safefat.o)
 .text._s_open  0x2001df7c       0xe4 C:/ISIS/workspace_ycube/GlobusSatProject/..//hal/hcc/lib\libHCCD.a(safefat.o)
 .text._s_open_saf
                0x2001e060       0xe8 C:/ISIS/workspace_ycube/GlobusSatProject/..//hal/hcc/lib\libHCCD.a(safefat.o)
 .text._s_flush
                0x2001e148       0x84 C:/ISIS/workspace_ycube/GlobusSatProject/..//hal/hcc/lib\libHCCD.a(safefat.o)
 .text._s_allocnextcluster
                0x2001e1cc      0x13c C:/ISIS/workspace_ycube/GlobusSatProject/..//hal/hcc/lib\libHCCD.a(safefat.o)
 .text._s_getnextsector
                0x2001e308       0xdc C:/ISIS/workspace_ycube/GlobusSatProject/..//hal/hcc/lib\libHCCD.a(safefat.o)
 .text._s_seek  0x2001e3e4      0x1e8 C:/ISIS/workspace_ycube/GlobusSatProject/..//hal/hcc/lib\libHCCD.a(safefat.o)
 .text._s_read  0x2001e5cc      0x228 C:/ISIS/workspace_ycube/GlobusSatProject/..//hal/hcc/lib\libHCCD.a(safefat.o)
 .text._s_write
                0x2001e7f4      0x384 C:/ISIS/workspace_ycube/GlobusSatProject/..//hal/hcc/lib\libHCCD.a(safefat.o)
 .text._s_restoreclusters
                0x2001eb78      0x270 C:/ISIS/workspace_ycube/GlobusSatProject/..//hal/hcc/lib\libHCCD.a(safefat.o)
                0x2001eb78                _s_restoreclusters
 .text._s_findrestore
                0x2001ede8      0x18c C:/ISIS/workspace_ycube/GlobusSatProject/..//hal/hcc/lib\libHCCD.a(safefat.o)
 .text._s_cmd_writede
                0x2001ef74       0xd8 C:/ISIS/workspace_ycube/GlobusSatProject/..//hal/hcc/lib\libHCCD.a(safefat.o)
 .text._s_cmd_setcluster
                0x2001f04c       0x88 C:/ISIS/workspace_ycube/GlobusSatProject/..//hal/hcc/lib\libHCCD.a(safefat.o)
 .text._s_cmd_deletechain
                0x2001f0d4      0x100 C:/ISIS/workspace_ycube/GlobusSatProject/..//hal/hcc/lib\libHCCD.a(safefat.o)
 .text._s_cmd_validatecfn
                0x2001f1d4      0x308 C:/ISIS/workspace_ycube/GlobusSatProject/..//hal/hcc/lib\libHCCD.a(safefat.o)
 .text._s_cmd_seteof
                0x2001f4dc      0x3c4 C:/ISIS/workspace_ycube/GlobusSatProject/..//hal/hcc/lib\libHCCD.a(safefat.o)
 .text.safe_docommands
                0x2001f8a0      0x56c C:/ISIS/workspace_ycube/GlobusSatProject/..//hal/hcc/lib\libHCCD.a(safefat.o)
                0x2001f8a0                safe_docommands
 .text.safe_entercommand
                0x2001fe0c       0x68 C:/ISIS/workspace_ycube/GlobusSatProject/..//hal/hcc/lib\libHCCD.a(safefat.o)
                0x2001fe0c                safe_entercommand
 .text.safe_ready
                0x2001fe74       0xf4 C:/ISIS/workspace_ycube/GlobusSatProject/..//hal/hcc/lib\libHCCD.a(safefat.o)
                0x2001fe74                safe_ready
 .text.safe_copycfn
                0x2001ff68       0xb8 C:/ISIS/workspace_ycube/GlobusSatProject/..//hal/hcc/lib\libHCCD.a(safefat.o)
                0x2001ff68                safe_copycfn
 .text.safe_cfremove
                0x20020020       0xb8 C:/ISIS/workspace_ycube/GlobusSatProject/..//hal/hcc/lib\libHCCD.a(safefat.o)
                0x20020020                safe_cfremove
 .text.safe_writede
                0x200200d8      0x104 C:/ISIS/workspace_ycube/GlobusSatProject/..//hal/hcc/lib\libHCCD.a(safefat.o)
                0x200200d8                safe_writede
 .text.safe_setcluster
                0x200201dc       0xcc C:/ISIS/workspace_ycube/GlobusSatProject/..//hal/hcc/lib\libHCCD.a(safefat.o)
                0x200201dc                safe_setcluster
 .text.safe_deletechain
                0x200202a8      0x1c8 C:/ISIS/workspace_ycube/GlobusSatProject/..//hal/hcc/lib\libHCCD.a(safefat.o)
                0x200202a8                safe_deletechain
 .text.safe_cfclose
                0x20020470      0x104 C:/ISIS/workspace_ycube/GlobusSatProject/..//hal/hcc/lib\libHCCD.a(safefat.o)
                0x20020470                safe_cfclose
 .text.safe_cfflush
                0x20020574      0x124 C:/ISIS/workspace_ycube/GlobusSatProject/..//hal/hcc/lib\libHCCD.a(safefat.o)
                0x20020574                safe_cfflush
 .text.safe_reset
                0x20020698       0x78 C:/ISIS/workspace_ycube/GlobusSatProject/..//hal/hcc/lib\libHCCD.a(safefat.o)
                0x20020698                safe_reset
 .text.safe_loadcommands
                0x20020710       0x78 C:/ISIS/workspace_ycube/GlobusSatProject/..//hal/hcc/lib\libHCCD.a(safefat.o)
                0x20020710                safe_loadcommands
 .text.safe_poweron
                0x20020788      0x1fc C:/ISIS/workspace_ycube/GlobusSatProject/..//hal/hcc/lib\libHCCD.a(safefat.o)
                0x20020788                safe_poweron
 .text.cf_getname
                0x20020984       0xc0 C:/ISIS/workspace_ycube/GlobusSatProject/..//hal/hcc/lib\libHCCD.a(safefat.o)
 .text.cf_copyclusterchain
                0x20020a44      0x138 C:/ISIS/workspace_ycube/GlobusSatProject/..//hal/hcc/lib\libHCCD.a(safefat.o)
 .text.cf_seektozero
                0x20020b7c       0x94 C:/ISIS/workspace_ycube/GlobusSatProject/..//hal/hcc/lib\libHCCD.a(safefat.o)
                0x20020b7c                cf_seektozero
 .text.cf_create
                0x20020c10      0x3a8 C:/ISIS/workspace_ycube/GlobusSatProject/..//hal/hcc/lib\libHCCD.a(safefat.o)
                0x20020c10                cf_create
 .text.cf_copyclustercontent
                0x20020fb8      0x128 C:/ISIS/workspace_ycube/GlobusSatProject/..//hal/hcc/lib\libHCCD.a(safefat.o)
                0x20020fb8                cf_copyclustercontent
 .text.cf_copycfn
                0x200210e0      0x4bc C:/ISIS/workspace_ycube/GlobusSatProject/..//hal/hcc/lib\libHCCD.a(safefat.o)
                0x200210e0                cf_copycfn
 .text.cf_remove
                0x2002159c      0x344 C:/ISIS/workspace_ycube/GlobusSatProject/..//hal/hcc/lib\libHCCD.a(safefat.o)
                0x2002159c                cf_remove
 .text.cf_setclusternew
                0x200218e0       0xf0 C:/ISIS/workspace_ycube/GlobusSatProject/..//hal/hcc/lib\libHCCD.a(safefat.o)
                0x200218e0                cf_setclusternew
 .text.cf_flush
                0x200219d0       0x58 C:/ISIS/workspace_ycube/GlobusSatProject/..//hal/hcc/lib\libHCCD.a(safefat.o)
                0x200219d0                cf_flush
 .text.cf_getcluster
                0x20021a28      0x1b4 C:/ISIS/workspace_ycube/GlobusSatProject/..//hal/hcc/lib\libHCCD.a(safefat.o)
                0x20021a28                cf_getcluster
 .text.cf_setnextcluster
                0x20021bdc      0x194 C:/ISIS/workspace_ycube/GlobusSatProject/..//hal/hcc/lib\libHCCD.a(safefat.o)
                0x20021bdc                cf_setnextcluster
 .text.cf_getpositions
                0x20021d70       0xbc C:/ISIS/workspace_ycube/GlobusSatProject/..//hal/hcc/lib\libHCCD.a(safefat.o)
                0x20021d70                cf_getpositions
 .text.cf_setpositions
                0x20021e2c       0xb0 C:/ISIS/workspace_ycube/GlobusSatProject/..//hal/hcc/lib\libHCCD.a(safefat.o)
                0x20021e2c                cf_setpositions
 .text.cf_opensyncafile
                0x20021edc      0x150 C:/ISIS/workspace_ycube/GlobusSatProject/..//hal/hcc/lib\libHCCD.a(safefat.o)
                0x20021edc                cf_opensyncafile
 .text.cf_reloadcfo
                0x2002202c       0xd8 C:/ISIS/workspace_ycube/GlobusSatProject/..//hal/hcc/lib\libHCCD.a(safefat.o)
                0x2002202c                cf_reloadcfo
 .text.mcipdc_cmd
                0x20022104      0x22c C:/ISIS/workspace_ycube/GlobusSatProject/..//hal/hcc/lib\libHCCD.a(atmel_mcipdc.o)
 .text.mcipdc_stop
                0x20022330       0xfc C:/ISIS/workspace_ycube/GlobusSatProject/..//hal/hcc/lib\libHCCD.a(atmel_mcipdc.o)
                0x20022330                mcipdc_stop
 .text.mcipdc_read
                0x2002242c      0x27c C:/ISIS/workspace_ycube/GlobusSatProject/..//hal/hcc/lib\libHCCD.a(atmel_mcipdc.o)
 .text.mcipdc_write
                0x200226a8      0x298 C:/ISIS/workspace_ycube/GlobusSatProject/..//hal/hcc/lib\libHCCD.a(atmel_mcipdc.o)
 .text.mcipdc_readsector
                0x20022940       0x9c C:/ISIS/workspace_ycube/GlobusSatProject/..//hal/hcc/lib\libHCCD.a(atmel_mcipdc.o)
                0x20022940                mcipdc_readsector
 .text.mcipdc_readmultiplesector
                0x200229dc      0x124 C:/ISIS/workspace_ycube/GlobusSatProject/..//hal/hcc/lib\libHCCD.a(atmel_mcipdc.o)
                0x200229dc                mcipdc_readmultiplesector
 .text.mcipdc_writesector
                0x20022b00       0x90 C:/ISIS/workspace_ycube/GlobusSatProject/..//hal/hcc/lib\libHCCD.a(atmel_mcipdc.o)
                0x20022b00                mcipdc_writesector
 .text.mcipdc_writemultiplesector
                0x20022b90      0x120 C:/ISIS/workspace_ycube/GlobusSatProject/..//hal/hcc/lib\libHCCD.a(atmel_mcipdc.o)
                0x20022b90                mcipdc_writemultiplesector
 .text.mcipdc_set_speed
                0x20022cb0       0xb0 C:/ISIS/workspace_ycube/GlobusSatProject/..//hal/hcc/lib\libHCCD.a(atmel_mcipdc.o)
 .text.mcipdc_get_speed
                0x20022d60       0x48 C:/ISIS/workspace_ycube/GlobusSatProject/..//hal/hcc/lib\libHCCD.a(atmel_mcipdc.o)
 .text._get_csd_bits
                0x20022da8      0x14c C:/ISIS/workspace_ycube/GlobusSatProject/..//hal/hcc/lib\libHCCD.a(atmel_mcipdc.o)
 .text.mcipdc_initcard
                0x20022ef4      0x8f4 C:/ISIS/workspace_ycube/GlobusSatProject/..//hal/hcc/lib\libHCCD.a(atmel_mcipdc.o)
 .text.mcipdc_getstatus
                0x200237e8       0xe8 C:/ISIS/workspace_ycube/GlobusSatProject/..//hal/hcc/lib\libHCCD.a(atmel_mcipdc.o)
 .text.mcipdc_getphy
                0x200238d0       0x90 C:/ISIS/workspace_ycube/GlobusSatProject/..//hal/hcc/lib\libHCCD.a(atmel_mcipdc.o)
 .text.mcipdc_release
                0x20023960       0x50 C:/ISIS/workspace_ycube/GlobusSatProject/..//hal/hcc/lib\libHCCD.a(atmel_mcipdc.o)
 .text.atmel_mcipdc_initfunc
                0x200239b0      0x160 C:/ISIS/workspace_ycube/GlobusSatProject/..//hal/hcc/lib\libHCCD.a(atmel_mcipdc.o)
                0x200239b0                atmel_mcipdc_initfunc
 .text.oal_mutex_create
                0x20023b10       0x54 C:/ISIS/workspace_ycube/GlobusSatProject/..//hal/hcc/lib\libHCCD.a(oalp_mutex.o)
                0x20023b10                oal_mutex_create
 .text.oal_mutex_delete
                0x20023b64       0x30 C:/ISIS/workspace_ycube/GlobusSatProject/..//hal/hcc/lib\libHCCD.a(oalp_mutex.o)
                0x20023b64                oal_mutex_delete
 .text.oal_mutex_get
                0x20023b94       0x58 C:/ISIS/workspace_ycube/GlobusSatProject/..//hal/hcc/lib\libHCCD.a(oalp_mutex.o)
                0x20023b94                oal_mutex_get
 .text.oal_mutex_put
                0x20023bec       0x58 C:/ISIS/workspace_ycube/GlobusSatProject/..//hal/hcc/lib\libHCCD.a(oalp_mutex.o)
                0x20023bec                oal_mutex_put
 .text.oal_task_get_id
                0x20023c44       0x18 C:/ISIS/workspace_ycube/GlobusSatProject/..//hal/hcc/lib\libHCCD.a(oalp_task.o)
                0x20023c44                oal_task_get_id
 .text.mcipdc_hw_init
                0x20023c5c       0xe8 C:/ISIS/workspace_ycube/GlobusSatProject/..//hal/hcc/lib\libHCCD.a(atmel_mcipdc_hw.o)
                0x20023c5c                mcipdc_hw_init
 .text.mcipdc_hw_delete
                0x20023d44       0x78 C:/ISIS/workspace_ycube/GlobusSatProject/..//hal/hcc/lib\libHCCD.a(atmel_mcipdc_hw.o)
                0x20023d44                mcipdc_hw_delete
 .text.mcipdc_hw_card_plugged
                0x20023dbc       0x1c C:/ISIS/workspace_ycube/GlobusSatProject/..//hal/hcc/lib\libHCCD.a(atmel_mcipdc_hw.o)
                0x20023dbc                mcipdc_hw_card_plugged
 .text.mcipdc_hw_card_writeprotect
                0x20023dd8       0x1c C:/ISIS/workspace_ycube/GlobusSatProject/..//hal/hcc/lib\libHCCD.a(atmel_mcipdc_hw.o)
                0x20023dd8                mcipdc_hw_card_writeprotect
 .text.psp_getcurrenttimedate
                0x20023df4       0x8c C:/ISIS/workspace_ycube/GlobusSatProject/..//hal/hcc/lib\libHCCD.a(psp_rtc.o)
                0x20023df4                psp_getcurrenttimedate
 .text._hcc_get_buf_dsc
                0x20023e80       0x8c C:/ISIS/workspace_ycube/GlobusSatProject/..//hal/hcc/lib\libHCCD.a(hcc_mem.o)
 .text._hcc_check_free_pages
                0x20023f0c      0x18c C:/ISIS/workspace_ycube/GlobusSatProject/..//hal/hcc/lib\libHCCD.a(hcc_mem.o)
 .text._hcc_mark_pages
                0x20024098      0x158 C:/ISIS/workspace_ycube/GlobusSatProject/..//hal/hcc/lib\libHCCD.a(hcc_mem.o)
 .text._hcc_clear_lock_dsc
                0x200241f0       0x80 C:/ISIS/workspace_ycube/GlobusSatProject/..//hal/hcc/lib\libHCCD.a(hcc_mem.o)
 .text._hcc_lock_access
                0x20024270      0x128 C:/ISIS/workspace_ycube/GlobusSatProject/..//hal/hcc/lib\libHCCD.a(hcc_mem.o)
 .text._hcc_unlock_access
                0x20024398       0x30 C:/ISIS/workspace_ycube/GlobusSatProject/..//hal/hcc/lib\libHCCD.a(hcc_mem.o)
 .text.hcc_mem_alloc
                0x200243c8      0x454 C:/ISIS/workspace_ycube/GlobusSatProject/..//hal/hcc/lib\libHCCD.a(hcc_mem.o)
                0x200243c8                hcc_mem_alloc
 .text.hcc_mem_free
                0x2002481c      0x178 C:/ISIS/workspace_ycube/GlobusSatProject/..//hal/hcc/lib\libHCCD.a(hcc_mem.o)
                0x2002481c                hcc_mem_free
 .text.hcc_mem_add
                0x20024994      0x3b0 C:/ISIS/workspace_ycube/GlobusSatProject/..//hal/hcc/lib\libHCCD.a(hcc_mem.o)
                0x20024994                hcc_mem_add
 .text.hcc_mem_init
                0x20024d44      0x164 C:/ISIS/workspace_ycube/GlobusSatProject/..//hal/hcc/lib\libHCCD.a(hcc_mem.o)
                0x20024d44                hcc_mem_init
 .text._f_invalidatedir
                0x20024ea8       0x28 C:/ISIS/workspace_ycube/GlobusSatProject/..//hal/hcc/lib\libHCCD.a(fat.o)
                0x20024ea8                _f_invalidatedir
 .text._f_getdirsector
                0x20024ed0       0x88 C:/ISIS/workspace_ycube/GlobusSatProject/..//hal/hcc/lib\libHCCD.a(fat.o)
                0x20024ed0                _f_getdirsector
 .text._f_writedirsector
                0x20024f58       0x74 C:/ISIS/workspace_ycube/GlobusSatProject/..//hal/hcc/lib\libHCCD.a(fat.o)
                0x20024f58                _f_writedirsector
 .text._f_checknameinv
                0x20024fcc      0x180 C:/ISIS/workspace_ycube/GlobusSatProject/..//hal/hcc/lib\libHCCD.a(fat.o)
 .text._f_checkname
                0x2002514c       0x7c C:/ISIS/workspace_ycube/GlobusSatProject/..//hal/hcc/lib\libHCCD.a(fat.o)
 .text._f_checknamewc
                0x200251c8       0xf8 C:/ISIS/workspace_ycube/GlobusSatProject/..//hal/hcc/lib\libHCCD.a(fat.o)
 .text._f_setnameext
                0x200252c0      0x300 C:/ISIS/workspace_ycube/GlobusSatProject/..//hal/hcc/lib\libHCCD.a(fat.o)
 .text._f_setfsname
                0x200255c0      0x584 C:/ISIS/workspace_ycube/GlobusSatProject/..//hal/hcc/lib\libHCCD.a(fat.o)
 .text._f_findfile
                0x20025b44      0x30c C:/ISIS/workspace_ycube/GlobusSatProject/..//hal/hcc/lib\libHCCD.a(fat.o)
 .text._f_cmp_wname
                0x20025e50      0x274 C:/ISIS/workspace_ycube/GlobusSatProject/..//hal/hcc/lib\libHCCD.a(fat.o)
 .text._f_to_string
                0x200260c4      0x130 C:/ISIS/workspace_ycube/GlobusSatProject/..//hal/hcc/lib\libHCCD.a(fat.o)
 .text._f_findfilewc
                0x200261f4      0x278 C:/ISIS/workspace_ycube/GlobusSatProject/..//hal/hcc/lib\libHCCD.a(fat.o)
 .text._f_getfilename
                0x2002646c      0x20c C:/ISIS/workspace_ycube/GlobusSatProject/..//hal/hcc/lib\libHCCD.a(fat.o)
 .text._f_findpath
                0x20026678      0x35c C:/ISIS/workspace_ycube/GlobusSatProject/..//hal/hcc/lib\libHCCD.a(fat.o)
 .text.fn_getdcwd
                0x200269d4      0x1e0 C:/ISIS/workspace_ycube/GlobusSatProject/..//hal/hcc/lib\libHCCD.a(fat.o)
                0x200269d4                fn_getdcwd
 .text.fn_findfirst
                0x20026bb4      0x13c C:/ISIS/workspace_ycube/GlobusSatProject/..//hal/hcc/lib\libHCCD.a(fat.o)
                0x20026bb4                fn_findfirst
 .text.fn_findnext
                0x20026cf0      0x360 C:/ISIS/workspace_ycube/GlobusSatProject/..//hal/hcc/lib\libHCCD.a(fat.o)
                0x20026cf0                fn_findnext
 .text._f_lock_resfile
                0x20027050       0x6c C:/ISIS/workspace_ycube/GlobusSatProject/..//hal/hcc/lib\libHCCD.a(fat.o)
 .text._f_unlock_resfile
                0x200270bc       0x40 C:/ISIS/workspace_ycube/GlobusSatProject/..//hal/hcc/lib\libHCCD.a(fat.o)
 .text._f_getintfile
                0x200270fc      0x124 C:/ISIS/workspace_ycube/GlobusSatProject/..//hal/hcc/lib\libHCCD.a(fat.o)
 .text._f_addentry
                0x20027220      0x540 C:/ISIS/workspace_ycube/GlobusSatProject/..//hal/hcc/lib\libHCCD.a(fat.o)
 .text.fn_open_sub
                0x20027760     0x1698 C:/ISIS/workspace_ycube/GlobusSatProject/..//hal/hcc/lib\libHCCD.a(fat.o)
 .text.fn_open  0x20028df8       0x44 C:/ISIS/workspace_ycube/GlobusSatProject/..//hal/hcc/lib\libHCCD.a(fat.o)
                0x20028df8                fn_open
 .text.fn_delete
                0x20028e3c      0x490 C:/ISIS/workspace_ycube/GlobusSatProject/..//hal/hcc/lib\libHCCD.a(fat.o)
                0x20028e3c                fn_delete
 .text.hcc_mem_buf_alloc
                0x200292cc       0xe4 C:/ISIS/workspace_ycube/GlobusSatProject/..//hal/hcc/lib\libHCCD.a(psp_hcc_mem.o)
                0x200292cc                hcc_mem_buf_alloc
 .text.makeAntStransfer
                0x200293b0       0x4c C:/ISIS/workspace_ycube/satellite-subsystems/satellite-subsystems/lib\libSatelliteSubsystemsD.a(IsisAntS.o)
 .text.checkInputsValid
                0x200293fc       0x7c C:/ISIS/workspace_ycube/satellite-subsystems/satellite-subsystems/lib\libSatelliteSubsystemsD.a(IsisAntS.o)
 .text.IsisAntS_initialize
                0x20029478      0x26c C:/ISIS/workspace_ycube/satellite-subsystems/satellite-subsystems/lib\libSatelliteSubsystemsD.a(IsisAntS.o)
                0x20029478                IsisAntS_initialize
 .text.IsisAntS_setArmStatus
                0x200296e4      0x104 C:/ISIS/workspace_ycube/satellite-subsystems/satellite-subsystems/lib\libSatelliteSubsystemsD.a(IsisAntS.o)
                0x200296e4                IsisAntS_setArmStatus
 .text.IsisAntS_getStatusData
                0x200297e8      0x120 C:/ISIS/workspace_ycube/satellite-subsystems/satellite-subsystems/lib\libSatelliteSubsystemsD.a(IsisAntS.o)
                0x200297e8                IsisAntS_getStatusData
 .text.IsisAntS_getUptime
                0x20029908      0x120 C:/ISIS/workspace_ycube/satellite-subsystems/satellite-subsystems/lib\libSatelliteSubsystemsD.a(IsisAntS.o)
                0x20029908                IsisAntS_getUptime
 .text.IsisAntS_getAlltelemetry
                0x20029a28      0x120 C:/ISIS/workspace_ycube/satellite-subsystems/satellite-subsystems/lib\libSatelliteSubsystemsD.a(IsisAntS.o)
                0x20029a28                IsisAntS_getAlltelemetry
 .text.IsisAntS_reset
                0x20029b48      0x104 C:/ISIS/workspace_ycube/satellite-subsystems/satellite-subsystems/lib\libSatelliteSubsystemsD.a(IsisAntS.o)
                0x20029b48                IsisAntS_reset
 .text.IsisAntS_cancelDeployment
                0x20029c4c      0x104 C:/ISIS/workspace_ycube/satellite-subsystems/satellite-subsystems/lib\libSatelliteSubsystemsD.a(IsisAntS.o)
                0x20029c4c                IsisAntS_cancelDeployment
 .text.IsisSolarPanelv2_initialize
                0x20029d50       0xb4 C:/ISIS/workspace_ycube/satellite-subsystems/satellite-subsystems/lib\libSatelliteSubsystemsD.a(IsisSolarPanelv2.o)