Archive member included because of file (symbol)

c:/isis/application/toolchain/bin/../lib/gcc/arm-none-eabi/4.7.4/../../../../arm-none-eabi/lib\libc_s.a(lib_a-vfprintf_float.o)
                              (_printf_float)
c:/isis/application/toolchain/bin/../lib/gcc/arm-none-eabi/4.7.4/../../../../arm-none-eabi/lib\libc_s.a(lib_a-vfprintf_i.o)
                              c:/isis/application/toolchain/bin/../lib/gcc/arm-none-eabi/4.7.4/../../../../arm-none-eabi/lib\libc_s.a(lib_a-vfprintf_float.o) (_printf_common)
c:/isis/application/toolchain/bin/../lib/gcc/arm-none-eabi/4.7.4/../../../../arm-none-eabi/lib\libc_s.a(lib_a-vfscanf_float.o)
                              (_scanf_float)
c:/isis/application/toolchain/bin/../lib/gcc/arm-none-eabi/4.7.4/../../../../arm-none-eabi/lib\libc_s.a(lib_a-dtoa.o)
                              c:/isis/application/toolchain/bin/../lib/gcc/arm-none-eabi/4.7.4/../../../../arm-none-eabi/lib\libc_s.a(lib_a-vfprintf_float.o) (_dtoa_r)
c:/isis/application/toolchain/bin/../lib/gcc/arm-none-eabi/4.7.4/../../../../arm-none-eabi/lib\libc_s.a(lib_a-locale.o)
                              c:/isis/application/toolchain/bin/../lib/gcc/arm-none-eabi/4.7.4/../../../../arm-none-eabi/lib\libc_s.a(lib_a-vfprintf_float.o) (_localeconv_r)
c:/isis/application/toolchain/bin/../lib/gcc/arm-none-eabi/4.7.4/../../../../arm-none-eabi/lib\libc_s.a(lib_a-malloc.o)
                              c:/isis/application/toolchain/bin/../lib/gcc/arm-none-eabi/4.7.4/../../../../arm-none-eabi/lib\libc_s.a(lib_a-dtoa.o) (malloc)
c:/isis/application/toolchain/bin/../lib/gcc/arm-none-eabi/4.7.4/../../../../arm-none-eabi/lib\libc_s.a(lib_a-mallocr.o)
                              c:/isis/application/toolchain/bin/../lib/gcc/arm-none-eabi/4.7.4/../../../../arm-none-eabi/lib\libc_s.a(lib_a-malloc.o) (_malloc_r)
c:/isis/application/toolchain/bin/../lib/gcc/arm-none-eabi/4.7.4/../../../../arm-none-eabi/lib\libc_s.a(lib_a-memcpy.o)
                              c:/isis/application/toolchain/bin/../lib/gcc/arm-none-eabi/4.7.4/../../../../arm-none-eabi/lib\libc_s.a(lib_a-dtoa.o) (memcpy)
c:/isis/application/toolchain/bin/../lib/gcc/arm-none-eabi/4.7.4/../../../../arm-none-eabi/lib\libc_s.a(lib_a-mprec.o)
                              c:/isis/application/toolchain/bin/../lib/gcc/arm-none-eabi/4.7.4/../../../../arm-none-eabi/lib\libc_s.a(lib_a-dtoa.o) (_Balloc)
c:/isis/application/toolchain/bin/../lib/gcc/arm-none-eabi/4.7.4/../../../../arm-none-eabi/lib\libc_s.a(lib_a-s_fpclassify.o)
                              c:/isis/application/toolchain/bin/../lib/gcc/arm-none-eabi/4.7.4/../../../../arm-none-eabi/lib\libc_s.a(lib_a-vfprintf_float.o) (__fpclassifyd)
c:/isis/application/toolchain/bin/../lib/gcc/arm-none-eabi/4.7.4/../../../../arm-none-eabi/lib\libc_s.a(lib_a-sbrkr.o)
                              c:/isis/application/toolchain/bin/../lib/gcc/arm-none-eabi/4.7.4/../../../../arm-none-eabi/lib\libc_s.a(lib_a-mallocr.o) (_sbrk_r)
c:/isis/application/toolchain/bin/../lib/gcc/arm-none-eabi/4.7.4/../../../../arm-none-eabi/lib\libc_s.a(lib_a-sf_nan.o)
                              c:/isis/application/toolchain/bin/../lib/gcc/arm-none-eabi/4.7.4/../../../../arm-none-eabi/lib\libc_s.a(lib_a-vfscanf_float.o) (nanf)
c:/isis/application/toolchain/bin/../lib/gcc/arm-none-eabi/4.7.4/../../../../arm-none-eabi/lib\libc_s.a(lib_a-sprintf.o)
                              c:/isis/application/toolchain/bin/../lib/gcc/arm-none-eabi/4.7.4/../../../../arm-none-eabi/lib\libc_s.a(lib_a-vfscanf_float.o) (sprintf)
c:/isis/application/toolchain/bin/../lib/gcc/arm-none-eabi/4.7.4/../../../../arm-none-eabi/lib\libc_s.a(lib_a-strcmp.o)
                              c:/isis/application/toolchain/bin/../lib/gcc/arm-none-eabi/4.7.4/../../../../arm-none-eabi/lib\libc_s.a(lib_a-locale.o) (strcmp)
c:/isis/application/toolchain/bin/../lib/gcc/arm-none-eabi/4.7.4/../../../../arm-none-eabi/lib\libc_s.a(lib_a-strlen.o)
                              c:/isis/application/toolchain/bin/../lib/gcc/arm-none-eabi/4.7.4/../../../../arm-none-eabi/lib\libc_s.a(lib_a-vfprintf_float.o) (strlen)
c:/isis/application/toolchain/bin/../lib/gcc/arm-none-eabi/4.7.4/../../../../arm-none-eabi/lib\libc_s.a(lib_a-strtod.o)
                              c:/isis/application/toolchain/bin/../lib/gcc/arm-none-eabi/4.7.4/../../../../arm-none-eabi/lib\libc_s.a(lib_a-vfscanf_float.o) (_strtod_r)
c:/isis/application/toolchain/bin/../lib/gcc/arm-none-eabi/4.7.4/../../../../arm-none-eabi/lib\libc_s.a(lib_a-strtol.o)
                              c:/isis/application/toolchain/bin/../lib/gcc/arm-none-eabi/4.7.4/../../../../arm-none-eabi/lib\libc_s.a(lib_a-vfscanf_float.o) (_strtol_r)
c:/isis/application/toolchain/bin/../lib/gcc/arm-none-eabi/4.7.4/../../../../arm-none-eabi/lib\libc_s.a(lib_a-svfprintf.o)
[...]
Memory Configuration

Name             Origin             Length             Attributes
sram0            0x00200000         0x00004000         w !xr
sram1            0x00300000         0x00004000         w !xr
sdram            0x20000000         0x02000000         w !xr
*default*        0x00000000         0xffffffff

Linker script and memory map

LOAD c:/isis/application/toolchain/bin/../lib/gcc/arm-none-eabi/4.7.4/../../../../arm-none-eabi/lib\libc_s.a
LOAD ./src/TestingDemos/CommandsTestingDemo.o
LOAD ./src/TestingDemos/EpsTestingDemo.o
LOAD ./src/TestingDemos/FileSystemTestingDemo.o
LOAD ./src/TestingDemos/MainTest.o
LOAD ./src/TestingDemos/MaintenanceTestingDemo.o
LOAD ./src/TestingDemos/TelemetryTestingDemo.o
LOAD ./src/TestingDemos/TrxvuTestingDemo.o
LOAD ./src/SubSystemModules/PowerManagment/EPS.o
LOAD ./src/SubSystemModules/PowerManagment/EPSOperationModes.o
LOAD ./src/SubSystemModules/Maintenance/Maintenance.o
LOAD ./src/SubSystemModules/Housekepping/TelemetryCollector.o
LOAD ./src/SubSystemModules/Communication/SubsystemCommands/EPS_Commands.o
LOAD ./src/SubSystemModules/Communication/SubsystemCommands/FS_Commands.o
LOAD ./src/SubSystemModules/Communication/SubsystemCommands/Maintanence_Commands.o
LOAD ./src/SubSystemModules/Communication/SubsystemCommands/TRXVU_Commands.o
LOAD ./src/SubSystemModules/Communication/AckHandler.o
LOAD ./src/SubSystemModules/Communication/CommandDictionary.o
LOAD ./src/SubSystemModules/Communication/SatCommandHandler.o
LOAD ./src/SubSystemModules/Communication/TRXVU.o
LOAD ./src/InitSystem.o
LOAD ./src/TLM_management.o
LOAD ./src/main.o
LOAD ./src/utils.o
LOAD C:/ISIS/workspace/ycube/GlobusSatProject/..//hal/hal/lib\libHALD.a
LOAD C:/ISIS/workspace/ycube/GlobusSatProject/..//hal/hcc/lib\libHCCD.a
LOAD C:/ISIS/workspace/ycube/satellite-subsystems/satellite-subsystems/lib\libSatelliteSubsystemsD.a
LOAD C:/ISIS/workspace/ycube/GlobusSatProject/..//hal/freertos/lib\libFreeRTOSD.a
LOAD C:/ISIS/workspace/ycube/GlobusSatProject/..//hal/at91/lib\libAt91D.a
START GROUP
LOAD c:/isis/application/toolchain/bin/../lib/gcc/arm-none-eabi/4.7.4\libgcc.a
LOAD c:/isis/application/toolchain/bin/../lib/gcc/arm-none-eabi/4.7.4/../../../../arm-none-eabi/lib\libc_s.a
END GROUP

.fixed          0x20000000    0x2eca8
                0x20000000                . = ALIGN (0x4)
                0x20000000                _sfixed = .
 *(.startup)
 .startup       0x20000000      0x134 C:/ISIS/workspace/ycube/GlobusSatProject/..//hal/at91/lib\libAt91D.a(board_cstartup.o)
                0x20000000                entry
 *(.text)
 .text          0x20000134       0x64 C:/ISIS/workspace/ycube/GlobusSatProject/..//hal/at91/lib\libAt91D.a(cp15_asm.o)
                0x20000134                _readControlRegister
                0x20000140                _writeControlRegister
                0x20000148                _waitForInterrupt
                0x20000154                _writeTTB
                0x2000015c                _writeDomain
                0x20000164                _writeITLBLockdown
                0x2000016c                _prefetchICacheLine
                0x20000174                _flushDCache
                0x20000180                _flushWriteBuffer
                0x2000018c                _invalidateIDTLBs
 .text          0x20000198      0x114 c:/isis/application/toolchain/bin/../lib/gcc/arm-none-eabi/4.7.4\libgcc.a(_udivsi3.o)
                0x20000198                __aeabi_uidiv
                0x20000198                __udivsi3
                0x2000028c                __aeabi_uidivmod
 .text          0x200002ac      0x148 c:/isis/application/toolchain/bin/../lib/gcc/arm-none-eabi/4.7.4\libgcc.a(_divsi3.o)
                0x200002ac                __divsi3
                0x200002ac                __aeabi_idiv
                0x200003d4                __aeabi_idivmod
 .text          0x200003f4        0x4 c:/isis/application/toolchain/bin/../lib/gcc/arm-none-eabi/4.7.4\libgcc.a(_dvmd_tls.o)
                0x200003f4                __aeabi_idiv0
                0x200003f4                __aeabi_ldiv0
 .text          0x200003f8      0x41c c:/isis/application/toolchain/bin/../lib/gcc/arm-none-eabi/4.7.4\libgcc.a(_arm_addsubdf3.o)
                0x200003f8                __aeabi_drsub
                0x20000400                __aeabi_dsub
                0x20000400                __subdf3
                0x20000404                __aeabi_dadd
                0x20000404                __adddf3
                0x20000714                __floatunsidf
                0x20000714                __aeabi_ui2d
                0x20000738                __floatsidf
                0x20000738                __aeabi_i2d
                0x20000760                __aeabi_f2d
                0x20000760                __extendsfdf2
                0x200007a0                __floatundidf
                0x200007a0                __aeabi_ul2d
                0x200007b4                __floatdidf
                0x200007b4                __aeabi_l2d
 .text          0x20000814      0x49c c:/isis/application/toolchain/bin/../lib/gcc/arm-none-eabi/4.7.4\libgcc.a(_arm_muldivdf3.o)
                0x20000814                __aeabi_dmul
                0x20000814                __muldf3
                0x20000aa4                __divdf3
                0x20000aa4                __aeabi_ddiv
 .text          0x20000cb0      0x144 c:/isis/application/toolchain/bin/../lib/gcc/arm-none-eabi/4.7.4\libgcc.a(_arm_cmpdf2.o)
                0x20000cb0                __gtdf2
                0x20000cb0                __gedf2
                0x20000cb8                __ltdf2
                0x20000cb8                __ledf2
                0x20000cc0                __nedf2
                0x20000cc0                __eqdf2
                0x20000cc0                __cmpdf2
                0x20000d48                __aeabi_cdrcmple
                0x20000d64                __aeabi_cdcmpeq
                0x20000d64                __aeabi_cdcmple
                0x20000d7c                __aeabi_dcmpeq
                0x20000d94                __aeabi_dcmplt
                0x20000dac                __aeabi_dcmple
                0x20000dc4                __aeabi_dcmpge
                0x20000ddc                __aeabi_dcmpgt
 .text          0x20000df4       0x5c c:/isis/application/toolchain/bin/../lib/gcc/arm-none-eabi/4.7.4\libgcc.a(_arm_fixdfsi.o)
                0x20000df4                __aeabi_d2iz
                0x20000df4                __fixdfsi
 .text          0x20000e50       0x54 c:/isis/application/toolchain/bin/../lib/gcc/arm-none-eabi/4.7.4\libgcc.a(_arm_fixunsdfsi.o)
                0x20000e50                __aeabi_d2uiz
                0x20000e50                __fixunsdfsi
 .text          0x20000ea4       0xa0 c:/isis/application/toolchain/bin/../lib/gcc/arm-none-eabi/4.7.4\libgcc.a(_arm_truncdfsf2.o)
                0x20000ea4                __truncdfsf2
                0x20000ea4                __aeabi_d2f
 .text          0x20000f44      0x2ac c:/isis/application/toolchain/bin/../lib/gcc/arm-none-eabi/4.7.4\libgcc.a(_arm_addsubsf3.o)
                0x20000f44                __aeabi_frsub
                0x20000f4c                __subsf3
                0x20000f4c                __aeabi_fsub
                0x20000f50                __aeabi_fadd
                0x20000f50                __addsf3
                0x2000110c                __aeabi_ui2f
                0x2000110c                __floatunsisf
                0x20001114                __aeabi_i2f
                0x20001114                __floatsisf
                0x20001134                __aeabi_ul2f
                0x20001134                __floatundisf
                0x20001144                __aeabi_l2f
                0x20001144                __floatdisf
 .text          0x200011f0      0x2f8 c:/isis/application/toolchain/bin/../lib/gcc/arm-none-eabi/4.7.4\libgcc.a(_arm_muldivsf3.o)
                0x200011f0                __mulsf3
                0x200011f0                __aeabi_fmul
                0x20001388                __aeabi_fdiv
                0x20001388                __divsf3
 .text          0x200014e8      0x114 c:/isis/application/toolchain/bin/../lib/gcc/arm-none-eabi/4.7.4\libgcc.a(_arm_cmpsf2.o)
                0x200014e8                __gesf2
                0x200014e8                __gtsf2
                0x200014f0                __lesf2
                0x200014f0                __ltsf2
                0x200014f8                __nesf2
                0x200014f8                __eqsf2
                0x200014f8                __cmpsf2
                0x2000155c                __aeabi_cfrcmple
                0x2000156c                __aeabi_cfcmpeq
                0x2000156c                __aeabi_cfcmple
                0x20001584                __aeabi_fcmpeq
                0x2000159c                __aeabi_fcmplt
                0x200015b4                __aeabi_fcmple
                0x200015cc                __aeabi_fcmpge
                0x200015e4                __aeabi_fcmpgt
 .text          0x200015fc       0x54 c:/isis/application/toolchain/bin/../lib/gcc/arm-none-eabi/4.7.4\libgcc.a(_arm_fixunssfsi.o)
                0x200015fc                __fixunssfsi
                0x200015fc                __aeabi_f2uiz
 *(.text*)
 .text.__cvt    0x20001650      0x138 c:/isis/application/toolchain/bin/../lib/gcc/arm-none-eabi/4.7.4/../../../../arm-none-eabi/lib\libc_s.a(lib_a-vfprintf_float.o)
                0x20001650                __cvt
 .text.__exponent
                0x20001788       0xa8 c:/isis/application/toolchain/bin/../lib/gcc/arm-none-eabi/4.7.4/../../../../arm-none-eabi/lib\libc_s.a(lib_a-vfprintf_float.o)
                0x20001788                __exponent
 .text._printf_float
                0x20001830      0x7dc c:/isis/application/toolchain/bin/../lib/gcc/arm-none-eabi/4.7.4/../../../../arm-none-eabi/lib\libc_s.a(lib_a-vfprintf_float.o)
                0x20001830                _printf_float
 .text._printf_common
                0x2000200c      0x174 c:/isis/application/toolchain/bin/../lib/gcc/arm-none-eabi/4.7.4/../../../../arm-none-eabi/lib\libc_s.a(lib_a-vfprintf_i.o)
                0x2000200c                _printf_common
 .text._printf_i
                0x20002180      0x3c4 c:/isis/application/toolchain/bin/../lib/gcc/arm-none-eabi/4.7.4/../../../../arm-none-eabi/lib\libc_s.a(lib_a-vfprintf_i.o)
                0x20002180                _printf_i
 .text._scanf_float
                0x20002544      0x5f4 c:/isis/application/toolchain/bin/../lib/gcc/arm-none-eabi/4.7.4/../../../../arm-none-eabi/lib\libc_s.a(lib_a-vfscanf_float.o)
                0x20002544                _scanf_float
 .text.quorem   0x20002b38      0x1ac c:/isis/application/toolchain/bin/../lib/gcc/arm-none-eabi/4.7.4/../../../../arm-none-eabi/lib\libc_s.a(lib_a-dtoa.o)
 .text._dtoa_r  0x20002ce4     0x1268 c:/isis/application/toolchain/bin/../lib/gcc/arm-none-eabi/4.7.4/../../../../arm-none-eabi/lib\libc_s.a(lib_a-dtoa.o)
                0x20002ce4                _dtoa_r
 .text._localeconv_r
                0x20003f4c        0xc c:/isis/application/toolchain/bin/../lib/gcc/arm-none-eabi/4.7.4/../../../../arm-none-eabi/lib\libc_s.a(lib_a-locale.o)
                0x20003f4c                _localeconv_r
 .text.malloc   0x20003f58       0x20 c:/isis/application/toolchain/bin/../lib/gcc/arm-none-eabi/4.7.4/../../../../arm-none-eabi/lib\libc_s.a(lib_a-malloc.o)
                0x20003f58                malloc
 .text.free     0x20003f78       0x20 c:/isis/application/toolchain/bin/../lib/gcc/arm-none-eabi/4.7.4/../../../../arm-none-eabi/lib\libc_s.a(lib_a-malloc.o)
                0x20003f78                free
 .text._malloc_r
                0x20003f98       0xfc c:/isis/application/toolchain/bin/../lib/gcc/arm-none-eabi/4.7.4/../../../../arm-none-eabi/lib\libc_s.a(lib_a-mallocr.o)
                0x20003f98                _malloc_r
 .text.memcpy   0x20004094       0x20 c:/isis/application/toolchain/bin/../lib/gcc/arm-none-eabi/4.7.4/../../../../arm-none-eabi/lib\libc_s.a(lib_a-memcpy.o)
                0x20004094                memcpy
 .text._Balloc  0x200040b4       0xcc c:/isis/application/toolchain/bin/../lib/gcc/arm-none-eabi/4.7.4/../../../../arm-none-eabi/lib\libc_s.a(lib_a-mprec.o)
                0x200040b4                _Balloc
 .text._Bfree   0x20004180       0x5c c:/isis/application/toolchain/bin/../lib/gcc/arm-none-eabi/4.7.4/../../../../arm-none-eabi/lib\libc_s.a(lib_a-mprec.o)
                0x20004180                _Bfree
 .text.__multadd
                0x200041dc       0xbc c:/isis/application/toolchain/bin/../lib/gcc/arm-none-eabi/4.7.4/../../../../arm-none-eabi/lib\libc_s.a(lib_a-mprec.o)
                0x200041dc                __multadd
 .text.__s2b    0x20004298       0xd8 c:/isis/application/toolchain/bin/../lib/gcc/arm-none-eabi/4.7.4/../../../../arm-none-eabi/lib\libc_s.a(lib_a-mprec.o)
                0x20004298                __s2b
 .text.__hi0bits
                0x20004370       0x58 c:/isis/application/toolchain/bin/../lib/gcc/arm-none-eabi/4.7.4/../../../../arm-none-eabi/lib\libc_s.a(lib_a-mprec.o)
                0x20004370                __hi0bits
 .text.__lo0bits
                0x200043c8       0x94 c:/isis/application/toolchain/bin/../lib/gcc/arm-none-eabi/4.7.4/../../../../arm-none-eabi/lib\libc_s.a(lib_a-mprec.o)
                0x200043c8                __lo0bits
 .text.__i2b    0x2000445c       0x24 c:/isis/application/toolchain/bin/../lib/gcc/arm-none-eabi/4.7.4/../../../../arm-none-eabi/lib\libc_s.a(lib_a-mprec.o)
                0x2000445c                __i2b
 .text.__multiply
                0x20004480      0x1ac c:/isis/application/toolchain/bin/../lib/gcc/arm-none-eabi/4.7.4/../../../../arm-none-eabi/lib\libc_s.a(lib_a-mprec.o)
                0x20004480                __multiply
 .text.__pow5mult
                0x2000462c      0x10c c:/isis/application/toolchain/bin/../lib/gcc/arm-none-eabi/4.7.4/../../../../arm-none-eabi/lib\libc_s.a(lib_a-mprec.o)
                0x2000462c                __pow5mult
 .text.__lshift
                0x20004738       0xf0 c:/isis/application/toolchain/bin/../lib/gcc/arm-none-eabi/4.7.4/../../../../arm-none-eabi/lib\libc_s.a(lib_a-mprec.o)
                0x20004738                __lshift
 .text.__mcmp   0x20004828       0x60 c:/isis/application/toolchain/bin/../lib/gcc/arm-none-eabi/4.7.4/../../../../arm-none-eabi/lib\libc_s.a(lib_a-mprec.o)
                0x20004828                __mcmp
 .text.__mdiff  0x20004888      0x128 c:/isis/application/toolchain/bin/../lib/gcc/arm-none-eabi/4.7.4/../../../../arm-none-eabi/lib\libc_s.a(lib_a-mprec.o)
                0x20004888                __mdiff
 .text.__ulp    0x200049b0       0x5c c:/isis/application/toolchain/bin/../lib/gcc/arm-none-eabi/4.7.4/../../../../arm-none-eabi/lib\libc_s.a(lib_a-mprec.o)
                0x200049b0                __ulp
 .text.__b2d    0x20004a0c       0xc8 c:/isis/application/toolchain/bin/../lib/gcc/arm-none-eabi/4.7.4/../../../../arm-none-eabi/lib\libc_s.a(lib_a-mprec.o)
                0x20004a0c                __b2d
 .text.__d2b    0x20004ad4       0xfc c:/isis/application/toolchain/bin/../lib/gcc/arm-none-eabi/4.7.4/../../../../arm-none-eabi/lib\libc_s.a(lib_a-mprec.o)
                0x20004ad4                __d2b
 .text.__ratio  0x20004bd0       0x70 c:/isis/application/toolchain/bin/../lib/gcc/arm-none-eabi/4.7.4/../../../../arm-none-eabi/lib\libc_s.a(lib_a-mprec.o)
                0x20004bd0                __ratio
 .text.__copybits
                0x20004c40       0x4c c:/isis/application/toolchain/bin/../lib/gcc/arm-none-eabi/4.7.4/../../../../arm-none-eabi/lib\libc_s.a(lib_a-mprec.o)
                0x20004c40                __copybits
 .text.__any_on
                0x20004c8c       0x7c c:/isis/application/toolchain/bin/../lib/gcc/arm-none-eabi/4.7.4/../../../../arm-none-eabi/lib\libc_s.a(lib_a-mprec.o)
                0x20004c8c                __any_on
 .text.__fpclassifyd
                0x20004d08       0x6c c:/isis/application/toolchain/bin/../lib/gcc/arm-none-eabi/4.7.4/../../../../arm-none-eabi/lib\libc_s.a(lib_a-s_fpclassify.o)
                0x20004d08                __fpclassifyd
 .text._sbrk_r  0x20004d74       0x3c c:/isis/application/toolchain/bin/../lib/gcc/arm-none-eabi/4.7.4/../../../../arm-none-eabi/lib\libc_s.a(lib_a-sbrkr.o)
                0x20004d74                _sbrk_r
 .text.nanf     0x20004db0        0xc c:/isis/application/toolchain/bin/../lib/gcc/arm-none-eabi/4.7.4/../../../../arm-none-eabi/lib\libc_s.a(lib_a-sf_nan.o)
                0x20004db0                nanf
 .text.sprintf  0x20004dbc       0x6c c:/isis/application/toolchain/bin/../lib/gcc/arm-none-eabi/4.7.4/../../../../arm-none-eabi/lib\libc_s.a(lib_a-sprintf.o)
                0x20004dbc                siprintf
                0x20004dbc                sprintf
 .text.strlen   0x20004e28       0x1c c:/isis/application/toolchain/bin/../lib/gcc/arm-none-eabi/4.7.4/../../../../arm-none-eabi/lib\libc_s.a(lib_a-strlen.o)
                0x20004e28                strlen
 .text.match    0x20004e44       0x54 c:/isis/application/toolchain/bin/../lib/gcc/arm-none-eabi/4.7.4/../../../../arm-none-eabi/lib\libc_s.a(lib_a-strtod.o)
 .text._strtod_r
                0x20004e98     0x1168 c:/isis/application/toolchain/bin/../lib/gcc/arm-none-eabi/4.7.4/../../../../arm-none-eabi/lib\libc_s.a(lib_a-strtod.o)
                0x20004e98                _strtod_r
 .text._strtol_r
                0x20006000      0x1b8 c:/isis/application/toolchain/bin/../lib/gcc/arm-none-eabi/4.7.4/../../../../arm-none-eabi/lib\libc_s.a(lib_a-strtol.o)
                0x20006000                _strtol_r
 .text.__ssputc_r
                0x200061b8      0x10c c:/isis/application/toolchain/bin/../lib/gcc/arm-none-eabi/4.7.4/../../../../arm-none-eabi/lib\libc_s.a(lib_a-svfprintf.o)
                0x200061b8                __ssputc_r
 .text._svfprintf_r
                0x200062c4      0x328 c:/isis/application/toolchain/bin/../lib/gcc/arm-none-eabi/4.7.4/../../../../arm-none-eabi/lib\libc_s.a(lib_a-svfprintf.o)
                0x200062c4                _svfiprintf_r
                0x200062c4                _svfprintf_r
 .text._calloc_r
                0x200065ec       0x2c c:/isis/application/toolchain/bin/../lib/gcc/arm-none-eabi/4.7.4/../../../../arm-none-eabi/lib\libc_s.a(lib_a-callocr.o)
                0x200065ec                _calloc_r
 .text._free_r  0x20006618      0x108 c:/isis/application/toolchain/bin/../lib/gcc/arm-none-eabi/4.7.4/../../../../arm-none-eabi/lib\libc_s.a(lib_a-freer.o)
                0x20006618                _free_r
 .text.rshift   0x20006720       0xb0 c:/isis/application/toolchain/bin/../lib/gcc/arm-none-eabi/4.7.4/../../../../arm-none-eabi/lib\libc_s.a(lib_a-gdtoa-gethex.o)
 .text.htinit.constprop.0
                0x200067d0       0x34 c:/isis/application/toolchain/bin/../lib/gcc/arm-none-eabi/4.7.4/../../../../arm-none-eabi/lib\libc_s.a(lib_a-gdtoa-gethex.o)
 .text.__hexdig_init
                0x20006804       0x38 c:/isis/application/toolchain/bin/../lib/gcc/arm-none-eabi/4.7.4/../../../../arm-none-eabi/lib\libc_s.a(lib_a-gdtoa-gethex.o)
                0x20006804                __hexdig_init
 .text.__gethex
                0x2000683c      0x6cc c:/isis/application/toolchain/bin/../lib/gcc/arm-none-eabi/4.7.4/../../../../arm-none-eabi/lib\libc_s.a(lib_a-gdtoa-gethex.o)
                0x2000683c                __gethex
 .text.L_shift  0x20006f08       0x38 c:/isis/application/toolchain/bin/../lib/gcc/arm-none-eabi/4.7.4/../../../../arm-none-eabi/lib\libc_s.a(lib_a-gdtoa-hexnan.o)
 .text.__hexnan
                0x20006f40      0x1d8 c:/isis/application/toolchain/bin/../lib/gcc/arm-none-eabi/4.7.4/../../../../arm-none-eabi/lib\libc_s.a(lib_a-gdtoa-hexnan.o)
                0x20006f40                __hexnan
 .text.memchr   0x20007118       0x34 c:/isis/application/toolchain/bin/../lib/gcc/arm-none-eabi/4.7.4/../../../../arm-none-eabi/lib\libc_s.a(lib_a-memchr.o)
                0x20007118                memchr
 .text.memset   0x2000714c       0x1c c:/isis/application/toolchain/bin/../lib/gcc/arm-none-eabi/4.7.4/../../../../arm-none-eabi/lib\libc_s.a(lib_a-memset.o)
                0x2000714c                memset
 .text._realloc_r
                0x20007168       0x80 c:/isis/application/toolchain/bin/../lib/gcc/arm-none-eabi/4.7.4/../../../../arm-none-eabi/lib\libc_s.a(lib_a-reallocr.o)
                0x20007168                _realloc_r
 .text.strncmp  0x200071e8       0x64 c:/isis/application/toolchain/bin/../lib/gcc/arm-none-eabi/4.7.4/../../../../arm-none-eabi/lib\libc_s.a(lib_a-strncmp.o)
                0x200071e8                strncmp
 .text._malloc_usable_size_r
                0x2000724c       0x1c c:/isis/application/toolchain/bin/../lib/gcc/arm-none-eabi/4.7.4/../../../../arm-none-eabi/lib\libc_s.a(lib_a-msizer.o)
                0x2000724c                _malloc_usable_size_r
 .text.GetBatteryVoltage
                0x20007268       0x68 ./src/SubSystemModules/PowerManagment/EPS.o
                0x20007268                GetBatteryVoltage
 .text.EPS_Init
                0x200072d0       0xe0 ./src/SubSystemModules/PowerManagment/EPS.o
                0x200072d0                EPS_Init
 .text.EPS_Conditioning
                0x200073b0      0x1a8 ./src/SubSystemModules/PowerManagment/EPS.o
                0x200073b0                EPS_Conditioning
 .text.UpdateAlpha
                0x20007558       0xa8 ./src/SubSystemModules/PowerManagment/EPS.o
                0x20007558                UpdateAlpha
 .text.GetThresholdVoltages
                0x20007600       0x70 ./src/SubSystemModules/PowerManagment/EPS.o
                0x20007600                GetThresholdVoltages
 .text.GetAlpha
                0x20007670       0x6c ./src/SubSystemModules/PowerManagment/EPS.o
                0x20007670                GetAlpha
 .text.EnterFullMode
                0x200076dc       0x44 ./src/SubSystemModules/PowerManagment/EPSOperationModes.o
                0x200076dc                EnterFullMode
 .text.EnterCruiseMode
                0x20007720       0x44 ./src/SubSystemModules/PowerManagment/EPSOperationModes.o
                0x20007720                EnterCruiseMode
 .text.EnterSafeMode
                0x20007764       0x44 ./src/SubSystemModules/PowerManagment/EPSOperationModes.o
                0x20007764                EnterSafeMode
 .text.EnterCriticalMode
                0x200077a8       0x44 ./src/SubSystemModules/PowerManagment/EPSOperationModes.o
                0x200077a8                EnterCriticalMode
 .text.EpsGetLowVoltageFlag
                0x200077ec       0x24 ./src/SubSystemModules/PowerManagment/EPSOperationModes.o
                0x200077ec                EpsGetLowVoltageFlag
 .text.EpsSetLowVoltageFlag
                0x20007810       0x2c ./src/SubSystemModules/PowerManagment/EPSOperationModes.o
                0x20007810                EpsSetLowVoltageFlag
 .text.CheckExecutionTime
                0x2000783c       0x78 ./src/SubSystemModules/Maintenance/Maintenance.o
                0x2000783c                CheckExecutionTime
 .text.SaveSatTimeInFRAM
                0x200078b4       0x44 ./src/SubSystemModules/Maintenance/Maintenance.o
                0x200078b4                SaveSatTimeInFRAM
 .text.IsFS_Corrupted
                0x200078f8       0x48 ./src/SubSystemModules/Maintenance/Maintenance.o
                0x200078f8                IsFS_Corrupted
 .text.WakeupFromResetCMD
                0x20007940       0xec ./src/SubSystemModules/Maintenance/Maintenance.o
                0x20007940                WakeupFromResetCMD
 .text.ResetGroundCommWDT
                0x20007a2c       0x1c ./src/SubSystemModules/Maintenance/Maintenance.o
                0x20007a2c                ResetGroundCommWDT
 .text.IsGroundCommunicationWDTKick
                0x20007a48       0x78 ./src/SubSystemModules/Maintenance/Maintenance.o
                0x20007a48                IsGroundCommunicationWDTKick
 .text.GetGsWdtKickTime
                0x20007ac0       0x38 ./src/SubSystemModules/Maintenance/Maintenance.o
                0x20007ac0                GetGsWdtKickTime
 .text.Maintenance
                0x20007af8       0x48 ./src/SubSystemModules/Maintenance/Maintenance.o
                0x20007af8                Maintenance
 .text.InitSavePeriodTimes
                0x20007b40       0x20 ./src/SubSystemModules/Housekepping/TelemetryCollector.o
                0x20007b40                InitSavePeriodTimes
 .text.TelemetryCollectorLogic
                0x20007b60      0x140 ./src/SubSystemModules/Housekepping/TelemetryCollector.o
                0x20007b60                TelemetryCollectorLogic
 .text.TelemetrySaveEPS
                0x20007ca0      0x114 ./src/SubSystemModules/Housekepping/TelemetryCollector.o
                0x20007ca0                TelemetrySaveEPS
 .text.TelemetrySaveTRXVU
                0x20007db4       0xf4 ./src/SubSystemModules/Housekepping/TelemetryCollector.o
                0x20007db4                TelemetrySaveTRXVU
 .text.TelemetrySaveANT
                0x20007ea8       0xa4 ./src/SubSystemModules/Housekepping/TelemetryCollector.o
                0x20007ea8                TelemetrySaveANT
 .text.TelemetrySaveSolarPanels
                0x20007f4c      0x1c4 ./src/SubSystemModules/Housekepping/TelemetryCollector.o
                0x20007f4c                TelemetrySaveSolarPanels
 .text.TelemetrySaveWOD
                0x20008110       0x94 ./src/SubSystemModules/Housekepping/TelemetryCollector.o
                0x20008110                TelemetrySaveWOD
 .text.GetCurrentWODTelemetry
                0x200081a4      0x3a0 ./src/SubSystemModules/Housekepping/TelemetryCollector.o
                0x200081a4                GetCurrentWODTelemetry
 .text.DumpTask
                0x20008544      0x120 ./src/SubSystemModules/Communication/SubsystemCommands/TRXVU_Commands.o
                0x20008544                DumpTask
 .text.CMD_StartDump
                0x20008664      0x208 ./src/SubSystemModules/Communication/SubsystemCommands/TRXVU_Commands.o
                0x20008664                CMD_StartDump
 .text.CMD_SendDumpAbortRequest
                0x2000886c       0x24 ./src/SubSystemModules/Communication/SubsystemCommands/TRXVU_Commands.o
                0x2000886c                CMD_SendDumpAbortRequest
 .text.CMD_ForceDumpAbort
                0x20008890       0x24 ./src/SubSystemModules/Communication/SubsystemCommands/TRXVU_Commands.o
                0x20008890                CMD_ForceDumpAbort
 .text.CMD_MuteTRXVU
                0x200088b4       0x5c ./src/SubSystemModules/Communication/SubsystemCommands/TRXVU_Commands.o
                0x200088b4                CMD_MuteTRXVU
 .text.CMD_UnMuteTRXVU
                0x20008910       0x24 ./src/SubSystemModules/Communication/SubsystemCommands/TRXVU_Commands.o
                0x20008910                CMD_UnMuteTRXVU
 .text.CMD_GetBaudRate
                0x20008934       0x78 ./src/SubSystemModules/Communication/SubsystemCommands/TRXVU_Commands.o
                0x20008934                CMD_GetBaudRate
 .text.CMD_GetBeaconInterval
                0x200089ac       0x60 ./src/SubSystemModules/Communication/SubsystemCommands/TRXVU_Commands.o
                0x200089ac                CMD_GetBeaconInterval
 .text.CMD_SetBeaconInterval
                0x20008a0c       0x88 ./src/SubSystemModules/Communication/SubsystemCommands/TRXVU_Commands.o
                0x20008a0c                CMD_SetBeaconInterval
 .text.CMD_SetBaudRate
                0x20008a94       0x3c ./src/SubSystemModules/Communication/SubsystemCommands/TRXVU_Commands.o
                0x20008a94                CMD_SetBaudRate
 .text.CMD_GetTxUptime
                0x20008ad0       0x58 ./src/SubSystemModules/Communication/SubsystemCommands/TRXVU_Commands.o
                0x20008ad0                CMD_GetTxUptime
 .text.CMD_GetRxUptime
                0x20008b28       0x58 ./src/SubSystemModules/Communication/SubsystemCommands/TRXVU_Commands.o
                0x20008b28                CMD_GetRxUptime
 .text.CMD_GetNumOfDelayedCommands
                0x20008b80       0x54 ./src/SubSystemModules/Communication/SubsystemCommands/TRXVU_Commands.o
                0x20008b80                CMD_GetNumOfDelayedCommands
 .text.CMD_GetNumOfOnlineCommands
                0x20008bd4       0x58 ./src/SubSystemModules/Communication/SubsystemCommands/TRXVU_Commands.o
                0x20008bd4                CMD_GetNumOfOnlineCommands
 .text.CMD_DeleteDelyedCmdByID
                0x20008c2c       0x5c ./src/SubSystemModules/Communication/SubsystemCommands/TRXVU_Commands.o
                0x20008c2c                CMD_DeleteDelyedCmdByID
 .text.CMD_DeleteAllDelyedBuffer
                0x20008c88       0x30 ./src/SubSystemModules/Communication/SubsystemCommands/TRXVU_Commands.o
                0x20008c88                CMD_DeleteAllDelyedBuffer
 .text.CMD_AntSetArmStatus
                0x20008cb8       0x80 ./src/SubSystemModules/Communication/SubsystemCommands/TRXVU_Commands.o
                0x20008cb8                CMD_AntSetArmStatus
 .text.CMD_AntGetArmStatus
                0x20008d38       0x64 ./src/SubSystemModules/Communication/SubsystemCommands/TRXVU_Commands.o
                0x20008d38                CMD_AntGetArmStatus
 .text.CMD_AntGetUptime
                0x20008d9c       0x6c ./src/SubSystemModules/Communication/SubsystemCommands/TRXVU_Commands.o
                0x20008d9c                CMD_AntGetUptime
 .text.CMD_AntCancelDeployment
                0x20008e08       0x48 ./src/SubSystemModules/Communication/SubsystemCommands/TRXVU_Commands.o
                0x20008e08                CMD_AntCancelDeployment
 .text.SendAckPacket
                0x20008e50       0xe0 ./src/SubSystemModules/Communication/AckHandler.o
                0x20008e50                SendAckPacket
 .text.trxvu_command_router
                0x20008f30      0x4e4 ./src/SubSystemModules/Communication/CommandDictionary.o
                0x20008f30                trxvu_command_router
 .text.eps_command_router
                0x20009414       0x94 ./src/SubSystemModules/Communication/CommandDictionary.o
                0x20009414                eps_command_router
 .text.telemetry_command_router
                0x200094a8       0x24 ./src/SubSystemModules/Communication/CommandDictionary.o
                0x200094a8                telemetry_command_router
 .text.managment_command_router
                0x200094cc       0x24 ./src/SubSystemModules/Communication/CommandDictionary.o
                0x200094cc                managment_command_router
 .text.filesystem_command_router
                0x200094f0       0x24 ./src/SubSystemModules/Communication/CommandDictionary.o
                0x200094f0                filesystem_command_router
 .text.ParseDataToCommand
                0x20009514      0x184 ./src/SubSystemModules/Communication/SatCommandHandler.o
                0x20009514                ParseDataToCommand
 .text.AssembleCommand
                0x20009698      0x150 ./src/SubSystemModules/Communication/SatCommandHandler.o
                0x20009698                AssembleCommand
 .text.GetDelayedCommand
                0x200097e8       0x24 ./src/SubSystemModules/Communication/SatCommandHandler.o
                0x200097e8                GetDelayedCommand
 .text.AddDelayedCommand
                0x2000980c       0x24 ./src/SubSystemModules/Communication/SatCommandHandler.o
                0x2000980c                AddDelayedCommand
 .text.GetDelayedCommandBufferCount
                0x20009830       0x50 ./src/SubSystemModules/Communication/SatCommandHandler.o
                0x20009830                GetDelayedCommandBufferCount
 .text.DeleteDelayedCommandByIndex
                0x20009880       0x24 ./src/SubSystemModules/Communication/SatCommandHandler.o
                0x20009880                DeleteDelayedCommandByIndex
 .text.DeleteDelayedBuffer
                0x200098a4       0x1c ./src/SubSystemModules/Communication/SatCommandHandler.o
                0x200098a4                DeleteDelayedBuffer
 .text.ActUponCommand
                0x200098c0       0xd0 ./src/SubSystemModules/Communication/SatCommandHandler.o
                0x200098c0                ActUponCommand
 .text.InitTxModule
                0x20009990       0x68 ./src/SubSystemModules/Communication/TRXVU.o
                0x20009990                InitTxModule
 .text.InitBeaconParams
                0x200099f8       0x3c ./src/SubSystemModules/Communication/TRXVU.o
                0x200099f8                InitBeaconParams
 .text.InitSemaphores
                0x20009a34       0x98 ./src/SubSystemModules/Communication/TRXVU.o
                0x20009a34                InitSemaphores
 .text.InitTrxvu
                0x20009acc      0x110 ./src/SubSystemModules/Communication/TRXVU.o
                0x20009acc                InitTrxvu
 .text.TRX_Logic
                0x20009bdc       0xdc ./src/SubSystemModules/Communication/TRXVU.o
                0x20009bdc                TRX_Logic
 .text.GetNumberOfFramesInBuffer
                0x20009cb8       0x54 ./src/SubSystemModules/Communication/TRXVU.o
                0x20009cb8                GetNumberOfFramesInBuffer
 .text.GetOnlineCommand
                0x20009d0c      0x128 ./src/SubSystemModules/Communication/TRXVU.o
                0x20009d0c                GetOnlineCommand
 .text.CheckTransmitionAllowed
                0x20009e34       0xc4 ./src/SubSystemModules/Communication/TRXVU.o
                0x20009e34                CheckTransmitionAllowed
 .text.FinishDump
                0x20009ef8       0x2c ./src/SubSystemModules/Communication/TRXVU.o
                0x20009ef8                FinishDump
 .text.AbortDump
                0x20009f24       0x14 ./src/SubSystemModules/Communication/TRXVU.o
                0x20009f24                AbortDump
 .text.SendDumpAbortRequest
                0x20009f38       0x14 ./src/SubSystemModules/Communication/TRXVU.o
                0x20009f38                SendDumpAbortRequest
 .text.BeaconLogic
                0x20009f4c      0x1a8 ./src/SubSystemModules/Communication/TRXVU.o
                0x20009f4c                BeaconLogic
 .text.muteTRXVU
                0x2000a0f4       0x70 ./src/SubSystemModules/Communication/TRXVU.o
                0x2000a0f4                muteTRXVU
 .text.UnMuteTRXVU
                0x2000a164       0x24 ./src/SubSystemModules/Communication/TRXVU.o
                0x2000a164                UnMuteTRXVU
 .text.TransmitDataAsSPL_Packet
                0x2000a188      0x104 ./src/SubSystemModules/Communication/TRXVU.o
                0x2000a188                TransmitDataAsSPL_Packet
 .text.TransmitSplPacket
                0x2000a28c       0xf8 ./src/SubSystemModules/Communication/TRXVU.o
                0x2000a28c                TransmitSplPacket
 .text.isFirstActivation
                0x2000a384       0x38 ./src/InitSystem.o
                0x2000a384                isFirstActivation
 .text.firstActivationProcedure
                0x2000a3bc       0xd4 ./src/InitSystem.o
                0x2000a3bc                firstActivationProcedure
 .text.WriteDefaultValuesToFRAM
                0x2000a490      0x144 ./src/InitSystem.o
                0x2000a490                WriteDefaultValuesToFRAM
 .text.StartFRAM
                0x2000a5d4       0x24 ./src/InitSystem.o
                0x2000a5d4                StartFRAM
 .text.StartI2C
                0x2000a5f8       0x30 ./src/InitSystem.o
                0x2000a5f8                StartI2C
 .text.StartSPI
                0x2000a628       0x2c ./src/InitSystem.o
                0x2000a628                StartSPI
 .text.StartTIME
                0x2000a654       0xb0 ./src/InitSystem.o
                0x2000a654                StartTIME
 .text.DeploySystem
                0x2000a704       0x80 ./src/InitSystem.o
                0x2000a704                DeploySystem
 .text.InitSubsystems
                0x2000a784       0x44 ./src/InitSystem.o
                0x2000a784                InitSubsystems
 .text.delete_allTMFilesFromSD
                0x2000a7c8       0x58 ./src/TLM_management.o
                0x2000a7c8                delete_allTMFilesFromSD
 .text.InitializeFS
                0x2000a820       0xd0 ./src/TLM_management.o
                0x2000a820                InitializeFS
 .text.calculateFileName
                0x2000a8f0      0x108 ./src/TLM_management.o
                0x2000a8f0                calculateFileName
 .text.write2File
                0x2000a9f8      0x130 ./src/TLM_management.o
                0x2000a9f8                write2File
 .text.readTLMFile
                0x2000ab28      0x494 ./src/TLM_management.o
                0x2000ab28                readTLMFile
 .text.taskMain
                0x2000afbc       0x2c ./src/main.o
                0x2000afbc                taskMain
 .text.main     0x2000afe8       0xa0 ./src/main.o
                0x2000afe8                main
 .text.logError
                0x2000b088       0x84 ./src/utils.o
                0x2000b088                logError
 .text.validateTransferParameters
                0x2000b10c      0x10c C:/ISIS/workspace/ycube/GlobusSatProject/..//hal/hal/lib\libHALD.a(I2C.o)
 .text.I2C_queueTransfer
                0x2000b218       0xe8 C:/ISIS/workspace/ycube/GlobusSatProject/..//hal/hal/lib\libHALD.a(I2C.o)
                0x2000b218                I2C_queueTransfer
 .text.I2C_internalCallback
                0x2000b300       0x64 C:/ISIS/workspace/ycube/GlobusSatProject/..//hal/hal/lib\libHALD.a(I2C.o)
 .text.I2C_doBlockingTransfer
                0x2000b364      0x160 C:/ISIS/workspace/ycube/GlobusSatProject/..//hal/hal/lib\libHALD.a(I2C.o)
 .text.I2C_writeRead
                0x2000b4c4      0x180 C:/ISIS/workspace/ycube/GlobusSatProject/..//hal/hal/lib\libHALD.a(I2C.o)
                0x2000b4c4                I2C_writeRead
 .text.I2C_start
                0x2000b644      0x2e8 C:/ISIS/workspace/ycube/GlobusSatProject/..//hal/hal/lib\libHALD.a(I2C.o)
                0x2000b644                I2C_start
 .text.I2C_stop
                0x2000b92c      0x184 C:/ISIS/workspace/ycube/GlobusSatProject/..//hal/hal/lib\libHALD.a(I2C.o)
                0x2000b92c                I2C_stop
 .text.I2C_setTransferTimeout
                0x2000bab0       0x48 C:/ISIS/workspace/ycube/GlobusSatProject/..//hal/hal/lib\libHALD.a(I2C.o)
                0x2000bab0                I2C_setTransferTimeout
 .text.clearPDCtransfers
                0x2000baf8       0xdc C:/ISIS/workspace/ycube/GlobusSatProject/..//hal/hal/lib\libHALD.a(SPI.o)
 .text.SPI_start
                0x2000bbd4      0x4c0 C:/ISIS/workspace/ycube/GlobusSatProject/..//hal/hal/lib\libHALD.a(SPI.o)
                0x2000bbd4                SPI_start
 .text.SPI_stop
                0x2000c094      0x22c C:/ISIS/workspace/ycube/GlobusSatProject/..//hal/hal/lib\libHALD.a(SPI.o)
                0x2000c094                SPI_stop
 .text.SPI_queueTransfer
                0x2000c2c0      0x190 C:/ISIS/workspace/ycube/GlobusSatProject/..//hal/hal/lib\libHALD.a(SPI.o)
                0x2000c2c0                SPI_queueTransfer
 .text.SPI_internalCallback
                0x2000c450       0x64 C:/ISIS/workspace/ycube/GlobusSatProject/..//hal/hal/lib\libHALD.a(SPI.o)
 .text.SPI_writeRead
                0x2000c4b4      0x188 C:/ISIS/workspace/ycube/GlobusSatProject/..//hal/hal/lib\libHALD.a(SPI.o)
                0x2000c4b4                SPI_writeRead
 .text.waitForTransfer
                0x2000c63c       0x68 C:/ISIS/workspace/ycube/GlobusSatProject/..//hal/hal/lib\libHALD.a(SPI.o)
 .text.SPI_getDriverState
                0x2000c6a4       0x58 C:/ISIS/workspace/ycube/GlobusSatProject/..//hal/hal/lib\libHALD.a(SPI.o)
                0x2000c6a4                SPI_getDriverState
 .text.FRAM_start
                0x2000c6fc       0xf4 C:/ISIS/workspace/ycube/GlobusSatProject/..//hal/hal/lib\libHALD.a(FRAM.o)
                0x2000c6fc                FRAM_start
 .text.FRAM_dummyCallback
                0x2000c7f0       0x24 C:/ISIS/workspace/ycube/GlobusSatProject/..//hal/hal/lib\libHALD.a(FRAM.o)
                0x2000c7f0                FRAM_dummyCallback
 .text.FRAM_unlockingCallback
                0x2000c814       0x78 C:/ISIS/workspace/ycube/GlobusSatProject/..//hal/hal/lib\libHALD.a(FRAM.o)
                0x2000c814                FRAM_unlockingCallback
 .text.doBlockingTransfer
                0x2000c88c       0x88 C:/ISIS/workspace/ycube/GlobusSatProject/..//hal/hal/lib\libHALD.a(FRAM.o)
 .text.FRAM_writePacket
                0x2000c914      0x148 C:/ISIS/workspace/ycube/GlobusSatProject/..//hal/hal/lib\libHALD.a(FRAM.o)
 .text.FRAM_write
                0x2000ca5c      0x1c8 C:/ISIS/workspace/ycube/GlobusSatProject/..//hal/hal/lib\libHALD.a(FRAM.o)
                0x2000ca5c                FRAM_write
 .text.FRAM_readPacket
                0x2000cc24      0x114 C:/ISIS/workspace/ycube/GlobusSatProject/..//hal/hal/lib\libHALD.a(FRAM.o)
 .text.FRAM_read
                0x2000cd38      0x1d4 C:/ISIS/workspace/ycube/GlobusSatProject/..//hal/hal/lib\libHALD.a(FRAM.o)
                0x2000cd38                FRAM_read
 .text.Time_start
                0x2000cf0c      0x150 C:/ISIS/workspace/ycube/GlobusSatProject/..//hal/hal/lib\libHALD.a(Time.o)
                0x2000cf0c                Time_start
 .text.taskTimeSync
                0x2000d05c       0x38 C:/ISIS/workspace/ycube/GlobusSatProject/..//hal/hal/lib\libHALD.a(Time.o)
 .text.Time_set
                0x2000d094      0x278 C:/ISIS/workspace/ycube/GlobusSatProject/..//hal/hal/lib\libHALD.a(Time.o)
                0x2000d094                Time_set
 .text.Time_isLeapYear
                0x2000d30c       0x98 C:/ISIS/workspace/ycube/GlobusSatProject/..//hal/hal/lib\libHALD.a(Time.o)
                0x2000d30c                Time_isLeapYear
 .text.Time_get
                0x2000d3a4      0x410 C:/ISIS/workspace/ycube/GlobusSatProject/..//hal/hal/lib\libHALD.a(Time.o)
                0x2000d3a4                Time_get
 .text.Time_getUnixEpoch
                0x2000d7b4       0xf4 C:/ISIS/workspace/ycube/GlobusSatProject/..//hal/hal/lib\libHALD.a(Time.o)
                0x2000d7b4                Time_getUnixEpoch
 .text.secondsOfYearToTime
                0x2000d8a8      0x328 C:/ISIS/workspace/ycube/GlobusSatProject/..//hal/hal/lib\libHALD.a(Time.o)
 .text.Time_setUnixEpoch
                0x2000dbd0      0x100 C:/ISIS/workspace/ycube/GlobusSatProject/..//hal/hal/lib\libHALD.a(Time.o)
                0x2000dbd0                Time_setUnixEpoch
 .text.Time_sync
                0x2000dcd0      0x2b8 C:/ISIS/workspace/ycube/GlobusSatProject/..//hal/hal/lib\libHALD.a(Time.o)
                0x2000dcd0                Time_sync
 .text.Time_syncIfNeeded
                0x2000df88       0x70 C:/ISIS/workspace/ycube/GlobusSatProject/..//hal/hal/lib\libHALD.a(Time.o)
                0x2000df88                Time_syncIfNeeded
 .text.Time_setSyncInterval
                0x2000dff8       0x38 C:/ISIS/workspace/ycube/GlobusSatProject/..//hal/hal/lib\libHALD.a(Time.o)
                0x2000dff8                Time_setSyncInterval
 .text.WDT_start
                0x2000e030       0x48 C:/ISIS/workspace/ycube/GlobusSatProject/..//hal/hal/lib\libHALD.a(WatchDogTimerNoOS.o)
                0x2000e030                WDT_start
 .text.WDT_startWatchdogKickTask
                0x2000e078       0xb4 C:/ISIS/workspace/ycube/GlobusSatProject/..//hal/hal/lib\libHALD.a(WatchDogTimerOS.o)
                0x2000e078                WDT_startWatchdogKickTask
 .text.WDT_forceKickEveryNms
                0x2000e12c       0x50 C:/ISIS/workspace/ycube/GlobusSatProject/..//hal/hal/lib\libHALD.a(WatchDogTimerOS.o)
                0x2000e12c                WDT_forceKickEveryNms
 .text.LED_glow
                0x2000e17c       0x58 C:/ISIS/workspace/ycube/GlobusSatProject/..//hal/hal/lib\libHALD.a(LED.o)
                0x2000e17c                LED_glow
 .text.LED_dark
                0x2000e1d4       0x58 C:/ISIS/workspace/ycube/GlobusSatProject/..//hal/hal/lib\libHALD.a(LED.o)
                0x2000e1d4                LED_dark
 .text.LED_toggle
                0x2000e22c       0x50 C:/ISIS/workspace/ycube/GlobusSatProject/..//hal/hal/lib\libHALD.a(LED.o)
                0x2000e22c                LED_toggle
 .text.RTC_start
                0x2000e27c       0x3c C:/ISIS/workspace/ycube/GlobusSatProject/..//hal/hal/lib\libHALD.a(RTC.o)
                0x2000e27c                RTC_start
 .text.RTC_setTime
                0x2000e2b8      0x2a4 C:/ISIS/workspace/ycube/GlobusSatProject/..//hal/hal/lib\libHALD.a(RTC.o)
                0x2000e2b8                RTC_setTime
 .text.RTC_getTime
                0x2000e55c      0x224 C:/ISIS/workspace/ycube/GlobusSatProject/..//hal/hal/lib\libHALD.a(RTC.o)
                0x2000e55c                RTC_getTime
 .text.RTC_checkTimeValid
                0x2000e780       0xdc C:/ISIS/workspace/ycube/GlobusSatProject/..//hal/hal/lib\libHALD.a(RTC.o)
                0x2000e780                RTC_checkTimeValid
 .text.RTT_start
                0x2000e85c       0x24 C:/ISIS/workspace/ycube/GlobusSatProject/..//hal/hal/lib\libHALD.a(RTT.o)
                0x2000e85c                RTT_start
 .text.fn_init  0x2000e880      0x2e0 C:/ISIS/workspace/ycube/GlobusSatProject/..//hal/hcc/lib\libHCCD.a(fat_common.o)
                0x2000e880                fn_init
 .text._f_get16bitl
                0x2000eb60       0x4c C:/ISIS/workspace/ycube/GlobusSatProject/..//hal/hcc/lib\libHCCD.a(fat_common.o)
                0x2000eb60                _f_get16bitl
 .text._f_set16bitl
                0x2000ebac       0x54 C:/ISIS/workspace/ycube/GlobusSatProject/..//hal/hcc/lib\libHCCD.a(fat_common.o)
                0x2000ebac                _f_set16bitl
 .text._f_get32bitl
                0x2000ec00       0x68 C:/ISIS/workspace/ycube/GlobusSatProject/..//hal/hcc/lib\libHCCD.a(fat_common.o)
                0x2000ec00                _f_get32bitl
 .text._f_set32bitl
                0x2000ec68       0x78 C:/ISIS/workspace/ycube/GlobusSatProject/..//hal/hcc/lib\libHCCD.a(fat_common.o)
                0x2000ec68                _f_set32bitl
 .text._get8bit
                0x2000ece0       0xa0 C:/ISIS/workspace/ycube/GlobusSatProject/..//hal/hcc/lib\libHCCD.a(fat_common.o)
 .text._get16bitl
                0x2000ed80       0x40 C:/ISIS/workspace/ycube/GlobusSatProject/..//hal/hcc/lib\libHCCD.a(fat_common.o)
 .text._get32bitl
                0x2000edc0       0x3c C:/ISIS/workspace/ycube/GlobusSatProject/..//hal/hcc/lib\libHCCD.a(fat_common.o)
 .text._f_setcardremoved
                0x2000edfc       0x94 C:/ISIS/workspace/ycube/GlobusSatProject/..//hal/hcc/lib\libHCCD.a(fat_common.o)
 .text._f_checkstatus
                0x2000ee90      0x104 C:/ISIS/workspace/ycube/GlobusSatProject/..//hal/hcc/lib\libHCCD.a(fat_common.o)
                0x2000ee90                _f_checkstatus
 .text._f_drvgetphy
                0x2000ef94      0x114 C:/ISIS/workspace/ycube/GlobusSatProject/..//hal/hcc/lib\libHCCD.a(fat_common.o)
 .text._f_drvwritesector
                0x2000f0a8       0xdc C:/ISIS/workspace/ycube/GlobusSatProject/..//hal/hcc/lib\libHCCD.a(fat_common.o)
 .text._f_drvreadsector
                0x2000f184       0xa8 C:/ISIS/workspace/ycube/GlobusSatProject/..//hal/hcc/lib\libHCCD.a(fat_common.o)
 .text._f_writesector
                0x2000f22c      0x23c C:/ISIS/workspace/ycube/GlobusSatProject/..//hal/hcc/lib\libHCCD.a(fat_common.o)
                0x2000f22c                _f_writesector
 .text._f_readsector
                0x2000f468      0x1dc C:/ISIS/workspace/ycube/GlobusSatProject/..//hal/hcc/lib\libHCCD.a(fat_common.o)
                0x2000f468                _f_readsector
 .text._f_getmaxcluster
                0x2000f644       0x94 C:/ISIS/workspace/ycube/GlobusSatProject/..//hal/hcc/lib\libHCCD.a(fat_common.o)
                0x2000f644                _f_getmaxcluster
 .text._getsectorfromcluster
                0x2000f6d8       0x68 C:/ISIS/workspace/ycube/GlobusSatProject/..//hal/hcc/lib\libHCCD.a(fat_common.o)
 .text._f_buildsectors
                0x2000f740      0x268 C:/ISIS/workspace/ycube/GlobusSatProject/..//hal/hcc/lib\libHCCD.a(fat_common.o)
 .text._f_getbootrecord
                0x2000f9a8      0x5e4 C:/ISIS/workspace/ycube/GlobusSatProject/..//hal/hcc/lib\libHCCD.a(fat_common.o)
 .text._f_readbootrecord
                0x2000ff8c      0x4f8 C:/ISIS/workspace/ycube/GlobusSatProject/..//hal/hcc/lib\libHCCD.a(fat_common.o)
 .text._f_flushcffiles
                0x20010484      0x17c C:/ISIS/workspace/ycube/GlobusSatProject/..//hal/hcc/lib\libHCCD.a(fat_common.o)
                0x20010484                _f_flushcffiles
 .text._f_fatcache_flush
                0x20010600      0x270 C:/ISIS/workspace/ycube/GlobusSatProject/..//hal/hcc/lib\libHCCD.a(fat_common.o)
                0x20010600                _f_fatcache_flush
 .text._f_writefatsector
                0x20010870      0x100 C:/ISIS/workspace/ycube/GlobusSatProject/..//hal/hcc/lib\libHCCD.a(fat_common.o)
                0x20010870                _f_writefatsector
 .text._f_getfatsector
                0x20010970      0x3bc C:/ISIS/workspace/ycube/GlobusSatProject/..//hal/hcc/lib\libHCCD.a(fat_common.o)
 .text._f_setclustervalue
                0x20010d2c      0x490 C:/ISIS/workspace/ycube/GlobusSatProject/..//hal/hcc/lib\libHCCD.a(fat_common.o)
                0x20010d2c                _f_setclustervalue
 .text._f_getclustervalue
                0x200111bc      0x388 C:/ISIS/workspace/ycube/GlobusSatProject/..//hal/hcc/lib\libHCCD.a(fat_common.o)
                0x200111bc                _f_getclustervalue
 .text._f_close_drive_files
                0x20011544       0xac C:/ISIS/workspace/ycube/GlobusSatProject/..//hal/hcc/lib\libHCCD.a(fat_common.o)
 .text._f_inc_mount_count
                0x200115f0       0xa4 C:/ISIS/workspace/ycube/GlobusSatProject/..//hal/hcc/lib\libHCCD.a(fat_common.o)
 .text._f_getvolume
                0x20011694      0x2f8 C:/ISIS/workspace/ycube/GlobusSatProject/..//hal/hcc/lib\libHCCD.a(fat_common.o)
                0x20011694                _f_getvolume
 .text.fn_createdriver
                0x2001198c      0x118 C:/ISIS/workspace/ycube/GlobusSatProject/..//hal/hcc/lib\libHCCD.a(fat_common.o)
                0x2001198c                fn_createdriver
 .text.fn_initvolume
                0x20011aa4      0x12c C:/ISIS/workspace/ycube/GlobusSatProject/..//hal/hcc/lib\libHCCD.a(fat_common.o)
                0x20011aa4                fn_initvolume
 .text.fn_initvolumepartition_sub
                0x20011bd0       0xe0 C:/ISIS/workspace/ycube/GlobusSatProject/..//hal/hcc/lib\libHCCD.a(fat_common.o)
 .text.fn_initvolumepartition
                0x20011cb0       0xac C:/ISIS/workspace/ycube/GlobusSatProject/..//hal/hcc/lib\libHCCD.a(fat_common.o)
                0x20011cb0                fn_initvolumepartition
 .text._f_clustertopos
                0x20011d5c       0xf8 C:/ISIS/workspace/ycube/GlobusSatProject/..//hal/hcc/lib\libHCCD.a(fat_common.o)
                0x20011d5c                _f_clustertopos
 .text._f_getcurrsector
                0x20011e54      0x6c8 C:/ISIS/workspace/ycube/GlobusSatProject/..//hal/hcc/lib\libHCCD.a(fat_common.o)
                0x20011e54                _f_getcurrsector
 .text._f_getdecluster
                0x2001251c       0x90 C:/ISIS/workspace/ycube/GlobusSatProject/..//hal/hcc/lib\libHCCD.a(fat_common.o)
                0x2001251c                _f_getdecluster
 .text._f_setdecluster
                0x200125ac       0x8c C:/ISIS/workspace/ycube/GlobusSatProject/..//hal/hcc/lib\libHCCD.a(fat_common.o)
                0x200125ac                _f_setdecluster
 .text.fn_getdrive
                0x20012638       0x30 C:/ISIS/workspace/ycube/GlobusSatProject/..//hal/hcc/lib\libHCCD.a(fat_common.o)
                0x20012638                fn_getdrive
 .text._f_getcurrenttimedate
                0x20012668      0x138 C:/ISIS/workspace/ycube/GlobusSatProject/..//hal/hcc/lib\libHCCD.a(fat_common.o)
                0x20012668                _f_getcurrenttimedate
 .text._f_initentry
                0x200127a0       0xa0 C:/ISIS/workspace/ycube/GlobusSatProject/..//hal/hcc/lib\libHCCD.a(fat_common.o)
                0x200127a0                _f_initentry
 .text._f_alloccluster
                0x20012840      0x344 C:/ISIS/workspace/ycube/GlobusSatProject/..//hal/hcc/lib\libHCCD.a(fat_common.o)
                0x20012840                _f_alloccluster
 .text._f_dobadblock
                0x20012b84      0x2cc C:/ISIS/workspace/ycube/GlobusSatProject/..//hal/hcc/lib\libHCCD.a(fat_common.o)
                0x20012b84                _f_dobadblock
 .text._f_checklocked
                0x20012e50       0xe4 C:/ISIS/workspace/ycube/GlobusSatProject/..//hal/hcc/lib\libHCCD.a(fat_common.o)
                0x20012e50                _f_checklocked
 .text._f_checkappendlocked
                0x20012f34      0x110 C:/ISIS/workspace/ycube/GlobusSatProject/..//hal/hcc/lib\libHCCD.a(fat_common.o)
                0x20012f34                _f_checkappendlocked
 .text._f_setsyncafile
                0x20013044      0x114 C:/ISIS/workspace/ycube/GlobusSatProject/..//hal/hcc/lib\libHCCD.a(fat_common.o)
                0x20013044                _f_setsyncafile
 .text._f_syncfiles
                0x20013158      0x128 C:/ISIS/workspace/ycube/GlobusSatProject/..//hal/hcc/lib\libHCCD.a(fat_common.o)
                0x20013158                _f_syncfiles
 .text._f_syncfilescontent
                0x20013280      0x15c C:/ISIS/workspace/ycube/GlobusSatProject/..//hal/hcc/lib\libHCCD.a(fat_common.o)
 .text.fn_getfreespace
                0x200133dc      0x4c0 C:/ISIS/workspace/ycube/GlobusSatProject/..//hal/hcc/lib\libHCCD.a(fat_common.o)
                0x200133dc                fn_getfreespace
 .text._f_emptywritecache
                0x2001389c      0x4a4 C:/ISIS/workspace/ycube/GlobusSatProject/..//hal/hcc/lib\libHCCD.a(fat_common.o)
 .text._f_allocnextcluster
                0x20013d40      0x54c C:/ISIS/workspace/ycube/GlobusSatProject/..//hal/hcc/lib\libHCCD.a(fat_common.o)
 .text._f_emptywritebuffer
                0x2001428c      0x20c C:/ISIS/workspace/ycube/GlobusSatProject/..//hal/hcc/lib\libHCCD.a(fat_common.o)
 .text._f_writezeros
                0x20014498       0xf0 C:/ISIS/workspace/ycube/GlobusSatProject/..//hal/hcc/lib\libHCCD.a(fat_common.o)
                0x20014498                _f_writezeros
 .text._f_extend_file
                0x20014588      0x570 C:/ISIS/workspace/ycube/GlobusSatProject/..//hal/hcc/lib\libHCCD.a(fat_common.o)
 .text._f_fseek
                0x20014af8      0x9bc C:/ISIS/workspace/ycube/GlobusSatProject/..//hal/hcc/lib\libHCCD.a(fat_common.o)
                0x20014af8                _f_fseek
 .text._f_removechain
                0x200154b4      0x104 C:/ISIS/workspace/ycube/GlobusSatProject/..//hal/hcc/lib\libHCCD.a(fat_common.o)
                0x200154b4                _f_removechain
 .text._f_updatefileentry
                0x200155b8      0x1cc C:/ISIS/workspace/ycube/GlobusSatProject/..//hal/hcc/lib\libHCCD.a(fat_common.o)
 .text._f_checkreadlocked
                0x20015784      0x1bc C:/ISIS/workspace/ycube/GlobusSatProject/..//hal/hcc/lib\libHCCD.a(fat_common.o)
                0x20015784                _f_checkreadlocked
 .text._f_check_handle
                0x20015940       0x98 C:/ISIS/workspace/ycube/GlobusSatProject/..//hal/hcc/lib\libHCCD.a(fat_common.o)
                0x20015940                _f_check_handle
 .text._f_removesyncafile
                0x200159d8      0x1ec C:/ISIS/workspace/ycube/GlobusSatProject/..//hal/hcc/lib\libHCCD.a(fat_common.o)
 .text.fn_close
                0x20015bc4      0x3f8 C:/ISIS/workspace/ycube/GlobusSatProject/..//hal/hcc/lib\libHCCD.a(fat_common.o)
                0x20015bc4                fn_close
 .text.fn_flush
                0x20015fbc      0x374 C:/ISIS/workspace/ycube/GlobusSatProject/..//hal/hcc/lib\libHCCD.a(fat_common.o)
                0x20015fbc                fn_flush
 .text.fn_read  0x20016330      0x690 C:/ISIS/workspace/ycube/GlobusSatProject/..//hal/hcc/lib\libHCCD.a(fat_common.o)
                0x20016330                fn_read
 .text._f_abortwrite
                0x200169c0      0x100 C:/ISIS/workspace/ycube/GlobusSatProject/..//hal/hcc/lib\libHCCD.a(fat_common.o)
 .text._f_checkwritecluster
                0x20016ac0       0xe4 C:/ISIS/workspace/ycube/GlobusSatProject/..//hal/hcc/lib\libHCCD.a(fat_common.o)
 .text.fn_write
                0x20016ba4      0x8a8 C:/ISIS/workspace/ycube/GlobusSatProject/..//hal/hcc/lib\libHCCD.a(fat_common.o)
                0x20016ba4                fn_write
 .text.f_enterFS
                0x2001744c      0x1c0 C:/ISIS/workspace/ycube/GlobusSatProject/..//hal/hcc/lib\libHCCD.a(fat_common.o)
                0x2001744c                f_enterFS
 .text.fnGetTask
                0x2001760c       0xfc C:/ISIS/workspace/ycube/GlobusSatProject/..//hal/hcc/lib\libHCCD.a(fat_common.o)
                0x2001760c                fnGetTask
 .text._f_mutex_get
                0x20017708       0x98 C:/ISIS/workspace/ycube/GlobusSatProject/..//hal/hcc/lib\libHCCD.a(fat_common.o)
                0x20017708                _f_mutex_get
 .text._f_mutex_put
                0x200177a0       0x54 C:/ISIS/workspace/ycube/GlobusSatProject/..//hal/hcc/lib\libHCCD.a(fat_common.o)
                0x200177a0                _f_mutex_put
 .text._fn_initseekdivisor
                0x200177f4      0x158 C:/ISIS/workspace/ycube/GlobusSatProject/..//hal/hcc/lib\libHCCD.a(fat_common.o)
                0x200177f4                _fn_initseekdivisor
 .text._fn_updateseekpos
                0x2001794c       0xc4 C:/ISIS/workspace/ycube/GlobusSatProject/..//hal/hcc/lib\libHCCD.a(fat_common.o)
 .text._f_findopensize
                0x20017a10       0x2c C:/ISIS/workspace/ycube/GlobusSatProject/..//hal/hcc/lib\libHCCD.a(fat_common.o)
                0x20017a10                _f_findopensize
 .text.fn_setlasterror
                0x20017a3c       0x34 C:/ISIS/workspace/ycube/GlobusSatProject/..//hal/hcc/lib\libHCCD.a(fat_common.o)
                0x20017a3c                fn_setlasterror
 .text.fn_setlasterror_noret
                0x20017a70       0x2c C:/ISIS/workspace/ycube/GlobusSatProject/..//hal/hcc/lib\libHCCD.a(fat_common.o)
                0x20017a70                fn_setlasterror_noret
 .text.fm_initvolume
                0x20017a9c       0x70 C:/ISIS/workspace/ycube/GlobusSatProject/..//hal/hcc/lib\libHCCD.a(fat_m.o)
                0x20017a9c                fm_initvolume
 .text.fm_getdrive
                0x20017b0c       0x70 C:/ISIS/workspace/ycube/GlobusSatProject/..//hal/hcc/lib\libHCCD.a(fat_m.o)
                0x20017b0c                fm_getdrive
 .text.fm_getfreespace
                0x20017b7c       0x68 C:/ISIS/workspace/ycube/GlobusSatProject/..//hal/hcc/lib\libHCCD.a(fat_m.o)
                0x20017b7c                fm_getfreespace
 .text.fm_findfirst
                0x20017be4       0x68 C:/ISIS/workspace/ycube/GlobusSatProject/..//hal/hcc/lib\libHCCD.a(fat_m.o)
                0x20017be4                fm_findfirst
 .text.fm_findnext
                0x20017c4c       0x60 C:/ISIS/workspace/ycube/GlobusSatProject/..//hal/hcc/lib\libHCCD.a(fat_m.o)
                0x20017c4c                fm_findnext
 .text.fm_close
                0x20017cac       0x60 C:/ISIS/workspace/ycube/GlobusSatProject/..//hal/hcc/lib\libHCCD.a(fat_m.o)
                0x20017cac                fm_close
 .text.fm_flush
                0x20017d0c       0x60 C:/ISIS/workspace/ycube/GlobusSatProject/..//hal/hcc/lib\libHCCD.a(fat_m.o)
                0x20017d0c                fm_flush
 .text.fm_open  0x20017d6c       0x68 C:/ISIS/workspace/ycube/GlobusSatProject/..//hal/hcc/lib\libHCCD.a(fat_m.o)
                0x20017d6c                fm_open
 .text.fm_read  0x20017dd4       0x7c C:/ISIS/workspace/ycube/GlobusSatProject/..//hal/hcc/lib\libHCCD.a(fat_m.o)
                0x20017dd4                fm_read
 .text.fm_write
                0x20017e50       0x7c C:/ISIS/workspace/ycube/GlobusSatProject/..//hal/hcc/lib\libHCCD.a(fat_m.o)
                0x20017e50                fm_write
 .text.fm_delete
                0x20017ecc       0x64 C:/ISIS/workspace/ycube/GlobusSatProject/..//hal/hcc/lib\libHCCD.a(fat_m.o)
                0x20017ecc                fm_delete
 .text._s_checkzeroclusteratend
                0x20017f30       0xf8 C:/ISIS/workspace/ycube/GlobusSatProject/..//hal/hcc/lib\libHCCD.a(safefat.o)
 .text._s_clearclustercontent
                0x20018028      0x108 C:/ISIS/workspace/ycube/GlobusSatProject/..//hal/hcc/lib\libHCCD.a(safefat.o)
 .text._s_clearclustercontentdir
                0x20018130      0x19c C:/ISIS/workspace/ycube/GlobusSatProject/..//hal/hcc/lib\libHCCD.a(safefat.o)
 .text._s_writedirsector
                0x200182cc       0xd0 C:/ISIS/workspace/ycube/GlobusSatProject/..//hal/hcc/lib\libHCCD.a(safefat.o)
 .text._s_getdirsector
                0x2001839c      0x100 C:/ISIS/workspace/ycube/GlobusSatProject/..//hal/hcc/lib\libHCCD.a(safefat.o)
 .text._s_addentry
                0x2001849c      0x394 C:/ISIS/workspace/ycube/GlobusSatProject/..//hal/hcc/lib\libHCCD.a(safefat.o)
 .text._s_findfile
                0x20018830      0x33c C:/ISIS/workspace/ycube/GlobusSatProject/..//hal/hcc/lib\libHCCD.a(safefat.o)
 .text._s_findsubdir
                0x20018b6c      0x248 C:/ISIS/workspace/ycube/GlobusSatProject/..//hal/hcc/lib\libHCCD.a(safefat.o)
 .text._s_createfile
                0x20018db4      0x190 C:/ISIS/workspace/ycube/GlobusSatProject/..//hal/hcc/lib\libHCCD.a(safefat.o)
 .text._s_findsaffile
                0x20018f44      0x1b8 C:/ISIS/workspace/ycube/GlobusSatProject/..//hal/hcc/lib\libHCCD.a(safefat.o)
 .text._s_open  0x200190fc       0xe4 C:/ISIS/workspace/ycube/GlobusSatProject/..//hal/hcc/lib\libHCCD.a(safefat.o)
 .text._s_open_saf
                0x200191e0       0xe8 C:/ISIS/workspace/ycube/GlobusSatProject/..//hal/hcc/lib\libHCCD.a(safefat.o)
 .text._s_flush
                0x200192c8       0x84 C:/ISIS/workspace/ycube/GlobusSatProject/..//hal/hcc/lib\libHCCD.a(safefat.o)
 .text._s_allocnextcluster
                0x2001934c      0x13c C:/ISIS/workspace/ycube/GlobusSatProject/..//hal/hcc/lib\libHCCD.a(safefat.o)
 .text._s_getnextsector
                0x20019488       0xdc C:/ISIS/workspace/ycube/GlobusSatProject/..//hal/hcc/lib\libHCCD.a(safefat.o)
 .text._s_seek  0x20019564      0x1e8 C:/ISIS/workspace/ycube/GlobusSatProject/..//hal/hcc/lib\libHCCD.a(safefat.o)
 .text._s_read  0x2001974c      0x228 C:/ISIS/workspace/ycube/GlobusSatProject/..//hal/hcc/lib\libHCCD.a(safefat.o)
 .text._s_write
                0x20019974      0x384 C:/ISIS/workspace/ycube/GlobusSatProject/..//hal/hcc/lib\libHCCD.a(safefat.o)
 .text._s_restoreclusters
                0x20019cf8      0x270 C:/ISIS/workspace/ycube/GlobusSatProject/..//hal/hcc/lib\libHCCD.a(safefat.o)
                0x20019cf8                _s_restoreclusters
 .text._s_findrestore
                0x20019f68      0x18c C:/ISIS/workspace/ycube/GlobusSatProject/..//hal/hcc/lib\libHCCD.a(safefat.o)
 .text._s_cmd_writede
                0x2001a0f4       0xd8 C:/ISIS/workspace/ycube/GlobusSatProject/..//hal/hcc/lib\libHCCD.a(safefat.o)
 .text._s_cmd_setcluster
                0x2001a1cc       0x88 C:/ISIS/workspace/ycube/GlobusSatProject/..//hal/hcc/lib\libHCCD.a(safefat.o)
 .text._s_cmd_deletechain
                0x2001a254      0x100 C:/ISIS/workspace/ycube/GlobusSatProject/..//hal/hcc/lib\libHCCD.a(safefat.o)
 .text._s_cmd_validatecfn
                0x2001a354      0x308 C:/ISIS/workspace/ycube/GlobusSatProject/..//hal/hcc/lib\libHCCD.a(safefat.o)
 .text._s_cmd_seteof
                0x2001a65c      0x3c4 C:/ISIS/workspace/ycube/GlobusSatProject/..//hal/hcc/lib\libHCCD.a(safefat.o)
 .text.safe_docommands
                0x2001aa20      0x56c C:/ISIS/workspace/ycube/GlobusSatProject/..//hal/hcc/lib\libHCCD.a(safefat.o)
                0x2001aa20                safe_docommands
 .text.safe_entercommand
                0x2001af8c       0x68 C:/ISIS/workspace/ycube/GlobusSatProject/..//hal/hcc/lib\libHCCD.a(safefat.o)
                0x2001af8c                safe_entercommand
 .text.safe_ready
                0x2001aff4       0xf4 C:/ISIS/workspace/ycube/GlobusSatProject/..//hal/hcc/lib\libHCCD.a(safefat.o)
                0x2001aff4                safe_ready
 .text.safe_copycfn
                0x2001b0e8       0xb8 C:/ISIS/workspace/ycube/GlobusSatProject/..//hal/hcc/lib\libHCCD.a(safefat.o)
                0x2001b0e8                safe_copycfn
 .text.safe_cfremove
                0x2001b1a0       0xb8 C:/ISIS/workspace/ycube/GlobusSatProject/..//hal/hcc/lib\libHCCD.a(safefat.o)
                0x2001b1a0                safe_cfremove
 .text.safe_writede
                0x2001b258      0x104 C:/ISIS/workspace/ycube/GlobusSatProject/..//hal/hcc/lib\libHCCD.a(safefat.o)
                0x2001b258                safe_writede
 .text.safe_setcluster
                0x2001b35c       0xcc C:/ISIS/workspace/ycube/GlobusSatProject/..//hal/hcc/lib\libHCCD.a(safefat.o)
                0x2001b35c                safe_setcluster
 .text.safe_deletechain
                0x2001b428      0x1c8 C:/ISIS/workspace/ycube/GlobusSatProject/..//hal/hcc/lib\libHCCD.a(safefat.o)
                0x2001b428                safe_deletechain
 .text.safe_cfclose
                0x2001b5f0      0x104 C:/ISIS/workspace/ycube/GlobusSatProject/..//hal/hcc/lib\libHCCD.a(safefat.o)
                0x2001b5f0                safe_cfclose
 .text.safe_cfflush
                0x2001b6f4      0x124 C:/ISIS/workspace/ycube/GlobusSatProject/..//hal/hcc/lib\libHCCD.a(safefat.o)
                0x2001b6f4                safe_cfflush
 .text.safe_reset
                0x2001b818       0x78 C:/ISIS/workspace/ycube/GlobusSatProject/..//hal/hcc/lib\libHCCD.a(safefat.o)
                0x2001b818                safe_reset
 .text.safe_loadcommands
                0x2001b890       0x78 C:/ISIS/workspace/ycube/GlobusSatProject/..//hal/hcc/lib\libHCCD.a(safefat.o)
                0x2001b890                safe_loadcommands
 .text.safe_poweron
                0x2001b908      0x1fc C:/ISIS/workspace/ycube/GlobusSatProject/..//hal/hcc/lib\libHCCD.a(safefat.o)
                0x2001b908                safe_poweron
 .text.cf_getname
                0x2001bb04       0xc0 C:/ISIS/workspace/ycube/GlobusSatProject/..//hal/hcc/lib\libHCCD.a(safefat.o)
 .text.cf_copyclusterchain
                0x2001bbc4      0x138 C:/ISIS/workspace/ycube/GlobusSatProject/..//hal/hcc/lib\libHCCD.a(safefat.o)
 .text.cf_seektozero
                0x2001bcfc       0x94 C:/ISIS/workspace/ycube/GlobusSatProject/..//hal/hcc/lib\libHCCD.a(safefat.o)
                0x2001bcfc                cf_seektozero
 .text.cf_create
                0x2001bd90      0x3a8 C:/ISIS/workspace/ycube/GlobusSatProject/..//hal/hcc/lib\libHCCD.a(safefat.o)
                0x2001bd90                cf_create
 .text.cf_copyclustercontent
                0x2001c138      0x128 C:/ISIS/workspace/ycube/GlobusSatProject/..//hal/hcc/lib\libHCCD.a(safefat.o)
                0x2001c138                cf_copyclustercontent
 .text.cf_copycfn
                0x2001c260      0x4bc C:/ISIS/workspace/ycube/GlobusSatProject/..//hal/hcc/lib\libHCCD.a(safefat.o)
                0x2001c260                cf_copycfn
 .text.cf_remove
                0x2001c71c      0x344 C:/ISIS/workspace/ycube/GlobusSatProject/..//hal/hcc/lib\libHCCD.a(safefat.o)
                0x2001c71c                cf_remove
 .text.cf_setclusternew
                0x2001ca60       0xf0 C:/ISIS/workspace/ycube/GlobusSatProject/..//hal/hcc/lib\libHCCD.a(safefat.o)
                0x2001ca60                cf_setclusternew
 .text.cf_flush
                0x2001cb50       0x58 C:/ISIS/workspace/ycube/GlobusSatProject/..//hal/hcc/lib\libHCCD.a(safefat.o)
                0x2001cb50                cf_flush
 .text.cf_getcluster
                0x2001cba8      0x1b4 C:/ISIS/workspace/ycube/GlobusSatProject/..//hal/hcc/lib\libHCCD.a(safefat.o)
                0x2001cba8                cf_getcluster
 .text.cf_setnextcluster
                0x2001cd5c      0x194 C:/ISIS/workspace/ycube/GlobusSatProject/..//hal/hcc/lib\libHCCD.a(safefat.o)
                0x2001cd5c                cf_setnextcluster
 .text.cf_getpositions
                0x2001cef0       0xbc C:/ISIS/workspace/ycube/GlobusSatProject/..//hal/hcc/lib\libHCCD.a(safefat.o)
                0x2001cef0                cf_getpositions
 .text.cf_setpositions
                0x2001cfac       0xb0 C:/ISIS/workspace/ycube/GlobusSatProject/..//hal/hcc/lib\libHCCD.a(safefat.o)
                0x2001cfac                cf_setpositions
 .text.cf_opensyncafile
                0x2001d05c      0x150 C:/ISIS/workspace/ycube/GlobusSatProject/..//hal/hcc/lib\libHCCD.a(safefat.o)
                0x2001d05c                cf_opensyncafile
 .text.cf_reloadcfo
                0x2001d1ac       0xd8 C:/ISIS/workspace/ycube/GlobusSatProject/..//hal/hcc/lib\libHCCD.a(safefat.o)
                0x2001d1ac                cf_reloadcfo
 .text.mcipdc_cmd
                0x2001d284      0x22c C:/ISIS/workspace/ycube/GlobusSatProject/..//hal/hcc/lib\libHCCD.a(atmel_mcipdc.o)
 .text.mcipdc_stop
                0x2001d4b0       0xfc C:/ISIS/workspace/ycube/GlobusSatProject/..//hal/hcc/lib\libHCCD.a(atmel_mcipdc.o)
                0x2001d4b0                mcipdc_stop
 .text.mcipdc_read
                0x2001d5ac      0x27c C:/ISIS/workspace/ycube/GlobusSatProject/..//hal/hcc/lib\libHCCD.a(atmel_mcipdc.o)
 .text.mcipdc_write
                0x2001d828      0x298 C:/ISIS/workspace/ycube/GlobusSatProject/..//hal/hcc/lib\libHCCD.a(atmel_mcipdc.o)
 .text.mcipdc_readsector
                0x2001dac0       0x9c C:/ISIS/workspace/ycube/GlobusSatProject/..//hal/hcc/lib\libHCCD.a(atmel_mcipdc.o)
                0x2001dac0                mcipdc_readsector
 .text.mcipdc_readmultiplesector
                0x2001db5c      0x124 C:/ISIS/workspace/ycube/GlobusSatProject/..//hal/hcc/lib\libHCCD.a(atmel_mcipdc.o)
                0x2001db5c                mcipdc_readmultiplesector
 .text.mcipdc_writesector
                0x2001dc80       0x90 C:/ISIS/workspace/ycube/GlobusSatProject/..//hal/hcc/lib\libHCCD.a(atmel_mcipdc.o)
                0x2001dc80                mcipdc_writesector
 .text.mcipdc_writemultiplesector
                0x2001dd10      0x120 C:/ISIS/workspace/ycube/GlobusSatProject/..//hal/hcc/lib\libHCCD.a(atmel_mcipdc.o)
                0x2001dd10                mcipdc_writemultiplesector
 .text.mcipdc_set_speed
                0x2001de30       0xb0 C:/ISIS/workspace/ycube/GlobusSatProject/..//hal/hcc/lib\libHCCD.a(atmel_mcipdc.o)
 .text.mcipdc_get_speed
                0x2001dee0       0x48 C:/ISIS/workspace/ycube/GlobusSatProject/..//hal/hcc/lib\libHCCD.a(atmel_mcipdc.o)
 .text._get_csd_bits
                0x2001df28      0x14c C:/ISIS/workspace/ycube/GlobusSatProject/..//hal/hcc/lib\libHCCD.a(atmel_mcipdc.o)
 .text.mcipdc_initcard
                0x2001e074      0x8f4 C:/ISIS/workspace/ycube/GlobusSatProject/..//hal/hcc/lib\libHCCD.a(atmel_mcipdc.o)
 .text.mcipdc_getstatus
                0x2001e968       0xe8 C:/ISIS/workspace/ycube/GlobusSatProject/..//hal/hcc/lib\libHCCD.a(atmel_mcipdc.o)
 .text.mcipdc_getphy
                0x2001ea50       0x90 C:/ISIS/workspace/ycube/GlobusSatProject/..//hal/hcc/lib\libHCCD.a(atmel_mcipdc.o)
 .text.mcipdc_release
                0x2001eae0       0x50 C:/ISIS/workspace/ycube/GlobusSatProject/..//hal/hcc/lib\libHCCD.a(atmel_mcipdc.o)
 .text.atmel_mcipdc_initfunc
                0x2001eb30      0x160 C:/ISIS/workspace/ycube/GlobusSatProject/..//hal/hcc/lib\libHCCD.a(atmel_mcipdc.o)
                0x2001eb30                atmel_mcipdc_initfunc
 .text.oal_mutex_create
                0x2001ec90       0x54 C:/ISIS/workspace/ycube/GlobusSatProject/..//hal/hcc/lib\libHCCD.a(oalp_mutex.o)
                0x2001ec90                oal_mutex_create
 .text.oal_mutex_delete
                0x2001ece4       0x30 C:/ISIS/workspace/ycube/GlobusSatProject/..//hal/hcc/lib\libHCCD.a(oalp_mutex.o)
                0x2001ece4                oal_mutex_delete
 .text.oal_mutex_get
                0x2001ed14       0x58 C:/ISIS/workspace/ycube/GlobusSatProject/..//hal/hcc/lib\libHCCD.a(oalp_mutex.o)
                0x2001ed14                oal_mutex_get
 .text.oal_mutex_put
                0x2001ed6c       0x58 C:/ISIS/workspace/ycube/GlobusSatProject/..//hal/hcc/lib\libHCCD.a(oalp_mutex.o)
                0x2001ed6c                oal_mutex_put
 .text.oal_task_get_id
                0x2001edc4       0x18 C:/ISIS/workspace/ycube/GlobusSatProject/..//hal/hcc/lib\libHCCD.a(oalp_task.o)
                0x2001edc4                oal_task_get_id
 .text.mcipdc_hw_init
                0x2001eddc       0xe8 C:/ISIS/workspace/ycube/GlobusSatProject/..//hal/hcc/lib\libHCCD.a(atmel_mcipdc_hw.o)
                0x2001eddc                mcipdc_hw_init
 .text.mcipdc_hw_delete
                0x2001eec4       0x78 C:/ISIS/workspace/ycube/GlobusSatProject/..//hal/hcc/lib\libHCCD.a(atmel_mcipdc_hw.o)
                0x2001eec4                mcipdc_hw_delete
 .text.mcipdc_hw_card_plugged
                0x2001ef3c       0x1c C:/ISIS/workspace/ycube/GlobusSatProject/..//hal/hcc/lib\libHCCD.a(atmel_mcipdc_hw.o)
                0x2001ef3c                mcipdc_hw_card_plugged
 .text.mcipdc_hw_card_writeprotect
                0x2001ef58       0x1c C:/ISIS/workspace/ycube/GlobusSatProject/..//hal/hcc/lib\libHCCD.a(atmel_mcipdc_hw.o)
                0x2001ef58                mcipdc_hw_card_writeprotect
 .text.psp_getcurrenttimedate
                0x2001ef74       0x8c C:/ISIS/workspace/ycube/GlobusSatProject/..//hal/hcc/lib\libHCCD.a(psp_rtc.o)
                0x2001ef74                psp_getcurrenttimedate
 .text._hcc_get_buf_dsc
                0x2001f000       0x8c C:/ISIS/workspace/ycube/GlobusSatProject/..//hal/hcc/lib\libHCCD.a(hcc_mem.o)
 .text._hcc_check_free_pages
                0x2001f08c      0x18c C:/ISIS/workspace/ycube/GlobusSatProject/..//hal/hcc/lib\libHCCD.a(hcc_mem.o)
 .text._hcc_mark_pages
                0x2001f218      0x158 C:/ISIS/workspace/ycube/GlobusSatProject/..//hal/hcc/lib\libHCCD.a(hcc_mem.o)
 .text._hcc_clear_lock_dsc
                0x2001f370       0x80 C:/ISIS/workspace/ycube/GlobusSatProject/..//hal/hcc/lib\libHCCD.a(hcc_mem.o)
 .text._hcc_lock_access
                0x2001f3f0      0x128 C:/ISIS/workspace/ycube/GlobusSatProject/..//hal/hcc/lib\libHCCD.a(hcc_mem.o)
 .text._hcc_unlock_access
                0x2001f518       0x30 C:/ISIS/workspace/ycube/GlobusSatProject/..//hal/hcc/lib\libHCCD.a(hcc_mem.o)
 .text.hcc_mem_alloc
                0x2001f548      0x454 C:/ISIS/workspace/ycube/GlobusSatProject/..//hal/hcc/lib\libHCCD.a(hcc_mem.o)
                0x2001f548                hcc_mem_alloc
 .text.hcc_mem_free
                0x2001f99c      0x178 C:/ISIS/workspace/ycube/GlobusSatProject/..//hal/hcc/lib\libHCCD.a(hcc_mem.o)
                0x2001f99c                hcc_mem_free
 .text.hcc_mem_add
                0x2001fb14      0x3b0 C:/ISIS/workspace/ycube/GlobusSatProject/..//hal/hcc/lib\libHCCD.a(hcc_mem.o)
                0x2001fb14                hcc_mem_add
 .text.hcc_mem_init
                0x2001fec4      0x164 C:/ISIS/workspace/ycube/GlobusSatProject/..//hal/hcc/lib\libHCCD.a(hcc_mem.o)
                0x2001fec4                hcc_mem_init
 .text._f_invalidatedir
                0x20020028       0x28 C:/ISIS/workspace/ycube/GlobusSatProject/..//hal/hcc/lib\libHCCD.a(fat.o)
                0x20020028                _f_invalidatedir
 .text._f_getdirsector
                0x20020050       0x88 C:/ISIS/workspace/ycube/GlobusSatProject/..//hal/hcc/lib\libHCCD.a(fat.o)
                0x20020050                _f_getdirsector
 .text._f_writedirsector
                0x200200d8       0x74 C:/ISIS/workspace/ycube/GlobusSatProject/..//hal/hcc/lib\libHCCD.a(fat.o)
                0x200200d8                _f_writedirsector
 .text._f_checknameinv
                0x2002014c      0x180 C:/ISIS/workspace/ycube/GlobusSatProject/..//hal/hcc/lib\libHCCD.a(fat.o)
 .text._f_checkname
                0x200202cc       0x7c C:/ISIS/workspace/ycube/GlobusSatProject/..//hal/hcc/lib\libHCCD.a(fat.o)
 .text._f_checknamewc
                0x20020348       0xf8 C:/ISIS/workspace/ycube/GlobusSatProject/..//hal/hcc/lib\libHCCD.a(fat.o)
 .text._f_setnameext
                0x20020440      0x300 C:/ISIS/workspace/ycube/GlobusSatProject/..//hal/hcc/lib\libHCCD.a(fat.o)
 .text._f_setfsname
                0x20020740      0x584 C:/ISIS/workspace/ycube/GlobusSatProject/..//hal/hcc/lib\libHCCD.a(fat.o)
 .text._f_findfile
                0x20020cc4      0x30c C:/ISIS/workspace/ycube/GlobusSatProject/..//hal/hcc/lib\libHCCD.a(fat.o)
 .text._f_cmp_wname
                0x20020fd0      0x274 C:/ISIS/workspace/ycube/GlobusSatProject/..//hal/hcc/lib\libHCCD.a(fat.o)
 .text._f_to_string
                0x20021244      0x130 C:/ISIS/workspace/ycube/GlobusSatProject/..//hal/hcc/lib\libHCCD.a(fat.o)
 .text._f_findfilewc
                0x20021374      0x278 C:/ISIS/workspace/ycube/GlobusSatProject/..//hal/hcc/lib\libHCCD.a(fat.o)
 .text._f_getfilename
                0x200215ec      0x20c C:/ISIS/workspace/ycube/GlobusSatProject/..//hal/hcc/lib\libHCCD.a(fat.o)
 .text._f_findpath
                0x200217f8      0x35c C:/ISIS/workspace/ycube/GlobusSatProject/..//hal/hcc/lib\libHCCD.a(fat.o)
 .text.fn_getdcwd
                0x20021b54      0x1e0 C:/ISIS/workspace/ycube/GlobusSatProject/..//hal/hcc/lib\libHCCD.a(fat.o)
                0x20021b54                fn_getdcwd
 .text.fn_findfirst
                0x20021d34      0x13c C:/ISIS/workspace/ycube/GlobusSatProject/..//hal/hcc/lib\libHCCD.a(fat.o)
                0x20021d34                fn_findfirst
 .text.fn_findnext
                0x20021e70      0x360 C:/ISIS/workspace/ycube/GlobusSatProject/..//hal/hcc/lib\libHCCD.a(fat.o)
                0x20021e70                fn_findnext
 .text._f_lock_resfile
                0x200221d0       0x6c C:/ISIS/workspace/ycube/GlobusSatProject/..//hal/hcc/lib\libHCCD.a(fat.o)
 .text._f_unlock_resfile
                0x2002223c       0x40 C:/ISIS/workspace/ycube/GlobusSatProject/..//hal/hcc/lib\libHCCD.a(fat.o)
 .text._f_getintfile
                0x2002227c      0x124 C:/ISIS/workspace/ycube/GlobusSatProject/..//hal/hcc/lib\libHCCD.a(fat.o)
 .text._f_addentry
                0x200223a0      0x540 C:/ISIS/workspace/ycube/GlobusSatProject/..//hal/hcc/lib\libHCCD.a(fat.o)
 .text.fn_open_sub
                0x200228e0     0x1698 C:/ISIS/workspace/ycube/GlobusSatProject/..//hal/hcc/lib\libHCCD.a(fat.o)
 .text.fn_open  0x20023f78       0x44 C:/ISIS/workspace/ycube/GlobusSatProject/..//hal/hcc/lib\libHCCD.a(fat.o)
                0x20023f78                fn_open
 .text.fn_delete
                0x20023fbc      0x490 C:/ISIS/workspace/ycube/GlobusSatProject/..//hal/hcc/lib\libHCCD.a(fat.o)
                0x20023fbc                fn_delete
 .text.hcc_mem_buf_alloc
                0x2002444c       0xe4 C:/ISIS/workspace/ycube/GlobusSatProject/..//hal/hcc/lib\libHCCD.a(psp_hcc_mem.o)
                0x2002444c                hcc_mem_buf_alloc
 .text.makeAntStransfer
                0x20024530       0x4c C:/ISIS/workspace/ycube/satellite-subsystems/satellite-subsystems/lib\libSatelliteSubsystemsD.a(IsisAntS.o)
 .text.checkInputsValid
                0x2002457c       0x7c C:/ISIS/workspace/ycube/satellite-subsystems/satellite-subsystems/lib\libSatelliteSubsystemsD.a(IsisAntS.o)
 .text.IsisAntS_initialize
                0x200245f8      0x26c C:/ISIS/workspace/ycube/satellite-subsystems/satellite-subsystems/lib\libSatelliteSubsystemsD.a(IsisAntS.o)
                0x200245f8                IsisAntS_initialize
 .text.IsisAntS_setArmStatus
                0x20024864      0x104 C:/ISIS/workspace/ycube/satellite-subsystems/satellite-subsystems/lib\libSatelliteSubsystemsD.a(IsisAntS.o)
                0x20024864                IsisAntS_setArmStatus
 .text.IsisAntS_getStatusData
                0x20024968      0x120 C:/ISIS/workspace/ycube/satellite-subsystems/satellite-subsystems/lib\libSatelliteSubsystemsD.a(IsisAntS.o)
                0x20024968                IsisAntS_getStatusData
 .text.IsisAntS_getUptime
                0x20024a88      0x120 C:/ISIS/workspace/ycube/satellite-subsystems/satellite-subsystems/lib\libSatelliteSubsystemsD.a(IsisAntS.o)
                0x20024a88                IsisAntS_getUptime
 .text.IsisAntS_getAlltelemetry
                0x20024ba8      0x120 C:/ISIS/workspace/ycube/satellite-subsystems/satellite-subsystems/lib\libSatelliteSubsystemsD.a(IsisAntS.o)
                0x20024ba8                IsisAntS_getAlltelemetry
 .text.IsisAntS_cancelDeployment
                0x20024cc8      0x104 C:/ISIS/workspace/ycube/satellite-subsystems/satellite-subsystems/lib\libSatelliteSubsystemsD.a(IsisAntS.o)
                0x20024cc8                IsisAntS_cancelDeployment
 .text._make_IsisEPStransfer
                0x20024dcc       0x3c C:/ISIS/workspace/ycube/satellite-subsystems/satellite-subsystems/lib\libSatelliteSubsystemsD.a(IsisEPS.o)
 .text.IsisEPS_initialize
                0x20024e08      0x18c C:/ISIS/workspace/ycube/satellite-subsystems/satellite-subsystems/lib\libSatelliteSubsystemsD.a(IsisEPS.o)
                0x20024e08                IsisEPS_initialize
 .text.IsisEPS_resetWDT
                0x20024f94       0xac C:/ISIS/workspace/ycube/satellite-subsystems/satellite-subsystems/lib\libSatelliteSubsystemsD.a(IsisEPS.o)
                0x20024f94                IsisEPS_resetWDT
 .text.IsisEPS_getRawHKDataMB
                0x20025040       0xf8 C:/ISIS/workspace/ycube/satellite-subsystems/satellite-subsystems/lib\libSatelliteSubsystemsD.a(IsisEPS.o)
                0x20025040                IsisEPS_getRawHKDataMB
 .text.IsisEPS_getEngHKDataMB
                0x20025138       0xf8 C:/ISIS/workspace/ycube/satellite-subsystems/satellite-subsystems/lib\libSatelliteSubsystemsD.a(IsisEPS.o)
                0x20025138                IsisEPS_getEngHKDataMB
 .text.IsisEPS_getRAEngHKDataMB
                0x20025230       0xf8 C:/ISIS/workspace/ycube/satellite-subsystems/satellite-subsystems/lib\libSatelliteSubsystemsD.a(IsisEPS.o)
                0x20025230                IsisEPS_getRAEngHKDataMB
 .text.IsisEPS_getRawHKDataCDB
                0x20025328      0x154 C:/ISIS/workspace/ycube/satellite-subsystems/satellite-subsystems/lib\libSatelliteSubsystemsD.a(IsisEPS.o)
                0x20025328                IsisEPS_getRawHKDataCDB
 .text.IsisEPS_getEngHKDataCDB
                0x2002547c      0x154 C:/ISIS/workspace/ycube/satellite-subsystems/satellite-subsystems/lib\libSatelliteSubsystemsD.a(IsisEPS.o)
                0x2002547c                IsisEPS_getEngHKDataCDB
 .text.IsisSolarPanelv2_initialize
                0x200255d0       0xb4 C:/ISIS/workspace/ycube/satellite-subsystems/satellite-subsystems/lib\libSatelliteSubsystemsD.a(IsisSolarPanelv2.o)
                0x200255d0                IsisSolarPanelv2_initialize
 .text.IsisSolarPanelv2_getTemperature
                0x20025684       0xc8 C:/ISIS/workspace/ycube/satellite-subsystems/satellite-subsystems/lib\libSatelliteSubsystemsD.a(IsisSolarPanelv2.o)
                0x20025684                IsisSolarPanelv2_getTemperature
 .text.IsisSolarPanelv2_getState
                0x2002574c       0x24 C:/ISIS/workspace/ycube/satellite-subsystems/satellite-subsystems/lib\libSatelliteSubsystemsD.a(IsisSolarPanelv2.o)
                0x2002574c                IsisSolarPanelv2_getState
 .text._Reset   0x20025770       0x20 C:/ISIS/workspace/ycube/satellite-subsystems/satellite-subsystems/lib\libSatelliteSubsystemsD.a(IsisSolarPanelv2.o)
 .text._WaitForStartup
                0x20025790       0x90 C:/ISIS/workspace/ycube/satellite-subsystems/satellite-subsystems/lib\libSatelliteSubsystemsD.a(IsisSolarPanelv2.o)
 .text._AssignAllChannels
                0x20025820       0x90 C:/ISIS/workspace/ycube/satellite-subsystems/satellite-subsystems/lib\libSatelliteSubsystemsD.a(IsisSolarPanelv2.o)
 .text._AssignThisChannel
                0x200258b0       0xe8 C:/ISIS/workspace/ycube/satellite-subsystems/satellite-subsystems/lib\libSatelliteSubsystemsD.a(IsisSolarPanelv2.o)
 .text._InitiateConversion
                0x20025998       0xac C:/ISIS/workspace/ycube/satellite-subsystems/satellite-subsystems/lib\libSatelliteSubsystemsD.a(IsisSolarPanelv2.o)
 .text._WaitForConversionComplete
                0x20025a44      0x100 C:/ISIS/workspace/ycube/satellite-subsystems/satellite-subsystems/lib\libSatelliteSubsystemsD.a(IsisSolarPanelv2.o)
 .text._ReadResult
                0x20025b44      0x158 C:/ISIS/workspace/ycube/satellite-subsystems/satellite-subsystems/lib\libSatelliteSubsystemsD.a(IsisSolarPanelv2.o)
 .text._ExtractByte
                0x20025c9c       0x38 C:/ISIS/workspace/ycube/satellite-subsystems/satellite-subsystems/lib\libSatelliteSubsystemsD.a(IsisSolarPanelv2.o)
 .text._ExtendSign
                0x20025cd4       0x6c C:/ISIS/workspace/ycube/satellite-subsystems/satellite-subsystems/lib\libSatelliteSubsystemsD.a(IsisSolarPanelv2.o)
 .text._PinsInit
                0x20025d40       0x50 C:/ISIS/workspace/ycube/satellite-subsystems/satellite-subsystems/lib\libSatelliteSubsystemsD.a(IsisSolarPanelv2.o)
 .text._SpiWriteRead
                0x20025d90       0x70 C:/ISIS/workspace/ycube/satellite-subsystems/satellite-subsystems/lib\libSatelliteSubsystemsD.a(IsisSolarPanelv2.o)
 .text.IsisTrxvu_initialize
                0x20025e00      0x2f4 C:/ISIS/workspace/ycube/satellite-subsystems/satellite-subsystems/lib\libSatelliteSubsystemsD.a(IsisTRXVU.o)
                0x20025e00                IsisTrxvu_initialize
 .text.makeTRXVUtransfer
                0x200260f4       0x44 C:/ISIS/workspace/ycube/satellite-subsystems/satellite-subsystems/lib\libSatelliteSubsystemsD.a(IsisTRXVU.o)
 .text.IsisTrxvu_tcSendAX25DefClSign
                0x20026138       0xec C:/ISIS/workspace/ycube/satellite-subsystems/satellite-subsystems/lib\libSatelliteSubsystemsD.a(IsisTRXVU.o)
                0x20026138                IsisTrxvu_tcSendAX25DefClSign
 .text.IsisTrxvu_tcSetAx25Bitrate
                0x20026224       0xc4 C:/ISIS/workspace/ycube/satellite-subsystems/satellite-subsystems/lib\libSatelliteSubsystemsD.a(IsisTRXVU.o)
                0x20026224                IsisTrxvu_tcSetAx25Bitrate
 .text.IsisTrxvu_tcGetUptime
                0x200262e8       0xa0 C:/ISIS/workspace/ycube/satellite-subsystems/satellite-subsystems/lib\libSatelliteSubsystemsD.a(IsisTRXVU.o)
                0x200262e8                IsisTrxvu_tcGetUptime
 .text.IsisTrxvu_tcGetState
                0x20026388       0xd0 C:/ISIS/workspace/ycube/satellite-subsystems/satellite-subsystems/lib\libSatelliteSubsystemsD.a(IsisTRXVU.o)
                0x20026388                IsisTrxvu_tcGetState
 .text.IsisTrxvu_tcGetTelemetryAll
                0x20026458       0xd0 C:/ISIS/workspace/ycube/satellite-subsystems/satellite-subsystems/lib\libSatelliteSubsystemsD.a(IsisTRXVU.o)
                0x20026458                IsisTrxvu_tcGetTelemetryAll
 .text.IsisTrxvu_tcGetTelemetryAll_revC
                0x20026528       0xd0 C:/ISIS/workspace/ycube/satellite-subsystems/satellite-subsystems/lib\libSatelliteSubsystemsD.a(IsisTRXVU.o)
                0x20026528                IsisTrxvu_tcGetTelemetryAll_revC
 .text.IsisTrxvu_rcGetFrameCount
                0x200265f8       0xa0 C:/ISIS/workspace/ycube/satellite-subsystems/satellite-subsystems/lib\libSatelliteSubsystemsD.a(IsisTRXVU.o)
                0x200265f8                IsisTrxvu_rcGetFrameCount
 .text.IsisTrxvu_rcGetCommandFrame
                0x20026698      0x2d8 C:/ISIS/workspace/ycube/satellite-subsystems/satellite-subsystems/lib\libSatelliteSubsystemsD.a(IsisTRXVU.o)
                0x20026698                IsisTrxvu_rcGetCommandFrame
 .text.IsisTrxvu_rcGetTelemetryAll
                0x20026970       0xd0 C:/ISIS/workspace/ycube/satellite-subsystems/satellite-subsystems/lib\libSatelliteSubsystemsD.a(IsisTRXVU.o)
                0x20026970                IsisTrxvu_rcGetTelemetryAll
 .text.IsisTrxvu_rcGetTelemetryAll_revC
                0x20026a40       0xec C:/ISIS/workspace/ycube/satellite-subsystems/satellite-subsystems/lib\libSatelliteSubsystemsD.a(IsisTRXVU.o)
                0x20026a40                IsisTrxvu_rcGetTelemetryAll_revC
 .text.IsisTrxvu_rcGetUptime
                0x20026b2c       0xa0 C:/ISIS/workspace/ycube/satellite-subsystems/satellite-subsystems/lib\libSatelliteSubsystemsD.a(IsisTRXVU.o)
                0x20026b2c                IsisTrxvu_rcGetUptime
 .text.makeTRXCommonTransfer
                0x20026bcc       0x34 C:/ISIS/workspace/ycube/satellite-subsystems/satellite-subsystems/lib\libSatelliteSubsystemsD.a(IsisTRXCommon.o)
 .text.IsisTrxCommon_TxSendAX25DefClSign
                0x20026c00       0xf4 C:/ISIS/workspace/ycube/satellite-subsystems/satellite-subsystems/lib\libSatelliteSubsystemsD.a(IsisTRXCommon.o)
                0x20026c00                IsisTrxCommon_TxSendAX25DefClSign
 .text.IsisTrxCommon_TxSetAx25Bitrate
                0x20026cf4       0x78 C:/ISIS/workspace/ycube/satellite-subsystems/satellite-subsystems/lib\libSatelliteSubsystemsD.a(IsisTRXCommon.o)
                0x20026cf4                IsisTrxCommon_TxSetAx25Bitrate
 .text.IsisTrxCommon_RxGetFrameCount
                0x20026d6c       0x8c C:/ISIS/workspace/ycube/satellite-subsystems/satellite-subsystems/lib\libSatelliteSubsystemsD.a(IsisTRXCommon.o)
                0x20026d6c                IsisTrxCommon_RxGetFrameCount
 .text.IsisTrxCommon_RxGetTelemetryAll_revC
                0x20026df8       0x8c C:/ISIS/workspace/ycube/satellite-subsystems/satellite-subsystems/lib\libSatelliteSubsystemsD.a(IsisTRXCommon.o)
                0x20026df8                IsisTrxCommon_RxGetTelemetryAll_revC
 .text.IsisTrxCommon_GetUptime
                0x20026e84       0x8c C:/ISIS/workspace/ycube/satellite-subsystems/satellite-subsystems/lib\libSatelliteSubsystemsD.a(IsisTRXCommon.o)
                0x20026e84                IsisTrxCommon_GetUptime
 .text.xQueueGenericReset
                0x20026f10      0x150 C:/ISIS/workspace/ycube/GlobusSatProject/..//hal/freertos/lib\libFreeRTOSD.a(queue.o)
                0x20026f10                xQueueGenericReset
 .text.xQueueGenericCreate
                0x20027060       0xfc C:/ISIS/workspace/ycube/GlobusSatProject/..//hal/freertos/lib\libFreeRTOSD.a(queue.o)
                0x20027060                xQueueGenericCreate
 .text.xQueueCreateMutex
                0x2002715c      0x110 C:/ISIS/workspace/ycube/GlobusSatProject/..//hal/freertos/lib\libFreeRTOSD.a(queue.o)
                0x2002715c                xQueueCreateMutex
 .text.xQueueGenericSend
                0x2002726c      0x268 C:/ISIS/workspace/ycube/GlobusSatProject/..//hal/freertos/lib\libFreeRTOSD.a(queue.o)
                0x2002726c                xQueueGenericSend
 .text.xQueueGenericSendFromISR
                0x200274d4      0x19c C:/ISIS/workspace/ycube/GlobusSatProject/..//hal/freertos/lib\libFreeRTOSD.a(queue.o)
                0x200274d4                xQueueGenericSendFromISR
 .text.xQueueGenericReceive
                0x20027670      0x2cc C:/ISIS/workspace/ycube/GlobusSatProject/..//hal/freertos/lib\libFreeRTOSD.a(queue.o)
                0x20027670                xQueueGenericReceive
 .text.uxQueueMessagesWaiting
                0x2002793c       0x6c C:/ISIS/workspace/ycube/GlobusSatProject/..//hal/freertos/lib\libFreeRTOSD.a(queue.o)
                0x2002793c                uxQueueMessagesWaiting
 .text.vQueueDelete
                0x200279a8       0x78 C:/ISIS/workspace/ycube/GlobusSatProject/..//hal/freertos/lib\libFreeRTOSD.a(queue.o)
                0x200279a8                vQueueDelete
 .text.prvCopyDataToQueue
                0x20027a20      0x190 C:/ISIS/workspace/ycube/GlobusSatProject/..//hal/freertos/lib\libFreeRTOSD.a(queue.o)
 .text.prvCopyDataFromQueue
                0x20027bb0       0x90 C:/ISIS/workspace/ycube/GlobusSatProject/..//hal/freertos/lib\libFreeRTOSD.a(queue.o)
 .text.prvUnlockQueue
                0x20027c40      0x100 C:/ISIS/workspace/ycube/GlobusSatProject/..//hal/freertos/lib\libFreeRTOSD.a(queue.o)
 .text.prvIsQueueEmpty
                0x20027d40       0x4c C:/ISIS/workspace/ycube/GlobusSatProject/..//hal/freertos/lib\libFreeRTOSD.a(queue.o)
 .text.prvIsQueueFull
                0x20027d8c       0x54 C:/ISIS/workspace/ycube/GlobusSatProject/..//hal/freertos/lib\libFreeRTOSD.a(queue.o)
 .text.vQueueUnregisterQueue
                0x20027de0       0x80 C:/ISIS/workspace/ycube/GlobusSatProject/..//hal/freertos/lib\libFreeRTOSD.a(queue.o)
                0x20027de0                vQueueUnregisterQueue
 .text.xTaskGenericCreate