Archive member included because of file (symbol)

C:/ISIS/workspace/ycube/GlobusSatProject/..//hal/hal/lib\libHALD.a(SPI.o)
                              ./src/InitSystem.o (SPI_start)
C:/ISIS/workspace/ycube/GlobusSatProject/..//hal/hal/lib\libHALD.a(I2C.o)
                              ./src/SubSystemModules/Communication/SubsystemCommands/Maintanence_Commands.o (I2C_write)
C:/ISIS/workspace/ycube/GlobusSatProject/..//hal/hal/lib\libHALD.a(ADC.o)
                              ./src/SubSystemModules/Housekepping/TelemetryCollector.o (ADC_ConvertRaw10bitToMillivolt)
C:/ISIS/workspace/ycube/GlobusSatProject/..//hal/hal/lib\libHALD.a(FRAM.o)
                              ./src/SubSystemModules/Communication/SubsystemCommands/Maintanence_Commands.o (FRAM_start)
C:/ISIS/workspace/ycube/GlobusSatProject/..//hal/hal/lib\libHALD.a(Time.o)
                              ./src/InitSystem.o (Time_start)
C:/ISIS/workspace/ycube/GlobusSatProject/..//hal/hal/lib\libHALD.a(WatchDogTimerNoOS.o)
                              ./src/main.o (WDT_start)
C:/ISIS/workspace/ycube/GlobusSatProject/..//hal/hal/lib\libHALD.a(RTT.o)
                              C:/ISIS/workspace/ycube/GlobusSatProject/..//hal/hal/lib\libHALD.a(Time.o) (RTT_start)
C:/ISIS/workspace/ycube/GlobusSatProject/..//hal/hal/lib\libHALD.a(RTC.o)
                              C:/ISIS/workspace/ycube/GlobusSatProject/..//hal/hal/lib\libHALD.a(Time.o) (RTC_getTime)
C:/ISIS/workspace/ycube/GlobusSatProject/..//hal/hal/lib\libHALD.a(WatchDogTimerOS.o)
                              ./src/TestingDemos/MainTest.o (WDT_startWatchdogKickTask)
C:/ISIS/workspace/ycube/GlobusSatProject/..//hal/hal/lib\libHALD.a(fprintf.o)
                              ./src/TLM_management.o (f_puts)
C:/ISIS/workspace/ycube/GlobusSatProject/..//hal/hal/lib\libHALD.a(util.o)
                              ./src/TestingDemos/EpsTestingDemo.o (UTIL_DbguGetInteger)
C:/ISIS/workspace/ycube/GlobusSatProject/..//hal/hal/lib\libHALD.a(LED.o)
                              C:/ISIS/workspace/ycube/GlobusSatProject/..//hal/hal/lib\libHALD.a(WatchDogTimerOS.o) (LED_toggle)
C:/ISIS/workspace/ycube/GlobusSatProject/..//hal/hcc/lib\libHCCD.a(fat_m.o)
                              ./src/TLM_management.o (fm_initvolume)
C:/ISIS/workspace/ycube/GlobusSatProject/..//hal/hcc/lib\libHCCD.a(fat.o)
                              C:/ISIS/workspace/ycube/GlobusSatProject/..//hal/hcc/lib\libHCCD.a(fat_m.o) (fn_getdcwd)
C:/ISIS/workspace/ycube/GlobusSatProject/..//hal/hcc/lib\libHCCD.a(fat_common.o)
                              C:/ISIS/workspace/ycube/GlobusSatProject/..//hal/hcc/lib\libHCCD.a(fat.o) (p_filesystem)
C:/ISIS/workspace/ycube/GlobusSatProject/..//hal/hcc/lib\libHCCD.a(safefat.o)
                              C:/ISIS/workspace/ycube/GlobusSatProject/..//hal/hcc/lib\libHCCD.a(fat.o) (s_subdir)
C:/ISIS/workspace/ycube/GlobusSatProject/..//hal/hcc/lib\libHCCD.a(atmel_mcipdc.o)
                              ./src/TLM_management.o (atmel_mcipdc_initfunc)
C:/ISIS/workspace/ycube/GlobusSatProject/..//hal/hcc/lib\libHCCD.a(oalp_task.o)
                              C:/ISIS/workspace/ycube/GlobusSatProject/..//hal/hcc/lib\libHCCD.a(fat_common.o) (oal_task_get_id)
C:/ISIS/workspace/ycube/GlobusSatProject/..//hal/hcc/lib\libHCCD.a(oalp_mutex.o)
                              C:/ISIS/workspace/ycube/GlobusSatProject/..//hal/hcc/lib\libHCCD.a(fat_common.o) (oal_mutex_create)
C:/ISIS/workspace/ycube/GlobusSatProject/..//hal/hcc/lib\libHCCD.a(atmel_mcipdc_hw.o)
                              C:/ISIS/workspace/ycube/GlobusSatProject/..//hal/hcc/lib\libHCCD.a(atmel_mcipdc.o) (mcipdc_hw_init)
C:/ISIS/workspace/ycube/GlobusSatProject/..//hal/hcc/lib\libHCCD.a(psp_rand.o)
                              C:/ISIS/workspace/ycube/GlobusSatProject/..//hal/hcc/lib\libHCCD.a(fat_common.o) (psp_getrand)
C:/ISIS/workspace/ycube/GlobusSatProject/..//hal/hcc/lib\libHCCD.a(psp_rtc.o)
                              C:/ISIS/workspace/ycube/GlobusSatProject/..//hal/hcc/lib\libHCCD.a(fat_common.o) (psp_getcurrenttimedate)
C:/ISIS/workspace/ycube/GlobusSatProject/..//hal/hcc/lib\libHCCD.a(hcc_mem.o)
                              C:/ISIS/workspace/ycube/GlobusSatProject/..//hal/hcc/lib\libHCCD.a(atmel_mcipdc.o) (hcc_mem_alloc)
C:/ISIS/workspace/ycube/GlobusSatProject/..//hal/hcc/lib\libHCCD.a(psp_hcc_mem.o)
                              C:/ISIS/workspace/ycube/GlobusSatProject/..//hal/hcc/lib\libHCCD.a(hcc_mem.o) (hcc_mem_buf_alloc)
C:/ISIS/workspace/ycube/GlobusSatProject/..//satellite-subsystems/satellite-subsystems/lib\libSatelliteSubsystemsD.a(IsisAntS.o)
                              ./src/SubSystemModules/Communication/TRXVU.o (IsisAntS_initialize)
C:/ISIS/workspace/ycube/GlobusSatProject/..//satellite-subsystems/satellite-subsystems/lib\libSatelliteSubsystemsD.a(IsisTRXVU.o)
                              ./src/TestingDemos/TrxvuTestingDemo.o (IsisTrxvu_initialize)
[...]
Memory Configuration

Name             Origin             Length             Attributes
sram0            0x00200000         0x00004000         w !xr
sram1            0x00300000         0x00004000         w !xr
sdram            0x20000000         0x02000000         w !xr
*default*        0x00000000         0xffffffff

Linker script and memory map

LOAD c:/isis/application/toolchain/bin/../lib/gcc/arm-none-eabi/4.7.4/../../../../arm-none-eabi/lib\libc.a
LOAD ./src/TestingDemos/CommandsTestingDemo.o
LOAD ./src/TestingDemos/EpsTestingDemo.o
LOAD ./src/TestingDemos/FileSystemTestingDemo.o
LOAD ./src/TestingDemos/MainTest.o
LOAD ./src/TestingDemos/MaintenanceTestingDemo.o
LOAD ./src/TestingDemos/TelemetryTestingDemo.o
LOAD ./src/TestingDemos/TrxvuTestingDemo.o
LOAD ./src/SubSystemModules/PowerManagment/EPS.o
LOAD ./src/SubSystemModules/PowerManagment/EPSOperationModes.o
LOAD ./src/SubSystemModules/Maintenance/Maintenance.o
LOAD ./src/SubSystemModules/Housekepping/RAMTelemetry.o
LOAD ./src/SubSystemModules/Housekepping/TelemetryCollector.o
LOAD ./src/SubSystemModules/Communication/SubsystemCommands/EPS_Commands.o
LOAD ./src/SubSystemModules/Communication/SubsystemCommands/FS_Commands.o
LOAD ./src/SubSystemModules/Communication/SubsystemCommands/Maintanence_Commands.o
LOAD ./src/SubSystemModules/Communication/SubsystemCommands/TRXVU_Commands.o
LOAD ./src/SubSystemModules/Communication/AckHandler.o
LOAD ./src/SubSystemModules/Communication/CommandDictionary.o
LOAD ./src/SubSystemModules/Communication/SatCommandHandler.o
LOAD ./src/SubSystemModules/Communication/TRXVU.o
LOAD ./src/InitSystem.o
LOAD ./src/TLM_management.o
LOAD ./src/main.o
LOAD ./src/utils.o
LOAD C:/ISIS/workspace/ycube/GlobusSatProject/..//hal/hal/lib\libHALD.a
LOAD C:/ISIS/workspace/ycube/GlobusSatProject/..//hal/hcc/lib\libHCCD.a
LOAD C:/ISIS/workspace/ycube/GlobusSatProject/..//satellite-subsystems/satellite-subsystems/lib\libSatelliteSubsystemsD.a
LOAD C:/ISIS/workspace/ycube/GlobusSatProject/..//hal/freertos/lib\libFreeRTOSD.a
LOAD C:/ISIS/workspace/ycube/GlobusSatProject/..//hal/at91/lib\libAt91D.a
START GROUP
LOAD c:/isis/application/toolchain/bin/../lib/gcc/arm-none-eabi/4.7.4\libgcc.a
LOAD c:/isis/application/toolchain/bin/../lib/gcc/arm-none-eabi/4.7.4/../../../../arm-none-eabi/lib\libg.a
LOAD c:/isis/application/toolchain/bin/../lib/gcc/arm-none-eabi/4.7.4/../../../../arm-none-eabi/lib\libc.a
END GROUP

.fixed          0x20000000    0x486ac
                0x20000000                . = ALIGN (0x4)
                0x20000000                _sfixed = .
 *(.startup)
 .startup       0x20000000      0x184 C:/ISIS/workspace/ycube/GlobusSatProject/..//hal/at91/lib\libAt91D.a(board_cstartup.o)
                0x20000000                entry
 *(.text)
 .text          0x20000184       0x64 C:/ISIS/workspace/ycube/GlobusSatProject/..//hal/at91/lib\libAt91D.a(cp15_asm.o)
                0x20000184                _readControlRegister
                0x20000190                _writeControlRegister
                0x20000198                _waitForInterrupt
                0x200001a4                _writeTTB
                0x200001ac                _writeDomain
                0x200001b4                _writeITLBLockdown
                0x200001bc                _prefetchICacheLine
                0x200001c4                _flushDCache
                0x200001d0                _flushWriteBuffer
                0x200001dc                _invalidateIDTLBs
 .text          0x200001e8      0x114 c:/isis/application/toolchain/bin/../lib/gcc/arm-none-eabi/4.7.4\libgcc.a(_udivsi3.o)
                0x200001e8                __aeabi_uidiv
                0x200001e8                __udivsi3
                0x200002dc                __aeabi_uidivmod
 .text          0x200002fc      0x148 c:/isis/application/toolchain/bin/../lib/gcc/arm-none-eabi/4.7.4\libgcc.a(_divsi3.o)
                0x200002fc                __divsi3
                0x200002fc                __aeabi_idiv
                0x20000424                __aeabi_idivmod
 .text          0x20000444        0x4 c:/isis/application/toolchain/bin/../lib/gcc/arm-none-eabi/4.7.4\libgcc.a(_dvmd_tls.o)
                0x20000444                __aeabi_idiv0
                0x20000444                __aeabi_ldiv0
 .text          0x20000448      0x41c c:/isis/application/toolchain/bin/../lib/gcc/arm-none-eabi/4.7.4\libgcc.a(_arm_addsubdf3.o)
                0x20000448                __aeabi_drsub
                0x20000450                __aeabi_dsub
                0x20000450                __subdf3
                0x20000454                __aeabi_dadd
                0x20000454                __adddf3
                0x20000764                __floatunsidf
                0x20000764                __aeabi_ui2d
                0x20000788                __floatsidf
                0x20000788                __aeabi_i2d
                0x200007b0                __aeabi_f2d
                0x200007b0                __extendsfdf2
                0x200007f0                __floatundidf
                0x200007f0                __aeabi_ul2d
                0x20000804                __floatdidf
                0x20000804                __aeabi_l2d
 .text          0x20000864      0x49c c:/isis/application/toolchain/bin/../lib/gcc/arm-none-eabi/4.7.4\libgcc.a(_arm_muldivdf3.o)
                0x20000864                __aeabi_dmul
                0x20000864                __muldf3
                0x20000af4                __divdf3
                0x20000af4                __aeabi_ddiv
 .text          0x20000d00       0xa0 c:/isis/application/toolchain/bin/../lib/gcc/arm-none-eabi/4.7.4\libgcc.a(_arm_truncdfsf2.o)
                0x20000d00                __truncdfsf2
                0x20000d00                __aeabi_d2f
 .text          0x20000da0      0x2ac c:/isis/application/toolchain/bin/../lib/gcc/arm-none-eabi/4.7.4\libgcc.a(_arm_addsubsf3.o)
                0x20000da0                __aeabi_frsub
                0x20000da8                __subsf3
                0x20000da8                __aeabi_fsub
                0x20000dac                __aeabi_fadd
                0x20000dac                __addsf3
                0x20000f68                __aeabi_ui2f
                0x20000f68                __floatunsisf
                0x20000f70                __aeabi_i2f
                0x20000f70                __floatsisf
                0x20000f90                __aeabi_ul2f
                0x20000f90                __floatundisf
                0x20000fa0                __aeabi_l2f
                0x20000fa0                __floatdisf
 .text          0x2000104c      0x2f8 c:/isis/application/toolchain/bin/../lib/gcc/arm-none-eabi/4.7.4\libgcc.a(_arm_muldivsf3.o)
                0x2000104c                __mulsf3
                0x2000104c                __aeabi_fmul
                0x200011e4                __aeabi_fdiv
                0x200011e4                __divsf3
 .text          0x20001344      0x114 c:/isis/application/toolchain/bin/../lib/gcc/arm-none-eabi/4.7.4\libgcc.a(_arm_cmpsf2.o)
                0x20001344                __gesf2
                0x20001344                __gtsf2
                0x2000134c                __lesf2
                0x2000134c                __ltsf2
                0x20001354                __nesf2
                0x20001354                __eqsf2
                0x20001354                __cmpsf2
                0x200013b8                __aeabi_cfrcmple
                0x200013c8                __aeabi_cfcmpeq
                0x200013c8                __aeabi_cfcmple
                0x200013e0                __aeabi_fcmpeq
                0x200013f8                __aeabi_fcmplt
                0x20001410                __aeabi_fcmple
                0x20001428                __aeabi_fcmpge
                0x20001440                __aeabi_fcmpgt
 .text          0x20001458       0x54 c:/isis/application/toolchain/bin/../lib/gcc/arm-none-eabi/4.7.4\libgcc.a(_arm_fixunssfsi.o)
                0x20001458                __fixunssfsi
                0x20001458                __aeabi_f2uiz
 .text          0x200014ac      0x144 c:/isis/application/toolchain/bin/../lib/gcc/arm-none-eabi/4.7.4\libgcc.a(_arm_cmpdf2.o)
                0x200014ac                __gtdf2
                0x200014ac                __gedf2
                0x200014b4                __ltdf2
                0x200014b4                __ledf2
                0x200014bc                __nedf2
                0x200014bc                __eqdf2
                0x200014bc                __cmpdf2
                0x20001544                __aeabi_cdrcmple
                0x20001560                __aeabi_cdcmpeq
                0x20001560                __aeabi_cdcmple
                0x20001578                __aeabi_dcmpeq
                0x20001590                __aeabi_dcmplt
                0x200015a8                __aeabi_dcmple
                0x200015c0                __aeabi_dcmpge
                0x200015d8                __aeabi_dcmpgt
 .text          0x200015f0       0x5c c:/isis/application/toolchain/bin/../lib/gcc/arm-none-eabi/4.7.4\libgcc.a(_arm_fixdfsi.o)
                0x200015f0                __aeabi_d2iz
                0x200015f0                __fixdfsi
 .text          0x2000164c       0x54 c:/isis/application/toolchain/bin/../lib/gcc/arm-none-eabi/4.7.4\libgcc.a(_arm_fixunsdfsi.o)
                0x2000164c                __aeabi_d2uiz
                0x2000164c                __fixunsdfsi
 .text          0x200016a0       0x3c c:/isis/application/toolchain/bin/../lib/gcc/arm-none-eabi/4.7.4\libgcc.a(_aeabi_uldivmod.o)
                0x200016a0                __aeabi_uldivmod
 .text          0x200016dc       0x84 c:/isis/application/toolchain/bin/../lib/gcc/arm-none-eabi/4.7.4\libgcc.a(bpabi.o)
                0x200016dc                __gnu_ldivmod_helper
                0x20001720                __gnu_uldivmod_helper
 .text          0x20001760      0x4f0 c:/isis/application/toolchain/bin/../lib/gcc/arm-none-eabi/4.7.4\libgcc.a(_divdi3.o)
                0x20001760                __divdi3
 .text          0x20001c50      0x488 c:/isis/application/toolchain/bin/../lib/gcc/arm-none-eabi/4.7.4\libgcc.a(_udivdi3.o)
                0x20001c50                __udivdi3
 .text          0x200020d8       0x48 c:/isis/application/toolchain/bin/../lib/gcc/arm-none-eabi/4.7.4\libgcc.a(_clzsi2.o)
                0x200020d8                __clzsi2
 *(.text*)
 .text.TestActUponCommand
                0x20002120      0x114 ./src/TestingDemos/CommandsTestingDemo.o
                0x20002120                TestActUponCommand
 .text.TestAssmbleCommand
                0x20002234      0x134 ./src/TestingDemos/CommandsTestingDemo.o
                0x20002234                TestAssmbleCommand
 .text.TestGetDelayedCommand
                0x20002368       0xa0 ./src/TestingDemos/CommandsTestingDemo.o
                0x20002368                TestGetDelayedCommand
 .text.TestAddDelayedCommand
                0x20002408       0xbc ./src/TestingDemos/CommandsTestingDemo.o
                0x20002408                TestAddDelayedCommand
 .text.TestGetDelayedCommandBufferCount
                0x200024c4       0x54 ./src/TestingDemos/CommandsTestingDemo.o
                0x200024c4                TestGetDelayedCommandBufferCount
 .text.TestGetOnlineCommand
                0x20002518       0xc8 ./src/TestingDemos/CommandsTestingDemo.o
                0x20002518                TestGetOnlineCommand
 .text.TestDeleteDelayedCommandByIndex
                0x200025e0      0x1c0 ./src/TestingDemos/CommandsTestingDemo.o
                0x200025e0                TestDeleteDelayedCommandByIndex
 .text.TestDeleteDelayedBuffer
                0x200027a0      0x140 ./src/TestingDemos/CommandsTestingDemo.o
                0x200027a0                TestDeleteDelayedBuffer
 .text.selectAndExecuteCommandsDemoTest
                0x200028e0      0x174 ./src/TestingDemos/CommandsTestingDemo.o
                0x200028e0                selectAndExecuteCommandsDemoTest
 .text.MainCommandsTestBench
                0x20002a54       0x44 ./src/TestingDemos/CommandsTestingDemo.o
                0x20002a54                MainCommandsTestBench
 .text.TestEpsConditioning
                0x20002a98      0x1e8 ./src/TestingDemos/EpsTestingDemo.o
                0x20002a98                TestEpsConditioning
 .text.TestGetBatteryVoltage
                0x20002c80       0x64 ./src/TestingDemos/EpsTestingDemo.o
                0x20002c80                TestGetBatteryVoltage
 .text.TestUpdateThreshVoltages
                0x20002ce4      0x170 ./src/TestingDemos/EpsTestingDemo.o
                0x20002ce4                TestUpdateThreshVoltages
 .text.TestGetThreshVoltages
                0x20002e54       0xb0 ./src/TestingDemos/EpsTestingDemo.o
                0x20002e54                TestGetThreshVoltages
 .text.TestUpdateAlpha
                0x20002f04       0xc0 ./src/TestingDemos/EpsTestingDemo.o
                0x20002f04                TestUpdateAlpha
 .text.TestGetAlpha
                0x20002fc4       0x78 ./src/TestingDemos/EpsTestingDemo.o
                0x20002fc4                TestGetAlpha
 .text.TestRestoreDefaultAlpha
                0x2000303c       0xf4 ./src/TestingDemos/EpsTestingDemo.o
                0x2000303c                TestRestoreDefaultAlpha
 .text.TestRestoreDefaultThresholdVoltages
                0x20003130      0x154 ./src/TestingDemos/EpsTestingDemo.o
                0x20003130                TestRestoreDefaultThresholdVoltages
 .text.GetHeaterValues
                0x20003284       0xb0 ./src/TestingDemos/EpsTestingDemo.o
                0x20003284                GetHeaterValues
 .text.SetHeaterValues
                0x20003334      0x104 ./src/TestingDemos/EpsTestingDemo.o
                0x20003334                SetHeaterValues
 .text.selectAndExecuteEpsDemoTest
                0x20003438      0x1b0 ./src/TestingDemos/EpsTestingDemo.o
                0x20003438                selectAndExecuteEpsDemoTest
 .text.MainEpsTestBench
                0x200035e8       0x40 ./src/TestingDemos/EpsTestingDemo.o
                0x200035e8                MainEpsTestBench
 .text.TestListFiles
                0x20003628      0x198 ./src/TestingDemos/FileSystemTestingDemo.o
                0x20003628                TestListFiles
 .text.TestListAllFiles
                0x200037c0      0x134 ./src/TestingDemos/FileSystemTestingDemo.o
                0x200037c0                TestListAllFiles
 .text.TestLOGTLM
                0x200038f4      0x110 ./src/TestingDemos/FileSystemTestingDemo.o
                0x200038f4                TestLOGTLM
 .text.TestEPSTLM
                0x20003a04       0xa8 ./src/TestingDemos/FileSystemTestingDemo.o
                0x20003a04                TestEPSTLM
 .text.TestReadTimeRangeTLMRes
                0x20003aac      0x210 ./src/TestingDemos/FileSystemTestingDemo.o
                0x20003aac                TestReadTimeRangeTLMRes
 .text.TestReadTimeRangeTLM
                0x20003cbc      0x178 ./src/TestingDemos/FileSystemTestingDemo.o
                0x20003cbc                TestReadTimeRangeTLM
 .text.GenerateWODTLM
                0x20003e34       0xd0 ./src/TestingDemos/FileSystemTestingDemo.o
                0x20003e34                GenerateWODTLM
 .text.DeleteOldFiles
                0x20003f04      0x148 ./src/TestingDemos/FileSystemTestingDemo.o
                0x20003f04                DeleteOldFiles
 .text.createSingleDayTLM
                0x2000404c       0xa8 ./src/TestingDemos/FileSystemTestingDemo.o
                0x2000404c                createSingleDayTLM
 .text.printLastError
                0x200040f4       0x38 ./src/TestingDemos/FileSystemTestingDemo.o
                0x200040f4                printLastError
 .text.copyTLMFile
                0x2000412c      0x2cc ./src/TestingDemos/FileSystemTestingDemo.o
                0x2000412c                copyTLMFile
 .text.TestWODTLM
                0x200043f8       0xa8 ./src/TestingDemos/FileSystemTestingDemo.o
                0x200043f8                TestWODTLM
 .text.TestDeleteFiels
                0x200044a0      0x2b8 ./src/TestingDemos/FileSystemTestingDemo.o
                0x200044a0                TestDeleteFiels
 .text.TestReadMultiFiels
                0x20004758      0x2ac ./src/TestingDemos/FileSystemTestingDemo.o
                0x20004758                TestReadMultiFiels
 .text.TestTRXVUTLM
                0x20004a04      0x11c ./src/TestingDemos/FileSystemTestingDemo.o
                0x20004a04                TestTRXVUTLM
 .text.FullSDTest
                0x20004b20      0x174 ./src/TestingDemos/FileSystemTestingDemo.o
                0x20004b20                FullSDTest
 .text.LogErrorRateTest
                0x20004c94      0x148 ./src/TestingDemos/FileSystemTestingDemo.o
                0x20004c94                LogErrorRateTest
 .text.deleteMonth
                0x20004ddc       0x78 ./src/TestingDemos/FileSystemTestingDemo.o
                0x20004ddc                deleteMonth
 .text.deleteYear
                0x20004e54       0xb0 ./src/TestingDemos/FileSystemTestingDemo.o
                0x20004e54                deleteYear
 .text.readFileTest
                0x20004f04       0x88 ./src/TestingDemos/FileSystemTestingDemo.o
                0x20004f04                readFileTest
 .text.writeFileOnScreen
                0x20004f8c       0xcc ./src/TestingDemos/FileSystemTestingDemo.o
                0x20004f8c                writeFileOnScreen
 .text.GetExtraData
                0x20005058       0x4c ./src/TestingDemos/FileSystemTestingDemo.o
                0x20005058                GetExtraData
 .text.showFreeSapce
                0x200050a4      0x110 ./src/TestingDemos/FileSystemTestingDemo.o
                0x200050a4                showFreeSapce
 .text.SwitchSDCardTest
                0x200051b4       0x98 ./src/TestingDemos/FileSystemTestingDemo.o
                0x200051b4                SwitchSDCardTest
 .text.selectAndExecuteFSTest
                0x2000524c      0x2d8 ./src/TestingDemos/FileSystemTestingDemo.o
                0x2000524c                selectAndExecuteFSTest
 .text.MainFileSystemTestBench
                0x20005524       0x44 ./src/TestingDemos/FileSystemTestingDemo.o
                0x20005524                MainFileSystemTestBench
 .text.selectAndExecuteTest
                0x20005568      0x168 ./src/TestingDemos/MainTest.o
                0x20005568                selectAndExecuteTest
 .text.taskTesting
                0x200056d0       0x28 ./src/TestingDemos/MainTest.o
                0x200056d0                taskTesting
 .text.printSDINfo
                0x200056f8       0x84 ./src/TestingDemos/MaintenanceTestingDemo.o
                0x200056f8                printSDINfo
 .text.changeFirstActivation
                0x2000577c       0x84 ./src/TestingDemos/MaintenanceTestingDemo.o
                0x2000577c                changeFirstActivation
 .text.selectAndExecuteMaintenanceDemoTest
                0x20005800      0x19c ./src/TestingDemos/MaintenanceTestingDemo.o
                0x20005800                selectAndExecuteMaintenanceDemoTest
 .text.MainMaintenanceTestBench
                0x2000599c       0x40 ./src/TestingDemos/MaintenanceTestingDemo.o
                0x2000599c                MainMaintenanceTestBench
 .text.singleTlmTest
                0x200059dc      0x100 ./src/TestingDemos/TelemetryTestingDemo.o
                0x200059dc                singleTlmTest
 .text.multipleTlmTest
                0x20005adc      0x270 ./src/TestingDemos/TelemetryTestingDemo.o
                0x20005adc                multipleTlmTest
 .text.tlmTest  0x20005d4c       0xd8 ./src/TestingDemos/TelemetryTestingDemo.o
                0x20005d4c                tlmTest
 .text.MainTelemetryTestBench
                0x20005e24       0xb4 ./src/TestingDemos/TelemetryTestingDemo.o
                0x20005e24                MainTelemetryTestBench
 .text.TestInitTrxvu
                0x20005ed8       0x54 ./src/TestingDemos/TrxvuTestingDemo.o
                0x20005ed8                TestInitTrxvu
 .text.TestInitTrxvuWithDifferentFrameLengths
                0x20005f2c      0x134 ./src/TestingDemos/TrxvuTestingDemo.o
                0x20005f2c                TestInitTrxvuWithDifferentFrameLengths
 .text.TestTrxvuLogic
                0x20006060       0xd4 ./src/TestingDemos/TrxvuTestingDemo.o
                0x20006060                TestTrxvuLogic
 .text.TestCheckTransmitionAllowed
                0x20006134       0xa4 ./src/TestingDemos/TrxvuTestingDemo.o
                0x20006134                TestCheckTransmitionAllowed
 .text.TestLoopSPL
                0x200061d8       0xc4 ./src/TestingDemos/TrxvuTestingDemo.o
                0x200061d8                TestLoopSPL
 .text.TestSendDumpAbortRequest
                0x2000629c       0x24 ./src/TestingDemos/TrxvuTestingDemo.o
                0x2000629c                TestSendDumpAbortRequest
 .text.TestTransmitDummySplPacket
                0x200062c0       0xc0 ./src/TestingDemos/TrxvuTestingDemo.o
                0x200062c0                TestTransmitDummySplPacket
 .text.TestTransmitSplPacket
                0x20006380      0x1ec ./src/TestingDemos/TrxvuTestingDemo.o
                0x20006380                TestTransmitSplPacket
 .text.TestExitDump
                0x2000656c       0x1c ./src/TestingDemos/TrxvuTestingDemo.o
                0x2000656c                TestExitDump
 .text.TestDumpTelemetry
                0x20006588       0x9c ./src/TestingDemos/TrxvuTestingDemo.o
                0x20006588                TestDumpTelemetry
 .text.TestRestoreDefaultBeaconParameters
                0x20006624       0x1c ./src/TestingDemos/TrxvuTestingDemo.o
                0x20006624                TestRestoreDefaultBeaconParameters
 .text.TestChooseDefaultBeaconCycle
                0x20006640       0xe0 ./src/TestingDemos/TrxvuTestingDemo.o
                0x20006640                TestChooseDefaultBeaconCycle
 .text.TestBeaconLogic
                0x20006720       0xdc ./src/TestingDemos/TrxvuTestingDemo.o
                0x20006720                TestBeaconLogic
 .text.TestMuteTrxvu
                0x200067fc       0x9c ./src/TestingDemos/TrxvuTestingDemo.o
                0x200067fc                TestMuteTrxvu
 .text.TestUnMuteTrxvu
                0x20006898       0x30 ./src/TestingDemos/TrxvuTestingDemo.o
                0x20006898                TestUnMuteTrxvu
 .text.TestGetNumberOfFramesInBuffer
                0x200068c8       0x54 ./src/TestingDemos/TrxvuTestingDemo.o
                0x200068c8                TestGetNumberOfFramesInBuffer
 .text.TestSetTrxvuBitrate
                0x2000691c       0xf0 ./src/TestingDemos/TrxvuTestingDemo.o
                0x2000691c                TestSetTrxvuBitrate
 .text.TestGetTrxvuBitrate
                0x20006a0c       0xb0 ./src/TestingDemos/TrxvuTestingDemo.o
                0x20006a0c                TestGetTrxvuBitrate
 .text.TestTransmitDataAsSPL_Packet
                0x20006abc      0x114 ./src/TestingDemos/TrxvuTestingDemo.o
                0x20006abc                TestTransmitDataAsSPL_Packet
 .text.selectAndExecuteTrxvuDemoTest
                0x20006bd0      0x2ac ./src/TestingDemos/TrxvuTestingDemo.o
                0x20006bd0                selectAndExecuteTrxvuDemoTest
 .text.MainTrxvuTestBench
                0x20006e7c       0x44 ./src/TestingDemos/TrxvuTestingDemo.o
                0x20006e7c                MainTrxvuTestBench
 .text.GetBatteryVoltage
                0x20006ec0       0x38 ./src/SubSystemModules/PowerManagment/EPS.o
                0x20006ec0                GetBatteryVoltage
 .text.EPS_Init
                0x20006ef8       0xb8 ./src/SubSystemModules/PowerManagment/EPS.o
                0x20006ef8                EPS_Init
 .text.EPS_Conditioning
                0x20006fb0      0x1c4 ./src/SubSystemModules/PowerManagment/EPS.o
                0x20006fb0                EPS_Conditioning
 .text.UpdateAlpha
                0x20007174       0xd8 ./src/SubSystemModules/PowerManagment/EPS.o
                0x20007174                UpdateAlpha
 .text.UpdateThresholdVoltages
                0x2000724c      0x218 ./src/SubSystemModules/PowerManagment/EPS.o
                0x2000724c                UpdateThresholdVoltages
 .text.GetThresholdVoltages
                0x20007464       0x80 ./src/SubSystemModules/PowerManagment/EPS.o
                0x20007464                GetThresholdVoltages
 .text.GetAlpha
                0x200074e4       0x7c ./src/SubSystemModules/PowerManagment/EPS.o
                0x200074e4                GetAlpha
 .text.RestoreDefaultThresholdVoltages
                0x20007560       0x74 ./src/SubSystemModules/PowerManagment/EPS.o
                0x20007560                RestoreDefaultThresholdVoltages
 .text.CMDGetHeaterValues
                0x200075d4       0x24 ./src/SubSystemModules/PowerManagment/EPS.o
                0x200075d4                CMDGetHeaterValues
 .text.CMDSetHeaterValues
                0x200075f8       0x58 ./src/SubSystemModules/PowerManagment/EPS.o
                0x200075f8                CMDSetHeaterValues
 .text.EnterFullMode
                0x20007650       0x44 ./src/SubSystemModules/PowerManagment/EPSOperationModes.o
                0x20007650                EnterFullMode
 .text.EnterCruiseMode
                0x20007694       0x44 ./src/SubSystemModules/PowerManagment/EPSOperationModes.o
                0x20007694                EnterCruiseMode
 .text.EnterSafeMode
                0x200076d8       0x44 ./src/SubSystemModules/PowerManagment/EPSOperationModes.o
                0x200076d8                EnterSafeMode
 .text.EnterCriticalMode
                0x2000771c       0x44 ./src/SubSystemModules/PowerManagment/EPSOperationModes.o
                0x2000771c                EnterCriticalMode
 .text.GetSystemState
                0x20007760       0x24 ./src/SubSystemModules/PowerManagment/EPSOperationModes.o
                0x20007760                GetSystemState
 .text.GetSystemChannelState
                0x20007784       0x24 ./src/SubSystemModules/PowerManagment/EPSOperationModes.o
                0x20007784                GetSystemChannelState
 .text.EpsGetLowVoltageFlag
                0x200077a8       0x24 ./src/SubSystemModules/PowerManagment/EPSOperationModes.o
                0x200077a8                EpsGetLowVoltageFlag
 .text.EpsSetLowVoltageFlag
                0x200077cc       0x2c ./src/SubSystemModules/PowerManagment/EPSOperationModes.o
                0x200077cc                EpsSetLowVoltageFlag
 .text.CheckExecutionTime
                0x200077f8       0x80 ./src/SubSystemModules/Maintenance/Maintenance.o
                0x200077f8                CheckExecutionTime
 .text.SaveSatTimeInFRAM
                0x20007878       0x44 ./src/SubSystemModules/Maintenance/Maintenance.o
                0x20007878                SaveSatTimeInFRAM
 .text.WakeupFromResetCMD
                0x200078bc      0x120 ./src/SubSystemModules/Maintenance/Maintenance.o
                0x200078bc                WakeupFromResetCMD
 .text.ResetGroundCommWDT
                0x200079dc       0x1c ./src/SubSystemModules/Maintenance/Maintenance.o
                0x200079dc                ResetGroundCommWDT
 .text.findMinMaxDate
                0x200079f8       0xdc ./src/SubSystemModules/Maintenance/Maintenance.o
                0x200079f8                findMinMaxDate
 .text.DeleteOldFiels
                0x20007ad4       0xf0 ./src/SubSystemModules/Maintenance/Maintenance.o
                0x20007ad4                DeleteOldFiels
 .text.HardResetMCU
                0x20007bc4       0x24 ./src/SubSystemModules/Maintenance/Maintenance.o
                0x20007bc4                HardResetMCU
 .text.resetArrs
                0x20007be8       0x84 ./src/SubSystemModules/Housekepping/RAMTelemetry.o
                0x20007be8                resetArrs
 .text.move     0x20007c6c       0x44 ./src/SubSystemModules/Housekepping/RAMTelemetry.o
                0x20007c6c                move
 .text.saveTlmToRam
                0x20007cb0      0x138 ./src/SubSystemModules/Housekepping/RAMTelemetry.o
                0x20007cb0                saveTlmToRam
 .text.getTlm   0x20007de8      0x14c ./src/SubSystemModules/Housekepping/RAMTelemetry.o
                0x20007de8                getTlm
 .text.InitSavePeriodTimes
                0x20007f34       0x78 ./src/SubSystemModules/Housekepping/TelemetryCollector.o
                0x20007f34                InitSavePeriodTimes
 .text.CMD_GetTLMPeriodTimes
                0x20007fac       0x38 ./src/SubSystemModules/Housekepping/TelemetryCollector.o
                0x20007fac                CMD_GetTLMPeriodTimes
 .text.CMD_SetTLMPeriodTimes
                0x20007fe4      0x17c ./src/SubSystemModules/Housekepping/TelemetryCollector.o
                0x20007fe4                CMD_SetTLMPeriodTimes
 .text.TelemetryCollectorLogic
                0x20008160      0x208 ./src/SubSystemModules/Housekepping/TelemetryCollector.o
                0x20008160                TelemetryCollectorLogic
 .text.TelemetrySaveEPS
                0x20008368       0x18 ./src/SubSystemModules/Housekepping/TelemetryCollector.o
                0x20008368                TelemetrySaveEPS
 .text.TelemetrySaveTRXVU
                0x20008380       0x94 ./src/SubSystemModules/Housekepping/TelemetryCollector.o
                0x20008380                TelemetrySaveTRXVU
 .text.TelemetrySaveANT
                0x20008414       0xa4 ./src/SubSystemModules/Housekepping/TelemetryCollector.o
                0x20008414                TelemetrySaveANT
 .text.TelemetrySaveSolarPanels
                0x200084b8      0x228 ./src/SubSystemModules/Housekepping/TelemetryCollector.o
                0x200084b8                TelemetrySaveSolarPanels
 .text.TelemetrySaveWOD
                0x200086e0       0x48 ./src/SubSystemModules/Housekepping/TelemetryCollector.o
                0x200086e0                TelemetrySaveWOD
 .text.GetCurrentWODTelemetry
                0x20008728      0x74c ./src/SubSystemModules/Housekepping/TelemetryCollector.o
                0x20008728                GetCurrentWODTelemetry
 .text.CMD_EPS_ResetWDT
                0x20008e74       0x48 ./src/SubSystemModules/Communication/SubsystemCommands/EPS_Commands.o
                0x20008e74                CMD_EPS_ResetWDT
 .text.CMD_DeleteTLM
                0x20008ebc      0x1d8 ./src/SubSystemModules/Communication/SubsystemCommands/FS_Commands.o
                0x20008ebc                CMD_DeleteTLM
 .text.CMD_DeleteAllFiles
                0x20009094       0x38 ./src/SubSystemModules/Communication/SubsystemCommands/FS_Commands.o
                0x20009094                CMD_DeleteAllFiles
 .text.CMD_GetLastFS_Error
                0x200090cc       0x4c ./src/SubSystemModules/Communication/SubsystemCommands/FS_Commands.o
                0x200090cc                CMD_GetLastFS_Error
 .text.CMD_Get_TLM_Info
                0x20009118      0x118 ./src/SubSystemModules/Communication/SubsystemCommands/FS_Commands.o
                0x20009118                CMD_Get_TLM_Info
 .text.CMD_Switch_SD_Card
                0x20009230       0x90 ./src/SubSystemModules/Communication/SubsystemCommands/FS_Commands.o
                0x20009230                CMD_Switch_SD_Card
 .text.CMD_GenericI2C
                0x200092c0      0x144 ./src/SubSystemModules/Communication/SubsystemCommands/Maintanence_Commands.o
                0x200092c0                CMD_GenericI2C
 .text.CMD_FRAM_ReadAndTransmitt
                0x20009404       0xe8 ./src/SubSystemModules/Communication/SubsystemCommands/Maintanence_Commands.o
                0x20009404                CMD_FRAM_ReadAndTransmitt
 .text.CMD_FRAM_WriteAndTransmitt
                0x200094ec      0x11c ./src/SubSystemModules/Communication/SubsystemCommands/Maintanence_Commands.o
                0x200094ec                CMD_FRAM_WriteAndTransmitt
 .text.CMD_FRAM_ReStart
                0x20009608       0x4c ./src/SubSystemModules/Communication/SubsystemCommands/Maintanence_Commands.o
                0x20009608                CMD_FRAM_ReStart
 .text.CMD_UpdateSatTime
                0x20009654       0xa4 ./src/SubSystemModules/Communication/SubsystemCommands/Maintanence_Commands.o
                0x20009654                CMD_UpdateSatTime
 .text.CMD_GetSatUptime
                0x200096f8       0x48 ./src/SubSystemModules/Communication/SubsystemCommands/Maintanence_Commands.o
                0x200096f8                CMD_GetSatUptime
 .text.CMD_ResetComponent
                0x20009740      0x290 ./src/SubSystemModules/Communication/SubsystemCommands/Maintanence_Commands.o
                0x20009740                CMD_ResetComponent
 .text.DumpTask
                0x200099d0      0x310 ./src/SubSystemModules/Communication/SubsystemCommands/TRXVU_Commands.o
                0x200099d0                DumpTask
 .text.CMD_AntennaDeploy
                0x20009ce0       0xec ./src/SubSystemModules/Communication/SubsystemCommands/TRXVU_Commands.o
                0x20009ce0                CMD_AntennaDeploy
 .text.CMD_StartDump
                0x20009dcc      0x224 ./src/SubSystemModules/Communication/SubsystemCommands/TRXVU_Commands.o
                0x20009dcc                CMD_StartDump
 .text.CMD_SendDumpAbortRequest
                0x20009ff0       0x38 ./src/SubSystemModules/Communication/SubsystemCommands/TRXVU_Commands.o
                0x20009ff0                CMD_SendDumpAbortRequest
 .text.CMD_ForceDumpAbort
                0x2000a028       0x3c ./src/SubSystemModules/Communication/SubsystemCommands/TRXVU_Commands.o
                0x2000a028                CMD_ForceDumpAbort
 .text.CMD_SetTransponder
                0x2000a064      0x148 ./src/SubSystemModules/Communication/SubsystemCommands/TRXVU_Commands.o
                0x2000a064                CMD_SetTransponder
 .text.CMD_SetRSSITransponder
                0x2000a1ac       0x90 ./src/SubSystemModules/Communication/SubsystemCommands/TRXVU_Commands.o
                0x2000a1ac                CMD_SetRSSITransponder
 .text.CMD_MuteTRXVU
                0x2000a23c       0xc4 ./src/SubSystemModules/Communication/SubsystemCommands/TRXVU_Commands.o
                0x2000a23c                CMD_MuteTRXVU
 .text.CMD_SetIdleState
                0x2000a300       0x94 ./src/SubSystemModules/Communication/SubsystemCommands/TRXVU_Commands.o
                0x2000a300                CMD_SetIdleState
 .text.CMD_UnMuteTRXVU
                0x2000a394       0x38 ./src/SubSystemModules/Communication/SubsystemCommands/TRXVU_Commands.o
                0x2000a394                CMD_UnMuteTRXVU
 .text.CMD_GetBaudRate
                0x2000a3cc       0x68 ./src/SubSystemModules/Communication/SubsystemCommands/TRXVU_Commands.o
                0x2000a3cc                CMD_GetBaudRate
 .text.CMD_TrasmitBeacon
                0x2000a434       0x48 ./src/SubSystemModules/Communication/SubsystemCommands/TRXVU_Commands.o
                0x2000a434                CMD_TrasmitBeacon
 .text.CMD_GetBeaconInterval
                0x2000a47c       0x6c ./src/SubSystemModules/Communication/SubsystemCommands/TRXVU_Commands.o
                0x2000a47c                CMD_GetBeaconInterval
 .text.CMD_SetBaudRate
                0x2000a4e8       0x60 ./src/SubSystemModules/Communication/SubsystemCommands/TRXVU_Commands.o
                0x2000a4e8                CMD_SetBaudRate
 .text.CMD_GetTxUptime
                0x2000a548       0x64 ./src/SubSystemModules/Communication/SubsystemCommands/TRXVU_Commands.o
                0x2000a548                CMD_GetTxUptime
 .text.CMD_GetRxUptime
                0x2000a5ac       0x64 ./src/SubSystemModules/Communication/SubsystemCommands/TRXVU_Commands.o
                0x2000a5ac                CMD_GetRxUptime
 .text.CMD_GetNumOfOnlineCommands
                0x2000a610       0x64 ./src/SubSystemModules/Communication/SubsystemCommands/TRXVU_Commands.o
                0x2000a610                CMD_GetNumOfOnlineCommands
 .text.CMD_AntSetArmStatus
                0x2000a674       0xa0 ./src/SubSystemModules/Communication/SubsystemCommands/TRXVU_Commands.o
                0x2000a674                CMD_AntSetArmStatus
 .text.CMD_AntGetArmStatus
                0x2000a714       0x70 ./src/SubSystemModules/Communication/SubsystemCommands/TRXVU_Commands.o
                0x2000a714                CMD_AntGetArmStatus
 .text.CMD_AntGetUptime
                0x2000a784       0x78 ./src/SubSystemModules/Communication/SubsystemCommands/TRXVU_Commands.o
                0x2000a784                CMD_AntGetUptime
 .text.CMD_StopReDeployment
                0x2000a7fc       0xac ./src/SubSystemModules/Communication/SubsystemCommands/TRXVU_Commands.o
                0x2000a7fc                CMD_StopReDeployment
 .text.CMD_AntCancelDeployment
                0x2000a8a8       0x68 ./src/SubSystemModules/Communication/SubsystemCommands/TRXVU_Commands.o
                0x2000a8a8                CMD_AntCancelDeployment
 .text.SendAckPacket
                0x2000a910       0xe4 ./src/SubSystemModules/Communication/AckHandler.o
                0x2000a910                SendAckPacket
 .text.trxvu_command_router
                0x2000a9f4      0x548 ./src/SubSystemModules/Communication/CommandDictionary.o
                0x2000a9f4                trxvu_command_router
 .text.eps_command_router
                0x2000af3c       0xdc ./src/SubSystemModules/Communication/CommandDictionary.o
                0x2000af3c                eps_command_router
 .text.telemetry_command_router
                0x2000b018      0x224 ./src/SubSystemModules/Communication/CommandDictionary.o
                0x2000b018                telemetry_command_router
 .text.managment_command_router
                0x2000b23c      0x12c ./src/SubSystemModules/Communication/CommandDictionary.o
                0x2000b23c                managment_command_router
 .text.filesystem_command_router
                0x2000b368       0x24 ./src/SubSystemModules/Communication/CommandDictionary.o
                0x2000b368                filesystem_command_router
 .text.ParseDataToCommand
                0x2000b38c      0x1ac ./src/SubSystemModules/Communication/SatCommandHandler.o
                0x2000b38c                ParseDataToCommand
 .text.AssembleCommand
                0x2000b538      0x148 ./src/SubSystemModules/Communication/SatCommandHandler.o
                0x2000b538                AssembleCommand
 .text.GetDelayedCommand
                0x2000b680       0x24 ./src/SubSystemModules/Communication/SatCommandHandler.o
                0x2000b680                GetDelayedCommand
 .text.AddDelayedCommand
                0x2000b6a4       0x24 ./src/SubSystemModules/Communication/SatCommandHandler.o
                0x2000b6a4                AddDelayedCommand
 .text.GetDelayedCommandBufferCount
                0x2000b6c8       0x50 ./src/SubSystemModules/Communication/SatCommandHandler.o
                0x2000b6c8                GetDelayedCommandBufferCount
 .text.GetDelayedCommandByIndex
                0x2000b718       0x28 ./src/SubSystemModules/Communication/SatCommandHandler.o
                0x2000b718                GetDelayedCommandByIndex
 .text.DeleteDelayedCommandByIndex
                0x2000b740       0x24 ./src/SubSystemModules/Communication/SatCommandHandler.o
                0x2000b740                DeleteDelayedCommandByIndex
 .text.DeleteDelayedBuffer
                0x2000b764       0x1c ./src/SubSystemModules/Communication/SatCommandHandler.o
                0x2000b764                DeleteDelayedBuffer
 .text.ActUponCommand
                0x2000b780      0x108 ./src/SubSystemModules/Communication/SatCommandHandler.o
                0x2000b780                ActUponCommand
 .text.setMuteEndTime
                0x2000b888       0x40 ./src/SubSystemModules/Communication/TRXVU.o
                0x2000b888                setMuteEndTime
 .text.getMuteEndTime
                0x2000b8c8       0x44 ./src/SubSystemModules/Communication/TRXVU.o
                0x2000b8c8                getMuteEndTime
 .text.setTransponderEndTime
                0x2000b90c       0x40 ./src/SubSystemModules/Communication/TRXVU.o
                0x2000b90c                setTransponderEndTime
 .text.getTransponderEndTime
                0x2000b94c       0x44 ./src/SubSystemModules/Communication/TRXVU.o
                0x2000b94c                getTransponderEndTime
 .text.setTransponderRSSIinFRAM
                0x2000b990       0x44 ./src/SubSystemModules/Communication/TRXVU.o
                0x2000b990                setTransponderRSSIinFRAM
 .text.getTransponderRSSIFromFRAM
                0x2000b9d4       0x4c ./src/SubSystemModules/Communication/TRXVU.o
                0x2000b9d4                getTransponderRSSIFromFRAM
 .text.InitTxModule
                0x2000ba20       0x68 ./src/SubSystemModules/Communication/TRXVU.o
                0x2000ba20                InitTxModule
 .text.CMD_SetBeaconInterval
                0x2000ba88       0xdc ./src/SubSystemModules/Communication/TRXVU.o
                0x2000ba88                CMD_SetBeaconInterval
 .text.InitBeaconParams
                0x2000bb64       0x3c ./src/SubSystemModules/Communication/TRXVU.o
                0x2000bb64                InitBeaconParams
 .text.InitSemaphores
                0x2000bba0       0x98 ./src/SubSystemModules/Communication/TRXVU.o
                0x2000bba0                InitSemaphores
 .text.InitTrxvu
                0x2000bc38       0xec ./src/SubSystemModules/Communication/TRXVU.o
                0x2000bc38                InitTrxvu
 .text.checkIdleFinish
                0x2000bd24       0x68 ./src/SubSystemModules/Communication/TRXVU.o
                0x2000bd24                checkIdleFinish
 .text.checkTransponderFinish
                0x2000bd8c       0x98 ./src/SubSystemModules/Communication/TRXVU.o
                0x2000bd8c                checkTransponderFinish
 .text.checkTransponderStart
                0x2000be24       0x50 ./src/SubSystemModules/Communication/TRXVU.o
                0x2000be24                checkTransponderStart
 .text.turnOnTransponder
                0x2000be74       0xa0 ./src/SubSystemModules/Communication/TRXVU.o
                0x2000be74                turnOnTransponder
 .text.SetRSSITransponder
                0x2000bf14       0x80 ./src/SubSystemModules/Communication/TRXVU.o
                0x2000bf14                SetRSSITransponder
 .text.TRX_Logic
                0x2000bf94       0xd4 ./src/SubSystemModules/Communication/TRXVU.o
                0x2000bf94                TRX_Logic
 .text.GetNumberOfFramesInBuffer
                0x2000c068       0x5c ./src/SubSystemModules/Communication/TRXVU.o
                0x2000c068                GetNumberOfFramesInBuffer
 .text.GetOnlineCommand
                0x2000c0c4      0x17c ./src/SubSystemModules/Communication/TRXVU.o
                0x2000c0c4                GetOnlineCommand
 .text.CheckTransmitionAllowed
                0x2000c240       0xc0 ./src/SubSystemModules/Communication/TRXVU.o
                0x2000c240                CheckTransmitionAllowed
 .text.FinishDump
                0x2000c300       0xf0 ./src/SubSystemModules/Communication/TRXVU.o
                0x2000c300                FinishDump
 .text.AbortDump
                0x2000c3f0       0x34 ./src/SubSystemModules/Communication/TRXVU.o
                0x2000c3f0                AbortDump
 .text.SendDumpAbortRequest
                0x2000c424       0x6c ./src/SubSystemModules/Communication/TRXVU.o
                0x2000c424                SendDumpAbortRequest
 .text.CheckDumpAbort
                0x2000c490       0x6c ./src/SubSystemModules/Communication/TRXVU.o
                0x2000c490                CheckDumpAbort
 .text.BeaconLogic
                0x2000c4fc      0x1b8 ./src/SubSystemModules/Communication/TRXVU.o
                0x2000c4fc                BeaconLogic
 .text.SetIdleState
                0x2000c6b4      0x144 ./src/SubSystemModules/Communication/TRXVU.o
                0x2000c6b4                SetIdleState
 .text.muteTRXVU
                0x2000c7f8       0x74 ./src/SubSystemModules/Communication/TRXVU.o
                0x2000c7f8                muteTRXVU
 .text.UnMuteTRXVU
                0x2000c86c       0x14 ./src/SubSystemModules/Communication/TRXVU.o
                0x2000c86c                UnMuteTRXVU
 .text.TransmitDataAsSPL_Packet
                0x2000c880      0x114 ./src/SubSystemModules/Communication/TRXVU.o
                0x2000c880                TransmitDataAsSPL_Packet
 .text.TransmitSplPacket
                0x2000c994      0x1cc ./src/SubSystemModules/Communication/TRXVU.o
                0x2000c994                TransmitSplPacket
 .text.isFirstActivation
                0x2000cb60       0x38 ./src/InitSystem.o
                0x2000cb60                isFirstActivation
 .text.WriteDefaultValuesToFRAM
                0x2000cb98      0x208 ./src/InitSystem.o
                0x2000cb98                WriteDefaultValuesToFRAM
 .text.StartFRAM
                0x2000cda0       0x64 ./src/InitSystem.o
                0x2000cda0                StartFRAM
 .text.StartI2C
                0x2000ce04       0x38 ./src/InitSystem.o
                0x2000ce04                StartI2C
 .text.StartSPI
                0x2000ce3c       0x34 ./src/InitSystem.o
                0x2000ce3c                StartSPI
 .text.StartTIME
                0x2000ce70       0xbc ./src/InitSystem.o
                0x2000ce70                StartTIME
 .text.DeploySystem
                0x2000cf2c      0x1a4 ./src/InitSystem.o
                0x2000cf2c                DeploySystem
 .text.InitSubsystems
                0x2000d0d0       0x60 ./src/InitSystem.o
                0x2000d0d0                InitSubsystems
 .text.CMD_getInfoImage
                0x2000d130      0x158 ./src/TLM_management.o
                0x2000d130                CMD_getInfoImage
 .text.CMD_getDataImage
                0x2000d288      0x218 ./src/TLM_management.o
                0x2000d288                CMD_getDataImage
 .text.delete_allTMFilesFromSD
                0x2000d4a0       0x8c ./src/TLM_management.o
                0x2000d4a0                delete_allTMFilesFromSD
 .text.deleteTLMFiles
                0x2000d52c       0x94 ./src/TLM_management.o
                0x2000d52c                deleteTLMFiles
 .text.deleteTLMFile
                0x2000d5c0       0xcc ./src/TLM_management.o
                0x2000d5c0                deleteTLMFile
 .text.deleteTLMbyMonth
                0x2000d68c       0xac ./src/TLM_management.o
                0x2000d68c                deleteTLMbyMonth
 .text.deleteDirectory
                0x2000d738      0x158 ./src/TLM_management.o
                0x2000d738                deleteDirectory
 .text.InitializeFS
                0x2000d890       0xfc ./src/TLM_management.o
                0x2000d890                InitializeFS
 .text.calculateFileName
                0x2000d98c      0x130 ./src/TLM_management.o
                0x2000d98c                calculateFileName
 .text.getTlmTypeInfo
                0x2000dabc      0x230 ./src/TLM_management.o
                0x2000dabc                getTlmTypeInfo
 .text.write2File
                0x2000dcec      0x1dc ./src/TLM_management.o
                0x2000dcec                write2File
 .text.printTLM
                0x2000dec8      0x490 ./src/TLM_management.o
                0x2000dec8                printTLM
 .text.readTLMFile
                0x2000e358      0x328 ./src/TLM_management.o
                0x2000e358                readTLMFile
 .text.readTLMFiles
                0x2000e680       0xdc ./src/TLM_management.o
                0x2000e680                readTLMFiles
 .text.readTLMFileTimeRange
                0x2000e75c      0x2f0 ./src/TLM_management.o
                0x2000e75c                readTLMFileTimeRange
 .text.DeInitializeFS
                0x2000ea4c       0x38 ./src/TLM_management.o
                0x2000ea4c                DeInitializeFS
 .text.main     0x2000ea84       0x98 ./src/main.o
                0x2000ea84                main
 .text.timeU2time
                0x2000eb1c       0xbc ./src/utils.o
                0x2000eb1c                timeU2time
 .text.logError
                0x2000ebd8      0x134 ./src/utils.o
                0x2000ebd8                logError
 .text.clearPDCtransfers
                0x2000ed0c       0xe8 C:/ISIS/workspace/ycube/GlobusSatProject/..//hal/hal/lib\libHALD.a(SPI.o)
 .text.SPI_start
                0x2000edf4      0x4b0 C:/ISIS/workspace/ycube/GlobusSatProject/..//hal/hal/lib\libHALD.a(SPI.o)
                0x2000edf4                SPI_start
 .text.SPI_stop
                0x2000f2a4      0x244 C:/ISIS/workspace/ycube/GlobusSatProject/..//hal/hal/lib\libHALD.a(SPI.o)
                0x2000f2a4                SPI_stop
 .text.SPI_queueTransfer
                0x2000f4e8      0x1cc C:/ISIS/workspace/ycube/GlobusSatProject/..//hal/hal/lib\libHALD.a(SPI.o)
                0x2000f4e8                SPI_queueTransfer
 .text.SPI_internalCallback
                0x2000f6b4       0x64 C:/ISIS/workspace/ycube/GlobusSatProject/..//hal/hal/lib\libHALD.a(SPI.o)
 .text.SPI_writeRead
                0x2000f718      0x1c0 C:/ISIS/workspace/ycube/GlobusSatProject/..//hal/hal/lib\libHALD.a(SPI.o)
                0x2000f718                SPI_writeRead
 .text.waitForTransfer
                0x2000f8d8       0x78 C:/ISIS/workspace/ycube/GlobusSatProject/..//hal/hal/lib\libHALD.a(SPI.o)
 .text.SPI_getDriverState
                0x2000f950       0x58 C:/ISIS/workspace/ycube/GlobusSatProject/..//hal/hal/lib\libHALD.a(SPI.o)
                0x2000f950                SPI_getDriverState
 .text.validateTransferParameters
                0x2000f9a8      0x10c C:/ISIS/workspace/ycube/GlobusSatProject/..//hal/hal/lib\libHALD.a(I2C.o)
 .text.I2C_queueTransfer
                0x2000fab4       0xfc C:/ISIS/workspace/ycube/GlobusSatProject/..//hal/hal/lib\libHALD.a(I2C.o)
                0x2000fab4                I2C_queueTransfer
 .text.I2C_internalCallback
                0x2000fbb0       0x64 C:/ISIS/workspace/ycube/GlobusSatProject/..//hal/hal/lib\libHALD.a(I2C.o)
 .text.I2C_doBlockingTransfer
                0x2000fc14      0x180 C:/ISIS/workspace/ycube/GlobusSatProject/..//hal/hal/lib\libHALD.a(I2C.o)
 .text.I2C_write
                0x2000fd94      0x110 C:/ISIS/workspace/ycube/GlobusSatProject/..//hal/hal/lib\libHALD.a(I2C.o)
                0x2000fd94                I2C_write
 .text.I2C_read
                0x2000fea4      0x110 C:/ISIS/workspace/ycube/GlobusSatProject/..//hal/hal/lib\libHALD.a(I2C.o)
                0x2000fea4                I2C_read
 .text.I2C_writeRead
                0x2000ffb4      0x17c C:/ISIS/workspace/ycube/GlobusSatProject/..//hal/hal/lib\libHALD.a(I2C.o)
                0x2000ffb4                I2C_writeRead
 .text.I2C_start
                0x20010130      0x2e8 C:/ISIS/workspace/ycube/GlobusSatProject/..//hal/hal/lib\libHALD.a(I2C.o)
                0x20010130                I2C_start
 .text.I2C_stop
                0x20010418      0x184 C:/ISIS/workspace/ycube/GlobusSatProject/..//hal/hal/lib\libHALD.a(I2C.o)
                0x20010418                I2C_stop
 .text.I2C_setTransferTimeout
                0x2001059c       0x48 C:/ISIS/workspace/ycube/GlobusSatProject/..//hal/hal/lib\libHALD.a(I2C.o)
                0x2001059c                I2C_setTransferTimeout
 .text.ADC_ConvertRaw10bitToMillivolt
                0x200105e4       0x50 C:/ISIS/workspace/ycube/GlobusSatProject/..//hal/hal/lib\libHALD.a(ADC.o)
                0x200105e4                ADC_ConvertRaw10bitToMillivolt
 .text.ADC_SingleShot
                0x20010634      0x230 C:/ISIS/workspace/ycube/GlobusSatProject/..//hal/hal/lib\libHALD.a(ADC.o)
                0x20010634                ADC_SingleShot
 .text.FRAM_start
                0x20010864      0x120 C:/ISIS/workspace/ycube/GlobusSatProject/..//hal/hal/lib\libHALD.a(FRAM.o)
                0x20010864                FRAM_start
 .text.FRAM_stop
                0x20010984       0x6c C:/ISIS/workspace/ycube/GlobusSatProject/..//hal/hal/lib\libHALD.a(FRAM.o)
                0x20010984                FRAM_stop
 .text.FRAM_dummyCallback
                0x200109f0       0x24 C:/ISIS/workspace/ycube/GlobusSatProject/..//hal/hal/lib\libHALD.a(FRAM.o)
                0x200109f0                FRAM_dummyCallback
 .text.FRAM_unlockingCallback
                0x20010a14       0x64 C:/ISIS/workspace/ycube/GlobusSatProject/..//hal/hal/lib\libHALD.a(FRAM.o)
                0x20010a14                FRAM_unlockingCallback
 .text.doBlockingTransfer
                0x20010a78       0x78 C:/ISIS/workspace/ycube/GlobusSatProject/..//hal/hal/lib\libHALD.a(FRAM.o)
 .text.FRAM_writePacket
                0x20010af0      0x134 C:/ISIS/workspace/ycube/GlobusSatProject/..//hal/hal/lib\libHALD.a(FRAM.o)
 .text.FRAM_write
                0x20010c24      0x1e0 C:/ISIS/workspace/ycube/GlobusSatProject/..//hal/hal/lib\libHALD.a(FRAM.o)
                0x20010c24                FRAM_write
 .text.FRAM_readPacket
                0x20010e04       0xf0 C:/ISIS/workspace/ycube/GlobusSatProject/..//hal/hal/lib\libHALD.a(FRAM.o)
 .text.FRAM_read
                0x20010ef4      0x1ec C:/ISIS/workspace/ycube/GlobusSatProject/..//hal/hal/lib\libHALD.a(FRAM.o)
                0x20010ef4                FRAM_read
 .text.Time_start
                0x200110e0      0x170 C:/ISIS/workspace/ycube/GlobusSatProject/..//hal/hal/lib\libHALD.a(Time.o)
                0x200110e0                Time_start
 .text.taskTimeSync
                0x20011250       0x64 C:/ISIS/workspace/ycube/GlobusSatProject/..//hal/hal/lib\libHALD.a(Time.o)
 .text.Time_convertEpochToTime
                0x200112b4      0x100 C:/ISIS/workspace/ycube/GlobusSatProject/..//hal/hal/lib\libHALD.a(Time.o)
                0x200112b4                Time_convertEpochToTime
 .text.Time_calculateSecondsOfYear
                0x200113b4       0xd8 C:/ISIS/workspace/ycube/GlobusSatProject/..//hal/hal/lib\libHALD.a(Time.o)
 .text.Time_set
                0x2001148c       0xd8 C:/ISIS/workspace/ycube/GlobusSatProject/..//hal/hal/lib\libHALD.a(Time.o)
                0x2001148c                Time_set
 .text.Time_isLeapYear
                0x20011564       0x98 C:/ISIS/workspace/ycube/GlobusSatProject/..//hal/hal/lib\libHALD.a(Time.o)
                0x20011564                Time_isLeapYear
 .text.Time_get
                0x200115fc      0x478 C:/ISIS/workspace/ycube/GlobusSatProject/..//hal/hal/lib\libHALD.a(Time.o)
                0x200115fc                Time_get
 .text.Time_getUnixEpoch
                0x20011a74      0x108 C:/ISIS/workspace/ycube/GlobusSatProject/..//hal/hal/lib\libHALD.a(Time.o)
                0x20011a74                Time_getUnixEpoch
 .text.Time_secondsOfYearToTime
                0x20011b7c      0x33c C:/ISIS/workspace/ycube/GlobusSatProject/..//hal/hal/lib\libHALD.a(Time.o)
 .text.Time_setUnixEpoch
                0x20011eb8       0x54 C:/ISIS/workspace/ycube/GlobusSatProject/..//hal/hal/lib\libHALD.a(Time.o)
                0x20011eb8                Time_setUnixEpoch
 .text.Time_getUptimeSeconds
                0x20011f0c       0x28 C:/ISIS/workspace/ycube/GlobusSatProject/..//hal/hal/lib\libHALD.a(Time.o)
                0x20011f0c                Time_getUptimeSeconds
 .text.Time_sync
                0x20011f34      0x1a8 C:/ISIS/workspace/ycube/GlobusSatProject/..//hal/hal/lib\libHALD.a(Time.o)
                0x20011f34                Time_sync
 .text.Time_syncIfNeeded
                0x200120dc       0xac C:/ISIS/workspace/ycube/GlobusSatProject/..//hal/hal/lib\libHALD.a(Time.o)
                0x200120dc                Time_syncIfNeeded
 .text.WDT_start
                0x20012188       0x48 C:/ISIS/workspace/ycube/GlobusSatProject/..//hal/hal/lib\libHALD.a(WatchDogTimerNoOS.o)
                0x20012188                WDT_start
 .text.RTT_start
                0x200121d0       0x24 C:/ISIS/workspace/ycube/GlobusSatProject/..//hal/hal/lib\libHALD.a(RTT.o)
                0x200121d0                RTT_start
 .text.RTT_GetTime
                0x200121f4       0x24 C:/ISIS/workspace/ycube/GlobusSatProject/..//hal/hal/lib\libHALD.a(RTT.o)
                0x200121f4                RTT_GetTime
 .text.RTC_start
                0x20012218       0x3c C:/ISIS/workspace/ycube/GlobusSatProject/..//hal/hal/lib\libHALD.a(RTC.o)
                0x20012218                RTC_start
 .text.RTC_setTime
                0x20012254      0x2a4 C:/ISIS/workspace/ycube/GlobusSatProject/..//hal/hal/lib\libHALD.a(RTC.o)
                0x20012254                RTC_setTime
 .text.RTC_getTime
                0x200124f8      0x230 C:/ISIS/workspace/ycube/GlobusSatProject/..//hal/hal/lib\libHALD.a(RTC.o)
                0x200124f8                RTC_getTime
 .text.RTC_checkTimeValid
                0x20012728       0xd8 C:/ISIS/workspace/ycube/GlobusSatProject/..//hal/hal/lib\libHALD.a(RTC.o)
                0x20012728                RTC_checkTimeValid
 .text.WDT_startWatchdogKickTask
                0x20012800       0xb4 C:/ISIS/workspace/ycube/GlobusSatProject/..//hal/hal/lib\libHALD.a(WatchDogTimerOS.o)
                0x20012800                WDT_startWatchdogKickTask
 .text.WDT_forceKickEveryNms
                0x200128b4       0x50 C:/ISIS/workspace/ycube/GlobusSatProject/..//hal/hal/lib\libHALD.a(WatchDogTimerOS.o)
                0x200128b4                WDT_forceKickEveryNms
 .text.f_puts   0x20012904       0x80 C:/ISIS/workspace/ycube/GlobusSatProject/..//hal/hal/lib\libHALD.a(fprintf.o)
                0x20012904                f_puts
 .text.UTIL_DbguGetInteger
                0x20012984      0x168 C:/ISIS/workspace/ycube/GlobusSatProject/..//hal/hal/lib\libHALD.a(util.o)
                0x20012984                UTIL_DbguGetInteger
 .text.UTIL_DbguGetIntegerMinMax
                0x20012aec       0xa4 C:/ISIS/workspace/ycube/GlobusSatProject/..//hal/hal/lib\libHALD.a(util.o)
                0x20012aec                UTIL_DbguGetIntegerMinMax
 .text.LED_glow
                0x20012b90       0x58 C:/ISIS/workspace/ycube/GlobusSatProject/..//hal/hal/lib\libHALD.a(LED.o)
                0x20012b90                LED_glow
 .text.LED_dark
                0x20012be8       0x58 C:/ISIS/workspace/ycube/GlobusSatProject/..//hal/hal/lib\libHALD.a(LED.o)
                0x20012be8                LED_dark
 .text.LED_toggle
                0x20012c40       0x50 C:/ISIS/workspace/ycube/GlobusSatProject/..//hal/hal/lib\libHALD.a(LED.o)
                0x20012c40                LED_toggle
 .text.fm_initvolume
                0x20012c90       0x70 C:/ISIS/workspace/ycube/GlobusSatProject/..//hal/hcc/lib\libHCCD.a(fat_m.o)
                0x20012c90                fm_initvolume
 .text.fm_delvolume
                0x20012d00       0x60 C:/ISIS/workspace/ycube/GlobusSatProject/..//hal/hcc/lib\libHCCD.a(fat_m.o)
                0x20012d00                fm_delvolume
 .text.fm_getdrive
                0x20012d60       0x70 C:/ISIS/workspace/ycube/GlobusSatProject/..//hal/hcc/lib\libHCCD.a(fat_m.o)
                0x20012d60                fm_getdrive
 .text.fm_getfreespace
                0x20012dd0       0x68 C:/ISIS/workspace/ycube/GlobusSatProject/..//hal/hcc/lib\libHCCD.a(fat_m.o)
                0x20012dd0                fm_getfreespace
 .text.fm_mkdir
                0x20012e38       0x60 C:/ISIS/workspace/ycube/GlobusSatProject/..//hal/hcc/lib\libHCCD.a(fat_m.o)
                0x20012e38                fm_mkdir
 .text.fm_rmdir
                0x20012e98       0x60 C:/ISIS/workspace/ycube/GlobusSatProject/..//hal/hcc/lib\libHCCD.a(fat_m.o)
                0x20012e98                fm_rmdir
 .text.fm_findfirst
                0x20012ef8       0x68 C:/ISIS/workspace/ycube/GlobusSatProject/..//hal/hcc/lib\libHCCD.a(fat_m.o)
                0x20012ef8                fm_findfirst
 .text.fm_findnext
                0x20012f60       0x60 C:/ISIS/workspace/ycube/GlobusSatProject/..//hal/hcc/lib\libHCCD.a(fat_m.o)
                0x20012f60                fm_findnext
 .text.fm_close
                0x20012fc0       0x60 C:/ISIS/workspace/ycube/GlobusSatProject/..//hal/hcc/lib\libHCCD.a(fat_m.o)
                0x20012fc0                fm_close
 .text.fm_flush
                0x20013020       0x60 C:/ISIS/workspace/ycube/GlobusSatProject/..//hal/hcc/lib\libHCCD.a(fat_m.o)
                0x20013020                fm_flush
 .text.fm_open  0x20013080       0x68 C:/ISIS/workspace/ycube/GlobusSatProject/..//hal/hcc/lib\libHCCD.a(fat_m.o)
                0x20013080                fm_open
 .text.fm_read  0x200130e8       0x7c C:/ISIS/workspace/ycube/GlobusSatProject/..//hal/hcc/lib\libHCCD.a(fat_m.o)
                0x200130e8                fm_read
 .text.fm_write
                0x20013164       0x7c C:/ISIS/workspace/ycube/GlobusSatProject/..//hal/hcc/lib\libHCCD.a(fat_m.o)
                0x20013164                fm_write
 .text.fm_seek  0x200131e0       0x70 C:/ISIS/workspace/ycube/GlobusSatProject/..//hal/hcc/lib\libHCCD.a(fat_m.o)
                0x200131e0                fm_seek
 .text.fm_tell  0x20013250       0x60 C:/ISIS/workspace/ycube/GlobusSatProject/..//hal/hcc/lib\libHCCD.a(fat_m.o)
                0x20013250                fm_tell
 .text.fm_putc  0x200132b0       0x68 C:/ISIS/workspace/ycube/GlobusSatProject/..//hal/hcc/lib\libHCCD.a(fat_m.o)
                0x200132b0                fm_putc
 .text.fm_rewind
                0x20013318       0x60 C:/ISIS/workspace/ycube/GlobusSatProject/..//hal/hcc/lib\libHCCD.a(fat_m.o)
                0x20013318                fm_rewind
 .text.fm_delete
                0x20013378       0x64 C:/ISIS/workspace/ycube/GlobusSatProject/..//hal/hcc/lib\libHCCD.a(fat_m.o)
                0x20013378                fm_delete
 .text.fm_getlasterror
                0x200133dc       0x40 C:/ISIS/workspace/ycube/GlobusSatProject/..//hal/hcc/lib\libHCCD.a(fat_m.o)
                0x200133dc                fm_getlasterror
 .text._f_invalidatedir
                0x2001341c       0x28 C:/ISIS/workspace/ycube/GlobusSatProject/..//hal/hcc/lib\libHCCD.a(fat.o)
                0x2001341c                _f_invalidatedir
 .text._f_getdirsector
                0x20013444       0x88 C:/ISIS/workspace/ycube/GlobusSatProject/..//hal/hcc/lib\libHCCD.a(fat.o)
                0x20013444                _f_getdirsector
 .text._f_writedirsector
                0x200134cc       0x74 C:/ISIS/workspace/ycube/GlobusSatProject/..//hal/hcc/lib\libHCCD.a(fat.o)
                0x200134cc                _f_writedirsector
 .text._f_checknameinv
                0x20013540      0x180 C:/ISIS/workspace/ycube/GlobusSatProject/..//hal/hcc/lib\libHCCD.a(fat.o)
 .text._f_checkname
                0x200136c0       0x7c C:/ISIS/workspace/ycube/GlobusSatProject/..//hal/hcc/lib\libHCCD.a(fat.o)
 .text._f_checknamewc
                0x2001373c       0xf8 C:/ISIS/workspace/ycube/GlobusSatProject/..//hal/hcc/lib\libHCCD.a(fat.o)
 .text._f_setnameext
                0x20013834      0x300 C:/ISIS/workspace/ycube/GlobusSatProject/..//hal/hcc/lib\libHCCD.a(fat.o)
 .text._f_setfsname
                0x20013b34      0x584 C:/ISIS/workspace/ycube/GlobusSatProject/..//hal/hcc/lib\libHCCD.a(fat.o)
 .text._f_findfile
                0x200140b8      0x30c C:/ISIS/workspace/ycube/GlobusSatProject/..//hal/hcc/lib\libHCCD.a(fat.o)
 .text._f_cmp_wname
                0x200143c4      0x274 C:/ISIS/workspace/ycube/GlobusSatProject/..//hal/hcc/lib\libHCCD.a(fat.o)
 .text._f_to_string
                0x20014638      0x130 C:/ISIS/workspace/ycube/GlobusSatProject/..//hal/hcc/lib\libHCCD.a(fat.o)
 .text._f_findfilewc
                0x20014768      0x278 C:/ISIS/workspace/ycube/GlobusSatProject/..//hal/hcc/lib\libHCCD.a(fat.o)
 .text._f_getfilename
                0x200149e0      0x20c C:/ISIS/workspace/ycube/GlobusSatProject/..//hal/hcc/lib\libHCCD.a(fat.o)
 .text._f_findpath
                0x20014bec      0x35c C:/ISIS/workspace/ycube/GlobusSatProject/..//hal/hcc/lib\libHCCD.a(fat.o)
 .text.fn_getdcwd
                0x20014f48      0x1e0 C:/ISIS/workspace/ycube/GlobusSatProject/..//hal/hcc/lib\libHCCD.a(fat.o)
                0x20014f48                fn_getdcwd
 .text.fn_findfirst
                0x20015128      0x13c C:/ISIS/workspace/ycube/GlobusSatProject/..//hal/hcc/lib\libHCCD.a(fat.o)
                0x20015128                fn_findfirst
 .text.fn_findnext
                0x20015264      0x360 C:/ISIS/workspace/ycube/GlobusSatProject/..//hal/hcc/lib\libHCCD.a(fat.o)
                0x20015264                fn_findnext
 .text._f_lock_resfile
                0x200155c4       0x6c C:/ISIS/workspace/ycube/GlobusSatProject/..//hal/hcc/lib\libHCCD.a(fat.o)
 .text._f_unlock_resfile
                0x20015630       0x40 C:/ISIS/workspace/ycube/GlobusSatProject/..//hal/hcc/lib\libHCCD.a(fat.o)
 .text._f_getintfile
                0x20015670      0x124 C:/ISIS/workspace/ycube/GlobusSatProject/..//hal/hcc/lib\libHCCD.a(fat.o)
 .text._f_addentry
                0x20015794      0x540 C:/ISIS/workspace/ycube/GlobusSatProject/..//hal/hcc/lib\libHCCD.a(fat.o)
 .text.fn_mkdir
                0x20015cd4      0x75c C:/ISIS/workspace/ycube/GlobusSatProject/..//hal/hcc/lib\libHCCD.a(fat.o)
                0x20015cd4                fn_mkdir
 .text.fn_open_sub
                0x20016430     0x1698 C:/ISIS/workspace/ycube/GlobusSatProject/..//hal/hcc/lib\libHCCD.a(fat.o)
 .text.fn_open  0x20017ac8       0x44 C:/ISIS/workspace/ycube/GlobusSatProject/..//hal/hcc/lib\libHCCD.a(fat.o)
                0x20017ac8                fn_open
 .text.fn_delete
                0x20017b0c      0x490 C:/ISIS/workspace/ycube/GlobusSatProject/..//hal/hcc/lib\libHCCD.a(fat.o)
                0x20017b0c                fn_delete
 .text.fn_rmdir
                0x20017f9c      0x5ac C:/ISIS/workspace/ycube/GlobusSatProject/..//hal/hcc/lib\libHCCD.a(fat.o)
                0x20017f9c                fn_rmdir
 .text.fn_init  0x20018548      0x2dc C:/ISIS/workspace/ycube/GlobusSatProject/..//hal/hcc/lib\libHCCD.a(fat_common.o)
                0x20018548                fn_init
 .text.fn_start
                0x20018824       0x1c C:/ISIS/workspace/ycube/GlobusSatProject/..//hal/hcc/lib\libHCCD.a(fat_common.o)
                0x20018824                fn_start
 .text.fsn_delete
                0x20018840       0xc8 C:/ISIS/workspace/ycube/GlobusSatProject/..//hal/hcc/lib\libHCCD.a(fat_common.o)
                0x20018840                fsn_delete
 .text._f_get16bitl
                0x20018908       0x4c C:/ISIS/workspace/ycube/GlobusSatProject/..//hal/hcc/lib\libHCCD.a(fat_common.o)
                0x20018908                _f_get16bitl
 .text._f_set16bitl
                0x20018954       0x54 C:/ISIS/workspace/ycube/GlobusSatProject/..//hal/hcc/lib\libHCCD.a(fat_common.o)
                0x20018954                _f_set16bitl
 .text._f_get32bitl
                0x200189a8       0x68 C:/ISIS/workspace/ycube/GlobusSatProject/..//hal/hcc/lib\libHCCD.a(fat_common.o)
                0x200189a8                _f_get32bitl
 .text._f_set32bitl
                0x20018a10       0x78 C:/ISIS/workspace/ycube/GlobusSatProject/..//hal/hcc/lib\libHCCD.a(fat_common.o)
                0x20018a10                _f_set32bitl
 .text._get8bit
                0x20018a88       0xa0 C:/ISIS/workspace/ycube/GlobusSatProject/..//hal/hcc/lib\libHCCD.a(fat_common.o)
 .text._get16bitl
                0x20018b28       0x40 C:/ISIS/workspace/ycube/GlobusSatProject/..//hal/hcc/lib\libHCCD.a(fat_common.o)
 .text._get32bitl
                0x20018b68       0x3c C:/ISIS/workspace/ycube/GlobusSatProject/..//hal/hcc/lib\libHCCD.a(fat_common.o)
 .text._f_setcardremoved
                0x20018ba4       0x94 C:/ISIS/workspace/ycube/GlobusSatProject/..//hal/hcc/lib\libHCCD.a(fat_common.o)
 .text._f_checkstatus
                0x20018c38      0x104 C:/ISIS/workspace/ycube/GlobusSatProject/..//hal/hcc/lib\libHCCD.a(fat_common.o)
                0x20018c38                _f_checkstatus
 .text._f_drvgetphy
                0x20018d3c      0x114 C:/ISIS/workspace/ycube/GlobusSatProject/..//hal/hcc/lib\libHCCD.a(fat_common.o)
 .text._f_drvwritesector
                0x20018e50       0xdc C:/ISIS/workspace/ycube/GlobusSatProject/..//hal/hcc/lib\libHCCD.a(fat_common.o)
 .text._f_drvreadsector
                0x20018f2c       0xa8 C:/ISIS/workspace/ycube/GlobusSatProject/..//hal/hcc/lib\libHCCD.a(fat_common.o)
 .text._f_writesector
                0x20018fd4      0x23c C:/ISIS/workspace/ycube/GlobusSatProject/..//hal/hcc/lib\libHCCD.a(fat_common.o)
                0x20018fd4                _f_writesector
 .text._f_readsector
                0x20019210      0x1dc C:/ISIS/workspace/ycube/GlobusSatProject/..//hal/hcc/lib\libHCCD.a(fat_common.o)
                0x20019210                _f_readsector
 .text._f_getmaxcluster
                0x200193ec       0x94 C:/ISIS/workspace/ycube/GlobusSatProject/..//hal/hcc/lib\libHCCD.a(fat_common.o)
                0x200193ec                _f_getmaxcluster
 .text._getsectorfromcluster
                0x20019480       0x68 C:/ISIS/workspace/ycube/GlobusSatProject/..//hal/hcc/lib\libHCCD.a(fat_common.o)
 .text._f_buildsectors
                0x200194e8      0x268 C:/ISIS/workspace/ycube/GlobusSatProject/..//hal/hcc/lib\libHCCD.a(fat_common.o)
 .text._f_getbootrecord
                0x20019750      0x5e4 C:/ISIS/workspace/ycube/GlobusSatProject/..//hal/hcc/lib\libHCCD.a(fat_common.o)
 .text._f_readbootrecord
                0x20019d34      0x4f8 C:/ISIS/workspace/ycube/GlobusSatProject/..//hal/hcc/lib\libHCCD.a(fat_common.o)
 .text._f_flushcffiles
                0x2001a22c      0x17c C:/ISIS/workspace/ycube/GlobusSatProject/..//hal/hcc/lib\libHCCD.a(fat_common.o)
                0x2001a22c                _f_flushcffiles
 .text._f_fatcache_flush
                0x2001a3a8      0x270 C:/ISIS/workspace/ycube/GlobusSatProject/..//hal/hcc/lib\libHCCD.a(fat_common.o)
                0x2001a3a8                _f_fatcache_flush
 .text._f_writefatsector
                0x2001a618      0x100 C:/ISIS/workspace/ycube/GlobusSatProject/..//hal/hcc/lib\libHCCD.a(fat_common.o)
                0x2001a618                _f_writefatsector
 .text._f_getfatsector
                0x2001a718      0x3bc C:/ISIS/workspace/ycube/GlobusSatProject/..//hal/hcc/lib\libHCCD.a(fat_common.o)
 .text._f_setclustervalue
                0x2001aad4      0x490 C:/ISIS/workspace/ycube/GlobusSatProject/..//hal/hcc/lib\libHCCD.a(fat_common.o)
                0x2001aad4                _f_setclustervalue
 .text._f_getclustervalue
                0x2001af64      0x388 C:/ISIS/workspace/ycube/GlobusSatProject/..//hal/hcc/lib\libHCCD.a(fat_common.o)
                0x2001af64                _f_getclustervalue
 .text._f_close_drive_files
                0x2001b2ec       0xac C:/ISIS/workspace/ycube/GlobusSatProject/..//hal/hcc/lib\libHCCD.a(fat_common.o)
 .text._f_inc_mount_count
                0x2001b398       0xa4 C:/ISIS/workspace/ycube/GlobusSatProject/..//hal/hcc/lib\libHCCD.a(fat_common.o)
 .text._f_getvolume
                0x2001b43c      0x2f8 C:/ISIS/workspace/ycube/GlobusSatProject/..//hal/hcc/lib\libHCCD.a(fat_common.o)
                0x2001b43c                _f_getvolume
 .text.fn_createdriver
                0x2001b734      0x118 C:/ISIS/workspace/ycube/GlobusSatProject/..//hal/hcc/lib\libHCCD.a(fat_common.o)
                0x2001b734                fn_createdriver
 .text.fn_initvolume
                0x2001b84c      0x12c C:/ISIS/workspace/ycube/GlobusSatProject/..//hal/hcc/lib\libHCCD.a(fat_common.o)
                0x2001b84c                fn_initvolume
 .text.fn_releasedriver
                0x2001b978       0xf4 C:/ISIS/workspace/ycube/GlobusSatProject/..//hal/hcc/lib\libHCCD.a(fat_common.o)
                0x2001b978                fn_releasedriver
 .text.fn_initvolumepartition_sub
                0x2001ba6c       0xe0 C:/ISIS/workspace/ycube/GlobusSatProject/..//hal/hcc/lib\libHCCD.a(fat_common.o)
 .text.fn_initvolumepartition
                0x2001bb4c       0xac C:/ISIS/workspace/ycube/GlobusSatProject/..//hal/hcc/lib\libHCCD.a(fat_common.o)
                0x2001bb4c                fn_initvolumepartition
 .text.fn_delvolume
                0x2001bbf8      0x194 C:/ISIS/workspace/ycube/GlobusSatProject/..//hal/hcc/lib\libHCCD.a(fat_common.o)
                0x2001bbf8                fn_delvolume
 .text._f_clustertopos
                0x2001bd8c       0xf8 C:/ISIS/workspace/ycube/GlobusSatProject/..//hal/hcc/lib\libHCCD.a(fat_common.o)
                0x2001bd8c                _f_clustertopos
 .text._f_getcurrsector
                0x2001be84      0x6c8 C:/ISIS/workspace/ycube/GlobusSatProject/..//hal/hcc/lib\libHCCD.a(fat_common.o)
                0x2001be84                _f_getcurrsector
 .text._f_getdecluster
                0x2001c54c       0x90 C:/ISIS/workspace/ycube/GlobusSatProject/..//hal/hcc/lib\libHCCD.a(fat_common.o)
                0x2001c54c                _f_getdecluster
 .text._f_setdecluster
                0x2001c5dc       0x8c C:/ISIS/workspace/ycube/GlobusSatProject/..//hal/hcc/lib\libHCCD.a(fat_common.o)
                0x2001c5dc                _f_setdecluster
 .text.fn_getdrive
                0x2001c668       0x30 C:/ISIS/workspace/ycube/GlobusSatProject/..//hal/hcc/lib\libHCCD.a(fat_common.o)
                0x2001c668                fn_getdrive
 .text._f_getcurrenttimedate
                0x2001c698      0x138 C:/ISIS/workspace/ycube/GlobusSatProject/..//hal/hcc/lib\libHCCD.a(fat_common.o)
                0x2001c698                _f_getcurrenttimedate
 .text._f_initentry
                0x2001c7d0       0xa0 C:/ISIS/workspace/ycube/GlobusSatProject/..//hal/hcc/lib\libHCCD.a(fat_common.o)
                0x2001c7d0                _f_initentry
 .text._f_alloccluster
                0x2001c870      0x344 C:/ISIS/workspace/ycube/GlobusSatProject/..//hal/hcc/lib\libHCCD.a(fat_common.o)
                0x2001c870                _f_alloccluster
 .text._f_dobadblock
                0x2001cbb4      0x2cc C:/ISIS/workspace/ycube/GlobusSatProject/..//hal/hcc/lib\libHCCD.a(fat_common.o)
                0x2001cbb4                _f_dobadblock
 .text._f_checklocked
                0x2001ce80       0xe4 C:/ISIS/workspace/ycube/GlobusSatProject/..//hal/hcc/lib\libHCCD.a(fat_common.o)
                0x2001ce80                _f_checklocked
 .text._f_checkappendlocked
                0x2001cf64      0x110 C:/ISIS/workspace/ycube/GlobusSatProject/..//hal/hcc/lib\libHCCD.a(fat_common.o)
                0x2001cf64                _f_checkappendlocked
 .text._f_setsyncafile
                0x2001d074      0x114 C:/ISIS/workspace/ycube/GlobusSatProject/..//hal/hcc/lib\libHCCD.a(fat_common.o)
                0x2001d074                _f_setsyncafile
 .text._f_syncfiles
                0x2001d188      0x128 C:/ISIS/workspace/ycube/GlobusSatProject/..//hal/hcc/lib\libHCCD.a(fat_common.o)
                0x2001d188                _f_syncfiles
 .text._f_syncfilescontent
                0x2001d2b0      0x15c C:/ISIS/workspace/ycube/GlobusSatProject/..//hal/hcc/lib\libHCCD.a(fat_common.o)
 .text.fn_getfreespace
                0x2001d40c      0x4c0 C:/ISIS/workspace/ycube/GlobusSatProject/..//hal/hcc/lib\libHCCD.a(fat_common.o)
                0x2001d40c                fn_getfreespace
 .text._f_emptywritecache
                0x2001d8cc      0x4a4 C:/ISIS/workspace/ycube/GlobusSatProject/..//hal/hcc/lib\libHCCD.a(fat_common.o)
 .text._f_allocnextcluster
                0x2001dd70      0x54c C:/ISIS/workspace/ycube/GlobusSatProject/..//hal/hcc/lib\libHCCD.a(fat_common.o)
 .text._f_emptywritebuffer
                0x2001e2bc      0x20c C:/ISIS/workspace/ycube/GlobusSatProject/..//hal/hcc/lib\libHCCD.a(fat_common.o)
 .text._f_writezeros
                0x2001e4c8       0xf0 C:/ISIS/workspace/ycube/GlobusSatProject/..//hal/hcc/lib\libHCCD.a(fat_common.o)
                0x2001e4c8                _f_writezeros
 .text._f_extend_file
                0x2001e5b8      0x570 C:/ISIS/workspace/ycube/GlobusSatProject/..//hal/hcc/lib\libHCCD.a(fat_common.o)
 .text._f_fseek
                0x2001eb28      0x9bc C:/ISIS/workspace/ycube/GlobusSatProject/..//hal/hcc/lib\libHCCD.a(fat_common.o)
                0x2001eb28                _f_fseek
 .text._f_removechain
                0x2001f4e4      0x104 C:/ISIS/workspace/ycube/GlobusSatProject/..//hal/hcc/lib\libHCCD.a(fat_common.o)
                0x2001f4e4                _f_removechain
 .text._f_updatefileentry
                0x2001f5e8      0x1cc C:/ISIS/workspace/ycube/GlobusSatProject/..//hal/hcc/lib\libHCCD.a(fat_common.o)
 .text._f_checkreadlocked
                0x2001f7b4      0x1bc C:/ISIS/workspace/ycube/GlobusSatProject/..//hal/hcc/lib\libHCCD.a(fat_common.o)
                0x2001f7b4                _f_checkreadlocked
 .text._f_check_handle
                0x2001f970       0x98 C:/ISIS/workspace/ycube/GlobusSatProject/..//hal/hcc/lib\libHCCD.a(fat_common.o)
                0x2001f970                _f_check_handle
 .text._f_removesyncafile
                0x2001fa08      0x1ec C:/ISIS/workspace/ycube/GlobusSatProject/..//hal/hcc/lib\libHCCD.a(fat_common.o)
 .text.fn_close
                0x2001fbf4      0x3f8 C:/ISIS/workspace/ycube/GlobusSatProject/..//hal/hcc/lib\libHCCD.a(fat_common.o)
                0x2001fbf4                fn_close
 .text.fn_flush
                0x2001ffec      0x374 C:/ISIS/workspace/ycube/GlobusSatProject/..//hal/hcc/lib\libHCCD.a(fat_common.o)
                0x2001ffec                fn_flush
 .text.fn_read  0x20020360      0x690 C:/ISIS/workspace/ycube/GlobusSatProject/..//hal/hcc/lib\libHCCD.a(fat_common.o)
                0x20020360                fn_read
 .text._f_abortwrite
                0x200209f0      0x100 C:/ISIS/workspace/ycube/GlobusSatProject/..//hal/hcc/lib\libHCCD.a(fat_common.o)
 .text._f_checkwritecluster
                0x20020af0       0xe4 C:/ISIS/workspace/ycube/GlobusSatProject/..//hal/hcc/lib\libHCCD.a(fat_common.o)
 .text.fn_write
                0x20020bd4      0x8a8 C:/ISIS/workspace/ycube/GlobusSatProject/..//hal/hcc/lib\libHCCD.a(fat_common.o)
                0x20020bd4                fn_write
 .text.fn_seek  0x2002147c      0x270 C:/ISIS/workspace/ycube/GlobusSatProject/..//hal/hcc/lib\libHCCD.a(fat_common.o)
                0x2002147c                fn_seek
 .text.fn_tell  0x200216ec      0x19c C:/ISIS/workspace/ycube/GlobusSatProject/..//hal/hcc/lib\libHCCD.a(fat_common.o)
                0x200216ec                fn_tell
 .text.fn_rewind
                0x20021888       0x38 C:/ISIS/workspace/ycube/GlobusSatProject/..//hal/hcc/lib\libHCCD.a(fat_common.o)
                0x20021888                fn_rewind
 .text.fn_putc  0x200218c0       0x68 C:/ISIS/workspace/ycube/GlobusSatProject/..//hal/hcc/lib\libHCCD.a(fat_common.o)
                0x200218c0                fn_putc
 .text.f_enterFS
                0x20021928      0x1c0 C:/ISIS/workspace/ycube/GlobusSatProject/..//hal/hcc/lib\libHCCD.a(fat_common.o)
                0x20021928                f_enterFS
 .text.f_releaseFS
                0x20021ae8       0xb0 C:/ISIS/workspace/ycube/GlobusSatProject/..//hal/hcc/lib\libHCCD.a(fat_common.o)
                0x20021ae8                f_releaseFS
 .text.fnGetTask
                0x20021b98       0xfc C:/ISIS/workspace/ycube/GlobusSatProject/..//hal/hcc/lib\libHCCD.a(fat_common.o)
                0x20021b98                fnGetTask
 .text._f_mutex_get
                0x20021c94       0x98 C:/ISIS/workspace/ycube/GlobusSatProject/..//hal/hcc/lib\libHCCD.a(fat_common.o)
                0x20021c94                _f_mutex_get
 .text._f_mutex_put
                0x20021d2c       0x54 C:/ISIS/workspace/ycube/GlobusSatProject/..//hal/hcc/lib\libHCCD.a(fat_common.o)
                0x20021d2c                _f_mutex_put
 .text._fn_initseekdivisor
                0x20021d80      0x158 C:/ISIS/workspace/ycube/GlobusSatProject/..//hal/hcc/lib\libHCCD.a(fat_common.o)
                0x20021d80                _fn_initseekdivisor
 .text._fn_updateseekpos
                0x20021ed8       0xc4 C:/ISIS/workspace/ycube/GlobusSatProject/..//hal/hcc/lib\libHCCD.a(fat_common.o)
 .text._f_findopensize
                0x20021f9c       0x2c C:/ISIS/workspace/ycube/GlobusSatProject/..//hal/hcc/lib\libHCCD.a(fat_common.o)
                0x20021f9c                _f_findopensize
 .text.fn_setlasterror
                0x20021fc8       0x34 C:/ISIS/workspace/ycube/GlobusSatProject/..//hal/hcc/lib\libHCCD.a(fat_common.o)
                0x20021fc8                fn_setlasterror
 .text.fn_setlasterror_noret
                0x20021ffc       0x2c C:/ISIS/workspace/ycube/GlobusSatProject/..//hal/hcc/lib\libHCCD.a(fat_common.o)
                0x20021ffc                fn_setlasterror_noret
 .text._s_checkzeroclusteratend
                0x20022028       0xf8 C:/ISIS/workspace/ycube/GlobusSatProject/..//hal/hcc/lib\libHCCD.a(safefat.o)
 .text._s_clearclustercontent
                0x20022120      0x108 C:/ISIS/workspace/ycube/GlobusSatProject/..//hal/hcc/lib\libHCCD.a(safefat.o)
 .text._s_clearclustercontentdir
                0x20022228      0x19c C:/ISIS/workspace/ycube/GlobusSatProject/..//hal/hcc/lib\libHCCD.a(safefat.o)
 .text._s_writedirsector
                0x200223c4       0xd0 C:/ISIS/workspace/ycube/GlobusSatProject/..//hal/hcc/lib\libHCCD.a(safefat.o)
 .text._s_getdirsector
                0x20022494      0x100 C:/ISIS/workspace/ycube/GlobusSatProject/..//hal/hcc/lib\libHCCD.a(safefat.o)
 .text._s_addentry
                0x20022594      0x394 C:/ISIS/workspace/ycube/GlobusSatProject/..//hal/hcc/lib\libHCCD.a(safefat.o)
 .text._s_findfile
                0x20022928      0x33c C:/ISIS/workspace/ycube/GlobusSatProject/..//hal/hcc/lib\libHCCD.a(safefat.o)
 .text._s_findsubdir
                0x20022c64      0x248 C:/ISIS/workspace/ycube/GlobusSatProject/..//hal/hcc/lib\libHCCD.a(safefat.o)
 .text._s_createfile
                0x20022eac      0x190 C:/ISIS/workspace/ycube/GlobusSatProject/..//hal/hcc/lib\libHCCD.a(safefat.o)
 .text._s_findsaffile
                0x2002303c      0x1b8 C:/ISIS/workspace/ycube/GlobusSatProject/..//hal/hcc/lib\libHCCD.a(safefat.o)
 .text._s_open  0x200231f4       0xe4 C:/ISIS/workspace/ycube/GlobusSatProject/..//hal/hcc/lib\libHCCD.a(safefat.o)
 .text._s_open_saf
                0x200232d8       0xe8 C:/ISIS/workspace/ycube/GlobusSatProject/..//hal/hcc/lib\libHCCD.a(safefat.o)
 .text._s_flush
                0x200233c0       0x84 C:/ISIS/workspace/ycube/GlobusSatProject/..//hal/hcc/lib\libHCCD.a(safefat.o)
 .text._s_allocnextcluster
                0x20023444      0x13c C:/ISIS/workspace/ycube/GlobusSatProject/..//hal/hcc/lib\libHCCD.a(safefat.o)
 .text._s_getnextsector
                0x20023580       0xdc C:/ISIS/workspace/ycube/GlobusSatProject/..//hal/hcc/lib\libHCCD.a(safefat.o)
 .text._s_seek  0x2002365c      0x1e8 C:/ISIS/workspace/ycube/GlobusSatProject/..//hal/hcc/lib\libHCCD.a(safefat.o)
 .text._s_get_len
                0x20023844      0x10c C:/ISIS/workspace/ycube/GlobusSatProject/..//hal/hcc/lib\libHCCD.a(safefat.o)
 .text._s_set_len
                0x20023950       0xb4 C:/ISIS/workspace/ycube/GlobusSatProject/..//hal/hcc/lib\libHCCD.a(safefat.o)
 .text.safe_fix_filelengths
                0x20023a04       0xcc C:/ISIS/workspace/ycube/GlobusSatProject/..//hal/hcc/lib\libHCCD.a(safefat.o)
                0x20023a04                safe_fix_filelengths
 .text._s_read  0x20023ad0      0x228 C:/ISIS/workspace/ycube/GlobusSatProject/..//hal/hcc/lib\libHCCD.a(safefat.o)
 .text._s_write
                0x20023cf8      0x384 C:/ISIS/workspace/ycube/GlobusSatProject/..//hal/hcc/lib\libHCCD.a(safefat.o)
 .text._s_restoreclusters
                0x2002407c      0x270 C:/ISIS/workspace/ycube/GlobusSatProject/..//hal/hcc/lib\libHCCD.a(safefat.o)
                0x2002407c                _s_restoreclusters
 .text._s_findrestore
                0x200242ec      0x18c C:/ISIS/workspace/ycube/GlobusSatProject/..//hal/hcc/lib\libHCCD.a(safefat.o)
 .text._s_cmd_writede
                0x20024478       0xd8 C:/ISIS/workspace/ycube/GlobusSatProject/..//hal/hcc/lib\libHCCD.a(safefat.o)
 .text._s_cmd_setcluster
                0x20024550       0x88 C:/ISIS/workspace/ycube/GlobusSatProject/..//hal/hcc/lib\libHCCD.a(safefat.o)
 .text._s_cmd_deletechain
                0x200245d8      0x100 C:/ISIS/workspace/ycube/GlobusSatProject/..//hal/hcc/lib\libHCCD.a(safefat.o)
 .text._s_cmd_validatecfn
                0x200246d8      0x308 C:/ISIS/workspace/ycube/GlobusSatProject/..//hal/hcc/lib\libHCCD.a(safefat.o)
 .text._s_cmd_seteof
                0x200249e0      0x3c4 C:/ISIS/workspace/ycube/GlobusSatProject/..//hal/hcc/lib\libHCCD.a(safefat.o)
 .text.safe_docommands
                0x20024da4      0x56c C:/ISIS/workspace/ycube/GlobusSatProject/..//hal/hcc/lib\libHCCD.a(safefat.o)
                0x20024da4                safe_docommands
 .text.safe_entercommand
                0x20025310       0x68 C:/ISIS/workspace/ycube/GlobusSatProject/..//hal/hcc/lib\libHCCD.a(safefat.o)
                0x20025310                safe_entercommand
 .text.safe_ready
                0x20025378       0xf4 C:/ISIS/workspace/ycube/GlobusSatProject/..//hal/hcc/lib\libHCCD.a(safefat.o)
                0x20025378                safe_ready
 .text.safe_copycfn
                0x2002546c       0xb8 C:/ISIS/workspace/ycube/GlobusSatProject/..//hal/hcc/lib\libHCCD.a(safefat.o)
                0x2002546c                safe_copycfn
 .text.safe_cfremove
                0x20025524       0xb8 C:/ISIS/workspace/ycube/GlobusSatProject/..//hal/hcc/lib\libHCCD.a(safefat.o)
                0x20025524                safe_cfremove
 .text.safe_writede
                0x200255dc      0x104 C:/ISIS/workspace/ycube/GlobusSatProject/..//hal/hcc/lib\libHCCD.a(safefat.o)
                0x200255dc                safe_writede
 .text.safe_setcluster
                0x200256e0       0xcc C:/ISIS/workspace/ycube/GlobusSatProject/..//hal/hcc/lib\libHCCD.a(safefat.o)
                0x200256e0                safe_setcluster
 .text.safe_deletechain
                0x200257ac      0x1c8 C:/ISIS/workspace/ycube/GlobusSatProject/..//hal/hcc/lib\libHCCD.a(safefat.o)
                0x200257ac                safe_deletechain
 .text.safe_cfclose
                0x20025974      0x104 C:/ISIS/workspace/ycube/GlobusSatProject/..//hal/hcc/lib\libHCCD.a(safefat.o)
                0x20025974                safe_cfclose
 .text.safe_cfflush
                0x20025a78      0x124 C:/ISIS/workspace/ycube/GlobusSatProject/..//hal/hcc/lib\libHCCD.a(safefat.o)
                0x20025a78                safe_cfflush
 .text.safe_reset
                0x20025b9c       0x78 C:/ISIS/workspace/ycube/GlobusSatProject/..//hal/hcc/lib\libHCCD.a(safefat.o)
                0x20025b9c                safe_reset
 .text.safe_loadcommands
                0x20025c14       0x78 C:/ISIS/workspace/ycube/GlobusSatProject/..//hal/hcc/lib\libHCCD.a(safefat.o)
                0x20025c14                safe_loadcommands
 .text.safe_poweron
                0x20025c8c      0x1fc C:/ISIS/workspace/ycube/GlobusSatProject/..//hal/hcc/lib\libHCCD.a(safefat.o)
                0x20025c8c                safe_poweron
 .text.cf_getname
                0x20025e88       0xc0 C:/ISIS/workspace/ycube/GlobusSatProject/..//hal/hcc/lib\libHCCD.a(safefat.o)
 .text.cf_copyclusterchain
                0x20025f48      0x138 C:/ISIS/workspace/ycube/GlobusSatProject/..//hal/hcc/lib\libHCCD.a(safefat.o)
 .text.cf_seektozero
                0x20026080       0x94 C:/ISIS/workspace/ycube/GlobusSatProject/..//hal/hcc/lib\libHCCD.a(safefat.o)
                0x20026080                cf_seektozero
 .text.cf_create
                0x20026114      0x3a8 C:/ISIS/workspace/ycube/GlobusSatProject/..//hal/hcc/lib\libHCCD.a(safefat.o)
                0x20026114                cf_create
 .text.cf_copyclustercontent
                0x200264bc      0x128 C:/ISIS/workspace/ycube/GlobusSatProject/..//hal/hcc/lib\libHCCD.a(safefat.o)
                0x200264bc                cf_copyclustercontent
 .text.cf_copycfn
                0x200265e4      0x4bc C:/ISIS/workspace/ycube/GlobusSatProject/..//hal/hcc/lib\libHCCD.a(safefat.o)
                0x200265e4                cf_copycfn
 .text.cf_remove
                0x20026aa0      0x344 C:/ISIS/workspace/ycube/GlobusSatProject/..//hal/hcc/lib\libHCCD.a(safefat.o)
                0x20026aa0                cf_remove
 .text.cf_setclusternew
                0x20026de4       0xf0 C:/ISIS/workspace/ycube/GlobusSatProject/..//hal/hcc/lib\libHCCD.a(safefat.o)
                0x20026de4                cf_setclusternew
 .text.cf_flush
                0x20026ed4       0x58 C:/ISIS/workspace/ycube/GlobusSatProject/..//hal/hcc/lib\libHCCD.a(safefat.o)
                0x20026ed4                cf_flush
 .text.cf_getcluster
                0x20026f2c      0x1b4 C:/ISIS/workspace/ycube/GlobusSatProject/..//hal/hcc/lib\libHCCD.a(safefat.o)
                0x20026f2c                cf_getcluster
 .text.cf_setnextcluster
                0x200270e0      0x194 C:/ISIS/workspace/ycube/GlobusSatProject/..//hal/hcc/lib\libHCCD.a(safefat.o)
                0x200270e0                cf_setnextcluster
 .text.cf_getpositions
                0x20027274       0xbc C:/ISIS/workspace/ycube/GlobusSatProject/..//hal/hcc/lib\libHCCD.a(safefat.o)
                0x20027274                cf_getpositions
 .text.cf_setpositions
                0x20027330       0xb0 C:/ISIS/workspace/ycube/GlobusSatProject/..//hal/hcc/lib\libHCCD.a(safefat.o)
                0x20027330                cf_setpositions
 .text.cf_opensyncafile
                0x200273e0      0x150 C:/ISIS/workspace/ycube/GlobusSatProject/..//hal/hcc/lib\libHCCD.a(safefat.o)
                0x200273e0                cf_opensyncafile
 .text.cf_reloadcfo
                0x20027530       0xd8 C:/ISIS/workspace/ycube/GlobusSatProject/..//hal/hcc/lib\libHCCD.a(safefat.o)
                0x20027530                cf_reloadcfo
 .text.mcipdc_cmd
                0x20027608      0x22c C:/ISIS/workspace/ycube/GlobusSatProject/..//hal/hcc/lib\libHCCD.a(atmel_mcipdc.o)
 .text.mcipdc_stop
                0x20027834       0xfc C:/ISIS/workspace/ycube/GlobusSatProject/..//hal/hcc/lib\libHCCD.a(atmel_mcipdc.o)
                0x20027834                mcipdc_stop
 .text.mcipdc_read
                0x20027930      0x27c C:/ISIS/workspace/ycube/GlobusSatProject/..//hal/hcc/lib\libHCCD.a(atmel_mcipdc.o)
 .text.mcipdc_write
                0x20027bac      0x298 C:/ISIS/workspace/ycube/GlobusSatProject/..//hal/hcc/lib\libHCCD.a(atmel_mcipdc.o)
 .text.mcipdc_readsector
                0x20027e44       0x9c C:/ISIS/workspace/ycube/GlobusSatProject/..//hal/hcc/lib\libHCCD.a(atmel_mcipdc.o)
                0x20027e44                mcipdc_readsector
 .text.mcipdc_readmultiplesector
                0x20027ee0      0x124 C:/ISIS/workspace/ycube/GlobusSatProject/..//hal/hcc/lib\libHCCD.a(atmel_mcipdc.o)
                0x20027ee0                mcipdc_readmultiplesector
 .text.mcipdc_writesector
                0x20028004       0x90 C:/ISIS/workspace/ycube/GlobusSatProject/..//hal/hcc/lib\libHCCD.a(atmel_mcipdc.o)
                0x20028004                mcipdc_writesector
 .text.mcipdc_writemultiplesector
                0x20028094      0x120 C:/ISIS/workspace/ycube/GlobusSatProject/..//hal/hcc/lib\libHCCD.a(atmel_mcipdc.o)
                0x20028094                mcipdc_writemultiplesector
 .text.mcipdc_set_speed
                0x200281b4       0xb0 C:/ISIS/workspace/ycube/GlobusSatProject/..//hal/hcc/lib\libHCCD.a(atmel_mcipdc.o)
 .text.mcipdc_get_speed
                0x20028264       0x48 C:/ISIS/workspace/ycube/GlobusSatProject/..//hal/hcc/lib\libHCCD.a(atmel_mcipdc.o)
 .text._get_csd_bits
                0x200282ac      0x14c C:/ISIS/workspace/ycube/GlobusSatProject/..//hal/hcc/lib\libHCCD.a(atmel_mcipdc.o)
 .text.mcipdc_initcard
                0x200283f8      0x8f4 C:/ISIS/workspace/ycube/GlobusSatProject/..//hal/hcc/lib\libHCCD.a(atmel_mcipdc.o)
 .text.mcipdc_getstatus
                0x20028cec       0xe8 C:/ISIS/workspace/ycube/GlobusSatProject/..//hal/hcc/lib\libHCCD.a(atmel_mcipdc.o)
 .text.mcipdc_getphy
                0x20028dd4       0x90 C:/ISIS/workspace/ycube/GlobusSatProject/..//hal/hcc/lib\libHCCD.a(atmel_mcipdc.o)
 .text.mcipdc_release
                0x20028e64       0x50 C:/ISIS/workspace/ycube/GlobusSatProject/..//hal/hcc/lib\libHCCD.a(atmel_mcipdc.o)
 .text.atmel_mcipdc_initfunc
                0x20028eb4      0x160 C:/ISIS/workspace/ycube/GlobusSatProject/..//hal/hcc/lib\libHCCD.a(atmel_mcipdc.o)
                0x20028eb4                atmel_mcipdc_initfunc
 .text.oal_task_get_id