Archive member included because of file (symbol)

C:/ISIS/workspace/ycube/GlobusSatProject/..//hal/hal/lib\libHALD.a(ADC.o)
                              ./src/SubSystemModules/Housekepping/TelemetryCollector.o (ADC_ConvertRaw10bitToMillivolt)
C:/ISIS/workspace/ycube/GlobusSatProject/..//hal/hal/lib\libHALD.a(I2C.o)
                              ./src/SubSystemModules/Communication/SubsystemCommands/Maintanence_Commands.o (I2C_write)
C:/ISIS/workspace/ycube/GlobusSatProject/..//hal/hal/lib\libHALD.a(SPI.o)
                              ./src/InitSystem.o (SPI_start)
C:/ISIS/workspace/ycube/GlobusSatProject/..//hal/hal/lib\libHALD.a(FRAM.o)
                              ./src/SubSystemModules/Communication/SubsystemCommands/Maintanence_Commands.o (FRAM_start)
C:/ISIS/workspace/ycube/GlobusSatProject/..//hal/hal/lib\libHALD.a(Time.o)
                              ./src/InitSystem.o (Time_start)
C:/ISIS/workspace/ycube/GlobusSatProject/..//hal/hal/lib\libHALD.a(WatchDogTimerNoOS.o)
                              ./src/main.o (WDT_start)
C:/ISIS/workspace/ycube/GlobusSatProject/..//hal/hal/lib\libHALD.a(WatchDogTimerOS.o)
                              ./src/TestingDemos/MainTest.o (WDT_startWatchdogKickTask)
C:/ISIS/workspace/ycube/GlobusSatProject/..//hal/hal/lib\libHALD.a(fprintf.o)
                              ./src/TLM_management.o (f_puts)
C:/ISIS/workspace/ycube/GlobusSatProject/..//hal/hal/lib\libHALD.a(util.o)
                              ./src/TestingDemos/EpsTestingDemo.o (UTIL_DbguGetInteger)
C:/ISIS/workspace/ycube/GlobusSatProject/..//hal/hal/lib\libHALD.a(LED.o)
                              C:/ISIS/workspace/ycube/GlobusSatProject/..//hal/hal/lib\libHALD.a(WatchDogTimerOS.o) (LED_toggle)
C:/ISIS/workspace/ycube/GlobusSatProject/..//hal/hal/lib\libHALD.a(RTC.o)
                              C:/ISIS/workspace/ycube/GlobusSatProject/..//hal/hal/lib\libHALD.a(Time.o) (RTC_getTime)
C:/ISIS/workspace/ycube/GlobusSatProject/..//hal/hal/lib\libHALD.a(RTT.o)
                              C:/ISIS/workspace/ycube/GlobusSatProject/..//hal/hal/lib\libHALD.a(Time.o) (RTT_start)
C:/ISIS/workspace/ycube/GlobusSatProject/..//hal/hcc/lib\libHCCD.a(fat_common.o)
                              ./src/TLM_management.o (fn_init)
C:/ISIS/workspace/ycube/GlobusSatProject/..//hal/hcc/lib\libHCCD.a(fat_m.o)
                              ./src/TLM_management.o (fm_initvolume)
C:/ISIS/workspace/ycube/GlobusSatProject/..//hal/hcc/lib\libHCCD.a(safefat.o)
                              C:/ISIS/workspace/ycube/GlobusSatProject/..//hal/hcc/lib\libHCCD.a(fat_common.o) (safe_fix_filelengths)
C:/ISIS/workspace/ycube/GlobusSatProject/..//hal/hcc/lib\libHCCD.a(atmel_mcipdc.o)
                              ./src/TLM_management.o (atmel_mcipdc_initfunc)
C:/ISIS/workspace/ycube/GlobusSatProject/..//hal/hcc/lib\libHCCD.a(oalp_mutex.o)
                              C:/ISIS/workspace/ycube/GlobusSatProject/..//hal/hcc/lib\libHCCD.a(fat_common.o) (oal_mutex_create)
C:/ISIS/workspace/ycube/GlobusSatProject/..//hal/hcc/lib\libHCCD.a(oalp_task.o)
                              C:/ISIS/workspace/ycube/GlobusSatProject/..//hal/hcc/lib\libHCCD.a(fat_common.o) (oal_task_get_id)
C:/ISIS/workspace/ycube/GlobusSatProject/..//hal/hcc/lib\libHCCD.a(atmel_mcipdc_hw.o)
                              C:/ISIS/workspace/ycube/GlobusSatProject/..//hal/hcc/lib\libHCCD.a(atmel_mcipdc.o) (mcipdc_hw_init)
C:/ISIS/workspace/ycube/GlobusSatProject/..//hal/hcc/lib\libHCCD.a(psp_rand.o)
                              C:/ISIS/workspace/ycube/GlobusSatProject/..//hal/hcc/lib\libHCCD.a(fat_common.o) (psp_getrand)
C:/ISIS/workspace/ycube/GlobusSatProject/..//hal/hcc/lib\libHCCD.a(psp_rtc.o)
                              C:/ISIS/workspace/ycube/GlobusSatProject/..//hal/hcc/lib\libHCCD.a(fat_common.o) (psp_getcurrenttimedate)
C:/ISIS/workspace/ycube/GlobusSatProject/..//hal/hcc/lib\libHCCD.a(hcc_mem.o)
                              C:/ISIS/workspace/ycube/GlobusSatProject/..//hal/hcc/lib\libHCCD.a(atmel_mcipdc.o) (hcc_mem_alloc)
C:/ISIS/workspace/ycube/GlobusSatProject/..//hal/hcc/lib\libHCCD.a(fat.o)
                              C:/ISIS/workspace/ycube/GlobusSatProject/..//hal/hcc/lib\libHCCD.a(fat_common.o) (_f_getdirsector)
C:/ISIS/workspace/ycube/GlobusSatProject/..//hal/hcc/lib\libHCCD.a(psp_hcc_mem.o)
                              C:/ISIS/workspace/ycube/GlobusSatProject/..//hal/hcc/lib\libHCCD.a(hcc_mem.o) (hcc_mem_buf_alloc)
C:/ISIS/workspace/ycube/GlobusSatProject/..//satellite-subsystems/satellite-subsystems/lib\libSatelliteSubsystemsD.a(IsisAntS.o)
                              ./src/SubSystemModules/Communication/TRXVU.o (IsisAntS_initialize)
C:/ISIS/workspace/ycube/GlobusSatProject/..//satellite-subsystems/satellite-subsystems/lib\libSatelliteSubsystemsD.a(IsisSolarPanelv2.o)
                              ./src/SubSystemModules/PowerManagment/EPS.o (IsisSolarPanelv2_initialize)
[...]
Memory Configuration

Name             Origin             Length             Attributes
sram0            0x00200000         0x00004000         w !xr
sram1            0x00300000         0x00004000         w !xr
sdram            0x20000000         0x02000000         w !xr
*default*        0x00000000         0xffffffff

Linker script and memory map

LOAD c:/isis/application/toolchain/bin/../lib/gcc/arm-none-eabi/4.7.4/../../../../arm-none-eabi/lib\libc.a
LOAD ./src/TestingDemos/CommandsTestingDemo.o
LOAD ./src/TestingDemos/EpsTestingDemo.o
LOAD ./src/TestingDemos/FileSystemTestingDemo.o
LOAD ./src/TestingDemos/MainTest.o
LOAD ./src/TestingDemos/MaintenanceTestingDemo.o
LOAD ./src/TestingDemos/TelemetryTestingDemo.o
LOAD ./src/TestingDemos/TrxvuTestingDemo.o
LOAD ./src/SubSystemModules/PowerManagment/EPS.o
LOAD ./src/SubSystemModules/PowerManagment/EPSOperationModes.o
LOAD ./src/SubSystemModules/Maintenance/Maintenance.o
LOAD ./src/SubSystemModules/Housekepping/TelemetryCollector.o
LOAD ./src/SubSystemModules/Communication/SubsystemCommands/EPS_Commands.o
LOAD ./src/SubSystemModules/Communication/SubsystemCommands/FS_Commands.o
LOAD ./src/SubSystemModules/Communication/SubsystemCommands/Maintanence_Commands.o
LOAD ./src/SubSystemModules/Communication/SubsystemCommands/TRXVU_Commands.o
LOAD ./src/SubSystemModules/Communication/AckHandler.o
LOAD ./src/SubSystemModules/Communication/CommandDictionary.o
LOAD ./src/SubSystemModules/Communication/SatCommandHandler.o
LOAD ./src/SubSystemModules/Communication/TRXVU.o
LOAD ./src/InitSystem.o
LOAD ./src/TLM_management.o
LOAD ./src/main.o
LOAD ./src/utils.o
LOAD C:/ISIS/workspace/ycube/GlobusSatProject/..//hal/hal/lib\libHALD.a
LOAD C:/ISIS/workspace/ycube/GlobusSatProject/..//hal/hcc/lib\libHCCD.a
LOAD C:/ISIS/workspace/ycube/GlobusSatProject/..//satellite-subsystems/satellite-subsystems/lib\libSatelliteSubsystemsD.a
LOAD C:/ISIS/workspace/ycube/GlobusSatProject/..//hal/freertos/lib\libFreeRTOSD.a
LOAD C:/ISIS/workspace/ycube/GlobusSatProject/..//hal/at91/lib\libAt91D.a
START GROUP
LOAD c:/isis/application/toolchain/bin/../lib/gcc/arm-none-eabi/4.7.4\libgcc.a
LOAD c:/isis/application/toolchain/bin/../lib/gcc/arm-none-eabi/4.7.4/../../../../arm-none-eabi/lib\libg.a
LOAD c:/isis/application/toolchain/bin/../lib/gcc/arm-none-eabi/4.7.4/../../../../arm-none-eabi/lib\libc.a
END GROUP

.fixed          0x20000000    0x39b28
                0x20000000                . = ALIGN (0x4)
                0x20000000                _sfixed = .
 *(.startup)
 .startup       0x20000000      0x14c C:/ISIS/workspace/ycube/GlobusSatProject/..//hal/at91/lib\libAt91D.a(board_cstartup.o)
                0x20000000                entry
 *(.text)
 .text          0x2000014c       0x64 C:/ISIS/workspace/ycube/GlobusSatProject/..//hal/at91/lib\libAt91D.a(cp15_asm.o)
                0x2000014c                _readControlRegister
                0x20000158                _writeControlRegister
                0x20000160                _waitForInterrupt
                0x2000016c                _writeTTB
                0x20000174                _writeDomain
                0x2000017c                _writeITLBLockdown
                0x20000184                _prefetchICacheLine
                0x2000018c                _flushDCache
                0x20000198                _flushWriteBuffer
                0x200001a4                _invalidateIDTLBs
 .text          0x200001b0      0x114 c:/isis/application/toolchain/bin/../lib/gcc/arm-none-eabi/4.7.4\libgcc.a(_udivsi3.o)
                0x200001b0                __aeabi_uidiv
                0x200001b0                __udivsi3
                0x200002a4                __aeabi_uidivmod
 .text          0x200002c4      0x148 c:/isis/application/toolchain/bin/../lib/gcc/arm-none-eabi/4.7.4\libgcc.a(_divsi3.o)
                0x200002c4                __divsi3
                0x200002c4                __aeabi_idiv
                0x200003ec                __aeabi_idivmod
 .text          0x2000040c        0x4 c:/isis/application/toolchain/bin/../lib/gcc/arm-none-eabi/4.7.4\libgcc.a(_dvmd_tls.o)
                0x2000040c                __aeabi_idiv0
                0x2000040c                __aeabi_ldiv0
 .text          0x20000410      0x41c c:/isis/application/toolchain/bin/../lib/gcc/arm-none-eabi/4.7.4\libgcc.a(_arm_addsubdf3.o)
                0x20000410                __aeabi_drsub
                0x20000418                __aeabi_dsub
                0x20000418                __subdf3
                0x2000041c                __aeabi_dadd
                0x2000041c                __adddf3
                0x2000072c                __floatunsidf
                0x2000072c                __aeabi_ui2d
                0x20000750                __floatsidf
                0x20000750                __aeabi_i2d
                0x20000778                __aeabi_f2d
                0x20000778                __extendsfdf2
                0x200007b8                __floatundidf
                0x200007b8                __aeabi_ul2d
                0x200007cc                __floatdidf
                0x200007cc                __aeabi_l2d
 .text          0x2000082c      0x49c c:/isis/application/toolchain/bin/../lib/gcc/arm-none-eabi/4.7.4\libgcc.a(_arm_muldivdf3.o)
                0x2000082c                __aeabi_dmul
                0x2000082c                __muldf3
                0x20000abc                __divdf3
                0x20000abc                __aeabi_ddiv
 .text          0x20000cc8      0x144 c:/isis/application/toolchain/bin/../lib/gcc/arm-none-eabi/4.7.4\libgcc.a(_arm_cmpdf2.o)
                0x20000cc8                __gtdf2
                0x20000cc8                __gedf2
                0x20000cd0                __ltdf2
                0x20000cd0                __ledf2
                0x20000cd8                __nedf2
                0x20000cd8                __eqdf2
                0x20000cd8                __cmpdf2
                0x20000d60                __aeabi_cdrcmple
                0x20000d7c                __aeabi_cdcmpeq
                0x20000d7c                __aeabi_cdcmple
                0x20000d94                __aeabi_dcmpeq
                0x20000dac                __aeabi_dcmplt
                0x20000dc4                __aeabi_dcmple
                0x20000ddc                __aeabi_dcmpge
                0x20000df4                __aeabi_dcmpgt
 .text          0x20000e0c      0x2ac c:/isis/application/toolchain/bin/../lib/gcc/arm-none-eabi/4.7.4\libgcc.a(_arm_addsubsf3.o)
                0x20000e0c                __aeabi_frsub
                0x20000e14                __subsf3
                0x20000e14                __aeabi_fsub
                0x20000e18                __aeabi_fadd
                0x20000e18                __addsf3
                0x20000fd4                __aeabi_ui2f
                0x20000fd4                __floatunsisf
                0x20000fdc                __aeabi_i2f
                0x20000fdc                __floatsisf
                0x20000ffc                __aeabi_ul2f
                0x20000ffc                __floatundisf
                0x2000100c                __aeabi_l2f
                0x2000100c                __floatdisf
 .text          0x200010b8      0x2f8 c:/isis/application/toolchain/bin/../lib/gcc/arm-none-eabi/4.7.4\libgcc.a(_arm_muldivsf3.o)
                0x200010b8                __mulsf3
                0x200010b8                __aeabi_fmul
                0x20001250                __aeabi_fdiv
                0x20001250                __divsf3
 .text          0x200013b0      0x114 c:/isis/application/toolchain/bin/../lib/gcc/arm-none-eabi/4.7.4\libgcc.a(_arm_cmpsf2.o)
                0x200013b0                __gesf2
                0x200013b0                __gtsf2
                0x200013b8                __lesf2
                0x200013b8                __ltsf2
                0x200013c0                __nesf2
                0x200013c0                __eqsf2
                0x200013c0                __cmpsf2
                0x20001424                __aeabi_cfrcmple
                0x20001434                __aeabi_cfcmpeq
                0x20001434                __aeabi_cfcmple
                0x2000144c                __aeabi_fcmpeq
                0x20001464                __aeabi_fcmplt
                0x2000147c                __aeabi_fcmple
                0x20001494                __aeabi_fcmpge
                0x200014ac                __aeabi_fcmpgt
 .text          0x200014c4       0x54 c:/isis/application/toolchain/bin/../lib/gcc/arm-none-eabi/4.7.4\libgcc.a(_arm_fixunssfsi.o)
                0x200014c4                __fixunssfsi
                0x200014c4                __aeabi_f2uiz
 .text          0x20001518       0x5c c:/isis/application/toolchain/bin/../lib/gcc/arm-none-eabi/4.7.4\libgcc.a(_arm_fixdfsi.o)
                0x20001518                __aeabi_d2iz
                0x20001518                __fixdfsi
 .text          0x20001574       0x3c c:/isis/application/toolchain/bin/../lib/gcc/arm-none-eabi/4.7.4\libgcc.a(_aeabi_uldivmod.o)
                0x20001574                __aeabi_uldivmod
 .text          0x200015b0       0x84 c:/isis/application/toolchain/bin/../lib/gcc/arm-none-eabi/4.7.4\libgcc.a(bpabi.o)
                0x200015b0                __gnu_ldivmod_helper
                0x200015f4                __gnu_uldivmod_helper
 .text          0x20001634      0x4f0 c:/isis/application/toolchain/bin/../lib/gcc/arm-none-eabi/4.7.4\libgcc.a(_divdi3.o)
                0x20001634                __divdi3
 .text          0x20001b24      0x488 c:/isis/application/toolchain/bin/../lib/gcc/arm-none-eabi/4.7.4\libgcc.a(_udivdi3.o)
                0x20001b24                __udivdi3
 .text          0x20001fac       0x48 c:/isis/application/toolchain/bin/../lib/gcc/arm-none-eabi/4.7.4\libgcc.a(_clzsi2.o)
                0x20001fac                __clzsi2
 *(.text*)
 .text.GetBatteryVoltage
                0x20001ff4       0x6c ./src/SubSystemModules/PowerManagment/EPS.o
                0x20001ff4                GetBatteryVoltage
 .text.EPS_Init
                0x20002060       0xf0 ./src/SubSystemModules/PowerManagment/EPS.o
                0x20002060                EPS_Init
 .text.EPS_Conditioning
                0x20002150      0x1c4 ./src/SubSystemModules/PowerManagment/EPS.o
                0x20002150                EPS_Conditioning
 .text.UpdateAlpha
                0x20002314       0xd8 ./src/SubSystemModules/PowerManagment/EPS.o
                0x20002314                UpdateAlpha
 .text.GetThresholdVoltages
                0x200023ec       0x80 ./src/SubSystemModules/PowerManagment/EPS.o
                0x200023ec                GetThresholdVoltages
 .text.GetAlpha
                0x2000246c       0x7c ./src/SubSystemModules/PowerManagment/EPS.o
                0x2000246c                GetAlpha
 .text.CMDGetHeaterValues
                0x200024e8      0x234 ./src/SubSystemModules/PowerManagment/EPS.o
                0x200024e8                CMDGetHeaterValues
 .text.CMDSetHeaterValues
                0x2000271c      0x200 ./src/SubSystemModules/PowerManagment/EPS.o
                0x2000271c                CMDSetHeaterValues
 .text.EnterFullMode
                0x2000291c       0x44 ./src/SubSystemModules/PowerManagment/EPSOperationModes.o
                0x2000291c                EnterFullMode
 .text.EnterCruiseMode
                0x20002960       0x44 ./src/SubSystemModules/PowerManagment/EPSOperationModes.o
                0x20002960                EnterCruiseMode
 .text.EnterSafeMode
                0x200029a4       0x44 ./src/SubSystemModules/PowerManagment/EPSOperationModes.o
                0x200029a4                EnterSafeMode
 .text.EnterCriticalMode
                0x200029e8       0x44 ./src/SubSystemModules/PowerManagment/EPSOperationModes.o
                0x200029e8                EnterCriticalMode
 .text.EpsGetLowVoltageFlag
                0x20002a2c       0x24 ./src/SubSystemModules/PowerManagment/EPSOperationModes.o
                0x20002a2c                EpsGetLowVoltageFlag
 .text.EpsSetLowVoltageFlag
                0x20002a50       0x2c ./src/SubSystemModules/PowerManagment/EPSOperationModes.o
                0x20002a50                EpsSetLowVoltageFlag
 .text.CheckExecutionTime
                0x20002a7c       0x80 ./src/SubSystemModules/Maintenance/Maintenance.o
                0x20002a7c                CheckExecutionTime
 .text.SaveSatTimeInFRAM
                0x20002afc       0x44 ./src/SubSystemModules/Maintenance/Maintenance.o
                0x20002afc                SaveSatTimeInFRAM
 .text.WakeupFromResetCMD
                0x20002b40      0x120 ./src/SubSystemModules/Maintenance/Maintenance.o
                0x20002b40                WakeupFromResetCMD
 .text.ResetGroundCommWDT
                0x20002c60       0x1c ./src/SubSystemModules/Maintenance/Maintenance.o
                0x20002c60                ResetGroundCommWDT
 .text.IsGroundCommunicationWDTKick
                0x20002c7c       0x78 ./src/SubSystemModules/Maintenance/Maintenance.o
                0x20002c7c                IsGroundCommunicationWDTKick
 .text.GetGsWdtKickTime
                0x20002cf4       0x38 ./src/SubSystemModules/Maintenance/Maintenance.o
                0x20002cf4                GetGsWdtKickTime
 .text.DeleteOldFiels
                0x20002d2c      0x2f4 ./src/SubSystemModules/Maintenance/Maintenance.o
                0x20002d2c                DeleteOldFiels
 .text.CheckDeployAnt
                0x20003020       0x80 ./src/SubSystemModules/Maintenance/Maintenance.o
                0x20003020                CheckDeployAnt
 .text.HardResetMCU
                0x200030a0       0x4c ./src/SubSystemModules/Maintenance/Maintenance.o
                0x200030a0                HardResetMCU
 .text.Maintenance
                0x200030ec       0x80 ./src/SubSystemModules/Maintenance/Maintenance.o
                0x200030ec                Maintenance
 .text.InitSavePeriodTimes
                0x2000316c       0x78 ./src/SubSystemModules/Housekepping/TelemetryCollector.o
                0x2000316c                InitSavePeriodTimes
 .text.CMD_GetTLMPeriodTimes
                0x200031e4       0x38 ./src/SubSystemModules/Housekepping/TelemetryCollector.o
                0x200031e4                CMD_GetTLMPeriodTimes
 .text.CMD_SetTLMPeriodTimes
                0x2000321c      0x17c ./src/SubSystemModules/Housekepping/TelemetryCollector.o
                0x2000321c                CMD_SetTLMPeriodTimes
 .text.TelemetryCollectorLogic
                0x20003398      0x208 ./src/SubSystemModules/Housekepping/TelemetryCollector.o
                0x20003398                TelemetryCollectorLogic
 .text.TelemetrySaveEPS
                0x200035a0       0x54 ./src/SubSystemModules/Housekepping/TelemetryCollector.o
                0x200035a0                TelemetrySaveEPS
 .text.TelemetrySaveTRXVU
                0x200035f4       0x94 ./src/SubSystemModules/Housekepping/TelemetryCollector.o
                0x200035f4                TelemetrySaveTRXVU
 .text.TelemetrySaveANT
                0x20003688       0xa4 ./src/SubSystemModules/Housekepping/TelemetryCollector.o
                0x20003688                TelemetrySaveANT
 .text.TelemetrySaveSolarPanels
                0x2000372c      0x228 ./src/SubSystemModules/Housekepping/TelemetryCollector.o
                0x2000372c                TelemetrySaveSolarPanels
 .text.TelemetrySaveWOD
                0x20003954       0x48 ./src/SubSystemModules/Housekepping/TelemetryCollector.o
                0x20003954                TelemetrySaveWOD
 .text.GetCurrentWODTelemetry
                0x2000399c      0x780 ./src/SubSystemModules/Housekepping/TelemetryCollector.o
                0x2000399c                GetCurrentWODTelemetry
 .text.CMD_EPS_ResetWDT
                0x2000411c       0x54 ./src/SubSystemModules/Communication/SubsystemCommands/EPS_Commands.o
                0x2000411c                CMD_EPS_ResetWDT
 .text.CMD_DeleteTLM
                0x20004170      0x1d8 ./src/SubSystemModules/Communication/SubsystemCommands/FS_Commands.o
                0x20004170                CMD_DeleteTLM
 .text.CMD_DeleteAllFiles
                0x20004348       0x38 ./src/SubSystemModules/Communication/SubsystemCommands/FS_Commands.o
                0x20004348                CMD_DeleteAllFiles
 .text.CMD_GetLastFS_Error
                0x20004380       0x4c ./src/SubSystemModules/Communication/SubsystemCommands/FS_Commands.o
                0x20004380                CMD_GetLastFS_Error
 .text.CMD_GenericI2C
                0x200043cc      0x144 ./src/SubSystemModules/Communication/SubsystemCommands/Maintanence_Commands.o
                0x200043cc                CMD_GenericI2C
 .text.CMD_FRAM_ReadAndTransmitt
                0x20004510       0xe8 ./src/SubSystemModules/Communication/SubsystemCommands/Maintanence_Commands.o
                0x20004510                CMD_FRAM_ReadAndTransmitt
 .text.CMD_FRAM_WriteAndTransmitt
                0x200045f8      0x11c ./src/SubSystemModules/Communication/SubsystemCommands/Maintanence_Commands.o
                0x200045f8                CMD_FRAM_WriteAndTransmitt
 .text.CMD_FRAM_ReStart
                0x20004714       0x4c ./src/SubSystemModules/Communication/SubsystemCommands/Maintanence_Commands.o
                0x20004714                CMD_FRAM_ReStart
 .text.CMD_UpdateSatTime
                0x20004760       0xa4 ./src/SubSystemModules/Communication/SubsystemCommands/Maintanence_Commands.o
                0x20004760                CMD_UpdateSatTime
 .text.CMD_GetSatUptime
                0x20004804       0x48 ./src/SubSystemModules/Communication/SubsystemCommands/Maintanence_Commands.o
                0x20004804                CMD_GetSatUptime
 .text.CMD_ResetComponent
                0x2000484c      0x290 ./src/SubSystemModules/Communication/SubsystemCommands/Maintanence_Commands.o
                0x2000484c                CMD_ResetComponent
 .text.DumpTask
                0x20004adc      0x310 ./src/SubSystemModules/Communication/SubsystemCommands/TRXVU_Commands.o
                0x20004adc                DumpTask
 .text.CMD_AntennaDeploy
                0x20004dec       0x2c ./src/SubSystemModules/Communication/SubsystemCommands/TRXVU_Commands.o
                0x20004dec                CMD_AntennaDeploy
 .text.CMD_StartDump
                0x20004e18      0x224 ./src/SubSystemModules/Communication/SubsystemCommands/TRXVU_Commands.o
                0x20004e18                CMD_StartDump
 .text.CMD_SendDumpAbortRequest
                0x2000503c       0x38 ./src/SubSystemModules/Communication/SubsystemCommands/TRXVU_Commands.o
                0x2000503c                CMD_SendDumpAbortRequest
 .text.CMD_ForceDumpAbort
                0x20005074       0x3c ./src/SubSystemModules/Communication/SubsystemCommands/TRXVU_Commands.o
                0x20005074                CMD_ForceDumpAbort
 .text.CMD_SetTransponder
                0x200050b0      0x148 ./src/SubSystemModules/Communication/SubsystemCommands/TRXVU_Commands.o
                0x200050b0                CMD_SetTransponder
 .text.CMD_SetRSSITransponder
                0x200051f8       0x90 ./src/SubSystemModules/Communication/SubsystemCommands/TRXVU_Commands.o
                0x200051f8                CMD_SetRSSITransponder
 .text.CMD_MuteTRXVU
                0x20005288       0xc4 ./src/SubSystemModules/Communication/SubsystemCommands/TRXVU_Commands.o
                0x20005288                CMD_MuteTRXVU
 .text.CMD_SetIdleState
                0x2000534c       0x94 ./src/SubSystemModules/Communication/SubsystemCommands/TRXVU_Commands.o
                0x2000534c                CMD_SetIdleState
 .text.CMD_UnMuteTRXVU
                0x200053e0       0x38 ./src/SubSystemModules/Communication/SubsystemCommands/TRXVU_Commands.o
                0x200053e0                CMD_UnMuteTRXVU
 .text.CMD_GetBaudRate
                0x20005418       0x68 ./src/SubSystemModules/Communication/SubsystemCommands/TRXVU_Commands.o
                0x20005418                CMD_GetBaudRate
 .text.CMD_TrasmitBeacon
                0x20005480       0x48 ./src/SubSystemModules/Communication/SubsystemCommands/TRXVU_Commands.o
                0x20005480                CMD_TrasmitBeacon
 .text.CMD_GetBeaconInterval
                0x200054c8       0x6c ./src/SubSystemModules/Communication/SubsystemCommands/TRXVU_Commands.o
                0x200054c8                CMD_GetBeaconInterval
 .text.CMD_SetBaudRate
                0x20005534       0x60 ./src/SubSystemModules/Communication/SubsystemCommands/TRXVU_Commands.o
                0x20005534                CMD_SetBaudRate
 .text.CMD_GetTxUptime
                0x20005594       0x64 ./src/SubSystemModules/Communication/SubsystemCommands/TRXVU_Commands.o
                0x20005594                CMD_GetTxUptime
 .text.CMD_GetRxUptime
                0x200055f8       0x64 ./src/SubSystemModules/Communication/SubsystemCommands/TRXVU_Commands.o
                0x200055f8                CMD_GetRxUptime
 .text.CMD_GetNumOfOnlineCommands
                0x2000565c       0x64 ./src/SubSystemModules/Communication/SubsystemCommands/TRXVU_Commands.o
                0x2000565c                CMD_GetNumOfOnlineCommands
 .text.CMD_AntSetArmStatus
                0x200056c0       0xa0 ./src/SubSystemModules/Communication/SubsystemCommands/TRXVU_Commands.o
                0x200056c0                CMD_AntSetArmStatus
 .text.CMD_AntGetArmStatus
                0x20005760       0x70 ./src/SubSystemModules/Communication/SubsystemCommands/TRXVU_Commands.o
                0x20005760                CMD_AntGetArmStatus
 .text.CMD_AntGetUptime
                0x200057d0       0x78 ./src/SubSystemModules/Communication/SubsystemCommands/TRXVU_Commands.o
                0x200057d0                CMD_AntGetUptime
 .text.CMD_StopReDeployment
                0x20005848       0xac ./src/SubSystemModules/Communication/SubsystemCommands/TRXVU_Commands.o
                0x20005848                CMD_StopReDeployment
 .text.CMD_AntCancelDeployment
                0x200058f4       0x68 ./src/SubSystemModules/Communication/SubsystemCommands/TRXVU_Commands.o
                0x200058f4                CMD_AntCancelDeployment
 .text.SendAckPacket
                0x2000595c       0xe4 ./src/SubSystemModules/Communication/AckHandler.o
                0x2000595c                SendAckPacket
 .text.trxvu_command_router
                0x20005a40      0x548 ./src/SubSystemModules/Communication/CommandDictionary.o
                0x20005a40                trxvu_command_router
 .text.eps_command_router
                0x20005f88       0xdc ./src/SubSystemModules/Communication/CommandDictionary.o
                0x20005f88                eps_command_router
 .text.telemetry_command_router
                0x20006064      0x1f4 ./src/SubSystemModules/Communication/CommandDictionary.o
                0x20006064                telemetry_command_router
 .text.managment_command_router
                0x20006258      0x12c ./src/SubSystemModules/Communication/CommandDictionary.o
                0x20006258                managment_command_router
 .text.filesystem_command_router
                0x20006384       0x24 ./src/SubSystemModules/Communication/CommandDictionary.o
                0x20006384                filesystem_command_router
 .text.ParseDataToCommand
                0x200063a8      0x1ac ./src/SubSystemModules/Communication/SatCommandHandler.o
                0x200063a8                ParseDataToCommand
 .text.AssembleCommand
                0x20006554      0x148 ./src/SubSystemModules/Communication/SatCommandHandler.o
                0x20006554                AssembleCommand
 .text.ActUponCommand
                0x2000669c      0x108 ./src/SubSystemModules/Communication/SatCommandHandler.o
                0x2000669c                ActUponCommand
 .text.setMuteEndTime
                0x200067a4       0x40 ./src/SubSystemModules/Communication/TRXVU.o
                0x200067a4                setMuteEndTime
 .text.getMuteEndTime
                0x200067e4       0x44 ./src/SubSystemModules/Communication/TRXVU.o
                0x200067e4                getMuteEndTime
 .text.setTransponderEndTime
                0x20006828       0x40 ./src/SubSystemModules/Communication/TRXVU.o
                0x20006828                setTransponderEndTime
 .text.getTransponderEndTime
                0x20006868       0x44 ./src/SubSystemModules/Communication/TRXVU.o
                0x20006868                getTransponderEndTime
 .text.setTransponderRSSIinFRAM
                0x200068ac       0x44 ./src/SubSystemModules/Communication/TRXVU.o
                0x200068ac                setTransponderRSSIinFRAM
 .text.getTransponderRSSIFromFRAM
                0x200068f0       0x4c ./src/SubSystemModules/Communication/TRXVU.o
                0x200068f0                getTransponderRSSIFromFRAM
 .text.InitTxModule
                0x2000693c       0x68 ./src/SubSystemModules/Communication/TRXVU.o
                0x2000693c                InitTxModule
 .text.CMD_SetBeaconInterval
                0x200069a4       0xdc ./src/SubSystemModules/Communication/TRXVU.o
                0x200069a4                CMD_SetBeaconInterval
 .text.InitBeaconParams
                0x20006a80       0x3c ./src/SubSystemModules/Communication/TRXVU.o
                0x20006a80                InitBeaconParams
 .text.InitSemaphores
                0x20006abc       0x98 ./src/SubSystemModules/Communication/TRXVU.o
                0x20006abc                InitSemaphores
 .text.InitTrxvu
                0x20006b54       0xec ./src/SubSystemModules/Communication/TRXVU.o
                0x20006b54                InitTrxvu
 .text.checkIdleFinish
                0x20006c40       0x68 ./src/SubSystemModules/Communication/TRXVU.o
                0x20006c40                checkIdleFinish
 .text.checkTransponderFinish
                0x20006ca8       0x98 ./src/SubSystemModules/Communication/TRXVU.o
                0x20006ca8                checkTransponderFinish
 .text.checkTransponderStart
                0x20006d40       0x50 ./src/SubSystemModules/Communication/TRXVU.o
                0x20006d40                checkTransponderStart
 .text.turnOnTransponder
                0x20006d90       0xa0 ./src/SubSystemModules/Communication/TRXVU.o
                0x20006d90                turnOnTransponder
 .text.SetRSSITransponder
                0x20006e30       0x80 ./src/SubSystemModules/Communication/TRXVU.o
                0x20006e30                SetRSSITransponder
 .text.TRX_Logic
                0x20006eb0       0xd4 ./src/SubSystemModules/Communication/TRXVU.o
                0x20006eb0                TRX_Logic
 .text.GetNumberOfFramesInBuffer
                0x20006f84       0x5c ./src/SubSystemModules/Communication/TRXVU.o
                0x20006f84                GetNumberOfFramesInBuffer
 .text.GetOnlineCommand
                0x20006fe0      0x17c ./src/SubSystemModules/Communication/TRXVU.o
                0x20006fe0                GetOnlineCommand
 .text.CheckTransmitionAllowed
                0x2000715c       0xc0 ./src/SubSystemModules/Communication/TRXVU.o
                0x2000715c                CheckTransmitionAllowed
 .text.FinishDump
                0x2000721c       0xf0 ./src/SubSystemModules/Communication/TRXVU.o
                0x2000721c                FinishDump
 .text.AbortDump
                0x2000730c       0x34 ./src/SubSystemModules/Communication/TRXVU.o
                0x2000730c                AbortDump
 .text.SendDumpAbortRequest
                0x20007340       0x6c ./src/SubSystemModules/Communication/TRXVU.o
                0x20007340                SendDumpAbortRequest
 .text.CheckDumpAbort
                0x200073ac       0x6c ./src/SubSystemModules/Communication/TRXVU.o
                0x200073ac                CheckDumpAbort
 .text.BeaconLogic
                0x20007418      0x1b8 ./src/SubSystemModules/Communication/TRXVU.o
                0x20007418                BeaconLogic
 .text.SetIdleState
                0x200075d0      0x144 ./src/SubSystemModules/Communication/TRXVU.o
                0x200075d0                SetIdleState
 .text.muteTRXVU
                0x20007714       0x74 ./src/SubSystemModules/Communication/TRXVU.o
                0x20007714                muteTRXVU
 .text.UnMuteTRXVU
                0x20007788       0x14 ./src/SubSystemModules/Communication/TRXVU.o
                0x20007788                UnMuteTRXVU
 .text.TransmitDataAsSPL_Packet
                0x2000779c      0x114 ./src/SubSystemModules/Communication/TRXVU.o
                0x2000779c                TransmitDataAsSPL_Packet
 .text.TransmitSplPacket
                0x200078b0      0x124 ./src/SubSystemModules/Communication/TRXVU.o
                0x200078b0                TransmitSplPacket
 .text.isFirstActivation
                0x200079d4       0x38 ./src/InitSystem.o
                0x200079d4                isFirstActivation
 .text.WriteDefaultValuesToFRAM
                0x20007a0c      0x1e8 ./src/InitSystem.o
                0x20007a0c                WriteDefaultValuesToFRAM
 .text.StartFRAM
                0x20007bf4       0x2c ./src/InitSystem.o
                0x20007bf4                StartFRAM
 .text.StartI2C
                0x20007c20       0x38 ./src/InitSystem.o
                0x20007c20                StartI2C
 .text.StartSPI
                0x20007c58       0x34 ./src/InitSystem.o
                0x20007c58                StartSPI
 .text.StartTIME
                0x20007c8c       0xbc ./src/InitSystem.o
                0x20007c8c                StartTIME
 .text.DeploySystem
                0x20007d48      0x1ac ./src/InitSystem.o
                0x20007d48                DeploySystem
 .text.InitSubsystems
                0x20007ef4       0x60 ./src/InitSystem.o
                0x20007ef4                InitSubsystems
 .text.CMD_getInfoImage
                0x20007f54      0x158 ./src/TLM_management.o
                0x20007f54                CMD_getInfoImage
 .text.CMD_getDataImage
                0x200080ac      0x218 ./src/TLM_management.o
                0x200080ac                CMD_getDataImage
 .text.delete_allTMFilesFromSD
                0x200082c4       0x8c ./src/TLM_management.o
                0x200082c4                delete_allTMFilesFromSD
 .text.deleteTLMFiles
                0x20008350       0x94 ./src/TLM_management.o
                0x20008350                deleteTLMFiles
 .text.deleteTLMFile
                0x200083e4       0xc0 ./src/TLM_management.o
                0x200083e4                deleteTLMFile
 .text.InitializeFS
                0x200084a4       0x98 ./src/TLM_management.o
                0x200084a4                InitializeFS
 .text.calculateFileName
                0x2000853c      0x108 ./src/TLM_management.o
                0x2000853c                calculateFileName
 .text.getTlmTypeInfo
                0x20008644      0x230 ./src/TLM_management.o
                0x20008644                getTlmTypeInfo
 .text.write2File
                0x20008874      0x138 ./src/TLM_management.o
                0x20008874                write2File
 .text.printTLM
                0x200089ac       0x24 ./src/TLM_management.o
                0x200089ac                printTLM
 .text.readTLMFile
                0x200089d0      0x31c ./src/TLM_management.o
                0x200089d0                readTLMFile
 .text.readTLMFiles
                0x20008cec       0xdc ./src/TLM_management.o
                0x20008cec                readTLMFiles
 .text.readTLMFileTimeRange
                0x20008dc8      0x2e4 ./src/TLM_management.o
                0x20008dc8                readTLMFileTimeRange
 .text.DeInitializeFS
                0x200090ac       0x38 ./src/TLM_management.o
                0x200090ac                DeInitializeFS
 .text.taskMain
                0x200090e4       0x34 ./src/main.o
                0x200090e4                taskMain
 .text.main     0x20009118       0x98 ./src/main.o
                0x20009118                main
 .text.timeU2time
                0x200091b0       0xbc ./src/utils.o
                0x200091b0                timeU2time
 .text.logError
                0x2000926c      0x134 ./src/utils.o
                0x2000926c                logError
 .text.ADC_ConvertRaw10bitToMillivolt
                0x200093a0       0x50 C:/ISIS/workspace/ycube/GlobusSatProject/..//hal/hal/lib\libHALD.a(ADC.o)
                0x200093a0                ADC_ConvertRaw10bitToMillivolt
 .text.ADC_SingleShot
                0x200093f0      0x230 C:/ISIS/workspace/ycube/GlobusSatProject/..//hal/hal/lib\libHALD.a(ADC.o)
                0x200093f0                ADC_SingleShot
 .text.validateTransferParameters
                0x20009620      0x10c C:/ISIS/workspace/ycube/GlobusSatProject/..//hal/hal/lib\libHALD.a(I2C.o)
 .text.I2C_queueTransfer
                0x2000972c       0xfc C:/ISIS/workspace/ycube/GlobusSatProject/..//hal/hal/lib\libHALD.a(I2C.o)
                0x2000972c                I2C_queueTransfer
 .text.I2C_internalCallback
                0x20009828       0x64 C:/ISIS/workspace/ycube/GlobusSatProject/..//hal/hal/lib\libHALD.a(I2C.o)
 .text.I2C_doBlockingTransfer
                0x2000988c      0x180 C:/ISIS/workspace/ycube/GlobusSatProject/..//hal/hal/lib\libHALD.a(I2C.o)
 .text.I2C_write
                0x20009a0c      0x110 C:/ISIS/workspace/ycube/GlobusSatProject/..//hal/hal/lib\libHALD.a(I2C.o)
                0x20009a0c                I2C_write
 .text.I2C_read
                0x20009b1c      0x110 C:/ISIS/workspace/ycube/GlobusSatProject/..//hal/hal/lib\libHALD.a(I2C.o)
                0x20009b1c                I2C_read
 .text.I2C_writeRead
                0x20009c2c      0x17c C:/ISIS/workspace/ycube/GlobusSatProject/..//hal/hal/lib\libHALD.a(I2C.o)
                0x20009c2c                I2C_writeRead
 .text.I2C_start
                0x20009da8      0x2e8 C:/ISIS/workspace/ycube/GlobusSatProject/..//hal/hal/lib\libHALD.a(I2C.o)
                0x20009da8                I2C_start
 .text.I2C_stop
                0x2000a090      0x184 C:/ISIS/workspace/ycube/GlobusSatProject/..//hal/hal/lib\libHALD.a(I2C.o)
                0x2000a090                I2C_stop
 .text.I2C_setTransferTimeout
                0x2000a214       0x48 C:/ISIS/workspace/ycube/GlobusSatProject/..//hal/hal/lib\libHALD.a(I2C.o)
                0x2000a214                I2C_setTransferTimeout
 .text.clearPDCtransfers
                0x2000a25c       0xe8 C:/ISIS/workspace/ycube/GlobusSatProject/..//hal/hal/lib\libHALD.a(SPI.o)
 .text.SPI_start
                0x2000a344      0x4b0 C:/ISIS/workspace/ycube/GlobusSatProject/..//hal/hal/lib\libHALD.a(SPI.o)
                0x2000a344                SPI_start
 .text.SPI_stop
                0x2000a7f4      0x244 C:/ISIS/workspace/ycube/GlobusSatProject/..//hal/hal/lib\libHALD.a(SPI.o)
                0x2000a7f4                SPI_stop
 .text.SPI_queueTransfer
                0x2000aa38      0x1cc C:/ISIS/workspace/ycube/GlobusSatProject/..//hal/hal/lib\libHALD.a(SPI.o)
                0x2000aa38                SPI_queueTransfer
 .text.SPI_internalCallback
                0x2000ac04       0x64 C:/ISIS/workspace/ycube/GlobusSatProject/..//hal/hal/lib\libHALD.a(SPI.o)
 .text.SPI_writeRead
                0x2000ac68      0x1c0 C:/ISIS/workspace/ycube/GlobusSatProject/..//hal/hal/lib\libHALD.a(SPI.o)
                0x2000ac68                SPI_writeRead
 .text.waitForTransfer
                0x2000ae28       0x78 C:/ISIS/workspace/ycube/GlobusSatProject/..//hal/hal/lib\libHALD.a(SPI.o)
 .text.SPI_getDriverState
                0x2000aea0       0x58 C:/ISIS/workspace/ycube/GlobusSatProject/..//hal/hal/lib\libHALD.a(SPI.o)
                0x2000aea0                SPI_getDriverState
 .text.FRAM_start
                0x2000aef8      0x120 C:/ISIS/workspace/ycube/GlobusSatProject/..//hal/hal/lib\libHALD.a(FRAM.o)
                0x2000aef8                FRAM_start
 .text.FRAM_stop
                0x2000b018       0x6c C:/ISIS/workspace/ycube/GlobusSatProject/..//hal/hal/lib\libHALD.a(FRAM.o)
                0x2000b018                FRAM_stop
 .text.FRAM_dummyCallback
                0x2000b084       0x24 C:/ISIS/workspace/ycube/GlobusSatProject/..//hal/hal/lib\libHALD.a(FRAM.o)
                0x2000b084                FRAM_dummyCallback
 .text.FRAM_unlockingCallback
                0x2000b0a8       0x64 C:/ISIS/workspace/ycube/GlobusSatProject/..//hal/hal/lib\libHALD.a(FRAM.o)
                0x2000b0a8                FRAM_unlockingCallback
 .text.doBlockingTransfer
                0x2000b10c       0x78 C:/ISIS/workspace/ycube/GlobusSatProject/..//hal/hal/lib\libHALD.a(FRAM.o)
 .text.FRAM_writePacket
                0x2000b184      0x144 C:/ISIS/workspace/ycube/GlobusSatProject/..//hal/hal/lib\libHALD.a(FRAM.o)
 .text.FRAM_write
                0x2000b2c8      0x1d8 C:/ISIS/workspace/ycube/GlobusSatProject/..//hal/hal/lib\libHALD.a(FRAM.o)
                0x2000b2c8                FRAM_write
 .text.FRAM_readPacket
                0x2000b4a0       0xf0 C:/ISIS/workspace/ycube/GlobusSatProject/..//hal/hal/lib\libHALD.a(FRAM.o)
 .text.FRAM_read
                0x2000b590      0x1e4 C:/ISIS/workspace/ycube/GlobusSatProject/..//hal/hal/lib\libHALD.a(FRAM.o)
                0x2000b590                FRAM_read
 .text.Time_start
                0x2000b774      0x150 C:/ISIS/workspace/ycube/GlobusSatProject/..//hal/hal/lib\libHALD.a(Time.o)
                0x2000b774                Time_start
 .text.taskTimeSync
                0x2000b8c4       0x38 C:/ISIS/workspace/ycube/GlobusSatProject/..//hal/hal/lib\libHALD.a(Time.o)
 .text.Time_convertEpochToTime
                0x2000b8fc       0xf4 C:/ISIS/workspace/ycube/GlobusSatProject/..//hal/hal/lib\libHALD.a(Time.o)
                0x2000b8fc                Time_convertEpochToTime
 .text.Time_populateSecondsOfYear
                0x2000b9f0      0x188 C:/ISIS/workspace/ycube/GlobusSatProject/..//hal/hal/lib\libHALD.a(Time.o)
 .text.Time_set
                0x2000bb78      0x110 C:/ISIS/workspace/ycube/GlobusSatProject/..//hal/hal/lib\libHALD.a(Time.o)
                0x2000bb78                Time_set
 .text.Time_isLeapYear
                0x2000bc88       0x98 C:/ISIS/workspace/ycube/GlobusSatProject/..//hal/hal/lib\libHALD.a(Time.o)
                0x2000bc88                Time_isLeapYear
 .text.Time_get
                0x2000bd20      0x410 C:/ISIS/workspace/ycube/GlobusSatProject/..//hal/hal/lib\libHALD.a(Time.o)
                0x2000bd20                Time_get
 .text.Time_getUnixEpoch
                0x2000c130       0xf4 C:/ISIS/workspace/ycube/GlobusSatProject/..//hal/hal/lib\libHALD.a(Time.o)
                0x2000c130                Time_getUnixEpoch
 .text.Time_secondsOfYearToTime
                0x2000c224      0x328 C:/ISIS/workspace/ycube/GlobusSatProject/..//hal/hal/lib\libHALD.a(Time.o)
 .text.Time_setUnixEpoch
                0x2000c54c       0x54 C:/ISIS/workspace/ycube/GlobusSatProject/..//hal/hal/lib\libHALD.a(Time.o)
                0x2000c54c                Time_setUnixEpoch
 .text.Time_getUptimeSeconds
                0x2000c5a0       0x28 C:/ISIS/workspace/ycube/GlobusSatProject/..//hal/hal/lib\libHALD.a(Time.o)
                0x2000c5a0                Time_getUptimeSeconds
 .text.Time_sync
                0x2000c5c8      0x2d8 C:/ISIS/workspace/ycube/GlobusSatProject/..//hal/hal/lib\libHALD.a(Time.o)
                0x2000c5c8                Time_sync
 .text.Time_syncIfNeeded
                0x2000c8a0       0x90 C:/ISIS/workspace/ycube/GlobusSatProject/..//hal/hal/lib\libHALD.a(Time.o)
                0x2000c8a0                Time_syncIfNeeded
 .text.Time_setSyncInterval
                0x2000c930       0x38 C:/ISIS/workspace/ycube/GlobusSatProject/..//hal/hal/lib\libHALD.a(Time.o)
                0x2000c930                Time_setSyncInterval
 .text.WDT_start
                0x2000c968       0x48 C:/ISIS/workspace/ycube/GlobusSatProject/..//hal/hal/lib\libHALD.a(WatchDogTimerNoOS.o)
                0x2000c968                WDT_start
 .text.WDT_startWatchdogKickTask
                0x2000c9b0       0xb4 C:/ISIS/workspace/ycube/GlobusSatProject/..//hal/hal/lib\libHALD.a(WatchDogTimerOS.o)
                0x2000c9b0                WDT_startWatchdogKickTask
 .text.WDT_forceKickEveryNms
                0x2000ca64       0x50 C:/ISIS/workspace/ycube/GlobusSatProject/..//hal/hal/lib\libHALD.a(WatchDogTimerOS.o)
                0x2000ca64                WDT_forceKickEveryNms
 .text.f_puts   0x2000cab4       0x80 C:/ISIS/workspace/ycube/GlobusSatProject/..//hal/hal/lib\libHALD.a(fprintf.o)
                0x2000cab4                f_puts
 .text.LED_glow
                0x2000cb34       0x58 C:/ISIS/workspace/ycube/GlobusSatProject/..//hal/hal/lib\libHALD.a(LED.o)
                0x2000cb34                LED_glow
 .text.LED_dark
                0x2000cb8c       0x58 C:/ISIS/workspace/ycube/GlobusSatProject/..//hal/hal/lib\libHALD.a(LED.o)
                0x2000cb8c                LED_dark
 .text.LED_toggle
                0x2000cbe4       0x50 C:/ISIS/workspace/ycube/GlobusSatProject/..//hal/hal/lib\libHALD.a(LED.o)
                0x2000cbe4                LED_toggle
 .text.RTC_start
                0x2000cc34       0x3c C:/ISIS/workspace/ycube/GlobusSatProject/..//hal/hal/lib\libHALD.a(RTC.o)
                0x2000cc34                RTC_start
 .text.RTC_setTime
                0x2000cc70      0x2a4 C:/ISIS/workspace/ycube/GlobusSatProject/..//hal/hal/lib\libHALD.a(RTC.o)
                0x2000cc70                RTC_setTime
 .text.RTC_getTime
                0x2000cf14      0x224 C:/ISIS/workspace/ycube/GlobusSatProject/..//hal/hal/lib\libHALD.a(RTC.o)
                0x2000cf14                RTC_getTime
 .text.RTC_checkTimeValid
                0x2000d138       0xdc C:/ISIS/workspace/ycube/GlobusSatProject/..//hal/hal/lib\libHALD.a(RTC.o)
                0x2000d138                RTC_checkTimeValid
 .text.RTT_start
                0x2000d214       0x24 C:/ISIS/workspace/ycube/GlobusSatProject/..//hal/hal/lib\libHALD.a(RTT.o)
                0x2000d214                RTT_start
 .text.fn_init  0x2000d238      0x2dc C:/ISIS/workspace/ycube/GlobusSatProject/..//hal/hcc/lib\libHCCD.a(fat_common.o)
                0x2000d238                fn_init
 .text.fn_start
                0x2000d514       0x1c C:/ISIS/workspace/ycube/GlobusSatProject/..//hal/hcc/lib\libHCCD.a(fat_common.o)
                0x2000d514                fn_start
 .text.fsn_delete
                0x2000d530       0xc8 C:/ISIS/workspace/ycube/GlobusSatProject/..//hal/hcc/lib\libHCCD.a(fat_common.o)
                0x2000d530                fsn_delete
 .text._f_get16bitl
                0x2000d5f8       0x4c C:/ISIS/workspace/ycube/GlobusSatProject/..//hal/hcc/lib\libHCCD.a(fat_common.o)
                0x2000d5f8                _f_get16bitl
 .text._f_set16bitl
                0x2000d644       0x54 C:/ISIS/workspace/ycube/GlobusSatProject/..//hal/hcc/lib\libHCCD.a(fat_common.o)
                0x2000d644                _f_set16bitl
 .text._f_get32bitl
                0x2000d698       0x68 C:/ISIS/workspace/ycube/GlobusSatProject/..//hal/hcc/lib\libHCCD.a(fat_common.o)
                0x2000d698                _f_get32bitl
 .text._f_set32bitl
                0x2000d700       0x78 C:/ISIS/workspace/ycube/GlobusSatProject/..//hal/hcc/lib\libHCCD.a(fat_common.o)
                0x2000d700                _f_set32bitl
 .text._get8bit
                0x2000d778       0xa0 C:/ISIS/workspace/ycube/GlobusSatProject/..//hal/hcc/lib\libHCCD.a(fat_common.o)
 .text._get16bitl
                0x2000d818       0x40 C:/ISIS/workspace/ycube/GlobusSatProject/..//hal/hcc/lib\libHCCD.a(fat_common.o)
 .text._get32bitl
                0x2000d858       0x3c C:/ISIS/workspace/ycube/GlobusSatProject/..//hal/hcc/lib\libHCCD.a(fat_common.o)
 .text._f_setcardremoved
                0x2000d894       0x94 C:/ISIS/workspace/ycube/GlobusSatProject/..//hal/hcc/lib\libHCCD.a(fat_common.o)
 .text._f_checkstatus
                0x2000d928      0x104 C:/ISIS/workspace/ycube/GlobusSatProject/..//hal/hcc/lib\libHCCD.a(fat_common.o)
                0x2000d928                _f_checkstatus
 .text._f_drvgetphy
                0x2000da2c      0x114 C:/ISIS/workspace/ycube/GlobusSatProject/..//hal/hcc/lib\libHCCD.a(fat_common.o)
 .text._f_drvwritesector
                0x2000db40       0xdc C:/ISIS/workspace/ycube/GlobusSatProject/..//hal/hcc/lib\libHCCD.a(fat_common.o)
 .text._f_drvreadsector
                0x2000dc1c       0xa8 C:/ISIS/workspace/ycube/GlobusSatProject/..//hal/hcc/lib\libHCCD.a(fat_common.o)
 .text._f_writesector
                0x2000dcc4      0x23c C:/ISIS/workspace/ycube/GlobusSatProject/..//hal/hcc/lib\libHCCD.a(fat_common.o)
                0x2000dcc4                _f_writesector
 .text._f_readsector
                0x2000df00      0x1dc C:/ISIS/workspace/ycube/GlobusSatProject/..//hal/hcc/lib\libHCCD.a(fat_common.o)
                0x2000df00                _f_readsector
 .text._f_getmaxcluster
                0x2000e0dc       0x94 C:/ISIS/workspace/ycube/GlobusSatProject/..//hal/hcc/lib\libHCCD.a(fat_common.o)
                0x2000e0dc                _f_getmaxcluster
 .text._getsectorfromcluster
                0x2000e170       0x68 C:/ISIS/workspace/ycube/GlobusSatProject/..//hal/hcc/lib\libHCCD.a(fat_common.o)
 .text._f_buildsectors
                0x2000e1d8      0x268 C:/ISIS/workspace/ycube/GlobusSatProject/..//hal/hcc/lib\libHCCD.a(fat_common.o)
 .text._f_getbootrecord
                0x2000e440      0x5e4 C:/ISIS/workspace/ycube/GlobusSatProject/..//hal/hcc/lib\libHCCD.a(fat_common.o)
 .text._f_readbootrecord
                0x2000ea24      0x4f8 C:/ISIS/workspace/ycube/GlobusSatProject/..//hal/hcc/lib\libHCCD.a(fat_common.o)
 .text._f_flushcffiles
                0x2000ef1c      0x17c C:/ISIS/workspace/ycube/GlobusSatProject/..//hal/hcc/lib\libHCCD.a(fat_common.o)
                0x2000ef1c                _f_flushcffiles
 .text._f_fatcache_flush
                0x2000f098      0x270 C:/ISIS/workspace/ycube/GlobusSatProject/..//hal/hcc/lib\libHCCD.a(fat_common.o)
                0x2000f098                _f_fatcache_flush
 .text._f_writefatsector
                0x2000f308      0x100 C:/ISIS/workspace/ycube/GlobusSatProject/..//hal/hcc/lib\libHCCD.a(fat_common.o)
                0x2000f308                _f_writefatsector
 .text._f_getfatsector
                0x2000f408      0x3bc C:/ISIS/workspace/ycube/GlobusSatProject/..//hal/hcc/lib\libHCCD.a(fat_common.o)
 .text._f_setclustervalue
                0x2000f7c4      0x490 C:/ISIS/workspace/ycube/GlobusSatProject/..//hal/hcc/lib\libHCCD.a(fat_common.o)
                0x2000f7c4                _f_setclustervalue
 .text._f_getclustervalue
                0x2000fc54      0x388 C:/ISIS/workspace/ycube/GlobusSatProject/..//hal/hcc/lib\libHCCD.a(fat_common.o)
                0x2000fc54                _f_getclustervalue
 .text._f_close_drive_files
                0x2000ffdc       0xac C:/ISIS/workspace/ycube/GlobusSatProject/..//hal/hcc/lib\libHCCD.a(fat_common.o)
 .text._f_inc_mount_count
                0x20010088       0xa4 C:/ISIS/workspace/ycube/GlobusSatProject/..//hal/hcc/lib\libHCCD.a(fat_common.o)
 .text._f_getvolume
                0x2001012c      0x2f8 C:/ISIS/workspace/ycube/GlobusSatProject/..//hal/hcc/lib\libHCCD.a(fat_common.o)
                0x2001012c                _f_getvolume
 .text.fn_createdriver
                0x20010424      0x118 C:/ISIS/workspace/ycube/GlobusSatProject/..//hal/hcc/lib\libHCCD.a(fat_common.o)
                0x20010424                fn_createdriver
 .text.fn_initvolume
                0x2001053c      0x12c C:/ISIS/workspace/ycube/GlobusSatProject/..//hal/hcc/lib\libHCCD.a(fat_common.o)
                0x2001053c                fn_initvolume
 .text.fn_releasedriver
                0x20010668       0xf4 C:/ISIS/workspace/ycube/GlobusSatProject/..//hal/hcc/lib\libHCCD.a(fat_common.o)
                0x20010668                fn_releasedriver
 .text.fn_initvolumepartition_sub
                0x2001075c       0xe0 C:/ISIS/workspace/ycube/GlobusSatProject/..//hal/hcc/lib\libHCCD.a(fat_common.o)
 .text.fn_initvolumepartition
                0x2001083c       0xac C:/ISIS/workspace/ycube/GlobusSatProject/..//hal/hcc/lib\libHCCD.a(fat_common.o)
                0x2001083c                fn_initvolumepartition
 .text.fn_delvolume
                0x200108e8      0x194 C:/ISIS/workspace/ycube/GlobusSatProject/..//hal/hcc/lib\libHCCD.a(fat_common.o)
                0x200108e8                fn_delvolume
 .text._f_clustertopos
                0x20010a7c       0xf8 C:/ISIS/workspace/ycube/GlobusSatProject/..//hal/hcc/lib\libHCCD.a(fat_common.o)
                0x20010a7c                _f_clustertopos
 .text._f_getcurrsector
                0x20010b74      0x6c8 C:/ISIS/workspace/ycube/GlobusSatProject/..//hal/hcc/lib\libHCCD.a(fat_common.o)
                0x20010b74                _f_getcurrsector
 .text._f_getdecluster
                0x2001123c       0x90 C:/ISIS/workspace/ycube/GlobusSatProject/..//hal/hcc/lib\libHCCD.a(fat_common.o)
                0x2001123c                _f_getdecluster
 .text._f_setdecluster
                0x200112cc       0x8c C:/ISIS/workspace/ycube/GlobusSatProject/..//hal/hcc/lib\libHCCD.a(fat_common.o)
                0x200112cc                _f_setdecluster
 .text.fn_getdrive
                0x20011358       0x30 C:/ISIS/workspace/ycube/GlobusSatProject/..//hal/hcc/lib\libHCCD.a(fat_common.o)
                0x20011358                fn_getdrive
 .text._f_getcurrenttimedate
                0x20011388      0x138 C:/ISIS/workspace/ycube/GlobusSatProject/..//hal/hcc/lib\libHCCD.a(fat_common.o)
                0x20011388                _f_getcurrenttimedate
 .text._f_initentry
                0x200114c0       0xa0 C:/ISIS/workspace/ycube/GlobusSatProject/..//hal/hcc/lib\libHCCD.a(fat_common.o)
                0x200114c0                _f_initentry
 .text._f_alloccluster
                0x20011560      0x344 C:/ISIS/workspace/ycube/GlobusSatProject/..//hal/hcc/lib\libHCCD.a(fat_common.o)
                0x20011560                _f_alloccluster
 .text._f_dobadblock
                0x200118a4      0x2cc C:/ISIS/workspace/ycube/GlobusSatProject/..//hal/hcc/lib\libHCCD.a(fat_common.o)
                0x200118a4                _f_dobadblock
 .text._f_checklocked
                0x20011b70       0xe4 C:/ISIS/workspace/ycube/GlobusSatProject/..//hal/hcc/lib\libHCCD.a(fat_common.o)
                0x20011b70                _f_checklocked
 .text._f_checkappendlocked
                0x20011c54      0x110 C:/ISIS/workspace/ycube/GlobusSatProject/..//hal/hcc/lib\libHCCD.a(fat_common.o)
                0x20011c54                _f_checkappendlocked
 .text._f_setsyncafile
                0x20011d64      0x114 C:/ISIS/workspace/ycube/GlobusSatProject/..//hal/hcc/lib\libHCCD.a(fat_common.o)
                0x20011d64                _f_setsyncafile
 .text._f_syncfiles
                0x20011e78      0x128 C:/ISIS/workspace/ycube/GlobusSatProject/..//hal/hcc/lib\libHCCD.a(fat_common.o)
                0x20011e78                _f_syncfiles
 .text._f_syncfilescontent
                0x20011fa0      0x15c C:/ISIS/workspace/ycube/GlobusSatProject/..//hal/hcc/lib\libHCCD.a(fat_common.o)
 .text.fn_getfreespace
                0x200120fc      0x4c0 C:/ISIS/workspace/ycube/GlobusSatProject/..//hal/hcc/lib\libHCCD.a(fat_common.o)
                0x200120fc                fn_getfreespace
 .text._f_emptywritecache
                0x200125bc      0x4a4 C:/ISIS/workspace/ycube/GlobusSatProject/..//hal/hcc/lib\libHCCD.a(fat_common.o)
 .text._f_allocnextcluster
                0x20012a60      0x54c C:/ISIS/workspace/ycube/GlobusSatProject/..//hal/hcc/lib\libHCCD.a(fat_common.o)
 .text._f_emptywritebuffer
                0x20012fac      0x20c C:/ISIS/workspace/ycube/GlobusSatProject/..//hal/hcc/lib\libHCCD.a(fat_common.o)
 .text._f_writezeros
                0x200131b8       0xf0 C:/ISIS/workspace/ycube/GlobusSatProject/..//hal/hcc/lib\libHCCD.a(fat_common.o)
                0x200131b8                _f_writezeros
 .text._f_extend_file
                0x200132a8      0x570 C:/ISIS/workspace/ycube/GlobusSatProject/..//hal/hcc/lib\libHCCD.a(fat_common.o)
 .text._f_fseek
                0x20013818      0x9bc C:/ISIS/workspace/ycube/GlobusSatProject/..//hal/hcc/lib\libHCCD.a(fat_common.o)
                0x20013818                _f_fseek
 .text._f_removechain
                0x200141d4      0x104 C:/ISIS/workspace/ycube/GlobusSatProject/..//hal/hcc/lib\libHCCD.a(fat_common.o)
                0x200141d4                _f_removechain
 .text._f_updatefileentry
                0x200142d8      0x1cc C:/ISIS/workspace/ycube/GlobusSatProject/..//hal/hcc/lib\libHCCD.a(fat_common.o)
 .text._f_checkreadlocked
                0x200144a4      0x1bc C:/ISIS/workspace/ycube/GlobusSatProject/..//hal/hcc/lib\libHCCD.a(fat_common.o)
                0x200144a4                _f_checkreadlocked
 .text._f_check_handle
                0x20014660       0x98 C:/ISIS/workspace/ycube/GlobusSatProject/..//hal/hcc/lib\libHCCD.a(fat_common.o)
                0x20014660                _f_check_handle
 .text._f_removesyncafile
                0x200146f8      0x1ec C:/ISIS/workspace/ycube/GlobusSatProject/..//hal/hcc/lib\libHCCD.a(fat_common.o)
 .text.fn_close
                0x200148e4      0x3f8 C:/ISIS/workspace/ycube/GlobusSatProject/..//hal/hcc/lib\libHCCD.a(fat_common.o)
                0x200148e4                fn_close
 .text.fn_flush
                0x20014cdc      0x374 C:/ISIS/workspace/ycube/GlobusSatProject/..//hal/hcc/lib\libHCCD.a(fat_common.o)
                0x20014cdc                fn_flush
 .text.fn_read  0x20015050      0x690 C:/ISIS/workspace/ycube/GlobusSatProject/..//hal/hcc/lib\libHCCD.a(fat_common.o)
                0x20015050                fn_read
 .text._f_abortwrite
                0x200156e0      0x100 C:/ISIS/workspace/ycube/GlobusSatProject/..//hal/hcc/lib\libHCCD.a(fat_common.o)
 .text._f_checkwritecluster
                0x200157e0       0xe4 C:/ISIS/workspace/ycube/GlobusSatProject/..//hal/hcc/lib\libHCCD.a(fat_common.o)
 .text.fn_write
                0x200158c4      0x8a8 C:/ISIS/workspace/ycube/GlobusSatProject/..//hal/hcc/lib\libHCCD.a(fat_common.o)
                0x200158c4                fn_write
 .text.fn_seek  0x2001616c      0x270 C:/ISIS/workspace/ycube/GlobusSatProject/..//hal/hcc/lib\libHCCD.a(fat_common.o)
                0x2001616c                fn_seek
 .text.fn_tell  0x200163dc      0x19c C:/ISIS/workspace/ycube/GlobusSatProject/..//hal/hcc/lib\libHCCD.a(fat_common.o)
                0x200163dc                fn_tell
 .text.fn_rewind
                0x20016578       0x38 C:/ISIS/workspace/ycube/GlobusSatProject/..//hal/hcc/lib\libHCCD.a(fat_common.o)
                0x20016578                fn_rewind
 .text.fn_putc  0x200165b0       0x68 C:/ISIS/workspace/ycube/GlobusSatProject/..//hal/hcc/lib\libHCCD.a(fat_common.o)
                0x200165b0                fn_putc
 .text.f_enterFS
                0x20016618      0x1c0 C:/ISIS/workspace/ycube/GlobusSatProject/..//hal/hcc/lib\libHCCD.a(fat_common.o)
                0x20016618                f_enterFS
 .text.f_releaseFS
                0x200167d8       0xb0 C:/ISIS/workspace/ycube/GlobusSatProject/..//hal/hcc/lib\libHCCD.a(fat_common.o)
                0x200167d8                f_releaseFS
 .text.fnGetTask
                0x20016888       0xfc C:/ISIS/workspace/ycube/GlobusSatProject/..//hal/hcc/lib\libHCCD.a(fat_common.o)
                0x20016888                fnGetTask
 .text._f_mutex_get
                0x20016984       0x98 C:/ISIS/workspace/ycube/GlobusSatProject/..//hal/hcc/lib\libHCCD.a(fat_common.o)
                0x20016984                _f_mutex_get
 .text._f_mutex_put
                0x20016a1c       0x54 C:/ISIS/workspace/ycube/GlobusSatProject/..//hal/hcc/lib\libHCCD.a(fat_common.o)
                0x20016a1c                _f_mutex_put
 .text._fn_initseekdivisor
                0x20016a70      0x158 C:/ISIS/workspace/ycube/GlobusSatProject/..//hal/hcc/lib\libHCCD.a(fat_common.o)
                0x20016a70                _fn_initseekdivisor
 .text._fn_updateseekpos
                0x20016bc8       0xc4 C:/ISIS/workspace/ycube/GlobusSatProject/..//hal/hcc/lib\libHCCD.a(fat_common.o)
 .text._f_findopensize
                0x20016c8c       0x2c C:/ISIS/workspace/ycube/GlobusSatProject/..//hal/hcc/lib\libHCCD.a(fat_common.o)
                0x20016c8c                _f_findopensize
 .text.fn_setlasterror
                0x20016cb8       0x34 C:/ISIS/workspace/ycube/GlobusSatProject/..//hal/hcc/lib\libHCCD.a(fat_common.o)
                0x20016cb8                fn_setlasterror
 .text.fn_setlasterror_noret
                0x20016cec       0x2c C:/ISIS/workspace/ycube/GlobusSatProject/..//hal/hcc/lib\libHCCD.a(fat_common.o)
                0x20016cec                fn_setlasterror_noret
 .text.fm_initvolume
                0x20016d18       0x70 C:/ISIS/workspace/ycube/GlobusSatProject/..//hal/hcc/lib\libHCCD.a(fat_m.o)
                0x20016d18                fm_initvolume
 .text.fm_delvolume
                0x20016d88       0x60 C:/ISIS/workspace/ycube/GlobusSatProject/..//hal/hcc/lib\libHCCD.a(fat_m.o)
                0x20016d88                fm_delvolume
 .text.fm_getdrive
                0x20016de8       0x70 C:/ISIS/workspace/ycube/GlobusSatProject/..//hal/hcc/lib\libHCCD.a(fat_m.o)
                0x20016de8                fm_getdrive
 .text.fm_getfreespace
                0x20016e58       0x68 C:/ISIS/workspace/ycube/GlobusSatProject/..//hal/hcc/lib\libHCCD.a(fat_m.o)
                0x20016e58                fm_getfreespace
 .text.fm_findfirst
                0x20016ec0       0x68 C:/ISIS/workspace/ycube/GlobusSatProject/..//hal/hcc/lib\libHCCD.a(fat_m.o)
                0x20016ec0                fm_findfirst
 .text.fm_findnext
                0x20016f28       0x60 C:/ISIS/workspace/ycube/GlobusSatProject/..//hal/hcc/lib\libHCCD.a(fat_m.o)
                0x20016f28                fm_findnext
 .text.fm_close
                0x20016f88       0x60 C:/ISIS/workspace/ycube/GlobusSatProject/..//hal/hcc/lib\libHCCD.a(fat_m.o)
                0x20016f88                fm_close
 .text.fm_flush
                0x20016fe8       0x60 C:/ISIS/workspace/ycube/GlobusSatProject/..//hal/hcc/lib\libHCCD.a(fat_m.o)
                0x20016fe8                fm_flush
 .text.fm_open  0x20017048       0x68 C:/ISIS/workspace/ycube/GlobusSatProject/..//hal/hcc/lib\libHCCD.a(fat_m.o)
                0x20017048                fm_open
 .text.fm_read  0x200170b0       0x7c C:/ISIS/workspace/ycube/GlobusSatProject/..//hal/hcc/lib\libHCCD.a(fat_m.o)
                0x200170b0                fm_read
 .text.fm_write
                0x2001712c       0x7c C:/ISIS/workspace/ycube/GlobusSatProject/..//hal/hcc/lib\libHCCD.a(fat_m.o)
                0x2001712c                fm_write
 .text.fm_seek  0x200171a8       0x70 C:/ISIS/workspace/ycube/GlobusSatProject/..//hal/hcc/lib\libHCCD.a(fat_m.o)
                0x200171a8                fm_seek
 .text.fm_tell  0x20017218       0x60 C:/ISIS/workspace/ycube/GlobusSatProject/..//hal/hcc/lib\libHCCD.a(fat_m.o)
                0x20017218                fm_tell
 .text.fm_putc  0x20017278       0x68 C:/ISIS/workspace/ycube/GlobusSatProject/..//hal/hcc/lib\libHCCD.a(fat_m.o)
                0x20017278                fm_putc
 .text.fm_rewind
                0x200172e0       0x60 C:/ISIS/workspace/ycube/GlobusSatProject/..//hal/hcc/lib\libHCCD.a(fat_m.o)
                0x200172e0                fm_rewind
 .text.fm_delete
                0x20017340       0x64 C:/ISIS/workspace/ycube/GlobusSatProject/..//hal/hcc/lib\libHCCD.a(fat_m.o)
                0x20017340                fm_delete
 .text.fm_getlasterror
                0x200173a4       0x40 C:/ISIS/workspace/ycube/GlobusSatProject/..//hal/hcc/lib\libHCCD.a(fat_m.o)
                0x200173a4                fm_getlasterror
 .text._s_checkzeroclusteratend
                0x200173e4       0xf8 C:/ISIS/workspace/ycube/GlobusSatProject/..//hal/hcc/lib\libHCCD.a(safefat.o)
 .text._s_clearclustercontent
                0x200174dc      0x108 C:/ISIS/workspace/ycube/GlobusSatProject/..//hal/hcc/lib\libHCCD.a(safefat.o)
 .text._s_clearclustercontentdir
                0x200175e4      0x19c C:/ISIS/workspace/ycube/GlobusSatProject/..//hal/hcc/lib\libHCCD.a(safefat.o)
 .text._s_writedirsector
                0x20017780       0xd0 C:/ISIS/workspace/ycube/GlobusSatProject/..//hal/hcc/lib\libHCCD.a(safefat.o)
 .text._s_getdirsector
                0x20017850      0x100 C:/ISIS/workspace/ycube/GlobusSatProject/..//hal/hcc/lib\libHCCD.a(safefat.o)
 .text._s_addentry
                0x20017950      0x394 C:/ISIS/workspace/ycube/GlobusSatProject/..//hal/hcc/lib\libHCCD.a(safefat.o)
 .text._s_findfile
                0x20017ce4      0x33c C:/ISIS/workspace/ycube/GlobusSatProject/..//hal/hcc/lib\libHCCD.a(safefat.o)
 .text._s_findsubdir
                0x20018020      0x248 C:/ISIS/workspace/ycube/GlobusSatProject/..//hal/hcc/lib\libHCCD.a(safefat.o)
 .text._s_createfile
                0x20018268      0x190 C:/ISIS/workspace/ycube/GlobusSatProject/..//hal/hcc/lib\libHCCD.a(safefat.o)
 .text._s_findsaffile
                0x200183f8      0x1b8 C:/ISIS/workspace/ycube/GlobusSatProject/..//hal/hcc/lib\libHCCD.a(safefat.o)
 .text._s_open  0x200185b0       0xe4 C:/ISIS/workspace/ycube/GlobusSatProject/..//hal/hcc/lib\libHCCD.a(safefat.o)
 .text._s_open_saf
                0x20018694       0xe8 C:/ISIS/workspace/ycube/GlobusSatProject/..//hal/hcc/lib\libHCCD.a(safefat.o)
 .text._s_flush
                0x2001877c       0x84 C:/ISIS/workspace/ycube/GlobusSatProject/..//hal/hcc/lib\libHCCD.a(safefat.o)
 .text._s_allocnextcluster
                0x20018800      0x13c C:/ISIS/workspace/ycube/GlobusSatProject/..//hal/hcc/lib\libHCCD.a(safefat.o)
 .text._s_getnextsector
                0x2001893c       0xdc C:/ISIS/workspace/ycube/GlobusSatProject/..//hal/hcc/lib\libHCCD.a(safefat.o)
 .text._s_seek  0x20018a18      0x1e8 C:/ISIS/workspace/ycube/GlobusSatProject/..//hal/hcc/lib\libHCCD.a(safefat.o)
 .text._s_get_len
                0x20018c00      0x10c C:/ISIS/workspace/ycube/GlobusSatProject/..//hal/hcc/lib\libHCCD.a(safefat.o)
 .text._s_set_len
                0x20018d0c       0xb4 C:/ISIS/workspace/ycube/GlobusSatProject/..//hal/hcc/lib\libHCCD.a(safefat.o)
 .text.safe_fix_filelengths
                0x20018dc0       0xcc C:/ISIS/workspace/ycube/GlobusSatProject/..//hal/hcc/lib\libHCCD.a(safefat.o)
                0x20018dc0                safe_fix_filelengths
 .text._s_read  0x20018e8c      0x228 C:/ISIS/workspace/ycube/GlobusSatProject/..//hal/hcc/lib\libHCCD.a(safefat.o)
 .text._s_write
                0x200190b4      0x384 C:/ISIS/workspace/ycube/GlobusSatProject/..//hal/hcc/lib\libHCCD.a(safefat.o)
 .text._s_restoreclusters
                0x20019438      0x270 C:/ISIS/workspace/ycube/GlobusSatProject/..//hal/hcc/lib\libHCCD.a(safefat.o)
                0x20019438                _s_restoreclusters
 .text._s_findrestore
                0x200196a8      0x18c C:/ISIS/workspace/ycube/GlobusSatProject/..//hal/hcc/lib\libHCCD.a(safefat.o)
 .text._s_cmd_writede
                0x20019834       0xd8 C:/ISIS/workspace/ycube/GlobusSatProject/..//hal/hcc/lib\libHCCD.a(safefat.o)
 .text._s_cmd_setcluster
                0x2001990c       0x88 C:/ISIS/workspace/ycube/GlobusSatProject/..//hal/hcc/lib\libHCCD.a(safefat.o)
 .text._s_cmd_deletechain
                0x20019994      0x100 C:/ISIS/workspace/ycube/GlobusSatProject/..//hal/hcc/lib\libHCCD.a(safefat.o)
 .text._s_cmd_validatecfn
                0x20019a94      0x308 C:/ISIS/workspace/ycube/GlobusSatProject/..//hal/hcc/lib\libHCCD.a(safefat.o)
 .text._s_cmd_seteof
                0x20019d9c      0x3c4 C:/ISIS/workspace/ycube/GlobusSatProject/..//hal/hcc/lib\libHCCD.a(safefat.o)
 .text.safe_docommands
                0x2001a160      0x56c C:/ISIS/workspace/ycube/GlobusSatProject/..//hal/hcc/lib\libHCCD.a(safefat.o)
                0x2001a160                safe_docommands
 .text.safe_entercommand
                0x2001a6cc       0x68 C:/ISIS/workspace/ycube/GlobusSatProject/..//hal/hcc/lib\libHCCD.a(safefat.o)
                0x2001a6cc                safe_entercommand
 .text.safe_ready
                0x2001a734       0xf4 C:/ISIS/workspace/ycube/GlobusSatProject/..//hal/hcc/lib\libHCCD.a(safefat.o)
                0x2001a734                safe_ready
 .text.safe_copycfn
                0x2001a828       0xb8 C:/ISIS/workspace/ycube/GlobusSatProject/..//hal/hcc/lib\libHCCD.a(safefat.o)
                0x2001a828                safe_copycfn
 .text.safe_cfremove
                0x2001a8e0       0xb8 C:/ISIS/workspace/ycube/GlobusSatProject/..//hal/hcc/lib\libHCCD.a(safefat.o)
                0x2001a8e0                safe_cfremove
 .text.safe_writede
                0x2001a998      0x104 C:/ISIS/workspace/ycube/GlobusSatProject/..//hal/hcc/lib\libHCCD.a(safefat.o)
                0x2001a998                safe_writede
 .text.safe_setcluster
                0x2001aa9c       0xcc C:/ISIS/workspace/ycube/GlobusSatProject/..//hal/hcc/lib\libHCCD.a(safefat.o)
                0x2001aa9c                safe_setcluster
 .text.safe_deletechain
                0x2001ab68      0x1c8 C:/ISIS/workspace/ycube/GlobusSatProject/..//hal/hcc/lib\libHCCD.a(safefat.o)
                0x2001ab68                safe_deletechain
 .text.safe_cfclose
                0x2001ad30      0x104 C:/ISIS/workspace/ycube/GlobusSatProject/..//hal/hcc/lib\libHCCD.a(safefat.o)
                0x2001ad30                safe_cfclose
 .text.safe_cfflush
                0x2001ae34      0x124 C:/ISIS/workspace/ycube/GlobusSatProject/..//hal/hcc/lib\libHCCD.a(safefat.o)
                0x2001ae34                safe_cfflush
 .text.safe_reset
                0x2001af58       0x78 C:/ISIS/workspace/ycube/GlobusSatProject/..//hal/hcc/lib\libHCCD.a(safefat.o)
                0x2001af58                safe_reset
 .text.safe_loadcommands
                0x2001afd0       0x78 C:/ISIS/workspace/ycube/GlobusSatProject/..//hal/hcc/lib\libHCCD.a(safefat.o)
                0x2001afd0                safe_loadcommands
 .text.safe_poweron
                0x2001b048      0x1fc C:/ISIS/workspace/ycube/GlobusSatProject/..//hal/hcc/lib\libHCCD.a(safefat.o)
                0x2001b048                safe_poweron
 .text.cf_getname
                0x2001b244       0xc0 C:/ISIS/workspace/ycube/GlobusSatProject/..//hal/hcc/lib\libHCCD.a(safefat.o)
 .text.cf_copyclusterchain
                0x2001b304      0x138 C:/ISIS/workspace/ycube/GlobusSatProject/..//hal/hcc/lib\libHCCD.a(safefat.o)
 .text.cf_seektozero
                0x2001b43c       0x94 C:/ISIS/workspace/ycube/GlobusSatProject/..//hal/hcc/lib\libHCCD.a(safefat.o)
                0x2001b43c                cf_seektozero
 .text.cf_create
                0x2001b4d0      0x3a8 C:/ISIS/workspace/ycube/GlobusSatProject/..//hal/hcc/lib\libHCCD.a(safefat.o)
                0x2001b4d0                cf_create
 .text.cf_copyclustercontent
                0x2001b878      0x128 C:/ISIS/workspace/ycube/GlobusSatProject/..//hal/hcc/lib\libHCCD.a(safefat.o)
                0x2001b878                cf_copyclustercontent
 .text.cf_copycfn
                0x2001b9a0      0x4bc C:/ISIS/workspace/ycube/GlobusSatProject/..//hal/hcc/lib\libHCCD.a(safefat.o)
                0x2001b9a0                cf_copycfn
 .text.cf_remove
                0x2001be5c      0x344 C:/ISIS/workspace/ycube/GlobusSatProject/..//hal/hcc/lib\libHCCD.a(safefat.o)
                0x2001be5c                cf_remove
 .text.cf_setclusternew
                0x2001c1a0       0xf0 C:/ISIS/workspace/ycube/GlobusSatProject/..//hal/hcc/lib\libHCCD.a(safefat.o)
                0x2001c1a0                cf_setclusternew
 .text.cf_flush
                0x2001c290       0x58 C:/ISIS/workspace/ycube/GlobusSatProject/..//hal/hcc/lib\libHCCD.a(safefat.o)
                0x2001c290                cf_flush
 .text.cf_getcluster
                0x2001c2e8      0x1b4 C:/ISIS/workspace/ycube/GlobusSatProject/..//hal/hcc/lib\libHCCD.a(safefat.o)
                0x2001c2e8                cf_getcluster
 .text.cf_setnextcluster
                0x2001c49c      0x194 C:/ISIS/workspace/ycube/GlobusSatProject/..//hal/hcc/lib\libHCCD.a(safefat.o)
                0x2001c49c                cf_setnextcluster
 .text.cf_getpositions
                0x2001c630       0xbc C:/ISIS/workspace/ycube/GlobusSatProject/..//hal/hcc/lib\libHCCD.a(safefat.o)
                0x2001c630                cf_getpositions
 .text.cf_setpositions
                0x2001c6ec       0xb0 C:/ISIS/workspace/ycube/GlobusSatProject/..//hal/hcc/lib\libHCCD.a(safefat.o)
                0x2001c6ec                cf_setpositions
 .text.cf_opensyncafile
                0x2001c79c      0x150 C:/ISIS/workspace/ycube/GlobusSatProject/..//hal/hcc/lib\libHCCD.a(safefat.o)
                0x2001c79c                cf_opensyncafile
 .text.cf_reloadcfo
                0x2001c8ec       0xd8 C:/ISIS/workspace/ycube/GlobusSatProject/..//hal/hcc/lib\libHCCD.a(safefat.o)
                0x2001c8ec                cf_reloadcfo
 .text.mcipdc_cmd
                0x2001c9c4      0x22c C:/ISIS/workspace/ycube/GlobusSatProject/..//hal/hcc/lib\libHCCD.a(atmel_mcipdc.o)
 .text.mcipdc_stop
                0x2001cbf0       0xfc C:/ISIS/workspace/ycube/GlobusSatProject/..//hal/hcc/lib\libHCCD.a(atmel_mcipdc.o)
                0x2001cbf0                mcipdc_stop
 .text.mcipdc_read
                0x2001ccec      0x27c C:/ISIS/workspace/ycube/GlobusSatProject/..//hal/hcc/lib\libHCCD.a(atmel_mcipdc.o)
 .text.mcipdc_write
                0x2001cf68      0x298 C:/ISIS/workspace/ycube/GlobusSatProject/..//hal/hcc/lib\libHCCD.a(atmel_mcipdc.o)
 .text.mcipdc_readsector
                0x2001d200       0x9c C:/ISIS/workspace/ycube/GlobusSatProject/..//hal/hcc/lib\libHCCD.a(atmel_mcipdc.o)
                0x2001d200                mcipdc_readsector
 .text.mcipdc_readmultiplesector
                0x2001d29c      0x124 C:/ISIS/workspace/ycube/GlobusSatProject/..//hal/hcc/lib\libHCCD.a(atmel_mcipdc.o)
                0x2001d29c                mcipdc_readmultiplesector
 .text.mcipdc_writesector
                0x2001d3c0       0x90 C:/ISIS/workspace/ycube/GlobusSatProject/..//hal/hcc/lib\libHCCD.a(atmel_mcipdc.o)
                0x2001d3c0                mcipdc_writesector
 .text.mcipdc_writemultiplesector
                0x2001d450      0x120 C:/ISIS/workspace/ycube/GlobusSatProject/..//hal/hcc/lib\libHCCD.a(atmel_mcipdc.o)
                0x2001d450                mcipdc_writemultiplesector
 .text.mcipdc_set_speed
                0x2001d570       0xb0 C:/ISIS/workspace/ycube/GlobusSatProject/..//hal/hcc/lib\libHCCD.a(atmel_mcipdc.o)
 .text.mcipdc_get_speed
                0x2001d620       0x48 C:/ISIS/workspace/ycube/GlobusSatProject/..//hal/hcc/lib\libHCCD.a(atmel_mcipdc.o)
 .text._get_csd_bits
                0x2001d668      0x14c C:/ISIS/workspace/ycube/GlobusSatProject/..//hal/hcc/lib\libHCCD.a(atmel_mcipdc.o)
 .text.mcipdc_initcard
                0x2001d7b4      0x8f4 C:/ISIS/workspace/ycube/GlobusSatProject/..//hal/hcc/lib\libHCCD.a(atmel_mcipdc.o)
 .text.mcipdc_getstatus
                0x2001e0a8       0xe8 C:/ISIS/workspace/ycube/GlobusSatProject/..//hal/hcc/lib\libHCCD.a(atmel_mcipdc.o)
 .text.mcipdc_getphy
                0x2001e190       0x90 C:/ISIS/workspace/ycube/GlobusSatProject/..//hal/hcc/lib\libHCCD.a(atmel_mcipdc.o)
 .text.mcipdc_release
                0x2001e220       0x50 C:/ISIS/workspace/ycube/GlobusSatProject/..//hal/hcc/lib\libHCCD.a(atmel_mcipdc.o)
 .text.atmel_mcipdc_initfunc
                0x2001e270      0x160 C:/ISIS/workspace/ycube/GlobusSatProject/..//hal/hcc/lib\libHCCD.a(atmel_mcipdc.o)
                0x2001e270                atmel_mcipdc_initfunc
 .text.oal_mutex_create
                0x2001e3d0       0x54 C:/ISIS/workspace/ycube/GlobusSatProject/..//hal/hcc/lib\libHCCD.a(oalp_mutex.o)
                0x2001e3d0                oal_mutex_create
 .text.oal_mutex_delete
                0x2001e424       0x30 C:/ISIS/workspace/ycube/GlobusSatProject/..//hal/hcc/lib\libHCCD.a(oalp_mutex.o)
                0x2001e424                oal_mutex_delete
 .text.oal_mutex_get
                0x2001e454       0x58 C:/ISIS/workspace/ycube/GlobusSatProject/..//hal/hcc/lib\libHCCD.a(oalp_mutex.o)
                0x2001e454                oal_mutex_get
 .text.oal_mutex_put
                0x2001e4ac       0x58 C:/ISIS/workspace/ycube/GlobusSatProject/..//hal/hcc/lib\libHCCD.a(oalp_mutex.o)
                0x2001e4ac                oal_mutex_put
 .text.oal_task_get_id
                0x2001e504       0x18 C:/ISIS/workspace/ycube/GlobusSatProject/..//hal/hcc/lib\libHCCD.a(oalp_task.o)
                0x2001e504                oal_task_get_id
 .text.mcipdc_hw_init
                0x2001e51c       0xe8 C:/ISIS/workspace/ycube/GlobusSatProject/..//hal/hcc/lib\libHCCD.a(atmel_mcipdc_hw.o)
                0x2001e51c                mcipdc_hw_init
 .text.mcipdc_hw_delete
                0x2001e604       0x78 C:/ISIS/workspace/ycube/GlobusSatProject/..//hal/hcc/lib\libHCCD.a(atmel_mcipdc_hw.o)
                0x2001e604                mcipdc_hw_delete
 .text.mcipdc_hw_card_plugged
                0x2001e67c       0x1c C:/ISIS/workspace/ycube/GlobusSatProject/..//hal/hcc/lib\libHCCD.a(atmel_mcipdc_hw.o)
                0x2001e67c                mcipdc_hw_card_plugged
 .text.mcipdc_hw_card_writeprotect
                0x2001e698       0x1c C:/ISIS/workspace/ycube/GlobusSatProject/..//hal/hcc/lib\libHCCD.a(atmel_mcipdc_hw.o)
                0x2001e698                mcipdc_hw_card_writeprotect
 .text.psp_getcurrenttimedate
                0x2001e6b4       0x8c C:/ISIS/workspace/ycube/GlobusSatProject/..//hal/hcc/lib\libHCCD.a(psp_rtc.o)
                0x2001e6b4                psp_getcurrenttimedate
 .text._hcc_get_buf_dsc
                0x2001e740       0x8c C:/ISIS/workspace/ycube/GlobusSatProject/..//hal/hcc/lib\libHCCD.a(hcc_mem.o)
 .text._hcc_check_free_pages
                0x2001e7cc      0x18c C:/ISIS/workspace/ycube/GlobusSatProject/..//hal/hcc/lib\libHCCD.a(hcc_mem.o)
 .text._hcc_mark_pages
                0x2001e958      0x158 C:/ISIS/workspace/ycube/GlobusSatProject/..//hal/hcc/lib\libHCCD.a(hcc_mem.o)
 .text._hcc_clear_lock_dsc
                0x2001eab0       0x80 C:/ISIS/workspace/ycube/GlobusSatProject/..//hal/hcc/lib\libHCCD.a(hcc_mem.o)
 .text._hcc_lock_access
                0x2001eb30      0x128 C:/ISIS/workspace/ycube/GlobusSatProject/..//hal/hcc/lib\libHCCD.a(hcc_mem.o)
 .text._hcc_unlock_access
                0x2001ec58       0x30 C:/ISIS/workspace/ycube/GlobusSatProject/..//hal/hcc/lib\libHCCD.a(hcc_mem.o)
 .text.hcc_mem_alloc
                0x2001ec88      0x454 C:/ISIS/workspace/ycube/GlobusSatProject/..//hal/hcc/lib\libHCCD.a(hcc_mem.o)
                0x2001ec88                hcc_mem_alloc
 .text.hcc_mem_free
                0x2001f0dc      0x178 C:/ISIS/workspace/ycube/GlobusSatProject/..//hal/hcc/lib\libHCCD.a(hcc_mem.o)
                0x2001f0dc                hcc_mem_free
 .text.hcc_mem_add
                0x2001f254      0x3b0 C:/ISIS/workspace/ycube/GlobusSatProject/..//hal/hcc/lib\libHCCD.a(hcc_mem.o)
                0x2001f254                hcc_mem_add
 .text.hcc_mem_init
                0x2001f604      0x164 C:/ISIS/workspace/ycube/GlobusSatProject/..//hal/hcc/lib\libHCCD.a(hcc_mem.o)
                0x2001f604                hcc_mem_init
 .text.hcc_mem_delete
                0x2001f768       0x94 C:/ISIS/workspace/ycube/GlobusSatProject/..//hal/hcc/lib\libHCCD.a(hcc_mem.o)
                0x2001f768                hcc_mem_delete
 .text._f_invalidatedir
                0x2001f7fc       0x28 C:/ISIS/workspace/ycube/GlobusSatProject/..//hal/hcc/lib\libHCCD.a(fat.o)
                0x2001f7fc                _f_invalidatedir
 .text._f_getdirsector
                0x2001f824       0x88 C:/ISIS/workspace/ycube/GlobusSatProject/..//hal/hcc/lib\libHCCD.a(fat.o)
                0x2001f824                _f_getdirsector
 .text._f_writedirsector
                0x2001f8ac       0x74 C:/ISIS/workspace/ycube/GlobusSatProject/..//hal/hcc/lib\libHCCD.a(fat.o)
                0x2001f8ac                _f_writedirsector
 .text._f_checknameinv
                0x2001f920      0x180 C:/ISIS/workspace/ycube/GlobusSatProject/..//hal/hcc/lib\libHCCD.a(fat.o)
 .text._f_checkname
                0x2001faa0       0x7c C:/ISIS/workspace/ycube/GlobusSatProject/..//hal/hcc/lib\libHCCD.a(fat.o)
 .text._f_checknamewc
                0x2001fb1c       0xf8 C:/ISIS/workspace/ycube/GlobusSatProject/..//hal/hcc/lib\libHCCD.a(fat.o)
 .text._f_setnameext
                0x2001fc14      0x300 C:/ISIS/workspace/ycube/GlobusSatProject/..//hal/hcc/lib\libHCCD.a(fat.o)
 .text._f_setfsname
                0x2001ff14      0x584 C:/ISIS/workspace/ycube/GlobusSatProject/..//hal/hcc/lib\libHCCD.a(fat.o)
 .text._f_findfile
                0x20020498      0x30c C:/ISIS/workspace/ycube/GlobusSatProject/..//hal/hcc/lib\libHCCD.a(fat.o)
 .text._f_cmp_wname
                0x200207a4      0x274 C:/ISIS/workspace/ycube/GlobusSatProject/..//hal/hcc/lib\libHCCD.a(fat.o)
 .text._f_to_string
                0x20020a18      0x130 C:/ISIS/workspace/ycube/GlobusSatProject/..//hal/hcc/lib\libHCCD.a(fat.o)
 .text._f_findfilewc
                0x20020b48      0x278 C:/ISIS/workspace/ycube/GlobusSatProject/..//hal/hcc/lib\libHCCD.a(fat.o)
 .text._f_getfilename
                0x20020dc0      0x20c C:/ISIS/workspace/ycube/GlobusSatProject/..//hal/hcc/lib\libHCCD.a(fat.o)
 .text._f_findpath
                0x20020fcc      0x35c C:/ISIS/workspace/ycube/GlobusSatProject/..//hal/hcc/lib\libHCCD.a(fat.o)
 .text.fn_getdcwd
                0x20021328      0x1e0 C:/ISIS/workspace/ycube/GlobusSatProject/..//hal/hcc/lib\libHCCD.a(fat.o)
                0x20021328                fn_getdcwd
 .text.fn_findfirst
                0x20021508      0x13c C:/ISIS/workspace/ycube/GlobusSatProject/..//hal/hcc/lib\libHCCD.a(fat.o)
                0x20021508                fn_findfirst
 .text.fn_findnext
                0x20021644      0x360 C:/ISIS/workspace/ycube/GlobusSatProject/..//hal/hcc/lib\libHCCD.a(fat.o)
                0x20021644                fn_findnext
 .text._f_lock_resfile
                0x200219a4       0x6c C:/ISIS/workspace/ycube/GlobusSatProject/..//hal/hcc/lib\libHCCD.a(fat.o)
 .text._f_unlock_resfile
                0x20021a10       0x40 C:/ISIS/workspace/ycube/GlobusSatProject/..//hal/hcc/lib\libHCCD.a(fat.o)
 .text._f_getintfile
                0x20021a50      0x124 C:/ISIS/workspace/ycube/GlobusSatProject/..//hal/hcc/lib\libHCCD.a(fat.o)
 .text._f_addentry
                0x20021b74      0x540 C:/ISIS/workspace/ycube/GlobusSatProject/..//hal/hcc/lib\libHCCD.a(fat.o)
 .text.fn_open_sub
                0x200220b4     0x1698 C:/ISIS/workspace/ycube/GlobusSatProject/..//hal/hcc/lib\libHCCD.a(fat.o)
 .text.fn_open  0x2002374c       0x44 C:/ISIS/workspace/ycube/GlobusSatProject/..//hal/hcc/lib\libHCCD.a(fat.o)
                0x2002374c                fn_open
 .text.fn_delete
                0x20023790      0x490 C:/ISIS/workspace/ycube/GlobusSatProject/..//hal/hcc/lib\libHCCD.a(fat.o)
                0x20023790                fn_delete
 .text.hcc_mem_buf_alloc
                0x20023c20       0xe4 C:/ISIS/workspace/ycube/GlobusSatProject/..//hal/hcc/lib\libHCCD.a(psp_hcc_mem.o)
                0x20023c20                hcc_mem_buf_alloc
 .text.hcc_mem_buf_free
                0x20023d04       0x6c C:/ISIS/workspace/ycube/GlobusSatProject/..//hal/hcc/lib\libHCCD.a(psp_hcc_mem.o)
                0x20023d04                hcc_mem_buf_free
 .text.makeAntStransfer
                0x20023d70       0x4c C:/ISIS/workspace/ycube/GlobusSatProject/..//satellite-subsystems/satellite-subsystems/lib\libSatelliteSubsystemsD.a(IsisAntS.o)
 .text.checkInputsValid
                0x20023dbc       0x7c C:/ISIS/workspace/ycube/GlobusSatProject/..//satellite-subsystems/satellite-subsystems/lib\libSatelliteSubsystemsD.a(IsisAntS.o)
 .text.IsisAntS_initialize
                0x20023e38      0x26c C:/ISIS/workspace/ycube/GlobusSatProject/..//satellite-subsystems/satellite-subsystems/lib\libSatelliteSubsystemsD.a(IsisAntS.o)
                0x20023e38                IsisAntS_initialize
 .text.IsisAntS_setArmStatus
                0x200240a4      0x104 C:/ISIS/workspace/ycube/GlobusSatProject/..//satellite-subsystems/satellite-subsystems/lib\libSatelliteSubsystemsD.a(IsisAntS.o)
                0x200240a4                IsisAntS_setArmStatus
 .text.IsisAntS_getStatusData
                0x200241a8      0x120 C:/ISIS/workspace/ycube/GlobusSatProject/..//satellite-subsystems/satellite-subsystems/lib\libSatelliteSubsystemsD.a(IsisAntS.o)
                0x200241a8                IsisAntS_getStatusData
 .text.IsisAntS_getUptime
                0x200242c8      0x120 C:/ISIS/workspace/ycube/GlobusSatProject/..//satellite-subsystems/satellite-subsystems/lib\libSatelliteSubsystemsD.a(IsisAntS.o)
                0x200242c8                IsisAntS_getUptime
 .text.IsisAntS_getAlltelemetry
                0x200243e8      0x120 C:/ISIS/workspace/ycube/GlobusSatProject/..//satellite-subsystems/satellite-subsystems/lib\libSatelliteSubsystemsD.a(IsisAntS.o)
                0x200243e8                IsisAntS_getAlltelemetry
 .text.IsisAntS_reset
                0x20024508      0x104 C:/ISIS/workspace/ycube/GlobusSatProject/..//satellite-subsystems/satellite-subsystems/lib\libSatelliteSubsystemsD.a(IsisAntS.o)
                0x20024508                IsisAntS_reset
 .text.IsisAntS_cancelDeployment
                0x2002460c      0x104 C:/ISIS/workspace/ycube/GlobusSatProject/..//satellite-subsystems/satellite-subsystems/lib\libSatelliteSubsystemsD.a(IsisAntS.o)
                0x2002460c                IsisAntS_cancelDeployment
 .text.IsisSolarPanelv2_initialize
                0x20024710       0xb4 C:/ISIS/workspace/ycube/GlobusSatProject/..//satellite-subsystems/satellite-subsystems/lib\libSatelliteSubsystemsD.a(IsisSolarPanelv2.o)
                0x20024710                IsisSolarPanelv2_initialize
 .text.IsisSolarPanelv2_getTemperature
                0x200247c4       0xc8 C:/ISIS/workspace/ycube/GlobusSatProject/..//satellite-subsystems/satellite-subsystems/lib\libSatelliteSubsystemsD.a(IsisSolarPanelv2.o)
                0x200247c4                IsisSolarPanelv2_getTemperature
 .text.IsisSolarPanelv2_getState
                0x2002488c       0x24 C:/ISIS/workspace/ycube/GlobusSatProject/..//satellite-subsystems/satellite-subsystems/lib\libSatelliteSubsystemsD.a(IsisSolarPanelv2.o)
                0x2002488c                IsisSolarPanelv2_getState
 .text._Reset   0x200248b0       0x20 C:/ISIS/workspace/ycube/GlobusSatProject/..//satellite-subsystems/satellite-subsystems/lib\libSatelliteSubsystemsD.a(IsisSolarPanelv2.o)
 .text._WaitForStartup
                0x200248d0       0x90 C:/ISIS/workspace/ycube/GlobusSatProject/..//satellite-subsystems/satellite-subsystems/lib\libSatelliteSubsystemsD.a(IsisSolarPanelv2.o)
 .text._AssignAllChannels
                0x20024960       0x90 C:/ISIS/workspace/ycube/GlobusSatProject/..//satellite-subsystems/satellite-subsystems/lib\libSatelliteSubsystemsD.a(IsisSolarPanelv2.o)
 .text._AssignThisChannel
                0x200249f0       0xe8 C:/ISIS/workspace/ycube/GlobusSatProject/..//satellite-subsystems/satellite-subsystems/lib\libSatelliteSubsystemsD.a(IsisSolarPanelv2.o)
 .text._InitiateConversion
                0x20024ad8       0xac C:/ISIS/workspace/ycube/GlobusSatProject/..//satellite-subsystems/satellite-subsystems/lib\libSatelliteSubsystemsD.a(IsisSolarPanelv2.o)
 .text._WaitForConversionComplete
                0x20024b84      0x100 C:/ISIS/workspace/ycube/GlobusSatProject/..//satellite-subsystems/satellite-subsystems/lib\libSatelliteSubsystemsD.a(IsisSolarPanelv2.o)
 .text._ReadResult
                0x20024c84      0x158 C:/ISIS/workspace/ycube/GlobusSatProject/..//satellite-subsystems/satellite-subsystems/lib\libSatelliteSubsystemsD.a(IsisSolarPanelv2.o)
 .text._ExtractByte
                0x20024ddc       0x38 C:/ISIS/workspace/ycube/GlobusSatProject/..//satellite-subsystems/satellite-subsystems/lib\libSatelliteSubsystemsD.a(IsisSolarPanelv2.o)
 .text._ExtendSign
                0x20024e14       0x6c C:/ISIS/workspace/ycube/GlobusSatProject/..//satellite-subsystems/satellite-subsystems/lib\libSatelliteSubsystemsD.a(IsisSolarPanelv2.o)
 .text._PinsInit
                0x20024e80       0x50 C:/ISIS/workspace/ycube/GlobusSatProject/..//satellite-subsystems/satellite-subsystems/lib\libSatelliteSubsystemsD.a(IsisSolarPanelv2.o)
 .text._SpiWriteRead
                0x20024ed0       0x70 C:/ISIS/workspace/ycube/GlobusSatProject/..//satellite-subsystems/satellite-subsystems/lib\libSatelliteSubsystemsD.a(IsisSolarPanelv2.o)
 .text.IsisTrxvu_initialize
                0x20024f40      0x2f4 C:/ISIS/workspace/ycube/GlobusSatProject/..//satellite-subsystems/satellite-subsystems/lib\libSatelliteSubsystemsD.a(IsisTRXVU.o)
                0x20024f40                IsisTrxvu_initialize
 .text.makeTRXVUtransfer
                0x20025234       0x44 C:/ISIS/workspace/ycube/GlobusSatProject/..//satellite-subsystems/satellite-subsystems/lib\libSatelliteSubsystemsD.a(IsisTRXVU.o)
 .text.IsisTrxvu_componentSoftReset
                0x20025278       0x6c C:/ISIS/workspace/ycube/GlobusSatProject/..//satellite-subsystems/satellite-subsystems/lib\libSatelliteSubsystemsD.a(IsisTRXVU.o)
                0x20025278                IsisTrxvu_componentSoftReset
 .text.IsisTrxvu_componentHardReset
                0x200252e4       0xc8 C:/ISIS/workspace/ycube/GlobusSatProject/..//satellite-subsystems/satellite-subsystems/lib\libSatelliteSubsystemsD.a(IsisTRXVU.o)
                0x200252e4                IsisTrxvu_componentHardReset
 .text.IsisTrxvu_softReset
                0x200253ac       0x74 C:/ISIS/workspace/ycube/GlobusSatProject/..//satellite-subsystems/satellite-subsystems/lib\libSatelliteSubsystemsD.a(IsisTRXVU.o)
                0x200253ac                IsisTrxvu_softReset
 .text.IsisTrxvu_hardReset
                0x20025420       0x74 C:/ISIS/workspace/ycube/GlobusSatProject/..//satellite-subsystems/satellite-subsystems/lib\libSatelliteSubsystemsD.a(IsisTRXVU.o)
                0x20025420                IsisTrxvu_hardReset
 .text.IsisTrxvu_tcSendAX25DefClSign
                0x20025494       0xec C:/ISIS/workspace/ycube/GlobusSatProject/..//satellite-subsystems/satellite-subsystems/lib\libSatelliteSubsystemsD.a(IsisTRXVU.o)
                0x20025494                IsisTrxvu_tcSendAX25DefClSign
 .text.IsisTrxvu_tcSetIdlestate
                0x20025580       0xa4 C:/ISIS/workspace/ycube/GlobusSatProject/..//satellite-subsystems/satellite-subsystems/lib\libSatelliteSubsystemsD.a(IsisTRXVU.o)
                0x20025580                IsisTrxvu_tcSetIdlestate
 .text.IsisTrxvu_tcSetAx25Bitrate
                0x20025624       0xc4 C:/ISIS/workspace/ycube/GlobusSatProject/..//satellite-subsystems/satellite-subsystems/lib\libSatelliteSubsystemsD.a(IsisTRXVU.o)
                0x20025624                IsisTrxvu_tcSetAx25Bitrate
 .text.IsisTrxvu_tcGetUptime
                0x200256e8       0xa0 C:/ISIS/workspace/ycube/GlobusSatProject/..//satellite-subsystems/satellite-subsystems/lib\libSatelliteSubsystemsD.a(IsisTRXVU.o)
                0x200256e8                IsisTrxvu_tcGetUptime
 .text.IsisTrxvu_tcGetState
                0x20025788       0xd0 C:/ISIS/workspace/ycube/GlobusSatProject/..//satellite-subsystems/satellite-subsystems/lib\libSatelliteSubsystemsD.a(IsisTRXVU.o)
                0x20025788                IsisTrxvu_tcGetState
 .text.IsisTrxvu_tcGetTelemetryAll
                0x20025858       0xd0 C:/ISIS/workspace/ycube/GlobusSatProject/..//satellite-subsystems/satellite-subsystems/lib\libSatelliteSubsystemsD.a(IsisTRXVU.o)
                0x20025858                IsisTrxvu_tcGetTelemetryAll
 .text.IsisTrxvu_rcGetFrameCount
                0x20025928       0xa0 C:/ISIS/workspace/ycube/GlobusSatProject/..//satellite-subsystems/satellite-subsystems/lib\libSatelliteSubsystemsD.a(IsisTRXVU.o)
                0x20025928                IsisTrxvu_rcGetFrameCount
 .text.IsisTrxvu_rcGetCommandFrame
                0x200259c8      0x2d8 C:/ISIS/workspace/ycube/GlobusSatProject/..//satellite-subsystems/satellite-subsystems/lib\libSatelliteSubsystemsD.a(IsisTRXVU.o)
                0x200259c8                IsisTrxvu_rcGetCommandFrame
 .text.IsisTrxvu_rcGetTelemetryAll
                0x20025ca0       0xd0 C:/ISIS/workspace/ycube/GlobusSatProject/..//satellite-subsystems/satellite-subsystems/lib\libSatelliteSubsystemsD.a(IsisTRXVU.o)
                0x20025ca0                IsisTrxvu_rcGetTelemetryAll
 .text.IsisTrxvu_rcGetUptime
                0x20025d70       0xa0 C:/ISIS/workspace/ycube/GlobusSatProject/..//satellite-subsystems/satellite-subsystems/lib\libSatelliteSubsystemsD.a(IsisTRXVU.o)
                0x20025d70                IsisTrxvu_rcGetUptime
 .text.ISIS_EPS_Init
                0x20025e10       0xc8 C:/ISIS/workspace/ycube/GlobusSatProject/..//satellite-subsystems/satellite-subsystems/lib\libSatelliteSubsystemsD.a(isis_eps_driver.o)
                0x20025e10                ISIS_EPS_Init
 .text.isis_eps__reset__tmtc
                0x20025ed8       0xe8 C:/ISIS/workspace/ycube/GlobusSatProject/..//satellite-subsystems/satellite-subsystems/lib\libSatelliteSubsystemsD.a(isis_eps_driver.o)
                0x20025ed8                isis_eps__reset__tmtc
 .text.isis_eps__watchdog__tm
                0x20025fc0       0xac C:/ISIS/workspace/ycube/GlobusSatProject/..//satellite-subsystems/satellite-subsystems/lib\libSatelliteSubsystemsD.a(isis_eps_driver.o)
                0x20025fc0                isis_eps__watchdog__tm
 .text.isis_eps__getparameter__tmtc
                0x2002606c       0xe8 C:/ISIS/workspace/ycube/GlobusSatProject/..//satellite-subsystems/satellite-subsystems/lib\libSatelliteSubsystemsD.a(isis_eps_driver.o)
                0x2002606c                isis_eps__getparameter__tmtc
 .text.isis_eps__setparameter__tmtc
                0x20026154       0xe8 C:/ISIS/workspace/ycube/GlobusSatProject/..//satellite-subsystems/satellite-subsystems/lib\libSatelliteSubsystemsD.a(isis_eps_driver.o)
                0x20026154                isis_eps__setparameter__tmtc
 .text.isis_eps__gethousekeepingeng__tm
                0x2002623c       0xac C:/ISIS/workspace/ycube/GlobusSatProject/..//satellite-subsystems/satellite-subsystems/lib\libSatelliteSubsystemsD.a(isis_eps_driver.o)
                0x2002623c                isis_eps__gethousekeepingeng__tm
 .text.isis_eps__gethousekeepingengincdb__tm
                0x200262e8       0xac C:/ISIS/workspace/ycube/GlobusSatProject/..//satellite-subsystems/satellite-subsystems/lib\libSatelliteSubsystemsD.a(isis_eps_driver.o)
                0x200262e8                isis_eps__gethousekeepingengincdb__tm
 .text._I2C_Send
                0x20026394       0x78 C:/ISIS/workspace/ycube/GlobusSatProject/..//satellite-subsystems/satellite-subsystems/lib\libSatelliteSubsystemsD.a(isis_eps_driver.o)
 .text.makeTRXCommonTransfer
                0x2002640c       0x34 C:/ISIS/workspace/ycube/GlobusSatProject/..//satellite-subsystems/satellite-subsystems/lib\libSatelliteSubsystemsD.a(IsisTRXCommon.o)
 .text.IsisTrxCommon_componentReset
                0x20026440       0x68 C:/ISIS/workspace/ycube/GlobusSatProject/..//satellite-subsystems/satellite-subsystems/lib\libSatelliteSubsystemsD.a(IsisTRXCommon.o)
                0x20026440                IsisTrxCommon_componentReset
 .text.IsisTrxCommon_TxSendAX25DefClSign
                0x200264a8       0xf4 C:/ISIS/workspace/ycube/GlobusSatProject/..//satellite-subsystems/satellite-subsystems/lib\libSatelliteSubsystemsD.a(IsisTRXCommon.o)
                0x200264a8                IsisTrxCommon_TxSendAX25DefClSign
 .text.IsisTrxCommon_TxSetIdlestate
                0x2002659c       0x78 C:/ISIS/workspace/ycube/GlobusSatProject/..//satellite-subsystems/satellite-subsystems/lib\libSatelliteSubsystemsD.a(IsisTRXCommon.o)
                0x2002659c                IsisTrxCommon_TxSetIdlestate
 .text.IsisTrxCommon_TxSetAx25Bitrate
                0x20026614       0x78 C:/ISIS/workspace/ycube/GlobusSatProject/..//satellite-subsystems/satellite-subsystems/lib\libSatelliteSubsystemsD.a(IsisTRXCommon.o)
                0x20026614                IsisTrxCommon_TxSetAx25Bitrate
 .text.IsisTrxCommon_RxGetFrameCount
                0x2002668c       0x8c C:/ISIS/workspace/ycube/GlobusSatProject/..//satellite-subsystems/satellite-subsystems/lib\libSatelliteSubsystemsD.a(IsisTRXCommon.o)
                0x2002668c                IsisTrxCommon_RxGetFrameCount
 .text.IsisTrxCommon_GetUptime