Archive member included because of file (symbol)

C:/ISIS/workspace/ycube/GlobusSatProject/..//hal/hal/lib\libHALD.a(SPI.o)
                              ./src/InitSystem.o (SPI_start)
C:/ISIS/workspace/ycube/GlobusSatProject/..//hal/hal/lib\libHALD.a(I2C.o)
                              ./src/SubSystemModules/Payload/payload_drivers.o (I2C_write)
C:/ISIS/workspace/ycube/GlobusSatProject/..//hal/hal/lib\libHALD.a(ADC.o)
                              ./src/SubSystemModules/Housekepping/TelemetryCollector.o (ADC_ConvertRaw10bitToMillivolt)
C:/ISIS/workspace/ycube/GlobusSatProject/..//hal/hal/lib\libHALD.a(FRAM.o)
                              ./src/SubSystemModules/Communication/SubsystemCommands/Maintanence_Commands.o (FRAM_start)
C:/ISIS/workspace/ycube/GlobusSatProject/..//hal/hal/lib\libHALD.a(Time.o)
                              ./src/InitSystem.o (Time_start)
C:/ISIS/workspace/ycube/GlobusSatProject/..//hal/hal/lib\libHALD.a(WatchDogTimerNoOS.o)
                              ./src/main.o (WDT_start)
C:/ISIS/workspace/ycube/GlobusSatProject/..//hal/hal/lib\libHALD.a(RTT.o)
                              C:/ISIS/workspace/ycube/GlobusSatProject/..//hal/hal/lib\libHALD.a(Time.o) (RTT_start)
C:/ISIS/workspace/ycube/GlobusSatProject/..//hal/hal/lib\libHALD.a(RTC.o)
                              C:/ISIS/workspace/ycube/GlobusSatProject/..//hal/hal/lib\libHALD.a(Time.o) (RTC_getTime)
C:/ISIS/workspace/ycube/GlobusSatProject/..//hal/hal/lib\libHALD.a(WatchDogTimerOS.o)
                              ./src/TestingDemos/MainTest.o (WDT_startWatchdogKickTask)
C:/ISIS/workspace/ycube/GlobusSatProject/..//hal/hal/lib\libHALD.a(fprintf.o)
                              ./src/TLM_management.o (f_puts)
C:/ISIS/workspace/ycube/GlobusSatProject/..//hal/hal/lib\libHALD.a(util.o)
                              ./src/TestingDemos/CommandsTestingDemo.o (UTIL_DbguGetIntegerMinMax)
C:/ISIS/workspace/ycube/GlobusSatProject/..//hal/hal/lib\libHALD.a(LED.o)
                              C:/ISIS/workspace/ycube/GlobusSatProject/..//hal/hal/lib\libHALD.a(WatchDogTimerOS.o) (LED_toggle)
C:/ISIS/workspace/ycube/GlobusSatProject/..//hal/hcc/lib\libHCCD.a(fat_m.o)
                              ./src/TLM_management.o (fm_initvolume)
C:/ISIS/workspace/ycube/GlobusSatProject/..//hal/hcc/lib\libHCCD.a(fat.o)
                              C:/ISIS/workspace/ycube/GlobusSatProject/..//hal/hcc/lib\libHCCD.a(fat_m.o) (fn_getdcwd)
C:/ISIS/workspace/ycube/GlobusSatProject/..//hal/hcc/lib\libHCCD.a(fat_common.o)
                              C:/ISIS/workspace/ycube/GlobusSatProject/..//hal/hcc/lib\libHCCD.a(fat.o) (p_filesystem)
C:/ISIS/workspace/ycube/GlobusSatProject/..//hal/hcc/lib\libHCCD.a(safefat.o)
                              C:/ISIS/workspace/ycube/GlobusSatProject/..//hal/hcc/lib\libHCCD.a(fat.o) (s_subdir)
C:/ISIS/workspace/ycube/GlobusSatProject/..//hal/hcc/lib\libHCCD.a(atmel_mcipdc.o)
                              ./src/TLM_management.o (atmel_mcipdc_initfunc)
C:/ISIS/workspace/ycube/GlobusSatProject/..//hal/hcc/lib\libHCCD.a(oalp_task.o)
                              C:/ISIS/workspace/ycube/GlobusSatProject/..//hal/hcc/lib\libHCCD.a(fat_common.o) (oal_task_get_id)
C:/ISIS/workspace/ycube/GlobusSatProject/..//hal/hcc/lib\libHCCD.a(oalp_mutex.o)
                              C:/ISIS/workspace/ycube/GlobusSatProject/..//hal/hcc/lib\libHCCD.a(fat_common.o) (oal_mutex_create)
C:/ISIS/workspace/ycube/GlobusSatProject/..//hal/hcc/lib\libHCCD.a(atmel_mcipdc_hw.o)
                              C:/ISIS/workspace/ycube/GlobusSatProject/..//hal/hcc/lib\libHCCD.a(atmel_mcipdc.o) (mcipdc_hw_init)
C:/ISIS/workspace/ycube/GlobusSatProject/..//hal/hcc/lib\libHCCD.a(psp_rand.o)
                              C:/ISIS/workspace/ycube/GlobusSatProject/..//hal/hcc/lib\libHCCD.a(fat_common.o) (psp_getrand)
C:/ISIS/workspace/ycube/GlobusSatProject/..//hal/hcc/lib\libHCCD.a(psp_rtc.o)
                              C:/ISIS/workspace/ycube/GlobusSatProject/..//hal/hcc/lib\libHCCD.a(fat_common.o) (psp_getcurrenttimedate)
C:/ISIS/workspace/ycube/GlobusSatProject/..//hal/hcc/lib\libHCCD.a(hcc_mem.o)
                              C:/ISIS/workspace/ycube/GlobusSatProject/..//hal/hcc/lib\libHCCD.a(atmel_mcipdc.o) (hcc_mem_alloc)
C:/ISIS/workspace/ycube/GlobusSatProject/..//hal/hcc/lib\libHCCD.a(psp_hcc_mem.o)
                              C:/ISIS/workspace/ycube/GlobusSatProject/..//hal/hcc/lib\libHCCD.a(hcc_mem.o) (hcc_mem_buf_alloc)
C:/ISIS/workspace/ycube/GlobusSatProject/..//satellite-subsystems/satellite-subsystems/lib\libSatelliteSubsystemsD.a(IsisSolarPanelv2.o)
                              ./src/SubSystemModules/PowerManagment/EPS.o (IsisSolarPanelv2_initialize)
C:/ISIS/workspace/ycube/GlobusSatProject/..//satellite-subsystems/satellite-subsystems/lib\libSatelliteSubsystemsD.a(isis_ants_rev2.o)
                              ./src/SubSystemModules/Communication/TRXVU.o (ISIS_ANTS_REV2_Init)
[...]
Memory Configuration

Name             Origin             Length             Attributes
sram0            0x00200000         0x00004000         w !xr
sram1            0x00300000         0x00004000         w !xr
sdram            0x20000000         0x02000000         w !xr
*default*        0x00000000         0xffffffff

Linker script and memory map

LOAD c:/isis/application/toolchain/bin/../lib/gcc/arm-none-eabi/4.7.4/../../../../arm-none-eabi/lib\libc.a
LOAD ./src/TestingDemos/CommandsTestingDemo.o
LOAD ./src/TestingDemos/EpsTestingDemo.o
LOAD ./src/TestingDemos/FileSystemTestingDemo.o
LOAD ./src/TestingDemos/MainTest.o
LOAD ./src/TestingDemos/MaintenanceTestingDemo.o
LOAD ./src/TestingDemos/TelemetryTestingDemo.o
LOAD ./src/TestingDemos/TrxvuTestingDemo.o
LOAD ./src/SubSystemModules/PowerManagment/EPS.o
LOAD ./src/SubSystemModules/PowerManagment/EPSOperationModes.o
LOAD ./src/SubSystemModules/Payload/payload_drivers.o
LOAD ./src/SubSystemModules/Maintenance/Maintenance.o
LOAD ./src/SubSystemModules/Housekepping/RAMTelemetry.o
LOAD ./src/SubSystemModules/Housekepping/TelemetryCollector.o
LOAD ./src/SubSystemModules/Communication/SubsystemCommands/EPS_Commands.o
LOAD ./src/SubSystemModules/Communication/SubsystemCommands/FS_Commands.o
LOAD ./src/SubSystemModules/Communication/SubsystemCommands/Maintanence_Commands.o
LOAD ./src/SubSystemModules/Communication/SubsystemCommands/TRXVU_Commands.o
LOAD ./src/SubSystemModules/Communication/AckHandler.o
LOAD ./src/SubSystemModules/Communication/CommandDictionary.o
LOAD ./src/SubSystemModules/Communication/HashSecuredCMD.o
LOAD ./src/SubSystemModules/Communication/SatCommandHandler.o
LOAD ./src/SubSystemModules/Communication/TRXVU.o
LOAD ./src/InitSystem.o
LOAD ./src/TLM_management.o
LOAD ./src/main.o
LOAD ./src/utils.o
LOAD C:/ISIS/workspace/ycube/GlobusSatProject/..//hal/hal/lib\libHALD.a
LOAD C:/ISIS/workspace/ycube/GlobusSatProject/..//hal/hcc/lib\libHCCD.a
LOAD C:/ISIS/workspace/ycube/GlobusSatProject/..//satellite-subsystems/satellite-subsystems/lib\libSatelliteSubsystemsD.a
LOAD C:/ISIS/workspace/ycube/GlobusSatProject/..//hal/freertos/lib\libFreeRTOSD.a
LOAD C:/ISIS/workspace/ycube/GlobusSatProject/..//hal/at91/lib\libAt91D.a
START GROUP
LOAD c:/isis/application/toolchain/bin/../lib/gcc/arm-none-eabi/4.7.4\libgcc.a
LOAD c:/isis/application/toolchain/bin/../lib/gcc/arm-none-eabi/4.7.4/../../../../arm-none-eabi/lib\libg.a
LOAD c:/isis/application/toolchain/bin/../lib/gcc/arm-none-eabi/4.7.4/../../../../arm-none-eabi/lib\libc.a
END GROUP

.fixed          0x20000000    0x40390
                0x20000000                . = ALIGN (0x4)
                0x20000000                _sfixed = .
 *(.startup)
 .startup       0x20000000      0x184 C:/ISIS/workspace/ycube/GlobusSatProject/..//hal/at91/lib\libAt91D.a(board_cstartup.o)
                0x20000000                entry
 *(.text)
 .text          0x20000184       0x64 C:/ISIS/workspace/ycube/GlobusSatProject/..//hal/at91/lib\libAt91D.a(cp15_asm.o)
                0x20000184                _readControlRegister
                0x20000190                _writeControlRegister
                0x20000198                _waitForInterrupt
                0x200001a4                _writeTTB
                0x200001ac                _writeDomain
                0x200001b4                _writeITLBLockdown
                0x200001bc                _prefetchICacheLine
                0x200001c4                _flushDCache
                0x200001d0                _flushWriteBuffer
                0x200001dc                _invalidateIDTLBs
 .text          0x200001e8      0x114 c:/isis/application/toolchain/bin/../lib/gcc/arm-none-eabi/4.7.4\libgcc.a(_udivsi3.o)
                0x200001e8                __aeabi_uidiv
                0x200001e8                __udivsi3
                0x200002dc                __aeabi_uidivmod
 .text          0x200002fc      0x148 c:/isis/application/toolchain/bin/../lib/gcc/arm-none-eabi/4.7.4\libgcc.a(_divsi3.o)
                0x200002fc                __divsi3
                0x200002fc                __aeabi_idiv
                0x20000424                __aeabi_idivmod
 .text          0x20000444        0x4 c:/isis/application/toolchain/bin/../lib/gcc/arm-none-eabi/4.7.4\libgcc.a(_dvmd_tls.o)
                0x20000444                __aeabi_idiv0
                0x20000444                __aeabi_ldiv0
 .text          0x20000448      0x41c c:/isis/application/toolchain/bin/../lib/gcc/arm-none-eabi/4.7.4\libgcc.a(_arm_addsubdf3.o)
                0x20000448                __aeabi_drsub
                0x20000450                __aeabi_dsub
                0x20000450                __subdf3
                0x20000454                __aeabi_dadd
                0x20000454                __adddf3
                0x20000764                __floatunsidf
                0x20000764                __aeabi_ui2d
                0x20000788                __floatsidf
                0x20000788                __aeabi_i2d
                0x200007b0                __aeabi_f2d
                0x200007b0                __extendsfdf2
                0x200007f0                __floatundidf
                0x200007f0                __aeabi_ul2d
                0x20000804                __floatdidf
                0x20000804                __aeabi_l2d
 .text          0x20000864      0x49c c:/isis/application/toolchain/bin/../lib/gcc/arm-none-eabi/4.7.4\libgcc.a(_arm_muldivdf3.o)
                0x20000864                __aeabi_dmul
                0x20000864                __muldf3
                0x20000af4                __divdf3
                0x20000af4                __aeabi_ddiv
 .text          0x20000d00      0x2ac c:/isis/application/toolchain/bin/../lib/gcc/arm-none-eabi/4.7.4\libgcc.a(_arm_addsubsf3.o)
                0x20000d00                __aeabi_frsub
                0x20000d08                __subsf3
                0x20000d08                __aeabi_fsub
                0x20000d0c                __aeabi_fadd
                0x20000d0c                __addsf3
                0x20000ec8                __aeabi_ui2f
                0x20000ec8                __floatunsisf
                0x20000ed0                __aeabi_i2f
                0x20000ed0                __floatsisf
                0x20000ef0                __aeabi_ul2f
                0x20000ef0                __floatundisf
                0x20000f00                __aeabi_l2f
                0x20000f00                __floatdisf
 .text          0x20000fac      0x2f8 c:/isis/application/toolchain/bin/../lib/gcc/arm-none-eabi/4.7.4\libgcc.a(_arm_muldivsf3.o)
                0x20000fac                __mulsf3
                0x20000fac                __aeabi_fmul
                0x20001144                __aeabi_fdiv
                0x20001144                __divsf3
 .text          0x200012a4      0x114 c:/isis/application/toolchain/bin/../lib/gcc/arm-none-eabi/4.7.4\libgcc.a(_arm_cmpsf2.o)
                0x200012a4                __gesf2
                0x200012a4                __gtsf2
                0x200012ac                __lesf2
                0x200012ac                __ltsf2
                0x200012b4                __nesf2
                0x200012b4                __eqsf2
                0x200012b4                __cmpsf2
                0x20001318                __aeabi_cfrcmple
                0x20001328                __aeabi_cfcmpeq
                0x20001328                __aeabi_cfcmple
                0x20001340                __aeabi_fcmpeq
                0x20001358                __aeabi_fcmplt
                0x20001370                __aeabi_fcmple
                0x20001388                __aeabi_fcmpge
                0x200013a0                __aeabi_fcmpgt
 .text          0x200013b8       0x54 c:/isis/application/toolchain/bin/../lib/gcc/arm-none-eabi/4.7.4\libgcc.a(_arm_fixunssfsi.o)
                0x200013b8                __fixunssfsi
                0x200013b8                __aeabi_f2uiz
 .text          0x2000140c      0x144 c:/isis/application/toolchain/bin/../lib/gcc/arm-none-eabi/4.7.4\libgcc.a(_arm_cmpdf2.o)
                0x2000140c                __gtdf2
                0x2000140c                __gedf2
                0x20001414                __ltdf2
                0x20001414                __ledf2
                0x2000141c                __nedf2
                0x2000141c                __eqdf2
                0x2000141c                __cmpdf2
                0x200014a4                __aeabi_cdrcmple
                0x200014c0                __aeabi_cdcmpeq
                0x200014c0                __aeabi_cdcmple
                0x200014d8                __aeabi_dcmpeq
                0x200014f0                __aeabi_dcmplt
                0x20001508                __aeabi_dcmple
                0x20001520                __aeabi_dcmpge
                0x20001538                __aeabi_dcmpgt
 .text          0x20001550       0x5c c:/isis/application/toolchain/bin/../lib/gcc/arm-none-eabi/4.7.4\libgcc.a(_arm_fixdfsi.o)
                0x20001550                __aeabi_d2iz
                0x20001550                __fixdfsi
 .text          0x200015ac       0x3c c:/isis/application/toolchain/bin/../lib/gcc/arm-none-eabi/4.7.4\libgcc.a(_aeabi_uldivmod.o)
                0x200015ac                __aeabi_uldivmod
 .text          0x200015e8       0x84 c:/isis/application/toolchain/bin/../lib/gcc/arm-none-eabi/4.7.4\libgcc.a(bpabi.o)
                0x200015e8                __gnu_ldivmod_helper
                0x2000162c                __gnu_uldivmod_helper
 .text          0x2000166c      0x4f0 c:/isis/application/toolchain/bin/../lib/gcc/arm-none-eabi/4.7.4\libgcc.a(_divdi3.o)
                0x2000166c                __divdi3
 .text          0x20001b5c      0x488 c:/isis/application/toolchain/bin/../lib/gcc/arm-none-eabi/4.7.4\libgcc.a(_udivdi3.o)
                0x20001b5c                __udivdi3
 .text          0x20001fe4       0x48 c:/isis/application/toolchain/bin/../lib/gcc/arm-none-eabi/4.7.4\libgcc.a(_clzsi2.o)
                0x20001fe4                __clzsi2
 *(.text*)
 .text.Hash256  0x2000202c       0x84 ./src/TestingDemos/TrxvuTestingDemo.o
                0x2000202c                Hash256
 .text.GetBatteryVoltage
                0x200020b0       0x44 ./src/SubSystemModules/PowerManagment/EPS.o
                0x200020b0                GetBatteryVoltage
 .text.EPS_Init
                0x200020f4      0x124 ./src/SubSystemModules/PowerManagment/EPS.o
                0x200020f4                EPS_Init
 .text.EPS_Conditioning
                0x20002218      0x1c4 ./src/SubSystemModules/PowerManagment/EPS.o
                0x20002218                EPS_Conditioning
 .text.UpdateAlpha
                0x200023dc       0xd8 ./src/SubSystemModules/PowerManagment/EPS.o
                0x200023dc                UpdateAlpha
 .text.GetThresholdVoltages
                0x200024b4       0x80 ./src/SubSystemModules/PowerManagment/EPS.o
                0x200024b4                GetThresholdVoltages
 .text.GetAlpha
                0x20002534       0x7c ./src/SubSystemModules/PowerManagment/EPS.o
                0x20002534                GetAlpha
 .text.CMDGetHeaterValues
                0x200025b0      0x1f8 ./src/SubSystemModules/PowerManagment/EPS.o
                0x200025b0                CMDGetHeaterValues
 .text.CMDSetHeaterValues
                0x200027a8      0x204 ./src/SubSystemModules/PowerManagment/EPS.o
                0x200027a8                CMDSetHeaterValues
 .text.EnterFullMode
                0x200029ac       0x4c ./src/SubSystemModules/PowerManagment/EPSOperationModes.o
                0x200029ac                EnterFullMode
 .text.EnterCruiseMode
                0x200029f8       0x48 ./src/SubSystemModules/PowerManagment/EPSOperationModes.o
                0x200029f8                EnterCruiseMode
 .text.EnterSafeMode
                0x20002a40       0x4c ./src/SubSystemModules/PowerManagment/EPSOperationModes.o
                0x20002a40                EnterSafeMode
 .text.EnterCriticalMode
                0x20002a8c       0x4c ./src/SubSystemModules/PowerManagment/EPSOperationModes.o
                0x20002a8c                EnterCriticalMode
 .text.PayloadOperations
                0x20002ad8      0x164 ./src/SubSystemModules/PowerManagment/EPSOperationModes.o
                0x20002ad8                PayloadOperations
 .text.DoesPayloadChannelOn
                0x20002c3c       0xa4 ./src/SubSystemModules/PowerManagment/EPSOperationModes.o
                0x20002c3c                DoesPayloadChannelOn
 .text.EpsGetLowVoltageFlag
                0x20002ce0       0x24 ./src/SubSystemModules/PowerManagment/EPSOperationModes.o
                0x20002ce0                EpsGetLowVoltageFlag
 .text.EpsSetLowVoltageFlag
                0x20002d04       0x2c ./src/SubSystemModules/PowerManagment/EPSOperationModes.o
                0x20002d04                EpsSetLowVoltageFlag
 .text.payloadRead
                0x20002d30       0xbc ./src/SubSystemModules/Payload/payload_drivers.o
                0x20002d30                payloadRead
 .text.payloadSendCommand
                0x20002dec       0x70 ./src/SubSystemModules/Payload/payload_drivers.o
                0x20002dec                payloadSendCommand
 .text.payloadReadEnvironment
                0x20002e5c      0x2d0 ./src/SubSystemModules/Payload/payload_drivers.o
                0x20002e5c                payloadReadEnvironment
 .text.payloadReadEvents
                0x2000312c      0x1e8 ./src/SubSystemModules/Payload/payload_drivers.o
                0x2000312c                payloadReadEvents
 .text.CheckExecutionTime
                0x20003314       0x80 ./src/SubSystemModules/Maintenance/Maintenance.o
                0x20003314                CheckExecutionTime
 .text.SaveSatTimeInFRAM
                0x20003394       0x44 ./src/SubSystemModules/Maintenance/Maintenance.o
                0x20003394                SaveSatTimeInFRAM
 .text.WakeupFromResetCMD
                0x200033d8      0x120 ./src/SubSystemModules/Maintenance/Maintenance.o
                0x200033d8                WakeupFromResetCMD
 .text.ResetGroundCommWDT
                0x200034f8       0x1c ./src/SubSystemModules/Maintenance/Maintenance.o
                0x200034f8                ResetGroundCommWDT
 .text.IsGroundCommunicationWDTKick
                0x20003514       0x78 ./src/SubSystemModules/Maintenance/Maintenance.o
                0x20003514                IsGroundCommunicationWDTKick
 .text.GetGsWdtKickTime
                0x2000358c       0x38 ./src/SubSystemModules/Maintenance/Maintenance.o
                0x2000358c                GetGsWdtKickTime
 .text.findMinMaxDate
                0x200035c4       0xdc ./src/SubSystemModules/Maintenance/Maintenance.o
                0x200035c4                findMinMaxDate
 .text.DeleteOldFiels
                0x200036a0       0xf0 ./src/SubSystemModules/Maintenance/Maintenance.o
                0x200036a0                DeleteOldFiels
 .text.CheckDeployAnt
                0x20003790       0x84 ./src/SubSystemModules/Maintenance/Maintenance.o
                0x20003790                CheckDeployAnt
 .text.HardResetMCU
                0x20003814       0x3c ./src/SubSystemModules/Maintenance/Maintenance.o
                0x20003814                HardResetMCU
 .text.Maintenance
                0x20003850       0xa4 ./src/SubSystemModules/Maintenance/Maintenance.o
                0x20003850                Maintenance
 .text.ResetRamTlm
                0x200038f4       0xdc ./src/SubSystemModules/Housekepping/RAMTelemetry.o
                0x200038f4                ResetRamTlm
 .text.inc      0x200039d0       0x4c ./src/SubSystemModules/Housekepping/RAMTelemetry.o
                0x200039d0                inc
 .text.dec      0x20003a1c       0x48 ./src/SubSystemModules/Housekepping/RAMTelemetry.o
                0x20003a1c                dec
 .text.saveTlmToRam
                0x20003a64      0x27c ./src/SubSystemModules/Housekepping/RAMTelemetry.o
                0x20003a64                saveTlmToRam
 .text.getTlm   0x20003ce0      0x1e8 ./src/SubSystemModules/Housekepping/RAMTelemetry.o
                0x20003ce0                getTlm
 .text.getRange
                0x20003ec8      0x1dc ./src/SubSystemModules/Housekepping/RAMTelemetry.o
                0x20003ec8                getRange
 .text.InitSavePeriodTimes
                0x200040a4       0xa4 ./src/SubSystemModules/Housekepping/TelemetryCollector.o
                0x200040a4                InitSavePeriodTimes
 .text.CMD_GetTLMPeriodTimes
                0x20004148       0x38 ./src/SubSystemModules/Housekepping/TelemetryCollector.o
                0x20004148                CMD_GetTLMPeriodTimes
 .text.CMD_SetTLMPeriodTimes
                0x20004180      0x1dc ./src/SubSystemModules/Housekepping/TelemetryCollector.o
                0x20004180                CMD_SetTLMPeriodTimes
 .text.TelemetryCollectorLogic
                0x2000435c      0x208 ./src/SubSystemModules/Housekepping/TelemetryCollector.o
                0x2000435c                TelemetryCollectorLogic
 .text.TelemetrySaveEPS
                0x20004564       0x54 ./src/SubSystemModules/Housekepping/TelemetryCollector.o
                0x20004564                TelemetrySaveEPS
 .text.TelemetrySaveTRXVU
                0x200045b8       0x94 ./src/SubSystemModules/Housekepping/TelemetryCollector.o
                0x200045b8                TelemetrySaveTRXVU
 .text.TelemetrySaveWOD
                0x2000464c       0x5c ./src/SubSystemModules/Housekepping/TelemetryCollector.o
                0x2000464c                TelemetrySaveWOD
 .text.TelemetrySaveRADFET
                0x200046a8       0xd4 ./src/SubSystemModules/Housekepping/TelemetryCollector.o
                0x200046a8                TelemetrySaveRADFET
 .text.TelemetrySavePayloadEvents
                0x2000477c       0xf0 ./src/SubSystemModules/Housekepping/TelemetryCollector.o
                0x2000477c                TelemetrySavePayloadEvents
 .text.GetCurrentWODTelemetry
                0x2000486c      0x7e0 ./src/SubSystemModules/Housekepping/TelemetryCollector.o
                0x2000486c                GetCurrentWODTelemetry
 .text.CMD_EPS_ResetWDT
                0x2000504c       0x58 ./src/SubSystemModules/Communication/SubsystemCommands/EPS_Commands.o
                0x2000504c                CMD_EPS_ResetWDT
 .text.CMD_Payload_Operations
                0x200050a4       0x84 ./src/SubSystemModules/Communication/SubsystemCommands/EPS_Commands.o
                0x200050a4                CMD_Payload_Operations
 .text.CMD_DeleteTLM
                0x20005128      0x1a0 ./src/SubSystemModules/Communication/SubsystemCommands/FS_Commands.o
                0x20005128                CMD_DeleteTLM
 .text.CMD_DeleteAllFiles
                0x200052c8       0x38 ./src/SubSystemModules/Communication/SubsystemCommands/FS_Commands.o
                0x200052c8                CMD_DeleteAllFiles
 .text.CMD_GetLastFS_Error
                0x20005300       0x4c ./src/SubSystemModules/Communication/SubsystemCommands/FS_Commands.o
                0x20005300                CMD_GetLastFS_Error
 .text.CMD_Get_TLM_Info
                0x2000534c      0x16c ./src/SubSystemModules/Communication/SubsystemCommands/FS_Commands.o
                0x2000534c                CMD_Get_TLM_Info
 .text.CMD_Switch_SD_Card
                0x200054b8       0xcc ./src/SubSystemModules/Communication/SubsystemCommands/FS_Commands.o
                0x200054b8                CMD_Switch_SD_Card
 .text.CMD_Format_SD_Card
                0x20005584       0xa4 ./src/SubSystemModules/Communication/SubsystemCommands/FS_Commands.o
                0x20005584                CMD_Format_SD_Card
 .text.CMD_GenericI2C
                0x20005628      0x144 ./src/SubSystemModules/Communication/SubsystemCommands/Maintanence_Commands.o
                0x20005628                CMD_GenericI2C
 .text.CMD_FRAM_ReadAndTransmitt
                0x2000576c       0xe8 ./src/SubSystemModules/Communication/SubsystemCommands/Maintanence_Commands.o
                0x2000576c                CMD_FRAM_ReadAndTransmitt
 .text.CMD_FRAM_WriteAndTransmitt
                0x20005854       0xfc ./src/SubSystemModules/Communication/SubsystemCommands/Maintanence_Commands.o
                0x20005854                CMD_FRAM_WriteAndTransmitt
 .text.CMD_FRAM_ReStart
                0x20005950       0x4c ./src/SubSystemModules/Communication/SubsystemCommands/Maintanence_Commands.o
                0x20005950                CMD_FRAM_ReStart
 .text.CMD_UpdateSatTime
                0x2000599c       0xa4 ./src/SubSystemModules/Communication/SubsystemCommands/Maintanence_Commands.o
                0x2000599c                CMD_UpdateSatTime
 .text.CMD_GetSatUptime
                0x20005a40       0x48 ./src/SubSystemModules/Communication/SubsystemCommands/Maintanence_Commands.o
                0x20005a40                CMD_GetSatUptime
 .text.CMD_ResetComponent
                0x20005a88      0x274 ./src/SubSystemModules/Communication/SubsystemCommands/Maintanence_Commands.o
                0x20005a88                CMD_ResetComponent
 .text.DumpTask
                0x20005cfc      0x310 ./src/SubSystemModules/Communication/SubsystemCommands/TRXVU_Commands.o
                0x20005cfc                DumpTask
 .text.DumpRamTask
                0x2000600c      0x42c ./src/SubSystemModules/Communication/SubsystemCommands/TRXVU_Commands.o
                0x2000600c                DumpRamTask
 .text.CMD_AntennaDeploy
                0x20006438       0x8c ./src/SubSystemModules/Communication/SubsystemCommands/TRXVU_Commands.o
                0x20006438                CMD_AntennaDeploy
 .text.CMD_StartDump
                0x200064c4      0x200 ./src/SubSystemModules/Communication/SubsystemCommands/TRXVU_Commands.o
                0x200064c4                CMD_StartDump
 .text.CMD_SendDumpAbortRequest
                0x200066c4       0x38 ./src/SubSystemModules/Communication/SubsystemCommands/TRXVU_Commands.o
                0x200066c4                CMD_SendDumpAbortRequest
 .text.CMD_ForceDumpAbort
                0x200066fc       0x3c ./src/SubSystemModules/Communication/SubsystemCommands/TRXVU_Commands.o
                0x200066fc                CMD_ForceDumpAbort
 .text.CMD_SetTransponder
                0x20006738      0x110 ./src/SubSystemModules/Communication/SubsystemCommands/TRXVU_Commands.o
                0x20006738                CMD_SetTransponder
 .text.CMD_SetRSSITransponder
                0x20006848       0x90 ./src/SubSystemModules/Communication/SubsystemCommands/TRXVU_Commands.o
                0x20006848                CMD_SetRSSITransponder
 .text.CMD_MuteTRXVU
                0x200068d8       0xc4 ./src/SubSystemModules/Communication/SubsystemCommands/TRXVU_Commands.o
                0x200068d8                CMD_MuteTRXVU
 .text.CMD_SetIdleState
                0x2000699c       0x94 ./src/SubSystemModules/Communication/SubsystemCommands/TRXVU_Commands.o
                0x2000699c                CMD_SetIdleState
 .text.CMD_UnMuteTRXVU
                0x20006a30       0x38 ./src/SubSystemModules/Communication/SubsystemCommands/TRXVU_Commands.o
                0x20006a30                CMD_UnMuteTRXVU
 .text.CMD_GetBaudRate
                0x20006a68       0x6c ./src/SubSystemModules/Communication/SubsystemCommands/TRXVU_Commands.o
                0x20006a68                CMD_GetBaudRate
 .text.CMD_TrasmitBeacon
                0x20006ad4       0x48 ./src/SubSystemModules/Communication/SubsystemCommands/TRXVU_Commands.o
                0x20006ad4                CMD_TrasmitBeacon
 .text.CMD_GetBeaconInterval
                0x20006b1c       0x6c ./src/SubSystemModules/Communication/SubsystemCommands/TRXVU_Commands.o
                0x20006b1c                CMD_GetBeaconInterval
 .text.CMD_SetBaudRate
                0x20006b88       0x64 ./src/SubSystemModules/Communication/SubsystemCommands/TRXVU_Commands.o
                0x20006b88                CMD_SetBaudRate
 .text.CMD_GetTxUptime
                0x20006bec       0x68 ./src/SubSystemModules/Communication/SubsystemCommands/TRXVU_Commands.o
                0x20006bec                CMD_GetTxUptime
 .text.CMD_GetRxUptime
                0x20006c54       0x68 ./src/SubSystemModules/Communication/SubsystemCommands/TRXVU_Commands.o
                0x20006c54                CMD_GetRxUptime
 .text.CMD_GetNumOfOnlineCommands
                0x20006cbc       0x68 ./src/SubSystemModules/Communication/SubsystemCommands/TRXVU_Commands.o
                0x20006cbc                CMD_GetNumOfOnlineCommands
 .text.CMD_AntSetArmStatus
                0x20006d24       0x3c ./src/SubSystemModules/Communication/SubsystemCommands/TRXVU_Commands.o
                0x20006d24                CMD_AntSetArmStatus
 .text.CMD_AntGetArmStatus
                0x20006d60       0x60 ./src/SubSystemModules/Communication/SubsystemCommands/TRXVU_Commands.o
                0x20006d60                CMD_AntGetArmStatus
 .text.CMD_AntGetUptime
                0x20006dc0       0x68 ./src/SubSystemModules/Communication/SubsystemCommands/TRXVU_Commands.o
                0x20006dc0                CMD_AntGetUptime
 .text.CMD_StopReDeployment
                0x20006e28       0x74 ./src/SubSystemModules/Communication/SubsystemCommands/TRXVU_Commands.o
                0x20006e28                CMD_StopReDeployment
 .text.CMD_AntCancelDeployment
                0x20006e9c       0x58 ./src/SubSystemModules/Communication/SubsystemCommands/TRXVU_Commands.o
                0x20006e9c                CMD_AntCancelDeployment
 .text.CMD_DumpRamTLM
                0x20006ef4      0x180 ./src/SubSystemModules/Communication/SubsystemCommands/TRXVU_Commands.o
                0x20006ef4                CMD_DumpRamTLM
 .text.SendAckPacket
                0x20007074       0xfc ./src/SubSystemModules/Communication/AckHandler.o
                0x20007074                SendAckPacket
 .text.trxvu_command_router
                0x20007170      0x578 ./src/SubSystemModules/Communication/CommandDictionary.o
                0x20007170                trxvu_command_router
 .text.eps_command_router
                0x200076e8       0xf4 ./src/SubSystemModules/Communication/CommandDictionary.o
                0x200076e8                eps_command_router
 .text.telemetry_command_router
                0x200077dc      0x23c ./src/SubSystemModules/Communication/CommandDictionary.o
                0x200077dc                telemetry_command_router
 .text.managment_command_router
                0x20007a18      0x12c ./src/SubSystemModules/Communication/CommandDictionary.o
                0x20007a18                managment_command_router
 .text.filesystem_command_router
                0x20007b44       0x24 ./src/SubSystemModules/Communication/CommandDictionary.o
                0x20007b44                filesystem_command_router
 .text.sha256_transform
                0x20007b68      0x4b8 ./src/SubSystemModules/Communication/HashSecuredCMD.o
                0x20007b68                sha256_transform
 .text.sha256_init
                0x20008020       0xb8 ./src/SubSystemModules/Communication/HashSecuredCMD.o
                0x20008020                sha256_init
 .text.sha256_update
                0x200080d8       0xc8 ./src/SubSystemModules/Communication/HashSecuredCMD.o
                0x200080d8                sha256_update
 .text.sha256_final
                0x200081a0      0x470 ./src/SubSystemModules/Communication/HashSecuredCMD.o
                0x200081a0                sha256_final
 .text.ParseDataToCommand
                0x20008610      0x1ac ./src/SubSystemModules/Communication/SatCommandHandler.o
                0x20008610                ParseDataToCommand
 .text.AssembleCommand
                0x200087bc      0x148 ./src/SubSystemModules/Communication/SatCommandHandler.o
                0x200087bc                AssembleCommand
 .text.ActUponCommand
                0x20008904      0x108 ./src/SubSystemModules/Communication/SatCommandHandler.o
                0x20008904                ActUponCommand
 .text.setMuteEndTime
                0x20008a0c       0x40 ./src/SubSystemModules/Communication/TRXVU.o
                0x20008a0c                setMuteEndTime
 .text.getMuteEndTime
                0x20008a4c       0x44 ./src/SubSystemModules/Communication/TRXVU.o
                0x20008a4c                getMuteEndTime
 .text.setTransponderEndTime
                0x20008a90       0x40 ./src/SubSystemModules/Communication/TRXVU.o
                0x20008a90                setTransponderEndTime
 .text.getTransponderEndTime
                0x20008ad0       0x44 ./src/SubSystemModules/Communication/TRXVU.o
                0x20008ad0                getTransponderEndTime
 .text.setTransponderRSSIinFRAM
                0x20008b14       0x44 ./src/SubSystemModules/Communication/TRXVU.o
                0x20008b14                setTransponderRSSIinFRAM
 .text.getTransponderRSSIFromFRAM
                0x20008b58       0x4c ./src/SubSystemModules/Communication/TRXVU.o
                0x20008b58                getTransponderRSSIFromFRAM
 .text.InitTxModule
                0x20008ba4       0x68 ./src/SubSystemModules/Communication/TRXVU.o
                0x20008ba4                InitTxModule
 .text.CMD_SetBeaconInterval
                0x20008c0c       0xdc ./src/SubSystemModules/Communication/TRXVU.o
                0x20008c0c                CMD_SetBeaconInterval
 .text.InitBeaconParams
                0x20008ce8       0x3c ./src/SubSystemModules/Communication/TRXVU.o
                0x20008ce8                InitBeaconParams
 .text.InitSemaphores
                0x20008d24       0x98 ./src/SubSystemModules/Communication/TRXVU.o
                0x20008d24                InitSemaphores
 .text.InitTrxvu
                0x20008dbc      0x170 ./src/SubSystemModules/Communication/TRXVU.o
                0x20008dbc                InitTrxvu
 .text.checkIdleFinish
                0x20008f2c       0x68 ./src/SubSystemModules/Communication/TRXVU.o
                0x20008f2c                checkIdleFinish
 .text.checkTransponderFinish
                0x20008f94       0x50 ./src/SubSystemModules/Communication/TRXVU.o
                0x20008f94                checkTransponderFinish
 .text.checkTransponderStart
                0x20008fe4       0x50 ./src/SubSystemModules/Communication/TRXVU.o
                0x20008fe4                checkTransponderStart
 .text.turnOnTransponder
                0x20009034       0xa0 ./src/SubSystemModules/Communication/TRXVU.o
                0x20009034                turnOnTransponder
 .text.turnOffTransponder
                0x200090d4       0x90 ./src/SubSystemModules/Communication/TRXVU.o
                0x200090d4                turnOffTransponder
 .text.SetRSSITransponder
                0x20009164       0x80 ./src/SubSystemModules/Communication/TRXVU.o
                0x20009164                SetRSSITransponder
 .text.TRX_Logic
                0x200091e4       0xe4 ./src/SubSystemModules/Communication/TRXVU.o
                0x200091e4                TRX_Logic
 .text.GetNumberOfFramesInBuffer
                0x200092c8       0x94 ./src/SubSystemModules/Communication/TRXVU.o
                0x200092c8                GetNumberOfFramesInBuffer
 .text.GetOnlineCommand
                0x2000935c      0x1d0 ./src/SubSystemModules/Communication/TRXVU.o
                0x2000935c                GetOnlineCommand
 .text.CheckTransmitionAllowed
                0x2000952c       0xc0 ./src/SubSystemModules/Communication/TRXVU.o
                0x2000952c                CheckTransmitionAllowed
 .text.FinishDump
                0x200095ec       0xf0 ./src/SubSystemModules/Communication/TRXVU.o
                0x200095ec                FinishDump
 .text.AbortDump
                0x200096dc       0x34 ./src/SubSystemModules/Communication/TRXVU.o
                0x200096dc                AbortDump
 .text.SendDumpAbortRequest
                0x20009710       0x6c ./src/SubSystemModules/Communication/TRXVU.o
                0x20009710                SendDumpAbortRequest
 .text.CheckDumpAbort
                0x2000977c       0x6c ./src/SubSystemModules/Communication/TRXVU.o
                0x2000977c                CheckDumpAbort
 .text.BeaconLogic
                0x200097e8      0x184 ./src/SubSystemModules/Communication/TRXVU.o
                0x200097e8                BeaconLogic
 .text.SetIdleState
                0x2000996c      0x144 ./src/SubSystemModules/Communication/TRXVU.o
                0x2000996c                SetIdleState
 .text.muteTRXVU
                0x20009ab0       0x74 ./src/SubSystemModules/Communication/TRXVU.o
                0x20009ab0                muteTRXVU
 .text.UnMuteTRXVU
                0x20009b24       0x14 ./src/SubSystemModules/Communication/TRXVU.o
                0x20009b24                UnMuteTRXVU
 .text.TransmitDataAsSPL_Packet
                0x20009b38      0x12c ./src/SubSystemModules/Communication/TRXVU.o
                0x20009b38                TransmitDataAsSPL_Packet
 .text.CMD_Hash256
                0x20009c64      0x2f8 ./src/SubSystemModules/Communication/TRXVU.o
                0x20009c64                CMD_Hash256
 .text.CMD_Secure_Ping
                0x20009f5c       0x6c ./src/SubSystemModules/Communication/TRXVU.o
                0x20009f5c                CMD_Secure_Ping
 .text.TransmitSplPacket
                0x20009fc8      0x124 ./src/SubSystemModules/Communication/TRXVU.o
                0x20009fc8                TransmitSplPacket
 .text.isFirstActivation
                0x2000a0ec       0x38 ./src/InitSystem.o
                0x2000a0ec                isFirstActivation
 .text.WriteDefaultValuesToFRAM
                0x2000a124      0x290 ./src/InitSystem.o
                0x2000a124                WriteDefaultValuesToFRAM
 .text.StartFRAM
                0x2000a3b4       0x64 ./src/InitSystem.o
                0x2000a3b4                StartFRAM
 .text.StartI2C
                0x2000a418       0x38 ./src/InitSystem.o
                0x2000a418                StartI2C
 .text.StartSPI
                0x2000a450       0x34 ./src/InitSystem.o
                0x2000a450                StartSPI
 .text.StartTIME
                0x2000a484       0xbc ./src/InitSystem.o
                0x2000a484                StartTIME
 .text.DeploySystem
                0x2000a540      0x1b4 ./src/InitSystem.o
                0x2000a540                DeploySystem
 .text.InitSubsystems
                0x2000a6f4       0x64 ./src/InitSystem.o
                0x2000a6f4                InitSubsystems
 .text.CMD_getInfoImage
                0x2000a758      0x158 ./src/TLM_management.o
                0x2000a758                CMD_getInfoImage
 .text.CMD_getDataImage
                0x2000a8b0      0x218 ./src/TLM_management.o
                0x2000a8b0                CMD_getDataImage
 .text.delete_allTMFilesFromSD
                0x2000aac8       0x8c ./src/TLM_management.o
                0x2000aac8                delete_allTMFilesFromSD
 .text.deleteTLMFiles
                0x2000ab54       0x94 ./src/TLM_management.o
                0x2000ab54                deleteTLMFiles
 .text.deleteTLMFile
                0x2000abe8       0xcc ./src/TLM_management.o
                0x2000abe8                deleteTLMFile
 .text.deleteTLMbyMonth
                0x2000acb4       0xac ./src/TLM_management.o
                0x2000acb4                deleteTLMbyMonth
 .text.deleteDirectory
                0x2000ad60      0x158 ./src/TLM_management.o
                0x2000ad60                deleteDirectory
 .text.InitializeFS
                0x2000aeb8       0xec ./src/TLM_management.o
                0x2000aeb8                InitializeFS
 .text.calculateFileName
                0x2000afa4      0x130 ./src/TLM_management.o
                0x2000afa4                calculateFileName
 .text.getTlmTypeInfo
                0x2000b0d4      0x264 ./src/TLM_management.o
                0x2000b0d4                getTlmTypeInfo
 .text.write2File
                0x2000b338      0x1dc ./src/TLM_management.o
                0x2000b338                write2File
 .text.printTLM
                0x2000b514       0x24 ./src/TLM_management.o
                0x2000b514                printTLM
 .text.readTLMFile
                0x2000b538      0x328 ./src/TLM_management.o
                0x2000b538                readTLMFile
 .text.readTLMFiles
                0x2000b860       0xdc ./src/TLM_management.o
                0x2000b860                readTLMFiles
 .text.readTLMFileTimeRange
                0x2000b93c      0x2f0 ./src/TLM_management.o
                0x2000b93c                readTLMFileTimeRange
 .text.DeInitializeFS
                0x2000bc2c       0x38 ./src/TLM_management.o
                0x2000bc2c                DeInitializeFS
 .text.taskMain
                0x2000bc64       0x90 ./src/main.o
                0x2000bc64                taskMain
 .text.main     0x2000bcf4       0x98 ./src/main.o
                0x2000bcf4                main
 .text.timeU2time
                0x2000bd8c       0xbc ./src/utils.o
                0x2000bd8c                timeU2time
 .text.logError
                0x2000be48      0x148 ./src/utils.o
                0x2000be48                logError
 .text.clearPDCtransfers
                0x2000bf90       0xe8 C:/ISIS/workspace/ycube/GlobusSatProject/..//hal/hal/lib\libHALD.a(SPI.o)
 .text.SPI_start
                0x2000c078      0x4b0 C:/ISIS/workspace/ycube/GlobusSatProject/..//hal/hal/lib\libHALD.a(SPI.o)
                0x2000c078                SPI_start
 .text.SPI_stop
                0x2000c528      0x244 C:/ISIS/workspace/ycube/GlobusSatProject/..//hal/hal/lib\libHALD.a(SPI.o)
                0x2000c528                SPI_stop
 .text.SPI_queueTransfer
                0x2000c76c      0x1cc C:/ISIS/workspace/ycube/GlobusSatProject/..//hal/hal/lib\libHALD.a(SPI.o)
                0x2000c76c                SPI_queueTransfer
 .text.SPI_internalCallback
                0x2000c938       0x64 C:/ISIS/workspace/ycube/GlobusSatProject/..//hal/hal/lib\libHALD.a(SPI.o)
 .text.SPI_writeRead
                0x2000c99c      0x1c0 C:/ISIS/workspace/ycube/GlobusSatProject/..//hal/hal/lib\libHALD.a(SPI.o)
                0x2000c99c                SPI_writeRead
 .text.waitForTransfer
                0x2000cb5c       0x78 C:/ISIS/workspace/ycube/GlobusSatProject/..//hal/hal/lib\libHALD.a(SPI.o)
 .text.SPI_getDriverState
                0x2000cbd4       0x58 C:/ISIS/workspace/ycube/GlobusSatProject/..//hal/hal/lib\libHALD.a(SPI.o)
                0x2000cbd4                SPI_getDriverState
 .text.validateTransferParameters
                0x2000cc2c      0x10c C:/ISIS/workspace/ycube/GlobusSatProject/..//hal/hal/lib\libHALD.a(I2C.o)
 .text.I2C_queueTransfer
                0x2000cd38       0xfc C:/ISIS/workspace/ycube/GlobusSatProject/..//hal/hal/lib\libHALD.a(I2C.o)
                0x2000cd38                I2C_queueTransfer
 .text.I2C_internalCallback
                0x2000ce34       0x64 C:/ISIS/workspace/ycube/GlobusSatProject/..//hal/hal/lib\libHALD.a(I2C.o)
 .text.I2C_doBlockingTransfer
                0x2000ce98      0x180 C:/ISIS/workspace/ycube/GlobusSatProject/..//hal/hal/lib\libHALD.a(I2C.o)
 .text.I2C_write
                0x2000d018      0x110 C:/ISIS/workspace/ycube/GlobusSatProject/..//hal/hal/lib\libHALD.a(I2C.o)
                0x2000d018                I2C_write
 .text.I2C_read
                0x2000d128      0x110 C:/ISIS/workspace/ycube/GlobusSatProject/..//hal/hal/lib\libHALD.a(I2C.o)
                0x2000d128                I2C_read
 .text.I2C_writeRead
                0x2000d238      0x17c C:/ISIS/workspace/ycube/GlobusSatProject/..//hal/hal/lib\libHALD.a(I2C.o)
                0x2000d238                I2C_writeRead
 .text.I2C_start
                0x2000d3b4      0x2e8 C:/ISIS/workspace/ycube/GlobusSatProject/..//hal/hal/lib\libHALD.a(I2C.o)
                0x2000d3b4                I2C_start
 .text.I2C_stop
                0x2000d69c      0x184 C:/ISIS/workspace/ycube/GlobusSatProject/..//hal/hal/lib\libHALD.a(I2C.o)
                0x2000d69c                I2C_stop
 .text.I2C_setTransferTimeout
                0x2000d820       0x48 C:/ISIS/workspace/ycube/GlobusSatProject/..//hal/hal/lib\libHALD.a(I2C.o)
                0x2000d820                I2C_setTransferTimeout
 .text.ADC_ConvertRaw10bitToMillivolt
                0x2000d868       0x50 C:/ISIS/workspace/ycube/GlobusSatProject/..//hal/hal/lib\libHALD.a(ADC.o)
                0x2000d868                ADC_ConvertRaw10bitToMillivolt
 .text.ADC_SingleShot
                0x2000d8b8      0x230 C:/ISIS/workspace/ycube/GlobusSatProject/..//hal/hal/lib\libHALD.a(ADC.o)
                0x2000d8b8                ADC_SingleShot
 .text.FRAM_start
                0x2000dae8      0x120 C:/ISIS/workspace/ycube/GlobusSatProject/..//hal/hal/lib\libHALD.a(FRAM.o)
                0x2000dae8                FRAM_start
 .text.FRAM_stop
                0x2000dc08       0x6c C:/ISIS/workspace/ycube/GlobusSatProject/..//hal/hal/lib\libHALD.a(FRAM.o)
                0x2000dc08                FRAM_stop
 .text.FRAM_dummyCallback
                0x2000dc74       0x24 C:/ISIS/workspace/ycube/GlobusSatProject/..//hal/hal/lib\libHALD.a(FRAM.o)
                0x2000dc74                FRAM_dummyCallback
 .text.FRAM_unlockingCallback
                0x2000dc98       0x64 C:/ISIS/workspace/ycube/GlobusSatProject/..//hal/hal/lib\libHALD.a(FRAM.o)
                0x2000dc98                FRAM_unlockingCallback
 .text.doBlockingTransfer
                0x2000dcfc       0x78 C:/ISIS/workspace/ycube/GlobusSatProject/..//hal/hal/lib\libHALD.a(FRAM.o)
 .text.FRAM_writePacket
                0x2000dd74      0x134 C:/ISIS/workspace/ycube/GlobusSatProject/..//hal/hal/lib\libHALD.a(FRAM.o)
 .text.FRAM_write
                0x2000dea8      0x1e0 C:/ISIS/workspace/ycube/GlobusSatProject/..//hal/hal/lib\libHALD.a(FRAM.o)
                0x2000dea8                FRAM_write
 .text.FRAM_readPacket
                0x2000e088       0xf0 C:/ISIS/workspace/ycube/GlobusSatProject/..//hal/hal/lib\libHALD.a(FRAM.o)
 .text.FRAM_read
                0x2000e178      0x1ec C:/ISIS/workspace/ycube/GlobusSatProject/..//hal/hal/lib\libHALD.a(FRAM.o)
                0x2000e178                FRAM_read
 .text.Time_start
                0x2000e364      0x170 C:/ISIS/workspace/ycube/GlobusSatProject/..//hal/hal/lib\libHALD.a(Time.o)
                0x2000e364                Time_start
 .text.taskTimeSync
                0x2000e4d4       0x64 C:/ISIS/workspace/ycube/GlobusSatProject/..//hal/hal/lib\libHALD.a(Time.o)
 .text.Time_convertEpochToTime
                0x2000e538      0x100 C:/ISIS/workspace/ycube/GlobusSatProject/..//hal/hal/lib\libHALD.a(Time.o)
                0x2000e538                Time_convertEpochToTime
 .text.Time_calculateSecondsOfYear
                0x2000e638       0xd8 C:/ISIS/workspace/ycube/GlobusSatProject/..//hal/hal/lib\libHALD.a(Time.o)
 .text.Time_set
                0x2000e710       0xd8 C:/ISIS/workspace/ycube/GlobusSatProject/..//hal/hal/lib\libHALD.a(Time.o)
                0x2000e710                Time_set
 .text.Time_isLeapYear
                0x2000e7e8       0x98 C:/ISIS/workspace/ycube/GlobusSatProject/..//hal/hal/lib\libHALD.a(Time.o)
                0x2000e7e8                Time_isLeapYear
 .text.Time_get
                0x2000e880      0x478 C:/ISIS/workspace/ycube/GlobusSatProject/..//hal/hal/lib\libHALD.a(Time.o)
                0x2000e880                Time_get
 .text.Time_getUnixEpoch
                0x2000ecf8      0x108 C:/ISIS/workspace/ycube/GlobusSatProject/..//hal/hal/lib\libHALD.a(Time.o)
                0x2000ecf8                Time_getUnixEpoch
 .text.Time_secondsOfYearToTime
                0x2000ee00      0x33c C:/ISIS/workspace/ycube/GlobusSatProject/..//hal/hal/lib\libHALD.a(Time.o)
 .text.Time_setUnixEpoch
                0x2000f13c       0x54 C:/ISIS/workspace/ycube/GlobusSatProject/..//hal/hal/lib\libHALD.a(Time.o)
                0x2000f13c                Time_setUnixEpoch
 .text.Time_getUptimeSeconds
                0x2000f190       0x28 C:/ISIS/workspace/ycube/GlobusSatProject/..//hal/hal/lib\libHALD.a(Time.o)
                0x2000f190                Time_getUptimeSeconds
 .text.Time_sync
                0x2000f1b8      0x1a8 C:/ISIS/workspace/ycube/GlobusSatProject/..//hal/hal/lib\libHALD.a(Time.o)
                0x2000f1b8                Time_sync
 .text.Time_syncIfNeeded
                0x2000f360       0xac C:/ISIS/workspace/ycube/GlobusSatProject/..//hal/hal/lib\libHALD.a(Time.o)
                0x2000f360                Time_syncIfNeeded
 .text.WDT_start
                0x2000f40c       0x48 C:/ISIS/workspace/ycube/GlobusSatProject/..//hal/hal/lib\libHALD.a(WatchDogTimerNoOS.o)
                0x2000f40c                WDT_start
 .text.RTT_start
                0x2000f454       0x24 C:/ISIS/workspace/ycube/GlobusSatProject/..//hal/hal/lib\libHALD.a(RTT.o)
                0x2000f454                RTT_start
 .text.RTT_GetTime
                0x2000f478       0x24 C:/ISIS/workspace/ycube/GlobusSatProject/..//hal/hal/lib\libHALD.a(RTT.o)
                0x2000f478                RTT_GetTime
 .text.RTC_start
                0x2000f49c       0x3c C:/ISIS/workspace/ycube/GlobusSatProject/..//hal/hal/lib\libHALD.a(RTC.o)
                0x2000f49c                RTC_start
 .text.RTC_setTime
                0x2000f4d8      0x2a4 C:/ISIS/workspace/ycube/GlobusSatProject/..//hal/hal/lib\libHALD.a(RTC.o)
                0x2000f4d8                RTC_setTime
 .text.RTC_getTime
                0x2000f77c      0x230 C:/ISIS/workspace/ycube/GlobusSatProject/..//hal/hal/lib\libHALD.a(RTC.o)
                0x2000f77c                RTC_getTime
 .text.RTC_checkTimeValid
                0x2000f9ac       0xd8 C:/ISIS/workspace/ycube/GlobusSatProject/..//hal/hal/lib\libHALD.a(RTC.o)
                0x2000f9ac                RTC_checkTimeValid
 .text.WDT_startWatchdogKickTask
                0x2000fa84       0xb4 C:/ISIS/workspace/ycube/GlobusSatProject/..//hal/hal/lib\libHALD.a(WatchDogTimerOS.o)
                0x2000fa84                WDT_startWatchdogKickTask
 .text.WDT_forceKickEveryNms
                0x2000fb38       0x50 C:/ISIS/workspace/ycube/GlobusSatProject/..//hal/hal/lib\libHALD.a(WatchDogTimerOS.o)
                0x2000fb38                WDT_forceKickEveryNms
 .text.f_puts   0x2000fb88       0x80 C:/ISIS/workspace/ycube/GlobusSatProject/..//hal/hal/lib\libHALD.a(fprintf.o)
                0x2000fb88                f_puts
 .text.LED_glow
                0x2000fc08       0x58 C:/ISIS/workspace/ycube/GlobusSatProject/..//hal/hal/lib\libHALD.a(LED.o)
                0x2000fc08                LED_glow
 .text.LED_dark
                0x2000fc60       0x58 C:/ISIS/workspace/ycube/GlobusSatProject/..//hal/hal/lib\libHALD.a(LED.o)
                0x2000fc60                LED_dark
 .text.LED_toggle
                0x2000fcb8       0x50 C:/ISIS/workspace/ycube/GlobusSatProject/..//hal/hal/lib\libHALD.a(LED.o)
                0x2000fcb8                LED_toggle
 .text.fm_initvolume
                0x2000fd08       0x70 C:/ISIS/workspace/ycube/GlobusSatProject/..//hal/hcc/lib\libHCCD.a(fat_m.o)
                0x2000fd08                fm_initvolume
 .text.fm_delvolume
                0x2000fd78       0x60 C:/ISIS/workspace/ycube/GlobusSatProject/..//hal/hcc/lib\libHCCD.a(fat_m.o)
                0x2000fd78                fm_delvolume
 .text.fm_format
                0x2000fdd8       0x68 C:/ISIS/workspace/ycube/GlobusSatProject/..//hal/hcc/lib\libHCCD.a(fat_m.o)
                0x2000fdd8                fm_format
 .text.fm_getdrive
                0x2000fe40       0x70 C:/ISIS/workspace/ycube/GlobusSatProject/..//hal/hcc/lib\libHCCD.a(fat_m.o)
                0x2000fe40                fm_getdrive
 .text.fm_getfreespace
                0x2000feb0       0x68 C:/ISIS/workspace/ycube/GlobusSatProject/..//hal/hcc/lib\libHCCD.a(fat_m.o)
                0x2000feb0                fm_getfreespace
 .text.fm_mkdir
                0x2000ff18       0x60 C:/ISIS/workspace/ycube/GlobusSatProject/..//hal/hcc/lib\libHCCD.a(fat_m.o)
                0x2000ff18                fm_mkdir
 .text.fm_rmdir
                0x2000ff78       0x60 C:/ISIS/workspace/ycube/GlobusSatProject/..//hal/hcc/lib\libHCCD.a(fat_m.o)
                0x2000ff78                fm_rmdir
 .text.fm_findfirst
                0x2000ffd8       0x68 C:/ISIS/workspace/ycube/GlobusSatProject/..//hal/hcc/lib\libHCCD.a(fat_m.o)
                0x2000ffd8                fm_findfirst
 .text.fm_findnext
                0x20010040       0x60 C:/ISIS/workspace/ycube/GlobusSatProject/..//hal/hcc/lib\libHCCD.a(fat_m.o)
                0x20010040                fm_findnext
 .text.fm_close
                0x200100a0       0x60 C:/ISIS/workspace/ycube/GlobusSatProject/..//hal/hcc/lib\libHCCD.a(fat_m.o)
                0x200100a0                fm_close
 .text.fm_flush
                0x20010100       0x60 C:/ISIS/workspace/ycube/GlobusSatProject/..//hal/hcc/lib\libHCCD.a(fat_m.o)
                0x20010100                fm_flush
 .text.fm_open  0x20010160       0x68 C:/ISIS/workspace/ycube/GlobusSatProject/..//hal/hcc/lib\libHCCD.a(fat_m.o)
                0x20010160                fm_open
 .text.fm_read  0x200101c8       0x7c C:/ISIS/workspace/ycube/GlobusSatProject/..//hal/hcc/lib\libHCCD.a(fat_m.o)
                0x200101c8                fm_read
 .text.fm_write
                0x20010244       0x7c C:/ISIS/workspace/ycube/GlobusSatProject/..//hal/hcc/lib\libHCCD.a(fat_m.o)
                0x20010244                fm_write
 .text.fm_seek  0x200102c0       0x70 C:/ISIS/workspace/ycube/GlobusSatProject/..//hal/hcc/lib\libHCCD.a(fat_m.o)
                0x200102c0                fm_seek
 .text.fm_tell  0x20010330       0x60 C:/ISIS/workspace/ycube/GlobusSatProject/..//hal/hcc/lib\libHCCD.a(fat_m.o)
                0x20010330                fm_tell
 .text.fm_putc  0x20010390       0x68 C:/ISIS/workspace/ycube/GlobusSatProject/..//hal/hcc/lib\libHCCD.a(fat_m.o)
                0x20010390                fm_putc
 .text.fm_rewind
                0x200103f8       0x60 C:/ISIS/workspace/ycube/GlobusSatProject/..//hal/hcc/lib\libHCCD.a(fat_m.o)
                0x200103f8                fm_rewind
 .text.fm_delete
                0x20010458       0x64 C:/ISIS/workspace/ycube/GlobusSatProject/..//hal/hcc/lib\libHCCD.a(fat_m.o)
                0x20010458                fm_delete
 .text.fm_getlasterror
                0x200104bc       0x40 C:/ISIS/workspace/ycube/GlobusSatProject/..//hal/hcc/lib\libHCCD.a(fat_m.o)
                0x200104bc                fm_getlasterror
 .text._f_invalidatedir
                0x200104fc       0x28 C:/ISIS/workspace/ycube/GlobusSatProject/..//hal/hcc/lib\libHCCD.a(fat.o)
                0x200104fc                _f_invalidatedir
 .text._f_getdirsector
                0x20010524       0x88 C:/ISIS/workspace/ycube/GlobusSatProject/..//hal/hcc/lib\libHCCD.a(fat.o)
                0x20010524                _f_getdirsector
 .text._f_writedirsector
                0x200105ac       0x74 C:/ISIS/workspace/ycube/GlobusSatProject/..//hal/hcc/lib\libHCCD.a(fat.o)
                0x200105ac                _f_writedirsector
 .text._f_checknameinv
                0x20010620      0x180 C:/ISIS/workspace/ycube/GlobusSatProject/..//hal/hcc/lib\libHCCD.a(fat.o)
 .text._f_checkname
                0x200107a0       0x7c C:/ISIS/workspace/ycube/GlobusSatProject/..//hal/hcc/lib\libHCCD.a(fat.o)
 .text._f_checknamewc
                0x2001081c       0xf8 C:/ISIS/workspace/ycube/GlobusSatProject/..//hal/hcc/lib\libHCCD.a(fat.o)
 .text._f_setnameext
                0x20010914      0x300 C:/ISIS/workspace/ycube/GlobusSatProject/..//hal/hcc/lib\libHCCD.a(fat.o)
 .text._f_setfsname
                0x20010c14      0x584 C:/ISIS/workspace/ycube/GlobusSatProject/..//hal/hcc/lib\libHCCD.a(fat.o)
 .text._f_findfile
                0x20011198      0x30c C:/ISIS/workspace/ycube/GlobusSatProject/..//hal/hcc/lib\libHCCD.a(fat.o)
 .text._f_cmp_wname
                0x200114a4      0x274 C:/ISIS/workspace/ycube/GlobusSatProject/..//hal/hcc/lib\libHCCD.a(fat.o)
 .text._f_to_string
                0x20011718      0x130 C:/ISIS/workspace/ycube/GlobusSatProject/..//hal/hcc/lib\libHCCD.a(fat.o)
 .text._f_findfilewc
                0x20011848      0x278 C:/ISIS/workspace/ycube/GlobusSatProject/..//hal/hcc/lib\libHCCD.a(fat.o)
 .text._f_getfilename
                0x20011ac0      0x20c C:/ISIS/workspace/ycube/GlobusSatProject/..//hal/hcc/lib\libHCCD.a(fat.o)
 .text._f_findpath
                0x20011ccc      0x35c C:/ISIS/workspace/ycube/GlobusSatProject/..//hal/hcc/lib\libHCCD.a(fat.o)
 .text.fn_getdcwd
                0x20012028      0x1e0 C:/ISIS/workspace/ycube/GlobusSatProject/..//hal/hcc/lib\libHCCD.a(fat.o)
                0x20012028                fn_getdcwd
 .text.fn_findfirst
                0x20012208      0x13c C:/ISIS/workspace/ycube/GlobusSatProject/..//hal/hcc/lib\libHCCD.a(fat.o)
                0x20012208                fn_findfirst
 .text.fn_findnext
                0x20012344      0x360 C:/ISIS/workspace/ycube/GlobusSatProject/..//hal/hcc/lib\libHCCD.a(fat.o)
                0x20012344                fn_findnext
 .text._f_lock_resfile
                0x200126a4       0x6c C:/ISIS/workspace/ycube/GlobusSatProject/..//hal/hcc/lib\libHCCD.a(fat.o)
 .text._f_unlock_resfile
                0x20012710       0x40 C:/ISIS/workspace/ycube/GlobusSatProject/..//hal/hcc/lib\libHCCD.a(fat.o)
 .text._f_getintfile
                0x20012750      0x124 C:/ISIS/workspace/ycube/GlobusSatProject/..//hal/hcc/lib\libHCCD.a(fat.o)
 .text._f_addentry
                0x20012874      0x540 C:/ISIS/workspace/ycube/GlobusSatProject/..//hal/hcc/lib\libHCCD.a(fat.o)
 .text.fn_mkdir
                0x20012db4      0x75c C:/ISIS/workspace/ycube/GlobusSatProject/..//hal/hcc/lib\libHCCD.a(fat.o)
                0x20012db4                fn_mkdir
 .text.fn_open_sub
                0x20013510     0x1698 C:/ISIS/workspace/ycube/GlobusSatProject/..//hal/hcc/lib\libHCCD.a(fat.o)
 .text.fn_open  0x20014ba8       0x44 C:/ISIS/workspace/ycube/GlobusSatProject/..//hal/hcc/lib\libHCCD.a(fat.o)
                0x20014ba8                fn_open
 .text.fn_delete
                0x20014bec      0x490 C:/ISIS/workspace/ycube/GlobusSatProject/..//hal/hcc/lib\libHCCD.a(fat.o)
                0x20014bec                fn_delete
 .text.fn_rmdir
                0x2001507c      0x5ac C:/ISIS/workspace/ycube/GlobusSatProject/..//hal/hcc/lib\libHCCD.a(fat.o)
                0x2001507c                fn_rmdir
 .text.fn_init  0x20015628      0x2dc C:/ISIS/workspace/ycube/GlobusSatProject/..//hal/hcc/lib\libHCCD.a(fat_common.o)
                0x20015628                fn_init
 .text.fn_start
                0x20015904       0x1c C:/ISIS/workspace/ycube/GlobusSatProject/..//hal/hcc/lib\libHCCD.a(fat_common.o)
                0x20015904                fn_start
 .text.fsn_delete
                0x20015920       0xc8 C:/ISIS/workspace/ycube/GlobusSatProject/..//hal/hcc/lib\libHCCD.a(fat_common.o)
                0x20015920                fsn_delete
 .text._f_get16bitl
                0x200159e8       0x4c C:/ISIS/workspace/ycube/GlobusSatProject/..//hal/hcc/lib\libHCCD.a(fat_common.o)
                0x200159e8                _f_get16bitl
 .text._f_set16bitl
                0x20015a34       0x54 C:/ISIS/workspace/ycube/GlobusSatProject/..//hal/hcc/lib\libHCCD.a(fat_common.o)
                0x20015a34                _f_set16bitl
 .text._f_get32bitl
                0x20015a88       0x68 C:/ISIS/workspace/ycube/GlobusSatProject/..//hal/hcc/lib\libHCCD.a(fat_common.o)
                0x20015a88                _f_get32bitl
 .text._f_set32bitl
                0x20015af0       0x78 C:/ISIS/workspace/ycube/GlobusSatProject/..//hal/hcc/lib\libHCCD.a(fat_common.o)
                0x20015af0                _f_set32bitl
 .text._get8bit
                0x20015b68       0xa0 C:/ISIS/workspace/ycube/GlobusSatProject/..//hal/hcc/lib\libHCCD.a(fat_common.o)
 .text._get16bitl
                0x20015c08       0x40 C:/ISIS/workspace/ycube/GlobusSatProject/..//hal/hcc/lib\libHCCD.a(fat_common.o)
 .text._get32bitl
                0x20015c48       0x3c C:/ISIS/workspace/ycube/GlobusSatProject/..//hal/hcc/lib\libHCCD.a(fat_common.o)
 .text._set8bitzero
                0x20015c84       0x6c C:/ISIS/workspace/ycube/GlobusSatProject/..//hal/hcc/lib\libHCCD.a(fat_common.o)
 .text._set8bit
                0x20015cf0       0xa0 C:/ISIS/workspace/ycube/GlobusSatProject/..//hal/hcc/lib\libHCCD.a(fat_common.o)
 .text._set16bitl
                0x20015d90       0x3c C:/ISIS/workspace/ycube/GlobusSatProject/..//hal/hcc/lib\libHCCD.a(fat_common.o)
 .text._set32bitl
                0x20015dcc       0x34 C:/ISIS/workspace/ycube/GlobusSatProject/..//hal/hcc/lib\libHCCD.a(fat_common.o)
 .text._f_setcardremoved
                0x20015e00       0x94 C:/ISIS/workspace/ycube/GlobusSatProject/..//hal/hcc/lib\libHCCD.a(fat_common.o)
 .text._f_checkstatus
                0x20015e94      0x104 C:/ISIS/workspace/ycube/GlobusSatProject/..//hal/hcc/lib\libHCCD.a(fat_common.o)
                0x20015e94                _f_checkstatus
 .text._f_drvgetphy
                0x20015f98      0x114 C:/ISIS/workspace/ycube/GlobusSatProject/..//hal/hcc/lib\libHCCD.a(fat_common.o)
 .text._f_drvwritesector
                0x200160ac       0xdc C:/ISIS/workspace/ycube/GlobusSatProject/..//hal/hcc/lib\libHCCD.a(fat_common.o)
 .text._f_drvreadsector
                0x20016188       0xa8 C:/ISIS/workspace/ycube/GlobusSatProject/..//hal/hcc/lib\libHCCD.a(fat_common.o)
 .text._f_writesector
                0x20016230      0x23c C:/ISIS/workspace/ycube/GlobusSatProject/..//hal/hcc/lib\libHCCD.a(fat_common.o)
                0x20016230                _f_writesector
 .text._f_readsector
                0x2001646c      0x1dc C:/ISIS/workspace/ycube/GlobusSatProject/..//hal/hcc/lib\libHCCD.a(fat_common.o)
                0x2001646c                _f_readsector
 .text._f_getmaxcluster
                0x20016648       0x94 C:/ISIS/workspace/ycube/GlobusSatProject/..//hal/hcc/lib\libHCCD.a(fat_common.o)
                0x20016648                _f_getmaxcluster
 .text._getsectorfromcluster
                0x200166dc       0x68 C:/ISIS/workspace/ycube/GlobusSatProject/..//hal/hcc/lib\libHCCD.a(fat_common.o)
 .text._f_buildsectors
                0x20016744      0x268 C:/ISIS/workspace/ycube/GlobusSatProject/..//hal/hcc/lib\libHCCD.a(fat_common.o)
 .text._f_getbootrecord
                0x200169ac      0x5e4 C:/ISIS/workspace/ycube/GlobusSatProject/..//hal/hcc/lib\libHCCD.a(fat_common.o)
 .text._f_readbootrecord
                0x20016f90      0x4f8 C:/ISIS/workspace/ycube/GlobusSatProject/..//hal/hcc/lib\libHCCD.a(fat_common.o)
 .text._f_writebootrecord
                0x20017488      0x5e4 C:/ISIS/workspace/ycube/GlobusSatProject/..//hal/hcc/lib\libHCCD.a(fat_common.o)
 .text._f_flushcffiles
                0x20017a6c      0x17c C:/ISIS/workspace/ycube/GlobusSatProject/..//hal/hcc/lib\libHCCD.a(fat_common.o)
                0x20017a6c                _f_flushcffiles
 .text._f_fatcache_flush
                0x20017be8      0x270 C:/ISIS/workspace/ycube/GlobusSatProject/..//hal/hcc/lib\libHCCD.a(fat_common.o)
                0x20017be8                _f_fatcache_flush
 .text._f_writefatsector
                0x20017e58      0x100 C:/ISIS/workspace/ycube/GlobusSatProject/..//hal/hcc/lib\libHCCD.a(fat_common.o)
                0x20017e58                _f_writefatsector
 .text._f_getfatsector
                0x20017f58      0x3bc C:/ISIS/workspace/ycube/GlobusSatProject/..//hal/hcc/lib\libHCCD.a(fat_common.o)
 .text._f_setclustervalue
                0x20018314      0x490 C:/ISIS/workspace/ycube/GlobusSatProject/..//hal/hcc/lib\libHCCD.a(fat_common.o)
                0x20018314                _f_setclustervalue
 .text._f_getclustervalue
                0x200187a4      0x388 C:/ISIS/workspace/ycube/GlobusSatProject/..//hal/hcc/lib\libHCCD.a(fat_common.o)
                0x200187a4                _f_getclustervalue
 .text._f_close_drive_files
                0x20018b2c       0xac C:/ISIS/workspace/ycube/GlobusSatProject/..//hal/hcc/lib\libHCCD.a(fat_common.o)
 .text._f_inc_mount_count
                0x20018bd8       0xa4 C:/ISIS/workspace/ycube/GlobusSatProject/..//hal/hcc/lib\libHCCD.a(fat_common.o)
 .text._f_getvolume
                0x20018c7c      0x2f8 C:/ISIS/workspace/ycube/GlobusSatProject/..//hal/hcc/lib\libHCCD.a(fat_common.o)
                0x20018c7c                _f_getvolume
 .text.fn_createdriver
                0x20018f74      0x118 C:/ISIS/workspace/ycube/GlobusSatProject/..//hal/hcc/lib\libHCCD.a(fat_common.o)
                0x20018f74                fn_createdriver
 .text.fn_initvolume
                0x2001908c      0x12c C:/ISIS/workspace/ycube/GlobusSatProject/..//hal/hcc/lib\libHCCD.a(fat_common.o)
                0x2001908c                fn_initvolume
 .text.fn_releasedriver
                0x200191b8       0xf4 C:/ISIS/workspace/ycube/GlobusSatProject/..//hal/hcc/lib\libHCCD.a(fat_common.o)
                0x200191b8                fn_releasedriver
 .text.fn_initvolumepartition_sub
                0x200192ac       0xe0 C:/ISIS/workspace/ycube/GlobusSatProject/..//hal/hcc/lib\libHCCD.a(fat_common.o)
 .text.fn_initvolumepartition
                0x2001938c       0xac C:/ISIS/workspace/ycube/GlobusSatProject/..//hal/hcc/lib\libHCCD.a(fat_common.o)
                0x2001938c                fn_initvolumepartition
 .text.fn_delvolume
                0x20019438      0x194 C:/ISIS/workspace/ycube/GlobusSatProject/..//hal/hcc/lib\libHCCD.a(fat_common.o)
                0x20019438                fn_delvolume
 .text._f_clustertopos
                0x200195cc       0xf8 C:/ISIS/workspace/ycube/GlobusSatProject/..//hal/hcc/lib\libHCCD.a(fat_common.o)
                0x200195cc                _f_clustertopos
 .text._f_prepareformat
                0x200196c4      0x8b8 C:/ISIS/workspace/ycube/GlobusSatProject/..//hal/hcc/lib\libHCCD.a(fat_common.o)
 .text._f_resetfatentries
                0x20019f7c      0x410 C:/ISIS/workspace/ycube/GlobusSatProject/..//hal/hcc/lib\libHCCD.a(fat_common.o)
 .text._f_resetrootdir
                0x2001a38c       0xcc C:/ISIS/workspace/ycube/GlobusSatProject/..//hal/hcc/lib\libHCCD.a(fat_common.o)
 .text._f_postformat
                0x2001a458      0x178 C:/ISIS/workspace/ycube/GlobusSatProject/..//hal/hcc/lib\libHCCD.a(fat_common.o)
 .text.fn_format
                0x2001a5d0      0x148 C:/ISIS/workspace/ycube/GlobusSatProject/..//hal/hcc/lib\libHCCD.a(fat_common.o)
                0x2001a5d0                fn_format
 .text._f_getcurrsector
                0x2001a718      0x6c8 C:/ISIS/workspace/ycube/GlobusSatProject/..//hal/hcc/lib\libHCCD.a(fat_common.o)
                0x2001a718                _f_getcurrsector
 .text._f_getdecluster
                0x2001ade0       0x90 C:/ISIS/workspace/ycube/GlobusSatProject/..//hal/hcc/lib\libHCCD.a(fat_common.o)
                0x2001ade0                _f_getdecluster
 .text._f_setdecluster
                0x2001ae70       0x8c C:/ISIS/workspace/ycube/GlobusSatProject/..//hal/hcc/lib\libHCCD.a(fat_common.o)
                0x2001ae70                _f_setdecluster
 .text.fn_getdrive
                0x2001aefc       0x30 C:/ISIS/workspace/ycube/GlobusSatProject/..//hal/hcc/lib\libHCCD.a(fat_common.o)
                0x2001aefc                fn_getdrive
 .text._f_getcurrenttimedate
                0x2001af2c      0x138 C:/ISIS/workspace/ycube/GlobusSatProject/..//hal/hcc/lib\libHCCD.a(fat_common.o)
                0x2001af2c                _f_getcurrenttimedate
 .text._f_initentry
                0x2001b064       0xa0 C:/ISIS/workspace/ycube/GlobusSatProject/..//hal/hcc/lib\libHCCD.a(fat_common.o)
                0x2001b064                _f_initentry
 .text._f_alloccluster
                0x2001b104      0x344 C:/ISIS/workspace/ycube/GlobusSatProject/..//hal/hcc/lib\libHCCD.a(fat_common.o)
                0x2001b104                _f_alloccluster
 .text._f_dobadblock
                0x2001b448      0x2cc C:/ISIS/workspace/ycube/GlobusSatProject/..//hal/hcc/lib\libHCCD.a(fat_common.o)
                0x2001b448                _f_dobadblock
 .text._f_checklocked
                0x2001b714       0xe4 C:/ISIS/workspace/ycube/GlobusSatProject/..//hal/hcc/lib\libHCCD.a(fat_common.o)
                0x2001b714                _f_checklocked
 .text._f_checkappendlocked
                0x2001b7f8      0x110 C:/ISIS/workspace/ycube/GlobusSatProject/..//hal/hcc/lib\libHCCD.a(fat_common.o)
                0x2001b7f8                _f_checkappendlocked
 .text._f_setsyncafile
                0x2001b908      0x114 C:/ISIS/workspace/ycube/GlobusSatProject/..//hal/hcc/lib\libHCCD.a(fat_common.o)
                0x2001b908                _f_setsyncafile
 .text._f_syncfiles
                0x2001ba1c      0x128 C:/ISIS/workspace/ycube/GlobusSatProject/..//hal/hcc/lib\libHCCD.a(fat_common.o)
                0x2001ba1c                _f_syncfiles
 .text._f_syncfilescontent
                0x2001bb44      0x15c C:/ISIS/workspace/ycube/GlobusSatProject/..//hal/hcc/lib\libHCCD.a(fat_common.o)
 .text.fn_getfreespace
                0x2001bca0      0x4c0 C:/ISIS/workspace/ycube/GlobusSatProject/..//hal/hcc/lib\libHCCD.a(fat_common.o)
                0x2001bca0                fn_getfreespace
 .text._f_emptywritecache
                0x2001c160      0x4a4 C:/ISIS/workspace/ycube/GlobusSatProject/..//hal/hcc/lib\libHCCD.a(fat_common.o)
 .text._f_allocnextcluster
                0x2001c604      0x54c C:/ISIS/workspace/ycube/GlobusSatProject/..//hal/hcc/lib\libHCCD.a(fat_common.o)
 .text._f_emptywritebuffer
                0x2001cb50      0x20c C:/ISIS/workspace/ycube/GlobusSatProject/..//hal/hcc/lib\libHCCD.a(fat_common.o)
 .text._f_writezeros
                0x2001cd5c       0xf0 C:/ISIS/workspace/ycube/GlobusSatProject/..//hal/hcc/lib\libHCCD.a(fat_common.o)
                0x2001cd5c                _f_writezeros
 .text._f_extend_file
                0x2001ce4c      0x570 C:/ISIS/workspace/ycube/GlobusSatProject/..//hal/hcc/lib\libHCCD.a(fat_common.o)
 .text._f_fseek
                0x2001d3bc      0x9bc C:/ISIS/workspace/ycube/GlobusSatProject/..//hal/hcc/lib\libHCCD.a(fat_common.o)
                0x2001d3bc                _f_fseek
 .text._f_removechain
                0x2001dd78      0x104 C:/ISIS/workspace/ycube/GlobusSatProject/..//hal/hcc/lib\libHCCD.a(fat_common.o)
                0x2001dd78                _f_removechain
 .text._f_updatefileentry
                0x2001de7c      0x1cc C:/ISIS/workspace/ycube/GlobusSatProject/..//hal/hcc/lib\libHCCD.a(fat_common.o)
 .text._f_checkreadlocked
                0x2001e048      0x1bc C:/ISIS/workspace/ycube/GlobusSatProject/..//hal/hcc/lib\libHCCD.a(fat_common.o)
                0x2001e048                _f_checkreadlocked
 .text._f_check_handle
                0x2001e204       0x98 C:/ISIS/workspace/ycube/GlobusSatProject/..//hal/hcc/lib\libHCCD.a(fat_common.o)
                0x2001e204                _f_check_handle
 .text._f_removesyncafile
                0x2001e29c      0x1ec C:/ISIS/workspace/ycube/GlobusSatProject/..//hal/hcc/lib\libHCCD.a(fat_common.o)
 .text.fn_close
                0x2001e488      0x3f8 C:/ISIS/workspace/ycube/GlobusSatProject/..//hal/hcc/lib\libHCCD.a(fat_common.o)
                0x2001e488                fn_close
 .text.fn_flush
                0x2001e880      0x374 C:/ISIS/workspace/ycube/GlobusSatProject/..//hal/hcc/lib\libHCCD.a(fat_common.o)
                0x2001e880                fn_flush
 .text.fn_read  0x2001ebf4      0x690 C:/ISIS/workspace/ycube/GlobusSatProject/..//hal/hcc/lib\libHCCD.a(fat_common.o)
                0x2001ebf4                fn_read
 .text._f_abortwrite
                0x2001f284      0x100 C:/ISIS/workspace/ycube/GlobusSatProject/..//hal/hcc/lib\libHCCD.a(fat_common.o)
 .text._f_checkwritecluster
                0x2001f384       0xe4 C:/ISIS/workspace/ycube/GlobusSatProject/..//hal/hcc/lib\libHCCD.a(fat_common.o)
 .text.fn_write
                0x2001f468      0x8a8 C:/ISIS/workspace/ycube/GlobusSatProject/..//hal/hcc/lib\libHCCD.a(fat_common.o)
                0x2001f468                fn_write
 .text.fn_seek  0x2001fd10      0x270 C:/ISIS/workspace/ycube/GlobusSatProject/..//hal/hcc/lib\libHCCD.a(fat_common.o)
                0x2001fd10                fn_seek
 .text.fn_tell  0x2001ff80      0x19c C:/ISIS/workspace/ycube/GlobusSatProject/..//hal/hcc/lib\libHCCD.a(fat_common.o)
                0x2001ff80                fn_tell
 .text.fn_rewind
                0x2002011c       0x38 C:/ISIS/workspace/ycube/GlobusSatProject/..//hal/hcc/lib\libHCCD.a(fat_common.o)
                0x2002011c                fn_rewind
 .text.fn_putc  0x20020154       0x68 C:/ISIS/workspace/ycube/GlobusSatProject/..//hal/hcc/lib\libHCCD.a(fat_common.o)
                0x20020154                fn_putc
 .text.f_enterFS
                0x200201bc      0x1c0 C:/ISIS/workspace/ycube/GlobusSatProject/..//hal/hcc/lib\libHCCD.a(fat_common.o)
                0x200201bc                f_enterFS
 .text.f_releaseFS
                0x2002037c       0xb0 C:/ISIS/workspace/ycube/GlobusSatProject/..//hal/hcc/lib\libHCCD.a(fat_common.o)
                0x2002037c                f_releaseFS
 .text.fnGetTask
                0x2002042c       0xfc C:/ISIS/workspace/ycube/GlobusSatProject/..//hal/hcc/lib\libHCCD.a(fat_common.o)
                0x2002042c                fnGetTask
 .text._f_mutex_get
                0x20020528       0x98 C:/ISIS/workspace/ycube/GlobusSatProject/..//hal/hcc/lib\libHCCD.a(fat_common.o)
                0x20020528                _f_mutex_get
 .text._f_mutex_put
                0x200205c0       0x54 C:/ISIS/workspace/ycube/GlobusSatProject/..//hal/hcc/lib\libHCCD.a(fat_common.o)
                0x200205c0                _f_mutex_put
 .text._fn_initseekdivisor
                0x20020614      0x158 C:/ISIS/workspace/ycube/GlobusSatProject/..//hal/hcc/lib\libHCCD.a(fat_common.o)
                0x20020614                _fn_initseekdivisor
 .text._fn_updateseekpos
                0x2002076c       0xc4 C:/ISIS/workspace/ycube/GlobusSatProject/..//hal/hcc/lib\libHCCD.a(fat_common.o)
 .text._f_findopensize
                0x20020830       0x2c C:/ISIS/workspace/ycube/GlobusSatProject/..//hal/hcc/lib\libHCCD.a(fat_common.o)
                0x20020830                _f_findopensize
 .text.fn_setlasterror
                0x2002085c       0x34 C:/ISIS/workspace/ycube/GlobusSatProject/..//hal/hcc/lib\libHCCD.a(fat_common.o)
                0x2002085c                fn_setlasterror
 .text.fn_setlasterror_noret
                0x20020890       0x2c C:/ISIS/workspace/ycube/GlobusSatProject/..//hal/hcc/lib\libHCCD.a(fat_common.o)
                0x20020890                fn_setlasterror_noret
 .text._s_checkzeroclusteratend
                0x200208bc       0xf8 C:/ISIS/workspace/ycube/GlobusSatProject/..//hal/hcc/lib\libHCCD.a(safefat.o)
 .text._s_clearclustercontent
                0x200209b4      0x108 C:/ISIS/workspace/ycube/GlobusSatProject/..//hal/hcc/lib\libHCCD.a(safefat.o)
 .text._s_clearclustercontentdir
                0x20020abc      0x19c C:/ISIS/workspace/ycube/GlobusSatProject/..//hal/hcc/lib\libHCCD.a(safefat.o)
 .text._s_writedirsector
                0x20020c58       0xd0 C:/ISIS/workspace/ycube/GlobusSatProject/..//hal/hcc/lib\libHCCD.a(safefat.o)
 .text._s_getdirsector
                0x20020d28      0x100 C:/ISIS/workspace/ycube/GlobusSatProject/..//hal/hcc/lib\libHCCD.a(safefat.o)
 .text._s_addentry
                0x20020e28      0x394 C:/ISIS/workspace/ycube/GlobusSatProject/..//hal/hcc/lib\libHCCD.a(safefat.o)
 .text._s_findfile
                0x200211bc      0x33c C:/ISIS/workspace/ycube/GlobusSatProject/..//hal/hcc/lib\libHCCD.a(safefat.o)
 .text._s_findsubdir
                0x200214f8      0x248 C:/ISIS/workspace/ycube/GlobusSatProject/..//hal/hcc/lib\libHCCD.a(safefat.o)
 .text._s_createfile
                0x20021740      0x190 C:/ISIS/workspace/ycube/GlobusSatProject/..//hal/hcc/lib\libHCCD.a(safefat.o)
 .text._s_findsaffile
                0x200218d0      0x1b8 C:/ISIS/workspace/ycube/GlobusSatProject/..//hal/hcc/lib\libHCCD.a(safefat.o)
 .text._s_open  0x20021a88       0xe4 C:/ISIS/workspace/ycube/GlobusSatProject/..//hal/hcc/lib\libHCCD.a(safefat.o)
 .text._s_open_saf
                0x20021b6c       0xe8 C:/ISIS/workspace/ycube/GlobusSatProject/..//hal/hcc/lib\libHCCD.a(safefat.o)
 .text._s_flush
                0x20021c54       0x84 C:/ISIS/workspace/ycube/GlobusSatProject/..//hal/hcc/lib\libHCCD.a(safefat.o)
 .text._s_allocnextcluster
                0x20021cd8      0x13c C:/ISIS/workspace/ycube/GlobusSatProject/..//hal/hcc/lib\libHCCD.a(safefat.o)
 .text._s_getnextsector
                0x20021e14       0xdc C:/ISIS/workspace/ycube/GlobusSatProject/..//hal/hcc/lib\libHCCD.a(safefat.o)
 .text._s_seek  0x20021ef0      0x1e8 C:/ISIS/workspace/ycube/GlobusSatProject/..//hal/hcc/lib\libHCCD.a(safefat.o)
 .text._s_get_len
                0x200220d8      0x10c C:/ISIS/workspace/ycube/GlobusSatProject/..//hal/hcc/lib\libHCCD.a(safefat.o)
 .text._s_set_len
                0x200221e4       0xb4 C:/ISIS/workspace/ycube/GlobusSatProject/..//hal/hcc/lib\libHCCD.a(safefat.o)
 .text.safe_fix_filelengths
                0x20022298       0xcc C:/ISIS/workspace/ycube/GlobusSatProject/..//hal/hcc/lib\libHCCD.a(safefat.o)
                0x20022298                safe_fix_filelengths
 .text._s_read  0x20022364      0x228 C:/ISIS/workspace/ycube/GlobusSatProject/..//hal/hcc/lib\libHCCD.a(safefat.o)
 .text._s_write
                0x2002258c      0x384 C:/ISIS/workspace/ycube/GlobusSatProject/..//hal/hcc/lib\libHCCD.a(safefat.o)
 .text._s_restoreclusters
                0x20022910      0x270 C:/ISIS/workspace/ycube/GlobusSatProject/..//hal/hcc/lib\libHCCD.a(safefat.o)
                0x20022910                _s_restoreclusters
 .text._s_findrestore
                0x20022b80      0x18c C:/ISIS/workspace/ycube/GlobusSatProject/..//hal/hcc/lib\libHCCD.a(safefat.o)
 .text._s_cmd_writede
                0x20022d0c       0xd8 C:/ISIS/workspace/ycube/GlobusSatProject/..//hal/hcc/lib\libHCCD.a(safefat.o)
 .text._s_cmd_setcluster
                0x20022de4       0x88 C:/ISIS/workspace/ycube/GlobusSatProject/..//hal/hcc/lib\libHCCD.a(safefat.o)
 .text._s_cmd_deletechain
                0x20022e6c      0x100 C:/ISIS/workspace/ycube/GlobusSatProject/..//hal/hcc/lib\libHCCD.a(safefat.o)
 .text._s_cmd_validatecfn
                0x20022f6c      0x308 C:/ISIS/workspace/ycube/GlobusSatProject/..//hal/hcc/lib\libHCCD.a(safefat.o)
 .text._s_cmd_seteof
                0x20023274      0x3c4 C:/ISIS/workspace/ycube/GlobusSatProject/..//hal/hcc/lib\libHCCD.a(safefat.o)
 .text.safe_docommands
                0x20023638      0x56c C:/ISIS/workspace/ycube/GlobusSatProject/..//hal/hcc/lib\libHCCD.a(safefat.o)
                0x20023638                safe_docommands
 .text.safe_entercommand
                0x20023ba4       0x68 C:/ISIS/workspace/ycube/GlobusSatProject/..//hal/hcc/lib\libHCCD.a(safefat.o)
                0x20023ba4                safe_entercommand
 .text.safe_ready
                0x20023c0c       0xf4 C:/ISIS/workspace/ycube/GlobusSatProject/..//hal/hcc/lib\libHCCD.a(safefat.o)
                0x20023c0c                safe_ready
 .text.safe_copycfn
                0x20023d00       0xb8 C:/ISIS/workspace/ycube/GlobusSatProject/..//hal/hcc/lib\libHCCD.a(safefat.o)
                0x20023d00                safe_copycfn
 .text.safe_cfremove
                0x20023db8       0xb8 C:/ISIS/workspace/ycube/GlobusSatProject/..//hal/hcc/lib\libHCCD.a(safefat.o)
                0x20023db8                safe_cfremove
 .text.safe_writede
                0x20023e70      0x104 C:/ISIS/workspace/ycube/GlobusSatProject/..//hal/hcc/lib\libHCCD.a(safefat.o)
                0x20023e70                safe_writede
 .text.safe_setcluster
                0x20023f74       0xcc C:/ISIS/workspace/ycube/GlobusSatProject/..//hal/hcc/lib\libHCCD.a(safefat.o)
                0x20023f74                safe_setcluster
 .text.safe_deletechain
                0x20024040      0x1c8 C:/ISIS/workspace/ycube/GlobusSatProject/..//hal/hcc/lib\libHCCD.a(safefat.o)
                0x20024040                safe_deletechain
 .text.safe_cfclose
                0x20024208      0x104 C:/ISIS/workspace/ycube/GlobusSatProject/..//hal/hcc/lib\libHCCD.a(safefat.o)
                0x20024208                safe_cfclose
 .text.safe_cfflush
                0x2002430c      0x124 C:/ISIS/workspace/ycube/GlobusSatProject/..//hal/hcc/lib\libHCCD.a(safefat.o)
                0x2002430c                safe_cfflush
 .text.safe_reset
                0x20024430       0x78 C:/ISIS/workspace/ycube/GlobusSatProject/..//hal/hcc/lib\libHCCD.a(safefat.o)
                0x20024430                safe_reset
 .text.safe_loadcommands
                0x200244a8       0x78 C:/ISIS/workspace/ycube/GlobusSatProject/..//hal/hcc/lib\libHCCD.a(safefat.o)
                0x200244a8                safe_loadcommands
 .text.safe_poweron
                0x20024520      0x1fc C:/ISIS/workspace/ycube/GlobusSatProject/..//hal/hcc/lib\libHCCD.a(safefat.o)
                0x20024520                safe_poweron
 .text.cf_getname
                0x2002471c       0xc0 C:/ISIS/workspace/ycube/GlobusSatProject/..//hal/hcc/lib\libHCCD.a(safefat.o)
 .text.cf_copyclusterchain
                0x200247dc      0x138 C:/ISIS/workspace/ycube/GlobusSatProject/..//hal/hcc/lib\libHCCD.a(safefat.o)
 .text.cf_seektozero
                0x20024914       0x94 C:/ISIS/workspace/ycube/GlobusSatProject/..//hal/hcc/lib\libHCCD.a(safefat.o)
                0x20024914                cf_seektozero
 .text.cf_create
                0x200249a8      0x3a8 C:/ISIS/workspace/ycube/GlobusSatProject/..//hal/hcc/lib\libHCCD.a(safefat.o)
                0x200249a8                cf_create
 .text.cf_copyclustercontent
                0x20024d50      0x128 C:/ISIS/workspace/ycube/GlobusSatProject/..//hal/hcc/lib\libHCCD.a(safefat.o)
                0x20024d50                cf_copyclustercontent
 .text.cf_copycfn
                0x20024e78      0x4bc C:/ISIS/workspace/ycube/GlobusSatProject/..//hal/hcc/lib\libHCCD.a(safefat.o)
                0x20024e78                cf_copycfn
 .text.cf_remove
                0x20025334      0x344 C:/ISIS/workspace/ycube/GlobusSatProject/..//hal/hcc/lib\libHCCD.a(safefat.o)
                0x20025334                cf_remove
 .text.cf_setclusternew
                0x20025678       0xf0 C:/ISIS/workspace/ycube/GlobusSatProject/..//hal/hcc/lib\libHCCD.a(safefat.o)
                0x20025678                cf_setclusternew
 .text.cf_flush
                0x20025768       0x58 C:/ISIS/workspace/ycube/GlobusSatProject/..//hal/hcc/lib\libHCCD.a(safefat.o)
                0x20025768                cf_flush
 .text.cf_getcluster
                0x200257c0      0x1b4 C:/ISIS/workspace/ycube/GlobusSatProject/..//hal/hcc/lib\libHCCD.a(safefat.o)
                0x200257c0                cf_getcluster
 .text.cf_setnextcluster
                0x20025974      0x194 C:/ISIS/workspace/ycube/GlobusSatProject/..//hal/hcc/lib\libHCCD.a(safefat.o)
                0x20025974                cf_setnextcluster
 .text.cf_getpositions
                0x20025b08       0xbc C:/ISIS/workspace/ycube/GlobusSatProject/..//hal/hcc/lib\libHCCD.a(safefat.o)
                0x20025b08                cf_getpositions
 .text.cf_setpositions
                0x20025bc4       0xb0 C:/ISIS/workspace/ycube/GlobusSatProject/..//hal/hcc/lib\libHCCD.a(safefat.o)
                0x20025bc4                cf_setpositions
 .text.cf_opensyncafile
                0x20025c74      0x150 C:/ISIS/workspace/ycube/GlobusSatProject/..//hal/hcc/lib\libHCCD.a(safefat.o)
                0x20025c74                cf_opensyncafile
 .text.cf_reloadcfo
                0x20025dc4       0xd8 C:/ISIS/workspace/ycube/GlobusSatProject/..//hal/hcc/lib\libHCCD.a(safefat.o)
                0x20025dc4                cf_reloadcfo
 .text.mcipdc_cmd
                0x20025e9c      0x22c C:/ISIS/workspace/ycube/GlobusSatProject/..//hal/hcc/lib\libHCCD.a(atmel_mcipdc.o)
 .text.mcipdc_stop
                0x200260c8       0xfc C:/ISIS/workspace/ycube/GlobusSatProject/..//hal/hcc/lib\libHCCD.a(atmel_mcipdc.o)
                0x200260c8                mcipdc_stop
 .text.mcipdc_read
                0x200261c4      0x27c C:/ISIS/workspace/ycube/GlobusSatProject/..//hal/hcc/lib\libHCCD.a(atmel_mcipdc.o)
 .text.mcipdc_write
                0x20026440      0x298 C:/ISIS/workspace/ycube/GlobusSatProject/..//hal/hcc/lib\libHCCD.a(atmel_mcipdc.o)
 .text.mcipdc_readsector
                0x200266d8       0x9c C:/ISIS/workspace/ycube/GlobusSatProject/..//hal/hcc/lib\libHCCD.a(atmel_mcipdc.o)
                0x200266d8                mcipdc_readsector
 .text.mcipdc_readmultiplesector
                0x20026774      0x124 C:/ISIS/workspace/ycube/GlobusSatProject/..//hal/hcc/lib\libHCCD.a(atmel_mcipdc.o)
                0x20026774                mcipdc_readmultiplesector
 .text.mcipdc_writesector
                0x20026898       0x90 C:/ISIS/workspace/ycube/GlobusSatProject/..//hal/hcc/lib\libHCCD.a(atmel_mcipdc.o)
                0x20026898                mcipdc_writesector
 .text.mcipdc_writemultiplesector
                0x20026928      0x120 C:/ISIS/workspace/ycube/GlobusSatProject/..//hal/hcc/lib\libHCCD.a(atmel_mcipdc.o)
                0x20026928                mcipdc_writemultiplesector
 .text.mcipdc_set_speed
                0x20026a48       0xb0 C:/ISIS/workspace/ycube/GlobusSatProject/..//hal/hcc/lib\libHCCD.a(atmel_mcipdc.o)
 .text.mcipdc_get_speed
                0x20026af8       0x48 C:/ISIS/workspace/ycube/GlobusSatProject/..//hal/hcc/lib\libHCCD.a(atmel_mcipdc.o)
 .text._get_csd_bits
                0x20026b40      0x14c C:/ISIS/workspace/ycube/GlobusSatProject/..//hal/hcc/lib\libHCCD.a(atmel_mcipdc.o)
 .text.mcipdc_initcard
                0x20026c8c      0x8f4 C:/ISIS/workspace/ycube/GlobusSatProject/..//hal/hcc/lib\libHCCD.a(atmel_mcipdc.o)
 .text.mcipdc_getstatus
                0x20027580       0xe8 C:/ISIS/workspace/ycube/GlobusSatProject/..//hal/hcc/lib\libHCCD.a(atmel_mcipdc.o)
 .text.mcipdc_getphy
                0x20027668       0x90 C:/ISIS/workspace/ycube/GlobusSatProject/..//hal/hcc/lib\libHCCD.a(atmel_mcipdc.o)
 .text.mcipdc_release
                0x200276f8       0x50 C:/ISIS/workspace/ycube/GlobusSatProject/..//hal/hcc/lib\libHCCD.a(atmel_mcipdc.o)
 .text.atmel_mcipdc_initfunc
                0x20027748      0x160 C:/ISIS/workspace/ycube/GlobusSatProject/..//hal/hcc/lib\libHCCD.a(atmel_mcipdc.o)
                0x20027748                atmel_mcipdc_initfunc
 .text.oal_task_get_id
                0x200278a8       0x18 C:/ISIS/workspace/ycube/GlobusSatProject/..//hal/hcc/lib\libHCCD.a(oalp_task.o)
                0x200278a8                oal_task_get_id
 .text.oal_mutex_create
                0x200278c0       0x54 C:/ISIS/workspace/ycube/GlobusSatProject/..//hal/hcc/lib\libHCCD.a(oalp_mutex.o)
                0x200278c0                oal_mutex_create
 .text.oal_mutex_delete
                0x20027914       0x30 C:/ISIS/workspace/ycube/GlobusSatProject/..//hal/hcc/lib\libHCCD.a(oalp_mutex.o)
                0x20027914                oal_mutex_delete
 .text.oal_mutex_get
                0x20027944       0x58 C:/ISIS/workspace/ycube/GlobusSatProject/..//hal/hcc/lib\libHCCD.a(oalp_mutex.o)
                0x20027944                oal_mutex_get
 .text.oal_mutex_put
                0x2002799c       0x58 C:/ISIS/workspace/ycube/GlobusSatProject/..//hal/hcc/lib\libHCCD.a(oalp_mutex.o)
                0x2002799c                oal_mutex_put
 .text.mcipdc_hw_init
                0x200279f4       0xe8 C:/ISIS/workspace/ycube/GlobusSatProject/..//hal/hcc/lib\libHCCD.a(atmel_mcipdc_hw.o)
                0x200279f4                mcipdc_hw_init
 .text.mcipdc_hw_delete
                0x20027adc       0x78 C:/ISIS/workspace/ycube/GlobusSatProject/..//hal/hcc/lib\libHCCD.a(atmel_mcipdc_hw.o)
                0x20027adc                mcipdc_hw_delete
 .text.mcipdc_hw_card_plugged
                0x20027b54       0x1c C:/ISIS/workspace/ycube/GlobusSatProject/..//hal/hcc/lib\libHCCD.a(atmel_mcipdc_hw.o)
                0x20027b54                mcipdc_hw_card_plugged
 .text.mcipdc_hw_card_writeprotect
                0x20027b70       0x1c C:/ISIS/workspace/ycube/GlobusSatProject/..//hal/hcc/lib\libHCCD.a(atmel_mcipdc_hw.o)
                0x20027b70                mcipdc_hw_card_writeprotect
 .text.psp_getrand
                0x20027b8c      0x14c C:/ISIS/workspace/ycube/GlobusSatProject/..//hal/hcc/lib\libHCCD.a(psp_rand.o)
                0x20027b8c                psp_getrand
 .text.psp_getcurrenttimedate
                0x20027cd8       0x8c C:/ISIS/workspace/ycube/GlobusSatProject/..//hal/hcc/lib\libHCCD.a(psp_rtc.o)
                0x20027cd8                psp_getcurrenttimedate
 .text._hcc_get_buf_dsc
                0x20027d64       0x8c C:/ISIS/workspace/ycube/GlobusSatProject/..//hal/hcc/lib\libHCCD.a(hcc_mem.o)
 .text._hcc_check_free_pages
                0x20027df0      0x18c C:/ISIS/workspace/ycube/GlobusSatProject/..//hal/hcc/lib\libHCCD.a(hcc_mem.o)
 .text._hcc_mark_pages
                0x20027f7c      0x158 C:/ISIS/workspace/ycube/GlobusSatProject/..//hal/hcc/lib\libHCCD.a(hcc_mem.o)
 .text._hcc_clear_lock_dsc
                0x200280d4       0x80 C:/ISIS/workspace/ycube/GlobusSatProject/..//hal/hcc/lib\libHCCD.a(hcc_mem.o)
 .text._hcc_lock_access
                0x20028154      0x128 C:/ISIS/workspace/ycube/GlobusSatProject/..//hal/hcc/lib\libHCCD.a(hcc_mem.o)
 .text._hcc_unlock_access
                0x2002827c       0x30 C:/ISIS/workspace/ycube/GlobusSatProject/..//hal/hcc/lib\libHCCD.a(hcc_mem.o)
 .text.hcc_mem_alloc
                0x200282ac      0x454 C:/ISIS/workspace/ycube/GlobusSatProject/..//hal/hcc/lib\libHCCD.a(hcc_mem.o)
                0x200282ac                hcc_mem_alloc
 .text.hcc_mem_free
                0x20028700      0x178 C:/ISIS/workspace/ycube/GlobusSatProject/..//hal/hcc/lib\libHCCD.a(hcc_mem.o)
                0x20028700                hcc_mem_free
 .text.hcc_mem_add
                0x20028878      0x3b0 C:/ISIS/workspace/ycube/GlobusSatProject/..//hal/hcc/lib\libHCCD.a(hcc_mem.o)
                0x20028878                hcc_mem_add
 .text.hcc_mem_init
                0x20028c28      0x164 C:/ISIS/workspace/ycube/GlobusSatProject/..//hal/hcc/lib\libHCCD.a(hcc_mem.o)
                0x20028c28                hcc_mem_init
 .text.hcc_mem_delete
                0x20028d8c       0x94 C:/ISIS/workspace/ycube/GlobusSatProject/..//hal/hcc/lib\libHCCD.a(hcc_mem.o)
                0x20028d8c                hcc_mem_delete
 .text.hcc_mem_buf_alloc
                0x20028e20       0xe4 C:/ISIS/workspace/ycube/GlobusSatProject/..//hal/hcc/lib\libHCCD.a(psp_hcc_mem.o)
                0x20028e20                hcc_mem_buf_alloc
 .text.hcc_mem_buf_free
                0x20028f04       0x6c C:/ISIS/workspace/ycube/GlobusSatProject/..//hal/hcc/lib\libHCCD.a(psp_hcc_mem.o)
                0x20028f04                hcc_mem_buf_free
 .text.IsisSolarPanelv2_initialize
                0x20028f70      0x118 C:/ISIS/workspace/ycube/GlobusSatProject/..//satellite-subsystems/satellite-subsystems/lib\libSatelliteSubsystemsD.a(IsisSolarPanelv2.o)
                0x20028f70                IsisSolarPanelv2_initialize
 .text.IsisSolarPanelv2_getTemperature
                0x20029088       0xfc C:/ISIS/workspace/ycube/GlobusSatProject/..//satellite-subsystems/satellite-subsystems/lib\libSatelliteSubsystemsD.a(IsisSolarPanelv2.o)
                0x20029088                IsisSolarPanelv2_getTemperature
 .text._Reset   0x20029184       0x20 C:/ISIS/workspace/ycube/GlobusSatProject/..//satellite-subsystems/satellite-subsystems/lib\libSatelliteSubsystemsD.a(IsisSolarPanelv2.o)
 .text._WaitForStartup
                0x200291a4       0xa0 C:/ISIS/workspace/ycube/GlobusSatProject/..//satellite-subsystems/satellite-subsystems/lib\libSatelliteSubsystemsD.a(IsisSolarPanelv2.o)
 .text._AssignAllChannels
                0x20029244       0x90 C:/ISIS/workspace/ycube/GlobusSatProject/..//satellite-subsystems/satellite-subsystems/lib\libSatelliteSubsystemsD.a(IsisSolarPanelv2.o)
 .text._AssignThisChannel
                0x200292d4       0xe8 C:/ISIS/workspace/ycube/GlobusSatProject/..//satellite-subsystems/satellite-subsystems/lib\libSatelliteSubsystemsD.a(IsisSolarPanelv2.o)
 .text._InitiateConversion
                0x200293bc       0xac C:/ISIS/workspace/ycube/GlobusSatProject/..//satellite-subsystems/satellite-subsystems/lib\libSatelliteSubsystemsD.a(IsisSolarPanelv2.o)
 .text._WaitForConversionComplete
                0x20029468      0x110 C:/ISIS/workspace/ycube/GlobusSatProject/..//satellite-subsystems/satellite-subsystems/lib\libSatelliteSubsystemsD.a(IsisSolarPanelv2.o)
 .text._ReadResult
                0x20029578      0x158 C:/ISIS/workspace/ycube/GlobusSatProject/..//satellite-subsystems/satellite-subsystems/lib\libSatelliteSubsystemsD.a(IsisSolarPanelv2.o)
 .text._ExtractByte
                0x200296d0       0x38 C:/ISIS/workspace/ycube/GlobusSatProject/..//satellite-subsystems/satellite-subsystems/lib\libSatelliteSubsystemsD.a(IsisSolarPanelv2.o)
 .text._ExtendSign
                0x20029708       0x6c C:/ISIS/workspace/ycube/GlobusSatProject/..//satellite-subsystems/satellite-subsystems/lib\libSatelliteSubsystemsD.a(IsisSolarPanelv2.o)
 .text._PinsInit
                0x20029774       0x68 C:/ISIS/workspace/ycube/GlobusSatProject/..//satellite-subsystems/satellite-subsystems/lib\libSatelliteSubsystemsD.a(IsisSolarPanelv2.o)
 .text._SpiWriteRead
                0x200297dc       0x70 C:/ISIS/workspace/ycube/GlobusSatProject/..//satellite-subsystems/satellite-subsystems/lib\libSatelliteSubsystemsD.a(IsisSolarPanelv2.o)
 .text.ISIS_ANTS_REV2_Init
                0x2002984c       0xc4 C:/ISIS/workspace/ycube/GlobusSatProject/..//satellite-subsystems/satellite-subsystems/lib\libSatelliteSubsystemsD.a(isis_ants_rev2.o)
                0x2002984c                ISIS_ANTS_REV2_Init
 .text.isis_ants_rev2__arm
                0x20029910       0x98 C:/ISIS/workspace/ycube/GlobusSatProject/..//satellite-subsystems/satellite-subsystems/lib\libSatelliteSubsystemsD.a(isis_ants_rev2.o)
                0x20029910                isis_ants_rev2__arm
 .text.isis_ants_rev2__cancel_deploy
                0x200299a8       0x98 C:/ISIS/workspace/ycube/GlobusSatProject/..//satellite-subsystems/satellite-subsystems/lib\libSatelliteSubsystemsD.a(isis_ants_rev2.o)
                0x200299a8                isis_ants_rev2__cancel_deploy
 .text.isis_ants_rev2__disarm
                0x20029a40       0x98 C:/ISIS/workspace/ycube/GlobusSatProject/..//satellite-subsystems/satellite-subsystems/lib\libSatelliteSubsystemsD.a(isis_ants_rev2.o)
                0x20029a40                isis_ants_rev2__disarm
 .text.isis_ants_rev2__get_status
                0x20029ad8       0xa8 C:/ISIS/workspace/ycube/GlobusSatProject/..//satellite-subsystems/satellite-subsystems/lib\libSatelliteSubsystemsD.a(isis_ants_rev2.o)
                0x20029ad8                isis_ants_rev2__get_status
 .text.isis_ants_rev2__get_uptime
                0x20029b80       0xa8 C:/ISIS/workspace/ycube/GlobusSatProject/..//satellite-subsystems/satellite-subsystems/lib\libSatelliteSubsystemsD.a(isis_ants_rev2.o)
                0x20029b80                isis_ants_rev2__get_uptime
 .text.isis_ants_rev2__reset
                0x20029c28       0x98 C:/ISIS/workspace/ycube/GlobusSatProject/..//satellite-subsystems/satellite-subsystems/lib\libSatelliteSubsystemsD.a(isis_ants_rev2.o)
                0x20029c28                isis_ants_rev2__reset
 .text.isis_ants_rev2__start_auto_deploy
                0x20029cc0       0xb0 C:/ISIS/workspace/ycube/GlobusSatProject/..//satellite-subsystems/satellite-subsystems/lib\libSatelliteSubsystemsD.a(isis_ants_rev2.o)
                0x20029cc0                isis_ants_rev2__start_auto_deploy
 .text._ISIS_ANTS_REV2_I2C_Send
                0x20029d70       0x8c C:/ISIS/workspace/ycube/GlobusSatProject/..//satellite-subsystems/satellite-subsystems/lib\libSatelliteSubsystemsD.a(isis_ants_rev2.o)
 .text.ISIS_VU_E_Init
                0x20029dfc       0xe4 C:/ISIS/workspace/ycube/GlobusSatProject/..//satellite-subsystems/satellite-subsystems/lib\libSatelliteSubsystemsD.a(isis_vu_e.o)
                0x20029dfc                ISIS_VU_E_Init
 .text.isis_vu_e__get_frame
                0x20029ee0       0x84 C:/ISIS/workspace/ycube/GlobusSatProject/..//satellite-subsystems/satellite-subsystems/lib\libSatelliteSubsystemsD.a(isis_vu_e.o)
                0x20029ee0                isis_vu_e__get_frame
 .text.isis_vu_e__get_frame_variable