Archive member included because of file (symbol)

C:/ISIS/workspace_ycube/ycube/GlobusSatProject/..//hal/hal/lib\libHALD.a(SPI.o)
                              ./src/InitSystem.o (SPI_start)
C:/ISIS/workspace_ycube/ycube/GlobusSatProject/..//hal/hal/lib\libHALD.a(I2C.o)
                              ./src/SubSystemModules/Payload/payload_drivers.o (I2C_write)
C:/ISIS/workspace_ycube/ycube/GlobusSatProject/..//hal/hal/lib\libHALD.a(ADC.o)
                              ./src/SubSystemModules/Housekepping/TelemetryCollector.o (ADC_ConvertRaw10bitToMillivolt)
C:/ISIS/workspace_ycube/ycube/GlobusSatProject/..//hal/hal/lib\libHALD.a(FRAM.o)
                              ./src/SubSystemModules/Communication/SubsystemCommands/Maintanence_Commands.o (FRAM_start)
C:/ISIS/workspace_ycube/ycube/GlobusSatProject/..//hal/hal/lib\libHALD.a(Time.o)
                              ./src/InitSystem.o (Time_start)
C:/ISIS/workspace_ycube/ycube/GlobusSatProject/..//hal/hal/lib\libHALD.a(WatchDogTimerNoOS.o)
                              ./src/main.o (WDT_start)
C:/ISIS/workspace_ycube/ycube/GlobusSatProject/..//hal/hal/lib\libHALD.a(RTT.o)
                              C:/ISIS/workspace_ycube/ycube/GlobusSatProject/..//hal/hal/lib\libHALD.a(Time.o) (RTT_start)
C:/ISIS/workspace_ycube/ycube/GlobusSatProject/..//hal/hal/lib\libHALD.a(RTC.o)
                              C:/ISIS/workspace_ycube/ycube/GlobusSatProject/..//hal/hal/lib\libHALD.a(Time.o) (RTC_getTime)
C:/ISIS/workspace_ycube/ycube/GlobusSatProject/..//hal/hal/lib\libHALD.a(WatchDogTimerOS.o)
                              ./src/TestingDemos/MainTest.o (WDT_startWatchdogKickTask)
C:/ISIS/workspace_ycube/ycube/GlobusSatProject/..//hal/hal/lib\libHALD.a(fprintf.o)
                              ./src/TLM_management.o (f_puts)
C:/ISIS/workspace_ycube/ycube/GlobusSatProject/..//hal/hal/lib\libHALD.a(util.o)
                              ./src/TestingDemos/CommandsTestingDemo.o (UTIL_DbguGetIntegerMinMax)
C:/ISIS/workspace_ycube/ycube/GlobusSatProject/..//hal/hal/lib\libHALD.a(LED.o)
                              C:/ISIS/workspace_ycube/ycube/GlobusSatProject/..//hal/hal/lib\libHALD.a(WatchDogTimerOS.o) (LED_toggle)
C:/ISIS/workspace_ycube/ycube/GlobusSatProject/..//hal/hcc/lib\libHCCD.a(fat_m.o)
                              ./src/TLM_management.o (fm_initvolume)
C:/ISIS/workspace_ycube/ycube/GlobusSatProject/..//hal/hcc/lib\libHCCD.a(fat.o)
                              C:/ISIS/workspace_ycube/ycube/GlobusSatProject/..//hal/hcc/lib\libHCCD.a(fat_m.o) (fn_getdcwd)
C:/ISIS/workspace_ycube/ycube/GlobusSatProject/..//hal/hcc/lib\libHCCD.a(fat_common.o)
                              C:/ISIS/workspace_ycube/ycube/GlobusSatProject/..//hal/hcc/lib\libHCCD.a(fat.o) (p_filesystem)
C:/ISIS/workspace_ycube/ycube/GlobusSatProject/..//hal/hcc/lib\libHCCD.a(safefat.o)
                              C:/ISIS/workspace_ycube/ycube/GlobusSatProject/..//hal/hcc/lib\libHCCD.a(fat.o) (s_subdir)
C:/ISIS/workspace_ycube/ycube/GlobusSatProject/..//hal/hcc/lib\libHCCD.a(atmel_mcipdc.o)
                              ./src/TLM_management.o (atmel_mcipdc_initfunc)
C:/ISIS/workspace_ycube/ycube/GlobusSatProject/..//hal/hcc/lib\libHCCD.a(oalp_task.o)
                              C:/ISIS/workspace_ycube/ycube/GlobusSatProject/..//hal/hcc/lib\libHCCD.a(fat_common.o) (oal_task_get_id)
C:/ISIS/workspace_ycube/ycube/GlobusSatProject/..//hal/hcc/lib\libHCCD.a(oalp_mutex.o)
                              C:/ISIS/workspace_ycube/ycube/GlobusSatProject/..//hal/hcc/lib\libHCCD.a(fat_common.o) (oal_mutex_create)
C:/ISIS/workspace_ycube/ycube/GlobusSatProject/..//hal/hcc/lib\libHCCD.a(atmel_mcipdc_hw.o)
                              C:/ISIS/workspace_ycube/ycube/GlobusSatProject/..//hal/hcc/lib\libHCCD.a(atmel_mcipdc.o) (mcipdc_hw_init)
C:/ISIS/workspace_ycube/ycube/GlobusSatProject/..//hal/hcc/lib\libHCCD.a(psp_rand.o)
                              C:/ISIS/workspace_ycube/ycube/GlobusSatProject/..//hal/hcc/lib\libHCCD.a(fat_common.o) (psp_getrand)
C:/ISIS/workspace_ycube/ycube/GlobusSatProject/..//hal/hcc/lib\libHCCD.a(psp_rtc.o)
                              C:/ISIS/workspace_ycube/ycube/GlobusSatProject/..//hal/hcc/lib\libHCCD.a(fat_common.o) (psp_getcurrenttimedate)
C:/ISIS/workspace_ycube/ycube/GlobusSatProject/..//hal/hcc/lib\libHCCD.a(hcc_mem.o)
                              C:/ISIS/workspace_ycube/ycube/GlobusSatProject/..//hal/hcc/lib\libHCCD.a(atmel_mcipdc.o) (hcc_mem_alloc)
C:/ISIS/workspace_ycube/ycube/GlobusSatProject/..//hal/hcc/lib\libHCCD.a(psp_hcc_mem.o)
                              C:/ISIS/workspace_ycube/ycube/GlobusSatProject/..//hal/hcc/lib\libHCCD.a(hcc_mem.o) (hcc_mem_buf_alloc)
C:/ISIS/workspace_ycube/ycube/GlobusSatProject/..//satellite-subsystems/satellite-subsystems/lib\libSatelliteSubsystemsD.a(IsisSolarPanelv2.o)
                              ./src/SubSystemModules/PowerManagment/EPS.o (IsisSolarPanelv2_initialize)
[...]
Memory Configuration

Name             Origin             Length             Attributes
sram0            0x00200000         0x00004000         w !xr
sram1            0x00300000         0x00004000         w !xr
sdram            0x20000000         0x02000000         w !xr
*default*        0x00000000         0xffffffff

Linker script and memory map

LOAD c:/isis/application/toolchain/bin/../lib/gcc/arm-none-eabi/4.7.4/../../../../arm-none-eabi/lib\libc.a
LOAD ./src/TestingDemos/CommandsTestingDemo.o
LOAD ./src/TestingDemos/EpsTestingDemo.o
LOAD ./src/TestingDemos/FileSystemTestingDemo.o
LOAD ./src/TestingDemos/MainTest.o
LOAD ./src/TestingDemos/MaintenanceTestingDemo.o
LOAD ./src/TestingDemos/TelemetryTestingDemo.o
LOAD ./src/TestingDemos/TrxvuTestingDemo.o
LOAD ./src/SubSystemModules/PowerManagment/EPS.o
LOAD ./src/SubSystemModules/PowerManagment/EPSOperationModes.o
LOAD ./src/SubSystemModules/Payload/payload_drivers.o
LOAD ./src/SubSystemModules/Maintenance/Maintenance.o
LOAD ./src/SubSystemModules/Housekepping/NamesLogic.o
LOAD ./src/SubSystemModules/Housekepping/RAMTelemetry.o
LOAD ./src/SubSystemModules/Housekepping/TelemetryCollector.o
LOAD ./src/SubSystemModules/Communication/SubsystemCommands/EPS_Commands.o
LOAD ./src/SubSystemModules/Communication/SubsystemCommands/FS_Commands.o
LOAD ./src/SubSystemModules/Communication/SubsystemCommands/Maintanence_Commands.o
LOAD ./src/SubSystemModules/Communication/SubsystemCommands/TRXVU_Commands.o
LOAD ./src/SubSystemModules/Communication/AckHandler.o
LOAD ./src/SubSystemModules/Communication/CommandDictionary.o
LOAD ./src/SubSystemModules/Communication/HashSecuredCMD.o
LOAD ./src/SubSystemModules/Communication/SatCommandHandler.o
LOAD ./src/SubSystemModules/Communication/TRXVU.o
LOAD ./src/InitSystem.o
LOAD ./src/TLM_management.o
LOAD ./src/main.o
LOAD ./src/utils.o
LOAD C:/ISIS/workspace_ycube/ycube/GlobusSatProject/..//hal/hal/lib\libHALD.a
LOAD C:/ISIS/workspace_ycube/ycube/GlobusSatProject/..//hal/hcc/lib\libHCCD.a
LOAD C:/ISIS/workspace_ycube/ycube/GlobusSatProject/..//satellite-subsystems/satellite-subsystems/lib\libSatelliteSubsystemsD.a
LOAD C:/ISIS/workspace_ycube/ycube/GlobusSatProject/..//hal/freertos/lib\libFreeRTOSD.a
LOAD C:/ISIS/workspace_ycube/ycube/GlobusSatProject/..//hal/at91/lib\libAt91D.a
START GROUP
LOAD c:/isis/application/toolchain/bin/../lib/gcc/arm-none-eabi/4.7.4\libgcc.a
LOAD c:/isis/application/toolchain/bin/../lib/gcc/arm-none-eabi/4.7.4/../../../../arm-none-eabi/lib\libg.a
LOAD c:/isis/application/toolchain/bin/../lib/gcc/arm-none-eabi/4.7.4/../../../../arm-none-eabi/lib\libc.a
END GROUP

.fixed          0x20000000    0x40678
                0x20000000                . = ALIGN (0x4)
                0x20000000                _sfixed = .
 *(.startup)
 .startup       0x20000000      0x184 C:/ISIS/workspace_ycube/ycube/GlobusSatProject/..//hal/at91/lib\libAt91D.a(board_cstartup.o)
                0x20000000                entry
 *(.text)
 .text          0x20000184       0x64 C:/ISIS/workspace_ycube/ycube/GlobusSatProject/..//hal/at91/lib\libAt91D.a(cp15_asm.o)
                0x20000184                _readControlRegister
                0x20000190                _writeControlRegister
                0x20000198                _waitForInterrupt
                0x200001a4                _writeTTB
                0x200001ac                _writeDomain
                0x200001b4                _writeITLBLockdown
                0x200001bc                _prefetchICacheLine
                0x200001c4                _flushDCache
                0x200001d0                _flushWriteBuffer
                0x200001dc                _invalidateIDTLBs
 .text          0x200001e8      0x114 c:/isis/application/toolchain/bin/../lib/gcc/arm-none-eabi/4.7.4\libgcc.a(_udivsi3.o)
                0x200001e8                __aeabi_uidiv
                0x200001e8                __udivsi3
                0x200002dc                __aeabi_uidivmod
 .text          0x200002fc      0x148 c:/isis/application/toolchain/bin/../lib/gcc/arm-none-eabi/4.7.4\libgcc.a(_divsi3.o)
                0x200002fc                __divsi3
                0x200002fc                __aeabi_idiv
                0x20000424                __aeabi_idivmod
 .text          0x20000444        0x4 c:/isis/application/toolchain/bin/../lib/gcc/arm-none-eabi/4.7.4\libgcc.a(_dvmd_tls.o)
                0x20000444                __aeabi_idiv0
                0x20000444                __aeabi_ldiv0
 .text          0x20000448      0x41c c:/isis/application/toolchain/bin/../lib/gcc/arm-none-eabi/4.7.4\libgcc.a(_arm_addsubdf3.o)
                0x20000448                __aeabi_drsub
                0x20000450                __aeabi_dsub
                0x20000450                __subdf3
                0x20000454                __aeabi_dadd
                0x20000454                __adddf3
                0x20000764                __floatunsidf
                0x20000764                __aeabi_ui2d
                0x20000788                __floatsidf
                0x20000788                __aeabi_i2d
                0x200007b0                __aeabi_f2d
                0x200007b0                __extendsfdf2
                0x200007f0                __floatundidf
                0x200007f0                __aeabi_ul2d
                0x20000804                __floatdidf
                0x20000804                __aeabi_l2d
 .text          0x20000864      0x49c c:/isis/application/toolchain/bin/../lib/gcc/arm-none-eabi/4.7.4\libgcc.a(_arm_muldivdf3.o)
                0x20000864                __aeabi_dmul
                0x20000864                __muldf3
                0x20000af4                __divdf3
                0x20000af4                __aeabi_ddiv
 .text          0x20000d00      0x2ac c:/isis/application/toolchain/bin/../lib/gcc/arm-none-eabi/4.7.4\libgcc.a(_arm_addsubsf3.o)
                0x20000d00                __aeabi_frsub
                0x20000d08                __subsf3
                0x20000d08                __aeabi_fsub
                0x20000d0c                __aeabi_fadd
                0x20000d0c                __addsf3
                0x20000ec8                __aeabi_ui2f
                0x20000ec8                __floatunsisf
                0x20000ed0                __aeabi_i2f
                0x20000ed0                __floatsisf
                0x20000ef0                __aeabi_ul2f
                0x20000ef0                __floatundisf
                0x20000f00                __aeabi_l2f
                0x20000f00                __floatdisf
 .text          0x20000fac      0x2f8 c:/isis/application/toolchain/bin/../lib/gcc/arm-none-eabi/4.7.4\libgcc.a(_arm_muldivsf3.o)
                0x20000fac                __mulsf3
                0x20000fac                __aeabi_fmul
                0x20001144                __aeabi_fdiv
                0x20001144                __divsf3
 .text          0x200012a4      0x114 c:/isis/application/toolchain/bin/../lib/gcc/arm-none-eabi/4.7.4\libgcc.a(_arm_cmpsf2.o)
                0x200012a4                __gesf2
                0x200012a4                __gtsf2
                0x200012ac                __lesf2
                0x200012ac                __ltsf2
                0x200012b4                __nesf2
                0x200012b4                __eqsf2
                0x200012b4                __cmpsf2
                0x20001318                __aeabi_cfrcmple
                0x20001328                __aeabi_cfcmpeq
                0x20001328                __aeabi_cfcmple
                0x20001340                __aeabi_fcmpeq
                0x20001358                __aeabi_fcmplt
                0x20001370                __aeabi_fcmple
                0x20001388                __aeabi_fcmpge
                0x200013a0                __aeabi_fcmpgt
 .text          0x200013b8       0x54 c:/isis/application/toolchain/bin/../lib/gcc/arm-none-eabi/4.7.4\libgcc.a(_arm_fixunssfsi.o)
                0x200013b8                __fixunssfsi
                0x200013b8                __aeabi_f2uiz
 .text          0x2000140c      0x144 c:/isis/application/toolchain/bin/../lib/gcc/arm-none-eabi/4.7.4\libgcc.a(_arm_cmpdf2.o)
                0x2000140c                __gtdf2
                0x2000140c                __gedf2
                0x20001414                __ltdf2
                0x20001414                __ledf2
                0x2000141c                __nedf2
                0x2000141c                __eqdf2
                0x2000141c                __cmpdf2
                0x200014a4                __aeabi_cdrcmple
                0x200014c0                __aeabi_cdcmpeq
                0x200014c0                __aeabi_cdcmple
                0x200014d8                __aeabi_dcmpeq
                0x200014f0                __aeabi_dcmplt
                0x20001508                __aeabi_dcmple
                0x20001520                __aeabi_dcmpge
                0x20001538                __aeabi_dcmpgt
 .text          0x20001550       0x5c c:/isis/application/toolchain/bin/../lib/gcc/arm-none-eabi/4.7.4\libgcc.a(_arm_fixdfsi.o)
                0x20001550                __aeabi_d2iz
                0x20001550                __fixdfsi
 .text          0x200015ac       0x3c c:/isis/application/toolchain/bin/../lib/gcc/arm-none-eabi/4.7.4\libgcc.a(_aeabi_uldivmod.o)
                0x200015ac                __aeabi_uldivmod
 .text          0x200015e8       0x84 c:/isis/application/toolchain/bin/../lib/gcc/arm-none-eabi/4.7.4\libgcc.a(bpabi.o)
                0x200015e8                __gnu_ldivmod_helper
                0x2000162c                __gnu_uldivmod_helper
 .text          0x2000166c      0x4f0 c:/isis/application/toolchain/bin/../lib/gcc/arm-none-eabi/4.7.4\libgcc.a(_divdi3.o)
                0x2000166c                __divdi3
 .text          0x20001b5c      0x488 c:/isis/application/toolchain/bin/../lib/gcc/arm-none-eabi/4.7.4\libgcc.a(_udivdi3.o)
                0x20001b5c                __udivdi3
 .text          0x20001fe4       0x48 c:/isis/application/toolchain/bin/../lib/gcc/arm-none-eabi/4.7.4\libgcc.a(_clzsi2.o)
                0x20001fe4                __clzsi2
 *(.text*)
 .text.GetBatteryVoltage
                0x2000202c       0x78 ./src/SubSystemModules/PowerManagment/EPS.o
                0x2000202c                GetBatteryVoltage
 .text.EPS_Init
                0x200020a4      0x13c ./src/SubSystemModules/PowerManagment/EPS.o
                0x200020a4                EPS_Init
 .text.EPS_Conditioning
                0x200021e0      0x1c4 ./src/SubSystemModules/PowerManagment/EPS.o
                0x200021e0                EPS_Conditioning
 .text.UpdateAlpha
                0x200023a4       0xd8 ./src/SubSystemModules/PowerManagment/EPS.o
                0x200023a4                UpdateAlpha
 .text.GetThresholdVoltages
                0x2000247c       0x80 ./src/SubSystemModules/PowerManagment/EPS.o
                0x2000247c                GetThresholdVoltages
 .text.GetAlpha
                0x200024fc       0x7c ./src/SubSystemModules/PowerManagment/EPS.o
                0x200024fc                GetAlpha
 .text.CMDGetHeaterValues
                0x20002578      0x1f8 ./src/SubSystemModules/PowerManagment/EPS.o
                0x20002578                CMDGetHeaterValues
 .text.CMDSetHeaterValues
                0x20002770      0x204 ./src/SubSystemModules/PowerManagment/EPS.o
                0x20002770                CMDSetHeaterValues
 .text.EnterFullMode
                0x20002974       0x50 ./src/SubSystemModules/PowerManagment/EPSOperationModes.o
                0x20002974                EnterFullMode
 .text.EnterCruiseMode
                0x200029c4       0x4c ./src/SubSystemModules/PowerManagment/EPSOperationModes.o
                0x200029c4                EnterCruiseMode
 .text.EnterSafeMode
                0x20002a10       0x50 ./src/SubSystemModules/PowerManagment/EPSOperationModes.o
                0x20002a10                EnterSafeMode
 .text.EnterCriticalMode
                0x20002a60       0x50 ./src/SubSystemModules/PowerManagment/EPSOperationModes.o
                0x20002a60                EnterCriticalMode
 .text.PayloadOperations
                0x20002ab0      0x1a4 ./src/SubSystemModules/PowerManagment/EPSOperationModes.o
                0x20002ab0                PayloadOperations
 .text.Payload_Safety
                0x20002c54       0xb0 ./src/SubSystemModules/PowerManagment/EPSOperationModes.o
                0x20002c54                Payload_Safety
 .text.Payload_Safety_IN_Maintenance
                0x20002d04       0x60 ./src/SubSystemModules/PowerManagment/EPSOperationModes.o
                0x20002d04                Payload_Safety_IN_Maintenance
 .text.DoesPayloadChannelOn
                0x20002d64       0xa4 ./src/SubSystemModules/PowerManagment/EPSOperationModes.o
                0x20002d64                DoesPayloadChannelOn
 .text.EpsGetLowVoltageFlag
                0x20002e08       0x24 ./src/SubSystemModules/PowerManagment/EPSOperationModes.o
                0x20002e08                EpsGetLowVoltageFlag
 .text.EpsSetLowVoltageFlag
                0x20002e2c       0x2c ./src/SubSystemModules/PowerManagment/EPSOperationModes.o
                0x20002e2c                EpsSetLowVoltageFlag
 .text.payloadRead
                0x20002e58       0xbc ./src/SubSystemModules/Payload/payload_drivers.o
                0x20002e58                payloadRead
 .text.payloadSendCommand
                0x20002f14       0x70 ./src/SubSystemModules/Payload/payload_drivers.o
                0x20002f14                payloadSendCommand
 .text.payloadReadEnvironment
                0x20002f84      0x2d0 ./src/SubSystemModules/Payload/payload_drivers.o
                0x20002f84                payloadReadEnvironment
 .text.payloadReadEvents
                0x20003254      0x1e8 ./src/SubSystemModules/Payload/payload_drivers.o
                0x20003254                payloadReadEvents
 .text.CheckExecutionTime
                0x2000343c       0x80 ./src/SubSystemModules/Maintenance/Maintenance.o
                0x2000343c                CheckExecutionTime
 .text.SaveSatTimeInFRAM
                0x200034bc       0x44 ./src/SubSystemModules/Maintenance/Maintenance.o
                0x200034bc                SaveSatTimeInFRAM
 .text.WakeupFromResetCMD
                0x20003500      0x120 ./src/SubSystemModules/Maintenance/Maintenance.o
                0x20003500                WakeupFromResetCMD
 .text.ResetGroundCommWDT
                0x20003620       0x1c ./src/SubSystemModules/Maintenance/Maintenance.o
                0x20003620                ResetGroundCommWDT
 .text.IsGroundCommunicationWDTKick
                0x2000363c       0x78 ./src/SubSystemModules/Maintenance/Maintenance.o
                0x2000363c                IsGroundCommunicationWDTKick
 .text.GetGsWdtKickTime
                0x200036b4       0x38 ./src/SubSystemModules/Maintenance/Maintenance.o
                0x200036b4                GetGsWdtKickTime
 .text.findMinMaxDate
                0x200036ec       0xdc ./src/SubSystemModules/Maintenance/Maintenance.o
                0x200036ec                findMinMaxDate
 .text.DeleteOldFiels
                0x200037c8       0xf0 ./src/SubSystemModules/Maintenance/Maintenance.o
                0x200037c8                DeleteOldFiels
 .text.CheckDeployAnt
                0x200038b8       0x84 ./src/SubSystemModules/Maintenance/Maintenance.o
                0x200038b8                CheckDeployAnt
 .text.HardResetMCU
                0x2000393c       0x3c ./src/SubSystemModules/Maintenance/Maintenance.o
                0x2000393c                HardResetMCU
 .text.Maintenance
                0x20003978       0xcc ./src/SubSystemModules/Maintenance/Maintenance.o
                0x20003978                Maintenance
 .text.GetRandomName
                0x20003a44       0x80 ./src/SubSystemModules/Housekepping/NamesLogic.o
                0x20003a44                GetRandomName
 .text.ResetRamTlm
                0x20003ac4       0xe4 ./src/SubSystemModules/Housekepping/RAMTelemetry.o
                0x20003ac4                ResetRamTlm
 .text.inc      0x20003ba8       0x4c ./src/SubSystemModules/Housekepping/RAMTelemetry.o
                0x20003ba8                inc
 .text.dec      0x20003bf4       0x48 ./src/SubSystemModules/Housekepping/RAMTelemetry.o
                0x20003bf4                dec
 .text.saveTlmToRam
                0x20003c3c      0x28c ./src/SubSystemModules/Housekepping/RAMTelemetry.o
                0x20003c3c                saveTlmToRam
 .text.getTlm   0x20003ec8      0x350 ./src/SubSystemModules/Housekepping/RAMTelemetry.o
                0x20003ec8                getTlm
 .text.getRange
                0x20004218      0x1dc ./src/SubSystemModules/Housekepping/RAMTelemetry.o
                0x20004218                getRange
 .text.InitSavePeriodTimes
                0x200043f4       0xa4 ./src/SubSystemModules/Housekepping/TelemetryCollector.o
                0x200043f4                InitSavePeriodTimes
 .text.CMD_GetTLMPeriodTimes
                0x20004498       0x38 ./src/SubSystemModules/Housekepping/TelemetryCollector.o
                0x20004498                CMD_GetTLMPeriodTimes
 .text.CMD_SetTLMPeriodTimes
                0x200044d0      0x1dc ./src/SubSystemModules/Housekepping/TelemetryCollector.o
                0x200044d0                CMD_SetTLMPeriodTimes
 .text.TelemetryCollectorLogic
                0x200046ac      0x208 ./src/SubSystemModules/Housekepping/TelemetryCollector.o
                0x200046ac                TelemetryCollectorLogic
 .text.TelemetrySaveEPS
                0x200048b4       0x54 ./src/SubSystemModules/Housekepping/TelemetryCollector.o
                0x200048b4                TelemetrySaveEPS
 .text.TelemetrySaveTRXVU
                0x20004908       0x94 ./src/SubSystemModules/Housekepping/TelemetryCollector.o
                0x20004908                TelemetrySaveTRXVU
 .text.TelemetrySaveWOD
                0x2000499c       0x5c ./src/SubSystemModules/Housekepping/TelemetryCollector.o
                0x2000499c                TelemetrySaveWOD
 .text.TelemetrySaveRADFET
                0x200049f8       0xd4 ./src/SubSystemModules/Housekepping/TelemetryCollector.o
                0x200049f8                TelemetrySaveRADFET
 .text.TelemetrySavePayloadEvents
                0x20004acc       0xf0 ./src/SubSystemModules/Housekepping/TelemetryCollector.o
                0x20004acc                TelemetrySavePayloadEvents
 .text.GetCurrentWODTelemetry
                0x20004bbc      0x808 ./src/SubSystemModules/Housekepping/TelemetryCollector.o
                0x20004bbc                GetCurrentWODTelemetry
 .text.CMD_EPS_ResetWDT
                0x200053c4       0x58 ./src/SubSystemModules/Communication/SubsystemCommands/EPS_Commands.o
                0x200053c4                CMD_EPS_ResetWDT
 .text.CMD_Change_Payload_State_INFRAM
                0x2000541c       0x8c ./src/SubSystemModules/Communication/SubsystemCommands/EPS_Commands.o
                0x2000541c                CMD_Change_Payload_State_INFRAM
 .text.CMD_Payload_Operations
                0x200054a8       0xa8 ./src/SubSystemModules/Communication/SubsystemCommands/EPS_Commands.o
                0x200054a8                CMD_Payload_Operations
 .text.CMD_DeleteTLM
                0x20005550      0x1a0 ./src/SubSystemModules/Communication/SubsystemCommands/FS_Commands.o
                0x20005550                CMD_DeleteTLM
 .text.CMD_DeleteAllFiles
                0x200056f0       0x38 ./src/SubSystemModules/Communication/SubsystemCommands/FS_Commands.o
                0x200056f0                CMD_DeleteAllFiles
 .text.CMD_GetLastFS_Error
                0x20005728       0x4c ./src/SubSystemModules/Communication/SubsystemCommands/FS_Commands.o
                0x20005728                CMD_GetLastFS_Error
 .text.CMD_Get_TLM_Info
                0x20005774      0x1ac ./src/SubSystemModules/Communication/SubsystemCommands/FS_Commands.o
                0x20005774                CMD_Get_TLM_Info
 .text.CMD_Switch_SD_Card
                0x20005920       0xcc ./src/SubSystemModules/Communication/SubsystemCommands/FS_Commands.o
                0x20005920                CMD_Switch_SD_Card
 .text.CMD_Format_SD_Card
                0x200059ec       0xa4 ./src/SubSystemModules/Communication/SubsystemCommands/FS_Commands.o
                0x200059ec                CMD_Format_SD_Card
 .text.CMD_GenericI2C
                0x20005a90      0x144 ./src/SubSystemModules/Communication/SubsystemCommands/Maintanence_Commands.o
                0x20005a90                CMD_GenericI2C
 .text.CMD_FRAM_ReadAndTransmitt
                0x20005bd4       0xe8 ./src/SubSystemModules/Communication/SubsystemCommands/Maintanence_Commands.o
                0x20005bd4                CMD_FRAM_ReadAndTransmitt
 .text.CMD_FRAM_WriteAndTransmitt
                0x20005cbc       0xfc ./src/SubSystemModules/Communication/SubsystemCommands/Maintanence_Commands.o
                0x20005cbc                CMD_FRAM_WriteAndTransmitt
 .text.CMD_FRAM_ReStart
                0x20005db8       0x4c ./src/SubSystemModules/Communication/SubsystemCommands/Maintanence_Commands.o
                0x20005db8                CMD_FRAM_ReStart
 .text.CMD_UpdateSatTime
                0x20005e04       0xa4 ./src/SubSystemModules/Communication/SubsystemCommands/Maintanence_Commands.o
                0x20005e04                CMD_UpdateSatTime
 .text.CMD_GetDevInfo
                0x20005ea8       0x5c ./src/SubSystemModules/Communication/SubsystemCommands/Maintanence_Commands.o
                0x20005ea8                CMD_GetDevInfo
 .text.CMD_GetSatUptime
                0x20005f04       0x48 ./src/SubSystemModules/Communication/SubsystemCommands/Maintanence_Commands.o
                0x20005f04                CMD_GetSatUptime
 .text.CMD_ResetComponent
                0x20005f4c      0x274 ./src/SubSystemModules/Communication/SubsystemCommands/Maintanence_Commands.o
                0x20005f4c                CMD_ResetComponent
 .text.DumpTask
                0x200061c0      0x310 ./src/SubSystemModules/Communication/SubsystemCommands/TRXVU_Commands.o
                0x200061c0                DumpTask
 .text.DumpRamTask
                0x200064d0      0x104 ./src/SubSystemModules/Communication/SubsystemCommands/TRXVU_Commands.o
                0x200064d0                DumpRamTask
 .text.CMD_AntennaDeploy
                0x200065d4       0x8c ./src/SubSystemModules/Communication/SubsystemCommands/TRXVU_Commands.o
                0x200065d4                CMD_AntennaDeploy
 .text.CMD_StartDump
                0x20006660      0x200 ./src/SubSystemModules/Communication/SubsystemCommands/TRXVU_Commands.o
                0x20006660                CMD_StartDump
 .text.CMD_SendDumpAbortRequest
                0x20006860       0x38 ./src/SubSystemModules/Communication/SubsystemCommands/TRXVU_Commands.o
                0x20006860                CMD_SendDumpAbortRequest
 .text.CMD_SetTransponder
                0x20006898      0x110 ./src/SubSystemModules/Communication/SubsystemCommands/TRXVU_Commands.o
                0x20006898                CMD_SetTransponder
 .text.CMD_SetRSSITransponder
                0x200069a8       0x90 ./src/SubSystemModules/Communication/SubsystemCommands/TRXVU_Commands.o
                0x200069a8                CMD_SetRSSITransponder
 .text.CMD_MuteTRXVU
                0x20006a38       0xc4 ./src/SubSystemModules/Communication/SubsystemCommands/TRXVU_Commands.o
                0x20006a38                CMD_MuteTRXVU
 .text.CMD_SetIdleState
                0x20006afc       0x94 ./src/SubSystemModules/Communication/SubsystemCommands/TRXVU_Commands.o
                0x20006afc                CMD_SetIdleState
 .text.CMD_UnMuteTRXVU
                0x20006b90       0x38 ./src/SubSystemModules/Communication/SubsystemCommands/TRXVU_Commands.o
                0x20006b90                CMD_UnMuteTRXVU
 .text.CMD_GetBaudRate
                0x20006bc8       0x6c ./src/SubSystemModules/Communication/SubsystemCommands/TRXVU_Commands.o
                0x20006bc8                CMD_GetBaudRate
 .text.CMD_TrasmitBeacon
                0x20006c34       0x48 ./src/SubSystemModules/Communication/SubsystemCommands/TRXVU_Commands.o
                0x20006c34                CMD_TrasmitBeacon
 .text.CMD_GetBeaconInterval
                0x20006c7c       0x6c ./src/SubSystemModules/Communication/SubsystemCommands/TRXVU_Commands.o
                0x20006c7c                CMD_GetBeaconInterval
 .text.CMD_SetBaudRate
                0x20006ce8       0x64 ./src/SubSystemModules/Communication/SubsystemCommands/TRXVU_Commands.o
                0x20006ce8                CMD_SetBaudRate
 .text.CMD_GetTxUptime
                0x20006d4c       0x68 ./src/SubSystemModules/Communication/SubsystemCommands/TRXVU_Commands.o
                0x20006d4c                CMD_GetTxUptime
 .text.CMD_GetRxUptime
                0x20006db4       0x68 ./src/SubSystemModules/Communication/SubsystemCommands/TRXVU_Commands.o
                0x20006db4                CMD_GetRxUptime
 .text.CMD_GetNumOfOnlineCommands
                0x20006e1c       0x68 ./src/SubSystemModules/Communication/SubsystemCommands/TRXVU_Commands.o
                0x20006e1c                CMD_GetNumOfOnlineCommands
 .text.CMD_SecurePing
                0x20006e84       0x6c ./src/SubSystemModules/Communication/SubsystemCommands/TRXVU_Commands.o
                0x20006e84                CMD_SecurePing
 .text.CMD_AntSetArmStatus
                0x20006ef0       0x3c ./src/SubSystemModules/Communication/SubsystemCommands/TRXVU_Commands.o
                0x20006ef0                CMD_AntSetArmStatus
 .text.CMD_AntGetArmStatus
                0x20006f2c       0x60 ./src/SubSystemModules/Communication/SubsystemCommands/TRXVU_Commands.o
                0x20006f2c                CMD_AntGetArmStatus
 .text.CMD_AntGetUptime
                0x20006f8c       0x68 ./src/SubSystemModules/Communication/SubsystemCommands/TRXVU_Commands.o
                0x20006f8c                CMD_AntGetUptime
 .text.CMD_StopReDeployment
                0x20006ff4       0x74 ./src/SubSystemModules/Communication/SubsystemCommands/TRXVU_Commands.o
                0x20006ff4                CMD_StopReDeployment
 .text.CMD_AntCancelDeployment
                0x20007068       0x58 ./src/SubSystemModules/Communication/SubsystemCommands/TRXVU_Commands.o
                0x20007068                CMD_AntCancelDeployment
 .text.CMD_DumpRamTLM
                0x200070c0      0x180 ./src/SubSystemModules/Communication/SubsystemCommands/TRXVU_Commands.o
                0x200070c0                CMD_DumpRamTLM
 .text.SendAckPacket
                0x20007240       0xfc ./src/SubSystemModules/Communication/AckHandler.o
                0x20007240                SendAckPacket
 .text.trxvu_command_router
                0x2000733c      0x564 ./src/SubSystemModules/Communication/CommandDictionary.o
                0x2000733c                trxvu_command_router
 .text.eps_command_router
                0x200078a0      0x10c ./src/SubSystemModules/Communication/CommandDictionary.o
                0x200078a0                eps_command_router
 .text.telemetry_command_router
                0x200079ac      0x23c ./src/SubSystemModules/Communication/CommandDictionary.o
                0x200079ac                telemetry_command_router
 .text.managment_command_router
                0x20007be8      0x144 ./src/SubSystemModules/Communication/CommandDictionary.o
                0x20007be8                managment_command_router
 .text.filesystem_command_router
                0x20007d2c       0x24 ./src/SubSystemModules/Communication/CommandDictionary.o
                0x20007d2c                filesystem_command_router
 .text.sha256_transform
                0x20007d50      0x4b8 ./src/SubSystemModules/Communication/HashSecuredCMD.o
                0x20007d50                sha256_transform
 .text.sha256_init
                0x20008208       0xb8 ./src/SubSystemModules/Communication/HashSecuredCMD.o
                0x20008208                sha256_init
 .text.sha256_update
                0x200082c0       0xc8 ./src/SubSystemModules/Communication/HashSecuredCMD.o
                0x200082c0                sha256_update
 .text.sha256_final
                0x20008388      0x470 ./src/SubSystemModules/Communication/HashSecuredCMD.o
                0x20008388                sha256_final
 .text.ParseDataToCommand
                0x200087f8      0x1ac ./src/SubSystemModules/Communication/SatCommandHandler.o
                0x200087f8                ParseDataToCommand
 .text.AssembleCommand
                0x200089a4      0x148 ./src/SubSystemModules/Communication/SatCommandHandler.o
                0x200089a4                AssembleCommand
 .text.ActUponCommand
                0x20008aec      0x108 ./src/SubSystemModules/Communication/SatCommandHandler.o
                0x20008aec                ActUponCommand
 .text.setMuteEndTime
                0x20008bf4       0x40 ./src/SubSystemModules/Communication/TRXVU.o
                0x20008bf4                setMuteEndTime
 .text.getMuteEndTime
                0x20008c34       0x44 ./src/SubSystemModules/Communication/TRXVU.o
                0x20008c34                getMuteEndTime
 .text.setTransponderEndTime
                0x20008c78       0x40 ./src/SubSystemModules/Communication/TRXVU.o
                0x20008c78                setTransponderEndTime
 .text.getTransponderEndTime
                0x20008cb8       0x44 ./src/SubSystemModules/Communication/TRXVU.o
                0x20008cb8                getTransponderEndTime
 .text.setTransponderRSSIinFRAM
                0x20008cfc       0x44 ./src/SubSystemModules/Communication/TRXVU.o
                0x20008cfc                setTransponderRSSIinFRAM
 .text.getTransponderRSSIFromFRAM
                0x20008d40       0x4c ./src/SubSystemModules/Communication/TRXVU.o
                0x20008d40                getTransponderRSSIFromFRAM
 .text.InitTxModule
                0x20008d8c       0x68 ./src/SubSystemModules/Communication/TRXVU.o
                0x20008d8c                InitTxModule
 .text.CMD_SetBeaconInterval
                0x20008df4       0xdc ./src/SubSystemModules/Communication/TRXVU.o
                0x20008df4                CMD_SetBeaconInterval
 .text.InitBeaconParams
                0x20008ed0       0x3c ./src/SubSystemModules/Communication/TRXVU.o
                0x20008ed0                InitBeaconParams
 .text.InitSemaphores
                0x20008f0c       0x98 ./src/SubSystemModules/Communication/TRXVU.o
                0x20008f0c                InitSemaphores
 .text.InitTrxvu
                0x20008fa4       0xe4 ./src/SubSystemModules/Communication/TRXVU.o
                0x20008fa4                InitTrxvu
 .text.checkIdleFinish
                0x20009088       0x68 ./src/SubSystemModules/Communication/TRXVU.o
                0x20009088                checkIdleFinish
 .text.checkTransponderFinish
                0x200090f0       0x50 ./src/SubSystemModules/Communication/TRXVU.o
                0x200090f0                checkTransponderFinish
 .text.checkTransponderStart
                0x20009140       0x50 ./src/SubSystemModules/Communication/TRXVU.o
                0x20009140                checkTransponderStart
 .text.turnOnTransponder
                0x20009190       0xa0 ./src/SubSystemModules/Communication/TRXVU.o
                0x20009190                turnOnTransponder
 .text.turnOffTransponder
                0x20009230       0x90 ./src/SubSystemModules/Communication/TRXVU.o
                0x20009230                turnOffTransponder
 .text.SetRSSITransponder
                0x200092c0       0x80 ./src/SubSystemModules/Communication/TRXVU.o
                0x200092c0                SetRSSITransponder
 .text.TRX_Logic
                0x20009340       0xe4 ./src/SubSystemModules/Communication/TRXVU.o
                0x20009340                TRX_Logic
 .text.GetNumberOfFramesInBuffer
                0x20009424       0x94 ./src/SubSystemModules/Communication/TRXVU.o
                0x20009424                GetNumberOfFramesInBuffer
 .text.GetOnlineCommand
                0x200094b8      0x1d0 ./src/SubSystemModules/Communication/TRXVU.o
                0x200094b8                GetOnlineCommand
 .text.CheckTransmitionAllowed
                0x20009688       0xc0 ./src/SubSystemModules/Communication/TRXVU.o
                0x20009688                CheckTransmitionAllowed
 .text.FinishDump
                0x20009748       0xf0 ./src/SubSystemModules/Communication/TRXVU.o
                0x20009748                FinishDump
 .text.SendDumpAbortRequest
                0x20009838       0x6c ./src/SubSystemModules/Communication/TRXVU.o
                0x20009838                SendDumpAbortRequest
 .text.CheckDumpAbort
                0x200098a4       0x6c ./src/SubSystemModules/Communication/TRXVU.o
                0x200098a4                CheckDumpAbort
 .text.BeaconLogic
                0x20009910      0x19c ./src/SubSystemModules/Communication/TRXVU.o
                0x20009910                BeaconLogic
 .text.SetIdleState
                0x20009aac      0x144 ./src/SubSystemModules/Communication/TRXVU.o
                0x20009aac                SetIdleState
 .text.muteTRXVU
                0x20009bf0       0x74 ./src/SubSystemModules/Communication/TRXVU.o
                0x20009bf0                muteTRXVU
 .text.UnMuteTRXVU
                0x20009c64       0x14 ./src/SubSystemModules/Communication/TRXVU.o
                0x20009c64                UnMuteTRXVU
 .text.TransmitDataAsSPL_Packet
                0x20009c78      0x12c ./src/SubSystemModules/Communication/TRXVU.o
                0x20009c78                TransmitDataAsSPL_Packet
 .text.Hash256  0x20009da4       0x7c ./src/SubSystemModules/Communication/TRXVU.o
                0x20009da4                Hash256
 .text.CMD_Hash256
                0x20009e20      0x238 ./src/SubSystemModules/Communication/TRXVU.o
                0x20009e20                CMD_Hash256
 .text.TransmitSplPacket
                0x2000a058      0x124 ./src/SubSystemModules/Communication/TRXVU.o
                0x2000a058                TransmitSplPacket
 .text.ChangeTxConfigValues
                0x2000a17c       0xb8 ./src/SubSystemModules/Communication/TRXVU.o
                0x2000a17c                ChangeTxConfigValues
 .text.isFirstActivation
                0x2000a234       0x38 ./src/InitSystem.o
                0x2000a234                isFirstActivation
 .text.WriteDefaultValuesToFRAM
                0x2000a26c      0x2cc ./src/InitSystem.o
                0x2000a26c                WriteDefaultValuesToFRAM
 .text.StartFRAM
                0x2000a538       0x64 ./src/InitSystem.o
                0x2000a538                StartFRAM
 .text.StartI2C
                0x2000a59c       0x38 ./src/InitSystem.o
                0x2000a59c                StartI2C
 .text.StartSPI
                0x2000a5d4       0x34 ./src/InitSystem.o
                0x2000a5d4                StartSPI
 .text.StartTIME
                0x2000a608       0xbc ./src/InitSystem.o
                0x2000a608                StartTIME
 .text.DeploySystem
                0x2000a6c4      0x1b4 ./src/InitSystem.o
                0x2000a6c4                DeploySystem
 .text.InitSubsystems
                0x2000a878       0x90 ./src/InitSystem.o
                0x2000a878                InitSubsystems
 .text.CMD_getInfoImage
                0x2000a908      0x158 ./src/TLM_management.o
                0x2000a908                CMD_getInfoImage
 .text.CMD_getDataImage
                0x2000aa60      0x218 ./src/TLM_management.o
                0x2000aa60                CMD_getDataImage
 .text.delete_allTMFilesFromSD
                0x2000ac78       0x8c ./src/TLM_management.o
                0x2000ac78                delete_allTMFilesFromSD
 .text.deleteTLMFiles
                0x2000ad04       0x94 ./src/TLM_management.o
                0x2000ad04                deleteTLMFiles
 .text.deleteTLMFile
                0x2000ad98       0xcc ./src/TLM_management.o
                0x2000ad98                deleteTLMFile
 .text.deleteTLMbyMonth
                0x2000ae64       0xac ./src/TLM_management.o
                0x2000ae64                deleteTLMbyMonth
 .text.deleteDirectory
                0x2000af10      0x158 ./src/TLM_management.o
                0x2000af10                deleteDirectory
 .text.InitializeFS
                0x2000b068       0xec ./src/TLM_management.o
                0x2000b068                InitializeFS
 .text.calculateFileName
                0x2000b154      0x130 ./src/TLM_management.o
                0x2000b154                calculateFileName
 .text.getTlmTypeInfo
                0x2000b284      0x264 ./src/TLM_management.o
                0x2000b284                getTlmTypeInfo
 .text.write2File
                0x2000b4e8      0x1dc ./src/TLM_management.o
                0x2000b4e8                write2File
 .text.printTLM
                0x2000b6c4       0x24 ./src/TLM_management.o
                0x2000b6c4                printTLM
 .text.readTLMFile
                0x2000b6e8      0x328 ./src/TLM_management.o
                0x2000b6e8                readTLMFile
 .text.readTLMFiles
                0x2000ba10       0xdc ./src/TLM_management.o
                0x2000ba10                readTLMFiles
 .text.readTLMFileTimeRange
                0x2000baec      0x2f0 ./src/TLM_management.o
                0x2000baec                readTLMFileTimeRange
 .text.DeInitializeFS
                0x2000bddc       0x38 ./src/TLM_management.o
                0x2000bddc                DeInitializeFS
 .text.taskMain
                0x2000be14       0x90 ./src/main.o
                0x2000be14                taskMain
 .text.main     0x2000bea4       0x98 ./src/main.o
                0x2000bea4                main
 .text.timeU2time
                0x2000bf3c       0xbc ./src/utils.o
                0x2000bf3c                timeU2time
 .text.logError
                0x2000bff8      0x148 ./src/utils.o
                0x2000bff8                logError
 .text.clearPDCtransfers
                0x2000c140       0xe8 C:/ISIS/workspace_ycube/ycube/GlobusSatProject/..//hal/hal/lib\libHALD.a(SPI.o)
 .text.SPI_start
                0x2000c228      0x4b0 C:/ISIS/workspace_ycube/ycube/GlobusSatProject/..//hal/hal/lib\libHALD.a(SPI.o)
                0x2000c228                SPI_start
 .text.SPI_stop
                0x2000c6d8      0x244 C:/ISIS/workspace_ycube/ycube/GlobusSatProject/..//hal/hal/lib\libHALD.a(SPI.o)
                0x2000c6d8                SPI_stop
 .text.SPI_queueTransfer
                0x2000c91c      0x1cc C:/ISIS/workspace_ycube/ycube/GlobusSatProject/..//hal/hal/lib\libHALD.a(SPI.o)
                0x2000c91c                SPI_queueTransfer
 .text.SPI_internalCallback
                0x2000cae8       0x64 C:/ISIS/workspace_ycube/ycube/GlobusSatProject/..//hal/hal/lib\libHALD.a(SPI.o)
 .text.SPI_writeRead
                0x2000cb4c      0x1c0 C:/ISIS/workspace_ycube/ycube/GlobusSatProject/..//hal/hal/lib\libHALD.a(SPI.o)
                0x2000cb4c                SPI_writeRead
 .text.waitForTransfer
                0x2000cd0c       0x78 C:/ISIS/workspace_ycube/ycube/GlobusSatProject/..//hal/hal/lib\libHALD.a(SPI.o)
 .text.SPI_getDriverState
                0x2000cd84       0x58 C:/ISIS/workspace_ycube/ycube/GlobusSatProject/..//hal/hal/lib\libHALD.a(SPI.o)
                0x2000cd84                SPI_getDriverState
 .text.validateTransferParameters
                0x2000cddc      0x10c C:/ISIS/workspace_ycube/ycube/GlobusSatProject/..//hal/hal/lib\libHALD.a(I2C.o)
 .text.I2C_queueTransfer
                0x2000cee8       0xfc C:/ISIS/workspace_ycube/ycube/GlobusSatProject/..//hal/hal/lib\libHALD.a(I2C.o)
                0x2000cee8                I2C_queueTransfer
 .text.I2C_internalCallback
                0x2000cfe4       0x64 C:/ISIS/workspace_ycube/ycube/GlobusSatProject/..//hal/hal/lib\libHALD.a(I2C.o)
 .text.I2C_doBlockingTransfer
                0x2000d048      0x180 C:/ISIS/workspace_ycube/ycube/GlobusSatProject/..//hal/hal/lib\libHALD.a(I2C.o)
 .text.I2C_write
                0x2000d1c8      0x110 C:/ISIS/workspace_ycube/ycube/GlobusSatProject/..//hal/hal/lib\libHALD.a(I2C.o)
                0x2000d1c8                I2C_write
 .text.I2C_read
                0x2000d2d8      0x110 C:/ISIS/workspace_ycube/ycube/GlobusSatProject/..//hal/hal/lib\libHALD.a(I2C.o)
                0x2000d2d8                I2C_read
 .text.I2C_writeRead
                0x2000d3e8      0x17c C:/ISIS/workspace_ycube/ycube/GlobusSatProject/..//hal/hal/lib\libHALD.a(I2C.o)
                0x2000d3e8                I2C_writeRead
 .text.I2C_start
                0x2000d564      0x2e8 C:/ISIS/workspace_ycube/ycube/GlobusSatProject/..//hal/hal/lib\libHALD.a(I2C.o)
                0x2000d564                I2C_start
 .text.I2C_stop
                0x2000d84c      0x184 C:/ISIS/workspace_ycube/ycube/GlobusSatProject/..//hal/hal/lib\libHALD.a(I2C.o)
                0x2000d84c                I2C_stop
 .text.I2C_setTransferTimeout
                0x2000d9d0       0x48 C:/ISIS/workspace_ycube/ycube/GlobusSatProject/..//hal/hal/lib\libHALD.a(I2C.o)
                0x2000d9d0                I2C_setTransferTimeout
 .text.ADC_ConvertRaw10bitToMillivolt
                0x2000da18       0x50 C:/ISIS/workspace_ycube/ycube/GlobusSatProject/..//hal/hal/lib\libHALD.a(ADC.o)
                0x2000da18                ADC_ConvertRaw10bitToMillivolt
 .text.ADC_SingleShot
                0x2000da68      0x230 C:/ISIS/workspace_ycube/ycube/GlobusSatProject/..//hal/hal/lib\libHALD.a(ADC.o)
                0x2000da68                ADC_SingleShot
 .text.FRAM_start
                0x2000dc98      0x120 C:/ISIS/workspace_ycube/ycube/GlobusSatProject/..//hal/hal/lib\libHALD.a(FRAM.o)
                0x2000dc98                FRAM_start
 .text.FRAM_stop
                0x2000ddb8       0x6c C:/ISIS/workspace_ycube/ycube/GlobusSatProject/..//hal/hal/lib\libHALD.a(FRAM.o)
                0x2000ddb8                FRAM_stop
 .text.FRAM_dummyCallback
                0x2000de24       0x24 C:/ISIS/workspace_ycube/ycube/GlobusSatProject/..//hal/hal/lib\libHALD.a(FRAM.o)
                0x2000de24                FRAM_dummyCallback
 .text.FRAM_unlockingCallback
                0x2000de48       0x64 C:/ISIS/workspace_ycube/ycube/GlobusSatProject/..//hal/hal/lib\libHALD.a(FRAM.o)
                0x2000de48                FRAM_unlockingCallback
 .text.doBlockingTransfer
                0x2000deac       0x78 C:/ISIS/workspace_ycube/ycube/GlobusSatProject/..//hal/hal/lib\libHALD.a(FRAM.o)
 .text.FRAM_writePacket
                0x2000df24      0x134 C:/ISIS/workspace_ycube/ycube/GlobusSatProject/..//hal/hal/lib\libHALD.a(FRAM.o)
 .text.FRAM_write
                0x2000e058      0x1e0 C:/ISIS/workspace_ycube/ycube/GlobusSatProject/..//hal/hal/lib\libHALD.a(FRAM.o)
                0x2000e058                FRAM_write
 .text.FRAM_readPacket
                0x2000e238       0xf0 C:/ISIS/workspace_ycube/ycube/GlobusSatProject/..//hal/hal/lib\libHALD.a(FRAM.o)
 .text.FRAM_read
                0x2000e328      0x1ec C:/ISIS/workspace_ycube/ycube/GlobusSatProject/..//hal/hal/lib\libHALD.a(FRAM.o)
                0x2000e328                FRAM_read
 .text.Time_start
                0x2000e514      0x170 C:/ISIS/workspace_ycube/ycube/GlobusSatProject/..//hal/hal/lib\libHALD.a(Time.o)
                0x2000e514                Time_start
 .text.taskTimeSync
                0x2000e684       0x64 C:/ISIS/workspace_ycube/ycube/GlobusSatProject/..//hal/hal/lib\libHALD.a(Time.o)
 .text.Time_convertEpochToTime
                0x2000e6e8      0x100 C:/ISIS/workspace_ycube/ycube/GlobusSatProject/..//hal/hal/lib\libHALD.a(Time.o)
                0x2000e6e8                Time_convertEpochToTime
 .text.Time_calculateSecondsOfYear
                0x2000e7e8       0xd8 C:/ISIS/workspace_ycube/ycube/GlobusSatProject/..//hal/hal/lib\libHALD.a(Time.o)
 .text.Time_set
                0x2000e8c0       0xd8 C:/ISIS/workspace_ycube/ycube/GlobusSatProject/..//hal/hal/lib\libHALD.a(Time.o)
                0x2000e8c0                Time_set
 .text.Time_isLeapYear
                0x2000e998       0x98 C:/ISIS/workspace_ycube/ycube/GlobusSatProject/..//hal/hal/lib\libHALD.a(Time.o)
                0x2000e998                Time_isLeapYear
 .text.Time_get
                0x2000ea30      0x478 C:/ISIS/workspace_ycube/ycube/GlobusSatProject/..//hal/hal/lib\libHALD.a(Time.o)
                0x2000ea30                Time_get
 .text.Time_getUnixEpoch
                0x2000eea8      0x108 C:/ISIS/workspace_ycube/ycube/GlobusSatProject/..//hal/hal/lib\libHALD.a(Time.o)
                0x2000eea8                Time_getUnixEpoch
 .text.Time_secondsOfYearToTime
                0x2000efb0      0x33c C:/ISIS/workspace_ycube/ycube/GlobusSatProject/..//hal/hal/lib\libHALD.a(Time.o)
 .text.Time_setUnixEpoch
                0x2000f2ec       0x54 C:/ISIS/workspace_ycube/ycube/GlobusSatProject/..//hal/hal/lib\libHALD.a(Time.o)
                0x2000f2ec                Time_setUnixEpoch
 .text.Time_getUptimeSeconds
                0x2000f340       0x28 C:/ISIS/workspace_ycube/ycube/GlobusSatProject/..//hal/hal/lib\libHALD.a(Time.o)
                0x2000f340                Time_getUptimeSeconds
 .text.Time_sync
                0x2000f368      0x1a8 C:/ISIS/workspace_ycube/ycube/GlobusSatProject/..//hal/hal/lib\libHALD.a(Time.o)
                0x2000f368                Time_sync
 .text.Time_syncIfNeeded
                0x2000f510       0xac C:/ISIS/workspace_ycube/ycube/GlobusSatProject/..//hal/hal/lib\libHALD.a(Time.o)
                0x2000f510                Time_syncIfNeeded
 .text.WDT_start
                0x2000f5bc       0x48 C:/ISIS/workspace_ycube/ycube/GlobusSatProject/..//hal/hal/lib\libHALD.a(WatchDogTimerNoOS.o)
                0x2000f5bc                WDT_start
 .text.RTT_start
                0x2000f604       0x24 C:/ISIS/workspace_ycube/ycube/GlobusSatProject/..//hal/hal/lib\libHALD.a(RTT.o)
                0x2000f604                RTT_start
 .text.RTT_GetTime
                0x2000f628       0x24 C:/ISIS/workspace_ycube/ycube/GlobusSatProject/..//hal/hal/lib\libHALD.a(RTT.o)
                0x2000f628                RTT_GetTime
 .text.RTC_start
                0x2000f64c       0x3c C:/ISIS/workspace_ycube/ycube/GlobusSatProject/..//hal/hal/lib\libHALD.a(RTC.o)
                0x2000f64c                RTC_start
 .text.RTC_setTime
                0x2000f688      0x2a4 C:/ISIS/workspace_ycube/ycube/GlobusSatProject/..//hal/hal/lib\libHALD.a(RTC.o)
                0x2000f688                RTC_setTime
 .text.RTC_getTime
                0x2000f92c      0x230 C:/ISIS/workspace_ycube/ycube/GlobusSatProject/..//hal/hal/lib\libHALD.a(RTC.o)
                0x2000f92c                RTC_getTime
 .text.RTC_checkTimeValid
                0x2000fb5c       0xd8 C:/ISIS/workspace_ycube/ycube/GlobusSatProject/..//hal/hal/lib\libHALD.a(RTC.o)
                0x2000fb5c                RTC_checkTimeValid
 .text.WDT_startWatchdogKickTask
                0x2000fc34       0xb4 C:/ISIS/workspace_ycube/ycube/GlobusSatProject/..//hal/hal/lib\libHALD.a(WatchDogTimerOS.o)
                0x2000fc34                WDT_startWatchdogKickTask
 .text.WDT_forceKickEveryNms
                0x2000fce8       0x50 C:/ISIS/workspace_ycube/ycube/GlobusSatProject/..//hal/hal/lib\libHALD.a(WatchDogTimerOS.o)
                0x2000fce8                WDT_forceKickEveryNms
 .text.f_puts   0x2000fd38       0x80 C:/ISIS/workspace_ycube/ycube/GlobusSatProject/..//hal/hal/lib\libHALD.a(fprintf.o)
                0x2000fd38                f_puts
 .text.LED_glow
                0x2000fdb8       0x58 C:/ISIS/workspace_ycube/ycube/GlobusSatProject/..//hal/hal/lib\libHALD.a(LED.o)
                0x2000fdb8                LED_glow
 .text.LED_dark
                0x2000fe10       0x58 C:/ISIS/workspace_ycube/ycube/GlobusSatProject/..//hal/hal/lib\libHALD.a(LED.o)
                0x2000fe10                LED_dark
 .text.LED_toggle
                0x2000fe68       0x50 C:/ISIS/workspace_ycube/ycube/GlobusSatProject/..//hal/hal/lib\libHALD.a(LED.o)
                0x2000fe68                LED_toggle
 .text.fm_initvolume
                0x2000feb8       0x70 C:/ISIS/workspace_ycube/ycube/GlobusSatProject/..//hal/hcc/lib\libHCCD.a(fat_m.o)
                0x2000feb8                fm_initvolume
 .text.fm_delvolume
                0x2000ff28       0x60 C:/ISIS/workspace_ycube/ycube/GlobusSatProject/..//hal/hcc/lib\libHCCD.a(fat_m.o)
                0x2000ff28                fm_delvolume
 .text.fm_format
                0x2000ff88       0x68 C:/ISIS/workspace_ycube/ycube/GlobusSatProject/..//hal/hcc/lib\libHCCD.a(fat_m.o)
                0x2000ff88                fm_format
 .text.fm_getdrive
                0x2000fff0       0x70 C:/ISIS/workspace_ycube/ycube/GlobusSatProject/..//hal/hcc/lib\libHCCD.a(fat_m.o)
                0x2000fff0                fm_getdrive
 .text.fm_getfreespace
                0x20010060       0x68 C:/ISIS/workspace_ycube/ycube/GlobusSatProject/..//hal/hcc/lib\libHCCD.a(fat_m.o)
                0x20010060                fm_getfreespace
 .text.fm_mkdir
                0x200100c8       0x60 C:/ISIS/workspace_ycube/ycube/GlobusSatProject/..//hal/hcc/lib\libHCCD.a(fat_m.o)
                0x200100c8                fm_mkdir
 .text.fm_rmdir
                0x20010128       0x60 C:/ISIS/workspace_ycube/ycube/GlobusSatProject/..//hal/hcc/lib\libHCCD.a(fat_m.o)
                0x20010128                fm_rmdir
 .text.fm_findfirst
                0x20010188       0x68 C:/ISIS/workspace_ycube/ycube/GlobusSatProject/..//hal/hcc/lib\libHCCD.a(fat_m.o)
                0x20010188                fm_findfirst
 .text.fm_findnext
                0x200101f0       0x60 C:/ISIS/workspace_ycube/ycube/GlobusSatProject/..//hal/hcc/lib\libHCCD.a(fat_m.o)
                0x200101f0                fm_findnext
 .text.fm_close
                0x20010250       0x60 C:/ISIS/workspace_ycube/ycube/GlobusSatProject/..//hal/hcc/lib\libHCCD.a(fat_m.o)
                0x20010250                fm_close
 .text.fm_flush
                0x200102b0       0x60 C:/ISIS/workspace_ycube/ycube/GlobusSatProject/..//hal/hcc/lib\libHCCD.a(fat_m.o)
                0x200102b0                fm_flush
 .text.fm_open  0x20010310       0x68 C:/ISIS/workspace_ycube/ycube/GlobusSatProject/..//hal/hcc/lib\libHCCD.a(fat_m.o)
                0x20010310                fm_open
 .text.fm_read  0x20010378       0x7c C:/ISIS/workspace_ycube/ycube/GlobusSatProject/..//hal/hcc/lib\libHCCD.a(fat_m.o)
                0x20010378                fm_read
 .text.fm_write
                0x200103f4       0x7c C:/ISIS/workspace_ycube/ycube/GlobusSatProject/..//hal/hcc/lib\libHCCD.a(fat_m.o)
                0x200103f4                fm_write
 .text.fm_seek  0x20010470       0x70 C:/ISIS/workspace_ycube/ycube/GlobusSatProject/..//hal/hcc/lib\libHCCD.a(fat_m.o)
                0x20010470                fm_seek
 .text.fm_tell  0x200104e0       0x60 C:/ISIS/workspace_ycube/ycube/GlobusSatProject/..//hal/hcc/lib\libHCCD.a(fat_m.o)
                0x200104e0                fm_tell
 .text.fm_putc  0x20010540       0x68 C:/ISIS/workspace_ycube/ycube/GlobusSatProject/..//hal/hcc/lib\libHCCD.a(fat_m.o)
                0x20010540                fm_putc
 .text.fm_rewind
                0x200105a8       0x60 C:/ISIS/workspace_ycube/ycube/GlobusSatProject/..//hal/hcc/lib\libHCCD.a(fat_m.o)
                0x200105a8                fm_rewind
 .text.fm_delete
                0x20010608       0x64 C:/ISIS/workspace_ycube/ycube/GlobusSatProject/..//hal/hcc/lib\libHCCD.a(fat_m.o)
                0x20010608                fm_delete
 .text.fm_getlasterror
                0x2001066c       0x40 C:/ISIS/workspace_ycube/ycube/GlobusSatProject/..//hal/hcc/lib\libHCCD.a(fat_m.o)
                0x2001066c                fm_getlasterror
 .text._f_invalidatedir
                0x200106ac       0x28 C:/ISIS/workspace_ycube/ycube/GlobusSatProject/..//hal/hcc/lib\libHCCD.a(fat.o)
                0x200106ac                _f_invalidatedir
 .text._f_getdirsector
                0x200106d4       0x88 C:/ISIS/workspace_ycube/ycube/GlobusSatProject/..//hal/hcc/lib\libHCCD.a(fat.o)
                0x200106d4                _f_getdirsector
 .text._f_writedirsector
                0x2001075c       0x74 C:/ISIS/workspace_ycube/ycube/GlobusSatProject/..//hal/hcc/lib\libHCCD.a(fat.o)
                0x2001075c                _f_writedirsector
 .text._f_checknameinv
                0x200107d0      0x180 C:/ISIS/workspace_ycube/ycube/GlobusSatProject/..//hal/hcc/lib\libHCCD.a(fat.o)
 .text._f_checkname
                0x20010950       0x7c C:/ISIS/workspace_ycube/ycube/GlobusSatProject/..//hal/hcc/lib\libHCCD.a(fat.o)
 .text._f_checknamewc
                0x200109cc       0xf8 C:/ISIS/workspace_ycube/ycube/GlobusSatProject/..//hal/hcc/lib\libHCCD.a(fat.o)
 .text._f_setnameext
                0x20010ac4      0x300 C:/ISIS/workspace_ycube/ycube/GlobusSatProject/..//hal/hcc/lib\libHCCD.a(fat.o)
 .text._f_setfsname
                0x20010dc4      0x584 C:/ISIS/workspace_ycube/ycube/GlobusSatProject/..//hal/hcc/lib\libHCCD.a(fat.o)
 .text._f_findfile
                0x20011348      0x30c C:/ISIS/workspace_ycube/ycube/GlobusSatProject/..//hal/hcc/lib\libHCCD.a(fat.o)
 .text._f_cmp_wname
                0x20011654      0x274 C:/ISIS/workspace_ycube/ycube/GlobusSatProject/..//hal/hcc/lib\libHCCD.a(fat.o)
 .text._f_to_string
                0x200118c8      0x130 C:/ISIS/workspace_ycube/ycube/GlobusSatProject/..//hal/hcc/lib\libHCCD.a(fat.o)
 .text._f_findfilewc
                0x200119f8      0x278 C:/ISIS/workspace_ycube/ycube/GlobusSatProject/..//hal/hcc/lib\libHCCD.a(fat.o)
 .text._f_getfilename
                0x20011c70      0x20c C:/ISIS/workspace_ycube/ycube/GlobusSatProject/..//hal/hcc/lib\libHCCD.a(fat.o)
 .text._f_findpath
                0x20011e7c      0x35c C:/ISIS/workspace_ycube/ycube/GlobusSatProject/..//hal/hcc/lib\libHCCD.a(fat.o)
 .text.fn_getdcwd
                0x200121d8      0x1e0 C:/ISIS/workspace_ycube/ycube/GlobusSatProject/..//hal/hcc/lib\libHCCD.a(fat.o)
                0x200121d8                fn_getdcwd
 .text.fn_findfirst
                0x200123b8      0x13c C:/ISIS/workspace_ycube/ycube/GlobusSatProject/..//hal/hcc/lib\libHCCD.a(fat.o)
                0x200123b8                fn_findfirst
 .text.fn_findnext
                0x200124f4      0x360 C:/ISIS/workspace_ycube/ycube/GlobusSatProject/..//hal/hcc/lib\libHCCD.a(fat.o)
                0x200124f4                fn_findnext
 .text._f_lock_resfile
                0x20012854       0x6c C:/ISIS/workspace_ycube/ycube/GlobusSatProject/..//hal/hcc/lib\libHCCD.a(fat.o)
 .text._f_unlock_resfile
                0x200128c0       0x40 C:/ISIS/workspace_ycube/ycube/GlobusSatProject/..//hal/hcc/lib\libHCCD.a(fat.o)
 .text._f_getintfile
                0x20012900      0x124 C:/ISIS/workspace_ycube/ycube/GlobusSatProject/..//hal/hcc/lib\libHCCD.a(fat.o)
 .text._f_addentry
                0x20012a24      0x540 C:/ISIS/workspace_ycube/ycube/GlobusSatProject/..//hal/hcc/lib\libHCCD.a(fat.o)
 .text.fn_mkdir
                0x20012f64      0x75c C:/ISIS/workspace_ycube/ycube/GlobusSatProject/..//hal/hcc/lib\libHCCD.a(fat.o)
                0x20012f64                fn_mkdir
 .text.fn_open_sub
                0x200136c0     0x1698 C:/ISIS/workspace_ycube/ycube/GlobusSatProject/..//hal/hcc/lib\libHCCD.a(fat.o)
 .text.fn_open  0x20014d58       0x44 C:/ISIS/workspace_ycube/ycube/GlobusSatProject/..//hal/hcc/lib\libHCCD.a(fat.o)
                0x20014d58                fn_open
 .text.fn_delete
                0x20014d9c      0x490 C:/ISIS/workspace_ycube/ycube/GlobusSatProject/..//hal/hcc/lib\libHCCD.a(fat.o)
                0x20014d9c                fn_delete
 .text.fn_rmdir
                0x2001522c      0x5ac C:/ISIS/workspace_ycube/ycube/GlobusSatProject/..//hal/hcc/lib\libHCCD.a(fat.o)
                0x2001522c                fn_rmdir
 .text.fn_init  0x200157d8      0x2dc C:/ISIS/workspace_ycube/ycube/GlobusSatProject/..//hal/hcc/lib\libHCCD.a(fat_common.o)
                0x200157d8                fn_init
 .text.fn_start
                0x20015ab4       0x1c C:/ISIS/workspace_ycube/ycube/GlobusSatProject/..//hal/hcc/lib\libHCCD.a(fat_common.o)
                0x20015ab4                fn_start
 .text.fsn_delete
                0x20015ad0       0xc8 C:/ISIS/workspace_ycube/ycube/GlobusSatProject/..//hal/hcc/lib\libHCCD.a(fat_common.o)
                0x20015ad0                fsn_delete
 .text._f_get16bitl
                0x20015b98       0x4c C:/ISIS/workspace_ycube/ycube/GlobusSatProject/..//hal/hcc/lib\libHCCD.a(fat_common.o)
                0x20015b98                _f_get16bitl
 .text._f_set16bitl
                0x20015be4       0x54 C:/ISIS/workspace_ycube/ycube/GlobusSatProject/..//hal/hcc/lib\libHCCD.a(fat_common.o)
                0x20015be4                _f_set16bitl
 .text._f_get32bitl
                0x20015c38       0x68 C:/ISIS/workspace_ycube/ycube/GlobusSatProject/..//hal/hcc/lib\libHCCD.a(fat_common.o)
                0x20015c38                _f_get32bitl
 .text._f_set32bitl
                0x20015ca0       0x78 C:/ISIS/workspace_ycube/ycube/GlobusSatProject/..//hal/hcc/lib\libHCCD.a(fat_common.o)
                0x20015ca0                _f_set32bitl
 .text._get8bit
                0x20015d18       0xa0 C:/ISIS/workspace_ycube/ycube/GlobusSatProject/..//hal/hcc/lib\libHCCD.a(fat_common.o)
 .text._get16bitl
                0x20015db8       0x40 C:/ISIS/workspace_ycube/ycube/GlobusSatProject/..//hal/hcc/lib\libHCCD.a(fat_common.o)
 .text._get32bitl
                0x20015df8       0x3c C:/ISIS/workspace_ycube/ycube/GlobusSatProject/..//hal/hcc/lib\libHCCD.a(fat_common.o)
 .text._set8bitzero
                0x20015e34       0x6c C:/ISIS/workspace_ycube/ycube/GlobusSatProject/..//hal/hcc/lib\libHCCD.a(fat_common.o)
 .text._set8bit
                0x20015ea0       0xa0 C:/ISIS/workspace_ycube/ycube/GlobusSatProject/..//hal/hcc/lib\libHCCD.a(fat_common.o)
 .text._set16bitl
                0x20015f40       0x3c C:/ISIS/workspace_ycube/ycube/GlobusSatProject/..//hal/hcc/lib\libHCCD.a(fat_common.o)
 .text._set32bitl
                0x20015f7c       0x34 C:/ISIS/workspace_ycube/ycube/GlobusSatProject/..//hal/hcc/lib\libHCCD.a(fat_common.o)
 .text._f_setcardremoved
                0x20015fb0       0x94 C:/ISIS/workspace_ycube/ycube/GlobusSatProject/..//hal/hcc/lib\libHCCD.a(fat_common.o)
 .text._f_checkstatus
                0x20016044      0x104 C:/ISIS/workspace_ycube/ycube/GlobusSatProject/..//hal/hcc/lib\libHCCD.a(fat_common.o)
                0x20016044                _f_checkstatus
 .text._f_drvgetphy
                0x20016148      0x114 C:/ISIS/workspace_ycube/ycube/GlobusSatProject/..//hal/hcc/lib\libHCCD.a(fat_common.o)
 .text._f_drvwritesector
                0x2001625c       0xdc C:/ISIS/workspace_ycube/ycube/GlobusSatProject/..//hal/hcc/lib\libHCCD.a(fat_common.o)
 .text._f_drvreadsector
                0x20016338       0xa8 C:/ISIS/workspace_ycube/ycube/GlobusSatProject/..//hal/hcc/lib\libHCCD.a(fat_common.o)
 .text._f_writesector
                0x200163e0      0x23c C:/ISIS/workspace_ycube/ycube/GlobusSatProject/..//hal/hcc/lib\libHCCD.a(fat_common.o)
                0x200163e0                _f_writesector
 .text._f_readsector
                0x2001661c      0x1dc C:/ISIS/workspace_ycube/ycube/GlobusSatProject/..//hal/hcc/lib\libHCCD.a(fat_common.o)
                0x2001661c                _f_readsector
 .text._f_getmaxcluster
                0x200167f8       0x94 C:/ISIS/workspace_ycube/ycube/GlobusSatProject/..//hal/hcc/lib\libHCCD.a(fat_common.o)
                0x200167f8                _f_getmaxcluster
 .text._getsectorfromcluster
                0x2001688c       0x68 C:/ISIS/workspace_ycube/ycube/GlobusSatProject/..//hal/hcc/lib\libHCCD.a(fat_common.o)
 .text._f_buildsectors
                0x200168f4      0x268 C:/ISIS/workspace_ycube/ycube/GlobusSatProject/..//hal/hcc/lib\libHCCD.a(fat_common.o)
 .text._f_getbootrecord
                0x20016b5c      0x5e4 C:/ISIS/workspace_ycube/ycube/GlobusSatProject/..//hal/hcc/lib\libHCCD.a(fat_common.o)
 .text._f_readbootrecord
                0x20017140      0x4f8 C:/ISIS/workspace_ycube/ycube/GlobusSatProject/..//hal/hcc/lib\libHCCD.a(fat_common.o)
 .text._f_writebootrecord
                0x20017638      0x5e4 C:/ISIS/workspace_ycube/ycube/GlobusSatProject/..//hal/hcc/lib\libHCCD.a(fat_common.o)
 .text._f_flushcffiles
                0x20017c1c      0x17c C:/ISIS/workspace_ycube/ycube/GlobusSatProject/..//hal/hcc/lib\libHCCD.a(fat_common.o)
                0x20017c1c                _f_flushcffiles
 .text._f_fatcache_flush
                0x20017d98      0x270 C:/ISIS/workspace_ycube/ycube/GlobusSatProject/..//hal/hcc/lib\libHCCD.a(fat_common.o)
                0x20017d98                _f_fatcache_flush
 .text._f_writefatsector
                0x20018008      0x100 C:/ISIS/workspace_ycube/ycube/GlobusSatProject/..//hal/hcc/lib\libHCCD.a(fat_common.o)
                0x20018008                _f_writefatsector
 .text._f_getfatsector
                0x20018108      0x3bc C:/ISIS/workspace_ycube/ycube/GlobusSatProject/..//hal/hcc/lib\libHCCD.a(fat_common.o)
 .text._f_setclustervalue
                0x200184c4      0x490 C:/ISIS/workspace_ycube/ycube/GlobusSatProject/..//hal/hcc/lib\libHCCD.a(fat_common.o)
                0x200184c4                _f_setclustervalue
 .text._f_getclustervalue
                0x20018954      0x388 C:/ISIS/workspace_ycube/ycube/GlobusSatProject/..//hal/hcc/lib\libHCCD.a(fat_common.o)
                0x20018954                _f_getclustervalue
 .text._f_close_drive_files
                0x20018cdc       0xac C:/ISIS/workspace_ycube/ycube/GlobusSatProject/..//hal/hcc/lib\libHCCD.a(fat_common.o)
 .text._f_inc_mount_count
                0x20018d88       0xa4 C:/ISIS/workspace_ycube/ycube/GlobusSatProject/..//hal/hcc/lib\libHCCD.a(fat_common.o)
 .text._f_getvolume
                0x20018e2c      0x2f8 C:/ISIS/workspace_ycube/ycube/GlobusSatProject/..//hal/hcc/lib\libHCCD.a(fat_common.o)
                0x20018e2c                _f_getvolume
 .text.fn_createdriver
                0x20019124      0x118 C:/ISIS/workspace_ycube/ycube/GlobusSatProject/..//hal/hcc/lib\libHCCD.a(fat_common.o)
                0x20019124                fn_createdriver
 .text.fn_initvolume
                0x2001923c      0x12c C:/ISIS/workspace_ycube/ycube/GlobusSatProject/..//hal/hcc/lib\libHCCD.a(fat_common.o)
                0x2001923c                fn_initvolume
 .text.fn_releasedriver
                0x20019368       0xf4 C:/ISIS/workspace_ycube/ycube/GlobusSatProject/..//hal/hcc/lib\libHCCD.a(fat_common.o)
                0x20019368                fn_releasedriver
 .text.fn_initvolumepartition_sub
                0x2001945c       0xe0 C:/ISIS/workspace_ycube/ycube/GlobusSatProject/..//hal/hcc/lib\libHCCD.a(fat_common.o)
 .text.fn_initvolumepartition
                0x2001953c       0xac C:/ISIS/workspace_ycube/ycube/GlobusSatProject/..//hal/hcc/lib\libHCCD.a(fat_common.o)
                0x2001953c                fn_initvolumepartition
 .text.fn_delvolume
                0x200195e8      0x194 C:/ISIS/workspace_ycube/ycube/GlobusSatProject/..//hal/hcc/lib\libHCCD.a(fat_common.o)
                0x200195e8                fn_delvolume
 .text._f_clustertopos
                0x2001977c       0xf8 C:/ISIS/workspace_ycube/ycube/GlobusSatProject/..//hal/hcc/lib\libHCCD.a(fat_common.o)
                0x2001977c                _f_clustertopos
 .text._f_prepareformat
                0x20019874      0x8b8 C:/ISIS/workspace_ycube/ycube/GlobusSatProject/..//hal/hcc/lib\libHCCD.a(fat_common.o)
 .text._f_resetfatentries
                0x2001a12c      0x410 C:/ISIS/workspace_ycube/ycube/GlobusSatProject/..//hal/hcc/lib\libHCCD.a(fat_common.o)
 .text._f_resetrootdir
                0x2001a53c       0xcc C:/ISIS/workspace_ycube/ycube/GlobusSatProject/..//hal/hcc/lib\libHCCD.a(fat_common.o)
 .text._f_postformat
                0x2001a608      0x178 C:/ISIS/workspace_ycube/ycube/GlobusSatProject/..//hal/hcc/lib\libHCCD.a(fat_common.o)
 .text.fn_format
                0x2001a780      0x148 C:/ISIS/workspace_ycube/ycube/GlobusSatProject/..//hal/hcc/lib\libHCCD.a(fat_common.o)
                0x2001a780                fn_format
 .text._f_getcurrsector
                0x2001a8c8      0x6c8 C:/ISIS/workspace_ycube/ycube/GlobusSatProject/..//hal/hcc/lib\libHCCD.a(fat_common.o)
                0x2001a8c8                _f_getcurrsector
 .text._f_getdecluster
                0x2001af90       0x90 C:/ISIS/workspace_ycube/ycube/GlobusSatProject/..//hal/hcc/lib\libHCCD.a(fat_common.o)
                0x2001af90                _f_getdecluster
 .text._f_setdecluster
                0x2001b020       0x8c C:/ISIS/workspace_ycube/ycube/GlobusSatProject/..//hal/hcc/lib\libHCCD.a(fat_common.o)
                0x2001b020                _f_setdecluster
 .text.fn_getdrive
                0x2001b0ac       0x30 C:/ISIS/workspace_ycube/ycube/GlobusSatProject/..//hal/hcc/lib\libHCCD.a(fat_common.o)
                0x2001b0ac                fn_getdrive
 .text._f_getcurrenttimedate
                0x2001b0dc      0x138 C:/ISIS/workspace_ycube/ycube/GlobusSatProject/..//hal/hcc/lib\libHCCD.a(fat_common.o)
                0x2001b0dc                _f_getcurrenttimedate
 .text._f_initentry
                0x2001b214       0xa0 C:/ISIS/workspace_ycube/ycube/GlobusSatProject/..//hal/hcc/lib\libHCCD.a(fat_common.o)
                0x2001b214                _f_initentry
 .text._f_alloccluster
                0x2001b2b4      0x344 C:/ISIS/workspace_ycube/ycube/GlobusSatProject/..//hal/hcc/lib\libHCCD.a(fat_common.o)
                0x2001b2b4                _f_alloccluster
 .text._f_dobadblock
                0x2001b5f8      0x2cc C:/ISIS/workspace_ycube/ycube/GlobusSatProject/..//hal/hcc/lib\libHCCD.a(fat_common.o)
                0x2001b5f8                _f_dobadblock
 .text._f_checklocked
                0x2001b8c4       0xe4 C:/ISIS/workspace_ycube/ycube/GlobusSatProject/..//hal/hcc/lib\libHCCD.a(fat_common.o)
                0x2001b8c4                _f_checklocked
 .text._f_checkappendlocked
                0x2001b9a8      0x110 C:/ISIS/workspace_ycube/ycube/GlobusSatProject/..//hal/hcc/lib\libHCCD.a(fat_common.o)
                0x2001b9a8                _f_checkappendlocked
 .text._f_setsyncafile
                0x2001bab8      0x114 C:/ISIS/workspace_ycube/ycube/GlobusSatProject/..//hal/hcc/lib\libHCCD.a(fat_common.o)
                0x2001bab8                _f_setsyncafile
 .text._f_syncfiles
                0x2001bbcc      0x128 C:/ISIS/workspace_ycube/ycube/GlobusSatProject/..//hal/hcc/lib\libHCCD.a(fat_common.o)
                0x2001bbcc                _f_syncfiles
 .text._f_syncfilescontent
                0x2001bcf4      0x15c C:/ISIS/workspace_ycube/ycube/GlobusSatProject/..//hal/hcc/lib\libHCCD.a(fat_common.o)
 .text.fn_getfreespace
                0x2001be50      0x4c0 C:/ISIS/workspace_ycube/ycube/GlobusSatProject/..//hal/hcc/lib\libHCCD.a(fat_common.o)
                0x2001be50                fn_getfreespace
 .text._f_emptywritecache
                0x2001c310      0x4a4 C:/ISIS/workspace_ycube/ycube/GlobusSatProject/..//hal/hcc/lib\libHCCD.a(fat_common.o)
 .text._f_allocnextcluster
                0x2001c7b4      0x54c C:/ISIS/workspace_ycube/ycube/GlobusSatProject/..//hal/hcc/lib\libHCCD.a(fat_common.o)
 .text._f_emptywritebuffer
                0x2001cd00      0x20c C:/ISIS/workspace_ycube/ycube/GlobusSatProject/..//hal/hcc/lib\libHCCD.a(fat_common.o)
 .text._f_writezeros
                0x2001cf0c       0xf0 C:/ISIS/workspace_ycube/ycube/GlobusSatProject/..//hal/hcc/lib\libHCCD.a(fat_common.o)
                0x2001cf0c                _f_writezeros
 .text._f_extend_file
                0x2001cffc      0x570 C:/ISIS/workspace_ycube/ycube/GlobusSatProject/..//hal/hcc/lib\libHCCD.a(fat_common.o)
 .text._f_fseek
                0x2001d56c      0x9bc C:/ISIS/workspace_ycube/ycube/GlobusSatProject/..//hal/hcc/lib\libHCCD.a(fat_common.o)
                0x2001d56c                _f_fseek
 .text._f_removechain
                0x2001df28      0x104 C:/ISIS/workspace_ycube/ycube/GlobusSatProject/..//hal/hcc/lib\libHCCD.a(fat_common.o)
                0x2001df28                _f_removechain
 .text._f_updatefileentry
                0x2001e02c      0x1cc C:/ISIS/workspace_ycube/ycube/GlobusSatProject/..//hal/hcc/lib\libHCCD.a(fat_common.o)
 .text._f_checkreadlocked
                0x2001e1f8      0x1bc C:/ISIS/workspace_ycube/ycube/GlobusSatProject/..//hal/hcc/lib\libHCCD.a(fat_common.o)
                0x2001e1f8                _f_checkreadlocked
 .text._f_check_handle
                0x2001e3b4       0x98 C:/ISIS/workspace_ycube/ycube/GlobusSatProject/..//hal/hcc/lib\libHCCD.a(fat_common.o)
                0x2001e3b4                _f_check_handle
 .text._f_removesyncafile
                0x2001e44c      0x1ec C:/ISIS/workspace_ycube/ycube/GlobusSatProject/..//hal/hcc/lib\libHCCD.a(fat_common.o)
 .text.fn_close
                0x2001e638      0x3f8 C:/ISIS/workspace_ycube/ycube/GlobusSatProject/..//hal/hcc/lib\libHCCD.a(fat_common.o)
                0x2001e638                fn_close
 .text.fn_flush
                0x2001ea30      0x374 C:/ISIS/workspace_ycube/ycube/GlobusSatProject/..//hal/hcc/lib\libHCCD.a(fat_common.o)
                0x2001ea30                fn_flush
 .text.fn_read  0x2001eda4      0x690 C:/ISIS/workspace_ycube/ycube/GlobusSatProject/..//hal/hcc/lib\libHCCD.a(fat_common.o)
                0x2001eda4                fn_read
 .text._f_abortwrite
                0x2001f434      0x100 C:/ISIS/workspace_ycube/ycube/GlobusSatProject/..//hal/hcc/lib\libHCCD.a(fat_common.o)
 .text._f_checkwritecluster
                0x2001f534       0xe4 C:/ISIS/workspace_ycube/ycube/GlobusSatProject/..//hal/hcc/lib\libHCCD.a(fat_common.o)
 .text.fn_write
                0x2001f618      0x8a8 C:/ISIS/workspace_ycube/ycube/GlobusSatProject/..//hal/hcc/lib\libHCCD.a(fat_common.o)
                0x2001f618                fn_write
 .text.fn_seek  0x2001fec0      0x270 C:/ISIS/workspace_ycube/ycube/GlobusSatProject/..//hal/hcc/lib\libHCCD.a(fat_common.o)
                0x2001fec0                fn_seek
 .text.fn_tell  0x20020130      0x19c C:/ISIS/workspace_ycube/ycube/GlobusSatProject/..//hal/hcc/lib\libHCCD.a(fat_common.o)
                0x20020130                fn_tell
 .text.fn_rewind
                0x200202cc       0x38 C:/ISIS/workspace_ycube/ycube/GlobusSatProject/..//hal/hcc/lib\libHCCD.a(fat_common.o)
                0x200202cc                fn_rewind
 .text.fn_putc  0x20020304       0x68 C:/ISIS/workspace_ycube/ycube/GlobusSatProject/..//hal/hcc/lib\libHCCD.a(fat_common.o)
                0x20020304                fn_putc
 .text.f_enterFS
                0x2002036c      0x1c0 C:/ISIS/workspace_ycube/ycube/GlobusSatProject/..//hal/hcc/lib\libHCCD.a(fat_common.o)
                0x2002036c                f_enterFS
 .text.f_releaseFS
                0x2002052c       0xb0 C:/ISIS/workspace_ycube/ycube/GlobusSatProject/..//hal/hcc/lib\libHCCD.a(fat_common.o)
                0x2002052c                f_releaseFS
 .text.fnGetTask
                0x200205dc       0xfc C:/ISIS/workspace_ycube/ycube/GlobusSatProject/..//hal/hcc/lib\libHCCD.a(fat_common.o)
                0x200205dc                fnGetTask
 .text._f_mutex_get
                0x200206d8       0x98 C:/ISIS/workspace_ycube/ycube/GlobusSatProject/..//hal/hcc/lib\libHCCD.a(fat_common.o)
                0x200206d8                _f_mutex_get
 .text._f_mutex_put
                0x20020770       0x54 C:/ISIS/workspace_ycube/ycube/GlobusSatProject/..//hal/hcc/lib\libHCCD.a(fat_common.o)
                0x20020770                _f_mutex_put
 .text._fn_initseekdivisor
                0x200207c4      0x158 C:/ISIS/workspace_ycube/ycube/GlobusSatProject/..//hal/hcc/lib\libHCCD.a(fat_common.o)
                0x200207c4                _fn_initseekdivisor
 .text._fn_updateseekpos
                0x2002091c       0xc4 C:/ISIS/workspace_ycube/ycube/GlobusSatProject/..//hal/hcc/lib\libHCCD.a(fat_common.o)
 .text._f_findopensize
                0x200209e0       0x2c C:/ISIS/workspace_ycube/ycube/GlobusSatProject/..//hal/hcc/lib\libHCCD.a(fat_common.o)
                0x200209e0                _f_findopensize
 .text.fn_setlasterror
                0x20020a0c       0x34 C:/ISIS/workspace_ycube/ycube/GlobusSatProject/..//hal/hcc/lib\libHCCD.a(fat_common.o)
                0x20020a0c                fn_setlasterror
 .text.fn_setlasterror_noret
                0x20020a40       0x2c C:/ISIS/workspace_ycube/ycube/GlobusSatProject/..//hal/hcc/lib\libHCCD.a(fat_common.o)
                0x20020a40                fn_setlasterror_noret
 .text._s_checkzeroclusteratend
                0x20020a6c       0xf8 C:/ISIS/workspace_ycube/ycube/GlobusSatProject/..//hal/hcc/lib\libHCCD.a(safefat.o)
 .text._s_clearclustercontent
                0x20020b64      0x108 C:/ISIS/workspace_ycube/ycube/GlobusSatProject/..//hal/hcc/lib\libHCCD.a(safefat.o)
 .text._s_clearclustercontentdir
                0x20020c6c      0x19c C:/ISIS/workspace_ycube/ycube/GlobusSatProject/..//hal/hcc/lib\libHCCD.a(safefat.o)
 .text._s_writedirsector
                0x20020e08       0xd0 C:/ISIS/workspace_ycube/ycube/GlobusSatProject/..//hal/hcc/lib\libHCCD.a(safefat.o)
 .text._s_getdirsector
                0x20020ed8      0x100 C:/ISIS/workspace_ycube/ycube/GlobusSatProject/..//hal/hcc/lib\libHCCD.a(safefat.o)
 .text._s_addentry
                0x20020fd8      0x394 C:/ISIS/workspace_ycube/ycube/GlobusSatProject/..//hal/hcc/lib\libHCCD.a(safefat.o)
 .text._s_findfile
                0x2002136c      0x33c C:/ISIS/workspace_ycube/ycube/GlobusSatProject/..//hal/hcc/lib\libHCCD.a(safefat.o)
 .text._s_findsubdir
                0x200216a8      0x248 C:/ISIS/workspace_ycube/ycube/GlobusSatProject/..//hal/hcc/lib\libHCCD.a(safefat.o)
 .text._s_createfile
                0x200218f0      0x190 C:/ISIS/workspace_ycube/ycube/GlobusSatProject/..//hal/hcc/lib\libHCCD.a(safefat.o)
 .text._s_findsaffile
                0x20021a80      0x1b8 C:/ISIS/workspace_ycube/ycube/GlobusSatProject/..//hal/hcc/lib\libHCCD.a(safefat.o)
 .text._s_open  0x20021c38       0xe4 C:/ISIS/workspace_ycube/ycube/GlobusSatProject/..//hal/hcc/lib\libHCCD.a(safefat.o)
 .text._s_open_saf
                0x20021d1c       0xe8 C:/ISIS/workspace_ycube/ycube/GlobusSatProject/..//hal/hcc/lib\libHCCD.a(safefat.o)
 .text._s_flush
                0x20021e04       0x84 C:/ISIS/workspace_ycube/ycube/GlobusSatProject/..//hal/hcc/lib\libHCCD.a(safefat.o)
 .text._s_allocnextcluster
                0x20021e88      0x13c C:/ISIS/workspace_ycube/ycube/GlobusSatProject/..//hal/hcc/lib\libHCCD.a(safefat.o)
 .text._s_getnextsector
                0x20021fc4       0xdc C:/ISIS/workspace_ycube/ycube/GlobusSatProject/..//hal/hcc/lib\libHCCD.a(safefat.o)
 .text._s_seek  0x200220a0      0x1e8 C:/ISIS/workspace_ycube/ycube/GlobusSatProject/..//hal/hcc/lib\libHCCD.a(safefat.o)
 .text._s_get_len
                0x20022288      0x10c C:/ISIS/workspace_ycube/ycube/GlobusSatProject/..//hal/hcc/lib\libHCCD.a(safefat.o)
 .text._s_set_len
                0x20022394       0xb4 C:/ISIS/workspace_ycube/ycube/GlobusSatProject/..//hal/hcc/lib\libHCCD.a(safefat.o)
 .text.safe_fix_filelengths
                0x20022448       0xcc C:/ISIS/workspace_ycube/ycube/GlobusSatProject/..//hal/hcc/lib\libHCCD.a(safefat.o)
                0x20022448                safe_fix_filelengths
 .text._s_read  0x20022514      0x228 C:/ISIS/workspace_ycube/ycube/GlobusSatProject/..//hal/hcc/lib\libHCCD.a(safefat.o)
 .text._s_write
                0x2002273c      0x384 C:/ISIS/workspace_ycube/ycube/GlobusSatProject/..//hal/hcc/lib\libHCCD.a(safefat.o)
 .text._s_restoreclusters
                0x20022ac0      0x270 C:/ISIS/workspace_ycube/ycube/GlobusSatProject/..//hal/hcc/lib\libHCCD.a(safefat.o)
                0x20022ac0                _s_restoreclusters
 .text._s_findrestore
                0x20022d30      0x18c C:/ISIS/workspace_ycube/ycube/GlobusSatProject/..//hal/hcc/lib\libHCCD.a(safefat.o)
 .text._s_cmd_writede
                0x20022ebc       0xd8 C:/ISIS/workspace_ycube/ycube/GlobusSatProject/..//hal/hcc/lib\libHCCD.a(safefat.o)
 .text._s_cmd_setcluster
                0x20022f94       0x88 C:/ISIS/workspace_ycube/ycube/GlobusSatProject/..//hal/hcc/lib\libHCCD.a(safefat.o)
 .text._s_cmd_deletechain
                0x2002301c      0x100 C:/ISIS/workspace_ycube/ycube/GlobusSatProject/..//hal/hcc/lib\libHCCD.a(safefat.o)
 .text._s_cmd_validatecfn
                0x2002311c      0x308 C:/ISIS/workspace_ycube/ycube/GlobusSatProject/..//hal/hcc/lib\libHCCD.a(safefat.o)
 .text._s_cmd_seteof
                0x20023424      0x3c4 C:/ISIS/workspace_ycube/ycube/GlobusSatProject/..//hal/hcc/lib\libHCCD.a(safefat.o)
 .text.safe_docommands
                0x200237e8      0x56c C:/ISIS/workspace_ycube/ycube/GlobusSatProject/..//hal/hcc/lib\libHCCD.a(safefat.o)
                0x200237e8                safe_docommands
 .text.safe_entercommand
                0x20023d54       0x68 C:/ISIS/workspace_ycube/ycube/GlobusSatProject/..//hal/hcc/lib\libHCCD.a(safefat.o)
                0x20023d54                safe_entercommand
 .text.safe_ready
                0x20023dbc       0xf4 C:/ISIS/workspace_ycube/ycube/GlobusSatProject/..//hal/hcc/lib\libHCCD.a(safefat.o)
                0x20023dbc                safe_ready
 .text.safe_copycfn
                0x20023eb0       0xb8 C:/ISIS/workspace_ycube/ycube/GlobusSatProject/..//hal/hcc/lib\libHCCD.a(safefat.o)
                0x20023eb0                safe_copycfn
 .text.safe_cfremove
                0x20023f68       0xb8 C:/ISIS/workspace_ycube/ycube/GlobusSatProject/..//hal/hcc/lib\libHCCD.a(safefat.o)
                0x20023f68                safe_cfremove
 .text.safe_writede
                0x20024020      0x104 C:/ISIS/workspace_ycube/ycube/GlobusSatProject/..//hal/hcc/lib\libHCCD.a(safefat.o)
                0x20024020                safe_writede
 .text.safe_setcluster
                0x20024124       0xcc C:/ISIS/workspace_ycube/ycube/GlobusSatProject/..//hal/hcc/lib\libHCCD.a(safefat.o)
                0x20024124                safe_setcluster
 .text.safe_deletechain
                0x200241f0      0x1c8 C:/ISIS/workspace_ycube/ycube/GlobusSatProject/..//hal/hcc/lib\libHCCD.a(safefat.o)
                0x200241f0                safe_deletechain
 .text.safe_cfclose
                0x200243b8      0x104 C:/ISIS/workspace_ycube/ycube/GlobusSatProject/..//hal/hcc/lib\libHCCD.a(safefat.o)
                0x200243b8                safe_cfclose
 .text.safe_cfflush
                0x200244bc      0x124 C:/ISIS/workspace_ycube/ycube/GlobusSatProject/..//hal/hcc/lib\libHCCD.a(safefat.o)
                0x200244bc                safe_cfflush
 .text.safe_reset
                0x200245e0       0x78 C:/ISIS/workspace_ycube/ycube/GlobusSatProject/..//hal/hcc/lib\libHCCD.a(safefat.o)
                0x200245e0                safe_reset
 .text.safe_loadcommands
                0x20024658       0x78 C:/ISIS/workspace_ycube/ycube/GlobusSatProject/..//hal/hcc/lib\libHCCD.a(safefat.o)
                0x20024658                safe_loadcommands
 .text.safe_poweron
                0x200246d0      0x1fc C:/ISIS/workspace_ycube/ycube/GlobusSatProject/..//hal/hcc/lib\libHCCD.a(safefat.o)
                0x200246d0                safe_poweron
 .text.cf_getname
                0x200248cc       0xc0 C:/ISIS/workspace_ycube/ycube/GlobusSatProject/..//hal/hcc/lib\libHCCD.a(safefat.o)
 .text.cf_copyclusterchain
                0x2002498c      0x138 C:/ISIS/workspace_ycube/ycube/GlobusSatProject/..//hal/hcc/lib\libHCCD.a(safefat.o)
 .text.cf_seektozero
                0x20024ac4       0x94 C:/ISIS/workspace_ycube/ycube/GlobusSatProject/..//hal/hcc/lib\libHCCD.a(safefat.o)
                0x20024ac4                cf_seektozero
 .text.cf_create
                0x20024b58      0x3a8 C:/ISIS/workspace_ycube/ycube/GlobusSatProject/..//hal/hcc/lib\libHCCD.a(safefat.o)
                0x20024b58                cf_create
 .text.cf_copyclustercontent
                0x20024f00      0x128 C:/ISIS/workspace_ycube/ycube/GlobusSatProject/..//hal/hcc/lib\libHCCD.a(safefat.o)
                0x20024f00                cf_copyclustercontent
 .text.cf_copycfn
                0x20025028      0x4bc C:/ISIS/workspace_ycube/ycube/GlobusSatProject/..//hal/hcc/lib\libHCCD.a(safefat.o)
                0x20025028                cf_copycfn
 .text.cf_remove
                0x200254e4      0x344 C:/ISIS/workspace_ycube/ycube/GlobusSatProject/..//hal/hcc/lib\libHCCD.a(safefat.o)
                0x200254e4                cf_remove
 .text.cf_setclusternew
                0x20025828       0xf0 C:/ISIS/workspace_ycube/ycube/GlobusSatProject/..//hal/hcc/lib\libHCCD.a(safefat.o)
                0x20025828                cf_setclusternew
 .text.cf_flush
                0x20025918       0x58 C:/ISIS/workspace_ycube/ycube/GlobusSatProject/..//hal/hcc/lib\libHCCD.a(safefat.o)
                0x20025918                cf_flush
 .text.cf_getcluster
                0x20025970      0x1b4 C:/ISIS/workspace_ycube/ycube/GlobusSatProject/..//hal/hcc/lib\libHCCD.a(safefat.o)
                0x20025970                cf_getcluster
 .text.cf_setnextcluster
                0x20025b24      0x194 C:/ISIS/workspace_ycube/ycube/GlobusSatProject/..//hal/hcc/lib\libHCCD.a(safefat.o)
                0x20025b24                cf_setnextcluster
 .text.cf_getpositions
                0x20025cb8       0xbc C:/ISIS/workspace_ycube/ycube/GlobusSatProject/..//hal/hcc/lib\libHCCD.a(safefat.o)
                0x20025cb8                cf_getpositions
 .text.cf_setpositions
                0x20025d74       0xb0 C:/ISIS/workspace_ycube/ycube/GlobusSatProject/..//hal/hcc/lib\libHCCD.a(safefat.o)
                0x20025d74                cf_setpositions
 .text.cf_opensyncafile
                0x20025e24      0x150 C:/ISIS/workspace_ycube/ycube/GlobusSatProject/..//hal/hcc/lib\libHCCD.a(safefat.o)
                0x20025e24                cf_opensyncafile
 .text.cf_reloadcfo
                0x20025f74       0xd8 C:/ISIS/workspace_ycube/ycube/GlobusSatProject/..//hal/hcc/lib\libHCCD.a(safefat.o)
                0x20025f74                cf_reloadcfo
 .text.mcipdc_cmd
                0x2002604c      0x22c C:/ISIS/workspace_ycube/ycube/GlobusSatProject/..//hal/hcc/lib\libHCCD.a(atmel_mcipdc.o)
 .text.mcipdc_stop
                0x20026278       0xfc C:/ISIS/workspace_ycube/ycube/GlobusSatProject/..//hal/hcc/lib\libHCCD.a(atmel_mcipdc.o)
                0x20026278                mcipdc_stop
 .text.mcipdc_read
                0x20026374      0x27c C:/ISIS/workspace_ycube/ycube/GlobusSatProject/..//hal/hcc/lib\libHCCD.a(atmel_mcipdc.o)
 .text.mcipdc_write
                0x200265f0      0x298 C:/ISIS/workspace_ycube/ycube/GlobusSatProject/..//hal/hcc/lib\libHCCD.a(atmel_mcipdc.o)
 .text.mcipdc_readsector
                0x20026888       0x9c C:/ISIS/workspace_ycube/ycube/GlobusSatProject/..//hal/hcc/lib\libHCCD.a(atmel_mcipdc.o)
                0x20026888                mcipdc_readsector
 .text.mcipdc_readmultiplesector
                0x20026924      0x124 C:/ISIS/workspace_ycube/ycube/GlobusSatProject/..//hal/hcc/lib\libHCCD.a(atmel_mcipdc.o)
                0x20026924                mcipdc_readmultiplesector
 .text.mcipdc_writesector
                0x20026a48       0x90 C:/ISIS/workspace_ycube/ycube/GlobusSatProject/..//hal/hcc/lib\libHCCD.a(atmel_mcipdc.o)
                0x20026a48                mcipdc_writesector
 .text.mcipdc_writemultiplesector
                0x20026ad8      0x120 C:/ISIS/workspace_ycube/ycube/GlobusSatProject/..//hal/hcc/lib\libHCCD.a(atmel_mcipdc.o)
                0x20026ad8                mcipdc_writemultiplesector
 .text.mcipdc_set_speed
                0x20026bf8       0xb0 C:/ISIS/workspace_ycube/ycube/GlobusSatProject/..//hal/hcc/lib\libHCCD.a(atmel_mcipdc.o)
 .text.mcipdc_get_speed
                0x20026ca8       0x48 C:/ISIS/workspace_ycube/ycube/GlobusSatProject/..//hal/hcc/lib\libHCCD.a(atmel_mcipdc.o)
 .text._get_csd_bits
                0x20026cf0      0x14c C:/ISIS/workspace_ycube/ycube/GlobusSatProject/..//hal/hcc/lib\libHCCD.a(atmel_mcipdc.o)
 .text.mcipdc_initcard
                0x20026e3c      0x8f4 C:/ISIS/workspace_ycube/ycube/GlobusSatProject/..//hal/hcc/lib\libHCCD.a(atmel_mcipdc.o)
 .text.mcipdc_getstatus
                0x20027730       0xe8 C:/ISIS/workspace_ycube/ycube/GlobusSatProject/..//hal/hcc/lib\libHCCD.a(atmel_mcipdc.o)
 .text.mcipdc_getphy
                0x20027818       0x90 C:/ISIS/workspace_ycube/ycube/GlobusSatProject/..//hal/hcc/lib\libHCCD.a(atmel_mcipdc.o)
 .text.mcipdc_release
                0x200278a8       0x50 C:/ISIS/workspace_ycube/ycube/GlobusSatProject/..//hal/hcc/lib\libHCCD.a(atmel_mcipdc.o)
 .text.atmel_mcipdc_initfunc
                0x200278f8      0x160 C:/ISIS/workspace_ycube/ycube/GlobusSatProject/..//hal/hcc/lib\libHCCD.a(atmel_mcipdc.o)
                0x200278f8                atmel_mcipdc_initfunc
 .text.oal_task_get_id
                0x20027a58       0x18 C:/ISIS/workspace_ycube/ycube/GlobusSatProject/..//hal/hcc/lib\libHCCD.a(oalp_task.o)
                0x20027a58                oal_task_get_id
 .text.oal_mutex_create
                0x20027a70       0x54 C:/ISIS/workspace_ycube/ycube/GlobusSatProject/..//hal/hcc/lib\libHCCD.a(oalp_mutex.o)
                0x20027a70                oal_mutex_create
 .text.oal_mutex_delete
                0x20027ac4       0x30 C:/ISIS/workspace_ycube/ycube/GlobusSatProject/..//hal/hcc/lib\libHCCD.a(oalp_mutex.o)
                0x20027ac4                oal_mutex_delete
 .text.oal_mutex_get
                0x20027af4       0x58 C:/ISIS/workspace_ycube/ycube/GlobusSatProject/..//hal/hcc/lib\libHCCD.a(oalp_mutex.o)
                0x20027af4                oal_mutex_get
 .text.oal_mutex_put
                0x20027b4c       0x58 C:/ISIS/workspace_ycube/ycube/GlobusSatProject/..//hal/hcc/lib\libHCCD.a(oalp_mutex.o)
                0x20027b4c                oal_mutex_put
 .text.mcipdc_hw_init
                0x20027ba4       0xe8 C:/ISIS/workspace_ycube/ycube/GlobusSatProject/..//hal/hcc/lib\libHCCD.a(atmel_mcipdc_hw.o)
                0x20027ba4                mcipdc_hw_init
 .text.mcipdc_hw_delete
                0x20027c8c       0x78 C:/ISIS/workspace_ycube/ycube/GlobusSatProject/..//hal/hcc/lib\libHCCD.a(atmel_mcipdc_hw.o)
                0x20027c8c                mcipdc_hw_delete
 .text.mcipdc_hw_card_plugged
                0x20027d04       0x1c C:/ISIS/workspace_ycube/ycube/GlobusSatProject/..//hal/hcc/lib\libHCCD.a(atmel_mcipdc_hw.o)
                0x20027d04                mcipdc_hw_card_plugged
 .text.mcipdc_hw_card_writeprotect
                0x20027d20       0x1c C:/ISIS/workspace_ycube/ycube/GlobusSatProject/..//hal/hcc/lib\libHCCD.a(atmel_mcipdc_hw.o)
                0x20027d20                mcipdc_hw_card_writeprotect
 .text.psp_getrand
                0x20027d3c      0x14c C:/ISIS/workspace_ycube/ycube/GlobusSatProject/..//hal/hcc/lib\libHCCD.a(psp_rand.o)
                0x20027d3c                psp_getrand
 .text.psp_getcurrenttimedate
                0x20027e88       0x8c C:/ISIS/workspace_ycube/ycube/GlobusSatProject/..//hal/hcc/lib\libHCCD.a(psp_rtc.o)
                0x20027e88                psp_getcurrenttimedate
 .text._hcc_get_buf_dsc
                0x20027f14       0x8c C:/ISIS/workspace_ycube/ycube/GlobusSatProject/..//hal/hcc/lib\libHCCD.a(hcc_mem.o)
 .text._hcc_check_free_pages
                0x20027fa0      0x18c C:/ISIS/workspace_ycube/ycube/GlobusSatProject/..//hal/hcc/lib\libHCCD.a(hcc_mem.o)
 .text._hcc_mark_pages
                0x2002812c      0x158 C:/ISIS/workspace_ycube/ycube/GlobusSatProject/..//hal/hcc/lib\libHCCD.a(hcc_mem.o)
 .text._hcc_clear_lock_dsc
                0x20028284       0x80 C:/ISIS/workspace_ycube/ycube/GlobusSatProject/..//hal/hcc/lib\libHCCD.a(hcc_mem.o)
 .text._hcc_lock_access
                0x20028304      0x128 C:/ISIS/workspace_ycube/ycube/GlobusSatProject/..//hal/hcc/lib\libHCCD.a(hcc_mem.o)
 .text._hcc_unlock_access
                0x2002842c       0x30 C:/ISIS/workspace_ycube/ycube/GlobusSatProject/..//hal/hcc/lib\libHCCD.a(hcc_mem.o)
 .text.hcc_mem_alloc
                0x2002845c      0x454 C:/ISIS/workspace_ycube/ycube/GlobusSatProject/..//hal/hcc/lib\libHCCD.a(hcc_mem.o)
                0x2002845c                hcc_mem_alloc
 .text.hcc_mem_free
                0x200288b0      0x178 C:/ISIS/workspace_ycube/ycube/GlobusSatProject/..//hal/hcc/lib\libHCCD.a(hcc_mem.o)
                0x200288b0                hcc_mem_free
 .text.hcc_mem_add
                0x20028a28      0x3b0 C:/ISIS/workspace_ycube/ycube/GlobusSatProject/..//hal/hcc/lib\libHCCD.a(hcc_mem.o)
                0x20028a28                hcc_mem_add
 .text.hcc_mem_init
                0x20028dd8      0x164 C:/ISIS/workspace_ycube/ycube/GlobusSatProject/..//hal/hcc/lib\libHCCD.a(hcc_mem.o)
                0x20028dd8                hcc_mem_init
 .text.hcc_mem_delete
                0x20028f3c       0x94 C:/ISIS/workspace_ycube/ycube/GlobusSatProject/..//hal/hcc/lib\libHCCD.a(hcc_mem.o)
                0x20028f3c                hcc_mem_delete
 .text.hcc_mem_buf_alloc
                0x20028fd0       0xe4 C:/ISIS/workspace_ycube/ycube/GlobusSatProject/..//hal/hcc/lib\libHCCD.a(psp_hcc_mem.o)
                0x20028fd0                hcc_mem_buf_alloc
 .text.hcc_mem_buf_free
                0x200290b4       0x6c C:/ISIS/workspace_ycube/ycube/GlobusSatProject/..//hal/hcc/lib\libHCCD.a(psp_hcc_mem.o)
                0x200290b4                hcc_mem_buf_free
 .text.IsisSolarPanelv2_initialize
                0x20029120      0x118 C:/ISIS/workspace_ycube/ycube/GlobusSatProject/..//satellite-subsystems/satellite-subsystems/lib\libSatelliteSubsystemsD.a(IsisSolarPanelv2.o)
                0x20029120                IsisSolarPanelv2_initialize
 .text.IsisSolarPanelv2_getTemperature
                0x20029238       0xfc C:/ISIS/workspace_ycube/ycube/GlobusSatProject/..//satellite-subsystems/satellite-subsystems/lib\libSatelliteSubsystemsD.a(IsisSolarPanelv2.o)
                0x20029238                IsisSolarPanelv2_getTemperature
 .text._Reset   0x20029334       0x20 C:/ISIS/workspace_ycube/ycube/GlobusSatProject/..//satellite-subsystems/satellite-subsystems/lib\libSatelliteSubsystemsD.a(IsisSolarPanelv2.o)
 .text._WaitForStartup
                0x20029354       0xa0 C:/ISIS/workspace_ycube/ycube/GlobusSatProject/..//satellite-subsystems/satellite-subsystems/lib\libSatelliteSubsystemsD.a(IsisSolarPanelv2.o)
 .text._AssignAllChannels
                0x200293f4       0x90 C:/ISIS/workspace_ycube/ycube/GlobusSatProject/..//satellite-subsystems/satellite-subsystems/lib\libSatelliteSubsystemsD.a(IsisSolarPanelv2.o)
 .text._AssignThisChannel
                0x20029484       0xe8 C:/ISIS/workspace_ycube/ycube/GlobusSatProject/..//satellite-subsystems/satellite-subsystems/lib\libSatelliteSubsystemsD.a(IsisSolarPanelv2.o)
 .text._InitiateConversion
                0x2002956c       0xac C:/ISIS/workspace_ycube/ycube/GlobusSatProject/..//satellite-subsystems/satellite-subsystems/lib\libSatelliteSubsystemsD.a(IsisSolarPanelv2.o)
 .text._WaitForConversionComplete
                0x20029618      0x110 C:/ISIS/workspace_ycube/ycube/GlobusSatProject/..//satellite-subsystems/satellite-subsystems/lib\libSatelliteSubsystemsD.a(IsisSolarPanelv2.o)
 .text._ReadResult
                0x20029728      0x158 C:/ISIS/workspace_ycube/ycube/GlobusSatProject/..//satellite-subsystems/satellite-subsystems/lib\libSatelliteSubsystemsD.a(IsisSolarPanelv2.o)
 .text._ExtractByte
                0x20029880       0x38 C:/ISIS/workspace_ycube/ycube/GlobusSatProject/..//satellite-subsystems/satellite-subsystems/lib\libSatelliteSubsystemsD.a(IsisSolarPanelv2.o)
 .text._ExtendSign
                0x200298b8       0x6c C:/ISIS/workspace_ycube/ycube/GlobusSatProject/..//satellite-subsystems/satellite-subsystems/lib\libSatelliteSubsystemsD.a(IsisSolarPanelv2.o)
 .text._PinsInit
                0x20029924       0x68 C:/ISIS/workspace_ycube/ycube/GlobusSatProject/..//satellite-subsystems/satellite-subsystems/lib\libSatelliteSubsystemsD.a(IsisSolarPanelv2.o)
 .text._SpiWriteRead
                0x2002998c       0x70 C:/ISIS/workspace_ycube/ycube/GlobusSatProject/..//satellite-subsystems/satellite-subsystems/lib\libSatelliteSubsystemsD.a(IsisSolarPanelv2.o)
 .text.ISIS_ANTS_REV2_Init
                0x200299fc       0xc4 C:/ISIS/workspace_ycube/ycube/GlobusSatProject/..//satellite-subsystems/satellite-subsystems/lib\libSatelliteSubsystemsD.a(isis_ants_rev2.o)