Archive member included because of file (symbol)

C:/ISIS/workspace/ycube/satellite-subsystems/demo/..//satellite-subsystems/lib\libSatelliteSubsystemsD.a(IsisTRXUV.o)
                              ./src/Demos/IsisTRXUVdemo.o (IsisTrxuv_initialize)
C:/ISIS/workspace/ycube/satellite-subsystems/demo/..//satellite-subsystems/lib\libSatelliteSubsystemsD.a(IsisMTQv2.o)
                              ./src/Demos/IsisMTQv2demo.o (IsisMTQv2_initialize)
C:/ISIS/workspace/ycube/satellite-subsystems/demo/..//satellite-subsystems/lib\libSatelliteSubsystemsD.a(imepsv2_piu.o)
                              ./src/Demos/isis_eps_demo.o (IMEPSV2_PIU_Init)
C:/ISIS/workspace/ycube/satellite-subsystems/demo/..//satellite-subsystems/lib\libSatelliteSubsystemsD.a(isis_ants2.o)
                              ./src/Demos/isis_ants2_demo.o (ISIS_ANTS2_Init)
C:/ISIS/workspace/ycube/satellite-subsystems/demo/..//satellite-subsystems/lib\libSatelliteSubsystemsD.a(isis_hstxs_spi.o)
                              ./src/Demos/IsisHSTxSdemo.o (isis_hstxs_spi__sendframe)
C:/ISIS/workspace/ycube/satellite-subsystems/demo/..//satellite-subsystems/lib\libSatelliteSubsystemsD.a(IsisAntS.o)
                              ./src/Demos/IsisAntSdemo.o (IsisAntS_initialize)
C:/ISIS/workspace/ycube/satellite-subsystems/demo/..//satellite-subsystems/lib\libSatelliteSubsystemsD.a(IsisTRXCommon.o)
                              C:/ISIS/workspace/ycube/satellite-subsystems/demo/..//satellite-subsystems/lib\libSatelliteSubsystemsD.a(IsisTRXUV.o) (IsisTrxCommon_componentReset)
C:/ISIS/workspace/ycube/satellite-subsystems/demo/..//satellite-subsystems/lib\libSatelliteSubsystemsD.a(GomEPS.o)
                              ./src/Demos/GomEPSdemo.o (GomEpsInitialize)
C:/ISIS/workspace/ycube/satellite-subsystems/demo/..//satellite-subsystems/lib\libSatelliteSubsystemsD.a(cspaceADCS.o)
                              ./src/Demos/cspaceADCSdemo.o (cspaceADCS_initialize)
C:/ISIS/workspace/ycube/satellite-subsystems/demo/..//satellite-subsystems/lib\libSatelliteSubsystemsD.a(IsisSolarPanel.o)
                              ./src/Demos/IsisSPdemo.o (IsisSolarPanel_getTemperature)
C:/ISIS/workspace/ycube/satellite-subsystems/demo/..//satellite-subsystems/lib\libSatelliteSubsystemsD.a(IsisTRXVU.o)
                              ./src/Demos/IsisTRXVUdemo.o (IsisTrxvu_initialize)
C:/ISIS/workspace/ycube/satellite-subsystems/demo/..//satellite-subsystems/lib\libSatelliteSubsystemsD.a(isis_hstxs.o)
                              ./src/Demos/IsisHSTxSdemo.o (ISIS_HSTXS_Init)
C:/ISIS/workspace/ycube/satellite-subsystems/demo/..//satellite-subsystems/lib\libSatelliteSubsystemsD.a(IsisMTQv1.o)
                              ./src/Demos/IsisMTQv1demo.o (isisMTQv1_initialize)
C:/ISIS/workspace/ycube/satellite-subsystems/demo/..//satellite-subsystems/lib\libSatelliteSubsystemsD.a(IsisSolarPanelv2.o)
                              ./src/Demos/IsisSPv2demo.o (IsisSolarPanelv2_initialize)
C:/ISIS/workspace/ycube/satellite-subsystems/demo/..//satellite-subsystems/lib\libSatelliteSubsystemsD.a(version.o)
                              ./src/main.o (SatelliteSubsystemsCompileDate)
C:/ISIS/workspace/ycube/satellite-subsystems/demo/..//satellite-subsystems/lib\libSatelliteSubsystemsD.a(gecko_driver.o)
                              ./src/Demos/ScsGeckoDemo.o (GECKO_SetReg)
C:/ISIS/workspace/ycube/satellite-subsystems/demo/..//satellite-subsystems/lib\libSatelliteSubsystemsD.a(gecko_use_cases.o)
                              ./src/Demos/ScsGeckoDemo.o (GECKO_UC_Init)
c:/isis/application/toolchain/bin/../lib/gcc/arm-none-eabi/4.7.4/../../../../arm-none-eabi/lib\libm.a(lib_a-w_exp.o)
                              ./src/Demos/common.o (exp)
c:/isis/application/toolchain/bin/../lib/gcc/arm-none-eabi/4.7.4/../../../../arm-none-eabi/lib\libm.a(lib_a-w_log.o)
                              C:/ISIS/workspace/ycube/satellite-subsystems/demo/..//satellite-subsystems/lib\libSatelliteSubsystemsD.a(gecko_driver.o) (log)
c:/isis/application/toolchain/bin/../lib/gcc/arm-none-eabi/4.7.4/../../../../arm-none-eabi/lib\libm.a(lib_a-e_exp.o)
                              c:/isis/application/toolchain/bin/../lib/gcc/arm-none-eabi/4.7.4/../../../../arm-none-eabi/lib\libm.a(lib_a-w_exp.o) (__ieee754_exp)
c:/isis/application/toolchain/bin/../lib/gcc/arm-none-eabi/4.7.4/../../../../arm-none-eabi/lib\libm.a(lib_a-e_log.o)
                              c:/isis/application/toolchain/bin/../lib/gcc/arm-none-eabi/4.7.4/../../../../arm-none-eabi/lib\libm.a(lib_a-w_log.o) (__ieee754_log)
c:/isis/application/toolchain/bin/../lib/gcc/arm-none-eabi/4.7.4/../../../../arm-none-eabi/lib\libm.a(lib_a-s_finite.o)
                              c:/isis/application/toolchain/bin/../lib/gcc/arm-none-eabi/4.7.4/../../../../arm-none-eabi/lib\libm.a(lib_a-w_exp.o) (finite)
c:/isis/application/toolchain/bin/../lib/gcc/arm-none-eabi/4.7.4/../../../../arm-none-eabi/lib\libm.a(lib_a-s_fpclassify.o)
[...]
Memory Configuration

Name             Origin             Length             Attributes
sram0            0x00200000         0x00004000         w !xr
sram1            0x00300000         0x00004000         w !xr
sdram            0x20000000         0x02000000         w !xr
*default*        0x00000000         0xffffffff

Linker script and memory map

LOAD c:/isis/application/toolchain/bin/../lib/gcc/arm-none-eabi/4.7.4/../../../../arm-none-eabi/lib\libc.a
LOAD ./src/Demos/GomEPSdemo.o
LOAD ./src/Demos/IsisAntSdemo.o
LOAD ./src/Demos/IsisHSTxSdemo.o
LOAD ./src/Demos/IsisMTQv1demo.o
LOAD ./src/Demos/IsisMTQv2demo.o
LOAD ./src/Demos/IsisSPdemo.o
LOAD ./src/Demos/IsisSPv2demo.o
LOAD ./src/Demos/IsisTRXUVdemo.o
LOAD ./src/Demos/IsisTRXVUdemo.o
LOAD ./src/Demos/IsisTxSdemo.o
LOAD ./src/Demos/ScsGeckoDemo.o
LOAD ./src/Demos/common.o
LOAD ./src/Demos/cspaceADCSdemo.o
LOAD ./src/Demos/input.o
LOAD ./src/Demos/isis_ants2_demo.o
LOAD ./src/Demos/isis_eps_demo.o
LOAD ./src/Demos/tausat2_pdhudemo.o
LOAD ./src/Demos/trxvu_frame_ready.o
LOAD ./src/main.o
LOAD C:/ISIS/workspace/ycube/satellite-subsystems/demo/..//satellite-subsystems/lib\libSatelliteSubsystemsD.a
LOAD c:/isis/application/toolchain/bin/../lib/gcc/arm-none-eabi/4.7.4/../../../../arm-none-eabi/lib\libm.a
LOAD C:/ISIS/workspace/ycube/satellite-subsystems/demo/../..//hal/hcc/lib\libHCCD.a
LOAD C:/ISIS/workspace/ycube/satellite-subsystems/demo/../..//hal/hal/lib\libHALD.a
LOAD C:/ISIS/workspace/ycube/satellite-subsystems/demo/../..//hal/freertos/lib\libFreeRTOSD.a
LOAD C:/ISIS/workspace/ycube/satellite-subsystems/demo/../..//hal/at91/lib\libAt91D.a
START GROUP
LOAD c:/isis/application/toolchain/bin/../lib/gcc/arm-none-eabi/4.7.4\libgcc.a
LOAD c:/isis/application/toolchain/bin/../lib/gcc/arm-none-eabi/4.7.4/../../../../arm-none-eabi/lib\libg.a
LOAD c:/isis/application/toolchain/bin/../lib/gcc/arm-none-eabi/4.7.4/../../../../arm-none-eabi/lib\libc.a
END GROUP

.fixed          0x20000000    0x31050
                0x20000000                . = ALIGN (0x4)
                0x20000000                _sfixed = .
 *(.startup)
 .startup       0x20000000      0x184 C:/ISIS/workspace/ycube/satellite-subsystems/demo/../..//hal/at91/lib\libAt91D.a(board_cstartup.o)
                0x20000000                entry
 *(.text)
 .text          0x20000184       0x64 C:/ISIS/workspace/ycube/satellite-subsystems/demo/../..//hal/at91/lib\libAt91D.a(cp15_asm.o)
                0x20000184                _readControlRegister
                0x20000190                _writeControlRegister
                0x20000198                _waitForInterrupt
                0x200001a4                _writeTTB
                0x200001ac                _writeDomain
                0x200001b4                _writeITLBLockdown
                0x200001bc                _prefetchICacheLine
                0x200001c4                _flushDCache
                0x200001d0                _flushWriteBuffer
                0x200001dc                _invalidateIDTLBs
 .text          0x200001e8      0x114 c:/isis/application/toolchain/bin/../lib/gcc/arm-none-eabi/4.7.4\libgcc.a(_udivsi3.o)
                0x200001e8                __aeabi_uidiv
                0x200001e8                __udivsi3
                0x200002dc                __aeabi_uidivmod
 .text          0x200002fc        0x4 c:/isis/application/toolchain/bin/../lib/gcc/arm-none-eabi/4.7.4\libgcc.a(_dvmd_tls.o)
                0x200002fc                __aeabi_idiv0
                0x200002fc                __aeabi_ldiv0
 .text          0x20000300      0x41c c:/isis/application/toolchain/bin/../lib/gcc/arm-none-eabi/4.7.4\libgcc.a(_arm_addsubdf3.o)
                0x20000300                __aeabi_drsub
                0x20000308                __aeabi_dsub
                0x20000308                __subdf3
                0x2000030c                __aeabi_dadd
                0x2000030c                __adddf3
                0x2000061c                __floatunsidf
                0x2000061c                __aeabi_ui2d
                0x20000640                __floatsidf
                0x20000640                __aeabi_i2d
                0x20000668                __aeabi_f2d
                0x20000668                __extendsfdf2
                0x200006a8                __floatundidf
                0x200006a8                __aeabi_ul2d
                0x200006bc                __floatdidf
                0x200006bc                __aeabi_l2d
 .text          0x2000071c      0x49c c:/isis/application/toolchain/bin/../lib/gcc/arm-none-eabi/4.7.4\libgcc.a(_arm_muldivdf3.o)
                0x2000071c                __aeabi_dmul
                0x2000071c                __muldf3
                0x200009ac                __divdf3
                0x200009ac                __aeabi_ddiv
 .text          0x20000bb8      0x144 c:/isis/application/toolchain/bin/../lib/gcc/arm-none-eabi/4.7.4\libgcc.a(_arm_cmpdf2.o)
                0x20000bb8                __gtdf2
                0x20000bb8                __gedf2
                0x20000bc0                __ltdf2
                0x20000bc0                __ledf2
                0x20000bc8                __nedf2
                0x20000bc8                __eqdf2
                0x20000bc8                __cmpdf2
                0x20000c50                __aeabi_cdrcmple
                0x20000c6c                __aeabi_cdcmpeq
                0x20000c6c                __aeabi_cdcmple
                0x20000c84                __aeabi_dcmpeq
                0x20000c9c                __aeabi_dcmplt
                0x20000cb4                __aeabi_dcmple
                0x20000ccc                __aeabi_dcmpge
                0x20000ce4                __aeabi_dcmpgt
 .text          0x20000cfc       0x5c c:/isis/application/toolchain/bin/../lib/gcc/arm-none-eabi/4.7.4\libgcc.a(_arm_fixdfsi.o)
                0x20000cfc                __aeabi_d2iz
                0x20000cfc                __fixdfsi
 .text          0x20000d58       0x54 c:/isis/application/toolchain/bin/../lib/gcc/arm-none-eabi/4.7.4\libgcc.a(_arm_fixunsdfsi.o)
                0x20000d58                __aeabi_d2uiz
                0x20000d58                __fixunsdfsi
 .text          0x20000dac       0xa0 c:/isis/application/toolchain/bin/../lib/gcc/arm-none-eabi/4.7.4\libgcc.a(_arm_truncdfsf2.o)
                0x20000dac                __truncdfsf2
                0x20000dac                __aeabi_d2f
 .text          0x20000e4c      0x2ac c:/isis/application/toolchain/bin/../lib/gcc/arm-none-eabi/4.7.4\libgcc.a(_arm_addsubsf3.o)
                0x20000e4c                __aeabi_frsub
                0x20000e54                __subsf3
                0x20000e54                __aeabi_fsub
                0x20000e58                __aeabi_fadd
                0x20000e58                __addsf3
                0x20001014                __aeabi_ui2f
                0x20001014                __floatunsisf
                0x2000101c                __aeabi_i2f
                0x2000101c                __floatsisf
                0x2000103c                __aeabi_ul2f
                0x2000103c                __floatundisf
                0x2000104c                __aeabi_l2f
                0x2000104c                __floatdisf
 .text          0x200010f8      0x2f8 c:/isis/application/toolchain/bin/../lib/gcc/arm-none-eabi/4.7.4\libgcc.a(_arm_muldivsf3.o)
                0x200010f8                __mulsf3
                0x200010f8                __aeabi_fmul
                0x20001290                __aeabi_fdiv
                0x20001290                __divsf3
 .text          0x200013f0       0x3c c:/isis/application/toolchain/bin/../lib/gcc/arm-none-eabi/4.7.4\libgcc.a(_aeabi_uldivmod.o)
                0x200013f0                __aeabi_uldivmod
 .text          0x2000142c       0x84 c:/isis/application/toolchain/bin/../lib/gcc/arm-none-eabi/4.7.4\libgcc.a(bpabi.o)
                0x2000142c                __gnu_ldivmod_helper
                0x20001470                __gnu_uldivmod_helper
 .text          0x200014b0      0x4f0 c:/isis/application/toolchain/bin/../lib/gcc/arm-none-eabi/4.7.4\libgcc.a(_divdi3.o)
                0x200014b0                __divdi3
 .text          0x200019a0      0x488 c:/isis/application/toolchain/bin/../lib/gcc/arm-none-eabi/4.7.4\libgcc.a(_udivdi3.o)
                0x200019a0                __udivdi3
 .text          0x20001e28       0x48 c:/isis/application/toolchain/bin/../lib/gcc/arm-none-eabi/4.7.4\libgcc.a(_clzsi2.o)
                0x20001e28                __clzsi2
 *(.text*)
 .text.resetAntSTest
                0x20001e70       0x9c ./src/Demos/IsisAntSdemo.o
 .text.printDeploymentStatus
                0x20001f0c       0x60 ./src/Demos/IsisAntSdemo.o
 .text.getStatusAntSTest
                0x20001f6c      0x178 ./src/Demos/IsisAntSdemo.o
 .text.tempAntSTest
                0x200020e4      0x1a4 ./src/Demos/IsisAntSdemo.o
 .text.uptimeAntSTest
                0x20002288       0xa4 ./src/Demos/IsisAntSdemo.o
 .text.telemAntSTest
                0x2000232c      0x1cc ./src/Demos/IsisAntSdemo.o
 .text.setARMStatus
                0x200024f8      0x158 ./src/Demos/IsisAntSdemo.o
 .text.autoDeploymentAntSTest
                0x20002650      0x140 ./src/Demos/IsisAntSdemo.o
 .text.manualDeploymentAntSTest
                0x20002790      0x18c ./src/Demos/IsisAntSdemo.o
 .text.selectAndExecuteAntSDemoTest
                0x2000291c      0x2c4 ./src/Demos/IsisAntSdemo.o
                0x2000291c                selectAndExecuteAntSDemoTest
 .text.initmain
                0x20002be0       0x9c ./src/Demos/IsisAntSdemo.o
 .text.Ants_mainDemo
                0x20002c7c       0x40 ./src/Demos/IsisAntSdemo.o
 .text.AntStest
                0x20002cbc       0x1c ./src/Demos/IsisAntSdemo.o
                0x20002cbc                AntStest
 .text.resetSupHSTxsTest
                0x20002cd8       0x34 ./src/Demos/IsisHSTxSdemo.o
 .text.toggleHSTxsSupStateTest
                0x20002d0c       0x74 ./src/Demos/IsisHSTxSdemo.o
 .text.getSupTelemHSTxSTest
                0x20002d80      0xba4 ./src/Demos/IsisHSTxSdemo.o
 .text.toggleHSTxsMSS_UptimeTest
                0x20003924       0x54 ./src/Demos/IsisHSTxSdemo.o
 .text.toggleHSTxsMSS_StateTest
                0x20003978       0x74 ./src/Demos/IsisHSTxSdemo.o
 .text.toggleHSTxsMSSFECFTest
                0x200039ec       0x74 ./src/Demos/IsisHSTxSdemo.o
 .text.toggleHSTxsMSSModTest
                0x20003a60       0x8c ./src/Demos/IsisHSTxSdemo.o
 .text.setSymbolrateHSTxsTest
                0x20003aec       0xc8 ./src/Demos/IsisHSTxSdemo.o
 .text.getMSSStatusHSTxSTest
                0x20003bb4      0x200 ./src/Demos/IsisHSTxSdemo.o
 .text.toggleHSTxsMSSSetFreqTest
                0x20003db4       0x94 ./src/Demos/IsisHSTxSdemo.o
 .text.getHSTxsMSSFreqTest
                0x20003e48       0x54 ./src/Demos/IsisHSTxSdemo.o
 .text.getHSTxsMSSEngStatusTest
                0x20003e9c       0x60 ./src/Demos/IsisHSTxSdemo.o
 .text.HSTxsMSSSendFramesTest
                0x20003efc      0x31c ./src/Demos/IsisHSTxSdemo.o
 .text.selectAndExecuteTxSDemoTest
                0x20004218      0x200 ./src/Demos/IsisHSTxSdemo.o
 .text.IsisHSTxSdemoInit
                0x20004418       0x94 ./src/Demos/IsisHSTxSdemo.o
                0x20004418                IsisHSTxSdemoInit
 .text.IsisHSTxSdemoLoop
                0x200044ac       0x3c ./src/Demos/IsisHSTxSdemo.o
                0x200044ac                IsisHSTxSdemoLoop
 .text.IsisHSTxSdemoMain
                0x200044e8       0x30 ./src/Demos/IsisHSTxSdemo.o
                0x200044e8                IsisHSTxSdemoMain
 .text.HSTxStest
                0x20004518       0x18 ./src/Demos/IsisHSTxSdemo.o
                0x20004518                HSTxStest
 .text._parse_resp
                0x20004530      0x25c ./src/Demos/IsisMTQv2demo.o
 .text._parse_selftest_step
                0x2000478c      0x530 ./src/Demos/IsisMTQv2demo.o
 .text._get_axis_inputs
                0x20004cbc      0x344 ./src/Demos/IsisMTQv2demo.o
 .text._softReset
                0x20005000       0xf4 ./src/Demos/IsisMTQv2demo.o
 .text._noOperation
                0x200050f4       0xe8 ./src/Demos/IsisMTQv2demo.o
 .text._cancelOperation
                0x200051dc       0xdc ./src/Demos/IsisMTQv2demo.o
 .text._startMTMMeasurement
                0x200052b8       0xfc ./src/Demos/IsisMTQv2demo.o
 .text._startMTQActuationCurrent
                0x200053b4      0x12c ./src/Demos/IsisMTQv2demo.o
 .text._startMTQActuationDipole
                0x200054e0      0x148 ./src/Demos/IsisMTQv2demo.o
 .text._startMTQActuationPWM
                0x20005628      0x12c ./src/Demos/IsisMTQv2demo.o
 .text._startSelfTest
                0x20005754      0x228 ./src/Demos/IsisMTQv2demo.o
 .text._startDetumble
                0x2000597c      0x1a0 ./src/Demos/IsisMTQv2demo.o
 .text._getSystemState
                0x20005b1c      0x224 ./src/Demos/IsisMTQv2demo.o
 .text._getRawMTMData
                0x20005d40      0x150 ./src/Demos/IsisMTQv2demo.o
 .text._getCalMTMData
                0x20005e90      0x150 ./src/Demos/IsisMTQv2demo.o
 .text._getCoilCurrent
                0x20005fe0      0x140 ./src/Demos/IsisMTQv2demo.o
 .text._getCoilTemperature
                0x20006120      0x140 ./src/Demos/IsisMTQv2demo.o
 .text._getCmdActuationDipole
                0x20006260      0x14c ./src/Demos/IsisMTQv2demo.o
 .text._getSelftestDataSingleAxis
                0x200063ac      0x168 ./src/Demos/IsisMTQv2demo.o
 .text._getSelftestDataAllAxis
                0x20006514      0x200 ./src/Demos/IsisMTQv2demo.o
 .text._getDetumbleData
                0x20006714      0x240 ./src/Demos/IsisMTQv2demo.o
 .text._getRawHKData
                0x20006954      0x218 ./src/Demos/IsisMTQv2demo.o
 .text._getEngHKData
                0x20006b6c      0x248 ./src/Demos/IsisMTQv2demo.o
 .text._getParameter
                0x20006db4      0x160 ./src/Demos/IsisMTQv2demo.o
 .text._setParameter
                0x20006f14      0x2b0 ./src/Demos/IsisMTQv2demo.o
 .text._resetParameter
                0x200071c4      0x16c ./src/Demos/IsisMTQv2demo.o
 .text._selectAndExecuteDemoTest
                0x20007330      0x560 ./src/Demos/IsisMTQv2demo.o
 .text.IsisMTQv2demoInit
                0x20007890       0x88 ./src/Demos/IsisMTQv2demo.o
                0x20007890                IsisMTQv2demoInit
 .text.IsisMTQv2demoLoop
                0x20007918       0x3c ./src/Demos/IsisMTQv2demo.o
                0x20007918                IsisMTQv2demoLoop
 .text.IsisMTQv2demoMain
                0x20007954       0x30 ./src/Demos/IsisMTQv2demo.o
                0x20007954                IsisMTQv2demoMain
 .text.IsisMTQv2test
                0x20007984       0x18 ./src/Demos/IsisMTQv2demo.o
                0x20007984                IsisMTQv2test
 .text.SolarPanelv2_Temperature
                0x2000799c       0xfc ./src/Demos/IsisSPv2demo.o
                0x2000799c                SolarPanelv2_Temperature
 .text.selectAndExecuteSolarPanelsv2DemoTest
                0x20007a98       0xa8 ./src/Demos/IsisSPv2demo.o
                0x20007a98                selectAndExecuteSolarPanelsv2DemoTest
 .text.SolarPanelsv2_mainDemo
                0x20007b40       0x3c ./src/Demos/IsisSPv2demo.o
                0x20007b40                SolarPanelsv2_mainDemo
 .text.SolarPanelv2test
                0x20007b7c       0xac ./src/Demos/IsisSPv2demo.o
                0x20007b7c                SolarPanelv2test
 .text.softResetVUTest
                0x20007c28       0x58 ./src/Demos/IsisTRXVUdemo.o
 .text.hardResetVUTest
                0x20007c80       0x58 ./src/Demos/IsisTRXVUdemo.o
 .text.vutc_sendDefClSignTest
                0x20007cd8       0xf4 ./src/Demos/IsisTRXVUdemo.o
 .text.vutc_toggleIdleStateTest
                0x20007dcc       0x74 ./src/Demos/IsisTRXVUdemo.o
 .text.vutc_setTxBitrate9600Test
                0x20007e40       0x2c ./src/Demos/IsisTRXVUdemo.o
 .text.vutc_setTxBitrate1200Test
                0x20007e6c       0x2c ./src/Demos/IsisTRXVUdemo.o
 .text.vurc_getFrameCountTest
                0x20007e98       0x80 ./src/Demos/IsisTRXVUdemo.o
 .text.vurc_getFrameCmdTest
                0x20007f18      0x2a0 ./src/Demos/IsisTRXVUdemo.o
 .text.vurc_getFrameCmdAndTxTest
                0x200081b8      0x2e0 ./src/Demos/IsisTRXVUdemo.o
 .text.vurc_revDInterruptCallback
                0x20008498       0x50 ./src/Demos/IsisTRXVUdemo.o
 .text.vurc_getFrameCmdInterruptTest
                0x200084e8      0x3f0 ./src/Demos/IsisTRXVUdemo.o
 .text.vurc_getRxTelemTest_revD
                0x200088d8      0x524 ./src/Demos/IsisTRXVUdemo.o
 .text.vutc_getTxTelemTest_revD
                0x20008dfc      0x4ec ./src/Demos/IsisTRXVUdemo.o
 .text.sendPKWithCountDelay
                0x200092e8       0xcc ./src/Demos/IsisTRXVUdemo.o
 .text.send_data
                0x200093b4       0xf4 ./src/Demos/IsisTRXVUdemo.o
                0x200093b4                send_data
 .text.activateTransponder
                0x200094a8       0xc0 ./src/Demos/IsisTRXVUdemo.o
                0x200094a8                activateTransponder
 .text.createTransponderTask
                0x20009568       0xa4 ./src/Demos/IsisTRXVUdemo.o
 .text.createSendBeaconTask
                0x2000960c       0xc8 ./src/Demos/IsisTRXVUdemo.o
                0x2000960c                createSendBeaconTask
 .text.sendBeaconTask
                0x200096d4      0x150 ./src/Demos/IsisTRXVUdemo.o
                0x200096d4                sendBeaconTask
 .text.createRandBeacon
                0x20009824      0x6a0 ./src/Demos/IsisTRXVUdemo.o
                0x20009824                createRandBeacon
 .text.selectAndExecuteTRXVUDemoTest
                0x20009ec4      0x238 ./src/Demos/IsisTRXVUdemo.o
 .text._WatchDogKickTask
                0x2000a0fc       0x44 ./src/Demos/IsisTRXVUdemo.o
 .text.IsisTRXVUdemoInit
                0x2000a140       0xf8 ./src/Demos/IsisTRXVUdemo.o
                0x2000a140                IsisTRXVUdemoInit
 .text.IsisTRXVUdemoLoop
                0x2000a238       0x3c ./src/Demos/IsisTRXVUdemo.o
                0x2000a238                IsisTRXVUdemoLoop
 .text.IsisTRXVUdemoMain
                0x2000a274       0x30 ./src/Demos/IsisTRXVUdemo.o
                0x2000a274                IsisTRXVUdemoMain
 .text.TRXVUtest
                0x2000a2a4       0x18 ./src/Demos/IsisTRXVUdemo.o
                0x2000a2a4                TRXVUtest
 .text.ing_interact
                0x2000a2bc      0x470 ./src/Demos/common.o
                0x2000a2bc                ing_interact
 .text.ing_parse
                0x2000a72c      0x8f4 ./src/Demos/common.o
                0x2000a72c                ing_parse
 .text.ing      0x2000b020       0xa4 ./src/Demos/common.o
                0x2000b020                ing
 .text.config_param_info
                0x2000b0c4      0xb68 ./src/Demos/common.o
                0x2000b0c4                config_param_info
 .text.print_error
                0x2000bc2c       0x54 ./src/Demos/common.o
                0x2000bc2c                print_error
 .text.INPUT_GetINT8
                0x2000bc80       0xfc ./src/Demos/input.o
                0x2000bc80                INPUT_GetINT8
 .text._GetInput
                0x2000bd7c      0x108 ./src/Demos/input.o
 .text._print_eps_response
                0x2000be84       0xa4 ./src/Demos/isis_eps_demo.o
 .text._reset__tmtc
                0x2000bf28       0x80 ./src/Demos/isis_eps_demo.o
 .text._cancel__tm
                0x2000bfa8       0xa4 ./src/Demos/isis_eps_demo.o
 .text._watchdog__tm
                0x2000c04c       0xa4 ./src/Demos/isis_eps_demo.o
 .text._outputbuschannelon__tmtc
                0x2000c0f0       0xc0 ./src/Demos/isis_eps_demo.o
 .text._outputbuschanneloff__tmtc
                0x2000c1b0       0xc0 ./src/Demos/isis_eps_demo.o
 .text._switchtonominal__tm
                0x2000c270       0xa4 ./src/Demos/isis_eps_demo.o
 .text._switchtosafety__tm
                0x2000c314       0x98 ./src/Demos/isis_eps_demo.o
 .text._getsystemstatus__tm
                0x2000c3ac      0x24c ./src/Demos/isis_eps_demo.o
 .text._gethousekeepingraw__tm
                0x2000c5f8      0x60c ./src/Demos/isis_eps_demo.o
 .text._gethousekeepingeng__tm
                0x2000cc04      0x640 ./src/Demos/isis_eps_demo.o
 .text.selectAndExecuteIsis_EpsDemoTest
                0x2000d244      0x1a8 ./src/Demos/isis_eps_demo.o
 .text.isis_eps__demo__init
                0x2000d3ec       0xe0 ./src/Demos/isis_eps_demo.o
                0x2000d3ec                isis_eps__demo__init
 .text.isis_eps__demo__loop
                0x2000d4cc       0x48 ./src/Demos/isis_eps_demo.o
                0x2000d4cc                isis_eps__demo__loop
 .text.isis_eps__demo__main
                0x2000d514       0x30 ./src/Demos/isis_eps_demo.o
                0x2000d514                isis_eps__demo__main
 .text.isis_eps__test
                0x2000d544       0x18 ./src/Demos/isis_eps_demo.o
                0x2000d544                isis_eps__test
 .text.PdhuDemoGetSupervisorTest
                0x2000d55c      0x580 ./src/Demos/tausat2_pdhudemo.o
 .text.PdhuDemoResetTest
                0x2000dadc       0x70 ./src/Demos/tausat2_pdhudemo.o
 .text.PdhuDemoTelemetryTest
                0x2000db4c      0x100 ./src/Demos/tausat2_pdhudemo.o
 .text.PdhuDemoFrameTest
                0x2000dc4c      0x1b0 ./src/Demos/tausat2_pdhudemo.o
 .text.PdhuDemoGenerateTest
                0x2000ddfc       0xf4 ./src/Demos/tausat2_pdhudemo.o
 .text.selectAndExecuteTAUSAT2PdhuDemoTest
                0x2000def0      0x11c ./src/Demos/tausat2_pdhudemo.o
 .text.TAUSAT2PdhuDemoInit
                0x2000e00c       0x3c ./src/Demos/tausat2_pdhudemo.o
                0x2000e00c                TAUSAT2PdhuDemoInit
 .text.TAUSAT2PdhuDemoLoop
                0x2000e048       0x3c ./src/Demos/tausat2_pdhudemo.o
                0x2000e048                TAUSAT2PdhuDemoLoop
 .text.TAUSAT2PdhuDemoMain
                0x2000e084       0x30 ./src/Demos/tausat2_pdhudemo.o
                0x2000e084                TAUSAT2PdhuDemoMain
 .text.TRXVU_FR_Enable
                0x2000e0b4       0x64 ./src/Demos/trxvu_frame_ready.o
                0x2000e0b4                TRXVU_FR_Enable
 .text.TRXVU_FR_Disable
                0x2000e118       0x18 ./src/Demos/trxvu_frame_ready.o
                0x2000e118                TRXVU_FR_Disable
 .text.TRXVU_FR_IsReady
                0x2000e130       0x20 ./src/Demos/trxvu_frame_ready.o
                0x2000e130                TRXVU_FR_IsReady
 .text._Handler
                0x2000e150       0x3c ./src/Demos/trxvu_frame_ready.o
 .text.selectAndExecuteTest
                0x2000e18c      0x18c ./src/main.o
                0x2000e18c                selectAndExecuteTest
 .text.taskMain
                0x2000e318       0x5c ./src/main.o
                0x2000e318                taskMain
 .text.main     0x2000e374      0x234 ./src/main.o
                0x2000e374                main
 .text.IsisMTQv2_initialize
                0x2000e5a8      0x18c C:/ISIS/workspace/ycube/satellite-subsystems/demo/..//satellite-subsystems/lib\libSatelliteSubsystemsD.a(IsisMTQv2.o)
                0x2000e5a8                IsisMTQv2_initialize
 .text._make_isisMTQtransfer
                0x2000e734       0x3c C:/ISIS/workspace/ycube/satellite-subsystems/demo/..//satellite-subsystems/lib\libSatelliteSubsystemsD.a(IsisMTQv2.o)
 .text.IsisMTQv2_softReset
                0x2000e770       0xc8 C:/ISIS/workspace/ycube/satellite-subsystems/demo/..//satellite-subsystems/lib\libSatelliteSubsystemsD.a(IsisMTQv2.o)
                0x2000e770                IsisMTQv2_softReset
 .text.IsisMTQv2_noOperation
                0x2000e838       0xac C:/ISIS/workspace/ycube/satellite-subsystems/demo/..//satellite-subsystems/lib\libSatelliteSubsystemsD.a(IsisMTQv2.o)
                0x2000e838                IsisMTQv2_noOperation
 .text.IsisMTQv2_cancelOperation
                0x2000e8e4       0xac C:/ISIS/workspace/ycube/satellite-subsystems/demo/..//satellite-subsystems/lib\libSatelliteSubsystemsD.a(IsisMTQv2.o)
                0x2000e8e4                IsisMTQv2_cancelOperation
 .text.IsisMTQv2_startMTMMeasurement
                0x2000e990       0xac C:/ISIS/workspace/ycube/satellite-subsystems/demo/..//satellite-subsystems/lib\libSatelliteSubsystemsD.a(IsisMTQv2.o)
                0x2000e990                IsisMTQv2_startMTMMeasurement
 .text.IsisMTQv2_startMTQActuationCurrent
                0x2000ea3c       0xdc C:/ISIS/workspace/ycube/satellite-subsystems/demo/..//satellite-subsystems/lib\libSatelliteSubsystemsD.a(IsisMTQv2.o)
                0x2000ea3c                IsisMTQv2_startMTQActuationCurrent
 .text.IsisMTQv2_startMTQActuationDipole
                0x2000eb18       0xdc C:/ISIS/workspace/ycube/satellite-subsystems/demo/..//satellite-subsystems/lib\libSatelliteSubsystemsD.a(IsisMTQv2.o)
                0x2000eb18                IsisMTQv2_startMTQActuationDipole
 .text.IsisMTQv2_startMTQActuationPWM
                0x2000ebf4       0xdc C:/ISIS/workspace/ycube/satellite-subsystems/demo/..//satellite-subsystems/lib\libSatelliteSubsystemsD.a(IsisMTQv2.o)
                0x2000ebf4                IsisMTQv2_startMTQActuationPWM
 .text.IsisMTQv2_startSelfTest
                0x2000ecd0       0xbc C:/ISIS/workspace/ycube/satellite-subsystems/demo/..//satellite-subsystems/lib\libSatelliteSubsystemsD.a(IsisMTQv2.o)
                0x2000ecd0                IsisMTQv2_startSelfTest
 .text.IsisMTQv2_startDetumble
                0x2000ed8c       0xd4 C:/ISIS/workspace/ycube/satellite-subsystems/demo/..//satellite-subsystems/lib\libSatelliteSubsystemsD.a(IsisMTQv2.o)
                0x2000ed8c                IsisMTQv2_startDetumble
 .text.IsisMTQv2_getSystemState
                0x2000ee60      0x118 C:/ISIS/workspace/ycube/satellite-subsystems/demo/..//satellite-subsystems/lib\libSatelliteSubsystemsD.a(IsisMTQv2.o)
                0x2000ee60                IsisMTQv2_getSystemState
 .text.IsisMTQv2_getRawMTMData
                0x2000ef78      0x130 C:/ISIS/workspace/ycube/satellite-subsystems/demo/..//satellite-subsystems/lib\libSatelliteSubsystemsD.a(IsisMTQv2.o)
                0x2000ef78                IsisMTQv2_getRawMTMData
 .text.IsisMTQv2_getCalMTMData
                0x2000f0a8      0x130 C:/ISIS/workspace/ycube/satellite-subsystems/demo/..//satellite-subsystems/lib\libSatelliteSubsystemsD.a(IsisMTQv2.o)
                0x2000f0a8                IsisMTQv2_getCalMTMData
 .text.IsisMTQv2_getCoilCurrent
                0x2000f1d8      0x100 C:/ISIS/workspace/ycube/satellite-subsystems/demo/..//satellite-subsystems/lib\libSatelliteSubsystemsD.a(IsisMTQv2.o)
                0x2000f1d8                IsisMTQv2_getCoilCurrent
 .text.IsisMTQv2_getCoilTemperature
                0x2000f2d8      0x100 C:/ISIS/workspace/ycube/satellite-subsystems/demo/..//satellite-subsystems/lib\libSatelliteSubsystemsD.a(IsisMTQv2.o)
                0x2000f2d8                IsisMTQv2_getCoilTemperature
 .text.IsisMTQv2_getCmdActuationDipole
                0x2000f3d8      0x100 C:/ISIS/workspace/ycube/satellite-subsystems/demo/..//satellite-subsystems/lib\libSatelliteSubsystemsD.a(IsisMTQv2.o)
                0x2000f3d8                IsisMTQv2_getCmdActuationDipole
 .text.IsisMTQv2_getSelftestDataSingleAxis
                0x2000f4d8      0x17c C:/ISIS/workspace/ycube/satellite-subsystems/demo/..//satellite-subsystems/lib\libSatelliteSubsystemsD.a(IsisMTQv2.o)
                0x2000f4d8                IsisMTQv2_getSelftestDataSingleAxis
 .text.IsisMTQv2_getSelftestDataAllAxis
                0x2000f654      0x2cc C:/ISIS/workspace/ycube/satellite-subsystems/demo/..//satellite-subsystems/lib\libSatelliteSubsystemsD.a(IsisMTQv2.o)
                0x2000f654                IsisMTQv2_getSelftestDataAllAxis
 .text.IsisMTQv2_getDetumbleData
                0x2000f920      0x108 C:/ISIS/workspace/ycube/satellite-subsystems/demo/..//satellite-subsystems/lib\libSatelliteSubsystemsD.a(IsisMTQv2.o)
                0x2000f920                IsisMTQv2_getDetumbleData
 .text.IsisMTQv2_getRawHKData
                0x2000fa28      0x13c C:/ISIS/workspace/ycube/satellite-subsystems/demo/..//satellite-subsystems/lib\libSatelliteSubsystemsD.a(IsisMTQv2.o)
                0x2000fa28                IsisMTQv2_getRawHKData
 .text.IsisMTQv2_getEngHKData
                0x2000fb64      0x13c C:/ISIS/workspace/ycube/satellite-subsystems/demo/..//satellite-subsystems/lib\libSatelliteSubsystemsD.a(IsisMTQv2.o)
                0x2000fb64                IsisMTQv2_getEngHKData
 .text.IsisMTQv2_getParSize
                0x2000fca0      0x11c C:/ISIS/workspace/ycube/satellite-subsystems/demo/..//satellite-subsystems/lib\libSatelliteSubsystemsD.a(IsisMTQv2.o)
                0x2000fca0                IsisMTQv2_getParSize
 .text.IsisMTQv2_getParameter
                0x2000fdbc      0x238 C:/ISIS/workspace/ycube/satellite-subsystems/demo/..//satellite-subsystems/lib\libSatelliteSubsystemsD.a(IsisMTQv2.o)
                0x2000fdbc                IsisMTQv2_getParameter
 .text.IsisMTQv2_setParameter
                0x2000fff4      0x264 C:/ISIS/workspace/ycube/satellite-subsystems/demo/..//satellite-subsystems/lib\libSatelliteSubsystemsD.a(IsisMTQv2.o)
                0x2000fff4                IsisMTQv2_setParameter
 .text.IsisMTQv2_resetParameter
                0x20010258      0x238 C:/ISIS/workspace/ycube/satellite-subsystems/demo/..//satellite-subsystems/lib\libSatelliteSubsystemsD.a(IsisMTQv2.o)
                0x20010258                IsisMTQv2_resetParameter
 .text.IMEPSV2_PIU_Init
                0x20010490       0xc4 C:/ISIS/workspace/ycube/satellite-subsystems/demo/..//satellite-subsystems/lib\libSatelliteSubsystemsD.a(imepsv2_piu.o)
                0x20010490                IMEPSV2_PIU_Init
 .text.imepsv2_piu__cancel
                0x20010554       0x9c C:/ISIS/workspace/ycube/satellite-subsystems/demo/..//satellite-subsystems/lib\libSatelliteSubsystemsD.a(imepsv2_piu.o)
                0x20010554                imepsv2_piu__cancel
 .text.imepsv2_piu__gethousekeepingeng
                0x200105f0       0x9c C:/ISIS/workspace/ycube/satellite-subsystems/demo/..//satellite-subsystems/lib\libSatelliteSubsystemsD.a(imepsv2_piu.o)
                0x200105f0                imepsv2_piu__gethousekeepingeng
 .text.imepsv2_piu__gethousekeepingraw
                0x2001068c       0x9c C:/ISIS/workspace/ycube/satellite-subsystems/demo/..//satellite-subsystems/lib\libSatelliteSubsystemsD.a(imepsv2_piu.o)
                0x2001068c                imepsv2_piu__gethousekeepingraw
 .text.imepsv2_piu__getsystemstatus
                0x20010728       0x9c C:/ISIS/workspace/ycube/satellite-subsystems/demo/..//satellite-subsystems/lib\libSatelliteSubsystemsD.a(imepsv2_piu.o)
                0x20010728                imepsv2_piu__getsystemstatus
 .text.imepsv2_piu__outputbuschanneloff
                0x200107c4       0xac C:/ISIS/workspace/ycube/satellite-subsystems/demo/..//satellite-subsystems/lib\libSatelliteSubsystemsD.a(imepsv2_piu.o)
                0x200107c4                imepsv2_piu__outputbuschanneloff
 .text.imepsv2_piu__outputbuschannelon
                0x20010870       0xac C:/ISIS/workspace/ycube/satellite-subsystems/demo/..//satellite-subsystems/lib\libSatelliteSubsystemsD.a(imepsv2_piu.o)
                0x20010870                imepsv2_piu__outputbuschannelon
 .text.imepsv2_piu__reset
                0x2001091c       0xa4 C:/ISIS/workspace/ycube/satellite-subsystems/demo/..//satellite-subsystems/lib\libSatelliteSubsystemsD.a(imepsv2_piu.o)
                0x2001091c                imepsv2_piu__reset
 .text.imepsv2_piu__resetwatchdog
                0x200109c0       0x9c C:/ISIS/workspace/ycube/satellite-subsystems/demo/..//satellite-subsystems/lib\libSatelliteSubsystemsD.a(imepsv2_piu.o)
                0x200109c0                imepsv2_piu__resetwatchdog
 .text.imepsv2_piu__switchtonominal
                0x20010a5c       0x9c C:/ISIS/workspace/ycube/satellite-subsystems/demo/..//satellite-subsystems/lib\libSatelliteSubsystemsD.a(imepsv2_piu.o)
                0x20010a5c                imepsv2_piu__switchtonominal
 .text.imepsv2_piu__switchtosafety
                0x20010af8       0x9c C:/ISIS/workspace/ycube/satellite-subsystems/demo/..//satellite-subsystems/lib\libSatelliteSubsystemsD.a(imepsv2_piu.o)
                0x20010af8                imepsv2_piu__switchtosafety
 .text._I2C_Send
                0x20010b94       0x8c C:/ISIS/workspace/ycube/satellite-subsystems/demo/..//satellite-subsystems/lib\libSatelliteSubsystemsD.a(imepsv2_piu.o)
 .text.isis_hstxs_spi__callback
                0x20010c20       0x6c C:/ISIS/workspace/ycube/satellite-subsystems/demo/..//satellite-subsystems/lib\libSatelliteSubsystemsD.a(isis_hstxs_spi.o)
 .text.isis_hstxs_spi__sendframe
                0x20010c8c      0x104 C:/ISIS/workspace/ycube/satellite-subsystems/demo/..//satellite-subsystems/lib\libSatelliteSubsystemsD.a(isis_hstxs_spi.o)
                0x20010c8c                isis_hstxs_spi__sendframe
 .text.isis_hstxs_spi__gettxready
                0x20010d90       0x70 C:/ISIS/workspace/ycube/satellite-subsystems/demo/..//satellite-subsystems/lib\libSatelliteSubsystemsD.a(isis_hstxs_spi.o)
                0x20010d90                isis_hstxs_spi__gettxready
 .text.makeAntStransfer
                0x20010e00       0x4c C:/ISIS/workspace/ycube/satellite-subsystems/demo/..//satellite-subsystems/lib\libSatelliteSubsystemsD.a(IsisAntS.o)
 .text.checkInputsValid
                0x20010e4c       0x7c C:/ISIS/workspace/ycube/satellite-subsystems/demo/..//satellite-subsystems/lib\libSatelliteSubsystemsD.a(IsisAntS.o)
 .text.IsisAntS_initialize
                0x20010ec8      0x26c C:/ISIS/workspace/ycube/satellite-subsystems/demo/..//satellite-subsystems/lib\libSatelliteSubsystemsD.a(IsisAntS.o)
                0x20010ec8                IsisAntS_initialize
 .text.IsisAntS_setArmStatus
                0x20011134      0x104 C:/ISIS/workspace/ycube/satellite-subsystems/demo/..//satellite-subsystems/lib\libSatelliteSubsystemsD.a(IsisAntS.o)
                0x20011134                IsisAntS_setArmStatus
 .text.IsisAntS_attemptDeployment
                0x20011238      0x168 C:/ISIS/workspace/ycube/satellite-subsystems/demo/..//satellite-subsystems/lib\libSatelliteSubsystemsD.a(IsisAntS.o)
                0x20011238                IsisAntS_attemptDeployment
 .text.IsisAntS_getStatusData
                0x200113a0      0x120 C:/ISIS/workspace/ycube/satellite-subsystems/demo/..//satellite-subsystems/lib\libSatelliteSubsystemsD.a(IsisAntS.o)
                0x200113a0                IsisAntS_getStatusData
 .text.IsisAntS_getTemperature
                0x200114c0      0x120 C:/ISIS/workspace/ycube/satellite-subsystems/demo/..//satellite-subsystems/lib\libSatelliteSubsystemsD.a(IsisAntS.o)
                0x200114c0                IsisAntS_getTemperature
 .text.IsisAntS_getUptime
                0x200115e0      0x120 C:/ISIS/workspace/ycube/satellite-subsystems/demo/..//satellite-subsystems/lib\libSatelliteSubsystemsD.a(IsisAntS.o)
                0x200115e0                IsisAntS_getUptime
 .text.IsisAntS_getAlltelemetry
                0x20011700      0x120 C:/ISIS/workspace/ycube/satellite-subsystems/demo/..//satellite-subsystems/lib\libSatelliteSubsystemsD.a(IsisAntS.o)
                0x20011700                IsisAntS_getAlltelemetry
 .text.IsisAntS_reset
                0x20011820      0x104 C:/ISIS/workspace/ycube/satellite-subsystems/demo/..//satellite-subsystems/lib\libSatelliteSubsystemsD.a(IsisAntS.o)
                0x20011820                IsisAntS_reset
 .text.IsisAntS_autoDeployment
                0x20011924      0x114 C:/ISIS/workspace/ycube/satellite-subsystems/demo/..//satellite-subsystems/lib\libSatelliteSubsystemsD.a(IsisAntS.o)
                0x20011924                IsisAntS_autoDeployment
 .text.makeTRXCommonTransfer
                0x20011a38       0x34 C:/ISIS/workspace/ycube/satellite-subsystems/demo/..//satellite-subsystems/lib\libSatelliteSubsystemsD.a(IsisTRXCommon.o)
 .text.IsisTrxCommon_componentReset
                0x20011a6c       0x68 C:/ISIS/workspace/ycube/satellite-subsystems/demo/..//satellite-subsystems/lib\libSatelliteSubsystemsD.a(IsisTRXCommon.o)
                0x20011a6c                IsisTrxCommon_componentReset
 .text.IsisTrxCommon_TxSendAX25DefClSign
                0x20011ad4       0xf4 C:/ISIS/workspace/ycube/satellite-subsystems/demo/..//satellite-subsystems/lib\libSatelliteSubsystemsD.a(IsisTRXCommon.o)
                0x20011ad4                IsisTrxCommon_TxSendAX25DefClSign
 .text.IsisTrxCommon_TxSetIdlestate
                0x20011bc8       0x78 C:/ISIS/workspace/ycube/satellite-subsystems/demo/..//satellite-subsystems/lib\libSatelliteSubsystemsD.a(IsisTRXCommon.o)
                0x20011bc8                IsisTrxCommon_TxSetIdlestate
 .text.IsisTrxCommon_TxSetAx25Bitrate
                0x20011c40       0x78 C:/ISIS/workspace/ycube/satellite-subsystems/demo/..//satellite-subsystems/lib\libSatelliteSubsystemsD.a(IsisTRXCommon.o)
                0x20011c40                IsisTrxCommon_TxSetAx25Bitrate
 .text.IsisTrxCommon_RxGetFrameCount
                0x20011cb8       0x8c C:/ISIS/workspace/ycube/satellite-subsystems/demo/..//satellite-subsystems/lib\libSatelliteSubsystemsD.a(IsisTRXCommon.o)
                0x20011cb8                IsisTrxCommon_RxGetFrameCount
 .text.IsisTrxCommon_GetUptime
                0x20011d44       0x8c C:/ISIS/workspace/ycube/satellite-subsystems/demo/..//satellite-subsystems/lib\libSatelliteSubsystemsD.a(IsisTRXCommon.o)
                0x20011d44                IsisTrxCommon_GetUptime
 .text.IsisTrxvu_initialize
                0x20011dd0      0x2f4 C:/ISIS/workspace/ycube/satellite-subsystems/demo/..//satellite-subsystems/lib\libSatelliteSubsystemsD.a(IsisTRXVU.o)
                0x20011dd0                IsisTrxvu_initialize
 .text.makeTRXVUtransfer
                0x200120c4       0x44 C:/ISIS/workspace/ycube/satellite-subsystems/demo/..//satellite-subsystems/lib\libSatelliteSubsystemsD.a(IsisTRXVU.o)
 .text.IsisTrxvu_componentSoftReset
                0x20012108       0x6c C:/ISIS/workspace/ycube/satellite-subsystems/demo/..//satellite-subsystems/lib\libSatelliteSubsystemsD.a(IsisTRXVU.o)
                0x20012108                IsisTrxvu_componentSoftReset
 .text.IsisTrxvu_componentHardReset
                0x20012174       0xc8 C:/ISIS/workspace/ycube/satellite-subsystems/demo/..//satellite-subsystems/lib\libSatelliteSubsystemsD.a(IsisTRXVU.o)
                0x20012174                IsisTrxvu_componentHardReset
 .text.IsisTrxvu_tcSendAX25DefClSign
                0x2001223c       0xec C:/ISIS/workspace/ycube/satellite-subsystems/demo/..//satellite-subsystems/lib\libSatelliteSubsystemsD.a(IsisTRXVU.o)
                0x2001223c                IsisTrxvu_tcSendAX25DefClSign
 .text.IsisTrxvu_tcSetIdlestate
                0x20012328       0xa4 C:/ISIS/workspace/ycube/satellite-subsystems/demo/..//satellite-subsystems/lib\libSatelliteSubsystemsD.a(IsisTRXVU.o)
                0x20012328                IsisTrxvu_tcSetIdlestate
 .text.IsisTrxvu_tcSetAx25Bitrate
                0x200123cc       0xc4 C:/ISIS/workspace/ycube/satellite-subsystems/demo/..//satellite-subsystems/lib\libSatelliteSubsystemsD.a(IsisTRXVU.o)
                0x200123cc                IsisTrxvu_tcSetAx25Bitrate
 .text.IsisTrxvu_tcGetUptime
                0x20012490       0xa0 C:/ISIS/workspace/ycube/satellite-subsystems/demo/..//satellite-subsystems/lib\libSatelliteSubsystemsD.a(IsisTRXVU.o)
                0x20012490                IsisTrxvu_tcGetUptime
 .text.IsisTrxvu_tcGetTelemetryAll
                0x20012530       0xd0 C:/ISIS/workspace/ycube/satellite-subsystems/demo/..//satellite-subsystems/lib\libSatelliteSubsystemsD.a(IsisTRXVU.o)
                0x20012530                IsisTrxvu_tcGetTelemetryAll
 .text.IsisTrxvu_rcGetFrameCount
                0x20012600       0xa0 C:/ISIS/workspace/ycube/satellite-subsystems/demo/..//satellite-subsystems/lib\libSatelliteSubsystemsD.a(IsisTRXVU.o)
                0x20012600                IsisTrxvu_rcGetFrameCount
 .text.IsisTrxvu_rcGetCommandFrame
                0x200126a0      0x2d8 C:/ISIS/workspace/ycube/satellite-subsystems/demo/..//satellite-subsystems/lib\libSatelliteSubsystemsD.a(IsisTRXVU.o)
                0x200126a0                IsisTrxvu_rcGetCommandFrame
 .text.IsisTrxvu_rcGetTelemetryAll
                0x20012978       0xd0 C:/ISIS/workspace/ycube/satellite-subsystems/demo/..//satellite-subsystems/lib\libSatelliteSubsystemsD.a(IsisTRXVU.o)
                0x20012978                IsisTrxvu_rcGetTelemetryAll
 .text.ISIS_HSTXS_Init
                0x20012a48       0xcc C:/ISIS/workspace/ycube/satellite-subsystems/demo/..//satellite-subsystems/lib\libSatelliteSubsystemsD.a(isis_hstxs.o)
                0x20012a48                ISIS_HSTXS_Init
 .text.isis_hstxs__get_engine_status
                0x20012b14       0xac C:/ISIS/workspace/ycube/satellite-subsystems/demo/..//satellite-subsystems/lib\libSatelliteSubsystemsD.a(isis_hstxs.o)
                0x20012b14                isis_hstxs__get_engine_status
 .text.isis_hstxs__get_general_status
                0x20012bc0       0xac C:/ISIS/workspace/ycube/satellite-subsystems/demo/..//satellite-subsystems/lib\libSatelliteSubsystemsD.a(isis_hstxs.o)
                0x20012bc0                isis_hstxs__get_general_status
 .text.isis_hstxs__get_telemetry
                0x20012c6c       0xac C:/ISIS/workspace/ycube/satellite-subsystems/demo/..//satellite-subsystems/lib\libSatelliteSubsystemsD.a(isis_hstxs.o)
                0x20012c6c                isis_hstxs__get_telemetry
 .text.isis_hstxs__get_tx_frequency
                0x20012d18       0xac C:/ISIS/workspace/ycube/satellite-subsystems/demo/..//satellite-subsystems/lib\libSatelliteSubsystemsD.a(isis_hstxs.o)
                0x20012d18                isis_hstxs__get_tx_frequency
 .text.isis_hstxs__get_uptime
                0x20012dc4       0xac C:/ISIS/workspace/ycube/satellite-subsystems/demo/..//satellite-subsystems/lib\libSatelliteSubsystemsD.a(isis_hstxs.o)
                0x20012dc4                isis_hstxs__get_uptime
 .text.isis_hstxs__reset
                0x20012e70       0x9c C:/ISIS/workspace/ycube/satellite-subsystems/demo/..//satellite-subsystems/lib\libSatelliteSubsystemsD.a(isis_hstxs.o)
                0x20012e70                isis_hstxs__reset
 .text.isis_hstxs__set_fecf
                0x20012f0c       0xac C:/ISIS/workspace/ycube/satellite-subsystems/demo/..//satellite-subsystems/lib\libSatelliteSubsystemsD.a(isis_hstxs.o)
                0x20012f0c                isis_hstxs__set_fecf
 .text.isis_hstxs__set_modulation_scheme
                0x20012fb8       0xac C:/ISIS/workspace/ycube/satellite-subsystems/demo/..//satellite-subsystems/lib\libSatelliteSubsystemsD.a(isis_hstxs.o)
                0x20012fb8                isis_hstxs__set_modulation_scheme
 .text.isis_hstxs__set_sup_mode
                0x20013064       0xac C:/ISIS/workspace/ycube/satellite-subsystems/demo/..//satellite-subsystems/lib\libSatelliteSubsystemsD.a(isis_hstxs.o)
                0x20013064                isis_hstxs__set_sup_mode
 .text.isis_hstxs__set_symbolrate
                0x20013110       0xac C:/ISIS/workspace/ycube/satellite-subsystems/demo/..//satellite-subsystems/lib\libSatelliteSubsystemsD.a(isis_hstxs.o)
                0x20013110                isis_hstxs__set_symbolrate
 .text.isis_hstxs__set_tx_frequency
                0x200131bc       0xcc C:/ISIS/workspace/ycube/satellite-subsystems/demo/..//satellite-subsystems/lib\libSatelliteSubsystemsD.a(isis_hstxs.o)
                0x200131bc                isis_hstxs__set_tx_frequency
 .text.isis_hstxs__set_tx_mode
                0x20013288       0xac C:/ISIS/workspace/ycube/satellite-subsystems/demo/..//satellite-subsystems/lib\libSatelliteSubsystemsD.a(isis_hstxs.o)
                0x20013288                isis_hstxs__set_tx_mode
 .text.isis_hstxs__write_and_send_frame
                0x20013334      0x188 C:/ISIS/workspace/ycube/satellite-subsystems/demo/..//satellite-subsystems/lib\libSatelliteSubsystemsD.a(isis_hstxs.o)
                0x20013334                isis_hstxs__write_and_send_frame
 .text._ISIS_HSTXS_I2C_Send
                0x200134bc       0x8c C:/ISIS/workspace/ycube/satellite-subsystems/demo/..//satellite-subsystems/lib\libSatelliteSubsystemsD.a(isis_hstxs.o)
 .text.IsisSolarPanelv2_initialize
                0x20013548       0xb4 C:/ISIS/workspace/ycube/satellite-subsystems/demo/..//satellite-subsystems/lib\libSatelliteSubsystemsD.a(IsisSolarPanelv2.o)
                0x20013548                IsisSolarPanelv2_initialize
 .text.IsisSolarPanelv2_getTemperature
                0x200135fc       0xc8 C:/ISIS/workspace/ycube/satellite-subsystems/demo/..//satellite-subsystems/lib\libSatelliteSubsystemsD.a(IsisSolarPanelv2.o)
                0x200135fc                IsisSolarPanelv2_getTemperature
 .text.IsisSolarPanelv2_sleep
                0x200136c4       0xbc C:/ISIS/workspace/ycube/satellite-subsystems/demo/..//satellite-subsystems/lib\libSatelliteSubsystemsD.a(IsisSolarPanelv2.o)
                0x200136c4                IsisSolarPanelv2_sleep
 .text.IsisSolarPanelv2_wakeup
                0x20013780       0x80 C:/ISIS/workspace/ycube/satellite-subsystems/demo/..//satellite-subsystems/lib\libSatelliteSubsystemsD.a(IsisSolarPanelv2.o)
                0x20013780                IsisSolarPanelv2_wakeup
 .text._Reset   0x20013800       0x20 C:/ISIS/workspace/ycube/satellite-subsystems/demo/..//satellite-subsystems/lib\libSatelliteSubsystemsD.a(IsisSolarPanelv2.o)
 .text._WaitForStartup
                0x20013820       0xa0 C:/ISIS/workspace/ycube/satellite-subsystems/demo/..//satellite-subsystems/lib\libSatelliteSubsystemsD.a(IsisSolarPanelv2.o)
 .text._AssignAllChannels
                0x200138c0       0x90 C:/ISIS/workspace/ycube/satellite-subsystems/demo/..//satellite-subsystems/lib\libSatelliteSubsystemsD.a(IsisSolarPanelv2.o)
 .text._AssignThisChannel
                0x20013950       0xe8 C:/ISIS/workspace/ycube/satellite-subsystems/demo/..//satellite-subsystems/lib\libSatelliteSubsystemsD.a(IsisSolarPanelv2.o)
 .text._InitiateConversion
                0x20013a38       0xac C:/ISIS/workspace/ycube/satellite-subsystems/demo/..//satellite-subsystems/lib\libSatelliteSubsystemsD.a(IsisSolarPanelv2.o)
 .text._WaitForConversionComplete
                0x20013ae4      0x110 C:/ISIS/workspace/ycube/satellite-subsystems/demo/..//satellite-subsystems/lib\libSatelliteSubsystemsD.a(IsisSolarPanelv2.o)
 .text._ReadResult
                0x20013bf4      0x158 C:/ISIS/workspace/ycube/satellite-subsystems/demo/..//satellite-subsystems/lib\libSatelliteSubsystemsD.a(IsisSolarPanelv2.o)
 .text._ExtractByte
                0x20013d4c       0x38 C:/ISIS/workspace/ycube/satellite-subsystems/demo/..//satellite-subsystems/lib\libSatelliteSubsystemsD.a(IsisSolarPanelv2.o)
 .text._ExtendSign
                0x20013d84       0x6c C:/ISIS/workspace/ycube/satellite-subsystems/demo/..//satellite-subsystems/lib\libSatelliteSubsystemsD.a(IsisSolarPanelv2.o)
 .text._PinsInit
                0x20013df0       0x50 C:/ISIS/workspace/ycube/satellite-subsystems/demo/..//satellite-subsystems/lib\libSatelliteSubsystemsD.a(IsisSolarPanelv2.o)
 .text._SpiWriteRead
                0x20013e40       0x70 C:/ISIS/workspace/ycube/satellite-subsystems/demo/..//satellite-subsystems/lib\libSatelliteSubsystemsD.a(IsisSolarPanelv2.o)
 .text.exp      0x20013eb0      0x190 c:/isis/application/toolchain/bin/../lib/gcc/arm-none-eabi/4.7.4/../../../../arm-none-eabi/lib\libm.a(lib_a-w_exp.o)
                0x20013eb0                exp
 .text.__ieee754_exp
                0x20014040      0x448 c:/isis/application/toolchain/bin/../lib/gcc/arm-none-eabi/4.7.4/../../../../arm-none-eabi/lib\libm.a(lib_a-e_exp.o)
                0x20014040                __ieee754_exp
 .text.finite   0x20014488       0x10 c:/isis/application/toolchain/bin/../lib/gcc/arm-none-eabi/4.7.4/../../../../arm-none-eabi/lib\libm.a(lib_a-s_finite.o)
                0x20014488                finite
 .text.__fpclassifyd
                0x20014498       0x6c c:/isis/application/toolchain/bin/../lib/gcc/arm-none-eabi/4.7.4/../../../../arm-none-eabi/lib\libm.a(lib_a-s_fpclassify.o)
                0x20014498                __fpclassifyd
 .text.matherr  0x20014504        0x8 c:/isis/application/toolchain/bin/../lib/gcc/arm-none-eabi/4.7.4/../../../../arm-none-eabi/lib\libm.a(lib_a-s_matherr.o)
                0x20014504                matherr
 .text.Supervisor_start
                0x2001450c      0x2a4 C:/ISIS/workspace/ycube/satellite-subsystems/demo/../..//hal/hal/lib\libHALD.a(supervisor.o)
                0x2001450c                Supervisor_start
 .text.SuperVisor_prepareAndCommunicateI2C
                0x200147b0      0x284 C:/ISIS/workspace/ycube/satellite-subsystems/demo/../..//hal/hal/lib\libHALD.a(supervisor.o)
 .text.Supervisor_prepareAndCommunicateSPI
                0x20014a34       0xc8 C:/ISIS/workspace/ycube/satellite-subsystems/demo/../..//hal/hal/lib\libHALD.a(supervisor.o)
 .text.Supervisor_performCommunication
                0x20014afc      0x2a4 C:/ISIS/workspace/ycube/satellite-subsystems/demo/../..//hal/hal/lib\libHALD.a(supervisor.o)
 .text.Supervisor_getHousekeeping
                0x20014da0       0x64 C:/ISIS/workspace/ycube/satellite-subsystems/demo/../..//hal/hal/lib\libHALD.a(supervisor.o)
                0x20014da0                Supervisor_getHousekeeping
 .text.Supervisor_calculateAdcValues
                0x20014e04      0x3ec C:/ISIS/workspace/ycube/satellite-subsystems/demo/../..//hal/hal/lib\libHALD.a(supervisor.o)
                0x20014e04                Supervisor_calculateAdcValues
 .text.Supervisor_voltageToTempBinarySearch
                0x200151f0      0x1ac C:/ISIS/workspace/ycube/satellite-subsystems/demo/../..//hal/hal/lib\libHALD.a(supervisor.o)
 .text.Supervisor_CalculateCRC
                0x2001539c       0x8c C:/ISIS/workspace/ycube/satellite-subsystems/demo/../..//hal/hal/lib\libHALD.a(supervisor.o)
 .text.checksum_prepareLUTCRC8
                0x20015428       0x88 C:/ISIS/workspace/ycube/satellite-subsystems/demo/../..//hal/hal/lib\libHALD.a(checksum.o)
                0x20015428                checksum_prepareLUTCRC8
 .text.checksum_calculateCRC8
                0x200154b0      0x120 C:/ISIS/workspace/ycube/satellite-subsystems/demo/../..//hal/hal/lib\libHALD.a(checksum.o)
                0x200154b0                checksum_calculateCRC8
 .text.clearPDCtransfers
                0x200155d0       0xe8 C:/ISIS/workspace/ycube/satellite-subsystems/demo/../..//hal/hal/lib\libHALD.a(SPI.o)
 .text.SPI_start
                0x200156b8      0x4b0 C:/ISIS/workspace/ycube/satellite-subsystems/demo/../..//hal/hal/lib\libHALD.a(SPI.o)
                0x200156b8                SPI_start
 .text.SPI_stop
                0x20015b68      0x244 C:/ISIS/workspace/ycube/satellite-subsystems/demo/../..//hal/hal/lib\libHALD.a(SPI.o)
                0x20015b68                SPI_stop
 .text.SPI_queueTransfer
                0x20015dac      0x1cc C:/ISIS/workspace/ycube/satellite-subsystems/demo/../..//hal/hal/lib\libHALD.a(SPI.o)
                0x20015dac                SPI_queueTransfer
 .text.SPI_internalCallback
                0x20015f78       0x64 C:/ISIS/workspace/ycube/satellite-subsystems/demo/../..//hal/hal/lib\libHALD.a(SPI.o)
 .text.SPI_writeRead
                0x20015fdc      0x1c0 C:/ISIS/workspace/ycube/satellite-subsystems/demo/../..//hal/hal/lib\libHALD.a(SPI.o)
                0x20015fdc                SPI_writeRead
 .text.waitForTransfer
                0x2001619c       0x78 C:/ISIS/workspace/ycube/satellite-subsystems/demo/../..//hal/hal/lib\libHALD.a(SPI.o)
 .text.SPI_getDriverState
                0x20016214       0x58 C:/ISIS/workspace/ycube/satellite-subsystems/demo/../..//hal/hal/lib\libHALD.a(SPI.o)
                0x20016214                SPI_getDriverState
 .text.uSdelay  0x2001626c       0x88 C:/ISIS/workspace/ycube/satellite-subsystems/demo/../..//hal/hal/lib\libHALD.a(LED.o)
 .text.LED_start
                0x200162f4       0x1c C:/ISIS/workspace/ycube/satellite-subsystems/demo/../..//hal/hal/lib\libHALD.a(LED.o)
                0x200162f4                LED_start
 .text.LED_glow
                0x20016310       0x58 C:/ISIS/workspace/ycube/satellite-subsystems/demo/../..//hal/hal/lib\libHALD.a(LED.o)
                0x20016310                LED_glow
 .text.LED_dark
                0x20016368       0x58 C:/ISIS/workspace/ycube/satellite-subsystems/demo/../..//hal/hal/lib\libHALD.a(LED.o)
                0x20016368                LED_dark
 .text.LED_toggle
                0x200163c0       0x50 C:/ISIS/workspace/ycube/satellite-subsystems/demo/../..//hal/hal/lib\libHALD.a(LED.o)
                0x200163c0                LED_toggle
 .text.LED_wave
                0x20016410       0xd0 C:/ISIS/workspace/ycube/satellite-subsystems/demo/../..//hal/hal/lib\libHALD.a(LED.o)
                0x20016410                LED_wave
 .text.LED_waveReverse
                0x200164e0       0xd0 C:/ISIS/workspace/ycube/satellite-subsystems/demo/../..//hal/hal/lib\libHALD.a(LED.o)
                0x200164e0                LED_waveReverse
 .text.validateTransferParameters
                0x200165b0      0x10c C:/ISIS/workspace/ycube/satellite-subsystems/demo/../..//hal/hal/lib\libHALD.a(I2C.o)
 .text.I2C_queueTransfer
                0x200166bc       0xfc C:/ISIS/workspace/ycube/satellite-subsystems/demo/../..//hal/hal/lib\libHALD.a(I2C.o)
                0x200166bc                I2C_queueTransfer
 .text.I2C_internalCallback
                0x200167b8       0x64 C:/ISIS/workspace/ycube/satellite-subsystems/demo/../..//hal/hal/lib\libHALD.a(I2C.o)
 .text.I2C_doBlockingTransfer
                0x2001681c      0x180 C:/ISIS/workspace/ycube/satellite-subsystems/demo/../..//hal/hal/lib\libHALD.a(I2C.o)
 .text.I2C_write
                0x2001699c      0x110 C:/ISIS/workspace/ycube/satellite-subsystems/demo/../..//hal/hal/lib\libHALD.a(I2C.o)
                0x2001699c                I2C_write
 .text.I2C_writeRead
                0x20016aac      0x17c C:/ISIS/workspace/ycube/satellite-subsystems/demo/../..//hal/hal/lib\libHALD.a(I2C.o)
                0x20016aac                I2C_writeRead
 .text.I2C_start
                0x20016c28      0x2e8 C:/ISIS/workspace/ycube/satellite-subsystems/demo/../..//hal/hal/lib\libHALD.a(I2C.o)
                0x20016c28                I2C_start
 .text.I2C_stop
                0x20016f10      0x184 C:/ISIS/workspace/ycube/satellite-subsystems/demo/../..//hal/hal/lib\libHALD.a(I2C.o)
                0x20016f10                I2C_stop
 .text.I2C_setTransferTimeout
                0x20017094       0x48 C:/ISIS/workspace/ycube/satellite-subsystems/demo/../..//hal/hal/lib\libHALD.a(I2C.o)
                0x20017094                I2C_setTransferTimeout
 .text.I2C_getDriverState
                0x200170dc       0x28 C:/ISIS/workspace/ycube/satellite-subsystems/demo/../..//hal/hal/lib\libHALD.a(I2C.o)
                0x200170dc                I2C_getDriverState
 .text.WDT_start
                0x20017104       0x48 C:/ISIS/workspace/ycube/satellite-subsystems/demo/../..//hal/hal/lib\libHALD.a(WatchDogTimerNoOS.o)
                0x20017104                WDT_start
 .text.WDT_startWatchdogKickTask
                0x2001714c       0xb4 C:/ISIS/workspace/ycube/satellite-subsystems/demo/../..//hal/hal/lib\libHALD.a(WatchDogTimerOS.o)
                0x2001714c                WDT_startWatchdogKickTask
 .text.WDT_forceKickEveryNms
                0x20017200       0x50 C:/ISIS/workspace/ycube/satellite-subsystems/demo/../..//hal/hal/lib\libHALD.a(WatchDogTimerOS.o)
                0x20017200                WDT_forceKickEveryNms
 .text.UTIL_DbguGetInteger
                0x20017250      0x168 C:/ISIS/workspace/ycube/satellite-subsystems/demo/../..//hal/hal/lib\libHALD.a(util.o)
                0x20017250                UTIL_DbguGetInteger
 .text.UTIL_DbguGetIntegerMinMax
                0x200173b8       0xa4 C:/ISIS/workspace/ycube/satellite-subsystems/demo/../..//hal/hal/lib\libHALD.a(util.o)
                0x200173b8                UTIL_DbguGetIntegerMinMax
 .text.xQueueGenericReset
                0x2001745c      0x150 C:/ISIS/workspace/ycube/satellite-subsystems/demo/../..//hal/freertos/lib\libFreeRTOSD.a(queue.o)
                0x2001745c                xQueueGenericReset
 .text.xQueueGenericCreate
                0x200175ac      0x108 C:/ISIS/workspace/ycube/satellite-subsystems/demo/../..//hal/freertos/lib\libFreeRTOSD.a(queue.o)
                0x200175ac                xQueueGenericCreate
 .text.xQueueCreateMutex
                0x200176b4      0x11c C:/ISIS/workspace/ycube/satellite-subsystems/demo/../..//hal/freertos/lib\libFreeRTOSD.a(queue.o)
                0x200176b4                xQueueCreateMutex
 .text.xQueueGenericSend
                0x200177d0      0x298 C:/ISIS/workspace/ycube/satellite-subsystems/demo/../..//hal/freertos/lib\libFreeRTOSD.a(queue.o)
                0x200177d0                xQueueGenericSend
 .text.xQueueGenericSendFromISR
                0x20017a68      0x1e0 C:/ISIS/workspace/ycube/satellite-subsystems/demo/../..//hal/freertos/lib\libFreeRTOSD.a(queue.o)
                0x20017a68                xQueueGenericSendFromISR
 .text.xQueueGenericReceive
                0x20017c48      0x2cc C:/ISIS/workspace/ycube/satellite-subsystems/demo/../..//hal/freertos/lib\libFreeRTOSD.a(queue.o)
                0x20017c48                xQueueGenericReceive
 .text.uxQueueMessagesWaiting
                0x20017f14       0x6c C:/ISIS/workspace/ycube/satellite-subsystems/demo/../..//hal/freertos/lib\libFreeRTOSD.a(queue.o)
                0x20017f14                uxQueueMessagesWaiting
 .text.vQueueDelete
                0x20017f80       0x78 C:/ISIS/workspace/ycube/satellite-subsystems/demo/../..//hal/freertos/lib\libFreeRTOSD.a(queue.o)
                0x20017f80                vQueueDelete
 .text.prvCopyDataToQueue
                0x20017ff8      0x190 C:/ISIS/workspace/ycube/satellite-subsystems/demo/../..//hal/freertos/lib\libFreeRTOSD.a(queue.o)
 .text.prvCopyDataFromQueue
                0x20018188       0x90 C:/ISIS/workspace/ycube/satellite-subsystems/demo/../..//hal/freertos/lib\libFreeRTOSD.a(queue.o)
 .text.prvUnlockQueue
                0x20018218      0x130 C:/ISIS/workspace/ycube/satellite-subsystems/demo/../..//hal/freertos/lib\libFreeRTOSD.a(queue.o)
 .text.prvIsQueueEmpty
                0x20018348       0x4c C:/ISIS/workspace/ycube/satellite-subsystems/demo/../..//hal/freertos/lib\libFreeRTOSD.a(queue.o)
 .text.prvIsQueueFull
                0x20018394       0x54 C:/ISIS/workspace/ycube/satellite-subsystems/demo/../..//hal/freertos/lib\libFreeRTOSD.a(queue.o)
 .text.vQueueUnregisterQueue
                0x200183e8       0x80 C:/ISIS/workspace/ycube/satellite-subsystems/demo/../..//hal/freertos/lib\libFreeRTOSD.a(queue.o)
                0x200183e8                vQueueUnregisterQueue
 .text.vQueueWaitForMessageRestricted
                0x20018468       0x90 C:/ISIS/workspace/ycube/satellite-subsystems/demo/../..//hal/freertos/lib\libFreeRTOSD.a(queue.o)
                0x20018468                vQueueWaitForMessageRestricted
 .text.prvNotifyQueueSetContainer
                0x200184f8      0x108 C:/ISIS/workspace/ycube/satellite-subsystems/demo/../..//hal/freertos/lib\libFreeRTOSD.a(queue.o)
 .text.vListInitialise
                0x20018600       0x64 C:/ISIS/workspace/ycube/satellite-subsystems/demo/../..//hal/freertos/lib\libFreeRTOSD.a(list.o)
                0x20018600                vListInitialise
 .text.vListInitialiseItem
                0x20018664       0x28 C:/ISIS/workspace/ycube/satellite-subsystems/demo/../..//hal/freertos/lib\libFreeRTOSD.a(list.o)
                0x20018664                vListInitialiseItem
 .text.vListInsertEnd
                0x2001868c       0x84 C:/ISIS/workspace/ycube/satellite-subsystems/demo/../..//hal/freertos/lib\libFreeRTOSD.a(list.o)
                0x2001868c                vListInsertEnd
 .text.vListInsert
                0x20018710       0xd4 C:/ISIS/workspace/ycube/satellite-subsystems/demo/../..//hal/freertos/lib\libFreeRTOSD.a(list.o)
                0x20018710                vListInsert
 .text.uxListRemove
                0x200187e4       0xa0 C:/ISIS/workspace/ycube/satellite-subsystems/demo/../..//hal/freertos/lib\libFreeRTOSD.a(list.o)
                0x200187e4                uxListRemove
 .text.xTaskGenericCreate
                0x20018884      0x2ac C:/ISIS/workspace/ycube/satellite-subsystems/demo/../..//hal/freertos/lib\libFreeRTOSD.a(tasks.o)
                0x20018884                xTaskGenericCreate
 .text.vTaskDelete
                0x20018b30       0xe8 C:/ISIS/workspace/ycube/satellite-subsystems/demo/../..//hal/freertos/lib\libFreeRTOSD.a(tasks.o)
                0x20018b30                vTaskDelete
 .text.vTaskDelayUntil
                0x20018c18      0x170 C:/ISIS/workspace/ycube/satellite-subsystems/demo/../..//hal/freertos/lib\libFreeRTOSD.a(tasks.o)
                0x20018c18                vTaskDelayUntil
 .text.vTaskDelay
                0x20018d88       0x80 C:/ISIS/workspace/ycube/satellite-subsystems/demo/../..//hal/freertos/lib\libFreeRTOSD.a(tasks.o)
                0x20018d88                vTaskDelay
 .text.vTaskStartScheduler
                0x20018e08      0x104 C:/ISIS/workspace/ycube/satellite-subsystems/demo/../..//hal/freertos/lib\libFreeRTOSD.a(tasks.o)
                0x20018e08                vTaskStartScheduler
 .text.vTaskSuspendAll
                0x20018f0c       0x2c C:/ISIS/workspace/ycube/satellite-subsystems/demo/../..//hal/freertos/lib\libFreeRTOSD.a(tasks.o)
                0x20018f0c                vTaskSuspendAll
 .text.xTaskResumeAll
                0x20018f38      0x1f4 C:/ISIS/workspace/ycube/satellite-subsystems/demo/../..//hal/freertos/lib\libFreeRTOSD.a(tasks.o)
                0x20018f38                xTaskResumeAll
 .text.xTaskGetTickCount
                0x2001912c       0x34 C:/ISIS/workspace/ycube/satellite-subsystems/demo/../..//hal/freertos/lib\libFreeRTOSD.a(tasks.o)
                0x2001912c                xTaskGetTickCount
 .text.xTaskIncrementTick
                0x20019160      0x298 C:/ISIS/workspace/ycube/satellite-subsystems/demo/../..//hal/freertos/lib\libFreeRTOSD.a(tasks.o)
                0x20019160                xTaskIncrementTick
 .text.vTaskSwitchContext
                0x200193f8      0x1a4 C:/ISIS/workspace/ycube/satellite-subsystems/demo/../..//hal/freertos/lib\libFreeRTOSD.a(tasks.o)
                0x200193f8                vTaskSwitchContext
 .text.vTaskPlaceOnEventList
                0x2001959c       0xcc C:/ISIS/workspace/ycube/satellite-subsystems/demo/../..//hal/freertos/lib\libFreeRTOSD.a(tasks.o)
                0x2001959c                vTaskPlaceOnEventList
 .text.vTaskPlaceOnEventListRestricted
                0x20019668       0xa4 C:/ISIS/workspace/ycube/satellite-subsystems/demo/../..//hal/freertos/lib\libFreeRTOSD.a(tasks.o)
                0x20019668                vTaskPlaceOnEventListRestricted
 .text.xTaskRemoveFromEventList
                0x2001970c      0x160 C:/ISIS/workspace/ycube/satellite-subsystems/demo/../..//hal/freertos/lib\libFreeRTOSD.a(tasks.o)
                0x2001970c                xTaskRemoveFromEventList
 .text.vTaskSetTimeOutState
                0x2001986c       0x78 C:/ISIS/workspace/ycube/satellite-subsystems/demo/../..//hal/freertos/lib\libFreeRTOSD.a(tasks.o)
                0x2001986c                vTaskSetTimeOutState
 .text.xTaskCheckForTimeOut
                0x200198e4      0x158 C:/ISIS/workspace/ycube/satellite-subsystems/demo/../..//hal/freertos/lib\libFreeRTOSD.a(tasks.o)
                0x200198e4                xTaskCheckForTimeOut
 .text.vTaskMissedYield
                0x20019a3c       0x24 C:/ISIS/workspace/ycube/satellite-subsystems/demo/../..//hal/freertos/lib\libFreeRTOSD.a(tasks.o)
                0x20019a3c                vTaskMissedYield
 .text.prvIdleTask
                0x20019a60       0x20 C:/ISIS/workspace/ycube/satellite-subsystems/demo/../..//hal/freertos/lib\libFreeRTOSD.a(tasks.o)
 .text.prvInitialiseTCBVariables
                0x20019a80      0x450 C:/ISIS/workspace/ycube/satellite-subsystems/demo/../..//hal/freertos/lib\libFreeRTOSD.a(tasks.o)
 .text.prvInitialiseTaskLists
                0x20019ed0       0xbc C:/ISIS/workspace/ycube/satellite-subsystems/demo/../..//hal/freertos/lib\libFreeRTOSD.a(tasks.o)
 .text.prvCheckTasksWaitingTermination
                0x20019f8c       0xbc C:/ISIS/workspace/ycube/satellite-subsystems/demo/../..//hal/freertos/lib\libFreeRTOSD.a(tasks.o)
 .text.prvAddCurrentTaskToDelayedList
                0x2001a048       0xb4 C:/ISIS/workspace/ycube/satellite-subsystems/demo/../..//hal/freertos/lib\libFreeRTOSD.a(tasks.o)
 .text.prvAllocateTCBAndStack
                0x2001a0fc       0xb4 C:/ISIS/workspace/ycube/satellite-subsystems/demo/../..//hal/freertos/lib\libFreeRTOSD.a(tasks.o)
 .text.prvDeleteTCB
                0x2001a1b0       0x30 C:/ISIS/workspace/ycube/satellite-subsystems/demo/../..//hal/freertos/lib\libFreeRTOSD.a(tasks.o)
 .text.xTaskGetCurrentTaskHandle
                0x2001a1e0       0x30 C:/ISIS/workspace/ycube/satellite-subsystems/demo/../..//hal/freertos/lib\libFreeRTOSD.a(tasks.o)
                0x2001a1e0                xTaskGetCurrentTaskHandle
 .text.xTaskGetSchedulerState
                0x2001a210       0x68 C:/ISIS/workspace/ycube/satellite-subsystems/demo/../..//hal/freertos/lib\libFreeRTOSD.a(tasks.o)
                0x2001a210                xTaskGetSchedulerState
 .text.vTaskPriorityInherit
                0x2001a278      0x148 C:/ISIS/workspace/ycube/satellite-subsystems/demo/../..//hal/freertos/lib\libFreeRTOSD.a(tasks.o)
                0x2001a278                vTaskPriorityInherit
 .text.vTaskPriorityDisinherit
                0x2001a3c0       0xdc C:/ISIS/workspace/ycube/satellite-subsystems/demo/../..//hal/freertos/lib\libFreeRTOSD.a(tasks.o)
                0x2001a3c0                vTaskPriorityDisinherit
 .text.xTimerCreateTimerTask
                0x2001a49c       0xb0 C:/ISIS/workspace/ycube/satellite-subsystems/demo/../..//hal/freertos/lib\libFreeRTOSD.a(timers.o)
                0x2001a49c                xTimerCreateTimerTask
 .text.xTimerGenericCommand
                0x2001a54c       0xf0 C:/ISIS/workspace/ycube/satellite-subsystems/demo/../..//hal/freertos/lib\libFreeRTOSD.a(timers.o)
                0x2001a54c                xTimerGenericCommand
 .text.prvProcessExpiredTimer
                0x2001a63c       0xec C:/ISIS/workspace/ycube/satellite-subsystems/demo/../..//hal/freertos/lib\libFreeRTOSD.a(timers.o)
 .text.prvTimerTask
                0x2001a728       0x38 C:/ISIS/workspace/ycube/satellite-subsystems/demo/../..//hal/freertos/lib\libFreeRTOSD.a(timers.o)
 .text.prvProcessTimerOrBlockTask
                0x2001a760       0xb4 C:/ISIS/workspace/ycube/satellite-subsystems/demo/../..//hal/freertos/lib\libFreeRTOSD.a(timers.o)
 .text.prvGetNextExpireTime
                0x2001a814       0x80 C:/ISIS/workspace/ycube/satellite-subsystems/demo/../..//hal/freertos/lib\libFreeRTOSD.a(timers.o)
 .text.prvSampleTimeNow
                0x2001a894       0x78 C:/ISIS/workspace/ycube/satellite-subsystems/demo/../..//hal/freertos/lib\libFreeRTOSD.a(timers.o)
 .text.prvInsertTimerInActiveList
                0x2001a90c       0xf4 C:/ISIS/workspace/ycube/satellite-subsystems/demo/../..//hal/freertos/lib\libFreeRTOSD.a(timers.o)
 .text.prvProcessReceivedCommands
                0x2001aa00      0x1d0 C:/ISIS/workspace/ycube/satellite-subsystems/demo/../..//hal/freertos/lib\libFreeRTOSD.a(timers.o)
 .text.prvSwitchTimerLists
                0x2001abd0      0x16c C:/ISIS/workspace/ycube/satellite-subsystems/demo/../..//hal/freertos/lib\libFreeRTOSD.a(timers.o)
 .text.prvCheckForValidListAndQueue
                0x2001ad3c       0x7c C:/ISIS/workspace/ycube/satellite-subsystems/demo/../..//hal/freertos/lib\libFreeRTOSD.a(timers.o)
 .text.vApplicationStackOverflowHook
                0x2001adb8       0x5c C:/ISIS/workspace/ycube/satellite-subsystems/demo/../..//hal/freertos/lib\libFreeRTOSD.a(hooks.o)
                0x2001adb8                vApplicationStackOverflowHook
 .text.vApplicationIdleHook
                0x2001ae14       0x18 C:/ISIS/workspace/ycube/satellite-subsystems/demo/../..//hal/freertos/lib\libFreeRTOSD.a(hooks.o)
                0x2001ae14                vApplicationIdleHook
 .text.vApplicationMallocFailedHook
                0x2001ae2c       0x30 C:/ISIS/workspace/ycube/satellite-subsystems/demo/../..//hal/freertos/lib\libFreeRTOSD.a(hooks.o)
                0x2001ae2c                vApplicationMallocFailedHook
 .text.pvPortMalloc
                0x2001ae5c       0x28 C:/ISIS/workspace/ycube/satellite-subsystems/demo/../..//hal/freertos/lib\libFreeRTOSD.a(standardMemMang.o)
                0x2001ae5c                pvPortMalloc
 .text.vPortFree
                0x2001ae84       0x20 C:/ISIS/workspace/ycube/satellite-subsystems/demo/../..//hal/freertos/lib\libFreeRTOSD.a(standardMemMang.o)
                0x2001ae84                vPortFree
 .text._sbrk    0x2001aea4       0xd0 C:/ISIS/workspace/ycube/satellite-subsystems/demo/../..//hal/freertos/lib\libFreeRTOSD.a(standardMemMang.o)
                0x2001aea4                _sbrk
 .text.__malloc_lock
                0x2001af74       0x10 C:/ISIS/workspace/ycube/satellite-subsystems/demo/../..//hal/freertos/lib\libFreeRTOSD.a(standardMemMang.o)
                0x2001af74                __malloc_lock
 .text.__malloc_unlock
                0x2001af84       0x10 C:/ISIS/workspace/ycube/satellite-subsystems/demo/../..//hal/freertos/lib\libFreeRTOSD.a(standardMemMang.o)
                0x2001af84                __malloc_unlock
 .text.pxPortInitialiseStack
                0x2001af94      0x218 C:/ISIS/workspace/ycube/satellite-subsystems/demo/../..//hal/freertos/lib\libFreeRTOSD.a(port.o)
                0x2001af94                pxPortInitialiseStack
 .text.xPortStartScheduler
                0x2001b1ac       0x1c C:/ISIS/workspace/ycube/satellite-subsystems/demo/../..//hal/freertos/lib\libFreeRTOSD.a(port.o)
                0x2001b1ac                xPortStartScheduler
 .text.prvSetupTimerInterrupt
                0x2001b1c8       0x54 C:/ISIS/workspace/ycube/satellite-subsystems/demo/../..//hal/freertos/lib\libFreeRTOSD.a(port.o)
 .text.vPortISRStartFirstTask
                0x2001b21c       0x64 C:/ISIS/workspace/ycube/satellite-subsystems/demo/../..//hal/freertos/lib\libFreeRTOSD.a(port.o)
 .text.vPortEnterCritical
                0x2001b280       0x40 C:/ISIS/workspace/ycube/satellite-subsystems/demo/../..//hal/freertos/lib\libFreeRTOSD.a(port.o)
                0x2001b280                vPortEnterCritical
 .text.vPortExitCritical
                0x2001b2c0       0x60 C:/ISIS/workspace/ycube/satellite-subsystems/demo/../..//hal/freertos/lib\libFreeRTOSD.a(port.o)
                0x2001b2c0                vPortExitCritical
 .text._read    0x2001b320       0xa4 C:/ISIS/workspace/ycube/satellite-subsystems/demo/../..//hal/at91/lib\libAt91D.a(syscalls.o)
                0x2001b320                _read
 .text._write   0x2001b3c4       0xd4 C:/ISIS/workspace/ycube/satellite-subsystems/demo/../..//hal/at91/lib\libAt91D.a(syscalls.o)
                0x2001b3c4                _write
 .text._lseek   0x2001b498       0x2c C:/ISIS/workspace/ycube/satellite-subsystems/demo/../..//hal/at91/lib\libAt91D.a(syscalls.o)
                0x2001b498                _lseek
 .text._close   0x2001b4c4       0x24 C:/ISIS/workspace/ycube/satellite-subsystems/demo/../..//hal/at91/lib\libAt91D.a(syscalls.o)
                0x2001b4c4                _close
 .text._fstat   0x2001b4e8       0x28 C:/ISIS/workspace/ycube/satellite-subsystems/demo/../..//hal/at91/lib\libAt91D.a(syscalls.o)
                0x2001b4e8                _fstat
 .text._isatty  0x2001b510       0x38 C:/ISIS/workspace/ycube/satellite-subsystems/demo/../..//hal/at91/lib\libAt91D.a(syscalls.o)
                0x2001b510                _isatty
 .text.exit     0x2001b548       0x18 C:/ISIS/workspace/ycube/satellite-subsystems/demo/../..//hal/at91/lib\libAt91D.a(syscalls.o)
                0x2001b548                exit
 .text._exit    0x2001b560       0x28 C:/ISIS/workspace/ycube/satellite-subsystems/demo/../..//hal/at91/lib\libAt91D.a(syscalls.o)
                0x2001b560                _exit
 .text._gettimeofday
                0x2001b588       0x1c C:/ISIS/workspace/ycube/satellite-subsystems/demo/../..//hal/at91/lib\libAt91D.a(syscalls.o)
                0x2001b588                _gettimeofday
 .text.AIC_ConfigureIT
                0x2001b5a4       0x74 C:/ISIS/workspace/ycube/satellite-subsystems/demo/../..//hal/at91/lib\libAt91D.a(aic.o)
                0x2001b5a4                AIC_ConfigureIT
 .text.AIC_EnableIT
                0x2001b618       0x34 C:/ISIS/workspace/ycube/satellite-subsystems/demo/../..//hal/at91/lib\libAt91D.a(aic.o)
                0x2001b618                AIC_EnableIT
 .text.AIC_DisableIT
                0x2001b64c       0x34 C:/ISIS/workspace/ycube/satellite-subsystems/demo/../..//hal/at91/lib\libAt91D.a(aic.o)
                0x2001b64c                AIC_DisableIT
 .text.CP15_Enable_I_Cache
                0x2001b680       0x6c C:/ISIS/workspace/ycube/satellite-subsystems/demo/../..//hal/at91/lib\libAt91D.a(cp15.o)
                0x2001b680                CP15_Enable_I_Cache
 .text.CP15_Disable_I_Cache
                0x2001b6ec       0x94 C:/ISIS/workspace/ycube/satellite-subsystems/demo/../..//hal/at91/lib\libAt91D.a(cp15.o)
                0x2001b6ec                CP15_Disable_I_Cache
 .text.CP15_DisableMMU
                0x2001b780       0xa0 C:/ISIS/workspace/ycube/satellite-subsystems/demo/../..//hal/at91/lib\libAt91D.a(cp15.o)
                0x2001b780                CP15_DisableMMU
 .text.CP15_Disable_D_Cache
                0x2001b820       0x94 C:/ISIS/workspace/ycube/satellite-subsystems/demo/../..//hal/at91/lib\libAt91D.a(cp15.o)
                0x2001b820                CP15_Disable_D_Cache
 .text.CP15_Disable_AlignmentFault
                0x2001b8b4       0x94 C:/ISIS/workspace/ycube/satellite-subsystems/demo/../..//hal/at91/lib\libAt91D.a(cp15.o)
                0x2001b8b4                CP15_Disable_AlignmentFault
 .text.DBGU_Configure
                0x2001b948       0x84 C:/ISIS/workspace/ycube/satellite-subsystems/demo/../..//hal/at91/lib\libAt91D.a(dbgu.o)
                0x2001b948                DBGU_Configure
 .text.DBGU_PutChar
                0x2001b9cc       0x60 C:/ISIS/workspace/ycube/satellite-subsystems/demo/../..//hal/at91/lib\libAt91D.a(dbgu.o)
                0x2001b9cc                DBGU_PutChar
 .text.DBGU_IsRxReady
                0x2001ba2c       0x28 C:/ISIS/workspace/ycube/satellite-subsystems/demo/../..//hal/at91/lib\libAt91D.a(dbgu.o)
                0x2001ba2c                DBGU_IsRxReady
 .text.DBGU_GetChar
                0x2001ba54       0x40 C:/ISIS/workspace/ycube/satellite-subsystems/demo/../..//hal/at91/lib\libAt91D.a(dbgu.o)
                0x2001ba54                DBGU_GetChar
 .text.PioInterruptHandler
                0x2001ba94      0x11c C:/ISIS/workspace/ycube/satellite-subsystems/demo/../..//hal/at91/lib\libAt91D.a(pio_it.o)
 .text.InterruptHandler
                0x2001bbb0       0x3c C:/ISIS/workspace/ycube/satellite-subsystems/demo/../..//hal/at91/lib\libAt91D.a(pio_it.o)
 .text.PIO_InitializeInterrupts
                0x2001bbec       0xf8 C:/ISIS/workspace/ycube/satellite-subsystems/demo/../..//hal/at91/lib\libAt91D.a(pio_it.o)
                0x2001bbec                PIO_InitializeInterrupts
 .text.PIO_ConfigureIt
                0x2001bce4       0x90 C:/ISIS/workspace/ycube/satellite-subsystems/demo/../..//hal/at91/lib\libAt91D.a(pio_it.o)
                0x2001bce4                PIO_ConfigureIt
 .text.PIO_EnableIt
                0x2001bd74       0xc4 C:/ISIS/workspace/ycube/satellite-subsystems/demo/../..//hal/at91/lib\libAt91D.a(pio_it.o)
                0x2001bd74                PIO_EnableIt
 .text.PIO_DisableIt
                0x2001be38       0x40 C:/ISIS/workspace/ycube/satellite-subsystems/demo/../..//hal/at91/lib\libAt91D.a(pio_it.o)
                0x2001be38                PIO_DisableIt
 .text.PIO_SetPeripheralA
                0x2001be78       0x74 C:/ISIS/workspace/ycube/satellite-subsystems/demo/../..//hal/at91/lib\libAt91D.a(pio.o)
 .text.PIO_SetPeripheralB
                0x2001beec       0x74 C:/ISIS/workspace/ycube/satellite-subsystems/demo/../..//hal/at91/lib\libAt91D.a(pio.o)
 .text.PIO_SetInput
                0x2001bf60       0x9c C:/ISIS/workspace/ycube/satellite-subsystems/demo/../..//hal/at91/lib\libAt91D.a(pio.o)
 .text.PIO_SetOutput
                0x2001bffc       0xc4 C:/ISIS/workspace/ycube/satellite-subsystems/demo/../..//hal/at91/lib\libAt91D.a(pio.o)
 .text.PIO_Configure
                0x2001c0c0      0x1ec C:/ISIS/workspace/ycube/satellite-subsystems/demo/../..//hal/at91/lib\libAt91D.a(pio.o)
                0x2001c0c0                PIO_Configure
 .text.PIO_Set  0x2001c2ac       0x3c C:/ISIS/workspace/ycube/satellite-subsystems/demo/../..//hal/at91/lib\libAt91D.a(pio.o)
                0x2001c2ac                PIO_Set
 .text.PIO_Clear
                0x2001c2e8       0x3c C:/ISIS/workspace/ycube/satellite-subsystems/demo/../..//hal/at91/lib\libAt91D.a(pio.o)
                0x2001c2e8                PIO_Clear
 .text.PIO_Get  0x2001c324       0x9c C:/ISIS/workspace/ycube/satellite-subsystems/demo/../..//hal/at91/lib\libAt91D.a(pio.o)
                0x2001c324                PIO_Get
 .text.PIT_Init
                0x2001c3c0       0x68 C:/ISIS/workspace/ycube/satellite-subsystems/demo/../..//hal/at91/lib\libAt91D.a(pit.o)
                0x2001c3c0                PIT_Init
 .text.PIT_Enable
                0x2001c428       0x2c C:/ISIS/workspace/ycube/satellite-subsystems/demo/../..//hal/at91/lib\libAt91D.a(pit.o)
                0x2001c428                PIT_Enable
 .text.PIT_EnableIT
                0x2001c454       0x2c C:/ISIS/workspace/ycube/satellite-subsystems/demo/../..//hal/at91/lib\libAt91D.a(pit.o)
                0x2001c454                PIT_EnableIT
 .text.PMC_EnablePeripheral
                0x2001c480       0xc4 C:/ISIS/workspace/ycube/satellite-subsystems/demo/../..//hal/at91/lib\libAt91D.a(pmc.o)
                0x2001c480                PMC_EnablePeripheral
 .text.PMC_DisablePeripheral
                0x2001c544       0xc4 C:/ISIS/workspace/ycube/satellite-subsystems/demo/../..//hal/at91/lib\libAt91D.a(pmc.o)
                0x2001c544                PMC_DisablePeripheral
 .text.SPI_Enable
                0x2001c608       0x28 C:/ISIS/workspace/ycube/satellite-subsystems/demo/../..//hal/at91/lib\libAt91D.a(spi_at91.o)
                0x2001c608                SPI_Enable
 .text.SPI_Disable
                0x2001c630       0x28 C:/ISIS/workspace/ycube/satellite-subsystems/demo/../..//hal/at91/lib\libAt91D.a(spi_at91.o)
                0x2001c630                SPI_Disable
 .text.SPI_Configure
                0x2001c658       0x6c C:/ISIS/workspace/ycube/satellite-subsystems/demo/../..//hal/at91/lib\libAt91D.a(spi_at91.o)
                0x2001c658                SPI_Configure
 .text.SPI_ConfigureNPCS
                0x2001c6c4       0x38 C:/ISIS/workspace/ycube/satellite-subsystems/demo/../..//hal/at91/lib\libAt91D.a(spi_at91.o)
                0x2001c6c4                SPI_ConfigureNPCS
 .text.TWI_ConfigureMaster
                0x2001c6fc      0x2c0 C:/ISIS/workspace/ycube/satellite-subsystems/demo/../..//hal/at91/lib\libAt91D.a(twi_at91.o)
                0x2001c6fc                TWI_ConfigureMaster
 .text.TWI_GetMaskedStatus
                0x2001c9bc       0x78 C:/ISIS/workspace/ycube/satellite-subsystems/demo/../..//hal/at91/lib\libAt91D.a(twi_at91.o)
                0x2001c9bc                TWI_GetMaskedStatus
 .text.disableCaches
                0x2001ca34       0x18 C:/ISIS/workspace/ycube/satellite-subsystems/demo/../..//hal/at91/lib\libAt91D.a(ExitHandler.o)
 .text.restart  0x2001ca4c       0x28 C:/ISIS/workspace/ycube/satellite-subsystems/demo/../..//hal/at91/lib\libAt91D.a(ExitHandler.o)
                0x2001ca4c                restart
 .text.print_hex
                0x2001ca74       0xa0 C:/ISIS/workspace/ycube/satellite-subsystems/demo/../..//hal/at91/lib\libAt91D.a(ExitHandler.o)
 .text.print_stack_trace
                0x2001cb14      0x1b4 C:/ISIS/workspace/ycube/satellite-subsystems/demo/../..//hal/at91/lib\libAt91D.a(ExitHandler.o)
 .text.handleAbort
                0x2001ccc8      0x890 C:/ISIS/workspace/ycube/satellite-subsystems/demo/../..//hal/at91/lib\libAt91D.a(ExitHandler.o)
                0x2001ccc8                handleAbort
 .text.srand    0x2001d558       0x2c C:/ISIS/workspace/ycube/satellite-subsystems/demo/../..//hal/at91/lib\libAt91D.a(rand.o)
                0x2001d558                srand
 .text.rand     0x2001d584       0x54 C:/ISIS/workspace/ycube/satellite-subsystems/demo/../..//hal/at91/lib\libAt91D.a(rand.o)
                0x2001d584                rand
 .text.defaultSpuriousHandler
                0x2001d5d8       0x38 C:/ISIS/workspace/ycube/satellite-subsystems/demo/../..//hal/at91/lib\libAt91D.a(board_lowlevel.o)
                0x2001d5d8                defaultSpuriousHandler
 .text.defaultFiqHandler
                0x2001d610       0x38 C:/ISIS/workspace/ycube/satellite-subsystems/demo/../..//hal/at91/lib\libAt91D.a(board_lowlevel.o)
                0x2001d610                defaultFiqHandler
 .text.defaultIrqHandler
                0x2001d648       0x38 C:/ISIS/workspace/ycube/satellite-subsystems/demo/../..//hal/at91/lib\libAt91D.a(board_lowlevel.o)
                0x2001d648                defaultIrqHandler
 .text.LowLevelInit
                0x2001d680       0xf4 C:/ISIS/workspace/ycube/satellite-subsystems/demo/../..//hal/at91/lib\libAt91D.a(board_lowlevel.o)
                0x2001d680                LowLevelInit
 .text.BOARD_RemapRam
                0x2001d774       0x24 C:/ISIS/workspace/ycube/satellite-subsystems/demo/../..//hal/at91/lib\libAt91D.a(board_memories.o)
                0x2001d774                BOARD_RemapRam
 .text.__errno  0x2001d798       0x10 c:/isis/application/toolchain/bin/../lib/gcc/arm-none-eabi/4.7.4/../../../../arm-none-eabi/lib\libg.a(lib_a-errno.o)
                0x2001d798                __errno
 .text._fflush_r
                0x2001d7a8      0x250 c:/isis/application/toolchain/bin/../lib/gcc/arm-none-eabi/4.7.4/../../../../arm-none-eabi/lib\libg.a(lib_a-fflush.o)
                0x2001d7a8                _fflush_r
 .text.fflush   0x2001d9f8       0x40 c:/isis/application/toolchain/bin/../lib/gcc/arm-none-eabi/4.7.4/../../../../arm-none-eabi/lib\libg.a(lib_a-fflush.o)
                0x2001d9f8                fflush
 .text._cleanup_r
                0x2001da38       0x18 c:/isis/application/toolchain/bin/../lib/gcc/arm-none-eabi/4.7.4/../../../../arm-none-eabi/lib\libg.a(lib_a-findfp.o)
                0x2001da38                _cleanup_r
 .text.std.isra.0
                0x2001da50       0x7c c:/isis/application/toolchain/bin/../lib/gcc/arm-none-eabi/4.7.4/../../../../arm-none-eabi/lib\libg.a(lib_a-findfp.o)
 .text.__sinit  0x2001dacc       0x78 c:/isis/application/toolchain/bin/../lib/gcc/arm-none-eabi/4.7.4/../../../../arm-none-eabi/lib\libg.a(lib_a-findfp.o)
                0x2001dacc                __sinit
 .text.__sfp_lock_acquire
                0x2001db44        0x4 c:/isis/application/toolchain/bin/../lib/gcc/arm-none-eabi/4.7.4/../../../../arm-none-eabi/lib\libg.a(lib_a-findfp.o)
                0x2001db44                __sfp_lock_acquire
 .text.__sfp_lock_release
                0x2001db48        0x4 c:/isis/application/toolchain/bin/../lib/gcc/arm-none-eabi/4.7.4/../../../../arm-none-eabi/lib\libg.a(lib_a-findfp.o)
                0x2001db48                __sfp_lock_release
 .text._malloc_trim_r
                0x2001db4c       0xfc c:/isis/application/toolchain/bin/../lib/gcc/arm-none-eabi/4.7.4/../../../../arm-none-eabi/lib\libg.a(lib_a-freer.o)
                0x2001db4c                _malloc_trim_r
 .text._free_r  0x2001dc48      0x26c c:/isis/application/toolchain/bin/../lib/gcc/arm-none-eabi/4.7.4/../../../../arm-none-eabi/lib\libg.a(lib_a-freer.o)
                0x2001dc48                _free_r
 .text._fwalk   0x2001deb4       0x88 c:/isis/application/toolchain/bin/../lib/gcc/arm-none-eabi/4.7.4/../../../../arm-none-eabi/lib\libg.a(lib_a-fwalk.o)
                0x2001deb4                _fwalk
 .text._fwalk_reent
                0x2001df3c       0x8c c:/isis/application/toolchain/bin/../lib/gcc/arm-none-eabi/4.7.4/../../../../arm-none-eabi/lib\libg.a(lib_a-fwalk.o)
                0x2001df3c                _fwalk_reent
 .text.malloc   0x2001dfc8       0x20 c:/isis/application/toolchain/bin/../lib/gcc/arm-none-eabi/4.7.4/../../../../arm-none-eabi/lib\libg.a(lib_a-malloc.o)
                0x2001dfc8                malloc
 .text.free     0x2001dfe8       0x20 c:/isis/application/toolchain/bin/../lib/gcc/arm-none-eabi/4.7.4/../../../../arm-none-eabi/lib\libg.a(lib_a-malloc.o)
                0x2001dfe8                free
 .text._malloc_r
                0x2001e008      0x73c c:/isis/application/toolchain/bin/../lib/gcc/arm-none-eabi/4.7.4/../../../../arm-none-eabi/lib\libg.a(lib_a-mallocr.o)
                0x2001e008                _malloc_r
 .text.memcmp   0x2001e744       0xb4 c:/isis/application/toolchain/bin/../lib/gcc/arm-none-eabi/4.7.4/../../../../arm-none-eabi/lib\libg.a(lib_a-memcmp.o)
                0x2001e744                memcmp
 .text.memcpy   0x2001e7f8       0xf4 c:/isis/application/toolchain/bin/../lib/gcc/arm-none-eabi/4.7.4/../../../../arm-none-eabi/lib\libg.a(lib_a-memcpy.o)
                0x2001e7f8                memcpy
 .text.memset   0x2001e8ec       0xf8 c:/isis/application/toolchain/bin/../lib/gcc/arm-none-eabi/4.7.4/../../../../arm-none-eabi/lib\libg.a(lib_a-memset.o)
                0x2001e8ec                memset
 .text.printf   0x2001e9e4       0x40 c:/isis/application/toolchain/bin/../lib/gcc/arm-none-eabi/4.7.4/../../../../arm-none-eabi/lib\libg.a(lib_a-printf.o)
                0x2001e9e4                printf
 .text._puts_r  0x2001ea24       0xa4 c:/isis/application/toolchain/bin/../lib/gcc/arm-none-eabi/4.7.4/../../../../arm-none-eabi/lib\libg.a(lib_a-puts.o)
                0x2001ea24                _puts_r
 .text.puts     0x2001eac8       0x14 c:/isis/application/toolchain/bin/../lib/gcc/arm-none-eabi/4.7.4/../../../../arm-none-eabi/lib\libg.a(lib_a-puts.o)
                0x2001eac8                puts
 .text._sbrk_r  0x2001eadc       0x40 c:/isis/application/toolchain/bin/../lib/gcc/arm-none-eabi/4.7.4/../../../../arm-none-eabi/lib\libg.a(lib_a-sbrkr.o)
                0x2001eadc                _sbrk_r
 .text.snprintf
                0x2001eb1c       0x9c c:/isis/application/toolchain/bin/../lib/gcc/arm-none-eabi/4.7.4/../../../../arm-none-eabi/lib\libg.a(lib_a-snprintf.o)
                0x2001eb1c                snprintf
 .text.__sread  0x2001ebb8       0x34 c:/isis/application/toolchain/bin/../lib/gcc/arm-none-eabi/4.7.4/../../../../arm-none-eabi/lib\libg.a(lib_a-stdio.o)
                0x2001ebb8                __sread
 .text.__swrite
                0x2001ebec       0x58 c:/isis/application/toolchain/bin/../lib/gcc/arm-none-eabi/4.7.4/../../../../arm-none-eabi/lib\libg.a(lib_a-stdio.o)
                0x2001ebec                __swrite
 .text.__sseek  0x2001ec44       0x34 c:/isis/application/toolchain/bin/../lib/gcc/arm-none-eabi/4.7.4/../../../../arm-none-eabi/lib\libg.a(lib_a-stdio.o)
                0x2001ec44                __sseek
 .text.__sclose
                0x2001ec78       0x14 c:/isis/application/toolchain/bin/../lib/gcc/arm-none-eabi/4.7.4/../../../../arm-none-eabi/lib\libg.a(lib_a-stdio.o)
                0x2001ec78                __sclose
 .text.strlen   0x2001ec8c       0x60 c:/isis/application/toolchain/bin/../lib/gcc/arm-none-eabi/4.7.4/../../../../arm-none-eabi/lib\libg.a(lib_a-strlen.o)
                0x2001ec8c                strlen
 .text._strtol_r
                0x2001ecec      0x1cc c:/isis/application/toolchain/bin/../lib/gcc/arm-none-eabi/4.7.4/../../../../arm-none-eabi/lib\libg.a(lib_a-strtol.o)
                0x2001ecec                _strtol_r
 .text.strtol   0x2001eeb8       0x2c c:/isis/application/toolchain/bin/../lib/gcc/arm-none-eabi/4.7.4/../../../../arm-none-eabi/lib\libg.a(lib_a-strtol.o)
                0x2001eeb8                strtol
 .text._svfprintf_r
                0x2001eee4     0x1f80 c:/isis/application/toolchain/bin/../lib/gcc/arm-none-eabi/4.7.4/../../../../arm-none-eabi/lib\libg.a(lib_a-svfprintf.o)
                0x2001eee4                _svfprintf_r
 .text.write    0x20020e64       0x30 c:/isis/application/toolchain/bin/../lib/gcc/arm-none-eabi/4.7.4/../../../../arm-none-eabi/lib\libg.a(lib_a-syswrite.o)
                0x20020e64                write
 .text.time     0x20020e94       0x4c c:/isis/application/toolchain/bin/../lib/gcc/arm-none-eabi/4.7.4/../../../../arm-none-eabi/lib\libg.a(lib_a-time.o)
                0x20020e94                time
 .text._vfprintf_r
                0x20020ee0     0x1fe8 c:/isis/application/toolchain/bin/../lib/gcc/arm-none-eabi/4.7.4/../../../../arm-none-eabi/lib\libg.a(lib_a-vfprintf.o)
                0x20020ee0                _vfprintf_r
 .text.__sbprintf
                0x20022ec8       0xd0 c:/isis/application/toolchain/bin/../lib/gcc/arm-none-eabi/4.7.4/../../../../arm-none-eabi/lib\libg.a(lib_a-vfprintf.o)
 .text._write_r
                0x20022f98       0x44 c:/isis/application/toolchain/bin/../lib/gcc/arm-none-eabi/4.7.4/../../../../arm-none-eabi/lib\libg.a(lib_a-writer.o)
                0x20022f98                _write_r
 .text.__swsetup_r
                0x20022fdc      0x138 c:/isis/application/toolchain/bin/../lib/gcc/arm-none-eabi/4.7.4/../../../../arm-none-eabi/lib\libg.a(lib_a-wsetup.o)
                0x20022fdc                __swsetup_r
 .text._close_r
                0x20023114       0x3c c:/isis/application/toolchain/bin/../lib/gcc/arm-none-eabi/4.7.4/../../../../arm-none-eabi/lib\libg.a(lib_a-closer.o)
                0x20023114                _close_r
 .text.quorem   0x20023150      0x1e0 c:/isis/application/toolchain/bin/../lib/gcc/arm-none-eabi/4.7.4/../../../../arm-none-eabi/lib\libg.a(lib_a-dtoa.o)
 .text._dtoa_r  0x20023330     0x1698 c:/isis/application/toolchain/bin/../lib/gcc/arm-none-eabi/4.7.4/../../../../arm-none-eabi/lib\libg.a(lib_a-dtoa.o)
                0x20023330                _dtoa_r
 .text._fclose_r
                0x200249c8       0xf8 c:/isis/application/toolchain/bin/../lib/gcc/arm-none-eabi/4.7.4/../../../../arm-none-eabi/lib\libg.a(lib_a-fclose.o)
                0x200249c8                _fclose_r
 .text.fclose   0x20024ac0       0x14 c:/isis/application/toolchain/bin/../lib/gcc/arm-none-eabi/4.7.4/../../../../arm-none-eabi/lib\libg.a(lib_a-fclose.o)
                0x20024ac0                fclose
 .text.__sfvwrite_r
                0x20024ad4      0x4c4 c:/isis/application/toolchain/bin/../lib/gcc/arm-none-eabi/4.7.4/../../../../arm-none-eabi/lib\libg.a(lib_a-fvwrite.o)
                0x20024ad4                __sfvwrite_r
 .text._gettimeofday_r
                0x20024f98       0x40 c:/isis/application/toolchain/bin/../lib/gcc/arm-none-eabi/4.7.4/../../../../arm-none-eabi/lib\libg.a(lib_a-gettimeofdayr.o)
                0x20024f98                _gettimeofday_r
 .text.__locale_charset
                0x20024fd8        0xc c:/isis/application/toolchain/bin/../lib/gcc/arm-none-eabi/4.7.4/../../../../arm-none-eabi/lib\libg.a(lib_a-locale.o)
                0x20024fd8                __locale_charset
 .text.__locale_mb_cur_max
                0x20024fe4       0x10 c:/isis/application/toolchain/bin/../lib/gcc/arm-none-eabi/4.7.4/../../../../arm-none-eabi/lib\libg.a(lib_a-locale.o)
                0x20024fe4                __locale_mb_cur_max
 .text._localeconv_r
                0x20024ff4        0xc c:/isis/application/toolchain/bin/../lib/gcc/arm-none-eabi/4.7.4/../../../../arm-none-eabi/lib\libg.a(lib_a-locale.o)
                0x20024ff4                _localeconv_r
 .text._lseek_r
                0x20025000       0x44 c:/isis/application/toolchain/bin/../lib/gcc/arm-none-eabi/4.7.4/../../../../arm-none-eabi/lib\libg.a(lib_a-lseekr.o)
                0x20025000                _lseek_r
 .text.__smakebuf_r
                0x20025044      0x15c c:/isis/application/toolchain/bin/../lib/gcc/arm-none-eabi/4.7.4/../../../../arm-none-eabi/lib\libg.a(lib_a-makebuf.o)
                0x20025044                __smakebuf_r
 .text.memchr   0x200251a0      0x11c c:/isis/application/toolchain/bin/../lib/gcc/arm-none-eabi/4.7.4/../../../../arm-none-eabi/lib\libg.a(lib_a-memchr.o)
                0x200251a0                memchr
 .text.memmove  0x200252bc      0x134 c:/isis/application/toolchain/bin/../lib/gcc/arm-none-eabi/4.7.4/../../../../arm-none-eabi/lib\libg.a(lib_a-memmove.o)
                0x200252bc                memmove
 .text._Balloc  0x200253f0       0x8c c:/isis/application/toolchain/bin/../lib/gcc/arm-none-eabi/4.7.4/../../../../arm-none-eabi/lib\libg.a(lib_a-mprec.o)
                0x200253f0                _Balloc
 .text._Bfree   0x2002547c       0x1c c:/isis/application/toolchain/bin/../lib/gcc/arm-none-eabi/4.7.4/../../../../arm-none-eabi/lib\libg.a(lib_a-mprec.o)
                0x2002547c                _Bfree
 .text.__multadd
                0x20025498       0xdc c:/isis/application/toolchain/bin/../lib/gcc/arm-none-eabi/4.7.4/../../../../arm-none-eabi/lib\libg.a(lib_a-mprec.o)
                0x20025498                __multadd
 .text.__hi0bits
                0x20025574       0x50 c:/isis/application/toolchain/bin/../lib/gcc/arm-none-eabi/4.7.4/../../../../arm-none-eabi/lib\libg.a(lib_a-mprec.o)
                0x20025574                __hi0bits
 .text.__lo0bits
                0x200255c4       0x94 c:/isis/application/toolchain/bin/../lib/gcc/arm-none-eabi/4.7.4/../../../../arm-none-eabi/lib\libg.a(lib_a-mprec.o)
                0x200255c4                __lo0bits