Archive member included because of file (symbol)

C:/ISIS/workspace/ycube/satellite-subsystems/demo/..//satellite-subsystems/lib\libSatelliteSubsystemsD.a(GomEPS.o)
                              ./src/Demos/GomEPSdemo.o (GomEpsInitialize)
C:/ISIS/workspace/ycube/satellite-subsystems/demo/..//satellite-subsystems/lib\libSatelliteSubsystemsD.a(IsisAntS.o)
                              ./src/Demos/IsisAntSdemo.o (IsisAntS_initialize)
C:/ISIS/workspace/ycube/satellite-subsystems/demo/..//satellite-subsystems/lib\libSatelliteSubsystemsD.a(IsisMTQv1.o)
                              ./src/Demos/IsisMTQv1demo.o (isisMTQv1_initialize)
C:/ISIS/workspace/ycube/satellite-subsystems/demo/..//satellite-subsystems/lib\libSatelliteSubsystemsD.a(IsisMTQv2.o)
                              ./src/Demos/IsisMTQv2demo.o (IsisMTQv2_initialize)
C:/ISIS/workspace/ycube/satellite-subsystems/demo/..//satellite-subsystems/lib\libSatelliteSubsystemsD.a(IsisSolarPanel.o)
                              ./src/Demos/IsisSPdemo.o (IsisSolarPanel_getTemperature)
C:/ISIS/workspace/ycube/satellite-subsystems/demo/..//satellite-subsystems/lib\libSatelliteSubsystemsD.a(IsisSolarPanelv2.o)
                              ./src/Demos/IsisSPv2demo.o (IsisSolarPanelv2_initialize)
C:/ISIS/workspace/ycube/satellite-subsystems/demo/..//satellite-subsystems/lib\libSatelliteSubsystemsD.a(IsisTRXUV.o)
                              ./src/Demos/IsisTRXUVdemo.o (IsisTrxuv_initialize)
C:/ISIS/workspace/ycube/satellite-subsystems/demo/..//satellite-subsystems/lib\libSatelliteSubsystemsD.a(IsisTRXVU.o)
                              ./src/Demos/IsisTRXVUdemo.o (IsisTrxvu_initialize)
C:/ISIS/workspace/ycube/satellite-subsystems/demo/..//satellite-subsystems/lib\libSatelliteSubsystemsD.a(IsisTxS.o)
                              ./src/Demos/IsisTxSdemo.o (IsisTxsInitialize)
C:/ISIS/workspace/ycube/satellite-subsystems/demo/..//satellite-subsystems/lib\libSatelliteSubsystemsD.a(cspaceADCS.o)
                              ./src/Demos/cspaceADCSdemo.o (cspaceADCS_initialize)
C:/ISIS/workspace/ycube/satellite-subsystems/demo/..//satellite-subsystems/lib\libSatelliteSubsystemsD.a(isis_eps_driver.o)
                              ./src/Demos/isis_eps_demo.o (ISIS_EPS_Init)
C:/ISIS/workspace/ycube/satellite-subsystems/demo/..//satellite-subsystems/lib\libSatelliteSubsystemsD.a(version.o)
                              ./src/main.o (SatelliteSubsystemsCompileDate)
C:/ISIS/workspace/ycube/satellite-subsystems/demo/..//satellite-subsystems/lib\libSatelliteSubsystemsD.a(IsisTRXCommon.o)
                              C:/ISIS/workspace/ycube/satellite-subsystems/demo/..//satellite-subsystems/lib\libSatelliteSubsystemsD.a(IsisTRXUV.o) (IsisTrxCommon_componentReset)
c:/isis/application/toolchain/bin/../lib/gcc/arm-none-eabi/4.7.4/../../../../arm-none-eabi/lib\libm.a(lib_a-w_exp.o)
                              ./src/Demos/common.o (exp)
c:/isis/application/toolchain/bin/../lib/gcc/arm-none-eabi/4.7.4/../../../../arm-none-eabi/lib\libm.a(lib_a-e_exp.o)
                              c:/isis/application/toolchain/bin/../lib/gcc/arm-none-eabi/4.7.4/../../../../arm-none-eabi/lib\libm.a(lib_a-w_exp.o) (__ieee754_exp)
c:/isis/application/toolchain/bin/../lib/gcc/arm-none-eabi/4.7.4/../../../../arm-none-eabi/lib\libm.a(lib_a-s_finite.o)
                              c:/isis/application/toolchain/bin/../lib/gcc/arm-none-eabi/4.7.4/../../../../arm-none-eabi/lib\libm.a(lib_a-w_exp.o) (finite)
c:/isis/application/toolchain/bin/../lib/gcc/arm-none-eabi/4.7.4/../../../../arm-none-eabi/lib\libm.a(lib_a-s_lib_ver.o)
                              c:/isis/application/toolchain/bin/../lib/gcc/arm-none-eabi/4.7.4/../../../../arm-none-eabi/lib\libm.a(lib_a-w_exp.o) (__fdlib_version)
c:/isis/application/toolchain/bin/../lib/gcc/arm-none-eabi/4.7.4/../../../../arm-none-eabi/lib\libm.a(lib_a-s_matherr.o)
                              c:/isis/application/toolchain/bin/../lib/gcc/arm-none-eabi/4.7.4/../../../../arm-none-eabi/lib\libm.a(lib_a-w_exp.o) (matherr)
C:/ISIS/workspace/ycube/satellite-subsystems/demo/../..//hal/hcc/lib\libHCCD.a(fat_common.o)
                              ./src/Demos/ScsGeckoDemo.o (fn_init)
C:/ISIS/workspace/ycube/satellite-subsystems/demo/../..//hal/hcc/lib\libHCCD.a(fat_m.o)
                              ./src/Demos/ScsGeckoDemo.o (fm_initvolume)
C:/ISIS/workspace/ycube/satellite-subsystems/demo/../..//hal/hcc/lib\libHCCD.a(safefat.o)
                              C:/ISIS/workspace/ycube/satellite-subsystems/demo/../..//hal/hcc/lib\libHCCD.a(fat_common.o) (safe_fix_filelengths)
C:/ISIS/workspace/ycube/satellite-subsystems/demo/../..//hal/hcc/lib\libHCCD.a(atmel_mcipdc.o)
                              ./src/Demos/ScsGeckoDemo.o (atmel_mcipdc_initfunc)
C:/ISIS/workspace/ycube/satellite-subsystems/demo/../..//hal/hcc/lib\libHCCD.a(oalp_mutex.o)
                              C:/ISIS/workspace/ycube/satellite-subsystems/demo/../..//hal/hcc/lib\libHCCD.a(fat_common.o) (oal_mutex_create)
[...]
Memory Configuration

Name             Origin             Length             Attributes
sram0            0x00200000         0x00004000         w !xr
sram1            0x00300000         0x00004000         w !xr
sdram            0x20000000         0x02000000         w !xr
*default*        0x00000000         0xffffffff

Linker script and memory map

LOAD c:/isis/application/toolchain/bin/../lib/gcc/arm-none-eabi/4.7.4/../../../../arm-none-eabi/lib\libc.a
LOAD ./src/Demos/GomEPSdemo.o
LOAD ./src/Demos/IsisAntSdemo.o
LOAD ./src/Demos/IsisMTQv1demo.o
LOAD ./src/Demos/IsisMTQv2demo.o
LOAD ./src/Demos/IsisSPdemo.o
LOAD ./src/Demos/IsisSPv2demo.o
LOAD ./src/Demos/IsisTRXUVdemo.o
LOAD ./src/Demos/IsisTRXVUdemo.o
LOAD ./src/Demos/IsisTxSdemo.o
LOAD ./src/Demos/ScsGeckoDemo.o
LOAD ./src/Demos/common.o
LOAD ./src/Demos/cspaceADCSdemo.o
LOAD ./src/Demos/input.o
LOAD ./src/Demos/isis_eps_demo.o
LOAD ./src/Demos/trxvu_frame_ready.o
LOAD ./src/main.o
LOAD C:/ISIS/workspace/ycube/satellite-subsystems/demo/..//satellite-subsystems/lib\libSatelliteSubsystemsD.a
LOAD c:/isis/application/toolchain/bin/../lib/gcc/arm-none-eabi/4.7.4/../../../../arm-none-eabi/lib\libm.a
LOAD C:/ISIS/workspace/ycube/satellite-subsystems/demo/../..//hal/hcc/lib\libHCCD.a
LOAD C:/ISIS/workspace/ycube/satellite-subsystems/demo/../..//hal/hal/lib\libHALD.a
LOAD C:/ISIS/workspace/ycube/satellite-subsystems/demo/../..//hal/freertos/lib\libFreeRTOSD.a
LOAD C:/ISIS/workspace/ycube/satellite-subsystems/demo/../..//hal/at91/lib\libAt91D.a
START GROUP
LOAD c:/isis/application/toolchain/bin/../lib/gcc/arm-none-eabi/4.7.4\libgcc.a
LOAD c:/isis/application/toolchain/bin/../lib/gcc/arm-none-eabi/4.7.4/../../../../arm-none-eabi/lib\libg.a
LOAD c:/isis/application/toolchain/bin/../lib/gcc/arm-none-eabi/4.7.4/../../../../arm-none-eabi/lib\libc.a
END GROUP

.fixed          0x20000000    0x36dd8
                0x20000000                . = ALIGN (0x4)
                0x20000000                _sfixed = .
 *(.startup)
 .startup       0x20000000      0x134 C:/ISIS/workspace/ycube/satellite-subsystems/demo/../..//hal/at91/lib\libAt91D.a(board_cstartup.o)
                0x20000000                entry
 *(.text)
 .text          0x20000134       0x64 C:/ISIS/workspace/ycube/satellite-subsystems/demo/../..//hal/at91/lib\libAt91D.a(cp15_asm.o)
                0x20000134                _readControlRegister
                0x20000140                _writeControlRegister
                0x20000148                _waitForInterrupt
                0x20000154                _writeTTB
                0x2000015c                _writeDomain
                0x20000164                _writeITLBLockdown
                0x2000016c                _prefetchICacheLine
                0x20000174                _flushDCache
                0x20000180                _flushWriteBuffer
                0x2000018c                _invalidateIDTLBs
 .text          0x20000198      0x114 c:/isis/application/toolchain/bin/../lib/gcc/arm-none-eabi/4.7.4\libgcc.a(_udivsi3.o)
                0x20000198                __aeabi_uidiv
                0x20000198                __udivsi3
                0x2000028c                __aeabi_uidivmod
 .text          0x200002ac        0x4 c:/isis/application/toolchain/bin/../lib/gcc/arm-none-eabi/4.7.4\libgcc.a(_dvmd_tls.o)
                0x200002ac                __aeabi_idiv0
                0x200002ac                __aeabi_ldiv0
 .text          0x200002b0      0x41c c:/isis/application/toolchain/bin/../lib/gcc/arm-none-eabi/4.7.4\libgcc.a(_arm_addsubdf3.o)
                0x200002b0                __aeabi_drsub
                0x200002b8                __aeabi_dsub
                0x200002b8                __subdf3
                0x200002bc                __aeabi_dadd
                0x200002bc                __adddf3
                0x200005cc                __floatunsidf
                0x200005cc                __aeabi_ui2d
                0x200005f0                __floatsidf
                0x200005f0                __aeabi_i2d
                0x20000618                __aeabi_f2d
                0x20000618                __extendsfdf2
                0x20000658                __floatundidf
                0x20000658                __aeabi_ul2d
                0x2000066c                __floatdidf
                0x2000066c                __aeabi_l2d
 .text          0x200006cc      0x49c c:/isis/application/toolchain/bin/../lib/gcc/arm-none-eabi/4.7.4\libgcc.a(_arm_muldivdf3.o)
                0x200006cc                __aeabi_dmul
                0x200006cc                __muldf3
                0x2000095c                __divdf3
                0x2000095c                __aeabi_ddiv
 .text          0x20000b68      0x144 c:/isis/application/toolchain/bin/../lib/gcc/arm-none-eabi/4.7.4\libgcc.a(_arm_cmpdf2.o)
                0x20000b68                __gtdf2
                0x20000b68                __gedf2
                0x20000b70                __ltdf2
                0x20000b70                __ledf2
                0x20000b78                __nedf2
                0x20000b78                __eqdf2
                0x20000b78                __cmpdf2
                0x20000c00                __aeabi_cdrcmple
                0x20000c1c                __aeabi_cdcmpeq
                0x20000c1c                __aeabi_cdcmple
                0x20000c34                __aeabi_dcmpeq
                0x20000c4c                __aeabi_dcmplt
                0x20000c64                __aeabi_dcmple
                0x20000c7c                __aeabi_dcmpge
                0x20000c94                __aeabi_dcmpgt
 .text          0x20000cac       0x5c c:/isis/application/toolchain/bin/../lib/gcc/arm-none-eabi/4.7.4\libgcc.a(_arm_fixdfsi.o)
                0x20000cac                __aeabi_d2iz
                0x20000cac                __fixdfsi
 .text          0x20000d08       0x54 c:/isis/application/toolchain/bin/../lib/gcc/arm-none-eabi/4.7.4\libgcc.a(_arm_fixunsdfsi.o)
                0x20000d08                __aeabi_d2uiz
                0x20000d08                __fixunsdfsi
 .text          0x20000d5c       0xa0 c:/isis/application/toolchain/bin/../lib/gcc/arm-none-eabi/4.7.4\libgcc.a(_arm_truncdfsf2.o)
                0x20000d5c                __truncdfsf2
                0x20000d5c                __aeabi_d2f
 .text          0x20000dfc      0x2ac c:/isis/application/toolchain/bin/../lib/gcc/arm-none-eabi/4.7.4\libgcc.a(_arm_addsubsf3.o)
                0x20000dfc                __aeabi_frsub
                0x20000e04                __subsf3
                0x20000e04                __aeabi_fsub
                0x20000e08                __aeabi_fadd
                0x20000e08                __addsf3
                0x20000fc4                __aeabi_ui2f
                0x20000fc4                __floatunsisf
                0x20000fcc                __aeabi_i2f
                0x20000fcc                __floatsisf
                0x20000fec                __aeabi_ul2f
                0x20000fec                __floatundisf
                0x20000ffc                __aeabi_l2f
                0x20000ffc                __floatdisf
 .text          0x200010a8      0x2f8 c:/isis/application/toolchain/bin/../lib/gcc/arm-none-eabi/4.7.4\libgcc.a(_arm_muldivsf3.o)
                0x200010a8                __mulsf3
                0x200010a8                __aeabi_fmul
                0x20001240                __aeabi_fdiv
                0x20001240                __divsf3
 .text          0x200013a0       0x3c c:/isis/application/toolchain/bin/../lib/gcc/arm-none-eabi/4.7.4\libgcc.a(_aeabi_uldivmod.o)
                0x200013a0                __aeabi_uldivmod
 .text          0x200013dc       0x84 c:/isis/application/toolchain/bin/../lib/gcc/arm-none-eabi/4.7.4\libgcc.a(bpabi.o)
                0x200013dc                __gnu_ldivmod_helper
                0x20001420                __gnu_uldivmod_helper
 .text          0x20001460      0x4f0 c:/isis/application/toolchain/bin/../lib/gcc/arm-none-eabi/4.7.4\libgcc.a(_divdi3.o)
                0x20001460                __divdi3
 .text          0x20001950      0x488 c:/isis/application/toolchain/bin/../lib/gcc/arm-none-eabi/4.7.4\libgcc.a(_udivdi3.o)
                0x20001950                __udivdi3
 .text          0x20001dd8       0x48 c:/isis/application/toolchain/bin/../lib/gcc/arm-none-eabi/4.7.4\libgcc.a(_clzsi2.o)
                0x20001dd8                __clzsi2
 *(.text*)
 .text.EPS_TelemetryHKbasic
                0x20001e20      0x154 ./src/Demos/GomEPSdemo.o
 .text.EPS_TelemetryHKwdt
                0x20001f74      0x108 ./src/Demos/GomEPSdemo.o
 .text.EPS_TelemetryHKout
                0x2000207c      0x320 ./src/Demos/GomEPSdemo.o
 .text.EPS_TelemetryHKvi
                0x2000239c      0x104 ./src/Demos/GomEPSdemo.o
 .text.EPS_TelemetryHKGeneral
                0x200024a0      0x584 ./src/Demos/GomEPSdemo.o
 .text.EPS_TelemetryHKParam
                0x20002a24      0x34c ./src/Demos/GomEPSdemo.o
 .text.EPS_SetOutputOn
                0x20002d70       0x80 ./src/Demos/GomEPSdemo.o
 .text.EPS_SetOutputOff
                0x20002df0       0x80 ./src/Demos/GomEPSdemo.o
 .text.EPS_Reboot
                0x20002e70       0x7c ./src/Demos/GomEPSdemo.o
 .text.EPS_TelemetryHKGeneral_BatteryLoop
                0x20002eec      0x18c ./src/Demos/GomEPSdemo.o
 .text.selectAndExecuteGomEPSDemoTest
                0x20003078      0x2b4 ./src/Demos/GomEPSdemo.o
 .text.GomEPSdemoInit
                0x2000332c       0x68 ./src/Demos/GomEPSdemo.o
                0x2000332c                GomEPSdemoInit
 .text.GomEPSdemoLoop
                0x20003394       0x3c ./src/Demos/GomEPSdemo.o
                0x20003394                GomEPSdemoLoop
 .text.GomEPSdemoMain
                0x200033d0       0x30 ./src/Demos/GomEPSdemo.o
                0x200033d0                GomEPSdemoMain
 .text.GomEPStest
                0x20003400       0x18 ./src/Demos/GomEPSdemo.o
                0x20003400                GomEPStest
 .text.resetAntSTest
                0x20003418       0x9c ./src/Demos/IsisAntSdemo.o
 .text.printDeploymentStatus
                0x200034b4       0x60 ./src/Demos/IsisAntSdemo.o
 .text.getStatusAntSTest
                0x20003514      0x178 ./src/Demos/IsisAntSdemo.o
 .text.tempAntSTest
                0x2000368c      0x1a4 ./src/Demos/IsisAntSdemo.o
 .text.uptimeAntSTest
                0x20003830       0xa4 ./src/Demos/IsisAntSdemo.o
 .text.telemAntSTest
                0x200038d4      0x1cc ./src/Demos/IsisAntSdemo.o
 .text.setARMStatus
                0x20003aa0      0x158 ./src/Demos/IsisAntSdemo.o
 .text.autoDeploymentAntSTest
                0x20003bf8      0x140 ./src/Demos/IsisAntSdemo.o
 .text.manualDeploymentAntSTest
                0x20003d38      0x18c ./src/Demos/IsisAntSdemo.o
 .text.selectAndExecuteAntSDemoTest
                0x20003ec4      0x2c4 ./src/Demos/IsisAntSdemo.o
                0x20003ec4                selectAndExecuteAntSDemoTest
 .text.initmain
                0x20004188       0x7c ./src/Demos/IsisAntSdemo.o
 .text.Ants_mainDemo
                0x20004204       0x40 ./src/Demos/IsisAntSdemo.o
 .text.AntStest
                0x20004244       0x1c ./src/Demos/IsisAntSdemo.o
                0x20004244                AntStest
 .text.getTemperature
                0x20004260       0x60 ./src/Demos/IsisMTQv1demo.o
 .text.selectAndExecuteMtqDemoTest
                0x200042c0       0xa8 ./src/Demos/IsisMTQv1demo.o
 .text.initmain
                0x20004368       0x38 ./src/Demos/IsisMTQv1demo.o
 .text.Mtqv1_mainDemo
                0x200043a0       0x3c ./src/Demos/IsisMTQv1demo.o
 .text.MTQv1test
                0x200043dc       0x1c ./src/Demos/IsisMTQv1demo.o
                0x200043dc                MTQv1test
 .text._parse_resp
                0x200043f8      0x23c ./src/Demos/IsisMTQv2demo.o
 .text._parse_selftest_step
                0x20004634      0x530 ./src/Demos/IsisMTQv2demo.o
 .text._get_axis_inputs
                0x20004b64      0x2c4 ./src/Demos/IsisMTQv2demo.o
 .text._softReset
                0x20004e28       0xd4 ./src/Demos/IsisMTQv2demo.o
 .text._noOperation
                0x20004efc       0xc8 ./src/Demos/IsisMTQv2demo.o
 .text._cancelOperation
                0x20004fc4       0xbc ./src/Demos/IsisMTQv2demo.o
 .text._startMTMMeasurement
                0x20005080       0xdc ./src/Demos/IsisMTQv2demo.o
 .text._startMTQActuationCurrent
                0x2000515c      0x10c ./src/Demos/IsisMTQv2demo.o
 .text._startMTQActuationDipole
                0x20005268      0x128 ./src/Demos/IsisMTQv2demo.o
 .text._startMTQActuationPWM
                0x20005390      0x10c ./src/Demos/IsisMTQv2demo.o
 .text._startSelfTest
                0x2000549c      0x208 ./src/Demos/IsisMTQv2demo.o
 .text._startDetumble
                0x200056a4      0x180 ./src/Demos/IsisMTQv2demo.o
 .text._getSystemState
                0x20005824      0x204 ./src/Demos/IsisMTQv2demo.o
 .text._getRawMTMData
                0x20005a28      0x130 ./src/Demos/IsisMTQv2demo.o
 .text._getCalMTMData
                0x20005b58      0x130 ./src/Demos/IsisMTQv2demo.o
 .text._getCoilCurrent
                0x20005c88      0x120 ./src/Demos/IsisMTQv2demo.o
 .text._getCoilTemperature
                0x20005da8      0x120 ./src/Demos/IsisMTQv2demo.o
 .text._getCmdActuationDipole
                0x20005ec8      0x12c ./src/Demos/IsisMTQv2demo.o
 .text._getSelftestDataSingleAxis
                0x20005ff4      0x148 ./src/Demos/IsisMTQv2demo.o
 .text._getSelftestDataAllAxis
                0x2000613c      0x1e0 ./src/Demos/IsisMTQv2demo.o
 .text._getDetumbleData
                0x2000631c      0x220 ./src/Demos/IsisMTQv2demo.o
 .text._getRawHKData
                0x2000653c      0x1f8 ./src/Demos/IsisMTQv2demo.o
 .text._getEngHKData
                0x20006734      0x228 ./src/Demos/IsisMTQv2demo.o
 .text._getParameter
                0x2000695c      0x140 ./src/Demos/IsisMTQv2demo.o
 .text._setParameter
                0x20006a9c      0x290 ./src/Demos/IsisMTQv2demo.o
 .text._resetParameter
                0x20006d2c      0x14c ./src/Demos/IsisMTQv2demo.o
 .text._selectAndExecuteDemoTest
                0x20006e78      0x540 ./src/Demos/IsisMTQv2demo.o
 .text.IsisMTQv2demoInit
                0x200073b8       0x68 ./src/Demos/IsisMTQv2demo.o
                0x200073b8                IsisMTQv2demoInit
 .text.IsisMTQv2demoLoop
                0x20007420       0x3c ./src/Demos/IsisMTQv2demo.o
                0x20007420                IsisMTQv2demoLoop
 .text.IsisMTQv2demoMain
                0x2000745c       0x30 ./src/Demos/IsisMTQv2demo.o
                0x2000745c                IsisMTQv2demoMain
 .text.IsisMTQv2test
                0x2000748c       0x18 ./src/Demos/IsisMTQv2demo.o
                0x2000748c                IsisMTQv2test
 .text.SolarPanel_Temperature
                0x200074a4      0x260 ./src/Demos/IsisSPdemo.o
 .text.selectAndExecuteSolarPanelsDemoTest
                0x20007704       0xa8 ./src/Demos/IsisSPdemo.o
 .text.SolarPaneltest
                0x200077ac       0x44 ./src/Demos/IsisSPdemo.o
                0x200077ac                SolarPaneltest
 .text.SolarPanelv2_Temperature
                0x200077f0       0xfc ./src/Demos/IsisSPv2demo.o
                0x200077f0                SolarPanelv2_Temperature
 .text.selectAndExecuteSolarPanelsv2DemoTest
                0x200078ec       0xa8 ./src/Demos/IsisSPv2demo.o
                0x200078ec                selectAndExecuteSolarPanelsv2DemoTest
 .text.SolarPanelsv2_mainDemo
                0x20007994       0x3c ./src/Demos/IsisSPv2demo.o
                0x20007994                SolarPanelsv2_mainDemo
 .text.SolarPanelv2test
                0x200079d0       0x74 ./src/Demos/IsisSPv2demo.o
                0x200079d0                SolarPanelv2test
 .text.resetUVTest
                0x20007a44       0x28 ./src/Demos/IsisTRXUVdemo.o
 .text.itc_sendDefClSignTest
                0x20007a6c       0xf4 ./src/Demos/IsisTRXUVdemo.o
 .text.itc_sendMsgCWTest
                0x20007b60       0xf4 ./src/Demos/IsisTRXUVdemo.o
 .text.itc_toggleIdleStateTest
                0x20007c54       0x74 ./src/Demos/IsisTRXUVdemo.o
 .text.itc_setTxBitrate9600Test
                0x20007cc8       0x2c ./src/Demos/IsisTRXUVdemo.o
 .text.itc_setTxBitrate1200Test
                0x20007cf4       0x2c ./src/Demos/IsisTRXUVdemo.o
 .text.imc_getFrameCountTest
                0x20007d20       0x80 ./src/Demos/IsisTRXUVdemo.o
 .text.imc_getFrameCmdTest
                0x20007da0      0x178 ./src/Demos/IsisTRXUVdemo.o
 .text.imc_getFrameCmdAndTxTest
                0x20007f18      0x1ec ./src/Demos/IsisTRXUVdemo.o
 .text.imc_getAllTelemTest
                0x20008104      0x724 ./src/Demos/IsisTRXUVdemo.o
 .text.selectAndExecuteTRXUVDemoTest
                0x20008828      0x1a8 ./src/Demos/IsisTRXUVdemo.o
 .text.initmain
                0x200089d0       0x70 ./src/Demos/IsisTRXUVdemo.o
 .text.TRXUV_mainDemo
                0x20008a40       0x3c ./src/Demos/IsisTRXUVdemo.o
 .text.TRXUVtest
                0x20008a7c       0x38 ./src/Demos/IsisTRXUVdemo.o
                0x20008a7c                TRXUVtest
 .text.softResetVUTest
                0x20008ab4       0x58 ./src/Demos/IsisTRXVUdemo.o
 .text.hardResetVUTest
                0x20008b0c       0x58 ./src/Demos/IsisTRXVUdemo.o
 .text.vutc_sendDefClSignTest
                0x20008b64       0xf4 ./src/Demos/IsisTRXVUdemo.o
 .text.vutc_toggleIdleStateTest
                0x20008c58       0x74 ./src/Demos/IsisTRXVUdemo.o
 .text.vutc_setTxBitrate9600Test
                0x20008ccc       0x2c ./src/Demos/IsisTRXVUdemo.o
 .text.vutc_setTxBitrate1200Test
                0x20008cf8       0x2c ./src/Demos/IsisTRXVUdemo.o
 .text.vurc_getFrameCountTest
                0x20008d24       0x80 ./src/Demos/IsisTRXVUdemo.o
 .text.vurc_getFrameCmdTest
                0x20008da4      0x2a0 ./src/Demos/IsisTRXVUdemo.o
 .text.vurc_getFrameCmdAndTxTest
                0x20009044      0x2e0 ./src/Demos/IsisTRXVUdemo.o
 .text.vurc_revDInterruptCallback
                0x20009324       0x50 ./src/Demos/IsisTRXVUdemo.o
 .text.vurc_getFrameCmdInterruptTest
                0x20009374      0x3f0 ./src/Demos/IsisTRXVUdemo.o
 .text.vurc_getRxTelemTest_revC
                0x20009764      0x3c8 ./src/Demos/IsisTRXVUdemo.o
 .text.vurc_getRxTelemTest_revD
                0x20009b2c      0x524 ./src/Demos/IsisTRXVUdemo.o
 .text.vutc_getTxTelemTest_revC
                0x2000a050      0x390 ./src/Demos/IsisTRXVUdemo.o
 .text.vutc_getTxTelemTest_revD
                0x2000a3e0      0x4ec ./src/Demos/IsisTRXVUdemo.o
 .text.selectAndExecuteTRXVUDemoTest
                0x2000a8cc      0x218 ./src/Demos/IsisTRXVUdemo.o
 .text._WatchDogKickTask
                0x2000aae4       0x44 ./src/Demos/IsisTRXVUdemo.o
 .text.IsisTRXVUdemoInit
                0x2000ab28       0xd8 ./src/Demos/IsisTRXVUdemo.o
                0x2000ab28                IsisTRXVUdemoInit
 .text.IsisTRXVUdemoLoop
                0x2000ac00       0x3c ./src/Demos/IsisTRXVUdemo.o
                0x2000ac00                IsisTRXVUdemoLoop
 .text.IsisTRXVUdemoMain
                0x2000ac3c       0x30 ./src/Demos/IsisTRXVUdemo.o
                0x2000ac3c                IsisTRXVUdemoMain
 .text.TRXVUtest
                0x2000ac6c       0x18 ./src/Demos/IsisTRXVUdemo.o
                0x2000ac6c                TRXVUtest
 .text.softResetTxsTest
                0x2000ac84       0x34 ./src/Demos/IsisTxSdemo.o
 .text.halfMaxBitrateTxsTest
                0x2000acb8       0x38 ./src/Demos/IsisTxSdemo.o
 .text.MaxBitrateTxsTest
                0x2000acf0       0x38 ./src/Demos/IsisTxSdemo.o
 .text.level4_5dBTxsTest
                0x2000ad28       0x38 ./src/Demos/IsisTxSdemo.o
 .text.level13_5dBTxsTest
                0x2000ad60       0x38 ./src/Demos/IsisTxSdemo.o
 .text.toggleTxsStateTest
                0x2000ad98       0x74 ./src/Demos/IsisTxSdemo.o
 .text.addDefaultCallsignFrames
                0x2000ae0c      0x108 ./src/Demos/IsisTxSdemo.o
 .text.getAllTelemTxSTest
                0x2000af14      0x574 ./src/Demos/IsisTxSdemo.o
 .text.selectAndExecuteTxSDemoTest
                0x2000b488      0x170 ./src/Demos/IsisTxSdemo.o
 .text.IsisTxSdemoInit
                0x2000b5f8       0x78 ./src/Demos/IsisTxSdemo.o
                0x2000b5f8                IsisTxSdemoInit
 .text.IsisTxSdemoLoop
                0x2000b670       0x3c ./src/Demos/IsisTxSdemo.o
                0x2000b670                IsisTxSdemoLoop
 .text.IsisTxSdemoMain
                0x2000b6ac       0x30 ./src/Demos/IsisTxSdemo.o
                0x2000b6ac                IsisTxSdemoMain
 .text.TxStest  0x2000b6dc       0x18 ./src/Demos/IsisTxSdemo.o
                0x2000b6dc                TxStest
 .text.sendCommand
                0x2000b6f4       0x9c ./src/Demos/ScsGeckoDemo.o
                0x2000b6f4                sendCommand
 .text.print_res
                0x2000b790       0x84 ./src/Demos/ScsGeckoDemo.o
                0x2000b790                print_res
 .text.dolevTest
                0x2000b814       0xfc ./src/Demos/ScsGeckoDemo.o
 .text.selectAndExecuteGeckoDemoTest
                0x2000b910      0x47c ./src/Demos/ScsGeckoDemo.o
                0x2000b910                selectAndExecuteGeckoDemoTest
 .text.ScsGeckoDemoLoop
                0x2000bd8c       0x3c ./src/Demos/ScsGeckoDemo.o
                0x2000bd8c                ScsGeckoDemoLoop
 .text.ScsGeckoDemoMain
                0x2000bdc8       0x18 ./src/Demos/ScsGeckoDemo.o
                0x2000bdc8                ScsGeckoDemoMain
 .text.GeckoTest
                0x2000bde0       0x18 ./src/Demos/ScsGeckoDemo.o
                0x2000bde0                GeckoTest
 .text.ing_interact
                0x2000bdf8      0x450 ./src/Demos/common.o
                0x2000bdf8                ing_interact
 .text.ing_parse
                0x2000c248      0x8f4 ./src/Demos/common.o
                0x2000c248                ing_parse
 .text.ing      0x2000cb3c       0xa4 ./src/Demos/common.o
                0x2000cb3c                ing
 .text.config_param_info
                0x2000cbe0      0xb00 ./src/Demos/common.o
                0x2000cbe0                config_param_info
 .text.print_error
                0x2000d6e0       0x34 ./src/Demos/common.o
                0x2000d6e0                print_error
 .text.cspaceADCS_ADCSRunModeTest
                0x2000d714       0x5c ./src/Demos/cspaceADCSdemo.o
 .text.cspaceADCS_ADCSGenInfo
                0x2000d770       0xa4 ./src/Demos/cspaceADCSdemo.o
 .text.cspaceADCS_ADCSCommStatusTest
                0x2000d814      0x114 ./src/Demos/cspaceADCSdemo.o
 .text.cspaceADCS_ADCSPowCtrlCmdTest
                0x2000d928      0x328 ./src/Demos/cspaceADCSdemo.o
 .text.cspaceADCS_setGetTimeTest
                0x2000dc50       0x7c ./src/Demos/cspaceADCSdemo.o
 .text.cspaceADCS_setResetTest
                0x2000dccc       0x1c ./src/Demos/cspaceADCSdemo.o
 .text.cspaceADCS_setGetWheelspeedTlmTest
                0x2000dce8      0x154 ./src/Demos/cspaceADCSdemo.o
 .text.cspaceADCS_setMTQTest
                0x2000de3c       0xf8 ./src/Demos/cspaceADCSdemo.o
 .text.cspaceADCS_getMTQTest
                0x2000df34       0x80 ./src/Demos/cspaceADCSdemo.o
 .text.cspaceADCS_getMTMtest
                0x2000dfb4      0x124 ./src/Demos/cspaceADCSdemo.o
 .text.cspaceADCS_getCurrState
                0x2000e0d8      0x188 ./src/Demos/cspaceADCSdemo.o
 .text.cspaceADCS_ADCSPowCtrlAllOffTest
                0x2000e260      0x1b0 ./src/Demos/cspaceADCSdemo.o
 .text.cspaceADCS_ADCSPowTempTlm
                0x2000e410      0x3c0 ./src/Demos/cspaceADCSdemo.o
 .text.cspaceADCS_getGeneralTelemetry
                0x2000e7d0      0x520 ./src/Demos/cspaceADCSdemo.o
 .text.cspaceADCS_getRawGeneralTlmSeveralCmd
                0x2000ecf0      0x244 ./src/Demos/cspaceADCSdemo.o
 .text.cspaceADCS_getCurrentMeasurements
                0x2000ef34      0x1ec ./src/Demos/cspaceADCSdemo.o
 .text.cspaceADCS_getADCActuators
                0x2000f120       0xd4 ./src/Demos/cspaceADCSdemo.o
 .text.cspaceADCS_getGPSStatusTime
                0x2000f1f4      0x1e0 ./src/Demos/cspaceADCSdemo.o
 .text.cspaceADCS_getGPSRawData
                0x2000f3d4       0xd4 ./src/Demos/cspaceADCSdemo.o
 .text.cspaceADCS_getGPSRawMeasurements
                0x2000f4a8      0x2d8 ./src/Demos/cspaceADCSdemo.o
 .text.cspaceADCS_getADCGroup1
                0x2000f780      0x1f8 ./src/Demos/cspaceADCSdemo.o
 .text.selectAndExecute_cspaceADCSDemoTest
                0x2000f978      0x384 ./src/Demos/cspaceADCSdemo.o
 .text.cspaceADCSdemoInit
                0x2000fcfc       0x68 ./src/Demos/cspaceADCSdemo.o
                0x2000fcfc                cspaceADCSdemoInit
 .text.cspaceADCSdemoLoop
                0x2000fd64       0x3c ./src/Demos/cspaceADCSdemo.o
                0x2000fd64                cspaceADCSdemoLoop
 .text.cspaceADCSdemoMain
                0x2000fda0       0x30 ./src/Demos/cspaceADCSdemo.o
                0x2000fda0                cspaceADCSdemoMain
 .text.cspaceADCStest
                0x2000fdd0       0x18 ./src/Demos/cspaceADCSdemo.o
                0x2000fdd0                cspaceADCStest
 .text.INPUT_GetINT8
                0x2000fde8       0xfc ./src/Demos/input.o
                0x2000fde8                INPUT_GetINT8
 .text._GetInput
                0x2000fee4      0x108 ./src/Demos/input.o
 .text._print_eps_respone
                0x2000ffec       0xc4 ./src/Demos/isis_eps_demo.o
 .text._reset__tmtc
                0x200100b0       0x7c ./src/Demos/isis_eps_demo.o
 .text._cancel__tm
                0x2001012c       0x84 ./src/Demos/isis_eps_demo.o
 .text._watchdog__tm
                0x200101b0       0x84 ./src/Demos/isis_eps_demo.o
 .text._outputbuschannelon__tmtc
                0x20010234       0xa4 ./src/Demos/isis_eps_demo.o
 .text._outputbuschanneloff__tmtc
                0x200102d8       0xa4 ./src/Demos/isis_eps_demo.o
 .text._switchtonominal__tm
                0x2001037c       0x84 ./src/Demos/isis_eps_demo.o
 .text._switchtosafety__tm
                0x20010400       0x78 ./src/Demos/isis_eps_demo.o
 .text._getsystemstatus__tm
                0x20010478      0x22c ./src/Demos/isis_eps_demo.o
 .text._gethousekeepingraw__tm
                0x200106a4      0x5ec ./src/Demos/isis_eps_demo.o
 .text._gethousekeepingeng__tm
                0x20010c90      0x620 ./src/Demos/isis_eps_demo.o
 .text.selectAndExecuteIsis_EpsDemoTest
                0x200112b0      0x1a8 ./src/Demos/isis_eps_demo.o
 .text.isis_eps__demo__init
                0x20011458       0xc0 ./src/Demos/isis_eps_demo.o
                0x20011458                isis_eps__demo__init
 .text.isis_eps__demo__loop
                0x20011518       0x48 ./src/Demos/isis_eps_demo.o
                0x20011518                isis_eps__demo__loop
 .text.isis_eps__demo__main
                0x20011560       0x30 ./src/Demos/isis_eps_demo.o
                0x20011560                isis_eps__demo__main
 .text.isis_eps__test
                0x20011590       0x18 ./src/Demos/isis_eps_demo.o
                0x20011590                isis_eps__test
 .text.TRXVU_FR_Enable
                0x200115a8       0x64 ./src/Demos/trxvu_frame_ready.o
                0x200115a8                TRXVU_FR_Enable
 .text.TRXVU_FR_Disable
                0x2001160c       0x18 ./src/Demos/trxvu_frame_ready.o
                0x2001160c                TRXVU_FR_Disable
 .text.TRXVU_FR_IsReady
                0x20011624       0x20 ./src/Demos/trxvu_frame_ready.o
                0x20011624                TRXVU_FR_IsReady
 .text._Handler
                0x20011644       0x3c ./src/Demos/trxvu_frame_ready.o
 .text.selectAndExecuteTest
                0x20011680      0x248 ./src/main.o
                0x20011680                selectAndExecuteTest
 .text.taskMain
                0x200118c8       0x5c ./src/main.o
                0x200118c8                taskMain
 .text.main     0x20011924      0x1cc ./src/main.o
                0x20011924                main
 .text.GomEpsInitialize
                0x20011af0      0x148 C:/ISIS/workspace/ycube/satellite-subsystems/demo/..//satellite-subsystems/lib\libSatelliteSubsystemsD.a(GomEPS.o)
                0x20011af0                GomEpsInitialize
 .text.makeEPStransfer
                0x20011c38       0x3c C:/ISIS/workspace/ycube/satellite-subsystems/demo/..//satellite-subsystems/lib\libSatelliteSubsystemsD.a(GomEPS.o)
 .text.GomEpsSoftReset
                0x20011c74       0xc4 C:/ISIS/workspace/ycube/satellite-subsystems/demo/..//satellite-subsystems/lib\libSatelliteSubsystemsD.a(GomEPS.o)
                0x20011c74                GomEpsSoftReset
 .text.GomEpsHardReset
                0x20011d38       0xa8 C:/ISIS/workspace/ycube/satellite-subsystems/demo/..//satellite-subsystems/lib\libSatelliteSubsystemsD.a(GomEPS.o)
                0x20011d38                GomEpsHardReset
 .text.GomEpsGetHkData_param
                0x20011de0      0x29c C:/ISIS/workspace/ycube/satellite-subsystems/demo/..//satellite-subsystems/lib\libSatelliteSubsystemsD.a(GomEPS.o)
                0x20011de0                GomEpsGetHkData_param
 .text.GomEpsGetHkData_general
                0x2001207c      0x45c C:/ISIS/workspace/ycube/satellite-subsystems/demo/..//satellite-subsystems/lib\libSatelliteSubsystemsD.a(GomEPS.o)
                0x2001207c                GomEpsGetHkData_general
 .text.GomEpsGetHkData_vi
                0x200124d8      0x188 C:/ISIS/workspace/ycube/satellite-subsystems/demo/..//satellite-subsystems/lib\libSatelliteSubsystemsD.a(GomEPS.o)
                0x200124d8                GomEpsGetHkData_vi
 .text.GomEpsGetHkData_out
                0x20012660      0x21c C:/ISIS/workspace/ycube/satellite-subsystems/demo/..//satellite-subsystems/lib\libSatelliteSubsystemsD.a(GomEPS.o)
                0x20012660                GomEpsGetHkData_out
 .text.GomEpsGetHkData_wdt
                0x2001287c      0x2b4 C:/ISIS/workspace/ycube/satellite-subsystems/demo/..//satellite-subsystems/lib\libSatelliteSubsystemsD.a(GomEPS.o)
                0x2001287c                GomEpsGetHkData_wdt
 .text.GomEpsGetHkData_basic
                0x20012b30      0x22c C:/ISIS/workspace/ycube/satellite-subsystems/demo/..//satellite-subsystems/lib\libSatelliteSubsystemsD.a(GomEPS.o)
                0x20012b30                GomEpsGetHkData_basic
 .text.GomEpsSetOutput
                0x20012d5c       0xbc C:/ISIS/workspace/ycube/satellite-subsystems/demo/..//satellite-subsystems/lib\libSatelliteSubsystemsD.a(GomEPS.o)
                0x20012d5c                GomEpsSetOutput
 .text.GomEpsSetSingleOutput
                0x20012e18       0xe4 C:/ISIS/workspace/ycube/satellite-subsystems/demo/..//satellite-subsystems/lib\libSatelliteSubsystemsD.a(GomEPS.o)
                0x20012e18                GomEpsSetSingleOutput
 .text.makeAntStransfer
                0x20012efc       0x4c C:/ISIS/workspace/ycube/satellite-subsystems/demo/..//satellite-subsystems/lib\libSatelliteSubsystemsD.a(IsisAntS.o)
 .text.checkInputsValid
                0x20012f48       0x7c C:/ISIS/workspace/ycube/satellite-subsystems/demo/..//satellite-subsystems/lib\libSatelliteSubsystemsD.a(IsisAntS.o)
 .text.IsisAntS_initialize
                0x20012fc4      0x26c C:/ISIS/workspace/ycube/satellite-subsystems/demo/..//satellite-subsystems/lib\libSatelliteSubsystemsD.a(IsisAntS.o)
                0x20012fc4                IsisAntS_initialize
 .text.IsisAntS_setArmStatus
                0x20013230      0x104 C:/ISIS/workspace/ycube/satellite-subsystems/demo/..//satellite-subsystems/lib\libSatelliteSubsystemsD.a(IsisAntS.o)
                0x20013230                IsisAntS_setArmStatus
 .text.IsisAntS_attemptDeployment
                0x20013334      0x168 C:/ISIS/workspace/ycube/satellite-subsystems/demo/..//satellite-subsystems/lib\libSatelliteSubsystemsD.a(IsisAntS.o)
                0x20013334                IsisAntS_attemptDeployment
 .text.IsisAntS_getStatusData
                0x2001349c      0x120 C:/ISIS/workspace/ycube/satellite-subsystems/demo/..//satellite-subsystems/lib\libSatelliteSubsystemsD.a(IsisAntS.o)
                0x2001349c                IsisAntS_getStatusData
 .text.IsisAntS_getTemperature
                0x200135bc      0x120 C:/ISIS/workspace/ycube/satellite-subsystems/demo/..//satellite-subsystems/lib\libSatelliteSubsystemsD.a(IsisAntS.o)
                0x200135bc                IsisAntS_getTemperature
 .text.IsisAntS_getUptime
                0x200136dc      0x120 C:/ISIS/workspace/ycube/satellite-subsystems/demo/..//satellite-subsystems/lib\libSatelliteSubsystemsD.a(IsisAntS.o)
                0x200136dc                IsisAntS_getUptime
 .text.IsisAntS_getAlltelemetry
                0x200137fc      0x120 C:/ISIS/workspace/ycube/satellite-subsystems/demo/..//satellite-subsystems/lib\libSatelliteSubsystemsD.a(IsisAntS.o)
                0x200137fc                IsisAntS_getAlltelemetry
 .text.IsisAntS_reset
                0x2001391c      0x104 C:/ISIS/workspace/ycube/satellite-subsystems/demo/..//satellite-subsystems/lib\libSatelliteSubsystemsD.a(IsisAntS.o)
                0x2001391c                IsisAntS_reset
 .text.IsisAntS_autoDeployment
                0x20013a20      0x114 C:/ISIS/workspace/ycube/satellite-subsystems/demo/..//satellite-subsystems/lib\libSatelliteSubsystemsD.a(IsisAntS.o)
                0x20013a20                IsisAntS_autoDeployment
 .text.isisMTQv1_initialize
                0x20013b34      0x18c C:/ISIS/workspace/ycube/satellite-subsystems/demo/..//satellite-subsystems/lib\libSatelliteSubsystemsD.a(IsisMTQv1.o)
                0x20013b34                isisMTQv1_initialize
 .text.make_isisMTQtransfer
                0x20013cc0       0x3c C:/ISIS/workspace/ycube/satellite-subsystems/demo/..//satellite-subsystems/lib\libSatelliteSubsystemsD.a(IsisMTQv1.o)
 .text.IsisMTQv1GetTemperature
                0x20013cfc       0xac C:/ISIS/workspace/ycube/satellite-subsystems/demo/..//satellite-subsystems/lib\libSatelliteSubsystemsD.a(IsisMTQv1.o)
                0x20013cfc                IsisMTQv1GetTemperature
 .text.IsisMTQv2_initialize
                0x20013da8      0x18c C:/ISIS/workspace/ycube/satellite-subsystems/demo/..//satellite-subsystems/lib\libSatelliteSubsystemsD.a(IsisMTQv2.o)
                0x20013da8                IsisMTQv2_initialize
 .text._make_isisMTQtransfer
                0x20013f34       0x3c C:/ISIS/workspace/ycube/satellite-subsystems/demo/..//satellite-subsystems/lib\libSatelliteSubsystemsD.a(IsisMTQv2.o)
 .text.IsisMTQv2_softReset
                0x20013f70       0xc8 C:/ISIS/workspace/ycube/satellite-subsystems/demo/..//satellite-subsystems/lib\libSatelliteSubsystemsD.a(IsisMTQv2.o)
                0x20013f70                IsisMTQv2_softReset
 .text.IsisMTQv2_noOperation
                0x20014038       0xac C:/ISIS/workspace/ycube/satellite-subsystems/demo/..//satellite-subsystems/lib\libSatelliteSubsystemsD.a(IsisMTQv2.o)
                0x20014038                IsisMTQv2_noOperation
 .text.IsisMTQv2_cancelOperation
                0x200140e4       0xac C:/ISIS/workspace/ycube/satellite-subsystems/demo/..//satellite-subsystems/lib\libSatelliteSubsystemsD.a(IsisMTQv2.o)
                0x200140e4                IsisMTQv2_cancelOperation
 .text.IsisMTQv2_startMTMMeasurement
                0x20014190       0xac C:/ISIS/workspace/ycube/satellite-subsystems/demo/..//satellite-subsystems/lib\libSatelliteSubsystemsD.a(IsisMTQv2.o)
                0x20014190                IsisMTQv2_startMTMMeasurement
 .text.IsisMTQv2_startMTQActuationCurrent
                0x2001423c       0xdc C:/ISIS/workspace/ycube/satellite-subsystems/demo/..//satellite-subsystems/lib\libSatelliteSubsystemsD.a(IsisMTQv2.o)
                0x2001423c                IsisMTQv2_startMTQActuationCurrent
 .text.IsisMTQv2_startMTQActuationDipole
                0x20014318       0xdc C:/ISIS/workspace/ycube/satellite-subsystems/demo/..//satellite-subsystems/lib\libSatelliteSubsystemsD.a(IsisMTQv2.o)
                0x20014318                IsisMTQv2_startMTQActuationDipole
 .text.IsisMTQv2_startMTQActuationPWM
                0x200143f4       0xdc C:/ISIS/workspace/ycube/satellite-subsystems/demo/..//satellite-subsystems/lib\libSatelliteSubsystemsD.a(IsisMTQv2.o)
                0x200143f4                IsisMTQv2_startMTQActuationPWM
 .text.IsisMTQv2_startSelfTest
                0x200144d0       0xbc C:/ISIS/workspace/ycube/satellite-subsystems/demo/..//satellite-subsystems/lib\libSatelliteSubsystemsD.a(IsisMTQv2.o)
                0x200144d0                IsisMTQv2_startSelfTest
 .text.IsisMTQv2_startDetumble
                0x2001458c       0xd4 C:/ISIS/workspace/ycube/satellite-subsystems/demo/..//satellite-subsystems/lib\libSatelliteSubsystemsD.a(IsisMTQv2.o)
                0x2001458c                IsisMTQv2_startDetumble
 .text.IsisMTQv2_getSystemState
                0x20014660      0x118 C:/ISIS/workspace/ycube/satellite-subsystems/demo/..//satellite-subsystems/lib\libSatelliteSubsystemsD.a(IsisMTQv2.o)
                0x20014660                IsisMTQv2_getSystemState
 .text.IsisMTQv2_getRawMTMData
                0x20014778      0x130 C:/ISIS/workspace/ycube/satellite-subsystems/demo/..//satellite-subsystems/lib\libSatelliteSubsystemsD.a(IsisMTQv2.o)
                0x20014778                IsisMTQv2_getRawMTMData
 .text.IsisMTQv2_getCalMTMData
                0x200148a8      0x130 C:/ISIS/workspace/ycube/satellite-subsystems/demo/..//satellite-subsystems/lib\libSatelliteSubsystemsD.a(IsisMTQv2.o)
                0x200148a8                IsisMTQv2_getCalMTMData
 .text.IsisMTQv2_getCoilCurrent
                0x200149d8      0x100 C:/ISIS/workspace/ycube/satellite-subsystems/demo/..//satellite-subsystems/lib\libSatelliteSubsystemsD.a(IsisMTQv2.o)
                0x200149d8                IsisMTQv2_getCoilCurrent
 .text.IsisMTQv2_getCoilTemperature
                0x20014ad8      0x100 C:/ISIS/workspace/ycube/satellite-subsystems/demo/..//satellite-subsystems/lib\libSatelliteSubsystemsD.a(IsisMTQv2.o)
                0x20014ad8                IsisMTQv2_getCoilTemperature
 .text.IsisMTQv2_getCmdActuationDipole
                0x20014bd8      0x100 C:/ISIS/workspace/ycube/satellite-subsystems/demo/..//satellite-subsystems/lib\libSatelliteSubsystemsD.a(IsisMTQv2.o)
                0x20014bd8                IsisMTQv2_getCmdActuationDipole
 .text.IsisMTQv2_getSelftestDataSingleAxis
                0x20014cd8      0x17c C:/ISIS/workspace/ycube/satellite-subsystems/demo/..//satellite-subsystems/lib\libSatelliteSubsystemsD.a(IsisMTQv2.o)
                0x20014cd8                IsisMTQv2_getSelftestDataSingleAxis
 .text.IsisMTQv2_getSelftestDataAllAxis
                0x20014e54      0x2cc C:/ISIS/workspace/ycube/satellite-subsystems/demo/..//satellite-subsystems/lib\libSatelliteSubsystemsD.a(IsisMTQv2.o)
                0x20014e54                IsisMTQv2_getSelftestDataAllAxis
 .text.IsisMTQv2_getDetumbleData
                0x20015120      0x108 C:/ISIS/workspace/ycube/satellite-subsystems/demo/..//satellite-subsystems/lib\libSatelliteSubsystemsD.a(IsisMTQv2.o)
                0x20015120                IsisMTQv2_getDetumbleData
 .text.IsisMTQv2_getRawHKData
                0x20015228      0x13c C:/ISIS/workspace/ycube/satellite-subsystems/demo/..//satellite-subsystems/lib\libSatelliteSubsystemsD.a(IsisMTQv2.o)
                0x20015228                IsisMTQv2_getRawHKData
 .text.IsisMTQv2_getEngHKData
                0x20015364      0x13c C:/ISIS/workspace/ycube/satellite-subsystems/demo/..//satellite-subsystems/lib\libSatelliteSubsystemsD.a(IsisMTQv2.o)
                0x20015364                IsisMTQv2_getEngHKData
 .text.IsisMTQv2_getParSize
                0x200154a0      0x11c C:/ISIS/workspace/ycube/satellite-subsystems/demo/..//satellite-subsystems/lib\libSatelliteSubsystemsD.a(IsisMTQv2.o)
                0x200154a0                IsisMTQv2_getParSize
 .text.IsisMTQv2_getParameter
                0x200155bc      0x238 C:/ISIS/workspace/ycube/satellite-subsystems/demo/..//satellite-subsystems/lib\libSatelliteSubsystemsD.a(IsisMTQv2.o)
                0x200155bc                IsisMTQv2_getParameter
 .text.IsisMTQv2_setParameter
                0x200157f4      0x264 C:/ISIS/workspace/ycube/satellite-subsystems/demo/..//satellite-subsystems/lib\libSatelliteSubsystemsD.a(IsisMTQv2.o)
                0x200157f4                IsisMTQv2_setParameter
 .text.IsisMTQv2_resetParameter
                0x20015a58      0x238 C:/ISIS/workspace/ycube/satellite-subsystems/demo/..//satellite-subsystems/lib\libSatelliteSubsystemsD.a(IsisMTQv2.o)
                0x20015a58                IsisMTQv2_resetParameter
 .text.IsisSolarPanel_getTemperature
                0x20015c90       0xbc C:/ISIS/workspace/ycube/satellite-subsystems/demo/..//satellite-subsystems/lib\libSatelliteSubsystemsD.a(IsisSolarPanel.o)
                0x20015c90                IsisSolarPanel_getTemperature
 .text.IsisSolarPanelv2_initialize
                0x20015d4c       0xb4 C:/ISIS/workspace/ycube/satellite-subsystems/demo/..//satellite-subsystems/lib\libSatelliteSubsystemsD.a(IsisSolarPanelv2.o)
                0x20015d4c                IsisSolarPanelv2_initialize
 .text.IsisSolarPanelv2_getTemperature
                0x20015e00       0xc8 C:/ISIS/workspace/ycube/satellite-subsystems/demo/..//satellite-subsystems/lib\libSatelliteSubsystemsD.a(IsisSolarPanelv2.o)
                0x20015e00                IsisSolarPanelv2_getTemperature
 .text.IsisSolarPanelv2_sleep
                0x20015ec8       0xbc C:/ISIS/workspace/ycube/satellite-subsystems/demo/..//satellite-subsystems/lib\libSatelliteSubsystemsD.a(IsisSolarPanelv2.o)
                0x20015ec8                IsisSolarPanelv2_sleep
 .text.IsisSolarPanelv2_wakeup
                0x20015f84       0x80 C:/ISIS/workspace/ycube/satellite-subsystems/demo/..//satellite-subsystems/lib\libSatelliteSubsystemsD.a(IsisSolarPanelv2.o)
                0x20015f84                IsisSolarPanelv2_wakeup
 .text._Reset   0x20016004       0x20 C:/ISIS/workspace/ycube/satellite-subsystems/demo/..//satellite-subsystems/lib\libSatelliteSubsystemsD.a(IsisSolarPanelv2.o)
 .text._WaitForStartup
                0x20016024       0x90 C:/ISIS/workspace/ycube/satellite-subsystems/demo/..//satellite-subsystems/lib\libSatelliteSubsystemsD.a(IsisSolarPanelv2.o)
 .text._AssignAllChannels
                0x200160b4       0x90 C:/ISIS/workspace/ycube/satellite-subsystems/demo/..//satellite-subsystems/lib\libSatelliteSubsystemsD.a(IsisSolarPanelv2.o)
 .text._AssignThisChannel
                0x20016144       0xe8 C:/ISIS/workspace/ycube/satellite-subsystems/demo/..//satellite-subsystems/lib\libSatelliteSubsystemsD.a(IsisSolarPanelv2.o)
 .text._InitiateConversion
                0x2001622c       0xac C:/ISIS/workspace/ycube/satellite-subsystems/demo/..//satellite-subsystems/lib\libSatelliteSubsystemsD.a(IsisSolarPanelv2.o)
 .text._WaitForConversionComplete
                0x200162d8      0x100 C:/ISIS/workspace/ycube/satellite-subsystems/demo/..//satellite-subsystems/lib\libSatelliteSubsystemsD.a(IsisSolarPanelv2.o)
 .text._ReadResult
                0x200163d8      0x158 C:/ISIS/workspace/ycube/satellite-subsystems/demo/..//satellite-subsystems/lib\libSatelliteSubsystemsD.a(IsisSolarPanelv2.o)
 .text._ExtractByte
                0x20016530       0x38 C:/ISIS/workspace/ycube/satellite-subsystems/demo/..//satellite-subsystems/lib\libSatelliteSubsystemsD.a(IsisSolarPanelv2.o)
 .text._ExtendSign
                0x20016568       0x6c C:/ISIS/workspace/ycube/satellite-subsystems/demo/..//satellite-subsystems/lib\libSatelliteSubsystemsD.a(IsisSolarPanelv2.o)
 .text._PinsInit
                0x200165d4       0x50 C:/ISIS/workspace/ycube/satellite-subsystems/demo/..//satellite-subsystems/lib\libSatelliteSubsystemsD.a(IsisSolarPanelv2.o)
 .text._SpiWriteRead
                0x20016624       0x70 C:/ISIS/workspace/ycube/satellite-subsystems/demo/..//satellite-subsystems/lib\libSatelliteSubsystemsD.a(IsisSolarPanelv2.o)
 .text.IsisTrxuv_initialize
                0x20016694      0x32c C:/ISIS/workspace/ycube/satellite-subsystems/demo/..//satellite-subsystems/lib\libSatelliteSubsystemsD.a(IsisTRXUV.o)
                0x20016694                IsisTrxuv_initialize
 .text.makeTRXUVtransfer
                0x200169c0       0x44 C:/ISIS/workspace/ycube/satellite-subsystems/demo/..//satellite-subsystems/lib\libSatelliteSubsystemsD.a(IsisTRXUV.o)
 .text.IsisTrxuv_componentReset
                0x20016a04       0x6c C:/ISIS/workspace/ycube/satellite-subsystems/demo/..//satellite-subsystems/lib\libSatelliteSubsystemsD.a(IsisTRXUV.o)
                0x20016a04                IsisTrxuv_componentReset
 .text.IsisTrxuv_reset
                0x20016a70       0x74 C:/ISIS/workspace/ycube/satellite-subsystems/demo/..//satellite-subsystems/lib\libSatelliteSubsystemsD.a(IsisTRXUV.o)
                0x20016a70                IsisTrxuv_reset
 .text.IsisTrxuv_itcSendAX25DefClSign
                0x20016ae4       0xec C:/ISIS/workspace/ycube/satellite-subsystems/demo/..//satellite-subsystems/lib\libSatelliteSubsystemsD.a(IsisTRXUV.o)
                0x20016ae4                IsisTrxuv_itcSendAX25DefClSign
 .text.IsisTrxuv_itcSendCwMessage
                0x20016bd0      0x190 C:/ISIS/workspace/ycube/satellite-subsystems/demo/..//satellite-subsystems/lib\libSatelliteSubsystemsD.a(IsisTRXUV.o)
                0x20016bd0                IsisTrxuv_itcSendCwMessage
 .text.IsisTrxuv_itcSetIdlestate
                0x20016d60       0xa4 C:/ISIS/workspace/ycube/satellite-subsystems/demo/..//satellite-subsystems/lib\libSatelliteSubsystemsD.a(IsisTRXUV.o)
                0x20016d60                IsisTrxuv_itcSetIdlestate
 .text.IsisTrxuv_itcSetAx25Bitrate
                0x20016e04       0xa4 C:/ISIS/workspace/ycube/satellite-subsystems/demo/..//satellite-subsystems/lib\libSatelliteSubsystemsD.a(IsisTRXUV.o)
                0x20016e04                IsisTrxuv_itcSetAx25Bitrate
 .text.IsisTrxuv_imcGetFrameCount
                0x20016ea8       0xa0 C:/ISIS/workspace/ycube/satellite-subsystems/demo/..//satellite-subsystems/lib\libSatelliteSubsystemsD.a(IsisTRXUV.o)
                0x20016ea8                IsisTrxuv_imcGetFrameCount
 .text.IsisTrxuv_imcGetCommandFrame
                0x20016f48      0x294 C:/ISIS/workspace/ycube/satellite-subsystems/demo/..//satellite-subsystems/lib\libSatelliteSubsystemsD.a(IsisTRXUV.o)
                0x20016f48                IsisTrxuv_imcGetCommandFrame
 .text.IsisTrxuv_imcGetTelemetryAll
                0x200171dc       0xf8 C:/ISIS/workspace/ycube/satellite-subsystems/demo/..//satellite-subsystems/lib\libSatelliteSubsystemsD.a(IsisTRXUV.o)
                0x200171dc                IsisTrxuv_imcGetTelemetryAll
 .text.IsisTrxvu_initialize
                0x200172d4      0x2f4 C:/ISIS/workspace/ycube/satellite-subsystems/demo/..//satellite-subsystems/lib\libSatelliteSubsystemsD.a(IsisTRXVU.o)
                0x200172d4                IsisTrxvu_initialize
 .text.makeTRXVUtransfer
                0x200175c8       0x44 C:/ISIS/workspace/ycube/satellite-subsystems/demo/..//satellite-subsystems/lib\libSatelliteSubsystemsD.a(IsisTRXVU.o)
 .text.IsisTrxvu_componentSoftReset
                0x2001760c       0x6c C:/ISIS/workspace/ycube/satellite-subsystems/demo/..//satellite-subsystems/lib\libSatelliteSubsystemsD.a(IsisTRXVU.o)
                0x2001760c                IsisTrxvu_componentSoftReset
 .text.IsisTrxvu_componentHardReset
                0x20017678       0xc8 C:/ISIS/workspace/ycube/satellite-subsystems/demo/..//satellite-subsystems/lib\libSatelliteSubsystemsD.a(IsisTRXVU.o)
                0x20017678                IsisTrxvu_componentHardReset
 .text.IsisTrxvu_tcSendAX25DefClSign
                0x20017740       0xec C:/ISIS/workspace/ycube/satellite-subsystems/demo/..//satellite-subsystems/lib\libSatelliteSubsystemsD.a(IsisTRXVU.o)
                0x20017740                IsisTrxvu_tcSendAX25DefClSign
 .text.IsisTrxvu_tcSetIdlestate
                0x2001782c       0xa4 C:/ISIS/workspace/ycube/satellite-subsystems/demo/..//satellite-subsystems/lib\libSatelliteSubsystemsD.a(IsisTRXVU.o)
                0x2001782c                IsisTrxvu_tcSetIdlestate
 .text.IsisTrxvu_tcSetAx25Bitrate
                0x200178d0       0xc4 C:/ISIS/workspace/ycube/satellite-subsystems/demo/..//satellite-subsystems/lib\libSatelliteSubsystemsD.a(IsisTRXVU.o)
                0x200178d0                IsisTrxvu_tcSetAx25Bitrate
 .text.IsisTrxvu_tcGetUptime
                0x20017994       0xa0 C:/ISIS/workspace/ycube/satellite-subsystems/demo/..//satellite-subsystems/lib\libSatelliteSubsystemsD.a(IsisTRXVU.o)
                0x20017994                IsisTrxvu_tcGetUptime
 .text.IsisTrxvu_tcGetTelemetryAll
                0x20017a34       0xd0 C:/ISIS/workspace/ycube/satellite-subsystems/demo/..//satellite-subsystems/lib\libSatelliteSubsystemsD.a(IsisTRXVU.o)
                0x20017a34                IsisTrxvu_tcGetTelemetryAll
 .text.IsisTrxvu_tcGetTelemetryAll_revC
                0x20017b04       0xd0 C:/ISIS/workspace/ycube/satellite-subsystems/demo/..//satellite-subsystems/lib\libSatelliteSubsystemsD.a(IsisTRXVU.o)
                0x20017b04                IsisTrxvu_tcGetTelemetryAll_revC
 .text.IsisTrxvu_rcGetFrameCount
                0x20017bd4       0xa0 C:/ISIS/workspace/ycube/satellite-subsystems/demo/..//satellite-subsystems/lib\libSatelliteSubsystemsD.a(IsisTRXVU.o)
                0x20017bd4                IsisTrxvu_rcGetFrameCount
 .text.IsisTrxvu_rcGetCommandFrame
                0x20017c74      0x2d8 C:/ISIS/workspace/ycube/satellite-subsystems/demo/..//satellite-subsystems/lib\libSatelliteSubsystemsD.a(IsisTRXVU.o)
                0x20017c74                IsisTrxvu_rcGetCommandFrame
 .text.IsisTrxvu_rcGetTelemetryAll
                0x20017f4c       0xd0 C:/ISIS/workspace/ycube/satellite-subsystems/demo/..//satellite-subsystems/lib\libSatelliteSubsystemsD.a(IsisTRXVU.o)
                0x20017f4c                IsisTrxvu_rcGetTelemetryAll
 .text.IsisTrxvu_rcGetTelemetryAll_revC
                0x2001801c       0xec C:/ISIS/workspace/ycube/satellite-subsystems/demo/..//satellite-subsystems/lib\libSatelliteSubsystemsD.a(IsisTRXVU.o)
                0x2001801c                IsisTrxvu_rcGetTelemetryAll_revC
 .text.IsisTxsInitialize
                0x20018108      0x15c C:/ISIS/workspace/ycube/satellite-subsystems/demo/..//satellite-subsystems/lib\libSatelliteSubsystemsD.a(IsisTxS.o)
                0x20018108                IsisTxsInitialize
 .text.makeTxStransfer
                0x20018264       0x3c C:/ISIS/workspace/ycube/satellite-subsystems/demo/..//satellite-subsystems/lib\libSatelliteSubsystemsD.a(IsisTxS.o)
 .text.IsisTxsSetModulatorAttenuator
                0x200182a0       0xd8 C:/ISIS/workspace/ycube/satellite-subsystems/demo/..//satellite-subsystems/lib\libSatelliteSubsystemsD.a(IsisTxS.o)
                0x200182a0                IsisTxsSetModulatorAttenuator
 .text.IsisTxsSetAx25Bitrate
                0x20018378       0xe4 C:/ISIS/workspace/ycube/satellite-subsystems/demo/..//satellite-subsystems/lib\libSatelliteSubsystemsD.a(IsisTxS.o)
                0x20018378                IsisTxsSetAx25Bitrate
 .text.IsisTxsSetState
                0x2001845c       0xd8 C:/ISIS/workspace/ycube/satellite-subsystems/demo/..//satellite-subsystems/lib\libSatelliteSubsystemsD.a(IsisTxS.o)
                0x2001845c                IsisTxsSetState
 .text.IsisTxsReset
                0x20018534       0xb4 C:/ISIS/workspace/ycube/satellite-subsystems/demo/..//satellite-subsystems/lib\libSatelliteSubsystemsD.a(IsisTxS.o)
                0x20018534                IsisTxsReset
 .text.IsisTxsSendAX25DefClSign
                0x200185e8      0x1a4 C:/ISIS/workspace/ycube/satellite-subsystems/demo/..//satellite-subsystems/lib\libSatelliteSubsystemsD.a(IsisTxS.o)
                0x200185e8                IsisTxsSendAX25DefClSign
 .text.IsisTxsGetHousekeepingData
                0x2001878c       0xcc C:/ISIS/workspace/ycube/satellite-subsystems/demo/..//satellite-subsystems/lib\libSatelliteSubsystemsD.a(IsisTxS.o)
                0x2001878c                IsisTxsGetHousekeepingData
 .text.cspaceADCS_initialize
                0x20018858      0x18c C:/ISIS/workspace/ycube/satellite-subsystems/demo/..//satellite-subsystems/lib\libSatelliteSubsystemsD.a(cspaceADCS.o)
                0x20018858                cspaceADCS_initialize
 .text.make_cspaceADCStransfer
                0x200189e4      0x1b4 C:/ISIS/workspace/ycube/satellite-subsystems/demo/..//satellite-subsystems/lib\libSatelliteSubsystemsD.a(cspaceADCS.o)
 .text.cspaceADCS_componentReset
                0x20018b98       0xbc C:/ISIS/workspace/ycube/satellite-subsystems/demo/..//satellite-subsystems/lib\libSatelliteSubsystemsD.a(cspaceADCS.o)
                0x20018b98                cspaceADCS_componentReset
 .text.cspaceADCS_setCurrentTime
                0x20018c54       0xd0 C:/ISIS/workspace/ycube/satellite-subsystems/demo/..//satellite-subsystems/lib\libSatelliteSubsystemsD.a(cspaceADCS.o)
                0x20018c54                cspaceADCS_setCurrentTime
 .text.cspaceADCS_setRunMode
                0x20018d24       0xbc C:/ISIS/workspace/ycube/satellite-subsystems/demo/..//satellite-subsystems/lib\libSatelliteSubsystemsD.a(cspaceADCS.o)
                0x20018d24                cspaceADCS_setRunMode
 .text.cspaceADCS_setPwrCtrlDevice
                0x20018de0       0xd0 C:/ISIS/workspace/ycube/satellite-subsystems/demo/..//satellite-subsystems/lib\libSatelliteSubsystemsD.a(cspaceADCS.o)
                0x20018de0                cspaceADCS_setPwrCtrlDevice
 .text.cspaceADCS_setMagOutput
                0x20018eb0       0xd0 C:/ISIS/workspace/ycube/satellite-subsystems/demo/..//satellite-subsystems/lib\libSatelliteSubsystemsD.a(cspaceADCS.o)
                0x20018eb0                cspaceADCS_setMagOutput
 .text.cspaceADCS_setWheelSpeed
                0x20018f80       0xd0 C:/ISIS/workspace/ycube/satellite-subsystems/demo/..//satellite-subsystems/lib\libSatelliteSubsystemsD.a(cspaceADCS.o)
                0x20018f80                cspaceADCS_setWheelSpeed
 .text.cspaceADCS_getGeneralInfo
                0x20019050       0xc4 C:/ISIS/workspace/ycube/satellite-subsystems/demo/..//satellite-subsystems/lib\libSatelliteSubsystemsD.a(cspaceADCS.o)
                0x20019050                cspaceADCS_getGeneralInfo
 .text.cspaceADCS_getCurrentTime
                0x20019114       0xc4 C:/ISIS/workspace/ycube/satellite-subsystems/demo/..//satellite-subsystems/lib\libSatelliteSubsystemsD.a(cspaceADCS.o)
                0x20019114                cspaceADCS_getCurrentTime
 .text.cspaceADCS_getCommStatus
                0x200191d8       0xc4 C:/ISIS/workspace/ycube/satellite-subsystems/demo/..//satellite-subsystems/lib\libSatelliteSubsystemsD.a(cspaceADCS.o)
                0x200191d8                cspaceADCS_getCommStatus
 .text.cspaceADCS_getCurrentState
                0x2001929c       0xc4 C:/ISIS/workspace/ycube/satellite-subsystems/demo/..//satellite-subsystems/lib\libSatelliteSubsystemsD.a(cspaceADCS.o)
                0x2001929c                cspaceADCS_getCurrentState
 .text.cspaceADCS_getMagneticFieldVec
                0x20019360       0xc4 C:/ISIS/workspace/ycube/satellite-subsystems/demo/..//satellite-subsystems/lib\libSatelliteSubsystemsD.a(cspaceADCS.o)
                0x20019360                cspaceADCS_getMagneticFieldVec
 .text.cspaceADCS_getCoarseSunVec
                0x20019424       0xc4 C:/ISIS/workspace/ycube/satellite-subsystems/demo/..//satellite-subsystems/lib\libSatelliteSubsystemsD.a(cspaceADCS.o)
                0x20019424                cspaceADCS_getCoarseSunVec
 .text.cspaceADCS_getFineSunVec
                0x200194e8       0xc4 C:/ISIS/workspace/ycube/satellite-subsystems/demo/..//satellite-subsystems/lib\libSatelliteSubsystemsD.a(cspaceADCS.o)
                0x200194e8                cspaceADCS_getFineSunVec
 .text.cspaceADCS_getNadirVector
                0x200195ac       0xc4 C:/ISIS/workspace/ycube/satellite-subsystems/demo/..//satellite-subsystems/lib\libSatelliteSubsystemsD.a(cspaceADCS.o)
                0x200195ac                cspaceADCS_getNadirVector
 .text.cspaceADCS_getSensorRates
                0x20019670       0xc4 C:/ISIS/workspace/ycube/satellite-subsystems/demo/..//satellite-subsystems/lib\libSatelliteSubsystemsD.a(cspaceADCS.o)
                0x20019670                cspaceADCS_getSensorRates
 .text.cspaceADCS_getWheelSpeed
                0x20019734       0xc4 C:/ISIS/workspace/ycube/satellite-subsystems/demo/..//satellite-subsystems/lib\libSatelliteSubsystemsD.a(cspaceADCS.o)
                0x20019734                cspaceADCS_getWheelSpeed
 .text.cspaceADCS_getMagnetorquerCmd
                0x200197f8       0xc4 C:/ISIS/workspace/ycube/satellite-subsystems/demo/..//satellite-subsystems/lib\libSatelliteSubsystemsD.a(cspaceADCS.o)
                0x200197f8                cspaceADCS_getMagnetorquerCmd
 .text.cspaceADCS_getWheelSpeedCmd
                0x200198bc       0xc4 C:/ISIS/workspace/ycube/satellite-subsystems/demo/..//satellite-subsystems/lib\libSatelliteSubsystemsD.a(cspaceADCS.o)
                0x200198bc                cspaceADCS_getWheelSpeedCmd
 .text.cspaceADCS_getRawCam2Sensor
                0x20019980       0xc4 C:/ISIS/workspace/ycube/satellite-subsystems/demo/..//satellite-subsystems/lib\libSatelliteSubsystemsD.a(cspaceADCS.o)
                0x20019980                cspaceADCS_getRawCam2Sensor
 .text.cspaceADCS_getRawCam1Sensor
                0x20019a44       0xc4 C:/ISIS/workspace/ycube/satellite-subsystems/demo/..//satellite-subsystems/lib\libSatelliteSubsystemsD.a(cspaceADCS.o)
                0x20019a44                cspaceADCS_getRawCam1Sensor
 .text.cspaceADCS_getRawCss1_6Measurements
                0x20019b08       0xc4 C:/ISIS/workspace/ycube/satellite-subsystems/demo/..//satellite-subsystems/lib\libSatelliteSubsystemsD.a(cspaceADCS.o)
                0x20019b08                cspaceADCS_getRawCss1_6Measurements
 .text.cspaceADCS_getRawCss7_10Measurements
                0x20019bcc       0xc4 C:/ISIS/workspace/ycube/satellite-subsystems/demo/..//satellite-subsystems/lib\libSatelliteSubsystemsD.a(cspaceADCS.o)
                0x20019bcc                cspaceADCS_getRawCss7_10Measurements
 .text.cspaceADCS_getRawMagnetometerMeas
                0x20019c90       0xc4 C:/ISIS/workspace/ycube/satellite-subsystems/demo/..//satellite-subsystems/lib\libSatelliteSubsystemsD.a(cspaceADCS.o)
                0x20019c90                cspaceADCS_getRawMagnetometerMeas
 .text.cspaceADCS_getCSenseCurrentMeasurements
                0x20019d54       0xc4 C:/ISIS/workspace/ycube/satellite-subsystems/demo/..//satellite-subsystems/lib\libSatelliteSubsystemsD.a(cspaceADCS.o)
                0x20019d54                cspaceADCS_getCSenseCurrentMeasurements
 .text.cspaceADCS_getCControlCurrentMeasurements
                0x20019e18       0xc4 C:/ISIS/workspace/ycube/satellite-subsystems/demo/..//satellite-subsystems/lib\libSatelliteSubsystemsD.a(cspaceADCS.o)
                0x20019e18                cspaceADCS_getCControlCurrentMeasurements
 .text.cspaceADCS_getWheelCurrentsTlm
                0x20019edc       0xc4 C:/ISIS/workspace/ycube/satellite-subsystems/demo/..//satellite-subsystems/lib\libSatelliteSubsystemsD.a(cspaceADCS.o)
                0x20019edc                cspaceADCS_getWheelCurrentsTlm
 .text.cspaceADCS_getADCSTemperatureTlm
                0x20019fa0       0xc4 C:/ISIS/workspace/ycube/satellite-subsystems/demo/..//satellite-subsystems/lib\libSatelliteSubsystemsD.a(cspaceADCS.o)
                0x20019fa0                cspaceADCS_getADCSTemperatureTlm
 .text.cspaceADCS_getRateSensorTempTlm
                0x2001a064       0xc4 C:/ISIS/workspace/ycube/satellite-subsystems/demo/..//satellite-subsystems/lib\libSatelliteSubsystemsD.a(cspaceADCS.o)
                0x2001a064                cspaceADCS_getRateSensorTempTlm
 .text.cspaceADCS_getRawGpsStatus
                0x2001a128       0xc4 C:/ISIS/workspace/ycube/satellite-subsystems/demo/..//satellite-subsystems/lib\libSatelliteSubsystemsD.a(cspaceADCS.o)
                0x2001a128                cspaceADCS_getRawGpsStatus
 .text.cspaceADCS_getRawGpsTime
                0x2001a1ec       0xc4 C:/ISIS/workspace/ycube/satellite-subsystems/demo/..//satellite-subsystems/lib\libSatelliteSubsystemsD.a(cspaceADCS.o)
                0x2001a1ec                cspaceADCS_getRawGpsTime
 .text.cspaceADCS_getRawGpsX
                0x2001a2b0       0xc4 C:/ISIS/workspace/ycube/satellite-subsystems/demo/..//satellite-subsystems/lib\libSatelliteSubsystemsD.a(cspaceADCS.o)
                0x2001a2b0                cspaceADCS_getRawGpsX
 .text.cspaceADCS_getRawGpsY
                0x2001a374       0xc4 C:/ISIS/workspace/ycube/satellite-subsystems/demo/..//satellite-subsystems/lib\libSatelliteSubsystemsD.a(cspaceADCS.o)
                0x2001a374                cspaceADCS_getRawGpsY
 .text.cspaceADCS_getRawGpsZ
                0x2001a438       0xc4 C:/ISIS/workspace/ycube/satellite-subsystems/demo/..//satellite-subsystems/lib\libSatelliteSubsystemsD.a(cspaceADCS.o)
                0x2001a438                cspaceADCS_getRawGpsZ
 .text.cspaceADCS_getStateTlm
                0x2001a4fc       0xc4 C:/ISIS/workspace/ycube/satellite-subsystems/demo/..//satellite-subsystems/lib\libSatelliteSubsystemsD.a(cspaceADCS.o)
                0x2001a4fc                cspaceADCS_getStateTlm
 .text.cspaceADCS_getActuatorsCmds
                0x2001a5c0       0xc4 C:/ISIS/workspace/ycube/satellite-subsystems/demo/..//satellite-subsystems/lib\libSatelliteSubsystemsD.a(cspaceADCS.o)
                0x2001a5c0                cspaceADCS_getActuatorsCmds
 .text.cspaceADCS_getPowTempMeasTLM
                0x2001a684       0xc4 C:/ISIS/workspace/ycube/satellite-subsystems/demo/..//satellite-subsystems/lib\libSatelliteSubsystemsD.a(cspaceADCS.o)
                0x2001a684                cspaceADCS_getPowTempMeasTLM
 .text.cspaceADCS_getPwrCtrlDevice
                0x2001a748       0xc4 C:/ISIS/workspace/ycube/satellite-subsystems/demo/..//satellite-subsystems/lib\libSatelliteSubsystemsD.a(cspaceADCS.o)
                0x2001a748                cspaceADCS_getPwrCtrlDevice
 .text.cspaceADCS_getADCSRawGPSMeas
                0x2001a80c       0xc4 C:/ISIS/workspace/ycube/satellite-subsystems/demo/..//satellite-subsystems/lib\libSatelliteSubsystemsD.a(cspaceADCS.o)
                0x2001a80c                cspaceADCS_getADCSRawGPSMeas
 .text.ISIS_EPS_Init
                0x2001a8d0       0xc8 C:/ISIS/workspace/ycube/satellite-subsystems/demo/..//satellite-subsystems/lib\libSatelliteSubsystemsD.a(isis_eps_driver.o)
                0x2001a8d0                ISIS_EPS_Init
 .text.isis_eps__reset__tmtc
                0x2001a998       0xe8 C:/ISIS/workspace/ycube/satellite-subsystems/demo/..//satellite-subsystems/lib\libSatelliteSubsystemsD.a(isis_eps_driver.o)
                0x2001a998                isis_eps__reset__tmtc
 .text.isis_eps__cancel__tm
                0x2001aa80       0xac C:/ISIS/workspace/ycube/satellite-subsystems/demo/..//satellite-subsystems/lib\libSatelliteSubsystemsD.a(isis_eps_driver.o)
                0x2001aa80                isis_eps__cancel__tm
 .text.isis_eps__watchdog__tm
                0x2001ab2c       0xac C:/ISIS/workspace/ycube/satellite-subsystems/demo/..//satellite-subsystems/lib\libSatelliteSubsystemsD.a(isis_eps_driver.o)
                0x2001ab2c                isis_eps__watchdog__tm
 .text.isis_eps__outputbuschannelon__tmtc
                0x2001abd8       0xe8 C:/ISIS/workspace/ycube/satellite-subsystems/demo/..//satellite-subsystems/lib\libSatelliteSubsystemsD.a(isis_eps_driver.o)
                0x2001abd8                isis_eps__outputbuschannelon__tmtc
 .text.isis_eps__outputbuschanneloff__tmtc
                0x2001acc0       0xe8 C:/ISIS/workspace/ycube/satellite-subsystems/demo/..//satellite-subsystems/lib\libSatelliteSubsystemsD.a(isis_eps_driver.o)
                0x2001acc0                isis_eps__outputbuschanneloff__tmtc
 .text.isis_eps__switchtonominal__tm
                0x2001ada8       0xac C:/ISIS/workspace/ycube/satellite-subsystems/demo/..//satellite-subsystems/lib\libSatelliteSubsystemsD.a(isis_eps_driver.o)
                0x2001ada8                isis_eps__switchtonominal__tm
 .text.isis_eps__switchtosafety__tm
                0x2001ae54       0xac C:/ISIS/workspace/ycube/satellite-subsystems/demo/..//satellite-subsystems/lib\libSatelliteSubsystemsD.a(isis_eps_driver.o)
                0x2001ae54                isis_eps__switchtosafety__tm
 .text.isis_eps__getsystemstatus__tm
                0x2001af00       0xac C:/ISIS/workspace/ycube/satellite-subsystems/demo/..//satellite-subsystems/lib\libSatelliteSubsystemsD.a(isis_eps_driver.o)
                0x2001af00                isis_eps__getsystemstatus__tm
 .text.isis_eps__gethousekeepingraw__tm
                0x2001afac       0xac C:/ISIS/workspace/ycube/satellite-subsystems/demo/..//satellite-subsystems/lib\libSatelliteSubsystemsD.a(isis_eps_driver.o)
                0x2001afac                isis_eps__gethousekeepingraw__tm
 .text.isis_eps__gethousekeepingeng__tm
                0x2001b058       0xac C:/ISIS/workspace/ycube/satellite-subsystems/demo/..//satellite-subsystems/lib\libSatelliteSubsystemsD.a(isis_eps_driver.o)
                0x2001b058                isis_eps__gethousekeepingeng__tm
 .text._I2C_Send
                0x2001b104       0x78 C:/ISIS/workspace/ycube/satellite-subsystems/demo/..//satellite-subsystems/lib\libSatelliteSubsystemsD.a(isis_eps_driver.o)
 .text.makeTRXCommonTransfer
                0x2001b17c       0x34 C:/ISIS/workspace/ycube/satellite-subsystems/demo/..//satellite-subsystems/lib\libSatelliteSubsystemsD.a(IsisTRXCommon.o)
 .text.IsisTrxCommon_componentReset
                0x2001b1b0       0x68 C:/ISIS/workspace/ycube/satellite-subsystems/demo/..//satellite-subsystems/lib\libSatelliteSubsystemsD.a(IsisTRXCommon.o)
                0x2001b1b0                IsisTrxCommon_componentReset
 .text.IsisTrxCommon_TxSendAX25DefClSign
                0x2001b218       0xf4 C:/ISIS/workspace/ycube/satellite-subsystems/demo/..//satellite-subsystems/lib\libSatelliteSubsystemsD.a(IsisTRXCommon.o)
                0x2001b218                IsisTrxCommon_TxSendAX25DefClSign
 .text.IsisTrxCommon_TxSetIdlestate
                0x2001b30c       0x78 C:/ISIS/workspace/ycube/satellite-subsystems/demo/..//satellite-subsystems/lib\libSatelliteSubsystemsD.a(IsisTRXCommon.o)
                0x2001b30c                IsisTrxCommon_TxSetIdlestate
 .text.IsisTrxCommon_TxSetAx25Bitrate
                0x2001b384       0x78 C:/ISIS/workspace/ycube/satellite-subsystems/demo/..//satellite-subsystems/lib\libSatelliteSubsystemsD.a(IsisTRXCommon.o)
                0x2001b384                IsisTrxCommon_TxSetAx25Bitrate
 .text.IsisTrxCommon_RxGetFrameCount
                0x2001b3fc       0x8c C:/ISIS/workspace/ycube/satellite-subsystems/demo/..//satellite-subsystems/lib\libSatelliteSubsystemsD.a(IsisTRXCommon.o)
                0x2001b3fc                IsisTrxCommon_RxGetFrameCount
 .text.IsisTrxCommon_RxGetTelemetryAll
                0x2001b488       0x8c C:/ISIS/workspace/ycube/satellite-subsystems/demo/..//satellite-subsystems/lib\libSatelliteSubsystemsD.a(IsisTRXCommon.o)
                0x2001b488                IsisTrxCommon_RxGetTelemetryAll
 .text.IsisTrxCommon_RxGetTelemetryAll_revC
                0x2001b514       0x8c C:/ISIS/workspace/ycube/satellite-subsystems/demo/..//satellite-subsystems/lib\libSatelliteSubsystemsD.a(IsisTRXCommon.o)
                0x2001b514                IsisTrxCommon_RxGetTelemetryAll_revC
 .text.IsisTrxCommon_GetUptime
                0x2001b5a0       0x8c C:/ISIS/workspace/ycube/satellite-subsystems/demo/..//satellite-subsystems/lib\libSatelliteSubsystemsD.a(IsisTRXCommon.o)
                0x2001b5a0                IsisTrxCommon_GetUptime
 *fill*         0x2001b62c        0x4 00
 .text.exp      0x2001b630      0x190 c:/isis/application/toolchain/bin/../lib/gcc/arm-none-eabi/4.7.4/../../../../arm-none-eabi/lib\libm.a(lib_a-w_exp.o)
                0x2001b630                exp
 .text.__ieee754_exp
                0x2001b7c0      0x448 c:/isis/application/toolchain/bin/../lib/gcc/arm-none-eabi/4.7.4/../../../../arm-none-eabi/lib\libm.a(lib_a-e_exp.o)
                0x2001b7c0                __ieee754_exp
 .text.finite   0x2001bc08       0x10 c:/isis/application/toolchain/bin/../lib/gcc/arm-none-eabi/4.7.4/../../../../arm-none-eabi/lib\libm.a(lib_a-s_finite.o)
                0x2001bc08                finite
 .text.matherr  0x2001bc18        0x8 c:/isis/application/toolchain/bin/../lib/gcc/arm-none-eabi/4.7.4/../../../../arm-none-eabi/lib\libm.a(lib_a-s_matherr.o)
                0x2001bc18                matherr
 .text.validateTransferParameters
                0x2001bc20      0x10c C:/ISIS/workspace/ycube/satellite-subsystems/demo/../..//hal/hal/lib\libHALD.a(I2C.o)
 .text.I2C_queueTransfer
                0x2001bd2c       0xe8 C:/ISIS/workspace/ycube/satellite-subsystems/demo/../..//hal/hal/lib\libHALD.a(I2C.o)
                0x2001bd2c                I2C_queueTransfer
 .text.I2C_internalCallback
                0x2001be14       0x64 C:/ISIS/workspace/ycube/satellite-subsystems/demo/../..//hal/hal/lib\libHALD.a(I2C.o)
 .text.I2C_doBlockingTransfer
                0x2001be78      0x160 C:/ISIS/workspace/ycube/satellite-subsystems/demo/../..//hal/hal/lib\libHALD.a(I2C.o)
 .text.I2C_write
                0x2001bfd8      0x110 C:/ISIS/workspace/ycube/satellite-subsystems/demo/../..//hal/hal/lib\libHALD.a(I2C.o)
                0x2001bfd8                I2C_write
 .text.I2C_read
                0x2001c0e8      0x110 C:/ISIS/workspace/ycube/satellite-subsystems/demo/../..//hal/hal/lib\libHALD.a(I2C.o)
                0x2001c0e8                I2C_read
 .text.I2C_writeRead
                0x2001c1f8      0x180 C:/ISIS/workspace/ycube/satellite-subsystems/demo/../..//hal/hal/lib\libHALD.a(I2C.o)
                0x2001c1f8                I2C_writeRead
 .text.I2C_start
                0x2001c378      0x2e8 C:/ISIS/workspace/ycube/satellite-subsystems/demo/../..//hal/hal/lib\libHALD.a(I2C.o)
                0x2001c378                I2C_start
 .text.I2C_stop
                0x2001c660      0x184 C:/ISIS/workspace/ycube/satellite-subsystems/demo/../..//hal/hal/lib\libHALD.a(I2C.o)
                0x2001c660                I2C_stop
 .text.I2C_setTransferTimeout
                0x2001c7e4       0x48 C:/ISIS/workspace/ycube/satellite-subsystems/demo/../..//hal/hal/lib\libHALD.a(I2C.o)
                0x2001c7e4                I2C_setTransferTimeout
 .text.uSdelay  0x2001c82c       0x88 C:/ISIS/workspace/ycube/satellite-subsystems/demo/../..//hal/hal/lib\libHALD.a(LED.o)
 .text.LED_start
                0x2001c8b4       0x1c C:/ISIS/workspace/ycube/satellite-subsystems/demo/../..//hal/hal/lib\libHALD.a(LED.o)
                0x2001c8b4                LED_start
 .text.LED_glow
                0x2001c8d0       0x58 C:/ISIS/workspace/ycube/satellite-subsystems/demo/../..//hal/hal/lib\libHALD.a(LED.o)
                0x2001c8d0                LED_glow
 .text.LED_dark
                0x2001c928       0x58 C:/ISIS/workspace/ycube/satellite-subsystems/demo/../..//hal/hal/lib\libHALD.a(LED.o)
                0x2001c928                LED_dark
 .text.LED_toggle
                0x2001c980       0x50 C:/ISIS/workspace/ycube/satellite-subsystems/demo/../..//hal/hal/lib\libHALD.a(LED.o)
                0x2001c980                LED_toggle
 .text.LED_wave
                0x2001c9d0       0xd0 C:/ISIS/workspace/ycube/satellite-subsystems/demo/../..//hal/hal/lib\libHALD.a(LED.o)
                0x2001c9d0                LED_wave
 .text.LED_waveReverse
                0x2001caa0       0xd0 C:/ISIS/workspace/ycube/satellite-subsystems/demo/../..//hal/hal/lib\libHALD.a(LED.o)
                0x2001caa0                LED_waveReverse
 .text.clearPDCtransfers
                0x2001cb70       0xdc C:/ISIS/workspace/ycube/satellite-subsystems/demo/../..//hal/hal/lib\libHALD.a(SPI.o)
 .text.SPI_start
                0x2001cc4c      0x4c0 C:/ISIS/workspace/ycube/satellite-subsystems/demo/../..//hal/hal/lib\libHALD.a(SPI.o)
                0x2001cc4c                SPI_start
 .text.SPI_stop
                0x2001d10c      0x22c C:/ISIS/workspace/ycube/satellite-subsystems/demo/../..//hal/hal/lib\libHALD.a(SPI.o)
                0x2001d10c                SPI_stop
 .text.SPI_queueTransfer
                0x2001d338      0x190 C:/ISIS/workspace/ycube/satellite-subsystems/demo/../..//hal/hal/lib\libHALD.a(SPI.o)
                0x2001d338                SPI_queueTransfer
 .text.SPI_internalCallback
                0x2001d4c8       0x64 C:/ISIS/workspace/ycube/satellite-subsystems/demo/../..//hal/hal/lib\libHALD.a(SPI.o)
 .text.SPI_writeRead
                0x2001d52c      0x188 C:/ISIS/workspace/ycube/satellite-subsystems/demo/../..//hal/hal/lib\libHALD.a(SPI.o)
                0x2001d52c                SPI_writeRead
 .text.waitForTransfer
                0x2001d6b4       0x68 C:/ISIS/workspace/ycube/satellite-subsystems/demo/../..//hal/hal/lib\libHALD.a(SPI.o)
 .text.WDT_start
                0x2001d71c       0x48 C:/ISIS/workspace/ycube/satellite-subsystems/demo/../..//hal/hal/lib\libHALD.a(WatchDogTimerNoOS.o)
                0x2001d71c                WDT_start
 .text.WDT_startWatchdogKickTask
                0x2001d764       0xb4 C:/ISIS/workspace/ycube/satellite-subsystems/demo/../..//hal/hal/lib\libHALD.a(WatchDogTimerOS.o)
                0x2001d764                WDT_startWatchdogKickTask
 .text.WDT_forceKickEveryNms
                0x2001d818       0x50 C:/ISIS/workspace/ycube/satellite-subsystems/demo/../..//hal/hal/lib\libHALD.a(WatchDogTimerOS.o)
                0x2001d818                WDT_forceKickEveryNms
 .text.UTIL_DbguGetInteger
                0x2001d868      0x124 C:/ISIS/workspace/ycube/satellite-subsystems/demo/../..//hal/hal/lib\libHALD.a(util.o)
                0x2001d868                UTIL_DbguGetInteger
 .text.UTIL_DbguGetIntegerMinMax
                0x2001d98c       0xa4 C:/ISIS/workspace/ycube/satellite-subsystems/demo/../..//hal/hal/lib\libHALD.a(util.o)
                0x2001d98c                UTIL_DbguGetIntegerMinMax
 .text.xQueueGenericReset
                0x2001da30      0x150 C:/ISIS/workspace/ycube/satellite-subsystems/demo/../..//hal/freertos/lib\libFreeRTOSD.a(queue.o)
                0x2001da30                xQueueGenericReset
 .text.xQueueGenericCreate
                0x2001db80       0xfc C:/ISIS/workspace/ycube/satellite-subsystems/demo/../..//hal/freertos/lib\libFreeRTOSD.a(queue.o)
                0x2001db80                xQueueGenericCreate
 .text.xQueueCreateMutex
                0x2001dc7c      0x110 C:/ISIS/workspace/ycube/satellite-subsystems/demo/../..//hal/freertos/lib\libFreeRTOSD.a(queue.o)
                0x2001dc7c                xQueueCreateMutex
 .text.xQueueGenericSend
                0x2001dd8c      0x268 C:/ISIS/workspace/ycube/satellite-subsystems/demo/../..//hal/freertos/lib\libFreeRTOSD.a(queue.o)
                0x2001dd8c                xQueueGenericSend
 .text.xQueueGenericSendFromISR
                0x2001dff4      0x19c C:/ISIS/workspace/ycube/satellite-subsystems/demo/../..//hal/freertos/lib\libFreeRTOSD.a(queue.o)
                0x2001dff4                xQueueGenericSendFromISR
 .text.xQueueGenericReceive
                0x2001e190      0x2cc C:/ISIS/workspace/ycube/satellite-subsystems/demo/../..//hal/freertos/lib\libFreeRTOSD.a(queue.o)
                0x2001e190                xQueueGenericReceive
 .text.uxQueueMessagesWaiting
                0x2001e45c       0x6c C:/ISIS/workspace/ycube/satellite-subsystems/demo/../..//hal/freertos/lib\libFreeRTOSD.a(queue.o)
                0x2001e45c                uxQueueMessagesWaiting
 .text.vQueueDelete
                0x2001e4c8       0x78 C:/ISIS/workspace/ycube/satellite-subsystems/demo/../..//hal/freertos/lib\libFreeRTOSD.a(queue.o)
                0x2001e4c8                vQueueDelete
 .text.prvCopyDataToQueue
                0x2001e540      0x190 C:/ISIS/workspace/ycube/satellite-subsystems/demo/../..//hal/freertos/lib\libFreeRTOSD.a(queue.o)
 .text.prvCopyDataFromQueue
                0x2001e6d0       0x90 C:/ISIS/workspace/ycube/satellite-subsystems/demo/../..//hal/freertos/lib\libFreeRTOSD.a(queue.o)
 .text.prvUnlockQueue
                0x2001e760      0x100 C:/ISIS/workspace/ycube/satellite-subsystems/demo/../..//hal/freertos/lib\libFreeRTOSD.a(queue.o)
 .text.prvIsQueueEmpty
                0x2001e860       0x4c C:/ISIS/workspace/ycube/satellite-subsystems/demo/../..//hal/freertos/lib\libFreeRTOSD.a(queue.o)
 .text.prvIsQueueFull
                0x2001e8ac       0x54 C:/ISIS/workspace/ycube/satellite-subsystems/demo/../..//hal/freertos/lib\libFreeRTOSD.a(queue.o)
 .text.vQueueUnregisterQueue
                0x2001e900       0x80 C:/ISIS/workspace/ycube/satellite-subsystems/demo/../..//hal/freertos/lib\libFreeRTOSD.a(queue.o)
                0x2001e900                vQueueUnregisterQueue
 .text.xTaskGenericCreate
                0x2001e980      0x2ac C:/ISIS/workspace/ycube/satellite-subsystems/demo/../..//hal/freertos/lib\libFreeRTOSD.a(tasks.o)
                0x2001e980                xTaskGenericCreate
 .text.vTaskDelete
                0x2001ec2c       0xe8 C:/ISIS/workspace/ycube/satellite-subsystems/demo/../..//hal/freertos/lib\libFreeRTOSD.a(tasks.o)
                0x2001ec2c                vTaskDelete
 .text.vTaskDelayUntil
                0x2001ed14      0x170 C:/ISIS/workspace/ycube/satellite-subsystems/demo/../..//hal/freertos/lib\libFreeRTOSD.a(tasks.o)
                0x2001ed14                vTaskDelayUntil
 .text.vTaskDelay
                0x2001ee84       0x80 C:/ISIS/workspace/ycube/satellite-subsystems/demo/../..//hal/freertos/lib\libFreeRTOSD.a(tasks.o)
                0x2001ee84                vTaskDelay
 .text.vTaskStartScheduler
                0x2001ef04       0xd4 C:/ISIS/workspace/ycube/satellite-subsystems/demo/../..//hal/freertos/lib\libFreeRTOSD.a(tasks.o)
                0x2001ef04                vTaskStartScheduler
 .text.vTaskSuspendAll
                0x2001efd8       0x2c C:/ISIS/workspace/ycube/satellite-subsystems/demo/../..//hal/freertos/lib\libFreeRTOSD.a(tasks.o)
                0x2001efd8                vTaskSuspendAll
 .text.xTaskResumeAll
                0x2001f004      0x1f4 C:/ISIS/workspace/ycube/satellite-subsystems/demo/../..//hal/freertos/lib\libFreeRTOSD.a(tasks.o)
                0x2001f004                xTaskResumeAll
 .text.xTaskGetTickCount
                0x2001f1f8       0x34 C:/ISIS/workspace/ycube/satellite-subsystems/demo/../..//hal/freertos/lib\libFreeRTOSD.a(tasks.o)
                0x2001f1f8                xTaskGetTickCount
 .text.xTaskIncrementTick
                0x2001f22c      0x298 C:/ISIS/workspace/ycube/satellite-subsystems/demo/../..//hal/freertos/lib\libFreeRTOSD.a(tasks.o)
                0x2001f22c                xTaskIncrementTick
 .text.vTaskSwitchContext
                0x2001f4c4      0x18c C:/ISIS/workspace/ycube/satellite-subsystems/demo/../..//hal/freertos/lib\libFreeRTOSD.a(tasks.o)
                0x2001f4c4                vTaskSwitchContext
 .text.vTaskPlaceOnEventList
                0x2001f650       0xcc C:/ISIS/workspace/ycube/satellite-subsystems/demo/../..//hal/freertos/lib\libFreeRTOSD.a(tasks.o)
                0x2001f650                vTaskPlaceOnEventList
 .text.xTaskRemoveFromEventList
                0x2001f71c      0x160 C:/ISIS/workspace/ycube/satellite-subsystems/demo/../..//hal/freertos/lib\libFreeRTOSD.a(tasks.o)
                0x2001f71c                xTaskRemoveFromEventList
 .text.vTaskSetTimeOutState
                0x2001f87c       0x78 C:/ISIS/workspace/ycube/satellite-subsystems/demo/../..//hal/freertos/lib\libFreeRTOSD.a(tasks.o)
                0x2001f87c                vTaskSetTimeOutState
 .text.xTaskCheckForTimeOut
                0x2001f8f4      0x158 C:/ISIS/workspace/ycube/satellite-subsystems/demo/../..//hal/freertos/lib\libFreeRTOSD.a(tasks.o)
                0x2001f8f4                xTaskCheckForTimeOut
 .text.vTaskMissedYield
                0x2001fa4c       0x24 C:/ISIS/workspace/ycube/satellite-subsystems/demo/../..//hal/freertos/lib\libFreeRTOSD.a(tasks.o)
                0x2001fa4c                vTaskMissedYield
 .text.prvIdleTask
                0x2001fa70       0x20 C:/ISIS/workspace/ycube/satellite-subsystems/demo/../..//hal/freertos/lib\libFreeRTOSD.a(tasks.o)
 .text.prvInitialiseTCBVariables
                0x2001fa90      0x110 C:/ISIS/workspace/ycube/satellite-subsystems/demo/../..//hal/freertos/lib\libFreeRTOSD.a(tasks.o)
 .text.prvInitialiseTaskLists
                0x2001fba0       0xbc C:/ISIS/workspace/ycube/satellite-subsystems/demo/../..//hal/freertos/lib\libFreeRTOSD.a(tasks.o)
 .text.prvCheckTasksWaitingTermination
                0x2001fc5c       0xbc C:/ISIS/workspace/ycube/satellite-subsystems/demo/../..//hal/freertos/lib\libFreeRTOSD.a(tasks.o)
 .text.prvAddCurrentTaskToDelayedList
                0x2001fd18       0xb4 C:/ISIS/workspace/ycube/satellite-subsystems/demo/../..//hal/freertos/lib\libFreeRTOSD.a(tasks.o)
 .text.prvAllocateTCBAndStack
                0x2001fdcc       0xb4 C:/ISIS/workspace/ycube/satellite-subsystems/demo/../..//hal/freertos/lib\libFreeRTOSD.a(tasks.o)
 .text.prvDeleteTCB
                0x2001fe80       0x30 C:/ISIS/workspace/ycube/satellite-subsystems/demo/../..//hal/freertos/lib\libFreeRTOSD.a(tasks.o)
 .text.xTaskGetCurrentTaskHandle
                0x2001feb0       0x30 C:/ISIS/workspace/ycube/satellite-subsystems/demo/../..//hal/freertos/lib\libFreeRTOSD.a(tasks.o)
                0x2001feb0                xTaskGetCurrentTaskHandle
 .text.xTaskGetSchedulerState
                0x2001fee0       0x68 C:/ISIS/workspace/ycube/satellite-subsystems/demo/../..//hal/freertos/lib\libFreeRTOSD.a(tasks.o)
                0x2001fee0                xTaskGetSchedulerState
 .text.vTaskPriorityInherit
                0x2001ff48      0x148 C:/ISIS/workspace/ycube/satellite-subsystems/demo/../..//hal/freertos/lib\libFreeRTOSD.a(tasks.o)
                0x2001ff48                vTaskPriorityInherit
 .text.vTaskPriorityDisinherit
                0x20020090       0xdc C:/ISIS/workspace/ycube/satellite-subsystems/demo/../..//hal/freertos/lib\libFreeRTOSD.a(tasks.o)
                0x20020090                vTaskPriorityDisinherit
 .text.vApplicationStackOverflowHook
                0x2002016c       0x4c C:/ISIS/workspace/ycube/satellite-subsystems/demo/../..//hal/freertos/lib\libFreeRTOSD.a(hooks.o)
                0x2002016c                vApplicationStackOverflowHook
 .text.vApplicationIdleHook
                0x200201b8       0x18 C:/ISIS/workspace/ycube/satellite-subsystems/demo/../..//hal/freertos/lib\libFreeRTOSD.a(hooks.o)
                0x200201b8                vApplicationIdleHook
 .text.pvPortMalloc
                0x200201d0       0x28 C:/ISIS/workspace/ycube/satellite-subsystems/demo/../..//hal/freertos/lib\libFreeRTOSD.a(standardMemMang.o)
                0x200201d0                pvPortMalloc
 .text.vPortFree
                0x200201f8       0x20 C:/ISIS/workspace/ycube/satellite-subsystems/demo/../..//hal/freertos/lib\libFreeRTOSD.a(standardMemMang.o)
                0x200201f8                vPortFree
 .text.pxPortInitialiseStack
                0x20020218      0x218 C:/ISIS/workspace/ycube/satellite-subsystems/demo/../..//hal/freertos/lib\libFreeRTOSD.a(port.o)
                0x20020218                pxPortInitialiseStack
 .text.xPortStartScheduler
                0x20020430       0x1c C:/ISIS/workspace/ycube/satellite-subsystems/demo/../..//hal/freertos/lib\libFreeRTOSD.a(port.o)
                0x20020430                xPortStartScheduler
 .text.prvSetupTimerInterrupt
                0x2002044c       0x54 C:/ISIS/workspace/ycube/satellite-subsystems/demo/../..//hal/freertos/lib\libFreeRTOSD.a(port.o)
 .text.vPortISRStartFirstTask
                0x200204a0       0x64 C:/ISIS/workspace/ycube/satellite-subsystems/demo/../..//hal/freertos/lib\libFreeRTOSD.a(port.o)
 .text.vPortEnterCritical
                0x20020504       0x40 C:/ISIS/workspace/ycube/satellite-subsystems/demo/../..//hal/freertos/lib\libFreeRTOSD.a(port.o)
                0x20020504                vPortEnterCritical
 .text.vPortExitCritical
                0x20020544       0x60 C:/ISIS/workspace/ycube/satellite-subsystems/demo/../..//hal/freertos/lib\libFreeRTOSD.a(port.o)
                0x20020544                vPortExitCritical
 .text.vListInitialise
                0x200205a4       0x64 C:/ISIS/workspace/ycube/satellite-subsystems/demo/../..//hal/freertos/lib\libFreeRTOSD.a(list.o)
                0x200205a4                vListInitialise
 .text.vListInitialiseItem
                0x20020608       0x28 C:/ISIS/workspace/ycube/satellite-subsystems/demo/../..//hal/freertos/lib\libFreeRTOSD.a(list.o)
                0x20020608                vListInitialiseItem
 .text.vListInsertEnd
                0x20020630       0x84 C:/ISIS/workspace/ycube/satellite-subsystems/demo/../..//hal/freertos/lib\libFreeRTOSD.a(list.o)
                0x20020630                vListInsertEnd
 .text.vListInsert
                0x200206b4       0xd4 C:/ISIS/workspace/ycube/satellite-subsystems/demo/../..//hal/freertos/lib\libFreeRTOSD.a(list.o)
                0x200206b4                vListInsert
 .text.uxListRemove
                0x20020788       0xa0 C:/ISIS/workspace/ycube/satellite-subsystems/demo/../..//hal/freertos/lib\libFreeRTOSD.a(list.o)
                0x20020788                uxListRemove
 .text._read    0x20020828       0xa4 C:/ISIS/workspace/ycube/satellite-subsystems/demo/../..//hal/at91/lib\libAt91D.a(syscalls.o)
                0x20020828                _read
 .text._write   0x200208cc       0xb8 C:/ISIS/workspace/ycube/satellite-subsystems/demo/../..//hal/at91/lib\libAt91D.a(syscalls.o)
                0x200208cc                _write
 .text._lseek   0x20020984       0x2c C:/ISIS/workspace/ycube/satellite-subsystems/demo/../..//hal/at91/lib\libAt91D.a(syscalls.o)
                0x20020984                _lseek
 .text._close   0x200209b0       0x24 C:/ISIS/workspace/ycube/satellite-subsystems/demo/../..//hal/at91/lib\libAt91D.a(syscalls.o)
                0x200209b0                _close
 .text._fstat   0x200209d4       0x28 C:/ISIS/workspace/ycube/satellite-subsystems/demo/../..//hal/at91/lib\libAt91D.a(syscalls.o)
                0x200209d4                _fstat
 .text._isatty  0x200209fc       0x38 C:/ISIS/workspace/ycube/satellite-subsystems/demo/../..//hal/at91/lib\libAt91D.a(syscalls.o)
                0x200209fc                _isatty
 .text.exit     0x20020a34       0x28 C:/ISIS/workspace/ycube/satellite-subsystems/demo/../..//hal/at91/lib\libAt91D.a(syscalls.o)
                0x20020a34                exit
 .text._sbrk    0x20020a5c       0xac C:/ISIS/workspace/ycube/satellite-subsystems/demo/../..//hal/at91/lib\libAt91D.a(syscalls.o)
                0x20020a5c                _sbrk
 .text.AIC_ConfigureIT
                0x20020b08       0x74 C:/ISIS/workspace/ycube/satellite-subsystems/demo/../..//hal/at91/lib\libAt91D.a(aic.o)
                0x20020b08                AIC_ConfigureIT
 .text.AIC_EnableIT
                0x20020b7c       0x34 C:/ISIS/workspace/ycube/satellite-subsystems/demo/../..//hal/at91/lib\libAt91D.a(aic.o)
                0x20020b7c                AIC_EnableIT
 .text.AIC_DisableIT
                0x20020bb0       0x34 C:/ISIS/workspace/ycube/satellite-subsystems/demo/../..//hal/at91/lib\libAt91D.a(aic.o)
                0x20020bb0                AIC_DisableIT
 .text.CP15_Enable_I_Cache
                0x20020be4       0x4c C:/ISIS/workspace/ycube/satellite-subsystems/demo/../..//hal/at91/lib\libAt91D.a(cp15.o)
                0x20020be4                CP15_Enable_I_Cache
 .text.CP15_Disable_I_Cache
                0x20020c30       0x5c C:/ISIS/workspace/ycube/satellite-subsystems/demo/../..//hal/at91/lib\libAt91D.a(cp15.o)
                0x20020c30                CP15_Disable_I_Cache
 .text.CP15_DisableMMU
                0x20020c8c       0x68 C:/ISIS/workspace/ycube/satellite-subsystems/demo/../..//hal/at91/lib\libAt91D.a(cp15.o)
                0x20020c8c                CP15_DisableMMU
 .text.CP15_Disable_D_Cache
                0x20020cf4       0x5c C:/ISIS/workspace/ycube/satellite-subsystems/demo/../..//hal/at91/lib\libAt91D.a(cp15.o)
                0x20020cf4                CP15_Disable_D_Cache
 .text.DBGU_Configure
                0x20020d50       0x84 C:/ISIS/workspace/ycube/satellite-subsystems/demo/../..//hal/at91/lib\libAt91D.a(dbgu.o)
                0x20020d50                DBGU_Configure
 .text.DBGU_PutChar
                0x20020dd4       0x60 C:/ISIS/workspace/ycube/satellite-subsystems/demo/../..//hal/at91/lib\libAt91D.a(dbgu.o)
                0x20020dd4                DBGU_PutChar
 .text.DBGU_IsRxReady
                0x20020e34       0x28 C:/ISIS/workspace/ycube/satellite-subsystems/demo/../..//hal/at91/lib\libAt91D.a(dbgu.o)
                0x20020e34                DBGU_IsRxReady
 .text.DBGU_GetChar
                0x20020e5c       0x40 C:/ISIS/workspace/ycube/satellite-subsystems/demo/../..//hal/at91/lib\libAt91D.a(dbgu.o)
                0x20020e5c                DBGU_GetChar
 .text.PIO_SetPeripheralA
                0x20020e9c       0x74 C:/ISIS/workspace/ycube/satellite-subsystems/demo/../..//hal/at91/lib\libAt91D.a(pio.o)
 .text.PIO_SetPeripheralB
                0x20020f10       0x74 C:/ISIS/workspace/ycube/satellite-subsystems/demo/../..//hal/at91/lib\libAt91D.a(pio.o)
 .text.PIO_SetInput
                0x20020f84       0x9c C:/ISIS/workspace/ycube/satellite-subsystems/demo/../..//hal/at91/lib\libAt91D.a(pio.o)
 .text.PIO_SetOutput
                0x20021020       0xc4 C:/ISIS/workspace/ycube/satellite-subsystems/demo/../..//hal/at91/lib\libAt91D.a(pio.o)
 .text.PIO_Configure
                0x200210e4      0x1ec C:/ISIS/workspace/ycube/satellite-subsystems/demo/../..//hal/at91/lib\libAt91D.a(pio.o)
                0x200210e4                PIO_Configure
 .text.PIO_Set  0x200212d0       0x3c C:/ISIS/workspace/ycube/satellite-subsystems/demo/../..//hal/at91/lib\libAt91D.a(pio.o)
                0x200212d0                PIO_Set
 .text.PIO_Clear
                0x2002130c       0x3c C:/ISIS/workspace/ycube/satellite-subsystems/demo/../..//hal/at91/lib\libAt91D.a(pio.o)
                0x2002130c                PIO_Clear
 .text.PIO_Get  0x20021348       0x9c C:/ISIS/workspace/ycube/satellite-subsystems/demo/../..//hal/at91/lib\libAt91D.a(pio.o)
                0x20021348                PIO_Get
 .text.PioInterruptHandler
                0x200213e4      0x11c C:/ISIS/workspace/ycube/satellite-subsystems/demo/../..//hal/at91/lib\libAt91D.a(pio_it.o)
 .text.InterruptHandler
                0x20021500       0x3c C:/ISIS/workspace/ycube/satellite-subsystems/demo/../..//hal/at91/lib\libAt91D.a(pio_it.o)
 .text.PIO_InitializeInterrupts
                0x2002153c       0xf8 C:/ISIS/workspace/ycube/satellite-subsystems/demo/../..//hal/at91/lib\libAt91D.a(pio_it.o)
                0x2002153c                PIO_InitializeInterrupts
 .text.PIO_ConfigureIt
                0x20021634       0x90 C:/ISIS/workspace/ycube/satellite-subsystems/demo/../..//hal/at91/lib\libAt91D.a(pio_it.o)
                0x20021634                PIO_ConfigureIt
 .text.PIO_EnableIt
                0x200216c4       0xc4 C:/ISIS/workspace/ycube/satellite-subsystems/demo/../..//hal/at91/lib\libAt91D.a(pio_it.o)
                0x200216c4                PIO_EnableIt
 .text.PIO_DisableIt
                0x20021788       0x40 C:/ISIS/workspace/ycube/satellite-subsystems/demo/../..//hal/at91/lib\libAt91D.a(pio_it.o)
                0x20021788                PIO_DisableIt
 .text.PIT_Init
                0x200217c8       0x68 C:/ISIS/workspace/ycube/satellite-subsystems/demo/../..//hal/at91/lib\libAt91D.a(pit.o)
                0x200217c8                PIT_Init
 .text.PIT_Enable
                0x20021830       0x2c C:/ISIS/workspace/ycube/satellite-subsystems/demo/../..//hal/at91/lib\libAt91D.a(pit.o)
                0x20021830                PIT_Enable
 .text.PIT_EnableIT
                0x2002185c       0x2c C:/ISIS/workspace/ycube/satellite-subsystems/demo/../..//hal/at91/lib\libAt91D.a(pit.o)
                0x2002185c                PIT_EnableIT
 .text.PMC_EnablePeripheral
                0x20021888       0xa4 C:/ISIS/workspace/ycube/satellite-subsystems/demo/../..//hal/at91/lib\libAt91D.a(pmc.o)
                0x20021888                PMC_EnablePeripheral
 .text.PMC_DisablePeripheral
                0x2002192c       0xa4 C:/ISIS/workspace/ycube/satellite-subsystems/demo/../..//hal/at91/lib\libAt91D.a(pmc.o)
                0x2002192c                PMC_DisablePeripheral
 .text.SPI_Enable
                0x200219d0       0x28 C:/ISIS/workspace/ycube/satellite-subsystems/demo/../..//hal/at91/lib\libAt91D.a(spi_at91.o)
                0x200219d0                SPI_Enable
 .text.SPI_Disable
                0x200219f8       0x28 C:/ISIS/workspace/ycube/satellite-subsystems/demo/../..//hal/at91/lib\libAt91D.a(spi_at91.o)
                0x200219f8                SPI_Disable
 .text.SPI_Configure
                0x20021a20       0x6c C:/ISIS/workspace/ycube/satellite-subsystems/demo/../..//hal/at91/lib\libAt91D.a(spi_at91.o)
                0x20021a20                SPI_Configure
 .text.SPI_ConfigureNPCS
                0x20021a8c       0x38 C:/ISIS/workspace/ycube/satellite-subsystems/demo/../..//hal/at91/lib\libAt91D.a(spi_at91.o)
                0x20021a8c                SPI_ConfigureNPCS
 .text.TWI_ConfigureMaster
                0x20021ac4      0x2a0 C:/ISIS/workspace/ycube/satellite-subsystems/demo/../..//hal/at91/lib\libAt91D.a(twi_at91.o)
                0x20021ac4                TWI_ConfigureMaster
 .text.TWI_GetMaskedStatus
                0x20021d64       0x78 C:/ISIS/workspace/ycube/satellite-subsystems/demo/../..//hal/at91/lib\libAt91D.a(twi_at91.o)
                0x20021d64                TWI_GetMaskedStatus
 .text.disableCaches
                0x20021ddc       0x18 C:/ISIS/workspace/ycube/satellite-subsystems/demo/../..//hal/at91/lib\libAt91D.a(ExitHandler.o)