15:42:48 **** Incremental Build of configuration Debug for project GlobusSatProject ****
make -r -k all 
Invoking: Cross ARM GNU Print Size
arm-none-eabi-size --format=berkeley "GlobusSatProject.elf"
   text	   data	    bss	    dec	    hex	filename
 232200	     12	 403416	 635628	  9b2ec	GlobusSatProject.elf
Finished building: GlobusSatProject.siz
 
16:27:40 **** Incremental Build of configuration Debug for project GlobusSatProject ****
make -r -k all 
Invoking: Cross ARM GNU Print Size
arm-none-eabi-size --format=berkeley "GlobusSatProject.elf"
   text	   data	    bss	    dec	    hex	filename
 232200	     12	 403416	 635628	  9b2ec	GlobusSatProject.elf
Finished building: GlobusSatProject.siz
 
16:45:30 **** Incremental Build of configuration Debug for project GlobusSatProject ****
make -r -k all 
Building file: ../src/SubSystemModules/Communication/SubsystemCommands/Maintanence_Commands.c
Invoking: Cross ARM C Compiler
arm-none-eabi-gcc -mcpu=arm926ej-s -std=c99 -O0 -fmessage-length=0 -ffunction-sections -Wall -Wextra  -g -std=c99 -Dsdram -Dat91sam9g20 -DTRACE_LEVEL=5 -DDEBUG=1 -D'BASE_REVISION_NUMBER=' -D'BASE_REVISION_HASH_SHORT=' -D'BASE_REVISION_HASH=' -I"C:/ISIS/workspace_ycube/GlobusSatProject/..//satellite-subsystems/satellite-subsystems/include" -I"C:\ISIS\workspace_ycube\GlobusSatProject\src" -I"C:/ISIS/workspace_ycube/GlobusSatProject/..//hal/hcc/include" -I"C:/ISIS/workspace_ycube/GlobusSatProject/..//hal/freertos/include" -I"C:/ISIS/workspace_ycube/GlobusSatProject/..//hal/hal/include" -I"C:/ISIS/workspace_ycube/GlobusSatProject/..//hal/at91/include" -MMD -MP -MF"src/SubSystemModules/Communication/SubsystemCommands/Maintanence_Commands.d" -MT"src/SubSystemModules/Communication/SubsystemCommands/Maintanence_Commands.d" -c -o "src/SubSystemModules/Communication/SubsystemCommands/Maintanence_Commands.o" "../src/SubSystemModules/Communication/SubsystemCommands/Maintanence_Commands.c"
../src/SubSystemModules/Communication/SubsystemCommands/Maintanence_Commands.c: In function 'CMD_GetSatTime':
../src/SubSystemModules/Communication/SubsystemCommands/Maintanence_Commands.c:163:2: warning: passing argument 1 of 'Time_getUnixEpoch' from incompatible pointer type [enabled by default]
In file included from ../src/SubSystemModules/Communication/SubsystemCommands/Maintanence_Commands.c:7:0:
C:/ISIS/workspace_ycube/GlobusSatProject/..//hal/hal/include/hal/Timing/Time.h:126:5: note: expected 'unsigned int *' but argument is of type 'time_unix *'
In file included from ../src/SubSystemModules/Communication/SubsystemCommands/Maintanence_Commands.c:26:0:
../src/SubSystemModules/Communication/SubsystemCommands/Maintanence_Commands.c: At top level:
C:\ISIS\workspace_ycube\GlobusSatProject\src/TLM_management.h:44:16: warning: 'stopDump' defined but not used [-Wunused-variable]
Finished building: ../src/SubSystemModules/Communication/SubsystemCommands/Maintanence_Commands.c
 
Building target: GlobusSatProject.elf
Invoking: Cross ARM C Linker
arm-none-eabi-gcc -mcpu=arm926ej-s -std=c99 -O0 -fmessage-length=0 -ffunction-sections -Wall -Wextra  -g -std=c99 -T C:/ISIS/workspace_ycube/GlobusSatProject/..//hal/at91/linker-scripts/sdram.lds -nostartfiles -Xlinker --gc-sections -L"C:/ISIS/workspace_ycube/GlobusSatProject/..//hal/at91/lib" -L"C:/ISIS/workspace_ycube/satellite-subsystems/satellite-subsystems/lib" -L"C:/ISIS/workspace_ycube/GlobusSatProject/..//hal/hcc/lib" -L"C:/ISIS/workspace_ycube/GlobusSatProject/..//hal/freertos/lib" -L"C:/ISIS/workspace_ycube/GlobusSatProject/..//hal/hal/lib" -Wl,-Map,"GlobusSatProject.map" -lc -u _printf_float -u _scanf_float -o "GlobusSatProject.elf"  ./src/TestingDemos/CommandsTestingDemo.o ./src/TestingDemos/EpsTestingDemo.o ./src/TestingDemos/FileSystemTestingDemo.o ./src/TestingDemos/MainTest.o ./src/TestingDemos/MaintenanceTestingDemo.o ./src/TestingDemos/TelemetryTestingDemo.o ./src/TestingDemos/TrxvuTestingDemo.o  ./src/SubSystemModules/PowerManagment/EPS.o ./src/SubSystemModules/PowerManagment/EPSOperationModes.o  ./src/SubSystemModules/Maintenance/Maintenance.o  ./src/SubSystemModules/Housekepping/TelemetryCollector.o  ./src/SubSystemModules/Communication/SubsystemCommands/EPS_Commands.o ./src/SubSystemModules/Communication/SubsystemCommands/FS_Commands.o ./src/SubSystemModules/Communication/SubsystemCommands/Maintanence_Commands.o ./src/SubSystemModules/Communication/SubsystemCommands/TRXVU_Commands.o  ./src/SubSystemModules/Communication/AckHandler.o ./src/SubSystemModules/Communication/CommandDictionary.o ./src/SubSystemModules/Communication/SatCommandHandler.o ./src/SubSystemModules/Communication/TRXVU.o  ./src/InitSystem.o ./src/TLM_management.o ./src/main.o ./src/utils.o   -lHALD -lHCCD -lSatelliteSubsystemsD -lFreeRTOSD -lAt91D
Finished building target: GlobusSatProject.elf
 
Invoking: Cross ARM GNU Create Flash Image
arm-none-eabi-objcopy -O binary "GlobusSatProject.elf"  "GlobusSatProject.bin"
Finished building: GlobusSatProject.bin
 
Invoking: Cross ARM GNU Print Size
arm-none-eabi-size --format=berkeley "GlobusSatProject.elf"
   text	   data	    bss	    dec	    hex	filename
 232200	     12	 403416	 635628	  9b2ec	GlobusSatProject.elf
Finished building: GlobusSatProject.siz
 
16:47:14 **** Incremental Build of configuration Debug for project GlobusSatProject ****
make -r -k all 
Invoking: Cross ARM GNU Print Size
arm-none-eabi-size --format=berkeley "GlobusSatProject.elf"
   text	   data	    bss	    dec	    hex	filename
 232200	     12	 403416	 635628	  9b2ec	GlobusSatProject.elf
Finished building: GlobusSatProject.siz
 
16:47:28 **** Incremental Build of configuration Debug for project GlobusSatProject ****
make -r -k all 
Invoking: Cross ARM GNU Print Size
arm-none-eabi-size --format=berkeley "GlobusSatProject.elf"
   text	   data	    bss	    dec	    hex	filename
 232200	     12	 403416	 635628	  9b2ec	GlobusSatProject.elf
Finished building: GlobusSatProject.siz
 
16:49:05 **** Incremental Build of configuration Debug for project GlobusSatProject ****
make -r -k all 
Building file: ../src/SubSystemModules/Communication/SubsystemCommands/Maintanence_Commands.c
Invoking: Cross ARM C Compiler
arm-none-eabi-gcc -mcpu=arm926ej-s -std=c99 -O0 -fmessage-length=0 -ffunction-sections -Wall -Wextra  -g -std=c99 -Dsdram -Dat91sam9g20 -DTRACE_LEVEL=5 -DDEBUG=1 -D'BASE_REVISION_NUMBER=' -D'BASE_REVISION_HASH_SHORT=' -D'BASE_REVISION_HASH=' -I"C:/ISIS/workspace_ycube/GlobusSatProject/..//satellite-subsystems/satellite-subsystems/include" -I"C:\ISIS\workspace_ycube\GlobusSatProject\src" -I"C:/ISIS/workspace_ycube/GlobusSatProject/..//hal/hcc/include" -I"C:/ISIS/workspace_ycube/GlobusSatProject/..//hal/freertos/include" -I"C:/ISIS/workspace_ycube/GlobusSatProject/..//hal/hal/include" -I"C:/ISIS/workspace_ycube/GlobusSatProject/..//hal/at91/include" -MMD -MP -MF"src/SubSystemModules/Communication/SubsystemCommands/Maintanence_Commands.d" -MT"src/SubSystemModules/Communication/SubsystemCommands/Maintanence_Commands.d" -c -o "src/SubSystemModules/Communication/SubsystemCommands/Maintanence_Commands.o" "../src/SubSystemModules/Communication/SubsystemCommands/Maintanence_Commands.c"
../src/SubSystemModules/Communication/SubsystemCommands/Maintanence_Commands.c: In function 'CMD_GetSatTime':
../src/SubSystemModules/Communication/SubsystemCommands/Maintanence_Commands.c:164:2: warning: passing argument 1 of 'Time_getUnixEpoch' from incompatible pointer type [enabled by default]
In file included from ../src/SubSystemModules/Communication/SubsystemCommands/Maintanence_Commands.c:7:0:
C:/ISIS/workspace_ycube/GlobusSatProject/..//hal/hal/include/hal/Timing/Time.h:126:5: note: expected 'unsigned int *' but argument is of type 'time_unix *'
In file included from ../src/SubSystemModules/Communication/SubsystemCommands/Maintanence_Commands.c:26:0:
../src/SubSystemModules/Communication/SubsystemCommands/Maintanence_Commands.c: At top level:
C:\ISIS\workspace_ycube\GlobusSatProject\src/TLM_management.h:44:16: warning: 'stopDump' defined but not used [-Wunused-variable]
Finished building: ../src/SubSystemModules/Communication/SubsystemCommands/Maintanence_Commands.c
 
Building target: GlobusSatProject.elf
Invoking: Cross ARM C Linker
arm-none-eabi-gcc -mcpu=arm926ej-s -std=c99 -O0 -fmessage-length=0 -ffunction-sections -Wall -Wextra  -g -std=c99 -T C:/ISIS/workspace_ycube/GlobusSatProject/..//hal/at91/linker-scripts/sdram.lds -nostartfiles -Xlinker --gc-sections -L"C:/ISIS/workspace_ycube/GlobusSatProject/..//hal/at91/lib" -L"C:/ISIS/workspace_ycube/satellite-subsystems/satellite-subsystems/lib" -L"C:/ISIS/workspace_ycube/GlobusSatProject/..//hal/hcc/lib" -L"C:/ISIS/workspace_ycube/GlobusSatProject/..//hal/freertos/lib" -L"C:/ISIS/workspace_ycube/GlobusSatProject/..//hal/hal/lib" -Wl,-Map,"GlobusSatProject.map" -lc -u _printf_float -u _scanf_float -o "GlobusSatProject.elf"  ./src/TestingDemos/CommandsTestingDemo.o ./src/TestingDemos/EpsTestingDemo.o ./src/TestingDemos/FileSystemTestingDemo.o ./src/TestingDemos/MainTest.o ./src/TestingDemos/MaintenanceTestingDemo.o ./src/TestingDemos/TelemetryTestingDemo.o ./src/TestingDemos/TrxvuTestingDemo.o  ./src/SubSystemModules/PowerManagment/EPS.o ./src/SubSystemModules/PowerManagment/EPSOperationModes.o  ./src/SubSystemModules/Maintenance/Maintenance.o  ./src/SubSystemModules/Housekepping/TelemetryCollector.o  ./src/SubSystemModules/Communication/SubsystemCommands/EPS_Commands.o ./src/SubSystemModules/Communication/SubsystemCommands/FS_Commands.o ./src/SubSystemModules/Communication/SubsystemCommands/Maintanence_Commands.o ./src/SubSystemModules/Communication/SubsystemCommands/TRXVU_Commands.o  ./src/SubSystemModules/Communication/AckHandler.o ./src/SubSystemModules/Communication/CommandDictionary.o ./src/SubSystemModules/Communication/SatCommandHandler.o ./src/SubSystemModules/Communication/TRXVU.o  ./src/InitSystem.o ./src/TLM_management.o ./src/main.o ./src/utils.o   -lHALD -lHCCD -lSatelliteSubsystemsD -lFreeRTOSD -lAt91D
Finished building target: GlobusSatProject.elf
 
Invoking: Cross ARM GNU Create Flash Image
arm-none-eabi-objcopy -O binary "GlobusSatProject.elf"  "GlobusSatProject.bin"
Finished building: GlobusSatProject.bin
 
Invoking: Cross ARM GNU Print Size
arm-none-eabi-size --format=berkeley "GlobusSatProject.elf"
   text	   data	    bss	    dec	    hex	filename
 232208	     12	 403416	 635636	  9b2f4	GlobusSatProject.elf
Finished building: GlobusSatProject.siz
 
16:49:11 **** Incremental Build of configuration Debug for project GlobusSatProject ****
make -r -k all 
Invoking: Cross ARM GNU Print Size
arm-none-eabi-size --format=berkeley "GlobusSatProject.elf"
   text	   data	    bss	    dec	    hex	filename
 232208	     12	 403416	 635636	  9b2f4	GlobusSatProject.elf
Finished building: GlobusSatProject.siz
 
16:53:05 **** Incremental Build of configuration Debug for project GlobusSatProject ****
make -r -k all 
Building file: ../src/SubSystemModules/Communication/SubsystemCommands/Maintanence_Commands.c
Invoking: Cross ARM C Compiler
arm-none-eabi-gcc -mcpu=arm926ej-s -std=c99 -O0 -fmessage-length=0 -ffunction-sections -Wall -Wextra  -g -std=c99 -Dsdram -Dat91sam9g20 -DTRACE_LEVEL=5 -DDEBUG=1 -D'BASE_REVISION_NUMBER=' -D'BASE_REVISION_HASH_SHORT=' -D'BASE_REVISION_HASH=' -I"C:/ISIS/workspace_ycube/GlobusSatProject/..//satellite-subsystems/satellite-subsystems/include" -I"C:\ISIS\workspace_ycube\GlobusSatProject\src" -I"C:/ISIS/workspace_ycube/GlobusSatProject/..//hal/hcc/include" -I"C:/ISIS/workspace_ycube/GlobusSatProject/..//hal/freertos/include" -I"C:/ISIS/workspace_ycube/GlobusSatProject/..//hal/hal/include" -I"C:/ISIS/workspace_ycube/GlobusSatProject/..//hal/at91/include" -MMD -MP -MF"src/SubSystemModules/Communication/SubsystemCommands/Maintanence_Commands.d" -MT"src/SubSystemModules/Communication/SubsystemCommands/Maintanence_Commands.d" -c -o "src/SubSystemModules/Communication/SubsystemCommands/Maintanence_Commands.o" "../src/SubSystemModules/Communication/SubsystemCommands/Maintanence_Commands.c"
../src/SubSystemModules/Communication/SubsystemCommands/Maintanence_Commands.c: In function 'CMD_FRAM_ReadAndTransmitt':
../src/SubSystemModules/Communication/SubsystemCommands/Maintanence_Commands.c:82:3: warning: passing argument 2 of 'TransmitDataAsSPL_Packet' from incompatible pointer type [enabled by default]
In file included from ../src/SubSystemModules/Communication/SubsystemCommands/Maintanence_Commands.c:27:0:
C:\ISIS\workspace_ycube\GlobusSatProject\src/SubSystemModules/Communication/TRXVU.h:151:5: note: expected 'unsigned char *' but argument is of type 'int *'
../src/SubSystemModules/Communication/SubsystemCommands/Maintanence_Commands.c: In function 'CMD_GetSatTime':
../src/SubSystemModules/Communication/SubsystemCommands/Maintanence_Commands.c:164:2: warning: passing argument 1 of 'Time_getUnixEpoch' from incompatible pointer type [enabled by default]
In file included from ../src/SubSystemModules/Communication/SubsystemCommands/Maintanence_Commands.c:7:0:
C:/ISIS/workspace_ycube/GlobusSatProject/..//hal/hal/include/hal/Timing/Time.h:126:5: note: expected 'unsigned int *' but argument is of type 'time_unix *'
In file included from ../src/SubSystemModules/Communication/SubsystemCommands/Maintanence_Commands.c:26:0:
../src/SubSystemModules/Communication/SubsystemCommands/Maintanence_Commands.c: At top level:
C:\ISIS\workspace_ycube\GlobusSatProject\src/TLM_management.h:44:16: warning: 'stopDump' defined but not used [-Wunused-variable]
Finished building: ../src/SubSystemModules/Communication/SubsystemCommands/Maintanence_Commands.c
 
Building target: GlobusSatProject.elf
Invoking: Cross ARM C Linker
arm-none-eabi-gcc -mcpu=arm926ej-s -std=c99 -O0 -fmessage-length=0 -ffunction-sections -Wall -Wextra  -g -std=c99 -T C:/ISIS/workspace_ycube/GlobusSatProject/..//hal/at91/linker-scripts/sdram.lds -nostartfiles -Xlinker --gc-sections -L"C:/ISIS/workspace_ycube/GlobusSatProject/..//hal/at91/lib" -L"C:/ISIS/workspace_ycube/satellite-subsystems/satellite-subsystems/lib" -L"C:/ISIS/workspace_ycube/GlobusSatProject/..//hal/hcc/lib" -L"C:/ISIS/workspace_ycube/GlobusSatProject/..//hal/freertos/lib" -L"C:/ISIS/workspace_ycube/GlobusSatProject/..//hal/hal/lib" -Wl,-Map,"GlobusSatProject.map" -lc -u _printf_float -u _scanf_float -o "GlobusSatProject.elf"  ./src/TestingDemos/CommandsTestingDemo.o ./src/TestingDemos/EpsTestingDemo.o ./src/TestingDemos/FileSystemTestingDemo.o ./src/TestingDemos/MainTest.o ./src/TestingDemos/MaintenanceTestingDemo.o ./src/TestingDemos/TelemetryTestingDemo.o ./src/TestingDemos/TrxvuTestingDemo.o  ./src/SubSystemModules/PowerManagment/EPS.o ./src/SubSystemModules/PowerManagment/EPSOperationModes.o  ./src/SubSystemModules/Maintenance/Maintenance.o  ./src/SubSystemModules/Housekepping/TelemetryCollector.o  ./src/SubSystemModules/Communication/SubsystemCommands/EPS_Commands.o ./src/SubSystemModules/Communication/SubsystemCommands/FS_Commands.o ./src/SubSystemModules/Communication/SubsystemCommands/Maintanence_Commands.o ./src/SubSystemModules/Communication/SubsystemCommands/TRXVU_Commands.o  ./src/SubSystemModules/Communication/AckHandler.o ./src/SubSystemModules/Communication/CommandDictionary.o ./src/SubSystemModules/Communication/SatCommandHandler.o ./src/SubSystemModules/Communication/TRXVU.o  ./src/InitSystem.o ./src/TLM_management.o ./src/main.o ./src/utils.o   -lHALD -lHCCD -lSatelliteSubsystemsD -lFreeRTOSD -lAt91D
Finished building target: GlobusSatProject.elf
 
Invoking: Cross ARM GNU Create Flash Image
arm-none-eabi-objcopy -O binary "GlobusSatProject.elf"  "GlobusSatProject.bin"
Finished building: GlobusSatProject.bin
 
Invoking: Cross ARM GNU Print Size
arm-none-eabi-size --format=berkeley "GlobusSatProject.elf"
   text	   data	    bss	    dec	    hex	filename
 232216	     12	 403416	 635644	  9b2fc	GlobusSatProject.elf
Finished building: GlobusSatProject.siz
 
16:53:12 **** Incremental Build of configuration Debug for project GlobusSatProject ****
make -r -k all 
Invoking: Cross ARM GNU Print Size
arm-none-eabi-size --format=berkeley "GlobusSatProject.elf"
   text	   data	    bss	    dec	    hex	filename
 232216	     12	 403416	 635644	  9b2fc	GlobusSatProject.elf
Finished building: GlobusSatProject.siz
 
16:59:34 **** Incremental Build of configuration Debug for project GlobusSatProject ****
make -r -k all 
Building file: ../src/SubSystemModules/Communication/SubsystemCommands/Maintanence_Commands.c
Invoking: Cross ARM C Compiler
arm-none-eabi-gcc -mcpu=arm926ej-s -std=c99 -O0 -fmessage-length=0 -ffunction-sections -Wall -Wextra  -g -std=c99 -Dsdram -Dat91sam9g20 -DTRACE_LEVEL=5 -DDEBUG=1 -D'BASE_REVISION_NUMBER=' -D'BASE_REVISION_HASH_SHORT=' -D'BASE_REVISION_HASH=' -I"C:/ISIS/workspace_ycube/GlobusSatProject/..//satellite-subsystems/satellite-subsystems/include" -I"C:\ISIS\workspace_ycube\GlobusSatProject\src" -I"C:/ISIS/workspace_ycube/GlobusSatProject/..//hal/hcc/include" -I"C:/ISIS/workspace_ycube/GlobusSatProject/..//hal/freertos/include" -I"C:/ISIS/workspace_ycube/GlobusSatProject/..//hal/hal/include" -I"C:/ISIS/workspace_ycube/GlobusSatProject/..//hal/at91/include" -MMD -MP -MF"src/SubSystemModules/Communication/SubsystemCommands/Maintanence_Commands.d" -MT"src/SubSystemModules/Communication/SubsystemCommands/Maintanence_Commands.d" -c -o "src/SubSystemModules/Communication/SubsystemCommands/Maintanence_Commands.o" "../src/SubSystemModules/Communication/SubsystemCommands/Maintanence_Commands.c"
../src/SubSystemModules/Communication/SubsystemCommands/Maintanence_Commands.c: In function 'CMD_FRAM_ReadAndTransmitt':
../src/SubSystemModules/Communication/SubsystemCommands/Maintanence_Commands.c:82:3: warning: passing argument 2 of 'TransmitDataAsSPL_Packet' from incompatible pointer type [enabled by default]
In file included from ../src/SubSystemModules/Communication/SubsystemCommands/Maintanence_Commands.c:27:0:
C:\ISIS\workspace_ycube\GlobusSatProject\src/SubSystemModules/Communication/TRXVU.h:151:5: note: expected 'unsigned char *' but argument is of type 'int *'
../src/SubSystemModules/Communication/SubsystemCommands/Maintanence_Commands.c: In function 'CMD_FRAM_WriteAndTransmitt':
../src/SubSystemModules/Communication/SubsystemCommands/Maintanence_Commands.c:101:6: warning: unused variable 'i' [-Wunused-variable]
../src/SubSystemModules/Communication/SubsystemCommands/Maintanence_Commands.c: In function 'CMD_GetSatTime':
../src/SubSystemModules/Communication/SubsystemCommands/Maintanence_Commands.c:165:2: warning: passing argument 1 of 'Time_getUnixEpoch' from incompatible pointer type [enabled by default]
In file included from ../src/SubSystemModules/Communication/SubsystemCommands/Maintanence_Commands.c:7:0:
C:/ISIS/workspace_ycube/GlobusSatProject/..//hal/hal/include/hal/Timing/Time.h:126:5: note: expected 'unsigned int *' but argument is of type 'time_unix *'
In file included from ../src/SubSystemModules/Communication/SubsystemCommands/Maintanence_Commands.c:26:0:
../src/SubSystemModules/Communication/SubsystemCommands/Maintanence_Commands.c: At top level:
C:\ISIS\workspace_ycube\GlobusSatProject\src/TLM_management.h:44:16: warning: 'stopDump' defined but not used [-Wunused-variable]
Finished building: ../src/SubSystemModules/Communication/SubsystemCommands/Maintanence_Commands.c
 
Building target: GlobusSatProject.elf
Invoking: Cross ARM C Linker
arm-none-eabi-gcc -mcpu=arm926ej-s -std=c99 -O0 -fmessage-length=0 -ffunction-sections -Wall -Wextra  -g -std=c99 -T C:/ISIS/workspace_ycube/GlobusSatProject/..//hal/at91/linker-scripts/sdram.lds -nostartfiles -Xlinker --gc-sections -L"C:/ISIS/workspace_ycube/GlobusSatProject/..//hal/at91/lib" -L"C:/ISIS/workspace_ycube/satellite-subsystems/satellite-subsystems/lib" -L"C:/ISIS/workspace_ycube/GlobusSatProject/..//hal/hcc/lib" -L"C:/ISIS/workspace_ycube/GlobusSatProject/..//hal/freertos/lib" -L"C:/ISIS/workspace_ycube/GlobusSatProject/..//hal/hal/lib" -Wl,-Map,"GlobusSatProject.map" -lc -u _printf_float -u _scanf_float -o "GlobusSatProject.elf"  ./src/TestingDemos/CommandsTestingDemo.o ./src/TestingDemos/EpsTestingDemo.o ./src/TestingDemos/FileSystemTestingDemo.o ./src/TestingDemos/MainTest.o ./src/TestingDemos/MaintenanceTestingDemo.o ./src/TestingDemos/TelemetryTestingDemo.o ./src/TestingDemos/TrxvuTestingDemo.o  ./src/SubSystemModules/PowerManagment/EPS.o ./src/SubSystemModules/PowerManagment/EPSOperationModes.o  ./src/SubSystemModules/Maintenance/Maintenance.o  ./src/SubSystemModules/Housekepping/TelemetryCollector.o  ./src/SubSystemModules/Communication/SubsystemCommands/EPS_Commands.o ./src/SubSystemModules/Communication/SubsystemCommands/FS_Commands.o ./src/SubSystemModules/Communication/SubsystemCommands/Maintanence_Commands.o ./src/SubSystemModules/Communication/SubsystemCommands/TRXVU_Commands.o  ./src/SubSystemModules/Communication/AckHandler.o ./src/SubSystemModules/Communication/CommandDictionary.o ./src/SubSystemModules/Communication/SatCommandHandler.o ./src/SubSystemModules/Communication/TRXVU.o  ./src/InitSystem.o ./src/TLM_management.o ./src/main.o ./src/utils.o   -lHALD -lHCCD -lSatelliteSubsystemsD -lFreeRTOSD -lAt91D
Finished building target: GlobusSatProject.elf
 
Invoking: Cross ARM GNU Create Flash Image
arm-none-eabi-objcopy -O binary "GlobusSatProject.elf"  "GlobusSatProject.bin"
Finished building: GlobusSatProject.bin
 
Invoking: Cross ARM GNU Print Size
arm-none-eabi-size --format=berkeley "GlobusSatProject.elf"
   text	   data	    bss	    dec	    hex	filename
 232216	     12	 403416	 635644	  9b2fc	GlobusSatProject.elf
Finished building: GlobusSatProject.siz
 
17:05:38 **** Incremental Build of configuration Debug for project GlobusSatProject ****
make -r -k all 
Building file: ../src/SubSystemModules/Communication/SubsystemCommands/Maintanence_Commands.c
Invoking: Cross ARM C Compiler
arm-none-eabi-gcc -mcpu=arm926ej-s -std=c99 -O0 -fmessage-length=0 -ffunction-sections -Wall -Wextra  -g -std=c99 -Dsdram -Dat91sam9g20 -DTRACE_LEVEL=5 -DDEBUG=1 -D'BASE_REVISION_NUMBER=' -D'BASE_REVISION_HASH_SHORT=' -D'BASE_REVISION_HASH=' -I"C:/ISIS/workspace_ycube/GlobusSatProject/..//satellite-subsystems/satellite-subsystems/include" -I"C:\ISIS\workspace_ycube\GlobusSatProject\src" -I"C:/ISIS/workspace_ycube/GlobusSatProject/..//hal/hcc/include" -I"C:/ISIS/workspace_ycube/GlobusSatProject/..//hal/freertos/include" -I"C:/ISIS/workspace_ycube/GlobusSatProject/..//hal/hal/include" -I"C:/ISIS/workspace_ycube/GlobusSatProject/..//hal/at91/include" -MMD -MP -MF"src/SubSystemModules/Communication/SubsystemCommands/Maintanence_Commands.d" -MT"src/SubSystemModules/Communication/SubsystemCommands/Maintanence_Commands.d" -c -o "src/SubSystemModules/Communication/SubsystemCommands/Maintanence_Commands.o" "../src/SubSystemModules/Communication/SubsystemCommands/Maintanence_Commands.c"
../src/SubSystemModules/Communication/SubsystemCommands/Maintanence_Commands.c: In function 'CMD_FRAM_ReadAndTransmitt':
../src/SubSystemModules/Communication/SubsystemCommands/Maintanence_Commands.c:82:3: warning: passing argument 2 of 'TransmitDataAsSPL_Packet' from incompatible pointer type [enabled by default]
In file included from ../src/SubSystemModules/Communication/SubsystemCommands/Maintanence_Commands.c:27:0:
C:\ISIS\workspace_ycube\GlobusSatProject\src/SubSystemModules/Communication/TRXVU.h:151:5: note: expected 'unsigned char *' but argument is of type 'int *'
../src/SubSystemModules/Communication/SubsystemCommands/Maintanence_Commands.c: In function 'CMD_GetSatTime':
../src/SubSystemModules/Communication/SubsystemCommands/Maintanence_Commands.c:164:2: warning: passing argument 1 of 'Time_getUnixEpoch' from incompatible pointer type [enabled by default]
In file included from ../src/SubSystemModules/Communication/SubsystemCommands/Maintanence_Commands.c:7:0:
C:/ISIS/workspace_ycube/GlobusSatProject/..//hal/hal/include/hal/Timing/Time.h:126:5: note: expected 'unsigned int *' but argument is of type 'time_unix *'
In file included from ../src/SubSystemModules/Communication/SubsystemCommands/Maintanence_Commands.c:26:0:
../src/SubSystemModules/Communication/SubsystemCommands/Maintanence_Commands.c: At top level:
C:\ISIS\workspace_ycube\GlobusSatProject\src/TLM_management.h:44:16: warning: 'stopDump' defined but not used [-Wunused-variable]
Finished building: ../src/SubSystemModules/Communication/SubsystemCommands/Maintanence_Commands.c
 
Building target: GlobusSatProject.elf
Invoking: Cross ARM C Linker
arm-none-eabi-gcc -mcpu=arm926ej-s -std=c99 -O0 -fmessage-length=0 -ffunction-sections -Wall -Wextra  -g -std=c99 -T C:/ISIS/workspace_ycube/GlobusSatProject/..//hal/at91/linker-scripts/sdram.lds -nostartfiles -Xlinker --gc-sections -L"C:/ISIS/workspace_ycube/GlobusSatProject/..//hal/at91/lib" -L"C:/ISIS/workspace_ycube/satellite-subsystems/satellite-subsystems/lib" -L"C:/ISIS/workspace_ycube/GlobusSatProject/..//hal/hcc/lib" -L"C:/ISIS/workspace_ycube/GlobusSatProject/..//hal/freertos/lib" -L"C:/ISIS/workspace_ycube/GlobusSatProject/..//hal/hal/lib" -Wl,-Map,"GlobusSatProject.map" -lc -u _printf_float -u _scanf_float -o "GlobusSatProject.elf"  ./src/TestingDemos/CommandsTestingDemo.o ./src/TestingDemos/EpsTestingDemo.o ./src/TestingDemos/FileSystemTestingDemo.o ./src/TestingDemos/MainTest.o ./src/TestingDemos/MaintenanceTestingDemo.o ./src/TestingDemos/TelemetryTestingDemo.o ./src/TestingDemos/TrxvuTestingDemo.o  ./src/SubSystemModules/PowerManagment/EPS.o ./src/SubSystemModules/PowerManagment/EPSOperationModes.o  ./src/SubSystemModules/Maintenance/Maintenance.o  ./src/SubSystemModules/Housekepping/TelemetryCollector.o  ./src/SubSystemModules/Communication/SubsystemCommands/EPS_Commands.o ./src/SubSystemModules/Communication/SubsystemCommands/FS_Commands.o ./src/SubSystemModules/Communication/SubsystemCommands/Maintanence_Commands.o ./src/SubSystemModules/Communication/SubsystemCommands/TRXVU_Commands.o  ./src/SubSystemModules/Communication/AckHandler.o ./src/SubSystemModules/Communication/CommandDictionary.o ./src/SubSystemModules/Communication/SatCommandHandler.o ./src/SubSystemModules/Communication/TRXVU.o  ./src/InitSystem.o ./src/TLM_management.o ./src/main.o ./src/utils.o   -lHALD -lHCCD -lSatelliteSubsystemsD -lFreeRTOSD -lAt91D
Finished building target: GlobusSatProject.elf
 
Invoking: Cross ARM GNU Create Flash Image
arm-none-eabi-objcopy -O binary "GlobusSatProject.elf"  "GlobusSatProject.bin"
Finished building: GlobusSatProject.bin
 
Invoking: Cross ARM GNU Print Size
arm-none-eabi-size --format=berkeley "GlobusSatProject.elf"
   text	   data	    bss	    dec	    hex	filename
 232216	     12	 403416	 635644	  9b2fc	GlobusSatProject.elf
Finished building: GlobusSatProject.siz
 
17:06:01 **** Incremental Build of configuration Debug for project GlobusSatProject ****
make -r -k all 
Invoking: Cross ARM GNU Print Size
arm-none-eabi-size --format=berkeley "GlobusSatProject.elf"
   text	   data	    bss	    dec	    hex	filename
 232216	     12	 403416	 635644	  9b2fc	GlobusSatProject.elf
Finished building: GlobusSatProject.siz
 
