06:44:15 **** Clean-only build of configuration Debug for project GlobusSatProject ****
make -r -k clean 
rm -rf  GlobusSatProject.siz  ./src/TestingDemos/CommandsTestingDemo.o ./src/TestingDemos/EpsTestingDemo.o ./src/TestingDemos/FileSystemTestingDemo.o ./src/TestingDemos/MainTest.o ./src/TestingDemos/MaintenanceTestingDemo.o ./src/TestingDemos/TelemetryTestingDemo.o ./src/TestingDemos/TrxvuTestingDemo.o  ./src/SubSystemModules/PowerManagment/EPS.o ./src/SubSystemModules/PowerManagment/EPSOperationModes.o  ./src/SubSystemModules/Maintenance/Maintenance.o  ./src/SubSystemModules/Housekepping/TelemetryCollector.o  ./src/SubSystemModules/Communication/SubsystemCommands/EPS_Commands.o ./src/SubSystemModules/Communication/SubsystemCommands/FS_Commands.o ./src/SubSystemModules/Communication/SubsystemCommands/Maintanence_Commands.o ./src/SubSystemModules/Communication/SubsystemCommands/TRXVU_Commands.o  ./src/SubSystemModules/Communication/AckHandler.o ./src/SubSystemModules/Communication/CommandDictionary.o ./src/SubSystemModules/Communication/SatCommandHandler.o ./src/SubSystemModules/Communication/TRXVU.o  ./src/InitSystem.o ./src/TLM_management.o ./src/main.o ./src/utils.o  ./src/TestingDemos/CommandsTestingDemo.d ./src/TestingDemos/EpsTestingDemo.d ./src/TestingDemos/FileSystemTestingDemo.d ./src/TestingDemos/MainTest.d ./src/TestingDemos/MaintenanceTestingDemo.d ./src/TestingDemos/TelemetryTestingDemo.d ./src/TestingDemos/TrxvuTestingDemo.d  ./src/SubSystemModules/PowerManagment/EPS.d ./src/SubSystemModules/PowerManagment/EPSOperationModes.d  ./src/SubSystemModules/Maintenance/Maintenance.d  ./src/SubSystemModules/Housekepping/TelemetryCollector.d  ./src/SubSystemModules/Communication/SubsystemCommands/EPS_Commands.d ./src/SubSystemModules/Communication/SubsystemCommands/FS_Commands.d ./src/SubSystemModules/Communication/SubsystemCommands/Maintanence_Commands.d ./src/SubSystemModules/Communication/SubsystemCommands/TRXVU_Commands.d  ./src/SubSystemModules/Communication/AckHandler.d ./src/SubSystemModules/Communication/CommandDictionary.d ./src/SubSystemModules/Communication/SatCommandHandler.d ./src/SubSystemModules/Communication/TRXVU.d  ./src/InitSystem.d ./src/TLM_management.d ./src/main.d ./src/utils.d  GlobusSatProject.bin  GlobusSatProject.elf
 
06:44:17 **** Build of configuration Debug for project GlobusSatProject ****
make -r -k all 
Building file: ../src/TestingDemos/CommandsTestingDemo.c
Invoking: Cross ARM C Compiler
arm-none-eabi-gcc -mcpu=arm926ej-s -std=c99 -O0 -fmessage-length=0 -ffunction-sections -Wall -Wextra  -g -std=c99 -Dsdram -Dat91sam9g20 -DTRACE_LEVEL=5 -DDEBUG=1 -D'BASE_REVISION_NUMBER=' -D'BASE_REVISION_HASH_SHORT=' -D'BASE_REVISION_HASH=' -I"C:/ISIS/workspace_ycube/GlobusSatProject/..//satellite-subsystems/satellite-subsystems/include" -I"C:\ISIS\workspace_ycube\GlobusSatProject\src" -I"C:/ISIS/workspace_ycube/GlobusSatProject/..//hal/hcc/include" -I"C:/ISIS/workspace_ycube/GlobusSatProject/..//hal/freertos/include" -I"C:/ISIS/workspace_ycube/GlobusSatProject/..//hal/hal/include" -I"C:/ISIS/workspace_ycube/GlobusSatProject/..//hal/at91/include" -MMD -MP -MF"src/TestingDemos/CommandsTestingDemo.d" -MT"src/TestingDemos/CommandsTestingDemo.d" -c -o "src/TestingDemos/CommandsTestingDemo.o" "../src/TestingDemos/CommandsTestingDemo.c"
../src/TestingDemos/CommandsTestingDemo.c: In function 'TestAssmbleCommand':
../src/TestingDemos/CommandsTestingDemo.c:47:15: warning: unused variable 'id' [-Wunused-variable]
../src/TestingDemos/CommandsTestingDemo.c:46:16: warning: unused variable 'subtype' [-Wunused-variable]
../src/TestingDemos/CommandsTestingDemo.c:45:16: warning: unused variable 'type' [-Wunused-variable]
../src/TestingDemos/CommandsTestingDemo.c:44:15: warning: unused variable 'length' [-Wunused-variable]
Finished building: ../src/TestingDemos/CommandsTestingDemo.c
 
Building file: ../src/TestingDemos/EpsTestingDemo.c
Invoking: Cross ARM C Compiler
arm-none-eabi-gcc -mcpu=arm926ej-s -std=c99 -O0 -fmessage-length=0 -ffunction-sections -Wall -Wextra  -g -std=c99 -Dsdram -Dat91sam9g20 -DTRACE_LEVEL=5 -DDEBUG=1 -D'BASE_REVISION_NUMBER=' -D'BASE_REVISION_HASH_SHORT=' -D'BASE_REVISION_HASH=' -I"C:/ISIS/workspace_ycube/GlobusSatProject/..//satellite-subsystems/satellite-subsystems/include" -I"C:\ISIS\workspace_ycube\GlobusSatProject\src" -I"C:/ISIS/workspace_ycube/GlobusSatProject/..//hal/hcc/include" -I"C:/ISIS/workspace_ycube/GlobusSatProject/..//hal/freertos/include" -I"C:/ISIS/workspace_ycube/GlobusSatProject/..//hal/hal/include" -I"C:/ISIS/workspace_ycube/GlobusSatProject/..//hal/at91/include" -MMD -MP -MF"src/TestingDemos/EpsTestingDemo.d" -MT"src/TestingDemos/EpsTestingDemo.d" -c -o "src/TestingDemos/EpsTestingDemo.o" "../src/TestingDemos/EpsTestingDemo.c"
../src/TestingDemos/EpsTestingDemo.c: In function 'TestUpdateThreshVoltages':
../src/TestingDemos/EpsTestingDemo.c:96:2: warning: passing argument 1 of 'UpdateThresholdVoltages' from incompatible pointer type [enabled by default]
In file included from ../src/TestingDemos/EpsTestingDemo.c:9:0:
C:\ISIS\workspace_ycube\GlobusSatProject\src/SubSystemModules/PowerManagment/EPS.h:94:5: note: expected 'union EpsThreshVolt_t *' but argument is of type 'voltage_t *'
../src/TestingDemos/EpsTestingDemo.c:102:2: warning: passing argument 1 of 'GetThresholdVoltages' from incompatible pointer type [enabled by default]
In file included from ../src/TestingDemos/EpsTestingDemo.c:9:0:
C:\ISIS\workspace_ycube\GlobusSatProject\src/SubSystemModules/PowerManagment/EPS.h:103:5: note: expected 'union EpsThreshVolt_t *' but argument is of type 'voltage_t *'
../src/TestingDemos/EpsTestingDemo.c: In function 'TestGetThreshVoltages':
../src/TestingDemos/EpsTestingDemo.c:120:2: warning: passing argument 1 of 'GetThresholdVoltages' from incompatible pointer type [enabled by default]
In file included from ../src/TestingDemos/EpsTestingDemo.c:9:0:
C:\ISIS\workspace_ycube\GlobusSatProject\src/SubSystemModules/PowerManagment/EPS.h:103:5: note: expected 'union EpsThreshVolt_t *' but argument is of type 'voltage_t *'
../src/TestingDemos/EpsTestingDemo.c: In function 'TestRestoreDefaultThresholdVoltages':
../src/TestingDemos/EpsTestingDemo.c:196:2: warning: passing argument 1 of 'GetThresholdVoltages' from incompatible pointer type [enabled by default]
In file included from ../src/TestingDemos/EpsTestingDemo.c:9:0:
C:\ISIS\workspace_ycube\GlobusSatProject\src/SubSystemModules/PowerManagment/EPS.h:103:5: note: expected 'union EpsThreshVolt_t *' but argument is of type 'voltage_t *'
../src/TestingDemos/EpsTestingDemo.c:211:2: warning: passing argument 1 of 'GetThresholdVoltages' from incompatible pointer type [enabled by default]
In file included from ../src/TestingDemos/EpsTestingDemo.c:9:0:
C:\ISIS\workspace_ycube\GlobusSatProject\src/SubSystemModules/PowerManagment/EPS.h:103:5: note: expected 'union EpsThreshVolt_t *' but argument is of type 'voltage_t *'
../src/TestingDemos/EpsTestingDemo.c: In function 'GetHeaterValues':
../src/TestingDemos/EpsTestingDemo.c:233:2: warning: implicit declaration of function 'memcpy' [-Wimplicit-function-declaration]
../src/TestingDemos/EpsTestingDemo.c:233:2: warning: incompatible implicit declaration of built-in function 'memcpy' [enabled by default]
../src/TestingDemos/EpsTestingDemo.c: In function 'SetHeaterValues':
../src/TestingDemos/EpsTestingDemo.c:254:2: warning: pointer targets in passing argument 1 of 'UTIL_DbguGetInteger' differ in signedness [-Wpointer-sign]
In file included from ../src/TestingDemos/EpsTestingDemo.c:7:0:
C:/ISIS/workspace_ycube/GlobusSatProject/..//hal/hal/include/hal/Utility/util.h:67:22: note: expected 'unsigned int *' but argument is of type 'int *'
../src/TestingDemos/EpsTestingDemo.c:262:2: warning: incompatible implicit declaration of built-in function 'memcpy' [enabled by default]
../src/TestingDemos/EpsTestingDemo.c:269:2: warning: pointer targets in passing argument 1 of 'UTIL_DbguGetInteger' differ in signedness [-Wpointer-sign]
In file included from ../src/TestingDemos/EpsTestingDemo.c:7:0:
C:/ISIS/workspace_ycube/GlobusSatProject/..//hal/hal/include/hal/Utility/util.h:67:22: note: expected 'unsigned int *' but argument is of type 'int *'
Finished building: ../src/TestingDemos/EpsTestingDemo.c
 
Building file: ../src/TestingDemos/FileSystemTestingDemo.c
Invoking: Cross ARM C Compiler
arm-none-eabi-gcc -mcpu=arm926ej-s -std=c99 -O0 -fmessage-length=0 -ffunction-sections -Wall -Wextra  -g -std=c99 -Dsdram -Dat91sam9g20 -DTRACE_LEVEL=5 -DDEBUG=1 -D'BASE_REVISION_NUMBER=' -D'BASE_REVISION_HASH_SHORT=' -D'BASE_REVISION_HASH=' -I"C:/ISIS/workspace_ycube/GlobusSatProject/..//satellite-subsystems/satellite-subsystems/include" -I"C:\ISIS\workspace_ycube\GlobusSatProject\src" -I"C:/ISIS/workspace_ycube/GlobusSatProject/..//hal/hcc/include" -I"C:/ISIS/workspace_ycube/GlobusSatProject/..//hal/freertos/include" -I"C:/ISIS/workspace_ycube/GlobusSatProject/..//hal/hal/include" -I"C:/ISIS/workspace_ycube/GlobusSatProject/..//hal/at91/include" -MMD -MP -MF"src/TestingDemos/FileSystemTestingDemo.d" -MT"src/TestingDemos/FileSystemTestingDemo.d" -c -o "src/TestingDemos/FileSystemTestingDemo.o" "../src/TestingDemos/FileSystemTestingDemo.c"
../src/TestingDemos/FileSystemTestingDemo.c: In function 'TestlistFiels':
../src/TestingDemos/FileSystemTestingDemo.c:17:4: warning: implicit declaration of function 'printf' [-Wimplicit-function-declaration]
../src/TestingDemos/FileSystemTestingDemo.c:17:4: warning: incompatible implicit declaration of built-in function 'printf' [enabled by default]
../src/TestingDemos/FileSystemTestingDemo.c:25:5: warning: format '%d' expects argument of type 'int', but argument 2 has type 'long unsigned int' [-Wformat]
../src/TestingDemos/FileSystemTestingDemo.c:29:2: warning: incompatible implicit declaration of built-in function 'printf' [enabled by default]
../src/TestingDemos/FileSystemTestingDemo.c: In function 'TestReadWODFile':
../src/TestingDemos/FileSystemTestingDemo.c:39:2: warning: implicit declaration of function 'readTLMFile' [-Wimplicit-function-declaration]
../src/TestingDemos/FileSystemTestingDemo.c:39:6: warning: unused variable 'numOfElementsSent' [-Wunused-variable]
../src/TestingDemos/FileSystemTestingDemo.c: In function 'TestLOGTLM':
../src/TestingDemos/FileSystemTestingDemo.c:48:2: warning: passing argument 1 of 'Time_getUnixEpoch' from incompatible pointer type [enabled by default]
In file included from ../src/TestingDemos/FileSystemTestingDemo.c:4:0:
C:/ISIS/workspace_ycube/GlobusSatProject/..//hal/hal/include/hal/Timing/Time.h:126:5: note: expected 'unsigned int *' but argument is of type 'time_unix *'
../src/TestingDemos/FileSystemTestingDemo.c:59:2: warning: implicit declaration of function 'deleteTLMFile' [-Wimplicit-function-declaration]
../src/TestingDemos/FileSystemTestingDemo.c:63:2: warning: implicit declaration of function 'strcpy' [-Wimplicit-function-declaration]
../src/TestingDemos/FileSystemTestingDemo.c:63:2: warning: incompatible implicit declaration of built-in function 'strcpy' [enabled by default]
../src/TestingDemos/FileSystemTestingDemo.c:65:2: warning: implicit declaration of function 'write2File' [-Wimplicit-function-declaration]
../src/TestingDemos/FileSystemTestingDemo.c:67:2: warning: implicit declaration of function 'vTaskDelay' [-Wimplicit-function-declaration]
../src/TestingDemos/FileSystemTestingDemo.c:74:6: warning: unused variable 'numOfElementsSent' [-Wunused-variable]
../src/TestingDemos/FileSystemTestingDemo.c: In function 'TestEPSTLM':
../src/TestingDemos/FileSystemTestingDemo.c:88:2: warning: passing argument 1 of 'Time_getUnixEpoch' from incompatible pointer type [enabled by default]
In file included from ../src/TestingDemos/FileSystemTestingDemo.c:4:0:
C:/ISIS/workspace_ycube/GlobusSatProject/..//hal/hal/include/hal/Timing/Time.h:126:5: note: expected 'unsigned int *' but argument is of type 'time_unix *'
../src/TestingDemos/FileSystemTestingDemo.c:102:2: warning: implicit declaration of function 'TelemetrySaveEPS' [-Wimplicit-function-declaration]
../src/TestingDemos/FileSystemTestingDemo.c:104:6: warning: unused variable 'numOfElementsSent' [-Wunused-variable]
../src/TestingDemos/FileSystemTestingDemo.c: In function 'TestReadTimeRangeTLMRes':
../src/TestingDemos/FileSystemTestingDemo.c:116:2: warning: passing argument 1 of 'Time_getUnixEpoch' from incompatible pointer type [enabled by default]
In file included from ../src/TestingDemos/FileSystemTestingDemo.c:4:0:
C:/ISIS/workspace_ycube/GlobusSatProject/..//hal/hal/include/hal/Timing/Time.h:126:5: note: expected 'unsigned int *' but argument is of type 'time_unix *'
../src/TestingDemos/FileSystemTestingDemo.c:133:3: warning: incompatible implicit declaration of built-in function 'strcpy' [enabled by default]
../src/TestingDemos/FileSystemTestingDemo.c:140:2: warning: incompatible implicit declaration of built-in function 'printf' [enabled by default]
../src/TestingDemos/FileSystemTestingDemo.c:155:2: warning: implicit declaration of function 'readTLMFileTimeRange' [-Wimplicit-function-declaration]
../src/TestingDemos/FileSystemTestingDemo.c: In function 'TestReadTimeRangeTLM':
../src/TestingDemos/FileSystemTestingDemo.c:173:2: warning: passing argument 1 of 'Time_getUnixEpoch' from incompatible pointer type [enabled by default]
In file included from ../src/TestingDemos/FileSystemTestingDemo.c:4:0:
C:/ISIS/workspace_ycube/GlobusSatProject/..//hal/hal/include/hal/Timing/Time.h:126:5: note: expected 'unsigned int *' but argument is of type 'time_unix *'
../src/TestingDemos/FileSystemTestingDemo.c:190:3: warning: incompatible implicit declaration of built-in function 'strcpy' [enabled by default]
../src/TestingDemos/FileSystemTestingDemo.c:201:2: warning: incompatible implicit declaration of built-in function 'printf' [enabled by default]
../src/TestingDemos/FileSystemTestingDemo.c: In function 'GenerateWODTLM':
../src/TestingDemos/FileSystemTestingDemo.c:221:2: warning: passing argument 1 of 'Time_getUnixEpoch' from incompatible pointer type [enabled by default]
In file included from ../src/TestingDemos/FileSystemTestingDemo.c:4:0:
C:/ISIS/workspace_ycube/GlobusSatProject/..//hal/hal/include/hal/Timing/Time.h:126:5: note: expected 'unsigned int *' but argument is of type 'time_unix *'
../src/TestingDemos/FileSystemTestingDemo.c:235:2: warning: implicit declaration of function 'TelemetrySaveWOD' [-Wimplicit-function-declaration]
../src/TestingDemos/FileSystemTestingDemo.c:244:6: warning: unused variable 'numOfElementsSent' [-Wunused-variable]
../src/TestingDemos/FileSystemTestingDemo.c: In function 'DeleteOldFiles':
../src/TestingDemos/FileSystemTestingDemo.c:261:2: warning: passing argument 1 of 'Time_getUnixEpoch' from incompatible pointer type [enabled by default]
In file included from ../src/TestingDemos/FileSystemTestingDemo.c:4:0:
C:/ISIS/workspace_ycube/GlobusSatProject/..//hal/hal/include/hal/Timing/Time.h:126:5: note: expected 'unsigned int *' but argument is of type 'time_unix *'
../src/TestingDemos/FileSystemTestingDemo.c:294:3: warning: implicit declaration of function 'TelemetrySaveTRXVU' [-Wimplicit-function-declaration]
../src/TestingDemos/FileSystemTestingDemo.c:295:3: warning: implicit declaration of function 'TelemetrySaveANT' [-Wimplicit-function-declaration]
../src/TestingDemos/FileSystemTestingDemo.c:296:3: warning: implicit declaration of function 'TelemetrySaveSolarPanels' [-Wimplicit-function-declaration]
../src/TestingDemos/FileSystemTestingDemo.c:299:31: warning: integer overflow in expression [-Woverflow]
../src/TestingDemos/FileSystemTestingDemo.c: In function 'CreateFiles4DeleteTest':
../src/TestingDemos/FileSystemTestingDemo.c:315:2: warning: passing argument 1 of 'Time_getUnixEpoch' from incompatible pointer type [enabled by default]
In file included from ../src/TestingDemos/FileSystemTestingDemo.c:4:0:
C:/ISIS/workspace_ycube/GlobusSatProject/..//hal/hal/include/hal/Timing/Time.h:126:5: note: expected 'unsigned int *' but argument is of type 'time_unix *'
../src/TestingDemos/FileSystemTestingDemo.c:328:7: warning: unused variable 'err' [-Wunused-variable]
../src/TestingDemos/FileSystemTestingDemo.c: In function 'copyFile':
../src/TestingDemos/FileSystemTestingDemo.c:362:7: warning: incompatible implicit declaration of built-in function 'printf' [enabled by default]
../src/TestingDemos/FileSystemTestingDemo.c:366:4: warning: implicit declaration of function 'fopen' [-Wimplicit-function-declaration]
../src/TestingDemos/FileSystemTestingDemo.c:366:11: warning: assignment makes pointer from integer without a cast [enabled by default]
../src/TestingDemos/FileSystemTestingDemo.c:371:7: warning: incompatible implicit declaration of built-in function 'printf' [enabled by default]
../src/TestingDemos/FileSystemTestingDemo.c:378:4: warning: incompatible implicit declaration of built-in function 'printf' [enabled by default]
../src/TestingDemos/FileSystemTestingDemo.c:380:4: warning: implicit declaration of function 'fclose' [-Wimplicit-function-declaration]
../src/TestingDemos/FileSystemTestingDemo.c: In function 'TestWODTLM':
../src/TestingDemos/FileSystemTestingDemo.c:391:2: warning: passing argument 1 of 'Time_getUnixEpoch' from incompatible pointer type [enabled by default]
In file included from ../src/TestingDemos/FileSystemTestingDemo.c:4:0:
C:/ISIS/workspace_ycube/GlobusSatProject/..//hal/hal/include/hal/Timing/Time.h:126:5: note: expected 'unsigned int *' but argument is of type 'time_unix *'
../src/TestingDemos/FileSystemTestingDemo.c:407:6: warning: unused variable 'numOfElementsSent' [-Wunused-variable]
../src/TestingDemos/FileSystemTestingDemo.c: In function 'TestDeleteFiels':
../src/TestingDemos/FileSystemTestingDemo.c:423:2: warning: passing argument 1 of 'Time_getUnixEpoch' from incompatible pointer type [enabled by default]
In file included from ../src/TestingDemos/FileSystemTestingDemo.c:4:0:
C:/ISIS/workspace_ycube/GlobusSatProject/..//hal/hal/include/hal/Timing/Time.h:126:5: note: expected 'unsigned int *' but argument is of type 'time_unix *'
../src/TestingDemos/FileSystemTestingDemo.c:444:2: warning: incompatible implicit declaration of built-in function 'printf' [enabled by default]
../src/TestingDemos/FileSystemTestingDemo.c:447:2: warning: incompatible implicit declaration of built-in function 'strcpy' [enabled by default]
../src/TestingDemos/FileSystemTestingDemo.c:477:5: warning: format '%d' expects argument of type 'int', but argument 2 has type 'long unsigned int' [-Wformat]
../src/TestingDemos/FileSystemTestingDemo.c:488:2: warning: implicit declaration of function 'deleteTLMFiles' [-Wimplicit-function-declaration]
../src/TestingDemos/FileSystemTestingDemo.c:506:5: warning: format '%d' expects argument of type 'int', but argument 2 has type 'long unsigned int' [-Wformat]
../src/TestingDemos/FileSystemTestingDemo.c: In function 'TestReadMultiFiels':
../src/TestingDemos/FileSystemTestingDemo.c:528:2: warning: passing argument 1 of 'Time_getUnixEpoch' from incompatible pointer type [enabled by default]
In file included from ../src/TestingDemos/FileSystemTestingDemo.c:4:0:
C:/ISIS/workspace_ycube/GlobusSatProject/..//hal/hal/include/hal/Timing/Time.h:126:5: note: expected 'unsigned int *' but argument is of type 'time_unix *'
../src/TestingDemos/FileSystemTestingDemo.c:549:2: warning: incompatible implicit declaration of built-in function 'printf' [enabled by default]
../src/TestingDemos/FileSystemTestingDemo.c:552:2: warning: incompatible implicit declaration of built-in function 'strcpy' [enabled by default]
../src/TestingDemos/FileSystemTestingDemo.c:595:5: warning: format '%d' expects argument of type 'int', but argument 2 has type 'long unsigned int' [-Wformat]
../src/TestingDemos/FileSystemTestingDemo.c:604:2: warning: implicit declaration of function 'readTLMFiles' [-Wimplicit-function-declaration]
../src/TestingDemos/FileSystemTestingDemo.c:604:6: warning: unused variable 'numOfElementsSent' [-Wunused-variable]
../src/TestingDemos/FileSystemTestingDemo.c: In function 'TestTRXVUTLM':
../src/TestingDemos/FileSystemTestingDemo.c:619:2: warning: passing argument 1 of 'Time_getUnixEpoch' from incompatible pointer type [enabled by default]
In file included from ../src/TestingDemos/FileSystemTestingDemo.c:4:0:
C:/ISIS/workspace_ycube/GlobusSatProject/..//hal/hal/include/hal/Timing/Time.h:126:5: note: expected 'unsigned int *' but argument is of type 'time_unix *'
../src/TestingDemos/FileSystemTestingDemo.c:637:2: warning: incompatible implicit declaration of built-in function 'printf' [enabled by default]
../src/TestingDemos/FileSystemTestingDemo.c:638:6: warning: variable 'numOfElementsSent' set but not used [-Wunused-but-set-variable]
../src/TestingDemos/FileSystemTestingDemo.c: In function 'FullSDTest':
../src/TestingDemos/FileSystemTestingDemo.c:655:3: warning: passing argument 1 of 'Time_getUnixEpoch' from incompatible pointer type [enabled by default]
In file included from ../src/TestingDemos/FileSystemTestingDemo.c:4:0:
C:/ISIS/workspace_ycube/GlobusSatProject/..//hal/hal/include/hal/Timing/Time.h:126:5: note: expected 'unsigned int *' but argument is of type 'time_unix *'
../src/TestingDemos/FileSystemTestingDemo.c:684:4: warning: incompatible implicit declaration of built-in function 'printf' [enabled by default]
../src/TestingDemos/FileSystemTestingDemo.c:662:8: warning: variable 'theDay' set but not used [-Wunused-but-set-variable]
../src/TestingDemos/FileSystemTestingDemo.c: In function 'LogErrorRateTest':
../src/TestingDemos/FileSystemTestingDemo.c:698:2: warning: incompatible implicit declaration of built-in function 'printf' [enabled by default]
../src/TestingDemos/FileSystemTestingDemo.c: In function 'selectAndExecuteFSTest':
../src/TestingDemos/FileSystemTestingDemo.c:729:2: warning: incompatible implicit declaration of built-in function 'printf' [enabled by default]
../src/TestingDemos/FileSystemTestingDemo.c:748:2: warning: implicit declaration of function 'UTIL_DbguGetIntegerMinMax' [-Wimplicit-function-declaration]
Finished building: ../src/TestingDemos/FileSystemTestingDemo.c
 
Building file: ../src/TestingDemos/MainTest.c
Invoking: Cross ARM C Compiler
arm-none-eabi-gcc -mcpu=arm926ej-s -std=c99 -O0 -fmessage-length=0 -ffunction-sections -Wall -Wextra  -g -std=c99 -Dsdram -Dat91sam9g20 -DTRACE_LEVEL=5 -DDEBUG=1 -D'BASE_REVISION_NUMBER=' -D'BASE_REVISION_HASH_SHORT=' -D'BASE_REVISION_HASH=' -I"C:/ISIS/workspace_ycube/GlobusSatProject/..//satellite-subsystems/satellite-subsystems/include" -I"C:\ISIS\workspace_ycube\GlobusSatProject\src" -I"C:/ISIS/workspace_ycube/GlobusSatProject/..//hal/hcc/include" -I"C:/ISIS/workspace_ycube/GlobusSatProject/..//hal/freertos/include" -I"C:/ISIS/workspace_ycube/GlobusSatProject/..//hal/hal/include" -I"C:/ISIS/workspace_ycube/GlobusSatProject/..//hal/at91/include" -MMD -MP -MF"src/TestingDemos/MainTest.d" -MT"src/TestingDemos/MainTest.d" -c -o "src/TestingDemos/MainTest.o" "../src/TestingDemos/MainTest.c"
Finished building: ../src/TestingDemos/MainTest.c
 
Building file: ../src/TestingDemos/MaintenanceTestingDemo.c
Invoking: Cross ARM C Compiler
arm-none-eabi-gcc -mcpu=arm926ej-s -std=c99 -O0 -fmessage-length=0 -ffunction-sections -Wall -Wextra  -g -std=c99 -Dsdram -Dat91sam9g20 -DTRACE_LEVEL=5 -DDEBUG=1 -D'BASE_REVISION_NUMBER=' -D'BASE_REVISION_HASH_SHORT=' -D'BASE_REVISION_HASH=' -I"C:/ISIS/workspace_ycube/GlobusSatProject/..//satellite-subsystems/satellite-subsystems/include" -I"C:\ISIS\workspace_ycube\GlobusSatProject\src" -I"C:/ISIS/workspace_ycube/GlobusSatProject/..//hal/hcc/include" -I"C:/ISIS/workspace_ycube/GlobusSatProject/..//hal/freertos/include" -I"C:/ISIS/workspace_ycube/GlobusSatProject/..//hal/hal/include" -I"C:/ISIS/workspace_ycube/GlobusSatProject/..//hal/at91/include" -MMD -MP -MF"src/TestingDemos/MaintenanceTestingDemo.d" -MT"src/TestingDemos/MaintenanceTestingDemo.d" -c -o "src/TestingDemos/MaintenanceTestingDemo.o" "../src/TestingDemos/MaintenanceTestingDemo.c"
../src/TestingDemos/MaintenanceTestingDemo.c: In function 'printSDINfo':
../src/TestingDemos/MaintenanceTestingDemo.c:22:2: warning: format '%d' expects argument of type 'int', but argument 2 has type 'long unsigned int' [-Wformat]
../src/TestingDemos/MaintenanceTestingDemo.c:22:2: warning: format '%d' expects argument of type 'int', but argument 2 has type 'long unsigned int' [-Wformat]
../src/TestingDemos/MaintenanceTestingDemo.c:23:2: warning: format '%d' expects argument of type 'int', but argument 2 has type 'long unsigned int' [-Wformat]
../src/TestingDemos/MaintenanceTestingDemo.c:23:2: warning: format '%d' expects argument of type 'int', but argument 2 has type 'long unsigned int' [-Wformat]
../src/TestingDemos/MaintenanceTestingDemo.c:24:2: warning: format '%d' expects argument of type 'int', but argument 2 has type 'long unsigned int' [-Wformat]
../src/TestingDemos/MaintenanceTestingDemo.c:24:2: warning: format '%d' expects argument of type 'int', but argument 2 has type 'long unsigned int' [-Wformat]
../src/TestingDemos/MaintenanceTestingDemo.c:25:2: warning: format '%d' expects argument of type 'int', but argument 2 has type 'long unsigned int' [-Wformat]
../src/TestingDemos/MaintenanceTestingDemo.c:25:2: warning: format '%d' expects argument of type 'int', but argument 2 has type 'long unsigned int' [-Wformat]
../src/TestingDemos/MaintenanceTestingDemo.c: In function 'TestResetGroundCommWDT':
../src/TestingDemos/MaintenanceTestingDemo.c:67:2: warning: passing argument 1 of 'Time_getUnixEpoch' from incompatible pointer type [enabled by default]
In file included from ../src/TestingDemos/MaintenanceTestingDemo.c:9:0:
C:/ISIS/workspace_ycube/GlobusSatProject/..//hal/hal/include/hal/Timing/Time.h:126:5: note: expected 'unsigned int *' but argument is of type 'time_unix *'
Finished building: ../src/TestingDemos/MaintenanceTestingDemo.c
 
Building file: ../src/TestingDemos/TelemetryTestingDemo.c
Invoking: Cross ARM C Compiler
arm-none-eabi-gcc -mcpu=arm926ej-s -std=c99 -O0 -fmessage-length=0 -ffunction-sections -Wall -Wextra  -g -std=c99 -Dsdram -Dat91sam9g20 -DTRACE_LEVEL=5 -DDEBUG=1 -D'BASE_REVISION_NUMBER=' -D'BASE_REVISION_HASH_SHORT=' -D'BASE_REVISION_HASH=' -I"C:/ISIS/workspace_ycube/GlobusSatProject/..//satellite-subsystems/satellite-subsystems/include" -I"C:\ISIS\workspace_ycube\GlobusSatProject\src" -I"C:/ISIS/workspace_ycube/GlobusSatProject/..//hal/hcc/include" -I"C:/ISIS/workspace_ycube/GlobusSatProject/..//hal/freertos/include" -I"C:/ISIS/workspace_ycube/GlobusSatProject/..//hal/hal/include" -I"C:/ISIS/workspace_ycube/GlobusSatProject/..//hal/at91/include" -MMD -MP -MF"src/TestingDemos/TelemetryTestingDemo.d" -MT"src/TestingDemos/TelemetryTestingDemo.d" -c -o "src/TestingDemos/TelemetryTestingDemo.o" "../src/TestingDemos/TelemetryTestingDemo.c"
Finished building: ../src/TestingDemos/TelemetryTestingDemo.c
 
Building file: ../src/TestingDemos/TrxvuTestingDemo.c
Invoking: Cross ARM C Compiler
arm-none-eabi-gcc -mcpu=arm926ej-s -std=c99 -O0 -fmessage-length=0 -ffunction-sections -Wall -Wextra  -g -std=c99 -Dsdram -Dat91sam9g20 -DTRACE_LEVEL=5 -DDEBUG=1 -D'BASE_REVISION_NUMBER=' -D'BASE_REVISION_HASH_SHORT=' -D'BASE_REVISION_HASH=' -I"C:/ISIS/workspace_ycube/GlobusSatProject/..//satellite-subsystems/satellite-subsystems/include" -I"C:\ISIS\workspace_ycube\GlobusSatProject\src" -I"C:/ISIS/workspace_ycube/GlobusSatProject/..//hal/hcc/include" -I"C:/ISIS/workspace_ycube/GlobusSatProject/..//hal/freertos/include" -I"C:/ISIS/workspace_ycube/GlobusSatProject/..//hal/hal/include" -I"C:/ISIS/workspace_ycube/GlobusSatProject/..//hal/at91/include" -MMD -MP -MF"src/TestingDemos/TrxvuTestingDemo.d" -MT"src/TestingDemos/TrxvuTestingDemo.d" -c -o "src/TestingDemos/TrxvuTestingDemo.o" "../src/TestingDemos/TrxvuTestingDemo.c"
../src/TestingDemos/TrxvuTestingDemo.c: In function 'TestTransmitSplPacket':
../src/TestingDemos/TrxvuTestingDemo.c:157:3: warning: passing argument 1 of 'Time_getUnixEpoch' from incompatible pointer type [enabled by default]
In file included from ../src/TestingDemos/TrxvuTestingDemo.c:7:0:
C:/ISIS/workspace_ycube/GlobusSatProject/..//hal/hal/include/hal/Timing/Time.h:126:5: note: expected 'unsigned int *' but argument is of type 'time_unix *'
../src/TestingDemos/TrxvuTestingDemo.c:168:4: warning: passing argument 1 of 'Time_getUnixEpoch' from incompatible pointer type [enabled by default]
In file included from ../src/TestingDemos/TrxvuTestingDemo.c:7:0:
C:/ISIS/workspace_ycube/GlobusSatProject/..//hal/hal/include/hal/Timing/Time.h:126:5: note: expected 'unsigned int *' but argument is of type 'time_unix *'
../src/TestingDemos/TrxvuTestingDemo.c: In function 'TestDumpTelemetry':
../src/TestingDemos/TrxvuTestingDemo.c:199:2: warning: implicit declaration of function 'CMD_StartDump' [-Wimplicit-function-declaration]
../src/TestingDemos/TrxvuTestingDemo.c: In function 'TestBeaconLogic':
../src/TestingDemos/TrxvuTestingDemo.c:266:2: warning: passing argument 1 of 'Time_getUnixEpoch' from incompatible pointer type [enabled by default]
In file included from ../src/TestingDemos/TrxvuTestingDemo.c:7:0:
C:/ISIS/workspace_ycube/GlobusSatProject/..//hal/hal/include/hal/Timing/Time.h:126:5: note: expected 'unsigned int *' but argument is of type 'time_unix *'
../src/TestingDemos/TrxvuTestingDemo.c:272:3: warning: passing argument 1 of 'Time_getUnixEpoch' from incompatible pointer type [enabled by default]
In file included from ../src/TestingDemos/TrxvuTestingDemo.c:7:0:
C:/ISIS/workspace_ycube/GlobusSatProject/..//hal/hal/include/hal/Timing/Time.h:126:5: note: expected 'unsigned int *' but argument is of type 'time_unix *'
../src/TestingDemos/TrxvuTestingDemo.c: In function 'TestMuteTrxvu':
../src/TestingDemos/TrxvuTestingDemo.c:298:2: warning: passing argument 1 of 'Time_getUnixEpoch' from incompatible pointer type [enabled by default]
In file included from ../src/TestingDemos/TrxvuTestingDemo.c:7:0:
C:/ISIS/workspace_ycube/GlobusSatProject/..//hal/hal/include/hal/Timing/Time.h:126:5: note: expected 'unsigned int *' but argument is of type 'time_unix *'
Finished building: ../src/TestingDemos/TrxvuTestingDemo.c
 
Building file: ../src/SubSystemModules/PowerManagment/EPS.c
Invoking: Cross ARM C Compiler
arm-none-eabi-gcc -mcpu=arm926ej-s -std=c99 -O0 -fmessage-length=0 -ffunction-sections -Wall -Wextra  -g -std=c99 -Dsdram -Dat91sam9g20 -DTRACE_LEVEL=5 -DDEBUG=1 -D'BASE_REVISION_NUMBER=' -D'BASE_REVISION_HASH_SHORT=' -D'BASE_REVISION_HASH=' -I"C:/ISIS/workspace_ycube/GlobusSatProject/..//satellite-subsystems/satellite-subsystems/include" -I"C:\ISIS\workspace_ycube\GlobusSatProject\src" -I"C:/ISIS/workspace_ycube/GlobusSatProject/..//hal/hcc/include" -I"C:/ISIS/workspace_ycube/GlobusSatProject/..//hal/freertos/include" -I"C:/ISIS/workspace_ycube/GlobusSatProject/..//hal/hal/include" -I"C:/ISIS/workspace_ycube/GlobusSatProject/..//hal/at91/include" -MMD -MP -MF"src/SubSystemModules/PowerManagment/EPS.d" -MT"src/SubSystemModules/PowerManagment/EPS.d" -c -o "src/SubSystemModules/PowerManagment/EPS.o" "../src/SubSystemModules/PowerManagment/EPS.c"
../src/SubSystemModules/PowerManagment/EPS.c: In function 'EPS_Init':
../src/SubSystemModules/PowerManagment/EPS.c:40:2: warning: passing argument 1 of 'ISIS_EPS_Init' from incompatible pointer type [enabled by default]
In file included from ../src/SubSystemModules/PowerManagment/EPS.c:10:0:
C:/ISIS/workspace_ycube/GlobusSatProject/..//satellite-subsystems/satellite-subsystems/include/satellite-subsystems/isis_eps_driver.h:791:5: note: expected 'struct ISIS_EPS_t *' but argument is of type 'struct ISIS_EPS_t (*)[1]'
../src/SubSystemModules/PowerManagment/EPS.c: In function 'CMDGetHeaterValues':
../src/SubSystemModules/PowerManagment/EPS.c:186:19: warning: assignment makes integer from pointer without a cast [enabled by default]
../src/SubSystemModules/PowerManagment/EPS.c:191:19: warning: assignment makes integer from pointer without a cast [enabled by default]
../src/SubSystemModules/PowerManagment/EPS.c:194:3: warning: implicit declaration of function 'TransmitDataAsSPL_Packet' [-Wimplicit-function-declaration]
Finished building: ../src/SubSystemModules/PowerManagment/EPS.c
 
Building file: ../src/SubSystemModules/PowerManagment/EPSOperationModes.c
Invoking: Cross ARM C Compiler
arm-none-eabi-gcc -mcpu=arm926ej-s -std=c99 -O0 -fmessage-length=0 -ffunction-sections -Wall -Wextra  -g -std=c99 -Dsdram -Dat91sam9g20 -DTRACE_LEVEL=5 -DDEBUG=1 -D'BASE_REVISION_NUMBER=' -D'BASE_REVISION_HASH_SHORT=' -D'BASE_REVISION_HASH=' -I"C:/ISIS/workspace_ycube/GlobusSatProject/..//satellite-subsystems/satellite-subsystems/include" -I"C:\ISIS\workspace_ycube\GlobusSatProject\src" -I"C:/ISIS/workspace_ycube/GlobusSatProject/..//hal/hcc/include" -I"C:/ISIS/workspace_ycube/GlobusSatProject/..//hal/freertos/include" -I"C:/ISIS/workspace_ycube/GlobusSatProject/..//hal/hal/include" -I"C:/ISIS/workspace_ycube/GlobusSatProject/..//hal/at91/include" -MMD -MP -MF"src/SubSystemModules/PowerManagment/EPSOperationModes.d" -MT"src/SubSystemModules/PowerManagment/EPSOperationModes.d" -c -o "src/SubSystemModules/PowerManagment/EPSOperationModes.o" "../src/SubSystemModules/PowerManagment/EPSOperationModes.c"
Finished building: ../src/SubSystemModules/PowerManagment/EPSOperationModes.c
 
Building file: ../src/SubSystemModules/Maintenance/Maintenance.c
Invoking: Cross ARM C Compiler
arm-none-eabi-gcc -mcpu=arm926ej-s -std=c99 -O0 -fmessage-length=0 -ffunction-sections -Wall -Wextra  -g -std=c99 -Dsdram -Dat91sam9g20 -DTRACE_LEVEL=5 -DDEBUG=1 -D'BASE_REVISION_NUMBER=' -D'BASE_REVISION_HASH_SHORT=' -D'BASE_REVISION_HASH=' -I"C:/ISIS/workspace_ycube/GlobusSatProject/..//satellite-subsystems/satellite-subsystems/include" -I"C:\ISIS\workspace_ycube\GlobusSatProject\src" -I"C:/ISIS/workspace_ycube/GlobusSatProject/..//hal/hcc/include" -I"C:/ISIS/workspace_ycube/GlobusSatProject/..//hal/freertos/include" -I"C:/ISIS/workspace_ycube/GlobusSatProject/..//hal/hal/include" -I"C:/ISIS/workspace_ycube/GlobusSatProject/..//hal/at91/include" -MMD -MP -MF"src/SubSystemModules/Maintenance/Maintenance.d" -MT"src/SubSystemModules/Maintenance/Maintenance.d" -c -o "src/SubSystemModules/Maintenance/Maintenance.o" "../src/SubSystemModules/Maintenance/Maintenance.c"
../src/SubSystemModules/Maintenance/Maintenance.c: In function 'CheckExecutionTime':
../src/SubSystemModules/Maintenance/Maintenance.c:28:2: warning: passing argument 1 of 'Time_getUnixEpoch' from incompatible pointer type [enabled by default]
In file included from ../src/SubSystemModules/Maintenance/Maintenance.c:6:0:
C:/ISIS/workspace_ycube/GlobusSatProject/..//hal/hal/include/hal/Timing/Time.h:126:5: note: expected 'unsigned int *' but argument is of type 'time_unix *'
../src/SubSystemModules/Maintenance/Maintenance.c: In function 'SaveSatTimeInFRAM':
../src/SubSystemModules/Maintenance/Maintenance.c:50:2: warning: passing argument 1 of 'Time_getUnixEpoch' from incompatible pointer type [enabled by default]
In file included from ../src/SubSystemModules/Maintenance/Maintenance.c:6:0:
C:/ISIS/workspace_ycube/GlobusSatProject/..//hal/hal/include/hal/Timing/Time.h:126:5: note: expected 'unsigned int *' but argument is of type 'time_unix *'
../src/SubSystemModules/Maintenance/Maintenance.c: In function 'WakeupFromResetCMD':
../src/SubSystemModules/Maintenance/Maintenance.c:86:3: warning: passing argument 1 of 'Time_getUnixEpoch' from incompatible pointer type [enabled by default]
In file included from ../src/SubSystemModules/Maintenance/Maintenance.c:6:0:
C:/ISIS/workspace_ycube/GlobusSatProject/..//hal/hal/include/hal/Timing/Time.h:126:5: note: expected 'unsigned int *' but argument is of type 'time_unix *'
../src/SubSystemModules/Maintenance/Maintenance.c: In function 'IsGroundCommunicationWDTKick':
../src/SubSystemModules/Maintenance/Maintenance.c:119:2: warning: passing argument 1 of 'Time_getUnixEpoch' from incompatible pointer type [enabled by default]
In file included from ../src/SubSystemModules/Maintenance/Maintenance.c:6:0:
C:/ISIS/workspace_ycube/GlobusSatProject/..//hal/hal/include/hal/Timing/Time.h:126:5: note: expected 'unsigned int *' but argument is of type 'time_unix *'
../src/SubSystemModules/Maintenance/Maintenance.c: In function 'DeleteOldFiels':
../src/SubSystemModules/Maintenance/Maintenance.c:161:17: warning: comparison between signed and unsigned integer expressions [-Wsign-compare]
../src/SubSystemModules/Maintenance/Maintenance.c: In function 'DeployAnt':
../src/SubSystemModules/Maintenance/Maintenance.c:204:3: warning: implicit declaration of function 'CMD_AntennaDeploy' [-Wimplicit-function-declaration]
../src/SubSystemModules/Maintenance/Maintenance.c:205:3: warning: passing argument 1 of 'Time_getUnixEpoch' from incompatible pointer type [enabled by default]
In file included from ../src/SubSystemModules/Maintenance/Maintenance.c:6:0:
C:/ISIS/workspace_ycube/GlobusSatProject/..//hal/hal/include/hal/Timing/Time.h:126:5: note: expected 'unsigned int *' but argument is of type 'time_unix *'
../src/SubSystemModules/Maintenance/Maintenance.c: In function 'DeleteOldFiels':
../src/SubSystemModules/Maintenance/Maintenance.c:195:1: warning: control reaches end of non-void function [-Wreturn-type]
Finished building: ../src/SubSystemModules/Maintenance/Maintenance.c
 
Building file: ../src/SubSystemModules/Housekepping/TelemetryCollector.c
Invoking: Cross ARM C Compiler
arm-none-eabi-gcc -mcpu=arm926ej-s -std=c99 -O0 -fmessage-length=0 -ffunction-sections -Wall -Wextra  -g -std=c99 -Dsdram -Dat91sam9g20 -DTRACE_LEVEL=5 -DDEBUG=1 -D'BASE_REVISION_NUMBER=' -D'BASE_REVISION_HASH_SHORT=' -D'BASE_REVISION_HASH=' -I"C:/ISIS/workspace_ycube/GlobusSatProject/..//satellite-subsystems/satellite-subsystems/include" -I"C:\ISIS\workspace_ycube\GlobusSatProject\src" -I"C:/ISIS/workspace_ycube/GlobusSatProject/..//hal/hcc/include" -I"C:/ISIS/workspace_ycube/GlobusSatProject/..//hal/freertos/include" -I"C:/ISIS/workspace_ycube/GlobusSatProject/..//hal/hal/include" -I"C:/ISIS/workspace_ycube/GlobusSatProject/..//hal/at91/include" -MMD -MP -MF"src/SubSystemModules/Housekepping/TelemetryCollector.d" -MT"src/SubSystemModules/Housekepping/TelemetryCollector.d" -c -o "src/SubSystemModules/Housekepping/TelemetryCollector.o" "../src/SubSystemModules/Housekepping/TelemetryCollector.c"
../src/SubSystemModules/Housekepping/TelemetryCollector.c: In function 'InitSavePeriodTimes':
../src/SubSystemModules/Housekepping/TelemetryCollector.c:33:2: warning: format '%d' expects argument of type 'int', but argument 2 has type 'time_unix' [-Wformat]
../src/SubSystemModules/Housekepping/TelemetryCollector.c:33:2: warning: format '%d' expects argument of type 'int', but argument 2 has type 'time_unix' [-Wformat]
../src/SubSystemModules/Housekepping/TelemetryCollector.c:36:2: warning: format '%d' expects argument of type 'int', but argument 2 has type 'time_unix' [-Wformat]
../src/SubSystemModules/Housekepping/TelemetryCollector.c:36:2: warning: format '%d' expects argument of type 'int', but argument 2 has type 'time_unix' [-Wformat]
../src/SubSystemModules/Housekepping/TelemetryCollector.c:39:2: warning: format '%d' expects argument of type 'int', but argument 2 has type 'time_unix' [-Wformat]
../src/SubSystemModules/Housekepping/TelemetryCollector.c:39:2: warning: format '%d' expects argument of type 'int', but argument 2 has type 'time_unix' [-Wformat]
../src/SubSystemModules/Housekepping/TelemetryCollector.c:42:2: warning: format '%d' expects argument of type 'int', but argument 2 has type 'time_unix' [-Wformat]
../src/SubSystemModules/Housekepping/TelemetryCollector.c:42:2: warning: format '%d' expects argument of type 'int', but argument 2 has type 'time_unix' [-Wformat]
../src/SubSystemModules/Housekepping/TelemetryCollector.c:45:2: warning: format '%d' expects argument of type 'int', but argument 2 has type 'time_unix' [-Wformat]
../src/SubSystemModules/Housekepping/TelemetryCollector.c:45:2: warning: format '%d' expects argument of type 'int', but argument 2 has type 'time_unix' [-Wformat]
../src/SubSystemModules/Housekepping/TelemetryCollector.c: In function 'TelemetryCollectorLogic':
../src/SubSystemModules/Housekepping/TelemetryCollector.c:55:3: warning: passing argument 1 of 'Time_getUnixEpoch' from incompatible pointer type [enabled by default]
In file included from ../src/SubSystemModules/Housekepping/TelemetryCollector.c:15:0:
C:/ISIS/workspace_ycube/GlobusSatProject/..//hal/hal/include/hal/Timing/Time.h:126:5: note: expected 'unsigned int *' but argument is of type 'time_unix *'
../src/SubSystemModules/Housekepping/TelemetryCollector.c:63:3: warning: passing argument 1 of 'Time_getUnixEpoch' from incompatible pointer type [enabled by default]
In file included from ../src/SubSystemModules/Housekepping/TelemetryCollector.c:15:0:
C:/ISIS/workspace_ycube/GlobusSatProject/..//hal/hal/include/hal/Timing/Time.h:126:5: note: expected 'unsigned int *' but argument is of type 'time_unix *'
../src/SubSystemModules/Housekepping/TelemetryCollector.c:70:3: warning: passing argument 1 of 'Time_getUnixEpoch' from incompatible pointer type [enabled by default]
In file included from ../src/SubSystemModules/Housekepping/TelemetryCollector.c:15:0:
C:/ISIS/workspace_ycube/GlobusSatProject/..//hal/hal/include/hal/Timing/Time.h:126:5: note: expected 'unsigned int *' but argument is of type 'time_unix *'
../src/SubSystemModules/Housekepping/TelemetryCollector.c:77:3: warning: passing argument 1 of 'Time_getUnixEpoch' from incompatible pointer type [enabled by default]
In file included from ../src/SubSystemModules/Housekepping/TelemetryCollector.c:15:0:
C:/ISIS/workspace_ycube/GlobusSatProject/..//hal/hal/include/hal/Timing/Time.h:126:5: note: expected 'unsigned int *' but argument is of type 'time_unix *'
../src/SubSystemModules/Housekepping/TelemetryCollector.c:84:3: warning: passing argument 1 of 'Time_getUnixEpoch' from incompatible pointer type [enabled by default]
In file included from ../src/SubSystemModules/Housekepping/TelemetryCollector.c:15:0:
C:/ISIS/workspace_ycube/GlobusSatProject/..//hal/hal/include/hal/Timing/Time.h:126:5: note: expected 'unsigned int *' but argument is of type 'time_unix *'
../src/SubSystemModules/Housekepping/TelemetryCollector.c: In function 'TelemetrySaveANT':
../src/SubSystemModules/Housekepping/TelemetryCollector.c:147:7: warning: unused variable 'err' [-Wunused-variable]
../src/SubSystemModules/Housekepping/TelemetryCollector.c: In function 'GetCurrentWODTelemetry':
../src/SubSystemModules/Housekepping/TelemetryCollector.c:222:2: warning: passing argument 1 of 'Time_getUnixEpoch' from incompatible pointer type [enabled by default]
In file included from ../src/SubSystemModules/Housekepping/TelemetryCollector.c:15:0:
C:/ISIS/workspace_ycube/GlobusSatProject/..//hal/hal/include/hal/Timing/Time.h:126:5: note: expected 'unsigned int *' but argument is of type 'time_unix *'
../src/SubSystemModules/Housekepping/TelemetryCollector.c:244:2: warning: passing argument 1 of 'FRAM_read' from incompatible pointer type [enabled by default]
In file included from C:\ISIS\workspace_ycube\GlobusSatProject\src/FRAM_FlightParameters.h:11:0,
                 from C:\ISIS\workspace_ycube\GlobusSatProject\src/GlobalStandards.h:9,
                 from ../src/SubSystemModules/Housekepping/TelemetryCollector.c:3:
C:/ISIS/workspace_ycube/GlobusSatProject/..//hal/hal/include/hal/Storage/FRAM.h:62:5: note: expected 'unsigned char *' but argument is of type 'int *'
../src/SubSystemModules/Housekepping/TelemetryCollector.c:246:2: warning: passing argument 1 of 'FRAM_read' from incompatible pointer type [enabled by default]
In file included from C:\ISIS\workspace_ycube\GlobusSatProject\src/FRAM_FlightParameters.h:11:0,
                 from C:\ISIS\workspace_ycube\GlobusSatProject\src/GlobalStandards.h:9,
                 from ../src/SubSystemModules/Housekepping/TelemetryCollector.c:3:
C:/ISIS/workspace_ycube/GlobusSatProject/..//hal/hal/include/hal/Storage/FRAM.h:62:5: note: expected 'unsigned char *' but argument is of type 'int *'
../src/SubSystemModules/Housekepping/TelemetryCollector.c: In function 'InitSavePeriodTimes':
../src/SubSystemModules/Housekepping/TelemetryCollector.c:33:8: warning: 'value' is used uninitialized in this function [-Wuninitialized]
Finished building: ../src/SubSystemModules/Housekepping/TelemetryCollector.c
 
Building file: ../src/SubSystemModules/Communication/SubsystemCommands/EPS_Commands.c
Invoking: Cross ARM C Compiler
arm-none-eabi-gcc -mcpu=arm926ej-s -std=c99 -O0 -fmessage-length=0 -ffunction-sections -Wall -Wextra  -g -std=c99 -Dsdram -Dat91sam9g20 -DTRACE_LEVEL=5 -DDEBUG=1 -D'BASE_REVISION_NUMBER=' -D'BASE_REVISION_HASH_SHORT=' -D'BASE_REVISION_HASH=' -I"C:/ISIS/workspace_ycube/GlobusSatProject/..//satellite-subsystems/satellite-subsystems/include" -I"C:\ISIS\workspace_ycube\GlobusSatProject\src" -I"C:/ISIS/workspace_ycube/GlobusSatProject/..//hal/hcc/include" -I"C:/ISIS/workspace_ycube/GlobusSatProject/..//hal/freertos/include" -I"C:/ISIS/workspace_ycube/GlobusSatProject/..//hal/hal/include" -I"C:/ISIS/workspace_ycube/GlobusSatProject/..//hal/at91/include" -MMD -MP -MF"src/SubSystemModules/Communication/SubsystemCommands/EPS_Commands.d" -MT"src/SubSystemModules/Communication/SubsystemCommands/EPS_Commands.d" -c -o "src/SubSystemModules/Communication/SubsystemCommands/EPS_Commands.o" "../src/SubSystemModules/Communication/SubsystemCommands/EPS_Commands.c"
../src/SubSystemModules/Communication/SubsystemCommands/EPS_Commands.c: In function 'CMD_UpdateThresholdVoltages':
../src/SubSystemModules/Communication/SubsystemCommands/EPS_Commands.c:20:47: warning: unused parameter 'cmd' [-Wunused-parameter]
../src/SubSystemModules/Communication/SubsystemCommands/EPS_Commands.c: In function 'CMD_GetThresholdVoltages':
../src/SubSystemModules/Communication/SubsystemCommands/EPS_Commands.c:25:44: warning: unused parameter 'cmd' [-Wunused-parameter]
../src/SubSystemModules/Communication/SubsystemCommands/EPS_Commands.c: In function 'CMD_UpdateSmoothingFactor':
../src/SubSystemModules/Communication/SubsystemCommands/EPS_Commands.c:30:45: warning: unused parameter 'cmd' [-Wunused-parameter]
../src/SubSystemModules/Communication/SubsystemCommands/EPS_Commands.c: In function 'CMD_RestoreDefaultAlpha':
../src/SubSystemModules/Communication/SubsystemCommands/EPS_Commands.c:35:43: warning: unused parameter 'cmd' [-Wunused-parameter]
../src/SubSystemModules/Communication/SubsystemCommands/EPS_Commands.c: In function 'CMD_RestoreDefaultThresholdVoltages':
../src/SubSystemModules/Communication/SubsystemCommands/EPS_Commands.c:40:55: warning: unused parameter 'cmd' [-Wunused-parameter]
../src/SubSystemModules/Communication/SubsystemCommands/EPS_Commands.c: In function 'CMD_GetSmoothingFactor':
../src/SubSystemModules/Communication/SubsystemCommands/EPS_Commands.c:45:42: warning: unused parameter 'cmd' [-Wunused-parameter]
../src/SubSystemModules/Communication/SubsystemCommands/EPS_Commands.c: In function 'CMD_EnterCruiseMode':
../src/SubSystemModules/Communication/SubsystemCommands/EPS_Commands.c:50:39: warning: unused parameter 'cmd' [-Wunused-parameter]
../src/SubSystemModules/Communication/SubsystemCommands/EPS_Commands.c: In function 'CMD_EnterFullMode':
../src/SubSystemModules/Communication/SubsystemCommands/EPS_Commands.c:55:37: warning: unused parameter 'cmd' [-Wunused-parameter]
../src/SubSystemModules/Communication/SubsystemCommands/EPS_Commands.c: In function 'CMD_EnterCriticalMode':
../src/SubSystemModules/Communication/SubsystemCommands/EPS_Commands.c:60:41: warning: unused parameter 'cmd' [-Wunused-parameter]
../src/SubSystemModules/Communication/SubsystemCommands/EPS_Commands.c: In function 'CMD_EnterSafeMode':
../src/SubSystemModules/Communication/SubsystemCommands/EPS_Commands.c:65:37: warning: unused parameter 'cmd' [-Wunused-parameter]
../src/SubSystemModules/Communication/SubsystemCommands/EPS_Commands.c: In function 'CMD_GetCurrentMode':
../src/SubSystemModules/Communication/SubsystemCommands/EPS_Commands.c:70:38: warning: unused parameter 'cmd' [-Wunused-parameter]
../src/SubSystemModules/Communication/SubsystemCommands/EPS_Commands.c: In function 'CMD_EPS_NOP':
../src/SubSystemModules/Communication/SubsystemCommands/EPS_Commands.c:75:31: warning: unused parameter 'cmd' [-Wunused-parameter]
../src/SubSystemModules/Communication/SubsystemCommands/EPS_Commands.c: In function 'CMD_EPS_ResetWDT':
../src/SubSystemModules/Communication/SubsystemCommands/EPS_Commands.c:80:36: warning: unused parameter 'cmd' [-Wunused-parameter]
../src/SubSystemModules/Communication/SubsystemCommands/EPS_Commands.c: In function 'CMD_EPS_SetChannels':
../src/SubSystemModules/Communication/SubsystemCommands/EPS_Commands.c:85:39: warning: unused parameter 'cmd' [-Wunused-parameter]
../src/SubSystemModules/Communication/SubsystemCommands/EPS_Commands.c: In function 'CMD_SetChannels3V3_On':
../src/SubSystemModules/Communication/SubsystemCommands/EPS_Commands.c:90:41: warning: unused parameter 'cmd' [-Wunused-parameter]
../src/SubSystemModules/Communication/SubsystemCommands/EPS_Commands.c: In function 'CMD_SetChannels3V3_Off':
../src/SubSystemModules/Communication/SubsystemCommands/EPS_Commands.c:95:42: warning: unused parameter 'cmd' [-Wunused-parameter]
../src/SubSystemModules/Communication/SubsystemCommands/EPS_Commands.c: In function 'CMD_SetChannels5V_On':
../src/SubSystemModules/Communication/SubsystemCommands/EPS_Commands.c:100:40: warning: unused parameter 'cmd' [-Wunused-parameter]
../src/SubSystemModules/Communication/SubsystemCommands/EPS_Commands.c: In function 'CMD_SetChannels5V_Off':
../src/SubSystemModules/Communication/SubsystemCommands/EPS_Commands.c:105:41: warning: unused parameter 'cmd' [-Wunused-parameter]
../src/SubSystemModules/Communication/SubsystemCommands/EPS_Commands.c: In function 'CMD_GetEpsParameter':
../src/SubSystemModules/Communication/SubsystemCommands/EPS_Commands.c:110:39: warning: unused parameter 'cmd' [-Wunused-parameter]
../src/SubSystemModules/Communication/SubsystemCommands/EPS_Commands.c: In function 'CMD_SetEpsParemeter':
../src/SubSystemModules/Communication/SubsystemCommands/EPS_Commands.c:115:39: warning: unused parameter 'cmd' [-Wunused-parameter]
../src/SubSystemModules/Communication/SubsystemCommands/EPS_Commands.c: In function 'CMD_ResetParameter':
../src/SubSystemModules/Communication/SubsystemCommands/EPS_Commands.c:120:38: warning: unused parameter 'cmd' [-Wunused-parameter]
../src/SubSystemModules/Communication/SubsystemCommands/EPS_Commands.c: In function 'CMD_ResetConfig':
../src/SubSystemModules/Communication/SubsystemCommands/EPS_Commands.c:125:35: warning: unused parameter 'cmd' [-Wunused-parameter]
../src/SubSystemModules/Communication/SubsystemCommands/EPS_Commands.c: In function 'CMD_LoadConfig':
../src/SubSystemModules/Communication/SubsystemCommands/EPS_Commands.c:130:34: warning: unused parameter 'cmd' [-Wunused-parameter]
../src/SubSystemModules/Communication/SubsystemCommands/EPS_Commands.c: In function 'CMD_SaveConfig':
../src/SubSystemModules/Communication/SubsystemCommands/EPS_Commands.c:135:34: warning: unused parameter 'cmd' [-Wunused-parameter]
../src/SubSystemModules/Communication/SubsystemCommands/EPS_Commands.c: In function 'CMD_SolarPanelWake':
../src/SubSystemModules/Communication/SubsystemCommands/EPS_Commands.c:140:38: warning: unused parameter 'cmd' [-Wunused-parameter]
../src/SubSystemModules/Communication/SubsystemCommands/EPS_Commands.c: In function 'CMD_SolarPanelSleep':
../src/SubSystemModules/Communication/SubsystemCommands/EPS_Commands.c:145:39: warning: unused parameter 'cmd' [-Wunused-parameter]
../src/SubSystemModules/Communication/SubsystemCommands/EPS_Commands.c: In function 'CMD_GetSolarPanelState':
../src/SubSystemModules/Communication/SubsystemCommands/EPS_Commands.c:150:42: warning: unused parameter 'cmd' [-Wunused-parameter]
Finished building: ../src/SubSystemModules/Communication/SubsystemCommands/EPS_Commands.c
 
Building file: ../src/SubSystemModules/Communication/SubsystemCommands/FS_Commands.c
Invoking: Cross ARM C Compiler
arm-none-eabi-gcc -mcpu=arm926ej-s -std=c99 -O0 -fmessage-length=0 -ffunction-sections -Wall -Wextra  -g -std=c99 -Dsdram -Dat91sam9g20 -DTRACE_LEVEL=5 -DDEBUG=1 -D'BASE_REVISION_NUMBER=' -D'BASE_REVISION_HASH_SHORT=' -D'BASE_REVISION_HASH=' -I"C:/ISIS/workspace_ycube/GlobusSatProject/..//satellite-subsystems/satellite-subsystems/include" -I"C:\ISIS\workspace_ycube\GlobusSatProject\src" -I"C:/ISIS/workspace_ycube/GlobusSatProject/..//hal/hcc/include" -I"C:/ISIS/workspace_ycube/GlobusSatProject/..//hal/freertos/include" -I"C:/ISIS/workspace_ycube/GlobusSatProject/..//hal/hal/include" -I"C:/ISIS/workspace_ycube/GlobusSatProject/..//hal/at91/include" -MMD -MP -MF"src/SubSystemModules/Communication/SubsystemCommands/FS_Commands.d" -MT"src/SubSystemModules/Communication/SubsystemCommands/FS_Commands.d" -c -o "src/SubSystemModules/Communication/SubsystemCommands/FS_Commands.o" "../src/SubSystemModules/Communication/SubsystemCommands/FS_Commands.c"
../src/SubSystemModules/Communication/SubsystemCommands/FS_Commands.c: In function 'CMD_DeleteTLM':
../src/SubSystemModules/Communication/SubsystemCommands/FS_Commands.c:17:2: warning: passing argument 1 of 'AssembleCommand' from incompatible pointer type [enabled by default]
In file included from ../src/SubSystemModules/Communication/SubsystemCommands/FS_Commands.h:4:0,
                 from ../src/SubSystemModules/Communication/SubsystemCommands/FS_Commands.c:1:
C:\ISIS\workspace_ycube\GlobusSatProject\src/SubSystemModules/Communication/SatCommandHandler.h:56:5: note: expected 'unsigned char *' but argument is of type 'unsigned char (*)[200]'
../src/SubSystemModules/Communication/SubsystemCommands/FS_Commands.c:19:2: warning: implicit declaration of function 'memcpy' [-Wimplicit-function-declaration]
../src/SubSystemModules/Communication/SubsystemCommands/FS_Commands.c:19:2: warning: incompatible implicit declaration of built-in function 'memcpy' [enabled by default]
../src/SubSystemModules/Communication/SubsystemCommands/FS_Commands.c:34:2: warning: passing argument 2 of 'SendAckPacket' from incompatible pointer type [enabled by default]
In file included from C:\ISIS\workspace_ycube\GlobusSatProject\src/SubSystemModules/Communication/TRXVU.h:10:0,
                 from ../src/SubSystemModules/Communication/SubsystemCommands/FS_Commands.c:4:
C:\ISIS\workspace_ycube\GlobusSatProject\src/SubSystemModules/Communication/AckHandler.h:19:5: note: expected 'struct sat_packet_t *' but argument is of type 'struct sat_packet_t **'
../src/SubSystemModules/Communication/SubsystemCommands/FS_Commands.c:34:2: warning: passing argument 3 of 'SendAckPacket' makes pointer from integer without a cast [enabled by default]
In file included from C:\ISIS\workspace_ycube\GlobusSatProject\src/SubSystemModules/Communication/TRXVU.h:10:0,
                 from ../src/SubSystemModules/Communication/SubsystemCommands/FS_Commands.c:4:
C:\ISIS\workspace_ycube\GlobusSatProject\src/SubSystemModules/Communication/AckHandler.h:19:5: note: expected 'unsigned char *' but argument is of type 'int'
../src/SubSystemModules/Communication/SubsystemCommands/FS_Commands.c: In function 'CMD_DeleteFileByTime':
../src/SubSystemModules/Communication/SubsystemCommands/FS_Commands.c:39:40: warning: unused parameter 'cmd' [-Wunused-parameter]
../src/SubSystemModules/Communication/SubsystemCommands/FS_Commands.c: In function 'CMD_DeleteFilesOfType':
../src/SubSystemModules/Communication/SubsystemCommands/FS_Commands.c:44:41: warning: unused parameter 'cmd' [-Wunused-parameter]
../src/SubSystemModules/Communication/SubsystemCommands/FS_Commands.c: In function 'CMD_DeleteFS':
../src/SubSystemModules/Communication/SubsystemCommands/FS_Commands.c:49:32: warning: unused parameter 'cmd' [-Wunused-parameter]
../src/SubSystemModules/Communication/SubsystemCommands/FS_Commands.c: In function 'CMD_GetNumOfFilesInTimeRange':
../src/SubSystemModules/Communication/SubsystemCommands/FS_Commands.c:54:48: warning: unused parameter 'cmd' [-Wunused-parameter]
../src/SubSystemModules/Communication/SubsystemCommands/FS_Commands.c: In function 'CMD_GetNumOfFilesByType':
../src/SubSystemModules/Communication/SubsystemCommands/FS_Commands.c:59:43: warning: unused parameter 'cmd' [-Wunused-parameter]
../src/SubSystemModules/Communication/SubsystemCommands/FS_Commands.c: In function 'CMD_GetLastFS_Error':
../src/SubSystemModules/Communication/SubsystemCommands/FS_Commands.c:64:39: warning: unused parameter 'cmd' [-Wunused-parameter]
../src/SubSystemModules/Communication/SubsystemCommands/FS_Commands.c: In function 'CMD_FreeSpace':
../src/SubSystemModules/Communication/SubsystemCommands/FS_Commands.c:69:33: warning: unused parameter 'cmd' [-Wunused-parameter]
../src/SubSystemModules/Communication/SubsystemCommands/FS_Commands.c: In function 'CMD_GetFileLengthByTime':
../src/SubSystemModules/Communication/SubsystemCommands/FS_Commands.c:74:43: warning: unused parameter 'cmd' [-Wunused-parameter]
../src/SubSystemModules/Communication/SubsystemCommands/FS_Commands.c: In function 'CMD_GetTimeOfLastElementInFile':
../src/SubSystemModules/Communication/SubsystemCommands/FS_Commands.c:79:50: warning: unused parameter 'cmd' [-Wunused-parameter]
../src/SubSystemModules/Communication/SubsystemCommands/FS_Commands.c: In function 'CMD_GetTimeOfFirstElement':
../src/SubSystemModules/Communication/SubsystemCommands/FS_Commands.c:84:45: warning: unused parameter 'cmd' [-Wunused-parameter]
Finished building: ../src/SubSystemModules/Communication/SubsystemCommands/FS_Commands.c
 
Building file: ../src/SubSystemModules/Communication/SubsystemCommands/Maintanence_Commands.c
Invoking: Cross ARM C Compiler
arm-none-eabi-gcc -mcpu=arm926ej-s -std=c99 -O0 -fmessage-length=0 -ffunction-sections -Wall -Wextra  -g -std=c99 -Dsdram -Dat91sam9g20 -DTRACE_LEVEL=5 -DDEBUG=1 -D'BASE_REVISION_NUMBER=' -D'BASE_REVISION_HASH_SHORT=' -D'BASE_REVISION_HASH=' -I"C:/ISIS/workspace_ycube/GlobusSatProject/..//satellite-subsystems/satellite-subsystems/include" -I"C:\ISIS\workspace_ycube\GlobusSatProject\src" -I"C:/ISIS/workspace_ycube/GlobusSatProject/..//hal/hcc/include" -I"C:/ISIS/workspace_ycube/GlobusSatProject/..//hal/freertos/include" -I"C:/ISIS/workspace_ycube/GlobusSatProject/..//hal/hal/include" -I"C:/ISIS/workspace_ycube/GlobusSatProject/..//hal/at91/include" -MMD -MP -MF"src/SubSystemModules/Communication/SubsystemCommands/Maintanence_Commands.d" -MT"src/SubSystemModules/Communication/SubsystemCommands/Maintanence_Commands.d" -c -o "src/SubSystemModules/Communication/SubsystemCommands/Maintanence_Commands.o" "../src/SubSystemModules/Communication/SubsystemCommands/Maintanence_Commands.c"
../src/SubSystemModules/Communication/SubsystemCommands/Maintanence_Commands.c: In function 'CMD_GetSatTime':
../src/SubSystemModules/Communication/SubsystemCommands/Maintanence_Commands.c:163:2: warning: passing argument 1 of 'Time_getUnixEpoch' from incompatible pointer type [enabled by default]
In file included from ../src/SubSystemModules/Communication/SubsystemCommands/Maintanence_Commands.c:7:0:
C:/ISIS/workspace_ycube/GlobusSatProject/..//hal/hal/include/hal/Timing/Time.h:126:5: note: expected 'unsigned int *' but argument is of type 'time_unix *'
Finished building: ../src/SubSystemModules/Communication/SubsystemCommands/Maintanence_Commands.c
 
Building file: ../src/SubSystemModules/Communication/SubsystemCommands/TRXVU_Commands.c
Invoking: Cross ARM C Compiler
arm-none-eabi-gcc -mcpu=arm926ej-s -std=c99 -O0 -fmessage-length=0 -ffunction-sections -Wall -Wextra  -g -std=c99 -Dsdram -Dat91sam9g20 -DTRACE_LEVEL=5 -DDEBUG=1 -D'BASE_REVISION_NUMBER=' -D'BASE_REVISION_HASH_SHORT=' -D'BASE_REVISION_HASH=' -I"C:/ISIS/workspace_ycube/GlobusSatProject/..//satellite-subsystems/satellite-subsystems/include" -I"C:\ISIS\workspace_ycube\GlobusSatProject\src" -I"C:/ISIS/workspace_ycube/GlobusSatProject/..//hal/hcc/include" -I"C:/ISIS/workspace_ycube/GlobusSatProject/..//hal/freertos/include" -I"C:/ISIS/workspace_ycube/GlobusSatProject/..//hal/hal/include" -I"C:/ISIS/workspace_ycube/GlobusSatProject/..//hal/at91/include" -MMD -MP -MF"src/SubSystemModules/Communication/SubsystemCommands/TRXVU_Commands.d" -MT"src/SubSystemModules/Communication/SubsystemCommands/TRXVU_Commands.d" -c -o "src/SubSystemModules/Communication/SubsystemCommands/TRXVU_Commands.o" "../src/SubSystemModules/Communication/SubsystemCommands/TRXVU_Commands.c"
../src/SubSystemModules/Communication/SubsystemCommands/TRXVU_Commands.c: In function 'DumpTask':
../src/SubSystemModules/Communication/SubsystemCommands/TRXVU_Commands.c:25:2: warning: implicit declaration of function 'f_enterFS' [-Wimplicit-function-declaration]
../src/SubSystemModules/Communication/SubsystemCommands/TRXVU_Commands.c:44:2: warning: passing argument 1 of 'FinishDump' from incompatible pointer type [enabled by default]
In file included from ../src/SubSystemModules/Communication/SubsystemCommands/TRXVU_Commands.h:5:0,
                 from ../src/SubSystemModules/Communication/SubsystemCommands/TRXVU_Commands.c:8:
C:\ISIS\workspace_ycube\GlobusSatProject\src/SubSystemModules/Communication/TRXVU.h:82:6: note: expected 'struct sat_packet_t *' but argument is of type 'struct dump_arguments_t *'
../src/SubSystemModules/Communication/SubsystemCommands/TRXVU_Commands.c:44:2: warning: passing argument 4 of 'FinishDump' from incompatible pointer type [enabled by default]
In file included from ../src/SubSystemModules/Communication/SubsystemCommands/TRXVU_Commands.h:5:0,
                 from ../src/SubSystemModules/Communication/SubsystemCommands/TRXVU_Commands.c:8:
C:\ISIS\workspace_ycube\GlobusSatProject\src/SubSystemModules/Communication/TRXVU.h:82:6: note: expected 'unsigned char *' but argument is of type 'int *'
../src/SubSystemModules/Communication/SubsystemCommands/TRXVU_Commands.c: In function 'CMD_StartDump':
../src/SubSystemModules/Communication/SubsystemCommands/TRXVU_Commands.c:82:2: warning: passing argument 1 of 'AssembleCommand' from incompatible pointer type [enabled by default]
In file included from C:\ISIS\workspace_ycube\GlobusSatProject\src/SubSystemModules/Communication/AckHandler.h:5:0,
                 from C:\ISIS\workspace_ycube\GlobusSatProject\src/SubSystemModules/Communication/TRXVU.h:10,
                 from ../src/SubSystemModules/Communication/SubsystemCommands/TRXVU_Commands.h:5,
                 from ../src/SubSystemModules/Communication/SubsystemCommands/TRXVU_Commands.c:8:
C:\ISIS\workspace_ycube\GlobusSatProject\src/SubSystemModules/Communication/SatCommandHandler.h:56:5: note: expected 'unsigned char *' but argument is of type 'unsigned char (*)[200]'
Finished building: ../src/SubSystemModules/Communication/SubsystemCommands/TRXVU_Commands.c
 
Building file: ../src/SubSystemModules/Communication/AckHandler.c
Invoking: Cross ARM C Compiler
arm-none-eabi-gcc -mcpu=arm926ej-s -std=c99 -O0 -fmessage-length=0 -ffunction-sections -Wall -Wextra  -g -std=c99 -Dsdram -Dat91sam9g20 -DTRACE_LEVEL=5 -DDEBUG=1 -D'BASE_REVISION_NUMBER=' -D'BASE_REVISION_HASH_SHORT=' -D'BASE_REVISION_HASH=' -I"C:/ISIS/workspace_ycube/GlobusSatProject/..//satellite-subsystems/satellite-subsystems/include" -I"C:\ISIS\workspace_ycube\GlobusSatProject\src" -I"C:/ISIS/workspace_ycube/GlobusSatProject/..//hal/hcc/include" -I"C:/ISIS/workspace_ycube/GlobusSatProject/..//hal/freertos/include" -I"C:/ISIS/workspace_ycube/GlobusSatProject/..//hal/hal/include" -I"C:/ISIS/workspace_ycube/GlobusSatProject/..//hal/at91/include" -MMD -MP -MF"src/SubSystemModules/Communication/AckHandler.d" -MT"src/SubSystemModules/Communication/AckHandler.d" -c -o "src/SubSystemModules/Communication/AckHandler.o" "../src/SubSystemModules/Communication/AckHandler.c"
Finished building: ../src/SubSystemModules/Communication/AckHandler.c
 
Building file: ../src/SubSystemModules/Communication/CommandDictionary.c
Invoking: Cross ARM C Compiler
arm-none-eabi-gcc -mcpu=arm926ej-s -std=c99 -O0 -fmessage-length=0 -ffunction-sections -Wall -Wextra  -g -std=c99 -Dsdram -Dat91sam9g20 -DTRACE_LEVEL=5 -DDEBUG=1 -D'BASE_REVISION_NUMBER=' -D'BASE_REVISION_HASH_SHORT=' -D'BASE_REVISION_HASH=' -I"C:/ISIS/workspace_ycube/GlobusSatProject/..//satellite-subsystems/satellite-subsystems/include" -I"C:\ISIS\workspace_ycube\GlobusSatProject\src" -I"C:/ISIS/workspace_ycube/GlobusSatProject/..//hal/hcc/include" -I"C:/ISIS/workspace_ycube/GlobusSatProject/..//hal/freertos/include" -I"C:/ISIS/workspace_ycube/GlobusSatProject/..//hal/hal/include" -I"C:/ISIS/workspace_ycube/GlobusSatProject/..//hal/at91/include" -MMD -MP -MF"src/SubSystemModules/Communication/CommandDictionary.d" -MT"src/SubSystemModules/Communication/CommandDictionary.d" -c -o "src/SubSystemModules/Communication/CommandDictionary.o" "../src/SubSystemModules/Communication/CommandDictionary.c"
../src/SubSystemModules/Communication/CommandDictionary.c: In function 'trxvu_command_router':
../src/SubSystemModules/Communication/CommandDictionary.c:18:15: warning: unused variable 'delayed_cmd' [-Wunused-variable]
../src/SubSystemModules/Communication/CommandDictionary.c: In function 'filesystem_command_router':
../src/SubSystemModules/Communication/CommandDictionary.c:194:45: warning: unused parameter 'cmd' [-Wunused-parameter]
Finished building: ../src/SubSystemModules/Communication/CommandDictionary.c
 
Building file: ../src/SubSystemModules/Communication/SatCommandHandler.c
Invoking: Cross ARM C Compiler
arm-none-eabi-gcc -mcpu=arm926ej-s -std=c99 -O0 -fmessage-length=0 -ffunction-sections -Wall -Wextra  -g -std=c99 -Dsdram -Dat91sam9g20 -DTRACE_LEVEL=5 -DDEBUG=1 -D'BASE_REVISION_NUMBER=' -D'BASE_REVISION_HASH_SHORT=' -D'BASE_REVISION_HASH=' -I"C:/ISIS/workspace_ycube/GlobusSatProject/..//satellite-subsystems/satellite-subsystems/include" -I"C:\ISIS\workspace_ycube\GlobusSatProject\src" -I"C:/ISIS/workspace_ycube/GlobusSatProject/..//hal/hcc/include" -I"C:/ISIS/workspace_ycube/GlobusSatProject/..//hal/freertos/include" -I"C:/ISIS/workspace_ycube/GlobusSatProject/..//hal/hal/include" -I"C:/ISIS/workspace_ycube/GlobusSatProject/..//hal/at91/include" -MMD -MP -MF"src/SubSystemModules/Communication/SatCommandHandler.d" -MT"src/SubSystemModules/Communication/SatCommandHandler.d" -c -o "src/SubSystemModules/Communication/SatCommandHandler.o" "../src/SubSystemModules/Communication/SatCommandHandler.c"
../src/SubSystemModules/Communication/SatCommandHandler.c: In function 'isDelayedCommandDue':
../src/SubSystemModules/Communication/SatCommandHandler.c:92:39: warning: unused parameter 'cmd_time' [-Wunused-parameter]
../src/SubSystemModules/Communication/SatCommandHandler.c:92:58: warning: unused parameter 'expired' [-Wunused-parameter]
../src/SubSystemModules/Communication/SatCommandHandler.c: In function 'GetDelayedCommand':
../src/SubSystemModules/Communication/SatCommandHandler.c:98:37: warning: unused parameter 'cmd' [-Wunused-parameter]
../src/SubSystemModules/Communication/SatCommandHandler.c: In function 'AddDelayedCommand':
../src/SubSystemModules/Communication/SatCommandHandler.c:103:37: warning: unused parameter 'cmd' [-Wunused-parameter]
../src/SubSystemModules/Communication/SatCommandHandler.c: In function 'GetDelayedCommandByIndex':
../src/SubSystemModules/Communication/SatCommandHandler.c:117:43: warning: unused parameter 'index' [-Wunused-parameter]
../src/SubSystemModules/Communication/SatCommandHandler.c:117:64: warning: unused parameter 'cmd' [-Wunused-parameter]
../src/SubSystemModules/Communication/SatCommandHandler.c: In function 'DeleteDelayedCommandByIndex':
../src/SubSystemModules/Communication/SatCommandHandler.c:122:46: warning: unused parameter 'index' [-Wunused-parameter]
../src/SubSystemModules/Communication/SatCommandHandler.c: In function 'ClearDelayedCMD_FromBuffer':
../src/SubSystemModules/Communication/SatCommandHandler.c:132:45: warning: unused parameter 'start_addr' [-Wunused-parameter]
../src/SubSystemModules/Communication/SatCommandHandler.c:132:70: warning: unused parameter 'end_addr' [-Wunused-parameter]
../src/SubSystemModules/Communication/SatCommandHandler.c: In function 'ActUponCommand':
../src/SubSystemModules/Communication/SatCommandHandler.c:149:3: warning: implicit declaration of function 'trxvu_command_router' [-Wimplicit-function-declaration]
../src/SubSystemModules/Communication/SatCommandHandler.c:152:3: warning: implicit declaration of function 'eps_command_router' [-Wimplicit-function-declaration]
../src/SubSystemModules/Communication/SatCommandHandler.c:155:3: warning: implicit declaration of function 'telemetry_command_router' [-Wimplicit-function-declaration]
../src/SubSystemModules/Communication/SatCommandHandler.c:158:3: warning: implicit declaration of function 'filesystem_command_router' [-Wimplicit-function-declaration]
../src/SubSystemModules/Communication/SatCommandHandler.c:161:3: warning: implicit declaration of function 'managment_command_router' [-Wimplicit-function-declaration]
Finished building: ../src/SubSystemModules/Communication/SatCommandHandler.c
 
Building file: ../src/SubSystemModules/Communication/TRXVU.c
Invoking: Cross ARM C Compiler
arm-none-eabi-gcc -mcpu=arm926ej-s -std=c99 -O0 -fmessage-length=0 -ffunction-sections -Wall -Wextra  -g -std=c99 -Dsdram -Dat91sam9g20 -DTRACE_LEVEL=5 -DDEBUG=1 -D'BASE_REVISION_NUMBER=' -D'BASE_REVISION_HASH_SHORT=' -D'BASE_REVISION_HASH=' -I"C:/ISIS/workspace_ycube/GlobusSatProject/..//satellite-subsystems/satellite-subsystems/include" -I"C:\ISIS\workspace_ycube\GlobusSatProject\src" -I"C:/ISIS/workspace_ycube/GlobusSatProject/..//hal/hcc/include" -I"C:/ISIS/workspace_ycube/GlobusSatProject/..//hal/freertos/include" -I"C:/ISIS/workspace_ycube/GlobusSatProject/..//hal/hal/include" -I"C:/ISIS/workspace_ycube/GlobusSatProject/..//hal/at91/include" -MMD -MP -MF"src/SubSystemModules/Communication/TRXVU.d" -MT"src/SubSystemModules/Communication/TRXVU.d" -c -o "src/SubSystemModules/Communication/TRXVU.o" "../src/SubSystemModules/Communication/TRXVU.c"
../src/SubSystemModules/Communication/TRXVU.c: In function 'checkIdleFinish':
../src/SubSystemModules/Communication/TRXVU.c:127:2: warning: passing argument 1 of 'Time_getUnixEpoch' from incompatible pointer type [enabled by default]
In file included from ../src/SubSystemModules/Communication/TRXVU.c:5:0:
C:/ISIS/workspace_ycube/GlobusSatProject/..//hal/hal/include/hal/Timing/Time.h:126:5: note: expected 'unsigned int *' but argument is of type 'time_unix *'
../src/SubSystemModules/Communication/TRXVU.c: In function 'GetOnlineCommand':
../src/SubSystemModules/Communication/TRXVU.c:178:6: warning: unused variable 'err' [-Wunused-variable]
../src/SubSystemModules/Communication/TRXVU.c: In function 'CheckTransmitionAllowed':
../src/SubSystemModules/Communication/TRXVU.c:210:2: warning: passing argument 1 of 'Time_getUnixEpoch' from incompatible pointer type [enabled by default]
In file included from ../src/SubSystemModules/Communication/TRXVU.c:5:0:
C:/ISIS/workspace_ycube/GlobusSatProject/..//hal/hal/include/hal/Timing/Time.h:126:5: note: expected 'unsigned int *' but argument is of type 'time_unix *'
../src/SubSystemModules/Communication/TRXVU.c: In function 'BeaconLogic':
../src/SubSystemModules/Communication/TRXVU.c:292:2: warning: passing argument 1 of 'Time_getUnixEpoch' from incompatible pointer type [enabled by default]
In file included from ../src/SubSystemModules/Communication/TRXVU.c:5:0:
C:/ISIS/workspace_ycube/GlobusSatProject/..//hal/hal/include/hal/Timing/Time.h:126:5: note: expected 'unsigned int *' but argument is of type 'time_unix *'
../src/SubSystemModules/Communication/TRXVU.c:278:6: warning: unused variable 'err' [-Wunused-variable]
../src/SubSystemModules/Communication/TRXVU.c: In function 'SetIdleState':
../src/SubSystemModules/Communication/TRXVU.c:316:3: warning: passing argument 1 of 'Time_getUnixEpoch' from incompatible pointer type [enabled by default]
In file included from ../src/SubSystemModules/Communication/TRXVU.c:5:0:
C:/ISIS/workspace_ycube/GlobusSatProject/..//hal/hal/include/hal/Timing/Time.h:126:5: note: expected 'unsigned int *' but argument is of type 'time_unix *'
../src/SubSystemModules/Communication/TRXVU.c: In function 'muteTRXVU':
../src/SubSystemModules/Communication/TRXVU.c:332:2: warning: passing argument 1 of 'Time_getUnixEpoch' from incompatible pointer type [enabled by default]
In file included from ../src/SubSystemModules/Communication/TRXVU.c:5:0:
C:/ISIS/workspace_ycube/GlobusSatProject/..//hal/hal/include/hal/Timing/Time.h:126:5: note: expected 'unsigned int *' but argument is of type 'time_unix *'
Finished building: ../src/SubSystemModules/Communication/TRXVU.c
 
Building file: ../src/InitSystem.c
Invoking: Cross ARM C Compiler
arm-none-eabi-gcc -mcpu=arm926ej-s -std=c99 -O0 -fmessage-length=0 -ffunction-sections -Wall -Wextra  -g -std=c99 -Dsdram -Dat91sam9g20 -DTRACE_LEVEL=5 -DDEBUG=1 -D'BASE_REVISION_NUMBER=' -D'BASE_REVISION_HASH_SHORT=' -D'BASE_REVISION_HASH=' -I"C:/ISIS/workspace_ycube/GlobusSatProject/..//satellite-subsystems/satellite-subsystems/include" -I"C:\ISIS\workspace_ycube\GlobusSatProject\src" -I"C:/ISIS/workspace_ycube/GlobusSatProject/..//hal/hcc/include" -I"C:/ISIS/workspace_ycube/GlobusSatProject/..//hal/freertos/include" -I"C:/ISIS/workspace_ycube/GlobusSatProject/..//hal/hal/include" -I"C:/ISIS/workspace_ycube/GlobusSatProject/..//hal/at91/include" -MMD -MP -MF"src/InitSystem.d" -MT"src/InitSystem.d" -c -o "src/InitSystem.o" "../src/InitSystem.c"
../src/InitSystem.c: In function 'DeploySystem':
../src/InitSystem.c:170:2: warning: implicit declaration of function 'CMD_AntennaDeploy' [-Wimplicit-function-declaration]
../src/InitSystem.c:174:2: warning: passing argument 1 of 'Time_getUnixEpoch' from incompatible pointer type [enabled by default]
In file included from ../src/InitSystem.c:6:0:
C:/ISIS/workspace_ycube/GlobusSatProject/..//hal/hal/include/hal/Timing/Time.h:126:5: note: expected 'unsigned int *' but argument is of type 'time_unix *'
Finished building: ../src/InitSystem.c
 
Building file: ../src/TLM_management.c
Invoking: Cross ARM C Compiler
arm-none-eabi-gcc -mcpu=arm926ej-s -std=c99 -O0 -fmessage-length=0 -ffunction-sections -Wall -Wextra  -g -std=c99 -Dsdram -Dat91sam9g20 -DTRACE_LEVEL=5 -DDEBUG=1 -D'BASE_REVISION_NUMBER=' -D'BASE_REVISION_HASH_SHORT=' -D'BASE_REVISION_HASH=' -I"C:/ISIS/workspace_ycube/GlobusSatProject/..//satellite-subsystems/satellite-subsystems/include" -I"C:\ISIS\workspace_ycube\GlobusSatProject\src" -I"C:/ISIS/workspace_ycube/GlobusSatProject/..//hal/hcc/include" -I"C:/ISIS/workspace_ycube/GlobusSatProject/..//hal/freertos/include" -I"C:/ISIS/workspace_ycube/GlobusSatProject/..//hal/hal/include" -I"C:/ISIS/workspace_ycube/GlobusSatProject/..//hal/at91/include" -MMD -MP -MF"src/TLM_management.d" -MT"src/TLM_management.d" -c -o "src/TLM_management.o" "../src/TLM_management.c"
In file included from C:\ISIS\workspace_ycube\GlobusSatProject\src/GlobalStandards.h:5:0,
                 from C:\ISIS\workspace_ycube\GlobusSatProject\src/SubSystemModules/Housekepping/TelemetryCollector.h:4,
                 from ../src/TLM_management.c:17:
C:/ISIS/workspace_ycube/GlobusSatProject/..//hal/hal/include/hal/boolean.h:40:0: warning: "TRUE" redefined [enabled by default]
In file included from C:/ISIS/workspace_ycube/GlobusSatProject/..//hal/hcc/include/hcc/api_hcc_mem.h:31:0,
                 from ../src/TLM_management.c:15:
C:/ISIS/workspace_ycube/GlobusSatProject/..//hal/hcc/include/hcc/../psp/include/psp_types.h:59:0: note: this is the location of the previous definition
In file included from C:\ISIS\workspace_ycube\GlobusSatProject\src/GlobalStandards.h:5:0,
                 from C:\ISIS\workspace_ycube\GlobusSatProject\src/SubSystemModules/Housekepping/TelemetryCollector.h:4,
                 from ../src/TLM_management.c:17:
C:/ISIS/workspace_ycube/GlobusSatProject/..//hal/hal/include/hal/boolean.h:41:0: warning: "FALSE" redefined [enabled by default]
In file included from C:/ISIS/workspace_ycube/GlobusSatProject/..//hal/hcc/include/hcc/api_hcc_mem.h:31:0,
                 from ../src/TLM_management.c:15:
C:/ISIS/workspace_ycube/GlobusSatProject/..//hal/hcc/include/hcc/../psp/include/psp_types.h:56:0: note: this is the location of the previous definition
../src/TLM_management.c: In function 'deleteTLMFile':
../src/TLM_management.c:71:2: warning: implicit declaration of function 'getTlmTypeInfo' [-Wimplicit-function-declaration]
../src/TLM_management.c:74:2: warning: implicit declaration of function 'calculateFileName' [-Wimplicit-function-declaration]
../src/TLM_management.c: At top level:
../src/TLM_management.c:103:6: warning: conflicting types for 'calculateFileName' [enabled by default]
../src/TLM_management.c:74:2: note: previous implicit declaration of 'calculateFileName' was here
../src/TLM_management.c:117:6: warning: conflicting types for 'getTlmTypeInfo' [enabled by default]
../src/TLM_management.c:71:2: note: previous implicit declaration of 'getTlmTypeInfo' was here
../src/TLM_management.c: In function 'write2File':
../src/TLM_management.c:182:2: warning: passing argument 2 of 'calculateFileName' from incompatible pointer type [enabled by default]
../src/TLM_management.c:103:6: note: expected 'char *' but argument is of type 'char (*)[11]'
../src/TLM_management.c: In function 'printTLM':
../src/TLM_management.c:256:3: warning: format '%d' expects argument of type 'int', but argument 2 has type 'time_unix' [-Wformat]
../src/TLM_management.c:256:3: warning: format '%d' expects argument of type 'int', but argument 2 has type 'time_unix' [-Wformat]
../src/TLM_management.c: In function 'readTLMFile':
../src/TLM_management.c:324:2: warning: passing argument 2 of 'calculateFileName' from incompatible pointer type [enabled by default]
../src/TLM_management.c:103:6: note: expected 'char *' but argument is of type 'char (*)[11]'
../src/TLM_management.c:326:5: warning: assignment from incompatible pointer type [enabled by default]
../src/TLM_management.c:344:3: warning: passing argument 4 of 'fm_read' from incompatible pointer type [enabled by default]
In file included from ../src/TLM_management.c:14:0:
C:/ISIS/workspace_ycube/GlobusSatProject/..//hal/hcc/include/hcc/api_fat.h:613:6: note: expected 'struct FN_FILE *' but argument is of type 'struct FILE *'
../src/TLM_management.c:356:32: warning: comparison between signed and unsigned integer expressions [-Wsign-compare]
../src/TLM_management.c:376:2: warning: passing argument 1 of 'fm_close' from incompatible pointer type [enabled by default]
In file included from ../src/TLM_management.c:14:0:
C:/ISIS/workspace_ycube/GlobusSatProject/..//hal/hcc/include/hcc/api_fat.h:603:5: note: expected 'struct FN_FILE *' but argument is of type 'struct FILE *'
../src/TLM_management.c: In function 'readTLMFileTimeRange':
../src/TLM_management.c:411:2: warning: passing argument 2 of 'calculateFileName' from incompatible pointer type [enabled by default]
../src/TLM_management.c:103:6: note: expected 'char *' but argument is of type 'char (*)[11]'
../src/TLM_management.c:412:5: warning: assignment from incompatible pointer type [enabled by default]
../src/TLM_management.c:425:2: warning: passing argument 4 of 'fm_read' from incompatible pointer type [enabled by default]
In file included from ../src/TLM_management.c:14:0:
C:/ISIS/workspace_ycube/GlobusSatProject/..//hal/hcc/include/hcc/api_fat.h:613:6: note: expected 'struct FN_FILE *' but argument is of type 'struct FILE *'
../src/TLM_management.c:428:3: warning: format '%d' expects argument of type 'int', but argument 2 has type 'time_unix' [-Wformat]
../src/TLM_management.c:428:3: warning: format '%d' expects argument of type 'int', but argument 2 has type 'time_unix' [-Wformat]
../src/TLM_management.c:429:19: warning: comparison between signed and unsigned integer expressions [-Wsign-compare]
[...]
C:/ISIS/workspace_ycube/GlobusSatProject/..//hal/hal/include/hal/Timing/Time.h:126:5: note: expected 'unsigned int *' but argument is of type 'time_unix *'
../src/TestingDemos/FileSystemTestingDemo.c:700:2: warning: incompatible implicit declaration of built-in function 'printf' [enabled by default]
../src/TestingDemos/FileSystemTestingDemo.c:701:6: warning: variable 'numOfElementsSent' set but not used [-Wunused-but-set-variable]
../src/TestingDemos/FileSystemTestingDemo.c: In function 'FullSDTest':
../src/TestingDemos/FileSystemTestingDemo.c:716:2: warning: passing argument 1 of 'Time_getUnixEpoch' from incompatible pointer type [enabled by default]
In file included from ../src/TestingDemos/FileSystemTestingDemo.c:4:0:
C:/ISIS/workspace_ycube/GlobusSatProject/..//hal/hal/include/hal/Timing/Time.h:126:5: note: expected 'unsigned int *' but argument is of type 'time_unix *'
../src/TestingDemos/FileSystemTestingDemo.c:752:3: warning: incompatible implicit declaration of built-in function 'printf' [enabled by default]
../src/TestingDemos/FileSystemTestingDemo.c: In function 'LogErrorRateTest':
../src/TestingDemos/FileSystemTestingDemo.c:766:2: warning: incompatible implicit declaration of built-in function 'printf' [enabled by default]
../src/TestingDemos/FileSystemTestingDemo.c: In function 'selectAndExecuteFSTest':
../src/TestingDemos/FileSystemTestingDemo.c:797:2: warning: incompatible implicit declaration of built-in function 'printf' [enabled by default]
../src/TestingDemos/FileSystemTestingDemo.c:816:2: warning: implicit declaration of function 'UTIL_DbguGetIntegerMinMax' [-Wimplicit-function-declaration]
make: *** [src/TestingDemos/FileSystemTestingDemo.o] Error 1
make: Target `all' not remade because of errors.
08:01:52 **** Incremental Build of configuration Debug for project hal-demo ****
make -r -k all 
Invoking: Cross ARM GNU Print Size
arm-none-eabi-size --format=berkeley "hal-demo.elf"
   text	   data	    bss	    dec	    hex	filename
 345076	     12	 446936	 792024	  c15d8	hal-demo.elf
Finished building: hal-demo.siz
 
08:01:53 **** Incremental Build of configuration Debug for project satellite-subsystems-demo ****
make -r -k all 
Invoking: Cross ARM GNU Print Size
arm-none-eabi-size --format=berkeley "satellite-subsystems-demo.elf"
   text	   data	    bss	    dec	    hex	filename
 241080	     12	   3064	 244156	  3b9bc	satellite-subsystems-demo.elf
Finished building: satellite-subsystems-demo.siz
 
08:02:18 **** Incremental Build of configuration Debug for project GlobusSatProject ****
make -r -k all 
Building file: ../src/TestingDemos/FileSystemTestingDemo.c
Invoking: Cross ARM C Compiler
arm-none-eabi-gcc -mcpu=arm926ej-s -std=c99 -O0 -fmessage-length=0 -ffunction-sections -Wall -Wextra  -g -std=c99 -Dsdram -Dat91sam9g20 -DTRACE_LEVEL=5 -DDEBUG=1 -D'BASE_REVISION_NUMBER=' -D'BASE_REVISION_HASH_SHORT=' -D'BASE_REVISION_HASH=' -I"C:/ISIS/workspace_ycube/GlobusSatProject/..//satellite-subsystems/satellite-subsystems/include" -I"C:\ISIS\workspace_ycube\GlobusSatProject\src" -I"C:/ISIS/workspace_ycube/GlobusSatProject/..//hal/hcc/include" -I"C:/ISIS/workspace_ycube/GlobusSatProject/..//hal/freertos/include" -I"C:/ISIS/workspace_ycube/GlobusSatProject/..//hal/hal/include" -I"C:/ISIS/workspace_ycube/GlobusSatProject/..//hal/at91/include" -MMD -MP -MF"src/TestingDemos/FileSystemTestingDemo.d" -MT"src/TestingDemos/FileSystemTestingDemo.d" -c -o "src/TestingDemos/FileSystemTestingDemo.o" "../src/TestingDemos/FileSystemTestingDemo.c"
../src/TestingDemos/FileSystemTestingDemo.c: In function 'TestlistFiels':
../src/TestingDemos/FileSystemTestingDemo.c:21:4: warning: implicit declaration of function 'printf' [-Wimplicit-function-declaration]
../src/TestingDemos/FileSystemTestingDemo.c:21:4: warning: incompatible implicit declaration of built-in function 'printf' [enabled by default]
../src/TestingDemos/FileSystemTestingDemo.c:29:5: warning: format '%d' expects argument of type 'int', but argument 2 has type 'long unsigned int' [-Wformat]
../src/TestingDemos/FileSystemTestingDemo.c:33:2: warning: incompatible implicit declaration of built-in function 'printf' [enabled by default]
../src/TestingDemos/FileSystemTestingDemo.c: In function 'TestReadWODFile':
../src/TestingDemos/FileSystemTestingDemo.c:43:6: warning: unused variable 'numOfElementsSent' [-Wunused-variable]
../src/TestingDemos/FileSystemTestingDemo.c: In function 'TestLOGTLM':
../src/TestingDemos/FileSystemTestingDemo.c:52:2: warning: passing argument 1 of 'Time_getUnixEpoch' from incompatible pointer type [enabled by default]
In file included from ../src/TestingDemos/FileSystemTestingDemo.c:4:0:
C:/ISIS/workspace_ycube/GlobusSatProject/..//hal/hal/include/hal/Timing/Time.h:126:5: note: expected 'unsigned int *' but argument is of type 'time_unix *'
../src/TestingDemos/FileSystemTestingDemo.c:67:2: warning: implicit declaration of function 'strcpy' [-Wimplicit-function-declaration]
../src/TestingDemos/FileSystemTestingDemo.c:67:2: warning: incompatible implicit declaration of built-in function 'strcpy' [enabled by default]
../src/TestingDemos/FileSystemTestingDemo.c:71:2: warning: implicit declaration of function 'vTaskDelay' [-Wimplicit-function-declaration]
../src/TestingDemos/FileSystemTestingDemo.c:78:6: warning: unused variable 'numOfElementsSent' [-Wunused-variable]
../src/TestingDemos/FileSystemTestingDemo.c: In function 'TestEPSTLM':
../src/TestingDemos/FileSystemTestingDemo.c:92:2: warning: passing argument 1 of 'Time_getUnixEpoch' from incompatible pointer type [enabled by default]
In file included from ../src/TestingDemos/FileSystemTestingDemo.c:4:0:
C:/ISIS/workspace_ycube/GlobusSatProject/..//hal/hal/include/hal/Timing/Time.h:126:5: note: expected 'unsigned int *' but argument is of type 'time_unix *'
../src/TestingDemos/FileSystemTestingDemo.c:106:2: warning: implicit declaration of function 'TelemetrySaveEPS' [-Wimplicit-function-declaration]
../src/TestingDemos/FileSystemTestingDemo.c:108:6: warning: unused variable 'numOfElementsSent' [-Wunused-variable]
../src/TestingDemos/FileSystemTestingDemo.c: In function 'TestReadTimeRangeTLMRes':
../src/TestingDemos/FileSystemTestingDemo.c:120:2: warning: passing argument 1 of 'Time_getUnixEpoch' from incompatible pointer type [enabled by default]
In file included from ../src/TestingDemos/FileSystemTestingDemo.c:4:0:
C:/ISIS/workspace_ycube/GlobusSatProject/..//hal/hal/include/hal/Timing/Time.h:126:5: note: expected 'unsigned int *' but argument is of type 'time_unix *'
../src/TestingDemos/FileSystemTestingDemo.c:137:3: warning: incompatible implicit declaration of built-in function 'strcpy' [enabled by default]
../src/TestingDemos/FileSystemTestingDemo.c:144:2: warning: incompatible implicit declaration of built-in function 'printf' [enabled by default]
../src/TestingDemos/FileSystemTestingDemo.c: In function 'TestReadTimeRangeTLM':
../src/TestingDemos/FileSystemTestingDemo.c:177:2: warning: passing argument 1 of 'Time_getUnixEpoch' from incompatible pointer type [enabled by default]
In file included from ../src/TestingDemos/FileSystemTestingDemo.c:4:0:
C:/ISIS/workspace_ycube/GlobusSatProject/..//hal/hal/include/hal/Timing/Time.h:126:5: note: expected 'unsigned int *' but argument is of type 'time_unix *'
../src/TestingDemos/FileSystemTestingDemo.c:194:3: warning: incompatible implicit declaration of built-in function 'strcpy' [enabled by default]
../src/TestingDemos/FileSystemTestingDemo.c:205:2: warning: incompatible implicit declaration of built-in function 'printf' [enabled by default]
../src/TestingDemos/FileSystemTestingDemo.c: In function 'GenerateWODTLM':
../src/TestingDemos/FileSystemTestingDemo.c:225:2: warning: passing argument 1 of 'Time_getUnixEpoch' from incompatible pointer type [enabled by default]
In file included from ../src/TestingDemos/FileSystemTestingDemo.c:4:0:
C:/ISIS/workspace_ycube/GlobusSatProject/..//hal/hal/include/hal/Timing/Time.h:126:5: note: expected 'unsigned int *' but argument is of type 'time_unix *'
../src/TestingDemos/FileSystemTestingDemo.c:239:2: warning: implicit declaration of function 'TelemetrySaveWOD' [-Wimplicit-function-declaration]
../src/TestingDemos/FileSystemTestingDemo.c:248:6: warning: unused variable 'numOfElementsSent' [-Wunused-variable]
../src/TestingDemos/FileSystemTestingDemo.c: In function 'DeleteOldFiles':
../src/TestingDemos/FileSystemTestingDemo.c:265:2: warning: passing argument 1 of 'Time_getUnixEpoch' from incompatible pointer type [enabled by default]
In file included from ../src/TestingDemos/FileSystemTestingDemo.c:4:0:
C:/ISIS/workspace_ycube/GlobusSatProject/..//hal/hal/include/hal/Timing/Time.h:126:5: note: expected 'unsigned int *' but argument is of type 'time_unix *'
../src/TestingDemos/FileSystemTestingDemo.c:298:3: warning: implicit declaration of function 'TelemetrySaveTRXVU' [-Wimplicit-function-declaration]
../src/TestingDemos/FileSystemTestingDemo.c:299:3: warning: implicit declaration of function 'TelemetrySaveANT' [-Wimplicit-function-declaration]
../src/TestingDemos/FileSystemTestingDemo.c:300:3: warning: implicit declaration of function 'TelemetrySaveSolarPanels' [-Wimplicit-function-declaration]
../src/TestingDemos/FileSystemTestingDemo.c:303:31: warning: integer overflow in expression [-Woverflow]
../src/TestingDemos/FileSystemTestingDemo.c: In function 'CreateFiles4DeleteTest':
../src/TestingDemos/FileSystemTestingDemo.c:319:2: warning: passing argument 1 of 'Time_getUnixEpoch' from incompatible pointer type [enabled by default]
In file included from ../src/TestingDemos/FileSystemTestingDemo.c:4:0:
C:/ISIS/workspace_ycube/GlobusSatProject/..//hal/hal/include/hal/Timing/Time.h:126:5: note: expected 'unsigned int *' but argument is of type 'time_unix *'
../src/TestingDemos/FileSystemTestingDemo.c:332:7: warning: unused variable 'err' [-Wunused-variable]
../src/TestingDemos/FileSystemTestingDemo.c: In function 'copyTLMFile':
../src/TestingDemos/FileSystemTestingDemo.c:368:2: warning: implicit declaration of function 'getTlmTypeInfo' [-Wimplicit-function-declaration]
../src/TestingDemos/FileSystemTestingDemo.c:369:2: warning: passing argument 2 of 'calculateFileName' from incompatible pointer type [enabled by default]
In file included from ../src/TestingDemos/FileSystemTestingDemo.c:8:0:
C:\ISIS\workspace_ycube\GlobusSatProject\src/TLM_management.h:55:6: note: expected 'char *' but argument is of type 'char (*)[11]'
../src/TestingDemos/FileSystemTestingDemo.c:370:2: warning: incompatible implicit declaration of built-in function 'printf' [enabled by default]
../src/TestingDemos/FileSystemTestingDemo.c:397:12: warning: unused variable 'lastSentTime' [-Wunused-variable]
../src/TestingDemos/FileSystemTestingDemo.c:396:12: warning: unused variable 'currTime' [-Wunused-variable]
../src/TestingDemos/FileSystemTestingDemo.c:395:6: warning: unused variable 'numOfElementsSent' [-Wunused-variable]
../src/TestingDemos/FileSystemTestingDemo.c:394:7: warning: unused variable 'element' [-Wunused-variable]
../src/TestingDemos/FileSystemTestingDemo.c:361:15: warning: unused variable 'offset' [-Wunused-variable]
../src/TestingDemos/FileSystemTestingDemo.c: In function 'copyFile':
../src/TestingDemos/FileSystemTestingDemo.c:424:3: warning: incompatible implicit declaration of built-in function 'printf' [enabled by default]
../src/TestingDemos/FileSystemTestingDemo.c:433:3: warning: incompatible implicit declaration of built-in function 'printf' [enabled by default]
../src/TestingDemos/FileSystemTestingDemo.c:437:2: warning: comparison is always true due to limited range of data type [-Wtype-limits]
../src/TestingDemos/FileSystemTestingDemo.c:440:2: warning: incompatible implicit declaration of built-in function 'printf' [enabled by default]
../src/TestingDemos/FileSystemTestingDemo.c: In function 'TestWODTLM':
../src/TestingDemos/FileSystemTestingDemo.c:453:2: warning: passing argument 1 of 'Time_getUnixEpoch' from incompatible pointer type [enabled by default]
In file included from ../src/TestingDemos/FileSystemTestingDemo.c:4:0:
C:/ISIS/workspace_ycube/GlobusSatProject/..//hal/hal/include/hal/Timing/Time.h:126:5: note: expected 'unsigned int *' but argument is of type 'time_unix *'
../src/TestingDemos/FileSystemTestingDemo.c:469:6: warning: unused variable 'numOfElementsSent' [-Wunused-variable]
../src/TestingDemos/FileSystemTestingDemo.c: In function 'TestDeleteFiels':
../src/TestingDemos/FileSystemTestingDemo.c:485:2: warning: passing argument 1 of 'Time_getUnixEpoch' from incompatible pointer type [enabled by default]
In file included from ../src/TestingDemos/FileSystemTestingDemo.c:4:0:
C:/ISIS/workspace_ycube/GlobusSatProject/..//hal/hal/include/hal/Timing/Time.h:126:5: note: expected 'unsigned int *' but argument is of type 'time_unix *'
../src/TestingDemos/FileSystemTestingDemo.c:506:2: warning: incompatible implicit declaration of built-in function 'printf' [enabled by default]
../src/TestingDemos/FileSystemTestingDemo.c:509:2: warning: incompatible implicit declaration of built-in function 'strcpy' [enabled by default]
../src/TestingDemos/FileSystemTestingDemo.c:539:5: warning: format '%d' expects argument of type 'int', but argument 2 has type 'long unsigned int' [-Wformat]
../src/TestingDemos/FileSystemTestingDemo.c:568:5: warning: format '%d' expects argument of type 'int', but argument 2 has type 'long unsigned int' [-Wformat]
../src/TestingDemos/FileSystemTestingDemo.c: In function 'TestReadMultiFiels':
../src/TestingDemos/FileSystemTestingDemo.c:590:2: warning: passing argument 1 of 'Time_getUnixEpoch' from incompatible pointer type [enabled by default]
In file included from ../src/TestingDemos/FileSystemTestingDemo.c:4:0:
C:/ISIS/workspace_ycube/GlobusSatProject/..//hal/hal/include/hal/Timing/Time.h:126:5: note: expected 'unsigned int *' but argument is of type 'time_unix *'
../src/TestingDemos/FileSystemTestingDemo.c:611:2: warning: incompatible implicit declaration of built-in function 'printf' [enabled by default]
../src/TestingDemos/FileSystemTestingDemo.c:614:2: warning: incompatible implicit declaration of built-in function 'strcpy' [enabled by default]
../src/TestingDemos/FileSystemTestingDemo.c:657:5: warning: format '%d' expects argument of type 'int', but argument 2 has type 'long unsigned int' [-Wformat]
../src/TestingDemos/FileSystemTestingDemo.c:666:6: warning: unused variable 'numOfElementsSent' [-Wunused-variable]
../src/TestingDemos/FileSystemTestingDemo.c: In function 'TestTRXVUTLM':
../src/TestingDemos/FileSystemTestingDemo.c:681:2: warning: passing argument 1 of 'Time_getUnixEpoch' from incompatible pointer type [enabled by default]
In file included from ../src/TestingDemos/FileSystemTestingDemo.c:4:0:
C:/ISIS/workspace_ycube/GlobusSatProject/..//hal/hal/include/hal/Timing/Time.h:126:5: note: expected 'unsigned int *' but argument is of type 'time_unix *'
../src/TestingDemos/FileSystemTestingDemo.c:699:2: warning: incompatible implicit declaration of built-in function 'printf' [enabled by default]
../src/TestingDemos/FileSystemTestingDemo.c:700:6: warning: variable 'numOfElementsSent' set but not used [-Wunused-but-set-variable]
../src/TestingDemos/FileSystemTestingDemo.c: In function 'FullSDTest':
../src/TestingDemos/FileSystemTestingDemo.c:715:2: warning: passing argument 1 of 'Time_getUnixEpoch' from incompatible pointer type [enabled by default]
In file included from ../src/TestingDemos/FileSystemTestingDemo.c:4:0:
C:/ISIS/workspace_ycube/GlobusSatProject/..//hal/hal/include/hal/Timing/Time.h:126:5: note: expected 'unsigned int *' but argument is of type 'time_unix *'
../src/TestingDemos/FileSystemTestingDemo.c:751:3: warning: incompatible implicit declaration of built-in function 'printf' [enabled by default]
../src/TestingDemos/FileSystemTestingDemo.c: In function 'LogErrorRateTest':
../src/TestingDemos/FileSystemTestingDemo.c:765:2: warning: incompatible implicit declaration of built-in function 'printf' [enabled by default]
../src/TestingDemos/FileSystemTestingDemo.c: In function 'selectAndExecuteFSTest':
../src/TestingDemos/FileSystemTestingDemo.c:796:2: warning: incompatible implicit declaration of built-in function 'printf' [enabled by default]
../src/TestingDemos/FileSystemTestingDemo.c:815:2: warning: implicit declaration of function 'UTIL_DbguGetIntegerMinMax' [-Wimplicit-function-declaration]
../src/TestingDemos/FileSystemTestingDemo.c: In function 'copyTLMFile':
../src/TestingDemos/FileSystemTestingDemo.c:376:3: warning: 'source' may be used uninitialized in this function [-Wuninitialized]
Finished building: ../src/TestingDemos/FileSystemTestingDemo.c
 
Building target: GlobusSatProject.elf
Invoking: Cross ARM C Linker
arm-none-eabi-gcc -mcpu=arm926ej-s -std=c99 -O0 -fmessage-length=0 -ffunction-sections -Wall -Wextra  -g -std=c99 -T C:/ISIS/workspace_ycube/GlobusSatProject/..//hal/at91/linker-scripts/sdram.lds -nostartfiles -Xlinker --gc-sections -L"C:/ISIS/workspace_ycube/GlobusSatProject/..//hal/at91/lib" -L"C:/ISIS/workspace_ycube/satellite-subsystems/satellite-subsystems/lib" -L"C:/ISIS/workspace_ycube/GlobusSatProject/..//hal/hcc/lib" -L"C:/ISIS/workspace_ycube/GlobusSatProject/..//hal/freertos/lib" -L"C:/ISIS/workspace_ycube/GlobusSatProject/..//hal/hal/lib" -Wl,-Map,"GlobusSatProject.map" -lc -u _printf_float -u _scanf_float -o "GlobusSatProject.elf"  ./src/TestingDemos/CommandsTestingDemo.o ./src/TestingDemos/EpsTestingDemo.o ./src/TestingDemos/FileSystemTestingDemo.o ./src/TestingDemos/MainTest.o ./src/TestingDemos/MaintenanceTestingDemo.o ./src/TestingDemos/TelemetryTestingDemo.o ./src/TestingDemos/TrxvuTestingDemo.o  ./src/SubSystemModules/PowerManagment/EPS.o ./src/SubSystemModules/PowerManagment/EPSOperationModes.o  ./src/SubSystemModules/Maintenance/Maintenance.o  ./src/SubSystemModules/Housekepping/TelemetryCollector.o  ./src/SubSystemModules/Communication/SubsystemCommands/EPS_Commands.o ./src/SubSystemModules/Communication/SubsystemCommands/FS_Commands.o ./src/SubSystemModules/Communication/SubsystemCommands/Maintanence_Commands.o ./src/SubSystemModules/Communication/SubsystemCommands/TRXVU_Commands.o  ./src/SubSystemModules/Communication/AckHandler.o ./src/SubSystemModules/Communication/CommandDictionary.o ./src/SubSystemModules/Communication/SatCommandHandler.o ./src/SubSystemModules/Communication/TRXVU.o  ./src/InitSystem.o ./src/TLM_management.o ./src/main.o ./src/utils.o   -lHALD -lHCCD -lSatelliteSubsystemsD -lFreeRTOSD -lAt91D
Finished building target: GlobusSatProject.elf
 
Invoking: Cross ARM GNU Create Flash Image
arm-none-eabi-objcopy -O binary "GlobusSatProject.elf"  "GlobusSatProject.bin"
Finished building: GlobusSatProject.bin
 
Invoking: Cross ARM GNU Print Size
arm-none-eabi-size --format=berkeley "GlobusSatProject.elf"
   text	   data	    bss	    dec	    hex	filename
 258304	     12	 483608	 741924	  b5224	GlobusSatProject.elf
Finished building: GlobusSatProject.siz
 
08:02:19 **** Incremental Build of configuration Debug for project hal-demo ****
make -r -k all 
Invoking: Cross ARM GNU Print Size
arm-none-eabi-size --format=berkeley "hal-demo.elf"
   text	   data	    bss	    dec	    hex	filename
 345076	     12	 446936	 792024	  c15d8	hal-demo.elf
Finished building: hal-demo.siz
 
08:02:19 **** Incremental Build of configuration Debug for project satellite-subsystems-demo ****
make -r -k all 
Invoking: Cross ARM GNU Print Size
arm-none-eabi-size --format=berkeley "satellite-subsystems-demo.elf"
   text	   data	    bss	    dec	    hex	filename
 241080	     12	   3064	 244156	  3b9bc	satellite-subsystems-demo.elf
Finished building: satellite-subsystems-demo.siz
 
08:04:45 **** Incremental Build of configuration Debug for project GlobusSatProject ****
make -r -k all 
Invoking: Cross ARM GNU Print Size
arm-none-eabi-size --format=berkeley "GlobusSatProject.elf"
   text	   data	    bss	    dec	    hex	filename
 258304	     12	 483608	 741924	  b5224	GlobusSatProject.elf
Finished building: GlobusSatProject.siz
 
