19:30:39 **** Incremental Build of configuration Debug for project satellite-subsystems-demo ****
make -r -k all 
Building file: ../src/Demos/GomEPSdemo.c
Invoking: Cross ARM C Compiler
arm-none-eabi-gcc -mcpu=arm926ej-s -O0 -fmessage-length=0 -ffunction-sections -Wall -Wextra  -g -Dsdram -Dat91sam9g20 -DTRACE_LEVEL=5 -DDEBUG=1 -D'BASE_REVISION_NUMBER=' -D'BASE_REVISION_HASH_SHORT=' -D'BASE_REVISION_HASH=' -I"C:\ISIS\workspace_ycube\satellite-subsystems\demo\src" -I"C:/ISIS/workspace_ycube/satellite-subsystems/demo/../..//hal/at91/include" -I"C:/ISIS/workspace_ycube/satellite-subsystems/demo/../..//hal/hal/include" -I"C:/ISIS/workspace_ycube/satellite-subsystems/demo/../..//hal/freertos/include" -I"C:/ISIS/workspace_ycube/satellite-subsystems/demo/../..//hal/hcc/include" -I"C:/ISIS/workspace_ycube/satellite-subsystems/demo/..//satellite-subsystems/include" -MMD -MP -MF"src/Demos/GomEPSdemo.d" -MT"src/Demos/GomEPSdemo.d" -c -o "src/Demos/GomEPSdemo.o" "../src/Demos/GomEPSdemo.c"
Finished building: ../src/Demos/GomEPSdemo.c
 
Building file: ../src/Demos/IsisAntSdemo.c
Invoking: Cross ARM C Compiler
arm-none-eabi-gcc -mcpu=arm926ej-s -O0 -fmessage-length=0 -ffunction-sections -Wall -Wextra  -g -Dsdram -Dat91sam9g20 -DTRACE_LEVEL=5 -DDEBUG=1 -D'BASE_REVISION_NUMBER=' -D'BASE_REVISION_HASH_SHORT=' -D'BASE_REVISION_HASH=' -I"C:\ISIS\workspace_ycube\satellite-subsystems\demo\src" -I"C:/ISIS/workspace_ycube/satellite-subsystems/demo/../..//hal/at91/include" -I"C:/ISIS/workspace_ycube/satellite-subsystems/demo/../..//hal/hal/include" -I"C:/ISIS/workspace_ycube/satellite-subsystems/demo/../..//hal/freertos/include" -I"C:/ISIS/workspace_ycube/satellite-subsystems/demo/../..//hal/hcc/include" -I"C:/ISIS/workspace_ycube/satellite-subsystems/demo/..//satellite-subsystems/include" -MMD -MP -MF"src/Demos/IsisAntSdemo.d" -MT"src/Demos/IsisAntSdemo.d" -c -o "src/Demos/IsisAntSdemo.o" "../src/Demos/IsisAntSdemo.c"
Finished building: ../src/Demos/IsisAntSdemo.c
 
Building file: ../src/Demos/IsisMTQv1demo.c
Invoking: Cross ARM C Compiler
arm-none-eabi-gcc -mcpu=arm926ej-s -O0 -fmessage-length=0 -ffunction-sections -Wall -Wextra  -g -Dsdram -Dat91sam9g20 -DTRACE_LEVEL=5 -DDEBUG=1 -D'BASE_REVISION_NUMBER=' -D'BASE_REVISION_HASH_SHORT=' -D'BASE_REVISION_HASH=' -I"C:\ISIS\workspace_ycube\satellite-subsystems\demo\src" -I"C:/ISIS/workspace_ycube/satellite-subsystems/demo/../..//hal/at91/include" -I"C:/ISIS/workspace_ycube/satellite-subsystems/demo/../..//hal/hal/include" -I"C:/ISIS/workspace_ycube/satellite-subsystems/demo/../..//hal/freertos/include" -I"C:/ISIS/workspace_ycube/satellite-subsystems/demo/../..//hal/hcc/include" -I"C:/ISIS/workspace_ycube/satellite-subsystems/demo/..//satellite-subsystems/include" -MMD -MP -MF"src/Demos/IsisMTQv1demo.d" -MT"src/Demos/IsisMTQv1demo.d" -c -o "src/Demos/IsisMTQv1demo.o" "../src/Demos/IsisMTQv1demo.c"
Finished building: ../src/Demos/IsisMTQv1demo.c
 
Building file: ../src/Demos/IsisMTQv2demo.c
Invoking: Cross ARM C Compiler
arm-none-eabi-gcc -mcpu=arm926ej-s -O0 -fmessage-length=0 -ffunction-sections -Wall -Wextra  -g -Dsdram -Dat91sam9g20 -DTRACE_LEVEL=5 -DDEBUG=1 -D'BASE_REVISION_NUMBER=' -D'BASE_REVISION_HASH_SHORT=' -D'BASE_REVISION_HASH=' -I"C:\ISIS\workspace_ycube\satellite-subsystems\demo\src" -I"C:/ISIS/workspace_ycube/satellite-subsystems/demo/../..//hal/at91/include" -I"C:/ISIS/workspace_ycube/satellite-subsystems/demo/../..//hal/hal/include" -I"C:/ISIS/workspace_ycube/satellite-subsystems/demo/../..//hal/freertos/include" -I"C:/ISIS/workspace_ycube/satellite-subsystems/demo/../..//hal/hcc/include" -I"C:/ISIS/workspace_ycube/satellite-subsystems/demo/..//satellite-subsystems/include" -MMD -MP -MF"src/Demos/IsisMTQv2demo.d" -MT"src/Demos/IsisMTQv2demo.d" -c -o "src/Demos/IsisMTQv2demo.o" "../src/Demos/IsisMTQv2demo.c"
Finished building: ../src/Demos/IsisMTQv2demo.c
 
Building file: ../src/Demos/IsisSPdemo.c
Invoking: Cross ARM C Compiler
arm-none-eabi-gcc -mcpu=arm926ej-s -O0 -fmessage-length=0 -ffunction-sections -Wall -Wextra  -g -Dsdram -Dat91sam9g20 -DTRACE_LEVEL=5 -DDEBUG=1 -D'BASE_REVISION_NUMBER=' -D'BASE_REVISION_HASH_SHORT=' -D'BASE_REVISION_HASH=' -I"C:\ISIS\workspace_ycube\satellite-subsystems\demo\src" -I"C:/ISIS/workspace_ycube/satellite-subsystems/demo/../..//hal/at91/include" -I"C:/ISIS/workspace_ycube/satellite-subsystems/demo/../..//hal/hal/include" -I"C:/ISIS/workspace_ycube/satellite-subsystems/demo/../..//hal/freertos/include" -I"C:/ISIS/workspace_ycube/satellite-subsystems/demo/../..//hal/hcc/include" -I"C:/ISIS/workspace_ycube/satellite-subsystems/demo/..//satellite-subsystems/include" -MMD -MP -MF"src/Demos/IsisSPdemo.d" -MT"src/Demos/IsisSPdemo.d" -c -o "src/Demos/IsisSPdemo.o" "../src/Demos/IsisSPdemo.c"
Finished building: ../src/Demos/IsisSPdemo.c
 
Building file: ../src/Demos/IsisSPv2demo.c
Invoking: Cross ARM C Compiler
arm-none-eabi-gcc -mcpu=arm926ej-s -O0 -fmessage-length=0 -ffunction-sections -Wall -Wextra  -g -Dsdram -Dat91sam9g20 -DTRACE_LEVEL=5 -DDEBUG=1 -D'BASE_REVISION_NUMBER=' -D'BASE_REVISION_HASH_SHORT=' -D'BASE_REVISION_HASH=' -I"C:\ISIS\workspace_ycube\satellite-subsystems\demo\src" -I"C:/ISIS/workspace_ycube/satellite-subsystems/demo/../..//hal/at91/include" -I"C:/ISIS/workspace_ycube/satellite-subsystems/demo/../..//hal/hal/include" -I"C:/ISIS/workspace_ycube/satellite-subsystems/demo/../..//hal/freertos/include" -I"C:/ISIS/workspace_ycube/satellite-subsystems/demo/../..//hal/hcc/include" -I"C:/ISIS/workspace_ycube/satellite-subsystems/demo/..//satellite-subsystems/include" -MMD -MP -MF"src/Demos/IsisSPv2demo.d" -MT"src/Demos/IsisSPv2demo.d" -c -o "src/Demos/IsisSPv2demo.o" "../src/Demos/IsisSPv2demo.c"
Finished building: ../src/Demos/IsisSPv2demo.c
 
Building file: ../src/Demos/IsisTRXUVdemo.c
Invoking: Cross ARM C Compiler
arm-none-eabi-gcc -mcpu=arm926ej-s -O0 -fmessage-length=0 -ffunction-sections -Wall -Wextra  -g -Dsdram -Dat91sam9g20 -DTRACE_LEVEL=5 -DDEBUG=1 -D'BASE_REVISION_NUMBER=' -D'BASE_REVISION_HASH_SHORT=' -D'BASE_REVISION_HASH=' -I"C:\ISIS\workspace_ycube\satellite-subsystems\demo\src" -I"C:/ISIS/workspace_ycube/satellite-subsystems/demo/../..//hal/at91/include" -I"C:/ISIS/workspace_ycube/satellite-subsystems/demo/../..//hal/hal/include" -I"C:/ISIS/workspace_ycube/satellite-subsystems/demo/../..//hal/freertos/include" -I"C:/ISIS/workspace_ycube/satellite-subsystems/demo/../..//hal/hcc/include" -I"C:/ISIS/workspace_ycube/satellite-subsystems/demo/..//satellite-subsystems/include" -MMD -MP -MF"src/Demos/IsisTRXUVdemo.d" -MT"src/Demos/IsisTRXUVdemo.d" -c -o "src/Demos/IsisTRXUVdemo.o" "../src/Demos/IsisTRXUVdemo.c"
Finished building: ../src/Demos/IsisTRXUVdemo.c
 
Building file: ../src/Demos/IsisTRXVUdemo.c
Invoking: Cross ARM C Compiler
arm-none-eabi-gcc -mcpu=arm926ej-s -O0 -fmessage-length=0 -ffunction-sections -Wall -Wextra  -g -Dsdram -Dat91sam9g20 -DTRACE_LEVEL=5 -DDEBUG=1 -D'BASE_REVISION_NUMBER=' -D'BASE_REVISION_HASH_SHORT=' -D'BASE_REVISION_HASH=' -I"C:\ISIS\workspace_ycube\satellite-subsystems\demo\src" -I"C:/ISIS/workspace_ycube/satellite-subsystems/demo/../..//hal/at91/include" -I"C:/ISIS/workspace_ycube/satellite-subsystems/demo/../..//hal/hal/include" -I"C:/ISIS/workspace_ycube/satellite-subsystems/demo/../..//hal/freertos/include" -I"C:/ISIS/workspace_ycube/satellite-subsystems/demo/../..//hal/hcc/include" -I"C:/ISIS/workspace_ycube/satellite-subsystems/demo/..//satellite-subsystems/include" -MMD -MP -MF"src/Demos/IsisTRXVUdemo.d" -MT"src/Demos/IsisTRXVUdemo.d" -c -o "src/Demos/IsisTRXVUdemo.o" "../src/Demos/IsisTRXVUdemo.c"
Finished building: ../src/Demos/IsisTRXVUdemo.c
 
Building file: ../src/Demos/IsisTxSdemo.c
Invoking: Cross ARM C Compiler
arm-none-eabi-gcc -mcpu=arm926ej-s -O0 -fmessage-length=0 -ffunction-sections -Wall -Wextra  -g -Dsdram -Dat91sam9g20 -DTRACE_LEVEL=5 -DDEBUG=1 -D'BASE_REVISION_NUMBER=' -D'BASE_REVISION_HASH_SHORT=' -D'BASE_REVISION_HASH=' -I"C:\ISIS\workspace_ycube\satellite-subsystems\demo\src" -I"C:/ISIS/workspace_ycube/satellite-subsystems/demo/../..//hal/at91/include" -I"C:/ISIS/workspace_ycube/satellite-subsystems/demo/../..//hal/hal/include" -I"C:/ISIS/workspace_ycube/satellite-subsystems/demo/../..//hal/freertos/include" -I"C:/ISIS/workspace_ycube/satellite-subsystems/demo/../..//hal/hcc/include" -I"C:/ISIS/workspace_ycube/satellite-subsystems/demo/..//satellite-subsystems/include" -MMD -MP -MF"src/Demos/IsisTxSdemo.d" -MT"src/Demos/IsisTxSdemo.d" -c -o "src/Demos/IsisTxSdemo.o" "../src/Demos/IsisTxSdemo.c"
Finished building: ../src/Demos/IsisTxSdemo.c
 
Building file: ../src/Demos/ScsGeckoDemo.c
Invoking: Cross ARM C Compiler
arm-none-eabi-gcc -mcpu=arm926ej-s -O0 -fmessage-length=0 -ffunction-sections -Wall -Wextra  -g -Dsdram -Dat91sam9g20 -DTRACE_LEVEL=5 -DDEBUG=1 -D'BASE_REVISION_NUMBER=' -D'BASE_REVISION_HASH_SHORT=' -D'BASE_REVISION_HASH=' -I"C:\ISIS\workspace_ycube\satellite-subsystems\demo\src" -I"C:/ISIS/workspace_ycube/satellite-subsystems/demo/../..//hal/at91/include" -I"C:/ISIS/workspace_ycube/satellite-subsystems/demo/../..//hal/hal/include" -I"C:/ISIS/workspace_ycube/satellite-subsystems/demo/../..//hal/freertos/include" -I"C:/ISIS/workspace_ycube/satellite-subsystems/demo/../..//hal/hcc/include" -I"C:/ISIS/workspace_ycube/satellite-subsystems/demo/..//satellite-subsystems/include" -MMD -MP -MF"src/Demos/ScsGeckoDemo.d" -MT"src/Demos/ScsGeckoDemo.d" -c -o "src/Demos/ScsGeckoDemo.o" "../src/Demos/ScsGeckoDemo.c"
../src/Demos/ScsGeckoDemo.c: In function 'dolevTest':
../src/Demos/ScsGeckoDemo.c:78:2: warning: pointer targets in passing argument 2 of 'I2C_write' differ in signedness [-Wpointer-sign]
In file included from ../src/Demos/ScsGeckoDemo.c:21:0:
C:/ISIS/workspace_ycube/satellite-subsystems/demo/../..//hal/hal/include/hal/Drivers/I2C.h:147:5: note: expected 'const unsigned char *' but argument is of type 'char *'
../src/Demos/ScsGeckoDemo.c:90:4: warning: pointer targets in passing argument 2 of 'I2C_write' differ in signedness [-Wpointer-sign]
In file included from ../src/Demos/ScsGeckoDemo.c:21:0:
C:/ISIS/workspace_ycube/satellite-subsystems/demo/../..//hal/hal/include/hal/Drivers/I2C.h:147:5: note: expected 'const unsigned char *' but argument is of type 'char *'
../src/Demos/ScsGeckoDemo.c: In function 'selectAndExecuteGeckoDemoTest':
../src/Demos/ScsGeckoDemo.c:136:4: warning: pointer targets in passing argument 1 of 'print_res' differ in signedness [-Wpointer-sign]
../src/Demos/ScsGeckoDemo.c:62:6: note: expected 'char *' but argument is of type 'unsigned char *'
../src/Demos/ScsGeckoDemo.c:150:4: warning: pointer targets in passing argument 1 of 'print_res' differ in signedness [-Wpointer-sign]
../src/Demos/ScsGeckoDemo.c:62:6: note: expected 'char *' but argument is of type 'unsigned char *'
../src/Demos/ScsGeckoDemo.c:190:3: warning: pointer targets in passing argument 1 of 'print_res' differ in signedness [-Wpointer-sign]
../src/Demos/ScsGeckoDemo.c:62:6: note: expected 'char *' but argument is of type 'unsigned char *'
Finished building: ../src/Demos/ScsGeckoDemo.c
 
Building file: ../src/Demos/common.c
Invoking: Cross ARM C Compiler
arm-none-eabi-gcc -mcpu=arm926ej-s -O0 -fmessage-length=0 -ffunction-sections -Wall -Wextra  -g -Dsdram -Dat91sam9g20 -DTRACE_LEVEL=5 -DDEBUG=1 -D'BASE_REVISION_NUMBER=' -D'BASE_REVISION_HASH_SHORT=' -D'BASE_REVISION_HASH=' -I"C:\ISIS\workspace_ycube\satellite-subsystems\demo\src" -I"C:/ISIS/workspace_ycube/satellite-subsystems/demo/../..//hal/at91/include" -I"C:/ISIS/workspace_ycube/satellite-subsystems/demo/../..//hal/hal/include" -I"C:/ISIS/workspace_ycube/satellite-subsystems/demo/../..//hal/freertos/include" -I"C:/ISIS/workspace_ycube/satellite-subsystems/demo/../..//hal/hcc/include" -I"C:/ISIS/workspace_ycube/satellite-subsystems/demo/..//satellite-subsystems/include" -MMD -MP -MF"src/Demos/common.d" -MT"src/Demos/common.d" -c -o "src/Demos/common.o" "../src/Demos/common.c"
Finished building: ../src/Demos/common.c
 
Building file: ../src/Demos/cspaceADCSdemo.c
Invoking: Cross ARM C Compiler
arm-none-eabi-gcc -mcpu=arm926ej-s -O0 -fmessage-length=0 -ffunction-sections -Wall -Wextra  -g -Dsdram -Dat91sam9g20 -DTRACE_LEVEL=5 -DDEBUG=1 -D'BASE_REVISION_NUMBER=' -D'BASE_REVISION_HASH_SHORT=' -D'BASE_REVISION_HASH=' -I"C:\ISIS\workspace_ycube\satellite-subsystems\demo\src" -I"C:/ISIS/workspace_ycube/satellite-subsystems/demo/../..//hal/at91/include" -I"C:/ISIS/workspace_ycube/satellite-subsystems/demo/../..//hal/hal/include" -I"C:/ISIS/workspace_ycube/satellite-subsystems/demo/../..//hal/freertos/include" -I"C:/ISIS/workspace_ycube/satellite-subsystems/demo/../..//hal/hcc/include" -I"C:/ISIS/workspace_ycube/satellite-subsystems/demo/..//satellite-subsystems/include" -MMD -MP -MF"src/Demos/cspaceADCSdemo.d" -MT"src/Demos/cspaceADCSdemo.d" -c -o "src/Demos/cspaceADCSdemo.o" "../src/Demos/cspaceADCSdemo.c"
Finished building: ../src/Demos/cspaceADCSdemo.c
 
Building file: ../src/Demos/input.c
Invoking: Cross ARM C Compiler
arm-none-eabi-gcc -mcpu=arm926ej-s -O0 -fmessage-length=0 -ffunction-sections -Wall -Wextra  -g -Dsdram -Dat91sam9g20 -DTRACE_LEVEL=5 -DDEBUG=1 -D'BASE_REVISION_NUMBER=' -D'BASE_REVISION_HASH_SHORT=' -D'BASE_REVISION_HASH=' -I"C:\ISIS\workspace_ycube\satellite-subsystems\demo\src" -I"C:/ISIS/workspace_ycube/satellite-subsystems/demo/../..//hal/at91/include" -I"C:/ISIS/workspace_ycube/satellite-subsystems/demo/../..//hal/hal/include" -I"C:/ISIS/workspace_ycube/satellite-subsystems/demo/../..//hal/freertos/include" -I"C:/ISIS/workspace_ycube/satellite-subsystems/demo/../..//hal/hcc/include" -I"C:/ISIS/workspace_ycube/satellite-subsystems/demo/..//satellite-subsystems/include" -MMD -MP -MF"src/Demos/input.d" -MT"src/Demos/input.d" -c -o "src/Demos/input.o" "../src/Demos/input.c"
Finished building: ../src/Demos/input.c
 
Building file: ../src/Demos/isis_eps_demo.c
Invoking: Cross ARM C Compiler
arm-none-eabi-gcc -mcpu=arm926ej-s -O0 -fmessage-length=0 -ffunction-sections -Wall -Wextra  -g -Dsdram -Dat91sam9g20 -DTRACE_LEVEL=5 -DDEBUG=1 -D'BASE_REVISION_NUMBER=' -D'BASE_REVISION_HASH_SHORT=' -D'BASE_REVISION_HASH=' -I"C:\ISIS\workspace_ycube\satellite-subsystems\demo\src" -I"C:/ISIS/workspace_ycube/satellite-subsystems/demo/../..//hal/at91/include" -I"C:/ISIS/workspace_ycube/satellite-subsystems/demo/../..//hal/hal/include" -I"C:/ISIS/workspace_ycube/satellite-subsystems/demo/../..//hal/freertos/include" -I"C:/ISIS/workspace_ycube/satellite-subsystems/demo/../..//hal/hcc/include" -I"C:/ISIS/workspace_ycube/satellite-subsystems/demo/..//satellite-subsystems/include" -MMD -MP -MF"src/Demos/isis_eps_demo.d" -MT"src/Demos/isis_eps_demo.d" -c -o "src/Demos/isis_eps_demo.o" "../src/Demos/isis_eps_demo.c"
Finished building: ../src/Demos/isis_eps_demo.c
 
Building file: ../src/Demos/trxvu_frame_ready.c
Invoking: Cross ARM C Compiler
arm-none-eabi-gcc -mcpu=arm926ej-s -O0 -fmessage-length=0 -ffunction-sections -Wall -Wextra  -g -Dsdram -Dat91sam9g20 -DTRACE_LEVEL=5 -DDEBUG=1 -D'BASE_REVISION_NUMBER=' -D'BASE_REVISION_HASH_SHORT=' -D'BASE_REVISION_HASH=' -I"C:\ISIS\workspace_ycube\satellite-subsystems\demo\src" -I"C:/ISIS/workspace_ycube/satellite-subsystems/demo/../..//hal/at91/include" -I"C:/ISIS/workspace_ycube/satellite-subsystems/demo/../..//hal/hal/include" -I"C:/ISIS/workspace_ycube/satellite-subsystems/demo/../..//hal/freertos/include" -I"C:/ISIS/workspace_ycube/satellite-subsystems/demo/../..//hal/hcc/include" -I"C:/ISIS/workspace_ycube/satellite-subsystems/demo/..//satellite-subsystems/include" -MMD -MP -MF"src/Demos/trxvu_frame_ready.d" -MT"src/Demos/trxvu_frame_ready.d" -c -o "src/Demos/trxvu_frame_ready.o" "../src/Demos/trxvu_frame_ready.c"
Finished building: ../src/Demos/trxvu_frame_ready.c
 
Building file: ../src/main.c
Invoking: Cross ARM C Compiler
arm-none-eabi-gcc -mcpu=arm926ej-s -O0 -fmessage-length=0 -ffunction-sections -Wall -Wextra  -g -Dsdram -Dat91sam9g20 -DTRACE_LEVEL=5 -DDEBUG=1 -D'BASE_REVISION_NUMBER=' -D'BASE_REVISION_HASH_SHORT=' -D'BASE_REVISION_HASH=' -I"C:\ISIS\workspace_ycube\satellite-subsystems\demo\src" -I"C:/ISIS/workspace_ycube/satellite-subsystems/demo/../..//hal/at91/include" -I"C:/ISIS/workspace_ycube/satellite-subsystems/demo/../..//hal/hal/include" -I"C:/ISIS/workspace_ycube/satellite-subsystems/demo/../..//hal/freertos/include" -I"C:/ISIS/workspace_ycube/satellite-subsystems/demo/../..//hal/hcc/include" -I"C:/ISIS/workspace_ycube/satellite-subsystems/demo/..//satellite-subsystems/include" -MMD -MP -MF"src/main.d" -MT"src/main.d" -c -o "src/main.o" "../src/main.c"
Finished building: ../src/main.c
 
Building target: satellite-subsystems-demo.elf
Invoking: Cross ARM C Linker
arm-none-eabi-gcc -mcpu=arm926ej-s -O0 -fmessage-length=0 -ffunction-sections -Wall -Wextra  -g -T C:/ISIS/workspace_ycube/satellite-subsystems/demo/../..//hal/at91/linker-scripts/sdram.lds -nostartfiles -Xlinker --gc-sections -L"C:/ISIS/workspace_ycube/satellite-subsystems/demo/../..//hal/at91/lib" -L"C:/ISIS/workspace_ycube/satellite-subsystems/demo/../..//hal/freertos/lib" -L"C:/ISIS/workspace_ycube/satellite-subsystems/demo/../..//hal/hal/lib" -L"C:/ISIS/workspace_ycube/satellite-subsystems/demo/../..//hal/hcc/lib" -L"C:/ISIS/workspace_ycube/satellite-subsystems/demo/..//satellite-subsystems/lib" -Wl,-Map,"satellite-subsystems-demo.map" -lc -o "satellite-subsystems-demo.elf"  ./src/Demos/GomEPSdemo.o ./src/Demos/IsisAntSdemo.o ./src/Demos/IsisMTQv1demo.o ./src/Demos/IsisMTQv2demo.o ./src/Demos/IsisSPdemo.o ./src/Demos/IsisSPv2demo.o ./src/Demos/IsisTRXUVdemo.o ./src/Demos/IsisTRXVUdemo.o ./src/Demos/IsisTxSdemo.o ./src/Demos/ScsGeckoDemo.o ./src/Demos/common.o ./src/Demos/cspaceADCSdemo.o ./src/Demos/input.o ./src/Demos/isis_eps_demo.o ./src/Demos/trxvu_frame_ready.o  ./src/main.o   -lSatelliteSubsystemsD -lm -lHCCD -lHALD -lFreeRTOSD -lAt91D
Finished building target: satellite-subsystems-demo.elf
 
Invoking: Cross ARM GNU Create Flash Image
arm-none-eabi-objcopy -O binary "satellite-subsystems-demo.elf"  "satellite-subsystems-demo.bin"
Finished building: satellite-subsystems-demo.bin
 
Invoking: Cross ARM GNU Print Size
arm-none-eabi-size --format=berkeley "satellite-subsystems-demo.elf"
   text	   data	    bss	    dec	    hex	filename
 241080	     12	   3064	 244156	  3b9bc	satellite-subsystems-demo.elf
Finished building: satellite-subsystems-demo.siz
 

19:30:43 Build Finished (took 4s.12ms)

